[VMEM] WARNING: physical memory size is smaller than virtual memory size.
dram page policy: is open = 0	is close = 1	is soft close = 0	cmd arg = 1

*** ChampSim Multicore Out-of-Order Simulator ***
Warmup Instructions: 25000000
Simulation Instructions: 50000000
Number of CPUs: 8
Page size: 2097152

CL :	 16.64 ns
CWL :	 15.808 ns
tRP :	 16.224 ns
tRCD :	 16.224 ns
tRAS :	 32.032000000000004 ns
tRTP :	 7.904 ns
tWR :	 30.368000000000002 ns

tCCD_S :	 3.3280000000000003 ns
tCCD_S_WR :	 3.3280000000000003 ns
tCCD_S_WTR :	 22.048000000000002 ns
tCCD_L :	 5.408 ns
tCCD_L_WR :	 20.384 ns
tCCD_L_WTR :	 29.536 ns
tRRD_S :	 3.3280000000000003 ns
tRRD_L :	 5.408 ns
tFAW :	 13.728 ns
Address mapping (perm = 1) 	ch co bg bg bg ba ba co co co co co co ro ro ro ro ro ro ro ro ro ro ro ro ro ro ro 
dram queue size: R = 64 W = 48 (low:high is 9:39)
Heartbeat CPU 7 instructions: 10000001 cycles: 2517532 heartbeat IPC: 3.972 cumulative IPC: 3.972 (Simulation time: 00 hr 13 min 12 sec)
Heartbeat CPU 0 instructions: 10000001 cycles: 2518221 heartbeat IPC: 3.971 cumulative IPC: 3.971 (Simulation time: 00 hr 13 min 13 sec)
Heartbeat CPU 3 instructions: 10000001 cycles: 2518302 heartbeat IPC: 3.971 cumulative IPC: 3.971 (Simulation time: 00 hr 13 min 13 sec)
Heartbeat CPU 6 instructions: 10000003 cycles: 2518344 heartbeat IPC: 3.971 cumulative IPC: 3.971 (Simulation time: 00 hr 13 min 13 sec)
Heartbeat CPU 1 instructions: 10000000 cycles: 2520642 heartbeat IPC: 3.967 cumulative IPC: 3.967 (Simulation time: 00 hr 13 min 13 sec)
Heartbeat CPU 5 instructions: 10000001 cycles: 2520738 heartbeat IPC: 3.967 cumulative IPC: 3.967 (Simulation time: 00 hr 13 min 13 sec)
Heartbeat CPU 4 instructions: 10000000 cycles: 2520850 heartbeat IPC: 3.967 cumulative IPC: 3.967 (Simulation time: 00 hr 13 min 13 sec)
Heartbeat CPU 2 instructions: 10000003 cycles: 2521116 heartbeat IPC: 3.966 cumulative IPC: 3.966 (Simulation time: 00 hr 13 min 13 sec)
Heartbeat CPU 7 instructions: 20000003 cycles: 5032522 heartbeat IPC: 3.976 cumulative IPC: 3.974 (Simulation time: 00 hr 26 min 33 sec)
Heartbeat CPU 0 instructions: 20000003 cycles: 5033199 heartbeat IPC: 3.976 cumulative IPC: 3.974 (Simulation time: 00 hr 26 min 33 sec)
Heartbeat CPU 3 instructions: 20000003 cycles: 5033270 heartbeat IPC: 3.976 cumulative IPC: 3.974 (Simulation time: 00 hr 26 min 33 sec)
Heartbeat CPU 6 instructions: 20000003 cycles: 5033275 heartbeat IPC: 3.976 cumulative IPC: 3.974 (Simulation time: 00 hr 26 min 33 sec)
Heartbeat CPU 5 instructions: 20000003 cycles: 5040987 heartbeat IPC: 3.968 cumulative IPC: 3.967 (Simulation time: 00 hr 26 min 36 sec)
Heartbeat CPU 4 instructions: 20000004 cycles: 5041288 heartbeat IPC: 3.968 cumulative IPC: 3.967 (Simulation time: 00 hr 26 min 36 sec)
Heartbeat CPU 1 instructions: 20000003 cycles: 5041348 heartbeat IPC: 3.967 cumulative IPC: 3.967 (Simulation time: 00 hr 26 min 36 sec)
Heartbeat CPU 2 instructions: 20000003 cycles: 5041949 heartbeat IPC: 3.967 cumulative IPC: 3.967 (Simulation time: 00 hr 26 min 36 sec)
Warmup finished CPU 0 instructions: 25000000 cycles: 6289594 cumulative IPC: 3.975 (Simulation time: 00 hr 33 min 15 sec)
Warmup finished CPU 6 instructions: 25000000 cycles: 6289671 cumulative IPC: 3.975 (Simulation time: 00 hr 33 min 15 sec)
Warmup finished CPU 3 instructions: 25000000 cycles: 6289683 cumulative IPC: 3.975 (Simulation time: 00 hr 33 min 15 sec)
Warmup finished CPU 7 instructions: 25000003 cycles: 6289748 cumulative IPC: 3.975 (Simulation time: 00 hr 33 min 15 sec)
Warmup finished CPU 5 instructions: 25000000 cycles: 6301320 cumulative IPC: 3.967 (Simulation time: 00 hr 33 min 19 sec)
Warmup finished CPU 1 instructions: 25000000 cycles: 6301513 cumulative IPC: 3.967 (Simulation time: 00 hr 33 min 19 sec)
Warmup finished CPU 4 instructions: 25000002 cycles: 6301786 cumulative IPC: 3.967 (Simulation time: 00 hr 33 min 19 sec)
Warmup finished CPU 2 instructions: 25000000 cycles: 6301966 cumulative IPC: 3.967 (Simulation time: 00 hr 33 min 19 sec)
Warmup complete CPU 7 instructions: 25048151 cycles: 6301966 cumulative IPC: 3.975 (Simulation time: 00 hr 33 min 19 sec)
Warmup complete CPU 6 instructions: 25048626 cycles: 6301966 cumulative IPC: 3.975 (Simulation time: 00 hr 33 min 19 sec)
Warmup complete CPU 5 instructions: 25002415 cycles: 6301966 cumulative IPC: 3.967 (Simulation time: 00 hr 33 min 19 sec)
Warmup complete CPU 4 instructions: 25000427 cycles: 6301966 cumulative IPC: 3.967 (Simulation time: 00 hr 33 min 19 sec)
Warmup complete CPU 3 instructions: 25048566 cycles: 6301966 cumulative IPC: 3.975 (Simulation time: 00 hr 33 min 19 sec)
Warmup complete CPU 2 instructions: 25000000 cycles: 6301966 cumulative IPC: 3.967 (Simulation time: 00 hr 33 min 19 sec)
Warmup complete CPU 1 instructions: 25001617 cycles: 6301966 cumulative IPC: 3.967 (Simulation time: 00 hr 33 min 19 sec)
Warmup complete CPU 0 instructions: 25048939 cycles: 6301966 cumulative IPC: 3.975 (Simulation time: 00 hr 33 min 19 sec)
Heartbeat CPU 0 instructions: 30000005 cycles: 7880484 heartbeat IPC: 3.512 cumulative IPC: 3.137 (Simulation time: 00 hr 41 min 42 sec)
Heartbeat CPU 6 instructions: 30000005 cycles: 7880885 heartbeat IPC: 3.512 cumulative IPC: 3.136 (Simulation time: 00 hr 41 min 42 sec)
Heartbeat CPU 3 instructions: 30000005 cycles: 7880929 heartbeat IPC: 3.512 cumulative IPC: 3.136 (Simulation time: 00 hr 41 min 42 sec)
Heartbeat CPU 7 instructions: 30000005 cycles: 7882835 heartbeat IPC: 3.508 cumulative IPC: 3.132 (Simulation time: 00 hr 41 min 42 sec)
Heartbeat CPU 2 instructions: 30000005 cycles: 7897693 heartbeat IPC: 3.502 cumulative IPC: 3.133 (Simulation time: 00 hr 41 min 47 sec)
Heartbeat CPU 4 instructions: 30000005 cycles: 7897807 heartbeat IPC: 3.501 cumulative IPC: 3.133 (Simulation time: 00 hr 41 min 47 sec)
Heartbeat CPU 5 instructions: 30000005 cycles: 7898050 heartbeat IPC: 3.5 cumulative IPC: 3.131 (Simulation time: 00 hr 41 min 47 sec)
Heartbeat CPU 1 instructions: 30000005 cycles: 7899647 heartbeat IPC: 3.499 cumulative IPC: 3.129 (Simulation time: 00 hr 41 min 48 sec)
Heartbeat CPU 0 instructions: 40000007 cycles: 11097968 heartbeat IPC: 3.108 cumulative IPC: 3.117 (Simulation time: 00 hr 58 min 07 sec)
Heartbeat CPU 3 instructions: 40000007 cycles: 11098885 heartbeat IPC: 3.108 cumulative IPC: 3.117 (Simulation time: 00 hr 58 min 08 sec)
Heartbeat CPU 6 instructions: 40000007 cycles: 11100700 heartbeat IPC: 3.106 cumulative IPC: 3.116 (Simulation time: 00 hr 58 min 08 sec)
Heartbeat CPU 7 instructions: 40000007 cycles: 11102200 heartbeat IPC: 3.106 cumulative IPC: 3.115 (Simulation time: 00 hr 58 min 09 sec)
Heartbeat CPU 4 instructions: 40000007 cycles: 11113053 heartbeat IPC: 3.11 cumulative IPC: 3.118 (Simulation time: 00 hr 58 min 12 sec)
Heartbeat CPU 2 instructions: 40000007 cycles: 11113470 heartbeat IPC: 3.11 cumulative IPC: 3.118 (Simulation time: 00 hr 58 min 12 sec)
Heartbeat CPU 5 instructions: 40000007 cycles: 11115965 heartbeat IPC: 3.108 cumulative IPC: 3.115 (Simulation time: 00 hr 58 min 13 sec)
Heartbeat CPU 1 instructions: 40000007 cycles: 11119232 heartbeat IPC: 3.106 cumulative IPC: 3.113 (Simulation time: 00 hr 58 min 14 sec)
Heartbeat CPU 0 instructions: 50000011 cycles: 14246992 heartbeat IPC: 3.176 cumulative IPC: 3.14 (Simulation time: 01 hr 13 min 43 sec)
Heartbeat CPU 3 instructions: 50000011 cycles: 14247753 heartbeat IPC: 3.176 cumulative IPC: 3.14 (Simulation time: 01 hr 13 min 43 sec)
Heartbeat CPU 6 instructions: 50000008 cycles: 14251526 heartbeat IPC: 3.174 cumulative IPC: 3.139 (Simulation time: 01 hr 13 min 44 sec)
Heartbeat CPU 7 instructions: 50000008 cycles: 14252689 heartbeat IPC: 3.174 cumulative IPC: 3.138 (Simulation time: 01 hr 13 min 44 sec)
Heartbeat CPU 4 instructions: 50000009 cycles: 14261687 heartbeat IPC: 3.176 cumulative IPC: 3.141 (Simulation time: 01 hr 13 min 47 sec)
Heartbeat CPU 2 instructions: 50000008 cycles: 14261852 heartbeat IPC: 3.176 cumulative IPC: 3.141 (Simulation time: 01 hr 13 min 47 sec)
Heartbeat CPU 5 instructions: 50000007 cycles: 14263721 heartbeat IPC: 3.177 cumulative IPC: 3.14 (Simulation time: 01 hr 13 min 48 sec)
Heartbeat CPU 1 instructions: 50000007 cycles: 14270386 heartbeat IPC: 3.173 cumulative IPC: 3.137 (Simulation time: 01 hr 13 min 50 sec)
Heartbeat CPU 0 instructions: 60000011 cycles: 17407835 heartbeat IPC: 3.164 cumulative IPC: 3.147 (Simulation time: 01 hr 29 min 21 sec)
Heartbeat CPU 3 instructions: 60000011 cycles: 17409605 heartbeat IPC: 3.163 cumulative IPC: 3.147 (Simulation time: 01 hr 29 min 21 sec)
Heartbeat CPU 6 instructions: 60000011 cycles: 17413486 heartbeat IPC: 3.163 cumulative IPC: 3.146 (Simulation time: 01 hr 29 min 22 sec)
Heartbeat CPU 7 instructions: 60000011 cycles: 17415130 heartbeat IPC: 3.162 cumulative IPC: 3.145 (Simulation time: 01 hr 29 min 23 sec)
Heartbeat CPU 4 instructions: 60000011 cycles: 17421883 heartbeat IPC: 3.164 cumulative IPC: 3.147 (Simulation time: 01 hr 29 min 25 sec)
Heartbeat CPU 2 instructions: 60000011 cycles: 17422160 heartbeat IPC: 3.164 cumulative IPC: 3.147 (Simulation time: 01 hr 29 min 25 sec)
Heartbeat CPU 5 instructions: 60000011 cycles: 17424261 heartbeat IPC: 3.164 cumulative IPC: 3.147 (Simulation time: 01 hr 29 min 25 sec)
Heartbeat CPU 1 instructions: 60000011 cycles: 17433372 heartbeat IPC: 3.162 cumulative IPC: 3.144 (Simulation time: 01 hr 29 min 28 sec)
Heartbeat CPU 0 instructions: 70000013 cycles: 20572305 heartbeat IPC: 3.16 cumulative IPC: 3.15 (Simulation time: 01 hr 45 min 11 sec)
Heartbeat CPU 3 instructions: 70000014 cycles: 20574571 heartbeat IPC: 3.16 cumulative IPC: 3.149 (Simulation time: 01 hr 45 min 12 sec)
Heartbeat CPU 6 instructions: 70000014 cycles: 20578479 heartbeat IPC: 3.16 cumulative IPC: 3.149 (Simulation time: 01 hr 45 min 13 sec)
Heartbeat CPU 7 instructions: 70000012 cycles: 20580323 heartbeat IPC: 3.159 cumulative IPC: 3.148 (Simulation time: 01 hr 45 min 14 sec)
Heartbeat CPU 4 instructions: 70000014 cycles: 20585217 heartbeat IPC: 3.161 cumulative IPC: 3.151 (Simulation time: 01 hr 45 min 15 sec)
Heartbeat CPU 2 instructions: 70000014 cycles: 20585861 heartbeat IPC: 3.161 cumulative IPC: 3.15 (Simulation time: 01 hr 45 min 16 sec)
Heartbeat CPU 5 instructions: 70000014 cycles: 20587712 heartbeat IPC: 3.161 cumulative IPC: 3.15 (Simulation time: 01 hr 45 min 16 sec)
Heartbeat CPU 1 instructions: 70000012 cycles: 20598816 heartbeat IPC: 3.159 cumulative IPC: 3.147 (Simulation time: 01 hr 45 min 20 sec)
Simulation finished CPU 4 instructions: 50000002 cycles: 15850840 cumulative IPC: 3.154 (Simulation time: 01 hr 53 min 11 sec)
Simulation finished CPU 2 instructions: 50000003 cycles: 15851397 cumulative IPC: 3.154 (Simulation time: 01 hr 53 min 12 sec)
Simulation finished CPU 0 instructions: 50000000 cycles: 15852071 cumulative IPC: 3.154 (Simulation time: 01 hr 53 min 12 sec)
Simulation finished CPU 5 instructions: 50000000 cycles: 15853434 cumulative IPC: 3.154 (Simulation time: 01 hr 53 min 12 sec)
Simulation finished CPU 3 instructions: 50000004 cycles: 15853869 cumulative IPC: 3.154 (Simulation time: 01 hr 53 min 12 sec)
Simulation finished CPU 6 instructions: 50000000 cycles: 15858216 cumulative IPC: 3.153 (Simulation time: 01 hr 53 min 14 sec)
Simulation finished CPU 7 instructions: 50000002 cycles: 15860258 cumulative IPC: 3.153 (Simulation time: 01 hr 53 min 14 sec)
Simulation finished CPU 1 instructions: 50000000 cycles: 15866067 cumulative IPC: 3.151 (Simulation time: 01 hr 53 min 16 sec)
Simulation complete CPU 7 instructions: 50020242 cycles: 15866067 cumulative IPC: 3.153 (Simulation time: 01 hr 53 min 16 sec)
Simulation complete CPU 6 instructions: 50027263 cycles: 15866067 cumulative IPC: 3.153 (Simulation time: 01 hr 53 min 16 sec)
Simulation complete CPU 5 instructions: 50044337 cycles: 15866067 cumulative IPC: 3.154 (Simulation time: 01 hr 53 min 16 sec)
Simulation complete CPU 4 instructions: 50053417 cycles: 15866067 cumulative IPC: 3.155 (Simulation time: 01 hr 53 min 16 sec)
Simulation complete CPU 3 instructions: 50042513 cycles: 15866067 cumulative IPC: 3.154 (Simulation time: 01 hr 53 min 16 sec)
Simulation complete CPU 2 instructions: 50051530 cycles: 15866067 cumulative IPC: 3.155 (Simulation time: 01 hr 53 min 16 sec)
Simulation complete CPU 1 instructions: 50000000 cycles: 15866067 cumulative IPC: 3.151 (Simulation time: 01 hr 53 min 16 sec)
Simulation complete CPU 0 instructions: 50048927 cycles: 15866067 cumulative IPC: 3.154 (Simulation time: 01 hr 53 min 16 sec)

ChampSim completed all CPUs

=== Simulation ===
CPU 0 runs ../frost/TRACES/ctf/spec2017/644.nab_s-12459B.champsimtrace.xz
CPU 1 runs ../frost/TRACES/ctf/spec2017/644.nab_s-12459B.champsimtrace.xz
CPU 2 runs ../frost/TRACES/ctf/spec2017/644.nab_s-12459B.champsimtrace.xz
CPU 3 runs ../frost/TRACES/ctf/spec2017/644.nab_s-12459B.champsimtrace.xz
CPU 4 runs ../frost/TRACES/ctf/spec2017/644.nab_s-12459B.champsimtrace.xz
CPU 5 runs ../frost/TRACES/ctf/spec2017/644.nab_s-12459B.champsimtrace.xz
CPU 6 runs ../frost/TRACES/ctf/spec2017/644.nab_s-12459B.champsimtrace.xz
CPU 7 runs ../frost/TRACES/ctf/spec2017/644.nab_s-12459B.champsimtrace.xz

Total Simulation Statistics (not including warmup)

CPU 7 cumulative IPC: 3.153 instructions: 50020242 cycles: 15866067
CPU 7 Branch Prediction Accuracy: 100% MPKI: 0 Average ROB Occupancy at Mispredict: -
Branch type MPKI
BRANCH_DIRECT_JUMP: 0
BRANCH_INDIRECT: 0
BRANCH_CONDITIONAL: 0
BRANCH_DIRECT_CALL: 0
BRANCH_INDIRECT_CALL: 0
BRANCH_RETURN: 0


CPU 6 cumulative IPC: 3.153 instructions: 50027263 cycles: 15866067
CPU 6 Branch Prediction Accuracy: 100% MPKI: 0 Average ROB Occupancy at Mispredict: -
Branch type MPKI
BRANCH_DIRECT_JUMP: 0
BRANCH_INDIRECT: 0
BRANCH_CONDITIONAL: 0
BRANCH_DIRECT_CALL: 0
BRANCH_INDIRECT_CALL: 0
BRANCH_RETURN: 0


CPU 5 cumulative IPC: 3.154 instructions: 50044337 cycles: 15866067
CPU 5 Branch Prediction Accuracy: 100% MPKI: 0 Average ROB Occupancy at Mispredict: -
Branch type MPKI
BRANCH_DIRECT_JUMP: 0
BRANCH_INDIRECT: 0
BRANCH_CONDITIONAL: 0
BRANCH_DIRECT_CALL: 0
BRANCH_INDIRECT_CALL: 0
BRANCH_RETURN: 0


CPU 4 cumulative IPC: 3.155 instructions: 50053417 cycles: 15866067
CPU 4 Branch Prediction Accuracy: 100% MPKI: 0 Average ROB Occupancy at Mispredict: -
Branch type MPKI
BRANCH_DIRECT_JUMP: 0
BRANCH_INDIRECT: 0
BRANCH_CONDITIONAL: 0
BRANCH_DIRECT_CALL: 0
BRANCH_INDIRECT_CALL: 0
BRANCH_RETURN: 0


CPU 3 cumulative IPC: 3.154 instructions: 50042513 cycles: 15866067
CPU 3 Branch Prediction Accuracy: 100% MPKI: 0 Average ROB Occupancy at Mispredict: -
Branch type MPKI
BRANCH_DIRECT_JUMP: 0
BRANCH_INDIRECT: 0
BRANCH_CONDITIONAL: 0
BRANCH_DIRECT_CALL: 0
BRANCH_INDIRECT_CALL: 0
BRANCH_RETURN: 0


CPU 2 cumulative IPC: 3.155 instructions: 50051530 cycles: 15866067
CPU 2 Branch Prediction Accuracy: 100% MPKI: 0 Average ROB Occupancy at Mispredict: -
Branch type MPKI
BRANCH_DIRECT_JUMP: 0
BRANCH_INDIRECT: 0
BRANCH_CONDITIONAL: 0
BRANCH_DIRECT_CALL: 0
BRANCH_INDIRECT_CALL: 0
BRANCH_RETURN: 0


CPU 1 cumulative IPC: 3.151 instructions: 50000000 cycles: 15866067
CPU 1 Branch Prediction Accuracy: 100% MPKI: 0 Average ROB Occupancy at Mispredict: -
Branch type MPKI
BRANCH_DIRECT_JUMP: 0
BRANCH_INDIRECT: 0
BRANCH_CONDITIONAL: 0
BRANCH_DIRECT_CALL: 0
BRANCH_INDIRECT_CALL: 0
BRANCH_RETURN: 0


CPU 0 cumulative IPC: 3.154 instructions: 50048927 cycles: 15866067
CPU 0 Branch Prediction Accuracy: 100% MPKI: 0 Average ROB Occupancy at Mispredict: -
Branch type MPKI
BRANCH_DIRECT_JUMP: 0
BRANCH_INDIRECT: 0
BRANCH_CONDITIONAL: 0
BRANCH_DIRECT_CALL: 0
BRANCH_INDIRECT_CALL: 0
BRANCH_RETURN: 0

cpu7->cpu7_L2C TOTAL        ACCESS:     342896 HIT:     322197 MISS:      20699 MSHR_MERGE:          0
cpu7->cpu7_L2C LOAD         ACCESS:     299680 HIT:     286501 MISS:      13179 MSHR_MERGE:          0
cpu7->cpu7_L2C RFO          ACCESS:      17475 HIT:       9988 MISS:       7487 MSHR_MERGE:          0
cpu7->cpu7_L2C PREFETCH     ACCESS:          0 HIT:          0 MISS:          0 MSHR_MERGE:          0
cpu7->cpu7_L2C WRITE        ACCESS:      25741 HIT:      25708 MISS:         33 MSHR_MERGE:          0
cpu7->cpu7_L2C TRANSLATION  ACCESS:          0 HIT:          0 MISS:          0 MSHR_MERGE:          0
cpu7->cpu7_L2C PREFETCH REQUESTED:          0 ISSUED:          0 USEFUL:          0 USELESS:          0
cpu7->cpu7_L2C AVERAGE MISS LATENCY: 107.7 cycles
cpu7->cpu7_L1I TOTAL        ACCESS:    8073369 HIT:    8073369 MISS:          0 MSHR_MERGE:          0
cpu7->cpu7_L1I LOAD         ACCESS:    8073369 HIT:    8073369 MISS:          0 MSHR_MERGE:          0
cpu7->cpu7_L1I RFO          ACCESS:          0 HIT:          0 MISS:          0 MSHR_MERGE:          0
cpu7->cpu7_L1I PREFETCH     ACCESS:          0 HIT:          0 MISS:          0 MSHR_MERGE:          0
cpu7->cpu7_L1I WRITE        ACCESS:          0 HIT:          0 MISS:          0 MSHR_MERGE:          0
cpu7->cpu7_L1I TRANSLATION  ACCESS:          0 HIT:          0 MISS:          0 MSHR_MERGE:          0
cpu7->cpu7_L1I PREFETCH REQUESTED:          0 ISSUED:          0 USEFUL:          0 USELESS:          0
cpu7->cpu7_L1I AVERAGE MISS LATENCY: - cycles
cpu7->cpu7_L1D TOTAL        ACCESS:   11371631 HIT:   10835207 MISS:     536424 MSHR_MERGE:     219267
cpu7->cpu7_L1D LOAD         ACCESS:    6310389 HIT:    5912748 MISS:     397641 MSHR_MERGE:      97959
cpu7->cpu7_L1D RFO          ACCESS:          0 HIT:          0 MISS:          0 MSHR_MERGE:          0
cpu7->cpu7_L1D PREFETCH     ACCESS:          0 HIT:          0 MISS:          0 MSHR_MERGE:          0
cpu7->cpu7_L1D WRITE        ACCESS:    5061242 HIT:    4922459 MISS:     138783 MSHR_MERGE:     121308
cpu7->cpu7_L1D TRANSLATION  ACCESS:          0 HIT:          0 MISS:          0 MSHR_MERGE:          0
cpu7->cpu7_L1D PREFETCH REQUESTED:          0 ISSUED:          0 USEFUL:          0 USELESS:          0
cpu7->cpu7_L1D AVERAGE MISS LATENCY: 15.1 cycles
cpu7->cpu7_ITLB TOTAL        ACCESS:    7156667 HIT:    7156667 MISS:          0 MSHR_MERGE:          0
cpu7->cpu7_ITLB LOAD         ACCESS:    7156667 HIT:    7156667 MISS:          0 MSHR_MERGE:          0
cpu7->cpu7_ITLB RFO          ACCESS:          0 HIT:          0 MISS:          0 MSHR_MERGE:          0
cpu7->cpu7_ITLB PREFETCH     ACCESS:          0 HIT:          0 MISS:          0 MSHR_MERGE:          0
cpu7->cpu7_ITLB WRITE        ACCESS:          0 HIT:          0 MISS:          0 MSHR_MERGE:          0
cpu7->cpu7_ITLB TRANSLATION  ACCESS:          0 HIT:          0 MISS:          0 MSHR_MERGE:          0
cpu7->cpu7_ITLB PREFETCH REQUESTED:          0 ISSUED:          0 USEFUL:          0 USELESS:          0
cpu7->cpu7_ITLB AVERAGE MISS LATENCY: - cycles
cpu7->cpu7_DTLB TOTAL        ACCESS:   10465692 HIT:   10465692 MISS:          0 MSHR_MERGE:          0
cpu7->cpu7_DTLB LOAD         ACCESS:   10465692 HIT:   10465692 MISS:          0 MSHR_MERGE:          0
cpu7->cpu7_DTLB RFO          ACCESS:          0 HIT:          0 MISS:          0 MSHR_MERGE:          0
cpu7->cpu7_DTLB PREFETCH     ACCESS:          0 HIT:          0 MISS:          0 MSHR_MERGE:          0
cpu7->cpu7_DTLB WRITE        ACCESS:          0 HIT:          0 MISS:          0 MSHR_MERGE:          0
cpu7->cpu7_DTLB TRANSLATION  ACCESS:          0 HIT:          0 MISS:          0 MSHR_MERGE:          0
cpu7->cpu7_DTLB PREFETCH REQUESTED:          0 ISSUED:          0 USEFUL:          0 USELESS:          0
cpu7->cpu7_DTLB AVERAGE MISS LATENCY: - cycles
cpu6->cpu6_L2C TOTAL        ACCESS:     342905 HIT:     322218 MISS:      20687 MSHR_MERGE:          0
cpu6->cpu6_L2C LOAD         ACCESS:     299677 HIT:     286504 MISS:      13173 MSHR_MERGE:          0
cpu6->cpu6_L2C RFO          ACCESS:      17480 HIT:       9993 MISS:       7487 MSHR_MERGE:          0
cpu6->cpu6_L2C PREFETCH     ACCESS:          0 HIT:          0 MISS:          0 MSHR_MERGE:          0
cpu6->cpu6_L2C WRITE        ACCESS:      25748 HIT:      25721 MISS:         27 MSHR_MERGE:          0
cpu6->cpu6_L2C TRANSLATION  ACCESS:          0 HIT:          0 MISS:          0 MSHR_MERGE:          0
cpu6->cpu6_L2C PREFETCH REQUESTED:          0 ISSUED:          0 USEFUL:          0 USELESS:          0
cpu6->cpu6_L2C AVERAGE MISS LATENCY: 108.6 cycles
cpu6->cpu6_L1I TOTAL        ACCESS:    8070736 HIT:    8070736 MISS:          0 MSHR_MERGE:          0
cpu6->cpu6_L1I LOAD         ACCESS:    8070736 HIT:    8070736 MISS:          0 MSHR_MERGE:          0
cpu6->cpu6_L1I RFO          ACCESS:          0 HIT:          0 MISS:          0 MSHR_MERGE:          0
cpu6->cpu6_L1I PREFETCH     ACCESS:          0 HIT:          0 MISS:          0 MSHR_MERGE:          0
cpu6->cpu6_L1I WRITE        ACCESS:          0 HIT:          0 MISS:          0 MSHR_MERGE:          0
cpu6->cpu6_L1I TRANSLATION  ACCESS:          0 HIT:          0 MISS:          0 MSHR_MERGE:          0
cpu6->cpu6_L1I PREFETCH REQUESTED:          0 ISSUED:          0 USEFUL:          0 USELESS:          0
cpu6->cpu6_L1I AVERAGE MISS LATENCY: - cycles
cpu6->cpu6_L1D TOTAL        ACCESS:   11376096 HIT:   10838899 MISS:     537197 MSHR_MERGE:     220039
cpu6->cpu6_L1D LOAD         ACCESS:    6314377 HIT:    5916016 MISS:     398361 MSHR_MERGE:      98683
cpu6->cpu6_L1D RFO          ACCESS:          0 HIT:          0 MISS:          0 MSHR_MERGE:          0
cpu6->cpu6_L1D PREFETCH     ACCESS:          0 HIT:          0 MISS:          0 MSHR_MERGE:          0
cpu6->cpu6_L1D WRITE        ACCESS:    5061719 HIT:    4922883 MISS:     138836 MSHR_MERGE:     121356
cpu6->cpu6_L1D TRANSLATION  ACCESS:          0 HIT:          0 MISS:          0 MSHR_MERGE:          0
cpu6->cpu6_L1D PREFETCH REQUESTED:          0 ISSUED:          0 USEFUL:          0 USELESS:          0
cpu6->cpu6_L1D AVERAGE MISS LATENCY: 15.15 cycles
cpu6->cpu6_ITLB TOTAL        ACCESS:    7156668 HIT:    7156668 MISS:          0 MSHR_MERGE:          0
cpu6->cpu6_ITLB LOAD         ACCESS:    7156668 HIT:    7156668 MISS:          0 MSHR_MERGE:          0
cpu6->cpu6_ITLB RFO          ACCESS:          0 HIT:          0 MISS:          0 MSHR_MERGE:          0
cpu6->cpu6_ITLB PREFETCH     ACCESS:          0 HIT:          0 MISS:          0 MSHR_MERGE:          0
cpu6->cpu6_ITLB WRITE        ACCESS:          0 HIT:          0 MISS:          0 MSHR_MERGE:          0
cpu6->cpu6_ITLB TRANSLATION  ACCESS:          0 HIT:          0 MISS:          0 MSHR_MERGE:          0
cpu6->cpu6_ITLB PREFETCH REQUESTED:          0 ISSUED:          0 USEFUL:          0 USELESS:          0
cpu6->cpu6_ITLB AVERAGE MISS LATENCY: - cycles
cpu6->cpu6_DTLB TOTAL        ACCESS:   10481832 HIT:   10481832 MISS:          0 MSHR_MERGE:          0
cpu6->cpu6_DTLB LOAD         ACCESS:   10481832 HIT:   10481832 MISS:          0 MSHR_MERGE:          0
cpu6->cpu6_DTLB RFO          ACCESS:          0 HIT:          0 MISS:          0 MSHR_MERGE:          0
cpu6->cpu6_DTLB PREFETCH     ACCESS:          0 HIT:          0 MISS:          0 MSHR_MERGE:          0
cpu6->cpu6_DTLB WRITE        ACCESS:          0 HIT:          0 MISS:          0 MSHR_MERGE:          0
cpu6->cpu6_DTLB TRANSLATION  ACCESS:          0 HIT:          0 MISS:          0 MSHR_MERGE:          0
cpu6->cpu6_DTLB PREFETCH REQUESTED:          0 ISSUED:          0 USEFUL:          0 USELESS:          0
cpu6->cpu6_DTLB AVERAGE MISS LATENCY: - cycles
cpu5->cpu5_L2C TOTAL        ACCESS:     343354 HIT:     322611 MISS:      20743 MSHR_MERGE:          0
cpu5->cpu5_L2C LOAD         ACCESS:     300105 HIT:     286879 MISS:      13226 MSHR_MERGE:          0
cpu5->cpu5_L2C RFO          ACCESS:      17489 HIT:      10002 MISS:       7487 MSHR_MERGE:          0
cpu5->cpu5_L2C PREFETCH     ACCESS:          0 HIT:          0 MISS:          0 MSHR_MERGE:          0
cpu5->cpu5_L2C WRITE        ACCESS:      25760 HIT:      25730 MISS:         30 MSHR_MERGE:          0
cpu5->cpu5_L2C TRANSLATION  ACCESS:          0 HIT:          0 MISS:          0 MSHR_MERGE:          0
cpu5->cpu5_L2C PREFETCH REQUESTED:          0 ISSUED:          0 USEFUL:          0 USELESS:          0
cpu5->cpu5_L2C AVERAGE MISS LATENCY: 106.6 cycles
cpu5->cpu5_L1I TOTAL        ACCESS:    8077592 HIT:    8077592 MISS:          0 MSHR_MERGE:          0
cpu5->cpu5_L1I LOAD         ACCESS:    8077592 HIT:    8077592 MISS:          0 MSHR_MERGE:          0
cpu5->cpu5_L1I RFO          ACCESS:          0 HIT:          0 MISS:          0 MSHR_MERGE:          0
cpu5->cpu5_L1I PREFETCH     ACCESS:          0 HIT:          0 MISS:          0 MSHR_MERGE:          0
cpu5->cpu5_L1I WRITE        ACCESS:          0 HIT:          0 MISS:          0 MSHR_MERGE:          0
cpu5->cpu5_L1I TRANSLATION  ACCESS:          0 HIT:          0 MISS:          0 MSHR_MERGE:          0
cpu5->cpu5_L1I PREFETCH REQUESTED:          0 ISSUED:          0 USEFUL:          0 USELESS:          0
cpu5->cpu5_L1I AVERAGE MISS LATENCY: - cycles
cpu5->cpu5_L1D TOTAL        ACCESS:   11384022 HIT:   10846321 MISS:     537701 MSHR_MERGE:     220104
cpu5->cpu5_L1D LOAD         ACCESS:    6318082 HIT:    5919178 MISS:     398904 MSHR_MERGE:      98796
cpu5->cpu5_L1D RFO          ACCESS:          0 HIT:          0 MISS:          0 MSHR_MERGE:          0
cpu5->cpu5_L1D PREFETCH     ACCESS:          0 HIT:          0 MISS:          0 MSHR_MERGE:          0
cpu5->cpu5_L1D WRITE        ACCESS:    5065940 HIT:    4927143 MISS:     138797 MSHR_MERGE:     121308
cpu5->cpu5_L1D TRANSLATION  ACCESS:          0 HIT:          0 MISS:          0 MSHR_MERGE:          0
cpu5->cpu5_L1D PREFETCH REQUESTED:          0 ISSUED:          0 USEFUL:          0 USELESS:          0
cpu5->cpu5_L1D AVERAGE MISS LATENCY: 15.03 cycles
cpu5->cpu5_ITLB TOTAL        ACCESS:    7159564 HIT:    7159564 MISS:          0 MSHR_MERGE:          0
cpu5->cpu5_ITLB LOAD         ACCESS:    7159564 HIT:    7159564 MISS:          0 MSHR_MERGE:          0
cpu5->cpu5_ITLB RFO          ACCESS:          0 HIT:          0 MISS:          0 MSHR_MERGE:          0
cpu5->cpu5_ITLB PREFETCH     ACCESS:          0 HIT:          0 MISS:          0 MSHR_MERGE:          0
cpu5->cpu5_ITLB WRITE        ACCESS:          0 HIT:          0 MISS:          0 MSHR_MERGE:          0
cpu5->cpu5_ITLB TRANSLATION  ACCESS:          0 HIT:          0 MISS:          0 MSHR_MERGE:          0
cpu5->cpu5_ITLB PREFETCH REQUESTED:          0 ISSUED:          0 USEFUL:          0 USELESS:          0
cpu5->cpu5_ITLB AVERAGE MISS LATENCY: - cycles
cpu5->cpu5_DTLB TOTAL        ACCESS:   10468056 HIT:   10468056 MISS:          0 MSHR_MERGE:          0
cpu5->cpu5_DTLB LOAD         ACCESS:   10468056 HIT:   10468056 MISS:          0 MSHR_MERGE:          0
cpu5->cpu5_DTLB RFO          ACCESS:          0 HIT:          0 MISS:          0 MSHR_MERGE:          0
cpu5->cpu5_DTLB PREFETCH     ACCESS:          0 HIT:          0 MISS:          0 MSHR_MERGE:          0
cpu5->cpu5_DTLB WRITE        ACCESS:          0 HIT:          0 MISS:          0 MSHR_MERGE:          0
cpu5->cpu5_DTLB TRANSLATION  ACCESS:          0 HIT:          0 MISS:          0 MSHR_MERGE:          0
cpu5->cpu5_DTLB PREFETCH REQUESTED:          0 ISSUED:          0 USEFUL:          0 USELESS:          0
cpu5->cpu5_DTLB AVERAGE MISS LATENCY: - cycles
cpu4->cpu4_L2C TOTAL        ACCESS:     343381 HIT:     322663 MISS:      20718 MSHR_MERGE:          0
cpu4->cpu4_L2C LOAD         ACCESS:     300123 HIT:     286921 MISS:      13202 MSHR_MERGE:          0
cpu4->cpu4_L2C RFO          ACCESS:      17493 HIT:      10007 MISS:       7486 MSHR_MERGE:          0
cpu4->cpu4_L2C PREFETCH     ACCESS:          0 HIT:          0 MISS:          0 MSHR_MERGE:          0
cpu4->cpu4_L2C WRITE        ACCESS:      25765 HIT:      25735 MISS:         30 MSHR_MERGE:          0
cpu4->cpu4_L2C TRANSLATION  ACCESS:          0 HIT:          0 MISS:          0 MSHR_MERGE:          0
cpu4->cpu4_L2C PREFETCH REQUESTED:          0 ISSUED:          0 USEFUL:          0 USELESS:          0
cpu4->cpu4_L2C AVERAGE MISS LATENCY: 106.5 cycles
cpu4->cpu4_L1I TOTAL        ACCESS:    8078899 HIT:    8078899 MISS:          0 MSHR_MERGE:          0
cpu4->cpu4_L1I LOAD         ACCESS:    8078899 HIT:    8078899 MISS:          0 MSHR_MERGE:          0
cpu4->cpu4_L1I RFO          ACCESS:          0 HIT:          0 MISS:          0 MSHR_MERGE:          0
cpu4->cpu4_L1I PREFETCH     ACCESS:          0 HIT:          0 MISS:          0 MSHR_MERGE:          0
cpu4->cpu4_L1I WRITE        ACCESS:          0 HIT:          0 MISS:          0 MSHR_MERGE:          0
cpu4->cpu4_L1I TRANSLATION  ACCESS:          0 HIT:          0 MISS:          0 MSHR_MERGE:          0
cpu4->cpu4_L1I PREFETCH REQUESTED:          0 ISSUED:          0 USEFUL:          0 USELESS:          0
cpu4->cpu4_L1I AVERAGE MISS LATENCY: - cycles
cpu4->cpu4_L1D TOTAL        ACCESS:   11386692 HIT:   10849052 MISS:     537640 MSHR_MERGE:     220024
cpu4->cpu4_L1D LOAD         ACCESS:    6320004 HIT:    5921182 MISS:     398822 MSHR_MERGE:      98699
cpu4->cpu4_L1D RFO          ACCESS:          0 HIT:          0 MISS:          0 MSHR_MERGE:          0
cpu4->cpu4_L1D PREFETCH     ACCESS:          0 HIT:          0 MISS:          0 MSHR_MERGE:          0
cpu4->cpu4_L1D WRITE        ACCESS:    5066688 HIT:    4927870 MISS:     138818 MSHR_MERGE:     121325
cpu4->cpu4_L1D TRANSLATION  ACCESS:          0 HIT:          0 MISS:          0 MSHR_MERGE:          0
cpu4->cpu4_L1D PREFETCH REQUESTED:          0 ISSUED:          0 USEFUL:          0 USELESS:          0
cpu4->cpu4_L1D AVERAGE MISS LATENCY: 15.02 cycles
cpu4->cpu4_ITLB TOTAL        ACCESS:    7160823 HIT:    7160823 MISS:          0 MSHR_MERGE:          0
cpu4->cpu4_ITLB LOAD         ACCESS:    7160823 HIT:    7160823 MISS:          0 MSHR_MERGE:          0
cpu4->cpu4_ITLB RFO          ACCESS:          0 HIT:          0 MISS:          0 MSHR_MERGE:          0
cpu4->cpu4_ITLB PREFETCH     ACCESS:          0 HIT:          0 MISS:          0 MSHR_MERGE:          0
cpu4->cpu4_ITLB WRITE        ACCESS:          0 HIT:          0 MISS:          0 MSHR_MERGE:          0
cpu4->cpu4_ITLB TRANSLATION  ACCESS:          0 HIT:          0 MISS:          0 MSHR_MERGE:          0
cpu4->cpu4_ITLB PREFETCH REQUESTED:          0 ISSUED:          0 USEFUL:          0 USELESS:          0
cpu4->cpu4_ITLB AVERAGE MISS LATENCY: - cycles
cpu4->cpu4_DTLB TOTAL        ACCESS:   10470558 HIT:   10470558 MISS:          0 MSHR_MERGE:          0
cpu4->cpu4_DTLB LOAD         ACCESS:   10470558 HIT:   10470558 MISS:          0 MSHR_MERGE:          0
cpu4->cpu4_DTLB RFO          ACCESS:          0 HIT:          0 MISS:          0 MSHR_MERGE:          0
cpu4->cpu4_DTLB PREFETCH     ACCESS:          0 HIT:          0 MISS:          0 MSHR_MERGE:          0
cpu4->cpu4_DTLB WRITE        ACCESS:          0 HIT:          0 MISS:          0 MSHR_MERGE:          0
cpu4->cpu4_DTLB TRANSLATION  ACCESS:          0 HIT:          0 MISS:          0 MSHR_MERGE:          0
cpu4->cpu4_DTLB PREFETCH REQUESTED:          0 ISSUED:          0 USEFUL:          0 USELESS:          0
cpu4->cpu4_DTLB AVERAGE MISS LATENCY: - cycles
cpu3->cpu3_L2C TOTAL        ACCESS:     342904 HIT:     322207 MISS:      20697 MSHR_MERGE:          0
cpu3->cpu3_L2C LOAD         ACCESS:     299678 HIT:     286499 MISS:      13179 MSHR_MERGE:          0
cpu3->cpu3_L2C RFO          ACCESS:      17480 HIT:       9993 MISS:       7487 MSHR_MERGE:          0
cpu3->cpu3_L2C PREFETCH     ACCESS:          0 HIT:          0 MISS:          0 MSHR_MERGE:          0
cpu3->cpu3_L2C WRITE        ACCESS:      25746 HIT:      25715 MISS:         31 MSHR_MERGE:          0
cpu3->cpu3_L2C TRANSLATION  ACCESS:          0 HIT:          0 MISS:          0 MSHR_MERGE:          0
cpu3->cpu3_L2C PREFETCH REQUESTED:          0 ISSUED:          0 USEFUL:          0 USELESS:          0
cpu3->cpu3_L2C AVERAGE MISS LATENCY: 107.3 cycles
cpu3->cpu3_L1I TOTAL        ACCESS:    8076248 HIT:    8076248 MISS:          0 MSHR_MERGE:          0
cpu3->cpu3_L1I LOAD         ACCESS:    8076248 HIT:    8076248 MISS:          0 MSHR_MERGE:          0
cpu3->cpu3_L1I RFO          ACCESS:          0 HIT:          0 MISS:          0 MSHR_MERGE:          0
cpu3->cpu3_L1I PREFETCH     ACCESS:          0 HIT:          0 MISS:          0 MSHR_MERGE:          0
cpu3->cpu3_L1I WRITE        ACCESS:          0 HIT:          0 MISS:          0 MSHR_MERGE:          0
cpu3->cpu3_L1I TRANSLATION  ACCESS:          0 HIT:          0 MISS:          0 MSHR_MERGE:          0
cpu3->cpu3_L1I PREFETCH REQUESTED:          0 ISSUED:          0 USEFUL:          0 USELESS:          0
cpu3->cpu3_L1I AVERAGE MISS LATENCY: - cycles
cpu3->cpu3_L1D TOTAL        ACCESS:   11380537 HIT:   10843122 MISS:     537415 MSHR_MERGE:     220256
cpu3->cpu3_L1D LOAD         ACCESS:    6317798 HIT:    5919190 MISS:     398608 MSHR_MERGE:      98929
cpu3->cpu3_L1D RFO          ACCESS:          0 HIT:          0 MISS:          0 MSHR_MERGE:          0
cpu3->cpu3_L1D PREFETCH     ACCESS:          0 HIT:          0 MISS:          0 MSHR_MERGE:          0
cpu3->cpu3_L1D WRITE        ACCESS:    5062739 HIT:    4923932 MISS:     138807 MSHR_MERGE:     121327
cpu3->cpu3_L1D TRANSLATION  ACCESS:          0 HIT:          0 MISS:          0 MSHR_MERGE:          0
cpu3->cpu3_L1D PREFETCH REQUESTED:          0 ISSUED:          0 USEFUL:          0 USELESS:          0
cpu3->cpu3_L1D AVERAGE MISS LATENCY: 15.08 cycles
cpu3->cpu3_ITLB TOTAL        ACCESS:    7166070 HIT:    7166070 MISS:          0 MSHR_MERGE:          0
cpu3->cpu3_ITLB LOAD         ACCESS:    7166070 HIT:    7166070 MISS:          0 MSHR_MERGE:          0
cpu3->cpu3_ITLB RFO          ACCESS:          0 HIT:          0 MISS:          0 MSHR_MERGE:          0
cpu3->cpu3_ITLB PREFETCH     ACCESS:          0 HIT:          0 MISS:          0 MSHR_MERGE:          0
cpu3->cpu3_ITLB WRITE        ACCESS:          0 HIT:          0 MISS:          0 MSHR_MERGE:          0
cpu3->cpu3_ITLB TRANSLATION  ACCESS:          0 HIT:          0 MISS:          0 MSHR_MERGE:          0
cpu3->cpu3_ITLB PREFETCH REQUESTED:          0 ISSUED:          0 USEFUL:          0 USELESS:          0
cpu3->cpu3_ITLB AVERAGE MISS LATENCY: - cycles
cpu3->cpu3_DTLB TOTAL        ACCESS:   10490439 HIT:   10490439 MISS:          0 MSHR_MERGE:          0
cpu3->cpu3_DTLB LOAD         ACCESS:   10490439 HIT:   10490439 MISS:          0 MSHR_MERGE:          0
cpu3->cpu3_DTLB RFO          ACCESS:          0 HIT:          0 MISS:          0 MSHR_MERGE:          0
cpu3->cpu3_DTLB PREFETCH     ACCESS:          0 HIT:          0 MISS:          0 MSHR_MERGE:          0
cpu3->cpu3_DTLB WRITE        ACCESS:          0 HIT:          0 MISS:          0 MSHR_MERGE:          0
cpu3->cpu3_DTLB TRANSLATION  ACCESS:          0 HIT:          0 MISS:          0 MSHR_MERGE:          0
cpu3->cpu3_DTLB PREFETCH REQUESTED:          0 ISSUED:          0 USEFUL:          0 USELESS:          0
cpu3->cpu3_DTLB AVERAGE MISS LATENCY: - cycles
cpu2->cpu2_L2C TOTAL        ACCESS:     343416 HIT:     322674 MISS:      20742 MSHR_MERGE:          0
cpu2->cpu2_L2C LOAD         ACCESS:     300134 HIT:     286909 MISS:      13225 MSHR_MERGE:          0
cpu2->cpu2_L2C RFO          ACCESS:      17504 HIT:      10017 MISS:       7487 MSHR_MERGE:          0
cpu2->cpu2_L2C PREFETCH     ACCESS:          0 HIT:          0 MISS:          0 MSHR_MERGE:          0
cpu2->cpu2_L2C WRITE        ACCESS:      25778 HIT:      25748 MISS:         30 MSHR_MERGE:          0
cpu2->cpu2_L2C TRANSLATION  ACCESS:          0 HIT:          0 MISS:          0 MSHR_MERGE:          0
cpu2->cpu2_L2C PREFETCH REQUESTED:          0 ISSUED:          0 USEFUL:          0 USELESS:          0
cpu2->cpu2_L2C AVERAGE MISS LATENCY: 107.4 cycles
cpu2->cpu2_L1I TOTAL        ACCESS:    8078554 HIT:    8078554 MISS:          0 MSHR_MERGE:          0
cpu2->cpu2_L1I LOAD         ACCESS:    8078554 HIT:    8078554 MISS:          0 MSHR_MERGE:          0
cpu2->cpu2_L1I RFO          ACCESS:          0 HIT:          0 MISS:          0 MSHR_MERGE:          0
cpu2->cpu2_L1I PREFETCH     ACCESS:          0 HIT:          0 MISS:          0 MSHR_MERGE:          0
cpu2->cpu2_L1I WRITE        ACCESS:          0 HIT:          0 MISS:          0 MSHR_MERGE:          0
cpu2->cpu2_L1I TRANSLATION  ACCESS:          0 HIT:          0 MISS:          0 MSHR_MERGE:          0
cpu2->cpu2_L1I PREFETCH REQUESTED:          0 ISSUED:          0 USEFUL:          0 USELESS:          0
cpu2->cpu2_L1I AVERAGE MISS LATENCY: - cycles
cpu2->cpu2_L1D TOTAL        ACCESS:   11385346 HIT:   10847469 MISS:     537877 MSHR_MERGE:     220238
cpu2->cpu2_L1D LOAD         ACCESS:    6318724 HIT:    5919715 MISS:     399009 MSHR_MERGE:      98875
cpu2->cpu2_L1D RFO          ACCESS:          0 HIT:          0 MISS:          0 MSHR_MERGE:          0
cpu2->cpu2_L1D PREFETCH     ACCESS:          0 HIT:          0 MISS:          0 MSHR_MERGE:          0
cpu2->cpu2_L1D WRITE        ACCESS:    5066622 HIT:    4927754 MISS:     138868 MSHR_MERGE:     121363
cpu2->cpu2_L1D TRANSLATION  ACCESS:          0 HIT:          0 MISS:          0 MSHR_MERGE:          0
cpu2->cpu2_L1D PREFETCH REQUESTED:          0 ISSUED:          0 USEFUL:          0 USELESS:          0
cpu2->cpu2_L1D AVERAGE MISS LATENCY: 15.09 cycles
cpu2->cpu2_ITLB TOTAL        ACCESS:    7161062 HIT:    7161062 MISS:          0 MSHR_MERGE:          0
cpu2->cpu2_ITLB LOAD         ACCESS:    7161062 HIT:    7161062 MISS:          0 MSHR_MERGE:          0
cpu2->cpu2_ITLB RFO          ACCESS:          0 HIT:          0 MISS:          0 MSHR_MERGE:          0
cpu2->cpu2_ITLB PREFETCH     ACCESS:          0 HIT:          0 MISS:          0 MSHR_MERGE:          0
cpu2->cpu2_ITLB WRITE        ACCESS:          0 HIT:          0 MISS:          0 MSHR_MERGE:          0
cpu2->cpu2_ITLB TRANSLATION  ACCESS:          0 HIT:          0 MISS:          0 MSHR_MERGE:          0
cpu2->cpu2_ITLB PREFETCH REQUESTED:          0 ISSUED:          0 USEFUL:          0 USELESS:          0
cpu2->cpu2_ITLB AVERAGE MISS LATENCY: - cycles
cpu2->cpu2_DTLB TOTAL        ACCESS:   10469891 HIT:   10469891 MISS:          0 MSHR_MERGE:          0
cpu2->cpu2_DTLB LOAD         ACCESS:   10469891 HIT:   10469891 MISS:          0 MSHR_MERGE:          0
cpu2->cpu2_DTLB RFO          ACCESS:          0 HIT:          0 MISS:          0 MSHR_MERGE:          0
cpu2->cpu2_DTLB PREFETCH     ACCESS:          0 HIT:          0 MISS:          0 MSHR_MERGE:          0
cpu2->cpu2_DTLB WRITE        ACCESS:          0 HIT:          0 MISS:          0 MSHR_MERGE:          0
cpu2->cpu2_DTLB TRANSLATION  ACCESS:          0 HIT:          0 MISS:          0 MSHR_MERGE:          0
cpu2->cpu2_DTLB PREFETCH REQUESTED:          0 ISSUED:          0 USEFUL:          0 USELESS:          0
cpu2->cpu2_DTLB AVERAGE MISS LATENCY: - cycles
cpu1->cpu1_L2C TOTAL        ACCESS:     343367 HIT:     322627 MISS:      20740 MSHR_MERGE:          0
cpu1->cpu1_L2C LOAD         ACCESS:     300114 HIT:     286893 MISS:      13221 MSHR_MERGE:          0
cpu1->cpu1_L2C RFO          ACCESS:      17489 HIT:      10001 MISS:       7488 MSHR_MERGE:          0
cpu1->cpu1_L2C PREFETCH     ACCESS:          0 HIT:          0 MISS:          0 MSHR_MERGE:          0
cpu1->cpu1_L2C WRITE        ACCESS:      25764 HIT:      25733 MISS:         31 MSHR_MERGE:          0
cpu1->cpu1_L2C TRANSLATION  ACCESS:          0 HIT:          0 MISS:          0 MSHR_MERGE:          0
cpu1->cpu1_L2C PREFETCH REQUESTED:          0 ISSUED:          0 USEFUL:          0 USELESS:          0
cpu1->cpu1_L2C AVERAGE MISS LATENCY: 100.1 cycles
cpu1->cpu1_L1I TOTAL        ACCESS:    8072097 HIT:    8072097 MISS:          0 MSHR_MERGE:          0
cpu1->cpu1_L1I LOAD         ACCESS:    8072097 HIT:    8072097 MISS:          0 MSHR_MERGE:          0
cpu1->cpu1_L1I RFO          ACCESS:          0 HIT:          0 MISS:          0 MSHR_MERGE:          0
cpu1->cpu1_L1I PREFETCH     ACCESS:          0 HIT:          0 MISS:          0 MSHR_MERGE:          0
cpu1->cpu1_L1I WRITE        ACCESS:          0 HIT:          0 MISS:          0 MSHR_MERGE:          0
cpu1->cpu1_L1I TRANSLATION  ACCESS:          0 HIT:          0 MISS:          0 MSHR_MERGE:          0
cpu1->cpu1_L1I PREFETCH REQUESTED:          0 ISSUED:          0 USEFUL:          0 USELESS:          0
cpu1->cpu1_L1I AVERAGE MISS LATENCY: - cycles
cpu1->cpu1_L1D TOTAL        ACCESS:   11376488 HIT:   10839035 MISS:     537453 MSHR_MERGE:     219848
cpu1->cpu1_L1D LOAD         ACCESS:    6313303 HIT:    5914668 MISS:     398635 MSHR_MERGE:      98521
cpu1->cpu1_L1D RFO          ACCESS:          0 HIT:          0 MISS:          0 MSHR_MERGE:          0
cpu1->cpu1_L1D PREFETCH     ACCESS:          0 HIT:          0 MISS:          0 MSHR_MERGE:          0
cpu1->cpu1_L1D WRITE        ACCESS:    5063185 HIT:    4924367 MISS:     138818 MSHR_MERGE:     121327
cpu1->cpu1_L1D TRANSLATION  ACCESS:          0 HIT:          0 MISS:          0 MSHR_MERGE:          0
cpu1->cpu1_L1D PREFETCH REQUESTED:          0 ISSUED:          0 USEFUL:          0 USELESS:          0
cpu1->cpu1_L1D AVERAGE MISS LATENCY: 14.61 cycles
cpu1->cpu1_ITLB TOTAL        ACCESS:    7161346 HIT:    7161346 MISS:          0 MSHR_MERGE:          0
cpu1->cpu1_ITLB LOAD         ACCESS:    7161346 HIT:    7161346 MISS:          0 MSHR_MERGE:          0
cpu1->cpu1_ITLB RFO          ACCESS:          0 HIT:          0 MISS:          0 MSHR_MERGE:          0
cpu1->cpu1_ITLB PREFETCH     ACCESS:          0 HIT:          0 MISS:          0 MSHR_MERGE:          0
cpu1->cpu1_ITLB WRITE        ACCESS:          0 HIT:          0 MISS:          0 MSHR_MERGE:          0
cpu1->cpu1_ITLB TRANSLATION  ACCESS:          0 HIT:          0 MISS:          0 MSHR_MERGE:          0
cpu1->cpu1_ITLB PREFETCH REQUESTED:          0 ISSUED:          0 USEFUL:          0 USELESS:          0
cpu1->cpu1_ITLB AVERAGE MISS LATENCY: - cycles
cpu1->cpu1_DTLB TOTAL        ACCESS:   10463866 HIT:   10463866 MISS:          0 MSHR_MERGE:          0
cpu1->cpu1_DTLB LOAD         ACCESS:   10463866 HIT:   10463866 MISS:          0 MSHR_MERGE:          0
cpu1->cpu1_DTLB RFO          ACCESS:          0 HIT:          0 MISS:          0 MSHR_MERGE:          0
cpu1->cpu1_DTLB PREFETCH     ACCESS:          0 HIT:          0 MISS:          0 MSHR_MERGE:          0
cpu1->cpu1_DTLB WRITE        ACCESS:          0 HIT:          0 MISS:          0 MSHR_MERGE:          0
cpu1->cpu1_DTLB TRANSLATION  ACCESS:          0 HIT:          0 MISS:          0 MSHR_MERGE:          0
cpu1->cpu1_DTLB PREFETCH REQUESTED:          0 ISSUED:          0 USEFUL:          0 USELESS:          0
cpu1->cpu1_DTLB AVERAGE MISS LATENCY: - cycles
cpu0->cpu0_L2C TOTAL        ACCESS:     342912 HIT:     322228 MISS:      20684 MSHR_MERGE:          0
cpu0->cpu0_L2C LOAD         ACCESS:     299676 HIT:     286508 MISS:      13168 MSHR_MERGE:          0
cpu0->cpu0_L2C RFO          ACCESS:      17484 HIT:       9998 MISS:       7486 MSHR_MERGE:          0
cpu0->cpu0_L2C PREFETCH     ACCESS:          0 HIT:          0 MISS:          0 MSHR_MERGE:          0
cpu0->cpu0_L2C WRITE        ACCESS:      25752 HIT:      25722 MISS:         30 MSHR_MERGE:          0
cpu0->cpu0_L2C TRANSLATION  ACCESS:          0 HIT:          0 MISS:          0 MSHR_MERGE:          0
cpu0->cpu0_L2C PREFETCH REQUESTED:          0 ISSUED:          0 USEFUL:          0 USELESS:          0
cpu0->cpu0_L2C AVERAGE MISS LATENCY: 106.6 cycles
cpu0->cpu0_L1I TOTAL        ACCESS:    8077210 HIT:    8077210 MISS:          0 MSHR_MERGE:          0
cpu0->cpu0_L1I LOAD         ACCESS:    8077210 HIT:    8077210 MISS:          0 MSHR_MERGE:          0
cpu0->cpu0_L1I RFO          ACCESS:          0 HIT:          0 MISS:          0 MSHR_MERGE:          0
cpu0->cpu0_L1I PREFETCH     ACCESS:          0 HIT:          0 MISS:          0 MSHR_MERGE:          0
cpu0->cpu0_L1I WRITE        ACCESS:          0 HIT:          0 MISS:          0 MSHR_MERGE:          0
cpu0->cpu0_L1I TRANSLATION  ACCESS:          0 HIT:          0 MISS:          0 MSHR_MERGE:          0
cpu0->cpu0_L1I PREFETCH REQUESTED:          0 ISSUED:          0 USEFUL:          0 USELESS:          0
cpu0->cpu0_L1I AVERAGE MISS LATENCY: - cycles
cpu0->cpu0_L1D TOTAL        ACCESS:   11381718 HIT:   10844453 MISS:     537265 MSHR_MERGE:     220103
cpu0->cpu0_L1D LOAD         ACCESS:    6318569 HIT:    5920103 MISS:     398466 MSHR_MERGE:      98789
cpu0->cpu0_L1D RFO          ACCESS:          0 HIT:          0 MISS:          0 MSHR_MERGE:          0
cpu0->cpu0_L1D PREFETCH     ACCESS:          0 HIT:          0 MISS:          0 MSHR_MERGE:          0
cpu0->cpu0_L1D WRITE        ACCESS:    5063149 HIT:    4924350 MISS:     138799 MSHR_MERGE:     121314
cpu0->cpu0_L1D TRANSLATION  ACCESS:          0 HIT:          0 MISS:          0 MSHR_MERGE:          0
cpu0->cpu0_L1D PREFETCH REQUESTED:          0 ISSUED:          0 USEFUL:          0 USELESS:          0
cpu0->cpu0_L1D AVERAGE MISS LATENCY: 15.02 cycles
cpu0->cpu0_ITLB TOTAL        ACCESS:    7167061 HIT:    7167061 MISS:          0 MSHR_MERGE:          0
cpu0->cpu0_ITLB LOAD         ACCESS:    7167061 HIT:    7167061 MISS:          0 MSHR_MERGE:          0
cpu0->cpu0_ITLB RFO          ACCESS:          0 HIT:          0 MISS:          0 MSHR_MERGE:          0
cpu0->cpu0_ITLB PREFETCH     ACCESS:          0 HIT:          0 MISS:          0 MSHR_MERGE:          0
cpu0->cpu0_ITLB WRITE        ACCESS:          0 HIT:          0 MISS:          0 MSHR_MERGE:          0
cpu0->cpu0_ITLB TRANSLATION  ACCESS:          0 HIT:          0 MISS:          0 MSHR_MERGE:          0
cpu0->cpu0_ITLB PREFETCH REQUESTED:          0 ISSUED:          0 USEFUL:          0 USELESS:          0
cpu0->cpu0_ITLB AVERAGE MISS LATENCY: - cycles
cpu0->cpu0_DTLB TOTAL        ACCESS:   10491407 HIT:   10491407 MISS:          0 MSHR_MERGE:          0
cpu0->cpu0_DTLB LOAD         ACCESS:   10491407 HIT:   10491407 MISS:          0 MSHR_MERGE:          0
cpu0->cpu0_DTLB RFO          ACCESS:          0 HIT:          0 MISS:          0 MSHR_MERGE:          0
cpu0->cpu0_DTLB PREFETCH     ACCESS:          0 HIT:          0 MISS:          0 MSHR_MERGE:          0
cpu0->cpu0_DTLB WRITE        ACCESS:          0 HIT:          0 MISS:          0 MSHR_MERGE:          0
cpu0->cpu0_DTLB TRANSLATION  ACCESS:          0 HIT:          0 MISS:          0 MSHR_MERGE:          0
cpu0->cpu0_DTLB PREFETCH REQUESTED:          0 ISSUED:          0 USEFUL:          0 USELESS:          0
cpu0->cpu0_DTLB AVERAGE MISS LATENCY: - cycles
cpu0->LLC TOTAL        ACCESS:      27464 HIT:      19096 MISS:       8368 MSHR_MERGE:          0
cpu0->LLC LOAD         ACCESS:      13168 HIT:      12203 MISS:        965 MSHR_MERGE:          0
cpu0->LLC RFO          ACCESS:       7486 HIT:        146 MISS:       7340 MSHR_MERGE:          0
cpu0->LLC PREFETCH     ACCESS:          0 HIT:          0 MISS:          0 MSHR_MERGE:          0
cpu0->LLC WRITE        ACCESS:       6810 HIT:       6747 MISS:         63 MSHR_MERGE:          0
cpu0->LLC TRANSLATION  ACCESS:          0 HIT:          0 MISS:          0 MSHR_MERGE:          0
cpu0->LLC PREFETCH REQUESTED:          0 ISSUED:          0 USEFUL:          0 USELESS:          0
cpu0->LLC AVERAGE MISS LATENCY: 1801 cycles
cpu1->LLC TOTAL        ACCESS:      27525 HIT:      19135 MISS:       8390 MSHR_MERGE:          0
cpu1->LLC LOAD         ACCESS:      13221 HIT:      12237 MISS:        984 MSHR_MERGE:          0
cpu1->LLC RFO          ACCESS:       7488 HIT:        148 MISS:       7340 MSHR_MERGE:          0
cpu1->LLC PREFETCH     ACCESS:          0 HIT:          0 MISS:          0 MSHR_MERGE:          0
cpu1->LLC WRITE        ACCESS:       6816 HIT:       6750 MISS:         66 MSHR_MERGE:          0
cpu1->LLC TRANSLATION  ACCESS:          0 HIT:          0 MISS:          0 MSHR_MERGE:          0
cpu1->LLC PREFETCH REQUESTED:          0 ISSUED:          0 USEFUL:          0 USELESS:          0
cpu1->LLC AVERAGE MISS LATENCY: 1797 cycles
cpu2->LLC TOTAL        ACCESS:      27526 HIT:      19161 MISS:       8365 MSHR_MERGE:          0
cpu2->LLC LOAD         ACCESS:      13225 HIT:      12262 MISS:        963 MSHR_MERGE:          0
cpu2->LLC RFO          ACCESS:       7487 HIT:        147 MISS:       7340 MSHR_MERGE:          0
cpu2->LLC PREFETCH     ACCESS:          0 HIT:          0 MISS:          0 MSHR_MERGE:          0
cpu2->LLC WRITE        ACCESS:       6814 HIT:       6752 MISS:         62 MSHR_MERGE:          0
cpu2->LLC TRANSLATION  ACCESS:          0 HIT:          0 MISS:          0 MSHR_MERGE:          0
cpu2->LLC PREFETCH REQUESTED:          0 ISSUED:          0 USEFUL:          0 USELESS:          0
cpu2->LLC AVERAGE MISS LATENCY: 1802 cycles
cpu3->LLC TOTAL        ACCESS:      27478 HIT:      19108 MISS:       8370 MSHR_MERGE:          0
cpu3->LLC LOAD         ACCESS:      13179 HIT:      12214 MISS:        965 MSHR_MERGE:          0
cpu3->LLC RFO          ACCESS:       7487 HIT:        147 MISS:       7340 MSHR_MERGE:          0
cpu3->LLC PREFETCH     ACCESS:          0 HIT:          0 MISS:          0 MSHR_MERGE:          0
cpu3->LLC WRITE        ACCESS:       6812 HIT:       6747 MISS:         65 MSHR_MERGE:          0
cpu3->LLC TRANSLATION  ACCESS:          0 HIT:          0 MISS:          0 MSHR_MERGE:          0
cpu3->LLC PREFETCH REQUESTED:          0 ISSUED:          0 USEFUL:          0 USELESS:          0
cpu3->LLC AVERAGE MISS LATENCY: 1801 cycles
cpu4->LLC TOTAL        ACCESS:      27501 HIT:      19128 MISS:       8373 MSHR_MERGE:          0
cpu4->LLC LOAD         ACCESS:      13202 HIT:      12235 MISS:        967 MSHR_MERGE:          0
cpu4->LLC RFO          ACCESS:       7486 HIT:        146 MISS:       7340 MSHR_MERGE:          0
cpu4->LLC PREFETCH     ACCESS:          0 HIT:          0 MISS:          0 MSHR_MERGE:          0
cpu4->LLC WRITE        ACCESS:       6813 HIT:       6747 MISS:         66 MSHR_MERGE:          0
cpu4->LLC TRANSLATION  ACCESS:          0 HIT:          0 MISS:          0 MSHR_MERGE:          0
cpu4->LLC PREFETCH REQUESTED:          0 ISSUED:          0 USEFUL:          0 USELESS:          0
cpu4->LLC AVERAGE MISS LATENCY: 1800 cycles
cpu5->LLC TOTAL        ACCESS:      27527 HIT:      19138 MISS:       8389 MSHR_MERGE:          0
cpu5->LLC LOAD         ACCESS:      13226 HIT:      12242 MISS:        984 MSHR_MERGE:          0
cpu5->LLC RFO          ACCESS:       7487 HIT:        147 MISS:       7340 MSHR_MERGE:          0
cpu5->LLC PREFETCH     ACCESS:          0 HIT:          0 MISS:          0 MSHR_MERGE:          0
cpu5->LLC WRITE        ACCESS:       6814 HIT:       6749 MISS:         65 MSHR_MERGE:          0
cpu5->LLC TRANSLATION  ACCESS:          0 HIT:          0 MISS:          0 MSHR_MERGE:          0
cpu5->LLC PREFETCH REQUESTED:          0 ISSUED:          0 USEFUL:          0 USELESS:          0
cpu5->LLC AVERAGE MISS LATENCY: 1797 cycles
cpu6->LLC TOTAL        ACCESS:      27468 HIT:      19100 MISS:       8368 MSHR_MERGE:          0
cpu6->LLC LOAD         ACCESS:      13173 HIT:      12207 MISS:        966 MSHR_MERGE:          0
cpu6->LLC RFO          ACCESS:       7487 HIT:        147 MISS:       7340 MSHR_MERGE:          0
cpu6->LLC PREFETCH     ACCESS:          0 HIT:          0 MISS:          0 MSHR_MERGE:          0
cpu6->LLC WRITE        ACCESS:       6808 HIT:       6746 MISS:         62 MSHR_MERGE:          0
cpu6->LLC TRANSLATION  ACCESS:          0 HIT:          0 MISS:          0 MSHR_MERGE:          0
cpu6->LLC PREFETCH REQUESTED:          0 ISSUED:          0 USEFUL:          0 USELESS:          0
cpu6->LLC AVERAGE MISS LATENCY: 1801 cycles
cpu7->LLC TOTAL        ACCESS:      27480 HIT:      19107 MISS:       8373 MSHR_MERGE:          0
cpu7->LLC LOAD         ACCESS:      13179 HIT:      12213 MISS:        966 MSHR_MERGE:          0
cpu7->LLC RFO          ACCESS:       7487 HIT:        147 MISS:       7340 MSHR_MERGE:          0
cpu7->LLC PREFETCH     ACCESS:          0 HIT:          0 MISS:          0 MSHR_MERGE:          0
cpu7->LLC WRITE        ACCESS:       6814 HIT:       6747 MISS:         67 MSHR_MERGE:          0
cpu7->LLC TRANSLATION  ACCESS:          0 HIT:          0 MISS:          0 MSHR_MERGE:          0
cpu7->LLC PREFETCH REQUESTED:          0 ISSUED:          0 USEFUL:          0 USELESS:          0
cpu7->LLC AVERAGE MISS LATENCY: 1800 cycles

Region of Interest Statistics

CPU 7 cumulative IPC: 3.153 instructions: 50000002 cycles: 15860258
CPU 7 Branch Prediction Accuracy: 100% MPKI: 0 Average ROB Occupancy at Mispredict: -
Branch type MPKI
BRANCH_DIRECT_JUMP: 0
BRANCH_INDIRECT: 0
BRANCH_CONDITIONAL: 0
BRANCH_DIRECT_CALL: 0
BRANCH_INDIRECT_CALL: 0
BRANCH_RETURN: 0


CPU 6 cumulative IPC: 3.153 instructions: 50000000 cycles: 15858216
CPU 6 Branch Prediction Accuracy: 100% MPKI: 0 Average ROB Occupancy at Mispredict: -
Branch type MPKI
BRANCH_DIRECT_JUMP: 0
BRANCH_INDIRECT: 0
BRANCH_CONDITIONAL: 0
BRANCH_DIRECT_CALL: 0
BRANCH_INDIRECT_CALL: 0
BRANCH_RETURN: 0


CPU 5 cumulative IPC: 3.154 instructions: 50000000 cycles: 15853434
CPU 5 Branch Prediction Accuracy: 100% MPKI: 0 Average ROB Occupancy at Mispredict: -
Branch type MPKI
BRANCH_DIRECT_JUMP: 0
BRANCH_INDIRECT: 0
BRANCH_CONDITIONAL: 0
BRANCH_DIRECT_CALL: 0
BRANCH_INDIRECT_CALL: 0
BRANCH_RETURN: 0


CPU 4 cumulative IPC: 3.154 instructions: 50000002 cycles: 15850840
CPU 4 Branch Prediction Accuracy: 100% MPKI: 0 Average ROB Occupancy at Mispredict: -
Branch type MPKI
BRANCH_DIRECT_JUMP: 0
BRANCH_INDIRECT: 0
BRANCH_CONDITIONAL: 0
BRANCH_DIRECT_CALL: 0
BRANCH_INDIRECT_CALL: 0
BRANCH_RETURN: 0


CPU 3 cumulative IPC: 3.154 instructions: 50000004 cycles: 15853869
CPU 3 Branch Prediction Accuracy: 100% MPKI: 0 Average ROB Occupancy at Mispredict: -
Branch type MPKI
BRANCH_DIRECT_JUMP: 0
BRANCH_INDIRECT: 0
BRANCH_CONDITIONAL: 0
BRANCH_DIRECT_CALL: 0
BRANCH_INDIRECT_CALL: 0
BRANCH_RETURN: 0


CPU 2 cumulative IPC: 3.154 instructions: 50000003 cycles: 15851397
CPU 2 Branch Prediction Accuracy: 100% MPKI: 0 Average ROB Occupancy at Mispredict: -
Branch type MPKI
BRANCH_DIRECT_JUMP: 0
BRANCH_INDIRECT: 0
BRANCH_CONDITIONAL: 0
BRANCH_DIRECT_CALL: 0
BRANCH_INDIRECT_CALL: 0
BRANCH_RETURN: 0


CPU 1 cumulative IPC: 3.151 instructions: 50000000 cycles: 15866067
CPU 1 Branch Prediction Accuracy: 100% MPKI: 0 Average ROB Occupancy at Mispredict: -
Branch type MPKI
BRANCH_DIRECT_JUMP: 0
BRANCH_INDIRECT: 0
BRANCH_CONDITIONAL: 0
BRANCH_DIRECT_CALL: 0
BRANCH_INDIRECT_CALL: 0
BRANCH_RETURN: 0


CPU 0 cumulative IPC: 3.154 instructions: 50000000 cycles: 15852071
CPU 0 Branch Prediction Accuracy: 100% MPKI: 0 Average ROB Occupancy at Mispredict: -
Branch type MPKI
BRANCH_DIRECT_JUMP: 0
BRANCH_INDIRECT: 0
BRANCH_CONDITIONAL: 0
BRANCH_DIRECT_CALL: 0
BRANCH_INDIRECT_CALL: 0
BRANCH_RETURN: 0

cpu7->cpu7_L2C TOTAL        ACCESS:     342896 HIT:     322197 MISS:      20699 MSHR_MERGE:          0
cpu7->cpu7_L2C LOAD         ACCESS:     299680 HIT:     286501 MISS:      13179 MSHR_MERGE:          0
cpu7->cpu7_L2C RFO          ACCESS:      17475 HIT:       9988 MISS:       7487 MSHR_MERGE:          0
cpu7->cpu7_L2C PREFETCH     ACCESS:          0 HIT:          0 MISS:          0 MSHR_MERGE:          0
cpu7->cpu7_L2C WRITE        ACCESS:      25741 HIT:      25708 MISS:         33 MSHR_MERGE:          0
cpu7->cpu7_L2C TRANSLATION  ACCESS:          0 HIT:          0 MISS:          0 MSHR_MERGE:          0
cpu7->cpu7_L2C PREFETCH REQUESTED:          0 ISSUED:          0 USEFUL:          0 USELESS:          0
cpu7->cpu7_L2C AVERAGE MISS LATENCY: 107.7 cycles
cpu7->cpu7_L1I TOTAL        ACCESS:    8073369 HIT:    8073369 MISS:          0 MSHR_MERGE:          0
cpu7->cpu7_L1I LOAD         ACCESS:    8073369 HIT:    8073369 MISS:          0 MSHR_MERGE:          0
cpu7->cpu7_L1I RFO          ACCESS:          0 HIT:          0 MISS:          0 MSHR_MERGE:          0
cpu7->cpu7_L1I PREFETCH     ACCESS:          0 HIT:          0 MISS:          0 MSHR_MERGE:          0
cpu7->cpu7_L1I WRITE        ACCESS:          0 HIT:          0 MISS:          0 MSHR_MERGE:          0
cpu7->cpu7_L1I TRANSLATION  ACCESS:          0 HIT:          0 MISS:          0 MSHR_MERGE:          0
cpu7->cpu7_L1I PREFETCH REQUESTED:          0 ISSUED:          0 USEFUL:          0 USELESS:          0
cpu7->cpu7_L1I AVERAGE MISS LATENCY: - cycles
cpu7->cpu7_L1D TOTAL        ACCESS:   11371631 HIT:   10835207 MISS:     536424 MSHR_MERGE:     219267
cpu7->cpu7_L1D LOAD         ACCESS:    6310389 HIT:    5912748 MISS:     397641 MSHR_MERGE:      97959
cpu7->cpu7_L1D RFO          ACCESS:          0 HIT:          0 MISS:          0 MSHR_MERGE:          0
cpu7->cpu7_L1D PREFETCH     ACCESS:          0 HIT:          0 MISS:          0 MSHR_MERGE:          0
cpu7->cpu7_L1D WRITE        ACCESS:    5061242 HIT:    4922459 MISS:     138783 MSHR_MERGE:     121308
cpu7->cpu7_L1D TRANSLATION  ACCESS:          0 HIT:          0 MISS:          0 MSHR_MERGE:          0
cpu7->cpu7_L1D PREFETCH REQUESTED:          0 ISSUED:          0 USEFUL:          0 USELESS:          0
cpu7->cpu7_L1D AVERAGE MISS LATENCY: 15.1 cycles
cpu7->cpu7_ITLB TOTAL        ACCESS:    7156667 HIT:    7156667 MISS:          0 MSHR_MERGE:          0
cpu7->cpu7_ITLB LOAD         ACCESS:    7156667 HIT:    7156667 MISS:          0 MSHR_MERGE:          0
cpu7->cpu7_ITLB RFO          ACCESS:          0 HIT:          0 MISS:          0 MSHR_MERGE:          0
cpu7->cpu7_ITLB PREFETCH     ACCESS:          0 HIT:          0 MISS:          0 MSHR_MERGE:          0
cpu7->cpu7_ITLB WRITE        ACCESS:          0 HIT:          0 MISS:          0 MSHR_MERGE:          0
cpu7->cpu7_ITLB TRANSLATION  ACCESS:          0 HIT:          0 MISS:          0 MSHR_MERGE:          0
cpu7->cpu7_ITLB PREFETCH REQUESTED:          0 ISSUED:          0 USEFUL:          0 USELESS:          0
cpu7->cpu7_ITLB AVERAGE MISS LATENCY: - cycles
cpu7->cpu7_DTLB TOTAL        ACCESS:   10465692 HIT:   10465692 MISS:          0 MSHR_MERGE:          0
cpu7->cpu7_DTLB LOAD         ACCESS:   10465692 HIT:   10465692 MISS:          0 MSHR_MERGE:          0
cpu7->cpu7_DTLB RFO          ACCESS:          0 HIT:          0 MISS:          0 MSHR_MERGE:          0
cpu7->cpu7_DTLB PREFETCH     ACCESS:          0 HIT:          0 MISS:          0 MSHR_MERGE:          0
cpu7->cpu7_DTLB WRITE        ACCESS:          0 HIT:          0 MISS:          0 MSHR_MERGE:          0
cpu7->cpu7_DTLB TRANSLATION  ACCESS:          0 HIT:          0 MISS:          0 MSHR_MERGE:          0
cpu7->cpu7_DTLB PREFETCH REQUESTED:          0 ISSUED:          0 USEFUL:          0 USELESS:          0
cpu7->cpu7_DTLB AVERAGE MISS LATENCY: - cycles
cpu6->cpu6_L2C TOTAL        ACCESS:     342905 HIT:     322218 MISS:      20687 MSHR_MERGE:          0
cpu6->cpu6_L2C LOAD         ACCESS:     299677 HIT:     286504 MISS:      13173 MSHR_MERGE:          0
cpu6->cpu6_L2C RFO          ACCESS:      17480 HIT:       9993 MISS:       7487 MSHR_MERGE:          0
cpu6->cpu6_L2C PREFETCH     ACCESS:          0 HIT:          0 MISS:          0 MSHR_MERGE:          0
cpu6->cpu6_L2C WRITE        ACCESS:      25748 HIT:      25721 MISS:         27 MSHR_MERGE:          0
cpu6->cpu6_L2C TRANSLATION  ACCESS:          0 HIT:          0 MISS:          0 MSHR_MERGE:          0
cpu6->cpu6_L2C PREFETCH REQUESTED:          0 ISSUED:          0 USEFUL:          0 USELESS:          0
cpu6->cpu6_L2C AVERAGE MISS LATENCY: 108.6 cycles
cpu6->cpu6_L1I TOTAL        ACCESS:    8070736 HIT:    8070736 MISS:          0 MSHR_MERGE:          0
cpu6->cpu6_L1I LOAD         ACCESS:    8070736 HIT:    8070736 MISS:          0 MSHR_MERGE:          0
cpu6->cpu6_L1I RFO          ACCESS:          0 HIT:          0 MISS:          0 MSHR_MERGE:          0
cpu6->cpu6_L1I PREFETCH     ACCESS:          0 HIT:          0 MISS:          0 MSHR_MERGE:          0
cpu6->cpu6_L1I WRITE        ACCESS:          0 HIT:          0 MISS:          0 MSHR_MERGE:          0
cpu6->cpu6_L1I TRANSLATION  ACCESS:          0 HIT:          0 MISS:          0 MSHR_MERGE:          0
cpu6->cpu6_L1I PREFETCH REQUESTED:          0 ISSUED:          0 USEFUL:          0 USELESS:          0
cpu6->cpu6_L1I AVERAGE MISS LATENCY: - cycles
cpu6->cpu6_L1D TOTAL        ACCESS:   11376096 HIT:   10838899 MISS:     537197 MSHR_MERGE:     220039
cpu6->cpu6_L1D LOAD         ACCESS:    6314377 HIT:    5916016 MISS:     398361 MSHR_MERGE:      98683
cpu6->cpu6_L1D RFO          ACCESS:          0 HIT:          0 MISS:          0 MSHR_MERGE:          0
cpu6->cpu6_L1D PREFETCH     ACCESS:          0 HIT:          0 MISS:          0 MSHR_MERGE:          0
cpu6->cpu6_L1D WRITE        ACCESS:    5061719 HIT:    4922883 MISS:     138836 MSHR_MERGE:     121356
cpu6->cpu6_L1D TRANSLATION  ACCESS:          0 HIT:          0 MISS:          0 MSHR_MERGE:          0
cpu6->cpu6_L1D PREFETCH REQUESTED:          0 ISSUED:          0 USEFUL:          0 USELESS:          0
cpu6->cpu6_L1D AVERAGE MISS LATENCY: 15.15 cycles
cpu6->cpu6_ITLB TOTAL        ACCESS:    7156668 HIT:    7156668 MISS:          0 MSHR_MERGE:          0
cpu6->cpu6_ITLB LOAD         ACCESS:    7156668 HIT:    7156668 MISS:          0 MSHR_MERGE:          0
cpu6->cpu6_ITLB RFO          ACCESS:          0 HIT:          0 MISS:          0 MSHR_MERGE:          0
cpu6->cpu6_ITLB PREFETCH     ACCESS:          0 HIT:          0 MISS:          0 MSHR_MERGE:          0
cpu6->cpu6_ITLB WRITE        ACCESS:          0 HIT:          0 MISS:          0 MSHR_MERGE:          0
cpu6->cpu6_ITLB TRANSLATION  ACCESS:          0 HIT:          0 MISS:          0 MSHR_MERGE:          0
cpu6->cpu6_ITLB PREFETCH REQUESTED:          0 ISSUED:          0 USEFUL:          0 USELESS:          0
cpu6->cpu6_ITLB AVERAGE MISS LATENCY: - cycles
cpu6->cpu6_DTLB TOTAL        ACCESS:   10481832 HIT:   10481832 MISS:          0 MSHR_MERGE:          0
cpu6->cpu6_DTLB LOAD         ACCESS:   10481832 HIT:   10481832 MISS:          0 MSHR_MERGE:          0
cpu6->cpu6_DTLB RFO          ACCESS:          0 HIT:          0 MISS:          0 MSHR_MERGE:          0
cpu6->cpu6_DTLB PREFETCH     ACCESS:          0 HIT:          0 MISS:          0 MSHR_MERGE:          0
cpu6->cpu6_DTLB WRITE        ACCESS:          0 HIT:          0 MISS:          0 MSHR_MERGE:          0
cpu6->cpu6_DTLB TRANSLATION  ACCESS:          0 HIT:          0 MISS:          0 MSHR_MERGE:          0
cpu6->cpu6_DTLB PREFETCH REQUESTED:          0 ISSUED:          0 USEFUL:          0 USELESS:          0
cpu6->cpu6_DTLB AVERAGE MISS LATENCY: - cycles
cpu5->cpu5_L2C TOTAL        ACCESS:     343354 HIT:     322611 MISS:      20743 MSHR_MERGE:          0
cpu5->cpu5_L2C LOAD         ACCESS:     300105 HIT:     286879 MISS:      13226 MSHR_MERGE:          0
cpu5->cpu5_L2C RFO          ACCESS:      17489 HIT:      10002 MISS:       7487 MSHR_MERGE:          0
cpu5->cpu5_L2C PREFETCH     ACCESS:          0 HIT:          0 MISS:          0 MSHR_MERGE:          0
cpu5->cpu5_L2C WRITE        ACCESS:      25760 HIT:      25730 MISS:         30 MSHR_MERGE:          0
cpu5->cpu5_L2C TRANSLATION  ACCESS:          0 HIT:          0 MISS:          0 MSHR_MERGE:          0
cpu5->cpu5_L2C PREFETCH REQUESTED:          0 ISSUED:          0 USEFUL:          0 USELESS:          0
cpu5->cpu5_L2C AVERAGE MISS LATENCY: 106.6 cycles
cpu5->cpu5_L1I TOTAL        ACCESS:    8077592 HIT:    8077592 MISS:          0 MSHR_MERGE:          0
cpu5->cpu5_L1I LOAD         ACCESS:    8077592 HIT:    8077592 MISS:          0 MSHR_MERGE:          0
cpu5->cpu5_L1I RFO          ACCESS:          0 HIT:          0 MISS:          0 MSHR_MERGE:          0
cpu5->cpu5_L1I PREFETCH     ACCESS:          0 HIT:          0 MISS:          0 MSHR_MERGE:          0
cpu5->cpu5_L1I WRITE        ACCESS:          0 HIT:          0 MISS:          0 MSHR_MERGE:          0
cpu5->cpu5_L1I TRANSLATION  ACCESS:          0 HIT:          0 MISS:          0 MSHR_MERGE:          0
cpu5->cpu5_L1I PREFETCH REQUESTED:          0 ISSUED:          0 USEFUL:          0 USELESS:          0
cpu5->cpu5_L1I AVERAGE MISS LATENCY: - cycles
cpu5->cpu5_L1D TOTAL        ACCESS:   11384022 HIT:   10846321 MISS:     537701 MSHR_MERGE:     220104
cpu5->cpu5_L1D LOAD         ACCESS:    6318082 HIT:    5919178 MISS:     398904 MSHR_MERGE:      98796
cpu5->cpu5_L1D RFO          ACCESS:          0 HIT:          0 MISS:          0 MSHR_MERGE:          0
cpu5->cpu5_L1D PREFETCH     ACCESS:          0 HIT:          0 MISS:          0 MSHR_MERGE:          0
cpu5->cpu5_L1D WRITE        ACCESS:    5065940 HIT:    4927143 MISS:     138797 MSHR_MERGE:     121308
cpu5->cpu5_L1D TRANSLATION  ACCESS:          0 HIT:          0 MISS:          0 MSHR_MERGE:          0
cpu5->cpu5_L1D PREFETCH REQUESTED:          0 ISSUED:          0 USEFUL:          0 USELESS:          0
cpu5->cpu5_L1D AVERAGE MISS LATENCY: 15.03 cycles
cpu5->cpu5_ITLB TOTAL        ACCESS:    7159564 HIT:    7159564 MISS:          0 MSHR_MERGE:          0
cpu5->cpu5_ITLB LOAD         ACCESS:    7159564 HIT:    7159564 MISS:          0 MSHR_MERGE:          0
cpu5->cpu5_ITLB RFO          ACCESS:          0 HIT:          0 MISS:          0 MSHR_MERGE:          0
cpu5->cpu5_ITLB PREFETCH     ACCESS:          0 HIT:          0 MISS:          0 MSHR_MERGE:          0
cpu5->cpu5_ITLB WRITE        ACCESS:          0 HIT:          0 MISS:          0 MSHR_MERGE:          0
cpu5->cpu5_ITLB TRANSLATION  ACCESS:          0 HIT:          0 MISS:          0 MSHR_MERGE:          0
cpu5->cpu5_ITLB PREFETCH REQUESTED:          0 ISSUED:          0 USEFUL:          0 USELESS:          0
cpu5->cpu5_ITLB AVERAGE MISS LATENCY: - cycles
cpu5->cpu5_DTLB TOTAL        ACCESS:   10468056 HIT:   10468056 MISS:          0 MSHR_MERGE:          0
cpu5->cpu5_DTLB LOAD         ACCESS:   10468056 HIT:   10468056 MISS:          0 MSHR_MERGE:          0
cpu5->cpu5_DTLB RFO          ACCESS:          0 HIT:          0 MISS:          0 MSHR_MERGE:          0
cpu5->cpu5_DTLB PREFETCH     ACCESS:          0 HIT:          0 MISS:          0 MSHR_MERGE:          0
cpu5->cpu5_DTLB WRITE        ACCESS:          0 HIT:          0 MISS:          0 MSHR_MERGE:          0
cpu5->cpu5_DTLB TRANSLATION  ACCESS:          0 HIT:          0 MISS:          0 MSHR_MERGE:          0
cpu5->cpu5_DTLB PREFETCH REQUESTED:          0 ISSUED:          0 USEFUL:          0 USELESS:          0
cpu5->cpu5_DTLB AVERAGE MISS LATENCY: - cycles
cpu4->cpu4_L2C TOTAL        ACCESS:     343381 HIT:     322663 MISS:      20718 MSHR_MERGE:          0
cpu4->cpu4_L2C LOAD         ACCESS:     300123 HIT:     286921 MISS:      13202 MSHR_MERGE:          0
cpu4->cpu4_L2C RFO          ACCESS:      17493 HIT:      10007 MISS:       7486 MSHR_MERGE:          0
cpu4->cpu4_L2C PREFETCH     ACCESS:          0 HIT:          0 MISS:          0 MSHR_MERGE:          0
cpu4->cpu4_L2C WRITE        ACCESS:      25765 HIT:      25735 MISS:         30 MSHR_MERGE:          0
cpu4->cpu4_L2C TRANSLATION  ACCESS:          0 HIT:          0 MISS:          0 MSHR_MERGE:          0
cpu4->cpu4_L2C PREFETCH REQUESTED:          0 ISSUED:          0 USEFUL:          0 USELESS:          0
cpu4->cpu4_L2C AVERAGE MISS LATENCY: 106.5 cycles
cpu4->cpu4_L1I TOTAL        ACCESS:    8078899 HIT:    8078899 MISS:          0 MSHR_MERGE:          0
cpu4->cpu4_L1I LOAD         ACCESS:    8078899 HIT:    8078899 MISS:          0 MSHR_MERGE:          0
cpu4->cpu4_L1I RFO          ACCESS:          0 HIT:          0 MISS:          0 MSHR_MERGE:          0
cpu4->cpu4_L1I PREFETCH     ACCESS:          0 HIT:          0 MISS:          0 MSHR_MERGE:          0
cpu4->cpu4_L1I WRITE        ACCESS:          0 HIT:          0 MISS:          0 MSHR_MERGE:          0
cpu4->cpu4_L1I TRANSLATION  ACCESS:          0 HIT:          0 MISS:          0 MSHR_MERGE:          0
cpu4->cpu4_L1I PREFETCH REQUESTED:          0 ISSUED:          0 USEFUL:          0 USELESS:          0
cpu4->cpu4_L1I AVERAGE MISS LATENCY: - cycles
cpu4->cpu4_L1D TOTAL        ACCESS:   11386692 HIT:   10849052 MISS:     537640 MSHR_MERGE:     220024
cpu4->cpu4_L1D LOAD         ACCESS:    6320004 HIT:    5921182 MISS:     398822 MSHR_MERGE:      98699
cpu4->cpu4_L1D RFO          ACCESS:          0 HIT:          0 MISS:          0 MSHR_MERGE:          0
cpu4->cpu4_L1D PREFETCH     ACCESS:          0 HIT:          0 MISS:          0 MSHR_MERGE:          0
cpu4->cpu4_L1D WRITE        ACCESS:    5066688 HIT:    4927870 MISS:     138818 MSHR_MERGE:     121325
cpu4->cpu4_L1D TRANSLATION  ACCESS:          0 HIT:          0 MISS:          0 MSHR_MERGE:          0
cpu4->cpu4_L1D PREFETCH REQUESTED:          0 ISSUED:          0 USEFUL:          0 USELESS:          0
cpu4->cpu4_L1D AVERAGE MISS LATENCY: 15.02 cycles
cpu4->cpu4_ITLB TOTAL        ACCESS:    7160823 HIT:    7160823 MISS:          0 MSHR_MERGE:          0
cpu4->cpu4_ITLB LOAD         ACCESS:    7160823 HIT:    7160823 MISS:          0 MSHR_MERGE:          0
cpu4->cpu4_ITLB RFO          ACCESS:          0 HIT:          0 MISS:          0 MSHR_MERGE:          0
cpu4->cpu4_ITLB PREFETCH     ACCESS:          0 HIT:          0 MISS:          0 MSHR_MERGE:          0
cpu4->cpu4_ITLB WRITE        ACCESS:          0 HIT:          0 MISS:          0 MSHR_MERGE:          0
cpu4->cpu4_ITLB TRANSLATION  ACCESS:          0 HIT:          0 MISS:          0 MSHR_MERGE:          0
cpu4->cpu4_ITLB PREFETCH REQUESTED:          0 ISSUED:          0 USEFUL:          0 USELESS:          0
cpu4->cpu4_ITLB AVERAGE MISS LATENCY: - cycles
cpu4->cpu4_DTLB TOTAL        ACCESS:   10470558 HIT:   10470558 MISS:          0 MSHR_MERGE:          0
cpu4->cpu4_DTLB LOAD         ACCESS:   10470558 HIT:   10470558 MISS:          0 MSHR_MERGE:          0
cpu4->cpu4_DTLB RFO          ACCESS:          0 HIT:          0 MISS:          0 MSHR_MERGE:          0
cpu4->cpu4_DTLB PREFETCH     ACCESS:          0 HIT:          0 MISS:          0 MSHR_MERGE:          0
cpu4->cpu4_DTLB WRITE        ACCESS:          0 HIT:          0 MISS:          0 MSHR_MERGE:          0
cpu4->cpu4_DTLB TRANSLATION  ACCESS:          0 HIT:          0 MISS:          0 MSHR_MERGE:          0
cpu4->cpu4_DTLB PREFETCH REQUESTED:          0 ISSUED:          0 USEFUL:          0 USELESS:          0
cpu4->cpu4_DTLB AVERAGE MISS LATENCY: - cycles
cpu3->cpu3_L2C TOTAL        ACCESS:     342904 HIT:     322207 MISS:      20697 MSHR_MERGE:          0
cpu3->cpu3_L2C LOAD         ACCESS:     299678 HIT:     286499 MISS:      13179 MSHR_MERGE:          0
cpu3->cpu3_L2C RFO          ACCESS:      17480 HIT:       9993 MISS:       7487 MSHR_MERGE:          0
cpu3->cpu3_L2C PREFETCH     ACCESS:          0 HIT:          0 MISS:          0 MSHR_MERGE:          0
cpu3->cpu3_L2C WRITE        ACCESS:      25746 HIT:      25715 MISS:         31 MSHR_MERGE:          0
cpu3->cpu3_L2C TRANSLATION  ACCESS:          0 HIT:          0 MISS:          0 MSHR_MERGE:          0
cpu3->cpu3_L2C PREFETCH REQUESTED:          0 ISSUED:          0 USEFUL:          0 USELESS:          0
cpu3->cpu3_L2C AVERAGE MISS LATENCY: 107.3 cycles
cpu3->cpu3_L1I TOTAL        ACCESS:    8076248 HIT:    8076248 MISS:          0 MSHR_MERGE:          0
cpu3->cpu3_L1I LOAD         ACCESS:    8076248 HIT:    8076248 MISS:          0 MSHR_MERGE:          0
cpu3->cpu3_L1I RFO          ACCESS:          0 HIT:          0 MISS:          0 MSHR_MERGE:          0
cpu3->cpu3_L1I PREFETCH     ACCESS:          0 HIT:          0 MISS:          0 MSHR_MERGE:          0
cpu3->cpu3_L1I WRITE        ACCESS:          0 HIT:          0 MISS:          0 MSHR_MERGE:          0
cpu3->cpu3_L1I TRANSLATION  ACCESS:          0 HIT:          0 MISS:          0 MSHR_MERGE:          0
cpu3->cpu3_L1I PREFETCH REQUESTED:          0 ISSUED:          0 USEFUL:          0 USELESS:          0
cpu3->cpu3_L1I AVERAGE MISS LATENCY: - cycles
cpu3->cpu3_L1D TOTAL        ACCESS:   11380537 HIT:   10843122 MISS:     537415 MSHR_MERGE:     220256
cpu3->cpu3_L1D LOAD         ACCESS:    6317798 HIT:    5919190 MISS:     398608 MSHR_MERGE:      98929
cpu3->cpu3_L1D RFO          ACCESS:          0 HIT:          0 MISS:          0 MSHR_MERGE:          0
cpu3->cpu3_L1D PREFETCH     ACCESS:          0 HIT:          0 MISS:          0 MSHR_MERGE:          0
cpu3->cpu3_L1D WRITE        ACCESS:    5062739 HIT:    4923932 MISS:     138807 MSHR_MERGE:     121327
cpu3->cpu3_L1D TRANSLATION  ACCESS:          0 HIT:          0 MISS:          0 MSHR_MERGE:          0
cpu3->cpu3_L1D PREFETCH REQUESTED:          0 ISSUED:          0 USEFUL:          0 USELESS:          0
cpu3->cpu3_L1D AVERAGE MISS LATENCY: 15.08 cycles
cpu3->cpu3_ITLB TOTAL        ACCESS:    7166070 HIT:    7166070 MISS:          0 MSHR_MERGE:          0
cpu3->cpu3_ITLB LOAD         ACCESS:    7166070 HIT:    7166070 MISS:          0 MSHR_MERGE:          0
cpu3->cpu3_ITLB RFO          ACCESS:          0 HIT:          0 MISS:          0 MSHR_MERGE:          0
cpu3->cpu3_ITLB PREFETCH     ACCESS:          0 HIT:          0 MISS:          0 MSHR_MERGE:          0
cpu3->cpu3_ITLB WRITE        ACCESS:          0 HIT:          0 MISS:          0 MSHR_MERGE:          0
cpu3->cpu3_ITLB TRANSLATION  ACCESS:          0 HIT:          0 MISS:          0 MSHR_MERGE:          0
cpu3->cpu3_ITLB PREFETCH REQUESTED:          0 ISSUED:          0 USEFUL:          0 USELESS:          0
cpu3->cpu3_ITLB AVERAGE MISS LATENCY: - cycles
cpu3->cpu3_DTLB TOTAL        ACCESS:   10490439 HIT:   10490439 MISS:          0 MSHR_MERGE:          0
cpu3->cpu3_DTLB LOAD         ACCESS:   10490439 HIT:   10490439 MISS:          0 MSHR_MERGE:          0
cpu3->cpu3_DTLB RFO          ACCESS:          0 HIT:          0 MISS:          0 MSHR_MERGE:          0
cpu3->cpu3_DTLB PREFETCH     ACCESS:          0 HIT:          0 MISS:          0 MSHR_MERGE:          0
cpu3->cpu3_DTLB WRITE        ACCESS:          0 HIT:          0 MISS:          0 MSHR_MERGE:          0
cpu3->cpu3_DTLB TRANSLATION  ACCESS:          0 HIT:          0 MISS:          0 MSHR_MERGE:          0
cpu3->cpu3_DTLB PREFETCH REQUESTED:          0 ISSUED:          0 USEFUL:          0 USELESS:          0
cpu3->cpu3_DTLB AVERAGE MISS LATENCY: - cycles
cpu2->cpu2_L2C TOTAL        ACCESS:     343416 HIT:     322674 MISS:      20742 MSHR_MERGE:          0
cpu2->cpu2_L2C LOAD         ACCESS:     300134 HIT:     286909 MISS:      13225 MSHR_MERGE:          0
cpu2->cpu2_L2C RFO          ACCESS:      17504 HIT:      10017 MISS:       7487 MSHR_MERGE:          0
cpu2->cpu2_L2C PREFETCH     ACCESS:          0 HIT:          0 MISS:          0 MSHR_MERGE:          0
cpu2->cpu2_L2C WRITE        ACCESS:      25778 HIT:      25748 MISS:         30 MSHR_MERGE:          0
cpu2->cpu2_L2C TRANSLATION  ACCESS:          0 HIT:          0 MISS:          0 MSHR_MERGE:          0
cpu2->cpu2_L2C PREFETCH REQUESTED:          0 ISSUED:          0 USEFUL:          0 USELESS:          0
cpu2->cpu2_L2C AVERAGE MISS LATENCY: 107.4 cycles
cpu2->cpu2_L1I TOTAL        ACCESS:    8078554 HIT:    8078554 MISS:          0 MSHR_MERGE:          0
cpu2->cpu2_L1I LOAD         ACCESS:    8078554 HIT:    8078554 MISS:          0 MSHR_MERGE:          0
cpu2->cpu2_L1I RFO          ACCESS:          0 HIT:          0 MISS:          0 MSHR_MERGE:          0
cpu2->cpu2_L1I PREFETCH     ACCESS:          0 HIT:          0 MISS:          0 MSHR_MERGE:          0
cpu2->cpu2_L1I WRITE        ACCESS:          0 HIT:          0 MISS:          0 MSHR_MERGE:          0
cpu2->cpu2_L1I TRANSLATION  ACCESS:          0 HIT:          0 MISS:          0 MSHR_MERGE:          0
cpu2->cpu2_L1I PREFETCH REQUESTED:          0 ISSUED:          0 USEFUL:          0 USELESS:          0
cpu2->cpu2_L1I AVERAGE MISS LATENCY: - cycles
cpu2->cpu2_L1D TOTAL        ACCESS:   11385346 HIT:   10847469 MISS:     537877 MSHR_MERGE:     220238
cpu2->cpu2_L1D LOAD         ACCESS:    6318724 HIT:    5919715 MISS:     399009 MSHR_MERGE:      98875
cpu2->cpu2_L1D RFO          ACCESS:          0 HIT:          0 MISS:          0 MSHR_MERGE:          0
cpu2->cpu2_L1D PREFETCH     ACCESS:          0 HIT:          0 MISS:          0 MSHR_MERGE:          0
cpu2->cpu2_L1D WRITE        ACCESS:    5066622 HIT:    4927754 MISS:     138868 MSHR_MERGE:     121363
cpu2->cpu2_L1D TRANSLATION  ACCESS:          0 HIT:          0 MISS:          0 MSHR_MERGE:          0
cpu2->cpu2_L1D PREFETCH REQUESTED:          0 ISSUED:          0 USEFUL:          0 USELESS:          0
cpu2->cpu2_L1D AVERAGE MISS LATENCY: 15.09 cycles
cpu2->cpu2_ITLB TOTAL        ACCESS:    7161062 HIT:    7161062 MISS:          0 MSHR_MERGE:          0
cpu2->cpu2_ITLB LOAD         ACCESS:    7161062 HIT:    7161062 MISS:          0 MSHR_MERGE:          0
cpu2->cpu2_ITLB RFO          ACCESS:          0 HIT:          0 MISS:          0 MSHR_MERGE:          0
cpu2->cpu2_ITLB PREFETCH     ACCESS:          0 HIT:          0 MISS:          0 MSHR_MERGE:          0
cpu2->cpu2_ITLB WRITE        ACCESS:          0 HIT:          0 MISS:          0 MSHR_MERGE:          0
cpu2->cpu2_ITLB TRANSLATION  ACCESS:          0 HIT:          0 MISS:          0 MSHR_MERGE:          0
cpu2->cpu2_ITLB PREFETCH REQUESTED:          0 ISSUED:          0 USEFUL:          0 USELESS:          0
cpu2->cpu2_ITLB AVERAGE MISS LATENCY: - cycles
cpu2->cpu2_DTLB TOTAL        ACCESS:   10469891 HIT:   10469891 MISS:          0 MSHR_MERGE:          0
cpu2->cpu2_DTLB LOAD         ACCESS:   10469891 HIT:   10469891 MISS:          0 MSHR_MERGE:          0
cpu2->cpu2_DTLB RFO          ACCESS:          0 HIT:          0 MISS:          0 MSHR_MERGE:          0
cpu2->cpu2_DTLB PREFETCH     ACCESS:          0 HIT:          0 MISS:          0 MSHR_MERGE:          0
cpu2->cpu2_DTLB WRITE        ACCESS:          0 HIT:          0 MISS:          0 MSHR_MERGE:          0
cpu2->cpu2_DTLB TRANSLATION  ACCESS:          0 HIT:          0 MISS:          0 MSHR_MERGE:          0
cpu2->cpu2_DTLB PREFETCH REQUESTED:          0 ISSUED:          0 USEFUL:          0 USELESS:          0
cpu2->cpu2_DTLB AVERAGE MISS LATENCY: - cycles
cpu1->cpu1_L2C TOTAL        ACCESS:     343367 HIT:     322627 MISS:      20740 MSHR_MERGE:          0
cpu1->cpu1_L2C LOAD         ACCESS:     300114 HIT:     286893 MISS:      13221 MSHR_MERGE:          0
cpu1->cpu1_L2C RFO          ACCESS:      17489 HIT:      10001 MISS:       7488 MSHR_MERGE:          0
cpu1->cpu1_L2C PREFETCH     ACCESS:          0 HIT:          0 MISS:          0 MSHR_MERGE:          0
cpu1->cpu1_L2C WRITE        ACCESS:      25764 HIT:      25733 MISS:         31 MSHR_MERGE:          0
cpu1->cpu1_L2C TRANSLATION  ACCESS:          0 HIT:          0 MISS:          0 MSHR_MERGE:          0
cpu1->cpu1_L2C PREFETCH REQUESTED:          0 ISSUED:          0 USEFUL:          0 USELESS:          0
cpu1->cpu1_L2C AVERAGE MISS LATENCY: 100.1 cycles
cpu1->cpu1_L1I TOTAL        ACCESS:    8072097 HIT:    8072097 MISS:          0 MSHR_MERGE:          0
cpu1->cpu1_L1I LOAD         ACCESS:    8072097 HIT:    8072097 MISS:          0 MSHR_MERGE:          0
cpu1->cpu1_L1I RFO          ACCESS:          0 HIT:          0 MISS:          0 MSHR_MERGE:          0
cpu1->cpu1_L1I PREFETCH     ACCESS:          0 HIT:          0 MISS:          0 MSHR_MERGE:          0
cpu1->cpu1_L1I WRITE        ACCESS:          0 HIT:          0 MISS:          0 MSHR_MERGE:          0
cpu1->cpu1_L1I TRANSLATION  ACCESS:          0 HIT:          0 MISS:          0 MSHR_MERGE:          0
cpu1->cpu1_L1I PREFETCH REQUESTED:          0 ISSUED:          0 USEFUL:          0 USELESS:          0
cpu1->cpu1_L1I AVERAGE MISS LATENCY: - cycles
cpu1->cpu1_L1D TOTAL        ACCESS:   11376488 HIT:   10839035 MISS:     537453 MSHR_MERGE:     219848
cpu1->cpu1_L1D LOAD         ACCESS:    6313303 HIT:    5914668 MISS:     398635 MSHR_MERGE:      98521
cpu1->cpu1_L1D RFO          ACCESS:          0 HIT:          0 MISS:          0 MSHR_MERGE:          0
cpu1->cpu1_L1D PREFETCH     ACCESS:          0 HIT:          0 MISS:          0 MSHR_MERGE:          0
cpu1->cpu1_L1D WRITE        ACCESS:    5063185 HIT:    4924367 MISS:     138818 MSHR_MERGE:     121327
cpu1->cpu1_L1D TRANSLATION  ACCESS:          0 HIT:          0 MISS:          0 MSHR_MERGE:          0
cpu1->cpu1_L1D PREFETCH REQUESTED:          0 ISSUED:          0 USEFUL:          0 USELESS:          0
cpu1->cpu1_L1D AVERAGE MISS LATENCY: 14.61 cycles
cpu1->cpu1_ITLB TOTAL        ACCESS:    7161346 HIT:    7161346 MISS:          0 MSHR_MERGE:          0
cpu1->cpu1_ITLB LOAD         ACCESS:    7161346 HIT:    7161346 MISS:          0 MSHR_MERGE:          0
cpu1->cpu1_ITLB RFO          ACCESS:          0 HIT:          0 MISS:          0 MSHR_MERGE:          0
cpu1->cpu1_ITLB PREFETCH     ACCESS:          0 HIT:          0 MISS:          0 MSHR_MERGE:          0
cpu1->cpu1_ITLB WRITE        ACCESS:          0 HIT:          0 MISS:          0 MSHR_MERGE:          0
cpu1->cpu1_ITLB TRANSLATION  ACCESS:          0 HIT:          0 MISS:          0 MSHR_MERGE:          0
cpu1->cpu1_ITLB PREFETCH REQUESTED:          0 ISSUED:          0 USEFUL:          0 USELESS:          0
cpu1->cpu1_ITLB AVERAGE MISS LATENCY: - cycles
cpu1->cpu1_DTLB TOTAL        ACCESS:   10463866 HIT:   10463866 MISS:          0 MSHR_MERGE:          0
cpu1->cpu1_DTLB LOAD         ACCESS:   10463866 HIT:   10463866 MISS:          0 MSHR_MERGE:          0
cpu1->cpu1_DTLB RFO          ACCESS:          0 HIT:          0 MISS:          0 MSHR_MERGE:          0
cpu1->cpu1_DTLB PREFETCH     ACCESS:          0 HIT:          0 MISS:          0 MSHR_MERGE:          0
cpu1->cpu1_DTLB WRITE        ACCESS:          0 HIT:          0 MISS:          0 MSHR_MERGE:          0
cpu1->cpu1_DTLB TRANSLATION  ACCESS:          0 HIT:          0 MISS:          0 MSHR_MERGE:          0
cpu1->cpu1_DTLB PREFETCH REQUESTED:          0 ISSUED:          0 USEFUL:          0 USELESS:          0
cpu1->cpu1_DTLB AVERAGE MISS LATENCY: - cycles
cpu0->cpu0_L2C TOTAL        ACCESS:     342912 HIT:     322228 MISS:      20684 MSHR_MERGE:          0
cpu0->cpu0_L2C LOAD         ACCESS:     299676 HIT:     286508 MISS:      13168 MSHR_MERGE:          0
cpu0->cpu0_L2C RFO          ACCESS:      17484 HIT:       9998 MISS:       7486 MSHR_MERGE:          0
cpu0->cpu0_L2C PREFETCH     ACCESS:          0 HIT:          0 MISS:          0 MSHR_MERGE:          0
cpu0->cpu0_L2C WRITE        ACCESS:      25752 HIT:      25722 MISS:         30 MSHR_MERGE:          0
cpu0->cpu0_L2C TRANSLATION  ACCESS:          0 HIT:          0 MISS:          0 MSHR_MERGE:          0
cpu0->cpu0_L2C PREFETCH REQUESTED:          0 ISSUED:          0 USEFUL:          0 USELESS:          0
cpu0->cpu0_L2C AVERAGE MISS LATENCY: 106.6 cycles
cpu0->cpu0_L1I TOTAL        ACCESS:    8077210 HIT:    8077210 MISS:          0 MSHR_MERGE:          0
cpu0->cpu0_L1I LOAD         ACCESS:    8077210 HIT:    8077210 MISS:          0 MSHR_MERGE:          0
cpu0->cpu0_L1I RFO          ACCESS:          0 HIT:          0 MISS:          0 MSHR_MERGE:          0
cpu0->cpu0_L1I PREFETCH     ACCESS:          0 HIT:          0 MISS:          0 MSHR_MERGE:          0
cpu0->cpu0_L1I WRITE        ACCESS:          0 HIT:          0 MISS:          0 MSHR_MERGE:          0
cpu0->cpu0_L1I TRANSLATION  ACCESS:          0 HIT:          0 MISS:          0 MSHR_MERGE:          0
cpu0->cpu0_L1I PREFETCH REQUESTED:          0 ISSUED:          0 USEFUL:          0 USELESS:          0
cpu0->cpu0_L1I AVERAGE MISS LATENCY: - cycles
cpu0->cpu0_L1D TOTAL        ACCESS:   11381718 HIT:   10844453 MISS:     537265 MSHR_MERGE:     220103
cpu0->cpu0_L1D LOAD         ACCESS:    6318569 HIT:    5920103 MISS:     398466 MSHR_MERGE:      98789
cpu0->cpu0_L1D RFO          ACCESS:          0 HIT:          0 MISS:          0 MSHR_MERGE:          0
cpu0->cpu0_L1D PREFETCH     ACCESS:          0 HIT:          0 MISS:          0 MSHR_MERGE:          0
cpu0->cpu0_L1D WRITE        ACCESS:    5063149 HIT:    4924350 MISS:     138799 MSHR_MERGE:     121314
cpu0->cpu0_L1D TRANSLATION  ACCESS:          0 HIT:          0 MISS:          0 MSHR_MERGE:          0
cpu0->cpu0_L1D PREFETCH REQUESTED:          0 ISSUED:          0 USEFUL:          0 USELESS:          0
cpu0->cpu0_L1D AVERAGE MISS LATENCY: 15.02 cycles
cpu0->cpu0_ITLB TOTAL        ACCESS:    7167061 HIT:    7167061 MISS:          0 MSHR_MERGE:          0
cpu0->cpu0_ITLB LOAD         ACCESS:    7167061 HIT:    7167061 MISS:          0 MSHR_MERGE:          0
cpu0->cpu0_ITLB RFO          ACCESS:          0 HIT:          0 MISS:          0 MSHR_MERGE:          0
cpu0->cpu0_ITLB PREFETCH     ACCESS:          0 HIT:          0 MISS:          0 MSHR_MERGE:          0
cpu0->cpu0_ITLB WRITE        ACCESS:          0 HIT:          0 MISS:          0 MSHR_MERGE:          0
cpu0->cpu0_ITLB TRANSLATION  ACCESS:          0 HIT:          0 MISS:          0 MSHR_MERGE:          0
cpu0->cpu0_ITLB PREFETCH REQUESTED:          0 ISSUED:          0 USEFUL:          0 USELESS:          0
cpu0->cpu0_ITLB AVERAGE MISS LATENCY: - cycles
cpu0->cpu0_DTLB TOTAL        ACCESS:   10491407 HIT:   10491407 MISS:          0 MSHR_MERGE:          0
cpu0->cpu0_DTLB LOAD         ACCESS:   10491407 HIT:   10491407 MISS:          0 MSHR_MERGE:          0
cpu0->cpu0_DTLB RFO          ACCESS:          0 HIT:          0 MISS:          0 MSHR_MERGE:          0
cpu0->cpu0_DTLB PREFETCH     ACCESS:          0 HIT:          0 MISS:          0 MSHR_MERGE:          0
cpu0->cpu0_DTLB WRITE        ACCESS:          0 HIT:          0 MISS:          0 MSHR_MERGE:          0
cpu0->cpu0_DTLB TRANSLATION  ACCESS:          0 HIT:          0 MISS:          0 MSHR_MERGE:          0
cpu0->cpu0_DTLB PREFETCH REQUESTED:          0 ISSUED:          0 USEFUL:          0 USELESS:          0
cpu0->cpu0_DTLB AVERAGE MISS LATENCY: - cycles
cpu0->LLC TOTAL        ACCESS:      27464 HIT:      19096 MISS:       8368 MSHR_MERGE:          0
cpu0->LLC LOAD         ACCESS:      13168 HIT:      12203 MISS:        965 MSHR_MERGE:          0
cpu0->LLC RFO          ACCESS:       7486 HIT:        146 MISS:       7340 MSHR_MERGE:          0
cpu0->LLC PREFETCH     ACCESS:          0 HIT:          0 MISS:          0 MSHR_MERGE:          0
cpu0->LLC WRITE        ACCESS:       6810 HIT:       6747 MISS:         63 MSHR_MERGE:          0
cpu0->LLC TRANSLATION  ACCESS:          0 HIT:          0 MISS:          0 MSHR_MERGE:          0
cpu0->LLC PREFETCH REQUESTED:          0 ISSUED:          0 USEFUL:          0 USELESS:          0
cpu0->LLC AVERAGE MISS LATENCY: 1801 cycles
cpu1->LLC TOTAL        ACCESS:      27525 HIT:      19135 MISS:       8390 MSHR_MERGE:          0
cpu1->LLC LOAD         ACCESS:      13221 HIT:      12237 MISS:        984 MSHR_MERGE:          0
cpu1->LLC RFO          ACCESS:       7488 HIT:        148 MISS:       7340 MSHR_MERGE:          0
cpu1->LLC PREFETCH     ACCESS:          0 HIT:          0 MISS:          0 MSHR_MERGE:          0
cpu1->LLC WRITE        ACCESS:       6816 HIT:       6750 MISS:         66 MSHR_MERGE:          0
cpu1->LLC TRANSLATION  ACCESS:          0 HIT:          0 MISS:          0 MSHR_MERGE:          0
cpu1->LLC PREFETCH REQUESTED:          0 ISSUED:          0 USEFUL:          0 USELESS:          0
cpu1->LLC AVERAGE MISS LATENCY: 1797 cycles
cpu2->LLC TOTAL        ACCESS:      27526 HIT:      19161 MISS:       8365 MSHR_MERGE:          0
cpu2->LLC LOAD         ACCESS:      13225 HIT:      12262 MISS:        963 MSHR_MERGE:          0
cpu2->LLC RFO          ACCESS:       7487 HIT:        147 MISS:       7340 MSHR_MERGE:          0
cpu2->LLC PREFETCH     ACCESS:          0 HIT:          0 MISS:          0 MSHR_MERGE:          0
cpu2->LLC WRITE        ACCESS:       6814 HIT:       6752 MISS:         62 MSHR_MERGE:          0
cpu2->LLC TRANSLATION  ACCESS:          0 HIT:          0 MISS:          0 MSHR_MERGE:          0
cpu2->LLC PREFETCH REQUESTED:          0 ISSUED:          0 USEFUL:          0 USELESS:          0
cpu2->LLC AVERAGE MISS LATENCY: 1802 cycles
cpu3->LLC TOTAL        ACCESS:      27478 HIT:      19108 MISS:       8370 MSHR_MERGE:          0
cpu3->LLC LOAD         ACCESS:      13179 HIT:      12214 MISS:        965 MSHR_MERGE:          0
cpu3->LLC RFO          ACCESS:       7487 HIT:        147 MISS:       7340 MSHR_MERGE:          0
cpu3->LLC PREFETCH     ACCESS:          0 HIT:          0 MISS:          0 MSHR_MERGE:          0
cpu3->LLC WRITE        ACCESS:       6812 HIT:       6747 MISS:         65 MSHR_MERGE:          0
cpu3->LLC TRANSLATION  ACCESS:          0 HIT:          0 MISS:          0 MSHR_MERGE:          0
cpu3->LLC PREFETCH REQUESTED:          0 ISSUED:          0 USEFUL:          0 USELESS:          0
cpu3->LLC AVERAGE MISS LATENCY: 1801 cycles
cpu4->LLC TOTAL        ACCESS:      27501 HIT:      19128 MISS:       8373 MSHR_MERGE:          0
cpu4->LLC LOAD         ACCESS:      13202 HIT:      12235 MISS:        967 MSHR_MERGE:          0
cpu4->LLC RFO          ACCESS:       7486 HIT:        146 MISS:       7340 MSHR_MERGE:          0
cpu4->LLC PREFETCH     ACCESS:          0 HIT:          0 MISS:          0 MSHR_MERGE:          0
cpu4->LLC WRITE        ACCESS:       6813 HIT:       6747 MISS:         66 MSHR_MERGE:          0
cpu4->LLC TRANSLATION  ACCESS:          0 HIT:          0 MISS:          0 MSHR_MERGE:          0
cpu4->LLC PREFETCH REQUESTED:          0 ISSUED:          0 USEFUL:          0 USELESS:          0
cpu4->LLC AVERAGE MISS LATENCY: 1800 cycles
cpu5->LLC TOTAL        ACCESS:      27527 HIT:      19138 MISS:       8389 MSHR_MERGE:          0
cpu5->LLC LOAD         ACCESS:      13226 HIT:      12242 MISS:        984 MSHR_MERGE:          0
cpu5->LLC RFO          ACCESS:       7487 HIT:        147 MISS:       7340 MSHR_MERGE:          0
cpu5->LLC PREFETCH     ACCESS:          0 HIT:          0 MISS:          0 MSHR_MERGE:          0
cpu5->LLC WRITE        ACCESS:       6814 HIT:       6749 MISS:         65 MSHR_MERGE:          0
cpu5->LLC TRANSLATION  ACCESS:          0 HIT:          0 MISS:          0 MSHR_MERGE:          0
cpu5->LLC PREFETCH REQUESTED:          0 ISSUED:          0 USEFUL:          0 USELESS:          0
cpu5->LLC AVERAGE MISS LATENCY: 1797 cycles
cpu6->LLC TOTAL        ACCESS:      27468 HIT:      19100 MISS:       8368 MSHR_MERGE:          0
cpu6->LLC LOAD         ACCESS:      13173 HIT:      12207 MISS:        966 MSHR_MERGE:          0
cpu6->LLC RFO          ACCESS:       7487 HIT:        147 MISS:       7340 MSHR_MERGE:          0
cpu6->LLC PREFETCH     ACCESS:          0 HIT:          0 MISS:          0 MSHR_MERGE:          0
cpu6->LLC WRITE        ACCESS:       6808 HIT:       6746 MISS:         62 MSHR_MERGE:          0
cpu6->LLC TRANSLATION  ACCESS:          0 HIT:          0 MISS:          0 MSHR_MERGE:          0
cpu6->LLC PREFETCH REQUESTED:          0 ISSUED:          0 USEFUL:          0 USELESS:          0
cpu6->LLC AVERAGE MISS LATENCY: 1801 cycles
cpu7->LLC TOTAL        ACCESS:      27480 HIT:      19107 MISS:       8373 MSHR_MERGE:          0
cpu7->LLC LOAD         ACCESS:      13179 HIT:      12213 MISS:        966 MSHR_MERGE:          0
cpu7->LLC RFO          ACCESS:       7487 HIT:        147 MISS:       7340 MSHR_MERGE:          0
cpu7->LLC PREFETCH     ACCESS:          0 HIT:          0 MISS:          0 MSHR_MERGE:          0
cpu7->LLC WRITE        ACCESS:       6814 HIT:       6747 MISS:         67 MSHR_MERGE:          0
cpu7->LLC TRANSLATION  ACCESS:          0 HIT:          0 MISS:          0 MSHR_MERGE:          0
cpu7->LLC PREFETCH REQUESTED:          0 ISSUED:          0 USEFUL:          0 USELESS:          0
cpu7->LLC AVERAGE MISS LATENCY: 1800 cycles

DRAM Statistics

Channel 0 READ REQS:      33076	WRITE REQS:       1204
  READS:      33076	READ_HITS:          0
  WRITES:       1204	WRITE HITS:          0
  ACTIVATES:      34280	PRECHARGES:      34280
  RQ FULL:          0	WQ FULL:          0
  WRITE DRAINS:        781	FORCED:          0
  MEAN WRITE IMBALANCE: 1.0038412291933418
  READ OCCU PRE DRAIN:          0	POST DRAIN: 1.0012804097311139
  MEAN WLP: 1.2227912932138285
  READ LATENCY: 53.80082234853066

Channel 1 READ REQS:      33404	WRITE REQS:       1177
  READS:      33404	READ_HITS:          0
  WRITES:       1177	WRITE HITS:          0
  ACTIVATES:      34581	PRECHARGES:      34581
  RQ FULL:          0	WQ FULL:          0
  WRITE DRAINS:        718	FORCED:          0
  MEAN WRITE IMBALANCE: 1.0027855153203342
  READ OCCU PRE DRAIN:          0	POST DRAIN: 1.0055710306406684
  MEAN WLP: 1.2729805013927578
  READ LATENCY: 53.60432882289546
