[VMEM] WARNING: physical memory size is smaller than virtual memory size.
dram page policy: is open = 0	is close = 1	is soft close = 0	cmd arg = 1

*** ChampSim Multicore Out-of-Order Simulator ***
Warmup Instructions: 25000000
Simulation Instructions: 50000000
Number of CPUs: 8
Page size: 2097152

CL :	 16.64 ns
CWL :	 15.808 ns
tRP :	 16.224 ns
tRCD :	 16.224 ns
tRAS :	 32.032000000000004 ns
tRTP :	 7.904 ns
tWR :	 30.368000000000002 ns

tCCD_S :	 3.3280000000000003 ns
tCCD_S_WR :	 3.3280000000000003 ns
tCCD_S_WTR :	 22.048000000000002 ns
tCCD_L :	 5.408 ns
tCCD_L_WR :	 20.384 ns
tCCD_L_WTR :	 29.536 ns
tRRD_S :	 3.3280000000000003 ns
tRRD_L :	 5.408 ns
tFAW :	 13.728 ns
Address mapping (perm = 1) 	ch co bg bg bg ba ba co co co co co co ro ro ro ro ro ro ro ro ro ro ro ro ro ro ro 
dram queue size: R = 64 W = 48 (low:high is 9:39)
Heartbeat CPU 0 instructions: 10000002 cycles: 2598248 heartbeat IPC: 3.849 cumulative IPC: 3.849 (Simulation time: 00 hr 11 min 49 sec)
Heartbeat CPU 1 instructions: 10000002 cycles: 2599757 heartbeat IPC: 3.847 cumulative IPC: 3.847 (Simulation time: 00 hr 11 min 49 sec)
Heartbeat CPU 2 instructions: 10000002 cycles: 2601776 heartbeat IPC: 3.844 cumulative IPC: 3.844 (Simulation time: 00 hr 11 min 49 sec)
Heartbeat CPU 3 instructions: 10000002 cycles: 2603593 heartbeat IPC: 3.841 cumulative IPC: 3.841 (Simulation time: 00 hr 11 min 49 sec)
Heartbeat CPU 4 instructions: 10000002 cycles: 2605521 heartbeat IPC: 3.838 cumulative IPC: 3.838 (Simulation time: 00 hr 11 min 50 sec)
Heartbeat CPU 5 instructions: 10000002 cycles: 2606677 heartbeat IPC: 3.836 cumulative IPC: 3.836 (Simulation time: 00 hr 11 min 50 sec)
Heartbeat CPU 6 instructions: 10000002 cycles: 2608352 heartbeat IPC: 3.834 cumulative IPC: 3.834 (Simulation time: 00 hr 11 min 50 sec)
Heartbeat CPU 7 instructions: 10000002 cycles: 2609525 heartbeat IPC: 3.832 cumulative IPC: 3.832 (Simulation time: 00 hr 11 min 50 sec)
Heartbeat CPU 0 instructions: 20000005 cycles: 5178999 heartbeat IPC: 3.875 cumulative IPC: 3.862 (Simulation time: 00 hr 23 min 41 sec)
Heartbeat CPU 1 instructions: 20000005 cycles: 5181436 heartbeat IPC: 3.873 cumulative IPC: 3.86 (Simulation time: 00 hr 23 min 42 sec)
Heartbeat CPU 2 instructions: 20000005 cycles: 5183691 heartbeat IPC: 3.873 cumulative IPC: 3.858 (Simulation time: 00 hr 23 min 42 sec)
Heartbeat CPU 3 instructions: 20000005 cycles: 5185524 heartbeat IPC: 3.873 cumulative IPC: 3.857 (Simulation time: 00 hr 23 min 42 sec)
Heartbeat CPU 4 instructions: 20000005 cycles: 5187338 heartbeat IPC: 3.873 cumulative IPC: 3.856 (Simulation time: 00 hr 23 min 43 sec)
Heartbeat CPU 5 instructions: 20000005 cycles: 5188820 heartbeat IPC: 3.873 cumulative IPC: 3.854 (Simulation time: 00 hr 23 min 43 sec)
Heartbeat CPU 6 instructions: 20000005 cycles: 5191059 heartbeat IPC: 3.872 cumulative IPC: 3.853 (Simulation time: 00 hr 23 min 43 sec)
Heartbeat CPU 7 instructions: 20000005 cycles: 5192538 heartbeat IPC: 3.871 cumulative IPC: 3.852 (Simulation time: 00 hr 23 min 43 sec)
Warmup finished CPU 0 instructions: 25000000 cycles: 6469093 cumulative IPC: 3.865 (Simulation time: 00 hr 29 min 33 sec)
Warmup finished CPU 1 instructions: 25000000 cycles: 6472043 cumulative IPC: 3.863 (Simulation time: 00 hr 29 min 34 sec)
Warmup finished CPU 2 instructions: 25000000 cycles: 6474310 cumulative IPC: 3.861 (Simulation time: 00 hr 29 min 34 sec)
Warmup finished CPU 3 instructions: 25000000 cycles: 6476123 cumulative IPC: 3.86 (Simulation time: 00 hr 29 min 35 sec)
Warmup finished CPU 4 instructions: 25000000 cycles: 6478337 cumulative IPC: 3.859 (Simulation time: 00 hr 29 min 35 sec)
Warmup finished CPU 5 instructions: 25000000 cycles: 6480196 cumulative IPC: 3.858 (Simulation time: 00 hr 29 min 35 sec)
Warmup finished CPU 6 instructions: 25000000 cycles: 6481718 cumulative IPC: 3.857 (Simulation time: 00 hr 29 min 36 sec)
Warmup finished CPU 7 instructions: 25000000 cycles: 6484339 cumulative IPC: 3.855 (Simulation time: 00 hr 29 min 36 sec)
Warmup complete CPU 7 instructions: 25000000 cycles: 6484339 cumulative IPC: 3.855 (Simulation time: 00 hr 29 min 36 sec)
Warmup complete CPU 6 instructions: 25009616 cycles: 6484339 cumulative IPC: 3.857 (Simulation time: 00 hr 29 min 36 sec)
Warmup complete CPU 5 instructions: 25015367 cycles: 6484339 cumulative IPC: 3.858 (Simulation time: 00 hr 29 min 36 sec)
Warmup complete CPU 4 instructions: 25022475 cycles: 6484339 cumulative IPC: 3.859 (Simulation time: 00 hr 29 min 36 sec)
Warmup complete CPU 3 instructions: 25031154 cycles: 6484339 cumulative IPC: 3.86 (Simulation time: 00 hr 29 min 36 sec)
Warmup complete CPU 2 instructions: 25037932 cycles: 6484339 cumulative IPC: 3.861 (Simulation time: 00 hr 29 min 36 sec)
Warmup complete CPU 1 instructions: 25046572 cycles: 6484339 cumulative IPC: 3.863 (Simulation time: 00 hr 29 min 36 sec)
Warmup complete CPU 0 instructions: 25057141 cycles: 6484339 cumulative IPC: 3.864 (Simulation time: 00 hr 29 min 36 sec)
Heartbeat CPU 1 instructions: 30000006 cycles: 10434851 heartbeat IPC: 1.904 cumulative IPC: 1.254 (Simulation time: 00 hr 40 min 20 sec)
Heartbeat CPU 4 instructions: 30000006 cycles: 10434897 heartbeat IPC: 1.906 cumulative IPC: 1.26 (Simulation time: 00 hr 40 min 20 sec)
Heartbeat CPU 0 instructions: 30000006 cycles: 10435405 heartbeat IPC: 1.902 cumulative IPC: 1.251 (Simulation time: 00 hr 40 min 20 sec)
Heartbeat CPU 2 instructions: 30000006 cycles: 10437051 heartbeat IPC: 1.904 cumulative IPC: 1.255 (Simulation time: 00 hr 40 min 20 sec)
Heartbeat CPU 6 instructions: 30000006 cycles: 10439705 heartbeat IPC: 1.905 cumulative IPC: 1.262 (Simulation time: 00 hr 40 min 20 sec)
Heartbeat CPU 5 instructions: 30000006 cycles: 10443663 heartbeat IPC: 1.903 cumulative IPC: 1.259 (Simulation time: 00 hr 40 min 21 sec)
Heartbeat CPU 3 instructions: 30000008 cycles: 10446994 heartbeat IPC: 1.901 cumulative IPC: 1.254 (Simulation time: 00 hr 40 min 22 sec)
Heartbeat CPU 7 instructions: 30000006 cycles: 10447731 heartbeat IPC: 1.903 cumulative IPC: 1.262 (Simulation time: 00 hr 40 min 22 sec)
Heartbeat CPU 6 instructions: 40000006 cycles: 18378584 heartbeat IPC: 1.26 cumulative IPC: 1.26 (Simulation time: 01 hr 01 min 52 sec)
Heartbeat CPU 2 instructions: 40000006 cycles: 18381761 heartbeat IPC: 1.259 cumulative IPC: 1.258 (Simulation time: 01 hr 01 min 52 sec)
Heartbeat CPU 1 instructions: 40000006 cycles: 18389522 heartbeat IPC: 1.257 cumulative IPC: 1.256 (Simulation time: 01 hr 01 min 53 sec)
Heartbeat CPU 7 instructions: 40000006 cycles: 18390293 heartbeat IPC: 1.259 cumulative IPC: 1.26 (Simulation time: 01 hr 01 min 53 sec)
Heartbeat CPU 4 instructions: 40000006 cycles: 18391461 heartbeat IPC: 1.257 cumulative IPC: 1.258 (Simulation time: 01 hr 01 min 53 sec)
Heartbeat CPU 0 instructions: 40000006 cycles: 18393834 heartbeat IPC: 1.257 cumulative IPC: 1.255 (Simulation time: 01 hr 01 min 53 sec)
Heartbeat CPU 5 instructions: 40000006 cycles: 18394052 heartbeat IPC: 1.258 cumulative IPC: 1.258 (Simulation time: 01 hr 01 min 54 sec)
Heartbeat CPU 3 instructions: 40000011 cycles: 18398976 heartbeat IPC: 1.258 cumulative IPC: 1.256 (Simulation time: 01 hr 01 min 54 sec)
Heartbeat CPU 0 instructions: 50000010 cycles: 26220871 heartbeat IPC: 1.278 cumulative IPC: 1.264 (Simulation time: 01 hr 23 min 13 sec)
Heartbeat CPU 2 instructions: 50000010 cycles: 26221118 heartbeat IPC: 1.276 cumulative IPC: 1.265 (Simulation time: 01 hr 23 min 13 sec)
Heartbeat CPU 6 instructions: 50000010 cycles: 26222540 heartbeat IPC: 1.275 cumulative IPC: 1.266 (Simulation time: 01 hr 23 min 13 sec)
Heartbeat CPU 1 instructions: 50000010 cycles: 26226035 heartbeat IPC: 1.276 cumulative IPC: 1.264 (Simulation time: 01 hr 23 min 14 sec)
Heartbeat CPU 7 instructions: 50000010 cycles: 26226681 heartbeat IPC: 1.276 cumulative IPC: 1.266 (Simulation time: 01 hr 23 min 14 sec)
Heartbeat CPU 4 instructions: 50000010 cycles: 26233521 heartbeat IPC: 1.275 cumulative IPC: 1.265 (Simulation time: 01 hr 23 min 15 sec)
Heartbeat CPU 5 instructions: 50000010 cycles: 26239610 heartbeat IPC: 1.275 cumulative IPC: 1.265 (Simulation time: 01 hr 23 min 16 sec)
Heartbeat CPU 3 instructions: 500000