---------------------------------------
Begin Slurm Prolog: Apr-07-2025 19:22:20
Job ID:    3599684
User ID:   svittal8
Account:   gts-mqureshi4-rg
Job name:  wrap
Partition: cpu-small
QOS:       inferno
---------------------------------------
[VMEM] WARNING: physical memory size is smaller than virtual memory size.

*** ChampSim Multicore Out-of-Order Simulator ***
Warmup Instructions: 25000000
Simulation Instructions: 100000000
Number of CPUs: 8
Page size: 2097152

CL :	 16.64 ns
CWL :	 15.808 ns
tRP :	 16.224 ns
tRCD :	 16.224 ns
tRAS :	 32.032000000000004 ns
tRTP :	 7.904 ns
tWR :	 30.368000000000002 ns

tCCD_S :	 3.3280000000000003 ns
tCCD_S_WR :	 3.3280000000000003 ns
tCCD_S_WTR :	 22.048000000000002 ns
tCCD_L :	 5.408 ns
tCCD_L_WR :	 20.384 ns
tCCD_L_WTR :	 29.536 ns
tRRD_S :	 3.3280000000000003 ns
tRRD_L :	 5.408 ns
tFAW :	 13.728 ns
Address mapping (perm = 1) 	ch co bg bg bg ba ba co co co co co co ro ro ro ro ro ro ro ro ro ro ro ro ro ro ro 
dram queue size: R = 64 W = 48 (low:high is 9:39)
Heartbeat CPU 0 instructions: 10000004 cycles: 2569693 heartbeat IPC: 3.892 cumulative IPC: 3.892 (Simulation time: 00 hr 06 min 41 sec)
Heartbeat CPU 1 instructions: 10000004 cycles: 2570647 heartbeat IPC: 3.89 cumulative IPC: 3.89 (Simulation time: 00 hr 06 min 41 sec)
Heartbeat CPU 2 instructions: 10000004 cycles: 2571252 heartbeat IPC: 3.889 cumulative IPC: 3.889 (Simulation time: 00 hr 06 min 41 sec)
Heartbeat CPU 3 instructions: 10000004 cycles: 2571665 heartbeat IPC: 3.889 cumulative IPC: 3.889 (Simulation time: 00 hr 06 min 41 sec)
Heartbeat CPU 4 instructions: 10000004 cycles: 2571938 heartbeat IPC: 3.888 cumulative IPC: 3.888 (Simulation time: 00 hr 06 min 41 sec)
Heartbeat CPU 5 instructions: 10000004 cycles: 2572298 heartbeat IPC: 3.888 cumulative IPC: 3.888 (Simulation time: 00 hr 06 min 41 sec)
Heartbeat CPU 6 instructions: 10000003 cycles: 2572602 heartbeat IPC: 3.887 cumulative IPC: 3.887 (Simulation time: 00 hr 06 min 41 sec)
Heartbeat CPU 7 instructions: 10000004 cycles: 2572850 heartbeat IPC: 3.887 cumulative IPC: 3.887 (Simulation time: 00 hr 06 min 41 sec)
Heartbeat CPU 0 instructions: 20000007 cycles: 5081924 heartbeat IPC: 3.981 cumulative IPC: 3.936 (Simulation time: 00 hr 12 min 53 sec)
Heartbeat CPU 1 instructions: 20000006 cycles: 5089546 heartbeat IPC: 3.97 cumulative IPC: 3.93 (Simulation time: 00 hr 12 min 55 sec)
Heartbeat CPU 2 instructions: 20000006 cycles: 5091158 heartbeat IPC: 3.968 cumulative IPC: 3.928 (Simulation time: 00 hr 12 min 55 sec)
Heartbeat CPU 3 instructions: 20000006 cycles: 5093122 heartbeat IPC: 3.966 cumulative IPC: 3.927 (Simulation time: 00 hr 12 min 55 sec)
Heartbeat CPU 4 instructions: 20000007 cycles: 5093660 heartbeat IPC: 3.966 cumulative IPC: 3.926 (Simulation time: 00 hr 12 min 55 sec)
Heartbeat CPU 5 instructions: 20000006 cycles: 5094867 heartbeat IPC: 3.964 cumulative IPC: 3.926 (Simulation time: 00 hr 12 min 55 sec)
Heartbeat CPU 6 instructions: 20000006 cycles: 5095749 heartbeat IPC: 3.963 cumulative IPC: 3.925 (Simulation time: 00 hr 12 min 56 sec)
Heartbeat CPU 7 instructions: 20000006 cycles: 5096449 heartbeat IPC: 3.963 cumulative IPC: 3.924 (Simulation time: 00 hr 12 min 56 sec)
Warmup finished CPU 0 instructions: 25000001 cycles: 6332907 cumulative IPC: 3.948 (Simulation time: 00 hr 15 min 57 sec)
Warmup finished CPU 1 instructions: 25000000 cycles: 6340623 cumulative IPC: 3.943 (Simulation time: 00 hr 15 min 58 sec)
Warmup finished CPU 2 instructions: 25000003 cycles: 6341848 cumulative IPC: 3.942 (Simulation time: 00 hr 15 min 58 sec)
Warmup finished CPU 3 instructions: 25000000 cycles: 6343713 cumulative IPC: 3.941 (Simulation time: 00 hr 15 min 58 sec)
Warmup finished CPU 4 instructions: 25000001 cycles: 6344307 cumulative IPC: 3.941 (Simulation time: 00 hr 15 min 58 sec)
Warmup finished CPU 5 instructions: 25000000 cycles: 6345407 cumulative IPC: 3.94 (Simulation time: 00 hr 15 min 59 sec)
Warmup finished CPU 6 instructions: 25000003 cycles: 6346248 cumulative IPC: 3.939 (Simulation time: 00 hr 15 min 59 sec)
Warmup finished CPU 7 instructions: 25000003 cycles: 6347029 cumulative IPC: 3.939 (Simulation time: 00 hr 15 min 59 sec)
Warmup complete CPU 7 instructions: 25000003 cycles: 6347029 cumulative IPC: 3.939 (Simulation time: 00 hr 15 min 59 sec)
Warmup complete CPU 6 instructions: 25003127 cycles: 6347029 cumulative IPC: 3.939 (Simulation time: 00 hr 15 min 59 sec)
Warmup complete CPU 5 instructions: 25006488 cycles: 6347029 cumulative IPC: 3.94 (Simulation time: 00 hr 15 min 59 sec)
Warmup complete CPU 4 instructions: 25010889 cycles: 6347029 cumulative IPC: 3.941 (Simulation time: 00 hr 15 min 59 sec)
Warmup complete CPU 3 instructions: 25013264 cycles: 6347029 cumulative IPC: 3.941 (Simulation time: 00 hr 15 min 59 sec)
Warmup complete CPU 2 instructions: 25020727 cycles: 6347029 cumulative IPC: 3.942 (Simulation time: 00 hr 15 min 59 sec)
Warmup complete CPU 1 instructions: 25025624 cycles: 6347029 cumulative IPC: 3.943 (Simulation time: 00 hr 15 min 59 sec)
Warmup complete CPU 0 instructions: 25056489 cycles: 6347029 cumulative IPC: 3.948 (Simulation time: 00 hr 15 min 59 sec)
Heartbeat CPU 0 instructions: 30000010 cycles: 15458439 heartbeat IPC: 0.9637 cumulative IPC: 0.5426 (Simulation time: 00 hr 26 min 32 sec)
Heartbeat CPU 4 instructions: 30000010 cycles: 15458525 heartbeat IPC: 0.9648 cumulative IPC: 0.5476 (Simulation time: 00 hr 26 min 32 sec)
Heartbeat CPU 3 instructions: 30000010 cycles: 15477651 heartbeat IPC: 0.963 cumulative IPC: 0.5462 (Simulation time: 00 hr 26 min 34 sec)
Heartbeat CPU 5 instructions: 30000010 cycles: 15479590 heartbeat IPC: 0.963 cumulative IPC: 0.5468 (Simulation time: 00 hr 26 min 34 sec)
Heartbeat CPU 7 instructions: 30000010 cycles: 15479639 heartbeat IPC: 0.9631 cumulative IPC: 0.5475 (Simulation time: 00 hr 26 min 34 sec)
Heartbeat CPU 1 instructions: 30000010 cycles: 15479755 heartbeat IPC: 0.9624 cumulative IPC: 0.5447 (Simulation time: 00 hr 26 min 34 sec)
Heartbeat CPU 2 instructions: 30000010 cycles: 15497847 heartbeat IPC: 0.9609 cumulative IPC: 0.5441 (Simulation time: 00 hr 26 min 35 sec)
Heartbeat CPU 6 instructions: 30000010 cycles: 15588218 heartbeat IPC: 0.9531 cumulative IPC: 0.5407 (Simulation time: 00 hr 26 min 42 sec)
Heartbeat CPU 4 instructions: 40000012 cycles: 56129163 heartbeat IPC: 0.2459 cumulative IPC: 0.3011 (Simulation time: 01 hr 07 min 35 sec)
Heartbeat CPU 3 instructions: 40000013 cycles: 56172962 heartbeat IPC: 0.2457 cumulative IPC: 0.3008 (Simulation time: 01 hr 07 min 38 sec)
Heartbeat CPU 0 instructions: 40000012 cycles: 56477994 heartbeat IPC: 0.2438 cumulative IPC: 0.2981 (Simulation time: 01 hr 08 min 03 sec)
Heartbeat CPU 5 instructions: 40000011 cycles: 56592634 heartbeat IPC: 0.2432 cumulative IPC: 0.2984 (Simulation time: 01 hr 08 min 12 sec)
Heartbeat CPU 7 instructions: 40000012 cycles: 56668969 heartbeat IPC: 0.2428 cumulative IPC: 0.2981 (Simulation time: 01 hr 08 min 18 sec)
Heartbeat CPU 1 instructions: 40000012 cycles: 56733337 heartbeat IPC: 0.2424 cumulative IPC: 0.2972 (Simulation time: 01 hr 08 min 23 sec)
Heartbeat CPU 2 instructions: 40000012 cycles: 56859970 heartbeat IPC: 0.2418 cumulative IPC: 0.2965 (Simulation time: 01 hr 08 min 32 sec)
Heartbeat CPU 6 instructions: 40000013 cycles: 57833938 heartbeat IPC: 0.2367 cumulative IPC: 0.2913 (Simulation time: 01 hr 09 min 46 sec)
Heartbeat CPU 3 instructions: 50000013 cycles: 79997868 heartbeat IPC: 0.4197 cumulative IPC: 0.3393 (Simulation time: 01 hr 33 min 30 sec)
Heartbeat CPU 4 instructions: 50000012 cycles: 80137237 heartbeat IPC: 0.4165 cumulative IPC: 0.3387 (Simulation time: 01 hr 33 min 39 sec)
Heartbeat CPU 5 instructions: 50000012 cycles: 80192487 heartbeat IPC: 0.4237 cumulative IPC: 0.3385 (Simulation time: 01 hr 33 min 43 sec)
Heartbeat CPU 0 instructions: 50000012 cycles: 80264093 heartbeat IPC: 0.4204 cumulative IPC: 0.3375 (Simulation time: 01 hr 33 min 47 sec)
Heartbeat CPU 7 instructions: 50000012 cycles: 80402699 heartbeat IPC: 0.4213 cumulative IPC: 0.3376 (Simulation time: 01 hr 33 min 56 sec)
Heartbeat CPU 2 instructions: 50000012 cycles: 80456457 heartbeat IPC: 0.4238 cumulative IPC: 0.3371 (Simulation time: 01 hr 34 min 00 sec)
Heartbeat CPU 6 instructions: 50000013 cycles: 81046450 heartbeat IPC: 0.4308 cumulative IPC: 0.3346 (Simulation time: 01 hr 34 min 38 sec)
Heartbeat CPU 1 instructions: 50000012 cycles: 81237063 heartbeslurmstepd: error: *** JOB 3599684 ON atl1-1-02-011-30-2 CANCELLED AT 2025-04-07T23:59:07 ***
---------------------------------------
Begin Slurm Epilog: Apr-07-2025 23:59:08
Job ID:        3599684
User ID:       svittal8
Account:       gts-mqureshi4-rg
Job name:      wrap
Resources:     cpu=1,mem=4G,node=1
Rsrc Used:     cput=04:36:47,vmem=0,walltime=04:36:47,mem=635424K,energy_used=0
Partition:     cpu-small
QOS:           inferno
Nodes:         atl1-1-02-011-30-2
---------------------------------------
