[VMEM] WARNING: physical memory size is smaller than virtual memory size.
dram page policy: is open = 0	is close = 1	is soft close = 0	cmd arg = 1

*** ChampSim Multicore Out-of-Order Simulator ***
Warmup Instructions: 25000000
Simulation Instructions: 50000000
Number of CPUs: 8
Page size: 2097152

CL :	 16.64 ns
CWL :	 15.808 ns
tRP :	 16.224 ns
tRCD :	 16.224 ns
tRAS :	 32.032000000000004 ns
tRTP :	 7.904 ns
tWR :	 30.368000000000002 ns

tCCD_S :	 3.3280000000000003 ns
tCCD_S_WR :	 3.3280000000000003 ns
tCCD_S_WTR :	 22.048000000000002 ns
tCCD_L :	 5.408 ns
tCCD_L_WR :	 20.384 ns
tCCD_L_WTR :	 29.536 ns
tRRD_S :	 3.3280000000000003 ns
tRRD_L :	 5.408 ns
tFAW :	 13.728 ns
Address mapping (perm = 1) 	ch co bg bg bg ba ba co co co co co co ro ro ro ro ro ro ro ro ro ro ro ro ro ro ro 
dram queue size: R = 64 W = 48 (low:high is 9:39)
Heartbeat CPU 0 instructions: 10000000 cycles: 2521081 heartbeat IPC: 3.967 cumulative IPC: 3.967 (Simulation time: 00 hr 12 min 28 sec)
Heartbeat CPU 1 instructions: 10000000 cycles: 2522312 heartbeat IPC: 3.965 cumulative IPC: 3.965 (Simulation time: 00 hr 12 min 28 sec)
Heartbeat CPU 2 instructions: 10000002 cycles: 2522857 heartbeat IPC: 3.964 cumulative IPC: 3.964 (Simulation time: 00 hr 12 min 28 sec)
Heartbeat CPU 3 instructions: 10000000 cycles: 2523154 heartbeat IPC: 3.963 cumulative IPC: 3.963 (Simulation time: 00 hr 12 min 28 sec)
Heartbeat CPU 4 instructions: 10000000 cycles: 2523362 heartbeat IPC: 3.963 cumulative IPC: 3.963 (Simulation time: 00 hr 12 min 28 sec)
Heartbeat CPU 5 instructions: 10000000 cycles: 2523505 heartbeat IPC: 3.963 cumulative IPC: 3.963 (Simulation time: 00 hr 12 min 28 sec)
Heartbeat CPU 6 instructions: 10000000 cycles: 2523627 heartbeat IPC: 3.963 cumulative IPC: 3.963 (Simulation time: 00 hr 12 min 29 sec)
Heartbeat CPU 7 instructions: 10000003 cycles: 2523696 heartbeat IPC: 3.962 cumulative IPC: 3.962 (Simulation time: 00 hr 12 min 29 sec)
Heartbeat CPU 0 instructions: 20000000 cycles: 5021081 heartbeat IPC: 4 cumulative IPC: 3.983 (Simulation time: 00 hr 25 min 01 sec)
Heartbeat CPU 1 instructions: 20000000 cycles: 5022312 heartbeat IPC: 4 cumulative IPC: 3.982 (Simulation time: 00 hr 25 min 01 sec)
Heartbeat CPU 2 instructions: 20000002 cycles: 5022857 heartbeat IPC: 4 cumulative IPC: 3.982 (Simulation time: 00 hr 25 min 01 sec)
Heartbeat CPU 3 instructions: 20000000 cycles: 5023154 heartbeat IPC: 4 cumulative IPC: 3.982 (Simulation time: 00 hr 25 min 01 sec)
Heartbeat CPU 4 instructions: 20000003 cycles: 5023363 heartbeat IPC: 4 cumulative IPC: 3.981 (Simulation time: 00 hr 25 min 02 sec)
Heartbeat CPU 5 instructions: 20000000 cycles: 5023505 heartbeat IPC: 4 cumulative IPC: 3.981 (Simulation time: 00 hr 25 min 02 sec)
Heartbeat CPU 6 instructions: 20000000 cycles: 5023627 heartbeat IPC: 4 cumulative IPC: 3.981 (Simulation time: 00 hr 25 min 02 sec)
Heartbeat CPU 7 instructions: 20000003 cycles: 5023696 heartbeat IPC: 4 cumulative IPC: 3.981 (Simulation time: 00 hr 25 min 02 sec)
Warmup finished CPU 0 instructions: 25000004 cycles: 6297448 cumulative IPC: 3.97 (Simulation time: 00 hr 32 min 02 sec)
Warmup finished CPU 1 instructions: 25000004 cycles: 6303086 cumulative IPC: 3.966 (Simulation time: 00 hr 32 min 04 sec)
Warmup finished CPU 2 instructions: 25000004 cycles: 6305873 cumulative IPC: 3.965 (Simulation time: 00 hr 32 min 05 sec)
Warmup finished CPU 3 instructions: 25000004 cycles: 6308276 cumulative IPC: 3.963 (Simulation time: 00 hr 32 min 06 sec)
Warmup finished CPU 4 instructions: 25000004 cycles: 6308384 cumulative IPC: 3.963 (Simulation time: 00 hr 32 min 06 sec)
Warmup finished CPU 5 instructions: 25000004 cycles: 6309742 cumulative IPC: 3.962 (Simulation time: 00 hr 32 min 07 sec)
Warmup finished CPU 7 instructions: 25000004 cycles: 6311716 cumulative IPC: 3.961 (Simulation time: 00 hr 32 min 08 sec)
Warmup finished CPU 6 instructions: 25000004 cycles: 6312236 cumulative IPC: 3.961 (Simulation time: 00 hr 32 min 08 sec)
Warmup complete CPU 7 instructions: 25001934 cycles: 6312236 cumulative IPC: 3.961 (Simulation time: 00 hr 32 min 08 sec)
Warmup complete CPU 6 instructions: 25000004 cycles: 6312236 cumulative IPC: 3.961 (Simulation time: 00 hr 32 min 08 sec)
Warmup complete CPU 5 instructions: 25009823 cycles: 6312236 cumulative IPC: 3.962 (Simulation time: 00 hr 32 min 08 sec)
Warmup complete CPU 4 instructions: 25014901 cycles: 6312236 cumulative IPC: 3.963 (Simulation time: 00 hr 32 min 08 sec)
Warmup complete CPU 3 instructions: 25015206 cycles: 6312236 cumulative IPC: 3.963 (Simulation time: 00 hr 32 min 08 sec)
Warmup complete CPU 2 instructions: 25024580 cycles: 6312236 cumulative IPC: 3.964 (Simulation time: 00 hr 32 min 08 sec)
Warmup complete CPU 1 instructions: 25035573 cycles: 6312236 cumulative IPC: 3.966 (Simulation time: 00 hr 32 min 08 sec)
Warmup complete CPU 0 instructions: 25057666 cycles: 6312236 cumulative IPC: 3.97 (Simulation time: 00 hr 32 min 08 sec)
Heartbeat CPU 0 instructions: 30000001 cycles: 9810075 heartbeat IPC: 2.088 cumulative IPC: 1.413 (Simulation time: 00 hr 44 min 09 sec)
Heartbeat CPU 2 instructions: 30000004 cycles: 9838210 heartbeat IPC: 2.077 cumulative IPC: 1.411 (Simulation time: 00 hr 44 min 14 sec)
Heartbeat CPU 1 instructions: 30000000 cycles: 9840355 heartbeat IPC: 2.076 cumulative IPC: 1.407 (Simulation time: 00 hr 44 min 15 sec)
Heartbeat CPU 7 instructions: 30000004 cycles: 9843973 heartbeat IPC: 2.075 cumulative IPC: 1.415 (Simulation time: 00 hr 44 min 16 sec)
Heartbeat CPU 3 instructions: 30000001 cycles: 9845971 heartbeat IPC: 2.073 cumulative IPC: 1.411 (Simulation time: 00 hr 44 min 16 sec)
Heartbeat CPU 5 instructions: 30000001 cycles: 9848167 heartbeat IPC: 2.073 cumulative IPC: 1.411 (Simulation time: 00 hr 44 min 17 sec)
Heartbeat CPU 4 instructions: 30000004 cycles: 9848183 heartbeat IPC: 2.073 cumulative IPC: 1.41 (Simulation time: 00 hr 44 min 17 sec)
Heartbeat CPU 6 instructions: 30000001 cycles: 9850568 heartbeat IPC: 2.072 cumulative IPC: 1.413 (Simulation time: 00 hr 44 min 17 sec)
Heartbeat CPU 0 instructions: 40000001 cycles: 16144990 heartbeat IPC: 1.579 cumulative IPC: 1.52 (Simulation time: 01 hr 07 min 07 sec)
Heartbeat CPU 1 instructions: 40000001 cycles: 16152647 heartbeat IPC: 1.584 cumulative IPC: 1.521 (Simulation time: 01 hr 07 min 09 sec)
Heartbeat CPU 2 instructions: 40000006 cycles: 16169476 heartbeat IPC: 1.579 cumulative IPC: 1.519 (Simulation time: 01 hr 07 min 13 sec)
Heartbeat CPU 3 instructions: 40000001 cycles: 16172466 heartbeat IPC: 1.581 cumulative IPC: 1.52 (Simulation time: 01 hr 07 min 13 sec)
Heartbeat CPU 4 instructions: 40000006 cycles: 16175329 heartbeat IPC: 1.58 cumulative IPC: 1.519 (Simulation time: 01 hr 07 min 14 sec)
Heartbeat CPU 5 instructions: 40000001 cycles: 16179242 heartbeat IPC: 1.58 cumulative IPC: 1.519 (Simulation time: 01 hr 07 min 15 sec)
Heartbeat CPU 6 instructions: 40000001 cycles: 16202538 heartbeat IPC: 1.574 cumulative IPC: 1.517 (Simulation time: 01 hr 07 min 19 sec)
Heartbeat CPU 7 instructions: 40000006 cycles: 16207769 heartbeat IPC: 1.571 cumulative IPC: 1.516 (Simulation time: 01 hr 07 min 21 sec)
Heartbeat CPU 1 instructions: 50000004 cycles: 22449097 heartbeat IPC: 1.588 cumulative IPC: 1.547 (Simulation time: 01 hr 29 min 47 sec)
Heartbeat CPU 3 instructions: 50000004 cycles: 22463773 heartbeat IPC: 1.589 cumulative IPC: 1.547 (Simulation time: 01 hr 29 min 50 sec)
Heartbeat CPU 0 instructions: 50000004 cycles: 22470840 heartbeat IPC: 1.581 cumulative IPC: 1.544 (Simulation time: 01 hr 29 min 52 sec)
Heartbeat CPU 5 instructions: 50000004 cycles: 22474365 heartbeat IPC: 1.589 cumulative IPC: 1.546 (Simulation time: 01 hr 29 min 53 sec)
Heartbeat CPU 6 instructions: 50000004 cycles: 22499808 heartbeat IPC: 1.588 cumulative IPC: 1.544 (Simulation time: 01 hr 29 min 58 sec)
Heartbeat CPU 2 instructions: 50000009 cycles: 22499843 heartbeat IPC: 1.58 cumulative IPC: 1.543 (Simulation time: 01 hr 29 min 58 sec)
Heartbeat CPU 4 instructions: 50000009 cycles: 22502463 heartbeat IPC: 1.58 cumulative IPC: 1.543 (Simulation time: 01 hr 29 min 59 sec)
Heartbeat CPU 7 instructions: 50000009 cycles: 22513755 heartbeat IPC: 1.586 cumulative IPC: 1.543 (Simulation time: 01 hr 30 min 01 sec)
Heartbeat CPU 1 instructions: 60000005 cycles: 28560716 heartbeat IPC: 1.636 cumulative IPC: 1.572 (Simulation time: 01 hr 52 min 09 sec)
Heartbeat CPU 3 instructions: 60000005 cycles: 28567040 heartbeat IPC: 1.638 cumulative IPC: 1.572 (Simulation time: 01 hr 52 min 11 sec)
Heartbeat CPU 0 instructions: 60000005 cycles: 28568670 heartbeat IPC: 1.64 cumulative IPC: 1.57 (Simulation time: 01 hr 52 min 11 sec)
Heartbeat CPU 4 instructions: 60000010 cycles: 28575124 heartbeat IPC: 1.647 cumulative IPC: 1.571 (Simulation time: 01 hr 52 min 13 sec)
Heartbeat CPU 5 instructions: 60000005 cycles: 28582100 heartbeat IPC: 1.637 cumulative IPC: 1.571 (Simulation time: 01 hr 52 min 14 sec)
Heartbeat CPU 2 instructions: 60000010 cycles: 28583214 heartbeat IPC: 1.644 cumulative IPC: 1.57 (Simulation time: 01 hr 52 min 14 sec)
Heartbeat CPU 6 instructions: 60000005 cycles: 28613043 heartbeat IPC: 1.636 cumulative IPC: 1.569 (Simulation time: 01 hr 52 min 21 sec)
Heartbeat CPU 7 instructions: 60000010 cycles: 28626568 heartbeat IPC: 1.636 cumulative IPC: 1.568 (Simulation time: 01 hr 52 min 24 sec)
Heartbeat CPU 0 instructions: 70000005 cycles: 34580719 heartbeat IPC: 1.663 cumulative IPC: 1.59 (Simulation time: 02 hr 14 min 17 sec)
Heartbeat CPU 3 instructions: 70000005 cycles: 34583621 heartbeat IPC: 1.662 cumulative IPC: 1.591 (Simulation time: 02 hr 14 min 18 sec)
Heartbeat CPU 5 instructions: 70000005 cycles: 34600491 heartbeat IPC: 1.662 cumulative IPC: 1.59 (Simulation time: 02 hr 14 min 22 sec)
Heartbeat CPU 4 instructions: 70000012 cycles: 34608997 heartbeat IPC: 1.657 cumulative IPC: 1.59 (Simulation time: 02 hr 14 min 24 sec)
Heartbeat CPU 1 instructions: 70000005 cycles: 34611812 heartbeat IPC: 1.653 cumulative IPC: 1.589 (Simulation time: 02 hr 14 min 24 sec)
Heartbeat CPU 2 instructions: 70000012 cycles: 34632205 heartbeat IPC: 1.653 cumulative IPC: 1.588 (Simulation time: 02 hr 14 min 29 sec)
Heartbeat CPU 6 instructions: 70000005 cycles: 34638053 heartbeat IPC: 1.66 cumulative IPC: 1.589 (Simulation time: 02 hr 14 min 30 sec)
Heartbeat CPU 7 instructions: 70000012 cycles: 34638695 heartbeat IPC: 1.663 cumulative IPC: 1.589 (Simulation time: 02 hr 14 min 30 sec)
Simulation finished CPU 3 instructions: 50000000 cycles: 31341547 cumulative IPC: 1.595 (Simulation time: 02 hr 25 min 25 sec)
Simulation finished CPU 0 instructions: 50000000 cycles: 31361584 cumulative IPC: 1.594 (Simulation time: 02 hr 25 min 29 sec)
Simulation finished CPU 5 instructions: 50000001 cycles: 31366056 cumulative IPC: 1.594 (Simulation time: 02 hr 25 min 30 sec)
Simulation finished CPU 4 instructions: 50000000 cycles: 31375117 cumulative IPC: 1.594 (Simulation time: 02 hr 25 min 32 sec)
Simulation finished CPU 1 instructions: 50000001 cycles: 31381444 cumulative IPC: 1.593 (Simulation time: 02 hr 25 min 34 sec)
Simulation finished CPU 6 instructions: 50000004 cycles: 31382022 cumulative IPC: 1.593 (Simulation time: 02 hr 25 min 34 sec)
Simulation finished CPU 7 instructions: 50000001 cycles: 31386765 cumulative IPC: 1.593 (Simulation time: 02 hr 25 min 35 sec)
Simulation finished CPU 2 instructions: 50000000 cycles: 31395140 cumulative IPC: 1.593 (Simulation time: 02 hr 25 min 37 sec)
Simulation complete CPU 7 instructions: 50020639 cycles: 31395140 cumulative IPC: 1.593 (Simulation time: 02 hr 25 min 37 sec)
Simulation complete CPU 6 instructions: 50031809 cycles: 31395140 cumulative IPC: 1.594 (Simulation time: 02 hr 25 min 37 sec)
Simulation complete CPU 5 instructions: 50071739 cycles: 31395140 cumulative IPC: 1.595 (Simulation time: 02 hr 25 min 37 sec)
Simulation complete CPU 4 instructions: 50050091 cycles: 31395140 cumulative IPC: 1.594 (Simulation time: 02 hr 25 min 37 sec)
Simulation complete CPU 3 instructions: 50108531 cycles: 31395140 cumulative IPC: 1.596 (Simulation time: 02 hr 25 min 37 sec)
Simulation complete CPU 2 instructions: 50000000 cycles: 31395140 cumulative IPC: 1.593 (Simulation time: 02 hr 25 min 37 sec)
Simulation complete CPU 1 instructions: 50034221 cycles: 31395140 cumulative IPC: 1.594 (Simulation time: 02 hr 25 min 37 sec)
Simulation complete CPU 0 instructions: 50063298 cycles: 31395140 cumulative IPC: 1.595 (Simulation time: 02 hr 25 min 37 sec)

ChampSim completed all CPUs

=== Simulation ===
CPU 0 runs ../frost/TRACES/ctf/spec2017/623.xalancbmk_s-592B.champsimtrace.xz
CPU 1 runs ../frost/TRACES/ctf/spec2017/623.xalancbmk_s-592B.champsimtrace.xz
CPU 2 runs ../frost/TRACES/ctf/spec2017/623.xalancbmk_s-592B.champsimtrace.xz
CPU 3 runs ../frost/TRACES/ctf/spec2017/623.xalancbmk_s-592B.champsimtrace.xz
CPU 4 runs ../frost/TRACES/ctf/spec2017/623.xalancbmk_s-592B.champsimtrace.xz
CPU 5 runs ../frost/TRACES/ctf/spec2017/623.xalancbmk_s-592B.champsimtrace.xz
CPU 6 runs ../frost/TRACES/ctf/spec2017/623.xalancbmk_s-592B.champsimtrace.xz
CPU 7 runs ../frost/TRACES/ctf/spec2017/623.xalancbmk_s-592B.champsimtrace.xz

Total Simulation Statistics (not including warmup)

CPU 7 cumulative IPC: 1.593 instructions: 50020639 cycles: 31395140
CPU 7 Branch Prediction Accuracy: 100% MPKI: 0 Average ROB Occupancy at Mispredict: -
Branch type MPKI
BRANCH_DIRECT_JUMP: 0
BRANCH_INDIRECT: 0
BRANCH_CONDITIONAL: 0
BRANCH_DIRECT_CALL: 0
BRANCH_INDIRECT_CALL: 0
BRANCH_RETURN: 0


CPU 6 cumulative IPC: 1.594 instructions: 50031809 cycles: 31395140
CPU 6 Branch Prediction Accuracy: 100% MPKI: 0 Average ROB Occupancy at Mispredict: -
Branch type MPKI
BRANCH_DIRECT_JUMP: 0
BRANCH_INDIRECT: 0
BRANCH_CONDITIONAL: 0
BRANCH_DIRECT_CALL: 0
BRANCH_INDIRECT_CALL: 0
BRANCH_RETURN: 0


CPU 5 cumulative IPC: 1.595 instructions: 50071739 cycles: 31395140
CPU 5 Branch Prediction Accuracy: 100% MPKI: 0 Average ROB Occupancy at Mispredict: -
Branch type MPKI
BRANCH_DIRECT_JUMP: 0
BRANCH_INDIRECT: 0
BRANCH_CONDITIONAL: 0
BRANCH_DIRECT_CALL: 0
BRANCH_INDIRECT_CALL: 0
BRANCH_RETURN: 0


CPU 4 cumulative IPC: 1.594 instructions: 50050091 cycles: 31395140
CPU 4 Branch Prediction Accuracy: 100% MPKI: 0 Average ROB Occupancy at Mispredict: -
Branch type MPKI
BRANCH_DIRECT_JUMP: 0
BRANCH_INDIRECT: 0
BRANCH_CONDITIONAL: 0
BRANCH_DIRECT_CALL: 0
BRANCH_INDIRECT_CALL: 0
BRANCH_RETURN: 0


CPU 3 cumulative IPC: 1.596 instructions: 50108531 cycles: 31395140
CPU 3 Branch Prediction Accuracy: 100% MPKI: 0 Average ROB Occupancy at Mispredict: -
Branch type MPKI
BRANCH_DIRECT_JUMP: 0
BRANCH_INDIRECT: 0
BRANCH_CONDITIONAL: 0
BRANCH_DIRECT_CALL: 0
BRANCH_INDIRECT_CALL: 0
BRANCH_RETURN: 0


CPU 2 cumulative IPC: 1.593 instructions: 50000000 cycles: 31395140
CPU 2 Branch Prediction Accuracy: 100% MPKI: 0 Average ROB Occupancy at Mispredict: -
Branch type MPKI
BRANCH_DIRECT_JUMP: 0
BRANCH_INDIRECT: 0
BRANCH_CONDITIONAL: 0
BRANCH_DIRECT_CALL: 0
BRANCH_INDIRECT_CALL: 0
BRANCH_RETURN: 0


CPU 1 cumulative IPC: 1.594 instructions: 50034221 cycles: 31395140
CPU 1 Branch Prediction Accuracy: 100% MPKI: 0 Average ROB Occupancy at Mispredict: -
Branch type MPKI
BRANCH_DIRECT_JUMP: 0
BRANCH_INDIRECT: 0
BRANCH_CONDITIONAL: 0
BRANCH_DIRECT_CALL: 0
BRANCH_INDIRECT_CALL: 0
BRANCH_RETURN: 0


CPU 0 cumulative IPC: 1.595 instructions: 50063298 cycles: 31395140
CPU 0 Branch Prediction Accuracy: 100% MPKI: 0 Average ROB Occupancy at Mispredict: -
Branch type MPKI
BRANCH_DIRECT_JUMP: 0
BRANCH_INDIRECT: 0
BRANCH_CONDITIONAL: 0
BRANCH_DIRECT_CALL: 0
BRANCH_INDIRECT_CALL: 0
BRANCH_RETURN: 0

cpu7->cpu7_L2C TOTAL        ACCESS:    2522773 HIT:    2317265 MISS:     205508 MSHR_MERGE:          0
cpu7->cpu7_L2C LOAD         ACCESS:    2208924 HIT:    2117897 MISS:      91027 MSHR_MERGE:          0
cpu7->cpu7_L2C RFO          ACCESS:     134343 HIT:      19862 MISS:     114481 MSHR_MERGE:          0
cpu7->cpu7_L2C PREFETCH     ACCESS:          0 HIT:          0 MISS:          0 MSHR_MERGE:          0
cpu7->cpu7_L2C WRITE        ACCESS:     179506 HIT:     179506 MISS:          0 MSHR_MERGE:          0
cpu7->cpu7_L2C TRANSLATION  ACCESS:          0 HIT:          0 MISS:          0 MSHR_MERGE:          0
cpu7->cpu7_L2C PREFETCH REQUESTED:          0 ISSUED:          0 USEFUL:          0 USELESS:          0
cpu7->cpu7_L2C AVERAGE MISS LATENCY: 224.4 cycles
cpu7->cpu7_L1I TOTAL        ACCESS:   11407575 HIT:   11129588 MISS:     277987 MSHR_MERGE:     100917
cpu7->cpu7_L1I LOAD         ACCESS:   11407575 HIT:   11129588 MISS:     277987 MSHR_MERGE:     100917
cpu7->cpu7_L1I RFO          ACCESS:          0 HIT:          0 MISS:          0 MSHR_MERGE:          0
cpu7->cpu7_L1I PREFETCH     ACCESS:          0 HIT:          0 MISS:          0 MSHR_MERGE:          0
cpu7->cpu7_L1I WRITE        ACCESS:          0 HIT:          0 MISS:          0 MSHR_MERGE:          0
cpu7->cpu7_L1I TRANSLATION  ACCESS:          0 HIT:          0 MISS:          0 MSHR_MERGE:          0
cpu7->cpu7_L1I PREFETCH REQUESTED:          0 ISSUED:          0 USEFUL:          0 USELESS:          0
cpu7->cpu7_L1I AVERAGE MISS LATENCY: 7.919 cycles
cpu7->cpu7_L1D TOTAL        ACCESS:   12674473 HIT:    9358067 MISS:    3316406 MSHR_MERGE:    1150205
cpu7->cpu7_L1D LOAD         ACCESS:    7914187 HIT:    5116912 MISS:    2797275 MSHR_MERGE:     765420
cpu7->cpu7_L1D RFO          ACCESS:          0 HIT:          0 MISS:          0 MSHR_MERGE:          0
cpu7->cpu7_L1D PREFETCH     ACCESS:          0 HIT:          0 MISS:          0 MSHR_MERGE:          0
cpu7->cpu7_L1D WRITE        ACCESS:    4760286 HIT:    4241155 MISS:     519131 MSHR_MERGE:     384785
cpu7->cpu7_L1D TRANSLATION  ACCESS:          0 HIT:          0 MISS:          0 MSHR_MERGE:          0
cpu7->cpu7_L1D PREFETCH REQUESTED:          0 ISSUED:          0 USEFUL:          0 USELESS:          0
cpu7->cpu7_L1D AVERAGE MISS LATENCY: 29.32 cycles
cpu7->cpu7_ITLB TOTAL        ACCESS:   10607106 HIT:   10607106 MISS:          0 MSHR_MERGE:          0
cpu7->cpu7_ITLB LOAD         ACCESS:   10607106 HIT:   10607106 MISS:          0 MSHR_MERGE:          0
cpu7->cpu7_ITLB RFO          ACCESS:          0 HIT:          0 MISS:          0 MSHR_MERGE:          0
cpu7->cpu7_ITLB PREFETCH     ACCESS:          0 HIT:          0 MISS:          0 MSHR_MERGE:          0
cpu7->cpu7_ITLB WRITE        ACCESS:          0 HIT:          0 MISS:          0 MSHR_MERGE:          0
cpu7->cpu7_ITLB TRANSLATION  ACCESS:          0 HIT:          0 MISS:          0 MSHR_MERGE:          0
cpu7->cpu7_ITLB PREFETCH REQUESTED:          0 ISSUED:          0 USEFUL:          0 USELESS:          0
cpu7->cpu7_ITLB AVERAGE MISS LATENCY: - cycles
cpu7->cpu7_DTLB TOTAL        ACCESS:   11769626 HIT:   11769626 MISS:          0 MSHR_MERGE:          0
cpu7->cpu7_DTLB LOAD         ACCESS:   11769626 HIT:   11769626 MISS:          0 MSHR_MERGE:          0
cpu7->cpu7_DTLB RFO          ACCESS:          0 HIT:          0 MISS:          0 MSHR_MERGE:          0
cpu7->cpu7_DTLB PREFETCH     ACCESS:          0 HIT:          0 MISS:          0 MSHR_MERGE:          0
cpu7->cpu7_DTLB WRITE        ACCESS:          0 HIT:          0 MISS:          0 MSHR_MERGE:          0
cpu7->cpu7_DTLB TRANSLATION  ACCESS:          0 HIT:          0 MISS:          0 MSHR_MERGE:          0
cpu7->cpu7_DTLB PREFETCH REQUESTED:          0 ISSUED:          0 USEFUL:          0 USELESS:          0
cpu7->cpu7_DTLB AVERAGE MISS LATENCY: - cycles
cpu6->cpu6_L2C TOTAL        ACCESS:    2522742 HIT:    2317223 MISS:     205519 MSHR_MERGE:          0
cpu6->cpu6_L2C LOAD         ACCESS:    2208909 HIT:    2117877 MISS:      91032 MSHR_MERGE:          0
cpu6->cpu6_L2C RFO          ACCESS:     134337 HIT:      19850 MISS:     114487 MSHR_MERGE:          0
cpu6->cpu6_L2C PREFETCH     ACCESS:          0 HIT:          0 MISS:          0 MSHR_MERGE:          0
cpu6->cpu6_L2C WRITE        ACCESS:     179496 HIT:     179496 MISS:          0 MSHR_MERGE:          0
cpu6->cpu6_L2C TRANSLATION  ACCESS:          0 HIT:          0 MISS:          0 MSHR_MERGE:          0
cpu6->cpu6_L2C PREFETCH REQUESTED:          0 ISSUED:          0 USEFUL:          0 USELESS:          0
cpu6->cpu6_L2C AVERAGE MISS LATENCY: 223.9 cycles
cpu6->cpu6_L1I TOTAL        ACCESS:   11406603 HIT:   11128994 MISS:     277609 MSHR_MERGE:     100516
cpu6->cpu6_L1I LOAD         ACCESS:   11406603 HIT:   11128994 MISS:     277609 MSHR_MERGE:     100516
cpu6->cpu6_L1I RFO          ACCESS:          0 HIT:          0 MISS:          0 MSHR_MERGE:          0
cpu6->cpu6_L1I PREFETCH     ACCESS:          0 HIT:          0 MISS:          0 MSHR_MERGE:          0
cpu6->cpu6_L1I WRITE        ACCESS:          0 HIT:          0 MISS:          0 MSHR_MERGE:          0
cpu6->cpu6_L1I TRANSLATION  ACCESS:          0 HIT:          0 MISS:          0 MSHR_MERGE:          0
cpu6->cpu6_L1I PREFETCH REQUESTED:          0 ISSUED:          0 USEFUL:          0 USELESS:          0
cpu6->cpu6_L1I AVERAGE MISS LATENCY: 7.936 cycles
cpu6->cpu6_L1D TOTAL        ACCESS:   12678183 HIT:    9361694 MISS:    3316489 MSHR_MERGE:    1150333
cpu6->cpu6_L1D LOAD         ACCESS:    7916643 HIT:    5119348 MISS:    2797295 MSHR_MERGE:     765477
cpu6->cpu6_L1D RFO          ACCESS:          0 HIT:          0 MISS:          0 MSHR_MERGE:          0
cpu6->cpu6_L1D PREFETCH     ACCESS:          0 HIT:          0 MISS:          0 MSHR_MERGE:          0
cpu6->cpu6_L1D WRITE        ACCESS:    4761540 HIT:    4242346 MISS:     519194 MSHR_MERGE:     384856
cpu6->cpu6_L1D TRANSLATION  ACCESS:          0 HIT:          0 MISS:          0 MSHR_MERGE:          0
cpu6->cpu6_L1D PREFETCH REQUESTED:          0 ISSUED:          0 USEFUL:          0 USELESS:          0
cpu6->cpu6_L1D AVERAGE MISS LATENCY: 29.28 cycles
cpu6->cpu6_ITLB TOTAL        ACCESS:   10613491 HIT:   10613491 MISS:          0 MSHR_MERGE:          0
cpu6->cpu6_ITLB LOAD         ACCESS:   10613491 HIT:   10613491 MISS:          0 MSHR_MERGE:          0
cpu6->cpu6_ITLB RFO          ACCESS:          0 HIT:          0 MISS:          0 MSHR_MERGE:          0
cpu6->cpu6_ITLB PREFETCH     ACCESS:          0 HIT:          0 MISS:          0 MSHR_MERGE:          0
cpu6->cpu6_ITLB WRITE        ACCESS:          0 HIT:          0 MISS:          0 MSHR_MERGE:          0
cpu6->cpu6_ITLB TRANSLATION  ACCESS:          0 HIT:          0 MISS:          0 MSHR_MERGE:          0
cpu6->cpu6_ITLB PREFETCH REQUESTED:          0 ISSUED:          0 USEFUL:          0 USELESS:          0
cpu6->cpu6_ITLB AVERAGE MISS LATENCY: - cycles
cpu6->cpu6_DTLB TOTAL        ACCESS:   11779213 HIT:   11779213 MISS:          0 MSHR_MERGE:          0
cpu6->cpu6_DTLB LOAD         ACCESS:   11779213 HIT:   11779213 MISS:          0 MSHR_MERGE:          0
cpu6->cpu6_DTLB RFO          ACCESS:          0 HIT:          0 MISS:          0 MSHR_MERGE:          0
cpu6->cpu6_DTLB PREFETCH     ACCESS:          0 HIT:          0 MISS:          0 MSHR_MERGE:          0
cpu6->cpu6_DTLB WRITE        ACCESS:          0 HIT:          0 MISS:          0 MSHR_MERGE:          0
cpu6->cpu6_DTLB TRANSLATION  ACCESS:          0 HIT:          0 MISS:          0 MSHR_MERGE:          0
cpu6->cpu6_DTLB PREFETCH REQUESTED:          0 ISSUED:          0 USEFUL:          0 USELESS:          0
cpu6->cpu6_DTLB AVERAGE MISS LATENCY: - cycles
cpu5->cpu5_L2C TOTAL        ACCESS:    2522713 HIT:    2317195 MISS:     205518 MSHR_MERGE:          0
cpu5->cpu5_L2C LOAD         ACCESS:    2208887 HIT:    2117839 MISS:      91048 MSHR_MERGE:          0
cpu5->cpu5_L2C RFO          ACCESS:     134322 HIT:      19852 MISS:     114470 MSHR_MERGE:          0
cpu5->cpu5_L2C PREFETCH     ACCESS:          0 HIT:          0 MISS:          0 MSHR_MERGE:          0
cpu5->cpu5_L2C WRITE        ACCESS:     179504 HIT:     179504 MISS:          0 MSHR_MERGE:          0
cpu5->cpu5_L2C TRANSLATION  ACCESS:          0 HIT:          0 MISS:          0 MSHR_MERGE:          0
cpu5->cpu5_L2C PREFETCH REQUESTED:          0 ISSUED:          0 USEFUL:          0 USELESS:          0
cpu5->cpu5_L2C AVERAGE MISS LATENCY: 221.5 cycles
cpu5->cpu5_L1I TOTAL        ACCESS:   11418935 HIT:   11141323 MISS:     277612 MSHR_MERGE:     100564
cpu5->cpu5_L1I LOAD         ACCESS:   11418935 HIT:   11141323 MISS:     277612 MSHR_MERGE:     100564
cpu5->cpu5_L1I RFO          ACCESS:          0 HIT:          0 MISS:          0 MSHR_MERGE:          0
cpu5->cpu5_L1I PREFETCH     ACCESS:          0 HIT:          0 MISS:          0 MSHR_MERGE:          0
cpu5->cpu5_L1I WRITE        ACCESS:          0 HIT:          0 MISS:          0 MSHR_MERGE:          0
cpu5->cpu5_L1I TRANSLATION  ACCESS:          0 HIT:          0 MISS:          0 MSHR_MERGE:          0
cpu5->cpu5_L1I PREFETCH REQUESTED:          0 ISSUED:          0 USEFUL:          0 USELESS:          0
cpu5->cpu5_L1I AVERAGE MISS LATENCY: 7.972 cycles
cpu5->cpu5_L1D TOTAL        ACCESS:   12688193 HIT:    9369529 MISS:    3318664 MSHR_MERGE:    1152499
cpu5->cpu5_L1D LOAD         ACCESS:    7927088 HIT:    5127524 MISS:    2799564 MSHR_MERGE:     767722
cpu5->cpu5_L1D RFO          ACCESS:          0 HIT:          0 MISS:          0 MSHR_MERGE:          0
cpu5->cpu5_L1D PREFETCH     ACCESS:          0 HIT:          0 MISS:          0 MSHR_MERGE:          0
cpu5->cpu5_L1D WRITE        ACCESS:    4761105 HIT:    4242005 MISS:     519100 MSHR_MERGE:     384777
cpu5->cpu5_L1D TRANSLATION  ACCESS:          0 HIT:          0 MISS:          0 MSHR_MERGE:          0
cpu5->cpu5_L1D PREFETCH REQUESTED:          0 ISSUED:          0 USEFUL:          0 USELESS:          0
cpu5->cpu5_L1D AVERAGE MISS LATENCY: 29.04 cycles
cpu5->cpu5_ITLB TOTAL        ACCESS:   10618199 HIT:   10618199 MISS:          0 MSHR_MERGE:          0
cpu5->cpu5_ITLB LOAD         ACCESS:   10618199 HIT:   10618199 MISS:          0 MSHR_MERGE:          0
cpu5->cpu5_ITLB RFO          ACCESS:          0 HIT:          0 MISS:          0 MSHR_MERGE:          0
cpu5->cpu5_ITLB PREFETCH     ACCESS:          0 HIT:          0 MISS:          0 MSHR_MERGE:          0
cpu5->cpu5_ITLB WRITE        ACCESS:          0 HIT:          0 MISS:          0 MSHR_MERGE:          0
cpu5->cpu5_ITLB TRANSLATION  ACCESS:          0 HIT:          0 MISS:          0 MSHR_MERGE:          0
cpu5->cpu5_ITLB PREFETCH REQUESTED:          0 ISSUED:          0 USEFUL:          0 USELESS:          0
cpu5->cpu5_ITLB AVERAGE MISS LATENCY: - cycles
cpu5->cpu5_DTLB TOTAL        ACCESS:   11769121 HIT:   11769121 MISS:          0 MSHR_MERGE:          0
cpu5->cpu5_DTLB LOAD         ACCESS:   11769121 HIT:   11769121 MISS:          0 MSHR_MERGE:          0
cpu5->cpu5_DTLB RFO          ACCESS:          0 HIT:          0 MISS:          0 MSHR_MERGE:          0
cpu5->cpu5_DTLB PREFETCH     ACCESS:          0 HIT:          0 MISS:          0 MSHR_MERGE:          0
cpu5->cpu5_DTLB WRITE        ACCESS:          0 HIT:          0 MISS:          0 MSHR_MERGE:          0
cpu5->cpu5_DTLB TRANSLATION  ACCESS:          0 HIT:          0 MISS:          0 MSHR_MERGE:          0
cpu5->cpu5_DTLB PREFETCH REQUESTED:          0 ISSUED:          0 USEFUL:          0 USELESS:          0
cpu5->cpu5_DTLB AVERAGE MISS LATENCY: - cycles
cpu4->cpu4_L2C TOTAL        ACCESS:    2522588 HIT:    2317080 MISS:     205508 MSHR_MERGE:          0
cpu4->cpu4_L2C LOAD         ACCESS:    2208795 HIT:    2117754 MISS:      91041 MSHR_MERGE:          0
cpu4->cpu4_L2C RFO          ACCESS:     134308 HIT:      19841 MISS:     114467 MSHR_MERGE:          0
cpu4->cpu4_L2C PREFETCH     ACCESS:          0 HIT:          0 MISS:          0 MSHR_MERGE:          0
cpu4->cpu4_L2C WRITE        ACCESS:     179485 HIT:     179485 MISS:          0 MSHR_MERGE:          0
cpu4->cpu4_L2C TRANSLATION  ACCESS:          0 HIT:          0 MISS:          0 MSHR_MERGE:          0
cpu4->cpu4_L2C PREFETCH REQUESTED:          0 ISSUED:          0 USEFUL:          0 USELESS:          0
cpu4->cpu4_L2C AVERAGE MISS LATENCY: 225.9 cycles
cpu4->cpu4_L1I TOTAL        ACCESS:   11413889 HIT:   11136370 MISS:     277519 MSHR_MERGE:     100523
cpu4->cpu4_L1I LOAD         ACCESS:   11413889 HIT:   11136370 MISS:     277519 MSHR_MERGE:     100523
cpu4->cpu4_L1I RFO          ACCESS:          0 HIT:          0 MISS:          0 MSHR_MERGE:          0
cpu4->cpu4_L1I PREFETCH     ACCESS:          0 HIT:          0 MISS:          0 MSHR_MERGE:          0
cpu4->cpu4_L1I WRITE        ACCESS:          0 HIT:          0 MISS:          0 MSHR_MERGE:          0
cpu4->cpu4_L1I TRANSLATION  ACCESS:          0 HIT:          0 MISS:          0 MSHR_MERGE:          0
cpu4->cpu4_L1I PREFETCH REQUESTED:          0 ISSUED:          0 USEFUL:          0 USELESS:          0
cpu4->cpu4_L1I AVERAGE MISS LATENCY: 7.945 cycles
cpu4->cpu4_L1D TOTAL        ACCESS:   12681256 HIT:    9362874 MISS:    3318382 MSHR_MERGE:    1152272
cpu4->cpu4_L1D LOAD         ACCESS:    7922037 HIT:    5122834 MISS:    2799203 MSHR_MERGE:     767401
cpu4->cpu4_L1D RFO          ACCESS:          0 HIT:          0 MISS:          0 MSHR_MERGE:          0
cpu4->cpu4_L1D PREFETCH     ACCESS:          0 HIT:          0 MISS:          0 MSHR_MERGE:          0
cpu4->cpu4_L1D WRITE        ACCESS:    4759219 HIT:    4240040 MISS:     519179 MSHR_MERGE:     384871
cpu4->cpu4_L1D TRANSLATION  ACCESS:          0 HIT:          0 MISS:          0 MSHR_MERGE:          0
cpu4->cpu4_L1D PREFETCH REQUESTED:          0 ISSUED:          0 USEFUL:          0 USELESS:          0
cpu4->cpu4_L1D AVERAGE MISS LATENCY: 29.46 cycles
cpu4->cpu4_ITLB TOTAL        ACCESS:   10613746 HIT:   10613746 MISS:          0 MSHR_MERGE:          0
cpu4->cpu4_ITLB LOAD         ACCESS:   10613746 HIT:   10613746 MISS:          0 MSHR_MERGE:          0
cpu4->cpu4_ITLB RFO          ACCESS:          0 HIT:          0 MISS:          0 MSHR_MERGE:          0
cpu4->cpu4_ITLB PREFETCH     ACCESS:          0 HIT:          0 MISS:          0 MSHR_MERGE:          0
cpu4->cpu4_ITLB WRITE        ACCESS:          0 HIT:          0 MISS:          0 MSHR_MERGE:          0
cpu4->cpu4_ITLB TRANSLATION  ACCESS:          0 HIT:          0 MISS:          0 MSHR_MERGE:          0
cpu4->cpu4_ITLB PREFETCH REQUESTED:          0 ISSUED:          0 USEFUL:          0 USELESS:          0
cpu4->cpu4_ITLB AVERAGE MISS LATENCY: - cycles
cpu4->cpu4_DTLB TOTAL        ACCESS:   11760141 HIT:   11760141 MISS:          0 MSHR_MERGE:          0
cpu4->cpu4_DTLB LOAD         ACCESS:   11760141 HIT:   11760141 MISS:          0 MSHR_MERGE:          0
cpu4->cpu4_DTLB RFO          ACCESS:          0 HIT:          0 MISS:          0 MSHR_MERGE:          0
cpu4->cpu4_DTLB PREFETCH     ACCESS:          0 HIT:          0 MISS:          0 MSHR_MERGE:          0
cpu4->cpu4_DTLB WRITE        ACCESS:          0 HIT:          0 MISS:          0 MSHR_MERGE:          0
cpu4->cpu4_DTLB TRANSLATION  ACCESS:          0 HIT:          0 MISS:          0 MSHR_MERGE:          0
cpu4->cpu4_DTLB PREFETCH REQUESTED:          0 ISSUED:          0 USEFUL:          0 USELESS:          0
cpu4->cpu4_DTLB AVERAGE MISS LATENCY: - cycles
cpu3->cpu3_L2C TOTAL        ACCESS:    2524940 HIT:    2319346 MISS:     205594 MSHR_MERGE:          0
cpu3->cpu3_L2C LOAD         ACCESS:    2211048 HIT:    2119922 MISS:      91126 MSHR_MERGE:          0
cpu3->cpu3_L2C RFO          ACCESS:     134320 HIT:      19852 MISS:     114468 MSHR_MERGE:          0
cpu3->cpu3_L2C PREFETCH     ACCESS:          0 HIT:          0 MISS:          0 MSHR_MERGE:          0
cpu3->cpu3_L2C WRITE        ACCESS:     179572 HIT:     179572 MISS:          0 MSHR_MERGE:          0
cpu3->cpu3_L2C TRANSLATION  ACCESS:          0 HIT:          0 MISS:          0 MSHR_MERGE:          0
cpu3->cpu3_L2C PREFETCH REQUESTED:          0 ISSUED:          0 USEFUL:          0 USELESS:          0
cpu3->cpu3_L2C AVERAGE MISS LATENCY: 222.6 cycles
cpu3->cpu3_L1I TOTAL        ACCESS:   11426365 HIT:   11149218 MISS:     277147 MSHR_MERGE:     100155
cpu3->cpu3_L1I LOAD         ACCESS:   11426365 HIT:   11149218 MISS:     277147 MSHR_MERGE:     100155
cpu3->cpu3_L1I RFO          ACCESS:          0 HIT:          0 MISS:          0 MSHR_MERGE:          0
cpu3->cpu3_L1I PREFETCH     ACCESS:          0 HIT:          0 MISS:          0 MSHR_MERGE:          0
cpu3->cpu3_L1I WRITE        ACCESS:          0 HIT:          0 MISS:          0 MSHR_MERGE:          0
cpu3->cpu3_L1I TRANSLATION  ACCESS:          0 HIT:          0 MISS:          0 MSHR_MERGE:          0
cpu3->cpu3_L1I PREFETCH REQUESTED:          0 ISSUED:          0 USEFUL:          0 USELESS:          0
cpu3->cpu3_L1I AVERAGE MISS LATENCY: 7.962 cycles
cpu3->cpu3_L1D TOTAL        ACCESS:   12697554 HIT:    9375281 MISS:    3322273 MSHR_MERGE:    1153891
cpu3->cpu3_L1D LOAD         ACCESS:    7935700 HIT:    5132678 MISS:    2803022 MSHR_MERGE:     768961
cpu3->cpu3_L1D RFO          ACCESS:          0 HIT:          0 MISS:          0 MSHR_MERGE:          0
cpu3->cpu3_L1D PREFETCH     ACCESS:          0 HIT:          0 MISS:          0 MSHR_MERGE:          0
cpu3->cpu3_L1D WRITE        ACCESS:    4761854 HIT:    4242603 MISS:     519251 MSHR_MERGE:     384930
cpu3->cpu3_L1D TRANSLATION  ACCESS:          0 HIT:          0 MISS:          0 MSHR_MERGE:          0
cpu3->cpu3_L1D PREFETCH REQUESTED:          0 ISSUED:          0 USEFUL:          0 USELESS:          0
cpu3->cpu3_L1D AVERAGE MISS LATENCY: 29.14 cycles
cpu3->cpu3_ITLB TOTAL        ACCESS:   10638955 HIT:   10638955 MISS:          0 MSHR_MERGE:          0
cpu3->cpu3_ITLB LOAD         ACCESS:   10638955 HIT:   10638955 MISS:          0 MSHR_MERGE:          0
cpu3->cpu3_ITLB RFO          ACCESS:          0 HIT:          0 MISS:          0 MSHR_MERGE:          0
cpu3->cpu3_ITLB PREFETCH     ACCESS:          0 HIT:          0 MISS:          0 MSHR_MERGE:          0
cpu3->cpu3_ITLB WRITE        ACCESS:          0 HIT:          0 MISS:          0 MSHR_MERGE:          0
cpu3->cpu3_ITLB TRANSLATION  ACCESS:          0 HIT:          0 MISS:          0 MSHR_MERGE:          0
cpu3->cpu3_ITLB PREFETCH REQUESTED:          0 ISSUED:          0 USEFUL:          0 USELESS:          0
cpu3->cpu3_ITLB AVERAGE MISS LATENCY: - cycles
cpu3->cpu3_DTLB TOTAL        ACCESS:   11798965 HIT:   11798965 MISS:          0 MSHR_MERGE:          0
cpu3->cpu3_DTLB LOAD         ACCESS:   11798965 HIT:   11798965 MISS:          0 MSHR_MERGE:          0
cpu3->cpu3_DTLB RFO          ACCESS:          0 HIT:          0 MISS:          0 MSHR_MERGE:          0
cpu3->cpu3_DTLB PREFETCH     ACCESS:          0 HIT:          0 MISS:          0 MSHR_MERGE:          0
cpu3->cpu3_DTLB WRITE        ACCESS:          0 HIT:          0 MISS:          0 MSHR_MERGE:          0
cpu3->cpu3_DTLB TRANSLATION  ACCESS:          0 HIT:          0 MISS:          0 MSHR_MERGE:          0
cpu3->cpu3_DTLB PREFETCH REQUESTED:          0 ISSUED:          0 USEFUL:          0 USELESS:          0
cpu3->cpu3_DTLB AVERAGE MISS LATENCY: - cycles
cpu2->cpu2_L2C TOTAL        ACCESS:    2522416 HIT:    2316927 MISS:     205489 MSHR_MERGE:          0
cpu2->cpu2_L2C LOAD         ACCESS:    2208619 HIT:    2117587 MISS:      91032 MSHR_MERGE:          0
cpu2->cpu2_L2C RFO          ACCESS:     134302 HIT:      19845 MISS:     114457 MSHR_MERGE:          0
cpu2->cpu2_L2C PREFETCH     ACCESS:          0 HIT:          0 MISS:          0 MSHR_MERGE:          0
cpu2->cpu2_L2C WRITE        ACCESS:     179495 HIT:     179495 MISS:          0 MSHR_MERGE:          0
cpu2->cpu2_L2C TRANSLATION  ACCESS:          0 HIT:          0 MISS:          0 MSHR_MERGE:          0
cpu2->cpu2_L2C PREFETCH REQUESTED:          0 ISSUED:          0 USEFUL:          0 USELESS:          0
cpu2->cpu2_L2C AVERAGE MISS LATENCY: 226.9 cycles
cpu2->cpu2_L1I TOTAL        ACCESS:   11401743 HIT:   11124531 MISS:     277212 MSHR_MERGE:     100276
cpu2->cpu2_L1I LOAD         ACCESS:   11401743 HIT:   11124531 MISS:     277212 MSHR_MERGE:     100276
cpu2->cpu2_L1I RFO          ACCESS:          0 HIT:          0 MISS:          0 MSHR_MERGE:          0
cpu2->cpu2_L1I PREFETCH     ACCESS:          0 HIT:          0 MISS:          0 MSHR_MERGE:          0
cpu2->cpu2_L1I WRITE        ACCESS:          0 HIT:          0 MISS:          0 MSHR_MERGE:          0
cpu2->cpu2_L1I TRANSLATION  ACCESS:          0 HIT:          0 MISS:          0 MSHR_MERGE:          0
cpu2->cpu2_L1I PREFETCH REQUESTED:          0 ISSUED:          0 USEFUL:          0 USELESS:          0
cpu2->cpu2_L1I AVERAGE MISS LATENCY: 7.936 cycles
cpu2->cpu2_L1D TOTAL        ACCESS:   12672707 HIT:    9354019 MISS:    3318688 MSHR_MERGE:    1152699
cpu2->cpu2_L1D LOAD         ACCESS:    7915211 HIT:    5115515 MISS:    2799696 MSHR_MERGE:     768010
cpu2->cpu2_L1D RFO          ACCESS:          0 HIT:          0 MISS:          0 MSHR_MERGE:          0
cpu2->cpu2_L1D PREFETCH     ACCESS:          0 HIT:          0 MISS:          0 MSHR_MERGE:          0
cpu2->cpu2_L1D WRITE        ACCESS:    4757496 HIT:    4238504 MISS:     518992 MSHR_MERGE:     384689
cpu2->cpu2_L1D TRANSLATION  ACCESS:          0 HIT:          0 MISS:          0 MSHR_MERGE:          0
cpu2->cpu2_L1D PREFETCH REQUESTED:          0 ISSUED:          0 USEFUL:          0 USELESS:          0
cpu2->cpu2_L1D AVERAGE MISS LATENCY: 29.56 cycles
cpu2->cpu2_ITLB TOTAL        ACCESS:   10601457 HIT:   10601457 MISS:          0 MSHR_MERGE:          0
cpu2->cpu2_ITLB LOAD         ACCESS:   10601457 HIT:   10601457 MISS:          0 MSHR_MERGE:          0
cpu2->cpu2_ITLB RFO          ACCESS:          0 HIT:          0 MISS:          0 MSHR_MERGE:          0
cpu2->cpu2_ITLB PREFETCH     ACCESS:          0 HIT:          0 MISS:          0 MSHR_MERGE:          0
cpu2->cpu2_ITLB WRITE        ACCESS:          0 HIT:          0 MISS:          0 MSHR_MERGE:          0
cpu2->cpu2_ITLB TRANSLATION  ACCESS:          0 HIT:          0 MISS:          0 MSHR_MERGE:          0
cpu2->cpu2_ITLB PREFETCH REQUESTED:          0 ISSUED:          0 USEFUL:          0 USELESS:          0
cpu2->cpu2_ITLB AVERAGE MISS LATENCY: - cycles
cpu2->cpu2_DTLB TOTAL        ACCESS:   11753097 HIT:   11753097 MISS:          0 MSHR_MERGE:          0
cpu2->cpu2_DTLB LOAD         ACCESS:   11753097 HIT:   11753097 MISS:          0 MSHR_MERGE:          0
cpu2->cpu2_DTLB RFO          ACCESS:          0 HIT:          0 MISS:          0 MSHR_MERGE:          0
cpu2->cpu2_DTLB PREFETCH     ACCESS:          0 HIT:          0 MISS:          0 MSHR_MERGE:          0
cpu2->cpu2_DTLB WRITE        ACCESS:          0 HIT:          0 MISS:          0 MSHR_MERGE:          0
cpu2->cpu2_DTLB TRANSLATION  ACCESS:          0 HIT:          0 MISS:          0 MSHR_MERGE:          0
cpu2->cpu2_DTLB PREFETCH REQUESTED:          0 ISSUED:          0 USEFUL:          0 USELESS:          0
cpu2->cpu2_DTLB AVERAGE MISS LATENCY: - cycles
cpu1->cpu1_L2C TOTAL        ACCESS:    2522361 HIT:    2316875 MISS:     205486 MSHR_MERGE:          0
cpu1->cpu1_L2C LOAD         ACCESS:    2208589 HIT:    2117546 MISS:      91043 MSHR_MERGE:          0
cpu1->cpu1_L2C RFO          ACCESS:     134275 HIT:      19832 MISS:     114443 MSHR_MERGE:          0
cpu1->cpu1_L2C PREFETCH     ACCESS:          0 HIT:          0 MISS:          0 MSHR_MERGE:          0
cpu1->cpu1_L2C WRITE        ACCESS:     179497 HIT:     179497 MISS:          0 MSHR_MERGE:          0
cpu1->cpu1_L2C TRANSLATION  ACCESS:          0 HIT:          0 MISS:          0 MSHR_MERGE:          0
cpu1->cpu1_L2C PREFETCH REQUESTED:          0 ISSUED:          0 USEFUL:          0 USELESS:          0
cpu1->cpu1_L2C AVERAGE MISS LATENCY: 223.5 cycles
cpu1->cpu1_L1I TOTAL        ACCESS:   11411453 HIT:   11134133 MISS:     277320 MSHR_MERGE:     100428
cpu1->cpu1_L1I LOAD         ACCESS:   11411453 HIT:   11134133 MISS:     277320 MSHR_MERGE:     100428
cpu1->cpu1_L1I RFO          ACCESS:          0 HIT:          0 MISS:          0 MSHR_MERGE:          0
cpu1->cpu1_L1I PREFETCH     ACCESS:          0 HIT:          0 MISS:          0 MSHR_MERGE:          0
cpu1->cpu1_L1I WRITE        ACCESS:          0 HIT:          0 MISS:          0 MSHR_MERGE:          0
cpu1->cpu1_L1I TRANSLATION  ACCESS:          0 HIT:          0 MISS:          0 MSHR_MERGE:          0
cpu1->cpu1_L1I PREFETCH REQUESTED:          0 ISSUED:          0 USEFUL:          0 USELESS:          0
cpu1->cpu1_L1I AVERAGE MISS LATENCY: 8.002 cycles
cpu1->cpu1_L1D TOTAL        ACCESS:   12676762 HIT:    9357892 MISS:    3318870 MSHR_MERGE:    1152894
cpu1->cpu1_L1D LOAD         ACCESS:    7920706 HIT:    5120745 MISS:    2799961 MSHR_MERGE:     768261
cpu1->cpu1_L1D RFO          ACCESS:          0 HIT:          0 MISS:          0 MSHR_MERGE:          0
cpu1->cpu1_L1D PREFETCH     ACCESS:          0 HIT:          0 MISS:          0 MSHR_MERGE:          0
cpu1->cpu1_L1D WRITE        ACCESS:    4756056 HIT:    4237147 MISS:     518909 MSHR_MERGE:     384633
cpu1->cpu1_L1D TRANSLATION  ACCESS:          0 HIT:          0 MISS:          0 MSHR_MERGE:          0
cpu1->cpu1_L1D PREFETCH REQUESTED:          0 ISSUED:          0 USEFUL:          0 USELESS:          0
cpu1->cpu1_L1D AVERAGE MISS LATENCY: 29.23 cycles
cpu1->cpu1_ITLB TOTAL        ACCESS:   10624356 HIT:   10624356 MISS:          0 MSHR_MERGE:          0
cpu1->cpu1_ITLB LOAD         ACCESS:   10624356 HIT:   10624356 MISS:          0 MSHR_MERGE:          0
cpu1->cpu1_ITLB RFO          ACCESS:          0 HIT:          0 MISS:          0 MSHR_MERGE:          0
cpu1->cpu1_ITLB PREFETCH     ACCESS:          0 HIT:          0 MISS:          0 MSHR_MERGE:          0
cpu1->cpu1_ITLB WRITE        ACCESS:          0 HIT:          0 MISS:          0 MSHR_MERGE:          0
cpu1->cpu1_ITLB TRANSLATION  ACCESS:          0 HIT:          0 MISS:          0 MSHR_MERGE:          0
cpu1->cpu1_ITLB PREFETCH REQUESTED:          0 ISSUED:          0 USEFUL:          0 USELESS:          0
cpu1->cpu1_ITLB AVERAGE MISS LATENCY: - cycles
cpu1->cpu1_DTLB TOTAL        ACCESS:   11762874 HIT:   11762874 MISS:          0 MSHR_MERGE:          0
cpu1->cpu1_DTLB LOAD         ACCESS:   11762874 HIT:   11762874 MISS:          0 MSHR_MERGE:          0
cpu1->cpu1_DTLB RFO          ACCESS:          0 HIT:          0 MISS:          0 MSHR_MERGE:          0
cpu1->cpu1_DTLB PREFETCH     ACCESS:          0 HIT:          0 MISS:          0 MSHR_MERGE:          0
cpu1->cpu1_DTLB WRITE        ACCESS:          0 HIT:          0 MISS:          0 MSHR_MERGE:          0
cpu1->cpu1_DTLB TRANSLATION  ACCESS:          0 HIT:          0 MISS:          0 MSHR_MERGE:          0
cpu1->cpu1_DTLB PREFETCH REQUESTED:          0 ISSUED:          0 USEFUL:          0 USELESS:          0
cpu1->cpu1_DTLB AVERAGE MISS LATENCY: - cycles
cpu0->cpu0_L2C TOTAL        ACCESS:    2522131 HIT:    2316655 MISS:     205476 MSHR_MERGE:          0
cpu0->cpu0_L2C LOAD         ACCESS:    2208392 HIT:    2117351 MISS:      91041 MSHR_MERGE:          0
cpu0->cpu0_L2C RFO          ACCESS:     134295 HIT:      19860 MISS:     114435 MSHR_MERGE:          0
cpu0->cpu0_L2C PREFETCH     ACCESS:          0 HIT:          0 MISS:          0 MSHR_MERGE:          0
cpu0->cpu0_L2C WRITE        ACCESS:     179444 HIT:     179444 MISS:          0 MSHR_MERGE:          0
cpu0->cpu0_L2C TRANSLATION  ACCESS:          0 HIT:          0 MISS:          0 MSHR_MERGE:          0
cpu0->cpu0_L2C PREFETCH REQUESTED:          0 ISSUED:          0 USEFUL:          0 USELESS:          0
cpu0->cpu0_L2C AVERAGE MISS LATENCY: 221 cycles
cpu0->cpu0_L1I TOTAL        ACCESS:   11416992 HIT:   11139960 MISS:     277032 MSHR_MERGE:     100204
cpu0->cpu0_L1I LOAD         ACCESS:   11416992 HIT:   11139960 MISS:     277032 MSHR_MERGE:     100204
cpu0->cpu0_L1I RFO          ACCESS:          0 HIT:          0 MISS:          0 MSHR_MERGE:          0
cpu0->cpu0_L1I PREFETCH     ACCESS:          0 HIT:          0 MISS:          0 MSHR_MERGE:          0
cpu0->cpu0_L1I WRITE        ACCESS:          0 HIT:          0 MISS:          0 MSHR_MERGE:          0
cpu0->cpu0_L1I TRANSLATION  ACCESS:          0 HIT:          0 MISS:          0 MSHR_MERGE:          0
cpu0->cpu0_L1I PREFETCH REQUESTED:          0 ISSUED:          0 USEFUL:          0 USELESS:          0
cpu0->cpu0_L1I AVERAGE MISS LATENCY: 7.938 cycles
cpu0->cpu0_L1D TOTAL        ACCESS:   12684104 HIT:    9364620 MISS:    3319484 MSHR_MERGE:    1153621
cpu0->cpu0_L1D LOAD         ACCESS:    7927706 HIT:    5127491 MISS:    2800215 MSHR_MERGE:     768647
cpu0->cpu0_L1D RFO          ACCESS:          0 HIT:          0 MISS:          0 MSHR_MERGE:          0
cpu0->cpu0_L1D PREFETCH     ACCESS:          0 HIT:          0 MISS:          0 MSHR_MERGE:          0
cpu0->cpu0_L1D WRITE        ACCESS:    4756398 HIT:    4237129 MISS:     519269 MSHR_MERGE:     384974
cpu0->cpu0_L1D TRANSLATION  ACCESS:          0 HIT:          0 MISS:          0 MSHR_MERGE:          0
cpu0->cpu0_L1D PREFETCH REQUESTED:          0 ISSUED:          0 USEFUL:          0 USELESS:          0
cpu0->cpu0_L1D AVERAGE MISS LATENCY: 29 cycles
cpu0->cpu0_ITLB TOTAL        ACCESS:   10629851 HIT:   10629851 MISS:          0 MSHR_MERGE:          0
cpu0->cpu0_ITLB LOAD         ACCESS:   10629851 HIT:   10629851 MISS:          0 MSHR_MERGE:          0
cpu0->cpu0_ITLB RFO          ACCESS:          0 HIT:          0 MISS:          0 MSHR_MERGE:          0
cpu0->cpu0_ITLB PREFETCH     ACCESS:          0 HIT:          0 MISS:          0 MSHR_MERGE:          0
cpu0->cpu0_ITLB WRITE        ACCESS:          0 HIT:          0 MISS:          0 MSHR_MERGE:          0
cpu0->cpu0_ITLB TRANSLATION  ACCESS:          0 HIT:          0 MISS:          0 MSHR_MERGE:          0
cpu0->cpu0_ITLB PREFETCH REQUESTED:          0 ISSUED:          0 USEFUL:          0 USELESS:          0
cpu0->cpu0_ITLB AVERAGE MISS LATENCY: - cycles
cpu0->cpu0_DTLB TOTAL        ACCESS:   11786222 HIT:   11786222 MISS:          0 MSHR_MERGE:          0
cpu0->cpu0_DTLB LOAD         ACCESS:   11786222 HIT:   11786222 MISS:          0 MSHR_MERGE:          0
cpu0->cpu0_DTLB RFO          ACCESS:          0 HIT:          0 MISS:          0 MSHR_MERGE:          0
cpu0->cpu0_DTLB PREFETCH     ACCESS:          0 HIT:          0 MISS:          0 MSHR_MERGE:          0
cpu0->cpu0_DTLB WRITE        ACCESS:          0 HIT:          0 MISS:          0 MSHR_MERGE:          0
cpu0->cpu0_DTLB TRANSLATION  ACCESS:          0 HIT:          0 MISS:          0 MSHR_MERGE:          0
cpu0->cpu0_DTLB PREFETCH REQUESTED:          0 ISSUED:          0 USEFUL:          0 USELESS:          0
cpu0->cpu0_DTLB AVERAGE MISS LATENCY: - cycles
cpu0->LLC TOTAL        ACCESS:     327463 HIT:     196353 MISS:     131110 MSHR_MERGE:          0
cpu0->LLC LOAD         ACCESS:      91041 HIT:      80494 MISS:      10547 MSHR_MERGE:          0
cpu0->LLC RFO          ACCESS:     114435 HIT:       4785 MISS:     109650 MSHR_MERGE:          0
cpu0->LLC PREFETCH     ACCESS:          0 HIT:          0 MISS:          0 MSHR_MERGE:          0
cpu0->LLC WRITE        ACCESS:     121987 HIT:     111074 MISS:      10913 MSHR_MERGE:          0
cpu0->LLC TRANSLATION  ACCESS:          0 HIT:          0 MISS:          0 MSHR_MERGE:          0
cpu0->LLC PREFETCH REQUESTED:          0 ISSUED:          0 USEFUL:          0 USELESS:          0
cpu0->LLC AVERAGE MISS LATENCY: 2615 cycles
cpu1->LLC TOTAL        ACCESS:     327462 HIT:     196257 MISS:     131205 MSHR_MERGE:          0
cpu1->LLC LOAD         ACCESS:      91043 HIT:      80482 MISS:      10561 MSHR_MERGE:          0
cpu1->LLC RFO          ACCESS:     114443 HIT:       4784 MISS:     109659 MSHR_MERGE:          0
cpu1->LLC PREFETCH     ACCESS:          0 HIT:          0 MISS:          0 MSHR_MERGE:          0
cpu1->LLC WRITE        ACCESS:     121976 HIT:     110991 MISS:      10985 MSHR_MERGE:          0
cpu1->LLC TRANSLATION  ACCESS:          0 HIT:          0 MISS:          0 MSHR_MERGE:          0
cpu1->LLC PREFETCH REQUESTED:          0 ISSUED:          0 USEFUL:          0 USELESS:          0
cpu1->LLC AVERAGE MISS LATENCY: 2613 cycles
cpu2->LLC TOTAL        ACCESS:     327452 HIT:     196251 MISS:     131201 MSHR_MERGE:          0
cpu2->LLC LOAD         ACCESS:      91032 HIT:      80532 MISS:      10500 MSHR_MERGE:          0
cpu2->LLC RFO          ACCESS:     114457 HIT:       4791 MISS:     109666 MSHR_MERGE:          0
cpu2->LLC PREFETCH     ACCESS:          0 HIT:          0 MISS:          0 MSHR_MERGE:          0
cpu2->LLC WRITE        ACCESS:     121963 HIT:     110928 MISS:      11035 MSHR_MERGE:          0
cpu2->LLC TRANSLATION  ACCESS:          0 HIT:          0 MISS:          0 MSHR_MERGE:          0
cpu2->LLC PREFETCH REQUESTED:          0 ISSUED:          0 USEFUL:          0 USELESS:          0
cpu2->LLC AVERAGE MISS LATENCY: 2613 cycles
cpu3->LLC TOTAL        ACCESS:     327592 HIT:     196473 MISS:     131119 MSHR_MERGE:          0
cpu3->LLC LOAD         ACCESS:      91126 HIT:      80633 MISS:      10493 MSHR_MERGE:          0
cpu3->LLC RFO          ACCESS:     114468 HIT:       4795 MISS:     109673 MSHR_MERGE:          0
cpu3->LLC PREFETCH     ACCESS:          0 HIT:          0 MISS:          0 MSHR_MERGE:          0
cpu3->LLC WRITE        ACCESS:     121998 HIT:     111045 MISS:      10953 MSHR_MERGE:          0
cpu3->LLC TRANSLATION  ACCESS:          0 HIT:          0 MISS:          0 MSHR_MERGE:          0
cpu3->LLC PREFETCH REQUESTED:          0 ISSUED:          0 USEFUL:          0 USELESS:          0
cpu3->LLC AVERAGE MISS LATENCY: 2615 cycles
cpu4->LLC TOTAL        ACCESS:     327483 HIT:     196355 MISS:     131128 MSHR_MERGE:          0
cpu4->LLC LOAD         ACCESS:      91041 HIT:      80571 MISS:      10470 MSHR_MERGE:          0
cpu4->LLC RFO          ACCESS:     114467 HIT:       4790 MISS:     109677 MSHR_MERGE:          0
cpu4->LLC PREFETCH     ACCESS:          0 HIT:          0 MISS:          0 MSHR_MERGE:          0
cpu4->LLC WRITE        ACCESS:     121975 HIT:     110994 MISS:      10981 MSHR_MERGE:          0
cpu4->LLC TRANSLATION  ACCESS:          0 HIT:          0 MISS:          0 MSHR_MERGE:          0
cpu4->LLC PREFETCH REQUESTED:          0 ISSUED:          0 USEFUL:          0 USELESS:          0
cpu4->LLC AVERAGE MISS LATENCY: 2615 cycles
cpu5->LLC TOTAL        ACCESS:     327512 HIT:     196462 MISS:     131050 MSHR_MERGE:          0
cpu5->LLC LOAD         ACCESS:      91048 HIT:      80576 MISS:      10472 MSHR_MERGE:          0
cpu5->LLC RFO          ACCESS:     114470 HIT:       4791 MISS:     109679 MSHR_MERGE:          0
cpu5->LLC PREFETCH     ACCESS:          0 HIT:          0 MISS:          0 MSHR_MERGE:          0
cpu5->LLC WRITE        ACCESS:     121994 HIT:     111095 MISS:      10899 MSHR_MERGE:          0
cpu5->LLC TRANSLATION  ACCESS:          0 HIT:          0 MISS:          0 MSHR_MERGE:          0
cpu5->LLC PREFETCH REQUESTED:          0 ISSUED:          0 USEFUL:          0 USELESS:          0
cpu5->LLC AVERAGE MISS LATENCY: 2616 cycles
cpu6->LLC TOTAL        ACCESS:     327504 HIT:     196460 MISS:     131044 MSHR_MERGE:          0
cpu6->LLC LOAD         ACCESS:      91032 HIT:      80592 MISS:      10440 MSHR_MERGE:          0
cpu6->LLC RFO          ACCESS:     114487 HIT:       4802 MISS:     109685 MSHR_MERGE:          0
cpu6->LLC PREFETCH     ACCESS:          0 HIT:          0 MISS:          0 MSHR_MERGE:          0
cpu6->LLC WRITE        ACCESS:     121985 HIT:     111066 MISS:      10919 MSHR_MERGE:          0
cpu6->LLC TRANSLATION  ACCESS:          0 HIT:          0 MISS:          0 MSHR_MERGE:          0
cpu6->LLC PREFETCH REQUESTED:          0 ISSUED:          0 USEFUL:          0 USELESS:          0
cpu6->LLC AVERAGE MISS LATENCY: 2617 cycles
cpu7->LLC TOTAL        ACCESS:     327489 HIT:     196563 MISS:     130926 MSHR_MERGE:          0
cpu7->LLC LOAD         ACCESS:      91027 HIT:      80653 MISS:      10374 MSHR_MERGE:          0
cpu7->LLC RFO          ACCESS:     114481 HIT:       4798 MISS:     109683 MSHR_MERGE:          0
cpu7->LLC PREFETCH     ACCESS:          0 HIT:          0 MISS:          0 MSHR_MERGE:          0
cpu7->LLC WRITE        ACCESS:     121981 HIT:     111112 MISS:      10869 MSHR_MERGE:          0
cpu7->LLC TRANSLATION  ACCESS:          0 HIT:          0 MISS:          0 MSHR_MERGE:          0
cpu7->LLC PREFETCH REQUESTED:          0 ISSUED:          0 USEFUL:          0 USELESS:          0
cpu7->LLC AVERAGE MISS LATENCY: 2619 cycles

Region of Interest Statistics

CPU 7 cumulative IPC: 1.593 instructions: 50000001 cycles: 31386765
CPU 7 Branch Prediction Accuracy: 100% MPKI: 0 Average ROB Occupancy at Mispredict: -
Branch type MPKI
BRANCH_DIRECT_JUMP: 0
BRANCH_INDIRECT: 0
BRANCH_CONDITIONAL: 0
BRANCH_DIRECT_CALL: 0
BRANCH_INDIRECT_CALL: 0
BRANCH_RETURN: 0


CPU 6 cumulative IPC: 1.593 instructions: 50000004 cycles: 31382022
CPU 6 Branch Prediction Accuracy: 100% MPKI: 0 Average ROB Occupancy at Mispredict: -
Branch type MPKI
BRANCH_DIRECT_JUMP: 0
BRANCH_INDIRECT: 0
BRANCH_CONDITIONAL: 0
BRANCH_DIRECT_CALL: 0
BRANCH_INDIRECT_CALL: 0
BRANCH_RETURN: 0


CPU 5 cumulative IPC: 1.594 instructions: 50000001 cycles: 31366056
CPU 5 Branch Prediction Accuracy: 100% MPKI: 0 Average ROB Occupancy at Mispredict: -
Branch type MPKI
BRANCH_DIRECT_JUMP: 0
BRANCH_INDIRECT: 0
BRANCH_CONDITIONAL: 0
BRANCH_DIRECT_CALL: 0
BRANCH_INDIRECT_CALL: 0
BRANCH_RETURN: 0


CPU 4 cumulative IPC: 1.594 instructions: 50000000 cycles: 31375117
CPU 4 Branch Prediction Accuracy: 100% MPKI: 0 Average ROB Occupancy at Mispredict: -
Branch type MPKI
BRANCH_DIRECT_JUMP: 0
BRANCH_INDIRECT: 0
BRANCH_CONDITIONAL: 0
BRANCH_DIRECT_CALL: 0
BRANCH_INDIRECT_CALL: 0
BRANCH_RETURN: 0


CPU 3 cumulative IPC: 1.595 instructions: 50000000 cycles: 31341547
CPU 3 Branch Prediction Accuracy: 100% MPKI: 0 Average ROB Occupancy at Mispredict: -
Branch type MPKI
BRANCH_DIRECT_JUMP: 0
BRANCH_INDIRECT: 0
BRANCH_CONDITIONAL: 0
BRANCH_DIRECT_CALL: 0
BRANCH_INDIRECT_CALL: 0
BRANCH_RETURN: 0


CPU 2 cumulative IPC: 1.593 instructions: 50000000 cycles: 31395140
CPU 2 Branch Prediction Accuracy: 100% MPKI: 0 Average ROB Occupancy at Mispredict: -
Branch type MPKI
BRANCH_DIRECT_JUMP: 0
BRANCH_INDIRECT: 0
BRANCH_CONDITIONAL: 0
BRANCH_DIRECT_CALL: 0
BRANCH_INDIRECT_CALL: 0
BRANCH_RETURN: 0


CPU 1 cumulative IPC: 1.593 instructions: 50000001 cycles: 31381444
CPU 1 Branch Prediction Accuracy: 100% MPKI: 0 Average ROB Occupancy at Mispredict: -
Branch type MPKI
BRANCH_DIRECT_JUMP: 0
BRANCH_INDIRECT: 0
BRANCH_CONDITIONAL: 0
BRANCH_DIRECT_CALL: 0
BRANCH_INDIRECT_CALL: 0
BRANCH_RETURN: 0


CPU 0 cumulative IPC: 1.594 instructions: 50000000 cycles: 31361584
CPU 0 Branch Prediction Accuracy: 100% MPKI: 0 Average ROB Occupancy at Mispredict: -
Branch type MPKI
BRANCH_DIRECT_JUMP: 0
BRANCH_INDIRECT: 0
BRANCH_CONDITIONAL: 0
BRANCH_DIRECT_CALL: 0
BRANCH_INDIRECT_CALL: 0
BRANCH_RETURN: 0

cpu7->cpu7_L2C TOTAL        ACCESS:    2522773 HIT:    2317265 MISS:     205508 MSHR_MERGE:          0
cpu7->cpu7_L2C LOAD         ACCESS:    2208924 HIT:    2117897 MISS:      91027 MSHR_MERGE:          0
cpu7->cpu7_L2C RFO          ACCESS:     134343 HIT:      19862 MISS:     114481 MSHR_MERGE:          0
cpu7->cpu7_L2C PREFETCH     ACCESS:          0 HIT:          0 MISS:          0 MSHR_MERGE:          0
cpu7->cpu7_L2C WRITE        ACCESS:     179506 HIT:     179506 MISS:          0 MSHR_MERGE:          0
cpu7->cpu7_L2C TRANSLATION  ACCESS:          0 HIT:          0 MISS:          0 MSHR_MERGE:          0
cpu7->cpu7_L2C PREFETCH REQUESTED:          0 ISSUED:          0 USEFUL:          0 USELESS:          0
cpu7->cpu7_L2C AVERAGE MISS LATENCY: 224.4 cycles
cpu7->cpu7_L1I TOTAL        ACCESS:   11407575 HIT:   11129588 MISS:     277987 MSHR_MERGE:     100917
cpu7->cpu7_L1I LOAD         ACCESS:   11407575 HIT:   11129588 MISS:     277987 MSHR_MERGE:     100917
cpu7->cpu7_L1I RFO          ACCESS:          0 HIT:          0 MISS:          0 MSHR_MERGE:          0
cpu7->cpu7_L1I PREFETCH     ACCESS:          0 HIT:          0 MISS:          0 MSHR_MERGE:          0
cpu7->cpu7_L1I WRITE        ACCESS:          0 HIT:          0 MISS:          0 MSHR_MERGE:          0
cpu7->cpu7_L1I TRANSLATION  ACCESS:          0 HIT:          0 MISS:          0 MSHR_MERGE:          0
cpu7->cpu7_L1I PREFETCH REQUESTED:          0 ISSUED:          0 USEFUL:          0 USELESS:          0
cpu7->cpu7_L1I AVERAGE MISS LATENCY: 7.919 cycles
cpu7->cpu7_L1D TOTAL        ACCESS:   12674473 HIT:    9358067 MISS:    3316406 MSHR_MERGE:    1150205
cpu7->cpu7_L1D LOAD         ACCESS:    7914187 HIT:    5116912 MISS:    2797275 MSHR_MERGE:     765420
cpu7->cpu7_L1D RFO          ACCESS:          0 HIT:          0 MISS:          0 MSHR_MERGE:          0
cpu7->cpu7_L1D PREFETCH     ACCESS:          0 HIT:          0 MISS:          0 MSHR_MERGE:          0
cpu7->cpu7_L1D WRITE        ACCESS:    4760286 HIT:    4241155 MISS:     519131 MSHR_MERGE:     384785
cpu7->cpu7_L1D TRANSLATION  ACCESS:          0 HIT:          0 MISS:          0 MSHR_MERGE:          0
cpu7->cpu7_L1D PREFETCH REQUESTED:          0 ISSUED:          0 USEFUL:          0 USELESS:          0
cpu7->cpu7_L1D AVERAGE MISS LATENCY: 29.32 cycles
cpu7->cpu7_ITLB TOTAL        ACCESS:   10607106 HIT:   10607106 MISS:          0 MSHR_MERGE:          0
cpu7->cpu7_ITLB LOAD         ACCESS:   10607106 HIT:   10607106 MISS:          0 MSHR_MERGE:          0
cpu7->cpu7_ITLB RFO          ACCESS:          0 HIT:          0 MISS:          0 MSHR_MERGE:          0
cpu7->cpu7_ITLB PREFETCH     ACCESS:          0 HIT:          0 MISS:          0 MSHR_MERGE:          0
cpu7->cpu7_ITLB WRITE        ACCESS:          0 HIT:          0 MISS:          0 MSHR_MERGE:          0
cpu7->cpu7_ITLB TRANSLATION  ACCESS:          0 HIT:          0 MISS:          0 MSHR_MERGE:          0
cpu7->cpu7_ITLB PREFETCH REQUESTED:          0 ISSUED:          0 USEFUL:          0 USELESS:          0
cpu7->cpu7_ITLB AVERAGE MISS LATENCY: - cycles
cpu7->cpu7_DTLB TOTAL        ACCESS:   11769626 HIT:   11769626 MISS:          0 MSHR_MERGE:          0
cpu7->cpu7_DTLB LOAD         ACCESS:   11769626 HIT:   11769626 MISS:          0 MSHR_MERGE:          0
cpu7->cpu7_DTLB RFO          ACCESS:          0 HIT:          0 MISS:          0 MSHR_MERGE:          0
cpu7->cpu7_DTLB PREFETCH     ACCESS:          0 HIT:          0 MISS:          0 MSHR_MERGE:          0
cpu7->cpu7_DTLB WRITE        ACCESS:          0 HIT:          0 MISS:          0 MSHR_MERGE:          0
cpu7->cpu7_DTLB TRANSLATION  ACCESS:          0 HIT:          0 MISS:          0 MSHR_MERGE:          0
cpu7->cpu7_DTLB PREFETCH REQUESTED:          0 ISSUED:          0 USEFUL:          0 USELESS:          0
cpu7->cpu7_DTLB AVERAGE MISS LATENCY: - cycles
cpu6->cpu6_L2C TOTAL        ACCESS:    2522742 HIT:    2317223 MISS:     205519 MSHR_MERGE:          0
cpu6->cpu6_L2C LOAD         ACCESS:    2208909 HIT:    2117877 MISS:      91032 MSHR_MERGE:          0
cpu6->cpu6_L2C RFO          ACCESS:     134337 HIT:      19850 MISS:     114487 MSHR_MERGE:          0
cpu6->cpu6_L2C PREFETCH     ACCESS:          0 HIT:          0 MISS:          0 MSHR_MERGE:          0
cpu6->cpu6_L2C WRITE        ACCESS:     179496 HIT:     179496 MISS:          0 MSHR_MERGE:          0
cpu6->cpu6_L2C TRANSLATION  ACCESS:          0 HIT:          0 MISS:          0 MSHR_MERGE:          0
cpu6->cpu6_L2C PREFETCH REQUESTED:          0 ISSUED:          0 USEFUL:          0 USELESS:          0
cpu6->cpu6_L2C AVERAGE MISS LATENCY: 223.9 cycles
cpu6->cpu6_L1I TOTAL        ACCESS:   11406603 HIT:   11128994 MISS:     277609 MSHR_MERGE:     100516
cpu6->cpu6_L1I LOAD         ACCESS:   11406603 HIT:   11128994 MISS:     277609 MSHR_MERGE:     100516
cpu6->cpu6_L1I RFO          ACCESS:          0 HIT:          0 MISS:          0 MSHR_MERGE:          0
cpu6->cpu6_L1I PREFETCH     ACCESS:          0 HIT:          0 MISS:          0 MSHR_MERGE:          0
cpu6->cpu6_L1I WRITE        ACCESS:          0 HIT:          0 MISS:          0 MSHR_MERGE:          0
cpu6->cpu6_L1I TRANSLATION  ACCESS:          0 HIT:          0 MISS:          0 MSHR_MERGE:          0
cpu6->cpu6_L1I PREFETCH REQUESTED:          0 ISSUED:          0 USEFUL:          0 USELESS:          0
cpu6->cpu6_L1I AVERAGE MISS LATENCY: 7.936 cycles
cpu6->cpu6_L1D TOTAL        ACCESS:   12678183 HIT:    9361694 MISS:    3316489 MSHR_MERGE:    1150333
cpu6->cpu6_L1D LOAD         ACCESS:    7916643 HIT:    5119348 MISS:    2797295 MSHR_MERGE:     765477
cpu6->cpu6_L1D RFO          ACCESS:          0 HIT:          0 MISS:          0 MSHR_MERGE:          0
cpu6->cpu6_L1D PREFETCH     ACCESS:          0 HIT:          0 MISS:          0 MSHR_MERGE:          0
cpu6->cpu6_L1D WRITE        ACCESS:    4761540 HIT:    4242346 MISS:     519194 MSHR_MERGE:     384856
cpu6->cpu6_L1D TRANSLATION  ACCESS:          0 HIT:          0 MISS:          0 MSHR_MERGE:          0
cpu6->cpu6_L1D PREFETCH REQUESTED:          0 ISSUED:          0 USEFUL:          0 USELESS:          0
cpu6->cpu6_L1D AVERAGE MISS LATENCY: 29.28 cycles
cpu6->cpu6_ITLB TOTAL        ACCESS:   10613491 HIT:   10613491 MISS:          0 MSHR_MERGE:          0
cpu6->cpu6_ITLB LOAD         ACCESS:   10613491 HIT:   10613491 MISS:          0 MSHR_MERGE:          0
cpu6->cpu6_ITLB RFO          ACCESS:          0 HIT:          0 MISS:          0 MSHR_MERGE:          0
cpu6->cpu6_ITLB PREFETCH     ACCESS:          0 HIT:          0 MISS:          0 MSHR_MERGE:          0
cpu6->cpu6_ITLB WRITE        ACCESS:          0 HIT:          0 MISS:          0 MSHR_MERGE:          0
cpu6->cpu6_ITLB TRANSLATION  ACCESS:          0 HIT:          0 MISS:          0 MSHR_MERGE:          0
cpu6->cpu6_ITLB PREFETCH REQUESTED:          0 ISSUED:          0 USEFUL:          0 USELESS:          0
cpu6->cpu6_ITLB AVERAGE MISS LATENCY: - cycles
cpu6->cpu6_DTLB TOTAL        ACCESS:   11779213 HIT:   11779213 MISS:          0 MSHR_MERGE:          0
cpu6->cpu6_DTLB LOAD         ACCESS:   11779213 HIT:   11779213 MISS:          0 MSHR_MERGE:          0
cpu6->cpu6_DTLB RFO          ACCESS:          0 HIT:          0 MISS:          0 MSHR_MERGE:          0
cpu6->cpu6_DTLB PREFETCH     ACCESS:          0 HIT:          0 MISS:          0 MSHR_MERGE:          0
cpu6->cpu6_DTLB WRITE        ACCESS:          0 HIT:          0 MISS:          0 MSHR_MERGE:          0
cpu6->cpu6_DTLB TRANSLATION  ACCESS:          0 HIT:          0 MISS:          0 MSHR_MERGE:          0
cpu6->cpu6_DTLB PREFETCH REQUESTED:          0 ISSUED:          0 USEFUL:          0 USELESS:          0
cpu6->cpu6_DTLB AVERAGE MISS LATENCY: - cycles
cpu5->cpu5_L2C TOTAL        ACCESS:    2522713 HIT:    2317195 MISS:     205518 MSHR_MERGE:          0
cpu5->cpu5_L2C LOAD         ACCESS:    2208887 HIT:    2117839 MISS:      91048 MSHR_MERGE:          0
cpu5->cpu5_L2C RFO          ACCESS:     134322 HIT:      19852 MISS:     114470 MSHR_MERGE:          0
cpu5->cpu5_L2C PREFETCH     ACCESS:          0 HIT:          0 MISS:          0 MSHR_MERGE:          0
cpu5->cpu5_L2C WRITE        ACCESS:     179504 HIT:     179504 MISS:          0 MSHR_MERGE:          0
cpu5->cpu5_L2C TRANSLATION  ACCESS:          0 HIT:          0 MISS:          0 MSHR_MERGE:          0
cpu5->cpu5_L2C PREFETCH REQUESTED:          0 ISSUED:          0 USEFUL:          0 USELESS:          0
cpu5->cpu5_L2C AVERAGE MISS LATENCY: 221.5 cycles
cpu5->cpu5_L1I TOTAL        ACCESS:   11418935 HIT:   11141323 MISS:     277612 MSHR_MERGE:     100564
cpu5->cpu5_L1I LOAD         ACCESS:   11418935 HIT:   11141323 MISS:     277612 MSHR_MERGE:     100564
cpu5->cpu5_L1I RFO          ACCESS:          0 HIT:          0 MISS:          0 MSHR_MERGE:          0
cpu5->cpu5_L1I PREFETCH     ACCESS:          0 HIT:          0 MISS:          0 MSHR_MERGE:          0
cpu5->cpu5_L1I WRITE        ACCESS:          0 HIT:          0 MISS:          0 MSHR_MERGE:          0
cpu5->cpu5_L1I TRANSLATION  ACCESS:          0 HIT:          0 MISS:          0 MSHR_MERGE:          0
cpu5->cpu5_L1I PREFETCH REQUESTED:          0 ISSUED:          0 USEFUL:          0 USELESS:          0
cpu5->cpu5_L1I AVERAGE MISS LATENCY: 7.972 cycles
cpu5->cpu5_L1D TOTAL        ACCESS:   12688193 HIT:    9369529 MISS:    3318664 MSHR_MERGE:    1152499
cpu5->cpu5_L1D LOAD         ACCESS:    7927088 HIT:    5127524 MISS:    2799564 MSHR_MERGE:     767722
cpu5->cpu5_L1D RFO          ACCESS:          0 HIT:          0 MISS:          0 MSHR_MERGE:          0
cpu5->cpu5_L1D PREFETCH     ACCESS:          0 HIT:          0 MISS:          0 MSHR_MERGE:          0
cpu5->cpu5_L1D WRITE        ACCESS:    4761105 HIT:    4242005 MISS:     519100 MSHR_MERGE:     384777
cpu5->cpu5_L1D TRANSLATION  ACCESS:          0 HIT:          0 MISS:          0 MSHR_MERGE:          0
cpu5->cpu5_L1D PREFETCH REQUESTED:          0 ISSUED:          0 USEFUL:          0 USELESS:          0
cpu5->cpu5_L1D AVERAGE MISS LATENCY: 29.04 cycles
cpu5->cpu5_ITLB TOTAL        ACCESS:   10618199 HIT:   10618199 MISS:          0 MSHR_MERGE:          0
cpu5->cpu5_ITLB LOAD         ACCESS:   10618199 HIT:   10618199 MISS:          0 MSHR_MERGE:          0
cpu5->cpu5_ITLB RFO          ACCESS:          0 HIT:          0 MISS:          0 MSHR_MERGE:          0
cpu5->cpu5_ITLB PREFETCH     ACCESS:          0 HIT:          0 MISS:          0 MSHR_MERGE:          0
cpu5->cpu5_ITLB WRITE        ACCESS:          0 HIT:          0 MISS:          0 MSHR_MERGE:          0
cpu5->cpu5_ITLB TRANSLATION  ACCESS:          0 HIT:          0 MISS:          0 MSHR_MERGE:          0
cpu5->cpu5_ITLB PREFETCH REQUESTED:          0 ISSUED:          0 USEFUL:          0 USELESS:          0
cpu5->cpu5_ITLB AVERAGE MISS LATENCY: - cycles
cpu5->cpu5_DTLB TOTAL        ACCESS:   11769121 HIT:   11769121 MISS:          0 MSHR_MERGE:          0
cpu5->cpu5_DTLB LOAD         ACCESS:   11769121 HIT:   11769121 MISS:          0 MSHR_MERGE:          0
cpu5->cpu5_DTLB RFO          ACCESS:          0 HIT:          0 MISS:          0 MSHR_MERGE:          0
cpu5->cpu5_DTLB PREFETCH     ACCESS:          0 HIT:          0 MISS:          0 MSHR_MERGE:          0
cpu5->cpu5_DTLB WRITE        ACCESS:          0 HIT:          0 MISS:          0 MSHR_MERGE:          0
cpu5->cpu5_DTLB TRANSLATION  ACCESS:          0 HIT:          0 MISS:          0 MSHR_MERGE:          0
cpu5->cpu5_DTLB PREFETCH REQUESTED:          0 ISSUED:          0 USEFUL:          0 USELESS:          0
cpu5->cpu5_DTLB AVERAGE MISS LATENCY: - cycles
cpu4->cpu4_L2C TOTAL        ACCESS:    2522588 HIT:    2317080 MISS:     205508 MSHR_MERGE:          0
cpu4->cpu4_L2C LOAD         ACCESS:    2208795 HIT:    2117754 MISS:      91041 MSHR_MERGE:          0
cpu4->cpu4_L2C RFO          ACCESS:     134308 HIT:      19841 MISS:     114467 MSHR_MERGE:          0
cpu4->cpu4_L2C PREFETCH     ACCESS:          0 HIT:          0 MISS:          0 MSHR_MERGE:          0
cpu4->cpu4_L2C WRITE        ACCESS:     179485 HIT:     179485 MISS:          0 MSHR_MERGE:          0
cpu4->cpu4_L2C TRANSLATION  ACCESS:          0 HIT:          0 MISS:          0 MSHR_MERGE:          0
cpu4->cpu4_L2C PREFETCH REQUESTED:          0 ISSUED:          0 USEFUL:          0 USELESS:          0
cpu4->cpu4_L2C AVERAGE MISS LATENCY: 225.9 cycles
cpu4->cpu4_L1I TOTAL        ACCESS:   11413889 HIT:   11136370 MISS:     277519 MSHR_MERGE:     100523
cpu4->cpu4_L1I LOAD         ACCESS:   11413889 HIT:   11136370 MISS:     277519 MSHR_MERGE:     100523
cpu4->cpu4_L1I RFO          ACCESS:          0 HIT:          0 MISS:          0 MSHR_MERGE:          0
cpu4->cpu4_L1I PREFETCH     ACCESS:          0 HIT:          0 MISS:          0 MSHR_MERGE:          0
cpu4->cpu4_L1I WRITE        ACCESS:          0 HIT:          0 MISS:          0 MSHR_MERGE:          0
cpu4->cpu4_L1I TRANSLATION  ACCESS:          0 HIT:          0 MISS:          0 MSHR_MERGE:          0
cpu4->cpu4_L1I PREFETCH REQUESTED:          0 ISSUED:          0 USEFUL:          0 USELESS:          0
cpu4->cpu4_L1I AVERAGE MISS LATENCY: 7.945 cycles
cpu4->cpu4_L1D TOTAL        ACCESS:   12681256 HIT:    9362874 MISS:    3318382 MSHR_MERGE:    1152272
cpu4->cpu4_L1D LOAD         ACCESS:    7922037 HIT:    5122834 MISS:    2799203 MSHR_MERGE:     767401
cpu4->cpu4_L1D RFO          ACCESS:          0 HIT:          0 MISS:          0 MSHR_MERGE:          0
cpu4->cpu4_L1D PREFETCH     ACCESS:          0 HIT:          0 MISS:          0 MSHR_MERGE:          0
cpu4->cpu4_L1D WRITE        ACCESS:    4759219 HIT:    4240040 MISS:     519179 MSHR_MERGE:     384871
cpu4->cpu4_L1D TRANSLATION  ACCESS:          0 HIT:          0 MISS:          0 MSHR_MERGE:          0
cpu4->cpu4_L1D PREFETCH REQUESTED:          0 ISSUED:          0 USEFUL:          0 USELESS:          0
cpu4->cpu4_L1D AVERAGE MISS LATENCY: 29.46 cycles
cpu4->cpu4_ITLB TOTAL        ACCESS:   10613746 HIT:   10613746 MISS:          0 MSHR_MERGE:          0
cpu4->cpu4_ITLB LOAD         ACCESS:   10613746 HIT:   10613746 MISS:          0 MSHR_MERGE:          0
cpu4->cpu4_ITLB RFO          ACCESS:          0 HIT:          0 MISS:          0 MSHR_MERGE:          0
cpu4->cpu4_ITLB PREFETCH     ACCESS:          0 HIT:          0 MISS:          0 MSHR_MERGE:          0
cpu4->cpu4_ITLB WRITE        ACCESS:          0 HIT:          0 MISS:          0 MSHR_MERGE:          0
cpu4->cpu4_ITLB TRANSLATION  ACCESS:          0 HIT:          0 MISS:          0 MSHR_MERGE:          0
cpu4->cpu4_ITLB PREFETCH REQUESTED:          0 ISSUED:          0 USEFUL:          0 USELESS:          0
cpu4->cpu4_ITLB AVERAGE MISS LATENCY: - cycles
cpu4->cpu4_DTLB TOTAL        ACCESS:   11760141 HIT:   11760141 MISS:          0 MSHR_MERGE:          0
cpu4->cpu4_DTLB LOAD         ACCESS:   11760141 HIT:   11760141 MISS:          0 MSHR_MERGE:          0
cpu4->cpu4_DTLB RFO          ACCESS:          0 HIT:          0 MISS:          0 MSHR_MERGE:          0
cpu4->cpu4_DTLB PREFETCH     ACCESS:          0 HIT:          0 MISS:          0 MSHR_MERGE:          0
cpu4->cpu4_DTLB WRITE        ACCESS:          0 HIT:          0 MISS:          0 MSHR_MERGE:          0
cpu4->cpu4_DTLB TRANSLATION  ACCESS:          0 HIT:          0 MISS:          0 MSHR_MERGE:          0
cpu4->cpu4_DTLB PREFETCH REQUESTED:          0 ISSUED:          0 USEFUL:          0 USELESS:          0
cpu4->cpu4_DTLB AVERAGE MISS LATENCY: - cycles
cpu3->cpu3_L2C TOTAL        ACCESS:    2524940 HIT:    2319346 MISS:     205594 MSHR_MERGE:          0
cpu3->cpu3_L2C LOAD         ACCESS:    2211048 HIT:    2119922 MISS:      91126 MSHR_MERGE:          0
cpu3->cpu3_L2C RFO          ACCESS:     134320 HIT:      19852 MISS:     114468 MSHR_MERGE:          0
cpu3->cpu3_L2C PREFETCH     ACCESS:          0 HIT:          0 MISS:          0 MSHR_MERGE:          0
cpu3->cpu3_L2C WRITE        ACCESS:     179572 HIT:     179572 MISS:          0 MSHR_MERGE:          0
cpu3->cpu3_L2C TRANSLATION  ACCESS:          0 HIT:          0 MISS:          0 MSHR_MERGE:          0
cpu3->cpu3_L2C PREFETCH REQUESTED:          0 ISSUED:          0 USEFUL:          0 USELESS:          0
cpu3->cpu3_L2C AVERAGE MISS LATENCY: 222.6 cycles
cpu3->cpu3_L1I TOTAL        ACCESS:   11426365 HIT:   11149218 MISS:     277147 MSHR_MERGE:     100155
cpu3->cpu3_L1I LOAD         ACCESS:   11426365 HIT:   11149218 MISS:     277147 MSHR_MERGE:     100155
cpu3->cpu3_L1I RFO          ACCESS:          0 HIT:          0 MISS:          0 MSHR_MERGE:          0
cpu3->cpu3_L1I PREFETCH     ACCESS:          0 HIT:          0 MISS:          0 MSHR_MERGE:          0
cpu3->cpu3_L1I WRITE        ACCESS:          0 HIT:          0 MISS:          0 MSHR_MERGE:          0
cpu3->cpu3_L1I TRANSLATION  ACCESS:          0 HIT:          0 MISS:          0 MSHR_MERGE:          0
cpu3->cpu3_L1I PREFETCH REQUESTED:          0 ISSUED:          0 USEFUL:          0 USELESS:          0
cpu3->cpu3_L1I AVERAGE MISS LATENCY: 7.962 cycles
cpu3->cpu3_L1D TOTAL        ACCESS:   12697554 HIT:    9375281 MISS:    3322273 MSHR_MERGE:    1153891
cpu3->cpu3_L1D LOAD         ACCESS:    7935700 HIT:    5132678 MISS:    2803022 MSHR_MERGE:     768961
cpu3->cpu3_L1D RFO          ACCESS:          0 HIT:          0 MISS:          0 MSHR_MERGE:          0
cpu3->cpu3_L1D PREFETCH     ACCESS:          0 HIT:          0 MISS:          0 MSHR_MERGE:          0
cpu3->cpu3_L1D WRITE        ACCESS:    4761854 HIT:    4242603 MISS:     519251 MSHR_MERGE:     384930
cpu3->cpu3_L1D TRANSLATION  ACCESS:          0 HIT:          0 MISS:          0 MSHR_MERGE:          0
cpu3->cpu3_L1D PREFETCH REQUESTED:          0 ISSUED:          0 USEFUL:          0 USELESS:          0
cpu3->cpu3_L1D AVERAGE MISS LATENCY: 29.14 cycles
cpu3->cpu3_ITLB TOTAL        ACCESS:   10638955 HIT:   10638955 MISS:          0 MSHR_MERGE:          0
cpu3->cpu3_ITLB LOAD         ACCESS:   10638955 HIT:   10638955 MISS:          0 MSHR_MERGE:          0
cpu3->cpu3_ITLB RFO          ACCESS:          0 HIT:          0 MISS:          0 MSHR_MERGE:          0
cpu3->cpu3_ITLB PREFETCH     ACCESS:          0 HIT:          0 MISS:          0 MSHR_MERGE:          0
cpu3->cpu3_ITLB WRITE        ACCESS:          0 HIT:          0 MISS:          0 MSHR_MERGE:          0
cpu3->cpu3_ITLB TRANSLATION  ACCESS:          0 HIT:          0 MISS:          0 MSHR_MERGE:          0
cpu3->cpu3_ITLB PREFETCH REQUESTED:          0 ISSUED:          0 USEFUL:          0 USELESS:          0
cpu3->cpu3_ITLB AVERAGE MISS LATENCY: - cycles
cpu3->cpu3_DTLB TOTAL        ACCESS:   11798965 HIT:   11798965 MISS:          0 MSHR_MERGE:          0
cpu3->cpu3_DTLB LOAD         ACCESS:   11798965 HIT:   11798965 MISS:          0 MSHR_MERGE:          0
cpu3->cpu3_DTLB RFO          ACCESS:          0 HIT:          0 MISS:          0 MSHR_MERGE:          0
cpu3->cpu3_DTLB PREFETCH     ACCESS:          0 HIT:          0 MISS:          0 MSHR_MERGE:          0
cpu3->cpu3_DTLB WRITE        ACCESS:          0 HIT:          0 MISS:          0 MSHR_MERGE:          0
cpu3->cpu3_DTLB TRANSLATION  ACCESS:          0 HIT:          0 MISS:          0 MSHR_MERGE:          0
cpu3->cpu3_DTLB PREFETCH REQUESTED:          0 ISSUED:          0 USEFUL:          0 USELESS:          0
cpu3->cpu3_DTLB AVERAGE MISS LATENCY: - cycles
cpu2->cpu2_L2C TOTAL        ACCESS:    2522416 HIT:    2316927 MISS:     205489 MSHR_MERGE:          0
cpu2->cpu2_L2C LOAD         ACCESS:    2208619 HIT:    2117587 MISS:      91032 MSHR_MERGE:          0
cpu2->cpu2_L2C RFO          ACCESS:     134302 HIT:      19845 MISS:     114457 MSHR_MERGE:          0
cpu2->cpu2_L2C PREFETCH     ACCESS:          0 HIT:          0 MISS:          0 MSHR_MERGE:          0
cpu2->cpu2_L2C WRITE        ACCESS:     179495 HIT:     179495 MISS:          0 MSHR_MERGE:          0
cpu2->cpu2_L2C TRANSLATION  ACCESS:          0 HIT:          0 MISS:          0 MSHR_MERGE:          0
cpu2->cpu2_L2C PREFETCH REQUESTED:          0 ISSUED:          0 USEFUL:          0 USELESS:          0
cpu2->cpu2_L2C AVERAGE MISS LATENCY: 226.9 cycles
cpu2->cpu2_L1I TOTAL        ACCESS:   11401743 HIT:   11124531 MISS:     277212 MSHR_MERGE:     100276
cpu2->cpu2_L1I LOAD         ACCESS:   11401743 HIT:   11124531 MISS:     277212 MSHR_MERGE:     100276
cpu2->cpu2_L1I RFO          ACCESS:          0 HIT:          0 MISS:          0 MSHR_MERGE:          0
cpu2->cpu2_L1I PREFETCH     ACCESS:          0 HIT:          0 MISS:          0 MSHR_MERGE:          0
cpu2->cpu2_L1I WRITE        ACCESS:          0 HIT:          0 MISS:          0 MSHR_MERGE:          0
cpu2->cpu2_L1I TRANSLATION  ACCESS:          0 HIT:          0 MISS:          0 MSHR_MERGE:          0
cpu2->cpu2_L1I PREFETCH REQUESTED:          0 ISSUED:          0 USEFUL:          0 USELESS:          0
cpu2->cpu2_L1I AVERAGE MISS LATENCY: 7.936 cycles
cpu2->cpu2_L1D TOTAL        ACCESS:   12672707 HIT:    9354019 MISS:    3318688 MSHR_MERGE:    1152699
cpu2->cpu2_L1D LOAD         ACCESS:    7915211 HIT:    5115515 MISS:    2799696 MSHR_MERGE:     768010
cpu2->cpu2_L1D RFO          ACCESS:          0 HIT:          0 MISS:          0 MSHR_MERGE:          0
cpu2->cpu2_L1D PREFETCH     ACCESS:          0 HIT:          0 MISS:          0 MSHR_MERGE:          0
cpu2->cpu2_L1D WRITE        ACCESS:    4757496 HIT:    4238504 MISS:     518992 MSHR_MERGE:     384689
cpu2->cpu2_L1D TRANSLATION  ACCESS:          0 HIT:          0 MISS:          0 MSHR_MERGE:          0
cpu2->cpu2_L1D PREFETCH REQUESTED:          0 ISSUED:          0 USEFUL:          0 USELESS:          0
cpu2->cpu2_L1D AVERAGE MISS LATENCY: 29.56 cycles
cpu2->cpu2_ITLB TOTAL        ACCESS:   10601457 HIT:   10601457 MISS:          0 MSHR_MERGE:          0
cpu2->cpu2_ITLB LOAD         ACCESS:   10601457 HIT:   10601457 MISS:          0 MSHR_MERGE:          0
cpu2->cpu2_ITLB RFO          ACCESS:          0 HIT:          0 MISS:          0 MSHR_MERGE:          0
cpu2->cpu2_ITLB PREFETCH     ACCESS:          0 HIT:          0 MISS:          0 MSHR_MERGE:          0
cpu2->cpu2_ITLB WRITE        ACCESS:          0 HIT:          0 MISS:          0 MSHR_MERGE:          0
cpu2->cpu2_ITLB TRANSLATION  ACCESS:          0 HIT:          0 MISS:          0 MSHR_MERGE:          0
cpu2->cpu2_ITLB PREFETCH REQUESTED:          0 ISSUED:          0 USEFUL:          0 USELESS:          0
cpu2->cpu2_ITLB AVERAGE MISS LATENCY: - cycles
cpu2->cpu2_DTLB TOTAL        ACCESS:   11753097 HIT:   11753097 MISS:          0 MSHR_MERGE:          0
cpu2->cpu2_DTLB LOAD         ACCESS:   11753097 HIT:   11753097 MISS:          0 MSHR_MERGE:          0
cpu2->cpu2_DTLB RFO          ACCESS:          0 HIT:          0 MISS:          0 MSHR_MERGE:          0
cpu2->cpu2_DTLB PREFETCH     ACCESS:          0 HIT:          0 MISS:          0 MSHR_MERGE:          0
cpu2->cpu2_DTLB WRITE        ACCESS:          0 HIT:          0 MISS:          0 MSHR_MERGE:          0
cpu2->cpu2_DTLB TRANSLATION  ACCESS:          0 HIT:          0 MISS:          0 MSHR_MERGE:          0
cpu2->cpu2_DTLB PREFETCH REQUESTED:          0 ISSUED:          0 USEFUL:          0 USELESS:          0
cpu2->cpu2_DTLB AVERAGE MISS LATENCY: - cycles
cpu1->cpu1_L2C TOTAL        ACCESS:    2522361 HIT:    2316875 MISS:     205486 MSHR_MERGE:          0
cpu1->cpu1_L2C LOAD         ACCESS:    2208589 HIT:    2117546 MISS:      91043 MSHR_MERGE:          0
cpu1->cpu1_L2C RFO          ACCESS:     134275 HIT:      19832 MISS:     114443 MSHR_MERGE:          0
cpu1->cpu1_L2C PREFETCH     ACCESS:          0 HIT:          0 MISS:          0 MSHR_MERGE:          0
cpu1->cpu1_L2C WRITE        ACCESS:     179497 HIT:     179497 MISS:          0 MSHR_MERGE:          0
cpu1->cpu1_L2C TRANSLATION  ACCESS:          0 HIT:          0 MISS:          0 MSHR_MERGE:          0
cpu1->cpu1_L2C PREFETCH REQUESTED:          0 ISSUED:          0 USEFUL:          0 USELESS:          0
cpu1->cpu1_L2C AVERAGE MISS LATENCY: 223.5 cycles
cpu1->cpu1_L1I TOTAL        ACCESS:   11411453 HIT:   11134133 MISS:     277320 MSHR_MERGE:     100428
cpu1->cpu1_L1I LOAD         ACCESS:   11411453 HIT:   11134133 MISS:     277320 MSHR_MERGE:     100428
cpu1->cpu1_L1I RFO          ACCESS:          0 HIT:          0 MISS:          0 MSHR_MERGE:          0
cpu1->cpu1_L1I PREFETCH     ACCESS:          0 HIT:          0 MISS:          0 MSHR_MERGE:          0
cpu1->cpu1_L1I WRITE        ACCESS:          0 HIT:          0 MISS:          0 MSHR_MERGE:          0
cpu1->cpu1_L1I TRANSLATION  ACCESS:          0 HIT:          0 MISS:          0 MSHR_MERGE:          0
cpu1->cpu1_L1I PREFETCH REQUESTED:          0 ISSUED:          0 USEFUL:          0 USELESS:          0
cpu1->cpu1_L1I AVERAGE MISS LATENCY: 8.002 cycles
cpu1->cpu1_L1D TOTAL        ACCESS:   12676762 HIT:    9357892 MISS:    3318870 MSHR_MERGE:    1152894
cpu1->cpu1_L1D LOAD         ACCESS:    7920706 HIT:    5120745 MISS:    2799961 MSHR_MERGE:     768261
cpu1->cpu1_L1D RFO          ACCESS:          0 HIT:          0 MISS:          0 MSHR_MERGE:          0
cpu1->cpu1_L1D PREFETCH     ACCESS:          0 HIT:          0 MISS:          0 MSHR_MERGE:          0
cpu1->cpu1_L1D WRITE        ACCESS:    4756056 HIT:    4237147 MISS:     518909 MSHR_MERGE:     384633
cpu1->cpu1_L1D TRANSLATION  ACCESS:          0 HIT:          0 MISS:          0 MSHR_MERGE:          0
cpu1->cpu1_L1D PREFETCH REQUESTED:          0 ISSUED:          0 USEFUL:          0 USELESS:          0
cpu1->cpu1_L1D AVERAGE MISS LATENCY: 29.23 cycles
cpu1->cpu1_ITLB TOTAL        ACCESS:   10624356 HIT:   10624356 MISS:          0 MSHR_MERGE:          0
cpu1->cpu1_ITLB LOAD         ACCESS:   10624356 HIT:   10624356 MISS:          0 MSHR_MERGE:          0
cpu1->cpu1_ITLB RFO          ACCESS:          0 HIT:          0 MISS:          0 MSHR_MERGE:          0
cpu1->cpu1_ITLB PREFETCH     ACCESS:          0 HIT:          0 MISS:          0 MSHR_MERGE:          0
cpu1->cpu1_ITLB WRITE        ACCESS:          0 HIT:          0 MISS:          0 MSHR_MERGE:          0
cpu1->cpu1_ITLB TRANSLATION  ACCESS:          0 HIT:          0 MISS:          0 MSHR_MERGE:          0
cpu1->cpu1_ITLB PREFETCH REQUESTED:          0 ISSUED:          0 USEFUL:          0 USELESS:          0
cpu1->cpu1_ITLB AVERAGE MISS LATENCY: - cycles
cpu1->cpu1_DTLB TOTAL        ACCESS:   11762874 HIT:   11762874 MISS:          0 MSHR_MERGE:          0
cpu1->cpu1_DTLB LOAD         ACCESS:   11762874 HIT:   11762874 MISS:          0 MSHR_MERGE:          0
cpu1->cpu1_DTLB RFO          ACCESS:          0 HIT:          0 MISS:          0 MSHR_MERGE:          0
cpu1->cpu1_DTLB PREFETCH     ACCESS:          0 HIT:          0 MISS:          0 MSHR_MERGE:          0
cpu1->cpu1_DTLB WRITE        ACCESS:          0 HIT:          0 MISS:          0 MSHR_MERGE:          0
cpu1->cpu1_DTLB TRANSLATION  ACCESS:          0 HIT:          0 MISS:          0 MSHR_MERGE:          0
cpu1->cpu1_DTLB PREFETCH REQUESTED:          0 ISSUED:          0 USEFUL:          0 USELESS:          0
cpu1->cpu1_DTLB AVERAGE MISS LATENCY: - cycles
cpu0->cpu0_L2C TOTAL        ACCESS:    2522131 HIT:    2316655 MISS:     205476 MSHR_MERGE:          0
cpu0->cpu0_L2C LOAD         ACCESS:    2208392 HIT:    2117351 MISS:      91041 MSHR_MERGE:          0
cpu0->cpu0_L2C RFO          ACCESS:     134295 HIT:      19860 MISS:     114435 MSHR_MERGE:          0
cpu0->cpu0_L2C PREFETCH     ACCESS:          0 HIT:          0 MISS:          0 MSHR_MERGE:          0
cpu0->cpu0_L2C WRITE        ACCESS:     179444 HIT:     179444 MISS:          0 MSHR_MERGE:          0
cpu0->cpu0_L2C TRANSLATION  ACCESS:          0 HIT:          0 MISS:          0 MSHR_MERGE:          0
cpu0->cpu0_L2C PREFETCH REQUESTED:          0 ISSUED:          0 USEFUL:          0 USELESS:          0
cpu0->cpu0_L2C AVERAGE MISS LATENCY: 221 cycles
cpu0->cpu0_L1I TOTAL        ACCESS:   11416992 HIT:   11139960 MISS:     277032 MSHR_MERGE:     100204
cpu0->cpu0_L1I LOAD         ACCESS:   11416992 HIT:   11139960 MISS:     277032 MSHR_MERGE:     100204
cpu0->cpu0_L1I RFO          ACCESS:          0 HIT:          0 MISS:          0 MSHR_MERGE:          0
cpu0->cpu0_L1I PREFETCH     ACCESS:          0 HIT:          0 MISS:          0 MSHR_MERGE:          0
cpu0->cpu0_L1I WRITE        ACCESS:          0 HIT:          0 MISS:          0 MSHR_MERGE:          0
cpu0->cpu0_L1I TRANSLATION  ACCESS:          0 HIT:          0 MISS:          0 MSHR_MERGE:          0
cpu0->cpu0_L1I PREFETCH REQUESTED:          0 ISSUED:          0 USEFUL:          0 USELESS:          0
cpu0->cpu0_L1I AVERAGE MISS LATENCY: 7.938 cycles
cpu0->cpu0_L1D TOTAL        ACCESS:   12684104 HIT:    9364620 MISS:    3319484 MSHR_MERGE:    1153621
cpu0->cpu0_L1D LOAD         ACCESS:    7927706 HIT:    5127491 MISS:    2800215 MSHR_MERGE:     768647
cpu0->cpu0_L1D RFO          ACCESS:          0 HIT:          0 MISS:          0 MSHR_MERGE:          0
cpu0->cpu0_L1D PREFETCH     ACCESS:          0 HIT:          0 MISS:          0 MSHR_MERGE:          0
cpu0->cpu0_L1D WRITE        ACCESS:    4756398 HIT:    4237129 MISS:     519269 MSHR_MERGE:     384974
cpu0->cpu0_L1D TRANSLATION  ACCESS:          0 HIT:          0 MISS:          0 MSHR_MERGE:          0
cpu0->cpu0_L1D PREFETCH REQUESTED:          0 ISSUED:          0 USEFUL:          0 USELESS:          0
cpu0->cpu0_L1D AVERAGE MISS LATENCY: 29 cycles
cpu0->cpu0_ITLB TOTAL        ACCESS:   10629851 HIT:   10629851 MISS:          0 MSHR_MERGE:          0
cpu0->cpu0_ITLB LOAD         ACCESS:   10629851 HIT:   10629851 MISS:          0 MSHR_MERGE:          0
cpu0->cpu0_ITLB RFO          ACCESS:          0 HIT:          0 MISS:          0 MSHR_MERGE:          0
cpu0->cpu0_ITLB PREFETCH     ACCESS:          0 HIT:          0 MISS:          0 MSHR_MERGE:          0
cpu0->cpu0_ITLB WRITE        ACCESS:          0 HIT:          0 MISS:          0 MSHR_MERGE:          0
cpu0->cpu0_ITLB TRANSLATION  ACCESS:          0 HIT:          0 MISS:          0 MSHR_MERGE:          0
cpu0->cpu0_ITLB PREFETCH REQUESTED:          0 ISSUED:          0 USEFUL:          0 USELESS:          0
cpu0->cpu0_ITLB AVERAGE MISS LATENCY: - cycles
cpu0->cpu0_DTLB TOTAL        ACCESS:   11786222 HIT:   11786222 MISS:          0 MSHR_MERGE:          0
cpu0->cpu0_DTLB LOAD         ACCESS:   11786222 HIT:   11786222 MISS:          0 MSHR_MERGE:          0
cpu0->cpu0_DTLB RFO          ACCESS:          0 HIT:          0 MISS:          0 MSHR_MERGE:          0
cpu0->cpu0_DTLB PREFETCH     ACCESS:          0 HIT:          0 MISS:          0 MSHR_MERGE:          0
cpu0->cpu0_DTLB WRITE        ACCESS:          0 HIT:          0 MISS:          0 MSHR_MERGE:          0
cpu0->cpu0_DTLB TRANSLATION  ACCESS:          0 HIT:          0 MISS:          0 MSHR_MERGE:          0
cpu0->cpu0_DTLB PREFETCH REQUESTED:          0 ISSUED:          0 USEFUL:          0 USELESS:          0
cpu0->cpu0_DTLB AVERAGE MISS LATENCY: - cycles
cpu0->LLC TOTAL        ACCESS:     327463 HIT:     196353 MISS:     131110 MSHR_MERGE:          0
cpu0->LLC LOAD         ACCESS:      91041 HIT:      80494 MISS:      10547 MSHR_MERGE:          0
cpu0->LLC RFO          ACCESS:     114435 HIT:       4785 MISS:     109650 MSHR_MERGE:          0
cpu0->LLC PREFETCH     ACCESS:          0 HIT:          0 MISS:          0 MSHR_MERGE:          0
cpu0->LLC WRITE        ACCESS:     121987 HIT:     111074 MISS:      10913 MSHR_MERGE:          0
cpu0->LLC TRANSLATION  ACCESS:          0 HIT:          0 MISS:          0 MSHR_MERGE:          0
cpu0->LLC PREFETCH REQUESTED:          0 ISSUED:          0 USEFUL:          0 USELESS:          0
cpu0->LLC AVERAGE MISS LATENCY: 2615 cycles
cpu1->LLC TOTAL        ACCESS:     327462 HIT:     196257 MISS:     131205 MSHR_MERGE:          0
cpu1->LLC LOAD         ACCESS:      91043 HIT:      80482 MISS:      10561 MSHR_MERGE:          0
cpu1->LLC RFO          ACCESS:     114443 HIT:       4784 MISS:     109659 MSHR_MERGE:          0
cpu1->LLC PREFETCH     ACCESS:          0 HIT:          0 MISS:          0 MSHR_MERGE:          0
cpu1->LLC WRITE        ACCESS:     121976 HIT:     110991 MISS:      10985 MSHR_MERGE:          0
cpu1->LLC TRANSLATION  ACCESS:          0 HIT:          0 MISS:          0 MSHR_MERGE:          0
cpu1->LLC PREFETCH REQUESTED:          0 ISSUED:          0 USEFUL:          0 USELESS:          0
cpu1->LLC AVERAGE MISS LATENCY: 2613 cycles
cpu2->LLC TOTAL        ACCESS:     327452 HIT:     196251 MISS:     131201 MSHR_MERGE:          0
cpu2->LLC LOAD         ACCESS:      91032 HIT:      80532 MISS:      10500 MSHR_MERGE:          0
cpu2->LLC RFO          ACCESS:     114457 HIT:       4791 MISS:     109666 MSHR_MERGE:          0
cpu2->LLC PREFETCH     ACCESS:          0 HIT:          0 MISS:          0 MSHR_MERGE:          0
cpu2->LLC WRITE        ACCESS:     121963 HIT:     110928 MISS:      11035 MSHR_MERGE:          0
cpu2->LLC TRANSLATION  ACCESS:          0 HIT:          0 MISS:          0 MSHR_MERGE:          0
cpu2->LLC PREFETCH REQUESTED:          0 ISSUED:          0 USEFUL:          0 USELESS:          0
cpu2->LLC AVERAGE MISS LATENCY: 2613 cycles
cpu3->LLC TOTAL        ACCESS:     327592 HIT:     196473 MISS:     131119 MSHR_MERGE:          0
cpu3->LLC LOAD         ACCESS:      91126 HIT:      80633 MISS:      10493 MSHR_MERGE:          0
cpu3->LLC RFO          ACCESS:     114468 HIT:       4795 MISS:     109673 MSHR_MERGE:          0
cpu3->LLC PREFETCH     ACCESS:          0 HIT:          0 MISS:          0 MSHR_MERGE:          0
cpu3->LLC WRITE        ACCESS:     121998 HIT:     111045 MISS:      10953 MSHR_MERGE:          0
cpu3->LLC TRANSLATION  ACCESS:          0 HIT:          0 MISS:          0 MSHR_MERGE:          0
cpu3->LLC PREFETCH REQUESTED:          0 ISSUED:          0 USEFUL:          0 USELESS:          0
cpu3->LLC AVERAGE MISS LATENCY: 2615 cycles
cpu4->LLC TOTAL        ACCESS:     327483 HIT:     196355 MISS:     131128 MSHR_MERGE:          0
cpu4->LLC LOAD         ACCESS:      91041 HIT:      80571 MISS:      10470 MSHR_MERGE:          0
cpu4->LLC RFO          ACCESS:     114467 HIT:       4790 MISS:     109677 MSHR_MERGE:          0
cpu4->LLC PREFETCH     ACCESS:          0 HIT:          0 MISS:          0 MSHR_MERGE:          0
cpu4->LLC WRITE        ACCESS:     121975 HIT:     110994 MISS:      10981 MSHR_MERGE:          0
cpu4->LLC TRANSLATION  ACCESS:          0 HIT:          0 MISS:          0 MSHR_MERGE:          0
cpu4->LLC PREFETCH REQUESTED:          0 ISSUED:          0 USEFUL:          0 USELESS:          0
cpu4->LLC AVERAGE MISS LATENCY: 2615 cycles
cpu5->LLC TOTAL        ACCESS:     327512 HIT:     196462 MISS:     131050 MSHR_MERGE:          0
cpu5->LLC LOAD         ACCESS:      91048 HIT:      80576 MISS:      10472 MSHR_MERGE:          0
cpu5->LLC RFO          ACCESS:     114470 HIT:       4791 MISS:     109679 MSHR_MERGE:          0
cpu5->LLC PREFETCH     ACCESS:          0 HIT:          0 MISS:          0 MSHR_MERGE:          0
cpu5->LLC WRITE        ACCESS:     121994 HIT:     111095 MISS:      10899 MSHR_MERGE:          0
cpu5->LLC TRANSLATION  ACCESS:          0 HIT:          0 MISS:          0 MSHR_MERGE:          0
cpu5->LLC PREFETCH REQUESTED:          0 ISSUED:          0 USEFUL:          0 USELESS:          0
cpu5->LLC AVERAGE MISS LATENCY: 2616 cycles
cpu6->LLC TOTAL        ACCESS:     327504 HIT:     196460 MISS:     131044 MSHR_MERGE:          0
cpu6->LLC LOAD         ACCESS:      91032 HIT:      80592 MISS:      10440 MSHR_MERGE:          0
cpu6->LLC RFO          ACCESS:     114487 HIT:       4802 MISS:     109685 MSHR_MERGE:          0
cpu6->LLC PREFETCH     ACCESS:          0 HIT:          0 MISS:          0 MSHR_MERGE:          0
cpu6->LLC WRITE        ACCESS:     121985 HIT:     111066 MISS:      10919 MSHR_MERGE:          0
cpu6->LLC TRANSLATION  ACCESS:          0 HIT:          0 MISS:          0 MSHR_MERGE:          0
cpu6->LLC PREFETCH REQUESTED:          0 ISSUED:          0 USEFUL:          0 USELESS:          0
cpu6->LLC AVERAGE MISS LATENCY: 2617 cycles
cpu7->LLC TOTAL        ACCESS:     327489 HIT:     196563 MISS:     130926 MSHR_MERGE:          0
cpu7->LLC LOAD         ACCESS:      91027 HIT:      80653 MISS:      10374 MSHR_MERGE:          0
cpu7->LLC RFO          ACCESS:     114481 HIT:       4798 MISS:     109683 MSHR_MERGE:          0
cpu7->LLC PREFETCH     ACCESS:          0 HIT:          0 MISS:          0 MSHR_MERGE:          0
cpu7->LLC WRITE        ACCESS:     121981 HIT:     111112 MISS:      10869 MSHR_MERGE:          0
cpu7->LLC TRANSLATION  ACCESS:          0 HIT:          0 MISS:          0 MSHR_MERGE:          0
cpu7->LLC PREFETCH REQUESTED:          0 ISSUED:          0 USEFUL:          0 USELESS:          0
cpu7->LLC AVERAGE MISS LATENCY: 2619 cycles

DRAM Statistics

Channel 0 READ REQS:     484395	WRITE REQS:     379925
  READS:     484367	READ_HITS:          0
  WRITES:     379925	WRITE HITS:          0
  ACTIVATES:     864292	PRECHARGES:     864292
  RQ FULL:          0	WQ FULL:       6142
  WRITE DRAINS:      20780	FORCED:       4399
  MEAN WRITE IMBALANCE: 1.7274302213666988
  READ OCCU PRE DRAIN: 1.962512030798845	POST DRAIN: 5.073002887391723
  MEAN WLP: 11.279355149181905
  READ LATENCY: 86.04452409020433

Channel 1 READ REQS:     476834	WRITE REQS:     380395
  READS:     476806	READ_HITS:          0
  WRITES:     380395	WRITE HITS:          0
  ACTIVATES:     857201	PRECHARGES:     857201
  RQ FULL:          0	WQ FULL:       6717
  WRITE DRAINS:      20597	FORCED:       4392
  MEAN WRITE IMBALANCE: 1.7496722823712192
  READ OCCU PRE DRAIN: 1.9568869252803807	POST DRAIN: 4.996552896052823
  MEAN WLP: 11.375928533281545
  READ LATENCY: 85.8265688770695
