[VMEM] WARNING: physical memory size is smaller than virtual memory size.
dram page policy: is open = 0	is close = 1	is soft close = 0	cmd arg = 1

*** ChampSim Multicore Out-of-Order Simulator ***
Warmup Instructions: 25000000
Simulation Instructions: 50000000
Number of CPUs: 8
Page size: 2097152

CL :	 16.64 ns
CWL :	 15.808 ns
tRP :	 16.224 ns
tRCD :	 16.224 ns
tRAS :	 32.032000000000004 ns
tRTP :	 7.904 ns
tWR :	 30.368000000000002 ns

tCCD_S :	 3.3280000000000003 ns
tCCD_S_WR :	 3.3280000000000003 ns
tCCD_S_WTR :	 22.048000000000002 ns
tCCD_L :	 5.408 ns
tCCD_L_WR :	 20.384 ns
tCCD_L_WTR :	 29.536 ns
tRRD_S :	 3.3280000000000003 ns
tRRD_L :	 5.408 ns
tFAW :	 13.728 ns
Address mapping (perm = 1) 	ch co bg bg bg ba ba co co co co co co ro ro ro ro ro ro ro ro ro ro ro ro ro ro ro 
dram queue size: R = 64 W = 48 (low:high is 9:39)
Heartbeat CPU 0 instructions: 10000002 cycles: 2509069 heartbeat IPC: 3.986 cumulative IPC: 3.986 (Simulation time: 00 hr 12 min 12 sec)
Heartbeat CPU 1 instructions: 10000001 cycles: 2509348 heartbeat IPC: 3.985 cumulative IPC: 3.985 (Simulation time: 00 hr 12 min 12 sec)
Heartbeat CPU 2 instructions: 10000002 cycles: 2509592 heartbeat IPC: 3.985 cumulative IPC: 3.985 (Simulation time: 00 hr 12 min 12 sec)
Heartbeat CPU 3 instructions: 10000002 cycles: 2509599 heartbeat IPC: 3.985 cumulative IPC: 3.985 (Simulation time: 00 hr 12 min 12 sec)
Heartbeat CPU 4 instructions: 10000001 cycles: 2509716 heartbeat IPC: 3.985 cumulative IPC: 3.985 (Simulation time: 00 hr 12 min 12 sec)
Heartbeat CPU 5 instructions: 10000002 cycles: 2509840 heartbeat IPC: 3.984 cumulative IPC: 3.984 (Simulation time: 00 hr 12 min 12 sec)
Heartbeat CPU 6 instructions: 10000000 cycles: 2509910 heartbeat IPC: 3.984 cumulative IPC: 3.984 (Simulation time: 00 hr 12 min 12 sec)
Heartbeat CPU 7 instructions: 10000000 cycles: 2509953 heartbeat IPC: 3.984 cumulative IPC: 3.984 (Simulation time: 00 hr 12 min 12 sec)
Heartbeat CPU 0 instructions: 20000004 cycles: 5011098 heartbeat IPC: 3.997 cumulative IPC: 3.991 (Simulation time: 00 hr 24 min 35 sec)
Heartbeat CPU 1 instructions: 20000002 cycles: 5011652 heartbeat IPC: 3.996 cumulative IPC: 3.991 (Simulation time: 00 hr 24 min 35 sec)
Heartbeat CPU 2 instructions: 20000004 cycles: 5012405 heartbeat IPC: 3.996 cumulative IPC: 3.99 (Simulation time: 00 hr 24 min 35 sec)
Heartbeat CPU 3 instructions: 20000004 cycles: 5012510 heartbeat IPC: 3.995 cumulative IPC: 3.99 (Simulation time: 00 hr 24 min 35 sec)
Heartbeat CPU 4 instructions: 20000003 cycles: 5012916 heartbeat IPC: 3.995 cumulative IPC: 3.99 (Simulation time: 00 hr 24 min 36 sec)
Heartbeat CPU 5 instructions: 20000003 cycles: 5013109 heartbeat IPC: 3.995 cumulative IPC: 3.99 (Simulation time: 00 hr 24 min 36 sec)
Heartbeat CPU 6 instructions: 20000004 cycles: 5013266 heartbeat IPC: 3.995 cumulative IPC: 3.989 (Simulation time: 00 hr 24 min 36 sec)
Heartbeat CPU 7 instructions: 20000001 cycles: 5013425 heartbeat IPC: 3.994 cumulative IPC: 3.989 (Simulation time: 00 hr 24 min 36 sec)
Warmup finished CPU 0 instructions: 25000001 cycles: 6283647 cumulative IPC: 3.979 (Simulation time: 00 hr 30 min 52 sec)
Warmup finished CPU 1 instructions: 25000001 cycles: 6284324 cumulative IPC: 3.978 (Simulation time: 00 hr 30 min 52 sec)
Warmup finished CPU 2 instructions: 25000002 cycles: 6285773 cumulative IPC: 3.977 (Simulation time: 00 hr 30 min 53 sec)
Warmup finished CPU 3 instructions: 25000001 cycles: 6286198 cumulative IPC: 3.977 (Simulation time: 00 hr 30 min 53 sec)
Warmup finished CPU 4 instructions: 25000003 cycles: 6286876 cumulative IPC: 3.977 (Simulation time: 00 hr 30 min 53 sec)
Warmup finished CPU 5 instructions: 25000003 cycles: 6287382 cumulative IPC: 3.976 (Simulation time: 00 hr 30 min 53 sec)
Warmup finished CPU 6 instructions: 25000001 cycles: 6287919 cumulative IPC: 3.976 (Simulation time: 00 hr 30 min 53 sec)
Warmup finished CPU 7 instructions: 25000003 cycles: 6288361 cumulative IPC: 3.976 (Simulation time: 00 hr 30 min 54 sec)
Warmup complete CPU 7 instructions: 25000003 cycles: 6288361 cumulative IPC: 3.976 (Simulation time: 00 hr 30 min 54 sec)
Warmup complete CPU 6 instructions: 25001706 cycles: 6288361 cumulative IPC: 3.976 (Simulation time: 00 hr 30 min 54 sec)
Warmup complete CPU 5 instructions: 25003892 cycles: 6288361 cumulative IPC: 3.976 (Simulation time: 00 hr 30 min 54 sec)
Warmup complete CPU 4 instructions: 25005943 cycles: 6288361 cumulative IPC: 3.977 (Simulation time: 00 hr 30 min 54 sec)
Warmup complete CPU 3 instructions: 25008653 cycles: 6288361 cumulative IPC: 3.977 (Simulation time: 00 hr 30 min 54 sec)
Warmup complete CPU 2 instructions: 25010354 cycles: 6288361 cumulative IPC: 3.977 (Simulation time: 00 hr 30 min 54 sec)
Warmup complete CPU 1 instructions: 25016149 cycles: 6288361 cumulative IPC: 3.978 (Simulation time: 00 hr 30 min 54 sec)
Warmup complete CPU 0 instructions: 25018853 cycles: 6288361 cumulative IPC: 3.979 (Simulation time: 00 hr 30 min 54 sec)
Heartbeat CPU 0 instructions: 30000004 cycles: 9010510 heartbeat IPC: 2.5 cumulative IPC: 1.83 (Simulation time: 00 hr 39 min 56 sec)
Heartbeat CPU 2 instructions: 30000004 cycles: 9014774 heartbeat IPC: 2.499 cumulative IPC: 1.83 (Simulation time: 00 hr 39 min 57 sec)
Heartbeat CPU 4 instructions: 30000004 cycles: 9019605 heartbeat IPC: 2.496 cumulative IPC: 1.828 (Simulation time: 00 hr 39 min 58 sec)
Heartbeat CPU 1 instructions: 30000004 cycles: 9022194 heartbeat IPC: 2.493 cumulative IPC: 1.823 (Simulation time: 00 hr 39 min 59 sec)
Heartbeat CPU 6 instructions: 30000004 cycles: 9027702 heartbeat IPC: 2.491 cumulative IPC: 1.825 (Simulation time: 00 hr 40 min 00 sec)
Heartbeat CPU 3 instructions: 30000004 cycles: 9028066 heartbeat IPC: 2.49 cumulative IPC: 1.822 (Simulation time: 00 hr 40 min 01 sec)
Heartbeat CPU 7 instructions: 30000004 cycles: 9033412 heartbeat IPC: 2.488 cumulative IPC: 1.821 (Simulation time: 00 hr 40 min 02 sec)
Heartbeat CPU 5 instructions: 30000004 cycles: 9034271 heartbeat IPC: 2.487 cumulative IPC: 1.819 (Simulation time: 00 hr 40 min 02 sec)
Heartbeat CPU 0 instructions: 40000005 cycles: 14561752 heartbeat IPC: 1.801 cumulative IPC: 1.811 (Simulation time: 00 hr 58 min 09 sec)
Heartbeat CPU 2 instructions: 40000005 cycles: 14568499 heartbeat IPC: 1.801 cumulative IPC: 1.81 (Simulation time: 00 hr 58 min 11 sec)
Heartbeat CPU 4 instructions: 40000004 cycles: 14570173 heartbeat IPC: 1.802 cumulative IPC: 1.81 (Simulation time: 00 hr 58 min 11 sec)
Heartbeat CPU 7 instructions: 40000004 cycles: 14575999 heartbeat IPC: 1.804 cumulative IPC: 1.81 (Simulation time: 00 hr 58 min 13 sec)
Heartbeat CPU 6 instructions: 40000008 cycles: 14579838 heartbeat IPC: 1.801 cumulative IPC: 1.809 (Simulation time: 00 hr 58 min 14 sec)
Heartbeat CPU 3 instructions: 40000005 cycles: 14582243 heartbeat IPC: 1.8 cumulative IPC: 1.808 (Simulation time: 00 hr 58 min 14 sec)
Heartbeat CPU 5 instructions: 40000008 cycles: 14588285 heartbeat IPC: 1.801 cumulative IPC: 1.807 (Simulation time: 00 hr 58 min 16 sec)
Heartbeat CPU 1 instructions: 40000004 cycles: 14590364 heartbeat IPC: 1.796 cumulative IPC: 1.805 (Simulation time: 00 hr 58 min 16 sec)
Heartbeat CPU 4 instructions: 50000005 cycles: 20177657 heartbeat IPC: 1.783 cumulative IPC: 1.8 (Simulation time: 01 hr 16 min 13 sec)
Heartbeat CPU 0 instructions: 50000005 cycles: 20178515 heartbeat IPC: 1.78 cumulative IPC: 1.798 (Simulation time: 01 hr 16 min 13 sec)
Heartbeat CPU 6 instructions: 50000010 cycles: 20182987 heartbeat IPC: 1.785 cumulative IPC: 1.799 (Simulation time: 01 hr 16 min 14 sec)
Heartbeat CPU 2 instructions: 50000005 cycles: 20197914 heartbeat IPC: 1.776 cumulative IPC: 1.797 (Simulation time: 01 hr 16 min 17 sec)
Heartbeat CPU 7 instructions: 50000005 cycles: 20202159 heartbeat IPC: 1.777 cumulative IPC: 1.797 (Simulation time: 01 hr 16 min 18 sec)
Heartbeat CPU 3 instructions: 50000005 cycles: 20204933 heartbeat IPC: 1.779 cumulative IPC: 1.796 (Simulation time: 01 hr 16 min 19 sec)
Heartbeat CPU 5 instructions: 50000010 cycles: 20217074 heartbeat IPC: 1.777 cumulative IPC: 1.795 (Simulation time: 01 hr 16 min 21 sec)
Heartbeat CPU 1 instructions: 50000005 cycles: 2023065