[VMEM] WARNING: physical memory size is smaller than virtual memory size.
dram page policy: is open = 0	is close = 1	is soft close = 0	cmd arg = 1

*** ChampSim Multicore Out-of-Order Simulator ***
Warmup Instructions: 25000000
Simulation Instructions: 50000000
Number of CPUs: 8
Page size: 2097152

CL :	 16.64 ns
CWL :	 15.808 ns
tRP :	 16.224 ns
tRCD :	 16.224 ns
tRAS :	 32.032000000000004 ns
tRTP :	 7.904 ns
tWR :	 30.368000000000002 ns

tCCD_S :	 3.3280000000000003 ns
tCCD_S_WR :	 3.3280000000000003 ns
tCCD_S_WTR :	 22.048000000000002 ns
tCCD_L :	 5.408 ns
tCCD_L_WR :	 20.384 ns
tCCD_L_WTR :	 29.536 ns
tRRD_S :	 3.3280000000000003 ns
tRRD_L :	 5.408 ns
tFAW :	 13.728 ns
Address mapping (perm = 1) 	ch co bg bg bg ba ba co co co co co co ro ro ro ro ro ro ro ro ro ro ro ro ro ro ro 
dram queue size: R = 64 W = 48 (low:high is 9:39)
Heartbeat CPU 7 instructions: 10000000 cycles: 7318005 heartbeat IPC: 1.366 cumulative IPC: 1.366 (Simulation time: 00 hr 21 min 48 sec)
Heartbeat CPU 0 instructions: 10000000 cycles: 7398985 heartbeat IPC: 1.352 cumulative IPC: 1.352 (Simulation time: 00 hr 22 min 03 sec)
Heartbeat CPU 1 instructions: 10000000 cycles: 7424972 heartbeat IPC: 1.347 cumulative IPC: 1.347 (Simulation time: 00 hr 22 min 07 sec)
Heartbeat CPU 2 instructions: 10000000 cycles: 7453911 heartbeat IPC: 1.342 cumulative IPC: 1.342 (Simulation time: 00 hr 22 min 12 sec)
Heartbeat CPU 3 instructions: 10000000 cycles: 7470596 heartbeat IPC: 1.339 cumulative IPC: 1.339 (Simulation time: 00 hr 22 min 15 sec)
Heartbeat CPU 4 instructions: 10000000 cycles: 7488797 heartbeat IPC: 1.335 cumulative IPC: 1.335 (Simulation time: 00 hr 22 min 18 sec)
Heartbeat CPU 5 instructions: 10000000 cycles: 7507812 heartbeat IPC: 1.332 cumulative IPC: 1.332 (Simulation time: 00 hr 22 min 22 sec)
Heartbeat CPU 6 instructions: 10000000 cycles: 7517744 heartbeat IPC: 1.33 cumulative IPC: 1.33 (Simulation time: 00 hr 22 min 23 sec)
[BTB] WARNING: target of return is a lower address than the corresponding call. This is usually a problem with your trace.
[BTB] WARNING: target of return is a lower address than the corresponding call. This is usually a problem with your trace.
[BTB] WARNING: target of return is a lower address than the corresponding call. This is usually a problem with your trace.
[BTB] WARNING: target of return is a lower address than the corresponding call. This is usually a problem with your trace.
[BTB] WARNING: target of return is a lower address than the corresponding call. This is usually a problem with your trace.
[BTB] WARNING: target of return is a lower address than the corresponding call. This is usually a problem with your trace.
[BTB] WARNING: target of return is a lower address than the corresponding call. This is usually a problem with your trace.
[BTB] WARNING: target of return is a lower address than the corresponding call. This is usually a problem with your trace.
[BTB] WARNING: target of return is a lower address than the corresponding call. This is usually a problem with your trace.
[BTB] WARNING: target of return is a lower address than the corresponding call. This is usually a problem with your trace.
[VMEM] WARNING: Out of physical memory, freeing ppages
Heartbeat CPU 7 instructions: 20000003 cycles: 11003936 heartbeat IPC: 2.713 cumulative IPC: 1.818 (Simulation time: 00 hr 32 min 30 sec)
Heartbeat CPU 0 instructions: 20000003 cycles: 11090381 heartbeat IPC: 2.709 cumulative IPC: 1.803 (Simulation time: 00 hr 32 min 46 sec)
Heartbeat CPU 1 instructions: 20000003 cycles: 11117782 heartbeat IPC: 2.708 cumulative IPC: 1.799 (Simulation time: 00 hr 32 min 51 sec)
Heartbeat CPU 2 instructions: 20000003 cycles: 11147318 heartbeat IPC: 2.708 cumulative IPC: 1.794 (Simulation time: 00 hr 32 min 56 sec)
Heartbeat CPU 3 instructions: 20000003 cycles: 11166689 heartbeat IPC: 2.706 cumulative IPC: 1.791 (Simulation time: 00 hr 33 min 00 sec)
Heartbeat CPU 4 instructions: 20000003 cycles: 11187738 heartbeat IPC: 2.703 cumulative IPC: 1.788 (Simulation time: 00 hr 33 min 03 sec)
Heartbeat CPU 5 instructions: 20000003 cycles: 11207402 heartbeat IPC: 2.703 cumulative IPC: 1.785 (Simulation time: 00 hr 33 min 07 sec)
Heartbeat CPU 6 instructions: 20000003 cycles: 11220618 heartbeat IPC: 2.701 cumulative IPC: 1.782 (Simulation time: 00 hr 33 min 09 sec)
Warmup finished CPU 7 instructions: 25000004 cycles: 12819817 cumulative IPC: 1.95 (Simulation time: 00 hr 37 min 51 sec)
Warmup finished CPU 0 instructions: 25000003 cycles: 12900617 cumulative IPC: 1.938 (Simulation time: 00 hr 38 min 04 sec)
Warmup finished CPU 1 instructions: 25000003 cycles: 12928584 cumulative IPC: 1.934 (Simulation time: 00 hr 38 min 09 sec)
Warmup finished CPU 2 instructions: 25000003 cycles: 12958669 cumulative IPC: 1.929 (Simulation time: 00 hr 38 min 14 sec)
Warmup finished CPU 3 instructions: 25000003 cycles: 12977726 cumulative IPC: 1.926 (Simulation time: 00 hr 38 min 18 sec)
Warmup finished CPU 4 instructions: 25000003 cycles: 12998896 cumulative IPC: 1.923 (Simulation time: 00 hr 38 min 22 sec)
Warmup finished CPU 5 instructions: 25000003 cycles: 13019064 cumulative IPC: 1.92 (Simulation time: 00 hr 38 min 26 sec)
Warmup finished CPU 6 instructions: 25000003 cycles: 13034524 cumulative IPC: 1.918 (Simulation time: 00 hr 38 min 29 sec)
Warmup complete CPU 7 instructions: 25691106 cycles: 13034524 cumulative IPC: 1.971 (Simulation time: 00 hr 38 min 29 sec)
Warmup complete CPU 6 instructions: 25000003 cycles: 13034524 cumulative IPC: 1.918 (Simulation time: 00 hr 38 min 29 sec)
Warmup complete CPU 5 instructions: 25055096 cycles: 13034524 cumulative IPC: 1.922 (Simulation time: 00 hr 38 min 29 sec)
Warmup complete CPU 4 instructions: 25117284 cycles: 13034524 cumulative IPC: 1.927 (Simulation time: 00 hr 38 min 29 sec)
Warmup complete CPU 3 instructions: 25183411 cycles: 13034524 cumulative IPC: 1.932 (Simulation time: 00 hr 38 min 29 sec)
Warmup complete CPU 2 instructions: 25255926 cycles: 13034524 cumulative IPC: 1.938 (Simulation time: 00 hr 38 min 29 sec)
Warmup complete CPU 1 instructions: 25356277 cycles: 13034524 cumulative IPC: 1.945 (Simulation time: 00 hr 38 min 29 sec)
Warmup complete CPU 0 instructions: 25463045 cycles: 13034524 cumulative IPC: 1.954 (Simulation time: 00 hr 38 min 29 sec)
Heartbeat CPU 7 instructions: 30000004 cycles: 18719857 heartbeat IPC: 1.296 cumulative IPC: 0.7579 (Simulation time: 00 hr 47 min 51 sec)
Heartbeat CPU 1 instructions: 30000004 cycles: 19219835 heartbeat IPC: 1.234 cumulative IPC: 0.7508 (Simulation time: 00 hr 48 min 33 sec)
Heartbeat CPU 0 instructions: 30000004 cycles: 19242471 heartbeat IPC: 1.227 cumulative IPC: 0.7308 (Simulation time: 00 hr 48 min 35 sec)
Heartbeat CPU 2 instructions: 30000004 cycles: 19348533 heartbeat IPC: 1.219 cumulative IPC: 0.7514 (Simulation time: 00 hr 48 min 44 sec)
Heartbeat CPU 3 instructions: 30000004 cycles: 19352420 heartbeat IPC: 1.222 cumulative IPC: 0.7624 (Simulation time: 00 hr 48 min 45 sec)
Heartbeat CPU 4 instructions: 30000004 cycles: 19438042 heartbeat IPC: 1.212 cumulative IPC: 0.7625 (Simulation time: 00 hr 48 min 53 sec)
Heartbeat CPU 5 instructions: 30000004 cycles: 19488118 heartbeat IPC: 1.208 cumulative IPC: 0.7662 (Simulation time: 00 hr 48 min 58 sec)
Heartbeat CPU 6 instructions: 30000004 cycles: 19530479 heartbeat IPC: 1.203 cumulative IPC: 0.7697 (Simulation time: 00 hr 49 min 02 sec)
Heartbeat CPU 7 instructions: 40000005 cycles: 32698906 heartbeat IPC: 0.7154 cumulative IPC: 0.7277 (Simulation time: 01 hr 09 min 57 sec)
Heartbeat CPU 1 instructions: 40000005 cycles: 33069414 heartbeat IPC: 0.722 cumulative IPC: 0.7309 (Simulation time: 01 hr 10 min 42 sec)
Heartbeat CPU 0 instructions: 40000005 cycles: 33109184 heartbeat IPC: 0.7212 cumulative IPC: 0.7241 (Simulation time: 01 hr 10 min 48 sec)
Heartbeat CPU 2 instructions: 40000005 cycles: 33185910 heartbeat IPC: 0.7227 cumulative IPC: 0.7317 (Simulation time: 01 hr 10 min 59 sec)
Heartbeat CPU 3 instructions: 40000005 cycles: 33205416 heartbeat IPC: 0.7219 cumulative IPC: 0.7346 (Simulation time: 01 hr 11 min 03 sec)
Heartbeat CPU 4 instructions: 40000005 cycles: 33287208 heartbeat IPC: 0.7221 cumulativ