---------------------------------------
Begin Slurm Prolog: Apr-07-2025 19:22:51
Job ID:    3599694
User ID:   svittal8
Account:   gts-mqureshi4-rg
Job name:  wrap
Partition: cpu-small
QOS:       inferno
---------------------------------------
[VMEM] WARNING: physical memory size is smaller than virtual memory size.

*** ChampSim Multicore Out-of-Order Simulator ***
Warmup Instructions: 25000000
Simulation Instructions: 100000000
Number of CPUs: 8
Page size: 2097152

CL :	 16.64 ns
CWL :	 15.808 ns
tRP :	 16.224 ns
tRCD :	 16.224 ns
tRAS :	 32.032000000000004 ns
tRTP :	 7.904 ns
tWR :	 30.368000000000002 ns

tCCD_S :	 3.3280000000000003 ns
tCCD_S_WR :	 3.3280000000000003 ns
tCCD_S_WTR :	 22.048000000000002 ns
tCCD_L :	 5.408 ns
tCCD_L_WR :	 20.384 ns
tCCD_L_WTR :	 29.536 ns
tRRD_S :	 3.3280000000000003 ns
tRRD_L :	 5.408 ns
tFAW :	 13.728 ns
Address mapping (perm = 1) 	ch co bg bg bg ba ba co co co co co co ro ro ro ro ro ro ro ro ro ro ro ro ro ro ro 
dram queue size: R = 64 W = 48 (low:high is 9:39)
Heartbeat CPU 0 instructions: 10000001 cycles: 4551482 heartbeat IPC: 2.197 cumulative IPC: 2.197 (Simulation time: 00 hr 10 min 08 sec)
Heartbeat CPU 3 instructions: 10000000 cycles: 4567799 heartbeat IPC: 2.189 cumulative IPC: 2.189 (Simulation time: 00 hr 10 min 10 sec)
Heartbeat CPU 1 instructions: 10000000 cycles: 4607773 heartbeat IPC: 2.17 cumulative IPC: 2.17 (Simulation time: 00 hr 10 min 17 sec)
Heartbeat CPU 4 instructions: 10000000 cycles: 4619591 heartbeat IPC: 2.165 cumulative IPC: 2.165 (Simulation time: 00 hr 10 min 18 sec)
Heartbeat CPU 2 instructions: 10000003 cycles: 4640510 heartbeat IPC: 2.155 cumulative IPC: 2.155 (Simulation time: 00 hr 10 min 21 sec)
Heartbeat CPU 5 instructions: 10000003 cycles: 4645482 heartbeat IPC: 2.153 cumulative IPC: 2.153 (Simulation time: 00 hr 10 min 22 sec)
Heartbeat CPU 6 instructions: 10000000 cycles: 4657537 heartbeat IPC: 2.147 cumulative IPC: 2.147 (Simulation time: 00 hr 10 min 24 sec)
Heartbeat CPU 7 instructions: 10000000 cycles: 4659291 heartbeat IPC: 2.146 cumulative IPC: 2.146 (Simulation time: 00 hr 10 min 24 sec)
Heartbeat CPU 0 instructions: 20000003 cycles: 9576005 heartbeat IPC: 1.99 cumulative IPC: 2.089 (Simulation time: 00 hr 22 min 08 sec)
Heartbeat CPU 3 instructions: 20000003 cycles: 9618970 heartbeat IPC: 1.98 cumulative IPC: 2.079 (Simulation time: 00 hr 22 min 14 sec)
Heartbeat CPU 1 instructions: 20000003 cycles: 9664031 heartbeat IPC: 1.978 cumulative IPC: 2.07 (Simulation time: 00 hr 22 min 20 sec)
Heartbeat CPU 4 instructions: 20000003 cycles: 9684922 heartbeat IPC: 1.974 cumulative IPC: 2.065 (Simulation time: 00 hr 22 min 23 sec)
Heartbeat CPU 2 instructions: 20000003 cycles: 9703385 heartbeat IPC: 1.975 cumulative IPC: 2.061 (Simulation time: 00 hr 22 min 26 sec)
Heartbeat CPU 5 instructions: 20000003 cycles: 9709866 heartbeat IPC: 1.975 cumulative IPC: 2.06 (Simulation time: 00 hr 22 min 27 sec)
Heartbeat CPU 6 instructions: 20000003 cycles: 9722562 heartbeat IPC: 1.974 cumulative IPC: 2.057 (Simulation time: 00 hr 22 min 29 sec)
Heartbeat CPU 7 instructions: 20000003 cycles: 9729956 heartbeat IPC: 1.972 cumulative IPC: 2.056 (Simulation time: 00 hr 22 min 30 sec)
Warmup finished CPU 0 instructions: 25000001 cycles: 11418326 cumulative IPC: 2.189 (Simulation time: 00 hr 26 min 36 sec)
Warmup finished CPU 1 instructions: 25000003 cycles: 11512470 cumulative IPC: 2.172 (Simulation time: 00 hr 26 min 49 sec)
Warmup finished CPU 3 instructions: 25000002 cycles: 11556255 cumulative IPC: 2.163 (Simulation time: 00 hr 26 min 55 sec)
Warmup finished CPU 2 instructions: 25000000 cycles: 11571129 cumulative IPC: 2.161 (Simulation time: 00 hr 26 min 58 sec)
Warmup finished CPU 4 instructions: 25000000 cycles: 11601165 cumulative IPC: 2.155 (Simulation time: 00 hr 27 min 02 sec)
Warmup finished CPU 5 instructions: 25000001 cycles: 11618279 cumulative IPC: 2.152 (Simulation time: 00 hr 27 min 05 sec)
Warmup finished CPU 6 instructions: 25000002 cycles: 11635131 cumulative IPC: 2.149 (Simulation time: 00 hr 27 min 07 sec)
Warmup finished CPU 7 instructions: 25000002 cycles: 11648078 cumulative IPC: 2.146 (Simulation time: 00 hr 27 min 09 sec)
Warmup complete CPU 7 instructions: 25000002 cycles: 11648078 cumulative IPC: 2.146 (Simulation time: 00 hr 27 min 09 sec)
Warmup complete CPU 6 instructions: 25034742 cycles: 11648078 cumulative IPC: 2.149 (Simulation time: 00 hr 27 min 09 sec)
Warmup complete CPU 5 instructions: 25071019 cycles: 11648078 cumulative IPC: 2.152 (Simulation time: 00 hr 27 min 09 sec)
Warmup complete CPU 4 instructions: 25108004 cycles: 11648078 cumulative IPC: 2.156 (Simulation time: 00 hr 27 min 09 sec)
Warmup complete CPU 3 instructions: 25224088 cycles: 11648078 cumulative IPC: 2.166 (Simulation time: 00 hr 27 min 09 sec)
Warmup complete CPU 2 instructions: 25183730 cycles: 11648078 cumulative IPC: 2.162 (Simulation time: 00 hr 27 min 09 sec)
Warmup complete CPU 1 instructions: 25485509 cycles: 11648078 cumulative IPC: 2.188 (Simulation time: 00 hr 27 min 09 sec)
Warmup complete CPU 0 instructions: 25907062 cycles: 11648078 cumulative IPC: 2.224 (Simulation time: 00 hr 27 min 09 sec)
Heartbeat CPU 0 instructions: 30000007 cycles: 27217233 heartbeat IPC: 0.5669 cumulative IPC: 0.2629 (Simulation time: 00 hr 44 min 10 sec)
Heartbeat CPU 1 instructions: 30000004 cycles: 28919227 heartbeat IPC: 0.5193 cumulative IPC: 0.2614 (Simulation time: 00 hr 46 min 03 sec)
Heartbeat CPU 3 instructions: 30000007 cycles: 30059373 heartbeat IPC: 0.4892 cumulative IPC: 0.2594 (Simulation time: 00 hr 47 min 18 sec)
Heartbeat CPU 2 instructions: 30000007 cycles: 30130571 heartbeat IPC: 0.4895 cumulative IPC: 0.2606 (Simulation time: 00 hr 47 min 23 sec)
Heartbeat CPU 4 instructions: 30000007 cycles: 30453191 heartbeat IPC: 0.4815 cumulative IPC: 0.2601 (Simulation time: 00 hr 47 min 44 sec)
Heartbeat CPU 5 instructions: 30000007 cycles: 30614220 heartbeat IPC: 0.4784 cumulative IPC: 0.2599 (Simulation time: 00 hr 47 min 55 sec)
Heartbeat CPU 6 instructions: 30000007 cycles: 30749747 heartbeat IPC: 0.4756 cumulative IPC: 0.2599 (Simulation time: 00 hr 48 min 04 sec)
Heartbeat CPU 7 instructions: 30000007 cycles: 30828211 heartbeat IPC: 0.474 cumulative IPC: 0.2607 (Simulation time: 00 hr 48 min 09 sec)
Heartbeat CPU 0 instructions: 40000008 cycles: 52793335 heartbeat IPC: 0.391 cumulative IPC: 0.3425 (Simulation time: 01 hr 12 min 28 sec)
Heartbeat CPU 1 instructions: 40000008 cycles: 54333107 heartbeat IPC: 0.3935 cumulative IPC: 0.34 (Simulation time: 01 hr 14 min 05 sec)
Heartbeat CPU 3 instructions: 40000008 cycles: 55702597 heartbeat IPC: 0.39 cumulative IPC: 0.3354 (Simulation time: 01 hr 15 min 27 sec)
Heartbeat CPU 2 instructions: 40000008 cycles: 55810835 heartbeat IPC: 0.3894 cumulative IPC: 0.3355 (Simulation time: 01 hr 15 min 33 sec)
Heartbeat CPU 4 instructions: 40000009 cycles: 56455251 heartbeat IPC: 0.3846 cumulative IPC: 0.3324 (Simulation time: 01 hr 16 min 10 sec)
Heartbeat CPU 5 instructions: 40000008 cycles: 56961132 heartbeat IPC: 0.3796 cumulative IPC: 0.3295 (Simulation time: 01 hr 16 min 39 sec)
Heartbeat CPU 6 instructions: 40000008 cycles: 57203155 heartbeat IPC: 0.378 cumulative IPC: 0.3285 (Simulation time: 01 hr 16 min 53 sec)
Heartbeat CPU 7 instructions: 40000009 cycles: 57409002 heartbeat IPC: 0.3762 cumulative IPC: 0.3278 (Simulation time: 01 hr 17 min 05 sec)
Heartbeat CPU 0 instructions: 50000008 cycles: 126177705 heartbeat IPC: 0.1363 cumulative IPC: 0.2104 (Simulation time: 02 hr 24 min 51 sec)
Heartbeat CPU 1 instructions: 50000011 cycles: 127057129 heartbeat IPC: 0.1375 cumulative IPC: 0.2124 (Simulation time: 02 hr 25 min 45 sec)
Heartbeat CPU 3 instructions: 50000009 cycles: 127530519 heartbeat IPC: 0.1392 cumulative IPC: 0.2138 (Simulation time: 02 hr 26 min 15 sec)
Heartbeat CPU 2 instructions: 50000011 cycles: 127572408 heartbeat IPC: 0.1394 cumulative IPC: 0.2141 (Simulation time: 02 hr 26 min 17 sec)
Heartbeat CPU 4 instructions: 50000011 cycles: 127816924 heartbeat IPC: 0.1401 cumulative IPC: 0.2143 (Simulation time: 02 hr 26 min 32 sec)
Heartbeat CPU 6 instructions: 50000011 cycles: 127946679 heartbeat IPC: 0.1414 cumulative IPC: 0.2147 (Simulation time: 02 hr 26 min 40 sec)
Heartbeat CPU 7 instructions: 50000011 cycles: 127992884 heartbeat IPC: 0.1417 cumulative IPC: 0.2149 (Simulation time: 02 hr 26 min 43 sec)
Heartbeat CPU 5 instructions: 50000011 cyclesslurmstepd: error: *** JOB 3599694 ON atl1-1-02-011-30-2 CANCELLED AT 2025-04-07T23:59:06 ***
---------------------------------------
Begin Slurm Epilog: Apr-07-2025 23:59:08
Job ID:        3599694
User ID:       svittal8
Account:       gts-mqureshi4-rg
Job name:      wrap
Resources:     cpu=1,mem=4G,node=1
Rsrc Used:     cput=04:36:16,vmem=0,walltime=04:36:16,mem=173996K,energy_used=0
Partition:     cpu-small
QOS:           inferno
Nodes:         atl1-1-02-011-30-2
---------------------------------------
