---------------------------------------
Begin Slurm Prolog: Apr-07-2025 19:23:21
Job ID:    3599709
User ID:   svittal8
Account:   gts-mqureshi4-rg
Job name:  wrap
Partition: cpu-small
QOS:       inferno
---------------------------------------
[VMEM] WARNING: physical memory size is smaller than virtual memory size.

*** ChampSim Multicore Out-of-Order Simulator ***
Warmup Instructions: 25000000
Simulation Instructions: 100000000
Number of CPUs: 8
Page size: 2097152

CL :	 16.64 ns
CWL :	 15.808 ns
tRP :	 16.224 ns
tRCD :	 16.224 ns
tRAS :	 32.032000000000004 ns
tRTP :	 7.904 ns
tWR :	 30.368000000000002 ns

tCCD_S :	 3.3280000000000003 ns
tCCD_S_WR :	 3.3280000000000003 ns
tCCD_S_WTR :	 22.048000000000002 ns
tCCD_L :	 5.408 ns
tCCD_L_WR :	 20.384 ns
tCCD_L_WTR :	 29.536 ns
tRRD_S :	 3.3280000000000003 ns
tRRD_L :	 5.408 ns
tFAW :	 13.728 ns
Address mapping (perm = 1) 	ch co bg bg bg ba ba co co co co co co ro ro ro ro ro ro ro ro ro ro ro ro ro ro ro 
dram queue size: R = 64 W = 48 (low:high is 9:39)
Heartbeat CPU 3 instructions: 10000000 cycles: 3253948 heartbeat IPC: 3.073 cumulative IPC: 3.073 (Simulation time: 00 hr 10 min 22 sec)
Heartbeat CPU 0 instructions: 10000002 cycles: 3254560 heartbeat IPC: 3.073 cumulative IPC: 3.073 (Simulation time: 00 hr 10 min 23 sec)
Heartbeat CPU 6 instructions: 10000003 cycles: 3254759 heartbeat IPC: 3.072 cumulative IPC: 3.072 (Simulation time: 00 hr 10 min 23 sec)
Heartbeat CPU 7 instructions: 10000000 cycles: 3254927 heartbeat IPC: 3.072 cumulative IPC: 3.072 (Simulation time: 00 hr 10 min 23 sec)
Heartbeat CPU 2 instructions: 10000004 cycles: 3255546 heartbeat IPC: 3.072 cumulative IPC: 3.072 (Simulation time: 00 hr 10 min 23 sec)
Heartbeat CPU 1 instructions: 10000001 cycles: 3255785 heartbeat IPC: 3.071 cumulative IPC: 3.071 (Simulation time: 00 hr 10 min 23 sec)
Heartbeat CPU 4 instructions: 10000002 cycles: 3255801 heartbeat IPC: 3.071 cumulative IPC: 3.071 (Simulation time: 00 hr 10 min 23 sec)
Heartbeat CPU 5 instructions: 10000003 cycles: 3256124 heartbeat IPC: 3.071 cumulative IPC: 3.071 (Simulation time: 00 hr 10 min 23 sec)
Heartbeat CPU 3 instructions: 20000001 cycles: 6506578 heartbeat IPC: 3.074 cumulative IPC: 3.074 (Simulation time: 00 hr 20 min 45 sec)
Heartbeat CPU 6 instructions: 20000003 cycles: 6507271 heartbeat IPC: 3.075 cumulative IPC: 3.073 (Simulation time: 00 hr 20 min 45 sec)
Heartbeat CPU 0 instructions: 20000006 cycles: 6507614 heartbeat IPC: 3.074 cumulative IPC: 3.073 (Simulation time: 00 hr 20 min 45 sec)
Heartbeat CPU 5 instructions: 20000005 cycles: 6508616 heartbeat IPC: 3.075 cumulative IPC: 3.073 (Simulation time: 00 hr 20 min 45 sec)
Heartbeat CPU 4 instructions: 20000006 cycles: 6508821 heartbeat IPC: 3.074 cumulative IPC: 3.073 (Simulation time: 00 hr 20 min 45 sec)
Heartbeat CPU 7 instructions: 20000003 cycles: 6508881 heartbeat IPC: 3.073 cumulative IPC: 3.073 (Simulation time: 00 hr 20 min 45 sec)
Heartbeat CPU 1 instructions: 20000001 cycles: 6509692 heartbeat IPC: 3.073 cumulative IPC: 3.072 (Simulation time: 00 hr 20 min 46 sec)
Heartbeat CPU 2 instructions: 20000006 cycles: 6510122 heartbeat IPC: 3.073 cumulative IPC: 3.072 (Simulation time: 00 hr 20 min 46 sec)
Warmup finished CPU 3 instructions: 25000004 cycles: 8132628 cumulative IPC: 3.074 (Simulation time: 00 hr 25 min 50 sec)
Warmup finished CPU 0 instructions: 25000001 cycles: 8133346 cumulative IPC: 3.074 (Simulation time: 00 hr 25 min 50 sec)
Warmup finished CPU 6 instructions: 25000004 cycles: 8133579 cumulative IPC: 3.074 (Simulation time: 00 hr 25 min 50 sec)
Warmup finished CPU 4 instructions: 25000001 cycles: 8134823 cumulative IPC: 3.073 (Simulation time: 00 hr 25 min 50 sec)
Warmup finished CPU 5 instructions: 25000003 cycles: 8134959 cumulative IPC: 3.073 (Simulation time: 00 hr 25 min 50 sec)
Warmup finished CPU 7 instructions: 25000004 cycles: 8135265 cumulative IPC: 3.073 (Simulation time: 00 hr 25 min 51 sec)
Warmup finished CPU 1 instructions: 25000002 cycles: 8136321 cumulative IPC: 3.073 (Simulation time: 00 hr 25 min 51 sec)
Warmup finished CPU 2 instructions: 25000004 cycles: 8137173 cumulative IPC: 3.072 (Simulation time: 00 hr 25 min 51 sec)
Warmup complete CPU 7 instructions: 25006015 cycles: 8137173 cumulative IPC: 3.073 (Simulation time: 00 hr 25 min 51 sec)
Warmup complete CPU 6 instructions: 25010996 cycles: 8137173 cumulative IPC: 3.074 (Simulation time: 00 hr 25 min 51 sec)
Warmup complete CPU 5 instructions: 25006926 cycles: 8137173 cumulative IPC: 3.073 (Simulation time: 00 hr 25 min 51 sec)
Warmup complete CPU 4 instructions: 25007259 cycles: 8137173 cumulative IPC: 3.073 (Simulation time: 00 hr 25 min 51 sec)
Warmup complete CPU 3 instructions: 25013772 cycles: 8137173 cumulative IPC: 3.074 (Simulation time: 00 hr 25 min 51 sec)
Warmup complete CPU 2 instructions: 25000004 cycles: 8137173 cumulative IPC: 3.072 (Simulation time: 00 hr 25 min 51 sec)
Warmup complete CPU 1 instructions: 25002798 cycles: 8137173 cumulative IPC: 3.073 (Simulation time: 00 hr 25 min 51 sec)
Warmup complete CPU 0 instructions: 25011742 cycles: 8137173 cumulative IPC: 3.074 (Simulation time: 00 hr 25 min 51 sec)
Heartbeat CPU 4 instructions: 30000006 cycles: 21140194 heartbeat IPC: 0.6835 cumulative IPC: 0.384 (Simulation time: 00 hr 42 min 13 sec)
Heartbeat CPU 3 instructions: 30000005 cycles: 21152848 heartbeat IPC: 0.6828 cumulative IPC: 0.3831 (Simulation time: 00 hr 42 min 14 sec)
Heartbeat CPU 0 instructions: 30000010 cycles: 21154875 heartbeat IPC: 0.6827 cumulative IPC: 0.3832 (Simulation time: 00 hr 42 min 14 sec)
Heartbeat CPU 1 instructions: 30000004 cycles: 21170131 heartbeat IPC: 0.6821 cumulative IPC: 0.3834 (Simulation time: 00 hr 42 min 15 sec)
Heartbeat CPU 2 instructions: 30000010 cycles: 21180479 heartbeat IPC: 0.6816 cumulative IPC: 0.3833 (Simulation time: 00 hr 42 min 16 sec)
Heartbeat CPU 7 instructions: 30000004 cycles: 21228053 heartbeat IPC: 0.6794 cumulative IPC: 0.3815 (Simulation time: 00 hr 42 min 19 sec)
Heartbeat CPU 6 instructions: 30000005 cycles: 21276105 heartbeat IPC: 0.6771 cumulative IPC: 0.3797 (Simulation time: 00 hr 42 min 23 sec)
Heartbeat CPU 5 instructions: 30000005 cycles: 21423107 heartbeat IPC: 0.6705 cumulative IPC: 0.3758 (Simulation time: 00 hr 42 min 34 sec)
Heartbeat CPU 4 instructions: 40000008 cycles: 47143240 heartbeat IPC: 0.3846 cumulative IPC: 0.3844 (Simulation time: 01 hr 15 min 02 sec)
Heartbeat CPU 1 instructions: 40000004 cycles: 47165903 heartbeat IPC: 0.3847 cumulative IPC: 0.3843 (Simulation time: 01 hr 15 min 03 sec)
Heartbeat CPU 0 instructions: 40000014 cycles: 47171245 heartbeat IPC: 0.3844 cumulative IPC: 0.384 (Simulation time: 01 hr 15 min 04 sec)
Heartbeat CPU 2 instructions: 40000013 cycles: 47197786 heartbeat IPC: 0.3844 cumulative IPC: 0.384 (Simulation time: 01 hr 15 min 06 sec)
Heartbeat CPU 3 instructions: 40000009 cycles: 47244973 heartbeat IPC: 0.3833 cumulative IPC: 0.3832 (Simulation time: 01 hr 15 min 09 sec)
Heartbeat CPU 6 instructions: 40000009 cycles: 47248584 heartbeat IPC: 0.385 cumulative IPC: 0.3832 (Simulation time: 01 hr 15 min 10 sec)
Heartbeat CPU 7 instructions: 40000008 cycles: 47555885 heartbeat IPC: 0.3798 cumulative IPC: 0.3804 (Simulation time: 01 hr 15 min 33 sec)
Heartbeat CPU 5 instructions: 40000009 cycles: 47564370 heartbeat IPC: 0.3825 cumulative IPC: 0.3803 (Simulation time: 01 hr 15 min 34 sec)
Heartbeat CPU 4 instructions: 50000010 cycles: 73164590 heartbeat IPC: 0.3843 cumulative IPC: 0.3843 (Simulation time: 01 hr 47 min 57 sec)
Heartbeat CPU 2 instructions: 50000015 cycles: 73236305 heartbeat IPC: 0.384 cumulative IPC: 0.384 (Simulation time: 01 hr 48 min 02 sec)
Heartbeat CPU 1 instructions: 50000004 cycles: 73236799 heartbeat IPC: 0.3836 cumulative IPC: 0.384 (Simulation time: 01 hr 48 min 02 sec)
Heartbeat CPU 0 instructions: 50000015 cycles: 73273125 heartbeat IPC: 0.3831 cumulative IPC: 0.3836 (Simulation time: 01 hr 48 min 05 sec)
Heartbeat CPU 6 instructions: 50000010 cycles: 73332759 heartbeat IPC: 0.3834 cumulative IPC: 0.3833 (Simulation time: 01 hr 48 min 09 sec)
Heartbeat CPU 3 instructions: 50000010 cycles: 73504348 heartbeat IPC: 0.3808 cumulative IPC: 0.3822 (Simulation time: 01 hr 48 min 22 sec)
Heartbeat CPU 5 instructions: 50000010 cycles: 73543569 heartbeat IPC: 0.3849 cumulative IPC: 0.3821 (Simulation time: 01 hr 48 min 25 sec)
Heartbeat CPU 7 instructions: 50000010 cycles: 73567679 heartbslurmstepd: error: *** JOB 3599709 ON atl1-1-02-018-1-1 CANCELLED AT 2025-04-07T23:59:07 ***
---------------------------------------
Begin Slurm Epilog: Apr-07-2025 23:59:09
Job ID:        3599709
User ID:       svittal8
Account:       gts-mqureshi4-rg
Job name:      wrap
Resources:     cpu=1,mem=4G,node=1
Rsrc Used:     cput=04:35:46,vmem=0,walltime=04:35:46,mem=632764K,energy_used=0
Partition:     cpu-small
QOS:           inferno
Nodes:         atl1-1-02-018-1-1
---------------------------------------
