---------------------------------------
Begin Slurm Prolog: Apr-07-2025 19:23:21
Job ID:    3599712
User ID:   svittal8
Account:   gts-mqureshi4-rg
Job name:  wrap
Partition: cpu-small
QOS:       inferno
---------------------------------------
[VMEM] WARNING: physical memory size is smaller than virtual memory size.

*** ChampSim Multicore Out-of-Order Simulator ***
Warmup Instructions: 25000000
Simulation Instructions: 100000000
Number of CPUs: 8
Page size: 2097152

CL :	 16.64 ns
CWL :	 15.808 ns
tRP :	 16.224 ns
tRCD :	 16.224 ns
tRAS :	 32.032000000000004 ns
tRTP :	 7.904 ns
tWR :	 30.368000000000002 ns

tCCD_S :	 3.3280000000000003 ns
tCCD_S_WR :	 3.3280000000000003 ns
tCCD_S_WTR :	 22.048000000000002 ns
tCCD_L :	 5.408 ns
tCCD_L_WR :	 20.384 ns
tCCD_L_WTR :	 29.536 ns
tRRD_S :	 3.3280000000000003 ns
tRRD_L :	 5.408 ns
tFAW :	 13.728 ns
Address mapping (perm = 1) 	ch co bg bg bg ba ba co co co co co co ro ro ro ro ro ro ro ro ro ro ro ro ro ro ro 
dram queue size: R = 64 W = 48 (low:high is 9:39)
Heartbeat CPU 0 instructions: 10000003 cycles: 6236024 heartbeat IPC: 1.604 cumulative IPC: 1.604 (Simulation time: 00 hr 12 min 02 sec)
Heartbeat CPU 1 instructions: 10000003 cycles: 6237491 heartbeat IPC: 1.603 cumulative IPC: 1.603 (Simulation time: 00 hr 12 min 02 sec)
Heartbeat CPU 2 instructions: 10000003 cycles: 6237626 heartbeat IPC: 1.603 cumulative IPC: 1.603 (Simulation time: 00 hr 12 min 02 sec)
Heartbeat CPU 3 instructions: 10000003 cycles: 6238172 heartbeat IPC: 1.603 cumulative IPC: 1.603 (Simulation time: 00 hr 12 min 02 sec)
Heartbeat CPU 4 instructions: 10000003 cycles: 6239220 heartbeat IPC: 1.603 cumulative IPC: 1.603 (Simulation time: 00 hr 12 min 02 sec)
Heartbeat CPU 5 instructions: 10000003 cycles: 6239605 heartbeat IPC: 1.603 cumulative IPC: 1.603 (Simulation time: 00 hr 12 min 02 sec)
Heartbeat CPU 6 instructions: 10000003 cycles: 6240342 heartbeat IPC: 1.602 cumulative IPC: 1.602 (Simulation time: 00 hr 12 min 02 sec)
Heartbeat CPU 7 instructions: 10000003 cycles: 6240799 heartbeat IPC: 1.602 cumulative IPC: 1.602 (Simulation time: 00 hr 12 min 02 sec)
Heartbeat CPU 0 instructions: 20000007 cycles: 12382391 heartbeat IPC: 1.627 cumulative IPC: 1.615 (Simulation time: 00 hr 23 min 31 sec)
Heartbeat CPU 1 instructions: 20000007 cycles: 12383714 heartbeat IPC: 1.627 cumulative IPC: 1.615 (Simulation time: 00 hr 23 min 31 sec)
Heartbeat CPU 2 instructions: 20000007 cycles: 12383906 heartbeat IPC: 1.627 cumulative IPC: 1.615 (Simulation time: 00 hr 23 min 31 sec)
Heartbeat CPU 3 instructions: 20000007 cycles: 12384212 heartbeat IPC: 1.627 cumulative IPC: 1.615 (Simulation time: 00 hr 23 min 31 sec)
Heartbeat CPU 4 instructions: 20000007 cycles: 12385565 heartbeat IPC: 1.627 cumulative IPC: 1.615 (Simulation time: 00 hr 23 min 31 sec)
Heartbeat CPU 5 instructions: 20000007 cycles: 12385781 heartbeat IPC: 1.627 cumulative IPC: 1.615 (Simulation time: 00 hr 23 min 31 sec)
Heartbeat CPU 6 instructions: 20000007 cycles: 12386381 heartbeat IPC: 1.627 cumulative IPC: 1.615 (Simulation time: 00 hr 23 min 31 sec)
Heartbeat CPU 7 instructions: 20000007 cycles: 12387007 heartbeat IPC: 1.627 cumulative IPC: 1.615 (Simulation time: 00 hr 23 min 31 sec)
Warmup finished CPU 0 instructions: 25000002 cycles: 15503911 cumulative IPC: 1.612 (Simulation time: 00 hr 29 min 32 sec)
Warmup finished CPU 1 instructions: 25000002 cycles: 15505072 cumulative IPC: 1.612 (Simulation time: 00 hr 29 min 32 sec)
Warmup finished CPU 2 instructions: 25000002 cycles: 15505298 cumulative IPC: 1.612 (Simulation time: 00 hr 29 min 32 sec)
Warmup finished CPU 3 instructions: 25000002 cycles: 15505491 cumulative IPC: 1.612 (Simulation time: 00 hr 29 min 32 sec)
Warmup finished CPU 4 instructions: 25000002 cycles: 15506659 cumulative IPC: 1.612 (Simulation time: 00 hr 29 min 32 sec)
Warmup finished CPU 5 instructions: 25000002 cycles: 15507308 cumulative IPC: 1.612 (Simulation time: 00 hr 29 min 32 sec)
Warmup finished CPU 6 instructions: 25000002 cycles: 15507725 cumulative IPC: 1.612 (Simulation time: 00 hr 29 min 32 sec)
Warmup finished CPU 7 instructions: 25000002 cycles: 15508214 cumulative IPC: 1.612 (Simulation time: 00 hr 29 min 32 sec)
Warmup complete CPU 7 instructions: 25000002 cycles: 15508214 cumulative IPC: 1.612 (Simulation time: 00 hr 29 min 32 sec)
Warmup complete CPU 6 instructions: 25001235 cycles: 15508214 cumulative IPC: 1.612 (Simulation time: 00 hr 29 min 32 sec)
Warmup complete CPU 5 instructions: 25002659 cycles: 15508214 cumulative IPC: 1.612 (Simulation time: 00 hr 29 min 32 sec)
Warmup complete CPU 4 instructions: 25004207 cycles: 15508214 cumulative IPC: 1.612 (Simulation time: 00 hr 29 min 32 sec)
Warmup complete CPU 3 instructions: 25004514 cycles: 15508214 cumulative IPC: 1.612 (Simulation time: 00 hr 29 min 32 sec)
Warmup complete CPU 2 instructions: 25004657 cycles: 15508214 cumulative IPC: 1.612 (Simulation time: 00 hr 29 min 32 sec)
Warmup complete CPU 1 instructions: 25004679 cycles: 15508214 cumulative IPC: 1.612 (Simulation time: 00 hr 29 min 32 sec)
Warmup complete CPU 0 instructions: 25007717 cycles: 15508214 cumulative IPC: 1.613 (Simulation time: 00 hr 29 min 32 sec)
Heartbeat CPU 2 instructions: 30000008 cycles: 39492839 heartbeat IPC: 0.3689 cumulative IPC: 0.2083 (Simulation time: 00 hr 58 min 25 sec)
Heartbeat CPU 1 instructions: 30000008 cycles: 39527686 heartbeat IPC: 0.3684 cumulative IPC: 0.208 (Simulation time: 00 hr 58 min 28 sec)
Heartbeat CPU 3 instructions: 30000008 cycles: 39646426 heartbeat IPC: 0.3668 cumulative IPC: 0.207 (Simulation time: 00 hr 58 min 36 sec)
Heartbeat CPU 4 instructions: 30000008 cycles: 39776942 heartbeat IPC: 0.3651 cumulative IPC: 0.2059 (Simulation time: 00 hr 58 min 46 sec)
Heartbeat CPU 5 instructions: 30000008 cycles: 39847350 heartbeat IPC: 0.3641 cumulative IPC: 0.2053 (Simulation time: 00 hr 58 min 51 sec)
Heartbeat CPU 0 instructions: 30000008 cycles: 39916702 heartbeat IPC: 0.3632 cumulative IPC: 0.2045 (Simulation time: 00 hr 58 min 56 sec)
Heartbeat CPU 7 instructions: 30000008 cycles: 40070246 heartbeat IPC: 0.3612 cumulative IPC: 0.2036 (Simulation time: 00 hr 59 min 07 sec)
Heartbeat CPU 6 instructions: 30000008 cycles: 40222064 heartbeat IPC: 0.3593 cumulative IPC: 0.2023 (Simulation time: 00 hr 59 min 18 sec)
Heartbeat CPU 2 instructions: 40000010 cycles: 87236244 heartbeat IPC: 0.2095 cumulative IPC: 0.2091 (Simulation time: 01 hr 55 min 32 sec)
Heartbeat CPU 4 instructions: 40000010 cycles: 87500823 heartbeat IPC: 0.2095 cumulative IPC: 0.2083 (Simulation time: 01 hr 55 min 51 sec)
Heartbeat CPU 1 instructions: 40000010 cycles: 87926393 heartbeat IPC: 0.2066 cumulative IPC: 0.2071 (Simulation time: 01 hr 56 min 21 sec)
Heartbeat CPU 7 instructions: 40000010 cycles: 87933056 heartbeat IPC: 0.2089 cumulative IPC: 0.2071 (Simulation time: 01 hr 56 min 22 sec)
Heartbeat CPU 3 instructions: 40000010 cycles: 88002863 heartbeat IPC: 0.2068 cumulative IPC: 0.2068 (Simulation time: 01 hr 56 min 27 sec)
Heartbeat CPU 0 instructions: 40000010 cycles: 88201105 heartbeat IPC: 0.2071 cumulative IPC: 0.2062 (Simulation time: 01 hr 56 min 41 sec)
Heartbeat CPU 5 instructions: 40000010 cycles: 88258495 heartbeat IPC: 0.2066 cumulative IPC: 0.2061 (Simulation time: 01 hr 56 min 45 sec)
Heartbeat CPU 6 instructions: 40000010 cycles: 88406341 heartbeat IPC: 0.2075 cumulative IPC: 0.2057 (Simulation time: 01 hr 56 min 56 sec)
Heartbeat CPU 2 instructions: 50000011 cycles: 133000344 heartbeat IPC: 0.2185 cumulative IPC: 0.2127 (Simulation time: 02 hr 50 min 22 sec)
Heartbeat CPU 4 instructions: 50000011 cycles: 133381518 heartbeat IPC: 0.218 cumulative IPC: 0.2121 (Simulation time: 02 hr 50 min 50 sec)
Heartbeat CPU 1 instructions: 50000011 cycles: 133432158 heartbeat IPC: 0.2198 cumulative IPC: 0.212 (Simulation time: 02 hr 50 min 54 sec)
Heartbeat CPU 7 instructions: 50000011 cycles: 133896846 heartbeat IPC: 0.2176 cumulative IPC: 0.2112 (Simulation time: 02 hr 51 min 27 sec)
Heartbeat CPU 3 instructions: 50000011 cycles: 133977746 heartbeat IPC: 0.2175 cumulative IPC: 0.211 (Simulation time: 02 hr 51 min 33 sec)
Heartbeat CPU 5 instructions: 50000011 cycles: 134113347 heartbeat IPC: 0.2181 cumulative IPC: 0.2108 (Simulation time: 02 hr 51 min 43 sec)
Heartbeat CPU 0 instructions: 50000011 cycles: 134451219 heartbeat IPC: 0.2162 cumulative IPC: 0.2101 (Simulation time: 02 hr 52 min 08 sec)
Heartbeat CPU 6 instructions:slurmstepd: error: *** JOB 3599712 ON atl1-1-02-018-21-1 CANCELLED AT 2025-04-07T23:59:07 ***
---------------------------------------
Begin Slurm Epilog: Apr-07-2025 23:59:09
Job ID:        3599712
User ID:       svittal8
Account:       gts-mqureshi4-rg
Job name:      wrap
Resources:     cpu=1,mem=4G,node=1
Rsrc Used:     cput=04:35:46,vmem=0,walltime=04:35:46,mem=583096K,energy_used=0
Partition:     cpu-small
QOS:           inferno
Nodes:         atl1-1-02-018-21-1
---------------------------------------
