---------------------------------------
Begin Slurm Prolog: Apr-07-2025 19:23:21
Job ID:    3599710
User ID:   svittal8
Account:   gts-mqureshi4-rg
Job name:  wrap
Partition: cpu-small
QOS:       inferno
---------------------------------------
[VMEM] WARNING: physical memory size is smaller than virtual memory size.

*** ChampSim Multicore Out-of-Order Simulator ***
Warmup Instructions: 25000000
Simulation Instructions: 100000000
Number of CPUs: 8
Page size: 2097152

CL :	 16.64 ns
CWL :	 15.808 ns
tRP :	 16.224 ns
tRCD :	 16.224 ns
tRAS :	 32.032000000000004 ns
tRTP :	 7.904 ns
tWR :	 30.368000000000002 ns

tCCD_S :	 3.3280000000000003 ns
tCCD_S_WR :	 3.3280000000000003 ns
tCCD_S_WTR :	 22.048000000000002 ns
tCCD_L :	 5.408 ns
tCCD_L_WR :	 20.384 ns
tCCD_L_WTR :	 29.536 ns
tRRD_S :	 3.3280000000000003 ns
tRRD_L :	 5.408 ns
tFAW :	 13.728 ns
Address mapping (perm = 1) 	ch co bg bg bg ba ba co co co co co co ro ro ro ro ro ro ro ro ro ro ro ro ro ro ro 
dram queue size: R = 64 W = 48 (low:high is 9:39)
Heartbeat CPU 0 instructions: 10000004 cycles: 2569701 heartbeat IPC: 3.892 cumulative IPC: 3.892 (Simulation time: 00 hr 06 min 53 sec)
Heartbeat CPU 1 instructions: 10000004 cycles: 2570639 heartbeat IPC: 3.89 cumulative IPC: 3.89 (Simulation time: 00 hr 06 min 53 sec)
Heartbeat CPU 2 instructions: 10000004 cycles: 2571218 heartbeat IPC: 3.889 cumulative IPC: 3.889 (Simulation time: 00 hr 06 min 53 sec)
Heartbeat CPU 3 instructions: 10000004 cycles: 2571667 heartbeat IPC: 3.889 cumulative IPC: 3.889 (Simulation time: 00 hr 06 min 53 sec)
Heartbeat CPU 4 instructions: 10000004 cycles: 2571912 heartbeat IPC: 3.888 cumulative IPC: 3.888 (Simulation time: 00 hr 06 min 53 sec)
Heartbeat CPU 5 instructions: 10000004 cycles: 2572279 heartbeat IPC: 3.888 cumulative IPC: 3.888 (Simulation time: 00 hr 06 min 53 sec)
Heartbeat CPU 6 instructions: 10000004 cycles: 2572601 heartbeat IPC: 3.887 cumulative IPC: 3.887 (Simulation time: 00 hr 06 min 53 sec)
Heartbeat CPU 7 instructions: 10000001 cycles: 2572843 heartbeat IPC: 3.887 cumulative IPC: 3.887 (Simulation time: 00 hr 06 min 53 sec)
Heartbeat CPU 0 instructions: 20000004 cycles: 5081550 heartbeat IPC: 3.981 cumulative IPC: 3.936 (Simulation time: 00 hr 12 min 51 sec)
Heartbeat CPU 1 instructions: 20000006 cycles: 5087408 heartbeat IPC: 3.973 cumulative IPC: 3.931 (Simulation time: 00 hr 12 min 52 sec)
Heartbeat CPU 2 instructions: 20000006 cycles: 5090897 heartbeat IPC: 3.969 cumulative IPC: 3.929 (Simulation time: 00 hr 12 min 53 sec)
Heartbeat CPU 3 instructions: 20000008 cycles: 5092680 heartbeat IPC: 3.967 cumulative IPC: 3.927 (Simulation time: 00 hr 12 min 53 sec)
Heartbeat CPU 4 instructions: 20000007 cycles: 5093815 heartbeat IPC: 3.965 cumulative IPC: 3.926 (Simulation time: 00 hr 12 min 53 sec)
Heartbeat CPU 5 instructions: 20000007 cycles: 5095226 heartbeat IPC: 3.964 cumulative IPC: 3.925 (Simulation time: 00 hr 12 min 53 sec)
Heartbeat CPU 6 instructions: 20000007 cycles: 5095701 heartbeat IPC: 3.963 cumulative IPC: 3.925 (Simulation time: 00 hr 12 min 54 sec)
Heartbeat CPU 7 instructions: 20000001 cycles: 5096684 heartbeat IPC: 3.962 cumulative IPC: 3.924 (Simulation time: 00 hr 12 min 54 sec)
Warmup finished CPU 0 instructions: 25000002 cycles: 6332465 cumulative IPC: 3.948 (Simulation time: 00 hr 15 min 47 sec)
Warmup finished CPU 1 instructions: 25000000 cycles: 6338542 cumulative IPC: 3.944 (Simulation time: 00 hr 15 min 48 sec)
Warmup finished CPU 2 instructions: 25000002 cycles: 6341539 cumulative IPC: 3.942 (Simulation time: 00 hr 15 min 48 sec)
Warmup finished CPU 3 instructions: 25000000 cycles: 6343401 cumulative IPC: 3.941 (Simulation time: 00 hr 15 min 48 sec)
Warmup finished CPU 4 instructions: 25000000 cycles: 6344357 cumulative IPC: 3.941 (Simulation time: 00 hr 15 min 49 sec)
Warmup finished CPU 5 instructions: 25000001 cycles: 6345791 cumulative IPC: 3.94 (Simulation time: 00 hr 15 min 49 sec)
Warmup finished CPU 6 instructions: 25000003 cycles: 6346453 cumulative IPC: 3.939 (Simulation time: 00 hr 15 min 49 sec)
Warmup finished CPU 7 instructions: 25000003 cycles: 6347274 cumulative IPC: 3.939 (Simulation time: 00 hr 15 min 49 sec)
Warmup complete CPU 7 instructions: 25000003 cycles: 6347274 cumulative IPC: 3.939 (Simulation time: 00 hr 15 min 49 sec)
Warmup complete CPU 6 instructions: 25003287 cycles: 6347274 cumulative IPC: 3.939 (Simulation time: 00 hr 15 min 49 sec)
Warmup complete CPU 5 instructions: 25005933 cycles: 6347274 cumulative IPC: 3.94 (Simulation time: 00 hr 15 min 49 sec)
Warmup complete CPU 4 instructions: 25011668 cycles: 6347274 cumulative IPC: 3.941 (Simulation time: 00 hr 15 min 49 sec)
Warmup complete CPU 3 instructions: 25015492 cycles: 6347274 cumulative IPC: 3.941 (Simulation time: 00 hr 15 min 49 sec)
Warmup complete CPU 2 instructions: 25022942 cycles: 6347274 cumulative IPC: 3.942 (Simulation time: 00 hr 15 min 49 sec)
Warmup complete CPU 1 instructions: 25034928 cycles: 6347274 cumulative IPC: 3.944 (Simulation time: 00 hr 15 min 49 sec)
Warmup complete CPU 0 instructions: 25059238 cycles: 6347274 cumulative IPC: 3.948 (Simulation time: 00 hr 15 min 49 sec)
Heartbeat CPU 1 instructions: 30000010 cycles: 14511350 heartbeat IPC: 1.061 cumulative IPC: 0.6082 (Simulation time: 00 hr 25 min 38 sec)
Heartbeat CPU 5 instructions: 30000010 cycles: 14552772 heartbeat IPC: 1.057 cumulative IPC: 0.6086 (Simulation time: 00 hr 25 min 41 sec)
Heartbeat CPU 0 instructions: 30000005 cycles: 14563701 heartbeat IPC: 1.055 cumulative IPC: 0.6013 (Simulation time: 00 hr 25 min 41 sec)
Heartbeat CPU 2 instructions: 30000010 cycles: 14569929 heartbeat IPC: 1.055 cumulative IPC: 0.6053 (Simulation time: 00 hr 25 min 42 sec)
Heartbeat CPU 3 instructions: 30000010 cycles: 14582524 heartbeat IPC: 1.054 cumulative IPC: 0.6053 (Simulation time: 00 hr 25 min 43 sec)
Heartbeat CPU 7 instructions: 30000005 cycles: 14597763 heartbeat IPC: 1.053 cumulative IPC: 0.606 (Simulation time: 00 hr 25 min 44 sec)
Heartbeat CPU 4 instructions: 30000010 cycles: 14626662 heartbeat IPC: 1.049 cumulative IPC: 0.6025 (Simulation time: 00 hr 25 min 46 sec)
Heartbeat CPU 6 instructions: 30000010 cycles: 14646840 heartbeat IPC: 1.047 cumulative IPC: 0.602 (Simulation time: 00 hr 25 min 47 sec)
Heartbeat CPU 1 instructions: 40000011 cycles: 53518360 heartbeat IPC: 0.2564 cumulative IPC: 0.3173 (Simulation time: 01 hr 07 min 13 sec)
Heartbeat CPU 7 instructions: 40000008 cycles: 53623887 heartbeat IPC: 0.2562 cumulative IPC: 0.3173 (Simulation time: 01 hr 07 min 21 sec)
Heartbeat CPU 3 instructions: 40000012 cycles: 53753287 heartbeat IPC: 0.2553 cumulative IPC: 0.3161 (Simulation time: 01 hr 07 min 31 sec)
Heartbeat CPU 2 instructions: 40000012 cycles: 53804576 heartbeat IPC: 0.2549 cumulative IPC: 0.3156 (Simulation time: 01 hr 07 min 35 sec)
Heartbeat CPU 5 instructions: 40000010 cycles: 53881861 heartbeat IPC: 0.2543 cumulative IPC: 0.3154 (Simulation time: 01 hr 07 min 42 sec)
Heartbeat CPU 4 instructions: 40000013 cycles: 54111200 heartbeat IPC: 0.2533 cumulative IPC: 0.3138 (Simulation time: 01 hr 08 min 00 sec)
Heartbeat CPU 6 instructions: 40000013 cycles: 54358623 heartbeat IPC: 0.2518 cumulative IPC: 0.3124 (Simulation time: 01 hr 08 min 20 sec)
Heartbeat CPU 0 instructions: 40000006 cycles: 55462834 heartbeat IPC: 0.2445 cumulative IPC: 0.3042 (Simulation time: 01 hr 09 min 50 sec)
Heartbeat CPU 7 instructions: 50000009 cycles: 73739032 heartbeat IPC: 0.4971 cumulative IPC: 0.371 (Simulation time: 01 hr 31 min 15 sec)
Heartbeat CPU 5 instructions: 50000012 cycles: 73803584 heartbeat IPC: 0.502 cumulative IPC: 0.3705 (Simulation time: 01 hr 31 min 20 sec)
Heartbeat CPU 3 instructions: 50000012 cycles: 73894365 heartbeat IPC: 0.4965 cumulative IPC: 0.3699 (Simulation time: 01 hr 31 min 26 sec)
Heartbeat CPU 6 instructions: 50000013 cycles: 74060889 heartbeat IPC: 0.5076 cumulative IPC: 0.3692 (Simulation time: 01 hr 31 min 39 sec)
Heartbeat CPU 4 instructions: 50000013 cycles: 74198572 heartbeat IPC: 0.4978 cumulative IPC: 0.3683 (Simulation time: 01 hr 31 min 49 sec)
Heartbeat CPU 2 instructions: 50000012 cycles: 74241207 heartbeat IPC: 0.4893 cumulative IPC: 0.3679 (Simulation time: 01 hr 31 min 53 sec)
Heartbeat CPU 1 instructions: 50000012 cycles: 74962327 heartbeat IPC: 0.4663 cumulative IPC: 0.3638 (Simulation time: 01 hr 32 min 51 sec)
Heartbeat CPU 0 instructions: 50000009 cycles: 76064235 heartbeat IPC: slurmstepd: error: *** JOB 3599710 ON atl1-1-02-018-21-1 CANCELLED AT 2025-04-07T23:59:07 ***
---------------------------------------
Begin Slurm Epilog: Apr-07-2025 23:59:09
Job ID:        3599710
User ID:       svittal8
Account:       gts-mqureshi4-rg
Job name:      wrap
Resources:     cpu=1,mem=4G,node=1
Rsrc Used:     cput=04:35:46,vmem=0,walltime=04:35:46,mem=614208K,energy_used=0
Partition:     cpu-small
QOS:           inferno
Nodes:         atl1-1-02-018-21-1
---------------------------------------
