[VMEM] WARNING: physical memory size is smaller than virtual memory size.

*** ChampSim Multicore Out-of-Order Simulator ***
Warmup Instructions: 25000000
Simulation Instructions: 25000000
Number of CPUs: 8
Page size: 2097152

initializing BARD -- num sampled sets: 64, modulus = 256
CL :	 16.64 ns
CWL :	 15.808 ns
tRP :	 16.224 ns
tRCD :	 16.224 ns
tRAS :	 32.032000000000004 ns
tRTP :	 7.904 ns
tWR :	 30.368000000000002 ns

tCCD_S :	 3.3280000000000003 ns
tCCD_S_WR :	 3.3280000000000003 ns
tCCD_S_WTR :	 22.048000000000002 ns
tCCD_L :	 5.408 ns
tCCD_L_WR :	 20.384 ns
tCCD_L_WTR :	 29.536 ns
tRRD_S :	 3.3280000000000003 ns
tRRD_L :	 5.408 ns
tFAW :	 13.728 ns
Address mapping (perm = 1) 	ch co bg bg bg ba ba co co co co co co ro ro ro ro ro ro ro ro ro ro ro ro ro ro ro 
dram queue size: R = 64 W = 48 (low:high is 9:39)
num evicts: 0, p: 0, s: 0 	 max proactive lookup: 15, max shadow lookup: 16
current cycle = 9979, last update cycle = 0, delta = 9979
	load umon |	misses = 34, hits= 1 0 0 0 0 0 0 0 0 0 0 0 0 0 0 5
	write umon |	misses = 0, hits= 0 0 0 0 0 0 0 0 0 0 0 0 0 0 0 0
num evicts: 100000, p: 3756, s: 5478 	 max proactive lookup: 16, max shadow lookup: 16
current cycle = 377789, last update cycle = 0, delta = 377789
	load umon |	misses = 1122, hits= 1 0 0 0 0 0 0 1 0 0 0 0 0 0 1 11
	write umon |	misses = 72, hits= 0 0 0 0 0 0 0 0 0 0 0 0 0 0 0 0
num evicts: 200000, p: 7439, s: 13437 	 max proactive lookup: 16, max shadow lookup: 16
current cycle = 553262, last update cycle = 0, delta = 553262
	load umon |	misses = 1660, hits= 1 0 0 0 0 0 0 1 8 0 0 0 0 0 1 11
	write umon |	misses = 160, hits= 0 0 0 0 0 0 0 0 0 0 0 0 0 0 0 0
num evicts: 300000, p: 10982, s: 22284 	 max proactive lookup: 16, max shadow lookup: 16
current cycle = 700000, last update cycle = 0, delta = 700000
	load umon |	misses = 2138, hits= 1 0 0 0 0 0 0 1 8 0 0 0 0 0 1 11
	write umon |	misses = 272, hits= 0 0 0 0 0 0 0 0 0 0 0 0 0 0 0 0
num evicts: 400000, p: 15032, s: 34961 	 max proactive lookup: 16, max shadow lookup: 16
current cycle = 833220, last update cycle = 0, delta = 833220
	load umon |	misses = 2507, hits= 1 0 0 0 0 0 0 1 8 0 0 0 0 0 1 11
	write umon |	misses = 400, hits= 0 0 0 0 0 0 0 0 0 0 0 0 0 0 0 0
num evicts: 500000, p: 17800, s: 44896 	 max proactive lookup: 16, max shadow lookup: 16
current cycle = 963524, last update cycle = 0, delta = 963524
	load umon |	misses = 2858, hits= 9 0 0 0 0 0 0 1 16 0 0 0 0 0 1 11
	write umon |	misses = 496, hits= 0 0 0 0 0 0 0 0 0 0 0 0 0 0 0 0
num evicts: 600000, p: 20920, s: 55105 	 max proactive lookup: 16, max shadow lookup: 16
current cycle = 1096235, last update cycle = 0, delta = 1096235
	load umon |	misses = 3186, hits= 9 0 0 0 0 0 0 1 16 0 0 0 0 0 1 11
	write umon |	misses = 624, hits= 0 0 0 0 0 0 0 0 0 0 0 0 0 0 0 0
num evicts: 700000, p: 24887, s: 67872 	 max proactive lookup: 16, max shadow lookup: 16
current cycle = 1229447, last update cycle = 0, delta = 1229447
	load umon |	misses = 3554, hits= 9 0 0 0 0 0 0 1 24 0 0 0 0 0 1 11
	write umon |	misses = 720, hits= 0 0 0 0 0 0 0 0 0 0 0 0 0 0 0 0
num evicts: 800000, p: 30103, s: 96479 	 max proactive lookup: 16, max shadow lookup: 16
current cycle = 1353383, last update cycle = 0, delta = 1353383
	load umon |	misses = 3938, hits= 9 0 0 0 0 0 0 1 24 0 0 0 0 0 1 11
	write umon |	misses = 824, hits= 0 0 0 0 0 0 0 0 0 0 0 0 0 0 0 0
num evicts: 900000, p: 34747, s: 127641 	 max proactive lookup: 8, max shadow lookup: 16
current cycle = 2328898, last update cycle = 0, delta = 2328898
	load umon |	misses = 4307, hits= 161 10 15 16 7 0 0 1 678 72 98 87 41 0 1 20
	write umon |	misses = 1029, hits= 0 0 0 0 0 0 1 1 4 4 3 3 3 2 2 2
num evicts: 1000000, p: 40101, s: 166096 	 max proactive lookup: 8, max shadow lookup: 16
current cycle = 2458236, last update cycle = 0, delta = 2458236
	load umon |	misses = 4679, hits= 161 10 15 16 7 0 0 1 678 72 98 87 41 0 1 26
	write umon |	misses = 1227, hits= 0 0 1 1 1 1 2 3 5 5 5 5 5 5 6 3
num evicts: 1100000, p: 44552, s: 194830 	 max proactive lookup: 8, max shadow lookup: 16
current cycle = 2585177, last update cycle = 0, delta = 2585177
	load umon |	misses = 5075, hits= 161 10 19 16 7 0 0 1 682 73 99 87 41 0 1 26
	write umon |	misses = 1489, hits= 0 0 1 1 1 1 2 3 5 5 5 5 5 5 6 3
num evicts: 1200000, p: 48100, s: 218576 	 max proactive lookup: 8, max shadow lookup: 16
current cycle = 2712007, last update cycle = 0, delta = 2712007
	load umon |	misses = 5440, hits= 165 11 19 16 7 0 7 1 683 73 99 87 41 0 1 26
	write umon |	misses = 1664, hits= 0 0 1 1 1 1 2 3 5 5 5 5 5 5 6 3
num evicts: 1300000, p: 51033, s: 238991 	 max proactive lookup: 8, max shadow lookup: 16
current cycle = 2841475, last update cycle = 0, delta = 2841475
	load umon |	misses = 5823, hits= 168 11 19 16 7 0 7 1 683 73 99 87 41 0 1 26
	write umon |	misses = 1822, hits= 0 0 1 1 1 1 2 3 5 5 5 5 5 5 6 3
num evicts: 1400000, p: 53736, s: 258935 	 max proactive lookup: 8, max shadow lookup: 16
current cycle = 2971958, last update cycle = 0, delta = 2971958
	load umon |	misses = 6241, hits= 168 11 24 19 7 0 7 1 685 73 99 87 41 0 1 26
	write umon |	misses = 1979, hits= 0 0 1 1 1 1 2 3 5 5 5 5 5 5 6 3
num evicts: 1500000, p: 56188, s: 278042 	 max proactive lookup: 8, max shadow lookup: 16
current cycle = 3100195, last update cycle = 0, delta = 3100195
	load umon |	misses = 6698, hits= 173 11 25 19 7 0 12 2 693 73 99 87 41 0 1 26
	write umon |	misses = 2087, hits= 0 0 1 1 1 1 2 3 5 5 5 5 5 5 6 3
num evicts: 1600000, p: 58468, s: 296451 	 max proactive lookup: 8, max shadow lookup: 16
current cycle = 3227416, last update cycle = 0, delta = 3227416
	load umon |	misses = 7141, hits= 180 13 25 20 7 0 17 3 702 73 99 87 41 0 2 26
	write umon |	misses = 2184, hits= 0 0 1 1 1 1 2 3 5 5 5 5 5 5 6 3
num evicts: 1700000, p: 60790, s: 315205 	 max proactive lookup: 8, max shadow lookup: 16
current cycle = 3355361, last update cycle = 0, delta = 3355361
	load umon |	misses = 7571, hits= 192 13 26 20 7 0 21 3 702 73 99 87 41 0 8 26
	write umon |	misses = 2352, hits= 0 0 1 1 1 1 2 3 5 5 5 5 5 5 6 3
num evicts: 1800000, p: 62597, s: 332602 	 max proactive lookup: 8, max shadow lookup: 16
current cycle = 3481734, last update cycle = 0, delta = 3481734
	load umon |	misses = 7920, hits= 198 13 26 20 7 0 21 3 702 73 99 87 41 0 8 26
	write umon |	misses = 2441, hits= 0 0 1 1 1 1 2 3 5 5 5 5 5 5 6 3
num evicts: 1900000, p: 64422, s: 349795 	 max proactive lookup: 8, max shadow lookup: 16
current cycle = 3607150, last update cycle = 0, delta = 3607150
	load umon |	misses = 8242, hits= 198 14 29 21 9 0 21 3 702 73 99 87 41 0 8 26
	write umon |	misses = 2516, hits= 0 0 1 1 1 1 2 3 5 5 5 5 5 5 6 3
num evicts: 2000000, p: 66163, s: 367106 	 max proactive lookup: 8, max shadow lookup: 16
current cycle = 3732732, last update cycle = 0, delta = 3732732
	load umon |	misses = 8723, hits= 198 14 29 21 9 0 21 3 702 73 99 87 41 0 8 26
	write umon |	misses = 2610, hits= 0 0 1 1 1 1 2 3 5 5 5 5 5 5 6 3
num evicts: 2100000, p: 67849, s: 385229 	 max proactive lookup: 8, max shadow lookup: 16
current cycle = 3860513, last update cycle = 0, delta = 3860513
	load umon |	misses = 9203, hits= 199 15 29 21 9 0 23 3 704 73 99 87 41 0 8 26
	write umon |	misses = 2760, hits= 0 0 1 1 1 1 2 3 5 5 5 5 5 5 6 3
num evicts: 2200000, p: 69392, s: 402963 	 max proactive lookup: 8, max shadow lookup: 16
current cycle = 3987999, last update cycle = 0, delta = 3987999
	load umon |	misses = 9604, hits= 199 15 31 22 12 0 24 4 720 74 99 87 41 0 8 26
	write umon |	misses = 2912, hits= 0 0 1 1 1 1 2 3 5 5 5 5 5 5 6 3
num evicts: 2300000, p: 70860, s: 423607 	 max proactive lookup: 8, max shadow lookup: 16
current cycle = 4120691, last update cycle = 0, delta = 4120691
	load umon |	misses = 9926, hits= 201 15 33 24 14 0 25 5 722 77 99 87 41 0 8 26
	write umon |	misses = 2970, hits= 0 0 1 1 1 1 2 3 5 5 5 5 5 5 6 3
num evicts: 2400000, p: 72602, s: 445694 	 max proactive lookup: 8, max shadow lookup: 16
current cycle = 4254385, last update cycle = 0, delta = 4254385
	load umon |	misses = 10316, hits= 203 19 34 24 14 0 25 5 724 77 99 87 41 0 8 26
	write umon |	misses = 3080, hits= 0 0 1 1 1 1 2 3 5 5 5 5 5 5 6 3
num evicts: 2500000, p: 74301, s: 467796 	 max proactive lookup: 8, max shadow lookup: 16
current cycle = 4385976, last update cycle = 0, delta = 4385976
	load umon |	misses = 10694, hits= 203 19 34 24 18 0 29 5 730 77 99 87 41 0 8 26
	write umon |	misses = 3209, hits= 0 0 1 1 1 1 2 3 5 5 5 5 5 5 6 3
num evicts: 2600000, p: 76001, s: 490604 	 max proactive lookup: 8, max shadow lookup: 16
current cycle = 4520326, last update cycle = 0, delta = 4520326
	load umon |	misses = 11045, hits= 207 19 34 24 18 0 29 5 730 77 99 87 41 0 8 26
	write umon |	misses = 3286, hits= 0 0 1 1 1 1 2 3 5 5 5 5 5 5 6 3
Heartbeat CPU 0 instructions: 10000001 cycles: 4550473 heartbeat IPC: 2.198 cumulative IPC: 2.198 (Simulation time: 00 hr 20 min 02 sec)
Heartbeat CPU 3 instructions: 10000000 cycles: 4567751 heartbeat IPC: 2.189 cumulative IPC: 2.189 (Simulation time: 00 hr 20 min 08 sec)
Heartbeat CPU 1 instructions: 10000000 cycles: 4609590 heartbeat IPC: 2.169 cumulative IPC: 2.169 (Simulation time: 00 hr 20 min 21 sec)
Heartbeat CPU 4 instructions: 10000000 cycles: 4618568 heartbeat IPC: 2.165 cumulative IPC: 2.165 (Simulation time: 00 hr 20 min 24 sec)
Heartbeat CPU 2 instructions: 10000001 cycles: 4641803 heartbeat IPC: 2.154 cumulative IPC: 2.154 (Simulation time: 00 hr 20 min 31 sec)
Heartbeat CPU 5 instructions: 10000003 cycles: 4644985 heartbeat IPC: 2.153 cumulative IPC: 2.153 (Simulation time: 00 hr 20 min 32 sec)
num evicts: 2700000, p: 77769, s: 513217 	 max proactive lookup: 8, max shadow lookup: 16
current cycle = 4654592, last update cycle = 0, delta = 4654592
	load umon |	misses = 11374, hits= 218 21 34 24 19 0 29 5 732 77 100 87 41 0 8 26
	write umon |	misses = 3373, hits= 0 0 1 1 1 1 2 3 5 5 6 6 6 6 8 3
Heartbeat CPU 6 instructions: 10000003 cycles: 4657129 heartbeat IPC: 2.147 cumulative IPC: 2.147 (Simulation time: 00 hr 20 min 36 sec)
Heartbeat CPU 7 instructions: 10000000 cycles: 4658618 heartbeat IPC: 2.147 cumulative IPC: 2.147 (Simulation time: 00 hr 20 min 36 sec)
num evicts: 2800000, p: 79820, s: 536878 	 max proactive lookup: 8, max shadow lookup: 16
current cycle = 4788656, last update cycle = 0, delta = 4788656
	load umon |	misses = 11768, hits= 226 23 36 25 23 0 32 7 736 77 101 87 41 0 8 26
	write umon |	misses = 3469, hits= 0 0 1 1 1 1 2 4 5 5 6 6 7 6 9 3
num evicts: 2900000, p: 81809, s: 561171 	 max proactive lookup: 8, max shadow lookup: 16
current cycle = 4924087, last update cycle = 0, delta = 4924087
	load umon |	misses = 12206, hits= 226 25 39 27 24 2 32 7 736 77 101 87 41 0 8 26
	write umon |	misses = 3599, hits= 0 1 1 2 2 3 2 5 5 5 6 6 7 6 9 3
num evicts: 3000000, p: 83710, s: 586393 	 max proactive lookup: 8, max shadow lookup: 16
current cycle = 5061615, last update cycle = 5000002, delta = 61613
	load umon |	misses = 6362, hits= 113 12 20 13 12 1 16 4 368 39 50 43 20 0 5 13
	write umon |	misses = 1883, hits= 0 0 0 1 1 1 1 2 3 2 3 3 3 3 4 1
num evicts: 3100000, p: 85669, s: 611938 	 max proactive lookup: 8, max shadow lookup: 16
current cycle = 5198790, last update cycle = 5000002, delta = 198788
	load umon |	misses = 6714, hits= 115 12 20 17 14 2 17 5 368 39 50 43 20 0 11 13
	write umon |	misses = 2009, hits= 0 0 0 1 1 1 1 2 3 2 3 3 3 3 4 1
num evicts: 3200000, p: 87653, s: 637367 	 max proactive lookup: 8, max shadow lookup: 16
current cycle = 5336082, last update cycle = 5000002, delta = 336080
	load umon |	misses = 7127, hits= 119 13 22 17 17 3 18 10 371 40 51 43 20 0 11 13
	write umon |	misses = 2177, hits= 0 0 0 1 1 1 1 4 3 4 3 4 3 3 4 1
num evicts: 3300000, p: 89654, s: 663025 	 max proactive lookup: 8, max shadow lookup: 16
current cycle = 5473328, last update cycle = 5000002, delta = 473326
	load umon |	misses = 7604, hits= 121 14 27 20 22 5 23 13 373 40 51 43 20 0 11 13
	write umon |	misses = 2332, hits= 0 0 0 1 1 1 1 4 3 4 3 4 6 4 5 2
num evicts: 3400000, p: 91615, s: 688850 	 max proactive lookup: 8, max shadow lookup: 16
current cycle = 5610250, last update cycle = 5000002, delta = 610248
	load umon |	misses = 7952, hits= 123 14 29 22 22 6 23 17 376 40 51 43 20 0 11 13
	write umon |	misses = 2445, hits= 0 0 0 1 1 1 1 4 3 4 3 4 6 4 5 2
num evicts: 3500000, p: 93698, s: 714017 	 max proactive lookup: 8, max shadow lookup: 16
current cycle = 5745593, last update cycle = 5000002, delta = 745591
	load umon |	misses = 8347, hits= 123 16 30 22 22 7 23 17 381 40 51 43 20 0 11 13
	write umon |	misses = 2569, hits= 0 0 0 1 1 1 1 4 3 4 3 4 6 4 5 2
num evicts: 3600000, p: 95754, s: 739310 	 max proactive lookup: 8, max shadow lookup: 16
current cycle = 5881844, last update cycle = 5000002, delta = 881842
	load umon |	misses = 8678, hits= 128 17 31 22 22 7 23 17 381 40 51 43 20 0 11 13
	write umon |	misses = 2685, hits= 0 0 0 1 1 1 1 4 3 4 3 4 6 4 5 2
num evicts: 3700000, p: 97864, s: 765110 	 max proactive lookup: 8, max shadow lookup: 16
current cycle = 6017703, last update cycle = 5000002, delta = 1017701
	load umon |	misses = 9092, hits= 135 18 33 23 23 8 24 21 385 40 51 43 20 0 12 13
	write umon |	misses = 2817, hits= 0 0 0 1 1 1 1 4 3 4 3 4 6 4 5 3
num evicts: 3800000, p: 99770, s: 790506 	 max proactive lookup: 8, max shadow lookup: 16
current cycle = 6154246, last update cycle = 5000002, delta = 1154244
	load umon |	misses = 9433, hits= 140 18 35 24 26 8 25 22 398 40 51 44 20 0 12 13
	write umon |	misses = 2920, hits= 0 0 0 1 1 1 1 4 3 4 3 4 6 4 5 3
num evicts: 3900000, p: 101763, s: 816297 	 max proactive lookup: 8, max shadow lookup: 16
current cycle = 6292301, last update cycle = 5000002, delta = 1292299
	load umon |	misses = 9685, hits= 141 19 35 24 27 9 26 25 401 43 52 44 20 0 12 13
	write umon |	misses = 3008, hits= 0 0 0 1 1 1 1 4 3 4 3 4 7 5 6 4
num evicts: 4000000, p: 103745, s: 842430 	 max proactive lookup: 8, max shadow lookup: 16
current cycle = 6428829, last update cycle = 5000002, delta = 1428827
	load umon |	misses = 9975, hits= 144 20 39 24 27 9 26 25 401 43 52 44 20 0 12 13
	write umon |	misses = 3095, hits= 0 0 0 1 1 1 1 4 3 4 3 4 7 5 6 4
num evicts: 4100000, p: 105759, s: 867913 	 max proactive lookup: 8, max shadow lookup: 16
current cycle = 6564135, last update cycle = 5000002, delta = 1564133
	load umon |	misses = 10288, hits= 146 25 39 24 27 9 27 25 401 43 52 44 20 0 12 13
	write umon |	misses = 3173, hits= 0 0 0 1 1 1 1 4 3 4 3 5 8 7 6 4
num evicts: 4200000, p: 107762, s: 893446 	 max proactive lookup: 8, max shadow lookup: 16
current cycle = 6699515, last update cycle = 5000002, delta = 1699513
	load umon |	misses = 10694, hits= 146 25 41 24 27 9 27 26 407 43 52 44 21 0 13 13
	write umon |	misses = 3327, hits= 0 0 0 1 1 1 1 4 3 4 3 5 8 8 6 4
num evicts: 4300000, p: 109817, s: 919232 	 max proactive lookup: 8, max shadow lookup: 16
current cycle = 6834938, last update cycle = 5000002, delta = 1834936
	load umon |	misses = 11157, hits= 146 25 41 24 27 9 27 26 412 45 52 44 22 0 13 13
	write umon |	misses = 3486, hits= 0 0 0 1 1 1 1 4 3 4 4 7 9 9 7 5
num evicts: 4400000, p: 111806, s: 944579 	 max proactive lookup: 8, max shadow lookup: 16
current cycle = 6970764, last update cycle = 5000002, delta = 1970762
	load umon |	misses = 11550, hits= 146 25 41 24 27 9 27 26 414 49 52 44 22 0 13 13
	write umon |	misses = 3653, hits= 0 0 0 1 1 1 1 4 3 4 6 8 9 9 8 5
num evicts: 4500000, p: 113798, s: 969717 	 max proactive lookup: 8, max shadow lookup: 16
current cycle = 7107317, last update cycle = 5000002, delta = 2107315
	load umon |	misses = 11844, hits= 149 25 41 24 27 9 28 26 414 49 52 44 22 0 14 13
	write umon |	misses = 3783, hits= 0 0 0 1 1 1 1 4 3 4 6 8 10 10 9 6
num evicts: 4600000, p: 116035, s: 995688 	 max proactive lookup: 9, max shadow lookup: 16
current cycle = 7243114, last update cycle = 5000002, delta = 2243112
	load umon |	misses = 12213, hits= 149 27 42 25 27 10 29 28 415 50 52 45 23 0 14 13
	write umon |	misses = 3884, hits= 0 0 0 1 1 1 1 4 3 4 6 8 10 10 9 6
num evicts: 4700000, p: 118170, s: 1022071 	 max proactive lookup: 9, max shadow lookup: 16
current cycle = 7378284, last update cycle = 5000002, delta = 2378282
	load umon |	misses = 12531, hits= 149 27 42 27 28 12 31 33 416 51 55 45 23 0 14 13
	write umon |	misses = 3991, hits= 0 0 0 1 2 1 1 4 3 5 7 9 10 10 9 6
num evicts: 4800000, p: 120327, s: 1048043 	 max proactive lookup: 9, max shadow lookup: 16
current cycle = 7515254, last update cycle = 5000002, delta = 2515252
	load umon |	misses = 12859, hits= 152 27 43 27 30 12 32 34 419 51 55 45 23 1 15 13
	write umon |	misses = 4101, hits= 0 0 0 1 2 1 1 4 3 5 7 9 11 11 10 7
num evicts: 4900000, p: 122478, s: 1074125 	 max proactive lookup: 9, max shadow lookup: 16
current cycle = 7652698, last update cycle = 5000002, delta = 2652696
	load umon |	misses = 13150, hits= 152 27 43 27 30 12 32 34 420 52 60 45 23 1 15 13
	write umon |	misses = 4202, hits= 0 0 0 1 2 1 1 4 3 5 7 9 11 11 10 7
num evicts: 5000000, p: 124758, s: 1100061 	 max proactive lookup: 10, max shadow lookup: 16
current cycle = 7789169, last update cycle = 5000002, delta = 2789167
	load umon |	misses = 13498, hits= 152 28 43 27 30 12 32 34 426 52 60 45 23 1 15 13
	write umon |	misses = 4301, hits= 0 0 0 1 2 1 1 4 3 5 7 9 11 11 10 7
num evicts: 5100000, p: 127119, s: 1125886 	 max proactive lookup: 10, max shadow lookup: 16
current cycle = 7925277, last update cycle = 5000002, delta = 2925275
	load umon |	misses = 13832, hits= 152 28 47 27 30 12 32 34 427 52 60 45 23 1 15 13
	write umon |	misses = 4425, hits= 0 0 0 1 2 1 1 4 3 5 7 9 11 11 10 7
num evicts: 5200000, p: 129369, s: 1151813 	 max proactive lookup: 10, max shadow lookup: 16
current cycle = 8060574, last update cycle = 5000002, delta = 3060572
	load umon |	misses = 14198, hits= 153 28 47 27 30 12 32 34 427 52 60 45 23 1 15 13
	write umon |	misses = 4514, hits= 0 0 0 1 2 1 1 4 3 5 7 9 11 11 10 7
num evicts: 5300000, p: 131676, s: 1177369 	 max proactive lookup: 11, max shadow lookup: 16
current cycle = 8197022, last update cycle = 5000002, delta = 3197020
	load umon |	misses = 14516, hits= 155 28 48 28 30 12 32 34 427 52 60 45 23 1 15 13
	write umon |	misses = 4633, hits= 0 0 0 1 2 1 1 4 3 5 7 9 11 11 10 7
num evicts: 5400000, p: 133883, s: 1202903 	 max proactive lookup: 11, max shadow lookup: 16
current cycle = 8333443, last update cycle = 5000002, delta = 3333441
	load umon |	misses = 14967, hits= 155 29 49 29 32 12 32 34 427 52 60 45 23 1 15 13
	write umon |	misses = 4810, hits= 0 0 0 1 2 1 1 4 3 5 7 9 11 11 10 7
num evicts: 5500000, p: 136194, s: 1228560 	 max proactive lookup: 12, max shadow lookup: 16
current cycle = 8469859, last update cycle = 5000002, delta = 3469857
	load umon |	misses = 15423, hits= 158 29 49 29 32 12 34 34 427 52 60 45 24 1 15 13
	write umon |	misses = 4962, hits= 0 0 0 1 2 1 1 4 3 5 7 9 11 11 10 7
num evicts: 5600000, p: 138434, s: 1253779 	 max proactive lookup: 12, max shadow lookup: 16
current cycle = 8605989, last update cycle = 5000002, delta = 3605987
	load umon |	misses = 15796, hits= 168 29 50 30 32 12 34 34 428 52 60 45 24 1 15 13
	write umon |	misses = 5069, hits= 0 0 0 1 2 1 1 4 3 5 7 9 11 11 10 7
num evicts: 5700000, p: 140707, s: 1279532 	 max proactive lookup: 14, max shadow lookup: 16
current cycle = 8742324, last update cycle = 5000002, delta = 3742322
	load umon |	misses = 16184, hits= 168 29 51 30 32 12 35 34 430 52 60 45 24 1 16 13
	write umon |	misses = 5180, hits= 0 0 0 1 2 1 1 4 3 5 7 9 11 11 10 7
num evicts: 5800000, p: 143282, s: 1305820 	 max proactive lookup: 15, max shadow lookup: 16
current cycle = 8878984, last update cycle = 5000002, delta = 3878982
	load umon |	misses = 16579, hits= 170 30 51 31 33 12 35 34 436 52 62 46 25 1 17 13
	write umon |	misses = 5304, hits= 0 0 0 1 2 1 1 4 3 5 7 9 11 11 10 7
num evicts: 5900000, p: 145721, s: 1331781 	 max proactive lookup: 16, max shadow lookup: 16
current cycle = 9014419, last update cycle = 5000002, delta = 4014417
	load umon |	misses = 16961, hits= 170 32 51 31 33 12 37 34 438 52 62 47 26 1 17 13
	write umon |	misses = 5443, hits= 0 0 0 1 2 1 1 4 3 5 7 9 11 11 10 7
num evicts: 6000000, p: 147820, s: 1356945 	 max proactive lookup: 16, max shadow lookup: 16
current cycle = 9149401, last update cycle = 5000002, delta = 4149399
	load umon |	misses = 17320, hits= 170 33 53 32 34 13 39 35 438 52 62 47 26 1 17 13
	write umon |	misses = 5578, hits= 0 0 0 1 2 1 1 4 3 5 7 9 11 11 10 7
num evicts: 6100000, p: 149963, s: 1381490 	 max proactive lookup: 16, max shadow lookup: 16
current cycle = 9283617, last update cycle = 5000002, delta = 4283615
	load umon |	misses = 17701, hits= 175 33 54 32 35 14 39 36 439 52 62 47 26 1 17 13
	write umon |	misses = 5722, hits= 0 0 1 1 2 1 1 4 3 6 7 9 12 11 10 7
num evicts: 6200000, p: 152178, s: 1406902 	 max proactive lookup: 16, max shadow lookup: 16
current cycle = 9418990, last update cycle = 5000002, delta = 4418988
	load umon |	misses = 18121, hits= 179 34 57 35 42 16 44 39 441 52 62 47 26 1 17 13
	write umon |	misses = 5871, hits= 0 0 1 1 3 2 2 4 3 6 7 9 12 11 10 7
num evicts: 6300000, p: 154395, s: 1432841 	 max proactive lookup: 16, max shadow lookup: 16
current cycle = 9554464, last update cycle = 5000002, delta = 4554462
	load umon |	misses = 18533, hits= 190 34 57 35 43 17 56 43 442 52 62 47 26 1 17 13
	write umon |	misses = 6035, hits= 0 0 1 1 3 2 2 4 3 6 7 11 13 12 12 7
Heartbeat CPU 0 instructions: 20000003 cycles: 9576636 heartbeat IPC: 1.99 cumulative IPC: 2.088 (Simulation time: 00 hr 44 min 16 sec)
Heartbeat CPU 3 instructions: 20000003 cycles: 9618817 heartbeat IPC: 1.98 cumulative IPC: 2.079 (Simulation time: 00 hr 44 min 28 sec)
Heartbeat CPU 1 instructions: 20000003 cycles: 9667614 heartbeat IPC: 1.977 cumulative IPC: 2.069 (Simulation time: 00 hr 44 min 42 sec)
Heartbeat CPU 4 instructions: 20000003 cycles: 9684058 heartbeat IPC: 1.974 cumulative IPC: 2.065 (Simulation time: 00 hr 44 min 46 sec)
num evicts: 6400000, p: 156691, s: 1459193 	 max proactive lookup: 16, max shadow lookup: 16
current cycle = 9689863, last update cycle = 5000002, delta = 4689861
	load umon |	misses = 19008, hits= 196 34 58 35 47 17 57 43 446 54 62 47 26 1 18 13
	write umon |	misses = 6225, hits= 0 0 1 1 3 2 2 4 3 6 8 11 14 13 12 7
Heartbeat CPU 2 instructions: 20000003 cycles: 9703112 heartbeat IPC: 1.976 cumulative IPC: 2.061 (Simulation time: 00 hr 44 min 52 sec)
Heartbeat CPU 5 instructions: 20000003 cycles: 9707643 heartbeat IPC: 1.975 cumulative IPC: 2.06 (Simulation time: 00 hr 44 min 53 sec)
Heartbeat CPU 6 instructions: 20000003 cycles: 9722235 heartbeat IPC: 1.974 cumulative IPC: 2.057 (Simulation time: 00 hr 44 min 57 sec)
Heartbeat CPU 7 instructions: 20000003 cycles: 9729780 heartbeat IPC: 1.972 cumulative IPC: 2.056 (Simulation time: 00 hr 44 min 59 sec)
num evicts: 6500000, p: 159109, s: 1485092 	 max proactive lookup: 16, max shadow lookup: 16
current cycle = 9826146, last update cycle = 5000002, delta = 4826144
	load umon |	misses = 19388, hits= 196 35 59 35 47 18 57 45 446 58 65 47 27 1 18 13
	write umon |	misses = 6357, hits= 0 0 1 1 3 2 2 4 5 8 11 14 17 14 12 7
num evicts: 6600000, p: 161504, s: 1510942 	 max proactive lookup: 16, max shadow lookup: 16
current cycle = 9962839, last update cycle = 5000002, delta = 4962837
	load umon |	misses = 19713, hits= 197 35 59 35 47 18 57 45 446 58 66 47 27 1 18 13
	write umon |	misses = 6458, hits= 0 0 1 1 3 2 2 4 6 12 12 15 17 15 13 8
num evicts: 6700000, p: 163826, s: 1536056 	 max proactive lookup: 16, max shadow lookup: 16
current cycle = 10099751, last update cycle = 10000002, delta = 99749
	load umon |	misses = 10183, hits= 98 17 29 17 23 9 28 22 223 29 33 23 13 0 9 6
	write umon |	misses = 3312, hits= 0 0 0 0 1 1 1 2 3 6 6 7 8 7 6 4
num evicts: 6800000, p: 166209, s: 1562395 	 max proactive lookup: 16, max shadow lookup: 16
current cycle = 10235497, last update cycle = 10000002, delta = 235495
	load umon |	misses = 10554, hits= 98 17 31 17 23 9 29 22 227 29 34 23 13 0 9 6
	write umon |	misses = 3421, hits= 0 0 0 0 1 1 1 2 3 6 6 7 8 7 6 4
num evicts: 6900000, p: 168801, s: 1588379 	 max proactive lookup: 16, max shadow lookup: 16
current cycle = 10371466, last update cycle = 10000002, delta = 371464
	load umon |	misses = 10964, hits= 98 17 32 17 23 11 30 24 228 31 34 23 13 1 9 6
	write umon |	misses = 3587, hits= 0 0 0 0 1 1 1 2 3 6 6 7 8 7 6 4
num evicts: 7000000, p: 171223, s: 1614660 	 max proactive lookup: 16, max shadow lookup: 16
current cycle = 10508388, last update cycle = 10000002, delta = 508386
	load umon |	misses = 11353, hits= 98 17 32 17 23 12 32 27 231 31 35 24 13 1 9 6
	write umon |	misses = 3721, hits= 0 0 0 0 1 1 1 2 3 6 6 7 8 7 6 4
num evicts: 7100000, p: 173436, s: 1640495 	 max proactive lookup: 16, max shadow lookup: 16
current cycle = 10644213, last update cycle = 10000002, delta = 644211
	load umon |	misses = 11784, hits= 98 18 34 17 23 14 33 28 233 33 35 24 13 1 9 6
	write umon |	misses = 3876, hits= 0 0 0 0 1 1 1 2 3 6 6 7 8 7 6 4
num evicts: 7200000, p: 175694, s: 1666781 	 max proactive lookup: 16, max shadow lookup: 16
current cycle = 10798107, last update cycle = 10000002, delta = 798105
	load umon |	misses = 12203, hits= 99 19 35 18 23 14 34 29 234 33 35 24 13 1 9 6
	write umon |	misses = 4025, hits= 0 0 0 0 1 1 1 2 3 6 6 7 8 7 6 4
num evicts: 7300000, p: 178309, s: 1693507 	 max proactive lookup: 16, max shadow lookup: 16
current cycle = 10935815, last update cycle = 10000002, delta = 935813
	load umon |	misses = 12594, hits= 103 20 35 20 23 14 34 30 234 33 35 24 13 1 9 6
	write umon |	misses = 4174, hits= 0 0 0 0 1 1 1 2 3 6 6 7 9 8 9 5
num evicts: 7400000, p: 180761, s: 1719889 	 max proactive lookup: 16, max shadow lookup: 16
current cycle = 11072382, last update cycle = 10000002, delta = 1072380
	load umon |	misses = 13001, hits= 109 27 35 20 23 14 34 30 234 34 35 24 13 1 9 6
	write umon |	misses = 4316, hits= 0 0 0 0 1 1 1 2 4 8 6 7 10 8 9 5
num evicts: 7500000, p: 183192, s: 1747013 	 max proactive lookup: 16, max shadow lookup: 16
current cycle = 11209075, last update cycle = 10000002, delta = 1209073
	load umon |	misses = 13386, hits= 110 27 35 20 23 15 35 33 236 34 35 24 13 1 9 6
	write umon |	misses = 4457, hits= 0 0 0 0 4 2 1 2 4 8 6 7 10 8 9 5
num evicts: 7600000, p: 185339, s: 1771416 	 max proactive lookup: 16, max shadow lookup: 16
current cycle = 11358970, last update cycle = 10000002, delta = 1358968
	load umon |	misses = 13792, hits= 110 27 35 20 25 16 35 35 236 34 35 24 13 1 9 6
	write umon |	misses = 4566, hits= 0 0 0 0 4 3 1 2 4 8 6 7 10 8 9 5
Warmup finished CPU 0 instructions: 25000000 cycles: 11416869 cumulative IPC: 2.19 (Simulation time: 00 hr 52 min 56 sec)
Warmup finished CPU 1 instructions: 25000001 cycles: 11516289 cumulative IPC: 2.171 (Simulation time: 00 hr 53 min 23 sec)
Warmup finished CPU 3 instructions: 25000002 cycles: 11557167 cumulative IPC: 2.163 (Simulation time: 00 hr 53 min 34 sec)
Warmup finished CPU 2 instructions: 25000002 cycles: 11574731 cumulative IPC: 2.16 (Simulation time: 00 hr 53 min 39 sec)
num evicts: 7700000, p: 187323, s: 1796914 	 max proactive lookup: 16, max shadow lookup: 16
current cycle = 11587516, last update cycle = 10000002, delta = 1587514
	load umon |	misses = 14165, hits= 110 27 35 20 25 16 35 35 236 34 35 24 14 1 9 6
	write umon |	misses = 4682, hits= 0 0 0 0 4 3 1 2 4 8 6 7 10 8 9 5
Warmup finished CPU 4 instructions: 25000001 cycles: 11601733 cumulative IPC: 2.155 (Simulation time: 00 hr 53 min 47 sec)
Warmup finished CPU 5 instructions: 25000001 cycles: 11620249 cumulative IPC: 2.151 (Simulation time: 00 hr 53 min 52 sec)
Warmup finished CPU 6 instructions: 25000003 cycles: 11636834 cumulative IPC: 2.148 (Simulation time: 00 hr 53 min 57 sec)
Warmup finished CPU 7 instructions: 25000002 cycles: 11648472 cumulative IPC: 2.146 (Simulation time: 00 hr 54 min 00 sec)
Warmup complete CPU 7 instructions: 25000002 cycles: 11648472 cumulative IPC: 2.146 (Simulation time: 00 hr 54 min 00 sec)
Warmup complete CPU 6 instructions: 25032633 cycles: 11648472 cumulative IPC: 2.149 (Simulation time: 00 hr 54 min 00 sec)
Warmup complete CPU 5 instructions: 25068216 cycles: 11648472 cumulative IPC: 2.152 (Simulation time: 00 hr 54 min 00 sec)
Warmup complete CPU 4 instructions: 25107962 cycles: 11648472 cumulative IPC: 2.155 (Simulation time: 00 hr 54 min 00 sec)
Warmup complete CPU 3 instructions: 25226753 cycles: 11648472 cumulative IPC: 2.166 (Simulation time: 00 hr 54 min 00 sec)
Warmup complete CPU 2 instructions: 25177061 cycles: 11648472 cumulative IPC: 2.161 (Simulation time: 00 hr 54 min 00 sec)
Warmup complete CPU 1 instructions: 25470486 cycles: 11648472 cumulative IPC: 2.187 (Simulation time: 00 hr 54 min 00 sec)
Warmup complete CPU 0 instructions: 25916674 cycles: 11648472 cumulative IPC: 2.225 (Simulation time: 00 hr 54 min 00 sec)
num evicts: 7800000, p: 189902, s: 1826657 	 max proactive lookup: 16, max shadow lookup: 16
current cycle = 12337400, last update cycle = 10000002, delta = 2337398
	load umon |	misses = 14563, hits= 110 27 35 21 25 16 35 36 236 35 35 24 16 1 9 6
	write umon |	misses = 4833, hits= 0 0 0 0 4 3 1 2 4 8 6 7 10 8 9 5
num evicts: 7900000, p: 192296, s: 1855251 	 max proactive lookup: 16, max shadow lookup: 16
current cycle = 13578346, last update cycle = 10000002, delta = 3578344
	load umon |	misses = 14997, hits= 110 28 36 21 26 16 35 36 236 35 35 24 16 1 9 6
	write umon |	misses = 5002, hits= 0 0 0 0 4 3 1 2 4 8 6 7 10 8 9 5
num evicts: 8000000, p: 194345, s: 1883224 	 max proactive lookup: 16, max shadow lookup: 16
current cycle = 14818223, last update cycle = 10000002, delta = 4818221
	load umon |	misses = 15456, hits= 112 33 36 23 27 16 35 36 236 35 35 24 16 1 9 6
	write umon |	misses = 5184, hits= 0 0 0 0 4 3 1 2 4 8 6 7 10 8 9 5
num evicts: 8100000, p: 196406, s: 1911412 	 max proactive lookup: 16, max shadow lookup: 16
current cycle = 16061875, last update cycle = 15000011, delta = 1061864
	load umon |	misses = 8091, hits= 56 16 18 13 15 8 17 18 118 17 18 12 8 0 4 3
	write umon |	misses = 2739, hits= 0 0 0 0 2 1 0 1 2 4 3 3 5 4 4 2
num evicts: 8200000, p: 198296, s: 1938885 	 max proactive lookup: 16, max shadow lookup: 16
current cycle = 17324112, last update cycle = 15000011, delta = 2324101
	load umon |	misses = 8530, hits= 56 16 18 13 15 8 17 18 118 17 18 12 8 0 4 3
	write umon |	misses = 2895, hits= 0 0 0 0 2 1 0 1 2 4 3 3 5 4 4 2
num evicts: 8300000, p: 200207, s: 1965824 	 max proactive lookup: 16, max shadow lookup: 16
current cycle = 18570160, last update cycle = 15000011, delta = 3570149
	load umon |	misses = 8948, hits= 56 16 18 15 15 9 18 18 118 18 19 12 9 0 4 3
	write umon |	misses = 3030, hits= 0 0 0 0 2 1 0 1 2 4 3 3 5 4 4 2
num evicts: 8400000, p: 202043, s: 1993146 	 max proactive lookup: 16, max shadow lookup: 16
current cycle = 19825643, last update cycle = 15000011, delta = 4825632
	load umon |	misses = 9328, hits= 56 16 20 19 17 10 18 22 118 18 21 13 9 0 4 4
	write umon |	misses = 3169, hits= 0 0 0 0 2 1 0 2 2 4 3 3 5 4 4 2
num evicts: 8500000, p: 203874, s: 2019878 	 max proactive lookup: 16, max shadow lookup: 16
current cycle = 21103131, last update cycle = 20000022, delta = 1103109
	load umon |	misses = 5068, hits= 28 8 10 11 9 6 11 12 61 9 10 7 4 1 2 2
	write umon |	misses = 1713, hits= 0 0 0 0 1 0 0 1 1 2 1 1 3 2 2 1
num evicts: 8600000, p: 205572, s: 2046470 	 max proactive lookup: 16, max shadow lookup: 16
current cycle = 22331727, last update cycle = 20000022, delta = 2331705
	load umon |	misses = 5473, hits= 31 8 10 12 10 10 14 13 61 11 10 7 4 1 2 2
	write umon |	misses = 1849, hits= 0 0 0 0 1 1 0 1 1 2 1 1 3 2 2 1
num evicts: 8700000, p: 207383, s: 2072054 	 max proactive lookup: 16, max shadow lookup: 16
current cycle = 23593230, last update cycle = 20000022, delta = 3593208
	load umon |	misses = 5857, hits= 32 9 12 13 12 12 15 15 63 11 10 8 4 1 2 2
	write umon |	misses = 1974, hits= 0 0 0 0 1 1 0 1 3 4 1 1 4 3 2 1
num evicts: 8800000, p: 209075, s: 2097911 	 max proactive lookup: 16, max shadow lookup: 16
current cycle = 24855687, last update cycle = 20000022, delta = 4855665
	load umon |	misses = 6262, hits= 36 14 15 14 12 13 15 15 64 12 10 8 4 1 2 2
	write umon |	misses = 2125, hits= 0 0 0 2 2 1 0 2 3 4 1 1 5 3 4 1
num evicts: 8900000, p: 210628, s: 2122588 	 max proactive lookup: 16, max shadow lookup: 16
current cycle = 26086165, last update cycle = 25000027, delta = 1086138
	load umon |	misses = 3471, hits= 19 9 12 7 6 7 7 11 33 6 5 5 2 0 1 1
	write umon |	misses = 1170, hits= 0 0 0 1 1 0 0 1 1 2 0 2 7 5 2 0
Heartbeat CPU 0 instructions: 30000007 cycles: 26529475 heartbeat IPC: 0.5899 cumulative IPC: 0.2744 (Simulation time: 01 hr 21 min 17 sec)
num evicts: 9000000, p: 212123, s: 2146670 	 max proactive lookup: 16, max shadow lookup: 16
current cycle = 27315294, last update cycle = 25000027, delta = 2315267
	load umon |	misses = 3859, hits= 19 12 14 9 7 7 7 14 34 9 5 5 2 0 1 1
	write umon |	misses = 1254, hits= 0 0 0 1 1 0 0 1 1 2 1 2 9 6 2 0
Heartbeat CPU 1 instructions: 30000007 cycles: 28329134 heartbeat IPC: 0.5359 cumulative IPC: 0.2715 (Simulation time: 01 hr 24 min 38 sec)
num evicts: 9100000, p: 213695, s: 2171414 	 max proactive lookup: 16, max shadow lookup: 16
current cycle = 28573254, last update cycle = 25000027, delta = 3573227
	load umon |	misses = 4329, hits= 20 13 16 9 7 9 9 15 36 9 5 5 2 0 1 1
	write umon |	misses = 1376, hits= 0 0 0 1 1 0 0 1 1 4 1 3 10 6 2 0
Heartbeat CPU 3 instructions: 30000007 cycles: 29355366 heartbeat IPC: 0.5067 cumulative IPC: 0.2696 (Simulation time: 01 hr 26 min 33 sec)
Heartbeat CPU 2 instructions: 30000007 cycles: 29482314 heartbeat IPC: 0.5056 cumulative IPC: 0.2704 (Simulation time: 01 hr 26 min 48 sec)
Heartbeat CPU 4 instructions: 30000007 cycles: 29790074 heartbeat IPC: 0.4974 cumulative IPC: 0.2697 (Simulation time: 01 hr 27 min 22 sec)
num evicts: 9200000, p: 215157, s: 2196346 	 max proactive lookup: 16, max shadow lookup: 16
current cycle = 29839550, last update cycle = 25000027, delta = 4839523
	load umon |	misses = 4731, hits= 20 13 16 10 7 9 9 15 36 9 6 5 3 0 1 1
	write umon |	misses = 1510, hits= 0 0 0 1 1 0 0 1 1 4 1 4 10 6 2 0
Heartbeat CPU 5 instructions: 30000007 cycles: 29883863 heartbeat IPC: 0.4956 cumulative IPC: 0.2705 (Simulation time: 01 hr 27 min 33 sec)
Heartbeat CPU 6 instructions: 30000007 cycles: 30071126 heartbeat IPC: 0.4914 cumulative IPC: 0.2696 (Simulation time: 01 hr 27 min 54 sec)
Heartbeat CPU 7 instructions: 30000007 cycles: 30121802 heartbeat IPC: 0.4904 cumulative IPC: 0.2707 (Simulation time: 01 hr 28 min 00 sec)
num evicts: 9300000, p: 216499, s: 2220296 	 max proactive lookup: 16, max shadow lookup: 16
current cycle = 31104743, last update cycle = 30000041, delta = 1104702
	load umon |	misses = 2773, hits= 12 7 10 5 3 5 5 8 18 4 3 3 1 1 0 0
	write umon |	misses = 901, hits= 0 0 0 0 0 0 0 0 0 2 1 2 5 3 1 0
num evicts: 9400000, p: 217892, s: 2244087 	 max proactive lookup: 16, max shadow lookup: 16
current cycle = 32399571, last update cycle = 30000041, delta = 2399530
	load umon |	misses = 3196, hits= 12 8 12 8 4 10 7 8 18 4 3 3 2 1 0 0
	write umon |	misses = 1057, hits= 0 0 0 0 0 0 2 1 0 2 1 2 5 3 1 0
num evicts: 9500000, p: 219419, s: 2267937 	 max proactive lookup: 16, max shadow lookup: 16
current cycle = 33691507, last update cycle = 30000041, delta = 3691466
	load umon |	misses = 3618, hits= 15 11 14 11 9 11 10 8 18 4 4 3 2 1 0 0
	write umon |	misses = 1184, hits= 0 0 0 0 3 0 3 1 0 2 1 2 5 3 1 0
num evicts: 9600000, p: 221059, s: 2291342 	 max proactive lookup: 16, max shadow lookup: 16
current cycle = 35066860, last update cycle = 35000045, delta = 66815
	load umon |	misses = 2023, hits= 9 7 8 5 4 9 6 4 9 2 2 1 1 0 0 0
	write umon |	misses = 644, hits= 0 0 0 0 1 0 1 0 1 1 0 1 2 1 0 0
num evicts: 9700000, p: 222740, s: 2315054 	 max proactive lookup: 16, max shadow lookup: 16
current cycle = 36462871, last update cycle = 35000045, delta = 1462826
	load umon |	misses = 2414, hits= 9 7 9 6 4 11 8 5 12 2 2 1 1 0 0 0
	write umon |	misses = 776, hits= 0 0 0 0 1 0 1 0 1 1 0 1 2 1 0 0
num evicts: 9800000, p: 224195, s: 2337564 	 max proactive lookup: 16, max shadow lookup: 16
current cycle = 37915202, last update cycle = 35000045, delta = 2915157
	load umon |	misses = 2809, hits= 10 7 9 6 4 16 9 6 12 2 2 1 1 0 0 0
	write umon |	misses = 878, hits= 0 0 1 0 1 0 1 1 1 1 0 1 2 1 0 0
num evicts: 9900000, p: 225333, s: 2356628 	 max proactive lookup: 16, max shadow lookup: 16
current cycle = 39932005, last update cycle = 35000045, delta = 4931960
	load umon |	misses = 3185, hits= 14 11 15 8 6 16 9 6 12 2 2 1 1 0 0 0
	write umon |	misses = 960, hits= 0 0 2 0 1 0 1 1 5 6 3 2 2 1 0 0
num evicts: 10000000, p: 226648, s: 2374508 	 max proactive lookup: 16, max shadow lookup: 16
current cycle = 42792629, last update cycle = 40000069, delta = 2792560
	load umon |	misses = 1978, hits= 7 5 7 4 3 8 4 3 6 1 1 0 0 0 0 0
	write umon |	misses = 569, hits= 0 0 1 0 0 0 0 0 2 3 2 3 1 1 1 0
num evicts: 10100000, p: 227354, s: 2388235 	 max proactive lookup: 16, max shadow lookup: 16
current cycle = 45605542, last update cycle = 45000078, delta = 605464
	load umon |	misses = 1227, hits= 3 2 3 2 1 4 2 1 3 0 0 0 0 0 0 0
	write umon |	misses = 344, hits= 0 0 0 0 0 0 0 0 1 1 1 1 0 0 0 0
num evicts: 10200000, p: 228249, s: 2403175 	 max proactive lookup: 16, max shadow lookup: 16
current cycle = 48432815, last update cycle = 45000078, delta = 3432737
	load umon |	misses = 1618, hits= 3 2 3 2 1 4 2 1 3 0 0 0 0 0 0 0
	write umon |	misses = 363, hits= 0 0 0 0 0 0 0 0 1 1 1 1 0 0 0 0
num evicts: 10300000, p: 231009, s: 2422952 	 max proactive lookup: 16, max shadow lookup: 16
current cycle = 51281059, last update cycle = 50000078, delta = 1280981
	load umon |	misses = 1090, hits= 2 1 1 1 0 2 1 0 1 0 0 0 0 0 0 0
	write umon |	misses = 181, hits= 0 0 0 0 0 0 0 0 0 0 0 0 0 0 0 0
Heartbeat CPU 0 instructions: 40000008 cycles: 51749791 heartbeat IPC: 0.3965 cumulative IPC: 0.3512 (Simulation time: 02 hr 05 min 46 sec)
num evicts: 10400000, p: 233454, s: 2445247 	 max proactive lookup: 16, max shadow lookup: 16
current cycle = 52907269, last update cycle = 50000078, delta = 2907191
	load umon |	misses = 1478, hits= 2 1 1 1 0 2 8 12 2 2 3 2 5 5 1 3
	write umon |	misses = 250, hits= 0 0 0 0 0 0 0 0 0 0 0 0 0 0 0 1
Heartbeat CPU 1 instructions: 40000008 cycles: 53509818 heartbeat IPC: 0.3971 cumulative IPC: 0.3471 (Simulation time: 02 hr 08 min 31 sec)
num evicts: 10500000, p: 235347, s: 2474401 	 max proactive lookup: 16, max shadow lookup: 16
current cycle = 54176548, last update cycle = 50000078, delta = 4176470
	load umon |	misses = 1802, hits= 9 7 4 2 3 5 9 13 5 3 5 5 9 7 5 7
	write umon |	misses = 349, hits= 0 0 0 0 0 0 0 0 0 0 0 0 2 0 1 5
Heartbeat CPU 3 instructions: 40000008 cycles: 54824014 heartbeat IPC: 0.3926 cumulative IPC: 0.3422 (Simulation time: 02 hr 10 min 25 sec)
Heartbeat CPU 2 instructions: 40000008 cycles: 55060167 heartbeat IPC: 0.391 cumulative IPC: 0.3415 (Simulation time: 02 hr 10 min 45 sec)
num evicts: 10600000, p: 237404, s: 2507864 	 max proactive lookup: 16, max shadow lookup: 16
current cycle = 55261511, last update cycle = 55000080, delta = 261431
	load umon |	misses = 1094, hits= 5 3 2 1 4 4 4 7 3 3 2 2 4 3 3 3
	write umon |	misses = 255, hits= 0 0 0 0 0 0 0 0 0 0 0 0 1 1 0 2
Heartbeat CPU 4 instructions: 40000008 cycles: 55626654 heartbeat IPC: 0.387 cumulative IPC: 0.3386 (Simulation time: 02 hr 11 min 34 sec)
Heartbeat CPU 5 instructions: 40000008 cycles: 55919460 heartbeat IPC: 0.3841 cumulative IPC: 0.3373 (Simulation time: 02 hr 11 min 58 sec)
num evicts: 10700000, p: 239711, s: 2542397 	 max proactive lookup: 16, max shadow lookup: 16
current cycle = 56344386, last update cycle = 55000080, delta = 1344306
	load umon |	misses = 1448, hits= 7 7 4 4 4 4 4 8 6 5 2 3 6 5 5 3
	write umon |	misses = 438, hits= 0 0 0 0 0 0 0 0 0 0 0 0 1 1 1 4
Heartbeat CPU 6 instructions: 40000008 cycles: 56361828 heartbeat IPC: 0.3804 cumulative IPC: 0.3347 (Simulation time: 02 hr 12 min 36 sec)
Heartbeat CPU 7 instructions: 40000009 cycles: 56535144 heartbeat IPC: 0.3786 cumulative IPC: 0.3342 (Simulation time: 02 hr 12 min 51 sec)
num evicts: 10800000, p: 241958, s: 2581649 	 max proactive lookup: 16, max shadow lookup: 16
current cycle = 57466143, last update cycle = 55000080, delta = 2466063
	load umon |	misses = 1866, hits= 10 10 8 4 5 5 5 8 8 5 3 3 7 6 6 3
	write umon |	misses = 699, hits= 0 0 0 0 0 0 0 0 0 0 0 1 2 1 3 4
num evicts: 10900000, p: 244239, s: 2624222 	 max proactive lookup: 16, max shadow lookup: 16
current cycle = 58608152, last update cycle = 55000080, delta = 3608072
	load umon |	misses = 2313, hits= 10 10 8 4 8 6 5 9 11 7 5 3 7 6 7 3
	write umon |	misses = 939, hits= 0 0 0 0 0 0 0 0 2 0 0 2 2 1 3 4
num evicts: 11000000, p: 246219, s: 2665857 	 max proactive lookup: 16, max shadow lookup: 16
current cycle = 59727423, last update cycle = 55000080, delta = 4727343
	load umon |	misses = 2723, hits= 11 10 9 5 9 7 6 11 11 8 6 3 7 6 7 3
	write umon |	misses = 1139, hits= 0 0 0 0 0 1 0 0 2 1 3 3 3 3 3 4
num evicts: 11100000, p: 248254, s: 2707192 	 max proactive lookup: 16, max shadow lookup: 16
current cycle = 60843238, last update cycle = 60000083, delta = 843155
	load umon |	misses = 1723, hits= 5 6 5 3 6 3 4 8 5 4 4 2 3 3 3 1
	write umon |	misses = 741, hits= 0 0 0 0 0 0 0 0 1 0 1 3 3 2 3 2
num evicts: 11200000, p: 250432, s: 2748427 	 max proactive lookup: 16, max shadow lookup: 16
current cycle = 61961448, last update cycle = 60000083, delta = 1961365
	load umon |	misses = 2111, hits= 5 6 6 5 9 5 6 8 6 4 6 4 3 3 4 1
	write umon |	misses = 921, hits= 0 0 0 0 0 0 0 0 1 0 2 3 3 3 4 2
num evicts: 11300000, p: 252655, s: 2789301 	 max proactive lookup: 16, max shadow lookup: 16
current cycle = 63081065, last update cycle = 60000083, delta = 3080982
	load umon |	misses = 2442, hits= 7 6 7 5 12 6 7 9 8 6 9 6 4 3 4 1
	write umon |	misses = 1088, hits= 0 0 0 0 0 0 0 0 1 0 3 5 3 7 4 2
num evicts: 11400000, p: 254790, s: 2830361 	 max proactive lookup: 16, max shadow lookup: 16
current cycle = 64193614, last update cycle = 60000083, delta = 4193531
	load umon |	misses = 2782, hits= 8 7 10 5 14 6 8 12 9 8 10 6 6 3 4 1
	write umon |	misses = 1243, hits= 0 0 0 0 0 0 0 0 2 0 3 6 6 8 5 5
num evicts: 11500000, p: 256991, s: 2871333 	 max proactive lookup: 16, max shadow lookup: 16
current cycle = 65313055, last update cycle = 65000544, delta = 312511
	load umon |	misses = 1612, hits= 5 5 6 2 7 3 5 7 5 4 7 4 4 1 2 0
	write umon |	misses = 729, hits= 0 0 0 0 0 0 0 0 2 0 3 6 3 5 2 2
num evicts: 11600000, p: 259160, s: 2912326 	 max proactive lookup: 16, max shadow lookup: 16
current cycle = 66433013, last update cycle = 65000544, delta = 1432469
	load umon |	misses = 2005, hits= 6 7 7 3 8 7 8 11 5 4 7 5 4 1 2 0
	write umon |	misses = 947, hits= 0 0 0 0 0 0 0 2 4 1 4 7 4 7 4 2
num evicts: 11700000, p: 261434, s: 2953389 	 max proactive lookup: 16, max shadow lookup: 16
current cycle = 67550581, last update cycle = 65000544, delta = 2550037
	load umon |	misses = 2351, hits= 7 8 8 3 8 9 8 16 5 6 7 6 6 2 2 0
	write umon |	misses = 1121, hits= 0 0 0 0 0 0 0 2 4 2 5 9 6 7 6 2
num evicts: 11800000, p: 263688, s: 2994452 	 max proactive lookup: 16, max shadow lookup: 16
current cycle = 68670897, last update cycle = 65000544, delta = 3670353
	load umon |	misses = 2703, hits= 10 9 9 4 9 9 10 16 6 7 9 6 7 2 3 0
	write umon |	misses = 1290, hits= 0 0 1 0 0 0 0 2 4 3 9 9 8 7 7 2
num evicts: 11900000, p: 265934, s: 3035432 	 max proactive lookup: 16, max shadow lookup: 16
current cycle = 69796496, last update cycle = 65000544, delta = 4795952
	load umon |	misses = 3050, hits= 13 10 10 4 10 10 12 17 6 7 10 7 8 2 3 0
	write umon |	misses = 1450, hits= 0 0 1 0 0 0 0 2 5 3 9 10 10 8 8 2
num evicts: 12000000, p: 268201, s: 3076481 	 max proactive lookup: 16, max shadow lookup: 16
current cycle = 70910964, last update cycle = 70000546, delta = 910418
	load umon |	misses = 1859, hits= 8 9 6 5 6 6 7 8 3 3 6 3 5 3 1 0
	write umon |	misses = 891, hits= 0 0 0 0 0 0 0 2 3 1 5 5 5 4 5 1
num evicts: 12100000, p: 270436, s: 3117266 	 max proactive lookup: 16, max shadow lookup: 16
current cycle = 72028040, last update cycle = 70000546, delta = 2027494
	load umon |	misses = 2221, hits= 8 11 7 5 6 7 8 10 4 3 7 3 6 3 1 0
	write umon |	misses = 1059, hits= 0 0 0 0 0 0 1 2 5 2 5 6 8 9 6 1
num evicts: 12200000, p: 272695, s: 3158370 	 max proactive lookup: 16, max shadow lookup: 16
current cycle = 73147307, last update cycle = 70000546, delta = 3146761
	load umon |	misses = 2651, hits= 8 12 8 6 8 8 8 10 8 3 10 3 7 3 2 0
	write umon |	misses = 1275, hits= 0 0 0 0 0 0 1 2 5 3 6 8 8 13 7 2
num evicts: 12300000, p: 275030, s: 3199239 	 max proactive lookup: 16, max shadow lookup: 16
current cycle = 74270473, last update cycle = 70000546, delta = 4269927
	load umon |	misses = 3074, hits= 9 14 9 6 8 10 9 12 9 3 10 3 7 3 2 0
	write umon |	misses = 1482, hits= 0 0 0 0 0 0 2 2 5 3 7 8 9 14 8 3
num evicts: 12400000, p: 277296, s: 3239218 	 max proactive lookup: 16, max shadow lookup: 16
current cycle = 75383220, last update cycle = 75000552, delta = 382668
	load umon |	misses = 1805, hits= 4 7 4 4 4 5 4 6 4 2 5 1 4 3 1 0
	write umon |	misses = 876, hits= 0 0 0 0 0 0 1 1 2 2 3 4 4 8 5 1
num evicts: 12500000, p: 279610, s: 3278888 	 max proactive lookup: 16, max shadow lookup: 16
current cycle = 76493264, last update cycle = 75000552, delta = 1492712
	load umon |	misses = 2208, hits= 6 8 5 4 5 8 5 6 4 3 5 3 4 3 2 0
	write umon |	misses = 1097, hits= 0 0 0 0 0 0 1 1 2 2 3 4 5 9 5 1
num evicts: 12600000, p: 281817, s: 3319060 	 max proactive lookup: 16, max shadow lookup: 16
current cycle = 77605572, last update cycle = 75000552, delta = 2605020
	load umon |	misses = 2581, hits= 6 8 5 5 6 9 6 6 6 7 7 4 4 4 2 0
	write umon |	misses = 1294, hits= 0 0 0 0 0 1 1 1 2 2 3 5 6 9 8 1
num evicts: 12700000, p: 283919, s: 3359106 	 max proactive lookup: 16, max shadow lookup: 16
current cycle = 78714908, last update cycle = 75000552, delta = 3714356
	load umon |	misses = 3001, hits= 8 9 5 5 7 12 8 8 7 7 9 6 4 4 2 0
	write umon |	misses = 1499, hits= 0 0 0 0 0 1 1 1 3 2 3 6 6 11 12 1
num evicts: 12800000, p: 285999, s: 3398682 	 max proactive lookup: 16, max shadow lookup: 16
current cycle = 79822121, last update cycle = 75000552, delta = 4821569
	load umon |	misses = 3443, hits= 8 9 7 5 10 14 9 10 9 9 9 8 4 4 2 0
	write umon |	misses = 1709, hits= 0 0 0 0 0 2 1 2 3 3 6 8 6 11 14 1
num evicts: 12900000, p: 288044, s: 3438671 	 max proactive lookup: 16, max shadow lookup: 16
current cycle = 80931207, last update cycle = 80000554, delta = 930653
	load umon |	misses = 2100, hits= 7 4 4 4 6 7 4 5 6 6 5 5 3 2 1 0
	write umon |	misses = 1049, hits= 0 0 0 0 0 1 0 2 1 3 4 4 3 5 7 0
num evicts: 13000000, p: 290123, s: 3478233 	 max proactive lookup: 16, max shadow lookup: 16
current cycle = 82035924, last update cycle = 80000554, delta = 2035370
	load umon |	misses = 2522, hits= 9 5 6 4 6 7 5 5 7 7 6 5 4 3 1 0
	write umon |	misses = 1256, hits= 0 0 0 0 0 1 0 2 2 3 4 6 4 5 7 0
num evicts: 13100000, p: 292121, s: 3517366 	 max proactive lookup: 16, max shadow lookup: 16
current cycle = 83134645, last update cycle = 80000554, delta = 3134091
	load umon |	misses = 2909, hits= 10 5 7 5 8 7 6 8 7 8 7 5 4 4 2 0
	write umon |	misses = 1433, hits= 0 0 0 0 0 1 0 2 2 3 4 6 4 6 8 0
num evicts: 13200000, p: 294091, s: 3555406 	 max proactive lookup: 16, max shadow lookup: 16
current cycle = 84225626, last update cycle = 80000554, delta = 4225072
	load umon |	misses = 3324, hits= 11 5 9 7 8 7 8 9 7 11 7 6 5 4 2 0
	write umon |	misses = 1616, hits= 0 0 0 0 0 1 0 2 2 3 4 6 4 6 9 1
num evicts: 13300000, p: 296011, s: 3592932 	 max proactive lookup: 16, max shadow lookup: 16
current cycle = 85312280, last update cycle = 85001002, delta = 311278
	load umon |	misses = 1926, hits= 5 4 5 6 5 3 7 5 4 5 4 3 2 2 1 0
	write umon |	misses = 914, hits= 0 0 0 0 0 0 0 1 1 1 2 3 2 3 6 2
num evicts: 13400000, p: 297684, s: 3626820 	 max proactive lookup: 16, max shadow lookup: 16
current cycle = 86378133, last update cycle = 85001002, delta = 1377131
	load umon |	misses = 2329, hits= 5 5 5 6 5 3 8 5 6 5 5 3 4 3 1 0
	write umon |	misses = 1083, hits= 0 0 0 0 0 0 0 1 1 1 2 3 3 3 7 2
num evicts: 13500000, p: 299132, s: 3656180 	 max proactive lookup: 16, max shadow lookup: 16
current cycle = 87400676, last update cycle = 85001002, delta = 2399674
	load umon |	misses = 2753, hits= 5 5 7 8 5 3 9 5 6 5 7 3 4 3 1 0
	write umon |	misses = 1237, hits= 0 0 0 0 0 0 0 1 1 1 2 3 3 3 7 2
num evicts: 13600000, p: 300287, s: 3683378 	 max proactive lookup: 16, max shadow lookup: 16
current cycle = 88404691, last update cycle = 85001002, delta = 3403689
	load umon |	misses = 3196, hits= 6 6 7 9 5 3 9 6 6 5 7 3 4 3 1 0
	write umon |	misses = 1377, hits= 0 0 0 0 0 0 0 1 1 1 2 3 3 3 7 2
num evicts: 13700000, p: 301154, s: 3709637 	 max proactive lookup: 16, max shadow lookup: 16
current cycle = 89390285, last update cycle = 85001002, delta = 4389283
	load umon |	misses = 3629, hits= 6 6 7 9 5 5 9 6 6 5 7 3 4 3 1 0
	write umon |	misses = 1489, hits= 0 0 0 0 0 0 0 1 1 1 2 3 3 3 7 2
num evicts: 13800000, p: 301841, s: 3736444 	 max proactive lookup: 16, max shadow lookup: 16
current cycle = 90376041, last update cycle = 90001014, delta = 375027
	load umon |	misses = 2101, hits= 3 4 4 4 3 3 5 3 3 2 3 1 2 1 0 0
	write umon |	misses = 820, hits= 0 0 0 0 0 0 0 0 0 0 1 1 1 1 3 1
num evicts: 13900000, p: 302463, s: 3764342 	 max proactive lookup: 16, max shadow lookup: 16
current cycle = 91372856, last update cycle = 90001014, delta = 1371842
	load umon |	misses = 2527, hits= 3 8 6 4 4 3 5 3 3 3 4 1 2 1 0 0
	write umon |	misses = 927, hits= 0 0 0 0 0 0 0 0 0 0 1 1 1 1 3 1
num evicts: 14000000, p: 302976, s: 3791127 	 max proactive lookup: 16, max shadow lookup: 16
current cycle = 92354819, last update cycle = 90001014, delta = 2353805
	load umon |	misses = 2912, hits= 4 8 6 6 7 4 5 3 3 3 4 1 2 1 0 0
	write umon |	misses = 1032, hits= 0 0 0 0 0 0 0 0 0 0 1 1 1 1 3 1
num evicts: 14100000, p: 303401, s: 3816780 	 max proactive lookup: 16, max shadow lookup: 16
current cycle = 93321752, last update cycle = 90001014, delta = 3320738
	load umon |	misses = 3328, hits= 4 8 6 7 7 4 5 3 3 3 5 1 2 1 0 0
	write umon |	misses = 1136, hits= 0 0 0 0 0 0 0 0 0 0 1 1 1 1 3 1
num evicts: 14200000, p: 303872, s: 3843059 	 max proactive lookup: 16, max shadow lookup: 16
current cycle = 94299981, last update cycle = 90001014, delta = 4298967
	load umon |	misses = 3735, hits= 4 8 6 8 9 4 5 3 3 3 5 1 2 1 0 0
	write umon |	misses = 1248, hits= 0 0 0 0 0 0 0 0 0 0 1 1 1 1 3 1
num evicts: 14300000, p: 304356, s: 3868934 	 max proactive lookup: 16, max shadow lookup: 16
current cycle = 95271218, last update cycle = 95001015, delta = 270203
	load umon |	misses = 2114, hits= 2 4 4 4 4 2 2 2 2 1 2 0 1 0 0 0
	write umon |	misses = 699, hits= 0 0 0 0 0 0 0 0 0 0 0 0 0 0 1 0
num evicts: 14400000, p: 304800, s: 3895469 	 max proactive lookup: 16, max shadow lookup: 16
current cycle = 96251118, last update cycle = 95001015, delta = 1250103
	load umon |	misses = 2509, hits= 2 4 4 4 4 2 2 2 2 1 2 0 1 0 1 0
	write umon |	misses = 830, hits= 0 0 0 0 0 0 0 0 0 0 0 0 0 0 1 0
num evicts: 14500000, p: 305273, s: 3923252 	 max proactive lookup: 16, max shadow lookup: 16
current cycle = 97243180, last update cycle = 95001015, delta = 2242165
	load umon |	misses = 2875, hits= 2 4 4 4 4 2 2 2 2 1 3 0 1 0 1 0
	write umon |	misses = 935, hits= 0 0 0 0 0 0 0 0 0 0 0 0 0 0 1 0
num evicts: 14600000, p: 305788, s: 3950086 	 max proactive lookup: 16, max shadow lookup: 16
current cycle = 98227492, last update cycle = 95001015, delta = 3226477
	load umon |	misses = 3232, hits= 2 4 4 4 4 2 3 3 2 1 4 2 1 0 1 0
	write umon |	misses = 1044, hits= 0 0 0 0 0 0 0 0 0 0 0 0 0 0 1 0
num evicts: 14700000, p: 306243, s: 3976789 	 max proactive lookup: 16, max shadow lookup: 16
current cycle = 99209565, last update cycle = 95001015, delta = 4208550
	load umon |	misses = 3630, hits= 3 4 4 4 5 3 3 3 2 3 4 2 3 1 1 0
	write umon |	misses = 1157, hits= 0 0 0 0 0 0 0 0 0 0 0 0 0 0 1 0
num evicts: 14800000, p: 306726, s: 4002903 	 max proactive lookup: 16, max shadow lookup: 16
current cycle = 100188060, last update cycle = 100001020, delta = 187040
	load umon |	misses = 2070, hits= 1 3 3 2 2 1 1 1 1 2 2 1 1 0 0 0
	write umon |	misses = 658, hits= 0 0 0 0 0 0 0 0 0 0 0 0 0 0 0 0
num evicts: 14900000, p: 307239, s: 4029396 	 max proactive lookup: 16, max shadow lookup: 16
current cycle = 101167086, last update cycle = 100001020, delta = 1166066
	load umon |	misses = 2476, hits= 1 3 3 2 2 1 2 3 2 2 2 1 1 0 0 0
	write umon |	misses = 771, hits= 0 0 0 0 0 0 0 0 0 0 0 0 0 0 0 0
num evicts: 15000000, p: 307711, s: 4056312 	 max proactive lookup: 16, max shadow lookup: 16
current cycle = 102150845, last update cycle = 100001020, delta = 2149825
	load umon |	misses = 2890, hits= 1 3 3 2 2 2 2 4 3 4 2 2 1 0 0 0
	write umon |	misses = 889, hits= 0 0 0 0 0 0 0 0 0 0 0 0 0 0 0 0
num evicts: 15100000, p: 308242, s: 4084264 	 max proactive lookup: 16, max shadow lookup: 16
current cycle = 103143666, last update cycle = 100001020, delta = 3142646
	load umon |	misses = 3293, hits= 1 3 3 2 3 5 2 4 3 4 2 2 1 0 0 0
	write umon |	misses = 1025, hits= 0 0 0 0 0 0 0 0 0 0 0 0 0 0 0 0
num evicts: 15200000, p: 308744, s: 4112211 	 max proactive lookup: 16, max shadow lookup: 16
current cycle = 104139448, last update cycle = 100001020, delta = 4138428
	load umon |	misses = 3684, hits= 1 3 3 3 3 5 2 4 3 4 2 2 1 0 0 0
	write umon |	misses = 1133, hits= 0 0 0 0 0 0 0 0 0 0 0 0 0 0 0 0
num evicts: 15300000, p: 309143, s: 4139866 	 max proactive lookup: 16, max shadow lookup: 16
current cycle = 105127495, last update cycle = 105001026, delta = 126469
	load umon |	misses = 2056, hits= 0 1 2 1 2 3 1 2 1 2 1 1 0 0 0 0
	write umon |	misses = 624, hits= 0 0 0 0 0 0 0 0 0 0 0 0 0 0 0 0
num evicts: 15400000, p: 309631, s: 4166116 	 max proactive lookup: 16, max shadow lookup: 16
current cycle = 106115483, last update cycle = 105001026, delta = 1114457
	load umon |	misses = 2426, hits= 0 1 2 1 2 4 2 3 1 5 2 1 0 0 0 0
	write umon |	misses = 735, hits= 0 0 0 0 0 0 0 0 0 0 0 0 0 0 0 0
num evicts: 15500000, p: 310130, s: 4192130 	 max proactive lookup: 16, max shadow lookup: 16
current cycle = 107101358, last update cycle = 105001026, delta = 2100332
	load umon |	misses = 2824, hits= 0 1 2 1 2 4 2 3 1 5 2 1 0 0 0 0
	write umon |	misses = 854, hits= 0 0 0 0 0 0 0 0 0 0 0 0 0 0 0 0
num evicts: 15600000, p: 310573, s: 4219330 	 max proactive lookup: 16, max shadow lookup: 16
current cycle = 108096418, last update cycle = 105001026, delta = 3095392
	load umon |	misses = 3241, hits= 0 1 2 1 2 4 2 3 1 5 2 1 0 0 0 0
	write umon |	misses = 973, hits= 0 0 0 0 0 0 0 0 0 0 0 0 0 0 0 0
num evicts: 15700000, p: 311161, s: 4248325 	 max proactive lookup: 16, max shadow lookup: 16
current cycle = 109115913, last update cycle = 105001026, delta = 4114887
	load umon |	misses = 3639, hits= 0 2 2 1 2 4 2 3 1 5 2 1 0 0 0 0
	write umon |	misses = 1115, hits= 0 0 0 0 0 0 0 0 0 0 0 0 0 0 0 0
num evicts: 15800000, p: 311641, s: 4276236 	 max proactive lookup: 16, max shadow lookup: 16
current cycle = 110139967, last update cycle = 110001039, delta = 138928
	load umon |	misses = 2038, hits= 0 1 1 0 1 2 1 1 0 2 1 0 0 0 0 0
	write umon |	misses = 615, hits= 0 0 0 0 0 0 0 0 0 0 0 0 0 0 0 0
num evicts: 15900000, p: 312064, s: 4301379 	 max proactive lookup: 16, max shadow lookup: 16
current cycle = 111169926, last update cycle = 110001039, delta = 1168887
	load umon |	misses = 2436, hits= 0 1 1 0 1 2 1 1 0 2 1 0 0 0 0 0
	write umon |	misses = 707, hits= 0 0 0 0 0 0 0 0 0 0 0 0 0 0 0 0
num evicts: 16000000, p: 312570, s: 4324197 	 max proactive lookup: 16, max shadow lookup: 16
current cycle = 113488429, last update cycle = 110001039, delta = 3487390
	load umon |	misses = 2822, hits= 0 1 1 2 1 2 1 1 0 2 1 0 0 0 0 0
	write umon |	misses = 823, hits= 0 0 0 0 0 0 0 0 0 0 0 0 0 0 0 0
num evicts: 16100000, p: 313643, s: 4364144 	 max proactive lookup: 7, max shadow lookup: 16
current cycle = 117308254, last update cycle = 115609447, delta = 1698807
	load umon |	misses = 1683, hits= 3 6 4 4 7 25 22 80 424 102 12 5 5 1 7 0
	write umon |	misses = 512, hits= 0 1 0 0 0 0 1 1 0 1 1 1 1 0 0 0
num evicts: 16200000, p: 315539, s: 4406860 	 max proactive lookup: 7, max shadow lookup: 16
current cycle = 118706991, last update cycle = 115609447, delta = 3097544
	load umon |	misses = 2051, hits= 3 6 4 4 7 26 22 80 424 102 12 5 5 1 7 0
	write umon |	misses = 706, hits= 0 1 0 0 0 0 2 3 2 2 3 3 4 4 3 0
num evicts: 16300000, p: 317458, s: 4438966 	 max proactive lookup: 7, max shadow lookup: 16
current cycle = 120032142, last update cycle = 115609447, delta = 4422695
	load umon |	misses = 2474, hits= 3 7 5 5 7 26 22 80 424 102 12 5 5 3 7 0
	write umon |	misses = 921, hits= 0 1 0 0 0 0 2 3 2 2 3 4 4 4 3 0
num evicts: 16400000, p: 319410, s: 4465691 	 max proactive lookup: 8, max shadow lookup: 16
current cycle = 121286903, last update cycle = 120609449, delta = 677454
	load umon |	misses = 1513, hits= 2 4 5 2 4 13 11 40 212 51 6 2 2 1 3 0
	write umon |	misses = 576, hits= 0 0 0 0 0 0 1 1 1 1 4 3 3 3