[VMEM] WARNING: physical memory size is smaller than virtual memory size.

*** ChampSim Multicore Out-of-Order Simulator ***
Warmup Instructions: 25000000
Simulation Instructions: 25000000
Number of CPUs: 8
Page size: 2097152

initializing BARD -- num sampled sets: 64, modulus = 256
CL :	 16.64 ns
CWL :	 15.808 ns
tRP :	 16.224 ns
tRCD :	 16.224 ns
tRAS :	 32.032000000000004 ns
tRTP :	 7.904 ns
tWR :	 30.368000000000002 ns

tCCD_S :	 3.3280000000000003 ns
tCCD_S_WR :	 3.3280000000000003 ns
tCCD_S_WTR :	 22.048000000000002 ns
tCCD_L :	 5.408 ns
tCCD_L_WR :	 20.384 ns
tCCD_L_WTR :	 29.536 ns
tRRD_S :	 3.3280000000000003 ns
tRRD_L :	 5.408 ns
tFAW :	 13.728 ns
Address mapping (perm = 1) 	ch co bg bg bg ba ba co co co co co co ro ro ro ro ro ro ro ro ro ro ro ro ro ro ro 
dram queue size: R = 64 W = 48 (low:high is 9:39)
num evicts: 0, p: 0, s: 0 	 max proactive lookup: 16, max shadow lookup: 16
current cycle = 85249, last update cycle = 0, delta = 85249
	load umon |	misses = 322, hits= 1 0 0 0 0 0 0 1 0 0 0 0 0 0 3 9
	write umon |	misses = 0, hits= 0 0 0 0 0 0 0 0 0 0 0 0 0 0 0 0
num evicts: 100000, p: 22592, s: 0 	 max proactive lookup: 16, max shadow lookup: 16
current cycle = 461144, last update cycle = 0, delta = 461144
	load umon |	misses = 1418, hits= 1 0 0 0 0 0 0 1 0 0 1 0 0 0 5 14
	write umon |	misses = 288, hits= 0 0 0 0 0 0 0 0 0 0 0 0 0 0 0 0
num evicts: 200000, p: 32945, s: 0 	 max proactive lookup: 16, max shadow lookup: 16
current cycle = 594476, last update cycle = 0, delta = 594476
	load umon |	misses = 1803, hits= 1 0 0 0 0 0 0 1 0 0 1 0 0 0 5 14
	write umon |	misses = 416, hits= 0 0 0 0 0 0 0 0 0 0 0 0 0 0 0 0
num evicts: 300000, p: 43194, s: 0 	 max proactive lookup: 16, max shadow lookup: 16
current cycle = 727810, last update cycle = 0, delta = 727810
	load umon |	misses = 2202, hits= 1 0 0 0 0 0 0 1 0 0 1 0 0 0 5 14
	write umon |	misses = 552, hits= 0 0 0 0 0 0 0 0 0 0 0 0 0 0 0 0
num evicts: 400000, p: 53473, s: 0 	 max proactive lookup: 16, max shadow lookup: 16
current cycle = 861144, last update cycle = 0, delta = 861144
	load umon |	misses = 2587, hits= 1 0 0 0 0 0 0 1 0 0 1 0 0 0 5 14
	write umon |	misses = 680, hits= 0 0 0 0 0 0 0 0 0 0 0 0 0 0 0 0
num evicts: 500000, p: 63681, s: 0 	 max proactive lookup: 16, max shadow lookup: 16
current cycle = 994476, last update cycle = 0, delta = 994476
	load umon |	misses = 2978, hits= 1 0 0 0 0 0 0 1 0 0 1 0 0 0 5 14
	write umon |	misses = 808, hits= 0 0 0 0 0 0 0 0 0 0 0 0 0 0 0 0
num evicts: 600000, p: 73378, s: 0 	 max proactive lookup: 16, max shadow lookup: 16
current cycle = 1127817, last update cycle = 0, delta = 1127817
	load umon |	misses = 3371, hits= 1 0 0 0 0 0 0 1 0 0 1 0 0 1 7 18
	write umon |	misses = 936, hits= 0 0 0 0 0 0 0 0 0 0 0 0 0 0 0 0
num evicts: 700000, p: 83809, s: 0 	 max proactive lookup: 16, max shadow lookup: 16
current cycle = 1261175, last update cycle = 0, delta = 1261175
	load umon |	misses = 3763, hits= 1 0 0 0 0 0 0 1 0 0 1 2 0 1 14 25
	write umon |	misses = 1072, hits= 0 0 0 0 0 0 0 0 0 0 0 0 0 0 0 0
num evicts: 800000, p: 94114, s: 0 	 max proactive lookup: 16, max shadow lookup: 16
current cycle = 1394500, last update cycle = 0, delta = 1394500
	load umon |	misses = 4155, hits= 1 0 0 0 0 0 0 1 0 0 1 2 0 1 14 25
	write umon |	misses = 1200, hits= 0 0 0 0 0 0 0 0 0 0 0 0 0 0 0 0
num evicts: 900000, p: 104505, s: 0 	 max proactive lookup: 16, max shadow lookup: 16
current cycle = 1527833, last update cycle = 0, delta = 1527833
	load umon |	misses = 4540, hits= 1 0 0 0 0 0 0 1 0 0 1 2 0 1 14 25
	write umon |	misses = 1328, hits= 0 0 0 0 0 0 0 0 0 0 0 0 0 0 0 0
num evicts: 1000000, p: 114900, s: 0 	 max proactive lookup: 16, max shadow lookup: 16
current cycle = 1661168, last update cycle = 0, delta = 1661168
	load umon |	misses = 4931, hits= 1 0 0 0 0 0 0 1 0 0 1 2 0 1 14 25
	write umon |	misses = 1456, hits= 0 0 0 0 0 0 0 0 0 0 0 0 0 0 0 0
num evicts: 1100000, p: 125260, s: 0 	 max proactive lookup: 16, max shadow lookup: 16
current cycle = 1794500, last update cycle = 0, delta = 1794500
	load umon |	misses = 5324, hits= 1 0 0 0 0 0 0 1 0 0 1 2 0 1 14 25
	write umon |	misses = 1592, hits= 0 0 0 0 0 0 0 0 0 0 0 0 0 0 0 0
num evicts: 1200000, p: 135668, s: 0 	 max proactive lookup: 16, max shadow lookup: 16
current cycle = 1927833, last update cycle = 0, delta = 1927833
	load umon |	misses = 5715, hits= 1 0 0 0 0 0 0 1 0 0 1 2 0 1 14 25
	write umon |	misses = 1720, hits= 0 0 0 0 0 0 0 0 0 0 0 0 0 0 0 0
num evicts: 1300000, p: 146103, s: 0 	 max proactive lookup: 16, max shadow lookup: 16
current cycle = 2061168, last update cycle = 0, delta = 2061168
	load umon |	misses = 6107, hits= 1 0 0 0 0 0 0 1 0 0 1 2 0 1 14 25
	write umon |	misses = 1848, hits= 0 0 0 0 0 0 0 0 0 0 0 0 0 0 0 0
num evicts: 1400000, p: 156429, s: 0 	 max proactive lookup: 16, max shadow lookup: 16
current cycle = 2194513, last update cycle = 0, delta = 2194513
	load umon |	misses = 6492, hits= 1 0 0 0 0 0 0 1 0 0 1 2 1 2 22 30
	write umon |	misses = 1977, hits= 0 0 0 0 0 0 0 0 0 0 0 0 0 0 0 0
num evicts: 1500000, p: 165653, s: 0 	 max proactive lookup: 16, max shadow lookup: 16
current cycle = 2327856, last update cycle = 0, delta = 2327856
	load umon |	misses = 6892, hits= 1 0 0 0 0 0 0 1 0 0 1 2 2 2 26 33
	write umon |	misses = 2112, hits= 0 0 0 0 0 0 0 0 0 0 0 0 0 0 0 0
num evicts: 1600000, p: 174477, s: 0 	 max proactive lookup: 16, max shadow lookup: 16
current cycle = 2461191, last update cycle = 0, delta = 2461191
	load umon |	misses = 7277, hits= 1 0 0 0 0 0 0 1 0 0 1 2 2 2 26 33
	write umon |	misses = 2240, hits= 0 0 0 0 0 0 0 0 0 0 0 0 0 0 0 0
num evicts: 1700000, p: 183201, s: 0 	 max proactive lookup: 16, max shadow lookup: 16
current cycle = 2594521, last update cycle = 0, delta = 2594521
	load umon |	misses = 7668, hits= 1 0 0 0 0 0 0 1 0 0 1 2 2 2 26 33
	write umon |	misses = 2368, hits= 0 0 0 0 0 0 0 0 0 0 0 0 0 0 0 0
num evicts: 1800000, p: 191947, s: 0 	 max proactive lookup: 16, max shadow lookup: 16
current cycle = 2727856, last update cycle = 0, delta = 2727856
	load umon |	misses = 8056, hits= 1 0 0 0 0 0 0 1 0 0 1 2 2 2 26 33
	write umon |	misses = 2498, hits= 0 0 0 0 0 0 0 0 0 0 0 0 0 0 0 0
num evicts: 1900000, p: 200572, s: 0 	 max proactive lookup: 16, max shadow lookup: 16
current cycle = 2861191, last update cycle = 0, delta = 2861191
	load umon |	misses = 8452, hits= 1 0 0 0 0 0 0 1 0 0 1 2 2 2 26 33
	write umon |	misses = 2632, hits= 0 0 0 0 0 0 0 0 0 0 0 0 0 0 0 0
num evicts: 2000000, p: 209190, s: 0 	 max proactive lookup: 16, max shadow lookup: 16
current cycle = 2994521, last update cycle = 0, delta = 2994521
	load umon |	misses = 8841, hits= 1 0 0 0 0 0 0 1 0 0 1 2 2 2 26 33
	write umon |	misses = 2760, hits= 0 0 0 0 0 0 0 0 0 0 0 0 0 0 0 0
num evicts: 2100000, p: 217930, s: 0 	 max proactive lookup: 16, max shadow lookup: 16
current cycle = 3127856, last update cycle = 0, delta = 3127856
	load umon |	misses = 9228, hits= 1 0 0 0 0 0 0 1 0 0 1 2 2 2 26 33
	write umon |	misses = 2888, hits= 0 0 0 0 0 0 0 0 0 0 0 0 0 0 0 0
num evicts: 2200000, p: 227518, s: 0 	 max proactive lookup: 16, max shadow lookup: 16
current cycle = 3261210, last update cycle = 0, delta = 3261210
	load umon |	misses = 9626, hits= 1 0 0 0 0 0 0 1 0 0 1 2 2 4 35 37
	write umon |	misses = 3025, hits= 0 0 0 0 0 0 0 0 0 0 0 0 0 0 0 0
num evicts: 2300000, p: 237945, s: 0 	 max proactive lookup: 16, max shadow lookup: 16
current cycle = 3394550, last update cycle = 0, delta = 3394550
	load umon |	misses = 10014, hits= 1 0 0 0 0 0 0 1 0 0 1 2 3 4 40 39
	write umon |	misses = 3152, hits= 0 0 0 0 0 0 0 0 0 0 0 0 0 0 0 0
num evicts: 2400000, p: 248951, s: 0 	 max proactive lookup: 16, max shadow lookup: 16
current cycle = 3527878, last update cycle = 0, delta = 3527878
	load umon |	misses = 10405, hits= 1 0 0 0 0 0 0 1 0 0 1 2 3 4 40 39
	write umon |	misses = 3280, hits= 0 0 0 0 0 0 0 0 0 0 0 0 0 0 0 0
num evicts: 2500000, p: 259980, s: 0 	 max proactive lookup: 16, max shadow lookup: 16
current cycle = 3661211, last update cycle = 0, delta = 3661211
	load umon |	misses = 10792, hits= 1 0 0 0 0 0 0 1 0 0 1 2 3 4 40 39
	write umon |	misses = 3410, hits= 0 0 0 0 0 0 0 0 0 0 0 0 0 0 0 0
num evicts: 2600000, p: 270868, s: 0 	 max proactive lookup: 16, max shadow lookup: 16
current cycle = 3794545, last update cycle = 0, delta = 3794545
	load umon |	misses = 11189, hits= 1 0 0 0 0 0 0 1 0 0 1 2 3 4 40 39
	write umon |	misses = 3544, hits= 0 0 0 0 0 0 0 0 0 0 0 0 0 0 0 0
num evicts: 2700000, p: 281707, s: 0 	 max proactive lookup: 16, max shadow lookup: 16
current cycle = 3927878, last update cycle = 0, delta = 3927878
	load umon |	misses = 11578, hits= 1 0 0 0 0 0 0 1 0 0 1 2 3 4 40 39
	write umon |	misses = 3672, hits= 0 0 0 0 0 0 0 0 0 0 0 0 0 0 0 0
num evicts: 2800000, p: 292730, s: 0 	 max proactive lookup: 16, max shadow lookup: 16
current cycle = 4061211, last update cycle = 0, delta = 4061211
	load umon |	misses = 11965, hits= 1 0 0 0 0 0 0 1 0 0 1 2 3 4 40 39
	write umon |	misses = 3800, hits= 0 0 0 0 0 0 0 0 0 0 0 0 0 0 0 0
num evicts: 2900000, p: 303610, s: 0 	 max proactive lookup: 16, max shadow lookup: 16
current cycle = 4194551, last update cycle = 0, delta = 4194551
	load umon |	misses = 12361, hits= 1 0 0 0 0 0 0 1 0 0 1 2 3 5 43 42
	write umon |	misses = 3934, hits= 0 0 0 0 0 0 0 0 0 0 0 0 0 0 0 0
num evicts: 3000000, p: 314141, s: 0 	 max proactive lookup: 16, max shadow lookup: 16
current cycle = 4327893, last update cycle = 0, delta = 4327893
	load umon |	misses = 12751, hits= 1 0 0 0 0 0 0 1 0 0 1 2 4 5 49 43
	write umon |	misses = 4065, hits= 0 0 0 0 0 0 0 0 0 0 0 0 0 0 0 0
num evicts: 3100000, p: 323592, s: 0 	 max proactive lookup: 16, max shadow lookup: 16
current cycle = 4461235, last update cycle = 0, delta = 4461235
	load umon |	misses = 13142, hits= 1 0 0 0 0 0 0 1 0 0 1 2 4 6 54 45
	write umon |	misses = 4192, hits= 0 0 0 0 0 0 0 0 0 0 0 0 0 0 0 0
num evicts: 3200000, p: 332382, s: 0 	 max proactive lookup: 16, max shadow lookup: 16
current cycle = 4594567, last update cycle = 0, delta = 4594567
	load umon |	misses = 13528, hits= 1 0 0 0 0 0 0 1 0 0 1 2 4 6 54 45
	write umon |	misses = 4322, hits= 0 0 0 0 0 0 0 0 0 0 0 0 0 0 0 0
num evicts: 3300000, p: 341209, s: 0 	 max proactive lookup: 16, max shadow lookup: 16
current cycle = 4727902, last update cycle = 0, delta = 4727902
	load umon |	misses = 13926, hits= 1 0 0 0 0 0 0 1 0 0 1 2 4 6 54 45
	write umon |	misses = 4456, hits= 0 0 0 0 0 0 0 0 0 0 0 0 0 0 0 0
num evicts: 3400000, p: 350022, s: 0 	 max proactive lookup: 16, max shadow lookup: 16
current cycle = 4861235, last update cycle = 0, delta = 4861235
	load umon |	misses = 14314, hits= 1 0 0 0 0 0 0 1 0 0 1 2 4 6 54 45
	write umon |	misses = 4584, hits= 0 0 0 0 0 0 0 0 0 0 0 0 0 0 0 0
num evicts: 3500000, p: 358784, s: 0 	 max proactive lookup: 16, max shadow lookup: 16
current cycle = 4994567, last update cycle = 0, delta = 4994567
	load umon |	misses = 14702, hits= 1 0 0 0 0 0 0 1 0 0 1 2 4 6 54 45
	write umon |	misses = 4712, hits= 0 0 0 0 0 0 0 0 0 0 0 0 0 0 0 0
num evicts: 3600000, p: 367625, s: 0 	 max proactive lookup: 16, max shadow lookup: 16
current cycle = 5127902, last update cycle = 5000000, delta = 127902
	load umon |	misses = 7731, hits= 0 0 0 0 0 0 0 0 0 0 0 1 2 3 27 22
	write umon |	misses = 2485, hits= 0 0 0 0 0 0 0 0 0 0 0 0 0 0 0 0
num evicts: 3700000, p: 376440, s: 0 	 max proactive lookup: 16, max shadow lookup: 16
current cycle = 5261248, last update cycle = 5000000, delta = 261248
	load umon |	misses = 8127, hits= 0 0 0 0 0 0 0 0 0 0 0 1 2 5 29 25
	write umon |	misses = 2616, hits= 0 0 0 0 0 0 0 0 0 0 0 0 0 0 0 0
num evicts: 3800000, p: 385389, s: 0 	 max proactive lookup: 16, max shadow lookup: 16
current cycle = 5394585, last update cycle = 5000000, delta = 394585
	load umon |	misses = 8519, hits= 0 0 0 0 0 0 0 0 0 0 0 1 2 6 35 26
	write umon |	misses = 2745, hits= 0 0 0 0 0 0 0 0 0 0 0 0 0 0 0 0
num evicts: 3900000, p: 394754, s: 0 	 max proactive lookup: 16, max shadow lookup: 16
current cycle = 5527923, last update cycle = 5000000, delta = 527923
	load umon |	misses = 8905, hits= 0 0 0 0 0 0 0 0 0 0 0 1 2 7 41 27
	write umon |	misses = 2874, hits= 0 0 0 0 0 0 0 0 0 0 0 0 0 0 0 0
num evicts: 4000000, p: 404158, s: 0 	 max proactive lookup: 16, max shadow lookup: 16
current cycle = 5661257, last update cycle = 5000000, delta = 661257
	load umon |	misses = 9296, hits= 0 0 0 0 0 0 0 0 0 0 0 1 2 7 41 27
	write umon |	misses = 3008, hits= 0 0 0 0 0 0 0 0 0 0 0 0 0 0 0 0
num evicts: 4100000, p: 413618, s: 0 	 max proactive lookup: 16, max shadow lookup: 16
current cycle = 5794590, last update cycle = 5000000, delta = 794590
	load umon |	misses = 9687, hits= 0 0 0 0 0 0 0 0 0 0 0 1 2 7 41 27
	write umon |	misses = 3136, hits= 0 0 0 0 0 0 0 0 0 0 0 0 0 0 0 0
num evicts: 4200000, p: 423058, s: 0 	 max proactive lookup: 16, max shadow lookup: 16
current cycle = 5927922, last update cycle = 5000000, delta = 927922
	load umon |	misses = 10079, hits= 0 0 0 0 0 0 0 0 0 0 0 1 2 7 41 27
	write umon |	misses = 3264, hits= 0 0 0 0 0 0 0 0 0 0 0 0 0 0 0 0
num evicts: 4300000, p: 432502, s: 0 	 max proactive lookup: 16, max shadow lookup: 16
current cycle = 6061257, last update cycle = 5000000, delta = 1061257
	load umon |	misses = 10468, hits= 0 0 0 0 0 0 0 0 0 0 0 1 2 7 41 27
	write umon |	misses = 3397, hits= 0 0 0 0 0 0 0 0 0 0 0 0 0 0 0 0
num evicts: 4400000, p: 442016, s: 0 	 max proactive lookup: 16, max shadow lookup: 16
current cycle = 6194593, last update cycle = 5000000, delta = 1194593
	load umon |	misses = 10857, hits= 0 0 0 0 0 0 0 0 0 0 0 1 2 7 41 27
	write umon |	misses = 3528, hits= 0 0 0 0 0 0 0 0 0 0 0 0 0 0 0 0
num evicts: 4500000, p: 451530, s: 0 	 max proactive lookup: 16, max shadow lookup: 16
current cycle = 6327932, last update cycle = 5000000, delta = 1327932
	load umon |	misses = 11249, hits= 0 0 0 0 0 0 0 0 0 0 0 1 2 9 43 30
	write umon |	misses = 3656, hits= 0 0 0 0 0 0 0 0 0 0 0 0 0 0 0 0
num evicts: 4600000, p: 461054, s: 0 	 max proactive lookup: 16, max shadow lookup: 16
current cycle = 6461272, last update cycle = 5000000, delta = 1461272
	load umon |	misses = 11640, hits= 0 0 0 0 0 0 0 0 0 0 0 1 2 10 49 31
	write umon |	misses = 3785, hits= 0 0 0 0 0 0 0 0 0 0 0 0 0 0 0 0
num evicts: 4700000, p: 469373, s: 0 	 max proactive lookup: 16, max shadow lookup: 16
current cycle = 6594612, last update cycle = 5000000, delta = 1594612
	load umon |	misses = 12033, hits= 0 0 0 0 0 0 0 0 0 0 0 1 2 11 55 32
	write umon |	misses = 3920, hits= 0 0 0 0 0 0 0 0 0 0 0 0 0 0 0 0
Heartbeat CPU 0 instructions: 10000003 cycles: 6643770 heartbeat IPC: 1.505 cumulative IPC: 1.505 (Simulation time: 00 hr 28 min 48 sec)
Heartbeat CPU 1 instructions: 10000003 cycles: 6644404 heartbeat IPC: 1.505 cumulative IPC: 1.505 (Simulation time: 00 hr 28 min 48 sec)
Heartbeat CPU 2 instructions: 10000003 cycles: 6644900 heartbeat IPC: 1.505 cumulative IPC: 1.505 (Simulation time: 00 hr 28 min 48 sec)
Heartbeat CPU 3 instructions: 10000003 cycles: 6645078 heartbeat IPC: 1.505 cumulative IPC: 1.505 (Simulation time: 00 hr 28 min 48 sec)
Heartbeat CPU 4 instructions: 10000003 cycles: 6645255 heartbeat IPC: 1.505 cumulative IPC: 1.505 (Simulation time: 00 hr 28 min 48 sec)
Heartbeat CPU 5 instructions: 10000003 cycles: 6645464 heartbeat IPC: 1.505 cumulative IPC: 1.505 (Simulation time: 00 hr 28 min 48 sec)
Heartbeat CPU 6 instructions: 10000003 cycles: 6645663 heartbeat IPC: 1.505 cumulative IPC: 1.505 (Simulation time: 00 hr 28 min 48 sec)
Heartbeat CPU 7 instructions: 10000003 cycles: 6645816 heartbeat IPC: 1.505 cumulative IPC: 1.505 (Simulation time: 00 hr 28 min 48 sec)
num evicts: 4800000, p: 477626, s: 0 	 max proactive lookup: 16, max shadow lookup: 16
current cycle = 6727947, last update cycle = 5000000, delta = 1727947
	load umon |	misses = 12422, hits= 0 0 0 0 0 0 0 0 0 0 0 1 2 11 55 32
	write umon |	misses = 4048, hits= 0 0 0 0 0 0 0 0 0 0 0 0 0 0 0 0
num evicts: 4900000, p: 485862, s: 0 	 max proactive lookup: 16, max shadow lookup: 16
current cycle = 6861281, last update cycle = 5000000, delta = 1861281
	load umon |	misses = 12810, hits= 0 0 0 0 0 0 0 0 0 0 0 1 2 11 55 32
	write umon |	misses = 4176, hits= 0 0 0 0 0 0 0 0 0 0 0 0 0 0 0 0
num evicts: 5000000, p: 494069, s: 0 	 max proactive lookup: 16, max shadow lookup: 16
current cycle = 6994611, last update cycle = 5000000, delta = 1994611
	load umon |	misses = 13204, hits= 0 0 0 0 0 0 0 0 0 0 0 1 2 11 55 32
	write umon |	misses = 4308, hits= 0 0 0 0 0 0 0 0 0 0 0 0 0 0 0 0
num evicts: 5100000, p: 502285, s: 0 	 max proactive lookup: 16, max shadow lookup: 16
current cycle = 7127947, last update cycle = 5000000, delta = 2127947
	load umon |	misses = 13594, hits= 0 0 0 0 0 0 0 0 0 0 0 1 2 11 55 32
	write umon |	misses = 4440, hits= 0 0 0 0 0 0 0 0 0 0 0 0 0 0 0 0
num evicts: 5200000, p: 510571, s: 0 	 max proactive lookup: 16, max shadow lookup: 16
current cycle = 7261280, last update cycle = 5000000, delta = 2261280
	load umon |	misses = 13984, hits= 0 0 0 0 0 0 0 0 0 0 0 1 2 11 55 32
	write umon |	misses = 4568, hits= 0 0 0 0 0 0 0 0 0 0 0 0 0 0 0 0
num evicts: 5300000, p: 519078, s: 0 	 max proactive lookup: 16, max shadow lookup: 16
current cycle = 7394619, last update cycle = 5000000, delta = 2394619
	load umon |	misses = 14374, hits= 0 0 0 0 0 0 0 0 0 0 0 1 2 13 57 35
	write umon |	misses = 4696, hits= 0 0 0 0 0 0 0 0 0 0 0 0 0 0 0 0
num evicts: 5400000, p: 528089, s: 0 	 max proactive lookup: 16, max shadow lookup: 16
current cycle = 7527968, last update cycle = 5000000, delta = 2527968
	load umon |	misses = 14769, hits= 0 0 0 0 0 0 0 0 0 0 0 1 2 16 67 38
	write umon |	misses = 4832, hits= 0 0 0 0 0 0 0 0 0 0 0 0 0 0 0 0
num evicts: 5500000, p: 538769, s: 0 	 max proactive lookup: 16, max shadow lookup: 16
current cycle = 7661302, last update cycle = 5000000, delta = 2661302
	load umon |	misses = 15158, hits= 0 0 0 0 0 0 0 0 0 0 0 1 2 16 67 38
	write umon |	misses = 4960, hits= 0 0 0 0 0 0 0 0 0 0 0 0 0 0 0 0
num evicts: 5600000, p: 549302, s: 0 	 max proactive lookup: 16, max shadow lookup: 16
current cycle = 7794637, last update cycle = 5000000, delta = 2794637
	load umon |	misses = 15547, hits= 0 0 0 0 0 0 0 0 0 0 0 1 2 16 67 38
	write umon |	misses = 5088, hits= 0 0 0 0 0 0 0 0 0 0 0 0 0 0 0 0
num evicts: 5700000, p: 560006, s: 0 	 max proactive lookup: 16, max shadow lookup: 16
current cycle = 7927968, last update cycle = 5000000, delta = 2927968
	load umon |	misses = 15937, hits= 0 0 0 0 0 0 0 0 0 0 0 1 2 16 67 38
	write umon |	misses = 5216, hits= 0 0 0 0 0 0 0 0 0 0 0 0 0 0 0 0
num evicts: 5800000, p: 570632, s: 0 	 max proactive lookup: 16, max shadow lookup: 16
current cycle = 8061303, last update cycle = 5000000, delta = 3061303
	load umon |	misses = 16331, hits= 0 0 0 0 0 0 0 0 0 0 0 1 2 16 67 38
	write umon |	misses = 5352, hits= 0 0 0 0 0 0 0 0 0 0 0 0 0 0 0 0
num evicts: 5900000, p: 581230, s: 0 	 max proactive lookup: 16, max shadow lookup: 16
current cycle = 8194636, last update cycle = 5000000, delta = 3194636
	load umon |	misses = 16721, hits= 0 0 0 0 0 0 0 0 0 0 0 1 2 16 67 38
	write umon |	misses = 5480, hits= 0 0 0 0 0 0 0 0 0 0 0 0 0 0 0 0
num evicts: 6000000, p: 591861, s: 0 	 max proactive lookup: 16, max shadow lookup: 16
current cycle = 8327968, last update cycle = 5000000, delta = 3327968
	load umon |	misses = 17110, hits= 0 0 0 0 0 0 0 0 0 0 0 1 2 16 67 38
	write umon |	misses = 5608, hits= 0 0 0 0 0 0 0 0 0 0 0 0 0 0 0 0
num evicts: 6100000, p: 602222, s: 0 	 max proactive lookup: 16, max shadow lookup: 16
current cycle = 8461310, last update cycle = 5000000, delta = 3461310
	load umon |	misses = 17499, hits= 0 0 0 0 0 0 0 0 0 0 0 1 2 18 69 41
	write umon |	misses = 5737, hits= 0 0 0 0 0 0 0 0 0 0 0 0 0 0 0 0
num evicts: 6200000, p: 611633, s: 0 	 max proactive lookup: 16, max shadow lookup: 16
current cycle = 8594656, last update cycle = 5000000, delta = 3594656
	load umon |	misses = 17895, hits= 0 0 0 0 0 0 0 0 0 0 0 1 2 22 77 45
	write umon |	misses = 5872, hits= 0 0 0 0 0 0 0 0 0 0 0 0 0 0 0 0
num evicts: 6300000, p: 617817, s: 0 	 max proactive lookup: 16, max shadow lookup: 16
current cycle = 8727992, last update cycle = 5000000, delta = 3727992
	load umon |	misses = 18284, hits= 0 0 0 0 0 0 0 0 0 0 0 1 2 22 77 45
	write umon |	misses = 6000, hits= 0 0 0 0 0 0 0 0 0 0 0 0 0 0 0 0
num evicts: 6400000, p: 623829, s: 0 	 max proactive lookup: 16, max shadow lookup: 16
current cycle = 8861328, last update cycle = 5000000, delta = 3861328
	load umon |	misses = 18674, hits= 0 0 0 0 0 0 0 0 0 0 0 1 2 22 77 45
	write umon |	misses = 6128, hits= 0 0 0 0 0 0 0 0 0 0 0 0 0 0 0 0
num evicts: 6500000, p: 629953, s: 0 	 max proactive lookup: 16, max shadow lookup: 16
current cycle = 8994656, last update cycle = 5000000, delta = 3994656
	load umon |	misses = 19062, hits= 0 0 0 0 0 0 0 0 0 0 0 1 2 22 77 45
	write umon |	misses = 6258, hits= 0 0 0 0 0 0 0 0 0 0 0 0 0 0 0 0
num evicts: 6600000, p: 636086, s: 0 	 max proactive lookup: 16, max shadow lookup: 16
current cycle = 9127992, last update cycle = 5000000, delta = 4127992
	load umon |	misses = 19458, hits= 0 0 0 0 0 0 0 0 0 0 0 1 2 22 77 45
	write umon |	misses = 6392, hits= 0 0 0 0 0 0 0 0 0 0 0 0 0 0 0 0
num evicts: 6700000, p: 642199, s: 0 	 max proactive lookup: 16, max shadow lookup: 16
current cycle = 9261328, last update cycle = 5000000, delta = 4261328
	load umon |	misses = 19846, hits= 0 0 0 0 0 0 0 0 0 0 0 1 2 22 77 45
	write umon |	misses = 6520, hits= 0 0 0 0 0 0 0 0 0 0 0 0 0 0 0 0
num evicts: 6800000, p: 648279, s: 0 	 max proactive lookup: 16, max shadow lookup: 16
current cycle = 9394656, last update cycle = 5000000, delta = 4394656
	load umon |	misses = 20235, hits= 0 0 0 0 0 0 0 0 0 0 0 1 2 22 77 45
	write umon |	misses = 6649, hits= 0 0 0 0 0 0 0 0 0 0 0 0 0 0 0 0
num evicts: 6900000, p: 655212, s: 0 	 max proactive lookup: 16, max shadow lookup: 16
current cycle = 9528007, last update cycle = 5000000, delta = 4528007
	load umon |	misses = 20630, hits= 0 0 0 0 0 0 0 0 0 0 0 1 3 25 83 50
	write umon |	misses = 6783, hits= 0 0 0 0 0 0 0 0 0 0 0 0 0 0 0 0
num evicts: 7000000, p: 662777, s: 0 	 max proactive lookup: 16, max shadow lookup: 16
current cycle = 9661347, last update cycle = 5000000, delta = 4661347
	load umon |	misses = 21021, hits= 0 0 0 0 0 0 0 0 0 0 0 1 3 26 88 52
	write umon |	misses = 6912, hits= 0 0 0 0 0 0 0 0 0 0 0 0 0 0 0 0
num evicts: 7100000, p: 671651, s: 0 	 max proactive lookup: 16, max shadow lookup: 16
current cycle = 9794682, last update cycle = 5000000, delta = 4794682
	load umon |	misses = 21411, hits= 0 0 0 0 0 0 0 0 0 0 0 1 3 26 88 52
	write umon |	misses = 7040, hits= 0 0 0 0 0 0 0 0 0 0 0 0 0 0 0 0
num evicts: 7200000, p: 680486, s: 0 	 max proactive lookup: 16, max shadow lookup: 16
current cycle = 9928015, last update cycle = 5000000, delta = 4928015
	load umon |	misses = 21797, hits= 0 0 0 0 0 0 0 0 0 0 0 1 3 26 88 52
	write umon |	misses = 7170, hits= 0 0 0 0 0 0 0 0 0 0 0 0 0 0 0 0
num evicts: 7300000, p: 689331, s: 0 	 max proactive lookup: 16, max shadow lookup: 16
current cycle = 10061348, last update cycle = 10000002, delta = 61346
	load umon |	misses = 11190, hits= 0 0 0 0 0 0 0 0 0 0 0 0 1 13 44 26
	write umon |	misses = 3684, hits= 0 0 0 0 0 0 0 0 0 0 0 0 0 0 0 0
num evicts: 7400000, p: 698090, s: 0 	 max proactive lookup: 16, max shadow lookup: 16
current cycle = 10194682, last update cycle = 10000002, delta = 194680
	load umon |	misses = 11577, hits= 0 0 0 0 0 0 0 0 0 0 0 0 1 13 44 26
	write umon |	misses = 3812, hits= 0 0 0 0 0 0 0 0 0 0 0 0 0 0 0 0
num evicts: 7500000, p: 706933, s: 0 	 max proactive lookup: 16, max shadow lookup: 16
current cycle = 10328015, last update cycle = 10000002, delta = 328013
	load umon |	misses = 11966, hits= 0 0 0 0 0 0 0 0 0 0 0 0 1 13 44 26
	write umon |	misses = 3940, hits= 0 0 0 0 0 0 0 0 0 0 0 0 0 0 0 0
num evicts: 7600000, p: 715738, s: 0 	 max proactive lookup: 16, max shadow lookup: 16
current cycle = 10461347, last update cycle = 10000002, delta = 461345
	load umon |	misses = 12355, hits= 0 0 0 0 0 0 0 0 0 0 0 0 1 13 44 26
	write umon |	misses = 4073, hits= 0 0 0 0 0 0 0 0 0 0 0 0 0 0 0 0
num evicts: 7700000, p: 724868, s: 0 	 max proactive lookup: 16, max shadow lookup: 16
current cycle = 10594697, last update cycle = 10000002, delta = 594695
	load umon |	misses = 12752, hits= 0 0 0 0 0 0 0 0 0 0 0 0 1 19 47 32
	write umon |	misses = 4205, hits= 0 0 0 0 0 0 0 0 0 0 0 0 0 0 0 0
num evicts: 7800000, p: 733533, s: 0 	 max proactive lookup: 16, max shadow lookup: 16
current cycle = 10728039, last update cycle = 10000002, delta = 728037
	load umon |	misses = 13143, hits= 0 0 0 0 0 0 0 0 0 0 0 0 1 20 52 34
	write umon |	misses = 4332, hits= 0 0 0 0 0 0 0 0 0 0 0 0 0 0 0 0
num evicts: 7900000, p: 741350, s: 0 	 max proactive lookup: 16, max shadow lookup: 16
current cycle = 10861370, last update cycle = 10000002, delta = 861368
	load umon |	misses = 13529, hits= 0 0 0 0 0 0 0 0 0 0 0 0 1 20 52 34
	write umon |	misses = 4462, hits= 0 0 0 0 0 0 0 0 0 0 0 0 0 0 0 0
num evicts: 8000000, p: 749206, s: 0 	 max proactive lookup: 16, max shadow lookup: 16
current cycle = 10994705, last update cycle = 10000002, delta = 994703
	load umon |	misses = 13920, hits= 0 0 0 0 0 0 0 0 0 0 0 0 1 20 52 34
	write umon |	misses = 4596, hits= 0 0 0 0 0 0 0 0 0 0 0 0 0 0 0 0
num evicts: 8100000, p: 757123, s: 0 	 max proactive lookup: 16, max shadow lookup: 16
current cycle = 11128038, last update cycle = 10000002, delta = 1128036
	load umon |	misses = 14313, hits= 0 0 0 0 0 0 0 0 0 0 0 0 1 20 52 34
	write umon |	misses = 4724, hits= 0 0 0 0 0 0 0 0 0 0 0 0 0 0 0 0
num evicts: 8200000, p: 765109, s: 0 	 max proactive lookup: 16, max shadow lookup: 16
current cycle = 11261370, last update cycle = 10000002, delta = 1261368
	load umon |	misses = 14703, hits= 0 0 0 0 0 0 0 0 0 0 0 0 1 20 52 34
	write umon |	misses = 4852, hits= 0 0 0 0 0 0 0 0 0 0 0 0 0 0 0 0
num evicts: 8300000, p: 772975, s: 0 	 max proactive lookup: 16, max shadow lookup: 16
current cycle = 11394705, last update cycle = 10000002, delta = 1394703
	load umon |	misses = 15092, hits= 0 0 0 0 0 0 0 0 0 0 0 0 1 20 52 34
	write umon |	misses = 4985, hits= 0 0 0 0 0 0 0 0 0 0 0 0 0 0 0 0
num evicts: 8400000, p: 781009, s: 0 	 max proactive lookup: 16, max shadow lookup: 16
current cycle = 11528044, last update cycle = 10000002, delta = 1528042
	load umon |	misses = 15488, hits= 0 0 0 0 0 0 0 0 0 0 0 0 1 21 56 36
	write umon |	misses = 5116, hits= 0 0 0 0 0 0 0 0 0 0 0 0 0 0 0 0
num evicts: 8500000, p: 788678, s: 0 	 max proactive lookup: 16, max shadow lookup: 16
current cycle = 11661386, last update cycle = 10000002, delta = 1661384
	load umon |	misses = 15880, hits= 0 0 0 0 0 0 0 0 0 0 0 0 1 23 60 38
	write umon |	misses = 5245, hits= 0 0 0 0 0 0 0 0 0 0 0 0 0 0 0 0
num evicts: 8600000, p: 797100, s: 0 	 max proactive lookup: 16, max shadow lookup: 16
current cycle = 11794726, last update cycle = 10000002, delta = 1794724
	load umon |	misses = 16266, hits= 0 0 0 0 0 0 0 0 0 0 0 0 1 25 64 40
	write umon |	misses = 5374, hits= 0 0 0 0 0 0 0 0 0 0 0 0 0 0 0 0
num evicts: 8700000, p: 805985, s: 0 	 max proactive lookup: 16, max shadow lookup: 16
current cycle = 11928059, last update cycle = 10000002, delta = 1928057
	load umon |	misses = 16657, hits= 0 0 0 0 0 0 0 0 0 0 0 0 1 25 64 40
	write umon |	misses = 5508, hits= 0 0 0 0 0 0 0 0 0 0 0 0 0 0 0 0
num evicts: 8800000, p: 814770, s: 0 	 max proactive lookup: 16, max shadow lookup: 16
current cycle = 12061394, last update cycle = 10000002, delta = 2061392
	load umon |	misses = 17048, hits= 0 0 0 0 0 0 0 0 0 0 0 0 1 25 64 40
	write umon |	misses = 5636, hits= 0 0 0 0 0 0 0 0 0 0 0 0 0 0 0 0
num evicts: 8900000, p: 823664, s: 0 	 max proactive lookup: 16, max shadow lookup: 16
current cycle = 12194727, last update cycle = 10000002, delta = 2194725
	load umon |	misses = 17440, hits= 0 0 0 0 0 0 0 0 0 0 0 0 1 25 64 40
	write umon |	misses = 5764, hits= 0 0 0 0 0 0 0 0 0 0 0 0 0 0 0 0
num evicts: 9000000, p: 832554, s: 0 	 max proactive lookup: 16, max shadow lookup: 16
current cycle = 12328059, last update cycle = 10000002, delta = 2328057
	load umon |	misses = 17827, hits= 0 0 0 0 0 0 0 0 0 0 0 0 1 25 64 40
	write umon |	misses = 5895, hits= 0 0 0 0 0 0 0 0 0 0 0 0 0 0 0 0
num evicts: 9100000, p: 841408, s: 0 	 max proactive lookup: 16, max shadow lookup: 16
current cycle = 12461394, last update cycle = 10000002, delta = 2461392
	load umon |	misses = 18218, hits= 0 0 0 0 0 0 0 0 0 0 0 0 1 25 64 40
	write umon |	misses = 6028, hits= 0 0 0 0 0 0 0 0 0 0 0 0 0 0 0 0
num evicts: 9200000, p: 850252, s: 0 	 max proactive lookup: 16, max shadow lookup: 16
current cycle = 12594733, last update cycle = 10000002, delta = 2594731
	load umon |	misses = 18609, hits= 0 0 0 0 0 0 0 0 0 0 0 0 1 26 68 42
	write umon |	misses = 6156, hits= 0 0 0 0 0 0 0 0 0 0 0 0 0 0 0 0
num evicts: 9300000, p: 858701, s: 0 	 max proactive lookup: 16, max shadow lookup: 16
current cycle = 12728074, last update cycle = 10000002, delta = 2728072
	load umon |	misses = 19001, hits= 0 0 0 0 0 0 0 0 0 0 0 0 1 28 72 44
	write umon |	misses = 6285, hits= 0 0 0 0 0 0 0 0 0 0 0 0 0 0 0 0
num evicts: 9400000, p: 868394, s: 0 	 max proactive lookup: 16, max shadow lookup: 16
current cycle = 12861416, last update cycle = 10000002, delta = 2861414
	load umon |	misses = 19394, hits= 0 0 0 0 0 0 0 0 0 0 0 0 1 30 76 46
	write umon |	misses = 6420, hits= 0 0 0 0 0 0 0 0 0 0 0 0 0 0 0 0
num evicts: 9500000, p: 878215, s: 0 	 max proactive lookup: 16, max shadow lookup: 16
current cycle = 12994750, last update cycle = 10000002, delta = 2994748
	load umon |	misses = 19782, hits= 0 0 0 0 0 0 0 0 0 0 0 0 1 30 76 46
	write umon |	misses = 6548, hits= 0 0 0 0 0 0 0 0 0 0 0 0 0 0 0 0
num evicts: 9600000, p: 887977, s: 0 	 max proactive lookup: 16, max shadow lookup: 16
current cycle = 13128082, last update cycle = 10000002, delta = 3128080
	load umon |	misses = 20171, hits= 0 0 0 0 0 0 0 0 0 0 0 0 1 30 76 46
	write umon |	misses = 6676, hits= 0 0 0 0 0 0 0 0 0 0 0 0 0 0 0 0
num evicts: 9700000, p: 897798, s: 0 	 max proactive lookup: 16, max shadow lookup: 16
current cycle = 13261416, last update cycle = 10000002, delta = 3261414
	load umon |	misses = 20561, hits= 0 0 0 0 0 0 0 0 0 0 0 0 1 30 76 46
	write umon |	misses = 6804, hits= 0 0 0 0 0 0 0 0 0 0 0 0 0 0 0 0
Heartbeat CPU 0 instructions: 20000004 cycles: 13310447 heartbeat IPC: 1.5 cumulative IPC: 1.503 (Simulation time: 00 hr 58 min 17 sec)
Heartbeat CPU 1 instructions: 20000004 cycles: 13310976 heartbeat IPC: 1.5 cumulative IPC: 1.503 (Simulation time: 00 hr 58 min 18 sec)
Heartbeat CPU 3 instructions: 20000004 cycles: 13311994 heartbeat IPC: 1.5 cumulative IPC: 1.502 (Simulation time: 00 hr 58 min 18 sec)
Heartbeat CPU 2 instructions: 20000004 cycles: 13312008 heartbeat IPC: 1.5 cumulative IPC: 1.502 (Simulation time: 00 hr 58 min 18 sec)
Heartbeat CPU 4 instructions: 20000004 cycles: 13312123 heartbeat IPC: 1.5 cumulative IPC: 1.502 (Simulation time: 00 hr 58 min 18 sec)
Heartbeat CPU 5 instructions: 20000004 cycles: 13312276 heartbeat IPC: 1.5 cumulative IPC: 1.502 (Simulation time: 00 hr 58 min 18 sec)
Heartbeat CPU 6 instructions: 20000004 cycles: 13312411 heartbeat IPC: 1.5 cumulative IPC: 1.502 (Simulation time: 00 hr 58 min 18 sec)
Heartbeat CPU 7 instructions: 20000004 cycles: 13312548 heartbeat IPC: 1.5 cumulative IPC: 1.502 (Simulation time: 00 hr 58 min 18 sec)
num evicts: 9800000, p: 907575, s: 0 	 max proactive lookup: 16, max shadow lookup: 16
current cycle = 13394750, last update cycle = 10000002, delta = 3394748
	load umon |	misses = 20955, hits= 0 0 0 0 0 0 0 0 0 0 0 0 1 30 76 46
	write umon |	misses = 6940, hits= 0 0 0 0 0 0 0 0 0 0 0 0 0 0 0 0
num evicts: 9900000, p: 917421, s: 0 	 max proactive lookup: 16, max shadow lookup: 16
current cycle = 13528082, last update cycle = 10000002, delta = 3528080
	load umon |	misses = 21345, hits= 0 0 0 0 0 0 0 0 0 0 0 0 1 30 76 46
	write umon |	misses = 7068, hits= 0 0 0 0 0 0 0 0 0 0 0 0 0 0 0 0
num evicts: 10000000, p: 927263, s: 0 	 max proactive lookup: 16, max shadow lookup: 16
current cycle = 13661422, last update cycle = 10000002, delta = 3661420
	load umon |	misses = 21734, hits= 0 0 0 0 0 0 0 0 0 0 0 0 1 30 82 47
	write umon |	misses = 7196, hits= 0 0 0 0 0 0 0 0 0 0 0 0 0 0 0 0
num evicts: 10100000, p: 937926, s: 0 	 max proactive lookup: 16, max shadow lookup: 16
current cycle = 13794764, last update cycle = 10000002, delta = 3794762
	load umon |	misses = 22124, hits= 0 0 0 0 0 0 0 0 0 0 0 0 1 32 86 49
	write umon |	misses = 7326, hits= 0 0 0 0 0 0 0 0 0 0 0 0 0 0 0 0
num evicts: 10200000, p: 947427, s: 0 	 max proactive lookup: 16, max shadow lookup: 16
current cycle = 13928104, last update cycle = 10000002, delta = 3928102
	load umon |	misses = 22518, hits= 0 0 0 0 0 0 0 0 0 0 0 0 1 35 88 52
	write umon |	misses = 7460, hits= 0 0 0 0 0 0 0 0 0 0 0 0 0 0 0 0
num evicts: 10300000, p: 956582, s: 0 	 max proactive lookup: 16, max shadow lookup: 16
current cycle = 14061438, last update cycle = 10000002, delta = 4061436
	load umon |	misses = 22908, hits= 0 0 0 0 0 0 0 0 0 0 0 0 1 35 88 52
	write umon |	misses = 7588, hits= 0 0 0 0 0 0 0 0 0 0 0 0 0 0 0 0
num evicts: 10400000, p: 965793, s: 0 	 max proactive lookup: 16, max shadow lookup: 16
current cycle = 14194772, last update cycle = 10000002, delta = 4194770
	load umon |	misses = 23298, hits= 0 0 0 0 0 0 0 0 0 0 0 0 1 35 88 52
	write umon |	misses = 7716, hits= 0 0 0 0 0 0 0 0 0 0 0 0 0 0 0 0
num evicts: 10500000, p: 974982, s: 0 	 max proactive lookup: 16, max shadow lookup: 16
current cycle = 14328105, last update cycle = 10000002, delta = 4328103
	load umon |	misses = 23686, hits= 0 0 0 0 0 0 0 0 0 0 0 0 1 35 88 52
	write umon |	misses = 7846, hits= 0 0 0 0 0 0 0 0 0 0 0 0 0 0 0 0
num evicts: 10600000, p: 984228, s: 0 	 max proactive lookup: 16, max shadow lookup: 16
current cycle = 14461438, last update cycle = 10000002, delta = 4461436
	load umon |	misses = 24082, hits= 0 0 0 0 0 0 0 0 0 0 0 0 1 35 88 52
	write umon |	misses = 7980, hits= 0 0 0 0 0 0 0 0 0 0 0 0 0 0 0 0
num evicts: 10700000, p: 993456, s: 0 	 max proactive lookup: 16, max shadow lookup: 16
current cycle = 14594772, last update cycle = 10000002, delta = 4594770
	load umon |	misses = 24468, hits= 0 0 0 0 0 0 0 0 0 0 0 0 1 35 88 52
	write umon |	misses = 8108, hits= 0 0 0 0 0 0 0 0 0 0 0 0 0 0 0 0
num evicts: 10800000, p: 1002242, s: 0 	 max proactive lookup: 16, max shadow lookup: 16
current cycle = 14728113, last update cycle = 10000002, delta = 4728111
	load umon |	misses = 24860, hits= 0 0 0 0 0 0 0 0 0 0 0 0 1 37 90 55
	write umon |	misses = 8237, hits= 0 0 0 0 0 0 0 0 0 0 0 0 0 0 0 0
num evicts: 10900000, p: 1010188, s: 0 	 max proactive lookup: 16, max shadow lookup: 16
current cycle = 14861461, last update cycle = 10000002, delta = 4861459
	load umon |	misses = 25253, hits= 0 0 0 0 0 0 0 0 0 0 0 0 1 42 95 61
	write umon |	misses = 8372, hits= 0 0 0 0 0 0 0 0 0 0 0 0 0 0 0 0
num evicts: 11000000, p: 1017501, s: 0 	 max proactive lookup: 16, max shadow lookup: 16
current cycle = 14994794, last update cycle = 10000002, delta = 4994792
	load umon |	misses = 25645, hits= 0 0 0 0 0 0 0 0 0 0 0 0 1 42 95 61
	write umon |	misses = 8500, hits= 0 0 0 0 0 0 0 0 0 0 0 0 0 0 0 0
num evicts: 11100000, p: 1024379, s: 0 	 max proactive lookup: 16, max shadow lookup: 16
current cycle = 15128129, last update cycle = 15000007, delta = 128122
	load umon |	misses = 13205, hits= 0 0 0 0 0 0 0 0 0 0 0 0 0 21 47 30
	write umon |	misses = 4374, hits= 0 0 0 0 0 0 0 0 0 0 0 0 0 0 0 0
num evicts: 11200000, p: 1031242, s: 0 	 max proactive lookup: 16, max shadow lookup: 16
current cycle = 15261460, last update cycle = 15000007, delta = 261453
	load umon |	misses = 13593, hits= 0 0 0 0 0 0 0 0 0 0 0 0 0 21 47 30
	write umon |	misses = 4504, hits= 0 0 0 0 0 0 0 0 0 0 0 0 0 0 0 0
num evicts: 11300000, p: 1038154, s: 0 	 max proactive lookup: 16, max shadow lookup: 16
current cycle = 15394794, last update cycle = 15000007, delta = 394787
	load umon |	misses = 13989, hits= 0 0 0 0 0 0 0 0 0 0 0 0 0 21 47 30
	write umon |	misses = 4638, hits= 0 0 0 0 0 0 0 0 0 0 0 0 0 0 0 0
num evicts: 11400000, p: 1045109, s: 0 	 max proactive lookup: 16, max shadow lookup: 16
current cycle = 15528128, last update cycle = 15000007, delta = 528121
	load umon |	misses = 14375, hits= 0 0 0 0 0 0 0 0 0 0 0 0 0 21 47 30
	write umon |	misses = 4766, hits= 0 0 0 0 0 0 0 0 0 0 0 0 0 0 0 0
num evicts: 11500000, p: 1051995, s: 0 	 max proactive lookup: 16, max shadow lookup: 16
current cycle = 15661460, last update cycle = 15000007, delta = 661453
	load umon |	misses = 14766, hits= 0 0 0 0 0 0 0 0 0 0 0 0 0 21 47 30
	write umon |	misses = 4895, hits= 0 0 0 0 0 0 0 0 0 0 0 0 0 0 0 0
num evicts: 11600000, p: 1059092, s: 0 	 max proactive lookup: 16, max shadow lookup: 16
current cycle = 15794800, last update cycle = 15000007, delta = 794793
	load umon |	misses = 15154, hits= 0 0 0 0 0 0 0 0 0 0 0 0 0 21 51 33
	write umon |	misses = 5024, hits= 0 0 0 0 0 0 0 0 0 0 0 0 0 0 0 0
num evicts: 11700000, p: 1066373, s: 0 	 max proactive lookup: 16, max shadow lookup: 16
current cycle = 15928151, last update cycle = 15000007, delta = 928144
	load umon |	misses = 15552, hits= 0 0 0 0 0 0 0 0 0 0 0 2 0 22 56 41
	write umon |	misses = 5158, hits= 0 0 0 0 0 0 0 0 0 0 0 0 0 0 0 0
num evicts: 11800000, p: 1072857, s: 0 	 max proactive lookup: 16, max shadow lookup: 16
current cycle = 16061485, last update cycle = 15000007, delta = 1061478
	load umon |	misses = 15942, hits= 0 0 0 0 0 0 0 0 0 0 0 2 0 22 56 41
	write umon |	misses = 5286, hits= 0 0 0 0 0 0 0 0 0 0 0 0 0 0 0 0
num evicts: 11900000, p: 1079290, s: 0 	 max proactive lookup: 16, max shadow lookup: 16
current cycle = 16194818, last update cycle = 15000007, delta = 1194811
	load umon |	misses = 16328, hits= 0 0 0 0 0 0 0 0 0 0 0 2 0 22 56 41
	write umon |	misses = 5416, hits= 0 0 0 0 0 0 0 0 0 0 0 0 0 0 0 0
num evicts: 12000000, p: 1085737, s: 0 	 max proactive lookup: 16, max shadow lookup: 16
current cycle = 16328150, last update cycle = 15000007, delta = 1328143
	load umon |	misses = 16726, hits= 0 0 0 0 0 0 0 0 0 0 0 2 0 22 56 41
	write umon |	misses = 5550, hits= 0 0 0 0 0 0 0 0 0 0 0 0 0 0 0 0
num evicts: 12100000, p: 1092185, s: 0 	 max proactive lookup: 16, max shadow lookup: 16
current cycle = 16461484, last update cycle = 15000007, delta = 1461477
	load umon |	misses = 17112, hits= 0 0 0 0 0 0 0 0 0 0 0 2 0 22 56 41
	write umon |	misses = 5678, hits= 0 0 0 0 0 0 0 0 0 0 0 0 0 0 0 0
num evicts: 12200000, p: 1098657, s: 0 	 max proactive lookup: 16, max shadow lookup: 16
current cycle = 16594817, last update cycle = 15000007, delta = 1594810
	load umon |	misses = 17503, hits= 0 0 0 0 0 0 0 0 0 0 0 2 0 22 56 41
	write umon |	misses = 5807, hits= 0 0 0 0 0 0 0 0 0 0 0 0 0 0 0 0
Warmup finished CPU 0 instructions: 25000003 cycles: 16643466 cumulative IPC: 1.502 (Simulation time: 01 hr 13 min 27 sec)
Warmup finished CPU 1 instructions: 25000003 cycles: 16644108 cumulative IPC: 1.502 (Simulation time: 01 hr 13 min 27 sec)
Warmup finished CPU 2 instructions: 25000003 cycles: 16645629 cumulative IPC: 1.502 (Simulation time: 01 hr 13 min 28 sec)
Warmup finished CPU 3 instructions: 25000003 cycles: 16645670 cumulative IPC: 1.502 (Simulation time: 01 hr 13 min 28 sec)
Warmup finished CPU 4 instructions: 25000003 cycles: 16645718 cumulative IPC: 1.502 (Simulation time: 01 hr 13 min 28 sec)
Warmup finished CPU 5 instructions: 25000003 cycles: 16645760 cumulative IPC: 1.502 (Simulation time: 01 hr 13 min 28 sec)
Warmup finished CPU 6 instructions: 25000003 cycles: 16645824 cumulative IPC: 1.502 (Simulation time: 01 hr 13 min 28 sec)
Warmup finished CPU 7 instructions: 25000003 cycles: 16645905 cumulative IPC: 1.502 (Simulation time: 01 hr 13 min 28 sec)
Warmup complete CPU 7 instructions: 25000003 cycles: 16645905 cumulative IPC: 1.502 (Simulation time: 01 hr 13 min 28 sec)
Warmup complete CPU 6 instructions: 25000116 cycles: 16645905 cumulative IPC: 1.502 (Simulation time: 01 hr 13 min 28 sec)
Warmup complete CPU 5 instructions: 25000212 cycles: 16645905 cumulative IPC: 1.502 (Simulation time: 01 hr 13 min 28 sec)
Warmup complete CPU 4 instructions: 25000261 cycles: 16645905 cumulative IPC: 1.502 (Simulation time: 01 hr 13 min 28 sec)
Warmup complete CPU 3 instructions: 25000356 cycles: 16645905 cumulative IPC: 1.502 (Simulation time: 01 hr 13 min 28 sec)
Warmup complete CPU 2 instructions: 25000405 cycles: 16645905 cumulative IPC: 1.502 (Simulation time: 01 hr 13 min 28 sec)
Warmup complete CPU 1 instructions: 25002708 cycles: 16645905 cumulative IPC: 1.502 (Simulation time: 01 hr 13 min 28 sec)
Warmup complete CPU 0 instructions: 25003668 cycles: 16645905 cumulative IPC: 1.502 (Simulation time: 01 hr 13 min 28 sec)
num evicts: 12300000, p: 1105517, s: 0 	 max proactive lookup: 16, max shadow lookup: 16
current cycle = 17333309, last update cycle = 15000007, delta = 2333302
	load umon |	misses = 17891, hits= 0 0 0 0 0 0 0 0 0 0 0 2 0 22 56 41
	write umon |	misses = 5938, hits= 0 0 0 0 0 0 0 0 0 0 0 0 0 0 0 0
num evicts: 12400000, p: 1112831, s: 0 	 max proactive lookup: 16, max shadow lookup: 16
current cycle = 18449016, last update cycle = 15000007, delta = 3449009
	load umon |	misses = 18287, hits= 0 0 0 0 0 0 0 0 0 0 0 2 0 24 61 43
	write umon |	misses = 6069, hits= 0 0 0 0 0 0 0 0 0 0 0 0 0 0 0 0
num evicts: 12500000, p: 1120386, s: 0 	 max proactive lookup: 16, max shadow lookup: 16
current cycle = 19569550, last update cycle = 15000007, delta = 4569543
	load umon |	misses = 18677, hits= 0 0 0 0 0 0 0 0 0 0 0 2 0 25 73 44
	write umon |	misses = 6198, hits= 0 0 0 0 0 0 0 0 0 0 0 0 0 0 0 0
num evicts: 12600000, p: 1128409, s: 0 	 max proactive lookup: 16, max shadow lookup: 16
current cycle = 20669892, last update cycle = 20000029, delta = 669863
	load umon |	misses = 9651, hits= 0 0 0 0 0 0 0 0 0 0 0 1 0 12 36 22
	write umon |	misses = 3204, hits= 0 0 0 0 0 0 0 0 0 0 0 0 0 0 0 0
num evicts: 12700000, p: 1136212, s: 0 	 max proactive lookup: 16, max shadow lookup: 16
current cycle = 21767717, last update cycle = 20000029, delta = 1767688
	load umon |	misses = 10040, hits= 0 0 0 0 0 0 0 0 0 0 0 1 0 12 36 22
	write umon |	misses = 3334, hits= 0 0 0 0 0 0 0 0 0 0 0 0 0 0 0 0
num evicts: 12800000, p: 1144237, s: 0 	 max proactive lookup: 16, max shadow lookup: 16
current cycle = 22878040, last update cycle = 20000029, delta = 2878011
	load umon |	misses = 10432, hits= 0 0 0 0 0 0 0 0 0 0 0 1 0 12 36 22
	write umon |	misses = 3462, hits= 0 0 0 0 0 0 0 0 0 0 0 0 0 0 0 0
num evicts: 12900000, p: 1152025, s: 0 	 max proactive lookup: 16, max shadow lookup: 16
current cycle = 24003265, last update cycle = 20000029, delta = 4003236
	load umon |	misses = 10825, hits= 0 0 0 0 0 0 0 0 0 0 0 1 0 12 36 22
	write umon |	misses = 3594, hits= 0 0 0 0 0 0 0 0 0 0 0 0 0 0 0 0
num evicts: 13000000, p: 1160168, s: 0 	 max proactive lookup: 16, max shadow lookup: 16
current cycle = 25100064, last update cycle = 25000054, delta = 100010
	load umon |	misses = 5624, hits= 0 0 0 0 0 0 0 0 0 0 0 0 0 6 18 11
	write umon |	misses = 1867, hits= 0 0 0 0 0 0 0 0 0 0 0 0 0 0 0 0
num evicts: 13100000, p: 1168196, s: 0 	 max proactive lookup: 16, max shadow lookup: 16
current cycle = 26195442, last update cycle = 25000054, delta = 1195388
	load umon |	misses = 6014, hits= 0 0 0 0 0 0 0 0 0 0 0 0 0 6 18 11
	write umon |	misses = 1997, hits= 0 0 0 0 0 0 0 0 0 0 0 0 0 0 0 0
num evicts: 13200000, p: 1176211, s: 0 	 max proactive lookup: 16, max shadow lookup: 16
current cycle = 27311679, last update cycle = 25000054, delta = 2311625
	load umon |	misses = 6406, hits= 0 0 0 0 0 0 0 0 0 0 0 0 0 6 32 12
	write umon |	misses = 2127, hits= 0 0 0 0 0 0 0 0 0 0 0 0 0 0 0 0
num evicts: 13300000, p: 1183748, s: 0 	 max proactive lookup: 16, max shadow lookup: 16
current cycle = 28429959, last update cycle = 25000054, delta = 3429905
	load umon |	misses = 6799, hits= 0 0 0 0 0 0 0 0 0 0 0 0 0 7 39 12
	write umon |	misses = 2258, hits= 0 0 0 0 0 0 0 0 0 0 0 0 0 0 0 0
num evicts: 13400000, p: 1191086, s: 0 	 max proactive lookup: 16, max shadow lookup: 16
current cycle = 29578676, last update cycle = 25000054, delta = 4578622
	load umon |	misses = 7187, hits= 0 0 0 0 0 0 0 0 0 0 0 0 0 7 39 12
	write umon |	misses = 2388, hits= 0 0 0 0 0 0 0 0 0 0 0 0 0 0 0 0
num evicts: 13500000, p: 1197932, s: 0 	 max proactive lookup: 16, max shadow lookup: 16
current cycle = 30727249, last update cycle = 30000467, delta = 726782
	load umon |	misses = 3913, hits= 0 0 0 0 0 0 0 0 0 0 0 0 0 3 19 6
	write umon |	misses = 1299, hits= 0 0 0 0 0 0 0 0 0 0 0 0 0 0 0 0
num evicts: 13600000, p: 1204786, s: 0 	 max proactive lookup: 16, max shadow lookup: 16
current cycle = 31870319, last update cycle = 30000467, delta = 1869852
	load umon |	misses = 4307, hits= 0 0 0 0 0 0 0 0 0 0 0 0 0 3 19 6
	write umon |	misses = 1430, hits= 0 0 0 0 0 0 0 0 0 0 0 0 0 0 0 0
num evicts: 13700000, p: 1211060, s: 0 	 max proactive lookup: 16, max shadow lookup: 16
current cycle = 33000405, last update cycle = 30000467, delta = 2999938
	load umon |	misses = 4697, hits= 0 0 0 0 0 0 0 0 0 0 0 0 0 3 19 6
	write umon |	misses = 1560, hits= 0 0 0 0 0 0 0 0 0 0 0 0 0 0 0 0
num evicts: 13800000, p: 1217975, s: 0 	 max proactive lookup: 16, max shadow lookup: 16
current cycle = 34138749, last update cycle = 30000467, delta = 4138282
	load umon |	misses = 5086, hits= 0 0 0 0 0 0 0 0 0 0 0 0 0 3 19 6
	write umon |	misses = 1690, hits= 0 0 0 0 0 0 0 0 0 0 0 0 0 0 0 0
num evicts: 13900000, p: 1224790, s: 0 	 max proactive lookup: 16, max shadow lookup: 16
current cycle = 35282248, last update cycle = 35000468, delta = 281780
	load umon |	misses = 2787, hits= 0 0 0 0 0 0 0 0 0 0 0 0 0 1 11 3
	write umon |	misses = 926, hits= 0 0 0 0 0 0 0 0 0 0 0 0 0 0 0 0
num evicts: 14000000, p: 1231241, s: 0 	 max proactive lookup: 16, max shadow lookup: 16
current cycle = 36422625, last update cycle = 35000468, delta = 1422157
	load umon |	misses = 3179, hits= 0 0 0 0 0 0 0 0 0 0 0 0 0 1 24 3
	write umon |	misses = 1056, hits= 0 0 0 0 0 0 0 0 0 0 0 0 0 0 0 0
num evicts: 14100000, p: 1238843, s: 0 	 max proactive lookup: 16, max shadow lookup: 16
current cycle = 37544205, last update cycle = 35000468, delta = 2543737
	load umon |	misses = 3571, hits= 0 0 0 0 0 0 0 0 0 0 0 0 0 2 30 4
	write umon |	misses = 1187, hits= 0 0 0 0 0 0 0 0 0 0 0 0 0 0 0 0
num evicts: 14200000, p: 1246078, s: 0 	 max proactive lookup: 16, max shadow lookup: 16
current cycle = 38680865, last update cycle = 35000468, delta = 3680397
	load umon |	misses = 3960, hits= 0 0 0 0 0 0 0 0 0 0 0 0 0 2 30 4
	write umon |	misses = 1317, hits= 0 0 0 0 0 0 0 0 0 0 0 0 0 0 0 0
num evicts: 14300000, p: 1253320, s: 0 	 max proactive lookup: 16, max shadow lookup: 16
current cycle = 39825432, last update cycle = 35000468, delta = 4824964
	load umon |	misses = 4350, hits= 0 0 0 0 0 0 0 0 0 0 0 0 0 2 30 4
	write umon |	misses = 1446, hits= 0 0 0 0 0 0 0 0 0 0 0 0 0 0 0 0
num evicts: 14400000, p: 1260580, s: 0 	 max proactive lookup: 16, max shadow lookup: 16
current cycle = 40979483, last update cycle = 40000876, delta = 978607
	load umon |	misses = 2534, hits= 0 0 0 0 0 0 0 0 0 0 0 0 0 1 15 2
	write umon |	misses = 841, hits= 0 0 0 0 0 0 0 0 0 0 0 0 0 0 0 0
num evicts: 14500000, p: 1267483, s: 0 	 max proactive lookup: 16, max shadow lookup: 16
current cycle = 42117088, last update cycle = 40000876, delta = 2116212
	load umon |	misses = 2927, hits= 0 0 0 0 0 0 0 0 0 0 0 0 0 1 15 2
	write umon |	misses = 975, hits= 0 0 0 0 0 0 0 0 0 0 0 0 0 0 0 0
num evicts: 14600000, p: 1274854, s: 0 	 max proactive lookup: 16, max shadow lookup: 16
current cycle = 43232733, last update cycle = 40000876, delta = 3231857
	load umon |	misses = 3316, hits= 0 0 0 0 0 0 0 0 0 0 0 0 0 1 15 2
	write umon |	misses = 1104, hits= 0 0 0 0 0 0 0 0 0 0 0 0 0 0 0 0
num evicts: 14700000, p: 1282222, s: 0 	 max proactive lookup: 16, max shadow lookup: 16
current cycle = 44360498, last update cycle = 40000876, delta = 4359622
	load umon |	misses = 3708, hits= 0 0 0 0 0 0 0 0 0 0 0 0 0 1 20 2
	write umon |	misses = 1234, hits= 0 0 0 0 0 0 0 0 0 0 0 0 0 0 0 0
Heartbeat CPU 4 instructions: 30000005 cycles: 44536910 heartbeat IPC: 0.3203 cumulative IPC: 0.1793 (Simulation time: 02 hr 02 min 18 sec)
Heartbeat CPU 6 instructions: 30000005 cycles: 44579038 heartbeat IPC: 0.3198 cumulative IPC: 0.179 (Simulation time: 02 hr 02 min 22 sec)
Heartbeat CPU 5 instructions: 30000005 cycles: 44603047 heartbeat IPC: 0.3196 cumulative IPC: 0.1788 (Simulation time: 02 hr 02 min 24 sec)
Heartbeat CPU 7 instructions: 30000005 cycles: 44723628 heartbeat IPC: 0.3184 cumulative IPC: 0.1781 (Simulation time: 02 hr 02 min 35 sec)
Heartbeat CPU 0 instructions: 30000005 cycles: 44859833 heartbeat IPC: 0.317 cumulative IPC: 0.1771 (Simulation time: 02 hr 02 min 48 sec)
Heartbeat CPU 3 instructions: 30000005 cycles: 44902384 heartbeat IPC: 0.3166 cumulative IPC: 0.1769 (Simulation time: 02 hr 02 min 52 sec)
Heartbeat CPU 2