[VMEM] WARNING: physical memory size is smaller than virtual memory size.

*** ChampSim Multicore Out-of-Order Simulator ***
Warmup Instructions: 25000000
Simulation Instructions: 25000000
Number of CPUs: 8
Page size: 2097152

initializing BARD -- num sampled sets: 64, modulus = 256
CL :	 16.64 ns
CWL :	 15.808 ns
tRP :	 16.224 ns
tRCD :	 16.224 ns
tRAS :	 32.032000000000004 ns
tRTP :	 7.904 ns
tWR :	 30.368000000000002 ns

tCCD_S :	 3.3280000000000003 ns
tCCD_S_WR :	 3.3280000000000003 ns
tCCD_S_WTR :	 22.048000000000002 ns
tCCD_L :	 5.408 ns
tCCD_L_WR :	 20.384 ns
tCCD_L_WTR :	 29.536 ns
tRRD_S :	 3.3280000000000003 ns
tRRD_L :	 5.408 ns
tFAW :	 13.728 ns
Address mapping (perm = 1) 	ch co bg bg bg ba ba co co co co co co ro ro ro ro ro ro ro ro ro ro ro ro ro ro ro 
dram queue size: R = 64 W = 48 (low:high is 9:39)
num evicts: 0, p: 0, s: 0 	 max proactive lookup: 16, max shadow lookup: 16
current cycle = 177608, last update cycle = 0, delta = 177608
	load umon |	misses = 554, hits= 1 0 0 0 0 0 0 1 0 0 0 0 0 1 0 11
	write umon |	misses = 0, hits= 0 0 0 0 0 0 0 0 0 0 0 0 0 0 0 0
num evicts: 100000, p: 13851, s: 0 	 max proactive lookup: 16, max shadow lookup: 16
current cycle = 512164, last update cycle = 0, delta = 512164
	load umon |	misses = 1426, hits= 1 0 0 0 0 0 0 1 0 0 0 0 0 1 0 11
	write umon |	misses = 200, hits= 0 0 0 0 0 0 0 0 0 0 0 0 0 0 0 0
num evicts: 200000, p: 26365, s: 0 	 max proactive lookup: 16, max shadow lookup: 16
current cycle = 662164, last update cycle = 0, delta = 662164
	load umon |	misses = 1810, hits= 1 0 0 0 0 0 0 1 0 0 0 0 0 1 0 11
	write umon |	misses = 392, hits= 0 0 0 0 0 0 0 0 0 0 0 0 0 0 0 0
num evicts: 300000, p: 39032, s: 0 	 max proactive lookup: 16, max shadow lookup: 16
current cycle = 812163, last update cycle = 0, delta = 812163
	load umon |	misses = 2202, hits= 1 0 0 0 0 0 0 1 0 0 0 0 0 1 0 11
	write umon |	misses = 584, hits= 0 0 0 0 0 0 0 0 0 0 0 0 0 0 0 0
num evicts: 400000, p: 52833, s: 0 	 max proactive lookup: 16, max shadow lookup: 16
current cycle = 962169, last update cycle = 0, delta = 962169
	load umon |	misses = 2595, hits= 1 0 0 0 0 0 0 1 0 0 0 0 0 1 4 14
	write umon |	misses = 784, hits= 0 0 0 0 0 0 0 0 0 0 0 0 0 0 0 0
num evicts: 500000, p: 65478, s: 0 	 max proactive lookup: 16, max shadow lookup: 16
current cycle = 1112179, last update cycle = 0, delta = 1112179
	load umon |	misses = 2987, hits= 1 0 0 0 0 0 0 1 0 0 0 1 0 1 8 17
	write umon |	misses = 977, hits= 0 0 0 0 0 0 0 0 0 0 0 0 0 0 0 0
num evicts: 600000, p: 78272, s: 0 	 max proactive lookup: 16, max shadow lookup: 16
current cycle = 1262180, last update cycle = 0, delta = 1262180
	load umon |	misses = 3379, hits= 1 0 0 0 0 0 0 1 0 0 0 1 0 1 8 17
	write umon |	misses = 1176, hits= 0 0 0 0 0 0 0 0 0 0 0 0 0 0 0 0
num evicts: 700000, p: 91327, s: 0 	 max proactive lookup: 16, max shadow lookup: 16
current cycle = 1412180, last update cycle = 0, delta = 1412180
	load umon |	misses = 3765, hits= 1 0 0 0 0 0 0 1 0 0 0 1 0 1 8 17
	write umon |	misses = 1368, hits= 0 0 0 0 0 0 0 0 0 0 0 0 0 0 0 0
num evicts: 800000, p: 104524, s: 0 	 max proactive lookup: 16, max shadow lookup: 16
current cycle = 1562180, last update cycle = 0, delta = 1562180
	load umon |	misses = 4159, hits= 1 0 0 0 0 0 0 1 0 0 0 1 0 1 8 17
	write umon |	misses = 1564, hits= 0 0 0 0 0 0 0 0 0 0 0 0 0 0 0 0
num evicts: 900000, p: 118348, s: 0 	 max proactive lookup: 16, max shadow lookup: 16
current cycle = 1712185, last update cycle = 0, delta = 1712185
	load umon |	misses = 4548, hits= 1 0 0 0 0 0 0 1 0 0 0 1 0 2 10 21
	write umon |	misses = 1760, hits= 0 0 0 0 0 0 0 0 0 0 0 0 0 0 0 0
num evicts: 1000000, p: 131876, s: 0 	 max proactive lookup: 16, max shadow lookup: 16
current cycle = 1862192, last update cycle = 0, delta = 1862192
	load umon |	misses = 4941, hits= 1 0 0 0 0 0 0 1 0 0 0 2 0 2 14 24
	write umon |	misses = 1954, hits= 0 0 0 0 0 0 0 0 0 0 0 0 0 0 0 0
num evicts: 1100000, p: 145539, s: 0 	 max proactive lookup: 16, max shadow lookup: 16
current cycle = 2012194, last update cycle = 0, delta = 2012194
	load umon |	misses = 5332, hits= 1 0 0 0 0 0 0 1 0 0 0 2 0 2 14 24
	write umon |	misses = 2152, hits= 0 0 0 0 0 0 0 0 0 0 0 0 0 0 0 0
num evicts: 1200000, p: 162057, s: 0 	 max proactive lookup: 16, max shadow lookup: 16
current cycle = 2162193, last update cycle = 0, delta = 2162193
	load umon |	misses = 5721, hits= 1 0 0 0 0 0 0 1 0 0 0 2 0 2 14 24
	write umon |	misses = 2344, hits= 0 0 0 0 0 0 0 0 0 0 0 0 0 0 0 0
num evicts: 1300000, p: 178512, s: 0 	 max proactive lookup: 16, max shadow lookup: 16
current cycle = 2312193, last update cycle = 0, delta = 2312193
	load umon |	misses = 6116, hits= 1 0 0 0 0 0 0 1 0 0 0 2 0 2 14 24
	write umon |	misses = 2544, hits= 0 0 0 0 0 0 0 0 0 0 0 0 0 0 0 0
num evicts: 1400000, p: 194024, s: 0 	 max proactive lookup: 16, max shadow lookup: 16
current cycle = 2462202, last update cycle = 0, delta = 2462202
	load umon |	misses = 6501, hits= 1 0 0 0 0 0 0 1 0 0 0 2 0 2 19 26
	write umon |	misses = 2736, hits= 0 0 0 0 0 0 0 0 0 0 0 0 0 0 0 0
num evicts: 1500000, p: 208248, s: 0 	 max proactive lookup: 16, max shadow lookup: 16
current cycle = 2612213, last update cycle = 0, delta = 2612213
	load umon |	misses = 6896, hits= 1 0 0 0 0 0 0 1 0 0 0 2 1 2 24 28
	write umon |	misses = 2932, hits= 0 0 0 0 0 0 0 0 0 0 0 0 0 0 0 0
num evicts: 1600000, p: 222305, s: 0 	 max proactive lookup: 16, max shadow lookup: 16
current cycle = 2762205, last update cycle = 0, delta = 2762205
	load umon |	misses = 7285, hits= 1 0 0 0 0 0 0 1 0 0 0 2 1 2 24 28
	write umon |	misses = 3129, hits= 0 0 0 0 0 0 0 0 0 0 0 0 0 0 0 0
num evicts: 1700000, p: 238654, s: 0 	 max proactive lookup: 16, max shadow lookup: 16
current cycle = 2912206, last update cycle = 0, delta = 2912206
	load umon |	misses = 7671, hits= 1 0 0 0 0 0 0 1 0 0 0 2 1 2 24 28
	write umon |	misses = 3321, hits= 0 0 0 0 0 0 0 0 0 0 0 0 0 0 0 0
num evicts: 1800000, p: 255513, s: 0 	 max proactive lookup: 16, max shadow lookup: 16
current cycle = 3062205, last update cycle = 0, delta = 3062205
	load umon |	misses = 8069, hits= 1 0 0 0 0 0 0 1 0 0 0 2 1 2 24 28
	write umon |	misses = 3520, hits= 0 0 0 0 0 0 0 0 0 0 0 0 0 0 0 0
num evicts: 1900000, p: 272183, s: 0 	 max proactive lookup: 16, max shadow lookup: 16
current cycle = 3212214, last update cycle = 0, delta = 3212214
	load umon |	misses = 8456, hits= 1 0 0 0 0 0 0 1 0 0 0 2 1 2 30 29
	write umon |	misses = 3713, hits= 0 0 0 0 0 0 0 0 0 0 0 0 0 0 0 0
num evicts: 2000000, p: 287341, s: 0 	 max proactive lookup: 16, max shadow lookup: 16
current cycle = 3362222, last update cycle = 0, delta = 3362222
	load umon |	misses = 8853, hits= 1 0 0 0 0 0 0 1 0 0 0 2 1 3 35 31
	write umon |	misses = 3912, hits= 0 0 0 0 0 0 0 0 0 0 0 0 0 0 0 0
num evicts: 2100000, p: 301660, s: 0 	 max proactive lookup: 16, max shadow lookup: 16
current cycle = 3512225, last update cycle = 0, delta = 3512225
	load umon |	misses = 9238, hits= 1 0 0 0 0 0 0 1 0 0 0 2 1 3 35 31
	write umon |	misses = 4105, hits= 0 0 0 0 0 0 0 0 0 0 0 0 0 0 0 0
num evicts: 2200000, p: 315579, s: 0 	 max proactive lookup: 16, max shadow lookup: 16
current cycle = 3662223, last update cycle = 0, delta = 3662223
	load umon |	misses = 9626, hits= 1 0 0 0 0 0 0 1 0 0 0 2 1 3 35 31
	write umon |	misses = 4298, hits= 0 0 0 0 0 0 0 0 0 0 0 0 0 0 0 0
num evicts: 2300000, p: 329292, s: 0 	 max proactive lookup: 16, max shadow lookup: 16
current cycle = 3812222, last update cycle = 0, delta = 3812222
	load umon |	misses = 10022, hits= 1 0 0 0 0 0 0 1 0 0 0 2 1 3 35 31
	write umon |	misses = 4496, hits= 0 0 0 0 0 0 0 0 0 0 0 0 0 0 0 0
num evicts: 2400000, p: 342893, s: 0 	 max proactive lookup: 16, max shadow lookup: 16
current cycle = 3962222, last update cycle = 0, delta = 3962222
	load umon |	misses = 10407, hits= 1 0 0 0 0 0 0 1 0 0 0 2 1 3 35 31
	write umon |	misses = 4688, hits= 0 0 0 0 0 0 0 0 0 0 0 0 0 0 0 0
num evicts: 2500000, p: 357199, s: 0 	 max proactive lookup: 16, max shadow lookup: 16
current cycle = 4112251, last update cycle = 0, delta = 4112251
	load umon |	misses = 10807, hits= 1 0 0 0 0 0 0 1 0 0 0 2 1 4 46 34
	write umon |	misses = 4889, hits= 0 0 0 0 0 0 0 0 0 0 0 0 0 0 0 0
num evicts: 2600000, p: 370544, s: 0 	 max proactive lookup: 16, max shadow lookup: 16
current cycle = 4262236, last update cycle = 0, delta = 4262236
	load umon |	misses = 11192, hits= 1 0 0 0 0 0 0 1 0 0 0 2 1 4 46 34
	write umon |	misses = 5081, hits= 0 0 0 0 0 0 0 0 0 0 0 0 0 0 0 0
num evicts: 2700000, p: 383959, s: 0 	 max proactive lookup: 16, max shadow lookup: 16
current cycle = 4412236, last update cycle = 0, delta = 4412236
	load umon |	misses = 11585, hits= 1 0 0 0 0 0 0 1 0 0 0 2 1 4 46 34
	write umon |	misses = 5277, hits= 0 0 0 0 0 0 0 0 0 0 0 0 0 0 0 0
num evicts: 2800000, p: 397567, s: 0 	 max proactive lookup: 16, max shadow lookup: 16
current cycle = 4562237, last update cycle = 0, delta = 4562237
	load umon |	misses = 11975, hits= 1 0 0 0 0 0 0 1 0 0 0 2 1 4 46 34
	write umon |	misses = 5472, hits= 0 0 0 0 0 0 0 0 0 0 0 0 0 0 0 0
num evicts: 2900000, p: 411222, s: 0 	 max proactive lookup: 16, max shadow lookup: 16
current cycle = 4712237, last update cycle = 0, delta = 4712237
	load umon |	misses = 12362, hits= 1 0 0 0 0 0 0 1 0 0 0 2 1 4 46 34
	write umon |	misses = 5665, hits= 0 0 0 0 0 0 0 0 0 0 0 0 0 0 0 0
num evicts: 3000000, p: 425590, s: 0 	 max proactive lookup: 16, max shadow lookup: 16
current cycle = 4862246, last update cycle = 0, delta = 4862246
	load umon |	misses = 12760, hits= 1 0 0 0 0 0 0 1 0 0 0 2 1 4 52 35
	write umon |	misses = 5864, hits= 0 0 0 0 0 0 0 0 0 0 0 0 0 0 0 0
num evicts: 3100000, p: 440393, s: 0 	 max proactive lookup: 16, max shadow lookup: 16
current cycle = 5012251, last update cycle = 5000004, delta = 12247
	load umon |	misses = 6588, hits= 0 0 0 0 0 0 0 0 0 0 0 1 0 3 28 18
	write umon |	misses = 3036, hits= 0 0 0 0 0 0 0 0 0 0 0 0 0 0 0 0
num evicts: 3200000, p: 455092, s: 0 	 max proactive lookup: 16, max shadow lookup: 16
current cycle = 5162251, last update cycle = 5000004, delta = 162247
	load umon |	misses = 6987, hits= 0 0 0 0 0 0 0 0 0 0 0 1 0 3 28 18
	write umon |	misses = 3235, hits= 0 0 0 0 0 0 0 0 0 0 0 0 0 0 0 0
num evicts: 3300000, p: 468391, s: 0 	 max proactive lookup: 16, max shadow lookup: 16
current cycle = 5312251, last update cycle = 5000004, delta = 312247
	load umon |	misses = 7372, hits= 0 0 0 0 0 0 0 0 0 0 0 1 0 3 28 18
	write umon |	misses = 3427, hits= 0 0 0 0 0 0 0 0 0 0 0 0 0 0 0 0
num evicts: 3400000, p: 481874, s: 0 	 max proactive lookup: 16, max shadow lookup: 16
current cycle = 5462251, last update cycle = 5000004, delta = 462247
	load umon |	misses = 7760, hits= 0 0 0 0 0 0 0 0 0 0 0 1 0 3 28 18
	write umon |	misses = 3620, hits= 0 0 0 0 0 0 0 0 0 0 0 0 0 0 0 0
num evicts: 3500000, p: 494507, s: 0 	 max proactive lookup: 16, max shadow lookup: 16
current cycle = 5612264, last update cycle = 5000004, delta = 612260
	load umon |	misses = 8156, hits= 0 0 0 0 0 0 0 0 0 0 0 1 0 4 32 20
	write umon |	misses = 3819, hits= 0 0 0 0 0 0 0 0 0 0 0 0 0 0 0 0
num evicts: 3600000, p: 506989, s: 0 	 max proactive lookup: 16, max shadow lookup: 16
current cycle = 5762273, last update cycle = 5000004, delta = 762269
	load umon |	misses = 8543, hits= 0 0 0 0 0 0 0 0 0 0 0 1 0 7 34 23
	write umon |	misses = 4013, hits= 0 0 0 0 0 0 0 0 0 0 0 0 0 0 0 0
num evicts: 3700000, p: 519924, s: 0 	 max proactive lookup: 16, max shadow lookup: 16
current cycle = 5912264, last update cycle = 5000004, delta = 912260
	load umon |	misses = 8936, hits= 0 0 0 0 0 0 0 0 0 0 0 1 0 7 34 23
	write umon |	misses = 4208, hits= 0 0 0 0 0 0 0 0 0 0 0 0 0 0 0 0
Heartbeat CPU 1 instructions: 10000003 cycles: 5967100 heartbeat IPC: 1.676 cumulative IPC: 1.676 (Simulation time: 00 hr 25 min 15 sec)
Heartbeat CPU 2 instructions: 10000003 cycles: 5968532 heartbeat IPC: 1.675 cumulative IPC: 1.675 (Simulation time: 00 hr 25 min 15 sec)
Heartbeat CPU 3 instructions: 10000003 cycles: 5969038 heartbeat IPC: 1.675 cumulative IPC: 1.675 (Simulation time: 00 hr 25 min 15 sec)
Heartbeat CPU 4 instructions: 10000003 cycles: 5969119 heartbeat IPC: 1.675 cumulative IPC: 1.675 (Simulation time: 00 hr 25 min 15 sec)
Heartbeat CPU 5 instructions: 10000003 cycles: 5969368 heartbeat IPC: 1.675 cumulative IPC: 1.675 (Simulation time: 00 hr 25 min 15 sec)
Heartbeat CPU 6 instructions: 10000003 cycles: 5969600 heartbeat IPC: 1.675 cumulative IPC: 1.675 (Simulation time: 00 hr 25 min 15 sec)
Heartbeat CPU 7 instructions: 10000003 cycles: 5969864 heartbeat IPC: 1.675 cumulative IPC: 1.675 (Simulation time: 00 hr 25 min 16 sec)
Heartbeat CPU 0 instructions: 10000003 cycles: 5970042 heartbeat IPC: 1.675 cumulative IPC: 1.675 (Simulation time: 00 hr 25 min 16 sec)
num evicts: 3800000, p: 533847, s: 0 	 max proactive lookup: 16, max shadow lookup: 16
current cycle = 6062265, last update cycle = 5000004, delta = 1062261
	load umon |	misses = 9324, hits= 0 0 0 0 0 0 0 0 0 0 0 1 0 7 34 23
	write umon |	misses = 4403, hits= 0 0 0 0 0 0 0 0 0 0 0 0 0 0 0 0
num evicts: 3900000, p: 547860, s: 0 	 max proactive lookup: 16, max shadow lookup: 16
current cycle = 6212264, last update cycle = 5000004, delta = 1212260
	load umon |	misses = 9716, hits= 0 0 0 0 0 0 0 0 0 0 0 1 0 7 34 23
	write umon |	misses = 4596, hits= 0 0 0 0 0 0 0 0 0 0 0 0 0 0 0 0
num evicts: 4000000, p: 562053, s: 0 	 max proactive lookup: 16, max shadow lookup: 16
current cycle = 6362272, last update cycle = 5000004, delta = 1362268
	load umon |	misses = 10109, hits= 0 0 0 0 0 0 0 0 0 0 0 1 0 8 38 25
	write umon |	misses = 4795, hits= 0 0 0 0 0 0 0 0 0 0 0 0 0 0 0 0
num evicts: 4100000, p: 576589, s: 0 	 max proactive lookup: 16, max shadow lookup: 16
current cycle = 6512280, last update cycle = 5000004, delta = 1512276
	load umon |	misses = 10498, hits= 0 0 0 0 0 0 0 0 0 0 0 1 0 10 43 26
	write umon |	misses = 4989, hits= 0 0 0 0 0 0 0 0 0 0 0 0 0 0 0 0
num evicts: 4200000, p: 590333, s: 0 	 max proactive lookup: 16, max shadow lookup: 16
current cycle = 6662280, last update cycle = 5000004, delta = 1662276
	load umon |	misses = 10891, hits= 0 0 0 0 0 0 0 0 0 0 0 1 0 10 43 26
	write umon |	misses = 5186, hits= 0 0 0 0 0 0 0 0 0 0 0 0 0 0 0 0
num evicts: 4300000, p: 603668, s: 0 	 max proactive lookup: 16, max shadow lookup: 16
current cycle = 6812281, last update cycle = 5000004, delta = 1812277
	load umon |	misses = 11277, hits= 0 0 0 0 0 0 0 0 0 0 0 1 0 10 43 26
	write umon |	misses = 5379, hits= 0 0 0 0 0 0 0 0 0 0 0 0 0 0 0 0
num evicts: 4400000, p: 616639, s: 0 	 max proactive lookup: 16, max shadow lookup: 16
current cycle = 6962280, last update cycle = 5000004, delta = 1962276
	load umon |	misses = 11672, hits= 0 0 0 0 0 0 0 0 0 0 0 1 0 10 43 26
	write umon |	misses = 5574, hits= 0 0 0 0 0 0 0 0 0 0 0 0 0 0 0 0
num evicts: 4500000, p: 629646, s: 0 	 max proactive lookup: 16, max shadow lookup: 16
current cycle = 7112280, last update cycle = 5000004, delta = 2112276
	load umon |	misses = 12061, hits= 0 0 0 0 0 0 0 0 0 0 0 1 0 10 43 26
	write umon |	misses = 5771, hits= 0 0 0 0 0 0 0 0 0 0 0 0 0 0 0 0
num evicts: 4600000, p: 642497, s: 0 	 max proactive lookup: 16, max shadow lookup: 16
current cycle = 7262303, last update cycle = 5000004, delta = 2262299
	load umon |	misses = 12453, hits= 0 0 0 0 0 0 0 0 0 0 0 1 0 13 52 29
	write umon |	misses = 5965, hits= 0 0 0 0 0 0 0 0 0 0 0 0 0 0 0 0
num evicts: 4700000, p: 654466, s: 0 	 max proactive lookup: 16, max shadow lookup: 16
current cycle = 7412294, last update cycle = 5000004, delta = 2412290
	load umon |	misses = 12846, hits= 0 0 0 0 0 0 0 0 0 0 0 1 0 13 52 29
	write umon |	misses = 6164, hits= 0 0 0 0 0 0 0 0 0 0 0 0 0 0 0 0
num evicts: 4800000, p: 667543, s: 0 	 max proactive lookup: 16, max shadow lookup: 16
current cycle = 7562294, last update cycle = 5000004, delta = 2562290
	load umon |	misses = 13232, hits= 0 0 0 0 0 0 0 0 0 0 0 1 0 13 52 29
	write umon |	misses = 6356, hits= 0 0 0 0 0 0 0 0 0 0 0 0 0 0 0 0
num evicts: 4900000, p: 682850, s: 0 	 max proactive lookup: 16, max shadow lookup: 16
current cycle = 7712294, last update cycle = 5000004, delta = 2712290
	load umon |	misses = 13628, hits= 0 0 0 0 0 0 0 0 0 0 0 1 0 13 52 29
	write umon |	misses = 6553, hits= 0 0 0 0 0 0 0 0 0 0 0 0 0 0 0 0
num evicts: 5000000, p: 698137, s: 0 	 max proactive lookup: 16, max shadow lookup: 16
current cycle = 7862295, last update cycle = 5000004, delta = 2862291
	load umon |	misses = 14014, hits= 0 0 0 0 0 0 0 0 0 0 0 1 0 13 52 29
	write umon |	misses = 6747, hits= 0 0 0 0 0 0 0 0 0 0 0 0 0 0 0 0
num evicts: 5100000, p: 713570, s: 0 	 max proactive lookup: 16, max shadow lookup: 16
current cycle = 8012301, last update cycle = 5000004, delta = 3012297
	load umon |	misses = 14403, hits= 0 0 0 0 0 0 0 0 0 0 0 1 0 14 57 30
	write umon |	misses = 6941, hits= 0 0 0 0 0 0 0 0 0 0 0 0 0 0 0 0
num evicts: 5200000, p: 729336, s: 0 	 max proactive lookup: 16, max shadow lookup: 16
current cycle = 8162308, last update cycle = 5000004, delta = 3162304
	load umon |	misses = 14799, hits= 0 0 0 0 0 0 0 0 0 0 0 1 0 15 63 31
	write umon |	misses = 7140, hits= 0 0 0 0 0 0 0 0 0 0 0 0 0 0 0 0
num evicts: 5300000, p: 744948, s: 0 	 max proactive lookup: 16, max shadow lookup: 16
current cycle = 8312307, last update cycle = 5000004, delta = 3312303
	load umon |	misses = 15185, hits= 0 0 0 0 0 0 0 0 0 0 0 1 0 15 63 31
	write umon |	misses = 7332, hits= 0 0 0 0 0 0 0 0 0 0 0 0 0 0 0 0
num evicts: 5400000, p: 760932, s: 0 	 max proactive lookup: 16, max shadow lookup: 16
current cycle = 8462308, last update cycle = 5000004, delta = 3462304
	load umon |	misses = 15583, hits= 0 0 0 0 0 0 0 0 0 0 0 1 0 15 63 31
	write umon |	misses = 7531, hits= 0 0 0 0 0 0 0 0 0 0 0 0 0 0 0 0
num evicts: 5500000, p: 776972, s: 0 	 max proactive lookup: 16, max shadow lookup: 16
current cycle = 8612308, last update cycle = 5000004, delta = 3612304
	load umon |	misses = 15968, hits= 0 0 0 0 0 0 0 0 0 0 0 1 0 15 63 31
	write umon |	misses = 7723, hits= 0 0 0 0 0 0 0 0 0 0 0 0 0 0 0 0
num evicts: 5600000, p: 793018, s: 0 	 max proactive lookup: 16, max shadow lookup: 16
current cycle = 8762318, last update cycle = 5000004, delta = 3762314
	load umon |	misses = 16362, hits= 0 0 0 0 0 0 0 0 0 0 0 1 0 15 69 32
	write umon |	misses = 7920, hits= 0 0 0 0 0 0 0 0 0 0 0 0 0 0 0 0
num evicts: 5700000, p: 809048, s: 0 	 max proactive lookup: 16, max shadow lookup: 16
current cycle = 8912322, last update cycle = 5000004, delta = 3912318
	load umon |	misses = 16752, hits= 0 0 0 0 0 0 0 0 0 0 0 1 0 17 74 33
	write umon |	misses = 8116, hits= 0 0 0 0 0 0 0 0 0 0 0 0 0 0 0 0
num evicts: 5800000, p: 825144, s: 0 	 max proactive lookup: 16, max shadow lookup: 16
current cycle = 9062321, last update cycle = 5000004, delta = 4062317
	load umon |	misses = 17139, hits= 0 0 0 0 0 0 0 0 0 0 0 1 0 17 74 33
	write umon |	misses = 8309, hits= 0 0 0 0 0 0 0 0 0 0 0 0 0 0 0 0
num evicts: 5900000, p: 840862, s: 0 	 max proactive lookup: 16, max shadow lookup: 16
current cycle = 9212321, last update cycle = 5000004, delta = 4212317
	load umon |	misses = 17536, hits= 0 0 0 0 0 0 0 0 0 0 0 1 0 17 74 33
	write umon |	misses = 8507, hits= 0 0 0 0 0 0 0 0 0 0 0 0 0 0 0 0
num evicts: 6000000, p: 856505, s: 0 	 max proactive lookup: 16, max shadow lookup: 16
current cycle = 9362321, last update cycle = 5000004, delta = 4362317
	load umon |	misses = 17921, hits= 0 0 0 0 0 0 0 0 0 0 0 1 0 17 74 33
	write umon |	misses = 8699, hits= 0 0 0 0 0 0 0 0 0 0 0 0 0 0 0 0
num evicts: 6100000, p: 872192, s: 0 	 max proactive lookup: 16, max shadow lookup: 16
current cycle = 9512331, last update cycle = 5000004, delta = 4512327
	load umon |	misses = 18321, hits= 0 0 0 0 0 0 0 0 0 0 0 1 0 17 80 34
	write umon |	misses = 8899, hits= 0 0 0 0 0 0 0 0 0 0 0 0 0 0 0 0
num evicts: 6200000, p: 888295, s: 0 	 max proactive lookup: 16, max shadow lookup: 16
current cycle = 9662339, last update cycle = 5000004, delta = 4662335
	load umon |	misses = 18706, hits= 0 0 0 0 0 0 0 0 0 0 0 1 0 19 84 36
	write umon |	misses = 9092, hits= 0 0 0 0 0 0 0 0 0 0 0 0 0 0 0 0
num evicts: 6300000, p: 904313, s: 0 	 max proactive lookup: 16, max shadow lookup: 16
current cycle = 9812336, last update cycle = 5000004, delta = 4812332
	load umon |	misses = 19094, hits= 0 0 0 0 0 0 0 0 0 0 0 1 0 19 84 36
	write umon |	misses = 9285, hits= 0 0 0 0 0 0 0 0 0 0 0 0 0 0 0 0
num evicts: 6400000, p: 919141, s: 0 	 max proactive lookup: 16, max shadow lookup: 16
current cycle = 9962336, last update cycle = 5000004, delta = 4962332
	load umon |	misses = 19489, hits= 0 0 0 0 0 0 0 0 0 0 0 1 0 19 84 36
	write umon |	misses = 9483, hits= 0 0 0 0 0 0 0 0 0 0 0 0 0 0 0 0
num evicts: 6500000, p: 933335, s: 0 	 max proactive lookup: 16, max shadow lookup: 16
current cycle = 10112336, last update cycle = 10000006, delta = 112330
	load umon |	misses = 10082, hits= 0 0 0 0 0 0 0 0 0 0 0 0 0 9 42 18
	write umon |	misses = 4909, hits= 0 0 0 0 0 0 0 0 0 0 0 0 0 0 0 0
num evicts: 6600000, p: 947584, s: 0 	 max proactive lookup: 16, max shadow lookup: 16
current cycle = 10262362, last update cycle = 10000006, delta = 262356
	load umon |	misses = 10481, hits= 0 0 0 0 0 0 0 0 0 0 0 0 0 9 48 19
	write umon |	misses = 5109, hits= 0 0 0 0 0 0 0 0 0 0 0 0 0 0 0 0
num evicts: 6700000, p: 960978, s: 0 	 max proactive lookup: 16, max shadow lookup: 16
current cycle = 10412353, last update cycle = 10000006, delta = 412347
	load umon |	misses = 10866, hits= 0 0 0 0 0 0 0 0 0 0 0 0 0 10 54 20
	write umon |	misses = 5302, hits= 0 0 0 0 0 0 0 0 0 0 0 0 0 0 0 0
num evicts: 6800000, p: 973895, s: 0 	 max proactive lookup: 16, max shadow lookup: 16
current cycle = 10562352, last update cycle = 10000006, delta = 562346
	load umon |	misses = 11257, hits= 0 0 0 0 0 0 0 0 0 0 0 0 0 10 54 20
	write umon |	misses = 5495, hits= 0 0 0 0 0 0 0 0 0 0 0 0 0 0 0 0
num evicts: 6900000, p: 987367, s: 0 	 max proactive lookup: 16, max shadow lookup: 16
current cycle = 10712352, last update cycle = 10000006, delta = 712346
	load umon |	misses = 11649, hits= 0 0 0 0 0 0 0 0 0 0 0 0 0 10 54 20
	write umon |	misses = 5693, hits= 0 0 0 0 0 0 0 0 0 0 0 0 0 0 0 0
num evicts: 7000000, p: 1001638, s: 0 	 max proactive lookup: 16, max shadow lookup: 16
current cycle = 10862352, last update cycle = 10000006, delta = 862346
	load umon |	misses = 12038, hits= 0 0 0 0 0 0 0 0 0 0 0 0 0 10 54 20
	write umon |	misses = 5886, hits= 0 0 0 0 0 0 0 0 0 0 0 0 0 0 0 0
num evicts: 7100000, p: 1015854, s: 0 	 max proactive lookup: 16, max shadow lookup: 16
current cycle = 11012352, last update cycle = 10000006, delta = 1012346
	load umon |	misses = 12431, hits= 0 0 0 0 0 0 0 0 0 0 0 0 0 10 54 20
	write umon |	misses = 6083, hits= 0 0 0 0 0 0 0 0 0 0 0 0 0 0 0 0
num evicts: 7200000, p: 1029821, s: 0 	 max proactive lookup: 16, max shadow lookup: 16
current cycle = 11162358, last update cycle = 10000006, delta = 1162352
	load umon |	misses = 12818, hits= 0 0 0 0 0 0 0 0 0 0 0 0 0 11 58 22
	write umon |	misses = 6277, hits= 0 0 0 0 0 0 0 0 0 0 0 0 0 0 0 0
num evicts: 7300000, p: 1043525, s: 0 	 max proactive lookup: 16, max shadow lookup: 16
current cycle = 11312367, last update cycle = 10000006, delta = 1312361
	load umon |	misses = 13213, hits= 0 0 0 0 0 0 0 0 0 0 0 0 0 12 64 23
	write umon |	misses = 6473, hits= 0 0 0 0 0 0 0 0 0 0 0 0 0 0 0 0
num evicts: 7400000, p: 1057265, s: 0 	 max proactive lookup: 16, max shadow lookup: 16
current cycle = 11462367, last update cycle = 10000006, delta = 1462361
	load umon |	misses = 13602, hits= 0 0 0 0 0 0 0 0 0 0 0 0 0 12 64 23
	write umon |	misses = 6669, hits= 0 0 0 0 0 0 0 0 0 0 0 0 0 0 0 0
num evicts: 7500000, p: 1071234, s: 0 	 max proactive lookup: 16, max shadow lookup: 16
current cycle = 11612369, last update cycle = 10000006, delta = 1612363
	load umon |	misses = 13993, hits= 0 0 0 0 0 0 0 0 0 0 0 0 0 12 64 23
	write umon |	misses = 6862, hits= 0 0 0 0 0 0 0 0 0 0 0 0 0 0 0 0
num evicts: 7600000, p: 1085339, s: 0 	 max proactive lookup: 16, max shadow lookup: 16
current cycle = 11762367, last update cycle = 10000006, delta = 1762361
	load umon |	misses = 14386, hits= 0 0 0 0 0 0 0 0 0 0 0 0 0 12 64 23
	write umon |	misses = 7061, hits= 0 0 0 0 0 0 0 0 0 0 0 0 0 0 0 0
num evicts: 7700000, p: 1099185, s: 0 	 max proactive lookup: 16, max shadow lookup: 16
current cycle = 11912373, last update cycle = 10000006, delta = 1912367
	load umon |	misses = 14773, hits= 0 0 0 0 0 0 0 0 0 0 0 0 0 13 68 25
	write umon |	misses = 7254, hits= 0 0 0 0 0 0 0 0 0 0 0 0 0 0 0 0
Heartbeat CPU 1 instructions: 20000003 cycles: 11967244 heartbeat IPC: 1.667 cumulative IPC: 1.671 (Simulation time: 01 hr 00 min 02 sec)
Heartbeat CPU 2 instructions: 20000003 cycles: 11968557 heartbeat IPC: 1.667 cumulative IPC: 1.671 (Simulation time: 01 hr 00 min 03 sec)
Heartbeat CPU 3 instructions: 20000003 cycles: 11968966 heartbeat IPC: 1.667 cumulative IPC: 1.671 (Simulation time: 01 hr 00 min 03 sec)
Heartbeat CPU 4 instructions: 20000003 cycles: 11969326 heartbeat IPC: 1.667 cumulative IPC: 1.671 (Simulation time: 01 hr 00 min 03 sec)
Heartbeat CPU 5 instructions: 20000003 cycles: 11969535 heartbeat IPC: 1.667 cumulative IPC: 1.671 (Simulation time: 01 hr 00 min 03 sec)
Heartbeat CPU 6 instructions: 20000003 cycles: 11969727 heartbeat IPC: 1.667 cumulative IPC: 1.671 (Simulation time: 01 hr 00 min 03 sec)
Heartbeat CPU 7 instructions: 20000003 cycles: 11970017 heartbeat IPC: 1.667 cumulative IPC: 1.671 (Simulation time: 01 hr 00 min 03 sec)
Heartbeat CPU 0 instructions: 20000003 cycles: 11970202 heartbeat IPC: 1.667 cumulative IPC: 1.671 (Simulation time: 01 hr 00 min 03 sec)
num evicts: 7800000, p: 1113333, s: 0 	 max proactive lookup: 16, max shadow lookup: 16
current cycle = 12062380, last update cycle = 10000006, delta = 2062374
	load umon |	misses = 15168, hits= 0 0 0 0 0 0 0 0 0 0 0 0 0 15 72 27
	write umon |	misses = 7451, hits= 0 0 0 0 0 0 0 0 0 0 0 0 0 0 0 0
num evicts: 7900000, p: 1127811, s: 0 	 max proactive lookup: 16, max shadow lookup: 16
current cycle = 12212380, last update cycle = 10000006, delta = 2212374
	load umon |	misses = 15555, hits= 0 0 0 0 0 0 0 0 0 0 0 0 0 15 72 27
	write umon |	misses = 7646, hits= 0 0 0 0 0 0 0 0 0 0 0 0 0 0 0 0
num evicts: 8000000, p: 1143210, s: 0 	 max proactive lookup: 16, max shadow lookup: 16
current cycle = 12362380, last update cycle = 10000006, delta = 2362374
	load umon |	misses = 15945, hits= 0 0 0 0 0 0 0 0 0 0 0 0 0 15 72 27
	write umon |	misses = 7840, hits= 0 0 0 0 0 0 0 0 0 0 0 0 0 0 0 0
num evicts: 8100000, p: 1158876, s: 0 	 max proactive lookup: 16, max shadow lookup: 16
current cycle = 12512380, last update cycle = 10000006, delta = 2512374
	load umon |	misses = 16339, hits= 0 0 0 0 0 0 0 0 0 0 0 0 0 15 72 27
	write umon |	misses = 8037, hits= 0 0 0 0 0 0 0 0 0 0 0 0 0 0 0 0
num evicts: 8200000, p: 1174420, s: 0 	 max proactive lookup: 16, max shadow lookup: 16
current cycle = 12662390, last update cycle = 10000006, delta = 2662384
	load umon |	misses = 16726, hits= 0 0 0 0 0 0 0 0 0 0 0 0 0 16 77 28
	write umon |	misses = 8230, hits= 0 0 0 0 0 0 0 0 0 0 0 0 0 0 0 0
num evicts: 8300000, p: 1189716, s: 0 	 max proactive lookup: 16, max shadow lookup: 16
current cycle = 12812404, last update cycle = 10000006, delta = 2812398
	load umon |	misses = 17124, hits= 0 0 0 0 0 0 0 0 0 0 0 0 0 17 82 30
	write umon |	misses = 8430, hits= 0 0 0 0 0 0 0 0 0 0 0 0 0 0 0 0
num evicts: 8400000, p: 1205313, s: 0 	 max proactive lookup: 16, max shadow lookup: 16
current cycle = 12962397, last update cycle = 10000006, delta = 2962391
	load umon |	misses = 17509, hits= 0 0 0 0 0 0 0 0 0 0 0 0 0 17 82 30
	write umon |	misses = 8622, hits= 0 0 0 0 0 0 0 0 0 0 0 0 0 0 0 0
num evicts: 8500000, p: 1219354, s: 0 	 max proactive lookup: 16, max shadow lookup: 16
current cycle = 13112396, last update cycle = 10000006, delta = 3112390
	load umon |	misses = 17900, hits= 0 0 0 0 0 0 0 0 0 0 0 0 0 17 82 30
	write umon |	misses = 8817, hits= 0 0 0 0 0 0 0 0 0 0 0 0 0 0 0 0
num evicts: 8600000, p: 1232387, s: 0 	 max proactive lookup: 16, max shadow lookup: 16
current cycle = 13262398, last update cycle = 10000006, delta = 3262392
	load umon |	misses = 18292, hits= 0 0 0 0 0 0 0 0 0 0 0 0 0 17 82 30
	write umon |	misses = 9013, hits= 0 0 0 0 0 0 0 0 0 0 0 0 0 0 0 0
num evicts: 8700000, p: 1245487, s: 0 	 max proactive lookup: 16, max shadow lookup: 16
current cycle = 13412407, last update cycle = 10000006, delta = 3412401
	load umon |	misses = 18681, hits= 0 0 0 0 0 0 0 0 0 0 0 0 0 18 86 32
	write umon |	misses = 9207, hits= 0 0 0 0 0 0 0 0 0 0 0 0 0 0 0 0
num evicts: 8800000, p: 1258609, s: 0 	 max proactive lookup: 16, max shadow lookup: 16
current cycle = 13562412, last update cycle = 10000006, delta = 3562406
	load umon |	misses = 19077, hits= 0 0 0 0 0 0 0 0 0 0 0 0 0 20 91 33
	write umon |	misses = 9406, hits= 0 0 0 0 0 0 0 0 0 0 0 0 0 0 0 0
num evicts: 8900000, p: 1271648, s: 0 	 max proactive lookup: 16, max shadow lookup: 16
current cycle = 13712411, last update cycle = 10000006, delta = 3712405
	load umon |	misses = 19462, hits= 0 0 0 0 0 0 0 0 0 0 0 0 0 20 91 33
	write umon |	misses = 9598, hits= 0 0 0 0 0 0 0 0 0 0 0 0 0 0 0 0
num evicts: 9000000, p: 1284918, s: 0 	 max proactive lookup: 16, max shadow lookup: 16
current cycle = 13862412, last update cycle = 10000006, delta = 3862406
	load umon |	misses = 19859, hits= 0 0 0 0 0 0 0 0 0 0 0 0 0 20 91 33
	write umon |	misses = 9796, hits= 0 0 0 0 0 0 0 0 0 0 0 0 0 0 0 0
num evicts: 9100000, p: 1298294, s: 0 	 max proactive lookup: 16, max shadow lookup: 16
current cycle = 14012411, last update cycle = 10000006, delta = 4012405
	load umon |	misses = 20246, hits= 0 0 0 0 0 0 0 0 0 0 0 0 0 20 91 33
	write umon |	misses = 9989, hits= 0 0 0 0 0 0 0 0 0 0 0 0 0 0 0 0
num evicts: 9200000, p: 1311621, s: 0 	 max proactive lookup: 16, max shadow lookup: 16
current cycle = 14162411, last update cycle = 10000006, delta = 4162405
	load umon |	misses = 20634, hits= 0 0 0 0 0 0 0 0 0 0 0 0 0 20 91 33
	write umon |	misses = 10182, hits= 0 0 0 0 0 0 0 0 0 0 0 0 0 0 0 0
num evicts: 9300000, p: 1324370, s: 0 	 max proactive lookup: 16, max shadow lookup: 16
current cycle = 14312416, last update cycle = 10000006, delta = 4312410
	load umon |	misses = 21030, hits= 0 0 0 0 0 0 0 0 0 0 0 0 0 21 95 35
	write umon |	misses = 10381, hits= 0 0 0 0 0 0 0 0 0 0 0 0 0 0 0 0
num evicts: 9400000, p: 1337556, s: 0 	 max proactive lookup: 16, max shadow lookup: 16
current cycle = 14462425, last update cycle = 10000006, delta = 4462419
	load umon |	misses = 21416, hits= 0 0 0 0 0 0 0 0 0 0 0 0 0 23 99 37
	write umon |	misses = 10574, hits= 0 0 0 0 0 0 0 0 0 0 0 0 0 0 0 0
num evicts: 9500000, p: 1350103, s: 0 	 max proactive lookup: 16, max shadow lookup: 16
current cycle = 14612425, last update cycle = 10000006, delta = 4612419
	load umon |	misses = 21814, hits= 0 0 0 0 0 0 0 0 0 0 0 0 0 23 99 37
	write umon |	misses = 10773, hits= 0 0 0 0 0 0 0 0 0 0 0 0 0 0 0 0
num evicts: 9600000, p: 1359366, s: 0 	 max proactive lookup: 16, max shadow lookup: 16
current cycle = 14762425, last update cycle = 10000006, delta = 4762419
	load umon |	misses = 22199, hits= 0 0 0 0 0 0 0 0 0 0 0 0 0 23 99 37
	write umon |	misses = 10965, hits= 0 0 0 0 0 0 0 0 0 0 0 0 0 0 0 0
num evicts: 9700000, p: 1368712, s: 0 	 max proactive lookup: 16, max shadow lookup: 16
current cycle = 14912426, last update cycle = 10000006, delta = 4912420
	load umon |	misses = 22589, hits= 0 0 0 0 0 0 0 0 0 0 0 0 0 23 99 37
	write umon |	misses = 11158, hits= 0 0 0 0 0 0 0 0 0 0 0 0 0 0 0 0
Warmup finished CPU 1 instructions: 25000003 cycles: 14967396 cumulative IPC: 1.67 (Simulation time: 01 hr 13 min 52 sec)
Warmup finished CPU 2 instructions: 25000003 cycles: 14968597 cumulative IPC: 1.67 (Simulation time: 01 hr 13 min 52 sec)
Warmup finished CPU 3 instructions: 25000003 cycles: 14968950 cumulative IPC: 1.67 (Simulation time: 01 hr 13 min 52 sec)
Warmup finished CPU 4 instructions: 25000003 cycles: 14969374 cumulative IPC: 1.67 (Simulation time: 01 hr 13 min 52 sec)
Warmup finished CPU 5 instructions: 25000003 cycles: 14969528 cumulative IPC: 1.67 (Simulation time: 01 hr 13 min 52 sec)
Warmup finished CPU 6 instructions: 25000003 cycles: 14969791 cumulative IPC: 1.67 (Simulation time: 01 hr 13 min 52 sec)
Warmup finished CPU 7 instructions: 25000003 cycles: 14970104 cumulative IPC: 1.67 (Simulation time: 01 hr 13 min 52 sec)
Warmup finished CPU 0 instructions: 25000003 cycles: 14970283 cumulative IPC: 1.67 (Simulation time: 01 hr 13 min 52 sec)
Warmup complete CPU 7 instructions: 25000293 cycles: 14970283 cumulative IPC: 1.67 (Simulation time: 01 hr 13 min 52 sec)
Warmup complete CPU 6 instructions: 25000813 cycles: 14970283 cumulative IPC: 1.67 (Simulation time: 01 hr 13 min 52 sec)
Warmup complete CPU 5 instructions: 25001253 cycles: 14970283 cumulative IPC: 1.67 (Simulation time: 01 hr 13 min 52 sec)
Warmup complete CPU 4 instructions: 25001503 cycles: 14970283 cumulative IPC: 1.67 (Simulation time: 01 hr 13 min 52 sec)
Warmup complete CPU 3 instructions: 25002213 cycles: 14970283 cumulative IPC: 1.67 (Simulation time: 01 hr 13 min 52 sec)
Warmup complete CPU 2 instructions: 25002813 cycles: 14970283 cumulative IPC: 1.67 (Simulation time: 01 hr 13 min 52 sec)
Warmup complete CPU 1 instructions: 25004813 cycles: 14970283 cumulative IPC: 1.67 (Simulation time: 01 hr 13 min 52 sec)
Warmup complete CPU 0 instructions: 25000003 cycles: 14970283 cumulative IPC: 1.67 (Simulation time: 01 hr 13 min 52 sec)
num evicts: 9800000, p: 1378809, s: 0 	 max proactive lookup: 16, max shadow lookup: 16
current cycle = 15747101, last update cycle = 15000020, delta = 747081
	load umon |	misses = 11609, hits= 0 0 0 0 0 0 0 0 0 0 0 0 0 12 54 19
	write umon |	misses = 5738, hits= 0 0 0 0 0 0 0 0 0 0 0 0 0 0 0 0
num evicts: 9900000, p: 1389490, s: 0 	 max proactive lookup: 16, max shadow lookup: 16
current cycle = 16967808, last update cycle = 15000020, delta = 1967788
	load umon |	misses = 12000, hits= 0 0 0 0 0 0 0 0 0 0 0 0 0 12 62 19
	write umon |	misses = 5933, hits= 0 0 0 0 0 0 0 0 0 0 0 0 0 0 0 0
num evicts: 10000000, p: 1400581, s: 0 	 max proactive lookup: 16, max shadow lookup: 16
current cycle = 18159733, last update cycle = 15000020, delta = 3159713
	load umon |	misses = 12388, hits= 0 0 0 0 0 0 0 0 0 0 0 0 0 12 62 19
	write umon |	misses = 6128, hits= 0 0 0 0 0 0 0 0 0 0 0 0 0 0 0 0
num evicts: 10100000, p: 1414477, s: 0 	 max proactive lookup: 16, max shadow lookup: 16
current cycle = 19361099, last update cycle = 15000020, delta = 4361079
	load umon |	misses = 12782, hits= 0 0 0 0 0 0 0 0 0 0 0 0 0 12 62 19
	write umon |	misses = 6323, hits= 0 0 0 0 0 0 0 0 0 0 0 0 0 0 0 0
num evicts: 10200000, p: 1428842, s: 0 	 max proactive lookup: 16, max shadow lookup: 16
current cycle = 20542196, last update cycle = 20000346, delta = 541850
	load umon |	misses = 6674, hits= 0 0 0 0 0 0 0 0 0 0 0 0 0 6 31 9
	write umon |	misses = 3304, hits= 0 0 0 0 0 0 0 0 0 0 0 0 0 0 0 0
num evicts: 10300000, p: 1442434, s: 0 	 max proactive lookup: 16, max shadow lookup: 16
current cycle = 21719729, last update cycle = 20000346, delta = 1719383
	load umon |	misses = 7068, hits= 0 0 0 0 0 0 0 0 0 0 0 0 0 6 38 9
	write umon |	misses = 3501, hits= 0 0 0 0 0 0 0 0 0 0 0 0 0 0 0 0
num evicts: 10400000, p: 1456516, s: 0 	 max proactive lookup: 16, max shadow lookup: 16
current cycle = 22903637, last update cycle = 20000346, delta = 2903291
	load umon |	misses = 7457, hits= 0 0 0 0 0 0 0 0 0 0 0 0 0 6 46 9
	write umon |	misses = 3695, hits= 0 0 0 0 0 0 0 0 0 0 0 0 0 0 0 0
num evicts: 10500000, p: 1470085, s: 0 	 max proactive lookup: 16, max shadow lookup: 16
current cycle = 24087731, last update cycle = 20000346, delta = 4087385
	load umon |	misses = 7847, hits= 0 0 0 0 0 0 0 0 0 0 0 0 0 6 46 9
	write umon |	misses = 3891, hits= 0 0 0 0 0 0 0 0 0 0 0 0 0 0 0 0
num evicts: 10600000, p: 1481918, s: 0 	 max proactive lookup: 16, max shadow lookup: 16
current cycle = 25284180, last update cycle = 25000367, delta = 283813
	load umon |	misses = 4168, hits= 0 0 0 0 0 0 0 0 0 0 0 0 0 3 23 4
	write umon |	misses = 2067, hits= 0 0 0 0 0 0 0 0 0 0 0 0 0 0 0 0
num evicts: 10700000, p: 1494078, s: 0 	 max proactive lookup: 16, max shadow lookup: 16
current cycle = 26475237, last update cycle = 25000367, delta = 1474870
	load umon |	misses = 4557, hits= 0 0 0 0 0 0 0 0 0 0 0 0 0 3 23 4
	write umon |	misses = 2259, hits= 0 0 0 0 0 0 0 0 0 0 0 0 0 0 0 0
num evicts: 10800000, p: 1506486, s: 0 	 max proactive lookup: 16, max shadow lookup: 16
current cycle = 27666564, last update cycle = 25000367, delta = 2666197
	load umon |	misses = 4953, hits= 0 0 0 0 0 0 0 0 0 0 0 0 0 3 29 4
	write umon |	misses = 2459, hits= 0 0 0 0 0 0 0 0 0 0 0 0 0 0 0 0
num evicts: 10900000, p: 1518669, s: 0 	 max proactive lookup: 16, max shadow lookup: 16
current cycle = 28862255, last update cycle = 25000367, delta = 3861888
	load umon |	misses = 5341, hits= 0 0 0 0 0 0 0 0 0 0 0 0 0 4 36 5
	write umon |	misses = 2653, hits= 0 0 0 0 0 0 0 0 0 0 0 0 0 0 0 0
num evicts: 11000000, p: 1530832, s: 0 	 max proactive lookup: 16, max shadow lookup: 16
current cycle = 30067753, last update cycle = 30000367, delta = 67386
	load umon |	misses = 2876, hits= 0 0 0 0 0 0 0 0 0 0 0 0 0 2 18 2
	write umon |	misses = 1430, hits= 0 0 0 0 0 0 0 0 0 0 0 0 0 0 0 0
num evicts: 11100000, p: 1542703, s: 0 	 max proactive lookup: 16, max shadow lookup: 16
current cycle = 31261597, last update cycle = 30000367, delta = 1261230
	load umon |	misses = 3262, hits= 0 0 0 0 0 0 0 0 0 0 0 0 0 2 18 2
	write umon |	misses = 1623, hits= 0 0 0 0 0 0 0 0 0 0 0 0 0 0 0 0
num evicts: 11200000, p: 1554669, s: 0 	 max proactive lookup: 16, max shadow lookup: 16
current cycle = 32458501, last update cycle = 30000367, delta = 2458134
	load umon |	misses = 3658, hits= 0 0 0 0 0 0 0 0 0 0 0 0 0 2 18 2
	write umon |	misses = 1820, hits= 0 0 0 0 0 0 0 0 0 0 0 0 0 0 0 0
num evicts: 11300000, p: 1567437, s: 0 	 max proactive lookup: 16, max shadow lookup: 16
current cycle = 33638516, last update cycle = 30000367, delta = 3638149
	load umon |	misses = 4046, hits= 0 0 0 0 0 0 0 0 0 0 0 0 0 2 18 2
	write umon |	misses = 2014, hits= 0 0 0 0 0 0 0 0 0 0 0 0 0 0 0 0
num evicts: 11400000, p: 1580693, s: 0 	 max proactive lookup: 16, max shadow lookup: 16
current cycle = 34830696, last update cycle = 30000367, delta = 4830329
	load umon |	misses = 4437, hits= 0 0 0 0 0 0 0 0 0 0 0 0 0 2 25 2
	write umon |	misses = 2210, hits= 0 0 0 0 0 0 0 0 0 0 0 0 0 0 0 0
num evicts: 11500000, p: 1593491, s: 0 	 max proactive lookup: 16, max shadow lookup: 16
current cycle = 36013146, last update cycle = 35000391, delta = 1012755
	load umon |	misses = 2583, hits= 0 0 0 0 0 0 0 0 0 0 0 0 0 1 17 1
	write umon |	misses = 1288, hits= 0 0 0 0 0 0 0 0 0 0 0 0 0 0 0 0
num evicts: 11600000, p: 1606512, s: 0 	 max proactive lookup: 16, max shadow lookup: 16
current cycle = 37200910, last update cycle = 35000391, delta = 2200519
	load umon |	misses = 2968, hits= 0 0 0 0 0 0 0 0 0 0 0 0 0 1 17 1
	write umon |	misses = 1480, hits= 0 0 0 0 0 0 0 0 0 0 0 0 0 0 0 0
num evicts: 11700000, p: 1618544, s: 0 	 max proactive lookup: 16, max shadow lookup: 16
current cycle = 38399516, last update cycle = 35000391, delta = 3399125
	load umon |	misses = 3365, hits= 0 0 0 0 0 0 0 0 0 0 0 0 0 1 17 1
	write umon |	misses = 1678, hits= 0 0 0 0 0 0 0 0 0 0 0 0 0 0 0 0
Heartbeat CPU 2 instructions: 30000004 cycles: 38754159 heartbeat IPC: 0.3733 cumulative IPC: 0.2101 (Simulation time: 01 hr 57 min 48 sec)
Heartbeat CPU 3 instructions: 30000004 cycles: 38790808 heartbeat IPC: 0.3728 cumulative IPC: 0.2098 (Simulation time: 01 hr 57 min 52 sec)
Heartbeat CPU 1 instructions: 30000004 cycles: 38827588 heartbeat IPC: 0.3723 cumulative IPC: 0.2094 (Simulation time: 01 hr 57 min 55 sec)
Heartbeat CPU 4 instructions: 30000004 cycles: 38832488 heartbeat IPC: 0.3723 cumulative IPC: 0.2095 (Simulation time: 01 hr 57 min 56 sec)
Heartbeat CPU 6 instructions: 30000004 cycles: 38855036 heartbeat IPC: 0.372 cumulative IPC: 0.2093 (Simulation time: 01 hr 57 min 58 sec)
Heartbeat CPU 0 instructions: 30000004 cycles: 38856537 heartbeat IPC: 0.3719 cumulative IPC: 0.2093 (Simulation time: 01 hr 57 min 58 sec)
Heartbeat CPU 5 instructions: 30000004 cycles: 38915882 heartbeat IPC: 0.3711 cumulative IPC: 0.2088 (Simulation time: 01 hr 58 min 04 sec)
Heartbeat CPU 7 instructions: 30000004 cycles: 38994466 heartbeat IPC: 0.37 cumulative IPC: 0.2081 (Simulation time: 01 hr 58 min 11 sec)
num evicts: 11800000, p: 1631307, s: 0 	 max proactive lookup: 16, max shadow lookup: 16
current cycle = 39603378, last update cycle = 35000391, delta = 4602987
	load umon |	misses = 3754, hits= 0 0 0 0 0 0 0 0 0 0 0 0 0 1 17 1
	write umon |	misses = 1872, hits= 0 0 0 0 0 0 0 0 0 0 0 0 0 0 0 0
num evicts: 11900000, p: 1643808, s: 0 	 max proactive lookup: 16, max shadow lo