[VMEM] WARNING: physical memory size is smaller than virtual memory size.

*** ChampSim Multicore Out-of-Order Simulator ***
Warmup Instructions: 25000000
Simulation Instructions: 25000000
Number of CPUs: 8
Page size: 2097152

initializing BARD -- num sampled sets: 64, modulus = 256
CL :	 16.64 ns
CWL :	 15.808 ns
tRP :	 16.224 ns
tRCD :	 16.224 ns
tRAS :	 32.032000000000004 ns
tRTP :	 7.904 ns
tWR :	 30.368000000000002 ns

tCCD_S :	 3.3280000000000003 ns
tCCD_S_WR :	 3.3280000000000003 ns
tCCD_S_WTR :	 22.048000000000002 ns
tCCD_L :	 5.408 ns
tCCD_L_WR :	 20.384 ns
tCCD_L_WTR :	 29.536 ns
tRRD_S :	 3.3280000000000003 ns
tRRD_L :	 5.408 ns
tFAW :	 13.728 ns
Address mapping (perm = 1) 	ch co bg bg bg ba ba co co co co co co ro ro ro ro ro ro ro ro ro ro ro ro ro ro ro 
dram queue size: R = 64 W = 48 (low:high is 9:39)
num evicts: 0, p: 0, s: 0 	 max proactive lookup: 16, max shadow lookup: 16
current cycle = 146474, last update cycle = 0, delta = 146474
	load umon |	misses = 466, hits= 1 0 0 0 0 0 0 0 0 0 0 0 0 0 0 5
	write umon |	misses = 0, hits= 0 0 0 0 0 0 0 0 0 0 0 0 0 0 0 0
num evicts: 100000, p: 6745, s: 0 	 max proactive lookup: 16, max shadow lookup: 16
current cycle = 512106, last update cycle = 0, delta = 512106
	load umon |	misses = 1418, hits= 1 0 0 0 0 0 0 0 0 0 0 0 0 0 0 5
	write umon |	misses = 192, hits= 0 0 0 0 0 0 0 0 0 0 0 0 0 0 0 0
num evicts: 200000, p: 14041, s: 0 	 max proactive lookup: 16, max shadow lookup: 16
current cycle = 662199, last update cycle = 0, delta = 662199
	load umon |	misses = 1812, hits= 1 0 0 0 0 0 0 0 0 0 0 0 0 0 0 11
	write umon |	misses = 392, hits= 0 0 0 0 0 0 0 0 0 0 0 0 0 0 0 0
num evicts: 300000, p: 25724, s: 0 	 max proactive lookup: 16, max shadow lookup: 16
current cycle = 812191, last update cycle = 0, delta = 812191
	load umon |	misses = 2204, hits= 1 0 0 0 0 0 0 0 0 0 0 0 0 0 0 11
	write umon |	misses = 584, hits= 0 0 0 0 0 0 0 0 0 0 0 0 0 0 0 0
num evicts: 400000, p: 37379, s: 0 	 max proactive lookup: 16, max shadow lookup: 16
current cycle = 962191, last update cycle = 0, delta = 962191
	load umon |	misses = 2589, hits= 1 0 0 0 0 0 0 0 0 0 0 0 0 0 0 11
	write umon |	misses = 777, hits= 0 0 0 0 0 0 0 0 0 0 0 0 0 0 0 0
num evicts: 500000, p: 50401, s: 0 	 max proactive lookup: 16, max shadow lookup: 16
current cycle = 1112191, last update cycle = 0, delta = 1112191
	load umon |	misses = 2981, hits= 1 0 0 0 0 0 0 0 0 0 0 0 0 0 0 11
	write umon |	misses = 976, hits= 0 0 0 0 0 0 0 0 0 0 0 0 0 0 0 0
num evicts: 600000, p: 64742, s: 0 	 max proactive lookup: 16, max shadow lookup: 16
current cycle = 1262191, last update cycle = 0, delta = 1262191
	load umon |	misses = 3372, hits= 1 0 0 0 0 0 0 0 0 0 0 0 0 0 0 11
	write umon |	misses = 1168, hits= 0 0 0 0 0 0 0 0 0 0 0 0 0 0 0 0
num evicts: 700000, p: 78751, s: 0 	 max proactive lookup: 16, max shadow lookup: 16
current cycle = 1412195, last update cycle = 0, delta = 1412195
	load umon |	misses = 3765, hits= 1 0 0 0 0 0 0 0 0 0 0 0 0 0 3 15
	write umon |	misses = 1369, hits= 0 0 0 0 0 0 0 0 0 0 0 0 0 0 0 0
num evicts: 800000, p: 93240, s: 0 	 max proactive lookup: 16, max shadow lookup: 16
current cycle = 1562195, last update cycle = 0, delta = 1562195
	load umon |	misses = 4157, hits= 1 0 0 0 0 0 0 0 0 0 0 0 0 0 3 15
	write umon |	misses = 1560, hits= 0 0 0 0 0 0 0 0 0 0 0 0 0 0 0 0
num evicts: 900000, p: 108082, s: 0 	 max proactive lookup: 16, max shadow lookup: 16
current cycle = 1712194, last update cycle = 0, delta = 1712194
	load umon |	misses = 4549, hits= 1 0 0 0 0 0 0 0 0 0 0 0 0 0 3 15
	write umon |	misses = 1760, hits= 0 0 0 0 0 0 0 0 0 0 0 0 0 0 0 0
num evicts: 1000000, p: 123055, s: 0 	 max proactive lookup: 16, max shadow lookup: 16
current cycle = 1862194, last update cycle = 0, delta = 1862194
	load umon |	misses = 4941, hits= 1 0 0 0 0 0 0 0 0 0 0 0 0 0 3 15
	write umon |	misses = 1952, hits= 0 0 0 0 0 0 0 0 0 0 0 0 0 0 0 0
num evicts: 1100000, p: 137821, s: 0 	 max proactive lookup: 16, max shadow lookup: 16
current cycle = 2012195, last update cycle = 0, delta = 2012195
	load umon |	misses = 5326, hits= 1 0 0 0 0 0 0 0 0 0 0 0 0 0 3 15
	write umon |	misses = 2145, hits= 0 0 0 0 0 0 0 0 0 0 0 0 0 0 0 0
num evicts: 1200000, p: 152713, s: 0 	 max proactive lookup: 16, max shadow lookup: 16
current cycle = 2162210, last update cycle = 0, delta = 2162210
	load umon |	misses = 5720, hits= 1 0 0 0 0 0 0 0 0 0 0 0 0 0 6 19
	write umon |	misses = 2345, hits= 0 0 0 0 0 0 0 0 0 0 0 0 0 0 0 0
num evicts: 1300000, p: 169262, s: 0 	 max proactive lookup: 16, max shadow lookup: 16
current cycle = 2312202, last update cycle = 0, delta = 2312202
	load umon |	misses = 6111, hits= 1 0 0 0 0 0 0 0 0 0 0 0 0 0 6 19
	write umon |	misses = 2537, hits= 0 0 0 0 0 0 0 0 0 0 0 0 0 0 0 0
num evicts: 1400000, p: 185904, s: 0 	 max proactive lookup: 16, max shadow lookup: 16
current cycle = 2462205, last update cycle = 0, delta = 2462205
	load umon |	misses = 6502, hits= 1 0 0 0 0 0 0 0 0 0 0 0 0 0 6 19
	write umon |	misses = 2736, hits= 0 0 0 0 0 0 0 0 0 0 0 0 0 0 0 0
num evicts: 1500000, p: 202380, s: 0 	 max proactive lookup: 16, max shadow lookup: 16
current cycle = 2612202, last update cycle = 0, delta = 2612202
	load umon |	misses = 6894, hits= 1 0 0 0 0 0 0 0 0 0 0 0 0 0 6 19
	write umon |	misses = 2928, hits= 0 0 0 0 0 0 0 0 0 0 0 0 0 0 0 0
num evicts: 1600000, p: 216354, s: 0 	 max proactive lookup: 16, max shadow lookup: 16
current cycle = 2762203, last update cycle = 0, delta = 2762203
	load umon |	misses = 7282, hits= 1 0 0 0 0 0 0 0 0 0 0 0 0 0 6 19
	write umon |	misses = 3124, hits= 0 0 0 0 0 0 0 0 0 0 0 0 0 0 0 0
num evicts: 1700000, p: 230257, s: 0 	 max proactive lookup: 16, max shadow lookup: 16
current cycle = 2912202, last update cycle = 0, delta = 2912202
	load umon |	misses = 7670, hits= 1 0 0 0 0 0 0 0 0 0 0 0 0 0 6 19
	write umon |	misses = 3320, hits= 0 0 0 0 0 0 0 0 0 0 0 0 0 0 0 0
num evicts: 1800000, p: 242984, s: 0 	 max proactive lookup: 16, max shadow lookup: 16
current cycle = 3062217, last update cycle = 0, delta = 3062217
	load umon |	misses = 8065, hits= 1 0 0 0 0 0 0 0 0 0 0 0 0 0 10 22
	write umon |	misses = 3514, hits= 0 0 0 0 0 0 0 0 0 0 0 0 0 0 0 0
num evicts: 1900000, p: 255270, s: 0 	 max proactive lookup: 16, max shadow lookup: 16
current cycle = 3212210, last update cycle = 0, delta = 3212210
	load umon |	misses = 8455, hits= 1 0 0 0 0 0 0 0 0 0 0 0 0 0 10 22
	write umon |	misses = 3712, hits= 0 0 0 0 0 0 0 0 0 0 0 0 0 0 0 0
num evicts: 2000000, p: 267526, s: 0 	 max proactive lookup: 16, max shadow lookup: 16
current cycle = 3362211, last update cycle = 0, delta = 3362211
	load umon |	misses = 8847, hits= 1 0 0 0 0 0 0 0 0 0 0 0 0 0 10 22
	write umon |	misses = 3904, hits= 0 0 0 0 0 0 0 0 0 0 0 0 0 0 0 0
num evicts: 2100000, p: 282137, s: 0 	 max proactive lookup: 16, max shadow lookup: 16
current cycle = 3512210, last update cycle = 0, delta = 3512210
	load umon |	misses = 9239, hits= 1 0 0 0 0 0 0 0 0 0 0 0 0 0 10 22
	write umon |	misses = 4104, hits= 0 0 0 0 0 0 0 0 0 0 0 0 0 0 0 0
num evicts: 2200000, p: 297731, s: 0 	 max proactive lookup: 16, max shadow lookup: 16
current cycle = 3662209, last update cycle = 0, delta = 3662209
	load umon |	misses = 9624, hits= 1 0 0 0 0 0 0 0 0 0 0 0 0 0 10 22
	write umon |	misses = 4296, hits= 0 0 0 0 0 0 0 0 0 0 0 0 0 0 0 0
num evicts: 2300000, p: 312724, s: 0 	 max proactive lookup: 16, max shadow lookup: 16
current cycle = 3812222, last update cycle = 0, delta = 3812222
	load umon |	misses = 10019, hits= 1 0 0 0 0 0 0 0 0 0 0 0 0 0 14 25
	write umon |	misses = 4491, hits= 0 0 0 0 0 0 0 0 0 0 0 0 0 0 0 0
num evicts: 2400000, p: 327969, s: 0 	 max proactive lookup: 16, max shadow lookup: 16
current cycle = 3962214, last update cycle = 0, delta = 3962214
	load umon |	misses = 10409, hits= 1 0 0 0 0 0 0 0 0 0 0 0 0 0 14 25
	write umon |	misses = 4688, hits= 0 0 0 0 0 0 0 0 0 0 0 0 0 0 0 0
num evicts: 2500000, p: 343128, s: 0 	 max proactive lookup: 16, max shadow lookup: 16
current cycle = 4112214, last update cycle = 0, delta = 4112214
	load umon |	misses = 10797, hits= 1 0 0 0 0 0 0 0 0 0 0 0 0 0 14 25
	write umon |	misses = 4880, hits= 0 0 0 0 0 0 0 0 0 0 0 0 0 0 0 0
num evicts: 2600000, p: 356510, s: 0 	 max proactive lookup: 16, max shadow lookup: 16
current cycle = 4262214, last update cycle = 0, delta = 4262214
	load umon |	misses = 11192, hits= 1 0 0 0 0 0 0 0 0 0 0 0 0 0 14 25
	write umon |	misses = 5080, hits= 0 0 0 0 0 0 0 0 0 0 0 0 0 0 0 0
num evicts: 2700000, p: 368062, s: 0 	 max proactive lookup: 16, max shadow lookup: 16
current cycle = 4412214, last update cycle = 0, delta = 4412214
	load umon |	misses = 11578, hits= 1 0 0 0 0 0 0 0 0 0 0 0 0 0 14 25
	write umon |	misses = 5272, hits= 0 0 0 0 0 0 0 0 0 0 0 0 0 0 0 0
num evicts: 2800000, p: 379778, s: 0 	 max proactive lookup: 16, max shadow lookup: 16
current cycle = 4562228, last update cycle = 0, delta = 4562228
	load umon |	misses = 11970, hits= 1 0 0 0 0 0 0 0 0 0 0 0 0 0 19 27
	write umon |	misses = 5466, hits= 0 0 0 0 0 0 0 0 0 0 0 0 0 0 0 0
num evicts: 2900000, p: 391299, s: 0 	 max proactive lookup: 16, max shadow lookup: 16
current cycle = 4712222, last update cycle = 0, delta = 4712222
	load umon |	misses = 12362, hits= 1 0 0 0 0 0 0 0 0 0 0 0 0 0 19 27
	write umon |	misses = 5664, hits= 0 0 0 0 0 0 0 0 0 0 0 0 0 0 0 0
num evicts: 3000000, p: 402966, s: 0 	 max proactive lookup: 16, max shadow lookup: 16
current cycle = 4862222, last update cycle = 0, delta = 4862222
	load umon |	misses = 12754, hits= 1 0 0 0 0 0 0 0 0 0 0 0 0 0 19 27
	write umon |	misses = 5857, hits= 0 0 0 0 0 0 0 0 0 0 0 0 0 0 0 0
Heartbeat CPU 0 instructions: 10000002 cycles: 4966966 heartbeat IPC: 2.013 cumulative IPC: 2.013 (Simulation time: 00 hr 22 min 15 sec)
Heartbeat CPU 1 instructions: 10000002 cycles: 4968431 heartbeat IPC: 2.013 cumulative IPC: 2.013 (Simulation time: 00 hr 22 min 16 sec)
Heartbeat CPU 2 instructions: 10000002 cycles: 4969047 heartbeat IPC: 2.012 cumulative IPC: 2.012 (Simulation time: 00 hr 22 min 16 sec)
Heartbeat CPU 3 instructions: 10000002 cycles: 4969304 heartbeat IPC: 2.012 cumulative IPC: 2.012 (Simulation time: 00 hr 22 min 16 sec)
Heartbeat CPU 4 instructions: 10000002 cycles: 4969522 heartbeat IPC: 2.012 cumulative IPC: 2.012 (Simulation time: 00 hr 22 min 16 sec)
Heartbeat CPU 5 instructions: 10000002 cycles: 4969683 heartbeat IPC: 2.012 cumulative IPC: 2.012 (Simulation time: 00 hr 22 min 16 sec)
Heartbeat CPU 6 instructions: 10000002 cycles: 4969763 heartbeat IPC: 2.012 cumulative IPC: 2.012 (Simulation time: 00 hr 22 min 16 sec)
Heartbeat CPU 7 instructions: 10000002 cycles: 4969821 heartbeat IPC: 2.012 cumulative IPC: 2.012 (Simulation time: 00 hr 22 min 16 sec)
num evicts: 3100000, p: 415854, s: 0 	 max proactive lookup: 16, max shadow lookup: 16
current cycle = 5012222, last update cycle = 5000005, delta = 12217
	load umon |	misses = 6589, hits= 0 0 0 0 0 0 0 0 0 0 0 0 0 0 9 13
	write umon |	misses = 3036, hits= 0 0 0 0 0 0 0 0 0 0 0 0 0 0 0 0
num evicts: 3200000, p: 432550, s: 0 	 max proactive lookup: 16, max shadow lookup: 16
current cycle = 5162224, last update cycle = 5000005, delta = 162219
	load umon |	misses = 6976, hits= 0 0 0 0 0 0 0 0 0 0 0 0 0 0 9 13
	write umon |	misses = 3228, hits= 0 0 0 0 0 0 0 0 0 0 0 0 0 0 0 0
num evicts: 3300000, p: 448903, s: 0 	 max proactive lookup: 16, max shadow lookup: 16
current cycle = 5312235, last update cycle = 5000005, delta = 312230
	load umon |	misses = 7367, hits= 0 0 0 0 0 0 0 0 0 0 0 0 0 0 14 15
	write umon |	misses = 3423, hits= 0 0 0 0 0 0 0 0 0 0 0 0 0 0 0 0
num evicts: 3400000, p: 464871, s: 0 	 max proactive lookup: 16, max shadow lookup: 16
current cycle = 5462229, last update cycle = 5000005, delta = 462224
	load umon |	misses = 7759, hits= 0 0 0 0 0 0 0 0 0 0 0 0 0 0 14 15
	write umon |	misses = 3620, hits= 0 0 0 0 0 0 0 0 0 0 0 0 0 0 0 0
num evicts: 3500000, p: 481375, s: 0 	 max proactive lookup: 16, max shadow lookup: 16
current cycle = 5612229, last update cycle = 5000005, delta = 612224
	load umon |	misses = 8150, hits= 0 0 0 0 0 0 0 0 0 0 0 0 0 0 14 15
	write umon |	misses = 3813, hits= 0 0 0 0 0 0 0 0 0 0 0 0 0 0 0 0
num evicts: 3600000, p: 497913, s: 0 	 max proactive lookup: 16, max shadow lookup: 16
current cycle = 5762229, last update cycle = 5000005, delta = 762224
	load umon |	misses = 8542, hits= 0 0 0 0 0 0 0 0 0 0 0 0 0 0 14 15
	write umon |	misses = 4012, hits= 0 0 0 0 0 0 0 0 0 0 0 0 0 0 0 0
num evicts: 3700000, p: 511705, s: 0 	 max proactive lookup: 16, max shadow lookup: 16
current cycle = 5912228, last update cycle = 5000005, delta = 912223
	load umon |	misses = 8934, hits= 0 0 0 0 0 0 0 0 0 0 0 0 0 0 14 15
	write umon |	misses = 4205, hits= 0 0 0 0 0 0 0 0 0 0 0 0 0 0 0 0
num evicts: 3800000, p: 525469, s: 0 	 max proactive lookup: 16, max shadow lookup: 16
current cycle = 6062229, last update cycle = 5000005, delta = 1062224
	load umon |	misses = 9321, hits= 0 0 0 0 0 0 0 0 0 0 0 0 0 0 14 15
	write umon |	misses = 4400, hits= 0 0 0 0 0 0 0 0 0 0 0 0 0 0 0 0
num evicts: 3900000, p: 538904, s: 0 	 max proactive lookup: 16, max shadow lookup: 16
current cycle = 6212243, last update cycle = 5000005, delta = 1212238
	load umon |	misses = 9715, hits= 0 0 0 0 0 0 0 0 0 0 0 0 0 0 20 16
	write umon |	misses = 4597, hits= 0 0 0 0 0 0 0 0 0 0 0 0 0 0 0 0
num evicts: 4000000, p: 552059, s: 0 	 max proactive lookup: 16, max shadow lookup: 16
current cycle = 6362235, last update cycle = 5000005, delta = 1362230
	load umon |	misses = 10104, hits= 0 0 0 0 0 0 0 0 0 0 0 0 0 0 20 16
	write umon |	misses = 4790, hits= 0 0 0 0 0 0 0 0 0 0 0 0 0 0 0 0
num evicts: 4100000, p: 565284, s: 0 	 max proactive lookup: 16, max shadow lookup: 16
current cycle = 6512237, last update cycle = 5000005, delta = 1512232
	load umon |	misses = 10496, hits= 0 0 0 0 0 0 0 0 0 0 0 0 0 0 20 16
	write umon |	misses = 4988, hits= 0 0 0 0 0 0 0 0 0 0 0 0 0 0 0 0
num evicts: 4200000, p: 581515, s: 0 	 max proactive lookup: 16, max shadow lookup: 16
current cycle = 6662235, last update cycle = 5000005, delta = 1662230
	load umon |	misses = 10887, hits= 0 0 0 0 0 0 0 0 0 0 0 0 0 0 20 16
	write umon |	misses = 5181, hits= 0 0 0 0 0 0 0 0 0 0 0 0 0 0 0 0
num evicts: 4300000, p: 598656, s: 0 	 max proactive lookup: 16, max shadow lookup: 16
current cycle = 6812234, last update cycle = 5000005, delta = 1812229
	load umon |	misses = 11277, hits= 0 0 0 0 0 0 0 0 0 0 0 0 0 0 20 16
	write umon |	misses = 5379, hits= 0 0 0 0 0 0 0 0 0 0 0 0 0 0 0 0
num evicts: 4400000, p: 615512, s: 0 	 max proactive lookup: 16, max shadow lookup: 16
current cycle = 6962250, last update cycle = 5000005, delta = 1962245
	load umon |	misses = 11670, hits= 0 0 0 0 0 0 0 0 0 0 0 0 0 0 26 17
	write umon |	misses = 5573, hits= 0 0 0 0 0 0 0 0 0 0 0 0 0 0 0 0
num evicts: 4500000, p: 632368, s: 0 	 max proactive lookup: 16, max shadow lookup: 16
current cycle = 7112242, last update cycle = 5000005, delta = 2112237
	load umon |	misses = 12058, hits= 0 0 0 0 0 0 0 0 0 0 0 0 0 0 26 17
	write umon |	misses = 5767, hits= 0 0 0 0 0 0 0 0 0 0 0 0 0 0 0 0
num evicts: 4600000, p: 649417, s: 0 	 max proactive lookup: 16, max shadow lookup: 16
current cycle = 7262242, last update cycle = 5000005, delta = 2262237
	load umon |	misses = 12450, hits= 0 0 0 0 0 0 0 0 0 0 0 0 0 0 26 17
	write umon |	misses = 5964, hits= 0 0 0 0 0 0 0 0 0 0 0 0 0 0 0 0
num evicts: 4700000, p: 664772, s: 0 	 max proactive lookup: 16, max shadow lookup: 16
current cycle = 7412244, last update cycle = 5000005, delta = 2412239
	load umon |	misses = 12841, hits= 0 0 0 0 0 0 0 0 0 0 0 0 0 0 26 17
	write umon |	misses = 6158, hits= 0 0 0 0 0 0 0 0 0 0 0 0 0 0 0 0
num evicts: 4800000, p: 678545, s: 0 	 max proactive lookup: 16, max shadow lookup: 16
current cycle = 7562243, last update cycle = 5000005, delta = 2562238
	load umon |	misses = 13232, hits= 0 0 0 0 0 0 0 0 0 0 0 0 0 0 26 17
	write umon |	misses = 6356, hits= 0 0 0 0 0 0 0 0 0 0 0 0 0 0 0 0
num evicts: 4900000, p: 692090, s: 0 	 max proactive lookup: 16, max shadow lookup: 16
current cycle = 7712255, last update cycle = 5000005, delta = 2712250
	load umon |	misses = 13624, hits= 0 0 0 0 0 0 0 0 0 0 0 0 0 0 32 18
	write umon |	misses = 6549, hits= 0 0 0 0 0 0 0 0 0 0 0 0 0 0 0 0
num evicts: 5000000, p: 705164, s: 0 	 max proactive lookup: 16, max shadow lookup: 16
current cycle = 7862250, last update cycle = 5000005, delta = 2862245
	load umon |	misses = 14014, hits= 0 0 0 0 0 0 0 0 0 0 0 0 0 0 32 18
	write umon |	misses = 6746, hits= 0 0 0 0 0 0 0 0 0 0 0 0 0 0 0 0
num evicts: 5100000, p: 718398, s: 0 	 max proactive lookup: 16, max shadow lookup: 16
current cycle = 8012248, last update cycle = 5000005, delta = 3012243
	load umon |	misses = 14401, hits= 0 0 0 0 0 0 0 0 0 0 0 0 0 0 32 18
	write umon |	misses = 6940, hits= 0 0 0 0 0 0 0 0 0 0 0 0 0 0 0 0
num evicts: 5200000, p: 731100, s: 0 	 max proactive lookup: 16, max shadow lookup: 16
current cycle = 8162248, last update cycle = 5000005, delta = 3162243
	load umon |	misses = 14795, hits= 0 0 0 0 0 0 0 0 0 0 0 0 0 0 32 18
	write umon |	misses = 7135, hits= 0 0 0 0 0 0 0 0 0 0 0 0 0 0 0 0
num evicts: 5300000, p: 742772, s: 0 	 max proactive lookup: 16, max shadow lookup: 16
current cycle = 8312249, last update cycle = 5000005, delta = 3312244
	load umon |	misses = 15185, hits= 0 0 0 0 0 0 0 0 0 0 0 0 0 0 32 18
	write umon |	misses = 7332, hits= 0 0 0 0 0 0 0 0 0 0 0 0 0 0 0 0
num evicts: 5400000, p: 754339, s: 0 	 max proactive lookup: 16, max shadow lookup: 16
current cycle = 8462262, last update cycle = 5000005, delta = 3462257
	load umon |	misses = 15578, hits= 0 0 0 0 0 0 0 0 0 0 0 0 0 0 38 19
	write umon |	misses = 7526, hits= 0 0 0 0 0 0 0 0 0 0 0 0 0 0 0 0
num evicts: 5500000, p: 766730, s: 0 	 max proactive lookup: 16, max shadow lookup: 16
current cycle = 8612254, last update cycle = 5000005, delta = 3612249
	load umon |	misses = 15970, hits= 0 0 0 0 0 0 0 0 0 0 0 0 0 0 38 19
	write umon |	misses = 7724, hits= 0 0 0 0 0 0 0 0 0 0 0 0 0 0 0 0
num evicts: 5600000, p: 779160, s: 0 	 max proactive lookup: 16, max shadow lookup: 16
current cycle = 8762254, last update cycle = 5000005, delta = 3762249
	load umon |	misses = 16355, hits= 0 0 0 0 0 0 0 0 0 0 0 0 0 0 38 19
	write umon |	misses = 7916, hits= 0 0 0 0 0 0 0 0 0 0 0 0 0 0 0 0
num evicts: 5700000, p: 791797, s: 0 	 max proactive lookup: 16, max shadow lookup: 16
current cycle = 8912254, last update cycle = 5000005, delta = 3912249
	load umon |	misses = 16750, hits= 0 0 0 0 0 0 0 0 0 0 0 0 0 0 38 19
	write umon |	misses = 8113, hits= 0 0 0 0 0 0 0 0 0 0 0 0 0 0 0 0
num evicts: 5800000, p: 806414, s: 0 	 max proactive lookup: 16, max shadow lookup: 16
current cycle = 9062254, last update cycle = 5000005, delta = 4062249
	load umon |	misses = 17138, hits= 0 0 0 0 0 0 0 0 0 0 0 0 0 0 38 19
	write umon |	misses = 8308, hits= 0 0 0 0 0 0 0 0 0 0 0 0 0 0 0 0
num evicts: 5900000, p: 821057, s: 0 	 max proactive lookup: 16, max shadow lookup: 16
current cycle = 9212254, last update cycle = 5000005, delta = 4212249
	load umon |	misses = 17529, hits= 0 0 0 0 0 0 0 0 0 0 0 0 0 0 38 19
	write umon |	misses = 8501, hits= 0 0 0 0 0 0 0 0 0 0 0 0 0 0 0 0
num evicts: 6000000, p: 834821, s: 0 	 max proactive lookup: 16, max shadow lookup: 16
current cycle = 9362270, last update cycle = 5000005, delta = 4362265
	load umon |	misses = 17923, hits= 0 0 0 0 0 0 0 0 0 0 0 0 0 0 44 20
	write umon |	misses = 8700, hits= 0 0 0 0 0 0 0 0 0 0 0 0 0 0 0 0
num evicts: 6100000, p: 848578, s: 0 	 max proactive lookup: 16, max shadow lookup: 16
current cycle = 9512261, last update cycle = 5000005, delta = 4512256
	load umon |	misses = 18311, hits= 0 0 0 0 0 0 0 0 0 0 0 0 0 0 44 20
	write umon |	misses = 8893, hits= 0 0 0 0 0 0 0 0 0 0 0 0 0 0 0 0
num evicts: 6200000, p: 862482, s: 0 	 max proactive lookup: 16, max shadow lookup: 16
current cycle = 9662262, last update cycle = 5000005, delta = 4662257
	load umon |	misses = 18701, hits= 0 0 0 0 0 0 0 0 0 0 0 0 0 0 44 20
	write umon |	misses = 9086, hits= 0 0 0 0 0 0 0 0 0 0 0 0 0 0 0 0
num evicts: 6300000, p: 873036, s: 0 	 max proactive lookup: 16, max shadow lookup: 16
current cycle = 9812262, last update cycle = 5000005, delta = 4812257
	load umon |	misses = 19092, hits= 0 0 0 0 0 0 0 0 0 0 0 0 0 0 44 20
	write umon |	misses = 9284, hits= 0 0 0 0 0 0 0 0 0 0 0 0 0 0 0 0
num evicts: 6400000, p: 882860, s: 0 	 max proactive lookup: 16, max shadow lookup: 16
current cycle = 9962262, last update cycle = 5000005, delta = 4962257
	load umon |	misses = 19483, hits= 0 0 0 0 0 0 0 0 0 0 0 0 0 0 44 20
	write umon |	misses = 9477, hits= 0 0 0 0 0 0 0 0 0 0 0 0 0 0 0 0
Heartbeat CPU 0 instructions: 20000006 cycles: 9966297 heartbeat IPC: 2 cumulative IPC: 2.007 (Simulation time: 00 hr 44 min 04 sec)
Heartbeat CPU 1 instructions: 20000006 cycles: 9968506 heartbeat IPC: 2 cumulative IPC: 2.006 (Simulation time: 00 hr 44 min 05 sec)
Heartbeat CPU 2 instructions: 20000006 cycles: 9969075 heartbeat IPC: 2 cumulative IPC: 2.006 (Simulation time: 00 hr 44 min 05 sec)
Heartbeat CPU 3 instructions: 20000006 cycles: 9969333 heartbeat IPC: 2 cumulative IPC: 2.006 (Simulation time: 00 hr 44 min 05 sec)
Heartbeat CPU 4 instructions: 20000006 cycles: 9969613 heartbeat IPC: 2 cumulative IPC: 2.006 (Simulation time: 00 hr 44 min 05 sec)
Heartbeat CPU 5 instructions: 20000006 cycles: 9969831 heartbeat IPC: 2 cumulative IPC: 2.006 (Simulation time: 00 hr 44 min 05 sec)
Heartbeat CPU 6 instructions: 20000006 cycles: 9970014 heartbeat IPC: 2 cumulative IPC: 2.006 (Simulation time: 00 hr 44 min 05 sec)
Heartbeat CPU 7 instructions: 20000006 cycles: 9970216 heartbeat IPC: 2 cumulative IPC: 2.006 (Simulation time: 00 hr 44 min 05 sec)
num evicts: 6500000, p: 892593, s: 0 	 max proactive lookup: 16, max shadow lookup: 16
current cycle = 10112268, last update cycle = 10000017, delta = 112251
	load umon |	misses = 10086, hits= 0 0 0 0 0 0 0 0 0 0 0 0 0 0 28 11
	write umon |	misses = 4913, hits= 0 0 0 0 0 0 0 0 0 0 0 0 0 0 0 0
num evicts: 6600000, p: 902491, s: 0 	 max proactive lookup: 16, max shadow lookup: 16
current cycle = 10262267, last update cycle = 10000017, delta = 262250
	load umon |	misses = 10476, hits= 0 0 0 0 0 0 0 0 0 0 0 0 0 0 28 11
	write umon |	misses = 5106, hits= 0 0 0 0 0 0 0 0 0 0 0 0 0 0 0 0
num evicts: 6700000, p: 912488, s: 0 	 max proactive lookup: 16, max shadow lookup: 16
current cycle = 10412270, last update cycle = 10000017, delta = 412253
	load umon |	misses = 10866, hits= 0 0 0 0 0 0 0 0 0 0 0 0 0 0 28 11
	write umon |	misses = 5301, hits= 0 0 0 0 0 0 0 0 0 0 0 0 0 0 0 0
num evicts: 6800000, p: 922240, s: 0 	 max proactive lookup: 16, max shadow lookup: 16
current cycle = 10562267, last update cycle = 10000017, delta = 562250
	load umon |	misses = 11257, hits= 0 0 0 0 0 0 0 0 0 0 0 0 0 0 28 11
	write umon |	misses = 5498, hits= 0 0 0 0 0 0 0 0 0 0 0 0 0 0 0 0
num evicts: 6900000, p: 931675, s: 0 	 max proactive lookup: 16, max shadow lookup: 16
current cycle = 10712267, last update cycle = 10000017, delta = 712250
	load umon |	misses = 11647, hits= 0 0 0 0 0 0 0 0 0 0 0 0 0 0 28 11
	write umon |	misses = 5691, hits= 0 0 0 0 0 0 0 0 0 0 0 0 0 0 0 0
num evicts: 7000000, p: 941195, s: 0 	 max proactive lookup: 16, max shadow lookup: 16
current cycle = 10862282, last update cycle = 10000017, delta = 862265
	load umon |	misses = 12040, hits= 0 0 0 0 0 0 0 0 0 0 0 0 0 0 34 12
	write umon |	misses = 5890, hits= 0 0 0 0 0 0 0 0 0 0 0 0 0 0 0 0
num evicts: 7100000, p: 951906, s: 0 	 max proactive lookup: 16, max shadow lookup: 16
current cycle = 11012274, last update cycle = 10000017, delta = 1012257
	load umon |	misses = 12431, hits= 0 0 0 0 0 0 0 0 0 0 0 0 0 0 34 12
	write umon |	misses = 6082, hits= 0 0 0 0 0 0 0 0 0 0 0 0 0 0 0 0
num evicts: 7200000, p: 962637, s: 0 	 max proactive lookup: 16, max shadow lookup: 16
current cycle = 11162275, last update cycle = 10000017, delta = 1162258
	load umon |	misses = 12821, hits= 0 0 0 0 0 0 0 0 0 0 0 0 0 0 34 12
	write umon |	misses = 6279, hits= 0 0 0 0 0 0 0 0 0 0 0 0 0 0 0 0
num evicts: 7300000, p: 973864, s: 0 	 max proactive lookup: 16, max shadow lookup: 16
current cycle = 11312273, last update cycle = 10000017, delta = 1312256
	load umon |	misses = 13212, hits= 0 0 0 0 0 0 0 0 0 0 0 0 0 0 34 12
	write umon |	misses = 6474, hits= 0 0 0 0 0 0 0 0 0 0 0 0 0 0 0 0
num evicts: 7400000, p: 986975, s: 0 	 max proactive lookup: 16, max shadow lookup: 16
current cycle = 11462273, last update cycle = 10000017, delta = 1462256
	load umon |	misses = 13601, hits= 0 0 0 0 0 0 0 0 0 0 0 0 0 0 34 12
	write umon |	misses = 6668, hits= 0 0 0 0 0 0 0 0 0 0 0 0 0 0 0 0
num evicts: 7500000, p: 999780, s: 0 	 max proactive lookup: 16, max shadow lookup: 16
current cycle = 11612284, last update cycle = 10000017, delta = 1612267
	load umon |	misses = 13994, hits= 0 0 0 0 0 0 0 0 0 0 0 0 0 0 40 13
	write umon |	misses = 6866, hits= 0 0 0 0 0 0 0 0 0 0 0 0 0 0 0 0
num evicts: 7600000, p: 1012254, s: 0 	 max proactive lookup: 16, max shadow lookup: 16
current cycle = 11762280, last update cycle = 10000017, delta = 1762263
	load umon |	misses = 14385, hits= 0 0 0 0 0 0 0 0 0 0 0 0 0 0 40 13
	write umon |	misses = 7059, hits= 0 0 0 0 0 0 0 0 0 0 0 0 0 0 0 0
num evicts: 7700000, p: 1024795, s: 0 	 max proactive lookup: 16, max shadow lookup: 16
current cycle = 11912280, last update cycle = 10000017, delta = 1912263
	load umon |	misses = 14776, hits= 0 0 0 0 0 0 0 0 0 0 0 0 0 0 40 13
	write umon |	misses = 7257, hits= 0 0 0 0 0 0 0 0 0 0 0 0 0 0 0 0
num evicts: 7800000, p: 1037148, s: 0 	 max proactive lookup: 16, max shadow lookup: 16
current cycle = 12062281, last update cycle = 10000017, delta = 2062264
	load umon |	misses = 15168, hits= 0 0 0 0 0 0 0 0 0 0 0 0 0 0 40 13
	write umon |	misses = 7450, hits= 0 0 0 0 0 0 0 0 0 0 0 0 0 0 0 0
num evicts: 7900000, p: 1047311, s: 0 	 max proactive lookup: 16, max shadow lookup: 16
current cycle = 12212281, last update cycle = 10000017, delta = 2212264
	load umon |	misses = 15557, hits= 0 0 0 0 0 0 0 0 0 0 0 0 0 0 40 13
	write umon |	misses = 7646, hits= 0 0 0 0 0 0 0 0 0 0 0 0 0 0 0 0
num evicts: 8000000, p: 1057423, s: 0 	 max proactive lookup: 16, max shadow lookup: 16
current cycle = 12362280, last update cycle = 10000017, delta = 2362263
	load umon |	misses = 15944, hits= 0 0 0 0 0 0 0 0 0 0 0 0 0 0 40 13
	write umon |	misses = 7841, hits= 0 0 0 0 0 0 0 0 0 0 0 0 0 0 0 0
Warmup finished CPU 0 instructions: 25000002 cycles: 12466126 cumulative IPC: 2.005 (Simulation time: 00 hr 54 min 58 sec)
Warmup finished CPU 1 instructions: 25000002 cycles: 12468542 cumulative IPC: 2.005 (Simulation time: 00 hr 54 min 59 sec)
Warmup finished CPU 2 instructions: 25000002 cycles: 12469128 cumulative IPC: 2.005 (Simulation time: 00 hr 54 min 59 sec)
Warmup finished CPU 3 instructions: 25000002 cycles: 12469369 cumulative IPC: 2.005 (Simulation time: 00 hr 54 min 59 sec)
Warmup finished CPU 4 instructions: 25000002 cycles: 12469602 cumulative IPC: 2.005 (Simulation time: 00 hr 54 min 59 sec)
Warmup finished CPU 5 instructions: 25000002 cycles: 12469963 cumulative IPC: 2.005 (Simulation time: 00 hr 54 min 59 sec)
Warmup finished CPU 6 instructions: 25000002 cycles: 12470122 cumulative IPC: 2.005 (Simulation time: 00 hr 54 min 59 sec)
Warmup finished CPU 7 instructions: 25000002 cycles: 12470341 cumulative IPC: 2.005 (Simulation time: 00 hr 54 min 59 sec)
Warmup complete CPU 7 instructions: 25000002 cycles: 12470341 cumulative IPC: 2.005 (Simulation time: 00 hr 54 min 59 sec)
Warmup complete CPU 6 instructions: 25000449 cycles: 12470341 cumulative IPC: 2.005 (Simulation time: 00 hr 54 min 59 sec)
Warmup complete CPU 5 instructions: 25000765 cycles: 12470341 cumulative IPC: 2.005 (Simulation time: 00 hr 54 min 59 sec)
Warmup complete CPU 4 instructions: 25001485 cycles: 12470341 cumulative IPC: 2.005 (Simulation time: 00 hr 54 min 59 sec)
Warmup complete CPU 3 instructions: 25001965 cycles: 12470341 cumulative IPC: 2.005 (Simulation time: 00 hr 54 min 59 sec)
Warmup complete CPU 2 instructions: 25002445 cycles: 12470341 cumulative IPC: 2.005 (Simulation time: 00 hr 54 min 59 sec)
Warmup complete CPU 1 instructions: 25003597 cycles: 12470341 cumulative IPC: 2.005 (Simulation time: 00 hr 54 min 59 sec)
Warmup complete CPU 0 instructions: 25008445 cycles: 12470341 cumulative IPC: 2.005 (Simulation time: 00 hr 54 min 59 sec)
num evicts: 8100000, p: 1067615, s: 0 	 max proactive lookup: 16, max shadow lookup: 16
current cycle = 12813569, last update cycle = 10000017, delta = 2813552
	load umon |	misses = 16339, hits= 0 0 0 0 0 0 0 0 0 0 0 0 0 1 45 14
	write umon |	misses = 8036, hits= 0 0 0 0 0 0 0 0 0 0 0 0 0 0 0 0
num evicts: 8200000, p: 1077200, s: 0 	 max proactive lookup: 16, max shadow lookup: 16
current cycle = 14063467, last update cycle = 10000017, delta = 4063450
	load umon |	misses = 16728, hits= 0 0 0 0 0 0 0 0 0 0 0 0 0 1 45 14
	write umon |	misses = 8232, hits= 0 0 0 0 0 0 0 0 0 0 0 0 0 0 0 0
num evicts: 8300000, p: 1086348, s: 0 	 max proactive lookup: 16, max shadow lookup: 16
current cycle = 15318335, last update cycle = 15000026, delta = 318309
	load umon |	misses = 8609, hits= 0 0 0 0 0 0 0 0 0 0 0 0 0 0 22 7
	write umon |	misses = 4236, hits= 0 0 0 0 0 0 0 0 0 0 0 0 0 0 0 0
num evicts: 8400000, p: 1098689, s: 0 	 max proactive lookup: 16, max shadow lookup: 16
current cycle = 16545338, last update cycle = 15000026, delta = 1545312
	load umon |	misses = 8999, hits= 0 0 0 0 0 0 0 0 0 0 0 0 0 0 22 7
	write umon |	misses = 4433, hits= 0 0 0 0 0 0 0 0 0 0 0 0 0 0 0 0
num evicts: 8500000, p: 1112158, s: 0 	 max proactive lookup: 16, max shadow lookup: 16
current cycle = 17768184, last update cycle = 15000026, delta = 2768158
	load umon |	misses = 9388, hits= 0 0 0 0 0 0 0 0 0 0 0 0 0 0 22 7
	write umon |	misses = 4627, hits= 0 0 0 0 0 0 0 0 0 0 0 0 0 0 0 0
num evicts: 8600000, p: 1126006, s: 0 	 max proactive lookup: 16, max shadow lookup: 16
current cycle = 19001544, last update cycle = 15000026, delta = 4001518
	load umon |	misses = 9782, hits= 0 0 0 0 0 0 0 0 0 0 0 0 0 1 27 8
	write umon |	misses = 4824, hits= 0 0 0 0 0 0 0 0 0 0 0 0 0 0 0 0
num evicts: 8700000, p: 1139621, s: 0 	 max proactive lookup: 16, max shadow lookup: 16
current cycle = 20282905, last update cycle = 20000494, delta = 282411
	load umon |	misses = 5130, hits= 0 0 0 0 0 0 0 0 0 0 0 0 0 0 13 4
	write umon |	misses = 2531, hits= 0 0 0 0 0 0 0 0 0 0 0 0 0 0 0 0
num evicts: 8800000, p: 1152835, s: 0 	 max proactive lookup: 16, max shadow lookup: 16
current cycle = 21551649, last update cycle = 20000494, delta = 1551155
	load umon |	misses = 5521, hits= 0 0 0 0 0 0 0 0 0 0 0 0 0 0 13 4
	write umon |	misses = 2727, hits= 0 0 0 0 0 0 0 0 0 0 0 0 0 0 0 0
num evicts: 8900000, p: 1165355, s: 0 	 max proactive lookup: 16, max shadow lookup: 16
current cycle = 22793479, last update cycle = 20000494, delta = 2792985
	load umon |	misses = 5912, hits= 0 0 0 0 0 0 0 0 0 0 0 0 0 0 13 4
	write umon |	misses = 2921, hits= 0 0 0 0 0 0 0 0 0 0 0 0 0 0 0 0
num evicts: 9000000, p: 1176902, s: 0 	 max proactive lookup: 16, max shadow lookup: 16
current cycle = 24051777, last update cycle = 20000494, delta = 4051283
	load umon |	misses = 6303, hits= 0 0 0 0 0 0 0 0 0 0 0 0 0 0 13 4
	write umon |	misses = 3119, hits= 0 0 0 0 0 0 0 0 0 0 0 0 0 0 0 0
num evicts: 9100000, p: 1188388, s: 0 	 max proactive lookup: 16, max shadow lookup: 16
current cycle = 25315668, last update cycle = 25000650, delta = 315018
	load umon |	misses = 3395, hits= 0 0 0 0 0 0 0 0 0 0 0 0 0 0 9 2
	write umon |	misses = 1680, hits= 0 0 0 0 0 0 0 0 0 0 0 0 0 0 0 0
num evicts: 9200000, p: 1198441, s: 0 	 max proactive lookup: 16, max shadow lookup: 16
current cycle = 26590459, last update cycle = 25000650, delta = 1589809
	load umon |	misses = 3787, hits= 0 0 0 0 0 0 0 0 0 0 0 0 0 0 9 2
	write umon |	misses = 1877, hits= 0 0 0 0 0 0 0 0 0 0 0 0 0 0 0 0
num evicts: 9300000, p: 1208281, s: 0 	 max proactive lookup: 16, max shadow lookup: 16
current cycle = 27870158, last update cycle = 25000650, delta = 2869508
	load umon |	misses = 4175, hits= 0 0 0 0 0 0 0 0 0 0 0 0 0 0 9 2
	write umon |	misses = 2072, hits= 0 0 0 0 0 0 0 0 0 0 0 0 0 0 0 0
num evicts: 9400000, p: 1219407, s: 0 	 max proactive lookup: 16, max shadow lookup: 16
current cycle = 29127794, last update cycle = 25000650, delta = 4127144
	load umon |	misses = 4569, hits= 0 0 0 0 0 0 0 0 0 0 0 0 0 0 9 2
	write umon |	misses = 2267, hits= 0 0 0 0 0 0 0 0 0 0 0 0 0 0 0 0
num evicts: 9500000, p: 1233011, s: 0 	 max proactive lookup: 16, max shadow lookup: 16
current cycle = 30362494, last update cycle = 30000664, delta = 361830
	load umon |	misses = 2534, hits= 0 0 0 0 0 0 0 0 0 0 0 0 0 0 4 1
	write umon |	misses = 1259, hits= 0 0 0 0 0 0 0 0 0 0 0 0 0 0 0 0
num evicts: 9600000, p: 1246329, s: 0 	 max proactive lookup: 16, max shadow lookup: 16
current cycle = 31593546, last update cycle = 30000664, delta = 1592882
	load umon |	misses = 2927, hits= 0 0 0 0 0 0 0 0 0 0 0 0 0 0 11 1
	write umon |	misses = 1454, hits= 0 0 0 0 0 0 0 0 0 0 0 0 0 0 0 0
num evicts: 9700000, p: 1259595, s: 0 	 max proactive lookup: 16, max shadow lookup: 16
current cycle = 32822137, last update cycle = 30000664, delta = 2821473
	load umon |	misses = 3319, hits= 0 0 0 0 0 0 0 0 0 0 0 0 0 0 11 1
	write umon |	misses = 1649, hits= 0 0 0 0 0 0 0 0 0 0 0 0 0 0 0 0
Heartbeat CPU 1 instructions: 30000006 cycles: 33186072 heartbeat IPC: 0.4307 cumulative IPC: 0.2412 (Simulation time: 01 hr 47 min 31 sec)
Heartbeat CPU 3 instructions: 30000006 cycles: 33251337 heartbeat IPC: 0.4295 cumulative IPC: 0.2405 (Simulation time: 01 hr 47 min 38 sec)
Heartbeat CPU 4 instructions: 30000006 cycles: 33254612 heartbeat IPC: 0.4295 cumulative IPC: 0.2405 (Simulation time: 01 hr 47 min 39 sec)
Heartbeat CPU 2 instructions: 30000006 cycles: 33279190 heartbeat IPC: 0.429 cumulative IPC: 0.2402 (Simulation time: 01 hr 47 min 41 sec)
Heartbeat CPU 7 instructions: 30000006 cycles: 33283131 heartbeat IPC: 0.4289 cumulative IPC: 0.2402 (Simulation time: 01 hr 47 min 42 sec)
Heartbeat CPU 5 instructions: 30000006 cycles: 33316784 heartbeat IPC: 0.4283 cumulative IPC: 0.2398 (Simulation time: 01 hr 47 min 45 sec)
Heartbeat CPU 6 instructions: 30000006 cycles: 33331887 heartbeat IPC: 0.428 cumulative IPC: 0.2397 (Simulation time: 01 hr 47 min 47 sec)
Heartbeat CPU 0 instructions: 30000006 cycles: 33382062 heartbeat IPC: 0.4271 cumulative IPC: 0.2387 (Simulation time: 01 hr 47 min 52 sec)
num evicts: 9800000, p: 1273273, s: 0 	 max proactive lookup: 16, max shadow lookup: 16
current cycle = 34041213, last update cycle = 30000664, delta = 4040549
	load umon |	misses = 3707, hits= 0 0 0 0 0 0 0 0 0 0 0 0 0 0 11 1
	write umon |	misses = 1843, hits= 0 0 0 0 0 0 0 0 0 0 0 0 0 0 0 0
num evicts: 9900000, p: 1286776, s: 0 	 max proactive lookup: 16, max shadow lookup: 16
current cycle = 35264092, last update cycle = 35000672, delta = 263420
	load umon |	misses = 2093, hits= 0 0 0 0 0 0 0 0 0 0 0 0 0 0 5 0
	write umon |	misses = 1043, hits= 0 0 0 0 0 0 0 0 0 0 0 0 0 0 0 0
num evicts: 10000000, p: 1300749, s: 0 	 max proactive lookup: 16, max shadow lookup: 16
current cycle = 36478953, last update cycle = 35000672, delta = 1478281
	load umon |	misses = 2482, hits= 0 0 0 0 0 0 0 0 0 0 0 0 0 0 5 0
	write umon |	misses = 1236, hits= 0 0 0 0 0 0 0 0 0 0 0 0 0 0 0 0
num evicts: 10100000, p: 1314702, s: 0 	 max proactive lookup: 16, max shadow lookup: 16
current cycle = 37687668, last update cycle = 35000672, delta = 2686996
	load umon |	misses = 2874, hits= 0 0 0 0 0 0 0 0 0 0 0 0 0 0 5 0
	write umon |	misses = 1433, hits= 0 0 0 0 0 0 0 0 0 0 0 0 0 0 0 0
num evicts: 10200000, p: 1328819, s: 0 	 max proactive lookup: 16, max shadow lookup: 16
current cycle = 38909738, last update cycle = 35000672, delta = 3909066
	load umon |	misses = 3265, hits= 0 0 0 0 0 0 0 0 0 0 0 0 0 1 10 1
	write umon |	misses = 1628, hits= 0 0 0 0 0 0 0 0 0 0 0 0 0 0 0 0
num evicts: 10300000, p: 1343282, s: 0 	 max proactive lookup: 16, max shadow lookup: 16
current cycle = 40118491, last update cycle = 40000683, delta = 117808
	load umon |	misses = 1845, hits= 0 0 0 0 0 0 0 0 0 0 0 0 0 0 5 0
	write umon |	misses = 922, hits= 0 0 0 0 0 0 0 0 0 0 0 0 0 0 0 0
num evicts: 10400000, p: 1357655, s: 0 	 max proactive lookup: 16, max shadow lookup: 16
current cycle = 41329260, last update cycle = 40000683, delta = 1328577
	load umon |	misses = 2237, hits= 0 0 0 0 0 0 0 0 0 0 0 0 0 0 5 0
	write umon |	misses = 1116, hits= 0 0 0 0 0 0 0 0 0 0 0 0 0 0 0 0
num evicts: 10500000, p: 1371360, s: 0 	 max proactive lookup: 16, max shadow lookup: 16
current cycle = 42541592, last update cycle = 40000683, delta = 2540909
	load umon |	misses = 2629, hits= 0 0 0 0 0 0 0 0 0 0 0 0 0 0 5 0
	write umon |	misses = 1312, hits= 0 0 0 0 0 0 0 0 0 0 0 0 0 0 0 0
num evicts: 10600000, p: 1384788, s: 0 	 max proactive lookup: 16, max shadow lookup: 16
current cycle = 43756670, last update cycle = 40000683, delta = 3755987
	load umon |	misses = 3018, hits= 0 0 0 0 0 0 0 0 0 0 0 0 0 0 5 0
	write umon |	misses = 1508, hits= 0 0 0 0 0 0 0 0 0 0 0 0 0 0 0 0
num evicts: 10700000, p: 1398559, s: 0 	 max proactive lookup: 16, max shadow lookup: 16
current cycle = 44978848, last update cycle = 40000683, delta = 4978165
	load umon |	misses = 3411, hits= 0 0 0 0 0 0 0 0 0 0 0 0 0 0 12 0
	write umon |	misses = 1704, hits= 0 0 0 0 0 0 0 0 0 0 0 0 0 0 0 0
num evicts: 10800000, p: 1412693, s: 0 	 max proactive lookup: 16, max shadow lookup: 16
current cycle = 46191605, last update cycle = 45000688, delta = 1190917
	load umon |	misses = 2089, hits= 0 0 0 0 0 0 0 0 0 0 0 0 0 0 6 0
	write umon |	misses = 1045, hits= 0 0 0 0 0 0 0 0 0 0 0 0 0 0 0 0
num evicts: 10900000, p: 1426879, s: 0 	 max proactive lookup: 16, max shadow lookup: 16
current cycle = 47411829, last update cycle = 45000688, delta = 2411141
	load umon |	misses = 2481, hits= 0 0 0 0 0 0 0 0 0 0 0 0 0 0 6 0
	write umon |	misses = 1239, hits= 0 0 0 0 0 0 0 0 0 0 0 0 0 0 0 0
num evicts: 11000000, p: 1439299, s: 0 	 max proactive lookup: 16, max shadow lookup: 16
current cycle = 48674652, last update cycle = 45000688, delta = 3673964
	load umon |	misses = 2873, hits= 0 0 0 0 0 0 0 0 0 0 0 0 0 0 6 0
	write umon |	misses = 1437, hits= 0 0 0 0 0 0 0 0 0 0 0 0 0 0 0 0
num evicts: 11100000, p: 1450900, s: 0 	 max proactive lookup: 16, max shadow lookup: 16
current cycle = 49935470, last update cycle = 45000688, delta = 4934782
	load umon |	misses = 3262, hits= 0 0 0 0 0 0 0 0 0 0 0 0 0 0 6 0
	write umon |	misses = 1630, hits= 0 0 0 0 0 0 0 0 0 0 0 0 0 0 0 0
num evicts: 11200000, p: 1462362, s: 0 	 max proactive lookup: 16, max shadow lookup: 16
current cycle = 51192888, last update cycle = 50000724, delta = 1192164
	load umon |	misses = 2013, hits= 0 0 0 0 0 0 0 0 0 0 0 0 1 0 9 0
	write umon |	misses = 1005, hits= 0 0 0 0 0 0 0 0 0 0 0 0 0 0 0 0
num evicts: 11300000, p: 1474270, s: 0 	 max proactive lookup: 16, max shadow lookup: 16
current cycle = 52431903, last update cycle = 50000724, delta = 2431179
	load umon |	misses = 2404, hits= 0 0 0 0 0 0 0 0 0 0 0 0 1 0 9 0
	write umon |	misses = 1200, hits= 0 0 0 0 0 0 0 0 0 0 0 0 0 0 0 0
num evicts: 11400000, p: 1485935, s: 0 	 max proactive lookup: 16, max shadow lookup: 16
current cycle = 53686532, last update cycle = 50000724, delta = 3685808
	load umon |	misses = 2794, hits= 0 0 0 0 0 0 0 0 0 0 0 0 1 0 9 0
	write umon |	misses = 1396, hits= 0 0 0 0 0 0 0 0 0 0 0 0 0 0 0 0
num evicts: 11500000, p: 1498440, s: 0 	 max proactive lookup: 16, max shadow lookup: 16
current cycle = 54939923, last update cycle = 50000724, delta = 4939199
	load umon |	misses = 3186, hits= 0 0 0 0 0 0 0 0 0 0 0 0 1 0 9 0
	write umon |	misses = 1592, hits= 0 0 0 0 0 0 0 0 0 0 0 0 0 0 0 0
num evicts: 11600000, p: 1511058, s: 0 	 max proactive lookup: 16, max shadow lookup: 16
current cycle = 56164386, last update cycle = 55000724, delta = 1163662
	load umon |	misses = 1972, hits= 0 0 0 0 0 0 0 0 0 0 0 0 0 0 4 0
	write umon |	misses = 986, hits= 0 0 0 0 0 0 0 0 0 0 0 0 0 0 0 0
num evicts: 11700000, p: 1523615, s: 0 	 max proactive lookup: 16, max shadow lookup: 16
current cycle = 57403038, last update cycle = 55000724, delta = 2402314
	load umon |	misses = 2364, hits= 0 0 0 0 0 0 0 0 0 0 0 0 0 0 10 0
	write umon |	misses = 1181, hits= 0 0 0 0 0 0 0 0 0 0 0 0 0 0 0 0
num evicts: 11800000, p: 1536130, s: 0 	 max proactive lookup: 16, max shadow lookup: 16
current cycle = 58659592, last update cycle = 55000724, delta = 3658868
	load umon |	misses = 2756, hits= 0 0 0 0 0 0 0 0 0 0 0 0 1 0 10 0
	write umon |	misses = 1375, hits= 0 0 0 0 0 0 0 0 0 0 0 0 0 0 0 0
num evicts: 11900000, p: 1548964, s: 0 	 max proactive lookup: 16, max shadow lookup: 16
current cycle = 59916921, last update cycle = 55000724, delta = 4916197
	load umon |	misses = 3145, hits= 0 0 0 0 0 0 0 0 0 0 0 0 1 0 10 0
	write umon |	misses = 