[VMEM] WARNING: physical memory size is smaller than virtual memory size.

*** ChampSim Multicore Out-of-Order Simulator ***
Warmup Instructions: 25000000
Simulation Instructions: 25000000
Number of CPUs: 8
Page size: 2097152

initializing BARD -- num sampled sets: 64, modulus = 256
CL :	 16.64 ns
CWL :	 15.808 ns
tRP :	 16.224 ns
tRCD :	 16.224 ns
tRAS :	 32.032000000000004 ns
tRTP :	 7.904 ns
tWR :	 30.368000000000002 ns

tCCD_S :	 3.3280000000000003 ns
tCCD_S_WR :	 3.3280000000000003 ns
tCCD_S_WTR :	 22.048000000000002 ns
tCCD_L :	 5.408 ns
tCCD_L_WR :	 20.384 ns
tCCD_L_WTR :	 29.536 ns
tRRD_S :	 3.3280000000000003 ns
tRRD_L :	 5.408 ns
tFAW :	 13.728 ns
Address mapping (perm = 1) 	ch co bg bg bg ba ba co co co co co co ro ro ro ro ro ro ro ro ro ro ro ro ro ro ro 
dram queue size: R = 64 W = 48 (low:high is 9:39)
num evicts: 0, p: 0, s: 0 	 max proactive lookup: 16, max shadow lookup: 16
current cycle = 77572, last update cycle = 0, delta = 77572
	load umon |	misses = 274, hits= 1 0 0 0 0 0 0 0 0 0 0 0 0 0 0 5
	write umon |	misses = 0, hits= 0 0 0 0 0 0 0 0 0 0 0 0 0 0 0 0
num evicts: 100000, p: 2658, s: 0 	 max proactive lookup: 16, max shadow lookup: 16
current cycle = 465868, last update cycle = 0, delta = 465868
	load umon |	misses = 1414, hits= 1 0 0 0 0 0 0 1 0 1 0 0 0 1 3 15
	write umon |	misses = 52, hits= 0 0 0 0 0 0 0 0 0 0 0 0 0 0 0 0
num evicts: 200000, p: 10793, s: 0 	 max proactive lookup: 16, max shadow lookup: 16
current cycle = 599208, last update cycle = 0, delta = 599208
	load umon |	misses = 1802, hits= 1 0 0 0 0 0 0 1 0 1 1 0 0 2 5 19
	write umon |	misses = 184, hits= 0 0 0 0 0 0 0 0 0 0 0 0 0 0 0 0
num evicts: 300000, p: 19991, s: 0 	 max proactive lookup: 16, max shadow lookup: 16
current cycle = 732543, last update cycle = 0, delta = 732543
	load umon |	misses = 2190, hits= 1 0 0 0 0 0 0 1 0 1 1 0 0 2 5 19
	write umon |	misses = 312, hits= 0 0 0 0 0 0 0 0 0 0 0 0 0 0 0 0
num evicts: 400000, p: 29356, s: 0 	 max proactive lookup: 16, max shadow lookup: 16
current cycle = 865876, last update cycle = 0, delta = 865876
	load umon |	misses = 2586, hits= 1 0 0 0 0 0 0 1 0 1 1 0 0 2 5 19
	write umon |	misses = 440, hits= 0 0 0 0 0 0 0 0 0 0 0 0 0 0 0 0
num evicts: 500000, p: 38281, s: 0 	 max proactive lookup: 16, max shadow lookup: 16
current cycle = 999208, last update cycle = 0, delta = 999208
	load umon |	misses = 2978, hits= 1 0 0 0 0 0 0 1 0 1 1 0 0 2 5 19
	write umon |	misses = 576, hits= 0 0 0 0 0 0 0 0 0 0 0 0 0 0 0 0
num evicts: 600000, p: 48057, s: 0 	 max proactive lookup: 16, max shadow lookup: 16
current cycle = 1132542, last update cycle = 0, delta = 1132542
	load umon |	misses = 3363, hits= 1 0 0 0 0 0 0 1 0 1 1 0 0 2 5 19
	write umon |	misses = 704, hits= 0 0 0 0 0 0 0 0 0 0 0 0 0 0 0 0
num evicts: 700000, p: 57893, s: 0 	 max proactive lookup: 16, max shadow lookup: 16
current cycle = 1265875, last update cycle = 0, delta = 1265875
	load umon |	misses = 3756, hits= 1 0 0 0 0 0 0 1 0 1 1 0 0 2 5 19
	write umon |	misses = 832, hits= 0 0 0 0 0 0 0 0 0 0 0 0 0 0 0 0
num evicts: 800000, p: 67770, s: 0 	 max proactive lookup: 16, max shadow lookup: 16
current cycle = 1399208, last update cycle = 0, delta = 1399208
	load umon |	misses = 4146, hits= 1 0 0 0 0 0 0 1 0 1 1 0 0 2 5 19
	write umon |	misses = 960, hits= 0 0 0 0 0 0 0 0 0 0 0 0 0 0 0 0
num evicts: 900000, p: 78630, s: 0 	 max proactive lookup: 16, max shadow lookup: 16
current cycle = 1532558, last update cycle = 0, delta = 1532558
	load umon |	misses = 4539, hits= 1 0 0 0 0 0 0 1 0 1 1 0 1 2 15 23
	write umon |	misses = 1096, hits= 0 0 0 0 0 0 0 0 0 0 0 0 0 0 0 0
num evicts: 1000000, p: 89684, s: 0 	 max proactive lookup: 16, max shadow lookup: 16
current cycle = 1665900, last update cycle = 0, delta = 1665900
	load umon |	misses = 4928, hits= 1 0 0 0 0 0 0 1 0 1 1 0 2 2 20 25
	write umon |	misses = 1224, hits= 0 0 0 0 0 0 0 0 0 0 0 0 0 0 0 0
num evicts: 1100000, p: 100279, s: 0 	 max proactive lookup: 16, max shadow lookup: 16
current cycle = 1799231, last update cycle = 0, delta = 1799231
	load umon |	misses = 5320, hits= 1 0 0 0 0 0 0 1 0 1 1 0 2 2 20 25
	write umon |	misses = 1352, hits= 0 0 0 0 0 0 0 0 0 0 0 0 0 0 0 0
num evicts: 1200000, p: 110974, s: 0 	 max proactive lookup: 16, max shadow lookup: 16
current cycle = 1932565, last update cycle = 0, delta = 1932565
	load umon |	misses = 5708, hits= 1 0 0 0 0 0 0 1 0 1 1 0 2 2 20 25
	write umon |	misses = 1481, hits= 0 0 0 0 0 0 0 0 0 0 0 0 0 0 0 0
num evicts: 1300000, p: 121349, s: 0 	 max proactive lookup: 16, max shadow lookup: 16
current cycle = 2065899, last update cycle = 0, delta = 2065899
	load umon |	misses = 6099, hits= 1 0 0 0 0 0 0 1 0 1 1 0 2 2 20 25
	write umon |	misses = 1616, hits= 0 0 0 0 0 0 0 0 0 0 0 0 0 0 0 0
num evicts: 1400000, p: 130964, s: 0 	 max proactive lookup: 16, max shadow lookup: 16
current cycle = 2199232, last update cycle = 0, delta = 2199232
	load umon |	misses = 6493, hits= 1 0 0 0 0 0 0 1 0 1 1 0 2 2 20 25
	write umon |	misses = 1744, hits= 0 0 0 0 0 0 0 0 0 0 0 0 0 0 0 0
num evicts: 1500000, p: 140479, s: 0 	 max proactive lookup: 16, max shadow lookup: 16
current cycle = 2332565, last update cycle = 0, delta = 2332565
	load umon |	misses = 6883, hits= 1 0 0 0 0 0 0 1 0 1 1 0 2 2 20 25
	write umon |	misses = 1872, hits= 0 0 0 0 0 0 0 0 0 0 0 0 0 0 0 0
num evicts: 1600000, p: 150069, s: 0 	 max proactive lookup: 16, max shadow lookup: 16
current cycle = 2465905, last update cycle = 0, delta = 2465905
	load umon |	misses = 7270, hits= 1 0 0 0 0 0 0 1 0 1 1 0 2 2 26 26
	write umon |	misses = 2003, hits= 0 0 0 0 0 0 0 0 0 0 0 0 0 0 0 0
num evicts: 1700000, p: 161413, s: 0 	 max proactive lookup: 16, max shadow lookup: 16
current cycle = 2599248, last update cycle = 0, delta = 2599248
	load umon |	misses = 7661, hits= 1 0 0 0 0 0 0 1 0 1 1 0 2 3 32 27
	write umon |	misses = 2136, hits= 0 0 0 0 0 0 0 0 0 0 0 0 0 0 0 0
num evicts: 1800000, p: 172490, s: 0 	 max proactive lookup: 16, max shadow lookup: 16
current cycle = 2732586, last update cycle = 0, delta = 2732586
	load umon |	misses = 8056, hits= 1 0 0 0 0 0 0 1 0 1 1 0 2 4 38 28
	write umon |	misses = 2264, hits= 0 0 0 0 0 0 0 0 0 0 0 0 0 0 0 0
num evicts: 1900000, p: 183498, s: 0 	 max proactive lookup: 16, max shadow lookup: 16
current cycle = 2865920, last update cycle = 0, delta = 2865920
	load umon |	misses = 8445, hits= 1 0 0 0 0 0 0 1 0 1 1 0 2 4 38 28
	write umon |	misses = 2393, hits= 0 0 0 0 0 0 0 0 0 0 0 0 0 0 0 0
num evicts: 2000000, p: 194574, s: 0 	 max proactive lookup: 16, max shadow lookup: 16
current cycle = 2999256, last update cycle = 0, delta = 2999256
	load umon |	misses = 8834, hits= 1 0 0 0 0 0 0 1 0 1 1 0 2 4 38 28
	write umon |	misses = 2527, hits= 0 0 0 0 0 0 0 0 0 0 0 0 0 0 0 0
num evicts: 2100000, p: 204862, s: 0 	 max proactive lookup: 16, max shadow lookup: 16
current cycle = 3132586, last update cycle = 0, delta = 3132586
	load umon |	misses = 9222, hits= 1 0 0 0 0 0 0 1 0 1 1 0 2 4 38 28
	write umon |	misses = 2656, hits= 0 0 0 0 0 0 0 0 0 0 0 0 0 0 0 0
num evicts: 2200000, p: 214218, s: 0 	 max proactive lookup: 16, max shadow lookup: 16
current cycle = 3265920, last update cycle = 0, delta = 3265920
	load umon |	misses = 9620, hits= 1 0 0 0 0 0 0 1 0 1 1 0 2 4 38 28
	write umon |	misses = 2784, hits= 0 0 0 0 0 0 0 0 0 0 0 0 0 0 0 0
num evicts: 2300000, p: 223543, s: 0 	 max proactive lookup: 16, max shadow lookup: 16
current cycle = 3399256, last update cycle = 0, delta = 3399256
	load umon |	misses = 10006, hits= 1 0 0 0 0 0 0 1 0 1 1 0 2 4 38 28
	write umon |	misses = 2914, hits= 0 0 0 0 0 0 0 0 0 0 0 0 0 0 0 0
num evicts: 2400000, p: 232890, s: 0 	 max proactive lookup: 16, max shadow lookup: 16
current cycle = 3532594, last update cycle = 0, delta = 3532594
	load umon |	misses = 10398, hits= 1 0 0 0 0 0 0 1 0 1 1 0 2 5 42 30
	write umon |	misses = 3049, hits= 0 0 0 0 0 0 0 0 0 0 0 0 0 0 0 0
num evicts: 2500000, p: 242885, s: 0 	 max proactive lookup: 16, max shadow lookup: 16
current cycle = 3665937, last update cycle = 0, delta = 3665937
	load umon |	misses = 10787, hits= 1 0 0 0 0 0 0 1 0 1 1 0 2 7 46 32
	write umon |	misses = 3176, hits= 0 0 0 0 0 0 0 0 0 0 0 0 0 0 0 0
num evicts: 2600000, p: 253174, s: 0 	 max proactive lookup: 16, max shadow lookup: 16
current cycle = 3799277, last update cycle = 0, delta = 3799277
	load umon |	misses = 11182, hits= 1 0 0 0 0 0 0 1 0 1 1 0 2 9 50 34
	write umon |	misses = 3305, hits= 0 0 0 0 0 0 0 0 0 0 0 0 0 0 0 0
num evicts: 2700000, p: 263332, s: 0 	 max proactive lookup: 16, max shadow lookup: 16
current cycle = 3932611, last update cycle = 0, delta = 3932611
	load umon |	misses = 11570, hits= 1 0 0 0 0 0 0 1 0 1 1 0 2 9 50 34
	write umon |	misses = 3437, hits= 0 0 0 0 0 0 0 0 0 0 0 0 0 0 0 0
num evicts: 2800000, p: 273682, s: 0 	 max proactive lookup: 16, max shadow lookup: 16
current cycle = 4065942, last update cycle = 0, delta = 4065942
	load umon |	misses = 11959, hits= 1 0 0 0 0 0 0 1 0 1 1 0 2 9 50 34
	write umon |	misses = 3569, hits= 0 0 0 0 0 0 0 0 0 0 0 0 0 0 0 0
num evicts: 2900000, p: 282873, s: 0 	 max proactive lookup: 16, max shadow lookup: 16
current cycle = 4199277, last update cycle = 0, delta = 4199277
	load umon |	misses = 12354, hits= 1 0 0 0 0 0 0 1 0 1 1 0 2 9 50 34
	write umon |	misses = 3696, hits= 0 0 0 0 0 0 0 0 0 0 0 0 0 0 0 0
num evicts: 3000000, p: 291159, s: 0 	 max proactive lookup: 16, max shadow lookup: 16
current cycle = 4332611, last update cycle = 0, delta = 4332611
	load umon |	misses = 12743, hits= 1 0 0 0 0 0 0 1 0 1 1 0 2 9 50 34
	write umon |	misses = 3826, hits= 0 0 0 0 0 0 0 0 0 0 0 0 0 0 0 0
num evicts: 3100000, p: 299400, s: 0 	 max proactive lookup: 16, max shadow lookup: 16
current cycle = 4465943, last update cycle = 0, delta = 4465943
	load umon |	misses = 13133, hits= 1 0 0 0 0 0 0 1 0 1 1 0 2 9 50 34
	write umon |	misses = 3960, hits= 0 0 0 0 0 0 0 0 0 0 0 0 0 0 0 0
num evicts: 3200000, p: 307554, s: 0 	 max proactive lookup: 16, max shadow lookup: 16
current cycle = 4599284, last update cycle = 0, delta = 4599284
	load umon |	misses = 13524, hits= 1 0 0 0 0 0 0 1 0 1 1 0 2 9 56 35
	write umon |	misses = 4089, hits= 0 0 0 0 0 0 0 0 0 0 0 0 0 0 0 0
num evicts: 3300000, p: 315463, s: 0 	 max proactive lookup: 16, max shadow lookup: 16
current cycle = 4732624, last update cycle = 0, delta = 4732624
	load umon |	misses = 13919, hits= 1 0 0 0 0 0 0 1 0 1 1 0 2 11 60 37
	write umon |	misses = 4217, hits= 0 0 0 0 0 0 0 0 0 0 0 0 0 0 0 0
num evicts: 3400000, p: 323458, s: 0 	 max proactive lookup: 16, max shadow lookup: 16
current cycle = 4865965, last update cycle = 0, delta = 4865965
	load umon |	misses = 14307, hits= 1 0 0 0 0 0 0 1 0 1 1 0 2 13 64 39
	write umon |	misses = 4349, hits= 0 0 0 0 0 0 0 0 0 0 0 0 0 0 0 0
num evicts: 3500000, p: 331583, s: 0 	 max proactive lookup: 16, max shadow lookup: 16
current cycle = 4999300, last update cycle = 0, delta = 4999300
	load umon |	misses = 14695, hits= 1 0 0 0 0 0 0 1 0 1 1 0 2 13 64 39
	write umon |	misses = 4480, hits= 0 0 0 0 0 0 0 0 0 0 0 0 0 0 0 0
num evicts: 3600000, p: 339653, s: 0 	 max proactive lookup: 16, max shadow lookup: 16
current cycle = 5132633, last update cycle = 5000003, delta = 132630
	load umon |	misses = 7742, hits= 0 0 0 0 0 0 0 0 0 0 0 0 1 6 32 19
	write umon |	misses = 2369, hits= 0 0 0 0 0 0 0 0 0 0 0 0 0 0 0 0
num evicts: 3700000, p: 349613, s: 0 	 max proactive lookup: 16, max shadow lookup: 16
current cycle = 5265965, last update cycle = 5000003, delta = 265962
	load umon |	misses = 8131, hits= 0 0 0 0 0 0 0 0 0 0 0 0 1 6 32 19
	write umon |	misses = 2497, hits= 0 0 0 0 0 0 0 0 0 0 0 0 0 0 0 0
num evicts: 3800000, p: 360391, s: 0 	 max proactive lookup: 16, max shadow lookup: 16
current cycle = 5399300, last update cycle = 5000003, delta = 399297
	load umon |	misses = 8523, hits= 0 0 0 0 0 0 0 0 0 0 0 0 1 6 32 19
	write umon |	misses = 2632, hits= 0 0 0 0 0 0 0 0 0 0 0 0 0 0 0 0
num evicts: 3900000, p: 371114, s: 0 	 max proactive lookup: 16, max shadow lookup: 16
current cycle = 5532633, last update cycle = 5000003, delta = 532630
	load umon |	misses = 8908, hits= 0 0 0 0 0 0 0 0 0 0 0 0 1 6 32 19
	write umon |	misses = 2760, hits= 0 0 0 0 0 0 0 0 0 0 0 0 0 0 0 0
num evicts: 4000000, p: 381807, s: 0 	 max proactive lookup: 16, max shadow lookup: 16
current cycle = 5665975, last update cycle = 5000003, delta = 665972
	load umon |	misses = 9307, hits= 0 0 0 0 0 0 0 0 0 0 0 0 1 7 36 21
	write umon |	misses = 2889, hits= 0 0 0 0 0 0 0 0 0 0 0 0 0 0 0 0
Heartbeat CPU 0 instructions: 10000002 cycles: 5695215 heartbeat IPC: 1.756 cumulative IPC: 1.756 (Simulation time: 00 hr 28 min 35 sec)
Heartbeat CPU 1 instructions: 10000002 cycles: 5697025 heartbeat IPC: 1.755 cumulative IPC: 1.755 (Simulation time: 00 hr 28 min 36 sec)
Heartbeat CPU 2 instructions: 10000002 cycles: 5697402 heartbeat IPC: 1.755 cumulative IPC: 1.755 (Simulation time: 00 hr 28 min 36 sec)
Heartbeat CPU 3 instructions: 10000002 cycles: 5697603 heartbeat IPC: 1.755 cumulative IPC: 1.755 (Simulation time: 00 hr 28 min 36 sec)
Heartbeat CPU 4 instructions: 10000002 cycles: 5697820 heartbeat IPC: 1.755 cumulative IPC: 1.755 (Simulation time: 00 hr 28 min 36 sec)
Heartbeat CPU 5 instructions: 10000002 cycles: 5698116 heartbeat IPC: 1.755 cumulative IPC: 1.755 (Simulation time: 00 hr 28 min 36 sec)
Heartbeat CPU 6 instructions: 10000002 cycles: 5698317 heartbeat IPC: 1.755 cumulative IPC: 1.755 (Simulation time: 00 hr 28 min 36 sec)
Heartbeat CPU 7 instructions: 10000002 cycles: 5698510 heartbeat IPC: 1.755 cumulative IPC: 1.755 (Simulation time: 00 hr 28 min 36 sec)
num evicts: 4100000, p: 392275, s: 0 	 max proactive lookup: 16, max shadow lookup: 16
current cycle = 5799328, last update cycle = 5000003, delta = 799325
	load umon |	misses = 9695, hits= 0 0 0 0 0 0 0 0 0 0 0 0 1 11 44 25
	write umon |	misses = 3020, hits= 0 0 0 0 0 0 0 0 0 0 0 0 0 0 0 0
num evicts: 4200000, p: 402884, s: 0 	 max proactive lookup: 16, max shadow lookup: 16
current cycle = 5932655, last update cycle = 5000003, delta = 932652
	load umon |	misses = 10084, hits= 0 0 0 0 0 0 0 0 0 0 0 0 1 11 44 25
	write umon |	misses = 3152, hits= 0 0 0 0 0 0 0 0 0 0 0 0 0 0 0 0
num evicts: 4300000, p: 413487, s: 0 	 max proactive lookup: 16, max shadow lookup: 16
current cycle = 6065988, last update cycle = 5000003, delta = 1065985
	load umon |	misses = 10473, hits= 0 0 0 0 0 0 0 0 0 0 0 0 1 11 44 25
	write umon |	misses = 3280, hits= 0 0 0 0 0 0 0 0 0 0 0 0 0 0 0 0
num evicts: 4400000, p: 424053, s: 0 	 max proactive lookup: 16, max shadow lookup: 16
current cycle = 6199323, last update cycle = 5000003, delta = 1199320
	load umon |	misses = 10867, hits= 0 0 0 0 0 0 0 0 0 0 0 0 1 11 44 25
	write umon |	misses = 3409, hits= 0 0 0 0 0 0 0 0 0 0 0 0 0 0 0 0
num evicts: 4500000, p: 433553, s: 0 	 max proactive lookup: 16, max shadow lookup: 16
current cycle = 6332655, last update cycle = 5000003, delta = 1332652
	load umon |	misses = 11259, hits= 0 0 0 0 0 0 0 0 0 0 0 0 1 11 44 25
	write umon |	misses = 3544, hits= 0 0 0 0 0 0 0 0 0 0 0 0 0 0 0 0
num evicts: 4600000, p: 442787, s: 0 	 max proactive lookup: 16, max shadow lookup: 16
current cycle = 6465988, last update cycle = 5000003, delta = 1465985
	load umon |	misses = 11645, hits= 0 0 0 0 0 0 0 0 0 0 0 0 1 11 44 25
	write umon |	misses = 3672, hits= 0 0 0 0 0 0 0 0 0 0 0 0 0 0 0 0
num evicts: 4700000, p: 452072, s: 0 	 max proactive lookup: 16, max shadow lookup: 16
current cycle = 6599323, last update cycle = 5000003, delta = 1599320
	load umon |	misses = 12037, hits= 0 0 0 0 0 0 0 0 0 0 0 0 1 11 44 25
	write umon |	misses = 3800, hits= 0 0 0 0 0 0 0 0 0 0 0 0 0 0 0 0
num evicts: 4800000, p: 461464, s: 0 	 max proactive lookup: 16, max shadow lookup: 16
current cycle = 6732665, last update cycle = 5000003, delta = 1732662
	load umon |	misses = 12429, hits= 0 0 0 0 0 0 0 0 0 0 0 0 1 12 48 27
	write umon |	misses = 3930, hits= 0 0 0 0 0 0 0 0 0 0 0 0 0 0 0 0
num evicts: 4900000, p: 470827, s: 0 	 max proactive lookup: 16, max shadow lookup: 16
current cycle = 6866011, last update cycle = 5000003, delta = 1866008
	load umon |	misses = 12821, hits= 0 0 0 0 0 0 0 0 0 0 0 0 1 16 57 30
	write umon |	misses = 4064, hits= 0 0 0 0 0 0 0 0 0 0 0 0 0 0 0 0
num evicts: 5000000, p: 480226, s: 0 	 max proactive lookup: 16, max shadow lookup: 16
current cycle = 6999345, last update cycle = 5000003, delta = 1999342
	load umon |	misses = 13209, hits= 0 0 0 0 0 0 0 0 0 0 0 0 1 16 57 30
	write umon |	misses = 4192, hits= 0 0 0 0 0 0 0 0 0 0 0 0 0 0 0 0
num evicts: 5100000, p: 489548, s: 0 	 max proactive lookup: 16, max shadow lookup: 16
current cycle = 7132679, last update cycle = 5000003, delta = 2132676
	load umon |	misses = 13601, hits= 0 0 0 0 0 0 0 0 0 0 0 0 1 16 57 30
	write umon |	misses = 4320, hits= 0 0 0 0 0 0 0 0 0 0 0 0 0 0 0 0
num evicts: 5200000, p: 498749, s: 0 	 max proactive lookup: 16, max shadow lookup: 16
current cycle = 7266011, last update cycle = 5000003, delta = 2266008
	load umon |	misses = 13989, hits= 0 0 0 0 0 0 0 0 0 0 0 0 1 16 57 30
	write umon |	misses = 4450, hits= 0 0 0 0 0 0 0 0 0 0 0 0 0 0 0 0
num evicts: 5300000, p: 507351, s: 0 	 max proactive lookup: 16, max shadow lookup: 16
current cycle = 7399345, last update cycle = 5000003, delta = 2399342
	load umon |	misses = 14382, hits= 0 0 0 0 0 0 0 0 0 0 0 0 1 16 57 30
	write umon |	misses = 4584, hits= 0 0 0 0 0 0 0 0 0 0 0 0 0 0 0 0
num evicts: 5400000, p: 516103, s: 0 	 max proactive lookup: 16, max shadow lookup: 16
current cycle = 7532680, last update cycle = 5000003, delta = 2532677
	load umon |	misses = 14772, hits= 0 0 0 0 0 0 0 0 0 0 0 0 1 16 57 30
	write umon |	misses = 4712, hits= 0 0 0 0 0 0 0 0 0 0 0 0 0 0 0 0
num evicts: 5500000, p: 524775, s: 0 	 max proactive lookup: 16, max shadow lookup: 16
current cycle = 7666011, last update cycle = 5000003, delta = 2666008
	load umon |	misses = 15165, hits= 0 0 0 0 0 0 0 0 0 0 0 0 1 16 57 30
	write umon |	misses = 4841, hits= 0 0 0 0 0 0 0 0 0 0 0 0 0 0 0 0
num evicts: 5600000, p: 533285, s: 0 	 max proactive lookup: 16, max shadow lookup: 16
current cycle = 7799368, last update cycle = 5000003, delta = 2799365
	load umon |	misses = 15557, hits= 0 0 0 0 0 0 0 0 0 0 0 0 1 20 64 34
	write umon |	misses = 4976, hits= 0 0 0 0 0 0 0 0 0 0 0 0 0 0 0 0
num evicts: 5700000, p: 542499, s: 0 	 max proactive lookup: 16, max shadow lookup: 16
current cycle = 7932707, last update cycle = 5000003, delta = 2932704
	load umon |	misses = 15945, hits= 0 0 0 0 0 0 0 0 0 0 0 0 1 22 68 36
	write umon |	misses = 5104, hits= 0 0 0 0 0 0 0 0 0 0 0 0 0 0 0 0
num evicts: 5800000, p: 551461, s: 0 	 max proactive lookup: 16, max shadow lookup: 16
current cycle = 8066035, last update cycle = 5000003, delta = 3066032
	load umon |	misses = 16337, hits= 0 0 0 0 0 0 0 0 0 0 0 0 1 22 68 36
	write umon |	misses = 5232, hits= 0 0 0 0 0 0 0 0 0 0 0 0 0 0 0 0
num evicts: 5900000, p: 560303, s: 0 	 max proactive lookup: 16, max shadow lookup: 16
current cycle = 8199368, last update cycle = 5000003, delta = 3199365
	load umon |	misses = 16726, hits= 0 0 0 0 0 0 0 0 0 0 0 0 1 22 68 36
	write umon |	misses = 5361, hits= 0 0 0 0 0 0 0 0 0 0 0 0 0 0 0 0
num evicts: 6000000, p: 569291, s: 0 	 max proactive lookup: 16, max shadow lookup: 16
current cycle = 8332699, last update cycle = 5000003, delta = 3332696
	load umon |	misses = 17117, hits= 0 0 0 0 0 0 0 0 0 0 0 0 1 22 68 36
	write umon |	misses = 5496, hits= 0 0 0 0 0 0 0 0 0 0 0 0 0 0 0 0
num evicts: 6100000, p: 579397, s: 0 	 max proactive lookup: 16, max shadow lookup: 16
current cycle = 8466035, last update cycle = 5000003, delta = 3466032
	load umon |	misses = 17509, hits= 0 0 0 0 0 0 0 0 0 0 0 0 1 22 68 36
	write umon |	misses = 5624, hits= 0 0 0 0 0 0 0 0 0 0 0 0 0 0 0 0
num evicts: 6200000, p: 589303, s: 0 	 max proactive lookup: 16, max shadow lookup: 16
current cycle = 8599368, last update cycle = 5000003, delta = 3599365
	load umon |	misses = 17902, hits= 0 0 0 0 0 0 0 0 0 0 0 0 1 22 68 36
	write umon |	misses = 5753, hits= 0 0 0 0 0 0 0 0 0 0 0 0 0 0 0 0
num evicts: 6300000, p: 599379, s: 0 	 max proactive lookup: 16, max shadow lookup: 16
current cycle = 8732700, last update cycle = 5000003, delta = 3732697
	load umon |	misses = 18287, hits= 0 0 0 0 0 0 0 0 0 0 0 0 1 22 68 36
	write umon |	misses = 5882, hits= 0 0 0 0 0 0 0 0 0 0 0 0 0 0 0 0
num evicts: 6400000, p: 609552, s: 0 	 max proactive lookup: 16, max shadow lookup: 16
current cycle = 8866048, last update cycle = 5000003, delta = 3866045
	load umon |	misses = 18680, hits= 0 0 0 0 0 0 0 0 0 0 0 0 1 24 79 38
	write umon |	misses = 6016, hits= 0 0 0 0 0 0 0 0 0 0 0 0 0 0 0 0
num evicts: 6500000, p: 619711, s: 0 	 max proactive lookup: 16, max shadow lookup: 16
current cycle = 8999390, last update cycle = 5000003, delta = 3999387
	load umon |	misses = 19074, hits= 0 0 0 0 0 0 0 0 0 0 0 0 1 25 85 39
	write umon |	misses = 6144, hits= 0 0 0 0 0 0 0 0 0 0 0 0 0 0 0 0
num evicts: 6600000, p: 629910, s: 0 	 max proactive lookup: 16, max shadow lookup: 16
current cycle = 9132724, last update cycle = 5000003, delta = 4132721
	load umon |	misses = 19463, hits= 0 0 0 0 0 0 0 0 0 0 0 0 1 25 85 39
	write umon |	misses = 6273, hits= 0 0 0 0 0 0 0 0 0 0 0 0 0 0 0 0
num evicts: 6700000, p: 640135, s: 0 	 max proactive lookup: 16, max shadow lookup: 16
current cycle = 9266056, last update cycle = 5000003, delta = 4266053
	load umon |	misses = 19851, hits= 0 0 0 0 0 0 0 0 0 0 0 0 1 25 85 39
	write umon |	misses = 6405, hits= 0 0 0 0 0 0 0 0 0 0 0 0 0 0 0 0
num evicts: 6800000, p: 650214, s: 0 	 max proactive lookup: 16, max shadow lookup: 16
current cycle = 9399390, last update cycle = 5000003, delta = 4399387
	load umon |	misses = 20240, hits= 0 0 0 0 0 0 0 0 0 0 0 0 1 25 85 39
	write umon |	misses = 6536, hits= 0 0 0 0 0 0 0 0 0 0 0 0 0 0 0 0
num evicts: 6900000, p: 659870, s: 0 	 max proactive lookup: 16, max shadow lookup: 16
current cycle = 9532724, last update cycle = 5000003, delta = 4532721
	load umon |	misses = 20638, hits= 0 0 0 0 0 0 0 0 0 0 0 0 1 25 85 39
	write umon |	misses = 6665, hits= 0 0 0 0 0 0 0 0 0 0 0 0 0 0 0 0
num evicts: 7000000, p: 669477, s: 0 	 max proactive lookup: 16, max shadow lookup: 16
current cycle = 9666056, last update cycle = 5000003, delta = 4666053
	load umon |	misses = 21023, hits= 0 0 0 0 0 0 0 0 0 0 0 0 1 25 85 39
	write umon |	misses = 6793, hits= 0 0 0 0 0 0 0 0 0 0 0 0 0 0 0 0
num evicts: 7100000, p: 679256, s: 0 	 max proactive lookup: 16, max shadow lookup: 16
current cycle = 9799390, last update cycle = 5000003, delta = 4799387
	load umon |	misses = 21416, hits= 0 0 0 0 0 0 0 0 0 0 0 0 1 25 85 39
	write umon |	misses = 6928, hits= 0 0 0 0 0 0 0 0 0 0 0 0 0 0 0 0
num evicts: 7200000, p: 688862, s: 0 	 max proactive lookup: 16, max shadow lookup: 16
current cycle = 9932739, last update cycle = 5000003, delta = 4932736
	load umon |	misses = 21804, hits= 0 0 0 0 0 0 0 0 0 0 0 0 1 28 94 42
	write umon |	misses = 7056, hits= 0 0 0 0 0 0 0 0 0 0 0 0 0 0 0 0
num evicts: 7300000, p: 698653, s: 0 	 max proactive lookup: 16, max shadow lookup: 16
current cycle = 10066080, last update cycle = 10000011, delta = 66069
	load umon |	misses = 11196, hits= 0 0 0 0 0 0 0 0 0 0 0 0 0 14 50 21
	write umon |	misses = 3624, hits= 0 0 0 0 0 0 0 0 0 0 0 0 0 0 0 0
num evicts: 7400000, p: 708451, s: 0 	 max proactive lookup: 16, max shadow lookup: 16
current cycle = 10199412, last update cycle = 10000011, delta = 199401
	load umon |	misses = 11583, hits= 0 0 0 0 0 0 0 0 0 0 0 0 0 14 50 21
	write umon |	misses = 3755, hits= 0 0 0 0 0 0 0 0 0 0 0 0 0 0 0 0
num evicts: 7500000, p: 718209, s: 0 	 max proactive lookup: 16, max shadow lookup: 16
current cycle = 10332745, last update cycle = 10000011, delta = 332734
	load umon |	misses = 11973, hits= 0 0 0 0 0 0 0 0 0 0 0 0 0 14 50 21
	write umon |	misses = 3888, hits= 0 0 0 0 0 0 0 0 0 0 0 0 0 0 0 0
num evicts: 7600000, p: 728249, s: 0 	 max proactive lookup: 16, max shadow lookup: 16
current cycle = 10466080, last update cycle = 10000011, delta = 466069
	load umon |	misses = 12367, hits= 0 0 0 0 0 0 0 0 0 0 0 0 0 14 50 21
	write umon |	misses = 4015, hits= 0 0 0 0 0 0 0 0 0 0 0 0 0 0 0 0
num evicts: 7700000, p: 738651, s: 0 	 max proactive lookup: 16, max shadow lookup: 16
current cycle = 10599412, last update cycle = 10000011, delta = 599401
	load umon |	misses = 12756, hits= 0 0 0 0 0 0 0 0 0 0 0 0 0 14 50 21
	write umon |	misses = 4144, hits= 0 0 0 0 0 0 0 0 0 0 0 0 0 0 0 0
num evicts: 7800000, p: 748912, s: 0 	 max proactive lookup: 16, max shadow lookup: 16
current cycle = 10732745, last update cycle = 10000011, delta = 732734
	load umon |	misses = 13148, hits= 0 0 0 0 0 0 0 0 0 0 0 0 0 14 50 21
	write umon |	misses = 4279, hits= 0 0 0 0 0 0 0 0 0 0 0 0 0 0 0 0
num evicts: 7900000, p: 759303, s: 0 	 max proactive lookup: 16, max shadow lookup: 16
current cycle = 10866088, last update cycle = 10000011, delta = 866077
	load umon |	misses = 13535, hits= 0 0 0 0 0 0 0 0 0 0 0 0 0 15 55 22
	write umon |	misses = 4408, hits= 0 0 0 0 0 0 0 0 0 0 0 0 0 0 0 0
num evicts: 8000000, p: 769802, s: 0 	 max proactive lookup: 16, max shadow lookup: 16
current cycle = 10999428, last update cycle = 10000011, delta = 999417
	load umon |	misses = 13933, hits= 0 0 0 0 0 0 0 0 0 0 0 0 0 16 61 23
	write umon |	misses = 4536, hits= 0 0 0 0 0 0 0 0 0 0 0 0 0 0 0 0
num evicts: 8100000, p: 780491, s: 0 	 max proactive lookup: 16, max shadow lookup: 16
current cycle = 11132769, last update cycle = 10000011, delta = 1132758
	load umon |	misses = 14320, hits= 0 0 0 0 0 0 0 0 0 0 0 0 0 17 67 24
	write umon |	misses = 4667, hits= 0 0 0 0 0 0 0 0 0 0 0 0 0 0 0 0
num evicts: 8200000, p: 791208, s: 0 	 max proactive lookup: 16, max shadow lookup: 16
current cycle = 11266101, last update cycle = 10000011, delta = 1266090
	load umon |	misses = 14709, hits= 0 0 0 0 0 0 0 0 0 0 0 0 0 17 67 24
	write umon |	misses = 4799, hits= 0 0 0 0 0 0 0 0 0 0 0 0 0 0 0 0
num evicts: 8300000, p: 801923, s: 0 	 max proactive lookup: 16, max shadow lookup: 16
current cycle = 11399434, last update cycle = 10000011, delta = 1399423
	load umon |	misses = 15103, hits= 0 0 0 0 0 0 0 0 0 0 0 0 0 17 67 24
	write umon |	misses = 4928, hits= 0 0 0 0 0 0 0 0 0 0 0 0 0 0 0 0
Heartbeat CPU 0 instructions: 20000003 cycles: 11409580 heartbeat IPC: 1.75 cumulative IPC: 1.753 (Simulation time: 00 hr 56 min 41 sec)
Heartbeat CPU 1 instructions: 20000003 cycles: 11411414 heartbeat IPC: 1.75 cumulative IPC: 1.753 (Simulation time: 00 hr 56 min 41 sec)
Heartbeat CPU 2 instructions: 20000003 cycles: 11411935 heartbeat IPC: 1.75 cumulative IPC: 1.753 (Simulation time: 00 hr 56 min 41 sec)
Heartbeat CPU 3 instructions: 20000003 cycles: 11412111 heartbeat IPC: 1.75 cumulative IPC: 1.753 (Simulation time: 00 hr 56 min 41 sec)
Heartbeat CPU 4 instructions: 20000003 cycles: 11412298 heartbeat IPC: 1.75 cumulative IPC: 1.752 (Simulation time: 00 hr 56 min 41 sec)
Heartbeat CPU 5 instructions: 20000003 cycles: 11412474 heartbeat IPC: 1.75 cumulative IPC: 1.752 (Simulation time: 00 hr 56 min 42 sec)
Heartbeat CPU 6 instructions: 20000003 cycles: 11412625 heartbeat IPC: 1.75 cumulative IPC: 1.752 (Simulation time: 00 hr 56 min 42 sec)
Heartbeat CPU 7 instructions: 20000003 cycles: 11412899 heartbeat IPC: 1.75 cumulative IPC: 1.752 (Simulation time: 00 hr 56 min 42 sec)
num evicts: 8400000, p: 810496, s: 0 	 max proactive lookup: 16, max shadow lookup: 16
current cycle = 11532768, last update cycle = 10000011, delta = 1532757
	load umon |	misses = 15493, hits= 0 0 0 0 0 0 0 0 0 0 0 0 0 17 67 24
	write umon |	misses = 5056, hits= 0 0 0 0 0 0 0 0 0 0 0 0 0 0 0 0
num evicts: 8500000, p: 816678, s: 0 	 max proactive lookup: 16, max shadow lookup: 16
current cycle = 11666101, last update cycle = 10000011, delta = 1666090
	load umon |	misses = 15884, hits= 0 0 0 0 0 0 0 0 0 0 0 0 0 17 67 24
	write umon |	misses = 5191, hits= 0 0 0 0 0 0 0 0 0 0 0 0 0 0 0 0
num evicts: 8600000, p: 822931, s: 0 	 max proactive lookup: 16, max shadow lookup: 16
current cycle = 11799436, last update cycle = 10000011, delta = 1799425
	load umon |	misses = 16270, hits= 0 0 0 0 0 0 0 0 0 0 0 0 0 17 67 24
	write umon |	misses = 5319, hits= 0 0 0 0 0 0 0 0 0 0 0 0 0 0 0 0
num evicts: 8700000, p: 829246, s: 0 	 max proactive lookup: 16, max shadow lookup: 16
current cycle = 11932776, last update cycle = 10000011, delta = 1932765
	load umon |	misses = 16669, hits= 0 0 0 0 0 0 0 0 0 0 0 0 0 18 72 25
	write umon |	misses = 5448, hits= 0 0 0 0 0 0 0 0 0 0 0 0 0 0 0 0
num evicts: 8800000, p: 836014, s: 0 	 max proactive lookup: 16, max shadow lookup: 16
current cycle = 12066118, last update cycle = 10000011, delta = 2066107
	load umon |	misses = 17056, hits= 0 0 0 0 0 0 0 0 0 0 0 0 0 18 79 26
	write umon |	misses = 5578, hits= 0 0 0 0 0 0 0 0 0 0 0 0 0 0 0 0
num evicts: 8900000, p: 842875, s: 0 	 max proactive lookup: 16, max shadow lookup: 16
current cycle = 12199458, last update cycle = 10000011, delta = 2199447
	load umon |	misses = 17446, hits= 0 0 0 0 0 0 0 0 0 0 0 0 0 20 84 27
	write umon |	misses = 5711, hits= 0 0 0 0 0 0 0 0 0 0 0 0 0 0 0 0
num evicts: 9000000, p: 849726, s: 0 	 max proactive lookup: 16, max shadow lookup: 16
current cycle = 12332792, last update cycle = 10000011, delta = 2332781
	load umon |	misses = 17833, hits= 0 0 0 0 0 0 0 0 0 0 0 0 0 20 84 27
	write umon |	misses = 5839, hits= 0 0 0 0 0 0 0 0 0 0 0 0 0 0 0 0
num evicts: 9100000, p: 856615, s: 0 	 max proactive lookup: 16, max shadow lookup: 16
current cycle = 12466124, last update cycle = 10000011, delta = 2466113
	load umon |	misses = 18229, hits= 0 0 0 0 0 0 0 0 0 0 0 0 0 20 84 27
	write umon |	misses = 5968, hits= 0 0 0 0 0 0 0 0 0 0 0 0 0 0 0 0
num evicts: 9200000, p: 863203, s: 0 	 max proactive lookup: 16, max shadow lookup: 16
current cycle = 12599458, last update cycle = 10000011, delta = 2599447
	load umon |	misses = 18621, hits= 0 0 0 0 0 0 0 0 0 0 0 0 0 20 84 27
	write umon |	misses = 6103, hits= 0 0 0 0 0 0 0 0 0 0 0 0 0 0 0 0
num evicts: 9300000, p: 869737, s: 0 	 max proactive lookup: 16, max shadow lookup: 16
current cycle = 12732793, last update cycle = 10000011, delta = 2732782
	load umon |	misses = 19007, hits= 0 0 0 0 0 0 0 0 0 0 0 0 0 20 84 27
	write umon |	misses = 6231, hits= 0 0 0 0 0 0 0 0 0 0 0 0 0 0 0 0
num evicts: 9400000, p: 876354, s: 0 	 max proactive lookup: 16, max shadow lookup: 16
current cycle = 12866124, last update cycle = 10000011, delta = 2866113
	load umon |	misses = 19398, hits= 0 0 0 0 0 0 0 0 0 0 0 0 0 20 84 27
	write umon |	misses = 6359, hits= 0 0 0 0 0 0 0 0 0 0 0 0 0 0 0 0
num evicts: 9500000, p: 883022, s: 0 	 max proactive lookup: 16, max shadow lookup: 16
current cycle = 12999466, last update cycle = 10000011, delta = 2999455
	load umon |	misses = 19791, hits= 0 0 0 0 0 0 0 0 0 0 0 0 0 20 90 28
	write umon |	misses = 6489, hits= 0 0 0 0 0 0 0 0 0 0 0 0 0 0 0 0
num evicts: 9600000, p: 889784, s: 0 	 max proactive lookup: 16, max shadow lookup: 16
current cycle = 13132807, last update cycle = 10000011, delta = 3132796
	load umon |	misses = 20183, hits= 0 0 0 0 0 0 0 0 0 0 0 0 0 23 94 30
	write umon |	misses = 6623, hits= 0 0 0 0 0 0 0 0 0 0 0 0 0 0 0 0
num evicts: 9700000, p: 896481, s: 0 	 max proactive lookup: 16, max shadow lookup: 16
current cycle = 13266147, last update cycle = 10000011, delta = 3266136
	load umon |	misses = 20570, hits= 0 0 0 0 0 0 0 0 0 0 0 0 0 23 100 31
	write umon |	misses = 6751, hits= 0 0 0 0 0 0 0 0 0 0 0 0 0 0 0 0
num evicts: 9800000, p: 903122, s: 0 	 max proactive lookup: 16, max shadow lookup: 16
current cycle = 13399480, last update cycle = 10000011, delta = 3399469
	load umon |	misses = 20962, hits= 0 0 0 0 0 0 0 0 0 0 0 0 0 23 100 31
	write umon |	misses = 6879, hits= 0 0 0 0 0 0 0 0 0 0 0 0 0 0 0 0
num evicts: 9900000, p: 909710, s: 0 	 max proactive lookup: 16, max shadow lookup: 16
current cycle = 13532814, last update cycle = 10000011, delta = 3532803
	load umon |	misses = 21351, hits= 0 0 0 0 0 0 0 0 0 0 0 0 0 23 100 31
	write umon |	misses = 7009, hits= 0 0 0 0 0 0 0 0 0 0 0 0 0 0 0 0
num evicts: 10000000, p: 918499, s: 0 	 max proactive lookup: 16, max shadow lookup: 16
current cycle = 13666147, last update cycle = 10000011, delta = 3666136
	load umon |	misses = 21744, hits= 0 0 0 0 0 0 0 0 0 0 0 0 0 23 100 31
	write umon |	misses = 7143, hits= 0 0 0 0 0 0 0 0 0 0 0 0 0 0 0 0
num evicts: 10100000, p: 927948, s: 0 	 max proactive lookup: 16, max shadow lookup: 16
current cycle = 13799480, last update cycle = 10000011, delta = 3799469
	load umon |	misses = 22134, hits= 0 0 0 0 0 0 0 0 0 0 0 0 0 23 100 31
	write umon |	misses = 7271, hits= 0 0 0 0 0 0 0 0 0 0 0 0 0 0 0 0
num evicts: 10200000, p: 937457, s: 0 	 max proactive lookup: 16, max shadow lookup: 16
current cycle = 13932814, last update cycle = 10000011, delta = 3932803
	load umon |	misses = 22527, hits= 0 0 0 0 0 0 0 0 0 0 0 0 0 23 100 31
	write umon |	misses = 7400, hits= 0 0 0 0 0 0 0 0 0 0 0 0 0 0 0 0
num evicts: 10300000, p: 946831, s: 0 	 max proactive lookup: 16, max shadow lookup: 16
current cycle = 14066155, last update cycle = 10000011, delta = 4066144
	load umon |	misses = 22913, hits= 0 0 0 0 0 0 0 0 0 0 0 0 0 23 106 32
	write umon |	misses = 7530, hits= 0 0 0 0 0 0 0 0 0 0 0 0 0 0 0 0
num evicts: 10400000, p: 956271, s: 0 	 max proactive lookup: 16, max shadow lookup: 16
current cycle = 14199504, last update cycle = 10000011, delta = 4199493
	load umon |	misses = 23306, hits= 0 0 0 0 0 0 0 0 0 0 0 0 0 27 114 36
	write umon |	misses = 7663, hits= 0 0 0 0 0 0 0 0 0 0 0 0 0 0 0 0
Warmup finished CPU 0 instructions: 25000004 cycles: 14266552 cumulative IPC: 1.752 (Simulation time: 01 hr 14 min 56 sec)
Warmup finished CPU 1 instructions: 25000004 cycles: 14268666 cumulative IPC: 1.752 (Simulation time: 01 hr 14 min 56 sec)
Warmup finished CPU 2 instructions: 25000004 cycles: 14269171 cumulative IPC: 1.752 (Simulation time: 01 hr 14 min 56 sec)
Warmup finished CPU 3 instructions: 25000004 cycles: 14269349 cumulative IPC: 1.752 (Simulation time: 01 hr 14 min 56 sec)
Warmup finished CPU 4 instructions: 25000004 cycles: 14269533 cumulative IPC: 1.752 (Simulation time: 01 hr 14 min 56 sec)
Warmup finished CPU 5 instructions: 25000004 cycles: 14269767 cumulative IPC: 1.752 (Simulation time: 01 hr 14 min 56 sec)
Warmup finished CPU 6 instructions: 25000004 cycles: 14269943 cumulative IPC: 1.752 (Simulation time: 01 hr 14 min 57 sec)
Warmup finished CPU 7 instructions: 25000004 cycles: 14270111 cumulative IPC: 1.752 (Simulation time: 01 hr 14 min 57 sec)
Warmup complete CPU 7 instructions: 25000004 cycles: 14270111 cumulative IPC: 1.752 (Simulation time: 01 hr 14 min 57 sec)
Warmup complete CPU 6 instructions: 25000314 cycles: 14270111 cumulative IPC: 1.752 (Simulation time: 01 hr 14 min 57 sec)
Warmup complete CPU 5 instructions: 25000595 cycles: 14270111 cumulative IPC: 1.752 (Simulation time: 01 hr 14 min 57 sec)
Warmup complete CPU 4 instructions: 25001022 cycles: 14270111 cumulative IPC: 1.752 (Simulation time: 01 hr 14 min 57 sec)
Warmup complete CPU 3 instructions: 25001323 cycles: 14270111 cumulative IPC: 1.752 (Simulation time: 01 hr 14 min 57 sec)
Warmup complete CPU 2 instructions: 25001658 cycles: 14270111 cumulative IPC: 1.752 (Simulation time: 01 hr 14 min 57 sec)
Warmup complete CPU 1 instructions: 25002544 cycles: 14270111 cumulative IPC: 1.752 (Simulation time: 01 hr 14 min 57 sec)
Warmup complete CPU 0 instructions: 25006250 cycles: 14270111 cumulative IPC: 1.752 (Simulation time: 01 hr 14 min 57 sec)
num evicts: 10500000, p: 965605, s: 0 	 max proactive lookup: 16, max shadow lookup: 16
current cycle = 14781833, last update cycle = 10000011, delta = 4781822
	load umon |	misses = 23698, hits= 0 0 0 0 0 0 0 0 0 0 0 0 0 27 114 36
	write umon |	misses = 7791, hits= 0 0 0 0 0 0 0 0 0 0 0 0 0 0 0 0
num evicts: 10600000, p: 974946, s: 0 	 max proactive lookup: 16, max shadow lookup: 16
current cycle = 15898422, last update cycle = 15000030, delta = 898392
	load umon |	misses = 12199, hits= 0 0 0 0 0 0 0 0 0 0 0 0 0 13 57 18
	write umon |	misses = 4013, hits= 0 0 0 0 0 0 0 0 0 0 0 0 0 0 0 0
num evicts: 10700000, p: 984320, s: 0 	 max proactive lookup: 16, max shadow lookup: 16
current cycle = 17033547, last update cycle = 15000030, delta = 2033517
	load umon |	misses = 12588, hits= 0 0 0 0 0 0 0 0 0 0 0 0 0 13 57 18
	write umon |	misses = 4143, hits= 0 0 0 0 0 0 0 0 0 0 0 0 0 0 0 0
num evicts: 10800000, p: 993028, s: 0 	 max proactive lookup: 16, max shadow lookup: 16
current cycle = 18188467, last update cycle = 15000030, delta = 3188437
	load umon |	misses = 12982, hits= 0 0 0 0 0 0 0 0 0 0 0 0 0 13 57 18
	write umon |	misses = 4275, hits= 0 0 0 0 0 0 0 0 0 0 0 0 0 0 0 0
num evicts: 10900000, p: 1002605, s: 0 	 max proactive lookup: 16, max shadow lookup: 16
current cycle = 19303859, last update cycle = 15000030, delta = 4303829
	load umon |	misses = 13371, hits= 0 0 0 0 0 0 0 0 0 0 0 0 0 13 57 18
	write umon |	misses = 4406, hits= 0 0 0 0 0 0 0 0 0 0 0 0 0 0 0 0
num evicts: 11000000, p: 1012132, s: 0 	 max proactive lookup: 16, max shadow lookup: 16
current cycle = 20407815, last update cycle = 20000661, delta = 407154
	load umon |	misses = 6952, hits= 0 0 0 0 0 0 0 0 0 0 0 0 0 6 28 9
	write umon |	misses = 2291, hits= 0 0 0 0 0 0 0 0 0 0 0 0 0 0 0 0
num evicts: 11100000, p: 1021654, s: 0 	 max proactive lookup: 16, max shadow lookup: 16
current cycle = 21547460, last update cycle = 20000661, delta = 1546799
	load umon |	misses = 7346, hits= 0 0 0 0 0 0 0 0 0 0 0 0 0 6 37 9
	write umon |	misses = 2422, hits= 0 0 0 0 0 0 0 0 0 0 0 0 0 0 0 0
num evicts: 11200000, p: 1030757, s: 0 	 max proactive lookup: 16, max shadow lookup: 16
current cycle = 22660954, last update cycle = 20000661, delta = 2660293
	load umon |	misses = 7736, hits= 0 0 0 0 0 0 0 0 0 0 0 0 0 6 51 9
	write umon |	misses = 2552, hits= 0 0 0 0 0 0 0 0 0 0 0 0 0 0 0 0
num evicts: 11300000, p: 1040261, s: 0 	 max proactive lookup: 16, max shadow lookup: 16
current cycle = 23771802, last update cycle = 20000661, delta = 3771141
	load umon |	misses = 8125, hits= 0 0 0 0 0 0 0 0 0 0 0 0 0 6 51 9
	write umon |	misses = 2681, hits= 0 0 0 0 0 0 0 0 0 0 0 0 0 0 0 0
num evicts: 11400000, p: 1049875, s: 0 	 max proactive lookup: 16, max shadow lookup: 16
current cycle = 24885344, last update cycle = 20000661, delta = 4884683
	load umon |	misses = 8515, hits= 0 0 0 0 0 0 0 0 0 0 0 0 0 6 51 9
	write umon |	misses = 2811, hits= 0 0 0 0 0 0 0 0 0 0 0 0 0 0 0 0
num evicts: 11500000, p: 1059054, s: 0 	 max proactive lookup: 16, max shadow lookup: 16
current cycle = 26009984, last update cycle = 25000680, delta = 1009304
	load umon |	misses = 4627, hits= 0 0 0 0 0 0 0 0 0 0 0 0 0 3 25 4
	write umon |	misses = 1531, hits= 0 0 0 0 0 0 0 0 0 0 0 0 0 0 0 0
num evicts: 11600000, p: 1067770, s: 0 	 max proactive lookup: 16, max shadow lookup: 16
current cycle = 27121741, last update cycle = 25000680, delta = 2121061
	load umon |	misses = 5019, hits= 0 0 0 0 0 0 0 0 0 0 0 0 0 3 25 4
	write umon |	misses = 1660, hits= 0 0 0 0 0 0 0 0 0 0 0 0 0 0 0 0
num evicts: 11700000, p: 1076383, s: 0 	 max proactive lookup: 16, max shadow lookup: 16
current cycle = 28238654, last update cycle = 25000680, delta = 3237974
	load umon |	misses = 5410, hits= 0 0 0 0 0 0 0 0 0 0 0 0 0 3 25 4
	write umon |	misses = 1789, hits= 0 0 0 0 0 0 0 0 0 0 0 0 0 0 0 0
num evicts: 11800000, p: 1085179, s: 0 	 max proactive lookup: 16, max shadow lookup: 16
current cycle = 29360539, last update cycle = 25000680, delta = 4359859
	load umon |	misses = 5799, hits= 0 0 0 0 0 0 0 0 0 0 0 0 0 3 25 4
	write umon |	misses = 1919, hits= 0 0 0 0 0 0 0 0 0 0 0 0 0 0 0 0
num evicts: 11900000, p: 1093670, s: 0 	 max proactive lookup: 16, max shadow lookup: 16
current cycle = 30491690, last update cycle = 30000835, delta = 490855
	load umon |	misses = 3182, hits= 0 0 0 0 0 0 0 0 0 0 0 0 0 1 24 2
	write umon |	misses = 1055, hits= 0 0 0 0 0 0 0 0 0 0 0 0 0 0 0 0
num evicts: 12000000, p: 1102050, s: 0 	 max proactive lookup: 16, max shadow lookup: 16
current cycle = 31622217, last update cycle = 30000835, delta = 1621382
	load umon |	misses = 3574, hits= 0 0 0 0 0 0 0 0 0 0 0 0 0 1 32 2
	write umon |	misses = 1183, hits= 0 0 0 0 0 0 0 0 0 0 0 0 0 0 0 0
num evicts: 12100000, p: 1110537, s: 0 	 max proactive lookup: 16, max shadow lookup: 16
current cycle = 32753474, last update cycle = 30000835, delta = 2752639
	load umon |	misses = 3961, hits= 0 0 0 0 0 0 0 0 0 0 0 0 0 1 32 2
	write umon |	misses = 1313, hits= 0 0 0 0 0 0 0 0 0 0 0 0 0 0 0 0
num evicts: 12200000, p: 1118970, s: 0 	 max proactive lookup: 16, max shadow lookup: 16
current cycle = 33876090, last update cycle = 30000835, delta = 3875255
	load umon |	misses = 4349, hits= 0 0 0 0 0 0 0 0 0 0 0 0 0 1 32 2
	write umon |	misses = 1443, hits= 0 0 0 0 0 0 0 0 0 0 0 0 0 0 0 0
num evicts: 12300000, p: 1127171, s: 0 	 max proactive lookup: 16, max shadow lookup: 16
current cycle = 35019404, last update cycle = 35000837, delta = 18567
	load umon |	misses = 2377, hits= 0 0 0 0 0 0 0 0 0 0 0 0 0 0 16 1
	write umon |	misses = 787, hits= 0 0 0 0 0 0 0 0 0 0 0 0 0 0 0 0
num evicts: 12400000, p: 1134974, s: 0 	 max proactive lookup: 16, max shadow lookup: 16
current cycle = 36147341, last update cycle = 35000837, delta = 1146504
	load umon |	misses = 2767, hits= 0 0 0 0 0 0 0 0 0 0 0 0 0 0 16 1
	write umon |	misses = 918, hits= 0 0 0 0 0 0 0 0 0 0 0 0 0 0 0 0
num evicts: 12500000, p: 1143745, s: 0 	 max proactive lookup: 16, max shadow lookup: 16
current cycle = 37275658, last update cycle = 35000837, delta = 2274821
	load umon |	misses = 3157, hits= 0 0 0 0 0 0 0 0 0 0 0 0 0 0 16 1
	write umon |	misses = 1048, hits= 0 0 0 0 0 0 0 0 0 0 0 0 0 0 0 0
Heartbeat CPU 0 instructions: 30000006 cycles: 38241196 heartbeat IPC: 0.3727 cumulative IPC: 0.2083 (Simulation time: 01 hr 58 min 07 sec)
Heartbeat CPU 7 instructions: 30000006 cycles: 38248055 heartbeat IPC: 0.3726 cumulative IPC: 0.2085 (Simulation time: 01 hr 58 min 08 sec)
Heartbeat CPU 3 instructions: 30000005 cycles: 38285685 heartbeat IPC: 0.3721 cumulative IPC: 0.2081 (Simulation time: 01 hr 58 min 11 sec)
Heartbeat CPU 4 instructions: 30000006 cycles: 38310803 heartbeat IPC: 0.3718 cumulative IPC: 0.2079 (Simulation time: 01 hr 58 min 14 sec)
Heartbeat CPU 1 instructions: 30000006 cycles: 38342708 heartbeat IPC: 0.3713 cumulative IPC: 0.2076 (Simulation time: 01 hr 58 min 17 sec)
Heartbeat CPU 6 instructions: 30000005 cycles: 38348322 heartbeat IPC: 0.3713 cumulative IPC: 0.2076 (Simulation time: 01 hr 58 min 17 sec)
Heartbeat CPU 5 instructions: 30000006 cycles: 38401408 heartbeat IPC: 0.3705 cumulative IPC: 0.2072 (Simulation time: 01 hr 58 min 22 sec)
num evicts: 12600000, p: 1152262, s: 0 	 max proactive lookup: 16, max shadow lookup: 16
current cycle = 38406318, last update cycle = 35000837, delta = 3405481
	load umon |	misses = 3547, hits= 0 0 0 0 0 0 0 0 0 0 0 0 0 0 17 1
	write umon |	misses = 1176, hits= 0 0 0 0 0 0 0 0 0 0 0 0 0 0 0 0
Heartbeat CPU 2 instructions: 30000004 cycles: 38635009 heartbeat IPC: 0.3673 cumulative IPC: 0.2051 (Simulation time: 01 hr 58 min 44 sec)
num evicts: 12700000, p: 1160338, s: 0 	 max proactive lookup: 16, max shadow lookup: 16
current cycle = 39532977, last update cycle = 35000837, delta = 4532140
	load umon |	misses = 3939, hits= 0 0 0 0 0 0 0 0 0 0 0 0 0 0 30 1
	write umon |	misses = 1310, hits= 0 0 0 0 0 0 0 0 0 0 0 0 0 0 0 0
num evicts: 12800000, p: 1168419, s: 0 	 max proactive lookup: 16, max shadow lookup: 16
current cycle = 40680132, last update cycle = 40000868, delta = 679264
	load umon |	misses = 2280, hits= 0 0 0 0 0 0 0 0 0 0 0 0 0 0 22 0
	write umon |	misses = 759, hits= 0 0 0 0 0 0 0 0 0 0 0 0 0 0 0 0
num evicts: 12900000, p: 1176755, s: 0 	 max proactive lookup: 16, max shadow lookup: 16
current cycle = 41816975, last update cycle = 40000868, delta = 1816107
	load umon |	misses = 2672, hits= 0 0 0 0 0 0 0 0 0 0 0 0 0 0 22 0
	write umon |	misses = 888, hits= 0 0 0 0 0 0 0 0 0 0 0 0 0 0 0 0
num evicts: 13000000, p: 1184807, s: 0 	 max proactive lookup: 16, max shadow lookup: 16
current cycle = 42953018, last update cycle = 40000868, delta = 2952150
	load umon |	misses = 3061, hits= 0 0 0 0 0 0 0 0 0 0 0 0 0 0 22 0
	write umon |	misses = 1018, hits= 0 0 0 0 0 0 0 0 0 0 0 0 0 0 0 0
num evicts: 13100000, p: 1192453, s: 0 	 max proactive lookup: 16, max shadow lookup: 16
current cycle = 44120011, last update cycle = 40000868, delta = 4119143
	load umon |	misses = 3452, hits= 0 0 0 0 0 0 0 0 0 0 0 0 0 0 22 0
	write umon |	misses = 1149, hits= 0 0 0 0 0 0 0 0 0 0 0 0 0 0 0 0
num evicts: 13200000, p: 1199302, s: 0 	 max proactive lookup: 16, max shadow lookup: 16
current cycle = 45289276, last update cycle = 45000868, delta = 288408
	load umon |	misses = 1970, hits= 0 0 0 0 0 0 0 0 0 0 0 0 0 0 11 0
	write umon |	misses = 656, hits= 0 0 0 0 0 0 0 0 0 0 0 0 0 0 0 0
num evicts: 13300000, p: 1206608, s: 0 	 max proactive lookup: 16, max shadow lookup: 16
current cycle = 46446082, last update cycle = 45000868, delta = 1445214
	load umon |	misses = 2360, hits= 0 0 0 0 0 0 0 0 0 0 0 0 0 0 11 0
	write umon |	misses = 785, hits= 0 0 0 0 0 0 0 0 0 0 0 0 0 0 0 0
num evicts: 13400000, p: 1214211, s: 0 	 max proactive lookup: 16, max shadow lookup: 16
current cycle = 47595022, last update cycle = 45000868, delta = 2594154
	load umon |	misses = 2752, hits= 0 0 0 0 0 0 0 0 0 0 0 0 0 0 17 0
	write umon |	misses = 916, hits= 0 0 0 0 0 0 0 0 0 0 0 0 0 0 0 0
num evicts: 13500000, p: 1222056, s: 0 	 max proactive lookup: 16, max shadow lookup: 16
current cycle = 48765871, last update cycle = 45000868, delta = 3765003
	load umon |	misses = 3143, hits= 0 0 0 0 0 0 0 0 0 0 0 0 0 0 26 0
	write umon |	misses = 1047, hits= 0 0 0 0 0 0 0 0 0 0 0 0 0 0 0 0
num evicts: 13600000, p: 1230558, s: 0 	 max proactive lookup: 16, max shadow lookup: 16
current cycle = 49903516, last update cycle = 45000868, delta = 4902648
	load umon |	misses = 3532, hits= 0 0 0 0 0 0 0 0 0 0 0 0 0 0 34 0
	write umon |	misses = 1176, hits= 0 0 0 0 0 0 0 0 0 0 0 0 0 0 0 0
num evicts: 13700000, p: 1237752, s: 0 	 max proactive lookup: 16, max shadow lookup: 16
current cycle = 51045029, last update cycle = 50000884, delta = 1044145
	load umon |	misses = 2138, hits= 0 0 0 0 0 0 0 0 0 0 0 0 0 0 17 0
	write umon |	misses = 711, hits= 0 0 0 0 0 0 0 0 0 0 0 0 0 0 0 0
num evicts: 13800000, p: 1245262, s: 0 	 max proactive lookup: 16, max shadow lookup: 16
current cycle = 52190501, last update cycle = 50000884, delta = 2189617
	load umon |	misses = 2529, hits= 0 0 0 0 0 0 0 0 0 0 0 0 0 0 17 0
	write umon |	misses = 843, hits= 0 0 0 0 0 0 0 0 0 0 0 0 0 0 0 0
num evicts: 13900000, p: 1253680, s: 0 	 max proactive lookup: 16, max shadow lookup: 16
current cycle = 53323684, last update cycle = 50000884, delta = 3322800
	load umon |	misses = 2922, hits= 0 0 0 0 0 0 0 0 0 0 0 0 0 0 17 0
	write umon |	misses = 972, hits= 0 0 0 0 0 0 0 0 0 0 0 0 0 0 0 0
num evicts: 14000000, p: 1263289, s: 0 	 max proactive lookup: 16, max shadow lookup: 16
current cycle = 54450070, last update cycle = 50000884, delta = 4449186
	load umon |	misses = 3312, hits= 0 0 0 0 0 0 0 0 0 0 0 0 0 0 17 0
	write umon |	misses = 1105, hits= 0 0 0 0 0 0 0 0 0 0 0 0 0 0 0 0
num evicts: 14100000, p: 1272834, s: 0 	 max proactive lookup: 16, max shadow lookup: 16
current cycle = 55575086, last update cycle = 55000907, delta = 574179
	load umon |	misses = 1951, hits= 0 0 0 0 0 0 0 0 0 0 0 0 0 0 8 0
	write umon |	misses = 649, hits= 0 0 0 0 0 0 0 0 0 0 0 0 0 0 0 0
num evicts: 14200000, p: 1282419, s: 0 	 max proactive lookup: 16, max shadow lookup: 16
current cycle = 56703610, last update cycle = 55000907, delta = 1702703
	load umon |	misses = 2343, hits= 0 0 0 0 0 0 0 0 0 0 0 0 0 1 12 1
	write umon |	misses = 779, hits= 0 0 0 0 0 0 0 0 0 0 0 0 0 0 0 0
num evicts: 14300000, p: 1291522, s: 0 	 max proactive lookup: 16, max shadow lookup: 16
current cycle = 57832914, last update cycle = 55000907, delta = 2832007
	load umon |	misses = 2734, hits= 0 0 0 0 0 0 0 0 0 0 0 0 0 1 23 1
	write umon |	misses = 909, hits= 0 0 0 0 0 0 0 0 0 0 0 0 0 0 0 0
num evicts: 14400000, p: 1301205, s: 0 	 max proactive lookup: 16, max shadow lookup: 16
current cycle = 58928378, last update cycle = 55000907, delta = 3927471
	load umon |	misses = 3126, hits= 0 0 0 0 0 0 0 0 0 0 0 0 0 1 29 1
	write umon |	misses = 1041, hits= 0 0 0 0 0 0 0 0 0 0 0 0 0 0 0 0
num evicts: 14500000, p: 1310341, s: 0 	 max proactive lookup: 16, max shadow lookup: 16
current cycle = 60037231, last update cycle = 60000919, delta = 36312
	load umon |	misses = 1761, hits= 0 0 0 0 0 0 0 0 0 0 0 0 0 0 14 0
	write umon |	misses = 588, hits= 0 0 0 0 0 0 0 0 0 0 0 0 0 0 0 0
num evicts: 14600000, p: 1319899, s: 0 	 max proactive lookup: 16, max shadow lookup: 16
current cycle = 61147051, last update cycle = 60000919, delta = 1146132
	load umon |	misses = 2154, hits= 0 0 0 0 0 0 0 0 0 0 0 0 0 0 14 0
	write umon |	misses = 717, hits= 0 0 0 0 0 0 0 0 0 0 0 0 0 0 0 0
num evicts: 14700000, p: 1329187, s: 0 	 max proactive lookup: 16, max shadow lookup: 1