[VMEM] WARNING: physical memory size is smaller than virtual memory size.

*** ChampSim Multicore Out-of-Order Simulator ***
Warmup Instructions: 25000000
Simulation Instructions: 25000000
Number of CPUs: 8
Page size: 2097152

initializing BARD -- num sampled sets: 64, modulus = 256
CL :	 16.64 ns
CWL :	 15.808 ns
tRP :	 16.224 ns
tRCD :	 16.224 ns
tRAS :	 32.032000000000004 ns
tRTP :	 7.904 ns
tWR :	 30.368000000000002 ns

tCCD_S :	 3.3280000000000003 ns
tCCD_S_WR :	 3.3280000000000003 ns
tCCD_S_WTR :	 22.048000000000002 ns
tCCD_L :	 5.408 ns
tCCD_L_WR :	 20.384 ns
tCCD_L_WTR :	 29.536 ns
tRRD_S :	 3.3280000000000003 ns
tRRD_L :	 5.408 ns
tFAW :	 13.728 ns
Address mapping (perm = 1) 	ch co bg bg bg ba ba co co co co co co ro ro ro ro ro ro ro ro ro ro ro ro ro ro ro 
dram queue size: R = 64 W = 48 (low:high is 9:39)
num evicts: 0, p: 0, s: 0 	 max proactive lookup: 16, max shadow lookup: 16
	evict counters: 128 128 128 128 128 128 128 128 128 128 128 128 128 128 128 128
	eager counters: 128 128 128 128 128 128 128 128 128 128 128 128 128 128 128 128
num evicts: 100000, p: 0, s: 990 	 max proactive lookup: 1, max shadow lookup: 16
	evict counters: 154 116 136 147 148 110 82 139 132 140 135 132 102 134 135 131
	eager counters: 129 128 128 128 128 128 128 128 128 128 128 128 128 128 128 128
num evicts: 200000, p: 0, s: 1701 	 max proactive lookup: 2, max shadow lookup: 16
	evict counters: 182 151 94 168 161 101 100 119 105 151 112 137 110 81 111 106
	eager counters: 132 128 128 128 128 128 129 128 128 128 128 128 128 128 128 128
num evicts: 300000, p: 0, s: 2717 	 max proactive lookup: 2, max shadow lookup: 16
	evict counters: 202 172 109 184 182 111 115 95 113 121 124 141 117 88 87 110
	eager counters: 132 128 128 128 128 128 129 128 128 128 128 128 128 128 128 128
num evicts: 400000, p: 0, s: 3805 	 max proactive lookup: 2, max shadow lookup: 16
	evict counters: 228 194 100 163 199 93 81 82 91 104 130 88 125 16 92 113
	eager counters: 133 128 128 128 129 128 129 128 128 128 128 129 129 128 128 128
num evicts: 500000, p: 0, s: 5280 	 max proactive lookup: 2, max shadow lookup: 16
	evict counters: 255 214 120 184 229 111 92 100 105 90 138 100 131 23 80 121
	eager counters: 133 128 128 130 129 129 129 128 128 128 128 129 129 128 128 128
num evicts: 600000, p: 0, s: 6772 	 max proactive lookup: 6, max shadow lookup: 16
	evict counters: 255 233 139 207 251 130 104 121 122 105 114 113 134 32 68 124
	eager counters: 133 128 128 130 129 129 129 128 128 128 128 129 129 128 128 128
num evicts: 700000, p: 0, s: 8521 	 max proactive lookup: 6, max shadow lookup: 16
	evict counters: 255 255 169 238 198 150 122 141 109 91 125 123 84 33 60 97
	eager counters: 135 128 130 132 130 130 130 129 128 128 128 129 129 128 128 128
num evicts: 800000, p: 0, s: 10295 	 max proactive lookup: 8, max shadow lookup: 16
	evict counters: 255 255 189 255 165 176 134 156 119 85 138 138 92 40 68 107
	eager counters: 137 128 130 134 130 130 130 129 128 129 128 129 129 128 128 128
num evicts: 900000, p: 0, s: 11987 	 max proactive lookup: 7, max shadow lookup: 16
	evict counters: 255 255 206 255 182 186 156 125 128 75 55 146 103 46 60 66
	eager counters: 138 129 130 134 131 130 131 130 129 129 128 129 130 128 128 128
num evicts: 1000000, p: 0, s: 13723 	 max proactive lookup: 7, max shadow lookup: 16
	evict counters: 255 224 219 255 195 157 171 106 109 87 51 156 88 40 68 73
	eager counters: 138 129 130 134 131 131 131 130 129 129 128 129 130 128 128 128
num evicts: 1100000, p: 0, s: 15844 	 max proactive lookup: 7, max shadow lookup: 16
	evict counters: 255 252 235 255 219 135 186 90 43 99 59 172 59 49 76 65
	eager counters: 138 129 130 134 131 132 131 130 129 129 128 129 130 128 128 128
num evicts: 1200000, p: 0, s: 18007 	 max proactive lookup: 7, max shadow lookup: 16
	evict counters: 255 255 252 255 234 149 205 103 56 112 63 186 69 66 68 61
	eager counters: 138 129 131 135 131 133 132 130 129 129 128 129 130 128 128 128
num evicts: 1300000, p: 0, s: 19999 	 max proactive lookup: 7, max shadow lookup: 16
	evict counters: 255 255 255 206 251 167 227 114 66 127 75 200 82 81 78 74
	eager counters: 138 130 131 137 131 133 132 130 129 130 128 129 130 128 128 128
num evicts: 1400000, p: 0, s: 22141 	 max proactive lookup: 8, max shadow lookup: 16
	evict counters: 255 255 255 173 255 183 249 135 85 138 97 209 92 88 86 51
	eager counters: 138 131 131 137 131 133 132 130 129 130 128 129 130 128 128 128
num evicts: 1500000, p: 0, s: 24190 	 max proactive lookup: 8, max shadow lookup: 16
	evict counters: 255 255 255 153 255 203 255 153 99 89 112 225 107 101 99 60
	eager counters: 139 131 132 138 131 133 132 131 129 131 130 129 130 128 128 128
num evicts: 1600000, p: 0, s: 26382 	 max proactive lookup: 3, max shadow lookup: 16
	evict counters: 255 255 255 125 255 215 255 167 109 104 92 132 118 109 106 25
	eager counters: 139 132 134 138 132 133 132 131 129 131 131 130 130 128 128 128
num evicts: 1700000, p: 0, s: 28834 	 max proactive lookup: 3, max shadow lookup: 16
	evict counters: 255 255 204 110 197 227 255 184 118 115 63 145 125 94 119 29
	eager counters: 141 132 134 138 133 133 132 131 129 131 131 130 130 129 128 128
num evicts: 1800000, p: 0, s: 30913 	 max proactive lookup: 3, max shadow lookup: 16
	evict counters: 255 255 218 122 168 239 209 191 131 93 72 159 132 103 125 33
	eager counters: 142 132 134 138 133 133 132 131 129 131 131 130 130 129 128 128
num evicts: 1900000, p: 0, s: 33584 	 max proactive lookup: 9, max shadow lookup: 16
	evict counters: 255 255 233 144 180 252 214 200 146 108 86 168 139 113 142 40
	eager counters: 144 133 135 139 133 134 132 131 129 131 131 130 130 129 128 128
num evicts: 2000000, p: 0, s: 37281 	 max proactive lookup: 8, max shadow lookup: 16
	evict counters: 255 198 255 160 147 255 175 164 92 124 91 186 149 69 150 37
	eager counters: 145 133 138 139 135 135 133 131 129 131 132 131 130 129 128 128
num evicts: 2100000, p: 0, s: 39777 	 max proactive lookup: 8, max shadow lookup: 16
	evict counters: 255 217 255 185 168 255 187 138 108 136 106 200 115 83 154 37
	eager counters: 146 133 140 139 135 136 133 134 129 131 132 131 130 129 128 128
num evicts: 2200000, p: 0, s: 41319 	 max proactive lookup: 8, max shadow lookup: 16
	evict counters: 255 241 255 199 145 255 206 154 120 150 122 213 126 95 125 45
	eager counters: 147 134 140 140 135 138 133 134 129 131 132 131 130 129 128 128
num evicts: 2300000, p: 0, s: 43076 	 max proactive lookup: 10, max shadow lookup: 16
	evict counters: 255 255 255 224 167 255 231 170 143 166 106 231 84 80 80 53
	eager counters: 147 134 140 140 137 138 133 134 130 131 132 131 130 129 128 128
num evicts: 2400000, p: 0, s: 45075 	 max proactive lookup: 10, max shadow lookup: 16
	evict counters: 255 255 255 203 186 255 248 147 163 179 73 183 73 66 94 55
	eager counters: 147 134 140 140 137 138 134 134 130 131 132 131 130 129 128 128
num evicts: 2500000, p: 0, s: 47097 	 max proactive lookup: 7, max shadow lookup: 16
	evict counters: 255 255 150 220 151 199 255 121 181 115 65 188 86 45 86 60
	eager counters: 148 134 140 140 137 138 134 134 131 131 132 131 130 129 128 128
num evicts: 2600000, p: 0, s: 49143 	 max proactive lookup: 7, max shadow lookup: 16
	evict counters: 255 255 131 238 167 222 255 107 116 126 78 201 75 53 96 49
	eager counters: 150 135 140 140 137 138 134 134 131 131 132 131 130 129 128 128
num evicts: 2700000, p: 0, s: 51460 	 max proactive lookup: 7, max shadow lookup: 16
	evict counters: 255 255 147 153 192 237 198 118 133 136 96 157 65 67 103 44
	eager counters: 151 136 140 140 138 138 134 134 132 131 132 131 130 129 128 128
num evicts: 2800000, p: 0, s: 53395 	 max proactive lookup: 3, max shadow lookup: 16
	evict counters: 255 255 174 94 216 254 212 98 85 151 112 165 78 75 116 41
	eager counters: 152 136 141 140 139 139 134 134 133 131 132 131 130 129 129 128
num evicts: 2900000, p: 0, s: 55709 	 max proactive lookup: 3, max shadow lookup: 16
	evict counters: 255 255 200 111 178 205 227 79 77 121 98 103 52 58 123 35
	eager counters: 152 137 141 140 140 139 134 134 133 131 132 131 130 129 129 128
num evicts: 3000000, p: 0, s: 58008 	 max proactive lookup: 7, max shadow lookup: 16
	evict counters: 255 255 229 130 148 169 239 88 66 102 93 112 62 64 97 45
	eager counters: 153 139 142 142 140 139 134 134 133 131 132 131 130 129 129 128
num evicts: 3100000, p: 0, s: 60425 	 max proactive lookup: 7, max shadow lookup: 16
	evict counters: 255 255 249 158 142 144 192 102 64 117 105 124 74 33 107 55
	eager counters: 153 141 142 142 140 139 134 134 134 132 132 131 130 129 129 128
num evicts: 3200000, p: 0, s: 62725 	 max proactive lookup: 5, max shadow lookup: 16
	evict counters: 255 255 255 180 166 95 212 93 50 134 117 135 93 47 51 62
	eager counters: 153 142 142 143 141 139 135 134 134 132 133 131 130 129 129 128
num evicts: 3300000, p: 0, s: 65024 	 max proactive lookup: 5, max shadow lookup: 16
	evict counters: 255 198 210 196 177 109 171 110 44 116 129 148 62 39 60 64
	eager counters: 154 142 142 143 141 139 135 134 134 132 133 131 130 129 129 128
num evicts: 3400000, p: 0, s: 67466 	 max proactive lookup: 4, max shadow lookup: 16
	evict counters: 255 222 230 212 111 90 141 107 49 126 142 160 44 48 55 57
	eager counters: 155 142 145 143 141 139 135 135 134 133 133 131 130 129 129 128
num evicts: 3500000, p: 0, s: 69927 	 max proactive lookup: 5, max shadow lookup: 16
	evict counters: 255 245 248 234 130 82 161 122 63 136 157 170 54 43 71 45
	eager counters: 155 142 145 143 141 139 136 135 134 133 133 131 130 129 129 128
num evicts: 3600000, p: 0, s: 72410 	 max proactive lookup: 3, max shadow lookup: 16
	evict counters: 255 255 255 109 145 109 176 134 80 154 167 143 38 44 79 54
	eager counters: 155 142 145 144 142 139 136 135 134 135 133 131 131 129 129 128
num evicts: 3700000, p: 0, s: 74882 	 max proactive lookup: 3, max shadow lookup: 16
	evict counters: 255 255 255 126 161 102 189 145 48 168 135 151 47 51 89 32
	eager counters: 158 144 145 144 143 140 137 135 134 136 133 131 131 129 130 128
num evicts: 3800000, p: 0, s: 77284 	 max proactive lookup: 5, max shadow lookup: 16
	evict counters: 255 255 255 148 183 120 148 155 59 177 113 123 40 66 99 41
	eager counters: 159 144 148 145 145 142 137 137 134 136 134 131 131 129 130 128
num evicts: 3900000, p: 0, s: 79783 	 max proactive lookup: 8, max shadow lookup: 16
	evict counters: 255 200 255 167 198 134 165 180 78 185 92 100 46 71 83 22
	eager counters: 159 145 148 146 146 144 137 138 134 136 134 131 131 129 130 128
num evicts: 4000000, p: 0, s: 82311 	 max proactive lookup: 8, max shadow lookup: 16
	evict counters: 255 216 197 193 159 146 180 145 94 191 102 111 51 85 66 21
	eager counters: 160 145 148 146 147 144 137 138 135 137 134 131 131 129 130 128
Heartbeat CPU 0 instructions: 10000003 cycles: 4646044 heartbeat IPC: 2.152 cumulative IPC: 2.152 (Simulation time: 00 hr 23 min 41 sec)
Heartbeat CPU 1 instructions: 10000003 cycles: 4721229 heartbeat IPC: 2.118 cumulative IPC: 2.118 (Simulation time: 00 hr 24 min 02 sec)
num evicts: 4100000, p: 0, s: 84901 	 max proactive lookup: 5, max shadow lookup: 16
	evict counters: 255 242 211 217 174 91 198 128 110 209 88 125 51 75 75 22
	eager counters: 161 146 149 146 148 145 137 138 137 137 134 131 131 129 130 128
Heartbeat CPU 2 instructions: 10000003 cycles: 4758088 heartbeat IPC: 2.102 cumulative IPC: 2.102 (Simulation time: 00 hr 24 min 14 sec)
Heartbeat CPU 3 instructions: 10000001 cycles: 4792226 heartbeat IPC: 2.087 cumulative IPC: 2.087 (Simulation time: 00 hr 24 min 24 sec)
Heartbeat CPU 4 instructions: 10000003 cycles: 4807521 heartbeat IPC: 2.08 cumulative IPC: 2.08 (Simulation time: 00 hr 24 min 29 sec)
Heartbeat CPU 5 instructions: 10000003 cycles: 4834323 heartbeat IPC: 2.069 cumulative IPC: 2.069 (Simulation time: 00 hr 24 min 37 sec)
Heartbeat CPU 6 instructions: 10000004 cycles: 4847509 heartbeat IPC: 2.063 cumulative IPC: 2.063 (Simulation time: 00 hr 24 min 42 sec)
num evicts: 4200000, p: 0, s: 87578 	 max proactive lookup: 5, max shadow lookup: 16
	evict counters: 255 255 229 237 188 113 219 143 123 225 95 140 55 93 47 27
	eager counters: 161 146 149 146 148 145 137 138 137 138 134 131 131 129 130 128
Heartbeat CPU 7 instructions: 10000002 cycles: 4863330 heartbeat IPC: 2.056 cumulative IPC: 2.056 (Simulation time: 00 hr 24 min 47 sec)
num evicts: 4300000, p: 0, s: 90775 	 max proactive lookup: 5, max shadow lookup: 16
	evict counters: 255 255 249 189 161 98 174 162 131 242 106 84 54 105 44 26
	eager counters: 162 147 149 146 151 146 138 138 137 139 134 131 131 129 130 128
num evicts: 4400000, p: 0, s: 93473 	 max proactive lookup: 5, max shadow lookup: 16
	evict counters: 255 255 255 224 175 110 194 187 144 251 89 72 50 109 30 38
	eager counters: 162 147 149 147 151 146 139 139 137 140 135 131 131 129 130 128
num evicts: 4500000, p: 0, s: 96011 	 max proactive lookup: 7, max shadow lookup: 16
	evict counters: 255 255 255 188 196 130 204 118 117 199 97 61 63 91 30 35
	eager counters: 164 147 150 150 151 146 139 139 137 142 136 131 131 130 130 128
num evicts: 4600000, p: 0, s: 97788 	 max proactive lookup: 8, max shadow lookup: 16
	evict counters: 255 255 255 211 215 147 226 138 95 156 83 72 55 76 47 44
	eager counters: 166 148 151 151 151 146 139 139 137 143 136 131 131 130 130 128
num evicts: 4700000, p: 0, s: 99585 	 max proactive lookup: 8, max shadow lookup: 16
	evict counters: 255 255 193 175 248 161 240 155 108 171 98 77 74 70 44 55
	eager counters: 166 150 152 153 151 146 140 139 137 143 136 131 131 130 130 128
num evicts: 4800000, p: 0, s: 101588 	 max proactive lookup: 8, max shadow lookup: 16
	evict counters: 255 255 215 189 207 193 253 131 122 182 110 70 86 80 52 17
	eager counters: 167 151 152 154 152 146 140 139 137 143 136 131 131 130 130 128
num evicts: 4900000, p: 0, s: 103672 	 max proactive lookup: 11, max shadow lookup: 16
	evict counters: 255 255 235 210 221 206 201 149 138 192 128 76 58 50 46 17
	eager counters: 169 151 152 154 152 146 140 139 138 143 136 131 131 130 130 128
num evicts: 5000000, p: 0, s: 106094 	 max proactive lookup: 11, max shadow lookup: 16
	evict counters: 255 255 255 245 243 233 214 160 154 160 143 89 73 61 55 32
	eager counters: 169 153 152 155 152 147 141 139 139 143 137 131 131 130 130 128
num evicts: 5100000, p: 0, s: 108376 	 max proactive lookup: 10, max shadow lookup: 16
	evict counters: 255 255 255 255 255 242 245 174 170 171 115 107 83 52 67 39
	eager counters: 169 155 153 156 152 147 141 139 139 143 137 131 131 130 130 128
num evicts: 5200000, p: 0, s: 110764 	 max proactive lookup: 4, max shadow lookup: 16
	evict counters: 255 255 255 255 117 255 196 191 139 141 131 55 78 62 82 40
	eager counters: 170 156 153 156 152 148 142 139 139 143 137 131 131 131 130 129
num evicts: 5300000, p: 0, s: 113293 	 max proactive lookup: 6, max shadow lookup: 16
	evict counters: 255 255 255 255 132 205 122 205 151 118 65 68 54 78 73 51
	eager counters: 170 157 153 156 152 149 143 140 139 144 137 131 131 131 130 129
num evicts: 5400000, p: 0, s: 115767 	 max proactive lookup: 6, max shadow lookup: 16
	evict counters: 255 255 196 201 149 220 87 164 62 98 83 81 55 95 84 66
	eager counters: 171 157 153 158 153 149 143 140 139 144 138 131 131 131 130 129
num evicts: 5500000, p: 0, s: 118481 	 max proactive lookup: 6, max shadow lookup: 16
	evict counters: 255 255 177 229 170 232 106 107 40 117 97 74 55 65 89 60
	eager counters: 171 157 155 158 154 149 144 141 140 146 138 131 131 131 130 129
num evicts: 5600000, p: 0, s: 120868 	 max proactive lookup: 6, max shadow lookup: 16
	evict counters: 255 255 202 251 195 250 121 94 52 128 117 57 64 55 80 42
	eager counters: 172 159 156 158 155 149 144 141 141 147 138 131 131 131 130 129
num evicts: 5700000, p: 0, s: 123306 	 max proactive lookup: 7, max shadow lookup: 16
	evict counters: 255 255 228 255 221 255 137 88 50 142 131 69 77 75 89 13
	eager counters: 172 162 157 158 157 150 144 142 141 147 139 131 131 131 130 129
num evicts: 5800000, p: 0, s: 125866 	 max proactive lookup: 7, max shadow lookup: 16
	evict counters: 255 196 252 255 238 255 159 84 70 153 146 77 52 86 99 15
	eager counters: 172 163 157 158 158 150 144 142 142 147 139 131 131 131 130 129
num evicts: 5900000, p: 0, s: 128562 	 max proactive lookup: 6, max shadow lookup: 16
	evict counters: 255 219 255 255 255 255 124 100 86 165 161 87 29 96 85 29
	eager counters: 173 164 157 158 159 152 144 142 142 147 139 131 131 131 130 129
num evicts: 6000000, p: 0, s: 131034 	 max proactive lookup: 7, max shadow lookup: 16
	evict counters: 255 247 196 255 255 197 136 93 100 108 172 94 35 111 42 39
	eager counters: 176 165 157 158 160 152 144 142 142 147 139 131 131 131 130 129
num evicts: 6100000, p: 0, s: 133004 	 max proactive lookup: 5, max shadow lookup: 16
	evict counters: 255 255 218 255 255 125 151 80 87 94 186 104 42 117 40 25
	eager counters: 179 166 157 159 160 153 144 142 143 147 139 131 131 131 130 129
num evicts: 6200000, p: 0, s: 134686 	 max proactive lookup: 5, max shadow lookup: 16
	evict counters: 255 255 239 205 255 86 163 72 43 64 200 93 56 90 41 24
	eager counters: 181 166 158 160 161 153 145 142 143 147 139 131 131 131 130 129
num evicts: 6300000, p: 0, s: 136407 	 max proactive lookup: 5, max shadow lookup: 16
	evict counters: 255 255 255 226 255 97 174 95 55 63 207 83 63 100 51 30
	eager counters: 181 166 159 160 161 153 145 142 143 147 139 131 131 131 130 129
num evicts: 6400000, p: 0, s: 138288 	 max proactive lookup: 5, max shadow lookup: 16
	evict counters: 255 255 255 244 255 114 188 112 67 81 161 104 57 116 64 36
	eager counters: 182 166 160 160 161 154 146 142 143 147 139 131 131 131 130 129
num evicts: 6500000, p: 0, s: 140563 	 max proactive lookup: 8, max shadow lookup: 16
	evict counters: 255 255 209 255 255 132 201 128 84 91 181 116 54 126 55 34
	eager counters: 183 166 161 160 161 156 146 142 143 147 139 131 131 131 130 129
num evicts: 6600000, p: 0, s: 143389 	 max proactive lookup: 8, max shadow lookup: 16
	evict counters: 255 255 240 203 255 146 215 140 101 105 146 135 49 139 66 34
	eager counters: 184 166 161 161 161 156 147 144 143 147 139 131 131 131 130 129
num evicts: 6700000, p: 0, s: 146253 	 max proactive lookup: 8, max shadow lookup: 16
	evict counters: 255 255 255 218 198 168 177 155 118 117 157 115 44 148 72 38
	eager counters: 185 167 161 161 161 156 147 144 145 148 139 131 131 131 130 129
num evicts: 6800000, p: 0, s: 148956 	 max proactive lookup: 5, max shadow lookup: 16
	evict counters: 255 255 255 236 213 110 146 133 103 130 97 94 37 120 76 48
	eager counters: 185 168 162 161 161 158 147 146 146 148 140 131 131 131 130 129
num evicts: 6900000, p: 0, s: 151810 	 max proactive lookup: 5, max shadow lookup: 16
	evict counters: 255 255 210 254 130 75 161 120 71 63 107 79 52 97 82 44
	eager counters: 185 170 163 161 161 159 147 146 146 148 141 131 131 131 130 129
num evicts: 7000000, p: 0, s: 153886 	 max proactive lookup: 5, max shadow lookup: 16
	evict counters: 255 255 177 255 149 87 103 103 58 80 121 68 74 84 75 51
	eager counters: 186 171 163 161 162 159 147 146 147 148 141 131 131 131 130 129
num evicts: 7100000, p: 0, s: 155703 	 max proactive lookup: 4, max shadow lookup: 16
	evict counters: 255 255 196 255 124 46 122 121 68 74 79 78 73 94 84 58
	eager counters: 187 171 163 161 162 159 147 146 147 148 141 131 131 131 130 129
num evicts: 7200000, p: 0, s: 157934 	 max proactive lookup: 5, max shadow lookup: 16
	evict counters: 255 255 220 208 139 47 80 135 62 89 54 39 69 78 92 67
	eager counters: 187 171 163 161 162 159 147 146 147 148 141 131 131 131 130 129
num evicts: 7300000, p: 0, s: 160318 	 max proactive lookup: 5, max shadow lookup: 16
	evict counters: 255 255 248 230 149 68 96 116 75 77 68 33 81 90 43 49
	eager counters: 187 171 163 161 162 159 148 147 147 148 141 131 131 131 130 129
num evicts: 7400000, p: 0, s: 162778 	 max proactive lookup: 5, max shadow lookup: 16
	evict counters: 255 194 255 249 162 87 90 128 68 90 84 26 68 75 57 41
	eager counters: 187 173 165 162 162 159 150 147 147 148 141 131 131 131 130 129
num evicts: 7500000, p: 0, s: 165071 	 max proactive lookup: 5, max shadow lookup: 16
	evict counters: 255 211 255 255 182 88 107 145 86 105 95 26 75 64 50 51
	eager counters: 187 176 165 162 162 160 150 148 147 148 141 131 131 131 130 129
num evicts: 7600000, p: 0, s: 167335 	 max proactive lookup: 5, max shadow lookup: 16
	evict counters: 255 232 255 255 155 79 114 159 103 120 104 26 87 72 62 59
	eager counters: 187 177 166 162 162 160 150 148 147 148 141 131 131 131 130 129
num evicts: 7700000, p: 0, s: 169594 	 max proactive lookup: 5, max shadow lookup: 16
	evict counters: 255 242 255 255 175 98 125 177 114 129 118 41 99 85 72 47
	eager counters: 187 177 167 163 162 160 150 149 147 149 141 131 131 131 130 130
num evicts: 7800000, p: 0, s: 172159 	 max proactive lookup: 5, max shadow lookup: 16
	evict counters: 255 255 255 255 204 91 141 190 100 146 127 52 110 95 87 55
	eager counters: 187 179 167 165 164 160 150 149 149 151 141 131 132 132 130 130
num evicts: 7900000, p: 0, s: 174826 	 max proactive lookup: 5, max shadow lookup: 16
	evict counters: 255 255 255 255 225 105 154 156 114 152 142 62 118 51 92 67
	eager counters: 189 179 167 166 164 160 150 149 150 151 142 131 132 132 130 130
num evicts: 8000000, p: 0, s: 177382 	 max proactive lookup: 5, max shadow lookup: 16
	evict counters: 255 255 255 255 185 120 164 127 127 125 121 40 122 38 27 74
	eager counters: 189 179 167 167 164 161 150 149 151 151 143 132 132 132 130 130
num evicts: 8100000, p: 0, s: 179958 	 max proactive lookup: 8, max shadow lookup: 16
	evict counters: 255 255 255 255 202 135 185 137 110 141 131 48 129 44 35 68
	eager counters: 189 181 168 167 164 161 150 149 151 151 143 132 132 132 130 130
num evicts: 8200000, p: 0, s: 182433 	 max proactive lookup: 8, max shadow lookup: 16
	evict counters: 255 255 255 255 215 149 200 151 120 149 107 60 139 56 46 56
	eager counters: 189 181 168 167 166 161 150 149 151 151 143 132 132 132 130 130
num evicts: 8300000, p: 0, s: 185124 	 max proactive lookup: 10, max shadow lookup: 16
	evict counters: 255 255 208 255 227 172 211 168 132 162 87 69 147 68 49 54
	eager counters: 190 182 168 167 166 161 150 149 151 151 145 132 132 132 130 130
num evicts: 8400000, p: 0, s: 187678 	 max proactive lookup: 8, max shadow lookup: 16
	evict counters: 255 255 235 255 246 188 232 195 112 177 81 77 162 58 60 68
	eager counters: 190 186 169 167 166 161 151 151 151 151 146 132 132 132 130 131
num evicts: 8500000, p: 0, s: 190200 	 max proactive lookup: 10, max shadow lookup: 16
	evict counters: 255 255 193 255 255 158 194 214 130 195 97 90 169 67 65 80
	eager counters: 192 187 171 168 166 161 151 151 153 153 147 132 133 133 130 131
num evicts: 8600000, p: 0, s: 193125 	 max proactive lookup: 8, max shadow lookup: 16
	evict counters: 255 255 216 255 198 184 207 230 116 167 111 101 182 79 77 93
	eager counters: 193 187 171 168 166 161 151 151 153 155 147 132 133 133 130 131
num evicts: 8700000, p: 0, s: 195835 	 max proactive lookup: 8, max shadow lookup: 16
	evict counters: 255 255 242 193 218 204 134 244 100 141 121 113 198 88 85 108
	eager counters: 193 190 171 168 166 162 152 153 153 155 147 132 133 133 130 131
num evicts: 8800000, p: 0, s: 198869 	 max proactive lookup: 6, max shadow lookup: 16
	evict counters: 255 255 255 213 181 219 118 201 118 160 134 95 163 95 78 119
	eager counters: 194 192 172 168 166 162 154 154 154 156 148 132 133 133 131 131
Heartbeat CPU 0 instructions: 20000004 cycles: 9787541 heartbeat IPC: 1.945 cumulative IPC: 2.043 (Simulation time: 00 hr 48 min 54 sec)
Heartbeat CPU 1 instructions: 20000004 cycles: 9856263 heartbeat IPC: 1.947 cumulative IPC: 2.029 (Simulation time: 00 hr 49 min 14 sec)
num evicts: 8900000, p: 0, s: 202031 	 max proactive lookup: 8, max shadow lookup: 16
	evict counters: 255 255 195 141 152 239 134 216 93 174 141 110 130 78 92 125
	eager counters: 195 193 173 170 167 163 155 155 154 156 148 132 134 133 131 131
Heartbeat CPU 2 instructions: 20000004 cycles: 9912072 heartbeat IPC: 1.94 cumulative IPC: 2.018 (Simulation time: 00 hr 49 min 31 sec)
Heartbeat CPU 3 instructions: 20000005 cycles: 9956085 heartbeat IPC: 1.937 cumulative IPC: 2.009 (Simulation time: 00 hr 49 min 44 sec)
num evicts: 9000000, p: 0, s: 205082 	 max proactive lookup: 6, max shadow lookup: 16
	evict counters: 255 255 220 164 168 154 116 178 79 185 155 120 143 89 96 61
	eager counters: 195 193 174 170 167 164 157 155 154 156 148 132 134 133 131 131
Heartbeat CPU 4 instructions: 20000004 cycles: 9989386 heartbeat IPC: 1.93 cumulative IPC: 2.002 (Simulation time: 00 hr 49 min 54 sec)
Heartbeat CPU 5 instructions: 20000004 cycles: 10018595 heartbeat IPC: 1.929 cumulative IPC: 1.996 (Simulation time: 00 hr 50 min 02 sec)
Heartbeat CPU 6 instructions: 20000004 cycles: 10037411 heartbeat IPC: 1.927 cumulative IPC: 1.993 (Simulation time: 00 hr 50 min 08 sec)
Heartbeat CPU 7 instructions: 20000004 cycles: 10052548 heartbeat IPC: 1.927 cumulative IPC: 1.99 (Simulation time: 00 hr 50 min 12 sec)
num evicts: 9100000, p: 0, s: 207952 	 max proactive lookup: 6, max shadow lookup: 16
	evict counters: 255 255 186 176 137 176 78 192 88 114 133 133 150 61 111 67
	eager counters: 196 193 175 170 167 164 157 155 154 156 148 132 134 133 131 131
num evicts: 9200000, p: 0, s: 210496 	 max proactive lookup: 6, max shadow lookup: 16
	evict counters: 255 255 163 148 153 151 73 207 100 126 137 110 161 64 94 71
	eager counters: 197 193 175 173 167 164 157 155 155 156 148 132 134 133 131 131
num evicts: 9300000, p: 0, s: 212586 	 max proactive lookup: 5, max shadow lookup: 16
	evict counters: 255 255 143 169 130 125 93 163 117 137 86 122 168 53 100 59
	eager counters: 199 193 175 173 168 165 157 155 155 156 148 133 134 133 131 131
num evicts: 9400000, p: 0, s: 214788 	 max proactive lookup: 6, max shadow lookup: 16
	evict counters: 255 255 158 188 150 142 83 178 133 113 73 131 178 44 61 70
	eager counters: 200 193 176 174 168 165 157 155 155 156 148 133 134 133 131 131
num evicts: 9500000, p: 0, s: 217358 	 max proactive lookup: 6, max shadow lookup: 16
	evict counters: 255 255 186 205 172 155 61 193 146 130 86 137 188 32 73 75
	eager counters: 200 193 178 174 169 165 157 155 155 156 148 133 134 133 131 131
num evicts: 9600000, p: 0, s: 219889 	 max proactive lookup: 6, max shadow lookup: 16
	evict counters: 255 255 208 226 189 171 77 205 164 105 94 111 151 34 65 90
	eager counters: 200 193 178 174 169 165 157 155 155 156 148 133 134 133 131 131
num evicts: 9700000, p: 0, s: 222392 	 max proactive lookup: 6, max shadow lookup: 16
	evict counters: 255 255 229 148 153 189 92 167 184 116 100 120 165 41 74 93
	eager counters: 201 193 179 174 170 165 157 157 156 156 148 133 134 134 131 131
num evicts: 9800000, p: 0, s: 225041 	 max proactive lookup: 3, max shadow lookup: 16
	evict counters: 255 255 242 126 126 201 110 138 197 131 111 102 175 38 82 98
	eager counters: 202 194 181 175 172 165 157 157 157 157 148 134 135 134 131 131
num evicts: 9900000, p: 0, s: 227880 	 max proactive lookup: 3, max shadow lookup: 16
	evict counters: 255 255 255 108 139 221 125 117 215 144 93 112 187 49 92 82
	eager counters: 204 196 182 175 172 166 157 157 157 157 148 134 135 134 132 131
num evicts: 10000000, p: 0, s: 230604 	 max proactive lookup: 3, max shadow lookup: 16
	evict counters: 255 255 255 72 153 241 137 133 173 159 109 137 202 51 77 56
	eager counters: 204 196 182 175 173 166 157 157 158 157 148 134 135 134 132 131
num evicts: 10100000, p: 0, s: 233515 	 max proactive lookup: 3, max shadow lookup: 16
	evict counters: 255 255 195 75 173 195 156 151 140 175 95 149 125 68 84 38
	eager counters: 206 197 184 175 173 167 157 157 158 158 148 134 135 135 132 131
num evicts: 10200000, p: 0, s: 236487 	 max proactive lookup: 3, max shadow lookup: 16
	evict counters: 255 158 164 96 189 208 138 124 94 143 108 166 132 39 92 23
	eager counters: 207 198 184 176 173 168 159 158 158 158 148 134 135 135 132 131
num evicts: 10300000, p: 0, s: 239474 	 max proactive lookup: 3, max shadow lookup: 16
	evict counters: 255 178 144 125 208 225 126 88 105 121 86 131 110 44 81 38
	eager counters: 208 199 185 178 173 169 159 158 159 158 148 134 135 135 132 131
num evicts: 10400000, p: 0, s: 242216 	 max proactive lookup: 2, max shadow lookup: 16
	evict counters: 255 201 127 117 173 179 147 103 91 75 61 142 124 27 92 48
	eager counters: 209 200 188 178 174 169 159 159 160 158 148 134 135 136 132 131
num evicts: 10500000, p: 0, s: 245089 	 max proactive lookup: 2, max shadow lookup: 16
	evict counters: 255 169 107 78 148 197 157 94 78 45 67 156 137 28 79 36
	eager counters: 209 200 190 178 174 169 159 160 161 159 148 135 135 136 132 131
num evicts: 10600000, p: 0, s: 247696 	 max proactive lookup: 3, max shadow lookup: 16
	evict counters: 255 194 137 96 73 213 169 106 68 54 60 164 111 33 95 51
	eager counters: 210 200 191 179 176 169 160 160 161 159 148 135 135 136 132 131
num evicts: 10700000, p: 0, s: 250628 	 max proactive lookup: 3, max shadow lookup: 16
	evict counters: 255 219 155 115 96 226 145 88 81 61 43 184 128 24 79 46
	eager counters: 211 201 191 179 176 169 160 160 162 159 148 135 136 136 132 131
num evicts: 10800000, p: 0, s: 253720 	 max proactive lookup: 4, max shadow lookup: 16
	evict counters: 255 248 136 128 112 248 96 83 77 55 43 197 139 34 90 44
	eager counters: 211 201 191 180 177 169 161 161 162 159 148 135 136 136 132 131
num evicts: 10900000, p: 0, s: 256742 	 max proactive lookup: 3, max shadow lookup: 16
	evict counters: 255 255 160 113 103 255 47 98 75 74 43 126 154 46 55 43
	eager counters: 212 202 193 180 177 169 162 162 163 159 148 136 136 136 132 131
num evicts: 11000000, p: 0, s: 259875 	 max proactive lookup: 3, max shadow lookup: 16
	evict counters: 255 255 179 106 117 255 51 112 65 68 53 84 161 44 67 50
	eager counters: 214 203 194 180 177 169 163 162 163 159 148 136 137 136 132 131
Warmup finished CPU 0 instructions: 25000000 cycles: 12211122 cumulative IPC: 2.047 (Simulation time: 01 hr 00 min 38 sec)
num evicts: 11100000, p: 0, s: 263053 	 max proactive lookup: 6, max shadow lookup: 16
	evict counters: 255 255 204 132 133 197 66 126 76 78 66 97 132 54 75 63
	eager counters: 214 203 195 181 178 170 164 162 164 160 149 136 138 137 132 131
Warmup finished CPU 1 instructions: 25000001 cycles: 12256729 cumulative IPC: 2.04 (Simulation time: 01 hr 00 min 52 sec)
Warmup finished CPU 2 instructions: 25000002 cycles: 12302149 cumulative IPC: 2.032 (Simulation time: 01 hr 01 min 07 sec)
num evicts: 11200000, p: 0, s: 266177 	 max proactive lookup: 6, max shadow lookup: 16
	evict counters: 255 255 222 157 147 211 81 140 88 69 63 111 142 63 64 51
	eager counters: 216 206 196 182 180 170 165 162 164 160 150 136 138 137 132 131
Warmup finished CPU 3 instructions: 25000000 cycles: 12334361 cumulative IPC: 2.027 (Simulation time: 01 hr 01 min 17 sec)
Warmup finished CPU 4 instructions: 25000003 cycles: 12370283 cumulative IPC: 2.021 (Simulation time: 01 hr 01 min 29 sec)
Warmup finished CPU 5 instructions: 25000001 cycles: 12400295 cumulative IPC: 2.016 (Simulation time: 01 hr 01 min 38 sec)
num evicts: 11300000, p: 0, s: 268714 	 max proactive lookup: 6, max shadow lookup: 16
	evict counters: 255 255 181 182 162 229 68 151 100 86 76 88 115 52 71 44
	eager counters: 216 206 196 183 181 171 165 163 164 161 150 136 138 137 132 131
Warmup finished CPU 6 instructions: 25000003 cycles: 12431022 cumulative IPC: 2.011 (Simulation time: 01 hr 01 min 48 sec)
Warmup finished CPU 7 instructions: 25000000 cycles: 12453106 cumulative IPC: 2.008 (Simulation time: 01 hr 01 min 55 sec)
Warmup complete CPU 7 instructions: 25000000 cycles: 12453106 cumulative IPC: 2.008 (Simulation time: 01 hr 01 min 55 sec)
Warmup complete CPU 6 instructions: 25088331 cycles: 12453106 cumulative IPC: 2.015 (Simulation time: 01 hr 01 min 55 sec)
Warmup complete CPU 5 instructions: 25211245 cycles: 12453106 cumulative IPC: 2.024 (Simulation time: 01 hr 01 min 55 sec)
Warmup complete CPU 4 instructions: 25316301 cycles: 12453106 cumulative IPC: 2.033 (Simulation time: 01 hr 01 min 55 sec)
Warmup complete CPU 3 instructions: 25423356 cycles: 12453106 cumulative IPC: 2.042 (Simulation time: 01 hr 01 min 55 sec)
Warmup complete CPU 2 instructions: 25489893 cycles: 12453106 cumulative IPC: 2.047 (Simulation time: 01 hr 01 min 55 sec)
Warmup complete CPU 1 instructions: 25606924 cycles: 12453106 cumulative IPC: 2.056 (Simulation time: 01 hr 01 min 55 sec)
Warmup complete CPU 0 instructions: 25762843 cycles: 12453106 cumulative IPC: 2.069 (Simulation time: 01 hr 01 min 55 sec)
num evicts: 11400000, p: 0, s: 271070 	 max proactive lookup: 6, max shadow lookup: 16
	evict counters: 255 255 207 207 185 242 74 159 112 79 93 79 127 46 64 48
	eager counters: 217 206 197 184 181 174 165 163 164 161 150 136 138 137 132 131
num evicts: 11500000, p: 0, s: 273563 	 max proactive lookup: 6, max shadow lookup: 16
	evict counters: 255 255 218 219 162 255 89 170 121 70 78 69 139 37 52 60
	eager counters: 217 206 197 186 182 174 165 164 164 161 150 136 138 137 132 131
num evicts: 11600000, p: 0, s: 276318 	 max proactive lookup: 6, max shadow lookup: 16
	evict counters: 255 219 241 236 179 255 104 182 139 80 91 80 154 44 36 71
	eager counters: 219 209 198 187 182 174 166 164 164 161 150 136 138 137 132 131
num evicts: 11700000, p: 0, s: 279201 	 max proactive lookup: 6, max shadow lookup: 16
	evict counters: 255 245 253 252 202 255 95 147 145 89 104 96 163 43 43 75
	eager counters: 220 209 198 188 183 174 166 164 164 161 150 137 138 137 132 131
num evicts: 11800000, p: 0, s: 282215 	 max proactive lookup: 6, max shadow lookup: 16
	evict counters: 255 255 255 255 165 255 89 97 89 105 86 85 175 42 41 84
	eager counters: 220 209 199 188 183 174 166 165 164 162 150 137 138 137 132 131
num evicts: 11900000, p: 0, s: 284845 	 max proactive lookup: 6, max shadow lookup: 16
	evict counters: 255 255 210 255 186 255 107 119 106 123 96 79 145 55 48 93
	eager counters: 222 210 199 188 184 174 166 165 164 162 150 137 138 137 132 131
num evicts: 12000000, p: 0, s: 287430 	 max proactive lookup: 8, max shadow lookup: 16
	evict counters: 255 208 234 255 156 217 130 133 91 81 106 94 156 51 54 103
	eager counters: 223 211 199 190 184 174 167 165 166 162 150 137 138 137 132 131
num evicts: 12100000, p: 0, s: 290360 	 max proactive lookup: 7, max shadow lookup: 16
	evict counters: 255 223 252 255 177 225 145 112 100 96 96 108 162 50 64 87
	eager counters: 223 212 199 190 184 174 167 166 166 163 150 137 138 137 132 131
num evicts: 12200000, p: 0, s: 293196 	 max proactive lookup: 8, max shadow lookup: 16
	evict counters: 255 245 255 255 195 242 158 129 117 116 110 119 176 47 69 98
	eager counters: 223 212 199 192 186 175 167 166 166 164 151 137 138 137 132 131
num evicts: 12300000, p: 0, s: 296131 	 max proactive lookup: 13, max shadow lookup: 16
	evict counters: 255 255 255 255 218 253 175 144 132 128 130 130 190 56 72 109
	eager counters: 225 212 200 193 187 176 167 167 166 164 151 137 138 137 132 131
num evicts: 12400000, p: 0, s: 299131 	 max proactive lookup: 13, max shadow lookup: 16
	evict counters: 255 255 255 255 177 255 195 161 152 142 149 140 201 72 81 118
	eager counters: 225 213 201 194 187 176 168 167 166 164 151 138 138 137 132 131
num evicts: 12500000, p: 0, s: 302067 	 max proactive lookup: 13, max shadow lookup: 16
	evict counters: 255 255 255 255 198 192 162 174 160 154 161 161 211 65 68 92
	eager counters: 228 215 201 195 187 176 168 168 166 165 152 139 138 137 132 131
num evicts: 12600000, p: 0, s: 305042 	 max proactive lookup: 13, max shadow lookup: 16
	evict counters: 255 255 255 255 213 215 165 192 170 161 174 167 218 56 61 101
	eager counters: 230 215 201 197 189 176 168 168 166 166 153 139 138 137 132 131
num evicts: 12700000, p: 0, s: 308176 	 max proactive lookup: 3, max shadow lookup: 16
	evict counters: 255 255 255 121 230 227 146 208 184 172 184 177 229 70 39 85
	eager counters: 232 215 203 197 190 176 170 169 166 167 153 140 139 137 133 131
num evicts: 12800000, p: 0, s: 311210 	 max proactive lookup: 11, max shadow lookup: 16
	evict counters: 255 255 150 143 136 246 165 224 152 191 200 110 237 63 34 100
	eager counters: 234 215 205 199 191 177 171 169 168 168 154 141 139 138 133 131
num evicts: 12900000, p: 0, s: 314468 	 max proactive lookup: 3, max shadow lookup: 16
	evict counters: 255 255 129 122 124 255 137 238 133 208 213 94 249 75 41 83
	eager counters: 235 215 207 200 192 178 171 170 169 168 155 141 139 138 133 131
num evicts: 13000000, p: 0, s: 317670 	 max proactive lookup: 2, max shadow lookup: 16
	evict counters: 255 255 119 143 142 255 89 248 117 225 224 100 197 81 40 90
	eager counters: 235 215 210 200 192 180 172 170 170 168 155 141 139 138 133 131
num evicts: 13100000, p: 0, s: 320846 	 max proactive lookup: 6, max shadow lookup: 16
	evict counters: 255 255 141 160 162 255 107 206 133 235 240 110 204 54 54 76
	eager counters: 236 215 211 201 192 180 173 170 170 168 155 141 139 138 133 131
num evicts: 13200000, p: 0, s: 324232 	 max proactive lookup: 6, max shadow lookup: 16
	evict counters: 255 255 166 185 172 255 127 219 144 247 249 123 218 48 69 84
	eager counters: 237 216 211 201 192 182 173 170 172 168 156 142 139 139 133 131
Heartbeat CPU 0 instructions: 30000008 cycles: 27808353 heartbeat IPC: 0.5549 cumulative IPC: 0.2759 (Simulation time: 01 hr 31 min 22 sec)
Heartbeat CPU 1 instructions: 30000008 cycles: 28451476 heartbeat IPC: 0.5378 cumulative IPC: 0.2746 (Simulation time: 01 hr 32 min 36 sec)
num evicts: 13300000, p: 0, s: 327243 	 max proactive lookup: 13, max shadow lookup: 16
	evict counters: 255 255 194 207 186 255 151 241 154 255 255 133 173 54 77 104
	eager counters: 239 216 211 201 192 182 174 170 172 168 156 142 139 140 133 131
Heartbeat CPU 2 instructions: 30000007 cycles: 28851266 heartbeat IPC: 0.528 cumulative IPC: 0.275 (Simulation time: 01 hr 33 min 21 sec)
Heartbeat CPU 3 instructions: 30000006 cycles: 29222812 heartbeat IPC: 0.519 cumulative IPC: 0.2729 (Simulation time: 01 hr 34 min 04 sec)
num evicts: 13400000, p: 0, s: 329546 	 max proactive lookup: 13, max shadow lookup: 16
	evict counters: 255 255 213 172 201 194 175 252 129 254 255 149 188 64 91 112
	eager counters: 239 216 212 201 193 182 175 170 173 168 156 142 139 140 133 131
Heartbeat CPU 4 instructions: 30000008 cycles: 29544583 heartbeat IPC: 0.5114 cumulative IPC: 0.274 (Simulation time: 01 hr 34 min 40 sec)
Heartbeat CPU 5 instructions: 30000008 cycles: 29630762 heartbeat IPC: 0.5099 cumulative IPC: 0.2788 (Simulation time: 01 hr 34 min 50 sec)
Heartbeat CPU 6 instructions: 30000008 cycles: 29822001 heartbeat IPC: 0.5054 cumulative IPC: 0.2828 (Simulation time: 01 hr 35 min 12 sec)
Heartbeat CPU 7 instructions: 30000008 cycles: 29919866 heartbeat IPC: 0.5033 cumulative IPC: 0.2863 (Simulation time: 01 hr 35 min 24 sec)
num evicts: 13500000, p: 0, s: 332026 	 max proactive lookup: 13, max shadow lookup: 16
	evict counters: 255 255 229 188 168 214 190 255 140 255 199 153 205 74 44 118
	eager counters: 239 219 212 201 193 185 175 172 173 169 156 142 139 140 133 131
num evicts: 13600000, p: 0, s: 334737 	 max proactive lookup: 13, max shadow lookup: 16
	evict counters: 255 255 255 204 178 171 205 255 157 255 210 133 165 85 19 124
	eager counters: 239 220 212 201 193 185 175 173 173 171 158 142 139 140 133 131
num evicts: 13700000, p: 0, s: 337537 	 max proactive lookup: 11, max shadow lookup: 16
	evict counters: 255 255 255 216 195 184 226 207 170 199 225 108 179 93 24 99
	eager counters: 239 221 212 201 193 185 175 173 174 171 158 143 139 140 133 131
num evicts: 13800000, p: 0, s: 340705 	 max proactive lookup: 11, max shadow lookup: 16
	evict counters: 255 255 255 179 212 200 236 215 180 210 235 118 191 103 29 78
	eager counters: 239 223 212 203 193 185 176 173 174 171 158 143 139 140 133 131
num evicts: 13900000, p: 0, s: 343742 	 max proactive lookup: 11, max shadow lookup: 16
	evict counters: 255 255 255 195 228 223 244 224 189 236 243 101 198 88 25 52
	eager counters: 240 224 212 203 194 186 176 173 174 171 158 144 140 140 133 131
num evicts: 14000000, p: 0, s: 347006 	 max proactive lookup: 11, max shadow lookup: 16
	evict counters: 255 255 255 207 245 244 255 183 202 246 197 114 203 104 14 69
	eager counters: 240 225 212 204 195 189 176 173 174 173 158 145 140 140 133 131
num evicts: 14100000, p: 0, s: 349876 	 max proactive lookup: 13, max shadow lookup: 16
	evict counters: 255 255 255 235 255 255 255 198 220 193 154 131 217 118 23 60
	eager counters: 241 226 215 206 196 191 176 174 175 173 158 146 141 140 133 131
num evicts: 14200000, p: 0, s: 353087 	 max proactive lookup: 14, max shadow lookup: 16
	evict counters: 255 255 255 255 255 255 255 212 241 214 128 144 236 132 30 74
	eager counters: 241 226 215 206 196 191 176 174 175 174 159 146 141 140 133 131
num evicts: 14300000, p: 0, s: 356254 	 max proactive lookup: 11, max shadow lookup: 16
	evict counters: 255 255 255 255 255 206 255 171 192 224 151 117 188 140 41 88
	eager counters: 241 226 215 207 198 194 176 174 176 174 159 146 141 140 133 131
num evicts: 14400000, p: 0, s: 359272 	 max proactive lookup: 11, max shadow lookup: 16
	evict counters: 255 255 255 255 255 168 255 150 155 244 162 126 198 151 57 95
	eager counters: 243 228 216 208 200 195 177 176 176 175 160 146 141 140 133 131
num evicts: 14500000, p: 0, s: 362527 	 max proactive lookup: 7, max shadow lookup: 16
	evict counters: 255 255 255 255 255 188 197 121 169 255 129 135 211 158 51 80
	eager counters: 244 228 218 209 201 195 177 176 176 176 160 146 141 140 133 131
num evicts: 14600000, p: 0, s: 365663 	 max proactive lookup: 11, max shadow lookup: 16
	evict counters: 255 255 255 255 255 158 216 137 144 214 146 114 168 132 65 68
	eager counters: 246 231 219 210 202 195 178 178 177 176 160 146 141 140 133 131
num evicts: 14700000, p: 0, s: 368664 	 max proactive lookup: 11, max shadow lookup: 16
	evict counters: 255 255 255 255 255 184 236 151 162 225 154 80 138 80 74 79
	eager counters: 246 231 220 210 202 197 178 178 178 177 160 146 141 140 133 131
num evicts: 14800000, p: 0, s: 371469 	 max proactive lookup: 7, max shadow lookup: 16
	evict counters: 255 193 255 255 255 202 188 124 135 181 167 93 153 72 81 51
	eager counters: 247 231 222 212 202 197 178 178 178 177 160 146 141 140 133 131
num evicts: 14900000, p: 0, s: 374133 	 max proactive lookup: 11, max shadow lookup: 16
	evict counters: 255 220 255 255 204 219 155 142 149 192 134 103 72 85 96 60
	eager counters: 248 231 222 212 202 198 178 179 178 177 160 146 141 140 133 131
num evicts: 15000000, p: 0, s: 376955 	 max proactive lookup: 7, max shadow lookup: 16
	evict counters: 255 247 255 255 131 241 175 120 95 150 144 66 82 96 102 67
	eager counters: 249 231 224 212 203 199 180 181 178 178 161 146 141 140 133 131
num evicts: 15100000, p: 0, s: 379860 	 max proactive lookup: 4, max shadow lookup: 16
	evict counters: 255 255 255 255 83 254 144 134 106 169 118 77 100 78 108 76
	eager counters: 249 232 226 212 203 199 180 181 178 178 161 146 141 140 133 131
num evicts: 15200000, p: 0, s: 382906 	 max proactive lookup: 4, max shadow lookup: 16
	evict counters: 255 255 255 255 86 255 118 154 95 108 96 89 89 89 87 90
	eager counters: 250 233 226 212 203 200 180 181 178 178 162 146 141 141 133 131
num evicts: 15300000, p: 0, s: 384986 	 max proactive lookup: 4, max shadow lookup: 16
	evict counters: 255 255 255 198 101 198 99 134 108 122 107 79 76 101 95 54
	eager counters: 250 234 226 213 203 200 180 182 179 178 162 147 141 141 133 131
num evicts: 15400000, p: 0, s: 387321 	 max proactive lookup: 4, max shadow lookup: 16
	evict counters: 255 255 211 215 122 168 119 149 74 104 91 65 93 109 103 32
	eager counters: 250 234 227 213 203 200 180 182 180 179 162 148 141 141 133 131
num evicts: 15500000, p: 0, s: 389889 	 max proactive lookup: 8, max shadow lookup: 16
	evict counters: 255 255 233 232 137 183 135 165 91 95 97 75 80 89 109 40
	eager counters: 251 234 228 213 204 200 180 183 180 179 162 148 141 141 133 131
num evicts: 15600000, p: 0, s: 392790 	 max proactive lookup: 6, max shadow lookup: 16
	evict counters: 255 255 192 251 148 206 122 135 105 111 82 67 64 99 120 48
	eager counters: 251 234 229 213 205 201 181 183 180 179 163 149 141 141 133 131
num evicts: 15700000, p: 0, s: 395788 	 max proactive lookup: 8, max shadow lookup: 16
	evict counters: 255 255 212 255 168 226 142 153 119 125 70 77 46 83 129 57
	eager counters: 252 235 232 215 205 204 181 185 180 179 164 149 141 141 133 131
num evicts: 15800000, p: 0, s: 398594 	 max proactive lookup: 7, max shadow lookup: 16
	evict counters: 255 255 237 255 148 240 153 127 138 106 84 96 52 91 138 68
	eager counters: 254 235 232 216 205 204 182 185 180 179 164 149 141 141 133 131
num evicts: 15900000, p: 0, s: 401467 	 max proactive lookup: 9, max shadow lookup: 16
	evict counters: 255 255 196 255 172 255 130 138 159 90 94 83 53 102 111 78
	eager counters: 255 235 232 217 205 204 183 185 183 179 164 149 141 141 133 131
num evicts: 16000000, p: 0, s: 404230 	 max proactive lookup: 6, max shadow lookup: 16
	evict counters: 255 255 169 255 191 159 111 152 175 62 106 52 47 114 122 87
	eager counters: 255 235 233 217 205 206 183 185 183 179 166 149 141 141 133 131
num evicts: 16100000, p: 0, s: 406826 	 max proactive lookup: 9, max shadow lookup: 16
	evict counters: 255 255 145 255 168 174 133 164 145 23 124 38 60 97 130 93
	eager counters: 255 235 234 217 205 206 183 185 183 179 166 149 141 141 133 131
num evicts: 16200000, p: 0, s: 409774 	 max proactive lookup: 6, max shadow lookup: 16
	evict counters: 255 255 170 196 149 185 114 137 72 34 138 42 42 105 141 103
	eager counters: 255 235 234 217 205 206 184 185 183 179 166 149 141 141 133 131
num evicts: 16300000, p: 0, s: 412959 	 max proactive lookup: 8, max shadow lookup: 16
	evict counters: 255 255 151 162 172 208 130 147 82 25 152 34 49 86 118 113
	eager counters: 255 236 235 218 207 208 184 185 183 179 166 149 141 141 134 131
num evicts: 16400000, p: 0, s: 416038 	 max proactive lookup: 8, max shadow lookup: 16
	evict counters: 255 255 168 191 143 226 147 160 95 36 122 45 62 69 130 95
	eager counters: 255 236 237 220 207 208 184 185 184 179 166 149 141 141 134 131
num evicts: 16500000, p: 0, s: 419256 	 max proactive lookup: 8, max shadow lookup: 16
	evict counters: 255 255 189 209 153 188 168 168 108 44 138 54 69 62 143 103
	eager counters: 255 236 237 221 207 208 184 185 186 179 166 149 141 141 134 131
num evicts: 16600000, p: 0, s: 422585 	 max proactive lookup: 8, max shadow lookup: 16
	evict counters: 255 255 204 228 162 207 145 139 124 42 147 66 78 55 156 111
	eager counters: 255 238 237 223 207 208 184 186 187 179 167 149 142 141 134 131
num evicts: 16700000, p: 0, s: 426474 	 max proactive lookup: 8, max shadow lookup: 16
	evict counters: 255 255 215 245 182 223 161 156 103 44 96 83 72 57 129 91
	eager counters: 255 241 237 223 207 212 185 188 187 179 167 150 142 141 135 131
num evicts: 16800000, p: 0, s: 430183 	 max proactive lookup: 9, max shadow lookup: 16
	evict counters: 255 255 245 192 198 242 177 134 129 55 111 96 81 66 137 100
	eager counters: 255 241 238 225 208 212 185 188 189 179 167 150 142 141 135 131
num evicts: 16900000, p: 0, s: 433870 	 max proactive lookup: 8, max shadow lookup: 16
	evict counters: 255 255 255 204 164 255 188 148 55 56 99 86 93 76 146 91
	eager counters: 255 242 238 226 211 212 186 188 191 179 170 150 143 141 135 131
num evicts: 17000000, p: 0, s: 437388 	 max proactive lookup: 8, max shadow lookup: 16
	evict counters: 255 209 221 231 182 255 157 158 79 40 81 94 81 86 151 12
	eager counters: 255 243 239 229 212 212 186 188 193 180 171 150 143 141 135 131
num evicts: 17100000, p: 0, s: 440275 	 max proactive lookup: 7, max shadow lookup: 16
	evict counters: 255 228 246 254 203 153 176 97 92 54 89 64 99 98 93 10
	eager counters: 255 247 239 231 212 214 186 189 193 181 171 150 143 141 135 131
num evicts: 17200000, p: 0, s: 442731 	 max proactive lookup: 7, max shadow lookup: 16
	evict counters: 255 192 255 255 216 129 184 86 106 40 100 72 90 87 76 17
	eager counters: 255 247 240 232 212 215 186 189 193 181 171 150 143 141 135 131
num evicts: 17300000, p: 0, s: 445415 	 max proactive lookup: 7, max shadow lookup: 16
	evict counters: 255 215 255 255 231 153 201 72 88 54 111 59 83 102 83 26
	eager counters: 255 248 241 233 212 215 186 189 193 181 171 150 143 141 135 131
num evicts: 17400000, p: 0, s: 448432 	 max proactive lookup: 7, max shadow lookup: 16
	evict counters: 255 238 255 255 186 173 220 85 98 63 127 71 94 82 67 25
	eager counters: 255 249 241 233 212 215 187 190 193 181 171 150 143 141 135 131
num evicts: 17500000, p: 0, s: 451840 	 max proactive lookup: 7, max shadow lookup: 16
	evict counters: 255 255 255 255 208 187 238 108 110 77 102 85 85 91 75 35
	eager counters: 255 249 241 234 212 216 187 190 193 183 171 150 143 141 135 131
num evicts: 17600000, p: 0, s: 455138 	 max proactive lookup: 7, max shadow lookup: 16
	evict counters: 255 255 255 194 176 209 253 126 94 95 66 97 72 107 78 44
	eager counters: 255 250 241 236 212 219 187 190 193 183 171 150 143 141 135 131
Hear