[VMEM] WARNING: physical memory size is smaller than virtual memory size.

*** ChampSim Multicore Out-of-Order Simulator ***
Warmup Instructions: 25000000
Simulation Instructions: 25000000
Number of CPUs: 8
Page size: 2097152

initializing BARD -- num sampled sets: 64, modulus = 256
CL :	 16.64 ns
CWL :	 15.808 ns
tRP :	 16.224 ns
tRCD :	 16.224 ns
tRAS :	 32.032000000000004 ns
tRTP :	 7.904 ns
tWR :	 30.368000000000002 ns

tCCD_S :	 3.3280000000000003 ns
tCCD_S_WR :	 3.3280000000000003 ns
tCCD_S_WTR :	 22.048000000000002 ns
tCCD_L :	 5.408 ns
tCCD_L_WR :	 20.384 ns
tCCD_L_WTR :	 29.536 ns
tRRD_S :	 3.3280000000000003 ns
tRRD_L :	 5.408 ns
tFAW :	 13.728 ns
Address mapping (perm = 1) 	ch co bg bg bg ba ba co co co co co co ro ro ro ro ro ro ro ro ro ro ro ro ro ro ro 
dram queue size: R = 64 W = 48 (low:high is 9:39)
num evicts: 0, p: 0, s: 0 	 max proactive lookup: 16, max shadow lookup: 16
	evict counters: 128 128 128 128 128 128 128 128 128 128 128 128 128 128 128 128
	eager counters: 128 128 128 128 128 128 128 128 128 128 128 128 128 128 128 128
num evicts: 100000, p: 0, s: 19080 	 max proactive lookup: 6, max shadow lookup: 3
	evict counters: 156 146 143 141 142 140 99 129 129 131 128 131 128 126 125 126
	eager counters: 141 139 140 122 137 135 118 130 130 100 112 129 130 131 128 131
num evicts: 200000, p: 0, s: 23616 	 max proactive lookup: 6, max shadow lookup: 3
	evict counters: 181 163 155 154 153 150 82 99 137 134 128 130 130 124 95 130
	eager counters: 159 150 147 127 142 141 123 132 133 104 114 130 132 132 131 133
num evicts: 300000, p: 0, s: 32622 	 max proactive lookup: 5, max shadow lookup: 6
	evict counters: 205 182 169 161 166 123 66 80 139 140 128 126 131 89 89 124
	eager counters: 174 159 154 132 145 128 99 105 134 106 115 132 135 116 131 133
num evicts: 400000, p: 0, s: 45616 	 max proactive lookup: 3, max shadow lookup: 5
	evict counters: 222 199 185 102 142 103 77 91 144 135 138 125 103 95 90 97
	eager counters: 186 167 167 139 136 120 104 113 96 96 120 117 139 106 135 119
num evicts: 500000, p: 0, s: 55221 	 max proactive lookup: 3, max shadow lookup: 3
	evict counters: 244 217 204 114 160 112 67 99 151 140 112 96 81 96 91 76
	eager counters: 201 178 160 112 151 124 85 103 78 86 124 91 139 108 137 120
num evicts: 600000, p: 0, s: 60998 	 max proactive lookup: 6, max shadow lookup: 3
	evict counters: 255 243 217 135 142 130 88 112 166 155 88 79 67 93 70 75
	eager counters: 215 190 171 123 124 132 94 112 87 95 115 93 142 110 120 121
num evicts: 700000, p: 0, s: 71173 	 max proactive lookup: 6, max shadow lookup: 6
	evict counters: 255 255 248 154 159 148 85 129 176 128 99 78 78 103 76 54
	eager counters: 228 209 192 136 132 138 101 120 95 100 120 96 147 114 106 122
num evicts: 800000, p: 0, s: 83892 	 max proactive lookup: 6, max shadow lookup: 6
	evict counters: 255 213 196 172 172 131 74 104 107 98 79 87 62 83 79 53
	eager counters: 239 192 206 147 141 157 82 127 93 82 122 102 153 118 109 126
num evicts: 900000, p: 0, s: 97224 	 max proactive lookup: 6, max shadow lookup: 6
	evict counters: 255 241 210 190 191 137 87 119 123 50 86 55 41 85 60 25
	eager counters: 246 207 190 158 155 143 86 94 88 56 112 93 136 105 111 127
num evicts: 1000000, p: 0, s: 110582 	 max proactive lookup: 5, max shadow lookup: 6
	evict counters: 255 254 226 207 211 116 103 134 101 39 88 47 51 86 58 8
	eager counters: 255 216 204 172 170 156 97 81 83 49 99 77 139 95 100 128
num evicts: 1100000, p: 0, s: 124557 	 max proactive lookup: 6, max shadow lookup: 6
	evict counters: 255 255 245 228 172 133 111 70 61 40 95 26 32 98 44 8
	eager counters: 255 226 217 184 179 143 101 78 77 42 102 70 142 99 101 131
Heartbeat CPU 7 instructions: 10000002 cycles: 2800302 heartbeat IPC: 3.571 cumulative IPC: 3.571 (Simulation time: 00 hr 15 min 40 sec)
Heartbeat CPU 0 instructions: 10000001 cycles: 2809455 heartbeat IPC: 3.559 cumulative IPC: 3.559 (Simulation time: 00 hr 15 min 43 sec)
Heartbeat CPU 1 instructions: 10000004 cycles: 2812663 heartbeat IPC: 3.555 cumulative IPC: 3.555 (Simulation time: 00 hr 15 min 44 sec)
Heartbeat CPU 2 instructions: 10000004 cycles: 2821994 heartbeat IPC: 3.544 cumulative IPC: 3.544 (Simulation time: 00 hr 15 min 47 sec)
Heartbeat CPU 3 instructions: 10000003 cycles: 2827307 heartbeat IPC: 3.537 cumulative IPC: 3.537 (Simulation time: 00 hr 15 min 49 sec)
Heartbeat CPU 4 instructions: 10000004 cycles: 2831924 heartbeat IPC: 3.531 cumulative IPC: 3.531 (Simulation time: 00 hr 15 min 51 sec)
Heartbeat CPU 5 instructions: 10000002 cycles: 2834112 heartbeat IPC: 3.528 cumulative IPC: 3.528 (Simulation time: 00 hr 15 min 51 sec)
Heartbeat CPU 6 instructions: 10000002 cycles: 2836419 heartbeat IPC: 3.526 cumulative IPC: 3.526 (Simulation time: 00 hr 15 min 52 sec)
num evicts: 1200000, p: 0, s: 139187 	 max proactive lookup: 6, max shadow lookup: 6
	evict counters: 255 255 255 144 188 148 122 77 52 43 106 31 30 98 40 5
	eager counters: 255 239 233 169 188 149 106 64 82 46 106 62 146 100 103 131
num evicts: 1300000, p: 0, s: 153593 	 max proactive lookup: 6, max shadow lookup: 6
	evict counters: 255 255 255 164 205 151 103 85 66 51 105 34 33 95 46 7
	eager counters: 255 246 239 181 196 152 113 69 87 51 106 60 147 101 105 131
num evicts: 1400000, p: 0, s: 168138 	 max proactive lookup: 6, max shadow lookup: 6
	evict counters: 255 255 255 184 221 167 119 97 79 59 104 31 42 73 35 8
	eager counters: 255 255 243 186 200 159 105 72 89 57 108 62 151 103 107 131
num evicts: 1500000, p: 0, s: 182623 	 max proactive lookup: 6, max shadow lookup: 6
	evict counters: 255 255 254 201 239 134 61 110 89 52 35 31 45 73 37 8
	eager counters: 255 255 253 172 209 167 115 70 96 64 109 63 135 104 109 133
num evicts: 1600000, p: 0, s: 198012 	 max proactive lookup: 6, max shadow lookup: 6
	evict counters: 255 255 255 212 249 142 73 94 97 41 21 31 51 59 27 0
	eager counters: 255 255 226 181 214 150 88 69 99 68 110 56 136 104 98 133
num evicts: 1700000, p: 0, s: 214183 	 max proactive lookup: 6, max shadow lookup: 6
	evict counters: 255 255 255 225 254 157 86 99 110 48 19 38 34 50 32 5
	eager counters: 255 255 234 189 223 162 96 63 105 66 91 59 139 108 100 133
num evicts: 1800000, p: 0, s: 229970 	 max proactive lookup: 6, max shadow lookup: 6
	evict counters: 255 255 255 238 194 170 94 112 84 41 27 45 27 40 23 12
	eager counters: 255 255 246 199 228 175 101 68 106 75 96 65 141 110 101 134
num evicts: 1900000, p: 0, s: 245865 	 max proactive lookup: 6, max shadow lookup: 6
	evict counters: 255 255 255 253 222 193 84 129 110 56 38 33 34 34 28 12
	eager counters: 255 255 254 204 216 187 109 74 117 74 99 67 114 99 91 134
num evicts: 2000000, p: 0, s: 262164 	 max proactive lookup: 6, max shadow lookup: 6
	evict counters: 255 195 255 207 241 214 56 147 126 38 18 23 27 21 37 10
	eager counters: 255 255 255 183 228 197 91 81 125 79 103 61 117 101 94 135
num evicts: 2100000, p: 0, s: 277388 	 max proactive lookup: 6, max shadow lookup: 6
	evict counters: 255 218 147 230 255 230 72 125 135 43 24 23 36 23 47 4
	eager counters: 255 233 199 191 235 206 92 92 112 68 92 46 104 92 95 137
num evicts: 2200000, p: 0, s: 293524 	 max proactive lookup: 6, max shadow lookup: 6
	evict counters: 255 251 168 251 255 191 92 128 143 52 28 16 30 23 50 4
	eager counters: 255 249 164 201 242 212 105 95 118 72 87 39 93 85 96 138
num evicts: 2300000, p: 0, s: 310578 	 max proactive lookup: 6, max shadow lookup: 6
	evict counters: 255 255 186 255 255 205 76 105 152 61 33 19 20 26 60 0
	eager counters: 255 255 173 211 255 198 111 105 125 76 93 37 95 78 85 138
num evicts: 2400000, p: 0, s: 328666 	 max proactive lookup: 6, max shadow lookup: 6
	evict counters: 255 255 203 255 255 212 65 118 165 66 36 21 18 20 61 7
	eager counters: 255 255 186 221 255 202 104 96 132 79 97 41 96 80 88 139
num evicts: 2500000, p: 0, s: 347512 	 max proactive lookup: 6, max shadow lookup: 6
	evict counters: 255 255 223 254 201 224 34 61 171 42 40 10 11 17 59 1
	eager counters: 255 255 197 154 225 208 94 103 138 82 102 44 87 84 90 141
num evicts: 2600000, p: 0, s: 366184 	 max proactive lookup: 6, max shadow lookup: 6
	evict counters: 255 255 239 205 210 236 45 70 137 48 38 10 11 20 63 7
	eager counters: 255 255 207 161 232 190 107 98 143 85 75 37 81 86 93 141
Heartbeat CPU 7 instructions: 20000003 cycles: 5561064 heartbeat IPC: 3.622 cumulative IPC: 3.596 (Simulation time: 00 hr 31 min 27 sec)
Heartbeat CPU 0 instructions: 20000001 cycles: 5572183 heartbeat IPC: 3.62 cumulative IPC: 3.589 (Simulation time: 00 hr 31 min 31 sec)
Heartbeat CPU 1 instructions: 20000008 cycles: 5580012 heartbeat IPC: 3.614 cumulative IPC: 3.584 (Simulation time: 00 hr 31 min 33 sec)
Heartbeat CPU 2 instructions: 20000005 cycles: 5590640 heartbeat IPC: 3.612 cumulative IPC: 3.577 (Simulation time: 00 hr 31 min 37 sec)
Heartbeat CPU 3 instructions: 20000005 cycles: 5601321 heartbeat IPC: 3.605 cumulative IPC: 3.571 (Simulation time: 00 hr 31 min 41 sec)
Heartbeat CPU 4 instructions: 20000005 cycles: 5608071 heartbeat IPC: 3.602 cumulative IPC: 3.566 (Simulation time: 00 hr 31 min 43 sec)
Heartbeat CPU 5 instructions: 20000005 cycles: 5613315 heartbeat IPC: 3.598 cumulative IPC: 3.563 (Simulation time: 00 hr 31 min 45 sec)
num evicts: 2700000, p: 0, s: 385382 	 max proactive lookup: 6, max shadow lookup: 6
	evict counters: 255 255 255 222 233 141 69 87 145 54 45 13 24 26 61 4
	eager counters: 255 255 213 168 239 194 118 101 145 70 79 35 84 87 93 141
Heartbeat CPU 6 instructions: 20000002 cycles: 5618446 heartbeat IPC: 3.595 cumulative IPC: 3.56 (Simulation time: 00 hr 31 min 46 sec)
num evicts: 2800000, p: 0, s: 403160 	 max proactive lookup: 6, max shadow lookup: 6
	evict counters: 255 255 255 241 246 157 88 97 166 43 37 24 30 32 38 6
	eager counters: 255 255 226 178 245 202 126 104 157 74 83 41 84 87 95 144
num evicts: 2900000, p: 0, s: 423998 	 max proactive lookup: 6, max shadow lookup: 7
	evict counters: 255 255 192 255 255 168 102 109 174 51 43 36 34 34 39 8
	eager counters: 255 255 234 189 255 205 135 106 162 79 88 47 87 88 99 147
num evicts: 3000000, p: 0, s: 445022 	 max proactive lookup: 6, max shadow lookup: 7
	evict counters: 255 255 209 255 198 138 83 92 188 41 21 28 37 30 14 7
	eager counters: 255 255 243 197 255 213 140 100 169 81 90 51 92 71 101 149
num evicts: 3100000, p: 0, s: 466585 	 max proactive lookup: 6, max shadow lookup: 6
	evict counters: 255 255 231 255 163 158 89 106 193 28 22 39 42 36 4 5
	eager counters: 255 255 255 206 255 224 126 85 172 74 94 55 74 75 71 131
num evicts: 3200000, p: 0, s: 486785 	 max proactive lookup: 4, max shadow lookup: 6
	evict counters: 255 255 189 255 106 127 62 114 204 16 17 39 50 34 5 3
	eager counters: 255 255 224 214 255 202 92 88 175 56 86 58 79 75 73 133
Warmup finished CPU 7 instructions: 25000004 cycles: 6879913 cumulative IPC: 3.634 (Simulation time: 00 hr 38 min 42 sec)
Warmup finished CPU 0 instructions: 25000003 cycles: 6891741 cumulative IPC: 3.628 (Simulation time: 00 hr 38 min 46 sec)
Warmup finished CPU 1 instructions: 25000003 cycles: 6901623 cumulative IPC: 3.622 (Simulation time: 00 hr 38 min 50 sec)
Warmup finished CPU 2 instructions: 25000004 cycles: 6913156 cumulative IPC: 3.616 (Simulation time: 00 hr 38 min 54 sec)
num evicts: 3300000, p: 0, s: 506979 	 max proactive lookup: 4, max shadow lookup: 6
	evict counters: 255 255 170 255 125 112 73 75 125 21 13 44 42 35 2 9
	eager counters: 255 255 241 226 255 185 63 82 138 61 68 52 84 76 74 137
Warmup finished CPU 3 instructions: 25000004 cycles: 6926557 cumulative IPC: 3.609 (Simulation time: 00 hr 38 min 58 sec)
Warmup finished CPU 4 instructions: 25000004 cycles: 6936143 cumulative IPC: 3.604 (Simulation time: 00 hr 39 min 02 sec)
Warmup finished CPU 5 instructions: 25000004 cycles: 6946991 cumulative IPC: 3.599 (Simulation time: 00 hr 39 min 05 sec)
Warmup finished CPU 6 instructions: 25000004 cycles: 6951935 cumulative IPC: 3.596 (Simulation time: 00 hr 39 min 07 sec)
Warmup complete CPU 7 instructions: 25257780 cycles: 6951935 cumulative IPC: 3.633 (Simulation time: 00 hr 39 min 07 sec)
Warmup complete CPU 6 instructions: 25000004 cycles: 6951935 cumulative IPC: 3.596 (Simulation time: 00 hr 39 min 07 sec)
Warmup complete CPU 5 instructions: 25016486 cycles: 6951935 cumulative IPC: 3.598 (Simulation time: 00 hr 39 min 07 sec)
Warmup complete CPU 4 instructions: 25049875 cycles: 6951935 cumulative IPC: 3.603 (Simulation time: 00 hr 39 min 07 sec)
Warmup complete CPU 3 instructions: 25078074 cycles: 6951935 cumulative IPC: 3.607 (Simulation time: 00 hr 39 min 07 sec)
Warmup complete CPU 2 instructions: 25121682 cycles: 6951935 cumulative IPC: 3.614 (Simulation time: 00 hr 39 min 07 sec)
Warmup complete CPU 1 instructions: 25166270 cycles: 6951935 cumulative IPC: 3.62 (Simulation time: 00 hr 39 min 07 sec)
Warmup complete CPU 0 instructions: 25203319 cycles: 6951935 cumulative IPC: 3.625 (Simulation time: 00 hr 39 min 07 sec)
num evicts: 3400000, p: 0, s: 527439 	 max proactive lookup: 5, max shadow lookup: 6
	evict counters: 255 255 186 255 148 123 86 84 139 38 13 42 40 36 2 6
	eager counters: 255 255 219 238 255 194 71 63 147 72 69 54 85 77 66 137
num evicts: 3500000, p: 0, s: 545669 	 max proactive lookup: 6, max shadow lookup: 6
	evict counters: 255 255 206 255 166 139 97 94 150 38 17 48 50 25 10 4
	eager counters: 255 255 231 251 255 199 73 64 152 77 74 56 86 80 70 121
num evicts: 3600000, p: 0, s: 562996 	 max proactive lookup: 6, max shadow lookup: 6
	evict counters: 255 255 224 255 181 152 108 107 164 52 20 56 46 22 17 3
	eager counters: 255 255 237 255 255 205 73 59 161 82 67 58 87 71 65 121
num evicts: 3700000, p: 0, s: 579267 	 max proactive lookup: 6, max shadow lookup: 6
	evict counters: 255 255 248 255 200 178 73 89 102 35 22 31 29 27 10 9
	eager counters: 255 255 249 255 255 215 62 60 147 76 57 61 88 73 57 124
num evicts: 3800000, p: 0, s: 596633 	 max proactive lookup: 6, max shadow lookup: 6
	evict counters: 255 255 255 255 215 192 74 97 82 29 31 17 32 30 12 4
	eager counters: 255 255 255 255 255 195 76 55 132 62 47 50 90 75 58 110
num evicts: 3900000, p: 0, s: 614391 	 max proactive lookup: 6, max shadow lookup: 6
	evict counters: 255 255 255 255 227 160 63 112 96 36 42 21 30 33 18 11
	eager counters: 255 255 255 255 255 206 70 65 140 67 52 49 90 79 60 111
num evicts: 4000000, p: 0, s: 632006 	 max proactive lookup: 6, max shadow lookup: 6
	evict counters: 255 255 255 200 242 139 80 125 109 50 39 17 38 36 16 2
	eager counters: 255 255 255 255 255 218 79 75 149 74 58 53 93 84 63 112
num evicts: 4100000, p: 0, s: 649868 	 max proactive lookup: 6, max shadow lookup: 6
	evict counters: 255 198 255 219 255 150 94 103 120 57 44 27 36 29 15 0
	eager counters: 255 255 255 255 255 196 88 82 137 70 48 57 83 87 66 113
Heartbeat CPU 7 instructions: 30000003 cycles: 20399239 heartbeat IPC: 0.6739 cumulative IPC: 0.3527 (Simulation time: 01 hr 03 min 14 sec)
Heartbeat CPU 0 instructions: 30000003 cycles: 20564005 heartbeat IPC: 0.667 cumulative IPC: 0.3524 (Simulation time: 01 hr 03 min 32 sec)
Heartbeat CPU 1 instructions: 30000008 cycles: 20664613 heartbeat IPC: 0.6629 cumulative IPC: 0.3525 (Simulation time: 01 hr 03 min 43 sec)
Heartbeat CPU 2 instructions: 30000005 cycles: 20839180 heartbeat IPC: 0.6558 cumulative IPC: 0.3513 (Simulation time: 01 hr 04 min 02 sec)
Heartbeat CPU 4 instructions: 30000008 cycles: 21087082 heartbeat IPC: 0.646 cumulative IPC: 0.3502 (Simulation time: 01 hr 04 min 29 sec)
Heartbeat CPU 3 instructions: 30000008 cycles: 21104190 heartbeat IPC: 0.645 cumulative IPC: 0.3478 (Simulation time: 01 hr 04 min 31 sec)
Heartbeat CPU 6 instructions: 30000003 cycles: 21184428 heartbeat IPC: 0.6424 cumulative IPC: 0.3513 (Simulation time: 01 hr 04 min 40 sec)
Heartbeat CPU 5 instructions: 30000008 cycles: 21209907 heartbeat IPC: 0.6412 cumulative IPC: 0.3495 (Simulation time: 01 hr 04 min 42 sec)
num evicts: 4200000, p: 0, s: 667047 	 max proactive lookup: 6, max shadow lookup: 6
	evict counters: 255 220 255 229 255 132 79 116 133 73 46 27 18 18 4 3
	eager counters: 255 228 255 255 255 212 97 91 143 79 47 61 86 87 58 115
num evicts: 4300000, p: 0, s: 684415 	 max proactive lookup: 6, max shadow lookup: 6
	evict counters: 255 244 255 187 208 142 87 103 145 62 56 34 25 16 1 2
	eager counters: 255 243 255 228 227 220 90 79 150 67 52 52 56 87 42 89
num evicts: 4400000, p: 0, s: 702657 	 max proactive lookup: 5, max sh