---------------------------------------
Begin Slurm Prolog: Apr-07-2025 19:24:54
Job ID:    3599745
User ID:   svittal8
Account:   gts-mqureshi4-rg
Job name:  wrap
Partition: cpu-small
QOS:       inferno
---------------------------------------
[VMEM] WARNING: physical memory size is smaller than virtual memory size.

*** ChampSim Multicore Out-of-Order Simulator ***
Warmup Instructions: 25000000
Simulation Instructions: 100000000
Number of CPUs: 8
Page size: 2097152

CL :	 16.64 ns
CWL :	 15.808 ns
tRP :	 16.224 ns
tRCD :	 16.224 ns
tRAS :	 32.032000000000004 ns
tRTP :	 7.904 ns
tWR :	 30.368000000000002 ns

tCCD_S :	 3.3280000000000003 ns
tCCD_S_WR :	 3.3280000000000003 ns
tCCD_S_WTR :	 22.048000000000002 ns
tCCD_L :	 5.408 ns
tCCD_L_WR :	 20.384 ns
tCCD_L_WTR :	 29.536 ns
tRRD_S :	 3.3280000000000003 ns
tRRD_L :	 5.408 ns
tFAW :	 13.728 ns
Address mapping (perm = 1) 	ch co bg bg bg ba ba co co co co co co ro ro ro ro ro ro ro ro ro ro ro ro ro ro ro 
dram queue size: R = 64 W = 48 (low:high is 9:39)
Heartbeat CPU 0 instructions: 10000003 cycles: 3116341 heartbeat IPC: 3.209 cumulative IPC: 3.209 (Simulation time: 00 hr 07 min 51 sec)
Heartbeat CPU 1 instructions: 10000003 cycles: 3134783 heartbeat IPC: 3.19 cumulative IPC: 3.19 (Simulation time: 00 hr 07 min 54 sec)
Heartbeat CPU 2 instructions: 10000003 cycles: 3154648 heartbeat IPC: 3.17 cumulative IPC: 3.17 (Simulation time: 00 hr 07 min 57 sec)
Heartbeat CPU 3 instructions: 10000003 cycles: 3165921 heartbeat IPC: 3.159 cumulative IPC: 3.159 (Simulation time: 00 hr 07 min 58 sec)
Heartbeat CPU 4 instructions: 10000003 cycles: 3171770 heartbeat IPC: 3.153 cumulative IPC: 3.153 (Simulation time: 00 hr 07 min 59 sec)
Heartbeat CPU 5 instructions: 10000003 cycles: 3177276 heartbeat IPC: 3.147 cumulative IPC: 3.147 (Simulation time: 00 hr 08 min 00 sec)
Heartbeat CPU 6 instructions: 10000003 cycles: 3180515 heartbeat IPC: 3.144 cumulative IPC: 3.144 (Simulation time: 00 hr 08 min 00 sec)
Heartbeat CPU 7 instructions: 10000003 cycles: 3183796 heartbeat IPC: 3.141 cumulative IPC: 3.141 (Simulation time: 00 hr 08 min 01 sec)
Heartbeat CPU 0 instructions: 20000003 cycles: 6197257 heartbeat IPC: 3.246 cumulative IPC: 3.227 (Simulation time: 00 hr 15 min 21 sec)
Heartbeat CPU 1 instructions: 20000004 cycles: 6205064 heartbeat IPC: 3.257 cumulative IPC: 3.223 (Simulation time: 00 hr 15 min 22 sec)
Heartbeat CPU 2 instructions: 20000004 cycles: 6230273 heartbeat IPC: 3.251 cumulative IPC: 3.21 (Simulation time: 00 hr 15 min 26 sec)
Heartbeat CPU 3 instructions: 20000003 cycles: 6259301 heartbeat IPC: 3.233 cumulative IPC: 3.195 (Simulation time: 00 hr 15 min 30 sec)
Heartbeat CPU 4 instructions: 20000004 cycles: 6275915 heartbeat IPC: 3.221 cumulative IPC: 3.187 (Simulation time: 00 hr 15 min 33 sec)
Heartbeat CPU 5 instructions: 20000004 cycles: 6289412 heartbeat IPC: 3.213 cumulative IPC: 3.18 (Simulation time: 00 hr 15 min 35 sec)
Heartbeat CPU 6 instructions: 20000004 cycles: 6295508 heartbeat IPC: 3.21 cumulative IPC: 3.177 (Simulation time: 00 hr 15 min 36 sec)
Heartbeat CPU 7 instructions: 20000003 cycles: 6302176 heartbeat IPC: 3.207 cumulative IPC: 3.174 (Simulation time: 00 hr 15 min 36 sec)
Warmup finished CPU 0 instructions: 25000001 cycles: 7685080 cumulative IPC: 3.253 (Simulation time: 00 hr 19 min 01 sec)
Warmup finished CPU 1 instructions: 25000001 cycles: 7694861 cumulative IPC: 3.249 (Simulation time: 00 hr 19 min 02 sec)
Warmup finished CPU 2 instructions: 25000000 cycles: 7712666 cumulative IPC: 3.241 (Simulation time: 00 hr 19 min 05 sec)
Warmup finished CPU 3 instructions: 25000003 cycles: 7743104 cumulative IPC: 3.229 (Simulation time: 00 hr 19 min 09 sec)
Warmup finished CPU 4 instructions: 25000000 cycles: 7757026 cumulative IPC: 3.223 (Simulation time: 00 hr 19 min 11 sec)
Warmup finished CPU 5 instructions: 25000003 cycles: 7768661 cumulative IPC: 3.218 (Simulation time: 00 hr 19 min 12 sec)
Warmup finished CPU 6 instructions: 25000003 cycles: 7776754 cumulative IPC: 3.215 (Simulation time: 00 hr 19 min 13 sec)
Warmup finished CPU 7 instructions: 25000003 cycles: 7783898 cumulative IPC: 3.212 (Simulation time: 00 hr 19 min 14 sec)
Warmup complete CPU 7 instructions: 25000003 cycles: 7783898 cumulative IPC: 3.212 (Simulation time: 00 hr 19 min 14 sec)
Warmup complete CPU 6 instructions: 25028579 cycles: 7783898 cumulative IPC: 3.215 (Simulation time: 00 hr 19 min 14 sec)
Warmup complete CPU 5 instructions: 25060951 cycles: 7783898 cumulative IPC: 3.22 (Simulation time: 00 hr 19 min 14 sec)
Warmup complete CPU 4 instructions: 25107488 cycles: 7783898 cumulative IPC: 3.226 (Simulation time: 00 hr 19 min 14 sec)
Warmup complete CPU 3 instructions: 25163167 cycles: 7783898 cumulative IPC: 3.233 (Simulation time: 00 hr 19 min 14 sec)
Warmup complete CPU 2 instructions: 25284928 cycles: 7783898 cumulative IPC: 3.248 (Simulation time: 00 hr 19 min 14 sec)
Warmup complete CPU 1 instructions: 25356149 cycles: 7783898 cumulative IPC: 3.258 (Simulation time: 00 hr 19 min 14 sec)
Warmup complete CPU 0 instructions: 25395273 cycles: 7783898 cumulative IPC: 3.263 (Simulation time: 00 hr 19 min 14 sec)
Heartbeat CPU 1 instructions: 30000007 cycles: 20889710 heartbeat IPC: 0.681 cumulative IPC: 0.3543 (Simulation time: 00 hr 33 min 31 sec)
Heartbeat CPU 0 instructions: 30000003 cycles: 20911072 heartbeat IPC: 0.6796 cumulative IPC: 0.3508 (Simulation time: 00 hr 33 min 32 sec)
Heartbeat CPU 2 instructions: 30000007 cycles: 21122150 heartbeat IPC: 0.6715 cumulative IPC: 0.3535 (Simulation time: 00 hr 33 min 46 sec)
Heartbeat CPU 3 instructions: 30000005 cycles: 21448311 heartbeat IPC: 0.6584 cumulative IPC: 0.354 (Simulation time: 00 hr 34 min 07 sec)
Heartbeat CPU 4 instructions: 30000007 cycles: 21588088 heartbeat IPC: 0.6531 cumulative IPC: 0.3544 (Simulation time: 00 hr 34 min 17 sec)
Heartbeat CPU 5 instructions: 30000005 cycles: 21698681 heartbeat IPC: 0.649 cumulative IPC: 0.355 (Simulation time: 00 hr 34 min 24 sec)
Heartbeat CPU 6 instructions: 30000004 cycles: 21783559 heartbeat IPC: 0.6457 cumulative IPC: 0.3551 (Simulation time: 00 hr 34 min 29 sec)
Heartbeat CPU 7 instructions: 30000004 cycles: 21840942 heartbeat IPC: 0.6436 cumulative IPC: 0.3557 (Simulation time: 00 hr 34 min 33 sec)
Heartbeat CPU 1 instructions: 40000007 cycles: 48684594 heartbeat IPC: 0.3598 cumulative IPC: 0.358 (Simulation time: 01 hr 04 min 04 sec)
Heartbeat CPU 0 instructions: 40000003 cycles: 48850101 heartbeat IPC: 0.3579 cumulative IPC: 0.3556 (Simulation time: 01 hr 04 min 15 sec)
Heartbeat CPU 2 instructions: 40000007 cycles: 48885329 heartbeat IPC: 0.3602 cumulative IPC: 0.358 (Simulation time: 01 hr 04 min 17 sec)
Heartbeat CPU 3 instructions: 40000007 cycles: 49233434 heartbeat IPC: 0.3599 cumulative IPC: 0.3579 (Simulation time: 01 hr 04 min 40 sec)
Heartbeat CPU 4 instructions: 40000007 cycles: 49380392 heartbeat IPC: 0.3598 cumulative IPC: 0.358 (Simulation time: 01 hr 04 min 49 sec)
Heartbeat CPU 5 instructions: 40000007 cycles: 49496687 heartbeat IPC: 0.3597 cumulative IPC: 0.3581 (Simulation time: 01 hr 04 min 57 sec)
Heartbeat CPU 6 instructions: 40000007 cycles: 49584075 heartbeat IPC: 0.3597 cumulative IPC: 0.3582 (Simulation time: 01 hr 05 min 03 sec)
Heartbeat CPU 7 instructions: 40000007 cycles: 49700832 heartbeat IPC: 0.3589 cumulative IPC: 0.3579 (Simulation time: 01 hr 05 min 10 sec)
Heartbeat CPU 1 instructions: 50000010 cycles: 76486797 heartbeat IPC: 0.3597 cumulative IPC: 0.3587 (Simulation time: 01 hr 34 min 43 sec)
Heartbeat CPU 2 instructions: 50000010 cycles: 76682099 heartbeat IPC: 0.3598 cumulative IPC: 0.3587 (Simulation time: 01 hr 34 min 56 sec)
Heartbeat CPU 0 instructions: 50000004 cycles: 76739088 heartbeat IPC: 0.3586 cumulative IPC: 0.3568 (Simulation time: 01 hr 35 min 00 sec)
Heartbeat CPU 3 instructions: 50000010 cycles: 76951679 heartbeat IPC: 0.3608 cumulative IPC: 0.3591 (Simulation time: 01 hr 35 min 14 sec)
Heartbeat CPU 4 instructions: 50000010 cycles: 77114044 heartbeat IPC: 0.3606 cumulative IPC: 0.359 (Simulation time: 01 hr 35 min 25 sec)
Heartbeat CPU 5 instructions: 50000010 cycles: 77259144 heartbeat IPC: 0.3602 cumulative IPC: 0.359 (Simulation time: 01 hr 35 min 35 sec)
Heartbeat CPU 6 instructions: 50000010 cycles: 77295079 heartbeat IPC: 0.3609 cumulative IPC: 0.3592 (Simulation time: 01 hr 35 min 37 sec)
Heartbeat CPU 7 instructions: 50000010 cycles: 77436874 heartbeat IPC: 0slurmstepd: error: *** JOB 3599745 ON atl1-1-02-014-35-2 CANCELLED AT 2025-04-07T23:59:07 ***
---------------------------------------
Begin Slurm Epilog: Apr-07-2025 23:59:09
Job ID:        3599745
User ID:       svittal8
Account:       gts-mqureshi4-rg
Job name:      wrap
Resources:     cpu=1,mem=4G,node=1
Rsrc Used:     cput=04:34:14,vmem=0,walltime=04:34:14,mem=178608K,energy_used=0
Partition:     cpu-small
QOS:           inferno
Nodes:         atl1-1-02-014-35-2
---------------------------------------
