---------------------------------------
Begin Slurm Prolog: Apr-07-2025 19:24:53
Job ID:    3599739
User ID:   svittal8
Account:   gts-mqureshi4-rg
Job name:  wrap
Partition: cpu-small
QOS:       inferno
---------------------------------------
[VMEM] WARNING: physical memory size is smaller than virtual memory size.

*** ChampSim Multicore Out-of-Order Simulator ***
Warmup Instructions: 25000000
Simulation Instructions: 100000000
Number of CPUs: 8
Page size: 2097152

CL :	 16.64 ns
CWL :	 15.808 ns
tRP :	 16.224 ns
tRCD :	 16.224 ns
tRAS :	 32.032000000000004 ns
tRTP :	 7.904 ns
tWR :	 30.368000000000002 ns

tCCD_S :	 3.3280000000000003 ns
tCCD_S_WR :	 3.3280000000000003 ns
tCCD_S_WTR :	 22.048000000000002 ns
tCCD_L :	 5.408 ns
tCCD_L_WR :	 20.384 ns
tCCD_L_WTR :	 29.536 ns
tRRD_S :	 3.3280000000000003 ns
tRRD_L :	 5.408 ns
tFAW :	 13.728 ns
Address mapping (perm = 1) 	ch co bg bg bg ba ba co co co co co co ro ro ro ro ro ro ro ro ro ro ro ro ro ro ro 
dram queue size: R = 64 W = 48 (low:high is 9:39)
Heartbeat CPU 0 instructions: 10000002 cycles: 2554010 heartbeat IPC: 3.915 cumulative IPC: 3.915 (Simulation time: 00 hr 06 min 40 sec)
Heartbeat CPU 1 instructions: 10000001 cycles: 2555041 heartbeat IPC: 3.914 cumulative IPC: 3.914 (Simulation time: 00 hr 06 min 40 sec)
Heartbeat CPU 2 instructions: 10000003 cycles: 2556232 heartbeat IPC: 3.912 cumulative IPC: 3.912 (Simulation time: 00 hr 06 min 40 sec)
Heartbeat CPU 3 instructions: 10000001 cycles: 2557225 heartbeat IPC: 3.91 cumulative IPC: 3.91 (Simulation time: 00 hr 06 min 40 sec)
Heartbeat CPU 4 instructions: 10000002 cycles: 2558322 heartbeat IPC: 3.909 cumulative IPC: 3.909 (Simulation time: 00 hr 06 min 41 sec)
Heartbeat CPU 5 instructions: 10000001 cycles: 2559110 heartbeat IPC: 3.908 cumulative IPC: 3.908 (Simulation time: 00 hr 06 min 41 sec)
Heartbeat CPU 6 instructions: 10000000 cycles: 2559926 heartbeat IPC: 3.906 cumulative IPC: 3.906 (Simulation time: 00 hr 06 min 41 sec)
Heartbeat CPU 7 instructions: 10000003 cycles: 2560826 heartbeat IPC: 3.905 cumulative IPC: 3.905 (Simulation time: 00 hr 06 min 41 sec)
Heartbeat CPU 0 instructions: 20000006 cycles: 5091942 heartbeat IPC: 3.94 cumulative IPC: 3.928 (Simulation time: 00 hr 13 min 42 sec)
Heartbeat CPU 1 instructions: 20000001 cycles: 5093518 heartbeat IPC: 3.939 cumulative IPC: 3.927 (Simulation time: 00 hr 13 min 42 sec)
Heartbeat CPU 2 instructions: 20000006 cycles: 5094601 heartbeat IPC: 3.94 cumulative IPC: 3.926 (Simulation time: 00 hr 13 min 42 sec)
Heartbeat CPU 3 instructions: 20000001 cycles: 5095176 heartbeat IPC: 3.94 cumulative IPC: 3.925 (Simulation time: 00 hr 13 min 42 sec)
Heartbeat CPU 4 instructions: 20000006 cycles: 5096570 heartbeat IPC: 3.94 cumulative IPC: 3.924 (Simulation time: 00 hr 13 min 43 sec)
Heartbeat CPU 5 instructions: 20000001 cycles: 5097442 heartbeat IPC: 3.94 cumulative IPC: 3.924 (Simulation time: 00 hr 13 min 43 sec)
Heartbeat CPU 6 instructions: 20000001 cycles: 5098363 heartbeat IPC: 3.939 cumulative IPC: 3.923 (Simulation time: 00 hr 13 min 43 sec)
Heartbeat CPU 7 instructions: 20000006 cycles: 5098668 heartbeat IPC: 3.94 cumulative IPC: 3.923 (Simulation time: 00 hr 13 min 43 sec)
Warmup finished CPU 0 instructions: 25000002 cycles: 6376050 cumulative IPC: 3.921 (Simulation time: 00 hr 17 min 08 sec)
Warmup finished CPU 1 instructions: 25000002 cycles: 6377620 cumulative IPC: 3.92 (Simulation time: 00 hr 17 min 08 sec)
Warmup finished CPU 2 instructions: 25000002 cycles: 6378629 cumulative IPC: 3.919 (Simulation time: 00 hr 17 min 08 sec)
Warmup finished CPU 3 instructions: 25000002 cycles: 6379229 cumulative IPC: 3.919 (Simulation time: 00 hr 17 min 08 sec)
Warmup finished CPU 4 instructions: 25000002 cycles: 6380662 cumulative IPC: 3.918 (Simulation time: 00 hr 17 min 09 sec)
Warmup finished CPU 5 instructions: 25000002 cycles: 6381544 cumulative IPC: 3.918 (Simulation time: 00 hr 17 min 09 sec)
Warmup finished CPU 6 instructions: 25000002 cycles: 6382415 cumulative IPC: 3.917 (Simulation time: 00 hr 17 min 09 sec)
Warmup finished CPU 7 instructions: 25000002 cycles: 6382744 cumulative IPC: 3.917 (Simulation time: 00 hr 17 min 09 sec)
Warmup complete CPU 7 instructions: 25000002 cycles: 6382744 cumulative IPC: 3.917 (Simulation time: 00 hr 17 min 09 sec)
Warmup complete CPU 6 instructions: 25001290 cycles: 6382744 cumulative IPC: 3.917 (Simulation time: 00 hr 17 min 09 sec)
Warmup complete CPU 5 instructions: 25004627 cycles: 6382744 cumulative IPC: 3.918 (Simulation time: 00 hr 17 min 09 sec)
Warmup complete CPU 4 instructions: 25008079 cycles: 6382744 cumulative IPC: 3.918 (Simulation time: 00 hr 17 min 09 sec)
Warmup complete CPU 3 instructions: 25013660 cycles: 6382744 cumulative IPC: 3.919 (Simulation time: 00 hr 17 min 09 sec)
Warmup complete CPU 2 instructions: 25016161 cycles: 6382744 cumulative IPC: 3.919 (Simulation time: 00 hr 17 min 09 sec)
Warmup complete CPU 1 instructions: 25020082 cycles: 6382744 cumulative IPC: 3.92 (Simulation time: 00 hr 17 min 09 sec)
Warmup complete CPU 0 instructions: 25026160 cycles: 6382744 cumulative IPC: 3.921 (Simulation time: 00 hr 17 min 09 sec)
Heartbeat CPU 0 instructions: 30000010 cycles: 23197794 heartbeat IPC: 0.5523 cumulative IPC: 0.2958 (Simulation time: 00 hr 34 min 24 sec)
Heartbeat CPU 3 instructions: 30000005 cycles: 23211207 heartbeat IPC: 0.552 cumulative IPC: 0.2963 (Simulation time: 00 hr 34 min 25 sec)
Heartbeat CPU 1 instructions: 30000005 cycles: 23247306 heartbeat IPC: 0.5508 cumulative IPC: 0.2953 (Simulation time: 00 hr 34 min 27 sec)
Heartbeat CPU 6 instructions: 30000005 cycles: 23289529 heartbeat IPC: 0.5497 cumulative IPC: 0.2957 (Simulation time: 00 hr 34 min 29 sec)
Heartbeat CPU 5 instructions: 30000005 cycles: 23308172 heartbeat IPC: 0.5491 cumulative IPC: 0.2951 (Simulation time: 00 hr 34 min 31 sec)
Heartbeat CPU 2 instructions: 30000010 cycles: 23315847 heartbeat IPC: 0.5488 cumulative IPC: 0.2943 (Simulation time: 00 hr 34 min 31 sec)
Heartbeat CPU 7 instructions: 30000010 cycles: 23333599 heartbeat IPC: 0.5484 cumulative IPC: 0.295 (Simulation time: 00 hr 34 min 32 sec)
Heartbeat CPU 4 instructions: 30000010 cycles: 23335602 heartbeat IPC: 0.5483 cumulative IPC: 0.2945 (Simulation time: 00 hr 34 min 32 sec)
Heartbeat CPU 3 instructions: 40000007 cycles: 57549120 heartbeat IPC: 0.2912 cumulative IPC: 0.2929 (Simulation time: 01 hr 10 min 13 sec)
Heartbeat CPU 0 instructions: 40000012 cycles: 57588485 heartbeat IPC: 0.2908 cumulative IPC: 0.2924 (Simulation time: 01 hr 10 min 16 sec)
Heartbeat CPU 1 instructions: 40000007 cycles: 57600482 heartbeat IPC: 0.2911 cumulative IPC: 0.2925 (Simulation time: 01 hr 10 min 16 sec)
Heartbeat CPU 6 instructions: 40000007 cycles: 57601596 heartbeat IPC: 0.2914 cumulative IPC: 0.2928 (Simulation time: 01 hr 10 min 16 sec)
Heartbeat CPU 5 instructions: 40000007 cycles: 57702192 heartbeat IPC: 0.2907 cumulative IPC: 0.2922 (Simulation time: 01 hr 10 min 23 sec)
Heartbeat CPU 2 instructions: 40000012 cycles: 57713818 heartbeat IPC: 0.2907 cumulative IPC: 0.2919 (Simulation time: 01 hr 10 min 23 sec)
Heartbeat CPU 7 instructions: 40000012 cycles: 57721638 heartbeat IPC: 0.2908 cumulative IPC: 0.2922 (Simulation time: 01 hr 10 min 24 sec)
Heartbeat CPU 4 instructions: 40000012 cycles: 57721831 heartbeat IPC: 0.2908 cumulative IPC: 0.292 (Simulation time: 01 hr 10 min 24 sec)
Heartbeat CPU 3 instructions: 50000009 cycles: 91489088 heartbeat IPC: 0.2946 cumulative IPC: 0.2936 (Simulation time: 01 hr 45 min 44 sec)
Heartbeat CPU 0 instructions: 50000014 cycles: 91659065 heartbeat IPC: 0.2935 cumulative IPC: 0.2929 (Simulation time: 01 hr 45 min 54 sec)
Heartbeat CPU 6 instructions: 50000009 cycles: 91700897 heartbeat IPC: 0.2933 cumulative IPC: 0.293 (Simulation time: 01 hr 45 min 57 sec)
Heartbeat CPU 1 instructions: 50000009 cycles: 91712871 heartbeat IPC: 0.2931 cumulative IPC: 0.2927 (Simulation time: 01 hr 45 min 58 sec)
Heartbeat CPU 5 instructions: 50000009 cycles: 91733022 heartbeat IPC: 0.2939 cumulative IPC: 0.2929 (Simulation time: 01 hr 45 min 59 sec)
Heartbeat CPU 2 instructions: 50000014 cycles: 91762719 heartbeat IPC: 0.2937 cumulative IPC: 0.2926 (Simulation time: 01 hr 46 min 01 sec)
Heartbeat CPU 7 instructions: 50000014 cycles: 91819616 heartbeat IPC: 0.2933 cumulative IPC: 0.2926 (Simulation time: 01 hr 46 min 04 sec)
Heartbeat CPU 4 instructions: 50000014 cycles: 91873583 heartbeat IPCslurmstepd: error: *** JOB 3599739 ON atl1-1-03-003-9-2 CANCELLED AT 2025-04-07T23:59:07 ***
---------------------------------------
Begin Slurm Epilog: Apr-07-2025 23:59:09
Job ID:        3599739
User ID:       svittal8
Account:       gts-mqureshi4-rg
Job name:      wrap
Resources:     cpu=1,mem=4G,node=1
Rsrc Used:     cput=04:34:14,vmem=0,walltime=04:34:14,mem=168656K,energy_used=0
Partition:     cpu-small
QOS:           inferno
Nodes:         atl1-1-03-003-9-2
---------------------------------------
