---------------------------------------
Begin Slurm Prolog: Apr-07-2025 19:25:25
Job ID:    3599746
User ID:   svittal8
Account:   gts-mqureshi4-rg
Job name:  wrap
Partition: cpu-small
QOS:       inferno
---------------------------------------
[VMEM] WARNING: physical memory size is smaller than virtual memory size.

*** ChampSim Multicore Out-of-Order Simulator ***
Warmup Instructions: 25000000
Simulation Instructions: 100000000
Number of CPUs: 8
Page size: 2097152

CL :	 16.64 ns
CWL :	 15.808 ns
tRP :	 16.224 ns
tRCD :	 16.224 ns
tRAS :	 32.032000000000004 ns
tRTP :	 7.904 ns
tWR :	 30.368000000000002 ns

tCCD_S :	 3.3280000000000003 ns
tCCD_S_WR :	 3.3280000000000003 ns
tCCD_S_WTR :	 22.048000000000002 ns
tCCD_L :	 5.408 ns
tCCD_L_WR :	 20.384 ns
tCCD_L_WTR :	 29.536 ns
tRRD_S :	 3.3280000000000003 ns
tRRD_L :	 5.408 ns
tFAW :	 13.728 ns
Address mapping (perm = 1) 	ch co bg bg bg ba ba co co co co co co ro ro ro ro ro ro ro ro ro ro ro ro ro ro ro 
dram queue size: R = 64 W = 48 (low:high is 9:39)
Heartbeat CPU 6 instructions: 10000000 cycles: 2810880 heartbeat IPC: 3.558 cumulative IPC: 3.558 (Simulation time: 00 hr 07 min 19 sec)
Heartbeat CPU 3 instructions: 10000000 cycles: 3063139 heartbeat IPC: 3.265 cumulative IPC: 3.265 (Simulation time: 00 hr 07 min 58 sec)
Heartbeat CPU 0 instructions: 10000000 cycles: 3087132 heartbeat IPC: 3.239 cumulative IPC: 3.239 (Simulation time: 00 hr 08 min 02 sec)
Heartbeat CPU 4 instructions: 10000000 cycles: 3436473 heartbeat IPC: 2.91 cumulative IPC: 2.91 (Simulation time: 00 hr 08 min 56 sec)
Heartbeat CPU 7 instructions: 10000000 cycles: 3446344 heartbeat IPC: 2.902 cumulative IPC: 2.902 (Simulation time: 00 hr 08 min 58 sec)
Heartbeat CPU 1 instructions: 10000000 cycles: 3448399 heartbeat IPC: 2.9 cumulative IPC: 2.9 (Simulation time: 00 hr 08 min 58 sec)
Heartbeat CPU 5 instructions: 10000000 cycles: 3467611 heartbeat IPC: 2.884 cumulative IPC: 2.884 (Simulation time: 00 hr 09 min 01 sec)
Heartbeat CPU 2 instructions: 10000000 cycles: 3473412 heartbeat IPC: 2.879 cumulative IPC: 2.879 (Simulation time: 00 hr 09 min 02 sec)
Heartbeat CPU 6 instructions: 20000004 cycles: 5692424 heartbeat IPC: 3.47 cumulative IPC: 3.513 (Simulation time: 00 hr 14 min 45 sec)
Heartbeat CPU 3 instructions: 20000002 cycles: 6468216 heartbeat IPC: 2.937 cumulative IPC: 3.092 (Simulation time: 00 hr 16 min 58 sec)
Heartbeat CPU 0 instructions: 20000002 cycles: 6666203 heartbeat IPC: 2.794 cumulative IPC: 3 (Simulation time: 00 hr 17 min 31 sec)
Warmup finished CPU 6 instructions: 25000004 cycles: 6986777 cumulative IPC: 3.578 (Simulation time: 00 hr 18 min 26 sec)
Heartbeat CPU 7 instructions: 20000002 cycles: 6989788 heartbeat IPC: 2.822 cumulative IPC: 2.861 (Simulation time: 00 hr 18 min 27 sec)
Heartbeat CPU 4 instructions: 20000002 cycles: 7170790 heartbeat IPC: 2.678 cumulative IPC: 2.789 (Simulation time: 00 hr 18 min 58 sec)
Heartbeat CPU 1 instructions: 20000002 cycles: 7182267 heartbeat IPC: 2.678 cumulative IPC: 2.785 (Simulation time: 00 hr 19 min 00 sec)
Heartbeat CPU 2 instructions: 20000001 cycles: 7274330 heartbeat IPC: 2.631 cumulative IPC: 2.749 (Simulation time: 00 hr 19 min 16 sec)
Heartbeat CPU 5 instructions: 20000001 cycles: 7299819 heartbeat IPC: 2.609 cumulative IPC: 2.74 (Simulation time: 00 hr 19 min 20 sec)
Warmup finished CPU 3 instructions: 25000004 cycles: 7739937 cumulative IPC: 3.23 (Simulation time: 00 hr 20 min 36 sec)
Warmup finished CPU 0 instructions: 25000004 cycles: 7950567 cumulative IPC: 3.144 (Simulation time: 00 hr 21 min 13 sec)
Heartbeat CPU 6 instructions: 30000005 cycles: 8312019 heartbeat IPC: 3.817 cumulative IPC: 3.609 (Simulation time: 00 hr 22 min 16 sec)
Warmup finished CPU 7 instructions: 25000000 cycles: 8479382 cumulative IPC: 2.948 (Simulation time: 00 hr 22 min 44 sec)
Warmup finished CPU 1 instructions: 25000000 cycles: 8657431 cumulative IPC: 2.888 (Simulation time: 00 hr 23 min 15 sec)
Warmup finished CPU 4 instructions: 25000000 cycles: 8658607 cumulative IPC: 2.887 (Simulation time: 00 hr 23 min 15 sec)
Warmup finished CPU 2 instructions: 25000002 cycles: 8754456 cumulative IPC: 2.856 (Simulation time: 00 hr 23 min 32 sec)
Warmup finished CPU 5 instructions: 25000000 cycles: 8773317 cumulative IPC: 2.85 (Simulation time: 00 hr 23 min 35 sec)
Warmup complete CPU 7 instructions: 25983011 cycles: 8773317 cumulative IPC: 2.962 (Simulation time: 00 hr 23 min 35 sec)
Warmup complete CPU 6 instructions: 31747337 cycles: 8773317 cumulative IPC: 3.619 (Simulation time: 00 hr 23 min 35 sec)
Warmup complete CPU 5 instructions: 25000000 cycles: 8773317 cumulative IPC: 2.85 (Simulation time: 00 hr 23 min 35 sec)
Warmup complete CPU 4 instructions: 25369174 cycles: 8773317 cumulative IPC: 2.892 (Simulation time: 00 hr 23 min 35 sec)
Warmup complete CPU 3 instructions: 28949673 cycles: 8773317 cumulative IPC: 3.3 (Simulation time: 00 hr 23 min 35 sec)
Warmup complete CPU 2 instructions: 25057268 cycles: 8773317 cumulative IPC: 2.856 (Simulation time: 00 hr 23 min 35 sec)
Warmup complete CPU 1 instructions: 25376176 cycles: 8773317 cumulative IPC: 2.892 (Simulation time: 00 hr 23 min 35 sec)
Warmup complete CPU 0 instructions: 28177982 cycles: 8773317 cumulative IPC: 3.212 (Simulation time: 00 hr 23 min 35 sec)
Heartbeat CPU 3 instructions: 30000004 cycles: 10639940 heartbeat IPC: 2.397 cumulative IPC: 0.5627 (Simulation time: 00 hr 26 min 05 sec)
Heartbeat CPU 0 instructions: 30000004 cycles: 12134787 heartbeat IPC: 1.829 cumulative IPC: 0.542 (Simulation time: 00 hr 28 min 05 sec)
Heartbeat CPU 7 instructions: 30000004 cycles: 15342821 heartbeat IPC: 1.197 cumulative IPC: 0.6115 (Simulation time: 00 hr 32 min 26 sec)
Heartbeat CPU 1 instructions: 30000004 cycles: 16308821 heartbeat IPC: 1.096 cumulative IPC: 0.6136 (Simulation time: 00 hr 33 min 46 sec)
Heartbeat CPU 4 instructions: 30000002 cycles: 16366792 heartbeat IPC: 1.087 cumulative IPC: 0.6098 (Simulation time: 00 hr 33 min 51 sec)
Heartbeat CPU 2 instructions: 30000004 cycles: 16661887 heartbeat IPC: 1.065 cumulative IPC: 0.6266 (Simulation time: 00 hr 34 min 15 sec)
Heartbeat CPU 5 instructions: 30000004 cycles: 16806079 heartbeat IPC: 1.052 cumulative IPC: 0.6225 (Simulation time: 00 hr 34 min 27 sec)
Heartbeat CPU 6 instructions: 40000005 cycles: 29258328 heartbeat IPC: 0.4774 cumulative IPC: 0.4029 (Simulation time: 00 hr 50 min 45 sec)
Heartbeat CPU 3 instructions: 40000005 cycles: 34839618 heartbeat IPC: 0.4132 cumulative IPC: 0.4239 (Simulation time: 00 hr 56 min 46 sec)
Heartbeat CPU 0 instructions: 40000005 cycles: 36150892 heartbeat IPC: 0.4164 cumulative IPC: 0.4318 (Simulation time: 00 hr 58 min 11 sec)
Heartbeat CPU 7 instructions: 40000005 cycles: 40207044 heartbeat IPC: 0.4022 cumulative IPC: 0.4459 (Simulation time: 01 hr 02 min 39 sec)
Heartbeat CPU 1 instructions: 40000005 cycles: 41063867 heartbeat IPC: 0.404 cumulative IPC: 0.4529 (Simulation time: 01 hr 03 min 38 sec)
Heartbeat CPU 4 instructions: 40000005 cycles: 41149613 heartbeat IPC: 0.4035 cumulative IPC: 0.4519 (Simulation time: 01 hr 03 min 43 sec)
Heartbeat CPU 2 instructions: 40000005 cycles: 41440526 heartbeat IPC: 0.4036 cumulative IPC: 0.4574 (Simulation time: 01 hr 04 min 03 sec)
Heartbeat CPU 5 instructions: 40000005 cycles: 41679119 heartbeat IPC: 0.402 cumulative IPC: 0.4558 (Simulation time: 01 hr 04 min 21 sec)
Heartbeat CPU 6 instructions: 50000005 cycles: 53345808 heartbeat IPC: 0.4152 cumulative IPC: 0.4095 (Simulation time: 01 hr 19 min 06 sec)
Heartbeat CPU 3 instructions: 50000005 cycles: 57029609 heartbeat IPC: 0.4507 cumulative IPC: 0.4362 (Simulation time: 01 hr 23 min 42 sec)
Heartbeat CPU 0 instructions: 50000005 cycles: 57910624 heartbeat IPC: 0.4596 cumulative IPC: 0.4441 (Simulation time: 01 hr 24 min 46 sec)
Heartbeat CPU 7 instructions: 50000005 cycles: 61716761 heartbeat IPC: 0.4649 cumulative IPC: 0.4536 (Simulation time: 01 hr 29 min 15 sec)
Heartbeat CPU 1 instructions: 50000005 cycles: 62440216 heartbeat IPC: 0.4678 cumulative IPC: 0.4588 (Simulation time: 01 hr 30 min 05 sec)
Heartbeat CPU 4 instructions: 50000005 cycles: 62529923 heartbeat IPC: 0.4677 cumulative IPC: 0.4582 (Simulation time: 01 hr 30 min 12 sec)
Heartbeat CPU 2 instructions: 50000005 cycles: 62925013 heartbeat IPC: 0.4655 cumulative IPC: 0.4606 (Simulation time: 01 hr 30 min 40 sec)
Heartbeat CPU 5 instructions: 50000005 cycles: 63118508 heartbeat IPC: 0.4664 cumulatslurmstepd: error: *** JOB 3599746 ON atl1-1-02-017-21-2 CANCELLED AT 2025-04-07T23:59:07 ***
---------------------------------------
Begin Slurm Epilog: Apr-07-2025 23:59:09
Job ID:        3599746
User ID:       svittal8
Account:       gts-mqureshi4-rg
Job name:      wrap
Resources:     cpu=1,mem=4G,node=1
Rsrc Used:     cput=04:33:43,vmem=0,walltime=04:33:43,mem=179548K,energy_used=0
Partition:     cpu-small
QOS:           inferno
Nodes:         atl1-1-02-017-21-2
---------------------------------------
