---------------------------------------
Begin Slurm Prolog: Apr-07-2025 19:24:53
Job ID:    3599742
User ID:   svittal8
Account:   gts-mqureshi4-rg
Job name:  wrap
Partition: cpu-small
QOS:       inferno
---------------------------------------
[VMEM] WARNING: physical memory size is smaller than virtual memory size.

*** ChampSim Multicore Out-of-Order Simulator ***
Warmup Instructions: 25000000
Simulation Instructions: 100000000
Number of CPUs: 8
Page size: 2097152

CL :	 16.64 ns
CWL :	 15.808 ns
tRP :	 16.224 ns
tRCD :	 16.224 ns
tRAS :	 32.032000000000004 ns
tRTP :	 7.904 ns
tWR :	 30.368000000000002 ns

tCCD_S :	 3.3280000000000003 ns
tCCD_S_WR :	 3.3280000000000003 ns
tCCD_S_WTR :	 22.048000000000002 ns
tCCD_L :	 5.408 ns
tCCD_L_WR :	 20.384 ns
tCCD_L_WTR :	 29.536 ns
tRRD_S :	 3.3280000000000003 ns
tRRD_L :	 5.408 ns
tFAW :	 13.728 ns
Address mapping (perm = 1) 	ch co bg bg bg ba ba co co co co co co ro ro ro ro ro ro ro ro ro ro ro ro ro ro ro 
dram queue size: R = 64 W = 48 (low:high is 9:39)
Heartbeat CPU 0 instructions: 10000003 cycles: 4648989 heartbeat IPC: 2.151 cumulative IPC: 2.151 (Simulation time: 00 hr 10 min 54 sec)
Heartbeat CPU 1 instructions: 10000003 cycles: 4719102 heartbeat IPC: 2.119 cumulative IPC: 2.119 (Simulation time: 00 hr 11 min 04 sec)
Heartbeat CPU 2 instructions: 10000001 cycles: 4756759 heartbeat IPC: 2.102 cumulative IPC: 2.102 (Simulation time: 00 hr 11 min 09 sec)
Heartbeat CPU 3 instructions: 10000004 cycles: 4792987 heartbeat IPC: 2.086 cumulative IPC: 2.086 (Simulation time: 00 hr 11 min 14 sec)
Heartbeat CPU 4 instructions: 10000003 cycles: 4809274 heartbeat IPC: 2.079 cumulative IPC: 2.079 (Simulation time: 00 hr 11 min 17 sec)
Heartbeat CPU 5 instructions: 10000003 cycles: 4834204 heartbeat IPC: 2.069 cumulative IPC: 2.069 (Simulation time: 00 hr 11 min 20 sec)
Heartbeat CPU 6 instructions: 10000002 cycles: 4846740 heartbeat IPC: 2.063 cumulative IPC: 2.063 (Simulation time: 00 hr 11 min 22 sec)
Heartbeat CPU 7 instructions: 10000002 cycles: 4863846 heartbeat IPC: 2.056 cumulative IPC: 2.056 (Simulation time: 00 hr 11 min 25 sec)
Heartbeat CPU 0 instructions: 20000004 cycles: 9789596 heartbeat IPC: 1.945 cumulative IPC: 2.043 (Simulation time: 00 hr 22 min 46 sec)
Heartbeat CPU 1 instructions: 20000004 cycles: 9856040 heartbeat IPC: 1.947 cumulative IPC: 2.029 (Simulation time: 00 hr 22 min 56 sec)
Heartbeat CPU 2 instructions: 20000004 cycles: 9911272 heartbeat IPC: 1.94 cumulative IPC: 2.018 (Simulation time: 00 hr 23 min 04 sec)
Heartbeat CPU 3 instructions: 20000004 cycles: 9952662 heartbeat IPC: 1.938 cumulative IPC: 2.01 (Simulation time: 00 hr 23 min 09 sec)
Heartbeat CPU 4 instructions: 20000004 cycles: 9987123 heartbeat IPC: 1.931 cumulative IPC: 2.003 (Simulation time: 00 hr 23 min 14 sec)
Heartbeat CPU 5 instructions: 20000004 cycles: 10019835 heartbeat IPC: 1.928 cumulative IPC: 1.996 (Simulation time: 00 hr 23 min 19 sec)
Heartbeat CPU 6 instructions: 20000004 cycles: 10039220 heartbeat IPC: 1.926 cumulative IPC: 1.992 (Simulation time: 00 hr 23 min 22 sec)
Heartbeat CPU 7 instructions: 20000004 cycles: 10054892 heartbeat IPC: 1.926 cumulative IPC: 1.989 (Simulation time: 00 hr 23 min 24 sec)
Warmup finished CPU 0 instructions: 25000000 cycles: 12212339 cumulative IPC: 2.047 (Simulation time: 00 hr 28 min 27 sec)
Warmup finished CPU 1 instructions: 25000000 cycles: 12257226 cumulative IPC: 2.04 (Simulation time: 00 hr 28 min 34 sec)
Warmup finished CPU 2 instructions: 25000001 cycles: 12302113 cumulative IPC: 2.032 (Simulation time: 00 hr 28 min 41 sec)
Warmup finished CPU 3 instructions: 25000002 cycles: 12335490 cumulative IPC: 2.027 (Simulation time: 00 hr 28 min 46 sec)
Warmup finished CPU 4 instructions: 25000001 cycles: 12369529 cumulative IPC: 2.021 (Simulation time: 00 hr 28 min 51 sec)
Warmup finished CPU 5 instructions: 25000000 cycles: 12396799 cumulative IPC: 2.017 (Simulation time: 00 hr 28 min 56 sec)
Warmup finished CPU 6 instructions: 25000000 cycles: 12428974 cumulative IPC: 2.011 (Simulation time: 00 hr 29 min 01 sec)
Warmup finished CPU 7 instructions: 25000000 cycles: 12453442 cumulative IPC: 2.007 (Simulation time: 00 hr 29 min 04 sec)
Warmup complete CPU 7 instructions: 25000000 cycles: 12453442 cumulative IPC: 2.007 (Simulation time: 00 hr 29 min 04 sec)
Warmup complete CPU 6 instructions: 25097872 cycles: 12453442 cumulative IPC: 2.015 (Simulation time: 00 hr 29 min 04 sec)
Warmup complete CPU 5 instructions: 25226572 cycles: 12453442 cumulative IPC: 2.026 (Simulation time: 00 hr 29 min 04 sec)
Warmup complete CPU 4 instructions: 25318033 cycles: 12453442 cumulative IPC: 2.033 (Simulation time: 00 hr 29 min 04 sec)
Warmup complete CPU 3 instructions: 25419894 cycles: 12453442 cumulative IPC: 2.041 (Simulation time: 00 hr 29 min 04 sec)
Warmup complete CPU 2 instructions: 25490810 cycles: 12453442 cumulative IPC: 2.047 (Simulation time: 00 hr 29 min 04 sec)
Warmup complete CPU 1 instructions: 25605617 cycles: 12453442 cumulative IPC: 2.056 (Simulation time: 00 hr 29 min 04 sec)
Warmup complete CPU 0 instructions: 25774180 cycles: 12453442 cumulative IPC: 2.07 (Simulation time: 00 hr 29 min 04 sec)
Heartbeat CPU 0 instructions: 30000007 cycles: 27589455 heartbeat IPC: 0.5618 cumulative IPC: 0.2792 (Simulation time: 00 hr 45 min 37 sec)
Heartbeat CPU 1 instructions: 30000006 cycles: 28248595 heartbeat IPC: 0.5437 cumulative IPC: 0.2782 (Simulation time: 00 hr 46 min 20 sec)
Heartbeat CPU 2 instructions: 30000006 cycles: 28664204 heartbeat IPC: 0.5333 cumulative IPC: 0.2782 (Simulation time: 00 hr 46 min 46 sec)
Heartbeat CPU 3 instructions: 30000006 cycles: 28993346 heartbeat IPC: 0.5252 cumulative IPC: 0.2769 (Simulation time: 00 hr 47 min 07 sec)
Heartbeat CPU 4 instructions: 30000006 cycles: 29243600 heartbeat IPC: 0.5193 cumulative IPC: 0.2789 (Simulation time: 00 hr 47 min 23 sec)
Heartbeat CPU 5 instructions: 30000008 cycles: 29419853 heartbeat IPC: 0.5155 cumulative IPC: 0.2813 (Simulation time: 00 hr 47 min 35 sec)
Heartbeat CPU 6 instructions: 30000004 cycles: 29578680 heartbeat IPC: 0.5118 cumulative IPC: 0.2863 (Simulation time: 00 hr 47 min 45 sec)
Heartbeat CPU 7 instructions: 30000006 cycles: 29750954 heartbeat IPC: 0.5077 cumulative IPC: 0.2891 (Simulation time: 00 hr 47 min 56 sec)
Heartbeat CPU 0 instructions: 40000008 cycles: 63756307 heartbeat IPC: 0.2765 cumulative IPC: 0.2773 (Simulation time: 01 hr 24 min 36 sec)
Heartbeat CPU 1 instructions: 40000006 cycles: 64204616 heartbeat IPC: 0.2781 cumulative IPC: 0.2781 (Simulation time: 01 hr 25 min 05 sec)
Heartbeat CPU 2 instructions: 40000007 cycles: 64638759 heartbeat IPC: 0.278 cumulative IPC: 0.278 (Simulation time: 01 hr 25 min 33 sec)
Heartbeat CPU 3 instructions: 40000007 cycles: 65021632 heartbeat IPC: 0.2776 cumulative IPC: 0.2774 (Simulation time: 01 hr 25 min 58 sec)
Heartbeat CPU 4 instructions: 40000007 cycles: 65139600 heartbeat IPC: 0.2786 cumulative IPC: 0.2787 (Simulation time: 01 hr 26 min 06 sec)
Heartbeat CPU 5 instructions: 40000011 cycles: 65458529 heartbeat IPC: 0.2775 cumulative IPC: 0.2787 (Simulation time: 01 hr 26 min 27 sec)
Heartbeat CPU 6 instructions: 40000004 cycles: 65566120 heartbeat IPC: 0.2779 cumulative IPC: 0.2806 (Simulation time: 01 hr 26 min 34 sec)
Heartbeat CPU 7 instructions: 40000008 cycles: 65757915 heartbeat IPC: 0.2777 cumulative IPC: 0.2814 (Simulation time: 01 hr 26 min 47 sec)
Heartbeat CPU 0 instructions: 50000012 cycles: 100417607 heartbeat IPC: 0.2728 cumulative IPC: 0.2754 (Simulation time: 02 hr 04 min 02 sec)
Heartbeat CPU 1 instructions: 50000007 cycles: 100665297 heartbeat IPC: 0.2743 cumulative IPC: 0.2765 (Simulation time: 02 hr 04 min 17 sec)
Heartbeat CPU 2 instructions: 50000007 cycles: 101140478 heartbeat IPC: 0.274 cumulative IPC: 0.2764 (Simulation time: 02 hr 04 min 48 sec)
Heartbeat CPU 4 instructions: 50000007 cycles: 101632976 heartbeat IPC: 0.274 cumulative IPC: 0.2768 (Simulation time: 02 hr 05 min 19 sec)
Heartbeat CPU 3 instructions: 50000011 cycles: 101699732 heartbeat IPC: 0.2726 cumulative IPC: 0.2754 (Simulation time: 02 hr 05 min 23 sec)
Heartbeat CPU 5 instructions: 50000012 cycles: 102086342 heartbeat IPC: 0.273 cumulative IPC: 0.2764 (Simulation time: 02 hr 05 min 48 sec)
Heartbeat CPU 6 instructions: 50000007 cycles: 102342107 heartbeat IPC: 0.2719 cumulative IPC: 0.277 (Simulation time: 02 hr 06 min 05 sec)
Heartbeat CPU 7 instructions: 50000012 slurmstepd: error: *** JOB 3599742 ON atl1-1-02-014-17-2 CANCELLED AT 2025-04-07T23:59:07 ***
---------------------------------------
Begin Slurm Epilog: Apr-07-2025 23:59:09
Job ID:        3599742
User ID:       svittal8
Account:       gts-mqureshi4-rg
Job name:      wrap
Resources:     cpu=1,mem=4G,node=1
Rsrc Used:     cput=04:34:14,vmem=0,walltime=04:34:14,mem=173396K,energy_used=0
Partition:     cpu-small
QOS:           inferno
Nodes:         atl1-1-02-014-17-2
---------------------------------------
