[VMEM] WARNING: physical memory size is smaller than virtual memory size.

*** ChampSim Multicore Out-of-Order Simulator ***
Warmup Instructions: 25000000
Simulation Instructions: 25000000
Number of CPUs: 8
Page size: 2097152

initializing BARD -- num sampled sets: 64, modulus = 256
CL :	 16.64 ns
CWL :	 15.808 ns
tRP :	 16.224 ns
tRCD :	 16.224 ns
tRAS :	 32.032000000000004 ns
tRTP :	 7.904 ns
tWR :	 30.368000000000002 ns

tCCD_S :	 3.3280000000000003 ns
tCCD_S_WR :	 3.3280000000000003 ns
tCCD_S_WTR :	 22.048000000000002 ns
tCCD_L :	 5.408 ns
tCCD_L_WR :	 20.384 ns
tCCD_L_WTR :	 29.536 ns
tRRD_S :	 3.3280000000000003 ns
tRRD_L :	 5.408 ns
tFAW :	 13.728 ns
Address mapping (perm = 1) 	ch co bg bg bg ba ba co co co co co co ro ro ro ro ro ro ro ro ro ro ro ro ro ro ro 
dram queue size: R = 64 W = 48 (low:high is 9:39)
num evicts: 0, p: 0, s: 0 	 max proactive lookup: 15, max shadow lookup: 16
current cycle = 11761, last update cycle = 0, delta = 11761
	load umon |	misses = 44, hits= 1 0 0 0 0 0 0 0 0 0 0 0 0 0 0 5
	write umon |	misses = 0, hits= 0 0 0 0 0 0 0 0 0 0 0 0 0 0 0 0
num evicts: 100000, p: 0, s: 15036 	 max proactive lookup: 0, max shadow lookup: 7
current cycle = 1376354, last update cycle = 0, delta = 1376354
	load umon |	misses = 1242, hits= 248 1 2 4 3 2 7 5 194 2 0 0 0 0 0 5
	write umon |	misses = 216, hits= 0 0 0 0 0 0 2 14 8 8 8 8 8 8 8 8
num evicts: 200000, p: 0, s: 29687 	 max proactive lookup: 0, max shadow lookup: 3
current cycle = 2628902, last update cycle = 0, delta = 2628902
	load umon |	misses = 1665, hits= 675 59 61 9 10 3 12 8 393 16 16 0 0 0 7 5
	write umon |	misses = 389, hits= 6 9 8 4 4 3 5 19 51 50 43 36 34 31 32 32
num evicts: 300000, p: 0, s: 37931 	 max proactive lookup: 0, max shadow lookup: 6
current cycle = 2899886, last update cycle = 0, delta = 2899886
	load umon |	misses = 2065, hits= 762 75 61 9 10 3 13 37 498 19 16 0 0 0 7 5
	write umon |	misses = 713, hits= 6 9 8 6 6 5 11 25 54 56 47 41 40 39 40 37
Heartbeat CPU 0 instructions: 10000003 cycles: 2927256 heartbeat IPC: 3.416 cumulative IPC: 3.416 (Simulation time: 00 hr 13 min 06 sec)
Heartbeat CPU 1 instructions: 10000003 cycles: 2965132 heartbeat IPC: 3.373 cumulative IPC: 3.373 (Simulation time: 00 hr 13 min 18 sec)
Heartbeat CPU 2 instructions: 10000000 cycles: 2970456 heartbeat IPC: 3.366 cumulative IPC: 3.366 (Simulation time: 00 hr 13 min 19 sec)
Heartbeat CPU 3 instructions: 10000003 cycles: 2984747 heartbeat IPC: 3.35 cumulative IPC: 3.35 (Simulation time: 00 hr 13 min 24 sec)
Heartbeat CPU 4 instructions: 10000003 cycles: 2996277 heartbeat IPC: 3.337 cumulative IPC: 3.337 (Simulation time: 00 hr 13 min 27 sec)
Heartbeat CPU 6 instructions: 10000002 cycles: 2996931 heartbeat IPC: 3.337 cumulative IPC: 3.337 (Simulation time: 00 hr 13 min 27 sec)
Heartbeat CPU 5 instructions: 10000003 cycles: 3000976 heartbeat IPC: 3.332 cumulative IPC: 3.332 (Simulation time: 00 hr 13 min 28 sec)
Heartbeat CPU 7 instructions: 10000003 cycles: 3006443 heartbeat IPC: 3.326 cumulative IPC: 3.326 (Simulation time: 00 hr 13 min 29 sec)
num evicts: 400000, p: 0, s: 50844 	 max proactive lookup: 0, max shadow lookup: 6
current cycle = 3974822, last update cycle = 0, delta = 3974822
	load umon |	misses = 2427, hits= 1000 111 71 25 13 10 16 56 763 46 16 2 1 0 7 6
	write umon |	misses = 997, hits= 8 12 9 7 8 6 14 28 97 86 82 71 69 65 64 61
num evicts: 500000, p: 0, s: 61753 	 max proactive lookup: 0, max shadow lookup: 5
current cycle = 4534699, last update cycle = 0, delta = 4534699
	load umon |	misses = 2786, hits= 1093 151 79 35 31 16 33 82 883 63 17 2 2 2 15 7
	write umon |	misses = 1208, hits= 12 22 15 11 10 8 15 34 161 107 98 86 86 74 73 69
num evicts: 600000, p: 0, s: 79640 	 max proactive lookup: 0, max shadow lookup: 5
current cycle = 5163805, last update cycle = 5000012, delta = 163793
	load umon |	misses = 1669, hits= 598 91 48 29 37 22 37 63 481 34 13 12 7 4 13 4
	write umon |	misses = 760, hits= 7 12 10 7 7 6 11 20 92 69 60 53 52 48 50 44
Heartbeat CPU 0 instructions: 20000003 cycles: 5526133 heartbeat IPC: 3.848 cumulative IPC: 3.619 (Simulation time: 00 hr 24 min 56 sec)
Heartbeat CPU 1 instructions: 20000005 cycles: 5635757 heartbeat IPC: 3.744 cumulative IPC: 3.549 (Simulation time: 00 hr 25 min 25 sec)
Heartbeat CPU 2 instructions: 20000001 cycles: 5671946 heartbeat IPC: 3.702 cumulative IPC: 3.526 (Simulation time: 00 hr 25 min 35 sec)
num evicts: 700000, p: 0, s: 98580 	 max proactive lookup: 0, max shadow lookup: 6
current cycle = 5672667, last update cycle = 5000012, delta = 672655
	load umon |	misses = 2025, hits= 657 119 74 48 54 31 50 74 565 40 23 15 10 5 14 5
	write umon |	misses = 1066, hits= 10 14 14 9 10 9 16 24 108 83 76 68 68 56 63 52
Heartbeat CPU 3 instructions: 20000005 cycles: 5694715 heartbeat IPC: 3.69 cumulative IPC: 3.512 (Simulation time: 00 hr 25 min 41 sec)
Heartbeat CPU 4 instructions: 20000006 cycles: 5731921 heartbeat IPC: 3.655 cumulative IPC: 3.489 (Simulation time: 00 hr 25 min 52 sec)
Heartbeat CPU 5 instructions: 20000004 cycles: 5755770 heartbeat IPC: 3.63 cumulative IPC: 3.475 (Simulation time: 00 hr 25 min 59 sec)
Heartbeat CPU 6 instructions: 20000005 cycles: 5770248 heartbeat IPC: 3.606 cumulative IPC: 3.466 (Simulation time: 00 hr 26 min 03 sec)
Heartbeat CPU 7 instructions: 20000005 cycles: 5781116 heartbeat IPC: 3.604 cumulative IPC: 3.46 (Simulation time: 00 hr 26 min 07 sec)
num evicts: 800000, p: 0, s: 116378 	 max proactive lookup: 0, max shadow lookup: 6
current cycle = 6339114, last update cycle = 5000012, delta = 1339102
	load umon |	misses = 2419, hits= 748 150 80 57 64 40 59 95 626 61 35 19 14 8 14 5
	write umon |	misses = 1315, hits= 10 17 17 9 10 11 17 25 130 107 92 83 76 64 70 59
num evicts: 900000, p: 0, s: 133723 	 max proactive lookup: 0, max shadow lookup: 6
current cycle = 6561956, last update cycle = 5000012, delta = 1561944
	load umon |	misses = 2816, hits= 781 165 84 75 88 54 74 109 664 65 37 24 18 9 14 7
	write umon |	misses = 1619, hits= 10 17 17 11 18 14 17 27 133 113 102 90 83 69 71 61
Warmup finished CPU 0 instructions: 25000001 cycles: 6821743 cumulative IPC: 3.665 (Simulation time: 00 hr 30 min 59 sec)
Warmup finished CPU 1 instructions: 25000004 cycles: 6934444 cumulative IPC: 3.605 (Simulation time: 00 hr 31 min 28 sec)
Warmup finished CPU 2 instructions: 25000003 cycles: 6980004 cumulative IPC: 3.582 (Simulation time: 00 hr 31 min 40 sec)
Warmup finished CPU 3 instructions: 25000001 cycles: 7027924 cumulative IPC: 3.557 (Simulation time: 00 hr 31 min 53 sec)
Warmup finished CPU 4 instructions: 25000004 cycles: 7094028 cumulative IPC: 3.524 (Simulation time: 00 hr 32 min 11 sec)
Warmup finished CPU 5 instructions: 25000002 cycles: 7119254 cumulative IPC: 3.512 (Simulation time: 00 hr 32 min 18 sec)
Warmup finished CPU 6 instructions: 25000002 cycles: 7135294 cumulative IPC: 3.504 (Simulation time: 00 hr 32 min 23 sec)
Warmup finished CPU 7 instructions: 25000004 cycles: 7161333 cumulative IPC: 3.491 (Simulation time: 00 hr 32 min 30 sec)
Warmup complete CPU 7 instructions: 25000004 cycles: 7161333 cumulative IPC: 3.491 (Simulation time: 00 hr 32 min 30 sec)
Warmup complete CPU 6 instructions: 25104158 cycles: 7161333 cumulative IPC: 3.506 (Simulation time: 00 hr 32 min 30 sec)
Warmup complete CPU 5 instructions: 25168318 cycles: 7161333 cumulative IPC: 3.514 (Simulation time: 00 hr 32 min 30 sec)
Warmup complete CPU 4 instructions: 25269222 cycles: 7161333 cumulative IPC: 3.529 (Simulation time: 00 hr 32 min 30 sec)
Warmup complete CPU 3 instructions: 25533637 cycles: 7161333 cumulative IPC: 3.565 (Simulation time: 00 hr 32 min 30 sec)
Warmup complete CPU 2 instructions: 25723893 cycles: 7161333 cumulative IPC: 3.592 (Simulation time: 00 hr 32 min 30 sec)
Warmup complete CPU 1 instructions: 25901058 cycles: 7161333 cumulative IPC: 3.617 (Simulation time: 00 hr 32 min 30 sec)
Warmup complete CPU 0 instructions: 26337125 cycles: 7161333 cumulative IPC: 3.678 (Simulation time: 00 hr 32 min 30 sec)
num evicts: 1000000, p: 0, s: 155376 	 max proactive lookup: 0, max shadow lookup: 6
current cycle = 7572859, last update cycle = 5000012, delta = 2572847
	load umon |	misses = 3200, hits= 934 231 97 103 101 69 86 123 778 106 50 37 25 18 14 8
	write umon |	misses = 1841, hits= 10 17 18 13 23 19 21 32 146 141 134 117 107 98 91 76
num evicts: 1100000, p: 0, s: 173304 	 max proactive lookup: 0, max shadow lookup: 6
current cycle = 9533976, last update cycle = 5000012, delta = 4533964
	load umon |	misses = 3556, hits= 974 248 124 120 110 83 90 135 847 141 53 38 25 18 14 8
	write umon |	misses = 2106, hits= 10 19 18 15 23 22 27 43 159 149 147 130 122 108 100 85
num evicts: 1200000, p: 0, s: 196807 	 max proactive lookup: 0, max shadow lookup: 7
current cycle = 11616717, last update cycle = 10000056, delta = 1616661
	load umon |	misses = 2131, hits= 527 143 68 66 63 41 54 74 522 103 33 24 15 15 7 5
	write umon |	misses = 1320, hits= 6 9 12 9 11 11 14 21 79 85 86 78 66 63 53 42
Heartbeat CPU 0 instructions: 30000007 cycles: 11847176 heartbeat IPC: 1.582 cumulative IPC: 0.7817 (Simulation time: 00 hr 42 min 50 sec)
Heartbeat CPU 1 instructions: 30000007 cycles: 11905747 heartbeat IPC: 1.595 cumulative IPC: 0.864 (Simulation time: 00 hr 42 min 58 sec)
Heartbeat CPU 2 instructions: 30000002 cycles: 12073748 heartbeat IPC: 1.562 cumulative IPC: 0.8705 (Simulation time: 00 hr 43 min 19 sec)
Heartbeat CPU 3 instructions: 30000007 cycles: 12292193 heartbeat IPC: 1.516 cumulative IPC: 0.8705 (Simulation time: 00 hr 43 min 44 sec)
Heartbeat CPU 4 instructions: 30000007 cycles: 12378245 heartbeat IPC: 1.505 cumulative IPC: 0.9068 (Simulation time: 00 hr 43 min 53 sec)
Heartbeat CPU 5 instructions: 30000007 cycles: 12398357 heartbeat IPC: 1.505 cumulative IPC: 0.9226 (Simulation time: 00 hr 43 min 55 sec)
Heartbeat CPU 6 instructions: 30000007 cycles: 12452263 heartbeat IPC: 1.497 cumulative IPC: 0.9253 (Simulation time: 00 hr 44 min 01 sec)
Heartbeat CPU 7 instructions: 30000007 cycles: 12465446 heartbeat IPC: 1.496 cumulative IPC: 0.9427 (Simulation time: 00 hr 44 min 03 sec)
num evicts: 1300000, p: 0, s: 216577 	 max proactive lookup: 0, max shadow lookup: 6
current cycle = 14460975, last update cycle = 10000056, delta = 4460919
	load umon |	misses = 2479, hits= 659 161 78 89 83 66 63 86 640 117 39 41 24 22 8 5
	write umon |	misses = 1573, hits= 8 12 18 15 14 17 24 30 101 104 104 100 86 81 71 60
num evicts: 1400000, p: 0, s: 234552 	 max proactive lookup: 0, max shadow lookup: 6
current cycle = 16112830, last update cycle = 15000081, delta = 1112749
	load umon |	misses = 1487, hits= 350 88 42 47 47 41 41 51 439 94 40 45 28 20 5 4
	write umon |	misses = 915, hits= 4 6 9 9 7 11 13 16 64 66 75 71 59 47 40 33
num evicts: 1500000, p: 0, s: 250529 	 max proactive lookup: 0, max shadow lookup: 6
current cycle = 18193642, last update cycle = 15000081, delta = 3193561
	load umon |	misses = 1869, hits= 460 104 60 59 59 65 57 68 563 112 53 98 53 63 6 5
	write umon |	misses = 1166, hits= 7 8 11 13 11 16 16 22 81 80 104 99 83 89 70 52
num evicts: 1600000, p: 0, s: 262195 	 max proactive lookup: 0, max shadow lookup: 6
current cycle = 20585351, last update cycle = 20000088, delta = 585263
	load umon |	misses = 1161, hits= 295 69 34 36 36 39 31 35 346 62 29 53 29 36 4 2
	write umon |	misses = 764, hits= 4 6 7 7 8 10 11 15 46 51 68 66 56 57 47 37
Heartbeat CPU 4 instructions: 40000010 cycles: 20903286 heartbeat IPC: 1.173 cumulative IPC: 1.072 (Simulation time: 01 hr 04 min 21 sec)
Heartbeat CPU 0 instructions: 40000010 cycles: 20983842 heartbeat IPC: 1.094 cumulative IPC: 0.9885 (Simulation time: 01 hr 04 min 37 sec)
Heartbeat CPU 1 instructions: 40000010 cycles: 21013495 heartbeat IPC: 1.098 cumulative IPC: 1.018 (Simulation time: 01 hr 04 min 43 sec)
Heartbeat CPU 2 instructions: 40000005 cycles: 21217067 heartbeat IPC: 1.094 cumulative IPC: 1.016 (Simulation time: 01 hr 05 min 25 sec)
Heartbeat CPU 3 instructions: 40000010 cycles: 21229628 heartbeat IPC: 1.119 cumulative IPC: 1.028 (Simulation time: 01 hr 05 min 27 sec)
Heartbeat CPU 6 instructions: 40000010 cycles: 21372851 heartbeat IPC: 1.121 cumulative IPC: 1.048 (Simulation time: 01 hr 05 min 53 sec)
Heartbeat CPU 7 instructions: 40000010 cycles: 21396620 heartbeat IPC: 1.12 cumulative IPC: 1.054 (Simulation time: 01 hr 05 min 57 sec)
Heartbeat CPU 5 instructions: 40000010 cycles: 21419299 heartbeat IPC: 1.109 cumulative IPC: 1.04 (Simulation time: 01 hr 06 min 01 sec)
num evicts: 1700000, p: 0, s: 278113 	 max proactive lookup: 0, max shadow lookup: 5
current cycle = 22926777, last update cycle = 20000088, delta = 2926689
	load umon |	misses = 1546, hits= 437 89 48 58 39 68 31 40 433 66 29 53 29 36 4 2
	write umon |	misses = 993, hits= 8 13 20 9 11 13 17 26 54 60 87 79 65 65 53 41
num evicts: 1800000, p: 0, s: 290119 	 max proactive lookup: 0, max shadow lookup: 5
current cycle = 24814227, last update cycle = 20000088, delta = 4814139
	load umon |	misses = 1937, hits= 526 121 51 59 40 73 34 44 485 84 31 57 29 40 4 2
	write umon |	misses = 1229, hits= 8 13 20 11 12 14 19 29 60 68 94 88 72 81 62 49
num evicts: 1900000, p: 0, s: 304487 	 max proactive lookup: 0, max shadow lookup: 5
current cycle = 27262804, last update cycle = 25000165, delta = 2262639
	load umon |	misses = 1300, hits= 488 116 55 54 33 58 26 34 405 69 26 50 19 25 2 1
	write umon |	misses = 820, hits= 6 10 11 10 11 10 9 16 48 57 76 91 80 83 54 44
num evicts: 2000000, p: 0, s: 321153 	 max proactive lookup: 0, max shadow lookup: 6
current cycle = 29360757, last update cycle = 25000165, delta = 4360592
	load umon |	misses = 1676, hits= 588 151 62 67 40 67 33 34 463 91 27 59 19 27 2 1
	write umon |	misses = 1074, hits= 6 10 11 10 11 13 12 21 52 65 88 103 85 89 58 46
Heartbeat CPU 1 instructions: 50000011 cycles: 31206577 heartbeat IPC: 0.9811 cumulative IPC: 1.002 (Simulation time: 01 hr 28 min 47 sec)
Heartbeat CPU 4 instructions: 50000011 cycles: 31328660 heartbeat IPC: 0.9592 cumulative IPC: 1.023 (Simulation time: 01 hr 29 min 09 sec)
Heartbeat CPU 0 instructions: 50000011 cycles: 31332840 heartbeat IPC: 0.9663 cumulative IPC: 0.979 (Simulation time: 01 hr 29 min 09 sec)
Heartbeat CPU 3 instructions: 50000011 cycles: 31445300 heartbeat IPC: 0.9789 cumulative IPC: 1.008 (Simulation time: 01 hr 29 min 29 sec)
Simulation finished CPU 4 instructions: 25000003 cycles: 24320671 cumulative IPC: 1.028 (Simulation time: 01 hr 29 min 35 sec)
Heartbeat CPU 2 instructions: 50000006 cycles: 31484761 heartbeat IPC: 0.9739 cumulative IPC: 0.9981 (Simulation time: 01 hr 29 min 36 sec)
Heartbeat CPU 6 instructions: 50000011 cycles: 31669452 heartbeat IPC: 0.9712 cumulative IPC: 1.016 (Simulation time: 01 hr 30 min 05 sec)
Heartbeat CPU 5 instructions: 50000011 cycles: 31694751 heartbeat IPC: 0.9732 cumulative IPC: 1.012 (Simulation time: 01 hr 30 min 08 sec)
Simulation finished CPU 6 instructions: 25000001 cycles: 24582227 cumulative IPC: 1.017 (Simulation time: 01 hr 30 min 15 sec)
Simulation finished CPU 7 instructions: 25000002 cycles: 24597324 cumulative IPC: 1.016 (Simulation time: 01 hr 30 min 17 sec)
Heartbeat CPU 7 instructions: 50000011 cycles: 31758658 heartbeat IPC: 0.9651 cumulative IPC: 1.016 (Simulation time: 01 hr 30 min 17 sec)
Simulation finished CPU 5 instructions: 25000000 cycles: 24650541 cumulative IPC: 1.014 (Simulation time: 01 hr 30 min 25 sec)
num evicts: 2100000, p: 0, s: 339169 	 max proactive lookup: 0, max shadow lookup: 6
current cycle = 32001722, last update cycle = 30000258, delta = 2001464
	load umon |	misses = 1155, hits= 466 107 57 57 36 49 22 23 354 67 16 39 10 22 4 0
	write umon |	misses = 705, hits= 3 6 5 8 9 10 8 14 54 62 65 81 65 82 59 48
Simulation finished CPU 1 instructions: 25000000 cycles: 25244535 cumulative IPC: 0.9903 (Simulation time: 01 hr 31 min 37 sec)
Simulation finished CPU 3 instructions: 25000000 cycles: 25290147 cumulative IPC: 0.9885 (Simulation time: 01 hr 31 min 43 sec)
Simulation finished CPU 2 instructions: 25000003 cycles: 25493224 cumulative IPC: 0.9807 (Simulation time: 01 hr 32 min 15 sec)
Simulation finished CPU 0 instructions: 25000003 cycles: 25526384 cumulative IPC: 0.9794 (Simulation time: 01 hr 32 min 22 sec)
Simulation complete CPU 7 instructions: 25547970 cycles: 25526384 cumulative IPC: 1.001 (Simulation time: 01 hr 32 min 22 sec)
Simulation complete CPU 6 instructions: 25458201 cycles: 25526384 cumulative IPC: 0.9973 (Simulation time: 01 hr 32 min 22 sec)
Simulation complete CPU 5 instructions: 25391176 cycles: 25526384 cumulative IPC: 0.9947 (Simulation time: 01 hr 32 min 22 sec)
Simulation complete CPU 4 instructions: 26095609 cycles: 25526384 cumulative IPC: 1.022 (Simulation time: 01 hr 32 min 22 sec)
Simulation complete CPU 3 instructions: 25333615 cycles: 25526384 cumulative IPC: 0.9924 (Simulation time: 01 hr 32 min 22 sec)
Simulation complete CPU 2 instructions: 25119584 cycles: 25526384 cumulative IPC: 0.9841 (Simulation time: 01 hr 32 min 22 sec)
Simulation complete CPU 1 instructions: 25655649 cycles: 25526384 cumulative IPC: 1.005 (Simulation time: 01 hr 32 min 22 sec)
Simulation complete CPU 0 instructions: 25000003 cycles: 25526384 cumulative IPC: 0.9794 (Simulation time: 01 hr 32 min 22 sec)

ChampSim completed all CPUs

=== Simulation ===
CPU 0 runs TRACES/ctf/spec2017/627.cam4_s-490B.champsimtrace.xz
CPU 1 runs TRACES/ctf/spec2017/627.cam4_s-490B.champsimtrace.xz
CPU 2 runs TRACES/ctf/spec2017/627.cam4_s-490B.champsimtrace.xz
CPU 3 runs TRACES/ctf/spec2017/627.cam4_s-490B.champsimtrace.xz
CPU 4 runs TRACES/ctf/spec2017/627.cam4_s-490B.champsimtrace.xz
CPU 5 runs TRACES/ctf/spec2017/627.cam4_s-490B.champsimtrace.xz
CPU 6 runs TRACES/ctf/spec2017/627.cam4_s-490B.champsimtrace.xz
CPU 7 runs TRACES/ctf/spec2017/627.cam4_s-490B.champsimtrace.xz

Total Simulation Statistics (not including warmup)

CPU 7 cumulative IPC: 1.001 instructions: 25547970 cycles: 25526384
CPU 7 Branch Prediction Accuracy: 100% MPKI: 0 Average ROB Occupancy at Mispredict: -
Branch type MPKI
BRANCH_DIRECT_JUMP: 0
BRANCH_INDIRECT: 0
BRANCH_CONDITIONAL: 0
BRANCH_DIRECT_CALL: 0
BRANCH_INDIRECT_CALL: 0
BRANCH_RETURN: 0


CPU 6 cumulative IPC: 0.9973 instructions: 25458201 cycles: 25526384
CPU 6 Branch Prediction Accuracy: 100% MPKI: 0 Average ROB Occupancy at Mispredict: -
Branch type MPKI
BRANCH_DIRECT_JUMP: 0
BRANCH_INDIRECT: 0
BRANCH_CONDITIONAL: 0
BRANCH_DIRECT_CALL: 0
BRANCH_INDIRECT_CALL: 0
BRANCH_RETURN: 0


CPU 5 cumulative IPC: 0.9947 instructions: 25391176 cycles: 25526384
CPU 5 Branch Prediction Accuracy: 100% MPKI: 0 Average ROB Occupancy at Mispredict: -
Branch type MPKI
BRANCH_DIRECT_JUMP: 0
BRANCH_INDIRECT: 0
BRANCH_CONDITIONAL: 0
BRANCH_DIRECT_CALL: 0
BRANCH_INDIRECT_CALL: 0
BRANCH_RETURN: 0


CPU 4 cumulative IPC: 1.022 instructions: 26095609 cycles: 25526384
CPU 4 Branch Prediction Accuracy: 100% MPKI: 0 Average ROB Occupancy at Mispredict: -
Branch type MPKI
BRANCH_DIRECT_JUMP: 0
BRANCH_INDIRECT: 0
BRANCH_CONDITIONAL: 0
BRANCH_DIRECT_CALL: 0
BRANCH_INDIRECT_CALL: 0
BRANCH_RETURN: 0


CPU 3 cumulative IPC: 0.9924 instructions: 25333615 cycles: 25526384
CPU 3 Branch Prediction Accuracy: 100% MPKI: 0 Average ROB Occupancy at Mispredict: -
Branch type MPKI
BRANCH_DIRECT_JUMP: 0
BRANCH_INDIRECT: 0
BRANCH_CONDITIONAL: 0
BRANCH_DIRECT_CALL: 0
BRANCH_INDIRECT_CALL: 0
BRANCH_RETURN: 0


CPU 2 cumulative IPC: 0.9841 instructions: 25119584 cycles: 25526384
CPU 2 Branch Prediction Accuracy: 100% MPKI: 0 Average ROB Occupancy at Mispredict: -
Branch type MPKI
BRANCH_DIRECT_JUMP: 0
BRANCH_INDIRECT: 0
BRANCH_CONDITIONAL: 0
BRANCH_DIRECT_CALL: 0
BRANCH_INDIRECT_CALL: 0
BRANCH_RETURN: 0


CPU 1 cumulative IPC: 1.005 instructions: 25655649 cycles: 25526384
CPU 1 Branch Prediction Accuracy: 100% MPKI: 0 Average ROB Occupancy at Mispredict: -
Branch type MPKI
BRANCH_DIRECT_JUMP: 0
BRANCH_INDIRECT: 0
BRANCH_CONDITIONAL: 0
BRANCH_DIRECT_CALL: 0
BRANCH_INDIRECT_CALL: 0
BRANCH_RETURN: 0


CPU 0 cumulative IPC: 0.9794 instructions: 25000003 cycles: 25526384
CPU 0 Branch Prediction Accuracy: 100% MPKI: 0 Average ROB Occupancy at Mispredict: -
Branch type MPKI
BRANCH_DIRECT_JUMP: 0
BRANCH_INDIRECT: 0
BRANCH_CONDITIONAL: 0
BRANCH_DIRECT_CALL: 0
BRANCH_INDIRECT_CALL: 0
BRANCH_RETURN: 0

cpu7->cpu7_L2C TOTAL        ACCESS:     659416 HIT:     370437 MISS:     288979 MSHR_MERGE:          0
cpu7->cpu7_L2C LOAD         ACCESS:     328059 HIT:     167517 MISS:     160542 MSHR_MERGE:          0
cpu7->cpu7_L2C RFO          ACCESS:     135405 HIT:       7015 MISS:     128390 MSHR_MERGE:          0
cpu7->cpu7_L2C PREFETCH     ACCESS:          0 HIT:          0 MISS:          0 MSHR_MERGE:          0
cpu7->cpu7_L2C WRITE        ACCESS:     195952 HIT:     195905 MISS:         47 MSHR_MERGE:          0
cpu7->cpu7_L2C TRANSLATION  ACCESS:          0 HIT:          0 MISS:          0 MSHR_MERGE:          0
cpu7->cpu7_L2C PREFETCH REQUESTED:          0 ISSUED:          0 USEFUL:          0 USELESS:          0
cpu7->cpu7_L2C AVERAGE MISS LATENCY: 193.6 cycles
cpu7->cpu7_L1I TOTAL        ACCESS:    4866076 HIT:    4864510 MISS:       1566 MSHR_MERGE:       1065
cpu7->cpu7_L1I LOAD         ACCESS:    4866076 HIT:    4864510 MISS:       1566 MSHR_MERGE:       1065
cpu7->cpu7_L1I RFO          ACCESS:          0 HIT:          0 MISS:          0 MSHR_MERGE:          0
cpu7->cpu7_L1I PREFETCH     ACCESS:          0 HIT:          0 MISS:          0 MSHR_MERGE:          0
cpu7->cpu7_L1I WRITE        ACCESS:          0 HIT:          0 MISS:          0 MSHR_MERGE:          0
cpu7->cpu7_L1I TRANSLATION  ACCESS:          0 HIT:          0 MISS:          0 MSHR_MERGE:          0
cpu7->cpu7_L1I PREFETCH REQUESTED:          0 ISSUED:          0 USEFUL:          0 USELESS:          0
cpu7->cpu7_L1I AVERAGE MISS LATENCY: 470.9 cycles
cpu7->cpu7_L1D TOTAL        ACCESS:    5152005 HIT:    3762015 MISS:    1389990 MSHR_MERGE:     927027
cpu7->cpu7_L1D LOAD         ACCESS:    3454671 HIT:    2696981 MISS:     757690 MSHR_MERGE:     430132
cpu7->cpu7_L1D RFO          ACCESS:          0 HIT:          0 MISS:          0 MSHR_MERGE:          0
cpu7->cpu7_L1D PREFETCH     ACCESS:          0 HIT:          0 MISS:          0 MSHR_MERGE:          0
cpu7->cpu7_L1D WRITE        ACCESS:    1697334 HIT:    1065034 MISS:     632300 MSHR_MERGE:     496895
cpu7->cpu7_L1D TRANSLATION  ACCESS:          0 HIT:          0 MISS:          0 MSHR_MERGE:          0
cpu7->cpu7_L1D PREFETCH REQUESTED:          0 ISSUED:          0 USEFUL:          0 USELESS:          0
cpu7->cpu7_L1D AVERAGE MISS LATENCY: 129 cycles
cpu7->cpu7_ITLB TOTAL        ACCESS:    4278853 HIT:    4278853 MISS:          0 MSHR_MERGE:          0
cpu7->cpu7_ITLB LOAD         ACCESS:    4278853 HIT:    4278853 MISS:          0 MSHR_MERGE:          0
cpu7->cpu7_ITLB RFO          ACCESS:          0 HIT:          0 MISS:          0 MSHR_MERGE:          0
cpu7->cpu7_ITLB PREFETCH     ACCESS:          0 HIT:          0 MISS:          0 MSHR_MERGE:          0
cpu7->cpu7_ITLB WRITE        ACCESS:          0 HIT:          0 MISS:          0 MSHR_MERGE:          0
cpu7->cpu7_ITLB TRANSLATION  ACCESS:          0 HIT:          0 MISS:          0 MSHR_MERGE:          0
cpu7->cpu7_ITLB PREFETCH REQUESTED:          0 ISSUED:          0 USEFUL:          0 USELESS:          0
cpu7->cpu7_ITLB AVERAGE MISS LATENCY: - cycles
cpu7->cpu7_DTLB TOTAL        ACCESS:    4580275 HIT:    4580275 MISS:          0 MSHR_MERGE:          0
cpu7->cpu7_DTLB LOAD         ACCESS:    4580275 HIT:    4580275 MISS:          0 MSHR_MERGE:          0
cpu7->cpu7_DTLB RFO          ACCESS:          0 HIT:          0 MISS:          0 MSHR_MERGE:          0
cpu7->cpu7_DTLB PREFETCH     ACCESS:          0 HIT:          0 MISS:          0 MSHR_MERGE:          0
cpu7->cpu7_DTLB WRITE        ACCESS:          0 HIT:          0 MISS:          0 MSHR_MERGE:          0
cpu7->cpu7_DTLB TRANSLATION  ACCESS:          0 HIT:          0 MISS:          0 MSHR_MERGE:          0
cpu7->cpu7_DTLB PREFETCH REQUESTED:          0 ISSUED:          0 USEFUL:          0 USELESS:          0
cpu7->cpu7_DTLB AVERAGE MISS LATENCY: - cycles
cpu6->cpu6_L2C TOTAL        ACCESS:     657241 HIT:     368754 MISS:     288487 MSHR_MERGE:          0
cpu6->cpu6_L2C LOAD         ACCESS:     326583 HIT:     166511 MISS:     160072 MSHR_MERGE:          0
cpu6->cpu6_L2C RFO          ACCESS:     135382 HIT:       7014 MISS:     128368 MSHR_MERGE:          0
cpu6->cpu6_L2C PREFETCH     ACCESS:          0 HIT:          0 MISS:          0 MSHR_MERGE:          0
cpu6->cpu6_L2C WRITE        ACCESS:     195276 HIT:     195229 MISS:         47 MSHR_MERGE:          0
cpu6->cpu6_L2C TRANSLATION  ACCESS:          0 HIT:          0 MISS:          0 MSHR_MERGE:          0
cpu6->cpu6_L2C PREFETCH REQUESTED:          0 ISSUED:          0 USEFUL:          0 USELESS:          0
cpu6->cpu6_L2C AVERAGE MISS LATENCY: 195.8 cycles
cpu6->cpu6_L1I TOTAL        ACCESS:    4845917 HIT:    4844353 MISS:       1564 MSHR_MERGE:       1063
cpu6->cpu6_L1I LOAD         ACCESS:    4845917 HIT:    4844353 MISS:       1564 MSHR_MERGE:       1063
cpu6->cpu6_L1I RFO          ACCESS:          0 HIT:          0 MISS:          0 MSHR_MERGE:          0
cpu6->cpu6_L1I PREFETCH     ACCESS:          0 HIT:          0 MISS:          0 MSHR_MERGE:          0
cpu6->cpu6_L1I WRITE        ACCESS:          0 HIT:          0 MISS:          0 MSHR_MERGE:          0
cpu6->cpu6_L1I TRANSLATION  ACCESS:          0 HIT:          0 MISS:          0 MSHR_MERGE:          0
cpu6->cpu6_L1I PREFETCH REQUESTED:          0 ISSUED:          0 USEFUL:          0 USELESS:          0
cpu6->cpu6_L1I AVERAGE MISS LATENCY: 429.9 cycles
cpu6->cpu6_L1D TOTAL        ACCESS:    5135635 HIT:    3751271 MISS:    1384364 MSHR_MERGE:     922900
cpu6->cpu6_L1D LOAD         ACCESS:    3443165 HIT:    2690194 MISS:     752971 MSHR_MERGE:     426889
cpu6->cpu6_L1D RFO          ACCESS:          0 HIT:          0 MISS:          0 MSHR_MERGE:          0
cpu6->cpu6_L1D PREFETCH     ACCESS:          0 HIT:          0 MISS:          0 MSHR_MERGE:          0
cpu6->cpu6_L1D WRITE        ACCESS:    1692470 HIT:    1061077 MISS:     631393 MSHR_MERGE:     496011
cpu6->cpu6_L1D TRANSLATION  ACCESS:          0 HIT:          0 MISS:          0 MSHR_MERGE:          0
cpu6->cpu6_L1D PREFETCH REQUESTED:          0 ISSUED:          0 USEFUL:          0 USELESS:          0
cpu6->cpu6_L1D AVERAGE MISS LATENCY: 130.6 cycles
cpu6->cpu6_ITLB TOTAL        ACCESS:    4264781 HIT:    4264781 MISS:          0 MSHR_MERGE:          0
cpu6->cpu6_ITLB LOAD         ACCESS:    4264781 HIT:    4264781 MISS:          0 MSHR_MERGE:          0
cpu6->cpu6_ITLB RFO          ACCESS:          0 HIT:          0 MISS:          0 MSHR_MERGE:          0
cpu6->cpu6_ITLB PREFETCH     ACCESS:          0 HIT:          0 MISS:          0 MSHR_MERGE:          0
cpu6->cpu6_ITLB WRITE        ACCESS:          0 HIT:          0 MISS:          0 MSHR_MERGE:          0
cpu6->cpu6_ITLB TRANSLATION  ACCESS:          0 HIT:          0 MISS:          0 MSHR_MERGE:          0
cpu6->cpu6_ITLB PREFETCH REQUESTED:          0 ISSUED:          0 USEFUL:          0 USELESS:          0
cpu6->cpu6_ITLB AVERAGE MISS LATENCY: - cycles
cpu6->cpu6_DTLB TOTAL        ACCESS:    4562864 HIT:    4562864 MISS:          0 MSHR_MERGE:          0
cpu6->cpu6_DTLB LOAD         ACCESS:    4562864 HIT:    4562864 MISS:          0 MSHR_MERGE:          0
cpu6->cpu6_DTLB RFO          ACCESS:          0 HIT:          0 MISS:          0 MSHR_MERGE:          0
cpu6->cpu6_DTLB PREFETCH     ACCESS:          0 HIT:          0 MISS:          0 MSHR_MERGE:          0
cpu6->cpu6_DTLB WRITE        ACCESS:          0 HIT:          0 MISS:          0 MSHR_MERGE:          0
cpu6->cpu6_DTLB TRANSLATION  ACCESS:          0 HIT:          0 MISS:          0 MSHR_MERGE:          0
cpu6->cpu6_DTLB PREFETCH REQUESTED:          0 ISSUED:          0 USEFUL:          0 USELESS:          0
cpu6->cpu6_DTLB AVERAGE MISS LATENCY: - cycles
cpu5->cpu5_L2C TOTAL        ACCESS:     654519 HIT:     367201 MISS:     287318 MSHR_MERGE:          0
cpu5->cpu5_L2C LOAD         ACCESS:     324851 HIT:     165446 MISS:     159405 MSHR_MERGE:          0
cpu5->cpu5_L2C RFO          ACCESS:     134881 HIT:       7015 MISS:     127866 MSHR_MERGE:          0
cpu5->cpu5_L2C PREFETCH     ACCESS:          0 HIT:          0 MISS:          0 MSHR_MERGE:          0
cpu5->cpu5_L2C WRITE        ACCESS:     194787 HIT:     194740 MISS:         47 MSHR_MERGE:          0
cpu5->cpu5_L2C TRANSLATION  ACCESS:          0 HIT:          0 MISS:          0 MSHR_MERGE:          0
cpu5->cpu5_L2C PREFETCH REQUESTED:          0 ISSUED:          0 USEFUL:          0 USELESS:          0
cpu5->cpu5_L2C AVERAGE MISS LATENCY: 195.5 cycles
cpu5->cpu5_L1I TOTAL        ACCESS:    4835880 HIT:    4834314 MISS:       1566 MSHR_MERGE:       1065
cpu5->cpu5_L1I LOAD         ACCESS:    4835880 HIT:    4834314 MISS:       1566 MSHR_MERGE:       1065
cpu5->cpu5_L1I RFO          ACCESS:          0 HIT:          0 MISS:          0 MSHR_MERGE:          0
cpu5->cpu5_L1I PREFETCH     ACCESS:          0 HIT:          0 MISS:          0 MSHR_MERGE:          0
cpu5->cpu5_L1I WRITE        ACCESS:          0 HIT:          0 MISS:          0 MSHR_MERGE:          0
cpu5->cpu5_L1I TRANSLATION  ACCESS:          0 HIT:          0 MISS:          0 MSHR_MERGE:          0
cpu5->cpu5_L1I PREFETCH REQUESTED:          0 ISSUED:          0 USEFUL:          0 USELESS:          0
cpu5->cpu5_L1I AVERAGE MISS LATENCY: 446.4 cycles
cpu5->cpu5_L1D TOTAL        ACCESS:    5117601 HIT:    3743275 MISS:    1374326 MSHR_MERGE:     915095
cpu5->cpu5_L1D LOAD         ACCESS:    3428429 HIT:    2682192 MISS:     746237 MSHR_MERGE:     421887
cpu5->cpu5_L1D RFO          ACCESS:          0 HIT:          0 MISS:          0 MSHR_MERGE:          0
cpu5->cpu5_L1D PREFETCH     ACCESS:          0 HIT:          0 MISS:          0 MSHR_MERGE:          0
cpu5->cpu5_L1D WRITE        ACCESS:    1689172 HIT:    1061083 MISS:     628089 MSHR_MERGE:     493208
cpu5->cpu5_L1D TRANSLATION  ACCESS:          0 HIT:          0 MISS:          0 MSHR_MERGE:          0
cpu5->cpu5_L1D PREFETCH REQUESTED:          0 ISSUED:          0 USEFUL:          0 USELESS:          0
cpu5->cpu5_L1D AVERAGE MISS LATENCY: 130.5 cycles
cpu5->cpu5_ITLB TOTAL        ACCESS:    4253856 HIT:    4253856 MISS:          0 MSHR_MERGE:          0
cpu5->cpu5_ITLB LOAD         ACCESS:    4253856 HIT:    4253856 MISS:          0 MSHR_MERGE:          0
cpu5->cpu5_ITLB RFO          ACCESS:          0 HIT:          0 MISS:          0 MSHR_MERGE:          0
cpu5->cpu5_ITLB PREFETCH     ACCESS:          0 HIT:          0 MISS:          0 MSHR_MERGE:          0
cpu5->cpu5_ITLB WRITE        ACCESS:          0 HIT:          0 MISS:          0 MSHR_MERGE:          0
cpu5->cpu5_ITLB TRANSLATION  ACCESS:          0 HIT:          0 MISS:          0 MSHR_MERGE:          0
cpu5->cpu5_ITLB PREFETCH REQUESTED:          0 ISSUED:          0 USEFUL:          0 USELESS:          0
cpu5->cpu5_ITLB AVERAGE MISS LATENCY: - cycles
cpu5->cpu5_DTLB TOTAL        ACCESS:    4543873 HIT:    4543873 MISS:          0 MSHR_MERGE:          0
cpu5->cpu5_DTLB LOAD         ACCESS:    4543873 HIT:    4543873 MISS:          0 MSHR_MERGE:          0
cpu5->cpu5_DTLB RFO          ACCESS:          0 HIT:          0 MISS:          0 MSHR_MERGE:          0
cpu5->cpu5_DTLB PREFETCH     ACCESS:          0 HIT:          0 MISS:          0 MSHR_MERGE:          0
cpu5->cpu5_DTLB WRITE        ACCESS:          0 HIT:          0 MISS:          0 MSHR_MERGE:          0
cpu5->cpu5_DTLB TRANSLATION  ACCESS:          0 HIT:          0 MISS:          0 MSHR_MERGE:          0
cpu5->cpu5_DTLB PREFETCH REQUESTED:          0 ISSUED:          0 USEFUL:          0 USELESS:          0
cpu5->cpu5_DTLB AVERAGE MISS LATENCY: - cycles
cpu4->cpu4_L2C TOTAL        ACCESS:     656571 HIT:     370852 MISS:     285719 MSHR_MERGE:          0
cpu4->cpu4_L2C LOAD         ACCESS:     325996 HIT:     167907 MISS:     158089 MSHR_MERGE:          0
cpu4->cpu4_L2C RFO          ACCESS:     134601 HIT:       7018 MISS:     127583 MSHR_MERGE:          0
cpu4->cpu4_L2C PREFETCH     ACCESS:          0 HIT:          0 MISS:          0 MSHR_MERGE:          0
cpu4->cpu4_L2C WRITE        ACCESS:     195974 HIT:     195927 MISS:         47 MSHR_MERGE:          0
cpu4->cpu4_L2C TRANSLATION  ACCESS:          0 HIT:          0 MISS:          0 MSHR_MERGE:          0
cpu4->cpu4_L2C PREFETCH REQUESTED:          0 ISSUED:          0 USEFUL:          0 USELESS:          0
cpu4->cpu4_L2C AVERAGE MISS LATENCY: 186.9 cycles
cpu4->cpu4_L1I TOTAL        ACCESS:    4946491 HIT:    4944852 MISS:       1639 MSHR_MERGE:       1125
cpu4->cpu4_L1I LOAD         ACCESS:    4946491 HIT:    4944852 MISS:       1639 MSHR_MERGE:       1125
cpu4->cpu4_L1I RFO          ACCESS:          0 HIT:          0 MISS:          0 MSHR_MERGE:          0
cpu4->cpu4_L1I PREFETCH     ACCESS:          0 HIT:          0 MISS:          0 MSHR_MERGE:          0
cpu4->cpu4_L1I WRITE        ACCESS:          0 HIT:          0 MISS:          0 MSHR_MERGE:          0
cpu4->cpu4_L1I TRANSLATION  ACCESS:          0 HIT:          0 MISS:          0 MSHR_MERGE:          0
cpu4->cpu4_L1I PREFETCH REQUESTED:          0 ISSUED:          0 USEFUL:          0 USELESS:          0
cpu4->cpu4_L1I AVERAGE MISS LATENCY: 402.2 cycles
cpu4->cpu4_L1D TOTAL        ACCESS:    5166571 HIT:    3786216 MISS:    1380355 MSHR_MERGE:     920272
cpu4->cpu4_L1D LOAD         ACCESS:    3467516 HIT:    2723527 MISS:     743989 MSHR_MERGE:     418507
cpu4->cpu4_L1D RFO          ACCESS:          0 HIT:          0 MISS:          0 MSHR_MERGE:          0
cpu4->cpu4_L1D PREFETCH     ACCESS:          0 HIT:          0 MISS:          0 MSHR_MERGE:          0
cpu4->cpu4_L1D WRITE        ACCESS:    1699055 HIT:    1062689 MISS:     636366 MSHR_MERGE:     501765
cpu4->cpu4_L1D TRANSLATION  ACCESS:          0 HIT:          0 MISS:          0 MSHR_MERGE:          0
cpu4->cpu4_L1D PREFETCH REQUESTED:          0 ISSUED:          0 USEFUL:          0 USELESS:          0
cpu4->cpu4_L1D AVERAGE MISS LATENCY: 124.3 cycles
cpu4->cpu4_ITLB TOTAL        ACCESS:    4344118 HIT:    4344118 MISS:          0 MSHR_MERGE:          0
cpu4->cpu4_ITLB LOAD         ACCESS:    4344118 HIT:    4344118 MISS:          0 MSHR_MERGE:          0
cpu4->cpu4_ITLB RFO          ACCESS:          0 HIT:          0 MISS:          0 MSHR_MERGE:          0
cpu4->cpu4_ITLB PREFETCH     ACCESS:          0 HIT:          0 MISS:          0 MSHR_MERGE:          0
cpu4->cpu4_ITLB WRITE        ACCESS:          0 HIT:          0 MISS:          0 MSHR_MERGE:          0
cpu4->cpu4_ITLB TRANSLATION  ACCESS:          0 HIT:          0 MISS:          0 MSHR_MERGE:          0
cpu4->cpu4_ITLB PREFETCH REQUESTED:          0 ISSUED:          0 USEFUL:          0 USELESS:          0
cpu4->cpu4_ITLB AVERAGE MISS LATENCY: - cycles
cpu4->cpu4_DTLB TOTAL        ACCESS:    4589613 HIT:    4589613 MISS:          0 MSHR_MERGE:          0
cpu4->cpu4_DTLB LOAD         ACCESS:    4589613 HIT:    4589613 MISS:          0 MSHR_MERGE:          0
cpu4->cpu4_DTLB RFO          ACCESS:          0 HIT:          0 MISS:          0 MSHR_MERGE:          0
cpu4->cpu4_DTLB PREFETCH     ACCESS:          0 HIT:          0 MISS:          0 MSHR_MERGE:          0
cpu4->cpu4_DTLB WRITE        ACCESS:          0 HIT:          0 MISS:          0 MSHR_MERGE:          0
cpu4->cpu4_DTLB TRANSLATION  ACCESS:          0 HIT:          0 MISS:          0 MSHR_MERGE:          0
cpu4->cpu4_DTLB PREFETCH REQUESTED:          0 ISSUED:          0 USEFUL:          0 USELESS:          0
cpu4->cpu4_DTLB AVERAGE MISS LATENCY: - cycles
cpu3->cpu3_L2C TOTAL        ACCESS:     643172 HIT:     362366 MISS:     280806 MSHR_MERGE:          0
cpu3->cpu3_L2C LOAD         ACCESS:     317382 HIT:     163028 MISS:     154354 MSHR_MERGE:          0
cpu3->cpu3_L2C RFO          ACCESS:     133420 HIT:       7015 MISS:     126405 MSHR_MERGE:          0
cpu3->cpu3_L2C PREFETCH     ACCESS:          0 HIT:          0 MISS:          0 MSHR_MERGE:          0
cpu3->cpu3_L2C WRITE        ACCESS:     192370 HIT:     192323 MISS:         47 MSHR_MERGE:          0
cpu3->cpu3_L2C TRANSLATION  ACCESS:          0 HIT:          0 MISS:          0 MSHR_MERGE:          0
cpu3->cpu3_L2C PREFETCH REQUESTED:          0 ISSUED:          0 USEFUL:          0 USELESS:          0
cpu3->cpu3_L2C AVERAGE MISS LATENCY: 199.9 cycles
cpu3->cpu3_L1I TOTAL        ACCESS:    4818985 HIT:    4817346 MISS:       1639 MSHR_MERGE:       1128
cpu3->cpu3_L1I LOAD         ACCESS:    4818985 HIT:    4817346 MISS:       1639 MSHR_MERGE:       1128
cpu3->cpu3_L1I RFO          ACCESS:          0 HIT:          0 MISS:          0 MSHR_MERGE:          0
cpu3->cpu3_L1I PREFETCH     ACCESS:          0 HIT:          0 MISS:          0 MSHR_MERGE:          0
cpu3->cpu3_L1I WRITE        ACCESS:          0 HIT:          0 MISS:          0 MSHR_MERGE:          0
cpu3->cpu3_L1I TRANSLATION  ACCESS:          0 HIT:          0 MISS:          0 MSHR_MERGE:          0
cpu3->cpu3_L1I PREFETCH REQUESTED:          0 ISSUED:          0 USEFUL:          0 USELESS:          0
cpu3->cpu3_L1I AVERAGE MISS LATENCY: 391.4 cycles
cpu3->cpu3_L1D TOTAL        ACCESS:    5058957 HIT:    3710259 MISS:    1348698 MSHR_MERGE:     898407
cpu3->cpu3_L1D LOAD         ACCESS:    3384797 HIT:    2658019 MISS:     726778 MSHR_MERGE:     409907
cpu3->cpu3_L1D RFO          ACCESS:          0 HIT:          0 MISS:          0 MSHR_MERGE:          0
cpu3->cpu3_L1D PREFETCH     ACCESS:          0 HIT:          0 MISS:          0 MSHR_MERGE:          0
cpu3->cpu3_L1D WRITE        ACCESS:    1674160 HIT:    1052240 MISS:     621920 MSHR_MERGE:     488500
cpu3->cpu3_L1D TRANSLATION  ACCESS:          0 HIT:          0 MISS:          0 MSHR_MERGE:          0
cpu3->cpu3_L1D PREFETCH REQUESTED:          0 ISSUED:          0 USEFUL:          0 USELESS:          0
cpu3->cpu3_L1D AVERAGE MISS LATENCY: 132.9 cycles
cpu3->cpu3_ITLB TOTAL        ACCESS:    4236599 HIT:    4236599 MISS:          0 MSHR_MERGE:          0
cpu3->cpu3_ITLB LOAD         ACCESS:    4236599 HIT:    4236599 MISS:          0 MSHR_MERGE:          0
cpu3->cpu3_ITLB RFO          ACCESS:          0 HIT:          0 MISS:          0 MSHR_MERGE:          0
cpu3->cpu3_ITLB PREFETCH     ACCESS:          0 HIT:          0 MISS:          0 MSHR_MERGE:          0
cpu3->cpu3_ITLB WRITE        ACCESS:          0 HIT:          0 MISS:          0 MSHR_MERGE:          0
cpu3->cpu3_ITLB TRANSLATION  ACCESS:          0 HIT:          0 MISS:          0 MSHR_MERGE:          0
cpu3->cpu3_ITLB PREFETCH REQUESTED:          0 ISSUED:          0 USEFUL:          0 USELESS:          0
cpu3->cpu3_ITLB AVERAGE MISS LATENCY: - cycles
cpu3->cpu3_DTLB TOTAL        ACCESS:    4491930 HIT:    4491930 MISS:          0 MSHR_MERGE:          0
cpu3->cpu3_DTLB LOAD         ACCESS:    4491930 HIT:    4491930 MISS:          0 MSHR_MERGE:          0
cpu3->cpu3_DTLB RFO          ACCESS:          0 HIT:          0 MISS:          0 MSHR_MERGE:          0
cpu3->cpu3_DTLB PREFETCH     ACCESS:          0 HIT:          0 MISS:          0 MSHR_MERGE:          0
cpu3->cpu3_DTLB WRITE        ACCESS:          0 HIT:          0 MISS:          0 MSHR_MERGE:          0
cpu3->cpu3_DTLB TRANSLATION  ACCESS:          0 HIT:          0 MISS:          0 MSHR_MERGE:          0
cpu3->cpu3_DTLB PREFETCH REQUESTED:          0 ISSUED:          0 USEFUL:          0 USELESS:          0
cpu3->cpu3_DTLB AVERAGE MISS LATENCY: - cycles
cpu2->cpu2_L2C TOTAL        ACCESS:     639084 HIT:     361061 MISS:     278023 MSHR_MERGE:          0
cpu2->cpu2_L2C LOAD         ACCESS:     315435 HIT:     162870 MISS:     152565 MSHR_MERGE:          0
cpu2->cpu2_L2C RFO          ACCESS:     132420 HIT:       7009 MISS:     125411 MSHR_MERGE:          0
cpu2->cpu2_L2C PREFETCH     ACCESS:          0 HIT:          0 MISS:          0 MSHR_MERGE:          0
cpu2->cpu2_L2C WRITE        ACCESS:     191229 HIT:     191182 MISS:         47 MSHR_MERGE:          0
cpu2->cpu2_L2C TRANSLATION  ACCESS:          0 HIT:          0 MISS:          0 MSHR_MERGE:          0
cpu2->cpu2_L2C PREFETCH REQUESTED:          0 ISSUED:          0 USEFUL:          0 USELESS:          0
cpu2->cpu2_L2C AVERAGE MISS LATENCY: 198.4 cycles
cpu2->cpu2_L1I TOTAL        ACCESS:    4782428 HIT:    4780838 MISS:       1590 MSHR_MERGE:       1080
cpu2->cpu2_L1I LOAD         ACCESS:    4782428 HIT:    4780838 MISS:       1590 MSHR_MERGE:       1080
cpu2->cpu2_L1I RFO          ACCESS:          0 HIT:          0 MISS:          0 MSHR_MERGE:          0
cpu2->cpu2_L1I PREFETCH     ACCESS:          0 HIT:          0 MISS:          0 MSHR_MERGE:          0
cpu2->cpu2_L1I WRITE        ACCESS:          0 HIT:          0 MISS:          0 MSHR_MERGE:          0
cpu2->cpu2_L1I TRANSLATION  ACCESS:          0 HIT:          0 MISS:          0 MSHR_MERGE:          0
cpu2->cpu2_L1I PREFETCH REQUESTED:          0 ISSUED:          0 USEFUL:          0 USELESS:          0
cpu2->cpu2_L1I AVERAGE MISS LATENCY: 461.8 cycles
cpu2->cpu2_L1D TOTAL        ACCESS:    5015855 HIT:    3670363 MISS:    1345492 MSHR_MERGE:     898147
cpu2->cpu2_L1D LOAD         ACCESS:    3350278 HIT:    2629137 MISS:     721141 MSHR_MERGE:     406216
cpu2->cpu2_L1D RFO          ACCESS:          0 HIT:          0 MISS:          0 MSHR_MERGE:          0
cpu2->cpu2_L1D PREFETCH     ACCESS:          0 HIT:          0 MISS:          0 MSHR_MERGE:          0
cpu2->cpu2_L1D WRITE        ACCESS:    1665577 HIT:    1041226 MISS:     624351 MSHR_MERGE:     491931
cpu2->cpu2_L1D TRANSLATION  ACCESS:          0 HIT:          0 MISS:          0 MSHR_MERGE:          0
cpu2->cpu2_L1D PREFETCH REQUESTED:          0 ISSUED:          0 USEFUL:          0 USELESS:          0
cpu2->cpu2_L1D AVERAGE MISS LATENCY: 131.5 cycles
cpu2->cpu2_ITLB TOTAL        ACCESS:    4199173 HIT:    4199173 MISS:          0 MSHR_MERGE:          0
cpu2->cpu2_ITLB LOAD         ACCESS:    4199173 HIT:    4199173 MISS:          0 MSHR_MERGE:          0
cpu2->cpu2_ITLB RFO          ACCESS:          0 HIT:          0 MISS:          0 MSHR_MERGE:          0
cpu2->cpu2_ITLB PREFETCH     ACCESS:          0 HIT:          0 MISS:          0 MSHR_MERGE:          0
cpu2->cpu2_ITLB WRITE        ACCESS:          0 HIT:          0 MISS:          0 MSHR_MERGE:          0
cpu2->cpu2_ITLB TRANSLATION  ACCESS:          0 HIT:          0 MISS:          0 MSHR_MERGE:          0
cpu2->cpu2_ITLB PREFETCH REQUESTED:          0 ISSUED:          0 USEFUL:          0 USELESS:          0
cpu2->cpu2_ITLB AVERAGE MISS LATENCY: - cycles
cpu2->cpu2_DTLB TOTAL        ACCESS:    4446034 HIT:    4446034 MISS:          0 MSHR_MERGE:          0
cpu2->cpu2_DTLB LOAD         ACCESS:    4446034 HIT:    4446034 MISS:          0 MSHR_MERGE:          0
cpu2->cpu2_DTLB RFO          ACCESS:          0 HIT:          0 MISS:          0 MSHR_MERGE:          0
cpu2->cpu2_DTLB PREFETCH     ACCESS:          0 HIT:          0 MISS:          0 MSHR_MERGE:          0
cpu2->cpu2_DTLB WRITE        ACCESS:          0 HIT:          0 MISS:          0 MSHR_MERGE:          0
cpu2->cpu2_DTLB TRANSLATION  ACCESS:          0 HIT:          0 MISS:          0 MSHR_MERGE:          0
cpu2->cpu2_DTLB PREFETCH REQUESTED:          0 ISSUED:          0 USEFUL:          0 USELESS:          0
cpu2->cpu2_DTLB AVERAGE MISS LATENCY: - cycles
cpu1->cpu1_L2C TOTAL        ACCESS:     654882 HIT:     373803 MISS:     281079 MSHR_MERGE:          0
cpu1->cpu1_L2C LOAD         ACCESS:     323277 HIT:     170880 MISS:     152397 MSHR_MERGE:          0
cpu1->cpu1_L2C RFO          ACCESS:     135646 HIT:       7012 MISS:     128634 MSHR_MERGE:          0
cpu1->cpu1_L2C PREFETCH     ACCESS:          0 HIT:          0 MISS:          0 MSHR_MERGE:          0
cpu1->cpu1_L2C WRITE        ACCESS:     195959 HIT:     195911 MISS:         48 MSHR_MERGE:          0
cpu1->cpu1_L2C TRANSLATION  ACCESS:          0 HIT:          0 MISS:          0 MSHR_MERGE:          0
cpu1->cpu1_L2C PREFETCH REQUESTED:          0 ISSUED:          0 USEFUL:          0 USELESS:          0
cpu1->cpu1_L2C AVERAGE MISS LATENCY: 188 cycles
cpu1->cpu1_L1I TOTAL        ACCESS:    4881076 HIT:    4879448 MISS:       1628 MSHR_MERGE:       1122
cpu1->cpu1_L1I LOAD         ACCESS:    4881076 HIT:    4879448 MISS:       1628 MSHR_MERGE:       1122
cpu1->cpu1_L1I RFO          ACCESS:          0 HIT:          0 MISS:          0 MSHR_MERGE:          0
cpu1->cpu1_L1I PREFETCH     ACCESS:          0 HIT:          0 MISS:          0 MSHR_MERGE:          0
cpu1->cpu1_L1I WRITE        ACCESS:          0 HIT:          0 MISS:          0 MSHR_MERGE:          0
cpu1->cpu1_L1I TRANSLATION  ACCESS:          0 HIT:          0 MISS:          0 MSHR_MERGE:          0
cpu1->cpu1_L1I PREFETCH REQUESTED:          0 ISSUED:          0 USEFUL:          0 USELESS:          0
cpu1->cpu1_L1I AVERAGE MISS LATENCY: 444.7 cycles
cpu1->cpu1_L1D TOTAL        ACCESS:    5100374 HIT:    3730714 MISS:    1369660 MSHR_MERGE:     911243
cpu1->cpu1_L1D LOAD         ACCESS:    3410293 HIT:    2677636 MISS:     732657 MSHR_MERGE:     409886
cpu1->cpu1_L1D RFO          ACCESS:          0 HIT:          0 MISS:          0 MSHR_MERGE:          0
cpu1->cpu1_L1D PREFETCH     ACCESS:          0 HIT:          0 MISS:          0 MSHR_MERGE:          0
cpu1->cpu1_L1D WRITE        ACCESS:    1690081 HIT:    1053078 MISS:     637003 MSHR_MERGE:     501357
cpu1->cpu1_L1D TRANSLATION  ACCESS:          0 HIT:          0 MISS:          0 MSHR_MERGE:          0
cpu1->cpu1_L1D PREFETCH REQUESTED:          0 ISSUED:          0 USEFUL:          0 USELESS:          0
cpu1->cpu1_L1D AVERAGE MISS LATENCY: 123.5 cycles
cpu1->cpu1_ITLB TOTAL        ACCESS:    4287654 HIT:    4287654 MISS:          0 MSHR_MERGE:          0
cpu1->cpu1_ITLB LOAD         ACCESS:    4287654 HIT:    4287654 MISS:          0 MSHR_MERGE:          0
cpu1->cpu1_ITLB RFO          ACCESS:          0 HIT:          0 MISS:          0 MSHR_MERGE:          0
cpu1->cpu1_ITLB PREFETCH     ACCESS:          0 HIT:          0 MISS:          0 MSHR_MERGE:          0
cpu1->cpu1_ITLB WRITE        ACCESS:          0 HIT:          0 MISS:          0 MSHR_MERGE:          0
cpu1->cpu1_ITLB TRANSLATION  ACCESS:          0 HIT:          0 MISS:          0 MSHR_MERGE:          0
cpu1->cpu1_ITLB PREFETCH REQUESTED:          0 ISSUED:          0 USEFUL:          0 USELESS:          0
cpu1->cpu1_ITLB AVERAGE MISS LATENCY: - cycles
cpu1->cpu1_DTLB TOTAL        ACCESS:    4514738 HIT:    4514738 MISS:          0 MSHR_MERGE:          0
cpu1->cpu1_DTLB LOAD         ACCESS:    4514738 HIT:    4514738 MISS:          0 MSHR_MERGE:          0
cpu1->cpu1_DTLB RFO          ACCESS:          0 HIT:          0 MISS:          0 MSHR_MERGE:          0
cpu1->cpu1_DTLB PREFETCH     ACCESS:          0 HIT:          0 MISS:          0 MSHR_MERGE:          0
cpu1->cpu1_DTLB WRITE        ACCESS:          0 HIT:          0 MISS:          0 MSHR_MERGE:          0
cpu1->cpu1_DTLB TRANSLATION  ACCESS:          0 HIT:          0 MISS:          0 MSHR_MERGE:          0
cpu1->cpu1_DTLB PREFETCH REQUESTED:          0 ISSUED:          0 USEFUL:          0 USELESS:          0
cpu1->cpu1_DTLB AVERAGE MISS LATENCY: - cycles
cpu0->cpu0_L2C TOTAL        ACCESS:     638714 HIT:     362559 MISS:     276155 MSHR_MERGE:          0
cpu0->cpu0_L2C LOAD         ACCESS:     316361 HIT:     164412 MISS:     151949 MSHR_MERGE:          0
cpu0->cpu0_L2C RFO          ACCESS:     131167 HIT:       7008 MISS:     124159 MSHR_MERGE:          0
cpu0->cpu0_L2C PREFETCH     ACCESS:          0 HIT:          0 MISS:          0 MSHR_MERGE:          0
cpu0->cpu0_L2C WRITE        ACCESS:     191186 HIT:     191139 MISS:         47 MSHR_MERGE:          0
cpu0->cpu0_L2C TRANSLATION  ACCESS:          0 HIT:          0 MISS:          0 MSHR_MERGE:          0
cpu0->cpu0_L2C PREFETCH REQUESTED:          0 ISSUED:          0 USEFUL:          0 USELESS:          0
cpu0->cpu0_L2C AVERAGE MISS LATENCY: 191.5 cycles
cpu0->cpu0_L1I TOTAL        ACCESS:    4745480 HIT:    4743906 MISS:       1574 MSHR_MERGE:       1072
cpu0->cpu0_L1I LOAD         ACCESS:    4745480 HIT:    4743906 MISS:       1574 MSHR_MERGE:       1072
cpu0->cpu0_L1I RFO          ACCESS:          0 HIT:          0 MISS:          0 MSHR_MERGE:          0
cpu0->cpu0_L1I PREFETCH     ACCESS:          0 HIT:          0 MISS:          0 MSHR_MERGE:          0
cpu0->cpu0_L1I WRITE        ACCESS:          0 HIT:          0 MISS:          0 MSHR_MERGE:          0
cpu0->cpu0_L1I TRANSLATION  ACCESS:          0 HIT:          0 MISS:          0 MSHR_MERGE:          0
cpu0->cpu0_L1I PREFETCH REQUESTED:          0 ISSUED:          0 USEFUL:          0 USELESS:          0
cpu0->cpu0_L1I AVERAGE MISS LATENCY: 412 cycles
cpu0->cpu0_L1D TOTAL        ACCESS:    4950643 HIT:    3616050 MISS:    1334593 MSHR_MERGE:     887567
cpu0->cpu0_L1D LOAD         ACCESS:    3315897 HIT:    2594321 MISS:     721576 MSHR_MERGE:     405717
cpu0->cpu0_L1D RFO          ACCESS:          0 HIT:          0 MISS:          0 MSHR_MERGE:          0
cpu0->cpu0_L1D PREFETCH     ACCESS:          0 HIT:          0 MISS:          0 MSHR_MERGE:          0
cpu0->cpu0_L1D WRITE        ACCESS:    1634746 HIT:    1021729 MISS:     613017 MSHR_MERGE:     481850
cpu0->cpu0_L1D TRANSLATION  ACCESS:          0 HIT:          0 MISS:          0 MSHR_MERGE:          0
cpu0->cpu0_L1D PREFETCH REQUESTED:          0 ISSUED:          0 USEFUL:          0 USELESS:          0
cpu0->cpu0_L1D AVERAGE MISS LATENCY: 126.5 cycles
cpu0->cpu0_ITLB TOTAL        ACCESS:    4165740 HIT:    4165740 MISS:          0 MSHR_MERGE:          0
cpu0->cpu0_ITLB LOAD         ACCESS:    4165740 HIT:    4165740 MISS:          0 MSHR_MERGE:          0
cpu0->cpu0_ITLB RFO          ACCESS:          0 HIT:          0 MISS:          0 MSHR_MERGE:          0
cpu0->cpu0_ITLB PREFETCH     ACCESS:          0 HIT:          0 MISS:          0 MSHR_MERGE:          0
cpu0->cpu0_ITLB WRITE        ACCESS:          0 HIT:          0 MISS:          0 MSHR_MERGE:          0
cpu0->cpu0_ITLB TRANSLATION  ACCESS:          0 HIT:          0 MISS:          0 MSHR_MERGE:          0
cpu0->cpu0_ITLB PREFETCH REQUESTED:          0 ISSUED:          0 USEFUL:          0 USELESS:          0
cpu0->cpu0_ITLB AVERAGE MISS LATENCY: - cycles
cpu0->cpu0_DTLB TOTAL        ACCESS:    4397251 HIT:    4397251 MISS:          0 MSHR_MERGE:          0
cpu0->cpu0_DTLB LOAD         ACCESS:    4397251 HIT:    4397251 MISS:          0 MSHR_MERGE:          0
cpu0->cpu0_DTLB RFO          ACCESS:          0 HIT:          0 MISS:          0 MSHR_MERGE:          0
cpu0->cpu0_DTLB PREFETCH     ACCESS:          0 HIT:          0 MISS:          0 MSHR_MERGE:          0
cpu0->cpu0_DTLB WRITE        ACCESS:          0 HIT:          0 MISS:          0 MSHR_MERGE:          0
cpu0->cpu0_DTLB TRANSLATION  ACCESS:          0 HIT:          0 MISS:          0 MSHR_MERGE:          0
cpu0->cpu0_DTLB PREFETCH REQUESTED:          0 ISSUED:          0 USEFUL:          0 USELESS:          0
cpu0->cpu0_DTLB AVERAGE MISS LATENCY: - cycles
cpu0->LLC TOTAL        ACCESS:     426651 HIT:     279668 MISS:     146983 MSHR_MERGE:          0
cpu0->LLC LOAD         ACCESS:     151948 HIT:      77370 MISS:      74578 MSHR_MERGE:          0
cpu0->LLC RFO          ACCESS:     124159 HIT:      62397 MISS:      61762 MSHR_MERGE:          0
cpu0->LLC PREFETCH     ACCESS:          0 HIT:          0 MISS:          0 MSHR_MERGE:          0
cpu0->LLC WRITE        ACCESS:     150544 HIT:     139901 MISS:      10643 MSHR_MERGE:          0
cpu0->LLC TRANSLATION  ACCESS:          0 HIT:          0 MISS:          0 MSHR_MERGE:          0
cpu0->LLC PREFETCH REQUESTED:          0 ISSUED:          0 USEFUL:          0 USELESS:          0
cpu0->LLC AVERAGE MISS LATENCY: 2750 cycles
cpu1->LLC TOTAL        ACCESS:     433879 HIT:     286171 MISS:     147708 MSHR_MERGE:          0
cpu1->LLC LOAD         ACCESS:     152396 HIT:      78324 MISS:      74072 MSHR_MERGE:          0
cpu1->LLC RFO          ACCESS:     128634 HIT:      66035 MISS:      62599 MSHR_MERGE:          0
cpu1->LLC PREFETCH     ACCESS:          0 HIT:          0 MISS:          0 MSHR_MERGE:          0
cpu1->LLC WRITE        ACCESS:     152849 HIT:     141812 MISS:      11037 MSHR_MERGE:          0
cpu1->LLC TRANSLATION  ACCESS:          0 HIT:          0 MISS:          0 MSHR_MERGE:          0
cpu1->LLC PREFETCH REQUESTED:          0 ISSUED:          0 USEFUL:          0 USELESS:          0
cpu1->LLC AVERAGE MISS LATENCY: 2736 cycles
cpu2->LLC TOTAL        ACCESS:     429458 HIT:     283430 MISS:     146028 MSHR_MERGE:          0
cpu2->LLC LOAD         ACCESS:     152565 HIT:      76541 MISS:      76024 MSHR_MERGE:          0
cpu2->LLC RFO          ACCESS:     125411 HIT:      62605 MISS:      62806 MSHR_MERGE:          0
cpu2->LLC PREFETCH     ACCESS:          0 HIT:          0 MISS:          0 MSHR_MERGE:          0
cpu2->LLC WRITE        ACCESS:     151482 HIT:     144284 MISS:       7198 MSHR_MERGE:          0
cpu2->LLC TRANSLATION  ACCESS:          0 HIT:          0 MISS:          0 MSHR_MERGE:          0
cpu2->LLC PREFETCH REQUESTED:          0 ISSUED:          0 USEFUL:          0 USELESS:          0
cpu2->LLC AVERAGE MISS LATENCY: 2768 cycles
cpu3->LLC TOTAL        ACCESS:     433630 HIT:     290004 MISS:     143626 MSHR_MERGE:          0
cpu3->LLC LOAD         ACCESS:     154351 HIT:      78449 MISS:      75902 MSHR_MERGE:          0
cpu3->LLC RFO          ACCESS:     126405 HIT:      65412 MISS:      60993 MSHR_MERGE:          0
cpu3->LLC PREFETCH     ACCESS:          0 HIT:          0 MISS:          0 MSHR_MERGE:          0
cpu3->LLC WRITE        ACCESS:     152874 HIT:     146143 MISS:       6731 MSHR_MERGE:          0
cpu3->LLC TRANSLATION  ACCESS:          0 HIT:          0 MISS:          0 MSHR_MERGE:          0
cpu3->LLC PREFETCH REQUESTED:          0 ISSUED:          0 USEFUL:          0 USELESS:          0
cpu3->LLC AVERAGE MISS LATENCY: 2814 cycles
cpu4->LLC TOTAL        ACCESS:     441198 HIT:     297270 MISS:     143928 MSHR_MERGE:          0
cpu4->LLC LOAD         ACCESS:     158089 HIT:      86714 MISS:      71375 MSHR_MERGE:          0
cpu4->LLC RFO          ACCESS:     127583 HIT:      63976 MISS:      63607 MSHR_MERGE:          0
cpu4->LLC PREFETCH     ACCESS:          0 HIT:          0 MISS:          0 MSHR_MERGE:          0
cpu4->LLC WRITE        ACCESS:     155526 HIT:     146580 MISS:       8946 MSHR_MERGE:          0
cpu4->LLC TRANSLATION  ACCESS:          0 HIT:          0 MISS:          0 MSHR_MERGE:          0
cpu4->LLC PREFETCH REQUESTED:          0 ISSUED:          0 USEFUL:          0 USELESS:          0
cpu4->LLC AVERAGE MISS LATENCY: 2808 cycles
cpu5->LLC TOTAL        ACCESS:     444722 HIT:     301887 MISS:     142835 MSHR_MERGE:          0
cpu5->LLC LOAD         ACCESS:     159404 HIT:      84683 MISS:      74721 MSHR_MERGE:          0
cpu5->LLC RFO          ACCESS:     127866 HIT:      65540 MISS:      62326 MSHR_MERGE:          0
cpu5->LLC PREFETCH     ACCESS:          0 HIT:          0 MISS:          0 MSHR_MERGE:          0
cpu5->LLC WRITE        ACCESS:     157452 HIT:     151664 MISS:       5788 MSHR_MERGE:          0
cpu5->LLC TRANSLATION  ACCESS:          0 HIT:          0 MISS:          0 MSHR_MERGE:          0
cpu5->LLC PREFETCH REQUESTED:          0 ISSUED:          0 USEFUL:          0 USELESS:          0
cpu5->LLC AVERAGE MISS LATENCY: 2830 cycles
cpu6->LLC TOTAL        ACCESS:     447026 HIT:     304948 MISS:     142078 MSHR_MERGE:          0
cpu6->LLC LOAD         ACCESS:     160072 HIT:      86068 MISS:      74004 MSHR_MERGE:          0
cpu6->LLC RFO          ACCESS:     128368 HIT:      66324 MISS:      62044 MSHR_MERGE:          0
cpu6->LLC PREFETCH     ACCESS:          0 HIT:          0 MISS:          0 MSHR_MERGE:          0
cpu6->LLC WRITE        ACCESS:     158586 HIT:     152556 MISS:       6030 MSHR_MERGE:          0
cpu6->LLC TRANSLATION  ACCESS:          0 HIT:          0 MISS:          0 MSHR_MERGE:          0
cpu6->LLC PREFETCH REQUESTED:          0 ISSUED:          0 USEFUL:          0 USELESS:          0
cpu6->LLC AVERAGE MISS LATENCY: 2845 cycles
cpu7->LLC TOTAL        ACCESS:     448818 HIT:     307759 MISS:     141059 MSHR_MERGE:          0
cpu7->LLC LOAD         ACCESS:     160542 HIT:      87844 MISS:      72698 MSHR_MERGE:          0
cpu7->LLC RFO          ACCESS:     128390 HIT:      65574 MISS:      62816 MSHR_MERGE:          0
cpu7->LLC PREFETCH     ACCESS:          0 HIT:          0 MISS:          0 MSHR_MERGE:          0
cpu7->LLC WRITE        ACCESS:     159886 HIT:     154341 MISS:       5545 MSHR_MERGE:          0
cpu7->LLC TRANSLATION  ACCESS:          0 HIT:          0 MISS:          0 MSHR_MERGE:          0
cpu7->LLC PREFETCH REQUESTED:          0 ISSUED:          0 USEFUL:          0 USELESS:          0
cpu7->LLC AVERAGE MISS LATENCY: 2865 cycles

Region of Interest Statistics

CPU 7 cumulative IPC: 1.016 instructions: 25000002 cycles: 24597324
CPU 7 Branch Prediction Accuracy: 100% MPKI: 0 Average ROB Occupancy at Mispredict: -
Branch type MPKI
BRANCH_DIRECT_JUMP: 0
BRANCH_INDIRECT: 0
BRANCH_CONDITIONAL: 0
BRANCH_DIRECT_CALL: 0
BRANCH_INDIRECT_CALL: 0
BRANCH_RETURN: 0


CPU 6 cumulative IPC: 1.017 instructions: 25000001 cycles: 24582227
CPU 6 Branch Prediction Accuracy: 100% MPKI: 0 Average ROB Occupancy at Mispredict: -
Branch type MPKI
BRANCH_DIRECT_JUMP: 0
BRANCH_INDIRECT: 0
BRANCH_CONDITIONAL: 0
BRANCH_DIRECT_CALL: 0
BRANCH_INDIRECT_CALL: 0
BRANCH_RETURN: 0


CPU 5 cumulative IPC: 1.014 instructions: 25000000 cycles: 24650541
CPU 5 Branch Prediction Accuracy: 100% MPKI: 0 Average ROB Occupancy at Mispredict: -
Branch type MPKI
BRANCH_DIRECT_JUMP: 0
BRANCH_INDIRECT: 0
BRANCH_CONDITIONAL: 0
BRANCH_DIRECT_CALL: 0
BRANCH_INDIRECT_CALL: 0
BRANCH_RETURN: 0


CPU 4 cumulative IPC: 1.028 instructions: 25000003 cycles: 24320671
CPU 4 Branch Prediction Accuracy: 100% MPKI: 0 Average ROB Occupancy at Mispredict: -
Branch type MPKI
BRANCH_DIRECT_JUMP: 0
BRANCH_INDIRECT: 0
BRANCH_CONDITIONAL: 0
BRANCH_DIRECT_CALL: 0
BRANCH_INDIRECT_CALL: 0
BRANCH_RETURN: 0


CPU 3 cumulative IPC: 0.9885 instructions: 25000000 cycles: 25290147
CPU 3 Branch Prediction Accuracy: 100% MPKI: 0 Average ROB Occupancy at Mispredict: -
Branch type MPKI
BRANCH_DIRECT_JUMP: 0
BRANCH_INDIRECT: 0
BRANCH_CONDITIONAL: 0
BRANCH_DIRECT_CALL: 0
BRANCH_INDIRECT_CALL: 0
BRANCH_RETURN: 0


CPU 2 cumulative IPC: 0.9807 instructions: 25000003 cycles: 25493224
CPU 2 Branch Prediction Accuracy: 100% MPKI: 0 Average ROB Occupancy at Mispredict: -
Branch type MPKI
BRANCH_DIRECT_JUMP: 0
BRANCH_INDIRECT: 0
BRANCH_CONDITIONAL: 0
BRANCH_DIRECT_CALL: 0
BRANCH_INDIRECT_CALL: 0
BRANCH_RETURN: 0


CPU 1 cumulative IPC: 0.9903 instructions: 25000000 cycles: 25244535
CPU 1 Branch Prediction Accuracy: 100% MPKI: 0 Average ROB Occupancy at Mispredict: -
Branch type MPKI
BRANCH_DIRECT_JUMP: 0
BRANCH_INDIRECT: 0
BRANCH_CONDITIONAL: 0
BRANCH_DIRECT_CALL: 0
BRANCH_INDIRECT_CALL: 0
BRANCH_RETURN: 0


CPU 0 cumulative IPC: 0.9794 instructions: 25000003 cycles: 25526384
CPU 0 Branch Prediction Accuracy: 100% MPKI: 0 Average ROB Occupancy at Mispredict: -
Branch type MPKI
BRANCH_DIRECT_JUMP: 0
BRANCH_INDIRECT: 0
BRANCH_CONDITIONAL: 0
BRANCH_DIRECT_CALL: 0
BRANCH_INDIRECT_CALL: 0
BRANCH_RETURN: 0

cpu7->cpu7_L2C TOTAL        ACCESS:     659416 HIT:     370437 MISS:     288979 MSHR_MERGE:          0
cpu7->cpu7_L2C LOAD         ACCESS:     328059 HIT:     167517 MISS:     160542 MSHR_MERGE:          0
cpu7->cpu7_L2C RFO          ACCESS:     135405 HIT:       7015 MISS:     128390 MSHR_MERGE:          0
cpu7->cpu7_L2C PREFETCH     ACCESS:          0 HIT:          0 MISS:          0 MSHR_MERGE:          0
cpu7->cpu7_L2C WRITE        ACCESS:     195952 HIT:     195905 MISS:         47 MSHR_MERGE:          0
cpu7->cpu7_L2C TRANSLATION  ACCESS:          0 HIT:          0 MISS:          0 MSHR_MERGE:          0
cpu7->cpu7_L2C PREFETCH REQUESTED:          0 ISSUED:          0 USEFUL:          0 USELESS:          0
cpu7->cpu7_L2C AVERAGE MISS LATENCY: 193.6 cycles
cpu7->cpu7_L1I TOTAL        ACCESS:    4866076 HIT:    4864510 MISS:       1566 MSHR_MERGE:       1065
cpu7->cpu7_L1I LOAD         ACCESS:    4866076 HIT:    4864510 MISS:       1566 MSHR_MERGE:       1065
cpu7->cpu7_L1I RFO          ACCESS:          0 HIT:          0 MISS:          0 MSHR_MERGE:          0
cpu7->cpu7_L1I PREFETCH     ACCESS:          0 HIT:          0 MISS:          0 MSHR_MERGE:          0
cpu7->cpu7_L1I WRITE        ACCESS:          0 HIT:          0 MISS:          0 MSHR_MERGE:          0
cpu7->cpu7_L1I TRANSLATION  ACCESS:          0 HIT:          0 MISS:          0 MSHR_MERGE:          0
cpu7->cpu7_L1I PREFETCH REQUESTED:          0 ISSUED:          0 USEFUL:          0 USELESS:          0
cpu7->cpu7_L1I AVERAGE MISS LATENCY: 470.9 cycles
cpu7->cpu7_L1D TOTAL        ACCESS:    5152005 HIT:    3762015 MISS:    1389990 MSHR_MERGE:     927027
cpu7->cpu7_L1D LOAD         ACCESS:    3454671 HIT:    2696981 MISS:     757690 MSHR_MERGE:     430132
cpu7->cpu7_L1D RFO          ACCESS:          0 HIT:          0 MISS:          0 MSHR_MERGE:          0
cpu7->cpu7_L1D PREFETCH     ACCESS:          0 HIT:          0 MISS:          0 MSHR_MERGE:          0
cpu7->cpu7_L1D WRITE        ACCESS:    1697334 HIT:    1065034 MISS:     632300 MSHR_MERGE:     496895
cpu7->cpu7_L1D TRANSLATION  ACCESS:          0 HIT:          0 MISS:          0 MSHR_MERGE:          0
cpu7->cpu7_L1D PREFETCH REQUESTED:          0 ISSUED:          0 USEFUL:          0 USELESS:          0
cpu7->cpu7_L1D AVERAGE MISS LATENCY: 129 cycles
cpu7->cpu7_ITLB TOTAL        ACCESS:    4278853 HIT:    4278853 MISS:          0 MSHR_MERGE:          0
cpu7->cpu7_ITLB LOAD         ACCESS:    4278853 HIT:    4278853 MISS:          0 MSHR_MERGE:          0
cpu7->cpu7_ITLB RFO          ACCESS:          0 HIT:          0 MISS:          0 MSHR_MERGE:          0
cpu7->cpu7_ITLB PREFETCH     ACCESS:          0 HIT:          0 MISS:          0 MSHR_MERGE:          0
cpu7->cpu7_ITLB WRITE        ACCESS:          0 HIT:          0 MISS:          0 MSHR_MERGE:          0
cpu7->cpu7_ITLB TRANSLATION  ACCESS:          0 HIT:          0 MISS:          0 MSHR_MERGE:          0
cpu7->cpu7_ITLB PREFETCH REQUESTED:          0 ISSUED:          0 USEFUL:          0 USELESS:          0
cpu7->cpu7_ITLB AVERAGE MISS LATENCY: - cycles
cpu7->cpu7_DTLB TOTAL        ACCESS:    4580275 HIT:    4580275 MISS:          0 MSHR_MERGE:          0
cpu7->cpu7_DTLB LOAD         ACCESS:    4580275 HIT:    4580275 MISS:          0 MSHR_MERGE:          0
cpu7->cpu7_DTLB RFO          ACCESS:          0 HIT:          0 MISS:          0 MSHR_MERGE:          0
cpu7->cpu7_DTLB PREFETCH     ACCESS:          0 HIT:          0 MISS:          0 MSHR_MERGE:          0
cpu7->cpu7_DTLB WRITE        ACCESS:          0 HIT:          0 MISS:          0 MSHR_MERGE:          0
cpu7->cpu7_DTLB TRANSLATION  ACCESS:          0 HIT:          0 MISS:          0 MSHR_MERGE:          0
cpu7->cpu7_DTLB PREFETCH REQUESTED:          0 ISSUED:          0 USEFUL:          0 USELESS:          0
cpu7->cpu7_DTLB AVERAGE MISS LATENCY: - cycles
cpu6->cpu6_L2C TOTAL        ACCESS:     657241 HIT:     368754 MISS:     288487 MSHR_MERGE:          0
cpu6->cpu6_L2C LOAD         ACCESS:     326583 HIT:     166511 MISS:     160072 MSHR_MERGE:          0
cpu6->cpu6_L2C RFO          ACCESS:     135382 HIT:       7014 MISS:     128368 MSHR_MERGE:          0
cpu6->cpu6_L2C PREFETCH     ACCESS:          0 HIT:          0 MISS:          0 MSHR_MERGE:          0
cpu6->cpu6_L2C WRITE        ACCESS:     195276 HIT:     195229 MISS:         47 MSHR_MERGE:          0
cpu6->cpu6_L2C TRANSLATION  ACCESS:          0 HIT:          0 MISS:          0 MSHR_MERGE:          0
cpu6->cpu6_L2C PREFETCH REQUESTED:          0 ISSUED:          0 USEFUL:          0 USELESS:          0
cpu6->cpu6_L2C AVERAGE MISS LATENCY: 195.8 cycles
cpu6->cpu6_L1I TOTAL        ACCESS:    4845917 HIT:    4844353 MISS:       1564 MSHR_MERGE:       1063
cpu6->cpu6_L1I LOAD         ACCESS:    4845917 HIT:    4844353 MISS:       1564 MSHR_MERGE:       1063
cpu6->cpu6_L1I RFO          ACCESS:          0 HIT:          0 MISS:          0 MSHR_MERGE:          0
cpu6->cpu6_L1I PREFETCH     ACCESS:          0 HIT:          0 MISS:          0 MSHR_MERGE:          0
cpu6->cpu6_L1I WRITE        ACCESS:          0 HIT:          0 MISS:          0 MSHR_MERGE:          0
cpu6->cpu6_L1I TRANSLATION  ACCESS:          0 HIT:          0 MISS:          0 MSHR_MERGE:          0
cpu6->cpu6_L1I PREFETCH REQUESTED:          0 ISSUED:          0 USEFUL:          0 USELESS:          0
cpu6->cpu6_L1I AVERAGE MISS LATENCY: 429.9 cycles
cpu6->cpu6_L1D TOTAL        ACCESS:    5135635 HIT:    3751271 MISS:    1384364 MSHR_MERGE:     922900
cpu6->cpu6_L1D LOAD         ACCESS:    3443165 HIT:    2690194 MISS:     752971 MSHR_MERGE:     426889
cpu6->cpu6_L1D RFO          ACCESS:          0 HIT:          0 MISS:          0 MSHR_MERGE:          0
cpu6->cpu6_L1D PREFETCH     ACCESS:          0 HIT:          0 MISS:          0 MSHR_MERGE:          0
cpu6->cpu6_L1D WRITE        ACCESS:    1692470 HIT:    1061077 MISS:     631393 MSHR_MERGE:     496011
cpu6->cpu6_L1D TRANSLATION  ACCESS:          0 HIT:          0 MISS:          0 MSHR_MERGE:          0
cpu6->cpu6_L1D PREFETCH REQUESTED:          0 ISSUED:          0 USEFUL:          0 USELESS:          0
cpu6->cpu6_L1D AVERAGE MISS LATENCY: 130.6 cycles
cpu6->cpu6_ITLB TOTAL        ACCESS:    4264781 HIT:    4264781 MISS:          0 MSHR_MERGE:          0
cpu6->cpu6_ITLB LOAD         ACCESS:    4264781 HIT:    4264781 MISS:          0 MSHR_MERGE:          0
cpu6->cpu6_ITLB RFO          ACCESS:          0 HIT:          0 MISS:          0 MSHR_MERGE:          0
cpu6->cpu6_ITLB PREFETCH     ACCESS:          0 HIT:          0 MISS:          0 MSHR_MERGE:          0
cpu6->cpu6_ITLB WRITE        ACCESS:          0 HIT:          0 MISS:          0 MSHR_MERGE:          0
cpu6->cpu6_ITLB TRANSLATION  ACCESS:          0 HIT:          0 MISS:          0 MSHR_MERGE:          0
cpu6->cpu6_ITLB PREFETCH REQUESTED:          0 ISSUED:          0 USEFUL:          0 USELESS:          0
cpu6->cpu6_ITLB AVERAGE MISS LATENCY: - cycles
cpu6->cpu6_DTLB TOTAL        ACCESS:    4562864 HIT:    4562864 MISS:          0 MSHR_MERGE:          0
cpu6->cpu6_DTLB LOAD         ACCESS:    4562864 HIT:    4562864 MISS:          0 MSHR_MERGE:          0
cpu6->cpu6_DTLB RFO          ACCESS:          0 HIT:          0 MISS:          0 MSHR_MERGE:          0
cpu6->cpu6_DTLB PREFETCH     ACCESS:          0 HIT:          0 MISS:          0 MSHR_MERGE:          0
cpu6->cpu6_DTLB WRITE        ACCESS:          0 HIT:          0 MISS:          0 MSHR_MERGE:          0
cpu6->cpu6_DTLB TRANSLATION  ACCESS:          0 HIT:          0 MISS:          0 MSHR_MERGE:          0
cpu6->cpu6_DTLB PREFETCH REQUESTED:          0 ISSUED:          0 USEFUL:          0 USELESS:          0
cpu6->cpu6_DTLB AVERAGE MISS LATENCY: - cycles
cpu5->cpu5_L2C TOTAL        ACCESS:     654519 HIT:     367201 MISS:     287318 MSHR_MERGE:          0
cpu5->cpu5_L2C LOAD         ACCESS:     324851 HIT:     165446 MISS:     159405 MSHR_MERGE:          0
cpu5->cpu5_L2C RFO          ACCESS:     134881 HIT:       7015 MISS:     127866 MSHR_MERGE:          0
cpu5->cpu5_L2C PREFETCH     ACCESS:          0 HIT:          0 MISS:          0 MSHR_MERGE:          0
cpu5->cpu5_L2C WRITE        ACCESS:     194787 HIT:     194740 MISS:         47 MSHR_MERGE:          0
cpu5->cpu5_L2C TRANSLATION  ACCESS:          0 HIT:          0 MISS:          0 MSHR_MERGE:          0
cpu5->cpu5_L2C PREFETCH REQUESTED:          0 ISSUED:          0 USEFUL:          0 USELESS:          0
cpu5->cpu5_L2C AVERAGE MISS LATENCY: 195.5 cycles
cpu5->cpu5_L1I TOTAL        ACCESS:    4835880 HIT:    4834314 MISS:       1566 MSHR_MERGE:       1065
cpu5->cpu5_L1I LOAD         ACCESS:    4835880 HIT:    4834314 MISS:       1566 MSHR_MERGE:       1065
cpu5->cpu5_L1I RFO          ACCESS:          0 HIT:          0 MISS:          0 MSHR_MERGE:          0
cpu5->cpu5_L1I PREFETCH     ACCESS:          0 HIT:          0 MISS:          0 MSHR_MERGE:          0
cpu5->cpu5_L1I WRITE        ACCESS:          0 HIT:          0 MISS:          0 MSHR_MERGE:          0
cpu5->cpu5_L1I TRANSLATION  ACCESS:          0 HIT:          0 MISS:          0 MSHR_MERGE:          0
cpu5->cpu5_L1I PREFETCH REQUESTED:          0 ISSUED:          0 USEFUL:          0 USELESS:          0
cpu5->cpu5_L1I AVERAGE MISS LATENCY: 446.4 cycles
cpu5->cpu5_L1D TOTAL        ACCESS:    5117601 HIT:    3743275 MISS:    1374326 MSHR_MERGE:     915095
cpu5->cpu5_L1D LOAD         ACCESS:    3428429 HIT:    2682192 MISS:     746237 MSHR_MERGE:     421887
cpu5->cpu5_L1D RFO          ACCESS:          0 HIT:          0 MISS:          0 MSHR_MERGE:          0
cpu5->cpu5_L1D PREFETCH     ACCESS:          0 HIT:          0 MISS:          0 MSHR_MERGE:          0
cpu5->cpu5_L1D WRITE        ACCESS:    1689172 HIT:    1061083 MISS:     628089 MSHR_MERGE:     493208
cpu5->cpu5_L1D TRANSLATION  ACCESS:          0 HIT:          0 MISS:          0 MSHR_MERGE:          0
cpu5->cpu5_L1D PREFETCH REQUESTED:          0 ISSUED:          0 USEFUL:          0 USELESS:          0
cpu5->cpu5_L1D AVERAGE MISS LATENCY: 130.5 cycles
cpu5->cpu5_ITLB TOTAL        ACCESS:    4253856 HIT:    4253856 MISS:          0 MSHR_MERGE:          0
cpu5->cpu5_ITLB LOAD         ACCESS:    4253856 HIT:    4253856 MISS:          0 MSHR_MERGE:          0
cpu5->cpu5_ITLB RFO          ACCESS:          0 HIT:          0 MISS:          0 MSHR_MERGE:          0
cpu5->cpu5_ITLB PREFETCH     ACCESS:          0 HIT:          0 MISS:          0 MSHR_MERGE:          0
cpu5->cpu5_ITLB WRITE        ACCESS:          0 HIT:          0 MISS:          0 MSHR_MERGE:          0
cpu5->cpu5_ITLB TRANSLATION  ACCESS:          0 HIT:          0 MISS:          0 MSHR_MERGE:          0
cpu5->cpu5_ITLB PREFETCH REQUESTED:          0 ISSUED:          0 USEFUL:          0 USELESS:          0
cpu5->cpu5_ITLB AVERAGE MISS LATENCY: - cycles
cpu5->cpu5_DTLB TOTAL        ACCESS:    4543873 HIT:    4543873 MISS:          0 MSHR_MERGE:          0
cpu5->cpu5_DTLB LOAD         ACCESS:    4543873 HIT:    4543873 MISS:          0 MSHR_MERGE:          0
cpu5->cpu5_DTLB RFO          ACCESS:          0 HIT:          0 MISS:          0 MSHR_MERGE:          0
cpu5->cpu5_DTLB PREFETCH     ACCESS:          0 HIT:          0 MISS:          0 MSHR_MERGE:          0
cpu5->cpu5_DTLB WRITE        ACCESS:          0 HIT:          0 MISS:          0 MSHR_MERGE:          0
cpu5->cpu5_DTLB TRANSLATION  ACCESS:          0 HIT:          0 MISS:          0 MSHR_MERGE:          0
cpu5->cpu5_DTLB PREFETCH REQUESTED:          0 ISSUED:          0 USEFUL:          0 USELESS:          0
cpu5->cpu5_DTLB AVERAGE MISS LATENCY: - cycles
cpu4->cpu4_L2C TOTAL        ACCESS:     656571 HIT:     370852 MISS:     285719 MSHR_MERGE:          0
cpu4->cpu4_L2C LOAD         ACCESS:     325996 HIT:     167907 MISS:     158089 MSHR_MERGE:          0
cpu4->cpu4_L2C RFO          ACCESS:     134601 HIT:       7018 MISS:     127583 MSHR_MERGE:          0
cpu4->cpu4_L2C PREFETCH     ACCESS:          0 HIT:          0 MISS:          0 MSHR_MERGE:          0
cpu4->cpu4_L2C WRITE        ACCESS:     195974 HIT:     195927 MISS:         47 MSHR_MERGE:          0
cpu4->cpu4_L2C TRANSLATION  ACCESS:          0 HIT:          0 MISS:          0 MSHR_MERGE:          0
cpu4->cpu4_L2C PREFETCH REQUESTED:          0 ISSUED:          0 USEFUL:          0 USELESS:          0
cpu4->cpu4_L2C AVERAGE MISS LATENCY: 186.9 cycles
cpu4->cpu4_L1I TOTAL        ACCESS:    4946491 HIT:    4944852 MISS:       1639 MSHR_MERGE:       1125
cpu4->cpu4_L1I LOAD         ACCESS:    4946491 HIT:    4944852 MISS:       1639 MSHR_MERGE:       1125
cpu4->cpu4_L1I RFO          ACCESS:          0 HIT:          0 MISS:          0 MSHR_MERGE:          0
cpu4->cpu4_L1I PREFETCH     ACCESS:          0 HIT:          0 MISS:          0 MSHR_MERGE:          0
cpu4->cpu4_L1I WRITE        ACCESS:          0 HIT:          0 MISS:          0 MSHR_MERGE:          0
cpu4->cpu4_L1I TRANSLATION  ACCESS:          0 HIT:          0 MISS:          0 MSHR_MERGE:          0
cpu4->cpu4_L1I PREFETCH REQUESTED:          0 ISSUED:          0 USEFUL:          0 USELESS:          0
cpu4->cpu4_L1I AVERAGE MISS LATENCY: 402.2 cycles
cpu4->cpu4_L1D TOTAL        ACCESS:    5166571 HIT:    3786216 MISS:    1380355 MSHR_MERGE:     920272
cpu4->cpu4_L1D LOAD         ACCESS:    3467516 HIT:    2723527 MISS:     743989 MSHR_MERGE:     418507
cpu4->cpu4_L1D RFO          ACCESS:          0 HIT:          0 MISS:          0 MSHR_MERGE:          0
cpu4->cpu4_L1D PREFETCH     ACCESS:          0 HIT:          0 MISS:          0 MSHR_MERGE:          0
cpu4->cpu4_L1D WRITE        ACCESS:    1699055 HIT:    1062689 MISS:     636366 MSHR_MERGE:     501765
cpu4->cpu4_L1D TRANSLATION  ACCESS:          0 HIT:          0 MISS:          0 MSHR_MERGE:          0
cpu4->cpu4_L1D PREFETCH REQUESTED:          0 ISSUED:          0 USEFUL:          0 USELESS:          0
cpu4->cpu4_L1D AVERAGE MISS LATENCY: 124.3 cycles
cpu4->cpu4_ITLB TOTAL        ACCESS:    4344118 HIT:    4344118 MISS:          0 MSHR_MERGE:          0
cpu4->cpu4_ITLB LOAD         ACCESS:    4344118 HIT:    4344118 MISS:          0 MSHR_MERGE:          0
cpu4->cpu4_ITLB RFO          ACCESS:          0 HIT:          0 MISS:          0 MSHR_MERGE:          0
cpu4->cpu4_ITLB PREFETCH     ACCESS:          0 HIT:          0 MISS:          0 MSHR_MERGE:          0
cpu4->cpu4_ITLB WRITE        ACCESS:          0 HIT:          0 MISS:          0 MSHR_MERGE:          0
cpu4->cpu4_ITLB TRANSLATION  ACCESS:          0 HIT:          0 MISS:          0 MSHR_MERGE:          0
cpu4->cpu4_ITLB PREFETCH REQUESTED:          0 ISSUED:          0 USEFUL:          0 USELESS:          0
cpu4->cpu4_ITLB AVERAGE MISS LATENCY: - cycles
cpu4->cpu4_DTLB TOTAL        ACCESS:    4589613 HIT:    4589613 MISS:          0 MSHR_MERGE:          0
cpu4->cpu4_DTLB LOAD         ACCESS:    4589613 HIT:    4589613 MISS:          0 MSHR_MERGE:          0
cpu4->cpu4_DTLB RFO          ACCESS:          0 HIT:          0 MISS:          0 MSHR_MERGE:          0
cpu4->cpu4_DTLB PREFETCH     ACCESS:          0 HIT:          0 MISS:          0 MSHR_MERGE:          0
cpu4->cpu4_DTLB WRITE        ACCESS:          0 HIT:          0 MISS:          0 MSHR_MERGE:          0
cpu4->cpu4_DTLB TRANSLATION  ACCESS:          0 HIT:          0 MISS:          0 MSHR_MERGE:          0
cpu4->cpu4_DTLB PREFETCH REQUESTED:          0 ISSUED:          0 USEFUL:          0 USELESS:          0
cpu4->cpu4_DTLB AVERAGE MISS LATENCY: - cycles
cpu3->cpu3_L2C TOTAL        ACCESS:     643172 HIT:     362366 MISS:     280806 MSHR_MERGE:          0
cpu3->cpu3_L2C LOAD         ACCESS:     317382 HIT:     163028 MISS:     154354 MSHR_MERGE:          0
cpu3->cpu3_L2C RFO          ACCESS:     133420 HIT:       7015 MISS:     126405 MSHR_MERGE:          0
cpu3->cpu3_L2C PREFETCH     ACCESS:          0 HIT:          0 MISS:          0 MSHR_MERGE:          0
cpu3->cpu3_L2C WRITE        ACCESS:     192370 HIT:     192323 MISS:         47 MSHR_MERGE:          0
cpu3->cpu3_L2C TRANSLATION  ACCESS:          0 HIT:          0 MISS:          0 MSHR_MERGE:          0
cpu3->cpu3_L2C PREFETCH REQUESTED:          0 ISSUED:          0 USEFUL:          0 USELESS:          0
cpu3->cpu3_L2C AVERAGE MISS LATENCY: 199.9 cycles
cpu3->cpu3_L1I TOTAL        ACCESS:    4818985 HIT:    4817346 MISS:       1639 MSHR_MERGE:       1128
cpu3->cpu3_L1I LOAD         ACCESS:    4818985 HIT:    4817346 MISS:       1639 MSHR_MERGE:       1128
cpu3->cpu3_L1I RFO          ACCESS:          0 HIT:          0 MISS:          0 MSHR_MERGE:          0
cpu3->cpu3_L1I PREFETCH     ACCESS:          0 HIT:          0 MISS:          0 MSHR_MERGE:          0
cpu3->cpu3_L1I WRITE        ACCESS:          0 HIT:          0 MISS:          0 MSHR_MERGE:          0
cpu3->cpu3_L1I TRANSLATION  ACCESS:          0 HIT:          0 MISS:          0 MSHR_MERGE:          0
cpu3->cpu3_L1I PREFETCH REQUESTED:          0 ISSUED:          0 USEFUL:          0 USELESS:          0
cpu3->cpu3_L1I AVERAGE MISS LATENCY: 391.4 cycles
cpu3->cpu3_L1D TOTAL        ACCESS:    5058957 HIT:    3710259 MISS:    1348698 MSHR_MERGE:     898407
cpu3->cpu3_L1D LOAD         ACCESS:    3384797 HIT:    2658019 MISS:     726778 MSHR_MERGE:     409907
cpu3->cpu3_L1D RFO          ACCESS:          0 HIT:          0 MISS:          0 MSHR_MERGE:          0
cpu3->cpu3_L1D PREFETCH     ACCESS:          0 HIT:          0 MISS:          0 MSHR_MERGE:          0
cpu3->cpu3_L1D WRITE        ACCESS:    1674160 HIT:    1052240 MISS:     621920 MSHR_MERGE:     488500
cpu3->cpu3_L1D TRANSLATION  ACCESS:          0 HIT:          0 MISS:          0 MSHR_MERGE:          0
cpu3->cpu3_L1D PREFETCH REQUESTED:          0 ISSUED:          0 USEFUL:          0 USELESS:          0
cpu3->cpu3_L1D AVERAGE MISS LATENCY: 132.9 cycles
cpu3->cpu3_ITLB TOTAL        ACCESS:    4236599 HIT:    4236599 MISS:          0 MSHR_MERGE:          0
cpu3->cpu3_ITLB LOAD         ACCESS:    4236599 HIT:    4236599 MISS:          0 MSHR_MERGE:          0
cpu3->cpu3_ITLB RFO          ACCESS:          0 HIT:          0 MISS:          0 MSHR_MERGE:          0
cpu3->cpu3_ITLB PREFETCH     ACCESS:          0 HIT:          0 MISS:          0 MSHR_MERGE:          0
cpu3->cpu3_ITLB WRITE        ACCESS:          0 HIT:          0 MISS:          0 MSHR_MERGE:          0
cpu3->cpu3_ITLB TRANSLATION  ACCESS:          0 HIT:          0 MISS:          0 MSHR_MERGE:          0
cpu3->cpu3_ITLB PREFETCH REQUESTED:          0 ISSUED:          0 USEFUL:          0 USELESS:          0
cpu3->cpu3_ITLB AVERAGE MISS LATENCY: - cycles
cpu3->cpu3_DTLB TOTAL        ACCESS:    4491930 HIT:    4491930 MISS:          0 MSHR_MERGE:          0
cpu3->cpu3_DTLB LOAD         ACCESS:    4491930 HIT:    4491930 MISS:          0 MSHR_MERGE:          0
cpu3->cpu3_DTLB RFO          ACCESS:          0 HIT:          0 MISS:          0 MSHR_MERGE:          0
cpu3->cpu3_DTLB PREFETCH     ACCESS:          0 HIT:          0 MISS:          0 MSHR_MERGE:          0
cpu3->cpu3_DTLB WRITE        ACCESS:          0 HIT:          0 MISS:          0 MSHR_MERGE:          0
cpu3->cpu3_DTLB TRANSLATION  ACCESS:          0 HIT:          0 MISS:          0 MSHR_MERGE:          0
cpu3->cpu3_DTLB PREFETCH REQUESTED:          0 ISSUED:          0 USEFUL:          0 USELESS:          0
cpu3->cpu3_DTLB AVERAGE MISS LATENCY: - cycles
cpu2->cpu2_L2C TOTAL        ACCESS:     639084 HIT:     361061 MISS:     278023 MSHR_MERGE:          0
cpu2->cpu2_L2C LOAD         ACCESS:     315435 HIT:     162870 MISS:     152565 MSHR_MERGE:          0
cpu2->cpu2_L2C RFO          ACCESS:     132420 HIT:       7009 MISS:     125411 MSHR_MERGE:          0
cpu2->cpu2_L2C PREFETCH     ACCESS:          0 HIT:          0 MISS:          0 MSHR_MERGE:          0
cpu2->cpu2_L2C WRITE        ACCESS:     191229 HIT:     191182 MISS:         47 MSHR_MERGE:          0
cpu2->cpu2_L2C TRANSLATION  ACCESS:          0 HIT:          0 MISS:          0 MSHR_MERGE:          0
cpu2->cpu2_L2C PREFETCH REQUESTED:          0 ISSUED:          0 USEFUL:          0 USELESS:          0
cpu2->cpu2_L2C AVERAGE MISS LATENCY: 198.4 cycles
cpu2->cpu2_L1I TOTAL        ACCESS:    4782428 HIT:    4780838 MISS:       1590 MSHR_MERGE:       1080
cpu2->cpu2_L1I LOAD         ACCESS:    4782428 HIT:    4780838 MISS:       1590 MSHR_MERGE:       1080
cpu2->cpu2_L1I RFO          ACCESS:          0 HIT:          0 MISS:          0 MSHR_MERGE:          0
cpu2->cpu2_L1I PREFETCH     ACCESS:          0 HIT:          0 MISS:          0 MSHR_MERGE:          0
cpu2->cpu2_L1I WRITE        ACCESS:          0 HIT:          0 MISS:          0 MSHR_MERGE:          0
cpu2->cpu2_L1I TRANSLATION  ACCESS:          0 HIT:          0 MISS:          0 MSHR_MERGE:          0
cpu2->cpu2_L1I PREFETCH REQUESTED:          0 ISSUED:          0 USEFUL:          0 USELESS:          0
cpu2->cpu2_L1I AVERAGE MISS LATENCY: 461.8 cycles
cpu2->cpu2_L1D TOTAL        ACCESS:    5015855 HIT:    3670363 MISS:    1345492 MSHR_MERGE:     898147
cpu2->cpu2_L1D LOAD         ACCESS:    3350278 HIT:    2629137 MISS:     721141 MSHR_MERGE:     406216
cpu2->cpu2_L1D RFO          ACCESS:          0 HIT:          0 MISS:          0 MSHR_MERGE:          0
cpu2->cpu2_L1D PREFETCH     ACCESS:          0 HIT:          0 MISS:          0 MSHR_MERGE:          0
cpu2->cpu2_L1D WRITE        ACCESS:    1665577 HIT:    1041226 MISS:     624351 MSHR_MERGE:     491931
cpu2->cpu2_L1D TRANSLATION  ACCESS:          0 HIT:          0 MISS:          0 MSHR_MERGE:          0
cpu2->cpu2_L1D PREFETCH REQUESTED:          0 ISSUED:          0 USEFUL:          0 USELESS:          0
cpu2->cpu2_L1D AVERAGE MISS LATENCY: 131.5 cycles
cpu2->cpu2_ITLB TOTAL        ACCESS:    4199173 HIT:    4199173 MISS:          0 MSHR_MERGE:          0
cpu2->cpu2_ITLB LOAD         ACCESS:    4199173 HIT:    4199173 MISS:          0 MSHR_MERGE:          0
cpu2->cpu2_ITLB RFO          ACCESS:          0 HIT:          0 MISS:          0 MSHR_MERGE:          0
cpu2->cpu2_ITLB PREFETCH     ACCESS:          0 HIT:          0 MISS:          0 MSHR_MERGE:          0
cpu2->cpu2_ITLB WRITE        ACCESS:          0 HIT:          0 MISS:          0 MSHR_MERGE:          0
cpu2->cpu2_ITLB TRANSLATION  ACCESS:          0 HIT:          0 MISS:          0 MSHR_MERGE:          0
cpu2->cpu2_ITLB PREFETCH REQUESTED:          0 ISSUED:          0 USEFUL:          0 USELESS:          0
cpu2->cpu2_ITLB AVERAGE MISS LATENCY: - cycles
cpu2->cpu2_DTLB TOTAL        ACCESS:    4446034 HIT:    4446034 MISS:          0 MSHR_MERGE:          0
cpu2->cpu2_DTLB LOAD         ACCESS:    4446034 HIT:    4446034 MISS:          0 MSHR_MERGE:          0
cpu2->cpu2_DTLB RFO          ACCESS:          0 HIT:          0 MISS:          0 MSHR_MERGE:          0
cpu2->cpu2_DTLB PREFETCH     ACCESS:          0 HIT:          0 MISS:          0 MSHR_MERGE:          0
cpu2->cpu2_DTLB WRITE        ACCESS:          0 HIT:          0 MISS:          0 MSHR_MERGE:          0
cpu2->cpu2_DTLB TRANSLATION  ACCESS:          0 HIT:          0 MISS:          0 MSHR_MERGE:          0
cpu2->cpu2_DTLB PREFETCH REQUESTED:          0 ISSUED:          0 USEFUL:          0 USELESS:          0
cpu2->cpu2_DTLB AVERAGE MISS LATENCY: - cycles
cpu1->cpu1_L2C TOTAL        ACCESS:     654882 HIT:     373803 MISS:     281079 MSHR_MERGE:          0
cpu1->cpu1_L2C LOAD         ACCESS:     323277 HIT:     170880 MISS:     152397 MSHR_MERGE:          0
cpu1->cpu1_L2C RFO          ACCESS:     135646 HIT:       7012 MISS:     128634 MSHR_MERGE:          0
cpu1->cpu1_L2C PREFETCH     ACCESS:          0 HIT:          0 MISS:          0 MSHR_MERGE:          0
cpu1->cpu1_L2C WRITE        ACCESS:     195959 HIT:     195911 MISS:         48 MSHR_MERGE:          0
cpu1->cpu1_L2C TRANSLATION  ACCESS:          0 HIT:          0 MISS:          0 MSHR_MERGE:          0
cpu1->cpu1_L2C PREFETCH REQUESTED:          0 ISSUED:          0 USEFUL:          0 USELESS:          0
cpu1->cpu1_L2C AVERAGE MISS LATENCY: 188 cycles
cpu1->cpu1_L1I TOTAL        ACCESS:    4881076 HIT:    4879448 MISS:       1628 MSHR_MERGE:       1122
cpu1->cpu1_L1I LOAD         ACCESS:    4881076 HIT:    4879448 MISS:       1628 MSHR_MERGE:       1122
cpu1->cpu1_L1I RFO          ACCESS:          0 HIT:          0 MISS:          0 MSHR_MERGE:          0
cpu1->cpu1_L1I PREFETCH     ACCESS:          0 HIT:          0 MISS:          0 MSHR_MERGE:          0
cpu1->cpu1_L1I WRITE        ACCESS:          0 HIT:          0 MISS:          0 MSHR_MERGE:          0
cpu1->cpu1_L1I TRANSLATION  ACCESS:          0 HIT:          0 MISS:          0 MSHR_MERGE:          0
cpu1->cpu1_L1I PREFETCH REQUESTED:          0 ISSUED:          0 USEFUL:          0 USELESS:          0
cpu1->cpu1_L1I AVERAGE MISS LATENCY: 444.7 cycles
cpu1->cpu1_L1D TOTAL        ACCESS:    5100374 HIT:    3730714 MISS:    1369660 MSHR_MERGE:     911243
cpu1->cpu1_L1D LOAD         ACCESS:    3410293 HIT:    2677636 MISS:     732657 MSHR_MERGE:     409886
cpu1->cpu1_L1D RFO          ACCESS:          0 HIT:          0 MISS:          0 MSHR_MERGE:          0
cpu1->cpu1_L1D PREFETCH     ACCESS:          0 HIT:          0 MISS:          0 MSHR_MERGE:          0
cpu1->cpu1_L1D WRITE        ACCESS:    1690081 HIT:    1053078 MISS:     637003 MSHR_MERGE:     501357
cpu1->cpu1_L1D TRANSLATION  ACCESS:          0 HIT:          0 MISS:          0 MSHR_MERGE:          0
cpu1->cpu1_L1D PREFETCH REQUESTED:          0 ISSUED:          0 USEFUL:          0 USELESS:          0
cpu1->cpu1_L1D AVERAGE MISS LATENCY: 123.5 cycles
cpu1->cpu1_ITLB TOTAL        ACCESS:    4287654 HIT:    4287654 MISS:          0 MSHR_MERGE:          0
cpu1->cpu1_ITLB LOAD         ACCESS:    4287654 HIT:    4287654 MISS:          0 MSHR_MERGE:          0
cpu1->cpu1_ITLB RFO          ACCESS:          0 HIT:          0 MISS:          0 MSHR_MERGE:          0
cpu1->cpu1_ITLB PREFETCH     ACCESS:          0 HIT:          0 MISS:          0 MSHR_MERGE:          0
cpu1->cpu1_ITLB WRITE        ACCESS:          0 HIT:          0 MISS:          0 MSHR_MERGE:          0
cpu1->cpu1_ITLB TRANSLATION  ACCESS:          0 HIT:          0 MISS:          0 MSHR_MERGE:          0
cpu1->cpu1_ITLB PREFETCH REQUESTED:          0 ISSUED:          0 USEFUL:          0 USELESS:          0
cpu1->cpu1_ITLB AVERAGE MISS LATENCY: - cycles
cpu1->cpu1_DTLB TOTAL        ACCESS:    4514738 HIT:    4514738 MISS:          0 MSHR_MERGE:          0
cpu1->cpu1_DTLB LOAD         ACCESS:    4514738 HIT:    4514738 MISS:          0 MSHR_MERGE:          0
cpu1->cpu1_DTLB RFO          ACCESS:          0 HIT:          0 MISS:          0 MSHR_MERGE:          0
cpu1->cpu1_DTLB PREFETCH     ACCESS:          0 HIT:          0 MISS:          0 MSHR_MERGE:          0
cpu1->cpu1_DTLB WRITE        ACCESS:          0 HIT:          0 MISS:          0 MSHR_MERGE:          0
cpu1->cpu1_DTLB TRANSLATION  ACCESS:          0 HIT:          0 MISS:          0 MSHR_MERGE:          0
cpu1->cpu1_DTLB PREFETCH REQUESTED:          0 ISSUED:          0 USEFUL:          0 USELESS:          0
cpu1->cpu1_DTLB AVERAGE MISS LATENCY: - cycles
cpu0->cpu0_L2C TOTAL        ACCESS:     638714 HIT:     362559 MISS:     276155 MSHR_MERGE:          0
cpu0->cpu0_L2C LOAD         ACCESS:     316361 HIT:     164412 MISS:     151949 MSHR_MERGE:          0
cpu0->cpu0_L2C RFO          ACCESS:     131167 HIT:       7008 MISS:     124159 MSHR_MERGE:          0
cpu0->cpu0_L2C PREFETCH     ACCESS:          0 HIT:          0 MISS:          0 MSHR_MERGE:          0
cpu0->cpu0_L2C WRITE        ACCESS:     191186 HIT:     191139 MISS:         47 MSHR_MERGE:          0
cpu0->cpu0_L2C TRANSLATION  ACCESS:          0 HIT:          0 MISS:          0 MSHR_MERGE:          0
cpu0->cpu0_L2C PREFETCH REQUESTED:          0 ISSUED:          0 USEFUL:          0 USELESS:          0
cpu0->cpu0_L2C AVERAGE MISS LATENCY: 191.5 cycles
cpu0->cpu0_L1I TOTAL        ACCESS:    4745480 HIT:    4743906 MISS:       1574 MSHR_MERGE:       1072
cpu0->cpu0_L1I LOAD         ACCESS:    4745480 HIT:    4743906 MISS:       1574 MSHR_MERGE:       1072
cpu0->cpu0_L1I RFO          ACCESS:          0 HIT:          0 MISS:          0 MSHR_MERGE:          0
cpu0->cpu0_L1I PREFETCH     ACCESS:          0 HIT:          0 MISS:          0 MSHR_MERGE:          0
cpu0->cpu0_L1I WRITE        ACCESS:          0 HIT:          0 MISS:          0 MSHR_MERGE:          0
cpu0->cpu0_L1I TRANSLATION  ACCESS:          0 HIT:          0 MISS:          0 MSHR_MERGE:          0
cpu0->cpu0_L1I PREFETCH REQUESTED:          0 ISSUED:          0 USEFUL:          0 USELESS:          0
cpu0->cpu0_L1I AVERAGE MISS LATENCY: 412 cycles
cpu0->cpu0_L1D TOTAL        ACCESS:    4950643 HIT:    3616050 MISS:    1334593 MSHR_MERGE:     887567
cpu0->cpu0_L1D LOAD         ACCESS:    3315897 HIT:    2594321 MISS:     721576 MSHR_MERGE:     405717
cpu0->cpu0_L1D RFO          ACCESS:          0 HIT:          0 MISS:          0 MSHR_MERGE:          0
cpu0->cpu0_L1D PREFETCH     ACCESS:          0 HIT:          0 MISS:          0 MSHR_MERGE:          0
cpu0->cpu0_L1D WRITE        ACCESS:    1634746 HIT:    1021729 MISS:     613017 MSHR_MERGE:     481850
cpu0->cpu0_L1D TRANSLATION  ACCESS:          0 HIT:          0 MISS:          0 MSHR_MERGE:          0
cpu0->cpu0_L1D PREFETCH REQUESTED:          0 ISSUED:          0 USEFUL:          0 USELESS:          0
cpu0->cpu0_L1D AVERAGE MISS LATENCY: 126.5 cycles
cpu0->cpu0_ITLB TOTAL        ACCESS:    4165740 HIT:    4165740 MISS:          0 MSHR_MERGE:          0
cpu0->cpu0_ITLB LOAD         ACCESS:    4165740 HIT:    4165740 MISS:          0 MSHR_MERGE:          0
cpu0->cpu0_ITLB RFO          ACCESS:          0 HIT:          0 MISS:          0 MSHR_MERGE:          0
cpu0->cpu0_ITLB PREFETCH     ACCESS:          0 HIT:          0 MISS:          0 MSHR_MERGE:          0
cpu0->cpu0_ITLB WRITE        ACCESS:          0 HIT:          0 MISS:          0 MSHR_MERGE:          0
cpu0->cpu0_ITLB TRANSLATION  ACCESS:          0 HIT:          0 MISS:          0 MSHR_MERGE:          0
cpu0->cpu0_ITLB PREFETCH REQUESTED:          0 ISSUED:          0 USEFUL:          0 USELESS:          0
cpu0->cpu0_ITLB AVERAGE MISS LATENCY: - cycles
cpu0->cpu0_DTLB TOTAL        ACCESS:    4397251 HIT:    4397251 MISS:          0 MSHR_MERGE:          0
cpu0->cpu0_DTLB LOAD         ACCESS:    4397251 HIT:    4397251 MISS:          0 MSHR_MERGE:          0
cpu0->cpu0_DTLB RFO          ACCESS:          0 HIT:          0 MISS:          0 MSHR_MERGE:          0
cpu0->cpu0_DTLB PREFETCH     ACCESS:          0 HIT:          0 MISS:          0 MSHR_MERGE:          0
cpu0->cpu0_DTLB WRITE        ACCESS:          0 HIT:          0 MISS:          0 MSHR_MERGE:          0
cpu0->cpu0_DTLB TRANSLATION  ACCESS:          0 HIT:          0 MISS:          0 MSHR_MERGE:          0
cpu0->cpu0_DTLB PREFETCH REQUESTED:          0 ISSUED:          0 USEFUL:          0 USELESS:          0
cpu0->cpu0_DTLB AVERAGE MISS LATENCY: - cycles
cpu0->LLC TOTAL        ACCESS:     426651 HIT:     279668 MISS:     146983 MSHR_MERGE:          0
cpu0->LLC LOAD         ACCESS:     151948 HIT:      77370 MISS:      74578 MSHR_MERGE:          0
cpu0->LLC RFO          ACCESS:     124159 HIT:      62397 MISS:      61762 MSHR_MERGE:          0
cpu0->LLC PREFETCH     ACCESS:          0 HIT:          0 MISS:          0 MSHR_MERGE:          0
cpu0->LLC WRITE        ACCESS:     150544 HIT:     139901 MISS:      10643 MSHR_MERGE:          0
cpu0->LLC TRANSLATION  ACCESS:          0 HIT:          0 MISS:          0 MSHR_MERGE:          0
cpu0->LLC PREFETCH REQUESTED:          0 ISSUED:          0 USEFUL:          0 USELESS:          0
cpu0->LLC AVERAGE MISS LATENCY: 2750 cycles
cpu1->LLC TOTAL        ACCESS:     433879 HIT:     286171 MISS:     147708 MSHR_MERGE:          0
cpu1->LLC LOAD         ACCESS:     152396 HIT:      78324 MISS:      74072 MSHR_MERGE:          0
cpu1->LLC RFO          ACCESS:     128634 HIT:      66035 MISS:      62599 MSHR_MERGE:          0
cpu1->LLC PREFETCH     ACCESS:          0 HIT:          0 MISS:          0 MSHR_MERGE:          0
cpu1->LLC WRITE        ACCESS:     152849 HIT:     141812 MISS:      11037 MSHR_MERGE:          0
cpu1->LLC TRANSLATION  ACCESS:          0 HIT:          0 MISS:          0 MSHR_MERGE:          0
cpu1->LLC PREFETCH REQUESTED:          0 ISSUED:          0 USEFUL:          0 USELESS:          0
cpu1->LLC AVERAGE MISS LATENCY: 2736 cycles
cpu2->LLC TOTAL        ACCESS:     429458 HIT:     283430 MISS:     146028 MSHR_MERGE:          0
cpu2->LLC LOAD         ACCESS:     152565 HIT:      76541 MISS:      76024 MSHR_MERGE:          0
cpu2->LLC RFO          ACCESS:     125411 HIT:      62605 MISS:      62806 MSHR_MERGE:          0
cpu2->LLC PREFETCH     ACCESS:          0 HIT:          0 MISS:          0 MSHR_MERGE:          0
cpu2->LLC WRITE        ACCESS:     151482 HIT:     144284 MISS:       7198 MSHR_MERGE:          0
cpu2->LLC TRANSLATION  ACCESS:          0 HIT:          0 MISS:          0 MSHR_MERGE:          0
cpu2->LLC PREFETCH REQUESTED:          0 ISSUED:          0 USEFUL:          0 USELESS:          0
cpu2->LLC AVERAGE MISS LATENCY: 2768 cycles
cpu3->LLC TOTAL        ACCESS:     433630 HIT:     290004 MISS:     143626 MSHR_MERGE:          0
cpu3->LLC LOAD         ACCESS:     154351 HIT:      78449 MISS:      75902 MSHR_MERGE:          0
cpu3->LLC RFO          ACCESS:     126405 HIT:      65412 MISS:      60993 MSHR_MERGE:          0
cpu3->LLC PREFETCH     ACCESS:          0 HIT:          0 MISS:          0 MSHR_MERGE:          0
cpu3->LLC WRITE        ACCESS:     152874 HIT:     146143 MISS:       6731 MSHR_MERGE:          0
cpu3->LLC TRANSLATION  ACCESS:          0 HIT:          0 MISS:          0 MSHR_MERGE:          0
cpu3->LLC PREFETCH REQUESTED:          0 ISSUED:          0 USEFUL:          0 USELESS:          0
cpu3->LLC AVERAGE MISS LATENCY: 2814 cycles
cpu4->LLC TOTAL        ACCESS:     441198 HIT:     297270 MISS:     143928 MSHR_MERGE:          0
cpu4->LLC LOAD         ACCESS:     158089 HIT:      86714 MISS:      71375 MSHR_MERGE:          0
cpu4->LLC RFO          ACCESS:     127583 HIT:      63976 MISS:      63607 MSHR_MERGE:          0
cpu4->LLC PREFETCH     ACCESS:          0 HIT:          0 MISS:          0 MSHR_MERGE:          0
cpu4->LLC WRITE        ACCESS:     155526 HIT:     146580 MISS:       8946 MSHR_MERGE:          0
cpu4->LLC TRANSLATION  ACCESS:          0 HIT:          0 MISS:          0 MSHR_MERGE:          0
cpu4->LLC PREFETCH REQUESTED:          0 ISSUED:          0 USEFUL:          0 USELESS:          0
cpu4->LLC AVERAGE MISS LATENCY: 2808 cycles
cpu5->LLC TOTAL        ACCESS:     444722 HIT:     301887 MISS:     142835 MSHR_MERGE:          0
cpu5->LLC LOAD         ACCESS:     159404 HIT:      84683 MISS:      74721 MSHR_MERGE:          0
cpu5->LLC RFO          ACCESS:     127866 HIT:      65540 MISS:      62326 MSHR_MERGE:          0
cpu5->LLC PREFETCH     ACCESS:          0 HIT:          0 MISS:          0 MSHR_MERGE:          0
cpu5->LLC WRITE        ACCESS:     157452 HIT:     151664 MISS:       5788 MSHR_MERGE:          0
cpu5->LLC TRANSLATION  ACCESS:          0 HIT:          0 MISS:          0 MSHR_MERGE:          0
cpu5->LLC PREFETCH REQUESTED:          0 ISSUED:          0 USEFUL:          0 USELESS:          0
cpu5->LLC AVERAGE MISS LATENCY: 2830 cycles
cpu6->LLC TOTAL        ACCESS:     447026 HIT:     304948 MISS:     142078 MSHR_MERGE:          0
cpu6->LLC LOAD         ACCESS:     160072 HIT:      86068 MISS:      74004 MSHR_MERGE:          0
cpu6->LLC RFO          ACCESS:     128368 HIT:      66324 MISS:      62044 MSHR_MERGE:          0
cpu6->LLC PREFETCH     ACCESS:          0 HIT:          0 MISS:          0 MSHR_MERGE:          0
cpu6->LLC WRITE        ACCESS:     158586 HIT:     152556 MISS:       6030 MSHR_MERGE:          0
cpu6->LLC TRANSLATION  ACCESS:          0 HIT:          0 MISS:          0 MSHR_MERGE:          0
cpu6->LLC PREFETCH REQUESTED:          0 ISSUED:          0 USEFUL:          0 USELESS:          0
cpu6->LLC AVERAGE MISS LATENCY: 2845 cycles
cpu7->LLC TOTAL        ACCESS:     448818 HIT:     307759 MISS:     141059 MSHR_MERGE:          0
cpu7->LLC LOAD         ACCESS:     160542 HIT:      87844 MISS:      72698 MSHR_MERGE:          0
cpu7->LLC RFO          ACCESS:     128390 HIT:      65574 MISS:      62816 MSHR_MERGE:          0
cpu7->LLC PREFETCH     ACCESS:          0 HIT:          0 MISS:          0 MSHR_MERGE:          0
cpu7->LLC WRITE        ACCESS:     159886 HIT:     154341 MISS:       5545 MSHR_MERGE:          0
cpu7->LLC TRANSLATION  ACCESS:          0 HIT:          0 MISS:          0 MSHR_MERGE:          0
cpu7->LLC PREFETCH REQUESTED:          0 ISSUED:          0 USEFUL:          0 USELESS:          0
cpu7->LLC AVERAGE MISS LATENCY: 2865 cycles

DRAM Statistics

Channel 0 READ REQS:     546413	WRITE REQS:     372834
  READS:     546333	READ_HITS:          0
  WRITES:     372824	WRITE HITS:          0
  ACTIVATES:     919162	PRECHARGES:     919157
  RQ FULL:          0	WQ FULL:       3727
  WRITE DRAINS:      14455	FORCED:       7321
  MEAN WRITE IMBALANCE: 1.9041854029747491
  READ OCCU PRE DRAIN: 4.245382220684884	POST DRAIN: 9.443860255966793
  MEAN WLP: 16.103770321687996
  READ LATENCY: 89.81183271008707
  TIME IN WRITE MODE: 1995688032

Channel 1 READ REQS:     545914	WRITE REQS:     372430
  READS:     545835	READ_HITS:          0
  WRITES:     372421	WRITE HITS:          0
  ACTIVATES:     918258	PRECHARGES:     918256
  RQ FULL:          0	WQ FULL:       3675
  WRITE DRAINS:      14529	FORCED:       7229
  MEAN WRITE IMBALANCE: 1.8981347649528528
  READ OCCU PRE DRAIN: 4.1547938605547525	POST DRAIN: 9.227063115149011
  MEAN WLP: 16.012664326519374
  READ LATENCY: 88.94326124195041
  TIME IN WRITE MODE: 1995619808
BARD NON LRU EVICTS: 0	TOTAL EVICTS: 2141430	EAGER WB: 344858
