[VMEM] WARNING: physical memory size is smaller than virtual memory size.

*** ChampSim Multicore Out-of-Order Simulator ***
Warmup Instructions: 25000000
Simulation Instructions: 25000000
Number of CPUs: 8
Page size: 2097152

initializing BARD -- num sampled sets: 64, modulus = 256
CL :	 16.64 ns
CWL :	 15.808 ns
tRP :	 16.224 ns
tRCD :	 16.224 ns
tRAS :	 32.032000000000004 ns
tRTP :	 7.904 ns
tWR :	 30.368000000000002 ns

tCCD_S :	 3.3280000000000003 ns
tCCD_S_WR :	 3.3280000000000003 ns
tCCD_S_WTR :	 22.048000000000002 ns
tCCD_L :	 5.408 ns
tCCD_L_WR :	 20.384 ns
tCCD_L_WTR :	 29.536 ns
tRRD_S :	 3.3280000000000003 ns
tRRD_L :	 5.408 ns
tFAW :	 13.728 ns
Address mapping (perm = 1) 	ch co bg bg bg ba ba co co co co co co ro ro ro ro ro ro ro ro ro ro ro ro ro ro ro 
dram queue size: R = 64 W = 48 (low:high is 9:39)
num evicts: 0, p: 0, s: 0 	 max proactive lookup: 15, max shadow lookup: 16
current cycle = 16928, last update cycle = 0, delta = 16928
	load umon |	misses = 67, hits= 1 0 0 0 0 0 0 0 0 0 0 0 0 0 0 5
	write umon |	misses = 0, hits= 0 0 0 0 0 0 0 0 0 0 0 0 0 0 0 0
num evicts: 100000, p: 0, s: 7874 	 max proactive lookup: 16, max shadow lookup: 16
current cycle = 551642, last update cycle = 0, delta = 551642
	load umon |	misses = 1313, hits= 1 0 0 0 0 0 0 0 0 0 0 0 0 0 0 5
	write umon |	misses = 224, hits= 0 0 0 0 0 0 0 0 0 0 0 0 0 0 0 0
num evicts: 200000, p: 0, s: 15441 	 max proactive lookup: 16, max shadow lookup: 16
current cycle = 762165, last update cycle = 0, delta = 762165
	load umon |	misses = 1783, hits= 1 0 0 0 0 0 0 0 0 0 0 0 0 0 0 12
	write umon |	misses = 481, hits= 0 0 0 0 0 0 0 0 0 0 0 0 0 0 0 0
num evicts: 300000, p: 0, s: 22010 	 max proactive lookup: 16, max shadow lookup: 16
current cycle = 937164, last update cycle = 0, delta = 937164
	load umon |	misses = 2170, hits= 1 0 0 0 0 0 0 0 0 0 0 0 0 0 0 12
	write umon |	misses = 767, hits= 0 0 0 0 0 0 0 0 0 0 0 0 0 0 0 0
num evicts: 400000, p: 0, s: 30958 	 max proactive lookup: 16, max shadow lookup: 16
current cycle = 1112148, last update cycle = 0, delta = 1112148
	load umon |	misses = 2569, hits= 1 0 0 0 0 0 0 0 0 0 0 0 0 0 0 12
	write umon |	misses = 1070, hits= 0 0 0 0 0 0 0 0 0 0 0 0 0 0 0 0
num evicts: 500000, p: 0, s: 40780 	 max proactive lookup: 16, max shadow lookup: 16
current cycle = 1287152, last update cycle = 0, delta = 1287152
	load umon |	misses = 2958, hits= 1 0 0 0 0 0 0 0 0 0 0 0 0 0 0 12
	write umon |	misses = 1363, hits= 0 0 0 0 0 0 0 0 0 0 0 0 0 0 0 0
num evicts: 600000, p: 0, s: 50007 	 max proactive lookup: 16, max shadow lookup: 16
current cycle = 1462162, last update cycle = 0, delta = 1462162
	load umon |	misses = 3353, hits= 1 0 0 0 0 0 0 0 0 0 0 0 0 0 0 12
	write umon |	misses = 1661, hits= 0 0 0 0 0 0 0 0 0 0 0 0 0 0 0 0
num evicts: 700000, p: 0, s: 59708 	 max proactive lookup: 16, max shadow lookup: 16
current cycle = 1637161, last update cycle = 0, delta = 1637161
	load umon |	misses = 3748, hits= 1 0 0 0 0 0 0 0 0 0 0 0 0 0 6 13
	write umon |	misses = 1953, hits= 0 0 0 0 0 0 0 0 0 0 0 0 0 0 0 0
num evicts: 800000, p: 0, s: 68988 	 max proactive lookup: 16, max shadow lookup: 16
current cycle = 1812167, last update cycle = 0, delta = 1812167
	load umon |	misses = 4121, hits= 1 0 0 0 0 0 0 0 0 0 0 0 0 0 6 13
	write umon |	misses = 2229, hits= 0 0 0 0 0 0 0 0 0 0 0 0 0 0 0 0
num evicts: 900000, p: 0, s: 78562 	 max proactive lookup: 16, max shadow lookup: 16
current cycle = 1987151, last update cycle = 0, delta = 1987151
	load umon |	misses = 4529, hits= 1 0 0 0 0 0 0 0 0 0 0 0 0 0 6 13
	write umon |	misses = 2541, hits= 0 0 0 0 0 0 0 0 0 0 0 0 0 0 0 0
num evicts: 1000000, p: 0, s: 88043 	 max proactive lookup: 16, max shadow lookup: 16
current cycle = 2162155, last update cycle = 0, delta = 2162155
	load umon |	misses = 4928, hits= 1 0 0 0 0 0 0 0 0 0 0 0 0 0 6 13
	write umon |	misses = 2836, hits= 0 0 0 0 0 0 0 0 0 0 0 0 0 0 0 0
num evicts: 1100000, p: 0, s: 97294 	 max proactive lookup: 16, max shadow lookup: 16
current cycle = 2337155, last update cycle = 0, delta = 2337155
	load umon |	misses = 5301, hits= 1 0 0 0 0 0 0 0 0 0 0 0 0 0 6 13
	write umon |	misses = 3120, hits= 0 0 0 0 0 0 0 0 0 0 0 0 0 0 0 0
num evicts: 1200000, p: 0, s: 106464 	 max proactive lookup: 16, max shadow lookup: 16
current cycle = 2512149, last update cycle = 0, delta = 2512149
	load umon |	misses = 5705, hits= 1 0 0 0 0 0 0 0 0 0 0 0 0 0 6 13
	write umon |	misses = 3416, hits= 0 0 0 0 0 0 0 0 0 0 0 0 0 0 0 0
num evicts: 1300000, p: 0, s: 115330 	 max proactive lookup: 16, max shadow lookup: 16
current cycle = 2687170, last update cycle = 0, delta = 2687170
	load umon |	misses = 6085, hits= 1 0 0 0 0 0 0 0 0 0 0 0 0 0 12 14
	write umon |	misses = 3704, hits= 0 0 0 0 0 0 0 0 0 0 0 0 0 0 0 0
num evicts: 1400000, p: 0, s: 124393 	 max proactive lookup: 16, max shadow lookup: 16
current cycle = 2862153, last update cycle = 0, delta = 2862153
	load umon |	misses = 6478, hits= 1 0 0 0 0 0 0 0 0 0 0 0 0 0 12 14
	write umon |	misses = 4001, hits= 0 0 0 0 0 0 0 0 0 0 0 0 0 0 0 0
num evicts: 1500000, p: 0, s: 133700 	 max proactive lookup: 16, max shadow lookup: 16
current cycle = 3037149, last update cycle = 0, delta = 3037149
	load umon |	misses = 6874, hits= 1 0 0 0 0 0 0 0 0 0 0 0 0 0 12 14
	write umon |	misses = 4300, hits= 0 0 0 0 0 0 0 0 0 0 0 0 0 0 0 0
num evicts: 1600000, p: 0, s: 142955 	 max proactive lookup: 16, max shadow lookup: 16
current cycle = 3212153, last update cycle = 0, delta = 3212153
	load umon |	misses = 7256, hits= 1 0 0 0 0 0 0 0 0 0 0 0 0 0 12 14
	write umon |	misses = 4584, hits= 0 0 0 0 0 0 0 0 0 0 0 0 0 0 0 0
num evicts: 1700000, p: 0, s: 152008 	 max proactive lookup: 16, max shadow lookup: 16
current cycle = 3387153, last update cycle = 0, delta = 3387153
	load umon |	misses = 7652, hits= 1 0 0 0 0 0 0 0 0 0 0 0 0 0 18 15
	write umon |	misses = 4881, hits= 0 0 0 0 0 0 0 0 0 0 0 0 0 0 0 0
num evicts: 1800000, p: 0, s: 160838 	 max proactive lookup: 16, max shadow lookup: 16
current cycle = 3562136, last update cycle = 0, delta = 3562136
	load umon |	misses = 8054, hits= 1 0 0 0 0 0 0 0 0 0 0 0 0 0 18 15
	write umon |	misses = 5184, hits= 0 0 0 0 0 0 0 0 0 0 0 0 0 0 0 0
num evicts: 1900000, p: 0, s: 169914 	 max proactive lookup: 16, max shadow lookup: 16
current cycle = 3737133, last update cycle = 0, delta = 3737133
	load umon |	misses = 8431, hits= 1 0 0 0 0 0 0 0 0 0 0 0 0 0 18 15
	write umon |	misses = 5465, hits= 0 0 0 0 0 0 0 0 0 0 0 0 0 0 0 0
num evicts: 2000000, p: 0, s: 179421 	 max proactive lookup: 16, max shadow lookup: 16
current cycle = 3912127, last update cycle = 0, delta = 3912127
	load umon |	misses = 8827, hits= 1 0 0 0 0 0 0 0 0 0 0 0 0 0 18 15
	write umon |	misses = 5765, hits= 0 0 0 0 0 0 0 0 0 0 0 0 0 0 0 0
num evicts: 2100000, p: 0, s: 188935 	 max proactive lookup: 16, max shadow lookup: 16
current cycle = 4087125, last update cycle = 0, delta = 4087125
	load umon |	misses = 9222, hits= 1 0 0 0 0 0 0 0 0 0 0 0 0 0 18 15
	write umon |	misses = 6056, hits= 0 0 0 0 0 0 0 0 0 0 0 0 0 0 0 0
num evicts: 2200000, p: 0, s: 198203 	 max proactive lookup: 16, max shadow lookup: 16
current cycle = 4262130, last update cycle = 0, delta = 4262130
	load umon |	misses = 9598, hits= 1 0 0 0 0 0 0 0 0 0 0 0 0 0 18 15
	write umon |	misses = 6336, hits= 0 0 0 0 0 0 0 0 0 0 0 0 0 0 0 0
num evicts: 2300000, p: 0, s: 207634 	 max proactive lookup: 16, max shadow lookup: 16
current cycle = 4437134, last update cycle = 0, delta = 4437134
	load umon |	misses = 10015, hits= 1 0 0 0 0 0 0 0 0 0 0 0 0 0 24 16
	write umon |	misses = 6648, hits= 0 0 0 0 0 0 0 0 0 0 0 0 0 0 0 0
num evicts: 2400000, p: 0, s: 216724 	 max proactive lookup: 16, max shadow lookup: 16
current cycle = 4612124, last update cycle = 0, delta = 4612124
	load umon |	misses = 10392, hits= 1 0 0 0 0 0 0 0 0 0 0 0 0 0 24 16
	write umon |	misses = 6925, hits= 0 0 0 0 0 0 0 0 0 0 0 0 0 0 0 0
num evicts: 2500000, p: 0, s: 226406 	 max proactive lookup: 16, max shadow lookup: 16
current cycle = 4787099, last update cycle = 0, delta = 4787099
	load umon |	misses = 10774, hits= 1 0 0 0 0 0 0 0 0 0 0 0 0 0 24 16
	write umon |	misses = 7222, hits= 0 0 0 0 0 0 0 0 0 0 0 0 0 0 0 0
num evicts: 2600000, p: 0, s: 236184 	 max proactive lookup: 16, max shadow lookup: 16
current cycle = 4962132, last update cycle = 0, delta = 4962132
	load umon |	misses = 11178, hits= 1 0 0 0 0 0 0 0 0 0 0 0 0 0 24 16
	write umon |	misses = 7520, hits= 0 0 0 0 0 0 0 0 0 0 0 0 0 0 0 0
num evicts: 2700000, p: 0, s: 245626 	 max proactive lookup: 16, max shadow lookup: 16
current cycle = 5137124, last update cycle = 5000000, delta = 137124
	load umon |	misses = 5928, hits= 0 0 0 0 0 0 0 0 0 0 0 0 0 0 12 8
	write umon |	misses = 4012, hits= 0 0 0 0 0 0 0 0 0 0 0 0 0 0 0 0
num evicts: 2800000, p: 0, s: 255522 	 max proactive lookup: 16, max shadow lookup: 16
current cycle = 5312128, last update cycle = 5000000, delta = 312128
	load umon |	misses = 6321, hits= 0 0 0 0 0 0 0 0 0 0 0 0 0 1 17 9
	write umon |	misses = 4309, hits= 0 0 0 0 0 0 0 0 0 0 0 0 0 0 0 0
num evicts: 2900000, p: 0, s: 265075 	 max proactive lookup: 16, max shadow lookup: 16
current cycle = 5487130, last update cycle = 5000000, delta = 487130
	load umon |	misses = 6725, hits= 0 0 0 0 0 0 0 0 0 0 0 0 0 1 17 9
	write umon |	misses = 4615, hits= 0 0 0 0 0 0 0 0 0 0 0 0 0 0 0 0
num evicts: 3000000, p: 0, s: 275094 	 max proactive lookup: 16, max shadow lookup: 16
current cycle = 5662131, last update cycle = 5000000, delta = 662131
	load umon |	misses = 7106, hits= 0 0 0 0 0 0 0 0 0 0 0 0 0 1 17 9
	write umon |	misses = 4899, hits= 0 0 0 0 0 0 0 0 0 0 0 0 0 0 0 0
num evicts: 3100000, p: 0, s: 285314 	 max proactive lookup: 16, max shadow lookup: 16
current cycle = 5837127, last update cycle = 5000000, delta = 837127
	load umon |	misses = 7501, hits= 0 0 0 0 0 0 0 0 0 0 0 0 0 1 17 9
	write umon |	misses = 5195, hits= 0 0 0 0 0 0 0 0 0 0 0 0 0 0 0 0
num evicts: 3200000, p: 0, s: 295372 	 max proactive lookup: 16, max shadow lookup: 16
current cycle = 6012125, last update cycle = 5000000, delta = 1012125
	load umon |	misses = 7889, hits= 0 0 0 0 0 0 0 0 0 0 0 0 0 1 17 9
	write umon |	misses = 5484, hits= 0 0 0 0 0 0 0 0 0 0 0 0 0 0 0 0
num evicts: 3300000, p: 0, s: 305668 	 max proactive lookup: 16, max shadow lookup: 16
current cycle = 6187136, last update cycle = 5000000, delta = 1187136
	load umon |	misses = 8275, hits= 0 0 0 0 0 0 0 0 0 0 0 0 0 1 17 9
	write umon |	misses = 5774, hits= 0 0 0 0 0 0 0 0 0 0 0 0 0 0 0 0
Heartbeat CPU 0 instructions: 10000003 cycles: 6236063 heartbeat IPC: 1.604 cumulative IPC: 1.604 (Simulation time: 00 hr 21 min 33 sec)
Heartbeat CPU 1 instructions: 10000003 cycles: 6237491 heartbeat IPC: 1.603 cumulative IPC: 1.603 (Simulation time: 00 hr 21 min 33 sec)
Heartbeat CPU 2 instructions: 10000003 cycles: 6237626 heartbeat IPC: 1.603 cumulative IPC: 1.603 (Simulation time: 00 hr 21 min 33 sec)
Heartbeat CPU 3 instructions: 10000003 cycles: 6238108 heartbeat IPC: 1.603 cumulative IPC: 1.603 (Simulation time: 00 hr 21 min 33 sec)
Heartbeat CPU 4 instructions: 10000003 cycles: 6239229 heartbeat IPC: 1.603 cumulative IPC: 1.603 (Simulation time: 00 hr 21 min 33 sec)
Heartbeat CPU 5 instructions: 10000003 cycles: 6239678 heartbeat IPC: 1.603 cumulative IPC: 1.603 (Simulation time: 00 hr 21 min 33 sec)
Heartbeat CPU 6 instructions: 10000003 cycles: 6240302 heartbeat IPC: 1.602 cumulative IPC: 1.602 (Simulation time: 00 hr 21 min 34 sec)
Heartbeat CPU 7 instructions: 10000003 cycles: 6240783 heartbeat IPC: 1.602 cumulative IPC: 1.602 (Simulation time: 00 hr 21 min 34 sec)
num evicts: 3400000, p: 0, s: 315729 	 max proactive lookup: 16, max shadow lookup: 16
current cycle = 6362119, last update cycle = 5000000, delta = 1362119
	load umon |	misses = 8692, hits= 0 0 0 0 0 0 0 0 0 0 0 0 0 1 17 16
	write umon |	misses = 6086, hits= 0 0 0 0 0 0 0 0 0 0 0 0 0 0 0 0
num evicts: 3500000, p: 0, s: 325681 	 max proactive lookup: 16, max shadow lookup: 16
current cycle = 6537119, last update cycle = 5000000, delta = 1537119
	load umon |	misses = 9073, hits= 0 0 0 0 0 0 0 0 0 0 0 0 0 1 17 16
	write umon |	misses = 6371, hits= 0 0 0 0 0 0 0 0 0 0 0 0 0 0 0 0
num evicts: 3600000, p: 0, s: 335808 	 max proactive lookup: 16, max shadow lookup: 16
current cycle = 6712118, last update cycle = 5000000, delta = 1712118
	load umon |	misses = 9448, hits= 0 0 0 0 0 0 0 0 0 0 0 0 0 1 17 16
	write umon |	misses = 6651, hits= 0 0 0 0 0 0 0 0 0 0 0 0 0 0 0 0
num evicts: 3700000, p: 0, s: 346098 	 max proactive lookup: 16, max shadow lookup: 16
current cycle = 6887118, last update cycle = 5000000, delta = 1887118
	load umon |	misses = 9849, hits= 0 0 0 0 0 0 0 0 0 0 0 0 0 1 17 16
	write umon |	misses = 6947, hits= 0 0 0 0 0 0 0 0 0 0 0 0 0 0 0 0
num evicts: 3800000, p: 0, s: 356249 	 max proactive lookup: 16, max shadow lookup: 16
current cycle = 7062132, last update cycle = 5000000, delta = 2062132
	load umon |	misses = 10230, hits= 0 0 0 0 0 0 0 0 0 0 0 0 0 1 24 16
	write umon |	misses = 7240, hits= 0 0 0 0 0 0 0 0 0 0 0 0 0 0 0 0
num evicts: 3900000, p: 0, s: 366467 	 max proactive lookup: 16, max shadow lookup: 16
current cycle = 7237117, last update cycle = 5000000, delta = 2237117
	load umon |	misses = 10625, hits= 0 0 0 0 0 0 0 0 0 0 0 0 0 1 24 16
	write umon |	misses = 7538, hits= 0 0 0 0 0 0 0 0 0 0 0 0 0 0 0 0
num evicts: 4000000, p: 0, s: 376371 	 max proactive lookup: 16, max shadow lookup: 16
current cycle = 7412113, last update cycle = 5000000, delta = 2412113
	load umon |	misses = 11028, hits= 0 0 0 0 0 0 0 0 0 0 0 0 0 1 24 16
	write umon |	misses = 7835, hits= 0 0 0 0 0 0 0 0 0 0 0 0 0 0 0 0
num evicts: 4100000, p: 0, s: 386457 	 max proactive lookup: 16, max shadow lookup: 16
current cycle = 7587121, last update cycle = 5000000, delta = 2587121
	load umon |	misses = 11402, hits= 0 0 0 0 0 0 0 0 0 0 0 0 0 1 24 16
	write umon |	misses = 8115, hits= 0 0 0 0 0 0 0 0 0 0 0 0 0 0 0 0
num evicts: 4200000, p: 0, s: 396555 	 max proactive lookup: 16, max shadow lookup: 16
current cycle = 7762123, last update cycle = 5000000, delta = 2762123
	load umon |	misses = 11794, hits= 0 0 0 0 0 0 0 0 0 0 0 0 0 1 24 16
	write umon |	misses = 8411, hits= 0 0 0 0 0 0 0 0 0 0 0 0 0 0 0 0
num evicts: 4300000, p: 0, s: 406562 	 max proactive lookup: 16, max shadow lookup: 16
current cycle = 7937118, last update cycle = 5000000, delta = 2937118
	load umon |	misses = 12189, hits= 0 0 0 0 0 0 0 0 0 0 0 0 0 1 24 16
	write umon |	misses = 8710, hits= 0 0 0 0 0 0 0 0 0 0 0 0 0 0 0 0
num evicts: 4400000, p: 0, s: 416870 	 max proactive lookup: 16, max shadow lookup: 16
current cycle = 8112136, last update cycle = 5000000, delta = 3112136
	load umon |	misses = 12568, hits= 0 0 0 0 0 0 0 0 0 0 0 0 0 1 24 23
	write umon |	misses = 8993, hits= 0 0 0 0 0 0 0 0 0 0 0 0 0 0 0 0
num evicts: 4500000, p: 0, s: 426723 	 max proactive lookup: 16, max shadow lookup: 16
current cycle = 8287129, last update cycle = 5000000, delta = 3287129
	load umon |	misses = 12984, hits= 0 0 0 0 0 0 0 0 0 0 0 0 0 1 24 23
	write umon |	misses = 9307, hits= 0 0 0 0 0 0 0 0 0 0 0 0 0 0 0 0
num evicts: 4600000, p: 0, s: 437042 	 max proactive lookup: 16, max shadow lookup: 16
current cycle = 8462129, last update cycle = 5000000, delta = 3462129
	load umon |	misses = 13364, hits= 0 0 0 0 0 0 0 0 0 0 0 0 0 1 24 23
	write umon |	misses = 9588, hits= 0 0 0 0 0 0 0 0 0 0 0 0 0 0 0 0
num evicts: 4700000, p: 0, s: 447437 	 max proactive lookup: 16, max shadow lookup: 16
current cycle = 8637130, last update cycle = 5000000, delta = 3637130
	load umon |	misses = 13748, hits= 0 0 0 0 0 0 0 0 0 0 0 0 0 1 24 23
	write umon |	misses = 9876, hits= 0 0 0 0 0 0 0 0 0 0 0 0 0 0 0 0
num evicts: 4800000, p: 0, s: 457702 	 max proactive lookup: 16, max shadow lookup: 16
current cycle = 8812126, last update cycle = 5000000, delta = 3812126
	load umon |	misses = 14146, hits= 0 0 0 0 0 0 0 0 0 0 0 0 0 1 24 23
	write umon |	misses = 10170, hits= 0 0 0 0 0 0 0 0 0 0 0 0 0 0 0 0
num evicts: 4900000, p: 0, s: 467831 	 max proactive lookup: 16, max shadow lookup: 16
current cycle = 8987140, last update cycle = 5000000, delta = 3987140
	load umon |	misses = 14532, hits= 0 0 0 0 0 0 0 0 0 0 0 0 0 3 27 25
	write umon |	misses = 10468, hits= 0 0 0 0 0 0 0 0 0 0 0 0 0 0 0 0
num evicts: 5000000, p: 0, s: 477412 	 max proactive lookup: 16, max shadow lookup: 16
current cycle = 9162137, last update cycle = 5000000, delta = 4162137
	load umon |	misses = 14931, hits= 0 0 0 0 0 0 0 0 0 0 0 0 0 3 27 25
	write umon |	misses = 10763, hits= 0 0 0 0 0 0 0 0 0 0 0 0 0 0 0 0
num evicts: 5100000, p: 0, s: 487361 	 max proactive lookup: 16, max shadow lookup: 16
current cycle = 9337135, last update cycle = 5000000, delta = 4337135
	load umon |	misses = 15324, hits= 0 0 0 0 0 0 0 0 0 0 0 0 0 3 27 25
	write umon |	misses = 11051, hits= 0 0 0 0 0 0 0 0 0 0 0 0 0 0 0 0
num evicts: 5200000, p: 0, s: 497273 	 max proactive lookup: 16, max shadow lookup: 16
current cycle = 9512139, last update cycle = 5000000, delta = 4512139
	load umon |	misses = 15702, hits= 0 0 0 0 0 0 0 0 0 0 0 0 0 3 27 25
	write umon |	misses = 11341, hits= 0 0 0 0 0 0 0 0 0 0 0 0 0 0 0 0
num evicts: 5300000, p: 0, s: 506910 	 max proactive lookup: 16, max shadow lookup: 16
current cycle = 9687140, last update cycle = 5000000, delta = 4687140
	load umon |	misses = 16093, hits= 0 0 0 0 0 0 0 0 0 0 0 0 0 3 27 25
	write umon |	misses = 11636, hits= 0 0 0 0 0 0 0 0 0 0 0 0 0 0 0 0
num evicts: 5400000, p: 0, s: 516445 	 max proactive lookup: 16, max shadow lookup: 16
current cycle = 9862142, last update cycle = 5000000, delta = 4862142
	load umon |	misses = 16484, hits= 0 0 0 0 0 0 0 0 0 0 0 0 0 3 27 25
	write umon |	misses = 11931, hits= 0 0 0 0 0 0 0 0 0 0 0 0 0 0 0 0
num evicts: 5500000, p: 0, s: 525440 	 max proactive lookup: 16, max shadow lookup: 16
current cycle = 10037145, last update cycle = 10000004, delta = 37141
	load umon |	misses = 8457, hits= 0 0 0 0 0 0 0 0 0 0 0 0 0 1 13 16
	write umon |	misses = 6125, hits= 0 0 0 0 0 0 0 0 0 0 0 0 0 0 0 0
num evicts: 5600000, p: 0, s: 534709 	 max proactive lookup: 16, max shadow lookup: 16
current cycle = 10212146, last update cycle = 10000004, delta = 212142
	load umon |	misses = 8866, hits= 0 0 0 0 0 0 0 0 0 0 0 0 0 1 13 16
	write umon |	misses = 6429, hits= 0 0 0 0 0 0 0 0 0 0 0 0 0 0 0 0
num evicts: 5700000, p: 0, s: 544633 	 max proactive lookup: 16, max shadow lookup: 16
current cycle = 10387129, last update cycle = 10000004, delta = 387125
	load umon |	misses = 9257, hits= 0 0 0 0 0 0 0 0 0 0 0 0 0 1 13 16
	write umon |	misses = 6724, hits= 0 0 0 0 0 0 0 0 0 0 0 0 0 0 0 0
num evicts: 5800000, p: 0, s: 554330 	 max proactive lookup: 16, max shadow lookup: 16
current cycle = 10562120, last update cycle = 10000004, delta = 562116
	load umon |	misses = 9649, hits= 0 0 0 0 0 0 0 0 0 0 0 0 0 1 13 16
	write umon |	misses = 7020, hits= 0 0 0 0 0 0 0 0 0 0 0 0 0 0 0 0
num evicts: 5900000, p: 0, s: 564052 	 max proactive lookup: 16, max shadow lookup: 16
current cycle = 10737126, last update cycle = 10000004, delta = 737122
	load umon |	misses = 10051, hits= 0 0 0 0 0 0 0 0 0 0 0 0 0 1 20 16
	write umon |	misses = 7318, hits= 0 0 0 0 0 0 0 0 0 0 0 0 0 0 0 0
num evicts: 6000000, p: 0, s: 573890 	 max proactive lookup: 16, max shadow lookup: 16
current cycle = 10912119, last update cycle = 10000004, delta = 912115
	load umon |	misses = 10415, hits= 0 0 0 0 0 0 0 0 0 0 0 0 0 1 20 16
	write umon |	misses = 7590, hits= 0 0 0 0 0 0 0 0 0 0 0 0 0 0 0 0
num evicts: 6100000, p: 0, s: 583432 	 max proactive lookup: 16, max shadow lookup: 16
current cycle = 11087118, last update cycle = 10000004, delta = 1087114
	load umon |	misses = 10818, hits= 0 0 0 0 0 0 0 0 0 0 0 0 0 1 20 16
	write umon |	misses = 7892, hits= 0 0 0 0 0 0 0 0 0 0 0 0 0 0 0 0
num evicts: 6200000, p: 0, s: 593187 	 max proactive lookup: 16, max shadow lookup: 16
current cycle = 11262117, last update cycle = 10000004, delta = 1262113
	load umon |	misses = 11216, hits= 0 0 0 0 0 0 0 0 0 0 0 0 0 1 20 16
	write umon |	misses = 8186, hits= 0 0 0 0 0 0 0 0 0 0 0 0 0 0 0 0
num evicts: 6300000, p: 0, s: 603079 	 max proactive lookup: 16, max shadow lookup: 16
current cycle = 11437122, last update cycle = 10000004, delta = 1437118
	load umon |	misses = 11596, hits= 0 0 0 0 0 0 0 0 0 0 0 0 0 1 20 16
	write umon |	misses = 8478, hits= 0 0 0 0 0 0 0 0 0 0 0 0 0 0 0 0
num evicts: 6400000, p: 0, s: 612643 	 max proactive lookup: 16, max shadow lookup: 16
current cycle = 11612121, last update cycle = 10000004, delta = 1612117
	load umon |	misses = 11998, hits= 0 0 0 0 0 0 0 0 0 0 0 0 0 1 20 16
	write umon |	misses = 8781, hits= 0 0 0 0 0 0 0 0 0 0 0 0 0 0 0 0
num evicts: 6500000, p: 0, s: 621820 	 max proactive lookup: 16, max shadow lookup: 16
current cycle = 11787141, last update cycle = 10000004, delta = 1787137
	load umon |	misses = 12384, hits= 0 0 0 0 0 0 0 0 0 0 0 0 0 1 27 16
	write umon |	misses = 9069, hits= 0 0 0 0 0 0 0 0 0 0 0 0 0 0 0 0
num evicts: 6600000, p: 0, s: 631023 	 max proactive lookup: 16, max shadow lookup: 16
current cycle = 11962099, last update cycle = 10000004, delta = 1962095
	load umon |	misses = 12764, hits= 0 0 0 0 0 0 0 0 0 0 0 0 0 1 27 16
	write umon |	misses = 9349, hits= 0 0 0 0 0 0 0 0 0 0 0 0 0 0 0 0
num evicts: 6700000, p: 0, s: 640723 	 max proactive lookup: 16, max shadow lookup: 16
current cycle = 12137088, last update cycle = 10000004, delta = 2137084
	load umon |	misses = 13163, hits= 0 0 0 0 0 0 0 0 0 0 0 0 0 1 27 16
	write umon |	misses = 9652, hits= 0 0 0 0 0 0 0 0 0 0 0 0 0 0 0 0
num evicts: 6800000, p: 0, s: 650708 	 max proactive lookup: 16, max shadow lookup: 16
current cycle = 12312091, last update cycle = 10000004, delta = 2312087
	load umon |	misses = 13551, hits= 0 0 0 0 0 0 0 0 0 0 0 0 0 1 27 16
	write umon |	misses = 9944, hits= 0 0 0 0 0 0 0 0 0 0 0 0 0 0 0 0
Heartbeat CPU 0 instructions: 20000007 cycles: 12382216 heartbeat IPC: 1.627 cumulative IPC: 1.615 (Simulation time: 00 hr 42 min 48 sec)
Heartbeat CPU 1 instructions: 20000007 cycles: 12383457 heartbeat IPC: 1.627 cumulative IPC: 1.615 (Simulation time: 00 hr 42 min 49 sec)
Heartbeat CPU 2 instructions: 20000007 cycles: 12384002 heartbeat IPC: 1.627 cumulative IPC: 1.615 (Simulation time: 00 hr 42 min 49 sec)
Heartbeat CPU 3 instructions: 20000007 cycles: 12384372 heartbeat IPC: 1.627 cumulative IPC: 1.615 (Simulation time: 00 hr 42 min 49 sec)
Heartbeat CPU 4 instructions: 20000007 cycles: 12385508 heartbeat IPC: 1.627 cumulative IPC: 1.615 (Simulation time: 00 hr 42 min 49 sec)
Heartbeat CPU 5 instructions: 20000007 cycles: 12385893 heartbeat IPC: 1.627 cumulative IPC: 1.615 (Simulation time: 00 hr 42 min 49 sec)
Heartbeat CPU 6 instructions: 20000007 cycles: 12386190 heartbeat IPC: 1.627 cumulative IPC: 1.615 (Simulation time: 00 hr 42 min 49 sec)
Heartbeat CPU 7 instructions: 20000007 cycles: 12387326 heartbeat IPC: 1.627 cumulative IPC: 1.615 (Simulation time: 00 hr 42 min 49 sec)
num evicts: 6900000, p: 0, s: 660245 	 max proactive lookup: 16, max shadow lookup: 16
current cycle = 12487092, last update cycle = 10000004, delta = 2487088
	load umon |	misses = 13948, hits= 0 0 0 0 0 0 0 0 0 0 0 0 0 1 27 16
	write umon |	misses = 10244, hits= 0 0 0 0 0 0 0 0 0 0 0 0 0 0 0 0
num evicts: 7000000, p: 0, s: 669480 	 max proactive lookup: 16, max shadow lookup: 16
current cycle = 12662093, last update cycle = 10000004, delta = 2662089
	load umon |	misses = 14341, hits= 0 0 0 0 0 0 0 0 0 0 0 0 0 1 34 16
	write umon |	misses = 10534, hits= 0 0 0 0 0 0 0 0 0 0 0 0 0 0 0 0
num evicts: 7100000, p: 0, s: 678204 	 max proactive lookup: 16, max shadow lookup: 16
current cycle = 12837094, last update cycle = 10000004, delta = 2837090
	load umon |	misses = 14715, hits= 0 0 0 0 0 0 0 0 0 0 0 0 0 1 34 16
	write umon |	misses = 10811, hits= 0 0 0 0 0 0 0 0 0 0 0 0 0 0 0 0
num evicts: 7200000, p: 0, s: 687883 	 max proactive lookup: 16, max shadow lookup: 16
current cycle = 13012092, last update cycle = 10000004, delta = 3012088
	load umon |	misses = 15123, hits= 0 0 0 0 0 0 0 0 0 0 0 0 0 1 34 16
	write umon |	misses = 11123, hits= 0 0 0 0 0 0 0 0 0 0 0 0 0 0 0 0
num evicts: 7300000, p: 0, s: 697512 	 max proactive lookup: 16, max shadow lookup: 16
current cycle = 13187102, last update cycle = 10000004, delta = 3187098
	load umon |	misses = 15520, hits= 0 0 0 0 0 0 0 0 0 0 0 0 0 1 34 16
	write umon |	misses = 11416, hits= 0 0 0 0 0 0 0 0 0 0 0 0 0 0 0 0
num evicts: 7400000, p: 0, s: 706665 	 max proactive lookup: 16, max shadow lookup: 16
current cycle = 13362100, last update cycle = 10000004, delta = 3362096
	load umon |	misses = 15894, hits= 0 0 0 0 0 0 0 0 0 0 0 0 0 1 34 16
	write umon |	misses = 11700, hits= 0 0 0 0 0 0 0 0 0 0 0 0 0 0 0 0
num evicts: 7500000, p: 0, s: 715834 	 max proactive lookup: 16, max shadow lookup: 16
current cycle = 13537096, last update cycle = 10000004, delta = 3537092
	load umon |	misses = 16298, hits= 0 0 0 0 0 0 0 0 0 0 0 0 0 1 34 16
	write umon |	misses = 11997, hits= 0 0 0 0 0 0 0 0 0 0 0 0 0 0 0 0
num evicts: 7600000, p: 0, s: 724609 	 max proactive lookup: 16, max shadow lookup: 16
current cycle = 13712098, last update cycle = 10000004, delta = 3712094
	load umon |	misses = 16686, hits= 0 0 0 0 0 0 0 0 0 0 0 0 0 2 39 17
	write umon |	misses = 12285, hits= 0 0 0 0 0 0 0 0 0 0 0 0 0 0 0 0
num evicts: 7700000, p: 0, s: 733627 	 max proactive lookup: 16, max shadow lookup: 16
current cycle = 13887067, last update cycle = 10000004, delta = 3887063
	load umon |	misses = 17071, hits= 0 0 0 0 0 0 0 0 0 0 0 0 0 2 39 17
	write umon |	misses = 12582, hits= 0 0 0 0 0 0 0 0 0 0 0 0 0 0 0 0
num evicts: 7800000, p: 0, s: 742740 	 max proactive lookup: 16, max shadow lookup: 16
current cycle = 14062063, last update cycle = 10000004, delta = 4062059
	load umon |	misses = 17467, hits= 0 0 0 0 0 0 0 0 0 0 0 0 0 2 39 17
	write umon |	misses = 12881, hits= 0 0 0 0 0 0 0 0 0 0 0 0 0 0 0 0
num evicts: 7900000, p: 0, s: 751604 	 max proactive lookup: 16, max shadow lookup: 16
current cycle = 14237068, last update cycle = 10000004, delta = 4237064
	load umon |	misses = 17850, hits= 0 0 0 0 0 0 0 0 0 0 0 0 0 2 39 17
	write umon |	misses = 13165, hits= 0 0 0 0 0 0 0 0 0 0 0 0 0 0 0 0
num evicts: 8000000, p: 0, s: 760708 	 max proactive lookup: 16, max shadow lookup: 16
current cycle = 14412080, last update cycle = 10000004, delta = 4412076
	load umon |	misses = 18246, hits= 0 0 0 0 0 0 0 0 0 0 0 0 0 3 44 18
	write umon |	misses = 13462, hits= 0 0 0 0 0 0 0 0 0 0 0 0 0 0 0 0
num evicts: 8100000, p: 0, s: 770182 	 max proactive lookup: 16, max shadow lookup: 16
current cycle = 14587075, last update cycle = 10000004, delta = 4587071
	load umon |	misses = 18647, hits= 0 0 0 0 0 0 0 0 0 0 0 0 0 3 44 18
	write umon |	misses = 13765, hits= 0 0 0 0 0 0 0 0 0 0 0 0 0 0 0 0
num evicts: 8200000, p: 0, s: 779483 	 max proactive lookup: 16, max shadow lookup: 16
current cycle = 14762072, last update cycle = 10000004, delta = 4762068
	load umon |	misses = 19025, hits= 0 0 0 0 0 0 0 0 0 0 0 0 0 3 44 18
	write umon |	misses = 14047, hits= 0 0 0 0 0 0 0 0 0 0 0 0 0 0 0 0
num evicts: 8300000, p: 0, s: 788592 	 max proactive lookup: 16, max shadow lookup: 16
current cycle = 14937071, last update cycle = 10000004, delta = 4937067
	load umon |	misses = 19422, hits= 0 0 0 0 0 0 0 0 0 0 0 0 0 3 44 18
	write umon |	misses = 14347, hits= 0 0 0 0 0 0 0 0 0 0 0 0 0 0 0 0
num evicts: 8400000, p: 0, s: 798061 	 max proactive lookup: 16, max shadow lookup: 16
current cycle = 15112087, last update cycle = 15000005, delta = 112082
	load umon |	misses = 10038, hits= 0 0 0 0 0 0 0 0 0 0 0 0 0 1 22 9
	write umon |	misses = 7417, hits= 0 0 0 0 0 0 0 0 0 0 0 0 0 0 0 0
num evicts: 8500000, p: 0, s: 807379 	 max proactive lookup: 16, max shadow lookup: 16
current cycle = 15287080, last update cycle = 15000005, delta = 287075
	load umon |	misses = 10415, hits= 0 0 0 0 0 0 0 0 0 0 0 0 0 1 22 9
	write umon |	misses = 7698, hits= 0 0 0 0 0 0 0 0 0 0 0 0 0 0 0 0
num evicts: 8600000, p: 0, s: 816470 	 max proactive lookup: 16, max shadow lookup: 16
current cycle = 15462090, last update cycle = 15000005, delta = 462085
	load umon |	misses = 10831, hits= 0 0 0 0 0 0 0 0 0 0 0 0 0 1 22 16
	write umon |	misses = 8009, hits= 0 0 0 0 0 0 0 0 0 0 0 0 0 0 0 0
Warmup finished CPU 0 instructions: 25000002 cycles: 15503511 cumulative IPC: 1.613 (Simulation time: 00 hr 53 min 36 sec)
Warmup finished CPU 1 instructions: 25000002 cycles: 15504881 cumulative IPC: 1.612 (Simulation time: 00 hr 53 min 36 sec)
Warmup finished CPU 2 instructions: 25000002 cycles: 15505178 cumulative IPC: 1.612 (Simulation time: 00 hr 53 min 36 sec)
Warmup finished CPU 3 instructions: 25000002 cycles: 15505722 cumulative IPC: 1.612 (Simulation time: 00 hr 53 min 36 sec)
Warmup finished CPU 4 instructions: 25000002 cycles: 15506924 cumulative IPC: 1.612 (Simulation time: 00 hr 53 min 37 sec)
Warmup finished CPU 5 instructions: 25000002 cycles: 15507365 cumulative IPC: 1.612 (Simulation time: 00 hr 53 min 37 sec)
Warmup finished CPU 6 instructions: 25000002 cycles: 15507477 cumulative IPC: 1.612 (Simulation time: 00 hr 53 min 37 sec)
Warmup finished CPU 7 instructions: 25000002 cycles: 15508630 cumulative IPC: 1.612 (Simulation time: 00 hr 53 min 37 sec)
Warmup complete CPU 7 instructions: 25000002 cycles: 15508630 cumulative IPC: 1.612 (Simulation time: 00 hr 53 min 37 sec)
Warmup complete CPU 6 instructions: 25003577 cycles: 15508630 cumulative IPC: 1.612 (Simulation time: 00 hr 53 min 37 sec)
Warmup complete CPU 5 instructions: 25003948 cycles: 15508630 cumulative IPC: 1.612 (Simulation time: 00 hr 53 min 37 sec)
Warmup complete CPU 4 instructions: 25004229 cycles: 15508630 cumulative IPC: 1.612 (Simulation time: 00 hr 53 min 37 sec)
Warmup complete CPU 3 instructions: 25004657 cycles: 15508630 cumulative IPC: 1.612 (Simulation time: 00 hr 53 min 37 sec)
Warmup complete CPU 2 instructions: 25004830 cycles: 15508630 cumulative IPC: 1.612 (Simulation time: 00 hr 53 min 37 sec)
Warmup complete CPU 1 instructions: 25005854 cycles: 15508630 cumulative IPC: 1.612 (Simulation time: 00 hr 53 min 37 sec)
Warmup complete CPU 0 instructions: 25010414 cycles: 15508630 cumulative IPC: 1.613 (Simulation time: 00 hr 53 min 37 sec)
num evicts: 8700000, p: 0, s: 825176 	 max proactive lookup: 16, max shadow lookup: 16
current cycle = 16585076, last update cycle = 15000005, delta = 1585071
	load umon |	misses = 11217, hits= 0 0 0 0 0 0 0 0 0 0 0 0 0 1 22 16
	write umon |	misses = 8298, hits= 0 0 0 0 0 0 0 0 0 0 0 0 0 0 0 0
num evicts: 8800000, p: 0, s: 834391 	 max proactive lookup: 16, max shadow lookup: 16
current cycle = 18060450, last update cycle = 15000005, delta = 3060445
	load umon |	misses = 11593, hits= 0 0 0 0 0 0 0 0 0 0 0 0 0 1 22 16
	write umon |	misses = 8586, hits= 0 0 0 0 0 0 0 0 0 0 0 0 0 0 0 0
num evicts: 8900000, p: 0, s: 846204 	 max proactive lookup: 16, max shadow lookup: 16
current cycle = 19530877, last update cycle = 15000005, delta = 4530872
	load umon |	misses = 11992, hits= 0 0 0 0 0 0 0 0 0 0 0 0 0 1 22 16
	write umon |	misses = 8879, hits= 0 0 0 0 0 0 0 0 0 0 0 0 0 0 0 0
num evicts: 9000000, p: 0, s: 859751 	 max proactive lookup: 16, max shadow lookup: 16
current cycle = 20996838, last update cycle = 20000022, delta = 996816
	load umon |	misses = 6318, hits= 0 0 0 0 0 0 0 0 0 0 0 0 0 0 13 8
	write umon |	misses = 4681, hits= 0 0 0 0 0 0 0 0 0 0 0 0 0 0 0 0
num evicts: 9100000, p: 0, s: 874700 	 max proactive lookup: 16, max shadow lookup: 16
current cycle = 22466461, last update cycle = 20000022, delta = 2466439
	load umon |	misses = 6716, hits= 0 0 0 0 0 0 0 0 0 0 0 0 0 0 18 8
	write umon |	misses = 4980, hits= 0 0 0 0 0 0 0 0 0 0 0 0 0 0 0 0
num evicts: 9200000, p: 0, s: 890737 	 max proactive lookup: 16, max shadow lookup: 16
current cycle = 23912880, last update cycle = 20000022, delta = 3912858
	load umon |	misses = 7107, hits= 0 0 0 0 0 0 0 0 0 0 0 0 0 0 18 8
	write umon |	misses = 5273, hits= 0 0 0 0 0 0 0 0 0 0 0 0 0 0 0 0
num evicts: 9300000, p: 0, s: 907413 	 max proactive lookup: 16, max shadow lookup: 16
current cycle = 25362526, last update cycle = 25000029, delta = 362497
	load umon |	misses = 3795, hits= 0 0 0 0 0 0 0 0 0 0 0 0 0 0 9 4
	write umon |	misses = 2817, hits= 0 0 0 0 0 0 0 0 0 0 0 0 0 0 0 0
num evicts: 9400000, p: 0, s: 924340 	 max proactive lookup: 16, max shadow lookup: 16
current cycle = 26813450, last update cycle = 25000029, delta = 1813421
	load umon |	misses = 4184, hits= 0 0 0 0 0 0 0 0 0 0 0 0 0 0 9 4
	write umon |	misses = 3109, hits= 0 0 0 0 0 0 0 0 0 0 0 0 0 0 0 0
num evicts: 9500000, p: 0, s: 942753 	 max proactive lookup: 16, max shadow lookup: 16
current cycle = 28252156, last update cycle = 25000029, delta = 3252127
	load umon |	misses = 4572, hits= 0 0 0 0 0 0 0 0 0 0 0 0 0 0 9 4
	write umon |	misses = 3401, hits= 0 0 0 0 0 0 0 0 0 0 0 0 0 0 0 0
num evicts: 9600000, p: 0, s: 962046 	 max proactive lookup: 16, max shadow lookup: 16
current cycle = 29687472, last update cycle = 25000029, delta = 4687443
	load umon |	misses = 4967, hits= 0 0 0 0 0 0 0 0 0 0 0 0 0 0 9 4
	write umon |	misses = 3698, hits= 0 0 0 0 0 0 0 0 0 0 0 0 0 0 0 0
num evicts: 9700000, p: 0, s: 979711 	 max proactive lookup: 16, max shadow lookup: 16
current cycle = 31148912, last update cycle = 30000040, delta = 1148872
	load umon |	misses = 2835, hits= 0 0 0 0 0 0 0 0 0 0 0 0 1 1 4 6
	write umon |	misses = 2109, hits= 0 0 0 0 0 0 0 0 0 0 0 0 0 0 0 0
num evicts: 9800000, p: 0, s: 997581 	 max proactive lookup: 16, max shadow lookup: 16
current cycle = 32606012, last update cycle = 30000040, delta = 2605972
	load umon |	misses = 3223, hits= 0 0 0 0 0 0 0 0 0 0 0 0 1 1 4 6
	write umon |	misses = 2403, hits= 0 0 0 0 0 0 0 0 0 0 0 0 0 0 0 0
num evicts: 9900000, p: 0, s: 1015831 	 max proactive lookup: 16, max shadow lookup: 16
current cycle = 34044937, last update cycle = 30000040, delta = 4044897
	load umon |	misses = 3616, hits= 0 0 0 0 0 0 0 0 0 0 0 0 1 1 4 6
	write umon |	misses = 2699, hits= 0 0 0 0 0 0 0 0 0 0 0 0 0 0 0 0
num evicts: 10000000, p: 0, s: 1035054 	 max proactive lookup: 16, max shadow lookup: 16
current cycle = 35487218, last update cycle = 35000052, delta = 487166
	load umon |	misses = 2068, hits= 0 0 0 0 0 0 0 0 0 0 0 0 0 0 2 3
	write umon |	misses = 1544, hits= 0 0 0 0 0 0 0 0 0 0 0 0 0 0 0 0
num evicts: 10100000, p: 0, s: 1054049 	 max proactive lookup: 16, max shadow lookup: 16
current cycle = 36927285, last update cycle = 35000052, delta = 1927233
	load umon |	misses = 2459, hits= 0 0 0 0 0 0 0 0 0 0 0 0 0 0 9 3
	write umon |	misses = 1836, hits= 0 0 0 0 0 0 0 0 0 0 0 0 0 0 0 0
num evicts: 10200000, p: 0, s: 1073053 	 max proactive lookup: 16, max shadow lookup: 16
current cycle = 38381245, last update cycle = 35000052, delta = 3381193
	load umon |	misses = 2853, hits= 0 0 0 0 0 0 0 0 0 0 0 0 0 0 9 3
	write umon |	misses = 2129, hits= 0 0 0 0 0 0 0 0 0 0 0 0 0 0 0 0
Heartbeat CPU 0 instructions: 30000008 cycles: 39115694 heartbeat IPC: 0.3741 cumulative IPC: 0.2114 (Simulation time: 01 hr 42 min 15 sec)
Heartbeat CPU 3 instructions: 30000008 cycles: 39236914 heartbeat IPC: 0.3724 cumulative IPC: 0.2105 (Simulation time: 01 hr 42 min 30 sec)
Heartbeat CPU 5 instructions: 30000008 cycles: 39335683 heartbeat IPC: 0.3711 cumulative IPC: 0.2097 (Simulation time: 01 hr 42 min 42 sec)
Heartbeat CPU 4 instructions: 30000008 cycles: 39397864 heartbeat IPC: 0.3702 cumulative IPC: 0.2091 (Simulation time: 01 hr 42 min 49 sec)
Heartbeat CPU 7 instructions: 30000008 cycles: 39466385 heartbeat IPC: 0.3693 cumulative IPC: 0.2087 (Simulation time: 01 hr 42 min 58 sec)
Heartbeat CPU 1 instructions: 30000008 cycles: 39571566 heartbeat IPC: 0.3678 cumulative IPC: 0.2075 (Simulation time: 01 hr 43 min 11 sec)
Heartbeat CPU 2 instructions: 30000008 cycles: 39582982 heartbeat IPC: 0.3677 cumulative IPC: 0.2075 (Simulation time: 01 hr 43 min 12 sec)
Heartbeat CPU 6 instructions: 30000008 cycles: 39613280 heartbeat IPC: 0.3673 cumulative IPC: 0.2073 (Simulation time: 01 hr 43 min 16 sec)
num evicts: 10300000, p: 0, s: 1092037 	 max proactive lookup: 16, max shadow lookup: 16
current cycle = 39837073, last update cycle = 35000052, delta = 4837021
	load umon |	misses = 3244, hits= 0 0 0 0 0 0 0 0 0 0 0 0 0 0 9 3
	write umon |	misses = 2426, hits= 0 0 0 0 0 0 0 0 0 0 0 0 0 0 0 0
num evicts: 10400000, p: 0, s: 1110547 	 max proactive lookup: 16, max shadow lookup: 16
current cycle = 41286848, last update cycle = 40000052, delta = 1286796
	load umon |	misses = 1992, hits= 0 0 0 0 0 0 0 0 0 0 0 0 0 0 4 1
	write umon |	misses = 1491, hits= 0 0 0 0 0 0 0 0 0 0 0 0 0 0 0 0
num evicts: 10500000, p: 0, s: 1130092 	 max proactive lookup: 16, max shadow lookup: 16
current cycle = 42756886, last update cycle = 40000052, delta = 2756834
	load umon |	misses = 2378, hits= 0 0 0 0 0 0 0 0 0 0 0 0 0 0 4 1
	write umon |	misses = 1780, hits= 0 0 0 0 0 0 0 0 0 0 0 0 0 0 0 0
num evicts: 10600000, p: 0, s: 1150472 	 max proactive lookup: 16, max shadow lookup: 16
current cycle = 44205248, last update cycle = 40000052, delta = 4205196
	load umon |	misses = 2770, hits= 0 0 0 0 0 0 0 0 0 0 0 0 0 0 4 1
	write umon |	misses = 2071, hits= 0 0 0 0 0 0 0 0 0 0 0 0 0 0 0 0
num evicts: 10700000, p: 0, s: 1170580 	 max proactive lookup: 16, max shadow lookup: 16
current cycle = 45659225, last update cycle = 45000074, delta = 659151
	load umon |	misses = 1668, hits= 0 0 0 0 0 0 0 0 0 0 0 0 0 1 3 4
	write umon |	misses = 1249, hits= 0 0 0 0 0 0 0 0 0 0 0 0 0 0 0 0
num evicts: 10800000, p: 0, s: 1190276 	 max proactive lookup: 16, max shadow lookup: 16
current cycle = 47118842, last update cycle = 45000074, delta = 2118768
	load umon |	misses = 2058, hits= 0 0 0 0 0 0 0 0 0 0 0 0 1 1 3 4
	write umon |	misses = 1541, hits= 0 0 0 0 0 0 0 0 0 0 0 0 0 0 0 0
num evicts: 10900000, p: 0, s: 1212905 	 max proactive lookup: 16, max shadow lookup: 16
current cycle = 48563830, last update cycle = 45000074, delta = 3563756
	load umon |	misses = 2454, hits= 0 0 0 0 0 0 0 0 0 0 0 0 1 1 3 4
	write umon |	misses = 1836, hits= 0 0 0 0 0 0 0 0 0 0 0 0 0 0 0 0
num evicts: 11000000, p: 0, s: 1236468 	 max proactive lookup: 16, max shadow lookup: 16
current cycle = 49995862, last update cycle = 45000074, delta = 4995788
	load umon |	misses = 2840, hits= 0 0 0 0 0 0 0 0 0 0 0 0 1 1 3 4
	write umon |	misses = 2127, hits= 0 0 0 0 0 0 0 0 0 0 0 0 0 0 0 0
num evicts: 11100000, p: 0, s: 1259977 	 max proactive lookup: 16, max shadow lookup: 16
current cycle = 51440719, last update cycle = 50000368, delta = 1440351
	load umon |	misses = 1812, hits= 0 0 0 0 0 0 0 0 0 0 0 0 0 0 3 2
	write umon |	misses = 1362, hits= 0 0 0 0 0 0 0 0 0 0 0 0 0 0 0 0
num evicts: 11200000, p: 0, s: 1284208 	 max proactive lookup: 16, max shadow lookup: 16
current cycle = 52881298, last update cycle = 50000368, delta = 2880930
	load umon |	misses = 2205, hits= 0 0 0 0 0 0 0 0 0 0 0 0 0 1 6 3
	write umon |	misses = 1654, hits= 0 0 0 0 0 0 0 0 0 0 0 0 0 0 0 0
num evicts: 11300000, p: 0, s: 1309932 	 max proactive lookup: 16, max shadow lookup: 16
current cycle = 54307578, last update cycle = 50000368, delta = 4307210
	load umon |	misses = 2592, hits= 0 0 0 0 0 0 0 0 0 0 0 0 0 1 6 3
	write umon |	misses = 1940, hits= 0 0 0 0 0 0 0 0 0 0 0 0 0 0 0 0
num evicts: 11400000, p: 0, s: 1337125 	 max proactive lookup: 16, max shadow lookup: 16
current cycle = 55726188, last update cycle = 55000385, delta = 725803
	load umon |	misses = 1593, hits= 0 0 0 0 0 0 0 0 0 0 0 0 0 0 3 1
	write umon |	misses = 1196, hits= 0 0 0 0 0 0 0 0 0 0 0 0 0 0 0 0
num evicts: 11500000, p: 0, s: 1364744 	 max proactive lookup: 16, max shadow lookup: 16
current cycle = 57144490, last update cycle = 55000385, delta = 2144105
	load umon |	misses = 1982, hits= 0 0 0 0 0 0 0 0 0 0 0 0 0 0 3 1
	write umon |	misses = 1486, hits= 0 0 0 0 0 0 0 0 0 0 0 0 0 0 0 0
num evicts: 11600000, p: 0, s: 1393341 	 max proactive lookup: 16, max shadow lookup: 16
current cycle = 58559734, last update cycle = 55000385, delta = 3559349
	load umon |	misses = 2364, hits= 0 0 0 0 0 0 0 0 0 0 0 0 0 0 3 1
	write umon |	misses = 1775, hits= 0 0 0 0 0 0 0 0 0 0 0 0 0 0 0 0
num evicts: 11700000, p: 0, s: 1422634 	 max proactive lookup: 16, max shadow lookup: 16
current cycle = 59970833, last update cycle = 55000385, delta = 4970448
	load umon |	misses = 2765, hits= 0 0 0 0 0 0 0 0 0 0 0 0 0 0 3 1
	write umon |	misses = 2071, hits= 0 0 0 0 0 0 0 0 0 0 0 0 0 0 0 0
num evicts: 11800000, p: 0, s: 1451990 	 max proactive lookup: 16, max shadow lookup: 16
current cycle = 61381700, last update cycle = 60000392, delta = 1381308
	load umon |	misses = 1764, hits= 0 0 0 0 0 0 0 0 0 0 0 1 0 1 6 0
	write umon |	misses = 1325, hits= 0 0 0 0 0 0 0 0 0 0 0 0 0 0 0 0
num evicts: 11900000, p: 0, s: 1481646 	 max proactive lookup: 16, max shadow lookup: 16
current cycle = 62789958, last update cycle = 60000392, delta = 2789566
	loa