[VMEM] WARNING: physical memory size is smaller than virtual memory size.

*** ChampSim Multicore Out-of-Order Simulator ***
Warmup Instructions: 25000000
Simulation Instructions: 25000000
Number of CPUs: 8
Page size: 2097152

initializing BARD -- num sampled sets: 64, modulus = 256
CL :	 16.64 ns
CWL :	 15.808 ns
tRP :	 16.224 ns
tRCD :	 16.224 ns
tRAS :	 32.032000000000004 ns
tRTP :	 7.904 ns
tWR :	 30.368000000000002 ns

tCCD_S :	 3.3280000000000003 ns
tCCD_S_WR :	 3.3280000000000003 ns
tCCD_S_WTR :	 22.048000000000002 ns
tCCD_L :	 5.408 ns
tCCD_L_WR :	 20.384 ns
tCCD_L_WTR :	 29.536 ns
tRRD_S :	 3.3280000000000003 ns
tRRD_L :	 5.408 ns
tFAW :	 13.728 ns
Address mapping (perm = 1) 	ch co bg bg bg ba ba co co co co co co ro ro ro ro ro ro ro ro ro ro ro ro ro ro ro 
dram queue size: R = 64 W = 48 (low:high is 9:39)
num evicts: 0, p: 0, s: 0 	 max proactive lookup: 15, max shadow lookup: 16
current cycle = 24304, last update cycle = 0, delta = 24304
	load umon |	misses = 67, hits= 1 0 0 0 0 0 0 0 0 0 0 0 0 0 0 5
	write umon |	misses = 0, hits= 0 0 0 0 0 0 0 0 0 0 0 0 0 0 0 0
num evicts: 100000, p: 0, s: 9735 	 max proactive lookup: 16, max shadow lookup: 16
current cycle = 484733, last update cycle = 0, delta = 484733
	load umon |	misses = 1232, hits= 1 0 0 0 0 0 0 1 0 0 0 0 0 2 3 7
	write umon |	misses = 33, hits= 0 0 0 0 0 0 0 0 0 0 0 0 0 0 0 0
num evicts: 200000, p: 0, s: 20444 	 max proactive lookup: 16, max shadow lookup: 16
current cycle = 1035810, last update cycle = 0, delta = 1035810
	load umon |	misses = 1773, hits= 57 0 0 0 0 0 1 1 8 0 0 0 0 2 3 14
	write umon |	misses = 121, hits= 0 0 0 0 0 0 0 0 0 0 0 0 0 0 0 0
num evicts: 300000, p: 0, s: 31360 	 max proactive lookup: 16, max shadow lookup: 16
current cycle = 1959510, last update cycle = 0, delta = 1959510
	load umon |	misses = 2171, hits= 57 0 0 0 0 0 1 1 8 0 0 0 0 2 3 14
	write umon |	misses = 264, hits= 0 0 0 0 0 0 0 0 0 0 0 0 0 0 0 0
Heartbeat CPU 0 instructions: 10000004 cycles: 2569693 heartbeat IPC: 3.892 cumulative IPC: 3.892 (Simulation time: 00 hr 13 min 24 sec)
Heartbeat CPU 1 instructions: 10000004 cycles: 2570647 heartbeat IPC: 3.89 cumulative IPC: 3.89 (Simulation time: 00 hr 13 min 24 sec)
Heartbeat CPU 2 instructions: 10000004 cycles: 2571252 heartbeat IPC: 3.889 cumulative IPC: 3.889 (Simulation time: 00 hr 13 min 25 sec)
Heartbeat CPU 3 instructions: 10000004 cycles: 2571665 heartbeat IPC: 3.889 cumulative IPC: 3.889 (Simulation time: 00 hr 13 min 25 sec)
Heartbeat CPU 4 instructions: 10000004 cycles: 2571938 heartbeat IPC: 3.888 cumulative IPC: 3.888 (Simulation time: 00 hr 13 min 25 sec)
Heartbeat CPU 5 instructions: 10000004 cycles: 2572298 heartbeat IPC: 3.888 cumulative IPC: 3.888 (Simulation time: 00 hr 13 min 25 sec)
Heartbeat CPU 6 instructions: 10000003 cycles: 2572602 heartbeat IPC: 3.887 cumulative IPC: 3.887 (Simulation time: 00 hr 13 min 25 sec)
Heartbeat CPU 7 instructions: 10000004 cycles: 2572850 heartbeat IPC: 3.887 cumulative IPC: 3.887 (Simulation time: 00 hr 13 min 25 sec)
num evicts: 400000, p: 0, s: 35647 	 max proactive lookup: 16, max shadow lookup: 16
current cycle = 2609576, last update cycle = 0, delta = 2609576
	load umon |	misses = 2563, hits= 57 0 0 0 0 0 1 1 8 0 0 0 0 2 3 14
	write umon |	misses = 448, hits= 0 0 0 0 0 0 0 0 0 0 0 0 0 0 0 0
num evicts: 500000, p: 0, s: 47195 	 max proactive lookup: 16, max shadow lookup: 16
current cycle = 2855535, last update cycle = 0, delta = 2855535
	load umon |	misses = 2944, hits= 57 0 0 0 0 0 1 1 8 0 0 0 0 2 3 14
	write umon |	misses = 512, hits= 0 0 0 0 0 0 0 0 0 0 0 0 0 0 0 0
num evicts: 600000, p: 0, s: 68570 	 max proactive lookup: 16, max shadow lookup: 16
current cycle = 3112843, last update cycle = 0, delta = 3112843
	load umon |	misses = 3355, hits= 82 0 0 0 0 0 1 1 8 0 0 0 0 2 3 14
	write umon |	misses = 600, hits= 0 0 0 0 0 0 0 0 0 0 0 0 0 0 0 0
num evicts: 700000, p: 0, s: 98199 	 max proactive lookup: 8, max shadow lookup: 16
current cycle = 3463677, last update cycle = 0, delta = 3463677
	load umon |	misses = 3731, hits= 193 0 0 0 0 0 1 1 104 0 0 0 0 2 3 14
	write umon |	misses = 752, hits= 0 0 0 0 0 0 0 0 0 0 0 0 0 0 0 0
num evicts: 800000, p: 0, s: 112749 	 max proactive lookup: 0, max shadow lookup: 16
current cycle = 3778313, last update cycle = 0, delta = 3778313
	load umon |	misses = 4119, hits= 353 0 0 0 0 0 1 1 120 0 0 0 0 2 3 14
	write umon |	misses = 968, hits= 0 0 0 0 0 0 0 0 0 0 0 0 0 0 0 0
num evicts: 900000, p: 0, s: 113782 	 max proactive lookup: 0, max shadow lookup: 16
current cycle = 4049620, last update cycle = 0, delta = 4049620
	load umon |	misses = 4502, hits= 401 0 0 0 0 0 1 1 232 0 0 0 0 2 3 14
	write umon |	misses = 1014, hits= 0 0 0 0 0 0 0 0 0 0 0 0 0 0 0 0
num evicts: 1000000, p: 0, s: 131392 	 max proactive lookup: 0, max shadow lookup: 16
current cycle = 4212363, last update cycle = 0, delta = 4212363
	load umon |	misses = 4895, hits= 401 0 0 0 0 0 1 1 232 0 0 0 0 2 3 14
	write umon |	misses = 1224, hits= 0 0 0 0 0 0 0 0 0 0 0 0 0 0 0 0
num evicts: 1100000, p: 0, s: 159917 	 max proactive lookup: 0, max shadow lookup: 16
current cycle = 4405446, last update cycle = 0, delta = 4405446
	load umon |	misses = 5298, hits= 439 0 0 0 0 0 1 1 296 0 0 0 0 2 3 14
	write umon |	misses = 1320, hits= 1 1 1 1 1 1 1 1 0 0 0 0 0 0 0 0
num evicts: 1200000, p: 0, s: 190813 	 max proactive lookup: 0, max shadow lookup: 16
current cycle = 4630154, last update cycle = 0, delta = 4630154
	load umon |	misses = 5671, hits= 598 0 0 0 0 0 1 1 360 0 0 0 0 2 3 14
	write umon |	misses = 1425, hits= 3 3 3 3 3 3 3 11 1 1 1 1 1 1 1 1
num evicts: 1300000, p: 0, s: 202280 	 max proactive lookup: 0, max shadow lookup: 16
current cycle = 4777232, last update cycle = 0, delta = 4777232
	load umon |	misses = 6065, hits= 641 0 0 0 0 0 1 1 360 0 0 0 0 2 3 14
	write umon |	misses = 1603, hits= 3 3 3 3 3 3 3 11 1 1 1 1 1 1 1 1
num evicts: 1400000, p: 0, s: 210340 	 max proactive lookup: 0, max shadow lookup: 16
current cycle = 4935372, last update cycle = 0, delta = 4935372
	load umon |	misses = 6463, hits= 735 0 0 0 0 0 1 1 360 0 0 0 0 2 3 14
	write umon |	misses = 1761, hits= 3 3 3 3 3 3 3 11 1 1 1 1 1 1 1 1
Heartbeat CPU 0 instructions: 20000007 cycles: 5081924 heartbeat IPC: 3.981 cumulative IPC: 3.936 (Simulation time: 00 hr 25 min 51 sec)
Heartbeat CPU 1 instructions: 20000006 cycles: 5089546 heartbeat IPC: 3.97 cumulative IPC: 3.93 (Simulation time: 00 hr 25 min 54 sec)
Heartbeat CPU 2 instructions: 20000006 cycles: 5091158 heartbeat IPC: 3.968 cumulative IPC: 3.928 (Simulation time: 00 hr 25 min 54 sec)
Heartbeat CPU 3 instructions: 20000006 cycles: 5093122 heartbeat IPC: 3.966 cumulative IPC: 3.927 (Simulation time: 00 hr 25 min 55 sec)
Heartbeat CPU 4 instructions: 20000007 cycles: 5093660 heartbeat IPC: 3.966 cumulative IPC: 3.926 (Simulation time: 00 hr 25 min 55 sec)
Heartbeat CPU 5 instructions: 20000006 cycles: 5094867 heartbeat IPC: 3.964 cumulative IPC: 3.926 (Simulation time: 00 hr 25 min 56 sec)
Heartbeat CPU 6 instructions: 20000006 cycles: 5095749 heartbeat IPC: 3.963 cumulative IPC: 3.925 (Simulation time: 00 hr 25 min 56 sec)
Heartbeat CPU 7 instructions: 20000006 cycles: 5096449 heartbeat IPC: 3.963 cumulative IPC: 3.924 (Simulation time: 00 hr 25 min 56 sec)
num evicts: 1500000, p: 0, s: 218160 	 max proactive lookup: 0, max shadow lookup: 16
current cycle = 5100167, last update cycle = 5000000, delta = 100167
	load umon |	misses = 3552, hits= 438 0 0 0 0 0 0 0 180 0 0 0 0 1 1 7
	write umon |	misses = 993, hits= 1 1 1 1 1 1 1 5 0 0 0 0 0 0 0 0
num evicts: 1600000, p: 0, s: 220100 	 max proactive lookup: 0, max shadow lookup: 16
current cycle = 5228807, last update cycle = 5000000, delta = 228807
	load umon |	misses = 3955, hits= 438 0 0 0 0 0 0 0 180 0 0 0 0 1 1 7
	write umon |	misses = 1100, hits= 1 1 1 1 1 1 1 5 0 0 0 0 0 0 0 0
num evicts: 1700000, p: 0, s: 221594 	 max proactive lookup: 0, max shadow lookup: 16
current cycle = 5400058, last update cycle = 5000000, delta = 400058
	load umon |	misses = 4359, hits= 445 0 0 0 0 0 0 0 180 0 0 0 0 1 1 7
	write umon |	misses = 1245, hits= 1 1 1 1 1 1 1 5 0 0 0 0 0 0 0 0
num evicts: 1800000, p: 0, s: 230953 	 max proactive lookup: 0, max shadow lookup: 16
current cycle = 5648473, last update cycle = 5000000, delta = 648473
	load umon |	misses = 4746, hits= 518 0 0 0 0 0 0 0 237 0 0 0 0 1 1 7
	write umon |	misses = 1353, hits= 1 1 1 1 1 1 1 5 0 0 0 0 0 0 0 0
num evicts: 1900000, p: 0, s: 250285 	 max proactive lookup: 0, max shadow lookup: 16
current cycle = 5884326, last update cycle = 5000000, delta = 884326
	load umon |	misses = 5151, hits= 531 0 0 0 0 0 0 0 332 0 0 0 0 1 1 7
	write umon |	misses = 1460, hits= 1 1 1 1 1 1 1 5 1 1 1 1 1 1 1 1
num evicts: 2000000, p: 0, s: 250579 	 max proactive lookup: 0, max shadow lookup: 16
current cycle = 6257893, last update cycle = 5000000, delta = 1257893
	load umon |	misses = 5558, hits= 531 0 0 0 0 0 0 0 332 0 0 0 0 1 1 7
	write umon |	misses = 1460, hits= 1 1 1 1 1 1 1 5 1 1 1 1 1 1 1 1
Warmup finished CPU 0 instructions: 25000001 cycles: 6332907 cumulative IPC: 3.948 (Simulation time: 00 hr 31 min 59 sec)
Warmup finished CPU 1 instructions: 25000000 cycles: 6340623 cumulative IPC: 3.943 (Simulation time: 00 hr 32 min 01 sec)
Warmup finished CPU 2 instructions: 25000003 cycles: 6341848 cumulative IPC: 3.942 (Simulation time: 00 hr 32 min 01 sec)
Warmup finished CPU 3 instructions: 25000000 cycles: 6343713 cumulative IPC: 3.941 (Simulation time: 00 hr 32 min 02 sec)
Warmup finished CPU 4 instructions: 25000001 cycles: 6344307 cumulative IPC: 3.941 (Simulation time: 00 hr 32 min 02 sec)
Warmup finished CPU 5 instructions: 25000000 cycles: 6345407 cumulative IPC: 3.94 (Simulation time: 00 hr 32 min 02 sec)
Warmup finished CPU 6 instructions: 25000003 cycles: 6346248 cumulative IPC: 3.939 (Simulation time: 00 hr 32 min 03 sec)
Warmup finished CPU 7 instructions: 25000003 cycles: 6347029 cumulative IPC: 3.939 (Simulation time: 00 hr 32 min 03 sec)
Warmup complete CPU 7 instructions: 25000003 cycles: 6347029 cumulative IPC: 3.939 (Simulation time: 00 hr 32 min 03 sec)
Warmup complete CPU 6 instructions: 25003127 cycles: 6347029 cumulative IPC: 3.939 (Simulation time: 00 hr 32 min 03 sec)
Warmup complete CPU 5 instructions: 25006488 cycles: 6347029 cumulative IPC: 3.94 (Simulation time: 00 hr 32 min 03 sec)
Warmup complete CPU 4 instructions: 25010889 cycles: 6347029 cumulative IPC: 3.941 (Simulation time: 00 hr 32 min 03 sec)
Warmup complete CPU 3 instructions: 25013264 cycles: 6347029 cumulative IPC: 3.941 (Simulation time: 00 hr 32 min 03 sec)
Warmup complete CPU 2 instructions: 25020727 cycles: 6347029 cumulative IPC: 3.942 (Simulation time: 00 hr 32 min 03 sec)
Warmup complete CPU 1 instructions: 25025624 cycles: 6347029 cumulative IPC: 3.943 (Simulation time: 00 hr 32 min 03 sec)
Warmup complete CPU 0 instructions: 25056489 cycles: 6347029 cumulative IPC: 3.948 (Simulation time: 00 hr 32 min 03 sec)
num evicts: 2100000, p: 0, s: 271092 	 max proactive lookup: 0, max shadow lookup: 16
current cycle = 8280142, last update cycle = 5000000, delta = 3280142
	load umon |	misses = 5967, hits= 531 0 0 0 0 0 0 0 332 0 0 0 0 1 1 7
	write umon |	misses = 1597, hits= 1 1 1 1 1 1 1 5 1 1 1 1 1 1 1 1
num evicts: 2200000, p: 0, s: 289305 	 max proactive lookup: 0, max shadow lookup: 16
current cycle = 10796183, last update cycle = 10000034, delta = 796149
	load umon |	misses = 3248, hits= 265 0 0 0 0 0 0 0 166 0 0 0 0 0 0 3
	write umon |	misses = 907, hits= 0 0 0 0 0 0 0 2 0 0 0 0 0 0 0 0
num evicts: 2300000, p: 0, s: 312402 	 max proactive lookup: 0, max shadow lookup: 16
current cycle = 13358534, last update cycle = 10000034, delta = 3358500
	load umon |	misses = 3634, hits= 265 0 0 0 0 0 0 0 166 0 0 0 0 0 0 3
	write umon |	misses = 1059, hits= 0 0 0 0 0 0 0 2 0 0 0 0 0 0 0 0
Heartbeat CPU 0 instructions: 30000010 cycles: 15397411 heartbeat IPC: 0.9694 cumulative IPC: 0.5462 (Simulation time: 01 hr 16 min 44 sec)
Heartbeat CPU 1 instructions: 30000010 cycles: 15413564 heartbeat IPC: 0.9686 cumulative IPC: 0.5487 (Simulation time: 01 hr 16 min 46 sec)
Heartbeat CPU 7 instructions: 30000010 cycles: 15471276 heartbeat IPC: 0.9639 cumulative IPC: 0.548 (Simulation time: 01 hr 16 min 53 sec)
Heartbeat CPU 3 instructions: 30000010 cycles: 15477304 heartbeat IPC: 0.963 cumulative IPC: 0.5462 (Simulation time: 01 hr 16 min 54 sec)
Heartbeat CPU 4 instructions: 30000010 cycles: 15480247 heartbeat IPC: 0.9628 cumulative IPC: 0.5463 (Simulation time: 01 hr 16 min 54 sec)
Heartbeat CPU 6 instructions: 30000010 cycles: 15495786 heartbeat IPC: 0.9615 cumulative IPC: 0.5462 (Simulation time: 01 hr 16 min 56 sec)
Heartbeat CPU 2 instructions: 30000010 cycles: 15528488 heartbeat IPC: 0.9581 cumulative IPC: 0.5423 (Simulation time: 01 hr 17 min 00 sec)
Heartbeat CPU 5 instructions: 30000010 cycles: 15545151 heartbeat IPC: 0.9569 cumulative IPC: 0.5429 (Simulation time: 01 hr 17 min 02 sec)
num evicts: 2400000, p: 0, s: 339200 	 max proactive lookup: 0, max shadow lookup: 16
current cycle = 15939394, last update cycle = 15000040, delta = 939354
	load umon |	misses = 2080, hits= 132 0 0 0 0 0 0 0 83 0 0 0 0 0 3 1
	write umon |	misses = 641, hits= 0 0 0 0 0 0 0 1 0 0 0 0 0 0 0 0
num evicts: 2500000, p: 0, s: 375180 	 max proactive lookup: 8, max shadow lookup: 16
current cycle = 18714564, last update cycle = 15000040, delta = 3714524
	load umon |	misses = 2494, hits= 132 0 0 0 0 0 1 0 83 0 0 0 0 0 3 8
	write umon |	misses = 791, hits= 0 0 0 0 0 0 0 1 0 0 0 0 0 0 0 0
num evicts: 2600000, p: 0, s: 411011 	 max proactive lookup: 8, max shadow lookup: 16
current cycle = 21654549, last update cycle = 20000045, delta = 1654504
	load umon |	misses = 1548, hits= 66 0 0 0 0 0 0 0 41 0 0 0 0 0 1 4
	write umon |	misses = 576, hits= 0 0 0 0 0 0 0 0 0 0 0 0 0 0 0 0
num evicts: 2700000, p: 0, s: 455922 	 max proactive lookup: 16, max shadow lookup: 16
current cycle = 24158118, last update cycle = 20000045, delta = 4158073
	load umon |	misses = 1946, hits= 72 1 1 0 0 0 0 0 41 0 0 0 0 0 1 4
	write umon |	misses = 791, hits= 0 0 0 0 0 0 0 0 0 0 0 0 0 0 0 0
num evicts: 2800000, p: 0, s: 484824 	 max proactive lookup: 8, max shadow lookup: 16
current cycle = 25216887, last update cycle = 25000049, delta = 216838
	load umon |	misses = 1205, hits= 51 6 1 1 1 0 0 0 25 0 0 0 0 0 0 2
	write umon |	misses = 493, hits= 0 0 0 0 0 1 0 2 0 2 1 1 3 0 0 0
num evicts: 2900000, p: 0, s: 514743 	 max proactive lookup: 16, max shadow lookup: 16
current cycle = 26399097, last update cycle = 25000049, delta = 1399048
	load umon |	misses = 1567, hits= 52 7 1 1 1 0 0 1 25 0 0 0 0 0 0 2
	write umon |	misses = 678, hits= 2 2 3 2 4 1 4 3 1 2 3 2 5 2 3 2
num evicts: 3000000, p: 0, s: 537533 	 max proactive lookup: 16, max shadow lookup: 16
current cycle = 27505248, last update cycle = 25000049, delta = 2505199
	load umon |	misses = 1975, hits= 52 7 1 1 1 0 0 1 25 0 0 0 0 0 0 2
	write umon |	misses = 822, hits= 2 2 3 2 4 1 4 3 1 2 3 2 5 2 3 2
num evicts: 3100000, p: 0, s: 553382 	 max proactive lookup: 16, max shadow lookup: 16
current cycle = 28530105, last update cycle = 25000049, delta = 3530056
	load umon |	misses = 2365, hits= 52 7 1 1 1 0 0 1 25 0 0 0 0 0 0 2
	write umon |	misses = 946, hits= 2 2 3 2 4 1 4 3 1 2 3 2 5 2 3 2
num evicts: 3200000, p: 0, s: 575657 	 max proactive lookup: 16, max shadow lookup: 16
current cycle = 29862713, last update cycle = 25000049, delta = 4862664
	load umon |	misses = 2764, hits= 52 7 1 1 1 0 0 1 25 0 0 0 0 0 0 2
	write umon |	misses = 1103, hits= 2 2 3 2 4 1 4 3 1 2 3 2 5 2 3 2
num evicts: 3300000, p: 0, s: 605769 	 max proactive lookup: 16, max shadow lookup: 16
current cycle = 31250908, last update cycle = 30000064, delta = 1250844
	load umon |	misses = 1755, hits= 26 3 0 0 0 0 0 0 12 0 0 0 0 0 0 1
	write umon |	misses = 670, hits= 1 1 1 1 2 0 2 1 0 1 1 1 2 1 1 1
num evicts: 3400000, p: 0, s: 648294 	 max proactive lookup: 16, max shadow lookup: 16
current cycle = 32691561, last update cycle = 30000064, delta = 2691497
	load umon |	misses = 2130, hits= 26 3 0 0 0 0 0 0 12 0 0 0 0 0 0 1
	write umon |	misses = 873, hits= 1 1 1 1 2 0 2 1 0 1 1 1 2 1 1 1
num evicts: 3500000, p: 0, s: 698669 	 max proactive lookup: 16, max shadow lookup: 16
current cycle = 34254012, last update cycle = 30000064, delta = 4253948
	load umon |	misses = 2523, hi