[VMEM] WARNING: physical memory size is smaller than virtual memory size.

*** ChampSim Multicore Out-of-Order Simulator ***
Warmup Instructions: 25000000
Simulation Instructions: 100000000
Number of CPUs: 4
Page size: 4096

CL :	 16.64 ns
CWL :	 15.808 ns
tRP :	 16.224 ns
tRCD :	 16.224 ns
tRAS :	 32.032000000000004 ns
tRTP :	 7.904 ns
tWR :	 30.368000000000002 ns

tCCD_S :	 3.3280000000000003 ns
tCCD_S_WR :	 3.3280000000000003 ns
tCCD_S_WTR :	 22.048000000000002 ns
tCCD_L :	 5.408 ns
tCCD_L_WR :	 20.384 ns
tCCD_L_WTR :	 29.536 ns
tRRD_S :	 3.3280000000000003 ns
tRRD_L :	 5.408 ns
tFAW :	 13.728 ns
Address mapping (perm = 1) 	ch co bg bg bg ba ba co co co co co co ro ro ro ro ro ro ro ro ro ro ro ro ro ro ro 
dram queue size: R = 64 W = 64 (low:high is 16:56)
Heartbeat CPU 2 instructions: 10000000 cycles: 4506002 heartbeat IPC: 2.219 cumulative IPC: 2.219 (Simulation time: 00 hr 01 min 52 sec)
Heartbeat CPU 3 instructions: 10000004 cycles: 4506565 heartbeat IPC: 2.219 cumulative IPC: 2.219 (Simulation time: 00 hr 01 min 52 sec)
Heartbeat CPU 0 instructions: 10000000 cycles: 4507626 heartbeat IPC: 2.218 cumulative IPC: 2.218 (Simulation time: 00 hr 01 min 52 sec)
Heartbeat CPU 1 instructions: 10000000 cycles: 4508301 heartbeat IPC: 2.218 cumulative IPC: 2.218 (Simulation time: 00 hr 01 min 52 sec)
Heartbeat CPU 3 instructions: 20000008 cycles: 9001399 heartbeat IPC: 2.225 cumulative IPC: 2.222 (Simulation time: 00 hr 03 min 46 sec)
Heartbeat CPU 0 instructions: 20000003 cycles: 9002729 heartbeat IPC: 2.225 cumulative IPC: 2.222 (Simulation time: 00 hr 03 min 46 sec)
Heartbeat CPU 1 instructions: 20000003 cycles: 9004210 heartbeat IPC: 2.224 cumulative IPC: 2.221 (Simulation time: 00 hr 03 min 47 sec)
Heartbeat CPU 2 instructions: 20000000 cycles: 9005700 heartbeat IPC: 2.222 cumulative IPC: 2.221 (Simulation time: 00 hr 03 min 47 sec)
Warmup finished CPU 1 instructions: 25000002 cycles: 11253458 cumulative IPC: 2.222 (Simulation time: 00 hr 04 min 44 sec)
Warmup finished CPU 3 instructions: 25000001 cycles: 11253519 cumulative IPC: 2.222 (Simulation time: 00 hr 04 min 44 sec)
Warmup finished CPU 0 instructions: 25000002 cycles: 11255250 cumulative IPC: 2.221 (Simulation time: 00 hr 04 min 44 sec)
Warmup finished CPU 2 instructions: 25000001 cycles: 11256483 cumulative IPC: 2.221 (Simulation time: 00 hr 04 min 44 sec)
Warmup complete CPU 3 instructions: 25006347 cycles: 11256483 cumulative IPC: 2.222 (Simulation time: 00 hr 04 min 44 sec)
Warmup complete CPU 2 instructions: 25000001 cycles: 11256483 cumulative IPC: 2.221 (Simulation time: 00 hr 04 min 44 sec)
Warmup complete CPU 1 instructions: 25006443 cycles: 11256483 cumulative IPC: 2.222 (Simulation time: 00 hr 04 min 44 sec)
Warmup complete CPU 0 instructions: 25002776 cycles: 11256483 cumulative IPC: 2.221 (Simulation time: 00 hr 04 min 44 sec)
Heartbeat CPU 3 instructions: 30000010 cycles: 22665993 heartbeat IPC: 0.7318 cumulative IPC: 0.4377 (Simulation time: 00 hr 07 min 20 sec)
Heartbeat CPU 0 instructions: 30000005 cycles: 22673608 heartbeat IPC: 0.7315 cumulative IPC: 0.4377 (Simulation time: 00 hr 07 min 20 sec)
Heartbeat CPU 1 instructions: 30000005 cycles: 22683815 heartbeat IPC: 0.731 cumulative IPC: 0.437 (Simulation time: 00 hr 07 min 21 sec)
Heartbeat CPU 2 instructions: 30000000 cycles: 22701032 heartbeat IPC: 0.7302 cumulative IPC: 0.4369 (Simulation time: 00 hr 07 min 21 sec)
Heartbeat CPU 0 instructions: 40000008 cycles: 45377986 heartbeat IPC: 0.4404 cumulative IPC: 0.4395 (Simulation time: 00 hr 12 min 33 sec)
Heartbeat CPU 1 instructions: 40000009 cycles: 45390975 heartbeat IPC: 0.4404 cumulative IPC: 0.4392 (Simulation time: 00 hr 12 min 33 sec)
Heartbeat CPU 3 instructions: 40000013 cycles: 45440015 heartbeat IPC: 0.4391 cumulative IPC: 0.4386 (Simulation time: 00 hr 12 min 34 sec)
Heartbeat CPU 2 instructions: 40000003 cycles: 45497363 heartbeat IPC: 0.4387 cumulative IPC: 0.4381 (Simulation time: 00 hr 12 min 34 sec)
Heartbeat CPU 1 instructions: 50000010 cycles: 68107065 heartbeat IPC: 0.4402 cumulative IPC: 0.4396 (Simulation time: 00 hr 17 min 45 sec)
Heartbeat CPU 0 instructions: 50000010 cycles: 68157283 heartbeat IPC: 0.439 cumulative IPC: 0.4393 (Simulation time: 00 hr 17 min 46 sec)
Heartbeat CPU 2 instructions: 50000003 cycles: 68189426 heartbeat IPC: 0.4407 cumulative IPC: 0.4391 (Simulation time: 00 hr 17 min 46 sec)
Heartbeat CPU 3 instructions: 50000015 cycles: 68200133 heartbeat IPC: 0.4394 cumulative IPC: 0.4389 (Simulation time: 00 hr 17 min 47 sec)
Heartbeat CPU 2 instructions: 60000003 cycles: 90863539 heartbeat IPC: 0.441 cumulative IPC: 0.4397 (Simulation time: 00 hr 22 min 58 sec)
Heartbeat CPU 1 instructions: 60000010 cycles: 90881305 heartbeat IPC: 0.4391 cumulative IPC: 0.4395 (Simulation time: 00 hr 22 min 59 sec)
Heartbeat CPU 0 instructions: 60000010 cycles: 90891062 heartbeat IPC: 0.4399 cumulative IPC: 0.4395 (Simulation time: 00 hr 22 min 59 sec)
Heartbeat CPU 3 instructions: 60000017 cycles: 90922600 heartbeat IPC: 0.4401 cumulative IPC: 0.4393 (Simulation time: 00 hr 22 min 59 sec)
Heartbeat CPU 0 instructions: 70000012 cycles: 113553577 heartbeat IPC: 0.4413 cumulative IPC: 0.4399 (Simulation time: 00 hr 28 min 10 sec)
Heartbeat CPU 2 instructions: 70000003 cycles: 113601440 heartbeat IPC: 0.4398 cumulative IPC: 0.4397 (Simulation time: 00 hr 28 min 11 sec)
Heartbeat CPU 1 instructions: 70000012 cycles: 113602065 heartbeat IPC: 0.4401 cumulative IPC: 0.4396 (Simulation time: 00 hr 28 min 11 sec)
Heartbeat CPU 3 instructions: 70000018 cycles: 113604780 heartbeat IPC: 0.4409 cumulative IPC: 0.4396 (Simulation time: 00 hr 28 min 11 sec)
Heartbeat CPU 2 instructions: 80000003 cycles: 136272845 heartbeat IPC: 0.4411 cumulative IPC: 0.4399 (Simulation time: 00 hr 33 min 21 sec)
Heartbeat CPU 3 instructions: 80000020 cycles: 136301963 heartbeat IPC: 0.4406 cumulative IPC: 0.4398 (Simulation time: 00 hr 33 min 22 sec)
Heartbeat CPU 0 instructions: 80000015 cycles: 136342011 heartbeat IPC: 0.4388 cumulative IPC: 0.4397 (Simulation time: 00 hr 33 min 22 sec)
Heartbeat CPU 1 instructions: 80000015 cycles: 136359638 heartbeat IPC: 0.4394 cumulative IPC: 0.4396 (Simulation time: 00 hr 33 min 23 sec)
Heartbeat CPU 2 instructions: 90000003 cycles: 158992087 heartbeat IPC: 0.4402 cumulative IPC: 0.44 (Simulation time: 00 hr 38 min 33 sec)
Heartbeat CPU 3 instructions: 90000020 cycles: 158998057 heartbeat IPC: 0.4406 cumulative IPC: 0.4399 (Simulation time: 00 hr 38 min 33 sec)
Heartbeat CPU 1 instructions: 90000018 cycles: 159044911 heartbeat IPC: 0.4408 cumulative IPC: 0.4398 (Simulation time: 00 hr 38 min 34 sec)
Heartbeat CPU 0 instructions: 90000018 cycles: 159140520 heartbeat IPC: 0.4386 cumulative IPC: 0.4395 (Simulation time: 00 hr 38 min 35 sec)
Heartbeat CPU 2 instructions: 100000003 cycles: 181681523 heartbeat IPC: 0.4407 cumulative IPC: 0.4401 (Simulation time: 00 hr 43 min 44 sec)
Heartbeat CPU 3 instructions: 100000021 cycles: 181772419 heartbeat IPC: 0.4391 cumulative IPC: 0.4398 (Simulation time: 00 hr 43 min 45 sec)
Heartbeat CPU 0 instructions: 100000021 cycles: 181832259 heartbeat IPC: 0.4407 cumulative IPC: 0.4397 (Simulation time: 00 hr 43 min 46 sec)
Heartbeat CPU 1 instructions: 100000021 cycles: 181835425 heartbeat IPC: 0.4388 cumulative IPC: 0.4396 (Simulation time: 00 hr 43 min 46 sec)
Heartbeat CPU 2 instructions: 110000005 cycles: 204446121 heartbeat IPC: 0.4393 cumulative IPC: 0.44 (Simulation time: 00 hr 48 min 56 sec)
Heartbeat CPU 3 instructions: 110000022 cycles: 204511078 heartbeat IPC: 0.4398 cumulative IPC: 0.4398 (Simulation time: 00 hr 48 min 57 sec)
Heartbeat CPU 0 instructions: 110000021 cycles: 204546420 heartbeat IPC: 0.4403 cumulative IPC: 0.4397 (Simulation time: 00 hr 48 min 58 sec)
Heartbeat CPU 1 instructions: 110000021 cycles: 204583629 heartbeat IPC: 0.4396 cumulative IPC: 0.4396 (Simulation time: 00 hr 48 min 58 sec)
Heartbeat CPU 2 instructions: 120000008 cycles: 227195388 heartbeat IPC: 0.4396 cumulative IPC: 0.4399 (Simulation time: 00 hr 54 min 08 sec)
Heartbeat CPU 3 instructions: 120000023 cycles: 227255165 heartbeat IPC: 0.4397 cumulative IPC: 0.4398 (Simulation time: 00 hr 54 min 09 sec)
Heartbeat CPU 0 instructions: 120000022 cycles: 227262628 heartbeat IPC: 0.4402 cumulative IPC: 0.4398 (Simulation time: 00 hr 54 min 09 sec)
Heartbeat CPU 1 instructions: 120000023 cycles: 227277742 heartbeat IPC: 0.4406 cumulative IPC: 0.4397 (Simulation time: 00 hr 54 min 09 sec)
Simulation finished CPU 2 instructions: 100000003 cycles: 227340636 cumulative IPC: 0.4399 (Simulation time: 00 hr 56 min 41 sec)
Simulation finished CPU 3 instructions: 100000004 cycles: 227418244 cumulative IPC: 0.4397 (Simulation time: 00 hr 56 min 42 sec)
Simulation finished CPU 1 instructions: 100000004 cycles: 227430691 cumulative IPC: 0.4397 (Simulation time: 00 hr 56 min 42 sec)
Simulation finished CPU 0 instructions: 100000001 cycles: 227459579 cumulative IPC: 0.4396 (Simulation time: 00 hr 56 min 42 sec)
Simulation complete CPU 3 instructions: 100017790 cycles: 227459579 cumulative IPC: 0.4397 (Simulation time: 00 hr 56 min 42 sec)
Simulation complete CPU 2 instructions: 100051108 cycles: 227459579 cumulative IPC: 0.4399 (Simulation time: 00 hr 56 min 42 sec)
Simulation complete CPU 1 instructions: 100011927 cycles: 227459579 cumulative IPC: 0.4397 (Simulation time: 00 hr 56 min 42 sec)
Simulation complete CPU 0 instructions: 100000001 cycles: 227459579 cumulative IPC: 0.4396 (Simulation time: 00 hr 56 min 42 sec)

ChampSim completed all CPUs

=== Simulation ===
CPU 0 runs ../frost/TRACES/ctf/spec2017/649.fotonik3d_s-10881B.champsimtrace.xz
CPU 1 runs ../frost/TRACES/ctf/spec2017/649.fotonik3d_s-10881B.champsimtrace.xz
CPU 2 runs ../frost/TRACES/ctf/spec2017/649.fotonik3d_s-10881B.champsimtrace.xz
CPU 3 runs ../frost/TRACES/ctf/spec2017/649.fotonik3d_s-10881B.champsimtrace.xz

Total Simulation Statistics (not including warmup)

CPU 3 cumulative IPC: 0.4397 instructions: 100017790 cycles: 227459579
CPU 3 Branch Prediction Accuracy: 99.99% MPKI: 0.0008898 Average ROB Occupancy at Mispredict: 263.3
Branch type MPKI
BRANCH_DIRECT_JUMP: 0
BRANCH_INDIRECT: 0
BRANCH_CONDITIONAL: 0.0008898
BRANCH_DIRECT_CALL: 0
BRANCH_INDIRECT_CALL: 0
BRANCH_RETURN: 0


CPU 2 cumulative IPC: 0.4399 instructions: 100051108 cycles: 227459579
CPU 2 Branch Prediction Accuracy: 99.99% MPKI: 0.0008895 Average ROB Occupancy at Mispredict: 260.4
Branch type MPKI
BRANCH_DIRECT_JUMP: 0
BRANCH_INDIRECT: 0
BRANCH_CONDITIONAL: 0.0008895
BRANCH_DIRECT_CALL: 0
BRANCH_INDIRECT_CALL: 0
BRANCH_RETURN: 0


CPU 1 cumulative IPC: 0.4397 instructions: 100011927 cycles: 227459579
CPU 1 Branch Prediction Accuracy: 99.99% MPKI: 0.0008899 Average ROB Occupancy at Mispredict: 262.4
Branch type MPKI
BRANCH_DIRECT_JUMP: 0
BRANCH_INDIRECT: 0
BRANCH_CONDITIONAL: 0.0008899
BRANCH_DIRECT_CALL: 0
BRANCH_INDIRECT_CALL: 0
BRANCH_RETURN: 0


CPU 0 cumulative IPC: 0.4396 instructions: 100000001 cycles: 227459579
CPU 0 Branch Prediction Accuracy: 99.99% MPKI: 0.00089 Average ROB Occupancy at Mispredict: 262.3
Branch type MPKI
BRANCH_DIRECT_JUMP: 0
BRANCH_INDIRECT: 0
BRANCH_CONDITIONAL: 0.00089
BRANCH_DIRECT_CALL: 0
BRANCH_INDIRECT_CALL: 0
BRANCH_RETURN: 0

cpu3->cpu3_STLB TOTAL        ACCESS:     530908 HIT:     275288 MISS:     255620 MSHR_MERGE:          0
cpu3->cpu3_STLB LOAD         ACCESS:     530908 HIT:     275288 MISS:     255620 MSHR_MERGE:          0
cpu3->cpu3_STLB RFO          ACCESS:          0 HIT:          0 MISS:          0 MSHR_MERGE:          0
cpu3->cpu3_STLB PREFETCH     ACCESS:          0 HIT:          0 MISS:          0 MSHR_MERGE:          0
cpu3->cpu3_STLB WRITE        ACCESS:          0 HIT:          0 MISS:          0 MSHR_MERGE:          0
cpu3->cpu3_STLB TRANSLATION  ACCESS:          0 HIT:          0 MISS:          0 MSHR_MERGE:          0
cpu3->cpu3_STLB PREFETCH REQUESTED:          0 ISSUED:          0 USEFUL:          0 USELESS:          0
cpu3->cpu3_STLB AVERAGE MISS LATENCY: 234.6 cycles
cpu3->cpu3_L2C TOTAL        ACCESS:    3123608 HIT:    1182347 MISS:    1941261 MSHR_MERGE:          0
cpu3->cpu3_L2C LOAD         ACCESS:    1924362 HIT:         33 MISS:    1924329 MSHR_MERGE:          0
cpu3->cpu3_L2C RFO          ACCESS:          0 HIT:          0 MISS:          0 MSHR_MERGE:          0
cpu3->cpu3_L2C PREFETCH     ACCESS:          0 HIT:          0 MISS:          0 MSHR_MERGE:          0
cpu3->cpu3_L2C WRITE        ACCESS:     971650 HIT:     971650 MISS:          0 MSHR_MERGE:          0
cpu3->cpu3_L2C TRANSLATION  ACCESS:     227596 HIT:     210664 MISS:      16932 MSHR_MERGE:          0
cpu3->cpu3_L2C PREFETCH REQUESTED:          0 ISSUED:          0 USEFUL:          0 USELESS:          0
cpu3->cpu3_L2C AVERAGE MISS LATENCY: 245.2 cycles
cpu3->cpu3_L1I TOTAL        ACCESS:   33196131 HIT:   33196131 MISS:          0 MSHR_MERGE:          0
cpu3->cpu3_L1I LOAD         ACCESS:   33196131 HIT:   33196131 MISS:          0 MSHR_MERGE:          0
cpu3->cpu3_L1I RFO          ACCESS:          0 HIT:          0 MISS:          0 MSHR_MERGE:          0
cpu3->cpu3_L1I PREFETCH     ACCESS:          0 HIT:          0 MISS:          0 MSHR_MERGE:          0
cpu3->cpu3_L1I WRITE        ACCESS:          0 HIT:          0 MISS:          0 MSHR_MERGE:          0
cpu3->cpu3_L1I TRANSLATION  ACCESS:          0 HIT:          0 MISS:          0 MSHR_MERGE:          0
cpu3->cpu3_L1I PREFETCH REQUESTED:          0 ISSUED:          0 USEFUL:          0 USELESS:          0
cpu3->cpu3_L1I AVERAGE MISS LATENCY: - cycles
cpu3->cpu3_L1D TOTAL        ACCESS:   55078229 HIT:   52136311 MISS:    2941918 MSHR_MERGE:     789960
cpu3->cpu3_L1D LOAD         ACCESS:   48409652 HIT:   45695332 MISS:    2714320 MSHR_MERGE:     789958
cpu3->cpu3_L1D RFO          ACCESS:          0 HIT:          0 MISS:          0 MSHR_MERGE:          0
cpu3->cpu3_L1D PREFETCH     ACCESS:          0 HIT:          0 MISS:          0 MSHR_MERGE:          0
cpu3->cpu3_L1D WRITE        ACCESS:    6412449 HIT:    6412449 MISS:          0 MSHR_MERGE:          0
cpu3->cpu3_L1D TRANSLATION  ACCESS:     256128 HIT:      28530 MISS:     227598 MSHR_MERGE:          2
cpu3->cpu3_L1D PREFETCH REQUESTED:          0 ISSUED:          0 USEFUL:          0 USELESS:          0
cpu3->cpu3_L1D AVERAGE MISS LATENCY: 230.2 cycles
cpu3->cpu3_ITLB TOTAL        ACCESS:   29641338 HIT:   29641338 MISS:          0 MSHR_MERGE:          0
cpu3->cpu3_ITLB LOAD         ACCESS:   29641338 HIT:   29641338 MISS:          0 MSHR_MERGE:          0
cpu3->cpu3_ITLB RFO          ACCESS:          0 HIT:          0 MISS:          0 MSHR_MERGE:          0
cpu3->cpu3_ITLB PREFETCH     ACCESS:          0 HIT:          0 MISS:          0 MSHR_MERGE:          0
cpu3->cpu3_ITLB WRITE        ACCESS:          0 HIT:          0 MISS:          0 MSHR_MERGE:          0
cpu3->cpu3_ITLB TRANSLATION  ACCESS:          0 HIT:          0 MISS:          0 MSHR_MERGE:          0
cpu3->cpu3_ITLB PREFETCH REQUESTED:          0 ISSUED:          0 USEFUL:          0 USELESS:          0
cpu3->cpu3_ITLB AVERAGE MISS LATENCY: - cycles
cpu3->cpu3_DTLB TOTAL        ACCESS:   53303373 HIT:   52675160 MISS:     628213 MSHR_MERGE:      97305
cpu3->cpu3_DTLB LOAD         ACCESS:   53303373 HIT:   52675160 MISS:     628213 MSHR_MERGE:      97305
cpu3->cpu3_DTLB RFO          ACCESS:          0 HIT:          0 MISS:          0 MSHR_MERGE:          0
cpu3->cpu3_DTLB PREFETCH     ACCESS:          0 HIT:          0 MISS:          0 MSHR_MERGE:          0
cpu3->cpu3_DTLB WRITE        ACCESS:          0 HIT:          0 MISS:          0 MSHR_MERGE:          0
cpu3->cpu3_DTLB TRANSLATION  ACCESS:          0 HIT:          0 MISS:          0 MSHR_MERGE:          0
cpu3->cpu3_DTLB PREFETCH REQUESTED:          0 ISSUED:          0 USEFUL:          0 USELESS:          0
cpu3->cpu3_DTLB AVERAGE MISS LATENCY: 118.4 cycles
cpu2->cpu2_STLB TOTAL        ACCESS:     531201 HIT:     275491 MISS:     255710 MSHR_MERGE:          0
cpu2->cpu2_STLB LOAD         ACCESS:     531201 HIT:     275491 MISS:     255710 MSHR_MERGE:          0
cpu2->cpu2_STLB RFO          ACCESS:          0 HIT:          0 MISS:          0 MSHR_MERGE:          0
cpu2->cpu2_STLB PREFETCH     ACCESS:          0 HIT:          0 MISS:          0 MSHR_MERGE:          0
cpu2->cpu2_STLB WRITE        ACCESS:          0 HIT:          0 MISS:          0 MSHR_MERGE:          0
cpu2->cpu2_STLB TRANSLATION  ACCESS:          0 HIT:          0 MISS:          0 MSHR_MERGE:          0
cpu2->cpu2_STLB PREFETCH REQUESTED:          0 ISSUED:          0 USEFUL:          0 USELESS:          0
cpu2->cpu2_STLB AVERAGE MISS LATENCY: 234.7 cycles
cpu2->cpu2_L2C TOTAL        ACCESS:    3124737 HIT:    1183018 MISS:    1941719 MSHR_MERGE:          0
cpu2->cpu2_L2C LOAD         ACCESS:    1925014 HIT:         43 MISS:    1924971 MSHR_MERGE:          0
cpu2->cpu2_L2C RFO          ACCESS:          0 HIT:          0 MISS:          0 MSHR_MERGE:          0
cpu2->cpu2_L2C PREFETCH     ACCESS:          0 HIT:          0 MISS:          0 MSHR_MERGE:          0
cpu2->cpu2_L2C WRITE        ACCESS:     972002 HIT:     972002 MISS:          0 MSHR_MERGE:          0
cpu2->cpu2_L2C TRANSLATION  ACCESS:     227721 HIT:     210973 MISS:      16748 MSHR_MERGE:          0
cpu2->cpu2_L2C PREFETCH REQUESTED:          0 ISSUED:          0 USEFUL:          0 USELESS:          0
cpu2->cpu2_L2C AVERAGE MISS LATENCY: 245.1 cycles
cpu2->cpu2_L1I TOTAL        ACCESS:   33205108 HIT:   33205108 MISS:          0 MSHR_MERGE:          0
cpu2->cpu2_L1I LOAD         ACCESS:   33205108 HIT:   33205108 MISS:          0 MSHR_MERGE:          0
cpu2->cpu2_L1I RFO          ACCESS:          0 HIT:          0 MISS:          0 MSHR_MERGE:          0
cpu2->cpu2_L1I PREFETCH     ACCESS:          0 HIT:          0 MISS:          0 MSHR_MERGE:          0
cpu2->cpu2_L1I WRITE        ACCESS:          0 HIT:          0 MISS:          0 MSHR_MERGE:          0
cpu2->cpu2_L1I TRANSLATION  ACCESS:          0 HIT:          0 MISS:          0 MSHR_MERGE:          0
cpu2->cpu2_L1I PREFETCH REQUESTED:          0 ISSUED:          0 USEFUL:          0 USELESS:          0
cpu2->cpu2_L1I AVERAGE MISS LATENCY: - cycles
cpu2->cpu2_L1D TOTAL        ACCESS:   55091415 HIT:   52148624 MISS:    2942791 MSHR_MERGE:     790056
cpu2->cpu2_L1D LOAD         ACCESS:   48420611 HIT:   45705543 MISS:    2715068 MSHR_MERGE:     790054
cpu2->cpu2_L1D RFO          ACCESS:          0 HIT:          0 MISS:          0 MSHR_MERGE:          0
cpu2->cpu2_L1D PREFETCH     ACCESS:          0 HIT:          0 MISS:          0 MSHR_MERGE:          0
cpu2->cpu2_L1D WRITE        ACCESS:    6414586 HIT:    6414586 MISS:          0 MSHR_MERGE:          0
cpu2->cpu2_L1D TRANSLATION  ACCESS:     256218 HIT:      28495 MISS:     227723 MSHR_MERGE:          2
cpu2->cpu2_L1D PREFETCH REQUESTED:          0 ISSUED:          0 USEFUL:          0 USELESS:          0
cpu2->cpu2_L1D AVERAGE MISS LATENCY: 230 cycles
cpu2->cpu2_ITLB TOTAL        ACCESS:   29651380 HIT:   29651380 MISS:          0 MSHR_MERGE:          0
cpu2->cpu2_ITLB LOAD         ACCESS:   29651380 HIT:   29651380 MISS:          0 MSHR_MERGE:          0
cpu2->cpu2_ITLB RFO          ACCESS:          0 HIT:          0 MISS:          0 MSHR_MERGE:          0
cpu2->cpu2_ITLB PREFETCH     ACCESS:          0 HIT:          0 MISS:          0 MSHR_MERGE:          0
cpu2->cpu2_ITLB WRITE        ACCESS:          0 HIT:          0 MISS:          0 MSHR_MERGE:          0
cpu2->cpu2_ITLB TRANSLATION  ACCESS:          0 HIT:          0 MISS:          0 MSHR_MERGE:          0
cpu2->cpu2_ITLB PREFETCH REQUESTED:          0 ISSUED:          0 USEFUL:          0 USELESS:          0
cpu2->cpu2_ITLB AVERAGE MISS LATENCY: - cycles
cpu2->cpu2_DTLB TOTAL        ACCESS:   53316342 HIT:   52687942 MISS:     628400 MSHR_MERGE:      97199
cpu2->cpu2_DTLB LOAD         ACCESS:   53316342 HIT:   52687942 MISS:     628400 MSHR_MERGE:      97199
cpu2->cpu2_DTLB RFO          ACCESS:          0 HIT:          0 MISS:          0 MSHR_MERGE:          0
cpu2->cpu2_DTLB PREFETCH     ACCESS:          0 HIT:          0 MISS:          0 MSHR_MERGE:          0
cpu2->cpu2_DTLB WRITE        ACCESS:          0 HIT:          0 MISS:          0 MSHR_MERGE:          0
cpu2->cpu2_DTLB TRANSLATION  ACCESS:          0 HIT:          0 MISS:          0 MSHR_MERGE:          0
cpu2->cpu2_DTLB PREFETCH REQUESTED:          0 ISSUED:          0 USEFUL:          0 USELESS:          0
cpu2->cpu2_DTLB AVERAGE MISS LATENCY: 118.5 cycles
cpu1->cpu1_STLB TOTAL        ACCESS:     531105 HIT:     275500 MISS:     255605 MSHR_MERGE:          0
cpu1->cpu1_STLB LOAD         ACCESS:     531105 HIT:     275500 MISS:     255605 MSHR_MERGE:          0
cpu1->cpu1_STLB RFO          ACCESS:          0 HIT:          0 MISS:          0 MSHR_MERGE:          0
cpu1->cpu1_STLB PREFETCH     ACCESS:          0 HIT:          0 MISS:          0 MSHR_MERGE:          0
cpu1->cpu1_STLB WRITE        ACCESS:          0 HIT:          0 MISS:          0 MSHR_MERGE:          0
cpu1->cpu1_STLB TRANSLATION  ACCESS:          0 HIT:          0 MISS:          0 MSHR_MERGE:          0
cpu1->cpu1_STLB PREFETCH REQUESTED:          0 ISSUED:          0 USEFUL:          0 USELESS:          0
cpu1->cpu1_STLB AVERAGE MISS LATENCY: 234.8 cycles
cpu1->cpu1_L2C TOTAL        ACCESS:    3123325 HIT:    1182320 MISS:    1941005 MSHR_MERGE:          0
cpu1->cpu1_L2C LOAD         ACCESS:    1924251 HIT:         39 MISS:    1924212 MSHR_MERGE:          0
cpu1->cpu1_L2C RFO          ACCESS:          0 HIT:          0 MISS:          0 MSHR_MERGE:          0
cpu1->cpu1_L2C PREFETCH     ACCESS:          0 HIT:          0 MISS:          0 MSHR_MERGE:          0
cpu1->cpu1_L2C WRITE        ACCESS:     971586 HIT:     971586 MISS:          0 MSHR_MERGE:          0
cpu1->cpu1_L2C TRANSLATION  ACCESS:     227488 HIT:     210695 MISS:      16793 MSHR_MERGE:          0
cpu1->cpu1_L2C PREFETCH REQUESTED:          0 ISSUED:          0 USEFUL:          0 USELESS:          0
cpu1->cpu1_L2C AVERAGE MISS LATENCY: 245.3 cycles
cpu1->cpu1_L1I TOTAL        ACCESS:   33191128 HIT:   33191128 MISS:          0 MSHR_MERGE:          0
cpu1->cpu1_L1I LOAD         ACCESS:   33191128 HIT:   33191128 MISS:          0 MSHR_MERGE:          0
cpu1->cpu1_L1I RFO          ACCESS:          0 HIT:          0 MISS:          0 MSHR_MERGE:          0
cpu1->cpu1_L1I PREFETCH     ACCESS:          0 HIT:          0 MISS:          0 MSHR_MERGE:          0
cpu1->cpu1_L1I WRITE        ACCESS:          0 HIT:          0 MISS:          0 MSHR_MERGE:          0
cpu1->cpu1_L1I TRANSLATION  ACCESS:          0 HIT:          0 MISS:          0 MSHR_MERGE:          0
cpu1->cpu1_L1I PREFETCH REQUESTED:          0 ISSUED:          0 USEFUL:          0 USELESS:          0
cpu1->cpu1_L1I AVERAGE MISS LATENCY: - cycles
cpu1->cpu1_L1D TOTAL        ACCESS:   55072670 HIT:   52131380 MISS:    2941290 MSHR_MERGE:     789551
cpu1->cpu1_L1D LOAD         ACCESS:   48404484 HIT:   45690684 MISS:    2713800 MSHR_MERGE:     789549
cpu1->cpu1_L1D RFO          ACCESS:          0 HIT:          0 MISS:          0 MSHR_MERGE:          0
cpu1->cpu1_L1D PREFETCH     ACCESS:          0 HIT:          0 MISS:          0 MSHR_MERGE:          0
cpu1->cpu1_L1D WRITE        ACCESS:    6412073 HIT:    6412073 MISS:          0 MSHR_MERGE:          0
cpu1->cpu1_L1D TRANSLATION  ACCESS:     256113 HIT:      28623 MISS:     227490 MSHR_MERGE:          2
cpu1->cpu1_L1D PREFETCH REQUESTED:          0 ISSUED:          0 USEFUL:          0 USELESS:          0
cpu1->cpu1_L1D AVERAGE MISS LATENCY: 230.2 cycles
cpu1->cpu1_ITLB TOTAL        ACCESS:   29638040 HIT:   29638040 MISS:          0 MSHR_MERGE:          0
cpu1->cpu1_ITLB LOAD         ACCESS:   29638040 HIT:   29638040 MISS:          0 MSHR_MERGE:          0
cpu1->cpu1_ITLB RFO          ACCESS:          0 HIT:          0 MISS:          0 MSHR_MERGE:          0
cpu1->cpu1_ITLB PREFETCH     ACCESS:          0 HIT:          0 MISS:          0 MSHR_MERGE:          0
cpu1->cpu1_ITLB WRITE        ACCESS:          0 HIT:          0 MISS:          0 MSHR_MERGE:          0
cpu1->cpu1_ITLB TRANSLATION  ACCESS:          0 HIT:          0 MISS:          0 MSHR_MERGE:          0
cpu1->cpu1_ITLB PREFETCH REQUESTED:          0 ISSUED:          0 USEFUL:          0 USELESS:          0
cpu1->cpu1_ITLB AVERAGE MISS LATENCY: - cycles
cpu1->cpu1_DTLB TOTAL        ACCESS:   53297512 HIT:   52669046 MISS:     628466 MSHR_MERGE:      97361
cpu1->cpu1_DTLB LOAD         ACCESS:   53297512 HIT:   52669046 MISS:     628466 MSHR_MERGE:      97361
cpu1->cpu1_DTLB RFO          ACCESS:          0 HIT:          0 MISS:          0 MSHR_MERGE:          0
cpu1->cpu1_DTLB PREFETCH     ACCESS:          0 HIT:          0 MISS:          0 MSHR_MERGE:          0
cpu1->cpu1_DTLB WRITE        ACCESS:          0 HIT:          0 MISS:          0 MSHR_MERGE:          0
cpu1->cpu1_DTLB TRANSLATION  ACCESS:          0 HIT:          0 MISS:          0 MSHR_MERGE:          0
cpu1->cpu1_DTLB PREFETCH REQUESTED:          0 ISSUED:          0 USEFUL:          0 USELESS:          0
cpu1->cpu1_DTLB AVERAGE MISS LATENCY: 118.5 cycles
cpu0->cpu0_STLB TOTAL        ACCESS:     530785 HIT:     275204 MISS:     255581 MSHR_MERGE:          0
cpu0->cpu0_STLB LOAD         ACCESS:     530785 HIT:     275204 MISS:     255581 MSHR_MERGE:          0
cpu0->cpu0_STLB RFO          ACCESS:          0 HIT:          0 MISS:          0 MSHR_MERGE:          0
cpu0->cpu0_STLB PREFETCH     ACCESS:          0 HIT:          0 MISS:          0 MSHR_MERGE:          0
cpu0->cpu0_STLB WRITE        ACCESS:          0 HIT:          0 MISS:          0 MSHR_MERGE:          0
cpu0->cpu0_STLB TRANSLATION  ACCESS:          0 HIT:          0 MISS:          0 MSHR_MERGE:          0
cpu0->cpu0_STLB PREFETCH REQUESTED:          0 ISSUED:          0 USEFUL:          0 USELESS:          0
cpu0->cpu0_STLB AVERAGE MISS LATENCY: 234.7 cycles
cpu0->cpu0_L2C TOTAL        ACCESS:    3123140 HIT:    1182461 MISS:    1940679 MSHR_MERGE:          0
cpu0->cpu0_L2C LOAD         ACCESS:    1924024 HIT:         26 MISS:    1923998 MSHR_MERGE:          0
cpu0->cpu0_L2C RFO          ACCESS:          0 HIT:          0 MISS:          0 MSHR_MERGE:          0
cpu0->cpu0_L2C PREFETCH     ACCESS:          0 HIT:          0 MISS:          0 MSHR_MERGE:          0
cpu0->cpu0_L2C WRITE        ACCESS:     971509 HIT:     971509 MISS:          0 MSHR_MERGE:          0
cpu0->cpu0_L2C TRANSLATION  ACCESS:     227607 HIT:     210926 MISS:      16681 MSHR_MERGE:          0
cpu0->cpu0_L2C PREFETCH REQUESTED:          0 ISSUED:          0 USEFUL:          0 USELESS:          0
cpu0->cpu0_L2C AVERAGE MISS LATENCY: 245.3 cycles
cpu0->cpu0_L1I TOTAL        ACCESS:   33188997 HIT:   33188997 MISS:          0 MSHR_MERGE:          0
cpu0->cpu0_L1I LOAD         ACCESS:   33188997 HIT:   33188997 MISS:          0 MSHR_MERGE:          0
cpu0->cpu0_L1I RFO          ACCESS:          0 HIT:          0 MISS:          0 MSHR_MERGE:          0
cpu0->cpu0_L1I PREFETCH     ACCESS:          0 HIT:          0 MISS:          0 MSHR_MERGE:          0
cpu0->cpu0_L1I WRITE        ACCESS:          0 HIT:          0 MISS:          0 MSHR_MERGE:          0
cpu0->cpu0_L1I TRANSLATION  ACCESS:          0 HIT:          0 MISS:          0 MSHR_MERGE:          0
cpu0->cpu0_L1I PREFETCH REQUESTED:          0 ISSUED:          0 USEFUL:          0 USELESS:          0
cpu0->cpu0_L1I AVERAGE MISS LATENCY: - cycles
cpu0->cpu0_L1D TOTAL        ACCESS:   55067235 HIT:   52126151 MISS:    2941084 MSHR_MERGE:     789453
cpu0->cpu0_L1D LOAD         ACCESS:   48399838 HIT:   45686363 MISS:    2713475 MSHR_MERGE:     789451
cpu0->cpu0_L1D RFO          ACCESS:          0 HIT:          0 MISS:          0 MSHR_MERGE:          0
cpu0->cpu0_L1D PREFETCH     ACCESS:          0 HIT:          0 MISS:          0 MSHR_MERGE:          0
cpu0->cpu0_L1D WRITE        ACCESS:    6411310 HIT:    6411310 MISS:          0 MSHR_MERGE:          0
cpu0->cpu0_L1D TRANSLATION  ACCESS:     256087 HIT:      28478 MISS:     227609 MSHR_MERGE:          2
cpu0->cpu0_L1D PREFETCH REQUESTED:          0 ISSUED:          0 USEFUL:          0 USELESS:          0
cpu0->cpu0_L1D AVERAGE MISS LATENCY: 230.2 cycles
cpu0->cpu0_ITLB TOTAL        ACCESS:   29634619 HIT:   29634619 MISS:          0 MSHR_MERGE:          0
cpu0->cpu0_ITLB LOAD         ACCESS:   29634619 HIT:   29634619 MISS:          0 MSHR_MERGE:          0
cpu0->cpu0_ITLB RFO          ACCESS:          0 HIT:          0 MISS:          0 MSHR_MERGE:          0
cpu0->cpu0_ITLB PREFETCH     ACCESS:          0 HIT:          0 MISS:          0 MSHR_MERGE:          0
cpu0->cpu0_ITLB WRITE        ACCESS:          0 HIT:          0 MISS:          0 MSHR_MERGE:          0
cpu0->cpu0_ITLB TRANSLATION  ACCESS:          0 HIT:          0 MISS:          0 MSHR_MERGE:          0
cpu0->cpu0_ITLB PREFETCH REQUESTED:          0 ISSUED:          0 USEFUL:          0 USELESS:          0
cpu0->cpu0_ITLB AVERAGE MISS LATENCY: - cycles
cpu0->cpu0_DTLB TOTAL        ACCESS:   53291911 HIT:   52663843 MISS:     628068 MSHR_MERGE:      97283
cpu0->cpu0_DTLB LOAD         ACCESS:   53291911 HIT:   52663843 MISS:     628068 MSHR_MERGE:      97283
cpu0->cpu0_DTLB RFO          ACCESS:          0 HIT:          0 MISS:          0 MSHR_MERGE:          0
cpu0->cpu0_DTLB PREFETCH     ACCESS:          0 HIT:          0 MISS:          0 MSHR_MERGE:          0
cpu0->cpu0_DTLB WRITE        ACCESS:          0 HIT:          0 MISS:          0 MSHR_MERGE:          0
cpu0->cpu0_DTLB TRANSLATION  ACCESS:          0 HIT:          0 MISS:          0 MSHR_MERGE:          0
cpu0->cpu0_DTLB PREFETCH REQUESTED:          0 ISSUED:          0 USEFUL:          0 USELESS:          0
cpu0->cpu0_DTLB AVERAGE MISS LATENCY: 118.5 cycles
cpu0->LLC TOTAL        ACCESS:    2912262 HIT:    1318677 MISS:    1593585 MSHR_MERGE:          0
cpu0->LLC LOAD         ACCESS:    1923998 HIT:     346374 MISS:    1577624 MSHR_MERGE:          0
cpu0->LLC RFO          ACCESS:          0 HIT:          0 MISS:          0 MSHR_MERGE:          0
cpu0->LLC PREFETCH     ACCESS:          0 HIT:          0 MISS:          0 MSHR_MERGE:          0
cpu0->LLC WRITE        ACCESS:     971583 HIT:     971489 MISS:         94 MSHR_MERGE:          0
cpu0->LLC TRANSLATION  ACCESS:      16681 HIT:        814 MISS:      15867 MSHR_MERGE:          0
cpu0->LLC PREFETCH REQUESTED:          0 ISSUED:          0 USEFUL:          0 USELESS:          0
cpu0->LLC AVERAGE MISS LATENCY: 1118 cycles
cpu1->LLC TOTAL        ACCESS:    2912608 HIT:    1319115 MISS:    1593493 MSHR_MERGE:          0
cpu1->LLC LOAD         ACCESS:    1924212 HIT:     346658 MISS:    1577554 MSHR_MERGE:          0
cpu1->LLC RFO          ACCESS:          0 HIT:          0 MISS:          0 MSHR_MERGE:          0
cpu1->LLC PREFETCH     ACCESS:          0 HIT:          0 MISS:          0 MSHR_MERGE:          0
cpu1->LLC WRITE        ACCESS:     971603 HIT:     971518 MISS:         85 MSHR_MERGE:          0
cpu1->LLC TRANSLATION  ACCESS:      16793 HIT:        939 MISS:      15854 MSHR_MERGE:          0
cpu1->LLC PREFETCH REQUESTED:          0 ISSUED:          0 USEFUL:          0 USELESS:          0
cpu1->LLC AVERAGE MISS LATENCY: 1118 cycles
cpu2->LLC TOTAL        ACCESS:    2913693 HIT:    1319325 MISS:    1594368 MSHR_MERGE:          0
cpu2->LLC LOAD         ACCESS:    1924971 HIT:     346569 MISS:    1578402 MSHR_MERGE:          0
cpu2->LLC RFO          ACCESS:          0 HIT:          0 MISS:          0 MSHR_MERGE:          0
cpu2->LLC PREFETCH     ACCESS:          0 HIT:          0 MISS:          0 MSHR_MERGE:          0
cpu2->LLC WRITE        ACCESS:     971974 HIT:     971873 MISS:        101 MSHR_MERGE:          0
cpu2->LLC TRANSLATION  ACCESS:      16748 HIT:        883 MISS:      15865 MSHR_MERGE:          0
cpu2->LLC PREFETCH REQUESTED:          0 ISSUED:          0 USEFUL:          0 USELESS:          0
cpu2->LLC AVERAGE MISS LATENCY: 1117 cycles
cpu3->LLC TOTAL        ACCESS:    2912919 HIT:    1319848 MISS:    1593071 MSHR_MERGE:          0
cpu3->LLC LOAD         ACCESS:    1924329 HIT:     347209 MISS:    1577120 MSHR_MERGE:          0
cpu3->LLC RFO          ACCESS:          0 HIT:          0 MISS:          0 MSHR_MERGE:          0
cpu3->LLC PREFETCH     ACCESS:          0 HIT:          0 MISS:          0 MSHR_MERGE:          0
cpu3->LLC WRITE        ACCESS:     971658 HIT:     971534 MISS:        124 MSHR_MERGE:          0
cpu3->LLC TRANSLATION  ACCESS:      16932 HIT:       1105 MISS:      15827 MSHR_MERGE:          0
cpu3->LLC PREFETCH REQUESTED:          0 ISSUED:          0 USEFUL:          0 USELESS:          0
cpu3->LLC AVERAGE MISS LATENCY: 1118 cycles

Region of Interest Statistics

CPU 3 cumulative IPC: 0.4397 instructions: 100000004 cycles: 227418244
CPU 3 Branch Prediction Accuracy: 99.99% MPKI: 0.00089 Average ROB Occupancy at Mispredict: 263.3
Branch type MPKI
BRANCH_DIRECT_JUMP: 0
BRANCH_INDIRECT: 0
BRANCH_CONDITIONAL: 0.00089
BRANCH_DIRECT_CALL: 0
BRANCH_INDIRECT_CALL: 0
BRANCH_RETURN: 0


CPU 2 cumulative IPC: 0.4399 instructions: 100000003 cycles: 227340636
CPU 2 Branch Prediction Accuracy: 99.99% MPKI: 0.00089 Average ROB Occupancy at Mispredict: 260.4
Branch type MPKI
BRANCH_DIRECT_JUMP: 0
BRANCH_INDIRECT: 0
BRANCH_CONDITIONAL: 0.00089
BRANCH_DIRECT_CALL: 0
BRANCH_INDIRECT_CALL: 0
BRANCH_RETURN: 0


CPU 1 cumulative IPC: 0.4397 instructions: 100000004 cycles: 227430691
CPU 1 Branch Prediction Accuracy: 99.99% MPKI: 0.00089 Average ROB Occupancy at Mispredict: 262.4
Branch type MPKI
BRANCH_DIRECT_JUMP: 0
BRANCH_INDIRECT: 0
BRANCH_CONDITIONAL: 0.00089
BRANCH_DIRECT_CALL: 0
BRANCH_INDIRECT_CALL: 0
BRANCH_RETURN: 0


CPU 0 cumulative IPC: 0.4396 instructions: 100000001 cycles: 227459579
CPU 0 Branch Prediction Accuracy: 99.99% MPKI: 0.00089 Average ROB Occupancy at Mispredict: 262.3
Branch type MPKI
BRANCH_DIRECT_JUMP: 0
BRANCH_INDIRECT: 0
BRANCH_CONDITIONAL: 0.00089
BRANCH_DIRECT_CALL: 0
BRANCH_INDIRECT_CALL: 0
BRANCH_RETURN: 0

cpu3->cpu3_STLB TOTAL        ACCESS:     530908 HIT:     275288 MISS:     255620 MSHR_MERGE:          0
cpu3->cpu3_STLB LOAD         ACCESS:     530908 HIT:     275288 MISS:     255620 MSHR_MERGE:          0
cpu3->cpu3_STLB RFO          ACCESS:          0 HIT:          0 MISS:          0 MSHR_MERGE:          0
cpu3->cpu3_STLB PREFETCH     ACCESS:          0 HIT:          0 MISS:          0 MSHR_MERGE:          0
cpu3->cpu3_STLB WRITE        ACCESS:          0 HIT:          0 MISS:          0 MSHR_MERGE:          0
cpu3->cpu3_STLB TRANSLATION  ACCESS:          0 HIT:          0 MISS:          0 MSHR_MERGE:          0
cpu3->cpu3_STLB PREFETCH REQUESTED:          0 ISSUED:          0 USEFUL:          0 USELESS:          0
cpu3->cpu3_STLB AVERAGE MISS LATENCY: 234.6 cycles
cpu3->cpu3_L2C TOTAL        ACCESS:    3123608 HIT:    1182347 MISS:    1941261 MSHR_MERGE:          0
cpu3->cpu3_L2C LOAD         ACCESS:    1924362 HIT:         33 MISS:    1924329 MSHR_MERGE:          0
cpu3->cpu3_L2C RFO          ACCESS:          0 HIT:          0 MISS:          0 MSHR_MERGE:          0
cpu3->cpu3_L2C PREFETCH     ACCESS:          0 HIT:          0 MISS:          0 MSHR_MERGE:          0
cpu3->cpu3_L2C WRITE        ACCESS:     971650 HIT:     971650 MISS:          0 MSHR_MERGE:          0
cpu3->cpu3_L2C TRANSLATION  ACCESS:     227596 HIT:     210664 MISS:      16932 MSHR_MERGE:          0
cpu3->cpu3_L2C PREFETCH REQUESTED:          0 ISSUED:          0 USEFUL:          0 USELESS:          0
cpu3->cpu3_L2C AVERAGE MISS LATENCY: 245.2 cycles
cpu3->cpu3_L1I TOTAL        ACCESS:   33196131 HIT:   33196131 MISS:          0 MSHR_MERGE:          0
cpu3->cpu3_L1I LOAD         ACCESS:   33196131 HIT:   33196131 MISS:          0 MSHR_MERGE:          0
cpu3->cpu3_L1I RFO          ACCESS:          0 HIT:          0 MISS:          0 MSHR_MERGE:          0
cpu3->cpu3_L1I PREFETCH     ACCESS:          0 HIT:          0 MISS:          0 MSHR_MERGE:          0
cpu3->cpu3_L1I WRITE        ACCESS:          0 HIT:          0 MISS:          0 MSHR_MERGE:          0
cpu3->cpu3_L1I TRANSLATION  ACCESS:          0 HIT:          0 MISS:          0 MSHR_MERGE:          0
cpu3->cpu3_L1I PREFETCH REQUESTED:          0 ISSUED:          0 USEFUL:          0 USELESS:          0
cpu3->cpu3_L1I AVERAGE MISS LATENCY: - cycles
cpu3->cpu3_L1D TOTAL        ACCESS:   55078229 HIT:   52136311 MISS:    2941918 MSHR_MERGE:     789960
cpu3->cpu3_L1D LOAD         ACCESS:   48409652 HIT:   45695332 MISS:    2714320 MSHR_MERGE:     789958
cpu3->cpu3_L1D RFO          ACCESS:          0 HIT:          0 MISS:          0 MSHR_MERGE:          0
cpu3->cpu3_L1D PREFETCH     ACCESS:          0 HIT:          0 MISS:          0 MSHR_MERGE:          0
cpu3->cpu3_L1D WRITE        ACCESS:    6412449 HIT:    6412449 MISS:          0 MSHR_MERGE:          0
cpu3->cpu3_L1D TRANSLATION  ACCESS:     256128 HIT:      28530 MISS:     227598 MSHR_MERGE:          2
cpu3->cpu3_L1D PREFETCH REQUESTED:          0 ISSUED:          0 USEFUL:          0 USELESS:          0
cpu3->cpu3_L1D AVERAGE MISS LATENCY: 230.2 cycles
cpu3->cpu3_ITLB TOTAL        ACCESS:   29641338 HIT:   29641338 MISS:          0 MSHR_MERGE:          0
cpu3->cpu3_ITLB LOAD         ACCESS:   29641338 HIT:   29641338 MISS:          0 MSHR_MERGE:          0
cpu3->cpu3_ITLB RFO          ACCESS:          0 HIT:          0 MISS:          0 MSHR_MERGE:          0
cpu3->cpu3_ITLB PREFETCH     ACCESS:          0 HIT:          0 MISS:          0 MSHR_MERGE:          0
cpu3->cpu3_ITLB WRITE        ACCESS:          0 HIT:          0 MISS:          0 MSHR_MERGE:          0
cpu3->cpu3_ITLB TRANSLATION  ACCESS:          0 HIT:          0 MISS:          0 MSHR_MERGE:          0
cpu3->cpu3_ITLB PREFETCH REQUESTED:          0 ISSUED:          0 USEFUL:          0 USELESS:          0
cpu3->cpu3_ITLB AVERAGE MISS LATENCY: - cycles
cpu3->cpu3_DTLB TOTAL        ACCESS:   53303373 HIT:   52675160 MISS:     628213 MSHR_MERGE:      97305
cpu3->cpu3_DTLB LOAD         ACCESS:   53303373 HIT:   52675160 MISS:     628213 MSHR_MERGE:      97305
cpu3->cpu3_DTLB RFO          ACCESS:          0 HIT:          0 MISS:          0 MSHR_MERGE:          0
cpu3->cpu3_DTLB PREFETCH     ACCESS:          0 HIT:          0 MISS:          0 MSHR_MERGE:          0
cpu3->cpu3_DTLB WRITE        ACCESS:          0 HIT:          0 MISS:          0 MSHR_MERGE:          0
cpu3->cpu3_DTLB TRANSLATION  ACCESS:          0 HIT:          0 MISS:          0 MSHR_MERGE:          0
cpu3->cpu3_DTLB PREFETCH REQUESTED:          0 ISSUED:          0 USEFUL:          0 USELESS:          0
cpu3->cpu3_DTLB AVERAGE MISS LATENCY: 118.4 cycles
cpu2->cpu2_STLB TOTAL        ACCESS:     531201 HIT:     275491 MISS:     255710 MSHR_MERGE:          0
cpu2->cpu2_STLB LOAD         ACCESS:     531201 HIT:     275491 MISS:     255710 MSHR_MERGE:          0
cpu2->cpu2_STLB RFO          ACCESS:          0 HIT:          0 MISS:          0 MSHR_MERGE:          0
cpu2->cpu2_STLB PREFETCH     ACCESS:          0 HIT:          0 MISS:          0 MSHR_MERGE:          0
cpu2->cpu2_STLB WRITE        ACCESS:          0 HIT:          0 MISS:          0 MSHR_MERGE:          0
cpu2->cpu2_STLB TRANSLATION  ACCESS:          0 HIT:          0 MISS:          0 MSHR_MERGE:          0
cpu2->cpu2_STLB PREFETCH REQUESTED:          0 ISSUED:          0 USEFUL:          0 USELESS:          0
cpu2->cpu2_STLB AVERAGE MISS LATENCY: 234.7 cycles
cpu2->cpu2_L2C TOTAL        ACCESS:    3124737 HIT:    1183018 MISS:    1941719 MSHR_MERGE:          0
cpu2->cpu2_L2C LOAD         ACCESS:    1925014 HIT:         43 MISS:    1924971 MSHR_MERGE:          0
cpu2->cpu2_L2C RFO          ACCESS:          0 HIT:          0 MISS:          0 MSHR_MERGE:          0
cpu2->cpu2_L2C PREFETCH     ACCESS:          0 HIT:          0 MISS:          0 MSHR_MERGE:          0
cpu2->cpu2_L2C WRITE        ACCESS:     972002 HIT:     972002 MISS:          0 MSHR_MERGE:          0
cpu2->cpu2_L2C TRANSLATION  ACCESS:     227721 HIT:     210973 MISS:      16748 MSHR_MERGE:          0
cpu2->cpu2_L2C PREFETCH REQUESTED:          0 ISSUED:          0 USEFUL:          0 USELESS:          0
cpu2->cpu2_L2C AVERAGE MISS LATENCY: 245.1 cycles
cpu2->cpu2_L1I TOTAL        ACCESS:   33205108 HIT:   33205108 MISS:          0 MSHR_MERGE:          0
cpu2->cpu2_L1I LOAD         ACCESS:   33205108 HIT:   33205108 MISS:          0 MSHR_MERGE:          0
cpu2->cpu2_L1I RFO          ACCESS:          0 HIT:          0 MISS:          0 MSHR_MERGE:          0
cpu2->cpu2_L1I PREFETCH     ACCESS:          0 HIT:          0 MISS:          0 MSHR_MERGE:          0
cpu2->cpu2_L1I WRITE        ACCESS:          0 HIT:          0 MISS:          0 MSHR_MERGE:          0
cpu2->cpu2_L1I TRANSLATION  ACCESS:          0 HIT:          0 MISS:          0 MSHR_MERGE:          0
cpu2->cpu2_L1I PREFETCH REQUESTED:          0 ISSUED:          0 USEFUL:          0 USELESS:          0
cpu2->cpu2_L1I AVERAGE MISS LATENCY: - cycles
cpu2->cpu2_L1D TOTAL        ACCESS:   55091415 HIT:   52148624 MISS:    2942791 MSHR_MERGE:     790056
cpu2->cpu2_L1D LOAD         ACCESS:   48420611 HIT:   45705543 MISS:    2715068 MSHR_MERGE:     790054
cpu2->cpu2_L1D RFO          ACCESS:          0 HIT:          0 MISS:          0 MSHR_MERGE:          0
cpu2->cpu2_L1D PREFETCH     ACCESS:          0 HIT:          0 MISS:          0 MSHR_MERGE:          0
cpu2->cpu2_L1D WRITE        ACCESS:    6414586 HIT:    6414586 MISS:          0 MSHR_MERGE:          0
cpu2->cpu2_L1D TRANSLATION  ACCESS:     256218 HIT:      28495 MISS:     227723 MSHR_MERGE:          2
cpu2->cpu2_L1D PREFETCH REQUESTED:          0 ISSUED:          0 USEFUL:          0 USELESS:          0
cpu2->cpu2_L1D AVERAGE MISS LATENCY: 230 cycles
cpu2->cpu2_ITLB TOTAL        ACCESS:   29651380 HIT:   29651380 MISS:          0 MSHR_MERGE:          0
cpu2->cpu2_ITLB LOAD         ACCESS:   29651380 HIT:   29651380 MISS:          0 MSHR_MERGE:          0
cpu2->cpu2_ITLB RFO          ACCESS:          0 HIT:          0 MISS:          0 MSHR_MERGE:          0
cpu2->cpu2_ITLB PREFETCH     ACCESS:          0 HIT:          0 MISS:          0 MSHR_MERGE:          0
cpu2->cpu2_ITLB WRITE        ACCESS:          0 HIT:          0 MISS:          0 MSHR_MERGE:          0
cpu2->cpu2_ITLB TRANSLATION  ACCESS:          0 HIT:          0 MISS:          0 MSHR_MERGE:          0
cpu2->cpu2_ITLB PREFETCH REQUESTED:          0 ISSUED:          0 USEFUL:          0 USELESS:          0
cpu2->cpu2_ITLB AVERAGE MISS LATENCY: - cycles
cpu2->cpu2_DTLB TOTAL        ACCESS:   53316342 HIT:   52687942 MISS:     628400 MSHR_MERGE:      97199
cpu2->cpu2_DTLB LOAD         ACCESS:   53316342 HIT:   52687942 MISS:     628400 MSHR_MERGE:      97199
cpu2->cpu2_DTLB RFO          ACCESS:          0 HIT:          0 MISS:          0 MSHR_MERGE:          0
cpu2->cpu2_DTLB PREFETCH     ACCESS:          0 HIT:          0 MISS:          0 MSHR_MERGE:          0
cpu2->cpu2_DTLB WRITE        ACCESS:          0 HIT:          0 MISS:          0 MSHR_MERGE:          0
cpu2->cpu2_DTLB TRANSLATION  ACCESS:          0 HIT:          0 MISS:          0 MSHR_MERGE:          0
cpu2->cpu2_DTLB PREFETCH REQUESTED:          0 ISSUED:          0 USEFUL:          0 USELESS:          0
cpu2->cpu2_DTLB AVERAGE MISS LATENCY: 118.5 cycles
cpu1->cpu1_STLB TOTAL        ACCESS:     531105 HIT:     275500 MISS:     255605 MSHR_MERGE:          0
cpu1->cpu1_STLB LOAD         ACCESS:     531105 HIT:     275500 MISS:     255605 MSHR_MERGE:          0
cpu1->cpu1_STLB RFO          ACCESS:          0 HIT:          0 MISS:          0 MSHR_MERGE:          0
cpu1->cpu1_STLB PREFETCH     ACCESS:          0 HIT:          0 MISS:          0 MSHR_MERGE:          0
cpu1->cpu1_STLB WRITE        ACCESS:          0 HIT:          0 MISS:          0 MSHR_MERGE:          0
cpu1->cpu1_STLB TRANSLATION  ACCESS:          0 HIT:          0 MISS:          0 MSHR_MERGE:          0
cpu1->cpu1_STLB PREFETCH REQUESTED:          0 ISSUED:          0 USEFUL:          0 USELESS:          0
cpu1->cpu1_STLB AVERAGE MISS LATENCY: 234.8 cycles
cpu1->cpu1_L2C TOTAL        ACCESS:    3123325 HIT:    1182320 MISS:    1941005 MSHR_MERGE:          0
cpu1->cpu1_L2C LOAD         ACCESS:    1924251 HIT:         39 MISS:    1924212 MSHR_MERGE:          0
cpu1->cpu1_L2C RFO          ACCESS:          0 HIT:          0 MISS:          0 MSHR_MERGE:          0
cpu1->cpu1_L2C PREFETCH     ACCESS:          0 HIT:          0 MISS:          0 MSHR_MERGE:          0
cpu1->cpu1_L2C WRITE        ACCESS:     971586 HIT:     971586 MISS:          0 MSHR_MERGE:          0
cpu1->cpu1_L2C TRANSLATION  ACCESS:     227488 HIT:     210695 MISS:      16793 MSHR_MERGE:          0
cpu1->cpu1_L2C PREFETCH REQUESTED:          0 ISSUED:          0 USEFUL:          0 USELESS:          0
cpu1->cpu1_L2C AVERAGE MISS LATENCY: 245.3 cycles
cpu1->cpu1_L1I TOTAL        ACCESS:   33191128 HIT:   33191128 MISS:          0 MSHR_MERGE:          0
cpu1->cpu1_L1I LOAD         ACCESS:   33191128 HIT:   33191128 MISS:          0 MSHR_MERGE:          0
cpu1->cpu1_L1I RFO          ACCESS:          0 HIT:          0 MISS:          0 MSHR_MERGE:          0
cpu1->cpu1_L1I PREFETCH     ACCESS:          0 HIT:          0 MISS:          0 MSHR_MERGE:          0
cpu1->cpu1_L1I WRITE        ACCESS:          0 HIT:          0 MISS:          0 MSHR_MERGE:          0
cpu1->cpu1_L1I TRANSLATION  ACCESS:          0 HIT:          0 MISS:          0 MSHR_MERGE:          0
cpu1->cpu1_L1I PREFETCH REQUESTED:          0 ISSUED:          0 USEFUL:          0 USELESS:          0
cpu1->cpu1_L1I AVERAGE MISS LATENCY: - cycles
cpu1->cpu1_L1D TOTAL        ACCESS:   55072670 HIT:   52131380 MISS:    2941290 MSHR_MERGE:     789551
cpu1->cpu1_L1D LOAD         ACCESS:   48404484 HIT:   45690684 MISS:    2713800 MSHR_MERGE:     789549
cpu1->cpu1_L1D RFO          ACCESS:          0 HIT:          0 MISS:          0 MSHR_MERGE:          0
cpu1->cpu1_L1D PREFETCH     ACCESS:          0 HIT:          0 MISS:          0 MSHR_MERGE:          0
cpu1->cpu1_L1D WRITE        ACCESS:    6412073 HIT:    6412073 MISS:          0 MSHR_MERGE:          0
cpu1->cpu1_L1D TRANSLATION  ACCESS:     256113 HIT:      28623 MISS:     227490 MSHR_MERGE:          2
cpu1->cpu1_L1D PREFETCH REQUESTED:          0 ISSUED:          0 USEFUL:          0 USELESS:          0
cpu1->cpu1_L1D AVERAGE MISS LATENCY: 230.2 cycles
cpu1->cpu1_ITLB TOTAL        ACCESS:   29638040 HIT:   29638040 MISS:          0 MSHR_MERGE:          0
cpu1->cpu1_ITLB LOAD         ACCESS:   29638040 HIT:   29638040 MISS:          0 MSHR_MERGE:          0
cpu1->cpu1_ITLB RFO          ACCESS:          0 HIT:          0 MISS:          0 MSHR_MERGE:          0
cpu1->cpu1_ITLB PREFETCH     ACCESS:          0 HIT:          0 MISS:          0 MSHR_MERGE:          0
cpu1->cpu1_ITLB WRITE        ACCESS:          0 HIT:          0 MISS:          0 MSHR_MERGE:          0
cpu1->cpu1_ITLB TRANSLATION  ACCESS:          0 HIT:          0 MISS:          0 MSHR_MERGE:          0
cpu1->cpu1_ITLB PREFETCH REQUESTED:          0 ISSUED:          0 USEFUL:          0 USELESS:          0
cpu1->cpu1_ITLB AVERAGE MISS LATENCY: - cycles
cpu1->cpu1_DTLB TOTAL        ACCESS:   53297512 HIT:   52669046 MISS:     628466 MSHR_MERGE:      97361
cpu1->cpu1_DTLB LOAD         ACCESS:   53297512 HIT:   52669046 MISS:     628466 MSHR_MERGE:      97361
cpu1->cpu1_DTLB RFO          ACCESS:          0 HIT:          0 MISS:          0 MSHR_MERGE:          0
cpu1->cpu1_DTLB PREFETCH     ACCESS:          0 HIT:          0 MISS:          0 MSHR_MERGE:          0
cpu1->cpu1_DTLB WRITE        ACCESS:          0 HIT:          0 MISS:          0 MSHR_MERGE:          0
cpu1->cpu1_DTLB TRANSLATION  ACCESS:          0 HIT:          0 MISS:          0 MSHR_MERGE:          0
cpu1->cpu1_DTLB PREFETCH REQUESTED:          0 ISSUED:          0 USEFUL:          0 USELESS:          0
cpu1->cpu1_DTLB AVERAGE MISS LATENCY: 118.5 cycles
cpu0->cpu0_STLB TOTAL        ACCESS:     530785 HIT:     275204 MISS:     255581 MSHR_MERGE:          0
cpu0->cpu0_STLB LOAD         ACCESS:     530785 HIT:     275204 MISS:     255581 MSHR_MERGE:          0
cpu0->cpu0_STLB RFO          ACCESS:          0 HIT:          0 MISS:          0 MSHR_MERGE:          0
cpu0->cpu0_STLB PREFETCH     ACCESS:          0 HIT:          0 MISS:          0 MSHR_MERGE:          0
cpu0->cpu0_STLB WRITE        ACCESS:          0 HIT:          0 MISS:          0 MSHR_MERGE:          0
cpu0->cpu0_STLB TRANSLATION  ACCESS:          0 HIT:          0 MISS:          0 MSHR_MERGE:          0
cpu0->cpu0_STLB PREFETCH REQUESTED:          0 ISSUED:          0 USEFUL:          0 USELESS:          0
cpu0->cpu0_STLB AVERAGE MISS LATENCY: 234.7 cycles
cpu0->cpu0_L2C TOTAL        ACCESS:    3123140 HIT:    1182461 MISS:    1940679 MSHR_MERGE:          0
cpu0->cpu0_L2C LOAD         ACCESS:    1924024 HIT:         26 MISS:    1923998 MSHR_MERGE:          0
cpu0->cpu0_L2C RFO          ACCESS:          0 HIT:          0 MISS:          0 MSHR_MERGE:          0
cpu0->cpu0_L2C PREFETCH     ACCESS:          0 HIT:          0 MISS:          0 MSHR_MERGE:          0
cpu0->cpu0_L2C WRITE        ACCESS:     971509 HIT:     971509 MISS:          0 MSHR_MERGE:          0
cpu0->cpu0_L2C TRANSLATION  ACCESS:     227607 HIT:     210926 MISS:      16681 MSHR_MERGE:          0
cpu0->cpu0_L2C PREFETCH REQUESTED:          0 ISSUED:          0 USEFUL:          0 USELESS:          0
cpu0->cpu0_L2C AVERAGE MISS LATENCY: 245.3 cycles
cpu0->cpu0_L1I TOTAL        ACCESS:   33188997 HIT:   33188997 MISS:          0 MSHR_MERGE:          0
cpu0->cpu0_L1I LOAD         ACCESS:   33188997 HIT:   33188997 MISS:          0 MSHR_MERGE:          0
cpu0->cpu0_L1I RFO          ACCESS:          0 HIT:          0 MISS:          0 MSHR_MERGE:          0
cpu0->cpu0_L1I PREFETCH     ACCESS:          0 HIT:          0 MISS:          0 MSHR_MERGE:          0
cpu0->cpu0_L1I WRITE        ACCESS:          0 HIT:          0 MISS:          0 MSHR_MERGE:          0
cpu0->cpu0_L1I TRANSLATION  ACCESS:          0 HIT:          0 MISS:          0 MSHR_MERGE:          0
cpu0->cpu0_L1I PREFETCH REQUESTED:          0 ISSUED:          0 USEFUL:          0 USELESS:          0
cpu0->cpu0_L1I AVERAGE MISS LATENCY: - cycles
cpu0->cpu0_L1D TOTAL        ACCESS:   55067235 HIT:   52126151 MISS:    2941084 MSHR_MERGE:     789453
cpu0->cpu0_L1D LOAD         ACCESS:   48399838 HIT:   45686363 MISS:    2713475 MSHR_MERGE:     789451
cpu0->cpu0_L1D RFO          ACCESS:          0 HIT:          0 MISS:          0 MSHR_MERGE:          0
cpu0->cpu0_L1D PREFETCH     ACCESS:          0 HIT:          0 MISS:          0 MSHR_MERGE:          0
cpu0->cpu0_L1D WRITE        ACCESS:    6411310 HIT:    6411310 MISS:          0 MSHR_MERGE:          0
cpu0->cpu0_L1D TRANSLATION  ACCESS:     256087 HIT:      28478 MISS:     227609 MSHR_MERGE:          2
cpu0->cpu0_L1D PREFETCH REQUESTED:          0 ISSUED:          0 USEFUL:          0 USELESS:          0
cpu0->cpu0_L1D AVERAGE MISS LATENCY: 230.2 cycles
cpu0->cpu0_ITLB TOTAL        ACCESS:   29634619 HIT:   29634619 MISS:          0 MSHR_MERGE:          0
cpu0->cpu0_ITLB LOAD         ACCESS:   29634619 HIT:   29634619 MISS:          0 MSHR_MERGE:          0
cpu0->cpu0_ITLB RFO          ACCESS:          0 HIT:          0 MISS:          0 MSHR_MERGE:          0
cpu0->cpu0_ITLB PREFETCH     ACCESS:          0 HIT:          0 MISS:          0 MSHR_MERGE:          0
cpu0->cpu0_ITLB WRITE        ACCESS:          0 HIT:          0 MISS:          0 MSHR_MERGE:          0
cpu0->cpu0_ITLB TRANSLATION  ACCESS:          0 HIT:          0 MISS:          0 MSHR_MERGE:          0
cpu0->cpu0_ITLB PREFETCH REQUESTED:          0 ISSUED:          0 USEFUL:          0 USELESS:          0
cpu0->cpu0_ITLB AVERAGE MISS LATENCY: - cycles
cpu0->cpu0_DTLB TOTAL        ACCESS:   53291911 HIT:   52663843 MISS:     628068 MSHR_MERGE:      97283
cpu0->cpu0_DTLB LOAD         ACCESS:   53291911 HIT:   52663843 MISS:     628068 MSHR_MERGE:      97283
cpu0->cpu0_DTLB RFO          ACCESS:          0 HIT:          0 MISS:          0 MSHR_MERGE:          0
cpu0->cpu0_DTLB PREFETCH     ACCESS:          0 HIT:          0 MISS:          0 MSHR_MERGE:          0
cpu0->cpu0_DTLB WRITE        ACCESS:          0 HIT:          0 MISS:          0 MSHR_MERGE:          0
cpu0->cpu0_DTLB TRANSLATION  ACCESS:          0 HIT:          0 MISS:          0 MSHR_MERGE:          0
cpu0->cpu0_DTLB PREFETCH REQUESTED:          0 ISSUED:          0 USEFUL:          0 USELESS:          0
cpu0->cpu0_DTLB AVERAGE MISS LATENCY: 118.5 cycles
cpu0->LLC TOTAL        ACCESS:    2912262 HIT:    1318677 MISS:    1593585 MSHR_MERGE:          0
cpu0->LLC LOAD         ACCESS:    1923998 HIT:     346374 MISS:    1577624 MSHR_MERGE:          0
cpu0->LLC RFO          ACCESS:          0 HIT:          0 MISS:          0 MSHR_MERGE:          0
cpu0->LLC PREFETCH     ACCESS:          0 HIT:          0 MISS:          0 MSHR_MERGE:          0
cpu0->LLC WRITE        ACCESS:     971583 HIT:     971489 MISS:         94 MSHR_MERGE:          0
cpu0->LLC TRANSLATION  ACCESS:      16681 HIT:        814 MISS:      15867 MSHR_MERGE:          0
cpu0->LLC PREFETCH REQUESTED:          0 ISSUED:          0 USEFUL:          0 USELESS:          0
cpu0->LLC AVERAGE MISS LATENCY: 1118 cycles
cpu1->LLC TOTAL        ACCESS:    2912608 HIT:    1319115 MISS:    1593493 MSHR_MERGE:          0
cpu1->LLC LOAD         ACCESS:    1924212 HIT:     346658 MISS:    1577554 MSHR_MERGE:          0
cpu1->LLC RFO          ACCESS:          0 HIT:          0 MISS:          0 MSHR_MERGE:          0
cpu1->LLC PREFETCH     ACCESS:          0 HIT:          0 MISS:          0 MSHR_MERGE:          0
cpu1->LLC WRITE        ACCESS:     971603 HIT:     971518 MISS:         85 MSHR_MERGE:          0
cpu1->LLC TRANSLATION  ACCESS:      16793 HIT:        939 MISS:      15854 MSHR_MERGE:          0
cpu1->LLC PREFETCH REQUESTED:          0 ISSUED:          0 USEFUL:          0 USELESS:          0
cpu1->LLC AVERAGE MISS LATENCY: 1118 cycles
cpu2->LLC TOTAL        ACCESS:    2913693 HIT:    1319325 MISS:    1594368 MSHR_MERGE:          0
cpu2->LLC LOAD         ACCESS:    1924971 HIT:     346569 MISS:    1578402 MSHR_MERGE:          0
cpu2->LLC RFO          ACCESS:          0 HIT:          0 MISS:          0 MSHR_MERGE:          0
cpu2->LLC PREFETCH     ACCESS:          0 HIT:          0 MISS:          0 MSHR_MERGE:          0
cpu2->LLC WRITE        ACCESS:     971974 HIT:     971873 MISS:        101 MSHR_MERGE:          0
cpu2->LLC TRANSLATION  ACCESS:      16748 HIT:        883 MISS:      15865 MSHR_MERGE:          0
cpu2->LLC PREFETCH REQUESTED:          0 ISSUED:          0 USEFUL:          0 USELESS:          0
cpu2->LLC AVERAGE MISS LATENCY: 1117 cycles
cpu3->LLC TOTAL        ACCESS:    2912919 HIT:    1319848 MISS:    1593071 MSHR_MERGE:          0
cpu3->LLC LOAD         ACCESS:    1924329 HIT:     347209 MISS:    1577120 MSHR_MERGE:          0
cpu3->LLC RFO          ACCESS:          0 HIT:          0 MISS:          0 MSHR_MERGE:          0
cpu3->LLC PREFETCH     ACCESS:          0 HIT:          0 MISS:          0 MSHR_MERGE:          0
cpu3->LLC WRITE        ACCESS:     971658 HIT:     971534 MISS:        124 MSHR_MERGE:          0
cpu3->LLC TRANSLATION  ACCESS:      16932 HIT:       1105 MISS:      15827 MSHR_MERGE:          0
cpu3->LLC PREFETCH REQUESTED:          0 ISSUED:          0 USEFUL:          0 USELESS:          0
cpu3->LLC AVERAGE MISS LATENCY: 1118 cycles

DRAM Statistics

Channel 0 READ REQS:    3187297	WRITE REQS:    1943393
  READS:    3187293	READ_HITS:      65207
  WRITES:    1943387	WRITE HITS:       6037
  ACTIVATES:    5059438	PRECHARGES:    5059409
  RQ FULL:          0	WQ FULL:          0
  WRITE DRAINS:     124107	FORCED:        295
  MEAN WRITE IMBALANCE: 1.1557365821428283
  READ LATENCY: 66.59189224210012

Channel 1 READ REQS:    3186816	WRITE REQS:    1943338
  READS:    3186815	READ_HITS:      66908
  WRITES:    1943326	WRITE HITS:       6219
  ACTIVATES:    5057015	PRECHARGES:    5056985
  RQ FULL:          0	WQ FULL:          0
  WRITE DRAINS:     121253	FORCED:        426
  MEAN WRITE IMBALANCE: 1.1719380139048106
  READ LATENCY: 66.98528624975093
