[VMEM] WARNING: physical memory size is smaller than virtual memory size.

*** ChampSim Multicore Out-of-Order Simulator ***
Warmup Instructions: 25000000
Simulation Instructions: 100000000
Number of CPUs: 4
Page size: 4096

CL :	 16.64 ns
CWL :	 15.808 ns
tRP :	 16.224 ns
tRCD :	 16.224 ns
tRAS :	 32.032000000000004 ns
tRTP :	 7.904 ns
tWR :	 30.368000000000002 ns

tCCD_S :	 3.3280000000000003 ns
tCCD_S_WR :	 3.3280000000000003 ns
tCCD_S_WTR :	 22.048000000000002 ns
tCCD_L :	 5.408 ns
tCCD_L_WR :	 20.384 ns
tCCD_L_WTR :	 29.536 ns
tRRD_S :	 3.3280000000000003 ns
tRRD_L :	 5.408 ns
tFAW :	 13.728 ns
Address mapping (perm = 1) 	ch co bg bg bg ba ba co co co co co co ro ro ro ro ro ro ro ro ro ro ro ro ro ro ro 
dram queue size: R = 64 W = 64 (low:high is 16:56)
Heartbeat CPU 3 instructions: 10000000 cycles: 3531042 heartbeat IPC: 2.832 cumulative IPC: 2.832 (Simulation time: 00 hr 01 min 24 sec)
Heartbeat CPU 0 instructions: 10000000 cycles: 3539238 heartbeat IPC: 2.825 cumulative IPC: 2.825 (Simulation time: 00 hr 01 min 24 sec)
Heartbeat CPU 1 instructions: 10000000 cycles: 3542517 heartbeat IPC: 2.823 cumulative IPC: 2.823 (Simulation time: 00 hr 01 min 24 sec)
Heartbeat CPU 2 instructions: 10000000 cycles: 3546740 heartbeat IPC: 2.819 cumulative IPC: 2.819 (Simulation time: 00 hr 01 min 25 sec)
Heartbeat CPU 3 instructions: 20000004 cycles: 7016580 heartbeat IPC: 2.869 cumulative IPC: 2.85 (Simulation time: 00 hr 02 min 48 sec)
Heartbeat CPU 0 instructions: 20000002 cycles: 7026950 heartbeat IPC: 2.867 cumulative IPC: 2.846 (Simulation time: 00 hr 02 min 49 sec)
Heartbeat CPU 1 instructions: 20000004 cycles: 7029374 heartbeat IPC: 2.868 cumulative IPC: 2.845 (Simulation time: 00 hr 02 min 49 sec)
Heartbeat CPU 2 instructions: 20000002 cycles: 7036034 heartbeat IPC: 2.866 cumulative IPC: 2.843 (Simulation time: 00 hr 02 min 49 sec)
Warmup finished CPU 3 instructions: 25000003 cycles: 8751457 cumulative IPC: 2.857 (Simulation time: 00 hr 03 min 30 sec)
Warmup finished CPU 0 instructions: 25000002 cycles: 8761618 cumulative IPC: 2.853 (Simulation time: 00 hr 03 min 31 sec)
Warmup finished CPU 1 instructions: 25000003 cycles: 8765990 cumulative IPC: 2.852 (Simulation time: 00 hr 03 min 31 sec)
Warmup finished CPU 2 instructions: 25000002 cycles: 8771634 cumulative IPC: 2.85 (Simulation time: 00 hr 03 min 31 sec)
Warmup complete CPU 3 instructions: 25062434 cycles: 8771634 cumulative IPC: 2.857 (Simulation time: 00 hr 03 min 31 sec)
Warmup complete CPU 2 instructions: 25000002 cycles: 8771634 cumulative IPC: 2.85 (Simulation time: 00 hr 03 min 31 sec)
Warmup complete CPU 1 instructions: 25017212 cycles: 8771634 cumulative IPC: 2.852 (Simulation time: 00 hr 03 min 31 sec)
Warmup complete CPU 0 instructions: 25030285 cycles: 8771634 cumulative IPC: 2.854 (Simulation time: 00 hr 03 min 31 sec)
Heartbeat CPU 3 instructions: 30000008 cycles: 21602302 heartbeat IPC: 0.6856 cumulative IPC: 0.3848 (Simulation time: 00 hr 06 min 35 sec)
Heartbeat CPU 0 instructions: 30000003 cycles: 21628714 heartbeat IPC: 0.6848 cumulative IPC: 0.3865 (Simulation time: 00 hr 06 min 36 sec)
Heartbeat CPU 1 instructions: 30000008 cycles: 21725249 heartbeat IPC: 0.6805 cumulative IPC: 0.3847 (Simulation time: 00 hr 06 min 37 sec)
Heartbeat CPU 2 instructions: 30000003 cycles: 21743650 heartbeat IPC: 0.6799 cumulative IPC: 0.3854 (Simulation time: 00 hr 06 min 37 sec)
Heartbeat CPU 3 instructions: 40000010 cycles: 47253885 heartbeat IPC: 0.3898 cumulative IPC: 0.3882 (Simulation time: 00 hr 12 min 45 sec)
Heartbeat CPU 0 instructions: 40000004 cycles: 47316830 heartbeat IPC: 0.3893 cumulative IPC: 0.3884 (Simulation time: 00 hr 12 min 46 sec)
Heartbeat CPU 1 instructions: 40000010 cycles: 47365301 heartbeat IPC: 0.39 cumulative IPC: 0.3882 (Simulation time: 00 hr 12 min 46 sec)
Heartbeat CPU 2 instructions: 40000004 cycles: 47413107 heartbeat IPC: 0.3896 cumulative IPC: 0.3882 (Simulation time: 00 hr 12 min 47 sec)
Heartbeat CPU 3 instructions: 50000011 cycles: 71969513 heartbeat IPC: 0.4046 cumulative IPC: 0.3946 (Simulation time: 00 hr 18 min 40 sec)
Heartbeat CPU 0 instructions: 50000006 cycles: 72083726 heartbeat IPC: 0.4038 cumulative IPC: 0.3944 (Simulation time: 00 hr 18 min 41 sec)
Heartbeat CPU 2 instructions: 50000005 cycles: 72119149 heartbeat IPC: 0.4048 cumulative IPC: 0.3946 (Simulation time: 00 hr 18 min 42 sec)
Heartbeat CPU 1 instructions: 50000011 cycles: 72139705 heartbeat IPC: 0.4036 cumulative IPC: 0.3942 (Simulation time: 00 hr 18 min 42 sec)
Heartbeat CPU 3 instructions: 60000015 cycles: 95646861 heartbeat IPC: 0.4223 cumulative IPC: 0.4022 (Simulation time: 00 hr 24 min 21 sec)
Heartbeat CPU 0 instructions: 60000010 cycles: 95825311 heartbeat IPC: 0.4212 cumulative IPC: 0.4017 (Simulation time: 00 hr 24 min 24 sec)
Heartbeat CPU 1 instructions: 60000015 cycles: 95886986 heartbeat IPC: 0.4211 cumulative IPC: 0.4016 (Simulation time: 00 hr 24 min 25 sec)
Heartbeat CPU 2 instructions: 60000005 cycles: 95963453 heartbeat IPC: 0.4194 cumulative IPC: 0.4014 (Simulation time: 00 hr 24 min 26 sec)
Heartbeat CPU 3 instructions: 70000017 cycles: 118547723 heartbeat IPC: 0.4367 cumulative IPC: 0.4094 (Simulation time: 00 hr 29 min 51 sec)
Heartbeat CPU 0 instructions: 70000012 cycles: 118661131 heartbeat IPC: 0.4379 cumulative IPC: 0.4092 (Simulation time: 00 hr 29 min 52 sec)
Heartbeat CPU 1 instructions: 70000017 cycles: 118757501 heartbeat IPC: 0.4372 cumulative IPC: 0.409 (Simulation time: 00 hr 29 min 54 sec)
Heartbeat CPU 2 instructions: 70000007 cycles: 118812630 heartbeat IPC: 0.4377 cumulative IPC: 0.4089 (Simulation time: 00 hr 29 min 55 sec)
Heartbeat CPU 3 instructions: 80000019 cycles: 139930723 heartbeat IPC: 0.4677 cumulative IPC: 0.4189 (Simulation time: 00 hr 34 min 59 sec)
Heartbeat CPU 1 instructions: 80000019 cycles: 140020405 heartbeat IPC: 0.4703 cumulative IPC: 0.4189 (Simulation time: 00 hr 35 min 00 sec)
Heartbeat CPU 0 instructions: 80000014 cycles: 140030673 heartbeat IPC: 0.468 cumulative IPC: 0.4188 (Simulation time: 00 hr 35 min 01 sec)
Heartbeat CPU 2 instructions: 80000009 cycles: 140155835 heartbeat IPC: 0.4685 cumulative IPC: 0.4186 (Simulation time: 00 hr 35 min 02 sec)
Heartbeat CPU 3 instructions: 90000022 cycles: 161226546 heartbeat IPC: 0.4696 cumulative IPC: 0.4259 (Simulation time: 00 hr 40 min 05 sec)
Heartbeat CPU 1 instructions: 90000021 cycles: 161358461 heartbeat IPC: 0.4686 cumulative IPC: 0.4259 (Simulation time: 00 hr 40 min 07 sec)
Heartbeat CPU 0 instructions: 90000017 cycles: 161371977 heartbeat IPC: 0.4686 cumulative IPC: 0.4258 (Simulation time: 00 hr 40 min 07 sec)
Heartbeat CPU 2 instructions: 90000012 cycles: 161400868 heartbeat IPC: 0.4707 cumulative IPC: 0.4259 (Simulation time: 00 hr 40 min 08 sec)
Heartbeat CPU 3 instructions: 100000024 cycles: 181515584 heartbeat IPC: 0.4929 cumulative IPC: 0.4338 (Simulation time: 00 hr 44 min 58 sec)
Heartbeat CPU 1 instructions: 100000024 cycles: 181672467 heartbeat IPC: 0.4923 cumulative IPC: 0.4337 (Simulation time: 00 hr 45 min 00 sec)
Heartbeat CPU 0 instructions: 100000019 cycles: 181720150 heartbeat IPC: 0.4914 cumulative IPC: 0.4335 (Simulation time: 00 hr 45 min 01 sec)
Heartbeat CPU 2 instructions: 100000014 cycles: 181732279 heartbeat IPC: 0.4918 cumulative IPC: 0.4336 (Simulation time: 00 hr 45 min 01 sec)
Heartbeat CPU 3 instructions: 110000025 cycles: 201597808 heartbeat IPC: 0.498 cumulative IPC: 0.4405 (Simulation time: 00 hr 49 min 47 sec)
Heartbeat CPU 0 instructions: 110000020 cycles: 201692551 heartbeat IPC: 0.5007 cumulative IPC: 0.4404 (Simulation time: 00 hr 49 min 49 sec)
Heartbeat CPU 2 instructions: 110000015 cycles: 201735197 heartbeat IPC: 0.4999 cumulative IPC: 0.4405 (Simulation time: 00 hr 49 min 49 sec)
Heartbeat CPU 1 instructions: 110000025 cycles: 201807002 heartbeat IPC: 0.4967 cumulative IPC: 0.4402 (Simulation time: 00 hr 49 min 50 sec)
Heartbeat CPU 3 instructions: 120000025 cycles: 220919224 heartbeat IPC: 0.5176 cumulative IPC: 0.4475 (Simulation time: 00 hr 54 min 25 sec)
Heartbeat CPU 0 instructions: 120000020 cycles: 221013650 heartbeat IPC: 0.5176 cumulative IPC: 0.4475 (Simulation time: 00 hr 54 min 26 sec)
Heartbeat CPU 2 instructions: 120000017 cycles: 221113690 heartbeat IPC: 0.516 cumulative IPC: 0.4474 (Simulation time: 00 hr 54 min 28 sec)
Heartbeat CPU 1 instructions: 120000025 cycles: 221162100 heartbeat IPC: 0.5167 cumulative IPC: 0.4472 (Simulation time: 00 hr 54 min 28 sec)
Simulation finished CPU 3 instructions: 100000002 cycles: 221775200 cumulative IPC: 0.4509 (Simulation time: 00 hr 56 min 40 sec)
Simulation finished CPU 0 instructions: 100000000 cycles: 221842608 cumulative IPC: 0.4508 (Simulation time: 00 hr 56 min 41 sec)
Simulation finished CPU 2 instructions: 100000001 cycles: 221858320 cumulative IPC: 0.4507 (Simulation time: 00 hr 56 min 41 sec)
Simulation finished CPU 1 instructions: 100000004 cycles: 221941695 cumulative IPC: 0.4506 (Simulation time: 00 hr 56 min 42 sec)
Simulation complete CPU 3 instructions: 100089379 cycles: 221941695 cumulative IPC: 0.451 (Simulation time: 00 hr 56 min 42 sec)
Simulation complete CPU 2 instructions: 100045766 cycles: 221941695 cumulative IPC: 0.4508 (Simulation time: 00 hr 56 min 42 sec)
Simulation complete CPU 1 instructions: 100000004 cycles: 221941695 cumulative IPC: 0.4506 (Simulation time: 00 hr 56 min 42 sec)
Simulation complete CPU 0 instructions: 100062534 cycles: 221941695 cumulative IPC: 0.4509 (Simulation time: 00 hr 56 min 42 sec)

ChampSim completed all CPUs

=== Simulation ===
CPU 0 runs ../frost/TRACES/ctf/spec2017/619.lbm_s-2676B.champsimtrace.xz
CPU 1 runs ../frost/TRACES/ctf/spec2017/619.lbm_s-2676B.champsimtrace.xz
CPU 2 runs ../frost/TRACES/ctf/spec2017/619.lbm_s-2676B.champsimtrace.xz
CPU 3 runs ../frost/TRACES/ctf/spec2017/619.lbm_s-2676B.champsimtrace.xz

Total Simulation Statistics (not including warmup)

CPU 3 cumulative IPC: 0.451 instructions: 100089379 cycles: 221941695
CPU 3 Branch Prediction Accuracy: 98.36% MPKI: 0.2303 Average ROB Occupancy at Mispredict: 246.9
Branch type MPKI
BRANCH_DIRECT_JUMP: 0
BRANCH_INDIRECT: 0
BRANCH_CONDITIONAL: 0.2303
BRANCH_DIRECT_CALL: 0
BRANCH_INDIRECT_CALL: 0
BRANCH_RETURN: 0


CPU 2 cumulative IPC: 0.4508 instructions: 100045766 cycles: 221941695
CPU 2 Branch Prediction Accuracy: 98.36% MPKI: 0.2306 Average ROB Occupancy at Mispredict: 246.8
Branch type MPKI
BRANCH_DIRECT_JUMP: 0
BRANCH_INDIRECT: 0
BRANCH_CONDITIONAL: 0.2306
BRANCH_DIRECT_CALL: 0
BRANCH_INDIRECT_CALL: 0
BRANCH_RETURN: 0


CPU 1 cumulative IPC: 0.4506 instructions: 100000004 cycles: 221941695
CPU 1 Branch Prediction Accuracy: 98.36% MPKI: 0.2306 Average ROB Occupancy at Mispredict: 246.9
Branch type MPKI
BRANCH_DIRECT_JUMP: 0
BRANCH_INDIRECT: 0
BRANCH_CONDITIONAL: 0.2306
BRANCH_DIRECT_CALL: 0
BRANCH_INDIRECT_CALL: 0
BRANCH_RETURN: 0


CPU 0 cumulative IPC: 0.4509 instructions: 100062534 cycles: 221941695
CPU 0 Branch Prediction Accuracy: 98.36% MPKI: 0.2305 Average ROB Occupancy at Mispredict: 246.8
Branch type MPKI
BRANCH_DIRECT_JUMP: 0
BRANCH_INDIRECT: 0
BRANCH_CONDITIONAL: 0.2305
BRANCH_DIRECT_CALL: 0
BRANCH_INDIRECT_CALL: 0
BRANCH_RETURN: 0

cpu3->cpu3_STLB TOTAL        ACCESS:      97059 HIT:      70734 MISS:      26325 MSHR_MERGE:          0
cpu3->cpu3_STLB LOAD         ACCESS:      97059 HIT:      70734 MISS:      26325 MSHR_MERGE:          0
cpu3->cpu3_STLB RFO          ACCESS:          0 HIT:          0 MISS:          0 MSHR_MERGE:          0
cpu3->cpu3_STLB PREFETCH     ACCESS:          0 HIT:          0 MISS:          0 MSHR_MERGE:          0
cpu3->cpu3_STLB WRITE        ACCESS:          0 HIT:          0 MISS:          0 MSHR_MERGE:          0
cpu3->cpu3_STLB TRANSLATION  ACCESS:          0 HIT:          0 MISS:          0 MSHR_MERGE:          0
cpu3->cpu3_STLB PREFETCH REQUESTED:          0 ISSUED:          0 USEFUL:          0 USELESS:          0
cpu3->cpu3_STLB AVERAGE MISS LATENCY: 258.8 cycles
cpu3->cpu3_L2C TOTAL        ACCESS:   10370963 HIT:    6922663 MISS:    3448300 MSHR_MERGE:          0
cpu3->cpu3_L2C LOAD         ACCESS:     842456 HIT:         11 MISS:     842445 MSHR_MERGE:          0
cpu3->cpu3_L2C RFO          ACCESS:    4751020 HIT:    2145375 MISS:    2605645 MSHR_MERGE:          0
cpu3->cpu3_L2C PREFETCH     ACCESS:          0 HIT:          0 MISS:          0 MSHR_MERGE:          0
cpu3->cpu3_L2C WRITE        ACCESS:    4751134 HIT:    4751133 MISS:          1 MSHR_MERGE:          0
cpu3->cpu3_L2C TRANSLATION  ACCESS:      26353 HIT:      26144 MISS:        209 MSHR_MERGE:          0
cpu3->cpu3_L2C PREFETCH REQUESTED:          0 ISSUED:          0 USEFUL:          0 USELESS:          0
cpu3->cpu3_L2C AVERAGE MISS LATENCY: 529.7 cycles
cpu3->cpu3_L1I TOTAL        ACCESS:   17029683 HIT:   17029683 MISS:          0 MSHR_MERGE:          0
cpu3->cpu3_L1I LOAD         ACCESS:   17029683 HIT:   17029683 MISS:          0 MSHR_MERGE:          0
cpu3->cpu3_L1I RFO          ACCESS:          0 HIT:          0 MISS:          0 MSHR_MERGE:          0
cpu3->cpu3_L1I PREFETCH     ACCESS:          0 HIT:          0 MISS:          0 MSHR_MERGE:          0
cpu3->cpu3_L1I WRITE        ACCESS:          0 HIT:          0 MISS:          0 MSHR_MERGE:          0
cpu3->cpu3_L1I TRANSLATION  ACCESS:          0 HIT:          0 MISS:          0 MSHR_MERGE:          0
cpu3->cpu3_L1I PREFETCH REQUESTED:          0 ISSUED:          0 USEFUL:          0 USELESS:          0
cpu3->cpu3_L1I AVERAGE MISS LATENCY: - cycles
cpu3->cpu3_L1D TOTAL        ACCESS:   22618742 HIT:   15579517 MISS:    7039225 MSHR_MERGE:    1419279
cpu3->cpu3_L1D LOAD         ACCESS:    6061921 HIT:    3978850 MISS:    2083071 MSHR_MERGE:    1240615
cpu3->cpu3_L1D RFO          ACCESS:          0 HIT:          0 MISS:          0 MSHR_MERGE:          0
cpu3->cpu3_L1D PREFETCH     ACCESS:          0 HIT:          0 MISS:          0 MSHR_MERGE:          0
cpu3->cpu3_L1D WRITE        ACCESS:   16530445 HIT:   11600644 MISS:    4929801 MSHR_MERGE:     178664
cpu3->cpu3_L1D TRANSLATION  ACCESS:      26376 HIT:         23 MISS:      26353 MSHR_MERGE:          0
cpu3->cpu3_L1D PREFETCH REQUESTED:          0 ISSUED:          0 USEFUL:          0 USELESS:          0
cpu3->cpu3_L1D AVERAGE MISS LATENCY: 334.3 cycles
cpu3->cpu3_ITLB TOTAL        ACCESS:   12799952 HIT:   12799952 MISS:          0 MSHR_MERGE:          0
cpu3->cpu3_ITLB LOAD         ACCESS:   12799952 HIT:   12799952 MISS:          0 MSHR_MERGE:          0
cpu3->cpu3_ITLB RFO          ACCESS:          0 HIT:          0 MISS:          0 MSHR_MERGE:          0
cpu3->cpu3_ITLB PREFETCH     ACCESS:          0 HIT:          0 MISS:          0 MSHR_MERGE:          0
cpu3->cpu3_ITLB WRITE        ACCESS:          0 HIT:          0 MISS:          0 MSHR_MERGE:          0
cpu3->cpu3_ITLB TRANSLATION  ACCESS:          0 HIT:          0 MISS:          0 MSHR_MERGE:          0
cpu3->cpu3_ITLB PREFETCH REQUESTED:          0 ISSUED:          0 USEFUL:          0 USELESS:          0
cpu3->cpu3_ITLB AVERAGE MISS LATENCY: - cycles
cpu3->cpu3_DTLB TOTAL        ACCESS:   21104064 HIT:   20938245 MISS:     165819 MSHR_MERGE:      68760
cpu3->cpu3_DTLB LOAD         ACCESS:   21104064 HIT:   20938245 MISS:     165819 MSHR_MERGE:      68760
cpu3->cpu3_DTLB RFO          ACCESS:          0 HIT:          0 MISS:          0 MSHR_MERGE:          0
cpu3->cpu3_DTLB PREFETCH     ACCESS:          0 HIT:          0 MISS:          0 MSHR_MERGE:          0
cpu3->cpu3_DTLB WRITE        ACCESS:          0 HIT:          0 MISS:          0 MSHR_MERGE:          0
cpu3->cpu3_DTLB TRANSLATION  ACCESS:          0 HIT:          0 MISS:          0 MSHR_MERGE:          0
cpu3->cpu3_DTLB PREFETCH REQUESTED:          0 ISSUED:          0 USEFUL:          0 USELESS:          0
cpu3->cpu3_DTLB AVERAGE MISS LATENCY: 75.47 cycles
cpu2->cpu2_STLB TOTAL        ACCESS:      97056 HIT:      70733 MISS:      26323 MSHR_MERGE:          0
cpu2->cpu2_STLB LOAD         ACCESS:      97056 HIT:      70733 MISS:      26323 MSHR_MERGE:          0
cpu2->cpu2_STLB RFO          ACCESS:          0 HIT:          0 MISS:          0 MSHR_MERGE:          0
cpu2->cpu2_STLB PREFETCH     ACCESS:          0 HIT:          0 MISS:          0 MSHR_MERGE:          0
cpu2->cpu2_STLB WRITE        ACCESS:          0 HIT:          0 MISS:          0 MSHR_MERGE:          0
cpu2->cpu2_STLB TRANSLATION  ACCESS:          0 HIT:          0 MISS:          0 MSHR_MERGE:          0
cpu2->cpu2_STLB PREFETCH REQUESTED:          0 ISSUED:          0 USEFUL:          0 USELESS:          0
cpu2->cpu2_STLB AVERAGE MISS LATENCY: 258.1 cycles
cpu2->cpu2_L2C TOTAL        ACCESS:   10370347 HIT:    6927256 MISS:    3443091 MSHR_MERGE:          0
cpu2->cpu2_L2C LOAD         ACCESS:     842400 HIT:         14 MISS:     842386 MSHR_MERGE:          0
cpu2->cpu2_L2C RFO          ACCESS:    4750741 HIT:    2150242 MISS:    2600499 MSHR_MERGE:          0
cpu2->cpu2_L2C PREFETCH     ACCESS:          0 HIT:          0 MISS:          0 MSHR_MERGE:          0
cpu2->cpu2_L2C WRITE        ACCESS:    4750857 HIT:    4750857 MISS:          0 MSHR_MERGE:          0
cpu2->cpu2_L2C TRANSLATION  ACCESS:      26349 HIT:      26143 MISS:        206 MSHR_MERGE:          0
cpu2->cpu2_L2C PREFETCH REQUESTED:          0 ISSUED:          0 USEFUL:          0 USELESS:          0
cpu2->cpu2_L2C AVERAGE MISS LATENCY: 530.5 cycles
cpu2->cpu2_L1I TOTAL        ACCESS:   17022346 HIT:   17022346 MISS:          0 MSHR_MERGE:          0
cpu2->cpu2_L1I LOAD         ACCESS:   17022346 HIT:   17022346 MISS:          0 MSHR_MERGE:          0
cpu2->cpu2_L1I RFO          ACCESS:          0 HIT:          0 MISS:          0 MSHR_MERGE:          0
cpu2->cpu2_L1I PREFETCH     ACCESS:          0 HIT:          0 MISS:          0 MSHR_MERGE:          0
cpu2->cpu2_L1I WRITE        ACCESS:          0 HIT:          0 MISS:          0 MSHR_MERGE:          0
cpu2->cpu2_L1I TRANSLATION  ACCESS:          0 HIT:          0 MISS:          0 MSHR_MERGE:          0
cpu2->cpu2_L1I PREFETCH REQUESTED:          0 ISSUED:          0 USEFUL:          0 USELESS:          0
cpu2->cpu2_L1I AVERAGE MISS LATENCY: - cycles
cpu2->cpu2_L1D TOTAL        ACCESS:   22609467 HIT:   15570338 MISS:    7039129 MSHR_MERGE:    1419515
cpu2->cpu2_L1D LOAD         ACCESS:    6058089 HIT:    3975289 MISS:    2082800 MSHR_MERGE:    1240399
cpu2->cpu2_L1D RFO          ACCESS:          0 HIT:          0 MISS:          0 MSHR_MERGE:          0
cpu2->cpu2_L1D PREFETCH     ACCESS:          0 HIT:          0 MISS:          0 MSHR_MERGE:          0
cpu2->cpu2_L1D WRITE        ACCESS:   16525004 HIT:   11595024 MISS:    4929980 MSHR_MERGE:     179116
cpu2->cpu2_L1D TRANSLATION  ACCESS:      26374 HIT:         25 MISS:      26349 MSHR_MERGE:          0
cpu2->cpu2_L1D PREFETCH REQUESTED:          0 ISSUED:          0 USEFUL:          0 USELESS:          0
cpu2->cpu2_L1D AVERAGE MISS LATENCY: 334.2 cycles
cpu2->cpu2_ITLB TOTAL        ACCESS:   12793468 HIT:   12793468 MISS:          0 MSHR_MERGE:          0
cpu2->cpu2_ITLB LOAD         ACCESS:   12793468 HIT:   12793468 MISS:          0 MSHR_MERGE:          0
cpu2->cpu2_ITLB RFO          ACCESS:          0 HIT:          0 MISS:          0 MSHR_MERGE:          0
cpu2->cpu2_ITLB PREFETCH     ACCESS:          0 HIT:          0 MISS:          0 MSHR_MERGE:          0
cpu2->cpu2_ITLB WRITE        ACCESS:          0 HIT:          0 MISS:          0 MSHR_MERGE:          0
cpu2->cpu2_ITLB TRANSLATION  ACCESS:          0 HIT:          0 MISS:          0 MSHR_MERGE:          0
cpu2->cpu2_ITLB PREFETCH REQUESTED:          0 ISSUED:          0 USEFUL:          0 USELESS:          0
cpu2->cpu2_ITLB AVERAGE MISS LATENCY: - cycles
cpu2->cpu2_DTLB TOTAL        ACCESS:   21096054 HIT:   20929969 MISS:     166085 MSHR_MERGE:      69029
cpu2->cpu2_DTLB LOAD         ACCESS:   21096054 HIT:   20929969 MISS:     166085 MSHR_MERGE:      69029
cpu2->cpu2_DTLB RFO          ACCESS:          0 HIT:          0 MISS:          0 MSHR_MERGE:          0
cpu2->cpu2_DTLB PREFETCH     ACCESS:          0 HIT:          0 MISS:          0 MSHR_MERGE:          0
cpu2->cpu2_DTLB WRITE        ACCESS:          0 HIT:          0 MISS:          0 MSHR_MERGE:          0
cpu2->cpu2_DTLB TRANSLATION  ACCESS:          0 HIT:          0 MISS:          0 MSHR_MERGE:          0
cpu2->cpu2_DTLB PREFETCH REQUESTED:          0 ISSUED:          0 USEFUL:          0 USELESS:          0
cpu2->cpu2_DTLB AVERAGE MISS LATENCY: 75.28 cycles
cpu1->cpu1_STLB TOTAL        ACCESS:      97009 HIT:      70699 MISS:      26310 MSHR_MERGE:          0
cpu1->cpu1_STLB LOAD         ACCESS:      97009 HIT:      70699 MISS:      26310 MSHR_MERGE:          0
cpu1->cpu1_STLB RFO          ACCESS:          0 HIT:          0 MISS:          0 MSHR_MERGE:          0
cpu1->cpu1_STLB PREFETCH     ACCESS:          0 HIT:          0 MISS:          0 MSHR_MERGE:          0
cpu1->cpu1_STLB WRITE        ACCESS:          0 HIT:          0 MISS:          0 MSHR_MERGE:          0
cpu1->cpu1_STLB TRANSLATION  ACCESS:          0 HIT:          0 MISS:          0 MSHR_MERGE:          0
cpu1->cpu1_STLB PREFETCH REQUESTED:          0 ISSUED:          0 USEFUL:          0 USELESS:          0
cpu1->cpu1_STLB AVERAGE MISS LATENCY: 258.3 cycles
cpu1->cpu1_L2C TOTAL        ACCESS:   10365532 HIT:    6918218 MISS:    3447314 MSHR_MERGE:          0
cpu1->cpu1_L2C LOAD         ACCESS:     842018 HIT:         20 MISS:     841998 MSHR_MERGE:          0
cpu1->cpu1_L2C RFO          ACCESS:    4748533 HIT:    2143423 MISS:    2605110 MSHR_MERGE:          0
cpu1->cpu1_L2C PREFETCH     ACCESS:          0 HIT:          0 MISS:          0 MSHR_MERGE:          0
cpu1->cpu1_L2C WRITE        ACCESS:    4748646 HIT:    4748646 MISS:          0 MSHR_MERGE:          0
cpu1->cpu1_L2C TRANSLATION  ACCESS:      26335 HIT:      26129 MISS:        206 MSHR_MERGE:          0
cpu1->cpu1_L2C PREFETCH REQUESTED:          0 ISSUED:          0 USEFUL:          0 USELESS:          0
cpu1->cpu1_L2C AVERAGE MISS LATENCY: 530.3 cycles
cpu1->cpu1_L1I TOTAL        ACCESS:   17012113 HIT:   17012113 MISS:          0 MSHR_MERGE:          0
cpu1->cpu1_L1I LOAD         ACCESS:   17012113 HIT:   17012113 MISS:          0 MSHR_MERGE:          0
cpu1->cpu1_L1I RFO          ACCESS:          0 HIT:          0 MISS:          0 MSHR_MERGE:          0
cpu1->cpu1_L1I PREFETCH     ACCESS:          0 HIT:          0 MISS:          0 MSHR_MERGE:          0
cpu1->cpu1_L1I WRITE        ACCESS:          0 HIT:          0 MISS:          0 MSHR_MERGE:          0
cpu1->cpu1_L1I TRANSLATION  ACCESS:          0 HIT:          0 MISS:          0 MSHR_MERGE:          0
cpu1->cpu1_L1I PREFETCH REQUESTED:          0 ISSUED:          0 USEFUL:          0 USELESS:          0
cpu1->cpu1_L1I AVERAGE MISS LATENCY: - cycles
cpu1->cpu1_L1D TOTAL        ACCESS:   22599722 HIT:   15565302 MISS:    7034420 MSHR_MERGE:    1417430
cpu1->cpu1_L1D LOAD         ACCESS:    6055593 HIT:    3974649 MISS:    2080944 MSHR_MERGE:    1238926
cpu1->cpu1_L1D RFO          ACCESS:          0 HIT:          0 MISS:          0 MSHR_MERGE:          0
cpu1->cpu1_L1D PREFETCH     ACCESS:          0 HIT:          0 MISS:          0 MSHR_MERGE:          0
cpu1->cpu1_L1D WRITE        ACCESS:   16517768 HIT:   11590627 MISS:    4927141 MSHR_MERGE:     178504
cpu1->cpu1_L1D TRANSLATION  ACCESS:      26361 HIT:         26 MISS:      26335 MSHR_MERGE:          0
cpu1->cpu1_L1D PREFETCH REQUESTED:          0 ISSUED:          0 USEFUL:          0 USELESS:          0
cpu1->cpu1_L1D AVERAGE MISS LATENCY: 334.7 cycles
cpu1->cpu1_ITLB TOTAL        ACCESS:   12786498 HIT:   12786498 MISS:          0 MSHR_MERGE:          0
cpu1->cpu1_ITLB LOAD         ACCESS:   12786498 HIT:   12786498 MISS:          0 MSHR_MERGE:          0
cpu1->cpu1_ITLB RFO          ACCESS:          0 HIT:          0 MISS:          0 MSHR_MERGE:          0
cpu1->cpu1_ITLB PREFETCH     ACCESS:          0 HIT:          0 MISS:          0 MSHR_MERGE:          0
cpu1->cpu1_ITLB WRITE        ACCESS:          0 HIT:          0 MISS:          0 MSHR_MERGE:          0
cpu1->cpu1_ITLB TRANSLATION  ACCESS:          0 HIT:          0 MISS:          0 MSHR_MERGE:          0
cpu1->cpu1_ITLB PREFETCH REQUESTED:          0 ISSUED:          0 USEFUL:          0 USELESS:          0
cpu1->cpu1_ITLB AVERAGE MISS LATENCY: - cycles
cpu1->cpu1_DTLB TOTAL        ACCESS:   21086926 HIT:   20920876 MISS:     166050 MSHR_MERGE:      69041
cpu1->cpu1_DTLB LOAD         ACCESS:   21086926 HIT:   20920876 MISS:     166050 MSHR_MERGE:      69041
cpu1->cpu1_DTLB RFO          ACCESS:          0 HIT:          0 MISS:          0 MSHR_MERGE:          0
cpu1->cpu1_DTLB PREFETCH     ACCESS:          0 HIT:          0 MISS:          0 MSHR_MERGE:          0
cpu1->cpu1_DTLB WRITE        ACCESS:          0 HIT:          0 MISS:          0 MSHR_MERGE:          0
cpu1->cpu1_DTLB TRANSLATION  ACCESS:          0 HIT:          0 MISS:          0 MSHR_MERGE:          0
cpu1->cpu1_DTLB PREFETCH REQUESTED:          0 ISSUED:          0 USEFUL:          0 USELESS:          0
cpu1->cpu1_DTLB AVERAGE MISS LATENCY: 75.34 cycles
cpu0->cpu0_STLB TOTAL        ACCESS:      97045 HIT:      70725 MISS:      26320 MSHR_MERGE:          0
cpu0->cpu0_STLB LOAD         ACCESS:      97045 HIT:      70725 MISS:      26320 MSHR_MERGE:          0
cpu0->cpu0_STLB RFO          ACCESS:          0 HIT:          0 MISS:          0 MSHR_MERGE:          0
cpu0->cpu0_STLB PREFETCH     ACCESS:          0 HIT:          0 MISS:          0 MSHR_MERGE:          0
cpu0->cpu0_STLB WRITE        ACCESS:          0 HIT:          0 MISS:          0 MSHR_MERGE:          0
cpu0->cpu0_STLB TRANSLATION  ACCESS:          0 HIT:          0 MISS:          0 MSHR_MERGE:          0
cpu0->cpu0_STLB PREFETCH REQUESTED:          0 ISSUED:          0 USEFUL:          0 USELESS:          0
cpu0->cpu0_STLB AVERAGE MISS LATENCY: 256.9 cycles
cpu0->cpu0_L2C TOTAL        ACCESS:   10369273 HIT:    6919671 MISS:    3449602 MSHR_MERGE:          0
cpu0->cpu0_L2C LOAD         ACCESS:     842316 HIT:         17 MISS:     842299 MSHR_MERGE:          0
cpu0->cpu0_L2C RFO          ACCESS:    4750243 HIT:    2143149 MISS:    2607094 MSHR_MERGE:          0
cpu0->cpu0_L2C PREFETCH     ACCESS:          0 HIT:          0 MISS:          0 MSHR_MERGE:          0
cpu0->cpu0_L2C WRITE        ACCESS:    4750366 HIT:    4750366 MISS:          0 MSHR_MERGE:          0
cpu0->cpu0_L2C TRANSLATION  ACCESS:      26348 HIT:      26139 MISS:        209 MSHR_MERGE:          0
cpu0->cpu0_L2C PREFETCH REQUESTED:          0 ISSUED:          0 USEFUL:          0 USELESS:          0
cpu0->cpu0_L2C AVERAGE MISS LATENCY: 530.5 cycles
cpu0->cpu0_L1I TOTAL        ACCESS:   17024355 HIT:   17024355 MISS:          0 MSHR_MERGE:          0
cpu0->cpu0_L1I LOAD         ACCESS:   17024355 HIT:   17024355 MISS:          0 MSHR_MERGE:          0
cpu0->cpu0_L1I RFO          ACCESS:          0 HIT:          0 MISS:          0 MSHR_MERGE:          0
cpu0->cpu0_L1I PREFETCH     ACCESS:          0 HIT:          0 MISS:          0 MSHR_MERGE:          0
cpu0->cpu0_L1I WRITE        ACCESS:          0 HIT:          0 MISS:          0 MSHR_MERGE:          0
cpu0->cpu0_L1I TRANSLATION  ACCESS:          0 HIT:          0 MISS:          0 MSHR_MERGE:          0
cpu0->cpu0_L1I PREFETCH REQUESTED:          0 ISSUED:          0 USEFUL:          0 USELESS:          0
cpu0->cpu0_L1I AVERAGE MISS LATENCY: - cycles
cpu0->cpu0_L1D TOTAL        ACCESS:   22614783 HIT:   15575622 MISS:    7039161 MSHR_MERGE:    1420137
cpu0->cpu0_L1D LOAD         ACCESS:    6061284 HIT:    3977458 MISS:    2083826 MSHR_MERGE:    1241510
cpu0->cpu0_L1D RFO          ACCESS:          0 HIT:          0 MISS:          0 MSHR_MERGE:          0
cpu0->cpu0_L1D PREFETCH     ACCESS:          0 HIT:          0 MISS:          0 MSHR_MERGE:          0
cpu0->cpu0_L1D WRITE        ACCESS:   16527128 HIT:   11598141 MISS:    4928987 MSHR_MERGE:     178627
cpu0->cpu0_L1D TRANSLATION  ACCESS:      26371 HIT:         23 MISS:      26348 MSHR_MERGE:          0
cpu0->cpu0_L1D PREFETCH REQUESTED:          0 ISSUED:          0 USEFUL:          0 USELESS:          0
cpu0->cpu0_L1D AVERAGE MISS LATENCY: 334.9 cycles
cpu0->cpu0_ITLB TOTAL        ACCESS:   12795461 HIT:   12795461 MISS:          0 MSHR_MERGE:          0
cpu0->cpu0_ITLB LOAD         ACCESS:   12795461 HIT:   12795461 MISS:          0 MSHR_MERGE:          0
cpu0->cpu0_ITLB RFO          ACCESS:          0 HIT:          0 MISS:          0 MSHR_MERGE:          0
cpu0->cpu0_ITLB PREFETCH     ACCESS:          0 HIT:          0 MISS:          0 MSHR_MERGE:          0
cpu0->cpu0_ITLB WRITE        ACCESS:          0 HIT:          0 MISS:          0 MSHR_MERGE:          0
cpu0->cpu0_ITLB TRANSLATION  ACCESS:          0 HIT:          0 MISS:          0 MSHR_MERGE:          0
cpu0->cpu0_ITLB PREFETCH REQUESTED:          0 ISSUED:          0 USEFUL:          0 USELESS:          0
cpu0->cpu0_ITLB AVERAGE MISS LATENCY: - cycles
cpu0->cpu0_DTLB TOTAL        ACCESS:   21101353 HIT:   20935310 MISS:     166043 MSHR_MERGE:      68998
cpu0->cpu0_DTLB LOAD         ACCESS:   21101353 HIT:   20935310 MISS:     166043 MSHR_MERGE:      68998
cpu0->cpu0_DTLB RFO          ACCESS:          0 HIT:          0 MISS:          0 MSHR_MERGE:          0
cpu0->cpu0_DTLB PREFETCH     ACCESS:          0 HIT:          0 MISS:          0 MSHR_MERGE:          0
cpu0->cpu0_DTLB WRITE        ACCESS:          0 HIT:          0 MISS:          0 MSHR_MERGE:          0
cpu0->cpu0_DTLB TRANSLATION  ACCESS:          0 HIT:          0 MISS:          0 MSHR_MERGE:          0
cpu0->cpu0_DTLB PREFETCH REQUESTED:          0 ISSUED:          0 USEFUL:          0 USELESS:          0
cpu0->cpu0_DTLB AVERAGE MISS LATENCY: 74.96 cycles
cpu0->LLC TOTAL        ACCESS:    6056727 HIT:    2686677 MISS:    3370050 MSHR_MERGE:          0
cpu0->LLC LOAD         ACCESS:     842299 HIT:          3 MISS:     842296 MSHR_MERGE:          0
cpu0->LLC RFO          ACCESS:    2607092 HIT:      80319 MISS:    2526773 MSHR_MERGE:          0
cpu0->LLC PREFETCH     ACCESS:          0 HIT:          0 MISS:          0 MSHR_MERGE:          0
cpu0->LLC WRITE        ACCESS:    2607127 HIT:    2606353 MISS:        774 MSHR_MERGE:          0
cpu0->LLC TRANSLATION  ACCESS:        209 HIT:          2 MISS:        207 MSHR_MERGE:          0
cpu0->LLC PREFETCH REQUESTED:          0 ISSUED:          0 USEFUL:          0 USELESS:          0
cpu0->LLC AVERAGE MISS LATENCY: 2104 cycles
cpu1->LLC TOTAL        ACCESS:    6052414 HIT:    2683598 MISS:    3368816 MSHR_MERGE:          0
cpu1->LLC LOAD         ACCESS:     841999 HIT:          3 MISS:     841996 MSHR_MERGE:          0
cpu1->LLC RFO          ACCESS:    2605108 HIT:      79243 MISS:    2525865 MSHR_MERGE:          0
cpu1->LLC PREFETCH     ACCESS:          0 HIT:          0 MISS:          0 MSHR_MERGE:          0
cpu1->LLC WRITE        ACCESS:    2605101 HIT:    2604351 MISS:        750 MSHR_MERGE:          0
cpu1->LLC TRANSLATION  ACCESS:        206 HIT:          1 MISS:        205 MSHR_MERGE:          0
cpu1->LLC PREFETCH REQUESTED:          0 ISSUED:          0 USEFUL:          0 USELESS:          0
cpu1->LLC AVERAGE MISS LATENCY: 2104 cycles
cpu2->LLC TOTAL        ACCESS:    6043852 HIT:    2673579 MISS:    3370273 MSHR_MERGE:          0
cpu2->LLC LOAD         ACCESS:     842384 HIT:          0 MISS:     842384 MSHR_MERGE:          0
cpu2->LLC RFO          ACCESS:    2600501 HIT:      73461 MISS:    2527040 MSHR_MERGE:          0
cpu2->LLC PREFETCH     ACCESS:          0 HIT:          0 MISS:          0 MSHR_MERGE:          0
cpu2->LLC WRITE        ACCESS:    2600761 HIT:    2600117 MISS:        644 MSHR_MERGE:          0
cpu2->LLC TRANSLATION  ACCESS:        206 HIT:          1 MISS:        205 MSHR_MERGE:          0
cpu2->LLC PREFETCH REQUESTED:          0 ISSUED:          0 USEFUL:          0 USELESS:          0
cpu2->LLC AVERAGE MISS LATENCY: 2103 cycles
cpu3->LLC TOTAL        ACCESS:    6053962 HIT:    2683261 MISS:    3370701 MSHR_MERGE:          0
cpu3->LLC LOAD         ACCESS:     842445 HIT:          4 MISS:     842441 MSHR_MERGE:          0
cpu3->LLC RFO          ACCESS:    2605642 HIT:      78442 MISS:    2527200 MSHR_MERGE:          0
cpu3->LLC PREFETCH     ACCESS:          0 HIT:          0 MISS:          0 MSHR_MERGE:          0
cpu3->LLC WRITE        ACCESS:    2605666 HIT:    2604813 MISS:        853 MSHR_MERGE:          0
cpu3->LLC TRANSLATION  ACCESS:        209 HIT:          2 MISS:        207 MSHR_MERGE:          0
cpu3->LLC PREFETCH REQUESTED:          0 ISSUED:          0 USEFUL:          0 USELESS:          0
cpu3->LLC AVERAGE MISS LATENCY: 2103 cycles

Region of Interest Statistics

CPU 3 cumulative IPC: 0.4509 instructions: 100000002 cycles: 221775200
CPU 3 Branch Prediction Accuracy: 98.36% MPKI: 0.2304 Average ROB Occupancy at Mispredict: 246.9
Branch type MPKI
BRANCH_DIRECT_JUMP: 0
BRANCH_INDIRECT: 0
BRANCH_CONDITIONAL: 0.2304
BRANCH_DIRECT_CALL: 0
BRANCH_INDIRECT_CALL: 0
BRANCH_RETURN: 0


CPU 2 cumulative IPC: 0.4507 instructions: 100000001 cycles: 221858320
CPU 2 Branch Prediction Accuracy: 98.36% MPKI: 0.2307 Average ROB Occupancy at Mispredict: 246.8
Branch type MPKI
BRANCH_DIRECT_JUMP: 0
BRANCH_INDIRECT: 0
BRANCH_CONDITIONAL: 0.2307
BRANCH_DIRECT_CALL: 0
BRANCH_INDIRECT_CALL: 0
BRANCH_RETURN: 0


CPU 1 cumulative IPC: 0.4506 instructions: 100000004 cycles: 221941695
CPU 1 Branch Prediction Accuracy: 98.36% MPKI: 0.2306 Average ROB Occupancy at Mispredict: 246.9
Branch type MPKI
BRANCH_DIRECT_JUMP: 0
BRANCH_INDIRECT: 0
BRANCH_CONDITIONAL: 0.2306
BRANCH_DIRECT_CALL: 0
BRANCH_INDIRECT_CALL: 0
BRANCH_RETURN: 0


CPU 0 cumulative IPC: 0.4508 instructions: 100000000 cycles: 221842608
CPU 0 Branch Prediction Accuracy: 98.36% MPKI: 0.2306 Average ROB Occupancy at Mispredict: 246.8
Branch type MPKI
BRANCH_DIRECT_JUMP: 0
BRANCH_INDIRECT: 0
BRANCH_CONDITIONAL: 0.2306
BRANCH_DIRECT_CALL: 0
BRANCH_INDIRECT_CALL: 0
BRANCH_RETURN: 0

cpu3->cpu3_STLB TOTAL        ACCESS:      97059 HIT:      70734 MISS:      26325 MSHR_MERGE:          0
cpu3->cpu3_STLB LOAD         ACCESS:      97059 HIT:      70734 MISS:      26325 MSHR_MERGE:          0
cpu3->cpu3_STLB RFO          ACCESS:          0 HIT:          0 MISS:          0 MSHR_MERGE:          0
cpu3->cpu3_STLB PREFETCH     ACCESS:          0 HIT:          0 MISS:          0 MSHR_MERGE:          0
cpu3->cpu3_STLB WRITE        ACCESS:          0 HIT:          0 MISS:          0 MSHR_MERGE:          0
cpu3->cpu3_STLB TRANSLATION  ACCESS:          0 HIT:          0 MISS:          0 MSHR_MERGE:          0
cpu3->cpu3_STLB PREFETCH REQUESTED:          0 ISSUED:          0 USEFUL:          0 USELESS:          0
cpu3->cpu3_STLB AVERAGE MISS LATENCY: 258.8 cycles
cpu3->cpu3_L2C TOTAL        ACCESS:   10370963 HIT:    6922663 MISS:    3448300 MSHR_MERGE:          0
cpu3->cpu3_L2C LOAD         ACCESS:     842456 HIT:         11 MISS:     842445 MSHR_MERGE:          0
cpu3->cpu3_L2C RFO          ACCESS:    4751020 HIT:    2145375 MISS:    2605645 MSHR_MERGE:          0
cpu3->cpu3_L2C PREFETCH     ACCESS:          0 HIT:          0 MISS:          0 MSHR_MERGE:          0
cpu3->cpu3_L2C WRITE        ACCESS:    4751134 HIT:    4751133 MISS:          1 MSHR_MERGE:          0
cpu3->cpu3_L2C TRANSLATION  ACCESS:      26353 HIT:      26144 MISS:        209 MSHR_MERGE:          0
cpu3->cpu3_L2C PREFETCH REQUESTED:          0 ISSUED:          0 USEFUL:          0 USELESS:          0
cpu3->cpu3_L2C AVERAGE MISS LATENCY: 529.7 cycles
cpu3->cpu3_L1I TOTAL        ACCESS:   17029683 HIT:   17029683 MISS:          0 MSHR_MERGE:          0
cpu3->cpu3_L1I LOAD         ACCESS:   17029683 HIT:   17029683 MISS:          0 MSHR_MERGE:          0
cpu3->cpu3_L1I RFO          ACCESS:          0 HIT:          0 MISS:          0 MSHR_MERGE:          0
cpu3->cpu3_L1I PREFETCH     ACCESS:          0 HIT:          0 MISS:          0 MSHR_MERGE:          0
cpu3->cpu3_L1I WRITE        ACCESS:          0 HIT:          0 MISS:          0 MSHR_MERGE:          0
cpu3->cpu3_L1I TRANSLATION  ACCESS:          0 HIT:          0 MISS:          0 MSHR_MERGE:          0
cpu3->cpu3_L1I PREFETCH REQUESTED:          0 ISSUED:          0 USEFUL:          0 USELESS:          0
cpu3->cpu3_L1I AVERAGE MISS LATENCY: - cycles
cpu3->cpu3_L1D TOTAL        ACCESS:   22618742 HIT:   15579517 MISS:    7039225 MSHR_MERGE:    1419279
cpu3->cpu3_L1D LOAD         ACCESS:    6061921 HIT:    3978850 MISS:    2083071 MSHR_MERGE:    1240615
cpu3->cpu3_L1D RFO          ACCESS:          0 HIT:          0 MISS:          0 MSHR_MERGE:          0
cpu3->cpu3_L1D PREFETCH     ACCESS:          0 HIT:          0 MISS:          0 MSHR_MERGE:          0
cpu3->cpu3_L1D WRITE        ACCESS:   16530445 HIT:   11600644 MISS:    4929801 MSHR_MERGE:     178664
cpu3->cpu3_L1D TRANSLATION  ACCESS:      26376 HIT:         23 MISS:      26353 MSHR_MERGE:          0
cpu3->cpu3_L1D PREFETCH REQUESTED:          0 ISSUED:          0 USEFUL:          0 USELESS:          0
cpu3->cpu3_L1D AVERAGE MISS LATENCY: 334.3 cycles
cpu3->cpu3_ITLB TOTAL        ACCESS:   12799952 HIT:   12799952 MISS:          0 MSHR_MERGE:          0
cpu3->cpu3_ITLB LOAD         ACCESS:   12799952 HIT:   12799952 MISS:          0 MSHR_MERGE:          0
cpu3->cpu3_ITLB RFO          ACCESS:          0 HIT:          0 MISS:          0 MSHR_MERGE:          0
cpu3->cpu3_ITLB PREFETCH     ACCESS:          0 HIT:          0 MISS:          0 MSHR_MERGE:          0
cpu3->cpu3_ITLB WRITE        ACCESS:          0 HIT:          0 MISS:          0 MSHR_MERGE:          0
cpu3->cpu3_ITLB TRANSLATION  ACCESS:          0 HIT:          0 MISS:          0 MSHR_MERGE:          0
cpu3->cpu3_ITLB PREFETCH REQUESTED:          0 ISSUED:          0 USEFUL:          0 USELESS:          0
cpu3->cpu3_ITLB AVERAGE MISS LATENCY: - cycles
cpu3->cpu3_DTLB TOTAL        ACCESS:   21104064 HIT:   20938245 MISS:     165819 MSHR_MERGE:      68760
cpu3->cpu3_DTLB LOAD         ACCESS:   21104064 HIT:   20938245 MISS:     165819 MSHR_MERGE:      68760
cpu3->cpu3_DTLB RFO          ACCESS:          0 HIT:          0 MISS:          0 MSHR_MERGE:          0
cpu3->cpu3_DTLB PREFETCH     ACCESS:          0 HIT:          0 MISS:          0 MSHR_MERGE:          0
cpu3->cpu3_DTLB WRITE        ACCESS:          0 HIT:          0 MISS:          0 MSHR_MERGE:          0
cpu3->cpu3_DTLB TRANSLATION  ACCESS:          0 HIT:          0 MISS:          0 MSHR_MERGE:          0
cpu3->cpu3_DTLB PREFETCH REQUESTED:          0 ISSUED:          0 USEFUL:          0 USELESS:          0
cpu3->cpu3_DTLB AVERAGE MISS LATENCY: 75.47 cycles
cpu2->cpu2_STLB TOTAL        ACCESS:      97056 HIT:      70733 MISS:      26323 MSHR_MERGE:          0
cpu2->cpu2_STLB LOAD         ACCESS:      97056 HIT:      70733 MISS:      26323 MSHR_MERGE:          0
cpu2->cpu2_STLB RFO          ACCESS:          0 HIT:          0 MISS:          0 MSHR_MERGE:          0
cpu2->cpu2_STLB PREFETCH     ACCESS:          0 HIT:          0 MISS:          0 MSHR_MERGE:          0
cpu2->cpu2_STLB WRITE        ACCESS:          0 HIT:          0 MISS:          0 MSHR_MERGE:          0
cpu2->cpu2_STLB TRANSLATION  ACCESS:          0 HIT:          0 MISS:          0 MSHR_MERGE:          0
cpu2->cpu2_STLB PREFETCH REQUESTED:          0 ISSUED:          0 USEFUL:          0 USELESS:          0
cpu2->cpu2_STLB AVERAGE MISS LATENCY: 258.1 cycles
cpu2->cpu2_L2C TOTAL        ACCESS:   10370347 HIT:    6927256 MISS:    3443091 MSHR_MERGE:          0
cpu2->cpu2_L2C LOAD         ACCESS:     842400 HIT:         14 MISS:     842386 MSHR_MERGE:          0
cpu2->cpu2_L2C RFO          ACCESS:    4750741 HIT:    2150242 MISS:    2600499 MSHR_MERGE:          0
cpu2->cpu2_L2C PREFETCH     ACCESS:          0 HIT:          0 MISS:          0 MSHR_MERGE:          0
cpu2->cpu2_L2C WRITE        ACCESS:    4750857 HIT:    4750857 MISS:          0 MSHR_MERGE:          0
cpu2->cpu2_L2C TRANSLATION  ACCESS:      26349 HIT:      26143 MISS:        206 MSHR_MERGE:          0
cpu2->cpu2_L2C PREFETCH REQUESTED:          0 ISSUED:          0 USEFUL:          0 USELESS:          0
cpu2->cpu2_L2C AVERAGE MISS LATENCY: 530.5 cycles
cpu2->cpu2_L1I TOTAL        ACCESS:   17022346 HIT:   17022346 MISS:          0 MSHR_MERGE:          0
cpu2->cpu2_L1I LOAD         ACCESS:   17022346 HIT:   17022346 MISS:          0 MSHR_MERGE:          0
cpu2->cpu2_L1I RFO          ACCESS:          0 HIT:          0 MISS:          0 MSHR_MERGE:          0
cpu2->cpu2_L1I PREFETCH     ACCESS:          0 HIT:          0 MISS:          0 MSHR_MERGE:          0
cpu2->cpu2_L1I WRITE        ACCESS:          0 HIT:          0 MISS:          0 MSHR_MERGE:          0
cpu2->cpu2_L1I TRANSLATION  ACCESS:          0 HIT:          0 MISS:          0 MSHR_MERGE:          0
cpu2->cpu2_L1I PREFETCH REQUESTED:          0 ISSUED:          0 USEFUL:          0 USELESS:          0
cpu2->cpu2_L1I AVERAGE MISS LATENCY: - cycles
cpu2->cpu2_L1D TOTAL        ACCESS:   22609467 HIT:   15570338 MISS:    7039129 MSHR_MERGE:    1419515
cpu2->cpu2_L1D LOAD         ACCESS:    6058089 HIT:    3975289 MISS:    2082800 MSHR_MERGE:    1240399
cpu2->cpu2_L1D RFO          ACCESS:          0 HIT:          0 MISS:          0 MSHR_MERGE:          0
cpu2->cpu2_L1D PREFETCH     ACCESS:          0 HIT:          0 MISS:          0 MSHR_MERGE:          0
cpu2->cpu2_L1D WRITE        ACCESS:   16525004 HIT:   11595024 MISS:    4929980 MSHR_MERGE:     179116
cpu2->cpu2_L1D TRANSLATION  ACCESS:      26374 HIT:         25 MISS:      26349 MSHR_MERGE:          0
cpu2->cpu2_L1D PREFETCH REQUESTED:          0 ISSUED:          0 USEFUL:          0 USELESS:          0
cpu2->cpu2_L1D AVERAGE MISS LATENCY: 334.2 cycles
cpu2->cpu2_ITLB TOTAL        ACCESS:   12793468 HIT:   12793468 MISS:          0 MSHR_MERGE:          0
cpu2->cpu2_ITLB LOAD         ACCESS:   12793468 HIT:   12793468 MISS:          0 MSHR_MERGE:          0
cpu2->cpu2_ITLB RFO          ACCESS:          0 HIT:          0 MISS:          0 MSHR_MERGE:          0
cpu2->cpu2_ITLB PREFETCH     ACCESS:          0 HIT:          0 MISS:          0 MSHR_MERGE:          0
cpu2->cpu2_ITLB WRITE        ACCESS:          0 HIT:          0 MISS:          0 MSHR_MERGE:          0
cpu2->cpu2_ITLB TRANSLATION  ACCESS:          0 HIT:          0 MISS:          0 MSHR_MERGE:          0
cpu2->cpu2_ITLB PREFETCH REQUESTED:          0 ISSUED:          0 USEFUL:          0 USELESS:          0
cpu2->cpu2_ITLB AVERAGE MISS LATENCY: - cycles
cpu2->cpu2_DTLB TOTAL        ACCESS:   21096054 HIT:   20929969 MISS:     166085 MSHR_MERGE:      69029
cpu2->cpu2_DTLB LOAD         ACCESS:   21096054 HIT:   20929969 MISS:     166085 MSHR_MERGE:      69029
cpu2->cpu2_DTLB RFO          ACCESS:          0 HIT:          0 MISS:          0 MSHR_MERGE:          0
cpu2->cpu2_DTLB PREFETCH     ACCESS:          0 HIT:          0 MISS:          0 MSHR_MERGE:          0
cpu2->cpu2_DTLB WRITE        ACCESS:          0 HIT:          0 MISS:          0 MSHR_MERGE:          0
cpu2->cpu2_DTLB TRANSLATION  ACCESS:          0 HIT:          0 MISS:          0 MSHR_MERGE:          0
cpu2->cpu2_DTLB PREFETCH REQUESTED:          0 ISSUED:          0 USEFUL:          0 USELESS:          0
cpu2->cpu2_DTLB AVERAGE MISS LATENCY: 75.28 cycles
cpu1->cpu1_STLB TOTAL        ACCESS:      97009 HIT:      70699 MISS:      26310 MSHR_MERGE:          0
cpu1->cpu1_STLB LOAD         ACCESS:      97009 HIT:      70699 MISS:      26310 MSHR_MERGE:          0
cpu1->cpu1_STLB RFO          ACCESS:          0 HIT:          0 MISS:          0 MSHR_MERGE:          0
cpu1->cpu1_STLB PREFETCH     ACCESS:          0 HIT:          0 MISS:          0 MSHR_MERGE:          0
cpu1->cpu1_STLB WRITE        ACCESS:          0 HIT:          0 MISS:          0 MSHR_MERGE:          0
cpu1->cpu1_STLB TRANSLATION  ACCESS:          0 HIT:          0 MISS:          0 MSHR_MERGE:          0
cpu1->cpu1_STLB PREFETCH REQUESTED:          0 ISSUED:          0 USEFUL:          0 USELESS:          0
cpu1->cpu1_STLB AVERAGE MISS LATENCY: 258.3 cycles
cpu1->cpu1_L2C TOTAL        ACCESS:   10365532 HIT:    6918218 MISS:    3447314 MSHR_MERGE:          0
cpu1->cpu1_L2C LOAD         ACCESS:     842018 HIT:         20 MISS:     841998 MSHR_MERGE:          0
cpu1->cpu1_L2C RFO          ACCESS:    4748533 HIT:    2143423 MISS:    2605110 MSHR_MERGE:          0
cpu1->cpu1_L2C PREFETCH     ACCESS:          0 HIT:          0 MISS:          0 MSHR_MERGE:          0
cpu1->cpu1_L2C WRITE        ACCESS:    4748646 HIT:    4748646 MISS:          0 MSHR_MERGE:          0
cpu1->cpu1_L2C TRANSLATION  ACCESS:      26335 HIT:      26129 MISS:        206 MSHR_MERGE:          0
cpu1->cpu1_L2C PREFETCH REQUESTED:          0 ISSUED:          0 USEFUL:          0 USELESS:          0
cpu1->cpu1_L2C AVERAGE MISS LATENCY: 530.3 cycles
cpu1->cpu1_L1I TOTAL        ACCESS:   17012113 HIT:   17012113 MISS:          0 MSHR_MERGE:          0
cpu1->cpu1_L1I LOAD         ACCESS:   17012113 HIT:   17012113 MISS:          0 MSHR_MERGE:          0
cpu1->cpu1_L1I RFO          ACCESS:          0 HIT:          0 MISS:          0 MSHR_MERGE:          0
cpu1->cpu1_L1I PREFETCH     ACCESS:          0 HIT:          0 MISS:          0 MSHR_MERGE:          0
cpu1->cpu1_L1I WRITE        ACCESS:          0 HIT:          0 MISS:          0 MSHR_MERGE:          0
cpu1->cpu1_L1I TRANSLATION  ACCESS:          0 HIT:          0 MISS:          0 MSHR_MERGE:          0
cpu1->cpu1_L1I PREFETCH REQUESTED:          0 ISSUED:          0 USEFUL:          0 USELESS:          0
cpu1->cpu1_L1I AVERAGE MISS LATENCY: - cycles
cpu1->cpu1_L1D TOTAL        ACCESS:   22599722 HIT:   15565302 MISS:    7034420 MSHR_MERGE:    1417430
cpu1->cpu1_L1D LOAD         ACCESS:    6055593 HIT:    3974649 MISS:    2080944 MSHR_MERGE:    1238926
cpu1->cpu1_L1D RFO          ACCESS:          0 HIT:          0 MISS:          0 MSHR_MERGE:          0
cpu1->cpu1_L1D PREFETCH     ACCESS:          0 HIT:          0 MISS:          0 MSHR_MERGE:          0
cpu1->cpu1_L1D WRITE        ACCESS:   16517768 HIT:   11590627 MISS:    4927141 MSHR_MERGE:     178504
cpu1->cpu1_L1D TRANSLATION  ACCESS:      26361 HIT:         26 MISS:      26335 MSHR_MERGE:          0
cpu1->cpu1_L1D PREFETCH REQUESTED:          0 ISSUED:          0 USEFUL:          0 USELESS:          0
cpu1->cpu1_L1D AVERAGE MISS LATENCY: 334.7 cycles
cpu1->cpu1_ITLB TOTAL        ACCESS:   12786498 HIT:   12786498 MISS:          0 MSHR_MERGE:          0
cpu1->cpu1_ITLB LOAD         ACCESS:   12786498 HIT:   12786498 MISS:          0 MSHR_MERGE:          0
cpu1->cpu1_ITLB RFO          ACCESS:          0 HIT:          0 MISS:          0 MSHR_MERGE:          0
cpu1->cpu1_ITLB PREFETCH     ACCESS:          0 HIT:          0 MISS:          0 MSHR_MERGE:          0
cpu1->cpu1_ITLB WRITE        ACCESS:          0 HIT:          0 MISS:          0 MSHR_MERGE:          0
cpu1->cpu1_ITLB TRANSLATION  ACCESS:          0 HIT:          0 MISS:          0 MSHR_MERGE:          0
cpu1->cpu1_ITLB PREFETCH REQUESTED:          0 ISSUED:          0 USEFUL:          0 USELESS:          0
cpu1->cpu1_ITLB AVERAGE MISS LATENCY: - cycles
cpu1->cpu1_DTLB TOTAL        ACCESS:   21086926 HIT:   20920876 MISS:     166050 MSHR_MERGE:      69041
cpu1->cpu1_DTLB LOAD         ACCESS:   21086926 HIT:   20920876 MISS:     166050 MSHR_MERGE:      69041
cpu1->cpu1_DTLB RFO          ACCESS:          0 HIT:          0 MISS:          0 MSHR_MERGE:          0
cpu1->cpu1_DTLB PREFETCH     ACCESS:          0 HIT:          0 MISS:          0 MSHR_MERGE:          0
cpu1->cpu1_DTLB WRITE        ACCESS:          0 HIT:          0 MISS:          0 MSHR_MERGE:          0
cpu1->cpu1_DTLB TRANSLATION  ACCESS:          0 HIT:          0 MISS:          0 MSHR_MERGE:          0
cpu1->cpu1_DTLB PREFETCH REQUESTED:          0 ISSUED:          0 USEFUL:          0 USELESS:          0
cpu1->cpu1_DTLB AVERAGE MISS LATENCY: 75.34 cycles
cpu0->cpu0_STLB TOTAL        ACCESS:      97045 HIT:      70725 MISS:      26320 MSHR_MERGE:          0
cpu0->cpu0_STLB LOAD         ACCESS:      97045 HIT:      70725 MISS:      26320 MSHR_MERGE:          0
cpu0->cpu0_STLB RFO          ACCESS:          0 HIT:          0 MISS:          0 MSHR_MERGE:          0
cpu0->cpu0_STLB PREFETCH     ACCESS:          0 HIT:          0 MISS:          0 MSHR_MERGE:          0
cpu0->cpu0_STLB WRITE        ACCESS:          0 HIT:          0 MISS:          0 MSHR_MERGE:          0
cpu0->cpu0_STLB TRANSLATION  ACCESS:          0 HIT:          0 MISS:          0 MSHR_MERGE:          0
cpu0->cpu0_STLB PREFETCH REQUESTED:          0 ISSUED:          0 USEFUL:          0 USELESS:          0
cpu0->cpu0_STLB AVERAGE MISS LATENCY: 256.9 cycles
cpu0->cpu0_L2C TOTAL        ACCESS:   10369273 HIT:    6919671 MISS:    3449602 MSHR_MERGE:          0
cpu0->cpu0_L2C LOAD         ACCESS:     842316 HIT:         17 MISS:     842299 MSHR_MERGE:          0
cpu0->cpu0_L2C RFO          ACCESS:    4750243 HIT:    2143149 MISS:    2607094 MSHR_MERGE:          0
cpu0->cpu0_L2C PREFETCH     ACCESS:          0 HIT:          0 MISS:          0 MSHR_MERGE:          0
cpu0->cpu0_L2C WRITE        ACCESS:    4750366 HIT:    4750366 MISS:          0 MSHR_MERGE:          0
cpu0->cpu0_L2C TRANSLATION  ACCESS:      26348 HIT:      26139 MISS:        209 MSHR_MERGE:          0
cpu0->cpu0_L2C PREFETCH REQUESTED:          0 ISSUED:          0 USEFUL:          0 USELESS:          0
cpu0->cpu0_L2C AVERAGE MISS LATENCY: 530.5 cycles
cpu0->cpu0_L1I TOTAL        ACCESS:   17024355 HIT:   17024355 MISS:          0 MSHR_MERGE:          0
cpu0->cpu0_L1I LOAD         ACCESS:   17024355 HIT:   17024355 MISS:          0 MSHR_MERGE:          0
cpu0->cpu0_L1I RFO          ACCESS:          0 HIT:          0 MISS:          0 MSHR_MERGE:          0
cpu0->cpu0_L1I PREFETCH     ACCESS:          0 HIT:          0 MISS:          0 MSHR_MERGE:          0
cpu0->cpu0_L1I WRITE        ACCESS:          0 HIT:          0 MISS:          0 MSHR_MERGE:          0
cpu0->cpu0_L1I TRANSLATION  ACCESS:          0 HIT:          0 MISS:          0 MSHR_MERGE:          0
cpu0->cpu0_L1I PREFETCH REQUESTED:          0 ISSUED:          0 USEFUL:          0 USELESS:          0
cpu0->cpu0_L1I AVERAGE MISS LATENCY: - cycles
cpu0->cpu0_L1D TOTAL        ACCESS:   22614783 HIT:   15575622 MISS:    7039161 MSHR_MERGE:    1420137
cpu0->cpu0_L1D LOAD         ACCESS:    6061284 HIT:    3977458 MISS:    2083826 MSHR_MERGE:    1241510
cpu0->cpu0_L1D RFO          ACCESS:          0 HIT:          0 MISS:          0 MSHR_MERGE:          0
cpu0->cpu0_L1D PREFETCH     ACCESS:          0 HIT:          0 MISS:          0 MSHR_MERGE:          0
cpu0->cpu0_L1D WRITE        ACCESS:   16527128 HIT:   11598141 MISS:    4928987 MSHR_MERGE:     178627
cpu0->cpu0_L1D TRANSLATION  ACCESS:      26371 HIT:         23 MISS:      26348 MSHR_MERGE:          0
cpu0->cpu0_L1D PREFETCH REQUESTED:          0 ISSUED:          0 USEFUL:          0 USELESS:          0
cpu0->cpu0_L1D AVERAGE MISS LATENCY: 334.9 cycles
cpu0->cpu0_ITLB TOTAL        ACCESS:   12795461 HIT:   12795461 MISS:          0 MSHR_MERGE:          0
cpu0->cpu0_ITLB LOAD         ACCESS:   12795461 HIT:   12795461 MISS:          0 MSHR_MERGE:          0
cpu0->cpu0_ITLB RFO          ACCESS:          0 HIT:          0 MISS:          0 MSHR_MERGE:          0
cpu0->cpu0_ITLB PREFETCH     ACCESS:          0 HIT:          0 MISS:          0 MSHR_MERGE:          0
cpu0->cpu0_ITLB WRITE        ACCESS:          0 HIT:          0 MISS:          0 MSHR_MERGE:          0
cpu0->cpu0_ITLB TRANSLATION  ACCESS:          0 HIT:          0 MISS:          0 MSHR_MERGE:          0
cpu0->cpu0_ITLB PREFETCH REQUESTED:          0 ISSUED:          0 USEFUL:          0 USELESS:          0
cpu0->cpu0_ITLB AVERAGE MISS LATENCY: - cycles
cpu0->cpu0_DTLB TOTAL        ACCESS:   21101353 HIT:   20935310 MISS:     166043 MSHR_MERGE:      68998
cpu0->cpu0_DTLB LOAD         ACCESS:   21101353 HIT:   20935310 MISS:     166043 MSHR_MERGE:      68998
cpu0->cpu0_DTLB RFO          ACCESS:          0 HIT:          0 MISS:          0 MSHR_MERGE:          0
cpu0->cpu0_DTLB PREFETCH     ACCESS:          0 HIT:          0 MISS:          0 MSHR_MERGE:          0
cpu0->cpu0_DTLB WRITE        ACCESS:          0 HIT:          0 MISS:          0 MSHR_MERGE:          0
cpu0->cpu0_DTLB TRANSLATION  ACCESS:          0 HIT:          0 MISS:          0 MSHR_MERGE:          0
cpu0->cpu0_DTLB PREFETCH REQUESTED:          0 ISSUED:          0 USEFUL:          0 USELESS:          0
cpu0->cpu0_DTLB AVERAGE MISS LATENCY: 74.96 cycles
cpu0->LLC TOTAL        ACCESS:    6056727 HIT:    2686677 MISS:    3370050 MSHR_MERGE:          0
cpu0->LLC LOAD         ACCESS:     842299 HIT:          3 MISS:     842296 MSHR_MERGE:          0
cpu0->LLC RFO          ACCESS:    2607092 HIT:      80319 MISS:    2526773 MSHR_MERGE:          0
cpu0->LLC PREFETCH     ACCESS:          0 HIT:          0 MISS:          0 MSHR_MERGE:          0
cpu0->LLC WRITE        ACCESS:    2607127 HIT:    2606353 MISS:        774 MSHR_MERGE:          0
cpu0->LLC TRANSLATION  ACCESS:        209 HIT:          2 MISS:        207 MSHR_MERGE:          0
cpu0->LLC PREFETCH REQUESTED:          0 ISSUED:          0 USEFUL:          0 USELESS:          0
cpu0->LLC AVERAGE MISS LATENCY: 2104 cycles
cpu1->LLC TOTAL        ACCESS:    6052414 HIT:    2683598 MISS:    3368816 MSHR_MERGE:          0
cpu1->LLC LOAD         ACCESS:     841999 HIT:          3 MISS:     841996 MSHR_MERGE:          0
cpu1->LLC RFO          ACCESS:    2605108 HIT:      79243 MISS:    2525865 MSHR_MERGE:          0
cpu1->LLC PREFETCH     ACCESS:          0 HIT:          0 MISS:          0 MSHR_MERGE:          0
cpu1->LLC WRITE        ACCESS:    2605101 HIT:    2604351 MISS:        750 MSHR_MERGE:          0
cpu1->LLC TRANSLATION  ACCESS:        206 HIT:          1 MISS:        205 MSHR_MERGE:          0
cpu1->LLC PREFETCH REQUESTED:          0 ISSUED:          0 USEFUL:          0 USELESS:          0
cpu1->LLC AVERAGE MISS LATENCY: 2104 cycles
cpu2->LLC TOTAL        ACCESS:    6043852 HIT:    2673579 MISS:    3370273 MSHR_MERGE:          0
cpu2->LLC LOAD         ACCESS:     842384 HIT:          0 MISS:     842384 MSHR_MERGE:          0
cpu2->LLC RFO          ACCESS:    2600501 HIT:      73461 MISS:    2527040 MSHR_MERGE:          0
cpu2->LLC PREFETCH     ACCESS:          0 HIT:          0 MISS:          0 MSHR_MERGE:          0
cpu2->LLC WRITE        ACCESS:    2600761 HIT:    2600117 MISS:        644 MSHR_MERGE:          0
cpu2->LLC TRANSLATION  ACCESS:        206 HIT:          1 MISS:        205 MSHR_MERGE:          0
cpu2->LLC PREFETCH REQUESTED:          0 ISSUED:          0 USEFUL:          0 USELESS:          0
cpu2->LLC AVERAGE MISS LATENCY: 2103 cycles
cpu3->LLC TOTAL        ACCESS:    6053962 HIT:    2683261 MISS:    3370701 MSHR_MERGE:          0
cpu3->LLC LOAD         ACCESS:     842445 HIT:          4 MISS:     842441 MSHR_MERGE:          0
cpu3->LLC RFO          ACCESS:    2605642 HIT:      78442 MISS:    2527200 MSHR_MERGE:          0
cpu3->LLC PREFETCH     ACCESS:          0 HIT:          0 MISS:          0 MSHR_MERGE:          0
cpu3->LLC WRITE        ACCESS:    2605666 HIT:    2604813 MISS:        853 MSHR_MERGE:          0
cpu3->LLC TRANSLATION  ACCESS:        209 HIT:          2 MISS:        207 MSHR_MERGE:          0
cpu3->LLC PREFETCH REQUESTED:          0 ISSUED:          0 USEFUL:          0 USELESS:          0
cpu3->LLC AVERAGE MISS LATENCY: 2103 cycles

DRAM Statistics

Channel 0 READ REQS:    6738598	WRITE REQS:    5053549
  READS:    6738594	READ_HITS:    1352238
  WRITES:    5053527	WRITE HITS:     539725
  ACTIVATES:    9900159	PRECHARGES:    9900129
  RQ FULL:          0	WQ FULL:     173002
  WRITE DRAINS:     103203	FORCED:      91901
  MEAN WRITE IMBALANCE: 3.2376868889470267
  READ LATENCY: 128.81830334339776

Channel 1 READ REQS:    6738221	WRITE REQS:    5053540
  READS:    6738216	READ_HITS:    1340129
  WRITES:    5053530	WRITE HITS:     538875
  ACTIVATES:    9912743	PRECHARGES:    9912714
  RQ FULL:          0	WQ FULL:     171357
  WRITE DRAINS:     103306	FORCED:      91612
  MEAN WRITE IMBALANCE: 3.236530308016959
  READ LATENCY: 127.9875692616562
