[VMEM] WARNING: physical memory size is smaller than virtual memory size.

*** ChampSim Multicore Out-of-Order Simulator ***
Warmup Instructions: 25000000
Simulation Instructions: 100000000
Number of CPUs: 4
Page size: 4096

CL :	 16.64 ns
CWL :	 15.808 ns
tRP :	 16.224 ns
tRCD :	 16.224 ns
tRAS :	 32.032000000000004 ns
tRTP :	 7.904 ns
tWR :	 30.368000000000002 ns

tCCD_S :	 3.3280000000000003 ns
tCCD_S_WR :	 3.3280000000000003 ns
tCCD_S_WTR :	 22.048000000000002 ns
tCCD_L :	 5.408 ns
tCCD_L_WR :	 20.384 ns
tCCD_L_WTR :	 29.536 ns
tRRD_S :	 3.3280000000000003 ns
tRRD_L :	 5.408 ns
tFAW :	 13.728 ns
Address mapping (perm = 1) 	ch co bg bg bg ba ba co co co co co co ro ro ro ro ro ro ro ro ro ro ro ro ro ro ro 
dram queue size: R = 64 W = 64 (low:high is 16:56)
Heartbeat CPU 2 instructions: 10000002 cycles: 5206091 heartbeat IPC: 1.921 cumulative IPC: 1.921 (Simulation time: 00 hr 02 min 03 sec)
Heartbeat CPU 3 instructions: 10000002 cycles: 5207457 heartbeat IPC: 1.92 cumulative IPC: 1.92 (Simulation time: 00 hr 02 min 03 sec)
Heartbeat CPU 0 instructions: 10000002 cycles: 5208345 heartbeat IPC: 1.92 cumulative IPC: 1.92 (Simulation time: 00 hr 02 min 03 sec)
Heartbeat CPU 1 instructions: 10000002 cycles: 5208875 heartbeat IPC: 1.92 cumulative IPC: 1.92 (Simulation time: 00 hr 02 min 03 sec)
Heartbeat CPU 2 instructions: 20000003 cycles: 9705964 heartbeat IPC: 2.222 cumulative IPC: 2.061 (Simulation time: 00 hr 03 min 59 sec)
Heartbeat CPU 3 instructions: 20000003 cycles: 9709718 heartbeat IPC: 2.221 cumulative IPC: 2.06 (Simulation time: 00 hr 03 min 59 sec)
Heartbeat CPU 0 instructions: 20000003 cycles: 9711445 heartbeat IPC: 2.221 cumulative IPC: 2.059 (Simulation time: 00 hr 03 min 59 sec)
Heartbeat CPU 1 instructions: 20000003 cycles: 9712006 heartbeat IPC: 2.221 cumulative IPC: 2.059 (Simulation time: 00 hr 03 min 59 sec)
Warmup finished CPU 2 instructions: 25000004 cycles: 11752724 cumulative IPC: 2.127 (Simulation time: 00 hr 04 min 53 sec)
Warmup finished CPU 0 instructions: 25000004 cycles: 11756315 cumulative IPC: 2.127 (Simulation time: 00 hr 04 min 53 sec)
Warmup finished CPU 3 instructions: 25000004 cycles: 11756746 cumulative IPC: 2.126 (Simulation time: 00 hr 04 min 53 sec)
Warmup finished CPU 1 instructions: 25000004 cycles: 11759094 cumulative IPC: 2.126 (Simulation time: 00 hr 04 min 53 sec)
Warmup complete CPU 3 instructions: 25005256 cycles: 11759094 cumulative IPC: 2.126 (Simulation time: 00 hr 04 min 53 sec)
Warmup complete CPU 2 instructions: 25017321 cycles: 11759094 cumulative IPC: 2.127 (Simulation time: 00 hr 04 min 53 sec)
Warmup complete CPU 1 instructions: 25000004 cycles: 11759094 cumulative IPC: 2.126 (Simulation time: 00 hr 04 min 53 sec)
Warmup complete CPU 0 instructions: 25006788 cycles: 11759094 cumulative IPC: 2.127 (Simulation time: 00 hr 04 min 53 sec)
Heartbeat CPU 2 instructions: 30000003 cycles: 26271877 heartbeat IPC: 0.6036 cumulative IPC: 0.3433 (Simulation time: 00 hr 07 min 23 sec)
Heartbeat CPU 0 instructions: 30000003 cycles: 26315828 heartbeat IPC: 0.6023 cumulative IPC: 0.343 (Simulation time: 00 hr 07 min 23 sec)
Heartbeat CPU 1 instructions: 30000003 cycles: 26318093 heartbeat IPC: 0.6022 cumulative IPC: 0.3434 (Simulation time: 00 hr 07 min 23 sec)
Heartbeat CPU 3 instructions: 30000003 cycles: 26328757 heartbeat IPC: 0.6017 cumulative IPC: 0.3428 (Simulation time: 00 hr 07 min 23 sec)
Heartbeat CPU 2 instructions: 40000003 cycles: 56200283 heartbeat IPC: 0.3341 cumulative IPC: 0.3371 (Simulation time: 00 hr 12 min 30 sec)
Heartbeat CPU 1 instructions: 40000003 cycles: 56210819 heartbeat IPC: 0.3345 cumulative IPC: 0.3374 (Simulation time: 00 hr 12 min 31 sec)
Heartbeat CPU 0 instructions: 40000003 cycles: 56243319 heartbeat IPC: 0.3341 cumulative IPC: 0.337 (Simulation time: 00 hr 12 min 31 sec)
Heartbeat CPU 3 instructions: 40000003 cycles: 56248124 heartbeat IPC: 0.3342 cumulative IPC: 0.337 (Simulation time: 00 hr 12 min 31 sec)
Heartbeat CPU 1 instructions: 50000003 cycles: 85906772 heartbeat IPC: 0.3367 cumulative IPC: 0.3372 (Simulation time: 00 hr 17 min 32 sec)
Heartbeat CPU 2 instructions: 50000003 cycles: 85922099 heartbeat IPC: 0.3365 cumulative IPC: 0.3369 (Simulation time: 00 hr 17 min 33 sec)
Heartbeat CPU 0 instructions: 50000003 cycles: 85927765 heartbeat IPC: 0.3369 cumulative IPC: 0.337 (Simulation time: 00 hr 17 min 33 sec)
Heartbeat CPU 3 instructions: 50000003 cycles: 85939571 heartbeat IPC: 0.3368 cumulative IPC: 0.3369 (Simulation time: 00 hr 17 min 33 sec)
Heartbeat CPU 1 instructions: 60000006 cycles: 113968295 heartbeat IPC: 0.3564 cumulative IPC: 0.3424 (Simulation time: 00 hr 22 min 23 sec)
Heartbeat CPU 0 instructions: 60000006 cycles: 113981469 heartbeat IPC: 0.3565 cumulative IPC: 0.3423 (Simulation time: 00 hr 22 min 23 sec)
Heartbeat CPU 2 instructions: 60000006 cycles: 114012005 heartbeat IPC: 0.356 cumulative IPC: 0.3421 (Simulation time: 00 hr 22 min 24 sec)
Heartbeat CPU 3 instructions: 60000006 cycles: 114016127 heartbeat IPC: 0.3562 cumulative IPC: 0.3422 (Simulation time: 00 hr 22 min 24 sec)
Heartbeat CPU 1 instructions: 70000006 cycles: 142565382 heartbeat IPC: 0.3497 cumulative IPC: 0.344 (Simulation time: 00 hr 27 min 18 sec)
Heartbeat CPU 2 instructions: 70000006 cycles: 142637481 heartbeat IPC: 0.3493 cumulative IPC: 0.3437 (Simulation time: 00 hr 27 min 19 sec)
Heartbeat CPU 0 instructions: 70000006 cycles: 142655605 heartbeat IPC: 0.3487 cumulative IPC: 0.3437 (Simulation time: 00 hr 27 min 19 sec)
Heartbeat CPU 3 instructions: 70000006 cycles: 142678567 heartbeat IPC: 0.3489 cumulative IPC: 0.3437 (Simulation time: 00 hr 27 min 19 sec)
Heartbeat CPU 1 instructions: 80000008 cycles: 170896072 heartbeat IPC: 0.353 cumulative IPC: 0.3456 (Simulation time: 00 hr 32 min 10 sec)
Heartbeat CPU 2 instructions: 80000008 cycles: 170963942 heartbeat IPC: 0.353 cumulative IPC: 0.3454 (Simulation time: 00 hr 32 min 11 sec)
Heartbeat CPU 3 instructions: 80000008 cycles: 171003520 heartbeat IPC: 0.353 cumulative IPC: 0.3453 (Simulation time: 00 hr 32 min 11 sec)
Heartbeat CPU 0 instructions: 80000008 cycles: 171023092 heartbeat IPC: 0.3525 cumulative IPC: 0.3453 (Simulation time: 00 hr 32 min 11 sec)
Heartbeat CPU 1 instructions: 90000008 cycles: 199003072 heartbeat IPC: 0.3558 cumulative IPC: 0.3471 (Simulation time: 00 hr 37 min 00 sec)
Heartbeat CPU 2 instructions: 90000008 cycles: 199082929 heartbeat IPC: 0.3556 cumulative IPC: 0.3469 (Simulation time: 00 hr 37 min 01 sec)
Heartbeat CPU 3 instructions: 90000008 cycles: 199101103 heartbeat IPC: 0.3559 cumulative IPC: 0.3469 (Simulation time: 00 hr 37 min 01 sec)
Heartbeat CPU 0 instructions: 90000008 cycles: 199120514 heartbeat IPC: 0.3559 cumulative IPC: 0.3469 (Simulation time: 00 hr 37 min 01 sec)
Heartbeat CPU 1 instructions: 100000008 cycles: 226844925 heartbeat IPC: 0.3592 cumulative IPC: 0.3487 (Simulation time: 00 hr 41 min 49 sec)
Heartbeat CPU 3 instructions: 100000008 cycles: 226900095 heartbeat IPC: 0.3597 cumulative IPC: 0.3486 (Simulation time: 00 hr 41 min 50 sec)
Heartbeat CPU 2 instructions: 100000012 cycles: 226908874 heartbeat IPC: 0.3594 cumulative IPC: 0.3485 (Simulation time: 00 hr 41 min 50 sec)
Heartbeat CPU 0 instructions: 100000008 cycles: 226960049 heartbeat IPC: 0.3592 cumulative IPC: 0.3485 (Simulation time: 00 hr 41 min 50 sec)
Heartbeat CPU 1 instructions: 110000010 cycles: 254793971 heartbeat IPC: 0.3578 cumulative IPC: 0.3497 (Simulation time: 00 hr 46 min 37 sec)
Heartbeat CPU 3 instructions: 110000010 cycles: 254841649 heartbeat IPC: 0.3579 cumulative IPC: 0.3497 (Simulation time: 00 hr 46 min 38 sec)
Heartbeat CPU 2 instructions: 110000014 cycles: 254865840 heartbeat IPC: 0.3577 cumulative IPC: 0.3496 (Simulation time: 00 hr 46 min 38 sec)
Heartbeat CPU 0 instructions: 110000010 cycles: 254917611 heartbeat IPC: 0.3577 cumulative IPC: 0.3495 (Simulation time: 00 hr 46 min 39 sec)
Heartbeat CPU 1 instructions: 120000013 cycles: 282334939 heartbeat IPC: 0.3631 cumulative IPC: 0.3511 (Simulation time: 00 hr 51 min 23 sec)
Heartbeat CPU 3 instructions: 120000013 cycles: 282394220 heartbeat IPC: 0.3629 cumulative IPC: 0.351 (Simulation time: 00 hr 51 min 23 sec)
Heartbeat CPU 2 instructions: 120000018 cycles: 282428935 heartbeat IPC: 0.3628 cumulative IPC: 0.3509 (Simulation time: 00 hr 51 min 24 sec)
Heartbeat CPU 0 instructions: 120000013 cycles: 282488028 heartbeat IPC: 0.3627 cumulative IPC: 0.3509 (Simulation time: 00 hr 51 min 24 sec)
Simulation finished CPU 1 instructions: 100000000 cycles: 284667606 cumulative IPC: 0.3513 (Simulation time: 00 hr 53 min 49 sec)
Simulation finished CPU 3 instructions: 100000004 cycles: 284778206 cumulative IPC: 0.3512 (Simulation time: 00 hr 53 min 50 sec)
Simulation finished CPU 2 instructions: 100000000 cycles: 284820302 cumulative IPC: 0.3511 (Simulation time: 00 hr 53 min 50 sec)
Simulation finished CPU 0 instructions: 100000001 cycles: 284882090 cumulative IPC: 0.351 (Simulation time: 00 hr 53 min 51 sec)
Simulation complete CPU 3 instructions: 100055431 cycles: 284882090 cumulative IPC: 0.3512 (Simulation time: 00 hr 53 min 51 sec)
Simulation complete CPU 2 instructions: 100033639 cycles: 284882090 cumulative IPC: 0.3511 (Simulation time: 00 hr 53 min 51 sec)
Simulation complete CPU 1 instructions: 100077834 cycles: 284882090 cumulative IPC: 0.3513 (Simulation time: 00 hr 53 min 51 sec)
Simulation complete CPU 0 instructions: 100000001 cycles: 284882090 cumulative IPC: 0.351 (Simulation time: 00 hr 53 min 51 sec)

ChampSim completed all CPUs

=== Simulation ===
CPU 0 runs ../frost/TRACES/ctf/spec2017/620.omnetpp_s-141B.champsimtrace.xz
CPU 1 runs ../frost/TRACES/ctf/spec2017/620.omnetpp_s-141B.champsimtrace.xz
CPU 2 runs ../frost/TRACES/ctf/spec2017/620.omnetpp_s-141B.champsimtrace.xz
CPU 3 runs ../frost/TRACES/ctf/spec2017/620.omnetpp_s-141B.champsimtrace.xz

Total Simulation Statistics (not including warmup)

CPU 3 cumulative IPC: 0.3512 instructions: 100055431 cycles: 284882090
CPU 3 Branch Prediction Accuracy: 95.74% MPKI: 8.958 Average ROB Occupancy at Mispredict: 63.74
Branch type MPKI
BRANCH_DIRECT_JUMP: 0.8281
BRANCH_INDIRECT: 0.3598
BRANCH_CONDITIONAL: 6.475
BRANCH_DIRECT_CALL: 0.0006796
BRANCH_INDIRECT_CALL: 0.8542
BRANCH_RETURN: 0.4397


CPU 2 cumulative IPC: 0.3511 instructions: 100033639 cycles: 284882090
CPU 2 Branch Prediction Accuracy: 95.74% MPKI: 8.958 Average ROB Occupancy at Mispredict: 63.74
Branch type MPKI
BRANCH_DIRECT_JUMP: 0.8281
BRANCH_INDIRECT: 0.3597
BRANCH_CONDITIONAL: 6.475
BRANCH_DIRECT_CALL: 0.0006798
BRANCH_INDIRECT_CALL: 0.8541
BRANCH_RETURN: 0.4398


CPU 1 cumulative IPC: 0.3513 instructions: 100077834 cycles: 284882090
CPU 1 Branch Prediction Accuracy: 95.74% MPKI: 8.958 Average ROB Occupancy at Mispredict: 63.75
Branch type MPKI
BRANCH_DIRECT_JUMP: 0.8281
BRANCH_INDIRECT: 0.3597
BRANCH_CONDITIONAL: 6.476
BRANCH_DIRECT_CALL: 0.0006795
BRANCH_INDIRECT_CALL: 0.8541
BRANCH_RETURN: 0.4397


CPU 0 cumulative IPC: 0.351 instructions: 100000001 cycles: 284882090
CPU 0 Branch Prediction Accuracy: 95.74% MPKI: 8.958 Average ROB Occupancy at Mispredict: 63.73
Branch type MPKI
BRANCH_DIRECT_JUMP: 0.8281
BRANCH_INDIRECT: 0.3598
BRANCH_CONDITIONAL: 6.476
BRANCH_DIRECT_CALL: 0.00068
BRANCH_INDIRECT_CALL: 0.8541
BRANCH_RETURN: 0.4396

cpu3->cpu3_STLB TOTAL        ACCESS:    2241795 HIT:    2011618 MISS:     230177 MSHR_MERGE:          0
cpu3->cpu3_STLB LOAD         ACCESS:    2241795 HIT:    2011618 MISS:     230177 MSHR_MERGE:          0
cpu3->cpu3_STLB RFO          ACCESS:          0 HIT:          0 MISS:          0 MSHR_MERGE:          0
cpu3->cpu3_STLB PREFETCH     ACCESS:          0 HIT:          0 MISS:          0 MSHR_MERGE:          0
cpu3->cpu3_STLB WRITE        ACCESS:          0 HIT:          0 MISS:          0 MSHR_MERGE:          0
cpu3->cpu3_STLB TRANSLATION  ACCESS:          0 HIT:          0 MISS:          0 MSHR_MERGE:          0
cpu3->cpu3_STLB PREFETCH REQUESTED:          0 ISSUED:          0 USEFUL:          0 USELESS:          0
cpu3->cpu3_STLB AVERAGE MISS LATENCY: 291.6 cycles
cpu3->cpu3_L2C TOTAL        ACCESS:    3192394 HIT:    1560049 MISS:    1632345 MSHR_MERGE:          0
cpu3->cpu3_L2C LOAD         ACCESS:    1720421 HIT:     506534 MISS:    1213887 MSHR_MERGE:          0
cpu3->cpu3_L2C RFO          ACCESS:     247082 HIT:      55468 MISS:     191614 MSHR_MERGE:          0
cpu3->cpu3_L2C PREFETCH     ACCESS:          0 HIT:          0 MISS:          0 MSHR_MERGE:          0
cpu3->cpu3_L2C WRITE        ACCESS:     930344 HIT:     928458 MISS:       1886 MSHR_MERGE:          0
cpu3->cpu3_L2C TRANSLATION  ACCESS:     294547 HIT:      69589 MISS:     224958 MSHR_MERGE:          0
cpu3->cpu3_L2C PREFETCH REQUESTED:          0 ISSUED:          0 USEFUL:          0 USELESS:          0
cpu3->cpu3_L2C AVERAGE MISS LATENCY: 196.9 cycles
cpu3->cpu3_L1I TOTAL        ACCESS:   14889062 HIT:   14806531 MISS:      82531 MSHR_MERGE:      21393
cpu3->cpu3_L1I LOAD         ACCESS:   14889062 HIT:   14806531 MISS:      82531 MSHR_MERGE:      21393
cpu3->cpu3_L1I RFO          ACCESS:          0 HIT:          0 MISS:          0 MSHR_MERGE:          0
cpu3->cpu3_L1I PREFETCH     ACCESS:          0 HIT:          0 MISS:          0 MSHR_MERGE:          0
cpu3->cpu3_L1I WRITE        ACCESS:          0 HIT:          0 MISS:          0 MSHR_MERGE:          0
cpu3->cpu3_L1I TRANSLATION  ACCESS:          0 HIT:          0 MISS:          0 MSHR_MERGE:          0
cpu3->cpu3_L1I PREFETCH REQUESTED:          0 ISSUED:          0 USEFUL:          0 USELESS:          0
cpu3->cpu3_L1I AVERAGE MISS LATENCY: 18.99 cycles
cpu3->cpu3_L1D TOTAL        ACCESS:   38653637 HIT:   35382990 MISS:    3270647 MSHR_MERGE:    1069723
cpu3->cpu3_L1D LOAD         ACCESS:   20109353 HIT:   17879835 MISS:    2229518 MSHR_MERGE:     570235
cpu3->cpu3_L1D RFO          ACCESS:          0 HIT:          0 MISS:          0 MSHR_MERGE:          0
cpu3->cpu3_L1D PREFETCH     ACCESS:          0 HIT:          0 MISS:          0 MSHR_MERGE:          0
cpu3->cpu3_L1D WRITE        ACCESS:   18202801 HIT:   17456283 MISS:     746518 MSHR_MERGE:     499424
cpu3->cpu3_L1D TRANSLATION  ACCESS:     341483 HIT:      46872 MISS:     294611 MSHR_MERGE:         64
cpu3->cpu3_L1D PREFETCH REQUESTED:          0 ISSUED:          0 USEFUL:          0 USELESS:          0
cpu3->cpu3_L1D AVERAGE MISS LATENCY: 154.5 cycles
cpu3->cpu3_ITLB TOTAL        ACCESS:   13232218 HIT:   12916048 MISS:     316170 MSHR_MERGE:     158233
cpu3->cpu3_ITLB LOAD         ACCESS:   13232218 HIT:   12916048 MISS:     316170 MSHR_MERGE:     158233
cpu3->cpu3_ITLB RFO          ACCESS:          0 HIT:          0 MISS:          0 MSHR_MERGE:          0
cpu3->cpu3_ITLB PREFETCH     ACCESS:          0 HIT:          0 MISS:          0 MSHR_MERGE:          0
cpu3->cpu3_ITLB WRITE        ACCESS:          0 HIT:          0 MISS:          0 MSHR_MERGE:          0
cpu3->cpu3_ITLB TRANSLATION  ACCESS:          0 HIT:          0 MISS:          0 MSHR_MERGE:          0
cpu3->cpu3_ITLB PREFETCH REQUESTED:          0 ISSUED:          0 USEFUL:          0 USELESS:          0
cpu3->cpu3_ITLB AVERAGE MISS LATENCY: 5.173 cycles
cpu3->cpu3_DTLB TOTAL        ACCESS:   36069591 HIT:   33564080 MISS:    2505511 MSHR_MERGE:     421653
cpu3->cpu3_DTLB LOAD         ACCESS:   36069591 HIT:   33564080 MISS:    2505511 MSHR_MERGE:     421653
cpu3->cpu3_DTLB RFO          ACCESS:          0 HIT:          0 MISS:          0 MSHR_MERGE:          0
cpu3->cpu3_DTLB PREFETCH     ACCESS:          0 HIT:          0 MISS:          0 MSHR_MERGE:          0
cpu3->cpu3_DTLB WRITE        ACCESS:          0 HIT:          0 MISS:          0 MSHR_MERGE:          0
cpu3->cpu3_DTLB TRANSLATION  ACCESS:          0 HIT:          0 MISS:          0 MSHR_MERGE:          0
cpu3->cpu3_DTLB PREFETCH REQUESTED:          0 ISSUED:          0 USEFUL:          0 USELESS:          0
cpu3->cpu3_DTLB AVERAGE MISS LATENCY: 37.31 cycles
cpu2->cpu2_STLB TOTAL        ACCESS:    2241200 HIT:    2011072 MISS:     230128 MSHR_MERGE:          0
cpu2->cpu2_STLB LOAD         ACCESS:    2241200 HIT:    2011072 MISS:     230128 MSHR_MERGE:          0
cpu2->cpu2_STLB RFO          ACCESS:          0 HIT:          0 MISS:          0 MSHR_MERGE:          0
cpu2->cpu2_STLB PREFETCH     ACCESS:          0 HIT:          0 MISS:          0 MSHR_MERGE:          0
cpu2->cpu2_STLB WRITE        ACCESS:          0 HIT:          0 MISS:          0 MSHR_MERGE:          0
cpu2->cpu2_STLB TRANSLATION  ACCESS:          0 HIT:          0 MISS:          0 MSHR_MERGE:          0
cpu2->cpu2_STLB PREFETCH REQUESTED:          0 ISSUED:          0 USEFUL:          0 USELESS:          0
cpu2->cpu2_STLB AVERAGE MISS LATENCY: 291.6 cycles
cpu2->cpu2_L2C TOTAL        ACCESS:    3191651 HIT:    1559606 MISS:    1632045 MSHR_MERGE:          0
cpu2->cpu2_L2C LOAD         ACCESS:    1719925 HIT:     506176 MISS:    1213749 MSHR_MERGE:          0
cpu2->cpu2_L2C RFO          ACCESS:     247065 HIT:      55392 MISS:     191673 MSHR_MERGE:          0
cpu2->cpu2_L2C PREFETCH     ACCESS:          0 HIT:          0 MISS:          0 MSHR_MERGE:          0
cpu2->cpu2_L2C WRITE        ACCESS:     930160 HIT:     928375 MISS:       1785 MSHR_MERGE:          0
cpu2->cpu2_L2C TRANSLATION  ACCESS:     294501 HIT:      69663 MISS:     224838 MSHR_MERGE:          0
cpu2->cpu2_L2C PREFETCH REQUESTED:          0 ISSUED:          0 USEFUL:          0 USELESS:          0
cpu2->cpu2_L2C AVERAGE MISS LATENCY: 196.9 cycles
cpu2->cpu2_L1I TOTAL        ACCESS:   14885494 HIT:   14802969 MISS:      82525 MSHR_MERGE:      21392
cpu2->cpu2_L1I LOAD         ACCESS:   14885494 HIT:   14802969 MISS:      82525 MSHR_MERGE:      21392
cpu2->cpu2_L1I RFO          ACCESS:          0 HIT:          0 MISS:          0 MSHR_MERGE:          0
cpu2->cpu2_L1I PREFETCH     ACCESS:          0 HIT:          0 MISS:          0 MSHR_MERGE:          0
cpu2->cpu2_L1I WRITE        ACCESS:          0 HIT:          0 MISS:          0 MSHR_MERGE:          0
cpu2->cpu2_L1I TRANSLATION  ACCESS:          0 HIT:          0 MISS:          0 MSHR_MERGE:          0
cpu2->cpu2_L1I PREFETCH REQUESTED:          0 ISSUED:          0 USEFUL:          0 USELESS:          0
cpu2->cpu2_L1I AVERAGE MISS LATENCY: 19.18 cycles
cpu2->cpu2_L1D TOTAL        ACCESS:   38644623 HIT:   35375375 MISS:    3269248 MSHR_MERGE:    1068876
cpu2->cpu2_L1D LOAD         ACCESS:   20103659 HIT:   17875679 MISS:    2227980 MSHR_MERGE:     569188
cpu2->cpu2_L1D RFO          ACCESS:          0 HIT:          0 MISS:          0 MSHR_MERGE:          0
cpu2->cpu2_L1D PREFETCH     ACCESS:          0 HIT:          0 MISS:          0 MSHR_MERGE:          0
cpu2->cpu2_L1D WRITE        ACCESS:   18199536 HIT:   17452831 MISS:     746705 MSHR_MERGE:     499626
cpu2->cpu2_L1D TRANSLATION  ACCESS:     341428 HIT:      46865 MISS:     294563 MSHR_MERGE:         62
cpu2->cpu2_L1D PREFETCH REQUESTED:          0 ISSUED:          0 USEFUL:          0 USELESS:          0
cpu2->cpu2_L1D AVERAGE MISS LATENCY: 154.5 cycles
cpu2->cpu2_ITLB TOTAL        ACCESS:   13229223 HIT:   12913118 MISS:     316105 MSHR_MERGE:     158228
cpu2->cpu2_ITLB LOAD         ACCESS:   13229223 HIT:   12913118 MISS:     316105 MSHR_MERGE:     158228
cpu2->cpu2_ITLB RFO          ACCESS:          0 HIT:          0 MISS:          0 MSHR_MERGE:          0
cpu2->cpu2_ITLB PREFETCH     ACCESS:          0 HIT:          0 MISS:          0 MSHR_MERGE:          0
cpu2->cpu2_ITLB WRITE        ACCESS:          0 HIT:          0 MISS:          0 MSHR_MERGE:          0
cpu2->cpu2_ITLB TRANSLATION  ACCESS:          0 HIT:          0 MISS:          0 MSHR_MERGE:          0
cpu2->cpu2_ITLB PREFETCH REQUESTED:          0 ISSUED:          0 USEFUL:          0 USELESS:          0
cpu2->cpu2_ITLB AVERAGE MISS LATENCY: 5.178 cycles
cpu2->cpu2_DTLB TOTAL        ACCESS:   36061808 HIT:   33557224 MISS:    2504584 MSHR_MERGE:     421260
cpu2->cpu2_DTLB LOAD         ACCESS:   36061808 HIT:   33557224 MISS:    2504584 MSHR_MERGE:     421260
cpu2->cpu2_DTLB RFO          ACCESS:          0 HIT:          0 MISS:          0 MSHR_MERGE:          0
cpu2->cpu2_DTLB PREFETCH     ACCESS:          0 HIT:          0 MISS:          0 MSHR_MERGE:          0
cpu2->cpu2_DTLB WRITE        ACCESS:          0 HIT:          0 MISS:          0 MSHR_MERGE:          0
cpu2->cpu2_DTLB TRANSLATION  ACCESS:          0 HIT:          0 MISS:          0 MSHR_MERGE:          0
cpu2->cpu2_DTLB PREFETCH REQUESTED:          0 ISSUED:          0 USEFUL:          0 USELESS:          0
cpu2->cpu2_DTLB AVERAGE MISS LATENCY: 37.31 cycles
cpu1->cpu1_STLB TOTAL        ACCESS:    2242455 HIT:    2012188 MISS:     230267 MSHR_MERGE:          0
cpu1->cpu1_STLB LOAD         ACCESS:    2242455 HIT:    2012188 MISS:     230267 MSHR_MERGE:          0
cpu1->cpu1_STLB RFO          ACCESS:          0 HIT:          0 MISS:          0 MSHR_MERGE:          0
cpu1->cpu1_STLB PREFETCH     ACCESS:          0 HIT:          0 MISS:          0 MSHR_MERGE:          0
cpu1->cpu1_STLB WRITE        ACCESS:          0 HIT:          0 MISS:          0 MSHR_MERGE:          0
cpu1->cpu1_STLB TRANSLATION  ACCESS:          0 HIT:          0 MISS:          0 MSHR_MERGE:          0
cpu1->cpu1_STLB PREFETCH REQUESTED:          0 ISSUED:          0 USEFUL:          0 USELESS:          0
cpu1->cpu1_STLB AVERAGE MISS LATENCY: 291.5 cycles
cpu1->cpu1_L2C TOTAL        ACCESS:    3193501 HIT:    1561204 MISS:    1632297 MSHR_MERGE:          0
cpu1->cpu1_L2C LOAD         ACCESS:    1721005 HIT:     507066 MISS:    1213939 MSHR_MERGE:          0
cpu1->cpu1_L2C RFO          ACCESS:     247139 HIT:      55516 MISS:     191623 MSHR_MERGE:          0
cpu1->cpu1_L2C PREFETCH     ACCESS:          0 HIT:          0 MISS:          0 MSHR_MERGE:          0
cpu1->cpu1_L2C WRITE        ACCESS:     930677 HIT:     928887 MISS:       1790 MSHR_MERGE:          0
cpu1->cpu1_L2C TRANSLATION  ACCESS:     294680 HIT:      69735 MISS:     224945 MSHR_MERGE:          0
cpu1->cpu1_L2C PREFETCH REQUESTED:          0 ISSUED:          0 USEFUL:          0 USELESS:          0
cpu1->cpu1_L2C AVERAGE MISS LATENCY: 196.9 cycles
cpu1->cpu1_L1I TOTAL        ACCESS:   14892747 HIT:   14810161 MISS:      82586 MSHR_MERGE:      21440
cpu1->cpu1_L1I LOAD         ACCESS:   14892747 HIT:   14810161 MISS:      82586 MSHR_MERGE:      21440
cpu1->cpu1_L1I RFO          ACCESS:          0 HIT:          0 MISS:          0 MSHR_MERGE:          0
cpu1->cpu1_L1I PREFETCH     ACCESS:          0 HIT:          0 MISS:          0 MSHR_MERGE:          0
cpu1->cpu1_L1I WRITE        ACCESS:          0 HIT:          0 MISS:          0 MSHR_MERGE:          0
cpu1->cpu1_L1I TRANSLATION  ACCESS:          0 HIT:          0 MISS:          0 MSHR_MERGE:          0
cpu1->cpu1_L1I PREFETCH REQUESTED:          0 ISSUED:          0 USEFUL:          0 USELESS:          0
cpu1->cpu1_L1I AVERAGE MISS LATENCY: 18.83 cycles
cpu1->cpu1_L1D TOTAL        ACCESS:   38661601 HIT:   35389736 MISS:    3271865 MSHR_MERGE:    1070173
cpu1->cpu1_L1D LOAD         ACCESS:   20113064 HIT:   17883377 MISS:    2229687 MSHR_MERGE:     569828
cpu1->cpu1_L1D RFO          ACCESS:          0 HIT:          0 MISS:          0 MSHR_MERGE:          0
cpu1->cpu1_L1D PREFETCH     ACCESS:          0 HIT:          0 MISS:          0 MSHR_MERGE:          0
cpu1->cpu1_L1D WRITE        ACCESS:   18206907 HIT:   17459475 MISS:     747432 MSHR_MERGE:     500279
cpu1->cpu1_L1D TRANSLATION  ACCESS:     341630 HIT:      46884 MISS:     294746 MSHR_MERGE:         66
cpu1->cpu1_L1D PREFETCH REQUESTED:          0 ISSUED:          0 USEFUL:          0 USELESS:          0
cpu1->cpu1_L1D AVERAGE MISS LATENCY: 154.4 cycles
cpu1->cpu1_ITLB TOTAL        ACCESS:   13235379 HIT:   12919163 MISS:     316216 MSHR_MERGE:     158266
cpu1->cpu1_ITLB LOAD         ACCESS:   13235379 HIT:   12919163 MISS:     316216 MSHR_MERGE:     158266
cpu1->cpu1_ITLB RFO          ACCESS:          0 HIT:          0 MISS:          0 MSHR_MERGE:          0
cpu1->cpu1_ITLB PREFETCH     ACCESS:          0 HIT:          0 MISS:          0 MSHR_MERGE:          0
cpu1->cpu1_ITLB WRITE        ACCESS:          0 HIT:          0 MISS:          0 MSHR_MERGE:          0
cpu1->cpu1_ITLB TRANSLATION  ACCESS:          0 HIT:          0 MISS:          0 MSHR_MERGE:          0
cpu1->cpu1_ITLB PREFETCH REQUESTED:          0 ISSUED:          0 USEFUL:          0 USELESS:          0
cpu1->cpu1_ITLB AVERAGE MISS LATENCY: 5.177 cycles
cpu1->cpu1_DTLB TOTAL        ACCESS:   36076724 HIT:   33570613 MISS:    2506111 MSHR_MERGE:     421606
cpu1->cpu1_DTLB LOAD         ACCESS:   36076724 HIT:   33570613 MISS:    2506111 MSHR_MERGE:     421606
cpu1->cpu1_DTLB RFO          ACCESS:          0 HIT:          0 MISS:          0 MSHR_MERGE:          0
cpu1->cpu1_DTLB PREFETCH     ACCESS:          0 HIT:          0 MISS:          0 MSHR_MERGE:          0
cpu1->cpu1_DTLB WRITE        ACCESS:          0 HIT:          0 MISS:          0 MSHR_MERGE:          0
cpu1->cpu1_DTLB TRANSLATION  ACCESS:          0 HIT:          0 MISS:          0 MSHR_MERGE:          0
cpu1->cpu1_DTLB PREFETCH REQUESTED:          0 ISSUED:          0 USEFUL:          0 USELESS:          0
cpu1->cpu1_DTLB AVERAGE MISS LATENCY: 37.3 cycles
cpu0->cpu0_STLB TOTAL        ACCESS:    2240592 HIT:    2010473 MISS:     230119 MSHR_MERGE:          0
cpu0->cpu0_STLB LOAD         ACCESS:    2240592 HIT:    2010473 MISS:     230119 MSHR_MERGE:          0
cpu0->cpu0_STLB RFO          ACCESS:          0 HIT:          0 MISS:          0 MSHR_MERGE:          0
cpu0->cpu0_STLB PREFETCH     ACCESS:          0 HIT:          0 MISS:          0 MSHR_MERGE:          0
cpu0->cpu0_STLB WRITE        ACCESS:          0 HIT:          0 MISS:          0 MSHR_MERGE:          0
cpu0->cpu0_STLB TRANSLATION  ACCESS:          0 HIT:          0 MISS:          0 MSHR_MERGE:          0
cpu0->cpu0_STLB PREFETCH REQUESTED:          0 ISSUED:          0 USEFUL:          0 USELESS:          0
cpu0->cpu0_STLB AVERAGE MISS LATENCY: 291.7 cycles
cpu0->cpu0_L2C TOTAL        ACCESS:    3191336 HIT:    1557884 MISS:    1633452 MSHR_MERGE:          0
cpu0->cpu0_L2C LOAD         ACCESS:    1719749 HIT:     504662 MISS:    1215087 MSHR_MERGE:          0
cpu0->cpu0_L2C RFO          ACCESS:     246999 HIT:      55544 MISS:     191455 MSHR_MERGE:          0
cpu0->cpu0_L2C PREFETCH     ACCESS:          0 HIT:          0 MISS:          0 MSHR_MERGE:          0
cpu0->cpu0_L2C WRITE        ACCESS:     930113 HIT:     928248 MISS:       1865 MSHR_MERGE:          0
cpu0->cpu0_L2C TRANSLATION  ACCESS:     294475 HIT:      69430 MISS:     225045 MSHR_MERGE:          0
cpu0->cpu0_L2C PREFETCH REQUESTED:          0 ISSUED:          0 USEFUL:          0 USELESS:          0
cpu0->cpu0_L2C AVERAGE MISS LATENCY: 196.8 cycles
cpu0->cpu0_L1I TOTAL        ACCESS:   14881061 HIT:   14798542 MISS:      82519 MSHR_MERGE:      21412
cpu0->cpu0_L1I LOAD         ACCESS:   14881061 HIT:   14798542 MISS:      82519 MSHR_MERGE:      21412
cpu0->cpu0_L1I RFO          ACCESS:          0 HIT:          0 MISS:          0 MSHR_MERGE:          0
cpu0->cpu0_L1I PREFETCH     ACCESS:          0 HIT:          0 MISS:          0 MSHR_MERGE:          0
cpu0->cpu0_L1I WRITE        ACCESS:          0 HIT:          0 MISS:          0 MSHR_MERGE:          0
cpu0->cpu0_L1I TRANSLATION  ACCESS:          0 HIT:          0 MISS:          0 MSHR_MERGE:          0
cpu0->cpu0_L1I PREFETCH REQUESTED:          0 ISSUED:          0 USEFUL:          0 USELESS:          0
cpu0->cpu0_L1I AVERAGE MISS LATENCY: 19.15 cycles
cpu0->cpu0_L1D TOTAL        ACCESS:   38630503 HIT:   35363106 MISS:    3267397 MSHR_MERGE:    1067271
cpu0->cpu0_L1D LOAD         ACCESS:   20096316 HIT:   17869701 MISS:    2226615 MSHR_MERGE:     567974
cpu0->cpu0_L1D RFO          ACCESS:          0 HIT:          0 MISS:          0 MSHR_MERGE:          0
cpu0->cpu0_L1D PREFETCH     ACCESS:          0 HIT:          0 MISS:          0 MSHR_MERGE:          0
cpu0->cpu0_L1D WRITE        ACCESS:   18192786 HIT:   17446544 MISS:     746242 MSHR_MERGE:     499232
cpu0->cpu0_L1D TRANSLATION  ACCESS:     341401 HIT:      46861 MISS:     294540 MSHR_MERGE:         65
cpu0->cpu0_L1D PREFETCH REQUESTED:          0 ISSUED:          0 USEFUL:          0 USELESS:          0
cpu0->cpu0_L1D AVERAGE MISS LATENCY: 154.5 cycles
cpu0->cpu0_ITLB TOTAL        ACCESS:   13225015 HIT:   12908966 MISS:     316049 MSHR_MERGE:     158198
cpu0->cpu0_ITLB LOAD         ACCESS:   13225015 HIT:   12908966 MISS:     316049 MSHR_MERGE:     158198
cpu0->cpu0_ITLB RFO          ACCESS:          0 HIT:          0 MISS:          0 MSHR_MERGE:          0
cpu0->cpu0_ITLB PREFETCH     ACCESS:          0 HIT:          0 MISS:          0 MSHR_MERGE:          0
cpu0->cpu0_ITLB WRITE        ACCESS:          0 HIT:          0 MISS:          0 MSHR_MERGE:          0
cpu0->cpu0_ITLB TRANSLATION  ACCESS:          0 HIT:          0 MISS:          0 MSHR_MERGE:          0
cpu0->cpu0_ITLB PREFETCH REQUESTED:          0 ISSUED:          0 USEFUL:          0 USELESS:          0
cpu0->cpu0_ITLB AVERAGE MISS LATENCY: 5.175 cycles
cpu0->cpu0_DTLB TOTAL        ACCESS:   36050138 HIT:   33546290 MISS:    2503848 MSHR_MERGE:     421107
cpu0->cpu0_DTLB LOAD         ACCESS:   36050138 HIT:   33546290 MISS:    2503848 MSHR_MERGE:     421107
cpu0->cpu0_DTLB RFO          ACCESS:          0 HIT:          0 MISS:          0 MSHR_MERGE:          0
cpu0->cpu0_DTLB PREFETCH     ACCESS:          0 HIT:          0 MISS:          0 MSHR_MERGE:          0
cpu0->cpu0_DTLB WRITE        ACCESS:          0 HIT:          0 MISS:          0 MSHR_MERGE:          0
cpu0->cpu0_DTLB TRANSLATION  ACCESS:          0 HIT:          0 MISS:          0 MSHR_MERGE:          0
cpu0->cpu0_DTLB PREFETCH REQUESTED:          0 ISSUED:          0 USEFUL:          0 USELESS:          0
cpu0->cpu0_DTLB AVERAGE MISS LATENCY: 37.33 cycles
cpu0->LLC TOTAL        ACCESS:    2322990 HIT:    1016317 MISS:    1306673 MSHR_MERGE:          0
cpu0->LLC LOAD         ACCESS:    1215087 HIT:     262059 MISS:     953028 MSHR_MERGE:          0
cpu0->LLC RFO          ACCESS:     191455 HIT:      66656 MISS:     124799 MSHR_MERGE:          0
cpu0->LLC PREFETCH     ACCESS:          0 HIT:          0 MISS:          0 MSHR_MERGE:          0
cpu0->LLC WRITE        ACCESS:     691403 HIT:     687079 MISS:       4324 MSHR_MERGE:          0
cpu0->LLC TRANSLATION  ACCESS:     225045 HIT:        523 MISS:     224522 MSHR_MERGE:          0
cpu0->LLC PREFETCH REQUESTED:          0 ISSUED:          0 USEFUL:          0 USELESS:          0
cpu0->LLC AVERAGE MISS LATENCY: 904.9 cycles
cpu1->LLC TOTAL        ACCESS:    2320075 HIT:    1013293 MISS:    1306782 MSHR_MERGE:          0
cpu1->LLC LOAD         ACCESS:    1213939 HIT:     260910 MISS:     953029 MSHR_MERGE:          0
cpu1->LLC RFO          ACCESS:     191623 HIT:      66660 MISS:     124963 MSHR_MERGE:          0
cpu1->LLC PREFETCH     ACCESS:          0 HIT:          0 MISS:          0 MSHR_MERGE:          0
cpu1->LLC WRITE        ACCESS:     689568 HIT:     685266 MISS:       4302 MSHR_MERGE:          0
cpu1->LLC TRANSLATION  ACCESS:     224945 HIT:        457 MISS:     224488 MSHR_MERGE:          0
cpu1->LLC PREFETCH REQUESTED:          0 ISSUED:          0 USEFUL:          0 USELESS:          0
cpu1->LLC AVERAGE MISS LATENCY: 904.8 cycles
cpu2->LLC TOTAL        ACCESS:    2320322 HIT:    1014089 MISS:    1306233 MSHR_MERGE:          0
cpu2->LLC LOAD         ACCESS:    1213749 HIT:     260976 MISS:     952773 MSHR_MERGE:          0
cpu2->LLC RFO          ACCESS:     191673 HIT:      66887 MISS:     124786 MSHR_MERGE:          0
cpu2->LLC PREFETCH     ACCESS:          0 HIT:          0 MISS:          0 MSHR_MERGE:          0
cpu2->LLC WRITE        ACCESS:     690062 HIT:     685802 MISS:       4260 MSHR_MERGE:          0
cpu2->LLC TRANSLATION  ACCESS:     224838 HIT:        424 MISS:     224414 MSHR_MERGE:          0
cpu2->LLC PREFETCH REQUESTED:          0 ISSUED:          0 USEFUL:          0 USELESS:          0
cpu2->LLC AVERAGE MISS LATENCY: 905.2 cycles
cpu3->LLC TOTAL        ACCESS:    2320229 HIT:    1013493 MISS:    1306736 MSHR_MERGE:          0
cpu3->LLC LOAD         ACCESS:    1213886 HIT:     260903 MISS:     952983 MSHR_MERGE:          0
cpu3->LLC RFO          ACCESS:     191614 HIT:      66811 MISS:     124803 MSHR_MERGE:          0
cpu3->LLC PREFETCH     ACCESS:          0 HIT:          0 MISS:          0 MSHR_MERGE:          0
cpu3->LLC WRITE        ACCESS:     689771 HIT:     685304 MISS:       4467 MSHR_MERGE:          0
cpu3->LLC TRANSLATION  ACCESS:     224958 HIT:        475 MISS:     224483 MSHR_MERGE:          0
cpu3->LLC PREFETCH REQUESTED:          0 ISSUED:          0 USEFUL:          0 USELESS:          0
cpu3->LLC AVERAGE MISS LATENCY: 904.9 cycles

Region of Interest Statistics

CPU 3 cumulative IPC: 0.3512 instructions: 100000004 cycles: 284778206
CPU 3 Branch Prediction Accuracy: 95.74% MPKI: 8.958 Average ROB Occupancy at Mispredict: 63.74
Branch type MPKI
BRANCH_DIRECT_JUMP: 0.8281
BRANCH_INDIRECT: 0.3598
BRANCH_CONDITIONAL: 6.476
BRANCH_DIRECT_CALL: 0.00068
BRANCH_INDIRECT_CALL: 0.8541
BRANCH_RETURN: 0.4396


CPU 2 cumulative IPC: 0.3511 instructions: 100000000 cycles: 284820302
CPU 2 Branch Prediction Accuracy: 95.74% MPKI: 8.957 Average ROB Occupancy at Mispredict: 63.74
Branch type MPKI
BRANCH_DIRECT_JUMP: 0.8281
BRANCH_INDIRECT: 0.3597
BRANCH_CONDITIONAL: 6.475
BRANCH_DIRECT_CALL: 0.00068
BRANCH_INDIRECT_CALL: 0.8541
BRANCH_RETURN: 0.4398


CPU 1 cumulative IPC: 0.3513 instructions: 100000000 cycles: 284667606
CPU 1 Branch Prediction Accuracy: 95.74% MPKI: 8.958 Average ROB Occupancy at Mispredict: 63.75
Branch type MPKI
BRANCH_DIRECT_JUMP: 0.8281
BRANCH_INDIRECT: 0.3598
BRANCH_CONDITIONAL: 6.476
BRANCH_DIRECT_CALL: 0.00068
BRANCH_INDIRECT_CALL: 0.8541
BRANCH_RETURN: 0.4396


CPU 0 cumulative IPC: 0.351 instructions: 100000001 cycles: 284882090
CPU 0 Branch Prediction Accuracy: 95.74% MPKI: 8.958 Average ROB Occupancy at Mispredict: 63.73
Branch type MPKI
BRANCH_DIRECT_JUMP: 0.8281
BRANCH_INDIRECT: 0.3598
BRANCH_CONDITIONAL: 6.476
BRANCH_DIRECT_CALL: 0.00068
BRANCH_INDIRECT_CALL: 0.8541
BRANCH_RETURN: 0.4396

cpu3->cpu3_STLB TOTAL        ACCESS:    2241795 HIT:    2011618 MISS:     230177 MSHR_MERGE:          0
cpu3->cpu3_STLB LOAD         ACCESS:    2241795 HIT:    2011618 MISS:     230177 MSHR_MERGE:          0
cpu3->cpu3_STLB RFO          ACCESS:          0 HIT:          0 MISS:          0 MSHR_MERGE:          0
cpu3->cpu3_STLB PREFETCH     ACCESS:          0 HIT:          0 MISS:          0 MSHR_MERGE:          0
cpu3->cpu3_STLB WRITE        ACCESS:          0 HIT:          0 MISS:          0 MSHR_MERGE:          0
cpu3->cpu3_STLB TRANSLATION  ACCESS:          0 HIT:          0 MISS:          0 MSHR_MERGE:          0
cpu3->cpu3_STLB PREFETCH REQUESTED:          0 ISSUED:          0 USEFUL:          0 USELESS:          0
cpu3->cpu3_STLB AVERAGE MISS LATENCY: 291.6 cycles
cpu3->cpu3_L2C TOTAL        ACCESS:    3192394 HIT:    1560049 MISS:    1632345 MSHR_MERGE:          0
cpu3->cpu3_L2C LOAD         ACCESS:    1720421 HIT:     506534 MISS:    1213887 MSHR_MERGE:          0
cpu3->cpu3_L2C RFO          ACCESS:     247082 HIT:      55468 MISS:     191614 MSHR_MERGE:          0
cpu3->cpu3_L2C PREFETCH     ACCESS:          0 HIT:          0 MISS:          0 MSHR_MERGE:          0
cpu3->cpu3_L2C WRITE        ACCESS:     930344 HIT:     928458 MISS:       1886 MSHR_MERGE:          0
cpu3->cpu3_L2C TRANSLATION  ACCESS:     294547 HIT:      69589 MISS:     224958 MSHR_MERGE:          0
cpu3->cpu3_L2C PREFETCH REQUESTED:          0 ISSUED:          0 USEFUL:          0 USELESS:          0
cpu3->cpu3_L2C AVERAGE MISS LATENCY: 196.9 cycles
cpu3->cpu3_L1I TOTAL        ACCESS:   14889062 HIT:   14806531 MISS:      82531 MSHR_MERGE:      21393
cpu3->cpu3_L1I LOAD         ACCESS:   14889062 HIT:   14806531 MISS:      82531 MSHR_MERGE:      21393
cpu3->cpu3_L1I RFO          ACCESS:          0 HIT:          0 MISS:          0 MSHR_MERGE:          0
cpu3->cpu3_L1I PREFETCH     ACCESS:          0 HIT:          0 MISS:          0 MSHR_MERGE:          0
cpu3->cpu3_L1I WRITE        ACCESS:          0 HIT:          0 MISS:          0 MSHR_MERGE:          0
cpu3->cpu3_L1I TRANSLATION  ACCESS:          0 HIT:          0 MISS:          0 MSHR_MERGE:          0
cpu3->cpu3_L1I PREFETCH REQUESTED:          0 ISSUED:          0 USEFUL:          0 USELESS:          0
cpu3->cpu3_L1I AVERAGE MISS LATENCY: 18.99 cycles
cpu3->cpu3_L1D TOTAL        ACCESS:   38653637 HIT:   35382990 MISS:    3270647 MSHR_MERGE:    1069723
cpu3->cpu3_L1D LOAD         ACCESS:   20109353 HIT:   17879835 MISS:    2229518 MSHR_MERGE:     570235
cpu3->cpu3_L1D RFO          ACCESS:          0 HIT:          0 MISS:          0 MSHR_MERGE:          0
cpu3->cpu3_L1D PREFETCH     ACCESS:          0 HIT:          0 MISS:          0 MSHR_MERGE:          0
cpu3->cpu3_L1D WRITE        ACCESS:   18202801 HIT:   17456283 MISS:     746518 MSHR_MERGE:     499424
cpu3->cpu3_L1D TRANSLATION  ACCESS:     341483 HIT:      46872 MISS:     294611 MSHR_MERGE:         64
cpu3->cpu3_L1D PREFETCH REQUESTED:          0 ISSUED:          0 USEFUL:          0 USELESS:          0
cpu3->cpu3_L1D AVERAGE MISS LATENCY: 154.5 cycles
cpu3->cpu3_ITLB TOTAL        ACCESS:   13232218 HIT:   12916048 MISS:     316170 MSHR_MERGE:     158233
cpu3->cpu3_ITLB LOAD         ACCESS:   13232218 HIT:   12916048 MISS:     316170 MSHR_MERGE:     158233
cpu3->cpu3_ITLB RFO          ACCESS:          0 HIT:          0 MISS:          0 MSHR_MERGE:          0
cpu3->cpu3_ITLB PREFETCH     ACCESS:          0 HIT:          0 MISS:          0 MSHR_MERGE:          0
cpu3->cpu3_ITLB WRITE        ACCESS:          0 HIT:          0 MISS:          0 MSHR_MERGE:          0
cpu3->cpu3_ITLB TRANSLATION  ACCESS:          0 HIT:          0 MISS:          0 MSHR_MERGE:          0
cpu3->cpu3_ITLB PREFETCH REQUESTED:          0 ISSUED:          0 USEFUL:          0 USELESS:          0
cpu3->cpu3_ITLB AVERAGE MISS LATENCY: 5.173 cycles
cpu3->cpu3_DTLB TOTAL        ACCESS:   36069591 HIT:   33564080 MISS:    2505511 MSHR_MERGE:     421653
cpu3->cpu3_DTLB LOAD         ACCESS:   36069591 HIT:   33564080 MISS:    2505511 MSHR_MERGE:     421653
cpu3->cpu3_DTLB RFO          ACCESS:          0 HIT:          0 MISS:          0 MSHR_MERGE:          0
cpu3->cpu3_DTLB PREFETCH     ACCESS:          0 HIT:          0 MISS:          0 MSHR_MERGE:          0
cpu3->cpu3_DTLB WRITE        ACCESS:          0 HIT:          0 MISS:          0 MSHR_MERGE:          0
cpu3->cpu3_DTLB TRANSLATION  ACCESS:          0 HIT:          0 MISS:          0 MSHR_MERGE:          0
cpu3->cpu3_DTLB PREFETCH REQUESTED:          0 ISSUED:          0 USEFUL:          0 USELESS:          0
cpu3->cpu3_DTLB AVERAGE MISS LATENCY: 37.31 cycles
cpu2->cpu2_STLB TOTAL        ACCESS:    2241200 HIT:    2011072 MISS:     230128 MSHR_MERGE:          0
cpu2->cpu2_STLB LOAD         ACCESS:    2241200 HIT:    2011072 MISS:     230128 MSHR_MERGE:          0
cpu2->cpu2_STLB RFO          ACCESS:          0 HIT:          0 MISS:          0 MSHR_MERGE:          0
cpu2->cpu2_STLB PREFETCH     ACCESS:          0 HIT:          0 MISS:          0 MSHR_MERGE:          0
cpu2->cpu2_STLB WRITE        ACCESS:          0 HIT:          0 MISS:          0 MSHR_MERGE:          0
cpu2->cpu2_STLB TRANSLATION  ACCESS:          0 HIT:          0 MISS:          0 MSHR_MERGE:          0
cpu2->cpu2_STLB PREFETCH REQUESTED:          0 ISSUED:          0 USEFUL:          0 USELESS:          0
cpu2->cpu2_STLB AVERAGE MISS LATENCY: 291.6 cycles
cpu2->cpu2_L2C TOTAL        ACCESS:    3191651 HIT:    1559606 MISS:    1632045 MSHR_MERGE:          0
cpu2->cpu2_L2C LOAD         ACCESS:    1719925 HIT:     506176 MISS:    1213749 MSHR_MERGE:          0
cpu2->cpu2_L2C RFO          ACCESS:     247065 HIT:      55392 MISS:     191673 MSHR_MERGE:          0
cpu2->cpu2_L2C PREFETCH     ACCESS:          0 HIT:          0 MISS:          0 MSHR_MERGE:          0
cpu2->cpu2_L2C WRITE        ACCESS:     930160 HIT:     928375 MISS:       1785 MSHR_MERGE:          0
cpu2->cpu2_L2C TRANSLATION  ACCESS:     294501 HIT:      69663 MISS:     224838 MSHR_MERGE:          0
cpu2->cpu2_L2C PREFETCH REQUESTED:          0 ISSUED:          0 USEFUL:          0 USELESS:          0
cpu2->cpu2_L2C AVERAGE MISS LATENCY: 196.9 cycles
cpu2->cpu2_L1I TOTAL        ACCESS:   14885494 HIT:   14802969 MISS:      82525 MSHR_MERGE:      21392
cpu2->cpu2_L1I LOAD         ACCESS:   14885494 HIT:   14802969 MISS:      82525 MSHR_MERGE:      21392
cpu2->cpu2_L1I RFO          ACCESS:          0 HIT:          0 MISS:          0 MSHR_MERGE:          0
cpu2->cpu2_L1I PREFETCH     ACCESS:          0 HIT:          0 MISS:          0 MSHR_MERGE:          0
cpu2->cpu2_L1I WRITE        ACCESS:          0 HIT:          0 MISS:          0 MSHR_MERGE:          0
cpu2->cpu2_L1I TRANSLATION  ACCESS:          0 HIT:          0 MISS:          0 MSHR_MERGE:          0
cpu2->cpu2_L1I PREFETCH REQUESTED:          0 ISSUED:          0 USEFUL:          0 USELESS:          0
cpu2->cpu2_L1I AVERAGE MISS LATENCY: 19.18 cycles
cpu2->cpu2_L1D TOTAL        ACCESS:   38644623 HIT:   35375375 MISS:    3269248 MSHR_MERGE:    1068876
cpu2->cpu2_L1D LOAD         ACCESS:   20103659 HIT:   17875679 MISS:    2227980 MSHR_MERGE:     569188
cpu2->cpu2_L1D RFO          ACCESS:          0 HIT:          0 MISS:          0 MSHR_MERGE:          0
cpu2->cpu2_L1D PREFETCH     ACCESS:          0 HIT:          0 MISS:          0 MSHR_MERGE:          0
cpu2->cpu2_L1D WRITE        ACCESS:   18199536 HIT:   17452831 MISS:     746705 MSHR_MERGE:     499626
cpu2->cpu2_L1D TRANSLATION  ACCESS:     341428 HIT:      46865 MISS:     294563 MSHR_MERGE:         62
cpu2->cpu2_L1D PREFETCH REQUESTED:          0 ISSUED:          0 USEFUL:          0 USELESS:          0
cpu2->cpu2_L1D AVERAGE MISS LATENCY: 154.5 cycles
cpu2->cpu2_ITLB TOTAL        ACCESS:   13229223 HIT:   12913118 MISS:     316105 MSHR_MERGE:     158228
cpu2->cpu2_ITLB LOAD         ACCESS:   13229223 HIT:   12913118 MISS:     316105 MSHR_MERGE:     158228
cpu2->cpu2_ITLB RFO          ACCESS:          0 HIT:          0 MISS:          0 MSHR_MERGE:          0
cpu2->cpu2_ITLB PREFETCH     ACCESS:          0 HIT:          0 MISS:          0 MSHR_MERGE:          0
cpu2->cpu2_ITLB WRITE        ACCESS:          0 HIT:          0 MISS:          0 MSHR_MERGE:          0
cpu2->cpu2_ITLB TRANSLATION  ACCESS:          0 HIT:          0 MISS:          0 MSHR_MERGE:          0
cpu2->cpu2_ITLB PREFETCH REQUESTED:          0 ISSUED:          0 USEFUL:          0 USELESS:          0
cpu2->cpu2_ITLB AVERAGE MISS LATENCY: 5.178 cycles
cpu2->cpu2_DTLB TOTAL        ACCESS:   36061808 HIT:   33557224 MISS:    2504584 MSHR_MERGE:     421260
cpu2->cpu2_DTLB LOAD         ACCESS:   36061808 HIT:   33557224 MISS:    2504584 MSHR_MERGE:     421260
cpu2->cpu2_DTLB RFO          ACCESS:          0 HIT:          0 MISS:          0 MSHR_MERGE:          0
cpu2->cpu2_DTLB PREFETCH     ACCESS:          0 HIT:          0 MISS:          0 MSHR_MERGE:          0
cpu2->cpu2_DTLB WRITE        ACCESS:          0 HIT:          0 MISS:          0 MSHR_MERGE:          0
cpu2->cpu2_DTLB TRANSLATION  ACCESS:          0 HIT:          0 MISS:          0 MSHR_MERGE:          0
cpu2->cpu2_DTLB PREFETCH REQUESTED:          0 ISSUED:          0 USEFUL:          0 USELESS:          0
cpu2->cpu2_DTLB AVERAGE MISS LATENCY: 37.31 cycles
cpu1->cpu1_STLB TOTAL        ACCESS:    2242455 HIT:    2012188 MISS:     230267 MSHR_MERGE:          0
cpu1->cpu1_STLB LOAD         ACCESS:    2242455 HIT:    2012188 MISS:     230267 MSHR_MERGE:          0
cpu1->cpu1_STLB RFO          ACCESS:          0 HIT:          0 MISS:          0 MSHR_MERGE:          0
cpu1->cpu1_STLB PREFETCH     ACCESS:          0 HIT:          0 MISS:          0 MSHR_MERGE:          0
cpu1->cpu1_STLB WRITE        ACCESS:          0 HIT:          0 MISS:          0 MSHR_MERGE:          0
cpu1->cpu1_STLB TRANSLATION  ACCESS:          0 HIT:          0 MISS:          0 MSHR_MERGE:          0
cpu1->cpu1_STLB PREFETCH REQUESTED:          0 ISSUED:          0 USEFUL:          0 USELESS:          0
cpu1->cpu1_STLB AVERAGE MISS LATENCY: 291.5 cycles
cpu1->cpu1_L2C TOTAL        ACCESS:    3193501 HIT:    1561204 MISS:    1632297 MSHR_MERGE:          0
cpu1->cpu1_L2C LOAD         ACCESS:    1721005 HIT:     507066 MISS:    1213939 MSHR_MERGE:          0
cpu1->cpu1_L2C RFO          ACCESS:     247139 HIT:      55516 MISS:     191623 MSHR_MERGE:          0
cpu1->cpu1_L2C PREFETCH     ACCESS:          0 HIT:          0 MISS:          0 MSHR_MERGE:          0
cpu1->cpu1_L2C WRITE        ACCESS:     930677 HIT:     928887 MISS:       1790 MSHR_MERGE:          0
cpu1->cpu1_L2C TRANSLATION  ACCESS:     294680 HIT:      69735 MISS:     224945 MSHR_MERGE:          0
cpu1->cpu1_L2C PREFETCH REQUESTED:          0 ISSUED:          0 USEFUL:          0 USELESS:          0
cpu1->cpu1_L2C AVERAGE MISS LATENCY: 196.9 cycles
cpu1->cpu1_L1I TOTAL        ACCESS:   14892747 HIT:   14810161 MISS:      82586 MSHR_MERGE:      21440
cpu1->cpu1_L1I LOAD         ACCESS:   14892747 HIT:   14810161 MISS:      82586 MSHR_MERGE:      21440
cpu1->cpu1_L1I RFO          ACCESS:          0 HIT:          0 MISS:          0 MSHR_MERGE:          0
cpu1->cpu1_L1I PREFETCH     ACCESS:          0 HIT:          0 MISS:          0 MSHR_MERGE:          0
cpu1->cpu1_L1I WRITE        ACCESS:          0 HIT:          0 MISS:          0 MSHR_MERGE:          0
cpu1->cpu1_L1I TRANSLATION  ACCESS:          0 HIT:          0 MISS:          0 MSHR_MERGE:          0
cpu1->cpu1_L1I PREFETCH REQUESTED:          0 ISSUED:          0 USEFUL:          0 USELESS:          0
cpu1->cpu1_L1I AVERAGE MISS LATENCY: 18.83 cycles
cpu1->cpu1_L1D TOTAL        ACCESS:   38661601 HIT:   35389736 MISS:    3271865 MSHR_MERGE:    1070173
cpu1->cpu1_L1D LOAD         ACCESS:   20113064 HIT:   17883377 MISS:    2229687 MSHR_MERGE:     569828
cpu1->cpu1_L1D RFO          ACCESS:          0 HIT:          0 MISS:          0 MSHR_MERGE:          0
cpu1->cpu1_L1D PREFETCH     ACCESS:          0 HIT:          0 MISS:          0 MSHR_MERGE:          0
cpu1->cpu1_L1D WRITE        ACCESS:   18206907 HIT:   17459475 MISS:     747432 MSHR_MERGE:     500279
cpu1->cpu1_L1D TRANSLATION  ACCESS:     341630 HIT:      46884 MISS:     294746 MSHR_MERGE:         66
cpu1->cpu1_L1D PREFETCH REQUESTED:          0 ISSUED:          0 USEFUL:          0 USELESS:          0
cpu1->cpu1_L1D AVERAGE MISS LATENCY: 154.4 cycles
cpu1->cpu1_ITLB TOTAL        ACCESS:   13235379 HIT:   12919163 MISS:     316216 MSHR_MERGE:     158266
cpu1->cpu1_ITLB LOAD         ACCESS:   13235379 HIT:   12919163 MISS:     316216 MSHR_MERGE:     158266
cpu1->cpu1_ITLB RFO          ACCESS:          0 HIT:          0 MISS:          0 MSHR_MERGE:          0
cpu1->cpu1_ITLB PREFETCH     ACCESS:          0 HIT:          0 MISS:          0 MSHR_MERGE:          0
cpu1->cpu1_ITLB WRITE        ACCESS:          0 HIT:          0 MISS:          0 MSHR_MERGE:          0
cpu1->cpu1_ITLB TRANSLATION  ACCESS:          0 HIT:          0 MISS:          0 MSHR_MERGE:          0
cpu1->cpu1_ITLB PREFETCH REQUESTED:          0 ISSUED:          0 USEFUL:          0 USELESS:          0
cpu1->cpu1_ITLB AVERAGE MISS LATENCY: 5.177 cycles
cpu1->cpu1_DTLB TOTAL        ACCESS:   36076724 HIT:   33570613 MISS:    2506111 MSHR_MERGE:     421606
cpu1->cpu1_DTLB LOAD         ACCESS:   36076724 HIT:   33570613 MISS:    2506111 MSHR_MERGE:     421606
cpu1->cpu1_DTLB RFO          ACCESS:          0 HIT:          0 MISS:          0 MSHR_MERGE:          0
cpu1->cpu1_DTLB PREFETCH     ACCESS:          0 HIT:          0 MISS:          0 MSHR_MERGE:          0
cpu1->cpu1_DTLB WRITE        ACCESS:          0 HIT:          0 MISS:          0 MSHR_MERGE:          0
cpu1->cpu1_DTLB TRANSLATION  ACCESS:          0 HIT:          0 MISS:          0 MSHR_MERGE:          0
cpu1->cpu1_DTLB PREFETCH REQUESTED:          0 ISSUED:          0 USEFUL:          0 USELESS:          0
cpu1->cpu1_DTLB AVERAGE MISS LATENCY: 37.3 cycles
cpu0->cpu0_STLB TOTAL        ACCESS:    2240592 HIT:    2010473 MISS:     230119 MSHR_MERGE:          0
cpu0->cpu0_STLB LOAD         ACCESS:    2240592 HIT:    2010473 MISS:     230119 MSHR_MERGE:          0
cpu0->cpu0_STLB RFO          ACCESS:          0 HIT:          0 MISS:          0 MSHR_MERGE:          0
cpu0->cpu0_STLB PREFETCH     ACCESS:          0 HIT:          0 MISS:          0 MSHR_MERGE:          0
cpu0->cpu0_STLB WRITE        ACCESS:          0 HIT:          0 MISS:          0 MSHR_MERGE:          0
cpu0->cpu0_STLB TRANSLATION  ACCESS:          0 HIT:          0 MISS:          0 MSHR_MERGE:          0
cpu0->cpu0_STLB PREFETCH REQUESTED:          0 ISSUED:          0 USEFUL:          0 USELESS:          0
cpu0->cpu0_STLB AVERAGE MISS LATENCY: 291.7 cycles
cpu0->cpu0_L2C TOTAL        ACCESS:    3191336 HIT:    1557884 MISS:    1633452 MSHR_MERGE:          0
cpu0->cpu0_L2C LOAD         ACCESS:    1719749 HIT:     504662 MISS:    1215087 MSHR_MERGE:          0
cpu0->cpu0_L2C RFO          ACCESS:     246999 HIT:      55544 MISS:     191455 MSHR_MERGE:          0
cpu0->cpu0_L2C PREFETCH     ACCESS:          0 HIT:          0 MISS:          0 MSHR_MERGE:          0
cpu0->cpu0_L2C WRITE        ACCESS:     930113 HIT:     928248 MISS:       1865 MSHR_MERGE:          0
cpu0->cpu0_L2C TRANSLATION  ACCESS:     294475 HIT:      69430 MISS:     225045 MSHR_MERGE:          0
cpu0->cpu0_L2C PREFETCH REQUESTED:          0 ISSUED:          0 USEFUL:          0 USELESS:          0
cpu0->cpu0_L2C AVERAGE MISS LATENCY: 196.8 cycles
cpu0->cpu0_L1I TOTAL        ACCESS:   14881061 HIT:   14798542 MISS:      82519 MSHR_MERGE:      21412
cpu0->cpu0_L1I LOAD         ACCESS:   14881061 HIT:   14798542 MISS:      82519 MSHR_MERGE:      21412
cpu0->cpu0_L1I RFO          ACCESS:          0 HIT:          0 MISS:          0 MSHR_MERGE:          0
cpu0->cpu0_L1I PREFETCH     ACCESS:          0 HIT:          0 MISS:          0 MSHR_MERGE:          0
cpu0->cpu0_L1I WRITE        ACCESS:          0 HIT:          0 MISS:          0 MSHR_MERGE:          0
cpu0->cpu0_L1I TRANSLATION  ACCESS:          0 HIT:          0 MISS:          0 MSHR_MERGE:          0
cpu0->cpu0_L1I PREFETCH REQUESTED:          0 ISSUED:          0 USEFUL:          0 USELESS:          0
cpu0->cpu0_L1I AVERAGE MISS LATENCY: 19.15 cycles
cpu0->cpu0_L1D TOTAL        ACCESS:   38630503 HIT:   35363106 MISS:    3267397 MSHR_MERGE:    1067271
cpu0->cpu0_L1D LOAD         ACCESS:   20096316 HIT:   17869701 MISS:    2226615 MSHR_MERGE:     567974
cpu0->cpu0_L1D RFO          ACCESS:          0 HIT:          0 MISS:          0 MSHR_MERGE:          0
cpu0->cpu0_L1D PREFETCH     ACCESS:          0 HIT:          0 MISS:          0 MSHR_MERGE:          0
cpu0->cpu0_L1D WRITE        ACCESS:   18192786 HIT:   17446544 MISS:     746242 MSHR_MERGE:     499232
cpu0->cpu0_L1D TRANSLATION  ACCESS:     341401 HIT:      46861 MISS:     294540 MSHR_MERGE:         65
cpu0->cpu0_L1D PREFETCH REQUESTED:          0 ISSUED:          0 USEFUL:          0 USELESS:          0
cpu0->cpu0_L1D AVERAGE MISS LATENCY: 154.5 cycles
cpu0->cpu0_ITLB TOTAL        ACCESS:   13225015 HIT:   12908966 MISS:     316049 MSHR_MERGE:     158198
cpu0->cpu0_ITLB LOAD         ACCESS:   13225015 HIT:   12908966 MISS:     316049 MSHR_MERGE:     158198
cpu0->cpu0_ITLB RFO          ACCESS:          0 HIT:          0 MISS:          0 MSHR_MERGE:          0
cpu0->cpu0_ITLB PREFETCH     ACCESS:          0 HIT:          0 MISS:          0 MSHR_MERGE:          0
cpu0->cpu0_ITLB WRITE        ACCESS:          0 HIT:          0 MISS:          0 MSHR_MERGE:          0
cpu0->cpu0_ITLB TRANSLATION  ACCESS:          0 HIT:          0 MISS:          0 MSHR_MERGE:          0
cpu0->cpu0_ITLB PREFETCH REQUESTED:          0 ISSUED:          0 USEFUL:          0 USELESS:          0
cpu0->cpu0_ITLB AVERAGE MISS LATENCY: 5.175 cycles
cpu0->cpu0_DTLB TOTAL        ACCESS:   36050138 HIT:   33546290 MISS:    2503848 MSHR_MERGE:     421107
cpu0->cpu0_DTLB LOAD         ACCESS:   36050138 HIT:   33546290 MISS:    2503848 MSHR_MERGE:     421107
cpu0->cpu0_DTLB RFO          ACCESS:          0 HIT:          0 MISS:          0 MSHR_MERGE:          0
cpu0->cpu0_DTLB PREFETCH     ACCESS:          0 HIT:          0 MISS:          0 MSHR_MERGE:          0
cpu0->cpu0_DTLB WRITE        ACCESS:          0 HIT:          0 MISS:          0 MSHR_MERGE:          0
cpu0->cpu0_DTLB TRANSLATION  ACCESS:          0 HIT:          0 MISS:          0 MSHR_MERGE:          0
cpu0->cpu0_DTLB PREFETCH REQUESTED:          0 ISSUED:          0 USEFUL:          0 USELESS:          0
cpu0->cpu0_DTLB AVERAGE MISS LATENCY: 37.33 cycles
cpu0->LLC TOTAL        ACCESS:    2322990 HIT:    1016317 MISS:    1306673 MSHR_MERGE:          0
cpu0->LLC LOAD         ACCESS:    1215087 HIT:     262059 MISS:     953028 MSHR_MERGE:          0
cpu0->LLC RFO          ACCESS:     191455 HIT:      66656 MISS:     124799 MSHR_MERGE:          0
cpu0->LLC PREFETCH     ACCESS:          0 HIT:          0 MISS:          0 MSHR_MERGE:          0
cpu0->LLC WRITE        ACCESS:     691403 HIT:     687079 MISS:       4324 MSHR_MERGE:          0
cpu0->LLC TRANSLATION  ACCESS:     225045 HIT:        523 MISS:     224522 MSHR_MERGE:          0
cpu0->LLC PREFETCH REQUESTED:          0 ISSUED:          0 USEFUL:          0 USELESS:          0
cpu0->LLC AVERAGE MISS LATENCY: 904.9 cycles
cpu1->LLC TOTAL        ACCESS:    2320075 HIT:    1013293 MISS:    1306782 MSHR_MERGE:          0
cpu1->LLC LOAD         ACCESS:    1213939 HIT:     260910 MISS:     953029 MSHR_MERGE:          0
cpu1->LLC RFO          ACCESS:     191623 HIT:      66660 MISS:     124963 MSHR_MERGE:          0
cpu1->LLC PREFETCH     ACCESS:          0 HIT:          0 MISS:          0 MSHR_MERGE:          0
cpu1->LLC WRITE        ACCESS:     689568 HIT:     685266 MISS:       4302 MSHR_MERGE:          0
cpu1->LLC TRANSLATION  ACCESS:     224945 HIT:        457 MISS:     224488 MSHR_MERGE:          0
cpu1->LLC PREFETCH REQUESTED:          0 ISSUED:          0 USEFUL:          0 USELESS:          0
cpu1->LLC AVERAGE MISS LATENCY: 904.8 cycles
cpu2->LLC TOTAL        ACCESS:    2320322 HIT:    1014089 MISS:    1306233 MSHR_MERGE:          0
cpu2->LLC LOAD         ACCESS:    1213749 HIT:     260976 MISS:     952773 MSHR_MERGE:          0
cpu2->LLC RFO          ACCESS:     191673 HIT:      66887 MISS:     124786 MSHR_MERGE:          0
cpu2->LLC PREFETCH     ACCESS:          0 HIT:          0 MISS:          0 MSHR_MERGE:          0
cpu2->LLC WRITE        ACCESS:     690062 HIT:     685802 MISS:       4260 MSHR_MERGE:          0
cpu2->LLC TRANSLATION  ACCESS:     224838 HIT:        424 MISS:     224414 MSHR_MERGE:          0
cpu2->LLC PREFETCH REQUESTED:          0 ISSUED:          0 USEFUL:          0 USELESS:          0
cpu2->LLC AVERAGE MISS LATENCY: 905.2 cycles
cpu3->LLC TOTAL        ACCESS:    2320229 HIT:    1013493 MISS:    1306736 MSHR_MERGE:          0
cpu3->LLC LOAD         ACCESS:    1213886 HIT:     260903 MISS:     952983 MSHR_MERGE:          0
cpu3->LLC RFO          ACCESS:     191614 HIT:      66811 MISS:     124803 MSHR_MERGE:          0
cpu3->LLC PREFETCH     ACCESS:          0 HIT:          0 MISS:          0 MSHR_MERGE:          0
cpu3->LLC WRITE        ACCESS:     689771 HIT:     685304 MISS:       4467 MSHR_MERGE:          0
cpu3->LLC TRANSLATION  ACCESS:     224958 HIT:        475 MISS:     224483 MSHR_MERGE:          0
cpu3->LLC PREFETCH REQUESTED:          0 ISSUED:          0 USEFUL:          0 USELESS:          0
cpu3->LLC AVERAGE MISS LATENCY: 904.9 cycles

DRAM Statistics

Channel 0 READ REQS:    2608147	WRITE REQS:    1016187
  READS:    2608122	READ_HITS:     194360
  WRITES:    1016180	WRITE HITS:       1655
  ACTIVATES:    3428287	PRECHARGES:    3428258
  RQ FULL:          0	WQ FULL:          0
  WRITE DRAINS:     118288	FORCED:          0
  MEAN WRITE IMBALANCE: 1.0165866360070337
  READ LATENCY: 53.710186486675084

Channel 1 READ REQS:    2600924	WRITE REQS:    1011389
  READS:    2600888	READ_HITS:     193539
  WRITES:    1011377	WRITE HITS:       1511
  ACTIVATES:    3417215	PRECHARGES:    3417189
  RQ FULL:          0	WQ FULL:          0
  WRITE DRAINS:     118759	FORCED:          0
  MEAN WRITE IMBALANCE: 1.0158387995857157
  READ LATENCY: 53.67141491675151
