[VMEM] WARNING: physical memory size is smaller than virtual memory size.

*** ChampSim Multicore Out-of-Order Simulator ***
Warmup Instructions: 25000000
Simulation Instructions: 100000000
Number of CPUs: 4
Page size: 4096

CL :	 16.64 ns
CWL :	 15.808 ns
tRP :	 16.224 ns
tRCD :	 16.224 ns
tRAS :	 32.032000000000004 ns
tRTP :	 7.904 ns
tWR :	 30.368000000000002 ns

tCCD_S :	 3.3280000000000003 ns
tCCD_S_WR :	 3.3280000000000003 ns
tCCD_S_WTR :	 22.048000000000002 ns
tCCD_L :	 5.408 ns
tCCD_L_WR :	 20.384 ns
tCCD_L_WTR :	 29.536 ns
tRRD_S :	 3.3280000000000003 ns
tRRD_L :	 5.408 ns
tFAW :	 13.728 ns
Address mapping (perm = 1) 	ch co bg bg bg ba ba co co co co co co ro ro ro ro ro ro ro ro ro ro ro ro ro ro ro 
dram queue size: R = 64 W = 64 (low:high is 16:56)
Heartbeat CPU 3 instructions: 10000003 cycles: 2601315 heartbeat IPC: 3.844 cumulative IPC: 3.844 (Simulation time: 00 hr 01 min 07 sec)
Heartbeat CPU 0 instructions: 10000003 cycles: 2601338 heartbeat IPC: 3.844 cumulative IPC: 3.844 (Simulation time: 00 hr 01 min 07 sec)
Heartbeat CPU 1 instructions: 10000003 cycles: 2601418 heartbeat IPC: 3.844 cumulative IPC: 3.844 (Simulation time: 00 hr 01 min 07 sec)
Heartbeat CPU 2 instructions: 10000003 cycles: 2601516 heartbeat IPC: 3.844 cumulative IPC: 3.844 (Simulation time: 00 hr 01 min 07 sec)
Heartbeat CPU 3 instructions: 20000003 cycles: 5200252 heartbeat IPC: 3.848 cumulative IPC: 3.846 (Simulation time: 00 hr 02 min 15 sec)
Heartbeat CPU 0 instructions: 20000005 cycles: 5200258 heartbeat IPC: 3.848 cumulative IPC: 3.846 (Simulation time: 00 hr 02 min 15 sec)
Heartbeat CPU 1 instructions: 20000003 cycles: 5200277 heartbeat IPC: 3.848 cumulative IPC: 3.846 (Simulation time: 00 hr 02 min 15 sec)
Heartbeat CPU 2 instructions: 20000004 cycles: 5200456 heartbeat IPC: 3.848 cumulative IPC: 3.846 (Simulation time: 00 hr 02 min 15 sec)
Warmup finished CPU 0 instructions: 25000004 cycles: 6544555 cumulative IPC: 3.82 (Simulation time: 00 hr 02 min 52 sec)
Warmup finished CPU 3 instructions: 25000004 cycles: 6544583 cumulative IPC: 3.82 (Simulation time: 00 hr 02 min 52 sec)
Warmup finished CPU 2 instructions: 25000004 cycles: 6544726 cumulative IPC: 3.82 (Simulation time: 00 hr 02 min 52 sec)
Warmup finished CPU 1 instructions: 25000004 cycles: 6544868 cumulative IPC: 3.82 (Simulation time: 00 hr 02 min 52 sec)
Warmup complete CPU 3 instructions: 25001100 cycles: 6544868 cumulative IPC: 3.82 (Simulation time: 00 hr 02 min 52 sec)
Warmup complete CPU 2 instructions: 25000599 cycles: 6544868 cumulative IPC: 3.82 (Simulation time: 00 hr 02 min 52 sec)
Warmup complete CPU 1 instructions: 25000004 cycles: 6544868 cumulative IPC: 3.82 (Simulation time: 00 hr 02 min 52 sec)
Warmup complete CPU 0 instructions: 25001210 cycles: 6544868 cumulative IPC: 3.82 (Simulation time: 00 hr 02 min 52 sec)
Heartbeat CPU 3 instructions: 30000004 cycles: 11404815 heartbeat IPC: 1.612 cumulative IPC: 1.029 (Simulation time: 00 hr 04 min 02 sec)
Heartbeat CPU 0 instructions: 30000009 cycles: 11426448 heartbeat IPC: 1.606 cumulative IPC: 1.024 (Simulation time: 00 hr 04 min 02 sec)
Heartbeat CPU 1 instructions: 30000004 cycles: 11441684 heartbeat IPC: 1.602 cumulative IPC: 1.021 (Simulation time: 00 hr 04 min 03 sec)
Heartbeat CPU 2 instructions: 30000004 cycles: 11457909 heartbeat IPC: 1.598 cumulative IPC: 1.018 (Simulation time: 00 hr 04 min 03 sec)
Heartbeat CPU 3 instructions: 40000006 cycles: 19918018 heartbeat IPC: 1.175 cumulative IPC: 1.122 (Simulation time: 00 hr 06 min 11 sec)
Heartbeat CPU 0 instructions: 40000010 cycles: 19955170 heartbeat IPC: 1.173 cumulative IPC: 1.118 (Simulation time: 00 hr 06 min 11 sec)
Heartbeat CPU 1 instructions: 40000006 cycles: 20008938 heartbeat IPC: 1.167 cumulative IPC: 1.114 (Simulation time: 00 hr 06 min 12 sec)
Heartbeat CPU 2 instructions: 40000006 cycles: 20048863 heartbeat IPC: 1.164 cumulative IPC: 1.111 (Simulation time: 00 hr 06 min 13 sec)
Heartbeat CPU 3 instructions: 50000009 cycles: 27960766 heartbeat IPC: 1.243 cumulative IPC: 1.167 (Simulation time: 00 hr 08 min 15 sec)
Heartbeat CPU 0 instructions: 50000014 cycles: 28015011 heartbeat IPC: 1.241 cumulative IPC: 1.164 (Simulation time: 00 hr 08 min 15 sec)
Heartbeat CPU 1 instructions: 50000009 cycles: 28092773 heartbeat IPC: 1.237 cumulative IPC: 1.16 (Simulation time: 00 hr 08 min 17 sec)
Heartbeat CPU 2 instructions: 50000009 cycles: 28158955 heartbeat IPC: 1.233 cumulative IPC: 1.157 (Simulation time: 00 hr 08 min 18 sec)
Heartbeat CPU 3 instructions: 60000009 cycles: 35599207 heartbeat IPC: 1.309 cumulative IPC: 1.205 (Simulation time: 00 hr 10 min 15 sec)
Heartbeat CPU 0 instructions: 60000014 cycles: 35679484 heartbeat IPC: 1.305 cumulative IPC: 1.201 (Simulation time: 00 hr 10 min 16 sec)
Heartbeat CPU 1 instructions: 60000009 cycles: 35773598 heartbeat IPC: 1.302 cumulative IPC: 1.197 (Simulation time: 00 hr 10 min 18 sec)
Heartbeat CPU 2 instructions: 60000009 cycles: 35874236 heartbeat IPC: 1.296 cumulative IPC: 1.193 (Simulation time: 00 hr 10 min 19 sec)
Heartbeat CPU 3 instructions: 70000012 cycles: 43041616 heartbeat IPC: 1.344 cumulative IPC: 1.233 (Simulation time: 00 hr 12 min 13 sec)
Heartbeat CPU 0 instructions: 70000014 cycles: 43139485 heartbeat IPC: 1.34 cumulative IPC: 1.23 (Simulation time: 00 hr 12 min 15 sec)
Heartbeat CPU 1 instructions: 70000012 cycles: 43238864 heartbeat IPC: 1.34 cumulative IPC: 1.226 (Simulation time: 00 hr 12 min 16 sec)
Heartbeat CPU 2 instructions: 70000012 cycles: 43357066 heartbeat IPC: 1.336 cumulative IPC: 1.222 (Simulation time: 00 hr 12 min 18 sec)
Heartbeat CPU 3 instructions: 80000014 cycles: 49496544 heartbeat IPC: 1.549 cumulative IPC: 1.28 (Simulation time: 00 hr 14 min 03 sec)
Heartbeat CPU 0 instructions: 80000014 cycles: 49601657 heartbeat IPC: 1.547 cumulative IPC: 1.277 (Simulation time: 00 hr 14 min 05 sec)
Heartbeat CPU 1 instructions: 80000014 cycles: 49713866 heartbeat IPC: 1.544 cumulative IPC: 1.274 (Simulation time: 00 hr 14 min 07 sec)
Heartbeat CPU 2 instructions: 80000014 cycles: 49826252 heartbeat IPC: 1.546 cumulative IPC: 1.271 (Simulation time: 00 hr 14 min 09 sec)
Heartbeat CPU 3 instructions: 90000015 cycles: 56066797 heartbeat IPC: 1.522 cumulative IPC: 1.313 (Simulation time: 00 hr 15 min 56 sec)
Heartbeat CPU 0 instructions: 90000015 cycles: 56151085 heartbeat IPC: 1.527 cumulative IPC: 1.31 (Simulation time: 00 hr 15 min 58 sec)
Heartbeat CPU 1 instructions: 90000015 cycles: 56264179 heartbeat IPC: 1.527 cumulative IPC: 1.307 (Simulation time: 00 hr 15 min 59 sec)
Heartbeat CPU 2 instructions: 90000015 cycles: 56389278 heartbeat IPC: 1.524 cumulative IPC: 1.304 (Simulation time: 00 hr 16 min 01 sec)
Heartbeat CPU 3 instructions: 100000015 cycles: 64076957 heartbeat IPC: 1.248 cumulative IPC: 1.304 (Simulation time: 00 hr 18 min 02 sec)
Heartbeat CPU 0 instructions: 100000015 cycles: 64175556 heartbeat IPC: 1.246 cumulative IPC: 1.301 (Simulation time: 00 hr 18 min 04 sec)
Heartbeat CPU 1 instructions: 100000015 cycles: 64284140 heartbeat IPC: 1.247 cumulative IPC: 1.299 (Simulation time: 00 hr 18 min 05 sec)
Heartbeat CPU 2 instructions: 100000015 cycles: 64446187 heartbeat IPC: 1.241 cumulative IPC: 1.295 (Simulation time: 00 hr 18 min 08 sec)
Heartbeat CPU 3 instructions: 110000018 cycles: 75030506 heartbeat IPC: 0.9129 cumulative IPC: 1.241 (Simulation time: 00 hr 20 min 35 sec)
Heartbeat CPU 0 instructions: 110000018 cycles: 75181430 heartbeat IPC: 0.9086 cumulative IPC: 1.238 (Simulation time: 00 hr 20 min 37 sec)
Heartbeat CPU 1 instructions: 110000016 cycles: 75325593 heartbeat IPC: 0.9057 cumulative IPC: 1.236 (Simulation time: 00 hr 20 min 39 sec)
Heartbeat CPU 2 instructions: 110000018 cycles: 75505594 heartbeat IPC: 0.9042 cumulative IPC: 1.233 (Simulation time: 00 hr 20 min 42 sec)
Heartbeat CPU 3 instructions: 120000020 cycles: 83417357 heartbeat IPC: 1.192 cumulative IPC: 1.236 (Simulation time: 00 hr 22 min 42 sec)
Heartbeat CPU 0 instructions: 120000020 cycles: 83600848 heartbeat IPC: 1.188 cumulative IPC: 1.233 (Simulation time: 00 hr 22 min 45 sec)
Heartbeat CPU 1 instructions: 120000020 cycles: 83767659 heartbeat IPC: 1.185 cumulative IPC: 1.23 (Simulation time: 00 hr 22 min 48 sec)
Heartbeat CPU 2 instructions: 120000020 cycles: 83993085 heartbeat IPC: 1.178 cumulative IPC: 1.227 (Simulation time: 00 hr 22 min 51 sec)
Simulation finished CPU 3 instructions: 100000001 cycles: 80901556 cumulative IPC: 1.236 (Simulation time: 00 hr 23 min 44 sec)
Simulation finished CPU 0 instructions: 100000003 cycles: 81096349 cumulative IPC: 1.233 (Simulation time: 00 hr 23 min 47 sec)
Simulation finished CPU 1 instructions: 100000003 cycles: 81272931 cumulative IPC: 1.23 (Simulation time: 00 hr 23 min 50 sec)
Simulation finished CPU 2 instructions: 100000000 cycles: 81522635 cumulative IPC: 1.227 (Simulation time: 00 hr 23 min 54 sec)
Simulation complete CPU 3 instructions: 100790230 cycles: 81522635 cumulative IPC: 1.236 (Simulation time: 00 hr 23 min 54 sec)
Simulation complete CPU 2 instructions: 100000000 cycles: 81522635 cumulative IPC: 1.227 (Simulation time: 00 hr 23 min 54 sec)
Simulation complete CPU 1 instructions: 100309016 cycles: 81522635 cumulative IPC: 1.23 (Simulation time: 00 hr 23 min 54 sec)
Simulation complete CPU 0 instructions: 100538771 cycles: 81522635 cumulative IPC: 1.233 (Simulation time: 00 hr 23 min 54 sec)

ChampSim completed all CPUs

=== Simulation ===
CPU 0 runs ../frost/TRACES/ctf/spec2017/623.xalancbmk_s-592B.champsimtrace.xz
CPU 1 runs ../frost/TRACES/ctf/spec2017/623.xalancbmk_s-592B.champsimtrace.xz
CPU 2 runs ../frost/TRACES/ctf/spec2017/623.xalancbmk_s-592B.champsimtrace.xz
CPU 3 runs ../frost/TRACES/ctf/spec2017/623.xalancbmk_s-592B.champsimtrace.xz

Total Simulation Statistics (not including warmup)

CPU 3 cumulative IPC: 1.236 instructions: 100790230 cycles: 81522635
CPU 3 Branch Prediction Accuracy: 98.07% MPKI: 5.53 Average ROB Occupancy at Mispredict: 45.51
Branch type MPKI
BRANCH_DIRECT_JUMP: 0.1118
BRANCH_INDIRECT: 0.3569
BRANCH_CONDITIONAL: 3.22
BRANCH_DIRECT_CALL: 0.0008334
BRANCH_INDIRECT_CALL: 0.3797
BRANCH_RETURN: 1.461


CPU 2 cumulative IPC: 1.227 instructions: 100000000 cycles: 81522635
CPU 2 Branch Prediction Accuracy: 98.08% MPKI: 5.513 Average ROB Occupancy at Mispredict: 45.54
Branch type MPKI
BRANCH_DIRECT_JUMP: 0.1113
BRANCH_INDIRECT: 0.3552
BRANCH_CONDITIONAL: 3.212
BRANCH_DIRECT_CALL: 0.00084
BRANCH_INDIRECT_CALL: 0.3781
BRANCH_RETURN: 1.455


CPU 1 cumulative IPC: 1.23 instructions: 100309016 cycles: 81522635
CPU 1 Branch Prediction Accuracy: 98.08% MPKI: 5.519 Average ROB Occupancy at Mispredict: 45.51
Branch type MPKI
BRANCH_DIRECT_JUMP: 0.1115
BRANCH_INDIRECT: 0.3559
BRANCH_CONDITIONAL: 3.215
BRANCH_DIRECT_CALL: 0.0008374
BRANCH_INDIRECT_CALL: 0.3787
BRANCH_RETURN: 1.457


CPU 0 cumulative IPC: 1.233 instructions: 100538771 cycles: 81522635
CPU 0 Branch Prediction Accuracy: 98.08% MPKI: 5.524 Average ROB Occupancy at Mispredict: 45.5
Branch type MPKI
BRANCH_DIRECT_JUMP: 0.1116
BRANCH_INDIRECT: 0.3563
BRANCH_CONDITIONAL: 3.217
BRANCH_DIRECT_CALL: 0.0008355
BRANCH_INDIRECT_CALL: 0.3792
BRANCH_RETURN: 1.459

cpu3->cpu3_STLB TOTAL        ACCESS:    2528756 HIT:    2528304 MISS:        452 MSHR_MERGE:          0
cpu3->cpu3_STLB LOAD         ACCESS:    2528756 HIT:    2528304 MISS:        452 MSHR_MERGE:          0
cpu3->cpu3_STLB RFO          ACCESS:          0 HIT:          0 MISS:          0 MSHR_MERGE:          0
cpu3->cpu3_STLB PREFETCH     ACCESS:          0 HIT:          0 MISS:          0 MSHR_MERGE:          0
cpu3->cpu3_STLB WRITE        ACCESS:          0 HIT:          0 MISS:          0 MSHR_MERGE:          0
cpu3->cpu3_STLB TRANSLATION  ACCESS:          0 HIT:          0 MISS:          0 MSHR_MERGE:          0
cpu3->cpu3_STLB PREFETCH REQUESTED:          0 ISSUED:          0 USEFUL:          0 USELESS:          0
cpu3->cpu3_STLB AVERAGE MISS LATENCY: 403.4 cycles
cpu3->cpu3_L2C TOTAL        ACCESS:    4892540 HIT:    4587618 MISS:     304922 MSHR_MERGE:          0
cpu3->cpu3_L2C LOAD         ACCESS:    4429516 HIT:    4287924 MISS:     141592 MSHR_MERGE:          0
cpu3->cpu3_L2C RFO          ACCESS:     189591 HIT:      26642 MISS:     162949 MSHR_MERGE:          0
cpu3->cpu3_L2C PREFETCH     ACCESS:          0 HIT:          0 MISS:          0 MSHR_MERGE:          0
cpu3->cpu3_L2C WRITE        ACCESS:     272965 HIT:     272965 MISS:          0 MSHR_MERGE:          0
cpu3->cpu3_L2C TRANSLATION  ACCESS:        468 HIT:         87 MISS:        381 MSHR_MERGE:          0
cpu3->cpu3_L2C PREFETCH REQUESTED:          0 ISSUED:          0 USEFUL:          0 USELESS:          0
cpu3->cpu3_L2C AVERAGE MISS LATENCY: 150.4 cycles
cpu3->cpu3_L1I TOTAL        ACCESS:   18731699 HIT:   18361095 MISS:     370604 MSHR_MERGE:     112728
cpu3->cpu3_L1I LOAD         ACCESS:   18731699 HIT:   18361095 MISS:     370604 MSHR_MERGE:     112728
cpu3->cpu3_L1I RFO          ACCESS:          0 HIT:          0 MISS:          0 MSHR_MERGE:          0
cpu3->cpu3_L1I PREFETCH     ACCESS:          0 HIT:          0 MISS:          0 MSHR_MERGE:          0
cpu3->cpu3_L1I WRITE        ACCESS:          0 HIT:          0 MISS:          0 MSHR_MERGE:          0
cpu3->cpu3_L1I TRANSLATION  ACCESS:          0 HIT:          0 MISS:          0 MSHR_MERGE:          0
cpu3->cpu3_L1I PREFETCH REQUESTED:          0 ISSUED:          0 USEFUL:          0 USELESS:          0
cpu3->cpu3_L1I AVERAGE MISS LATENCY: 8.461 cycles
cpu3->cpu3_L1D TOTAL        ACCESS:   25666747 HIT:   19473766 MISS:    6192981 MSHR_MERGE:    1831280
cpu3->cpu3_L1D LOAD         ACCESS:   18348642 HIT:   12881682 MISS:    5466960 MSHR_MERGE:    1295318
cpu3->cpu3_L1D RFO          ACCESS:          0 HIT:          0 MISS:          0 MSHR_MERGE:          0
cpu3->cpu3_L1D PREFETCH     ACCESS:          0 HIT:          0 MISS:          0 MSHR_MERGE:          0
cpu3->cpu3_L1D WRITE        ACCESS:    7317635 HIT:    6592082 MISS:     725553 MSHR_MERGE:     535962
cpu3->cpu3_L1D TRANSLATION  ACCESS:        470 HIT:          2 MISS:        468 MSHR_MERGE:          0
cpu3->cpu3_L1D PREFETCH REQUESTED:          0 ISSUED:          0 USEFUL:          0 USELESS:          0
cpu3->cpu3_L1D AVERAGE MISS LATENCY: 18.64 cycles
cpu3->cpu3_ITLB TOTAL        ACCESS:   17502831 HIT:   17413679 MISS:      89152 MSHR_MERGE:      51440
cpu3->cpu3_ITLB LOAD         ACCESS:   17502831 HIT:   17413679 MISS:      89152 MSHR_MERGE:      51440
cpu3->cpu3_ITLB RFO          ACCESS:          0 HIT:          0 MISS:          0 MSHR_MERGE:          0
cpu3->cpu3_ITLB PREFETCH     ACCESS:          0 HIT:          0 MISS:          0 MSHR_MERGE:          0
cpu3->cpu3_ITLB WRITE        ACCESS:          0 HIT:          0 MISS:          0 MSHR_MERGE:          0
cpu3->cpu3_ITLB TRANSLATION  ACCESS:          0 HIT:          0 MISS:          0 MSHR_MERGE:          0
cpu3->cpu3_ITLB PREFETCH REQUESTED:          0 ISSUED:          0 USEFUL:          0 USELESS:          0
cpu3->cpu3_ITLB AVERAGE MISS LATENCY: 5.086 cycles
cpu3->cpu3_DTLB TOTAL        ACCESS:   24629543 HIT:   20962123 MISS:    3667420 MSHR_MERGE:    1176376
cpu3->cpu3_DTLB LOAD         ACCESS:   24629543 HIT:   20962123 MISS:    3667420 MSHR_MERGE:    1176376
cpu3->cpu3_DTLB RFO          ACCESS:          0 HIT:          0 MISS:          0 MSHR_MERGE:          0
cpu3->cpu3_DTLB PREFETCH     ACCESS:          0 HIT:          0 MISS:          0 MSHR_MERGE:          0
cpu3->cpu3_DTLB WRITE        ACCESS:          0 HIT:          0 MISS:          0 MSHR_MERGE:          0
cpu3->cpu3_DTLB TRANSLATION  ACCESS:          0 HIT:          0 MISS:          0 MSHR_MERGE:          0
cpu3->cpu3_DTLB PREFETCH REQUESTED:          0 ISSUED:          0 USEFUL:          0 USELESS:          0
cpu3->cpu3_DTLB AVERAGE MISS LATENCY: 5.072 cycles
cpu2->cpu2_STLB TOTAL        ACCESS:    2512328 HIT:    2511879 MISS:        449 MSHR_MERGE:          0
cpu2->cpu2_STLB LOAD         ACCESS:    2512328 HIT:    2511879 MISS:        449 MSHR_MERGE:          0
cpu2->cpu2_STLB RFO          ACCESS:          0 HIT:          0 MISS:          0 MSHR_MERGE:          0
cpu2->cpu2_STLB PREFETCH     ACCESS:          0 HIT:          0 MISS:          0 MSHR_MERGE:          0
cpu2->cpu2_STLB WRITE        ACCESS:          0 HIT:          0 MISS:          0 MSHR_MERGE:          0
cpu2->cpu2_STLB TRANSLATION  ACCESS:          0 HIT:          0 MISS:          0 MSHR_MERGE:          0
cpu2->cpu2_STLB PREFETCH REQUESTED:          0 ISSUED:          0 USEFUL:          0 USELESS:          0
cpu2->cpu2_STLB AVERAGE MISS LATENCY: 401.2 cycles
cpu2->cpu2_L2C TOTAL        ACCESS:    4856429 HIT:    4480068 MISS:     376361 MSHR_MERGE:          0
cpu2->cpu2_L2C LOAD         ACCESS:    4398537 HIT:    4183703 MISS:     214834 MSHR_MERGE:          0
cpu2->cpu2_L2C RFO          ACCESS:     187424 HIT:      26278 MISS:     161146 MSHR_MERGE:          0
cpu2->cpu2_L2C PREFETCH     ACCESS:          0 HIT:          0 MISS:          0 MSHR_MERGE:          0
cpu2->cpu2_L2C WRITE        ACCESS:     270003 HIT:     270002 MISS:          1 MSHR_MERGE:          0
cpu2->cpu2_L2C TRANSLATION  ACCESS:        465 HIT:         85 MISS:        380 MSHR_MERGE:          0
cpu2->cpu2_L2C PREFETCH REQUESTED:          0 ISSUED:          0 USEFUL:          0 USELESS:          0
cpu2->cpu2_L2C AVERAGE MISS LATENCY: 123.4 cycles
cpu2->cpu2_L1I TOTAL        ACCESS:   18601093 HIT:   18234942 MISS:     366151 MSHR_MERGE:     111347
cpu2->cpu2_L1I LOAD         ACCESS:   18601093 HIT:   18234942 MISS:     366151 MSHR_MERGE:     111347
cpu2->cpu2_L1I RFO          ACCESS:          0 HIT:          0 MISS:          0 MSHR_MERGE:          0
cpu2->cpu2_L1I PREFETCH     ACCESS:          0 HIT:          0 MISS:          0 MSHR_MERGE:          0
cpu2->cpu2_L1I WRITE        ACCESS:          0 HIT:          0 MISS:          0 MSHR_MERGE:          0
cpu2->cpu2_L1I TRANSLATION  ACCESS:          0 HIT:          0 MISS:          0 MSHR_MERGE:          0
cpu2->cpu2_L1I PREFETCH REQUESTED:          0 ISSUED:          0 USEFUL:          0 USELESS:          0
cpu2->cpu2_L1I AVERAGE MISS LATENCY: 8.725 cycles
cpu2->cpu2_L1D TOTAL        ACCESS:   25442520 HIT:   19291633 MISS:    6150887 MSHR_MERGE:    1819263
cpu2->cpu2_L1D LOAD         ACCESS:   18208058 HIT:   12776182 MISS:    5431876 MSHR_MERGE:    1288141
cpu2->cpu2_L1D RFO          ACCESS:          0 HIT:          0 MISS:          0 MSHR_MERGE:          0
cpu2->cpu2_L1D PREFETCH     ACCESS:          0 HIT:          0 MISS:          0 MSHR_MERGE:          0
cpu2->cpu2_L1D WRITE        ACCESS:    7233995 HIT:    6515449 MISS:     718546 MSHR_MERGE:     531122
cpu2->cpu2_L1D TRANSLATION  ACCESS:        467 HIT:          2 MISS:        465 MSHR_MERGE:          0
cpu2->cpu2_L1D PREFETCH REQUESTED:          0 ISSUED:          0 USEFUL:          0 USELESS:          0
cpu2->cpu2_L1D AVERAGE MISS LATENCY: 18.85 cycles
cpu2->cpu2_ITLB TOTAL        ACCESS:   17374118 HIT:   17286037 MISS:      88081 MSHR_MERGE:      50811
cpu2->cpu2_ITLB LOAD         ACCESS:   17374118 HIT:   17286037 MISS:      88081 MSHR_MERGE:      50811
cpu2->cpu2_ITLB RFO          ACCESS:          0 HIT:          0 MISS:          0 MSHR_MERGE:          0
cpu2->cpu2_ITLB PREFETCH     ACCESS:          0 HIT:          0 MISS:          0 MSHR_MERGE:          0
cpu2->cpu2_ITLB WRITE        ACCESS:          0 HIT:          0 MISS:          0 MSHR_MERGE:          0
cpu2->cpu2_ITLB TRANSLATION  ACCESS:          0 HIT:          0 MISS:          0 MSHR_MERGE:          0
cpu2->cpu2_ITLB PREFETCH REQUESTED:          0 ISSUED:          0 USEFUL:          0 USELESS:          0
cpu2->cpu2_ITLB AVERAGE MISS LATENCY: 5.087 cycles
cpu2->cpu2_DTLB TOTAL        ACCESS:   24417625 HIT:   20775241 MISS:    3642384 MSHR_MERGE:    1167326
cpu2->cpu2_DTLB LOAD         ACCESS:   24417625 HIT:   20775241 MISS:    3642384 MSHR_MERGE:    1167326
cpu2->cpu2_DTLB RFO          ACCESS:          0 HIT:          0 MISS:          0 MSHR_MERGE:          0
cpu2->cpu2_DTLB PREFETCH     ACCESS:          0 HIT:          0 MISS:          0 MSHR_MERGE:          0
cpu2->cpu2_DTLB WRITE        ACCESS:          0 HIT:          0 MISS:          0 MSHR_MERGE:          0
cpu2->cpu2_DTLB TRANSLATION  ACCESS:          0 HIT:          0 MISS:          0 MSHR_MERGE:          0
cpu2->cpu2_DTLB PREFETCH REQUESTED:          0 ISSUED:          0 USEFUL:          0 USELESS:          0
cpu2->cpu2_DTLB AVERAGE MISS LATENCY: 5.072 cycles
cpu1->cpu1_STLB TOTAL        ACCESS:    2519671 HIT:    2519221 MISS:        450 MSHR_MERGE:          0
cpu1->cpu1_STLB LOAD         ACCESS:    2519671 HIT:    2519221 MISS:        450 MSHR_MERGE:          0
cpu1->cpu1_STLB RFO          ACCESS:          0 HIT:          0 MISS:          0 MSHR_MERGE:          0
cpu1->cpu1_STLB PREFETCH     ACCESS:          0 HIT:          0 MISS:          0 MSHR_MERGE:          0
cpu1->cpu1_STLB WRITE        ACCESS:          0 HIT:          0 MISS:          0 MSHR_MERGE:          0
cpu1->cpu1_STLB TRANSLATION  ACCESS:          0 HIT:          0 MISS:          0 MSHR_MERGE:          0
cpu1->cpu1_STLB PREFETCH REQUESTED:          0 ISSUED:          0 USEFUL:          0 USELESS:          0
cpu1->cpu1_STLB AVERAGE MISS LATENCY: 408.5 cycles
cpu1->cpu1_L2C TOTAL        ACCESS:    4871505 HIT:    4503150 MISS:     368355 MSHR_MERGE:          0
cpu1->cpu1_L2C LOAD         ACCESS:    4411675 HIT:    4205518 MISS:     206157 MSHR_MERGE:          0
cpu1->cpu1_L2C RFO          ACCESS:     188272 HIT:      26456 MISS:     161816 MSHR_MERGE:          0
cpu1->cpu1_L2C PREFETCH     ACCESS:          0 HIT:          0 MISS:          0 MSHR_MERGE:          0
cpu1->cpu1_L2C WRITE        ACCESS:     271092 HIT:     271089 MISS:          3 MSHR_MERGE:          0
cpu1->cpu1_L2C TRANSLATION  ACCESS:        466 HIT:         87 MISS:        379 MSHR_MERGE:          0
cpu1->cpu1_L2C PREFETCH REQUESTED:          0 ISSUED:          0 USEFUL:          0 USELESS:          0
cpu1->cpu1_L2C AVERAGE MISS LATENCY: 126.6 cycles
cpu1->cpu1_L1I TOTAL        ACCESS:   18664862 HIT:   18296111 MISS:     368751 MSHR_MERGE:     112784
cpu1->cpu1_L1I LOAD         ACCESS:   18664862 HIT:   18296111 MISS:     368751 MSHR_MERGE:     112784
cpu1->cpu1_L1I RFO          ACCESS:          0 HIT:          0 MISS:          0 MSHR_MERGE:          0
cpu1->cpu1_L1I PREFETCH     ACCESS:          0 HIT:          0 MISS:          0 MSHR_MERGE:          0
cpu1->cpu1_L1I WRITE        ACCESS:          0 HIT:          0 MISS:          0 MSHR_MERGE:          0
cpu1->cpu1_L1I TRANSLATION  ACCESS:          0 HIT:          0 MISS:          0 MSHR_MERGE:          0
cpu1->cpu1_L1I PREFETCH REQUESTED:          0 ISSUED:          0 USEFUL:          0 USELESS:          0
cpu1->cpu1_L1I AVERAGE MISS LATENCY: 8.689 cycles
cpu1->cpu1_L1D TOTAL        ACCESS:   25534157 HIT:   19354608 MISS:    6179549 MSHR_MERGE:    1835101
cpu1->cpu1_L1D LOAD         ACCESS:   18266949 HIT:   12809572 MISS:    5457377 MSHR_MERGE:    1301667
cpu1->cpu1_L1D RFO          ACCESS:          0 HIT:          0 MISS:          0 MSHR_MERGE:          0
cpu1->cpu1_L1D PREFETCH     ACCESS:          0 HIT:          0 MISS:          0 MSHR_MERGE:          0
cpu1->cpu1_L1D WRITE        ACCESS:    7266740 HIT:    6545034 MISS:     721706 MSHR_MERGE:     533434
cpu1->cpu1_L1D TRANSLATION  ACCESS:        468 HIT:          2 MISS:        466 MSHR_MERGE:          0
cpu1->cpu1_L1D PREFETCH REQUESTED:          0 ISSUED:          0 USEFUL:          0 USELESS:          0
cpu1->cpu1_L1D AVERAGE MISS LATENCY: 18.87 cycles
cpu1->cpu1_ITLB TOTAL        ACCESS:   17429117 HIT:   17340618 MISS:      88499 MSHR_MERGE:      51059
cpu1->cpu1_ITLB LOAD         ACCESS:   17429117 HIT:   17340618 MISS:      88499 MSHR_MERGE:      51059
cpu1->cpu1_ITLB RFO          ACCESS:          0 HIT:          0 MISS:          0 MSHR_MERGE:          0
cpu1->cpu1_ITLB PREFETCH     ACCESS:          0 HIT:          0 MISS:          0 MSHR_MERGE:          0
cpu1->cpu1_ITLB WRITE        ACCESS:          0 HIT:          0 MISS:          0 MSHR_MERGE:          0
cpu1->cpu1_ITLB TRANSLATION  ACCESS:          0 HIT:          0 MISS:          0 MSHR_MERGE:          0
cpu1->cpu1_ITLB PREFETCH REQUESTED:          0 ISSUED:          0 USEFUL:          0 USELESS:          0
cpu1->cpu1_ITLB AVERAGE MISS LATENCY: 5.087 cycles
cpu1->cpu1_DTLB TOTAL        ACCESS:   24504374 HIT:   20853286 MISS:    3651088 MSHR_MERGE:    1168858
cpu1->cpu1_DTLB LOAD         ACCESS:   24504374 HIT:   20853286 MISS:    3651088 MSHR_MERGE:    1168858
cpu1->cpu1_DTLB RFO          ACCESS:          0 HIT:          0 MISS:          0 MSHR_MERGE:          0
cpu1->cpu1_DTLB PREFETCH     ACCESS:          0 HIT:          0 MISS:          0 MSHR_MERGE:          0
cpu1->cpu1_DTLB WRITE        ACCESS:          0 HIT:          0 MISS:          0 MSHR_MERGE:          0
cpu1->cpu1_DTLB TRANSLATION  ACCESS:          0 HIT:          0 MISS:          0 MSHR_MERGE:          0
cpu1->cpu1_DTLB PREFETCH REQUESTED:          0 ISSUED:          0 USEFUL:          0 USELESS:          0
cpu1->cpu1_DTLB AVERAGE MISS LATENCY: 5.073 cycles
cpu0->cpu0_STLB TOTAL        ACCESS:    2524448 HIT:    2523997 MISS:        451 MSHR_MERGE:          0
cpu0->cpu0_STLB LOAD         ACCESS:    2524448 HIT:    2523997 MISS:        451 MSHR_MERGE:          0
cpu0->cpu0_STLB RFO          ACCESS:          0 HIT:          0 MISS:          0 MSHR_MERGE:          0
cpu0->cpu0_STLB PREFETCH     ACCESS:          0 HIT:          0 MISS:          0 MSHR_MERGE:          0
cpu0->cpu0_STLB WRITE        ACCESS:          0 HIT:          0 MISS:          0 MSHR_MERGE:          0
cpu0->cpu0_STLB TRANSLATION  ACCESS:          0 HIT:          0 MISS:          0 MSHR_MERGE:          0
cpu0->cpu0_STLB PREFETCH REQUESTED:          0 ISSUED:          0 USEFUL:          0 USELESS:          0
cpu0->cpu0_STLB AVERAGE MISS LATENCY: 403.8 cycles
cpu0->cpu0_L2C TOTAL        ACCESS:    4881076 HIT:    4554527 MISS:     326549 MSHR_MERGE:          0
cpu0->cpu0_L2C LOAD         ACCESS:    4419877 HIT:    4257901 MISS:     161976 MSHR_MERGE:          0
cpu0->cpu0_L2C RFO          ACCESS:     188895 HIT:      24719 MISS:     164176 MSHR_MERGE:          0
cpu0->cpu0_L2C PREFETCH     ACCESS:          0 HIT:          0 MISS:          0 MSHR_MERGE:          0
cpu0->cpu0_L2C WRITE        ACCESS:     271837 HIT:     271833 MISS:          4 MSHR_MERGE:          0
cpu0->cpu0_L2C TRANSLATION  ACCESS:        467 HIT:         74 MISS:        393 MSHR_MERGE:          0
cpu0->cpu0_L2C PREFETCH REQUESTED:          0 ISSUED:          0 USEFUL:          0 USELESS:          0
cpu0->cpu0_L2C AVERAGE MISS LATENCY: 140.8 cycles
cpu0->cpu0_L1I TOTAL        ACCESS:   18693009 HIT:   18323855 MISS:     369154 MSHR_MERGE:     112279
cpu0->cpu0_L1I LOAD         ACCESS:   18693009 HIT:   18323855 MISS:     369154 MSHR_MERGE:     112279
cpu0->cpu0_L1I RFO          ACCESS:          0 HIT:          0 MISS:          0 MSHR_MERGE:          0
cpu0->cpu0_L1I PREFETCH     ACCESS:          0 HIT:          0 MISS:          0 MSHR_MERGE:          0
cpu0->cpu0_L1I WRITE        ACCESS:          0 HIT:          0 MISS:          0 MSHR_MERGE:          0
cpu0->cpu0_L1I TRANSLATION  ACCESS:          0 HIT:          0 MISS:          0 MSHR_MERGE:          0
cpu0->cpu0_L1I PREFETCH REQUESTED:          0 ISSUED:          0 USEFUL:          0 USELESS:          0
cpu0->cpu0_L1I AVERAGE MISS LATENCY: 8.557 cycles
cpu0->cpu0_L1D TOTAL        ACCESS:   25596669 HIT:   19413438 MISS:    6183231 MSHR_MERGE:    1830866
cpu0->cpu0_L1D LOAD         ACCESS:   18304853 HIT:   12845922 MISS:    5458931 MSHR_MERGE:    1295928
cpu0->cpu0_L1D RFO          ACCESS:          0 HIT:          0 MISS:          0 MSHR_MERGE:          0
cpu0->cpu0_L1D PREFETCH     ACCESS:          0 HIT:          0 MISS:          0 MSHR_MERGE:          0
cpu0->cpu0_L1D WRITE        ACCESS:    7291347 HIT:    6567514 MISS:     723833 MSHR_MERGE:     534938
cpu0->cpu0_L1D TRANSLATION  ACCESS:        469 HIT:          2 MISS:        467 MSHR_MERGE:          0
cpu0->cpu0_L1D PREFETCH REQUESTED:          0 ISSUED:          0 USEFUL:          0 USELESS:          0
cpu0->cpu0_L1D AVERAGE MISS LATENCY: 18.7 cycles
cpu0->cpu0_ITLB TOTAL        ACCESS:   17461337 HIT:   17372529 MISS:      88808 MSHR_MERGE:      51239
cpu0->cpu0_ITLB LOAD         ACCESS:   17461337 HIT:   17372529 MISS:      88808 MSHR_MERGE:      51239
cpu0->cpu0_ITLB RFO          ACCESS:          0 HIT:          0 MISS:          0 MSHR_MERGE:          0
cpu0->cpu0_ITLB PREFETCH     ACCESS:          0 HIT:          0 MISS:          0 MSHR_MERGE:          0
cpu0->cpu0_ITLB WRITE        ACCESS:          0 HIT:          0 MISS:          0 MSHR_MERGE:          0
cpu0->cpu0_ITLB TRANSLATION  ACCESS:          0 HIT:          0 MISS:          0 MSHR_MERGE:          0
cpu0->cpu0_ITLB PREFETCH REQUESTED:          0 ISSUED:          0 USEFUL:          0 USELESS:          0
cpu0->cpu0_ITLB AVERAGE MISS LATENCY: 5.09 cycles
cpu0->cpu0_DTLB TOTAL        ACCESS:   24563655 HIT:   20909869 MISS:    3653786 MSHR_MERGE:    1166907
cpu0->cpu0_DTLB LOAD         ACCESS:   24563655 HIT:   20909869 MISS:    3653786 MSHR_MERGE:    1166907
cpu0->cpu0_DTLB RFO          ACCESS:          0 HIT:          0 MISS:          0 MSHR_MERGE:          0
cpu0->cpu0_DTLB PREFETCH     ACCESS:          0 HIT:          0 MISS:          0 MSHR_MERGE:          0
cpu0->cpu0_DTLB WRITE        ACCESS:          0 HIT:          0 MISS:          0 MSHR_MERGE:          0
cpu0->cpu0_DTLB TRANSLATION  ACCESS:          0 HIT:          0 MISS:          0 MSHR_MERGE:          0
cpu0->cpu0_DTLB PREFETCH REQUESTED:          0 ISSUED:          0 USEFUL:          0 USELESS:          0
cpu0->cpu0_DTLB AVERAGE MISS LATENCY: 5.072 cycles
cpu0->LLC TOTAL        ACCESS:     511911 HIT:     333550 MISS:     178361 MSHR_MERGE:          0
cpu0->LLC LOAD         ACCESS:     161976 HIT:     138756 MISS:      23220 MSHR_MERGE:          0
cpu0->LLC RFO          ACCESS:     164176 HIT:      10225 MISS:     153951 MSHR_MERGE:          0
cpu0->LLC PREFETCH     ACCESS:          0 HIT:          0 MISS:          0 MSHR_MERGE:          0
cpu0->LLC WRITE        ACCESS:     185366 HIT:     184491 MISS:        875 MSHR_MERGE:          0
cpu0->LLC TRANSLATION  ACCESS:        393 HIT:         78 MISS:        315 MSHR_MERGE:          0
cpu0->LLC PREFETCH REQUESTED:          0 ISSUED:          0 USEFUL:          0 USELESS:          0
cpu0->LLC AVERAGE MISS LATENCY: 917 cycles
cpu1->LLC TOTAL        ACCESS:     551863 HIT:     373877 MISS:     177986 MSHR_MERGE:          0
cpu1->LLC LOAD         ACCESS:     206156 HIT:     182883 MISS:      23273 MSHR_MERGE:          0
cpu1->LLC RFO          ACCESS:     161816 HIT:       8241 MISS:     153575 MSHR_MERGE:          0
cpu1->LLC PREFETCH     ACCESS:          0 HIT:          0 MISS:          0 MSHR_MERGE:          0
cpu1->LLC WRITE        ACCESS:     183512 HIT:     182688 MISS:        824 MSHR_MERGE:          0
cpu1->LLC TRANSLATION  ACCESS:        379 HIT:         65 MISS:        314 MSHR_MERGE:          0
cpu1->LLC PREFETCH REQUESTED:          0 ISSUED:          0 USEFUL:          0 USELESS:          0
cpu1->LLC AVERAGE MISS LATENCY: 918.9 cycles
cpu2->LLC TOTAL        ACCESS:     557421 HIT:     380305 MISS:     177116 MSHR_MERGE:          0
cpu2->LLC LOAD         ACCESS:     214834 HIT:     191669 MISS:      23165 MSHR_MERGE:          0
cpu2->LLC RFO          ACCESS:     161146 HIT:       8269 MISS:     152877 MSHR_MERGE:          0
cpu2->LLC PREFETCH     ACCESS:          0 HIT:          0 MISS:          0 MSHR_MERGE:          0
cpu2->LLC WRITE        ACCESS:     181061 HIT:     180300 MISS:        761 MSHR_MERGE:          0
cpu2->LLC TRANSLATION  ACCESS:        380 HIT:         67 MISS:        313 MSHR_MERGE:          0
cpu2->LLC PREFETCH REQUESTED:          0 ISSUED:          0 USEFUL:          0 USELESS:          0
cpu2->LLC AVERAGE MISS LATENCY: 923.4 cycles
cpu3->LLC TOTAL        ACCESS:     487423 HIT:     308364 MISS:     179059 MSHR_MERGE:          0
cpu3->LLC LOAD         ACCESS:     141592 HIT:     118117 MISS:      23475 MSHR_MERGE:          0
cpu3->LLC RFO          ACCESS:     162949 HIT:       8490 MISS:     154459 MSHR_MERGE:          0
cpu3->LLC PREFETCH     ACCESS:          0 HIT:          0 MISS:          0 MSHR_MERGE:          0
cpu3->LLC WRITE        ACCESS:     182501 HIT:     181690 MISS:        811 MSHR_MERGE:          0
cpu3->LLC TRANSLATION  ACCESS:        381 HIT:         67 MISS:        314 MSHR_MERGE:          0
cpu3->LLC PREFETCH REQUESTED:          0 ISSUED:          0 USEFUL:          0 USELESS:          0
cpu3->LLC AVERAGE MISS LATENCY: 913.4 cycles

Region of Interest Statistics

CPU 3 cumulative IPC: 1.236 instructions: 100000001 cycles: 80901556
CPU 3 Branch Prediction Accuracy: 98.08% MPKI: 5.513 Average ROB Occupancy at Mispredict: 45.55
Branch type MPKI
BRANCH_DIRECT_JUMP: 0.1113
BRANCH_INDIRECT: 0.3552
BRANCH_CONDITIONAL: 3.212
BRANCH_DIRECT_CALL: 0.00084
BRANCH_INDIRECT_CALL: 0.3782
BRANCH_RETURN: 1.455


CPU 2 cumulative IPC: 1.227 instructions: 100000000 cycles: 81522635
CPU 2 Branch Prediction Accuracy: 98.08% MPKI: 5.513 Average ROB Occupancy at Mispredict: 45.54
Branch type MPKI
BRANCH_DIRECT_JUMP: 0.1113
BRANCH_INDIRECT: 0.3552
BRANCH_CONDITIONAL: 3.212
BRANCH_DIRECT_CALL: 0.00084
BRANCH_INDIRECT_CALL: 0.3781
BRANCH_RETURN: 1.455


CPU 1 cumulative IPC: 1.23 instructions: 100000003 cycles: 81272931
CPU 1 Branch Prediction Accuracy: 98.08% MPKI: 5.513 Average ROB Occupancy at Mispredict: 45.52
Branch type MPKI
BRANCH_DIRECT_JUMP: 0.1113
BRANCH_INDIRECT: 0.3552
BRANCH_CONDITIONAL: 3.212
BRANCH_DIRECT_CALL: 0.00084
BRANCH_INDIRECT_CALL: 0.3782
BRANCH_RETURN: 1.455


CPU 0 cumulative IPC: 1.233 instructions: 100000003 cycles: 81096349
CPU 0 Branch Prediction Accuracy: 98.08% MPKI: 5.513 Average ROB Occupancy at Mispredict: 45.53
Branch type MPKI
BRANCH_DIRECT_JUMP: 0.1113
BRANCH_INDIRECT: 0.3552
BRANCH_CONDITIONAL: 3.212
BRANCH_DIRECT_CALL: 0.00084
BRANCH_INDIRECT_CALL: 0.3782
BRANCH_RETURN: 1.455

cpu3->cpu3_STLB TOTAL        ACCESS:    2528756 HIT:    2528304 MISS:        452 MSHR_MERGE:          0
cpu3->cpu3_STLB LOAD         ACCESS:    2528756 HIT:    2528304 MISS:        452 MSHR_MERGE:          0
cpu3->cpu3_STLB RFO          ACCESS:          0 HIT:          0 MISS:          0 MSHR_MERGE:          0
cpu3->cpu3_STLB PREFETCH     ACCESS:          0 HIT:          0 MISS:          0 MSHR_MERGE:          0
cpu3->cpu3_STLB WRITE        ACCESS:          0 HIT:          0 MISS:          0 MSHR_MERGE:          0
cpu3->cpu3_STLB TRANSLATION  ACCESS:          0 HIT:          0 MISS:          0 MSHR_MERGE:          0
cpu3->cpu3_STLB PREFETCH REQUESTED:          0 ISSUED:          0 USEFUL:          0 USELESS:          0
cpu3->cpu3_STLB AVERAGE MISS LATENCY: 403.4 cycles
cpu3->cpu3_L2C TOTAL        ACCESS:    4892540 HIT:    4587618 MISS:     304922 MSHR_MERGE:          0
cpu3->cpu3_L2C LOAD         ACCESS:    4429516 HIT:    4287924 MISS:     141592 MSHR_MERGE:          0
cpu3->cpu3_L2C RFO          ACCESS:     189591 HIT:      26642 MISS:     162949 MSHR_MERGE:          0
cpu3->cpu3_L2C PREFETCH     ACCESS:          0 HIT:          0 MISS:          0 MSHR_MERGE:          0
cpu3->cpu3_L2C WRITE        ACCESS:     272965 HIT:     272965 MISS:          0 MSHR_MERGE:          0
cpu3->cpu3_L2C TRANSLATION  ACCESS:        468 HIT:         87 MISS:        381 MSHR_MERGE:          0
cpu3->cpu3_L2C PREFETCH REQUESTED:          0 ISSUED:          0 USEFUL:          0 USELESS:          0
cpu3->cpu3_L2C AVERAGE MISS LATENCY: 150.4 cycles
cpu3->cpu3_L1I TOTAL        ACCESS:   18731699 HIT:   18361095 MISS:     370604 MSHR_MERGE:     112728
cpu3->cpu3_L1I LOAD         ACCESS:   18731699 HIT:   18361095 MISS:     370604 MSHR_MERGE:     112728
cpu3->cpu3_L1I RFO          ACCESS:          0 HIT:          0 MISS:          0 MSHR_MERGE:          0
cpu3->cpu3_L1I PREFETCH     ACCESS:          0 HIT:          0 MISS:          0 MSHR_MERGE:          0
cpu3->cpu3_L1I WRITE        ACCESS:          0 HIT:          0 MISS:          0 MSHR_MERGE:          0
cpu3->cpu3_L1I TRANSLATION  ACCESS:          0 HIT:          0 MISS:          0 MSHR_MERGE:          0
cpu3->cpu3_L1I PREFETCH REQUESTED:          0 ISSUED:          0 USEFUL:          0 USELESS:          0
cpu3->cpu3_L1I AVERAGE MISS LATENCY: 8.461 cycles
cpu3->cpu3_L1D TOTAL        ACCESS:   25666747 HIT:   19473766 MISS:    6192981 MSHR_MERGE:    1831280
cpu3->cpu3_L1D LOAD         ACCESS:   18348642 HIT:   12881682 MISS:    5466960 MSHR_MERGE:    1295318
cpu3->cpu3_L1D RFO          ACCESS:          0 HIT:          0 MISS:          0 MSHR_MERGE:          0
cpu3->cpu3_L1D PREFETCH     ACCESS:          0 HIT:          0 MISS:          0 MSHR_MERGE:          0
cpu3->cpu3_L1D WRITE        ACCESS:    7317635 HIT:    6592082 MISS:     725553 MSHR_MERGE:     535962
cpu3->cpu3_L1D TRANSLATION  ACCESS:        470 HIT:          2 MISS:        468 MSHR_MERGE:          0
cpu3->cpu3_L1D PREFETCH REQUESTED:          0 ISSUED:          0 USEFUL:          0 USELESS:          0
cpu3->cpu3_L1D AVERAGE MISS LATENCY: 18.64 cycles
cpu3->cpu3_ITLB TOTAL        ACCESS:   17502831 HIT:   17413679 MISS:      89152 MSHR_MERGE:      51440
cpu3->cpu3_ITLB LOAD         ACCESS:   17502831 HIT:   17413679 MISS:      89152 MSHR_MERGE:      51440
cpu3->cpu3_ITLB RFO          ACCESS:          0 HIT:          0 MISS:          0 MSHR_MERGE:          0
cpu3->cpu3_ITLB PREFETCH     ACCESS:          0 HIT:          0 MISS:          0 MSHR_MERGE:          0
cpu3->cpu3_ITLB WRITE        ACCESS:          0 HIT:          0 MISS:          0 MSHR_MERGE:          0
cpu3->cpu3_ITLB TRANSLATION  ACCESS:          0 HIT:          0 MISS:          0 MSHR_MERGE:          0
cpu3->cpu3_ITLB PREFETCH REQUESTED:          0 ISSUED:          0 USEFUL:          0 USELESS:          0
cpu3->cpu3_ITLB AVERAGE MISS LATENCY: 5.086 cycles
cpu3->cpu3_DTLB TOTAL        ACCESS:   24629543 HIT:   20962123 MISS:    3667420 MSHR_MERGE:    1176376
cpu3->cpu3_DTLB LOAD         ACCESS:   24629543 HIT:   20962123 MISS:    3667420 MSHR_MERGE:    1176376
cpu3->cpu3_DTLB RFO          ACCESS:          0 HIT:          0 MISS:          0 MSHR_MERGE:          0
cpu3->cpu3_DTLB PREFETCH     ACCESS:          0 HIT:          0 MISS:          0 MSHR_MERGE:          0
cpu3->cpu3_DTLB WRITE        ACCESS:          0 HIT:          0 MISS:          0 MSHR_MERGE:          0
cpu3->cpu3_DTLB TRANSLATION  ACCESS:          0 HIT:          0 MISS:          0 MSHR_MERGE:          0
cpu3->cpu3_DTLB PREFETCH REQUESTED:          0 ISSUED:          0 USEFUL:          0 USELESS:          0
cpu3->cpu3_DTLB AVERAGE MISS LATENCY: 5.072 cycles
cpu2->cpu2_STLB TOTAL        ACCESS:    2512328 HIT:    2511879 MISS:        449 MSHR_MERGE:          0
cpu2->cpu2_STLB LOAD         ACCESS:    2512328 HIT:    2511879 MISS:        449 MSHR_MERGE:          0
cpu2->cpu2_STLB RFO          ACCESS:          0 HIT:          0 MISS:          0 MSHR_MERGE:          0
cpu2->cpu2_STLB PREFETCH     ACCESS:          0 HIT:          0 MISS:          0 MSHR_MERGE:          0
cpu2->cpu2_STLB WRITE        ACCESS:          0 HIT:          0 MISS:          0 MSHR_MERGE:          0
cpu2->cpu2_STLB TRANSLATION  ACCESS:          0 HIT:          0 MISS:          0 MSHR_MERGE:          0
cpu2->cpu2_STLB PREFETCH REQUESTED:          0 ISSUED:          0 USEFUL:          0 USELESS:          0
cpu2->cpu2_STLB AVERAGE MISS LATENCY: 401.2 cycles
cpu2->cpu2_L2C TOTAL        ACCESS:    4856429 HIT:    4480068 MISS:     376361 MSHR_MERGE:          0
cpu2->cpu2_L2C LOAD         ACCESS:    4398537 HIT:    4183703 MISS:     214834 MSHR_MERGE:          0
cpu2->cpu2_L2C RFO          ACCESS:     187424 HIT:      26278 MISS:     161146 MSHR_MERGE:          0
cpu2->cpu2_L2C PREFETCH     ACCESS:          0 HIT:          0 MISS:          0 MSHR_MERGE:          0
cpu2->cpu2_L2C WRITE        ACCESS:     270003 HIT:     270002 MISS:          1 MSHR_MERGE:          0
cpu2->cpu2_L2C TRANSLATION  ACCESS:        465 HIT:         85 MISS:        380 MSHR_MERGE:          0
cpu2->cpu2_L2C PREFETCH REQUESTED:          0 ISSUED:          0 USEFUL:          0 USELESS:          0
cpu2->cpu2_L2C AVERAGE MISS LATENCY: 123.4 cycles
cpu2->cpu2_L1I TOTAL        ACCESS:   18601093 HIT:   18234942 MISS:     366151 MSHR_MERGE:     111347
cpu2->cpu2_L1I LOAD         ACCESS:   18601093 HIT:   18234942 MISS:     366151 MSHR_MERGE:     111347
cpu2->cpu2_L1I RFO          ACCESS:          0 HIT:          0 MISS:          0 MSHR_MERGE:          0
cpu2->cpu2_L1I PREFETCH     ACCESS:          0 HIT:          0 MISS:          0 MSHR_MERGE:          0
cpu2->cpu2_L1I WRITE        ACCESS:          0 HIT:          0 MISS:          0 MSHR_MERGE:          0
cpu2->cpu2_L1I TRANSLATION  ACCESS:          0 HIT:          0 MISS:          0 MSHR_MERGE:          0
cpu2->cpu2_L1I PREFETCH REQUESTED:          0 ISSUED:          0 USEFUL:          0 USELESS:          0
cpu2->cpu2_L1I AVERAGE MISS LATENCY: 8.725 cycles
cpu2->cpu2_L1D TOTAL        ACCESS:   25442520 HIT:   19291633 MISS:    6150887 MSHR_MERGE:    1819263
cpu2->cpu2_L1D LOAD         ACCESS:   18208058 HIT:   12776182 MISS:    5431876 MSHR_MERGE:    1288141
cpu2->cpu2_L1D RFO          ACCESS:          0 HIT:          0 MISS:          0 MSHR_MERGE:          0
cpu2->cpu2_L1D PREFETCH     ACCESS:          0 HIT:          0 MISS:          0 MSHR_MERGE:          0
cpu2->cpu2_L1D WRITE        ACCESS:    7233995 HIT:    6515449 MISS:     718546 MSHR_MERGE:     531122
cpu2->cpu2_L1D TRANSLATION  ACCESS:        467 HIT:          2 MISS:        465 MSHR_MERGE:          0
cpu2->cpu2_L1D PREFETCH REQUESTED:          0 ISSUED:          0 USEFUL:          0 USELESS:          0
cpu2->cpu2_L1D AVERAGE MISS LATENCY: 18.85 cycles
cpu2->cpu2_ITLB TOTAL        ACCESS:   17374118 HIT:   17286037 MISS:      88081 MSHR_MERGE:      50811
cpu2->cpu2_ITLB LOAD         ACCESS:   17374118 HIT:   17286037 MISS:      88081 MSHR_MERGE:      50811
cpu2->cpu2_ITLB RFO          ACCESS:          0 HIT:          0 MISS:          0 MSHR_MERGE:          0
cpu2->cpu2_ITLB PREFETCH     ACCESS:          0 HIT:          0 MISS:          0 MSHR_MERGE:          0
cpu2->cpu2_ITLB WRITE        ACCESS:          0 HIT:          0 MISS:          0 MSHR_MERGE:          0
cpu2->cpu2_ITLB TRANSLATION  ACCESS:          0 HIT:          0 MISS:          0 MSHR_MERGE:          0
cpu2->cpu2_ITLB PREFETCH REQUESTED:          0 ISSUED:          0 USEFUL:          0 USELESS:          0
cpu2->cpu2_ITLB AVERAGE MISS LATENCY: 5.087 cycles
cpu2->cpu2_DTLB TOTAL        ACCESS:   24417625 HIT:   20775241 MISS:    3642384 MSHR_MERGE:    1167326
cpu2->cpu2_DTLB LOAD         ACCESS:   24417625 HIT:   20775241 MISS:    3642384 MSHR_MERGE:    1167326
cpu2->cpu2_DTLB RFO          ACCESS:          0 HIT:          0 MISS:          0 MSHR_MERGE:          0
cpu2->cpu2_DTLB PREFETCH     ACCESS:          0 HIT:          0 MISS:          0 MSHR_MERGE:          0
cpu2->cpu2_DTLB WRITE        ACCESS:          0 HIT:          0 MISS:          0 MSHR_MERGE:          0
cpu2->cpu2_DTLB TRANSLATION  ACCESS:          0 HIT:          0 MISS:          0 MSHR_MERGE:          0
cpu2->cpu2_DTLB PREFETCH REQUESTED:          0 ISSUED:          0 USEFUL:          0 USELESS:          0
cpu2->cpu2_DTLB AVERAGE MISS LATENCY: 5.072 cycles
cpu1->cpu1_STLB TOTAL        ACCESS:    2519671 HIT:    2519221 MISS:        450 MSHR_MERGE:          0
cpu1->cpu1_STLB LOAD         ACCESS:    2519671 HIT:    2519221 MISS:        450 MSHR_MERGE:          0
cpu1->cpu1_STLB RFO          ACCESS:          0 HIT:          0 MISS:          0 MSHR_MERGE:          0
cpu1->cpu1_STLB PREFETCH     ACCESS:          0 HIT:          0 MISS:          0 MSHR_MERGE:          0
cpu1->cpu1_STLB WRITE        ACCESS:          0 HIT:          0 MISS:          0 MSHR_MERGE:          0
cpu1->cpu1_STLB TRANSLATION  ACCESS:          0 HIT:          0 MISS:          0 MSHR_MERGE:          0
cpu1->cpu1_STLB PREFETCH REQUESTED:          0 ISSUED:          0 USEFUL:          0 USELESS:          0
cpu1->cpu1_STLB AVERAGE MISS LATENCY: 408.5 cycles
cpu1->cpu1_L2C TOTAL        ACCESS:    4871505 HIT:    4503150 MISS:     368355 MSHR_MERGE:          0
cpu1->cpu1_L2C LOAD         ACCESS:    4411675 HIT:    4205518 MISS:     206157 MSHR_MERGE:          0
cpu1->cpu1_L2C RFO          ACCESS:     188272 HIT:      26456 MISS:     161816 MSHR_MERGE:          0
cpu1->cpu1_L2C PREFETCH     ACCESS:          0 HIT:          0 MISS:          0 MSHR_MERGE:          0
cpu1->cpu1_L2C WRITE        ACCESS:     271092 HIT:     271089 MISS:          3 MSHR_MERGE:          0
cpu1->cpu1_L2C TRANSLATION  ACCESS:        466 HIT:         87 MISS:        379 MSHR_MERGE:          0
cpu1->cpu1_L2C PREFETCH REQUESTED:          0 ISSUED:          0 USEFUL:          0 USELESS:          0
cpu1->cpu1_L2C AVERAGE MISS LATENCY: 126.6 cycles
cpu1->cpu1_L1I TOTAL        ACCESS:   18664862 HIT:   18296111 MISS:     368751 MSHR_MERGE:     112784
cpu1->cpu1_L1I LOAD         ACCESS:   18664862 HIT:   18296111 MISS:     368751 MSHR_MERGE:     112784
cpu1->cpu1_L1I RFO          ACCESS:          0 HIT:          0 MISS:          0 MSHR_MERGE:          0
cpu1->cpu1_L1I PREFETCH     ACCESS:          0 HIT:          0 MISS:          0 MSHR_MERGE:          0
cpu1->cpu1_L1I WRITE        ACCESS:          0 HIT:          0 MISS:          0 MSHR_MERGE:          0
cpu1->cpu1_L1I TRANSLATION  ACCESS:          0 HIT:          0 MISS:          0 MSHR_MERGE:          0
cpu1->cpu1_L1I PREFETCH REQUESTED:          0 ISSUED:          0 USEFUL:          0 USELESS:          0
cpu1->cpu1_L1I AVERAGE MISS LATENCY: 8.689 cycles
cpu1->cpu1_L1D TOTAL        ACCESS:   25534157 HIT:   19354608 MISS:    6179549 MSHR_MERGE:    1835101
cpu1->cpu1_L1D LOAD         ACCESS:   18266949 HIT:   12809572 MISS:    5457377 MSHR_MERGE:    1301667
cpu1->cpu1_L1D RFO          ACCESS:          0 HIT:          0 MISS:          0 MSHR_MERGE:          0
cpu1->cpu1_L1D PREFETCH     ACCESS:          0 HIT:          0 MISS:          0 MSHR_MERGE:          0
cpu1->cpu1_L1D WRITE        ACCESS:    7266740 HIT:    6545034 MISS:     721706 MSHR_MERGE:     533434
cpu1->cpu1_L1D TRANSLATION  ACCESS:        468 HIT:          2 MISS:        466 MSHR_MERGE:          0
cpu1->cpu1_L1D PREFETCH REQUESTED:          0 ISSUED:          0 USEFUL:          0 USELESS:          0
cpu1->cpu1_L1D AVERAGE MISS LATENCY: 18.87 cycles
cpu1->cpu1_ITLB TOTAL        ACCESS:   17429117 HIT:   17340618 MISS:      88499 MSHR_MERGE:      51059
cpu1->cpu1_ITLB LOAD         ACCESS:   17429117 HIT:   17340618 MISS:      88499 MSHR_MERGE:      51059
cpu1->cpu1_ITLB RFO          ACCESS:          0 HIT:          0 MISS:          0 MSHR_MERGE:          0
cpu1->cpu1_ITLB PREFETCH     ACCESS:          0 HIT:          0 MISS:          0 MSHR_MERGE:          0
cpu1->cpu1_ITLB WRITE        ACCESS:          0 HIT:          0 MISS:          0 MSHR_MERGE:          0
cpu1->cpu1_ITLB TRANSLATION  ACCESS:          0 HIT:          0 MISS:          0 MSHR_MERGE:          0
cpu1->cpu1_ITLB PREFETCH REQUESTED:          0 ISSUED:          0 USEFUL:          0 USELESS:          0
cpu1->cpu1_ITLB AVERAGE MISS LATENCY: 5.087 cycles
cpu1->cpu1_DTLB TOTAL        ACCESS:   24504374 HIT:   20853286 MISS:    3651088 MSHR_MERGE:    1168858
cpu1->cpu1_DTLB LOAD         ACCESS:   24504374 HIT:   20853286 MISS:    3651088 MSHR_MERGE:    1168858
cpu1->cpu1_DTLB RFO          ACCESS:          0 HIT:          0 MISS:          0 MSHR_MERGE:          0
cpu1->cpu1_DTLB PREFETCH     ACCESS:          0 HIT:          0 MISS:          0 MSHR_MERGE:          0
cpu1->cpu1_DTLB WRITE        ACCESS:          0 HIT:          0 MISS:          0 MSHR_MERGE:          0
cpu1->cpu1_DTLB TRANSLATION  ACCESS:          0 HIT:          0 MISS:          0 MSHR_MERGE:          0
cpu1->cpu1_DTLB PREFETCH REQUESTED:          0 ISSUED:          0 USEFUL:          0 USELESS:          0
cpu1->cpu1_DTLB AVERAGE MISS LATENCY: 5.073 cycles
cpu0->cpu0_STLB TOTAL        ACCESS:    2524448 HIT:    2523997 MISS:        451 MSHR_MERGE:          0
cpu0->cpu0_STLB LOAD         ACCESS:    2524448 HIT:    2523997 MISS:        451 MSHR_MERGE:          0
cpu0->cpu0_STLB RFO          ACCESS:          0 HIT:          0 MISS:          0 MSHR_MERGE:          0
cpu0->cpu0_STLB PREFETCH     ACCESS:          0 HIT:          0 MISS:          0 MSHR_MERGE:          0
cpu0->cpu0_STLB WRITE        ACCESS:          0 HIT:          0 MISS:          0 MSHR_MERGE:          0
cpu0->cpu0_STLB TRANSLATION  ACCESS:          0 HIT:          0 MISS:          0 MSHR_MERGE:          0
cpu0->cpu0_STLB PREFETCH REQUESTED:          0 ISSUED:          0 USEFUL:          0 USELESS:          0
cpu0->cpu0_STLB AVERAGE MISS LATENCY: 403.8 cycles
cpu0->cpu0_L2C TOTAL        ACCESS:    4881076 HIT:    4554527 MISS:     326549 MSHR_MERGE:          0
cpu0->cpu0_L2C LOAD         ACCESS:    4419877 HIT:    4257901 MISS:     161976 MSHR_MERGE:          0
cpu0->cpu0_L2C RFO          ACCESS:     188895 HIT:      24719 MISS:     164176 MSHR_MERGE:          0
cpu0->cpu0_L2C PREFETCH     ACCESS:          0 HIT:          0 MISS:          0 MSHR_MERGE:          0
cpu0->cpu0_L2C WRITE        ACCESS:     271837 HIT:     271833 MISS:          4 MSHR_MERGE:          0
cpu0->cpu0_L2C TRANSLATION  ACCESS:        467 HIT:         74 MISS:        393 MSHR_MERGE:          0
cpu0->cpu0_L2C PREFETCH REQUESTED:          0 ISSUED:          0 USEFUL:          0 USELESS:          0
cpu0->cpu0_L2C AVERAGE MISS LATENCY: 140.8 cycles
cpu0->cpu0_L1I TOTAL        ACCESS:   18693009 HIT:   18323855 MISS:     369154 MSHR_MERGE:     112279
cpu0->cpu0_L1I LOAD         ACCESS:   18693009 HIT:   18323855 MISS:     369154 MSHR_MERGE:     112279
cpu0->cpu0_L1I RFO          ACCESS:          0 HIT:          0 MISS:          0 MSHR_MERGE:          0
cpu0->cpu0_L1I PREFETCH     ACCESS:          0 HIT:          0 MISS:          0 MSHR_MERGE:          0
cpu0->cpu0_L1I WRITE        ACCESS:          0 HIT:          0 MISS:          0 MSHR_MERGE:          0
cpu0->cpu0_L1I TRANSLATION  ACCESS:          0 HIT:          0 MISS:          0 MSHR_MERGE:          0
cpu0->cpu0_L1I PREFETCH REQUESTED:          0 ISSUED:          0 USEFUL:          0 USELESS:          0
cpu0->cpu0_L1I AVERAGE MISS LATENCY: 8.557 cycles
cpu0->cpu0_L1D TOTAL        ACCESS:   25596669 HIT:   19413438 MISS:    6183231 MSHR_MERGE:    1830866
cpu0->cpu0_L1D LOAD         ACCESS:   18304853 HIT:   12845922 MISS:    5458931 MSHR_MERGE:    1295928
cpu0->cpu0_L1D RFO          ACCESS:          0 HIT:          0 MISS:          0 MSHR_MERGE:          0
cpu0->cpu0_L1D PREFETCH     ACCESS:          0 HIT:          0 MISS:          0 MSHR_MERGE:          0
cpu0->cpu0_L1D WRITE        ACCESS:    7291347 HIT:    6567514 MISS:     723833 MSHR_MERGE:     534938
cpu0->cpu0_L1D TRANSLATION  ACCESS:        469 HIT:          2 MISS:        467 MSHR_MERGE:          0
cpu0->cpu0_L1D PREFETCH REQUESTED:          0 ISSUED:          0 USEFUL:          0 USELESS:          0
cpu0->cpu0_L1D AVERAGE MISS LATENCY: 18.7 cycles
cpu0->cpu0_ITLB TOTAL        ACCESS:   17461337 HIT:   17372529 MISS:      88808 MSHR_MERGE:      51239
cpu0->cpu0_ITLB LOAD         ACCESS:   17461337 HIT:   17372529 MISS:      88808 MSHR_MERGE:      51239
cpu0->cpu0_ITLB RFO          ACCESS:          0 HIT:          0 MISS:          0 MSHR_MERGE:          0
cpu0->cpu0_ITLB PREFETCH     ACCESS:          0 HIT:          0 MISS:          0 MSHR_MERGE:          0
cpu0->cpu0_ITLB WRITE        ACCESS:          0 HIT:          0 MISS:          0 MSHR_MERGE:          0
cpu0->cpu0_ITLB TRANSLATION  ACCESS:          0 HIT:          0 MISS:          0 MSHR_MERGE:          0
cpu0->cpu0_ITLB PREFETCH REQUESTED:          0 ISSUED:          0 USEFUL:          0 USELESS:          0
cpu0->cpu0_ITLB AVERAGE MISS LATENCY: 5.09 cycles
cpu0->cpu0_DTLB TOTAL        ACCESS:   24563655 HIT:   20909869 MISS:    3653786 MSHR_MERGE:    1166907
cpu0->cpu0_DTLB LOAD         ACCESS:   24563655 HIT:   20909869 MISS:    3653786 MSHR_MERGE:    1166907
cpu0->cpu0_DTLB RFO          ACCESS:          0 HIT:          0 MISS:          0 MSHR_MERGE:          0
cpu0->cpu0_DTLB PREFETCH     ACCESS:          0 HIT:          0 MISS:          0 MSHR_MERGE:          0
cpu0->cpu0_DTLB WRITE        ACCESS:          0 HIT:          0 MISS:          0 MSHR_MERGE:          0
cpu0->cpu0_DTLB TRANSLATION  ACCESS:          0 HIT:          0 MISS:          0 MSHR_MERGE:          0
cpu0->cpu0_DTLB PREFETCH REQUESTED:          0 ISSUED:          0 USEFUL:          0 USELESS:          0
cpu0->cpu0_DTLB AVERAGE MISS LATENCY: 5.072 cycles
cpu0->LLC TOTAL        ACCESS:     511911 HIT:     333550 MISS:     178361 MSHR_MERGE:          0
cpu0->LLC LOAD         ACCESS:     161976 HIT:     138756 MISS:      23220 MSHR_MERGE:          0
cpu0->LLC RFO          ACCESS:     164176 HIT:      10225 MISS:     153951 MSHR_MERGE:          0
cpu0->LLC PREFETCH     ACCESS:          0 HIT:          0 MISS:          0 MSHR_MERGE:          0
cpu0->LLC WRITE        ACCESS:     185366 HIT:     184491 MISS:        875 MSHR_MERGE:          0
cpu0->LLC TRANSLATION  ACCESS:        393 HIT:         78 MISS:        315 MSHR_MERGE:          0
cpu0->LLC PREFETCH REQUESTED:          0 ISSUED:          0 USEFUL:          0 USELESS:          0
cpu0->LLC AVERAGE MISS LATENCY: 917 cycles
cpu1->LLC TOTAL        ACCESS:     551863 HIT:     373877 MISS:     177986 MSHR_MERGE:          0
cpu1->LLC LOAD         ACCESS:     206156 HIT:     182883 MISS:      23273 MSHR_MERGE:          0
cpu1->LLC RFO          ACCESS:     161816 HIT:       8241 MISS:     153575 MSHR_MERGE:          0
cpu1->LLC PREFETCH     ACCESS:          0 HIT:          0 MISS:          0 MSHR_MERGE:          0
cpu1->LLC WRITE        ACCESS:     183512 HIT:     182688 MISS:        824 MSHR_MERGE:          0
cpu1->LLC TRANSLATION  ACCESS:        379 HIT:         65 MISS:        314 MSHR_MERGE:          0
cpu1->LLC PREFETCH REQUESTED:          0 ISSUED:          0 USEFUL:          0 USELESS:          0
cpu1->LLC AVERAGE MISS LATENCY: 918.9 cycles
cpu2->LLC TOTAL        ACCESS:     557421 HIT:     380305 MISS:     177116 MSHR_MERGE:          0
cpu2->LLC LOAD         ACCESS:     214834 HIT:     191669 MISS:      23165 MSHR_MERGE:          0
cpu2->LLC RFO          ACCESS:     161146 HIT:       8269 MISS:     152877 MSHR_MERGE:          0
cpu2->LLC PREFETCH     ACCESS:          0 HIT:          0 MISS:          0 MSHR_MERGE:          0
cpu2->LLC WRITE        ACCESS:     181061 HIT:     180300 MISS:        761 MSHR_MERGE:          0
cpu2->LLC TRANSLATION  ACCESS:        380 HIT:         67 MISS:        313 MSHR_MERGE:          0
cpu2->LLC PREFETCH REQUESTED:          0 ISSUED:          0 USEFUL:          0 USELESS:          0
cpu2->LLC AVERAGE MISS LATENCY: 923.4 cycles
cpu3->LLC TOTAL        ACCESS:     487423 HIT:     308364 MISS:     179059 MSHR_MERGE:          0
cpu3->LLC LOAD         ACCESS:     141592 HIT:     118117 MISS:      23475 MSHR_MERGE:          0
cpu3->LLC RFO          ACCESS:     162949 HIT:       8490 MISS:     154459 MSHR_MERGE:          0
cpu3->LLC PREFETCH     ACCESS:          0 HIT:          0 MISS:          0 MSHR_MERGE:          0
cpu3->LLC WRITE        ACCESS:     182501 HIT:     181690 MISS:        811 MSHR_MERGE:          0
cpu3->LLC TRANSLATION  ACCESS:        381 HIT:         67 MISS:        314 MSHR_MERGE:          0
cpu3->LLC PREFETCH REQUESTED:          0 ISSUED:          0 USEFUL:          0 USELESS:          0
cpu3->LLC AVERAGE MISS LATENCY: 913.4 cycles

DRAM Statistics

Channel 0 READ REQS:     354581	WRITE REQS:     298606
  READS:     354581	READ_HITS:     137174
  WRITES:     298591	WRITE HITS:      37833
  ACTIVATES:     478165	PRECHARGES:     478141
  RQ FULL:          0	WQ FULL:         53
  WRITE DRAINS:      45854	FORCED:         70
  MEAN WRITE IMBALANCE: 1.4170410433113796
  READ LATENCY: 54.544123909628546

Channel 1 READ REQS:     354670	WRITE REQS:     298644
  READS:     354670	READ_HITS:     137207
  WRITES:     298632	WRITE HITS:      37243
  ACTIVATES:     478852	PRECHARGES:     478827
  RQ FULL:          0	WQ FULL:          0
  WRITE DRAINS:      45829	FORCED:         62
  MEAN WRITE IMBALANCE: 1.4118789412817212
  READ LATENCY: 54.538294752868865
