---------------------------------------
Begin Slurm Prolog: Apr-07-2025 19:31:06
Job ID:    3599874
User ID:   svittal8
Account:   gts-mqureshi4-rg
Job name:  wrap
Partition: cpu-small
QOS:       inferno
---------------------------------------
/var/lib/slurm/slurmd/job3599874/slurm_script: line 4: 2207137 Floating point exception./bin/bard_close TRACES/ctf/ligra/ligra_BC.com-lj.ungraph.gcc_6.3.0_O3.drop_15500M.length_250M.champsimtrace.xz TRACES/ctf/ligra/ligra_BC.com-lj.ungraph.gcc_6.3.0_O3.drop_15500M.length_250M.champsimtrace.xz TRACES/ctf/ligra/ligra_BC.com-lj.ungraph.gcc_6.3.0_O3.drop_15500M.length_250M.champsimtrace.xz TRACES/ctf/ligra/ligra_BC.com-lj.ungraph.gcc_6.3.0_O3.drop_15500M.length_250M.champsimtrace.xz TRACES/ctf/ligra/ligra_BC.com-lj.ungraph.gcc_6.3.0_O3.drop_15500M.length_250M.champsimtrace.xz TRACES/ctf/ligra/ligra_BC.com-lj.ungraph.gcc_6.3.0_O3.drop_15500M.length_250M.champsimtrace.xz TRACES/ctf/ligra/ligra_BC.com-lj.ungraph.gcc_6.3.0_O3.drop_15500M.length_250M.champsimtrace.xz TRACES/ctf/ligra/ligra_BC.com-lj.ungraph.gcc_6.3.0_O3.drop_15500M.length_250M.champsimtrace.xz --warmup-instructions 25000000 --simulation-instructions 100000000 --dram-page-policy 1 --bard-use-bitvector --bard-max-lookup 8
---------------------------------------
Begin Slurm Epilog: Apr-07-2025 19:31:08
Job ID:        3599874
User ID:       svittal8
Account:       gts-mqureshi4-rg
Job name:      wrap
Resources:     cpu=1,mem=4G,node=1
Rsrc Used:     cput=00:00:04,vmem=0,walltime=00:00:04,mem=22468K,energy_used=0
Partition:     cpu-small
QOS:           inferno
Nodes:         atl1-1-02-002-26-2
---------------------------------------
