[VMEM] WARNING: physical memory size is smaller than virtual memory size.

*** ChampSim Multicore Out-of-Order Simulator ***
Warmup Instructions: 25000000
Simulation Instructions: 25000000
Number of CPUs: 8
Page size: 2097152

initializing BARD -- num sampled sets: 64, modulus = 256
CL :	 16.64 ns
CWL :	 15.808 ns
tRP :	 16.224 ns
tRCD :	 16.224 ns
tRAS :	 32.032000000000004 ns
tRTP :	 7.904 ns
tWR :	 30.368000000000002 ns

tCCD_S :	 3.3280000000000003 ns
tCCD_S_WR :	 3.3280000000000003 ns
tCCD_S_WTR :	 22.048000000000002 ns
tCCD_L :	 5.408 ns
tCCD_L_WR :	 20.384 ns
tCCD_L_WTR :	 29.536 ns
tRRD_S :	 3.3280000000000003 ns
tRRD_L :	 5.408 ns
tFAW :	 13.728 ns
Address mapping (perm = 1) 	ch co bg bg bg ba ba co co co co co co ro ro ro ro ro ro ro ro ro ro ro ro ro ro ro 
dram queue size: R = 64 W = 48 (low:high is 9:39)
num evicts: 0, p: 0, s: 0 	 max proactive lookup: 16, max shadow lookup: 16
current cycle = 58420, last update cycle = 0, delta = 58420
	load umon |	misses = 202, hits= 1 0 0 0 0 0 0 0 0 0 0 0 0 0 0 5
	write umon |	misses = 0, hits= 0 0 0 0 0 0 0 0 0 0 0 0 0 0 0 0
num evicts: 100000, p: 30431, s: 0 	 max proactive lookup: 16, max shadow lookup: 16
current cycle = 624597, last update cycle = 0, delta = 624597
	load umon |	misses = 1410, hits= 1 0 0 0 0 0 0 1 0 0 0 0 0 0 0 12
	write umon |	misses = 353, hits= 0 0 0 0 0 0 0 0 0 0 0 0 0 0 0 0
num evicts: 200000, p: 55107, s: 0 	 max proactive lookup: 16, max shadow lookup: 16
current cycle = 809852, last update cycle = 0, delta = 809852
	load umon |	misses = 1802, hits= 1 0 0 0 0 0 0 1 0 0 0 0 0 0 0 12
	write umon |	misses = 640, hits= 0 0 0 0 0 0 0 0 0 0 0 0 0 0 0 0
num evicts: 300000, p: 90294, s: 0 	 max proactive lookup: 16, max shadow lookup: 16
current cycle = 995101, last update cycle = 0, delta = 995101
	load umon |	misses = 2194, hits= 1 0 0 0 0 0 0 1 0 0 0 0 0 0 0 12
	write umon |	misses = 976, hits= 0 0 0 0 0 0 0 0 0 0 0 0 0 0 0 0
num evicts: 400000, p: 117244, s: 0 	 max proactive lookup: 16, max shadow lookup: 16
current cycle = 1182049, last update cycle = 0, delta = 1182049
	load umon |	misses = 2595, hits= 1 0 0 0 0 0 0 1 0 0 0 0 0 0 0 19
	write umon |	misses = 1328, hits= 0 0 0 0 0 0 0 0 0 0 0 0 0 0 0 0
num evicts: 500000, p: 145238, s: 0 	 max proactive lookup: 16, max shadow lookup: 16
current cycle = 1367305, last update cycle = 0, delta = 1367305
	load umon |	misses = 2981, hits= 1 0 0 0 0 0 0 1 0 0 0 0 0 0 0 19
	write umon |	misses = 1610, hits= 0 0 0 0 0 0 0 0 0 0 0 0 0 0 0 0
num evicts: 600000, p: 187244, s: 0 	 max proactive lookup: 16, max shadow lookup: 16
current cycle = 1552562, last update cycle = 0, delta = 1552562
	load umon |	misses = 3363, hits= 1 0 0 0 0 0 0 1 0 0 0 0 0 0 0 19
	write umon |	misses = 1992, hits= 0 0 0 0 0 0 0 0 0 0 0 0 0 0 0 0
num evicts: 700000, p: 220206, s: 0 	 max proactive lookup: 16, max shadow lookup: 16
current cycle = 1738212, last update cycle = 0, delta = 1738212
	load umon |	misses = 3756, hits= 1 0 0 0 0 0 0 1 0 0 0 0 0 0 3 23
	write umon |	misses = 2289, hits= 0 0 0 0 0 0 0 0 0 0 0 0 0 0 0 0
num evicts: 800000, p: 261869, s: 0 	 max proactive lookup: 16, max shadow lookup: 16
current cycle = 1924712, last update cycle = 0, delta = 1924712
	load umon |	misses = 4148, hits= 1 0 0 0 0 0 0 1 0 0 0 0 0 0 3 23
	write umon |	misses = 2681, hits= 0 0 0 0 0 0 0 0 0 0 0 0 0 0 0 0
num evicts: 900000, p: 293463, s: 0 	 max proactive lookup: 16, max shadow lookup: 16
current cycle = 2109968, last update cycle = 0, delta = 2109968
	load umon |	misses = 4540, hits= 1 0 0 0 0 0 0 1 0 0 0 0 0 0 3 23
	write umon |	misses = 2969, hits= 0 0 0 0 0 0 0 0 0 0 0 0 0 0 0 0
num evicts: 1000000, p: 339463, s: 0 	 max proactive lookup: 16, max shadow lookup: 16
current cycle = 2295257, last update cycle = 0, delta = 2295257
	load umon |	misses = 4932, hits= 1 0 1 0 0 0 0 1 0 0 0 0 0 0 7 26
	write umon |	misses = 3361, hits= 0 0 0 0 0 0 0 0 0 0 0 0 0 0 0 0
num evicts: 1100000, p: 368725, s: 0 	 max proactive lookup: 16, max shadow lookup: 16
current cycle = 2482036, last update cycle = 0, delta = 2482036
	load umon |	misses = 5319, hits= 1 0 1 0 0 0 0 1 0 0 0 0 0 0 7 26
	write umon |	misses = 3644, hits= 0 0 0 0 0 0 0 0 0 0 0 0 0 0 0 0
num evicts: 1200000, p: 414765, s: 0 	 max proactive lookup: 16, max shadow lookup: 16
current cycle = 2667392, last update cycle = 0, delta = 2667392
	load umon |	misses = 5710, hits= 1 0 1 0 0 0 0 1 0 0 0 0 0 0 7 26
	write umon |	misses = 4035, hits= 0 0 0 0 0 0 0 0 0 0 0 0 0 0 0 0
num evicts: 1300000, p: 440120, s: 0 	 max proactive lookup: 16, max shadow lookup: 16
current cycle = 2852665, last update cycle = 0, delta = 2852665
	load umon |	misses = 6101, hits= 1 0 1 1 0 0 0 1 0 0 0 0 0 0 11 29
	write umon |	misses = 4321, hits= 0 0 0 0 0 0 0 0 0 0 0 0 0 0 0 0
num evicts: 1400000, p: 475879, s: 0 	 max proactive lookup: 16, max shadow lookup: 16
current cycle = 3038033, last update cycle = 0, delta = 3038033
	load umon |	misses = 6492, hits= 1 0 1 1 0 0 0 1 0 0 0 0 0 0 11 29
	write umon |	misses = 4664, hits= 0 0 0 0 0 0 0 0 0 0 0 0 0 0 0 0
num evicts: 1500000, p: 506025, s: 0 	 max proactive lookup: 16, max shadow lookup: 16
current cycle = 3224802, last update cycle = 0, delta = 3224802
	load umon |	misses = 6884, hits= 1 0 1 1 0 0 0 1 0 0 0 0 0 0 11 29
	write umon |	misses = 5000, hits= 0 0 0 0 0 0 0 0 0 0 0 0 0 0 0 0
num evicts: 1600000, p: 535658, s: 0 	 max proactive lookup: 16, max shadow lookup: 16
current cycle = 3410072, last update cycle = 0, delta = 3410072
	load umon |	misses = 7277, hits= 1 0 1 1 0 0 0 1 0 0 0 0 0 0 16 31
	write umon |	misses = 5295, hits= 0 0 0 0 0 0 0 0 0 0 0 0 0 0 0 0
num evicts: 1700000, p: 568405, s: 0 	 max proactive lookup: 16, max shadow lookup: 16
current cycle = 3595320, last update cycle = 0, delta = 3595320
	load umon |	misses = 7669, hits= 1 0 1 1 0 0 0 1 0 0 0 0 0 0 16 31
	write umon |	misses = 5687, hits= 0 0 0 0 0 0 0 0 0 0 0 0 0 0 0 0
num evicts: 1800000, p: 598978, s: 0 	 max proactive lookup: 16, max shadow lookup: 16
current cycle = 3781809, last update cycle = 0, delta = 3781809
	load umon |	misses = 8057, hits= 1 0 1 1 0 0 0 1 0 0 0 0 0 0 16 31
	write umon |	misses = 5973, hits= 0 0 0 0 0 0 0 0 0 0 0 0 0 0 0 0
num evicts: 1900000, p: 639125, s: 0 	 max proactive lookup: 16, max shadow lookup: 16
current cycle = 3967478, last update cycle = 0, delta = 3967478
	load umon |	misses = 8449, hits= 1 0 1 1 1 0 0 1 0 0 0 0 0 1 20 33
	write umon |	misses = 6365, hits= 0 0 0 0 0 0 0 0 0 0 0 0 0 0 0 0
num evicts: 2000000, p: 666506, s: 0 	 max proactive lookup: 16, max shadow lookup: 16
current cycle = 4152726, last update cycle = 0, delta = 4152726
	load umon |	misses = 8837, hits= 1 0 1 1 1 0 0 1 0 0 0 0 0 1 20 33
	write umon |	misses = 6649, hits= 0 0 0 0 0 0 0 0 0 0 0 0 0 0 0 0
Heartbeat CPU 0 instructions: 10000004 cycles: 4280006 heartbeat IPC: 2.336 cumulative IPC: 2.336 (Simulation time: 00 hr 18 min 18 sec)
Heartbeat CPU 1 instructions: 10000004 cycles: 4280640 heartbeat IPC: 2.336 cumulative IPC: 2.336 (Simulation time: 00 hr 18 min 18 sec)
Heartbeat CPU 2 instructions: 10000004 cycles: 4280994 heartbeat IPC: 2.336 cumulative IPC: 2.336 (Simulation time: 00 hr 18 min 19 sec)
Heartbeat CPU 3 instructions: 10000004 cycles: 4281187 heartbeat IPC: 2.336 cumulative IPC: 2.336 (Simulation time: 00 hr 18 min 19 sec)
Heartbeat CPU 4 instructions: 10000004 cycles: 4281508 heartbeat IPC: 2.336 cumulative IPC: 2.336 (Simulation time: 00 hr 18 min 19 sec)
Heartbeat CPU 5 instructions: 10000004 cycles: 4281605 heartbeat IPC: 2.336 cumulative IPC: 2.336 (Simulation time: 00 hr 18 min 19 sec)
Heartbeat CPU 6 instructions: 10000004 cycles: 4281732 heartbeat IPC: 2.336 cumulative IPC: 2.336 (Simulation time: 00 hr 18 min 19 sec)
Heartbeat CPU 7 instructions: 10000004 cycles: 4281822 heartbeat IPC: 2.335 cumulative IPC: 2.335 (Simulation time: 00 hr 18 min 19 sec)
num evicts: 2100000, p: 707300, s: 0 	 max proactive lookup: 16, max shadow lookup: 16
current cycle = 4337982, last update cycle = 0, delta = 4337982
	load umon |	misses = 9229, hits= 1 0 1 1 1 0 0 1 0 0 0 0 0 1 20 33
	write umon |	misses = 7041, hits= 0 0 0 0 0 0 0 0 0 0 0 0 0 0 0 0
num evicts: 2200000, p: 733288, s: 0 	 max proactive lookup: 16, max shadow lookup: 16
current cycle = 4524885, last update cycle = 0, delta = 4524885
	load umon |	misses = 9622, hits= 1 0 1 1 1 0 0 1 0 0 0 0 0 2 23 36
	write umon |	misses = 7328, hits= 0 0 0 0 0 0 0 0 0 0 0 0 0 0 0 0
num evicts: 2300000, p: 773378, s: 0 	 max proactive lookup: 16, max shadow lookup: 16
current cycle = 4710133, last update cycle = 0, delta = 4710133
	load umon |	misses = 10014, hits= 1 0 1 1 1 0 0 1 0 0 0 0 0 2 23 36
	write umon |	misses = 7720, hits= 0 0 0 0 0 0 0 0 0 0 0 0 0 0 0 0
num evicts: 2400000, p: 800838, s: 0 	 max proactive lookup: 16, max shadow lookup: 16
current cycle = 4895389, last update cycle = 0, delta = 4895389
	load umon |	misses = 10406, hits= 1 0 1 1 1 0 0 1 0 0 0 0 0 2 23 36
	write umon |	misses = 8009, hits= 0 0 0 0 0 0 0 0 0 0 0 0 0 0 0 0
num evicts: 2500000, p: 838385, s: 0 	 max proactive lookup: 16, max shadow lookup: 16
current cycle = 5081564, last update cycle = 5000000, delta = 81564
	load umon |	misses = 5483, hits= 0 0 0 0 1 0 0 0 0 0 0 0 0 2 15 20
	write umon |	misses = 4240, hits= 0 0 0 0 0 0 0 0 0 0 0 0 0 0 0 0
num evicts: 2600000, p: 869966, s: 0 	 max proactive lookup: 16, max shadow lookup: 16
current cycle = 5267541, last update cycle = 5000000, delta = 267541
	load umon |	misses = 5871, hits= 0 0 0 0 1 0 0 0 0 0 0 0 0 2 15 20
	write umon |	misses = 4575, hits= 0 0 0 0 0 0 0 0 0 0 0 0 0 0 0 0
num evicts: 2700000, p: 901355, s: 0 	 max proactive lookup: 16, max shadow lookup: 16
current cycle = 5452797, last update cycle = 5000000, delta = 452797
	load umon |	misses = 6263, hits= 0 0 0 0 1 0 0 0 0 0 0 0 0 2 15 20
	write umon |	misses = 4865, hits= 0 0 0 0 0 0 0 0 0 0 0 0 0 0 0 0
num evicts: 2800000, p: 938090, s: 0 	 max proactive lookup: 16, max shadow lookup: 16
current cycle = 5638068, last update cycle = 5000000, delta = 638068
	load umon |	misses = 6655, hits= 0 0 0 0 1 1 0 0 0 0 0 0 0 3 19 22
	write umon |	misses = 5257, hits= 0 0 0 0 0 0 0 0 0 0 0 0 0 0 0 0
num evicts: 2900000, p: 967294, s: 0 	 max proactive lookup: 16, max shadow lookup: 16
current cycle = 5824908, last update cycle = 5000000, delta = 824908
	load umon |	misses = 7046, hits= 0 0 0 0 1 1 0 0 0 0 0 0 0 3 19 22
	write umon |	misses = 5544, hits= 0 0 0 0 0 0 0 0 0 0 0 0 0 0 0 0
num evicts: 3000000, p: 1006598, s: 0 	 max proactive lookup: 16, max shadow lookup: 16
current cycle = 6010205, last update cycle = 5000000, delta = 1010205
	load umon |	misses = 7438, hits= 0 0 0 0 1 1 0 0 0 0 0 0 0 3 19 22
	write umon |	misses = 5936, hits= 0 0 0 0 0 0 0 0 0 0 0 0 0 0 0 0
num evicts: 3100000, p: 1034287, s: 0 	 max proactive lookup: 16, max shadow lookup: 16
current cycle = 6195475, last update cycle = 5000000, delta = 1195475
	load umon |	misses = 7830, hits= 0 0 0 0 1 2 0 0 0 0 0 0 0 4 23 24
	write umon |	misses = 6223, hits= 0 0 0 0 0 0 0 0 0 0 0 0 0 0 0 0
num evicts: 3200000, p: 1073116, s: 0 	 max proactive lookup: 16, max shadow lookup: 16
current cycle = 6381332, last update cycle = 5000000, delta = 1381332
	load umon |	misses = 8217, hits= 0 0 0 0 1 2 0 0 0 0 0 0 0 4 23 24
	write umon |	misses = 6610, hits= 0 0 0 0 0 0 0 0 0 0 0 0 0 0 0 0
num evicts: 3300000, p: 1100670, s: 0 	 max proactive lookup: 16, max shadow lookup: 16
current cycle = 6567615, last update cycle = 5000000, delta = 1567615
	load umon |	misses = 8608, hits= 0 0 0 0 1 2 0 0 0 0 0 0 0 4 23 24
	write umon |	misses = 6897, hits= 0 0 0 0 0 0 0 0 0 0 0 0 0 0 0 0
num evicts: 3400000, p: 1144011, s: 0 	 max proactive lookup: 16, max shadow lookup: 16
current cycle = 6752881, last update cycle = 5000000, delta = 1752881
	load umon |	misses = 9000, hits= 0 0 0 0 1 2 0 0 0 0 0 0 0 4 29 25
	write umon |	misses = 7289, hits= 0 0 0 0 0 0 0 0 0 0 0 0 0 0 0 0
num evicts: 3500000, p: 1169352, s: 0 	 max proactive lookup: 16, max shadow lookup: 16
current cycle = 6938129, last update cycle = 5000000, delta = 1938129
	load umon |	misses = 9391, hits= 0 0 0 0 1 2 0 0 0 0 0 0 0 4 29 25
	write umon |	misses = 7582, hits= 0 0 0 0 0 0 0 0 0 0 0 0 0 0 0 0
num evicts: 3600000, p: 1206832, s: 0 	 max proactive lookup: 16, max shadow lookup: 16
current cycle = 7124885, last update cycle = 5000000, delta = 2124885
	load umon |	misses = 9784, hits= 0 0 0 0 1 2 0 0 0 0 0 0 0 4 29 25
	write umon |	misses = 7928, hits= 0 0 0 0 0 0 0 0 0 0 0 0 0 0 0 0
num evicts: 3700000, p: 1239222, s: 0 	 max proactive lookup: 16, max shadow lookup: 16
current cycle = 7310281, last update cycle = 5000000, delta = 2310281
	load umon |	misses = 10175, hits= 0 0 0 0 1 2 0 0 0 0 0 0 0 4 29 25
	write umon |	misses = 8264, hits= 0 0 0 0 0 0 0 0 0 0 0 0 0 0 0 0
num evicts: 3800000, p: 1270567, s: 0 	 max proactive lookup: 16, max shadow lookup: 16
current cycle = 7495538, last update cycle = 5000000, delta = 2495538
	load umon |	misses = 10565, hits= 0 0 0 0 1 3 0 0 0 0 0 0 0 4 35 26
	write umon |	misses = 8552, hits= 0 0 0 0 0 0 0 0 0 0 0 0 0 0 0 0
num evicts: 3900000, p: 1307806, s: 0 	 max proactive lookup: 16, max shadow lookup: 16
current cycle = 7681117, last update cycle = 5000000, delta = 2681117
	load umon |	misses = 10949, hits= 0 0 0 0 1 3 0 0 0 0 0 0 0 4 35 26
	write umon |	misses = 8934, hits= 0 0 0 0 0 0 0 0 0 0 0 0 0 0 0 0
num evicts: 4000000, p: 1336761, s: 0 	 max proactive lookup: 16, max shadow lookup: 16
current cycle = 7867690, last update cycle = 5000000, delta = 2867690
	load umon |	misses = 11344, hits= 0 0 0 0 1 3 0 0 0 0 0 0 0 4 35 26
	write umon |	misses = 9224, hits= 0 0 0 0 0 0 0 0 0 0 0 0 0 0 0 0
num evicts: 4100000, p: 1370699, s: 0 	 max proactive lookup: 16, max shadow lookup: 16
current cycle = 8052950, last update cycle = 5000000, delta = 3052950
	load umon |	misses = 11737, hits= 0 0 0 0 1 3 0 0 0 0 0 0 0 4 41 27
	write umon |	misses = 9616, hits= 0 0 0 0 0 0 0 0 0 0 0 0 0 0 0 0
num evicts: 4200000, p: 1396192, s: 0 	 max proactive lookup: 16, max shadow lookup: 16
current cycle = 8238199, last update cycle = 5000000, delta = 3238199
	load umon |	misses = 12129, hits= 0 0 0 0 1 3 0 0 0 0 0 0 0 4 41 27
	write umon |	misses = 9905, hits= 0 0 0 0 0 0 0 0 0 0 0 0 0 0 0 0
num evicts: 4300000, p: 1435900, s: 0 	 max proactive lookup: 16, max shadow lookup: 16
current cycle = 8424785, last update cycle = 5000000, delta = 3424785
	load umon |	misses = 12518, hits= 0 0 0 0 1 3 0 0 0 0 0 0 0 4 41 27
	write umon |	misses = 10293, hits= 0 0 0 0 0 0 0 0 0 0 0 0 0 0 0 0
num evicts: 4400000, p: 1461493, s: 0 	 max proactive lookup: 16, max shadow lookup: 16
current cycle = 8610358, last update cycle = 5000000, delta = 3610358
	load umon |	misses = 12905, hits= 0 0 0 0 1 4 0 0 0 0 0 0 0 4 47 28
	write umon |	misses = 10583, hits= 0 0 0 0 0 0 0 0 0 0 0 0 0 0 0 0
Heartbeat CPU 0 instructions: 20000004 cycles: 8613351 heartbeat IPC: 2.308 cumulative IPC: 2.322 (Simulation time: 00 hr 36 min 30 sec)
Heartbeat CPU 1 instructions: 20000004 cycles: 8614769 heartbeat IPC: 2.307 cumulative IPC: 2.322 (Simulation time: 00 hr 36 min 30 sec)
Heartbeat CPU 2 instructions: 20000004 cycles: 8615257 heartbeat IPC: 2.307 cumulative IPC: 2.321 (Simulation time: 00 hr 36 min 30 sec)
Heartbeat CPU 3 instructions: 20000004 cycles: 8615498 heartbeat IPC: 2.307 cumulative IPC: 2.321 (Simulation time: 00 hr 36 min 30 sec)
Heartbeat CPU 4 instructions: 20000004 cycles: 8615692 heartbeat IPC: 2.307 cumulative IPC: 2.321 (Simulation time: 00 hr 36 min 30 sec)
Heartbeat CPU 5 instructions: 20000004 cycles: 8615876 heartbeat IPC: 2.307 cumulative IPC: 2.321 (Simulation time: 00 hr 36 min 30 sec)
Heartbeat CPU 6 instructions: 20000004 cycles: 8616069 heartbeat IPC: 2.307 cumulative IPC: 2.321 (Simulation time: 00 hr 36 min 30 sec)
Heartbeat CPU 7 instructions: 20000004 cycles: 8616247 heartbeat IPC: 2.307 cumulative IPC: 2.321 (Simulation time: 00 hr 36 min 30 sec)
num evicts: 4500000, p: 1501972, s: 0 	 max proactive lookup: 16, max shadow lookup: 16
current cycle = 8795614, last update cycle = 5000000, delta = 3795614
	load umon |	misses = 13296, hits= 0 0 0 0 1 4 0 0 0 0 0 0 0 4 47 28
	write umon |	misses = 10974, hits= 0 0 0 0 0 0 0 0 0 0 0 0 0 0 0 0
num evicts: 4600000, p: 1527246, s: 0 	 max proactive lookup: 16, max shadow lookup: 16
current cycle = 8980953, last update cycle = 5000000, delta = 3980953
	load umon |	misses = 13682, hits= 0 0 0 0 1 4 0 0 0 0 0 0 0 4 47 28
	write umon |	misses = 11258, hits= 0 0 0 0 0 0 0 0 0 0 0 0 0 0 0 0
num evicts: 4700000, p: 1562236, s: 0 	 max proactive lookup: 16, max shadow lookup: 16
current cycle = 9167771, last update cycle = 5000000, delta = 4167771
	load umon |	misses = 14073, hits= 0 0 0 0 1 5 0 0 0 0 0 0 0 4 53 29
	write umon |	misses = 11608, hits= 0 0 0 0 0 0 0 0 0 0 0 0 0 0 0 0
num evicts: 4800000, p: 1589851, s: 0 	 max proactive lookup: 16, max shadow lookup: 16
current cycle = 9353027, last update cycle = 5000000, delta = 4353027
	load umon |	misses = 14465, hits= 0 0 0 0 1 5 0 0 0 0 0 0 0 4 53 29
	write umon |	misses = 11937, hits= 0 0 0 0 0 0 0 0 0 0 0 0 0 0 0 0
num evicts: 4900000, p: 1621880, s: 0 	 max proactive lookup: 16, max shadow lookup: 16
current cycle = 9538282, last update cycle = 5000000, delta = 4538282
	load umon |	misses = 14857, hits= 0 0 0 0 1 6 0 0 0 0 0 0 0 4 53 29
	write umon |	misses = 12233, hits= 0 0 0 0 0 0 0 0 0 0 0 0 0 0 0 0
num evicts: 5000000, p: 1661077, s: 0 	 max proactive lookup: 16, max shadow lookup: 16
current cycle = 9724647, last update cycle = 5000000, delta = 4724647
	load umon |	misses = 15250, hits= 0 0 0 0 1 6 0 0 0 0 0 0 0 4 59 30
	write umon |	misses = 12617, hits= 0 0 0 0 0 0 0 0 0 0 0 0 0 0 0 0
num evicts: 5100000, p: 1691986, s: 0 	 max proactive lookup: 16, max shadow lookup: 16
current cycle = 9910434, last update cycle = 5000000, delta = 4910434
	load umon |	misses = 15640, hits= 0 0 0 0 1 6 0 0 0 0 0 0 0 4 59 30
	write umon |	misses = 12903, hits= 0 0 0 0 0 0 0 0 0 0 0 0 0 0 0 0
num evicts: 5200000, p: 1731496, s: 0 	 max proactive lookup: 16, max shadow lookup: 16
current cycle = 10095691, last update cycle = 10000000, delta = 95691
	load umon |	misses = 8110, hits= 0 0 0 0 0 3 0 0 0 0 0 0 0 2 29 15
	write umon |	misses = 6742, hits= 0 0 0 0 0 0 0 0 0 0 0 0 0 0 0 0
num evicts: 5300000, p: 1758534, s: 0 	 max proactive lookup: 16, max shadow lookup: 16
current cycle = 10280952, last update cycle = 10000000, delta = 280952
	load umon |	misses = 8502, hits= 0 0 0 0 0 3 0 0 0 0 0 0 0 2 35 16
	write umon |	misses = 7036, hits= 0 0 0 0 0 0 0 0 0 0 0 0 0 0 0 0
num evicts: 5400000, p: 1797089, s: 0 	 max proactive lookup: 16, max shadow lookup: 16
current cycle = 10467766, last update cycle = 10000000, delta = 467766
	load umon |	misses = 8893, hits= 0 0 0 0 0 3 0 0 0 0 0 0 0 2 35 16
	write umon |	misses = 7427, hits= 0 0 0 0 0 0 0 0 0 0 0 0 0 0 0 0
num evicts: 5500000, p: 1821386, s: 0 	 max proactive lookup: 16, max shadow lookup: 16
current cycle = 10653096, last update cycle = 10000000, delta = 653096
	load umon |	misses = 9285, hits= 0 0 0 0 0 3 0 0 0 0 0 0 0 2 35 16
	write umon |	misses = 7717, hits= 0 0 0 0 0 0 0 0 0 0 0 0 0 0 0 0
Warmup finished CPU 0 instructions: 25000004 cycles: 10779054 cumulative IPC: 2.319 (Simulation time: 00 hr 45 min 47 sec)
Warmup finished CPU 1 instructions: 25000004 cycles: 10781016 cumulative IPC: 2.319 (Simulation time: 00 hr 45 min 48 sec)
Warmup finished CPU 2 instructions: 25000004 cycles: 10781505 cumulative IPC: 2.319 (Simulation time: 00 hr 45 min 48 sec)
Warmup finished CPU 3 instructions: 25000004 cycles: 10781834 cumulative IPC: 2.319 (Simulation time: 00 hr 45 min 48 sec)
Warmup finished CPU 4 instructions: 25000004 cycles: 10782004 cumulative IPC: 2.319 (Simulation time: 00 hr 45 min 48 sec)
Warmup finished CPU 5 instructions: 25000004 cycles: 10782252 cumulative IPC: 2.319 (Simulation time: 00 hr 45 min 48 sec)
Warmup finished CPU 6 instructions: 25000004 cycles: 10782381 cumulative IPC: 2.319 (Simulation time: 00 hr 45 min 48 sec)
Warmup finished CPU 7 instructions: 25000004 cycles: 10782582 cumulative IPC: 2.319 (Simulation time: 00 hr 45 min 48 sec)
Warmup complete CPU 7 instructions: 25000004 cycles: 10782582 cumulative IPC: 2.319 (Simulation time: 00 hr 45 min 48 sec)
Warmup complete CPU 6 instructions: 25000374 cycles: 10782582 cumulative IPC: 2.319 (Simulation time: 00 hr 45 min 48 sec)
Warmup complete CPU 5 instructions: 25000694 cycles: 10782582 cumulative IPC: 2.319 (Simulation time: 00 hr 45 min 48 sec)
Warmup complete CPU 4 instructions: 25001269 cycles: 10782582 cumulative IPC: 2.319 (Simulation time: 00 hr 45 min 48 sec)
Warmup complete CPU 3 instructions: 25001509 cycles: 10782582 cumulative IPC: 2.319 (Simulation time: 00 hr 45 min 48 sec)
Warmup complete CPU 2 instructions: 25002229 cycles: 10782582 cumulative IPC: 2.319 (Simulation time: 00 hr 45 min 48 sec)
Warmup complete CPU 1 instructions: 25003349 cycles: 10782582 cumulative IPC: 2.319 (Simulation time: 00 hr 45 min 48 sec)
Warmup complete CPU 0 instructions: 25007509 cycles: 10782582 cumulative IPC: 2.319 (Simulation time: 00 hr 45 min 48 sec)
num evicts: 5600000, p: 1856714, s: 0 	 max proactive lookup: 16, max shadow lookup: 16
current cycle = 11271252, last update cycle = 10000000, delta = 1271252
	load umon |	misses = 9677, hits= 0 0 0 0 0 4 0 0 0 0 0 0 0 3 39 18
	write umon |	misses = 8109, hits= 0 0 0 0 0 0 0 0 0 0 0 0 0 0 0 0
num evicts: 5700000, p: 1877798, s: 0 	 max proactive lookup: 16, max shadow lookup: 16
current cycle = 12664288, last update cycle = 10000000, delta = 2664288
	load umon |	misses = 10068, hits= 0 0 0 0 0 4 0 0 0 0 0 0 0 3 39 18
	write umon |	misses = 8396, hits= 0 0 0 0 0 0 0 0 0 0 0 0 0 0 0 0
num evicts: 5800000, p: 1914625, s: 0 	 max proactive lookup: 16, max shadow lookup: 16
current cycle = 14159921, last update cycle = 10000000, delta = 4159921
	load umon |	misses = 10459, hits= 0 0 0 0 0 4 0 0 0 0 0 0 0 3 39 18
	write umon |	misses = 8748, hits= 0 0 0 0 0 0 0 0 0 0 0 0 0 0 0 0
num evicts: 5900000, p: 1944352, s: 0 	 max proactive lookup: 16, max shadow lookup: 16
current cycle = 15610463, last update cycle = 15000011, delta = 610452
	load umon |	misses = 5499, hits= 0 0 0 0 0 2 0 0 0 0 0 0 0 2 22 9
	write umon |	misses = 4610, hits= 0 0 0 0 0 0 0 0 0 0 0 0 0 0 0 0
num evicts: 6000000, p: 1975419, s: 0 	 max proactive lookup: 16, max shadow lookup: 16
current cycle = 16987559, last update cycle = 15000011, delta = 1987548
	load umon |	misses = 5891, hits= 0 0 0 0 0 2 0 0 0 0 0 0 0 2 22 9
	write umon |	misses = 4908, hits= 0 0 0 0 0 0 0 0 0 0 0 0 0 0 0 0
num evicts: 6100000, p: 2010075, s: 0 	 max proactive lookup: 16, max shadow lookup: 16
current cycle = 18565874, last update cycle = 15000011, delta = 3565863
	load umon |	misses = 6281, hits= 0 0 0 0 0 2 0 0 0 0 0 0 0 2 22 9
	write umon |	misses = 5289, hits= 0 0 0 0 0 0 0 0 0 0 0 0 0 0 0 0
num evicts: 6200000, p: 2038650, s: 0 	 max proactive lookup: 16, max shadow lookup: 16
current cycle = 19927513, last update cycle = 15000011, delta = 4927502
	load umon |	misses = 6671, hits= 0 0 0 0 0 2 1 0 0 0 0 0 0 2 29 9
	write umon |	misses = 5577, hits= 0 0 0 0 0 0 0 0 0 0 0 0 0 0 0 0
num evicts: 6300000, p: 2073156, s: 0 	 max proactive lookup: 16, max shadow lookup: 16
current cycle = 21524882, last update cycle = 20000020, delta = 1524862
	load umon |	misses = 3718, hits= 0 0 0 0 0 1 0 0 0 0 0 0 0 1 14 4
	write umon |	misses = 3171, hits= 0 0 0 0 0 0 0 0 0 0 0 0 0 0 0 0
num evicts: 6400000, p: 2100660, s: 0 	 max proactive lookup: 16, max shadow lookup: 16
current cycle = 22892976, last update cycle = 20000020, delta = 2892956
	load umon |	misses = 4108, hits= 0 0 0 0 0 1 0 0 0 0 0 0 0 1 14 4
	write umon |	misses = 3457, hits= 0 0 0 0 0 0 0 0 0 0 0 0 0 0 0 0
num evicts: 6500000, p: 2140493, s: 0 	 max proactive lookup: 16, max shadow lookup: 16
current cycle = 24469083, last update cycle = 20000020, delta = 4469063
	load umon |	misses = 4500, hits= 0 0 0 0 0 1 1 0 0 0 0 0 0 2 19 5
	write umon |	misses = 3850, hits= 0 0 0 0 0 0 0 0 0 0 0 0 0 0 0 0
num evicts: 6600000, p: 2166172, s: 0 	 max proactive lookup: 16, max shadow lookup: 16
current cycle = 25844982, last update cycle = 25000117, delta = 844865
	load umon |	misses = 2556, hits= 0 0 0 0 0 0 0 0 0 0 0 0 0 1 9 2
	write umon |	misses = 2164, hits= 0 0 0 0 0 0 0 0 0 0 0 0 0 0 0 0
num evicts: 6700000, p: 2203967, s: 0 	 max proactive lookup: 16, max shadow lookup: 16
current cycle = 27425252, last update cycle = 25000117, delta = 2425135
	load umon |	misses = 2948, hits= 0 0 0 0 0 0 0 0 0 0 0 0 0 1 9 2
	write umon |	misses = 2555, hits= 0 0 0 0 0 0 0 0 0 0 0 0 0 0 0 0
Heartbeat CPU 5 instructions: 30000008 cycles: 27759456 heartbeat IPC: 0.5224 cumulative IPC: 0.2945 (Simulation time: 01 hr 13 min 45 sec)
Heartbeat CPU 0 instructions: 30000008 cycles: 27762198 heartbeat IPC: 0.5222 cumulative IPC: 0.294 (Simulation time: 01 hr 13 min 46 sec)
Heartbeat CPU 2 instructions: 30000008 cycles: 27766254 heartbeat IPC: 0.5222 cumulative IPC: 0.2943 (Simulation time: 01 hr 13 min 46 sec)
Heartbeat CPU 6 instructions: 30000008 cycles: 27772722 heartbeat IPC: 0.522 cumulative IPC: 0.2943 (Simulation time: 01 hr 13 min 47 sec)
Heartbeat CPU 3 instructions: 30000008 cycles: 27798277 heartbeat IPC: 0.5213 cumulative IPC: 0.2938 (Simulation time: 01 hr 13 min 49 sec)
Heartbeat CPU 7 instructions: 30000008 cycles: 27803165 heartbeat IPC: 0.5212 cumulative IPC: 0.2938 (Simulation time: 01 hr 13 min 50 sec)
Heartbeat CPU 1 instructions: 30000008 cycles: 27804541 heartbeat IPC: 0.5211 cumulative IPC: 0.2935 (Simulation time: 01 hr 13 min 50 sec)
Heartbeat CPU 4 instructions: 30000008 cycles: 27844139 heartbeat IPC: 0.5201 cumulative IPC: 0.293 (Simulation time: 01 hr 13 min 54 sec)
num evicts: 6800000, p: 2226885, s: 0 	 max proactive lookup: 16, max shadow lookup: 16
current cycle = 28808286, last update cycle = 25000117, delta = 3808169
	load umon |	misses = 3339, hits= 0 0 0 0 0 0 1 0 0 0 0 0 0 1 16 2
	write umon |	misses = 2843, hits= 0 0 0 0 0 0 0 0 0 0 0 0 0 0 0 0
num evicts: 6900000, p: 2260129, s: 0 	 max proactive lookup: 16, max shadow lookup: 16
current cycle = 30324015, last update cycle = 30000119, delta = 323896
	load umon |	misses = 1912, hits= 0 0 0 0 0 0 0 0 0 0 0 0 0 0 8 1
	write umon |	misses = 1631, hits= 0 0 0 0 0 0 0 0 0 0 0 0 0 0 0 0
num evicts: 7000000, p: 2289539, s: 0 	 max proactive lookup: 16, max shadow lookup: 16
current cycle = 31761615, last update cycle = 30000119, delta = 1761496
	load umon |	misses = 2304, hits= 0 0 0 0 0 0 0 0 0 0 0 0 0 0 8 1
	write umon |	misses = 1952, hits= 0 0 0 0 0 0 0 0 0 0 0 0 0 0 0 0
num evicts: 7100000, p: 2320959, s: 0 	 max proactive lookup: 16, max shadow lookup: 16
current cycle = 33147605, last update cycle = 30000119, delta = 3147486
	load umon |	misses = 2697, hits= 0 0 0 0 0 0 0 0 0 0 0 0 0 0 15 1
	write umon |	misses = 2257, hits= 0 0 0 0 0 0 0 0 0 0 0 0 0 0 0 0
num evicts: 7200000, p: 2355185, s: 0 	 max proactive lookup: 16, max shadow lookup: 16
current cycle = 34712270, last update cycle = 30000119, delta = 4712151
	load umon |	misses = 3088, hits= 0 0 0 0 0 0 0 0 0 0 0 0 0 0 15 1
	write umon |	misses = 2634, hits= 0 0 0 0 0 0 0 0 0 0 0 0 0 0 0 0
num evicts: 7300000, p: 2383178, s: 0 	 max proactive lookup: 16, max shadow lookup: 16
current cycle = 36087808, last update cycle = 35000132, delta = 1087676
	load umon |	misses = 1899, hits= 0 0 0 0 0 0 0 0 0 0 0 0 0 0 7 0
	write umon |	misses = 1572, hits= 0 0 0 0 0 0 0 0 0 0 0 0 0 0 0 0
num evicts: 7400000, p: 2417518, s: 0 	 max proactive lookup: 16, max shadow lookup: 16
current cycle = 37690028, last update cycle = 35000132, delta = 2689896
	load umon |	misses = 2290, hits= 0 0 0 0 0 0 1 0 0 0 0 0 0 0 14 0
	write umon |	misses = 1963, hits= 0 0 0 0 0 0 0 0 0 0 0 0 0 0 0 0
num evicts: 7500000, p: 2439946, s: 0 	 max proactive lookup: 16, max shadow lookup: 16
current cycle = 39085661, last update cycle = 35000132, delta = 4085529
	load umon |	misses = 2678, hits= 0 0 0 0 0 0 1 0 0 0 0 0 0 0 14 0
	write umon |	misses = 2248, hits= 0 0 0 0 0 0 0 0 0 0 0 0 0 0 0 0
num evicts: 7600000, p: 2479871, s: 0 	 max proactive lookup: 16, max shadow lookup: 16
current cycle = 40662193, last update cycle = 40000134, delta = 662059
	load umon |	misses = 1617, hits= 0 0 0 0 0 0 0 0 0 0 0 0 0 0 7 0
	write umon |	misses = 1402, hits= 0 0 0 0 0 0 0 0 0 0 0 0 0 0 0 0
num evicts: 7700000, p: 2508259, s: 0 	 max proactive lookup: 16, max shadow lookup: 16
current cycle = 42023280, last update cycle = 40000134, delta = 2023146
	load umon |	misses = 2012, hits= 0 0 0 0 0 0 0 0 0 0 0 0 0 0 14 0
	write umon |	misses = 1692, hits= 0 0 0 0 0 0 0 0 0 0 0 0 0 0 0 0
num evicts: 7800000, p: 2551263, s: 0 	 max proactive lookup: 16, max shadow lookup: 16
current cycle = 43590731, last update cycle = 40000134, delta = 3590597
	load umon |	misses = 2399, hits= 0 0 0 0 0 0 0 0 0 0 0 0 0 0 14 0
	write umon |	misses = 2079, hits= 0 0 0 0 0 0 0 0 0 0 0 0 0 0 0 0
num evicts: 7900000, p: 2578419, s: 0 	 max proactive lookup: 16, max shadow lookup: 16
current cycle = 44960192, last update cycle = 40000134, delta = 4960058
	load umon |	misses = 2791, hits= 0 0 0 0 0 0 0 0 0 0 0 0 0 0 14 0
	write umon |	misses = 2368, hits= 0 0 0 0 0 0 0 0 0 0 0 0 0 0 0 0
num evicts: 8000000, p: 2617026, s: 0 	 max proactive lookup: 16, max shadow lookup: 16
current cycle = 46463907, last update cycle = 45000144, delta = 1463763
	load umon |	misses = 1781, hits= 0 0 0 0 0 0 1 0 0 0 0 0 0 0 14 0
	write umon |	misses = 1541, hits= 0 0 0 0 0 0 0 0 0 0 0 0 0 0 0 0
num evicts: 8100000, p: 2646837, s: 0 	 max proactive lookup: 16, max shadow lookup: 16
current cycle = 47903485, last update cycle = 45000144, delta = 2903341
	load umon |	misses = 2171, hits= 0 0 0 0 0 0 1 0 0 0 0 0 0 0 14 0
	write umon |	misses = 1859, hits= 0 0 0 0 0 0 0 0 0 0 0 0 0 0 0 0
num evicts: 8200000, p: 2680271, s: 0 	 max proactive lookup: 16, max shadow lookup: 16
current cycle = 49289537, last update cycle = 45000144, delta = 4289393
	load umon |	misses = 2561, hits= 0 0 0 0 0 0 1 0 0 0 0 0 0 0 14 0
	write umon |	misses = 2165, hits= 0 0 0 0 0 0 0 0 0 0 0 0 0 0 0 0
num evicts: 8300000, p: 2716126, s: 0 	 max proactive lookup: 16, max shadow lookup: 16
current cycle = 50834666, last update cycle = 50000150, delta = 834516
	load umon |	misses = 1577, hits= 0 0 0 0 0 0 1 0 0 0 0 0 0 0 13 1
	write umon |	misses = 1370, hits= 0 0 0 0 0 0 0 0 0 0 0 0 0 0 0 0
num evicts: 8400000, p: 2745621, s: 0 	 max proactive lookup: 16, max shadow lookup: 16
current cycle = 52202787, last update cycle = 50000150, delta = 2202637
	load umon |	misses = 1968, hits= 0 0 0 0 0 0 1 0 0 0 0 0 0 0 13 1
	write umon |	misses = 1660, hits= 0 0 0 0 0 0 0 0 0 0 0 0 0 0 0 0
num evicts: 8500000, p: 2782644, s: 0 	 max proactive lookup: 16, max shadow lookup: 16
current cycle = 53783834, last update cycle = 50000150, delta = 3783684
	load umon |	misses = 2359, hits= 0 0 0 0 0 0 1 0 0 0 0 0 0 0 13 1
	write umon |	misses = 2051, hits= 0 0 0 0 0 0 0 0 0 0 0 0 0 0 0 0
num evicts: 8600000, p: 2810225, s: 0 	 max proactive lookup: 16, max shadow lookup: 16
current cycle = 55145885, last update cycle = 55000159, delta = 145726
	load umon |	misses = 1395, hits= 0 0 0 0 0 0 0 0 0 0 0 0 0 0 10 0
	write umon |	misses = 1190, hits= 0 0 0 0 0 0 0 0 0 0 0 0 0 0 0 0
num evicts: 8700000, p: 2847537, s: 0 	 max proactive lookup: 16, max shadow lookup: 16
current cycle = 56727239, last update cycle = 55000159, delta = 1727080
	load umon |	misses = 1783, hits= 0 0 0 0 0 0 0 0 0 0 0 0 0 0 10 0
	write umon |	misses = 1576, hits= 0 0 0 0 0 0 0 0 0 0 0 0 0 0 0 0
num evicts: 8800000, p: 2873502, s: 0 	 max proactive lookup: 16, max shadow lookup: 16
current cycle = 58104146, last update cycle = 55000159, delta = 3103987
	load umon |	misses = 2174, hits= 0 0 0 0 0 0 0 0 0 0 0 0 0 0 10 0
	write umon |	misses = 1864, hits= 0 0 0 0 0 0 0 0 0 0 0 0 0 0 0 0
num evicts: 8900000, p: 2914716, s: 0 	 max proactive lookup: 16, max shadow lookup: 16
current cycle = 59674824, last update cycle = 55000159, delta = 4674665
	load umon |	misses = 2564, hits= 0 0 0 0 0 0 0 0 0 0 0 0 0 0 11 0
	write umon |	misses = 2254, hits= 0 0 0 0 0 0 0 0 0 0 0 0 0 0 0 0
num evicts: 9000000, p: 2940113, s: 0 	 max proactive lookup: 16, max shadow lookup: 16
current cycle = 61054489, last update cycle = 60000164, delta = 1054325
	load umon |	misses = 1612, hits= 0 0 0 0 0 0 0 0 0 0 0 0 0 0 8 0
	write umon |	misses = 1393, hits= 0 0 0 0 0 0 0 0 0 0 0 0 0 0 0 0
Heartbeat CPU 2 instructions: 40000008 cycles: 62027839 heartbeat IPC: 0.2919 cumulative IPC: 0.2927 (Simulation time: 02 hr 09 min 42 sec)
Heartbeat CPU 1 instructions: 40000008 cycl