[VMEM] WARNING: physical memory size is smaller than virtual memory size.

*** ChampSim Multicore Out-of-Order Simulator ***
Warmup Instructions: 25000000
Simulation Instructions: 25000000
Number of CPUs: 8
Page size: 2097152

initializing BARD -- num sampled sets: 64, modulus = 256
CL :	 16.64 ns
CWL :	 15.808 ns
tRP :	 16.224 ns
tRCD :	 16.224 ns
tRAS :	 32.032000000000004 ns
tRTP :	 7.904 ns
tWR :	 30.368000000000002 ns

tCCD_S :	 3.3280000000000003 ns
tCCD_S_WR :	 3.3280000000000003 ns
tCCD_S_WTR :	 22.048000000000002 ns
tCCD_L :	 5.408 ns
tCCD_L_WR :	 20.384 ns
tCCD_L_WTR :	 29.536 ns
tRRD_S :	 3.3280000000000003 ns
tRRD_L :	 5.408 ns
tFAW :	 13.728 ns
Address mapping (perm = 1) 	ch co bg bg bg ba ba co co co co co co ro ro ro ro ro ro ro ro ro ro ro ro ro ro ro 
dram queue size: R = 64 W = 48 (low:high is 9:39)
num evicts: 0, p: 0, s: 0 	 max proactive lookup: 15, max shadow lookup: 16
current cycle = 8993, last update cycle = 0, delta = 8993
	load umon |	misses = 26, hits= 1 0 0 0 0 0 0 0 0 0 0 0 0 0 0 5
	write umon |	misses = 0, hits= 0 0 0 0 0 0 0 0 0 0 0 0 0 0 0 0
num evicts: 100000, p: 1175, s: 0 	 max proactive lookup: 8, max shadow lookup: 16
current cycle = 392313, last update cycle = 0, delta = 392313
	load umon |	misses = 1081, hits= 41 0 0 0 0 0 0 0 58 0 0 0 0 0 0 5
	write umon |	misses = 24, hits= 0 0 0 0 0 0 0 0 0 0 0 0 0 0 0 0
num evicts: 200000, p: 1977, s: 0 	 max proactive lookup: 0, max shadow lookup: 16
current cycle = 541224, last update cycle = 0, delta = 541224
	load umon |	misses = 1605, hits= 112 5 3 0 0 0 0 0 96 0 0 0 0 0 0 12
	write umon |	misses = 64, hits= 0 0 0 0 0 0 0 0 0 0 0 0 0 0 0 0
num evicts: 300000, p: 1977, s: 0 	 max proactive lookup: 0, max shadow lookup: 16
current cycle = 674221, last update cycle = 0, delta = 674221
	load umon |	misses = 2037, hits= 131 7 3 0 1 0 0 4 118 0 0 0 0 0 0 19
	write umon |	misses = 86, hits= 0 0 0 0 0 0 0 0 0 0 0 0 0 0 0 0
num evicts: 400000, p: 1977, s: 0 	 max proactive lookup: 0, max shadow lookup: 16
current cycle = 799357, last update cycle = 0, delta = 799357
	load umon |	misses = 2440, hits= 169 12 3 1 2 0 3 5 155 0 0 0 0 0 0 19
	write umon |	misses = 126, hits= 0 0 0 0 0 0 0 0 0 0 0 0 0 0 0 0
num evicts: 500000, p: 1977, s: 0 	 max proactive lookup: 0, max shadow lookup: 16
current cycle = 924810, last update cycle = 0, delta = 924810
	load umon |	misses = 2918, hits= 212 18 4 3 3 2 4 8 175 0 0 0 0 0 0 27
	write umon |	misses = 170, hits= 0 0 0 0 0 0 0 0 0 0 0 0 0 0 0 0
num evicts: 600000, p: 1977, s: 0 	 max proactive lookup: 0, max shadow lookup: 16
current cycle = 1048613, last update cycle = 0, delta = 1048613
	load umon |	misses = 3306, hits= 253 19 5 5 4 4 9 10 190 0 0 0 0 0 0 27
	write umon |	misses = 177, hits= 0 0 0 0 0 0 0 0 0 0 0 0 0 0 0 0
num evicts: 700000, p: 1977, s: 0 	 max proactive lookup: 0, max shadow lookup: 16
current cycle = 1172441, last update cycle = 0, delta = 1172441
	load umon |	misses = 3734, hits= 267 21 7 9 6 6 10 12 212 0 0 0 0 0 0 27
	write umon |	misses = 215, hits= 0 0 0 0 0 0 0 0 0 0 0 0 0 0 0 0
num evicts: 800000, p: 1977, s: 0 	 max proactive lookup: 0, max shadow lookup: 16
current cycle = 1295680, last update cycle = 0, delta = 1295680
	load umon |	misses = 4070, hits= 317 23 8 11 9 8 11 12 247 0 0 0 0 0 2 34
	write umon |	misses = 217, hits= 0 0 0 0 0 0 0 0 0 0 0 0 0 0 0 0
num evicts: 900000, p: 1977, s: 0 	 max proactive lookup: 0, max shadow lookup: 16
current cycle = 1418152, last update cycle = 0, delta = 1418152
	load umon |	misses = 4353, hits= 346 26 16 14 9 8 12 12 264 0 0 0 0 0 2 34
	write umon |	misses = 242, hits= 0 0 0 0 0 0 0 0 0 0 0 0 0 0 0 0
num evicts: 1000000, p: 1977, s: 0 	 max proactive lookup: 0, max shadow lookup: 16
current cycle = 1538094, last update cycle = 0, delta = 1538094
	load umon |	misses = 4706, hits= 379 27 17 15 10 8 12 18 299 0 0 0 0 0 2 35
	write umon |	misses = 264, hits= 0 0 0 0 0 0 0 0 0 0 0 0 0 0 0 0
num evicts: 1100000, p: 1977, s: 0 	 max proactive lookup: 0, max shadow lookup: 16
current cycle = 1659452, last update cycle = 0, delta = 1659452
	load umon |	misses = 5068, hits= 410 33 18 16 10 8 12 18 341 0 0 0 0 0 2 42
	write umon |	misses = 272, hits= 0 0 0 0 0 0 0 0 0 0 0 0 0 0 0 0
num evicts: 1200000, p: 1977, s: 0 	 max proactive lookup: 0, max shadow lookup: 16
current cycle = 1782520, last update cycle = 0, delta = 1782520
	load umon |	misses = 5440, hits= 458 36 20 16 10 8 16 23 357 0 0 0 0 0 5 46
	write umon |	misses = 306, hits= 0 0 0 0 0 0 0 0 0 0 0 0 0 0 0 0
num evicts: 1300000, p: 1977, s: 0 	 max proactive lookup: 0, max shadow lookup: 16
current cycle = 1901310, last update cycle = 0, delta = 1901310
	load umon |	misses = 5824, hits= 502 45 22 19 11 10 16 24 368 0 0 0 0 0 5 46
	write umon |	misses = 349, hits= 0 0 0 0 0 0 0 0 0 0 0 0 0 0 0 0
num evicts: 1400000, p: 1977, s: 0 	 max proactive lookup: 0, max shadow lookup: 16
current cycle = 2021684, last update cycle = 0, delta = 2021684
	load umon |	misses = 6230, hits= 525 46 25 19 12 12 18 29 390 0 0 0 0 0 5 46
	write umon |	misses = 371, hits= 0 0 0 0 0 0 0 0 0 0 0 0 0 0 0 0
num evicts: 1500000, p: 1977, s: 0 	 max proactive lookup: 0, max shadow lookup: 16
current cycle = 2143226, last update cycle = 0, delta = 2143226
	load umon |	misses = 6602, hits= 535 48 30 21 12 12 18 29 425 0 0 0 0 0 5 46
	write umon |	misses = 399, hits= 0 0 0 0 0 0 0 0 0 0 0 0 0 0 0 0
num evicts: 1600000, p: 1977, s: 0 	 max proactive lookup: 0, max shadow lookup: 16
current cycle = 2271802, last update cycle = 0, delta = 2271802
	load umon |	misses = 6981, hits= 548 52 30 23 13 14 25 39 456 0 0 0 0 0 5 53
	write umon |	misses = 407, hits= 0 0 0 0 0 0 0 0 0 0 0 0 0 0 0 0
num evicts: 1700000, p: 1977, s: 0 	 max proactive lookup: 0, max shadow lookup: 16
current cycle = 2396719, last update cycle = 0, delta = 2396719
	load umon |	misses = 7306, hits= 581 55 37 25 15 16 31 42 481 0 0 0 0 0 5 53
	write umon |	misses = 409, hits= 0 0 0 0 0 0 0 0 0 0 0 0 0 0 0 0
num evicts: 1800000, p: 1977, s: 0 	 max proactive lookup: 0, max shadow lookup: 16
current cycle = 2517016, last update cycle = 0, delta = 2517016
	load umon |	misses = 7599, hits= 606 57 41 26 16 17 34 44 527 1 0 0 0 0 5 53
	write umon |	misses = 416, hits= 0 0 0 0 0 0 0 0 0 0 0 0 0 0 0 0
num evicts: 1900000, p: 1977, s: 0 	 max proactive lookup: 0, max shadow lookup: 16
current cycle = 2637028, last update cycle = 0, delta = 2637028
	load umon |	misses = 7998, hits= 629 63 47 30 18 18 34 48 559 1 0 0 1 0 12 53
	write umon |	misses = 440, hits= 0 0 0 0 0 0 4 4 0 0 0 0 0 0 0 0
num evicts: 2000000, p: 1977, s: 0 	 max proactive lookup: 0, max shadow lookup: 16
current cycle = 2894410, last update cycle = 0, delta = 2894410
	load umon |	misses = 8389, hits= 635 63 47 30 19 18 34 48 559 1 0 0 1 0 13 60
	write umon |	misses = 445, hits= 0 0 0 0 0 0 4 4 0 0 0 0 0 0 0 0
num evicts: 2100000, p: 1977, s: 0 	 max proactive lookup: 0, max shadow lookup: 16
current cycle = 3012216, last update cycle = 0, delta = 3012216
	load umon |	misses = 8761, hits= 654 65 51 31 19 19 36 48 568 1 0 0 1 0 13 60
	write umon |	misses = 468, hits= 0 0 0 0 0 0 4 4 0 0 0 0 0 0 0 0
Heartbeat CPU 0 instructions: 10000002 cycles: 3112446 heartbeat IPC: 3.213 cumulative IPC: 3.213 (Simulation time: 00 hr 16 min 22 sec)
Heartbeat CPU 1 instructions: 10000003 cycles: 3130935 heartbeat IPC: 3.194 cumulative IPC: 3.194 (Simulation time: 00 hr 16 min 27 sec)
num evicts: 2200000, p: 1977, s: 0 	 max proactive lookup: 0, max shadow lookup: 16
current cycle = 3136221, last update cycle = 0, delta = 3136221
	load umon |	misses = 9189, hits= 678 67 53 32 20 21 36 48 576 1 0 0 1 0 13 60
	write umon |	misses = 489, hits= 0 0 0 0 0 0 4 4 0 0 0 0 0 0 0 0
Heartbeat CPU 2 instructions: 10000003 cycles: 3152448 heartbeat IPC: 3.172 cumulative IPC: 3.172 (Simulation time: 00 hr 16 min 34 sec)
Heartbeat CPU 3 instructions: 10000003 cycles: 3163377 heartbeat IPC: 3.161 cumulative IPC: 3.161 (Simulation time: 00 hr 16 min 38 sec)
Heartbeat CPU 4 instructions: 10000003 cycles: 3169970 heartbeat IPC: 3.155 cumulative IPC: 3.155 (Simulation time: 00 hr 16 min 40 sec)
Heartbeat CPU 5 instructions: 10000003 cycles: 3175290 heartbeat IPC: 3.149 cumulative IPC: 3.149 (Simulation time: 00 hr 16 min 41 sec)
Heartbeat CPU 6 instructions: 10000003 cycles: 3179811 heartbeat IPC: 3.145 cumulative IPC: 3.145 (Simulation time: 00 hr 16 min 43 sec)
Heartbeat CPU 7 instructions: 10000003 cycles: 3183148 heartbeat IPC: 3.142 cumulative IPC: 3.142 (Simulation time: 00 hr 16 min 44 sec)
num evicts: 2300000, p: 1977, s: 0 	 max proactive lookup: 0, max shadow lookup: 16
current cycle = 3253223, last update cycle = 0, delta = 3253223
	load umon |	misses = 9627, hits= 692 72 57 36 24 24 42 50 591 1 0 1 1 0 13 60
	write umon |	misses = 516, hits= 0 0 0 0 0 0 4 4 0 0 0 0 0 0 0 0
num evicts: 2400000, p: 1977, s: 0 	 max proactive lookup: 0, max shadow lookup: 16
current cycle = 3375853, last update cycle = 0, delta = 3375853
	load umon |	misses = 10022, hits= 707 80 64 39 26 26 43 50 592 1 0 2 2 0 15 63
	write umon |	misses = 527, hits= 0 0 0 0 0 0 4 4 0 0 0 0 0 0 0 0
num evicts: 2500000, p: 1977, s: 0 	 max proactive lookup: 0, max shadow lookup: 16
current cycle = 3497222, last update cycle = 0, delta = 3497222
	load umon |	misses = 10377, hits= 712 84 67 43 27 28 47 53 599 1 0 2 2 0 15 63
	write umon |	misses = 547, hits= 0 0 0 0 0 0 4 4 0 0 0 0 0 0 0 0
num evicts: 2600000, p: 1977, s: 0 	 max proactive lookup: 0, max shadow lookup: 16
current cycle = 3618127, last update cycle = 0, delta = 3618127
	load umon |	misses = 10796, hits= 719 86 71 45 29 32 49 56 611 1 1 2 3 0 15 63
	write umon |	misses = 593, hits= 0 0 0 0 0 0 4 4 0 0 0 0 0 0 0 0
num evicts: 2700000, p: 1977, s: 0 	 max proactive lookup: 0, max shadow lookup: 16
current cycle = 3739271, last update cycle = 0, delta = 3739271
	load umon |	misses = 11219, hits= 745 90 81 48 32 36 54 63 620 1 1 2 3 0 15 64
	write umon |	misses = 629, hits= 0 0 0 0 0 0 4 4 0 0 0 0 0 0 0 0
num evicts: 2800000, p: 1977, s: 0 	 max proactive lookup: 0, max shadow lookup: 16
current cycle = 3858468, last update cycle = 0, delta = 3858468
	load umon |	misses = 11573, hits= 764 92 86 48 35 38 54 65 647 1 1 3 3 0 15 70
	write umon |	misses = 653, hits= 0 0 0 0 0 0 4 4 0 0 0 0 0 0 0 0
num evicts: 2900000, p: 1977, s: 0 	 max proactive lookup: 0, max shadow lookup: 16
current cycle = 3979200, last update cycle = 0, delta = 3979200
	load umon |	misses = 12029, hits= 779 94 93 53 40 42 58 67 663 1 1 3 3 0 15 70
	write umon |	misses = 681, hits= 0 0 0 0 0 0 4 4 0 0 0 0 0 0 0 0
num evicts: 3000000, p: 1977, s: 0 	 max proactive lookup: 0, max shadow lookup: 16
current cycle = 4102816, last update cycle = 0, delta = 4102816
	load umon |	misses = 12386, hits= 811 95 99 55 42 45 59 67 689 1 1 3 3 0 15 70
	write umon |	misses = 688, hits= 0 0 0 0 0 0 4 4 0 0 0 0 0 0 0 0
num evicts: 3100000, p: 1977, s: 0 	 max proactive lookup: 0, max shadow lookup: 16
current cycle = 4222839, last update cycle = 0, delta = 4222839
	load umon |	misses = 12737, hits= 821 100 101 61 43 49 67 70 703 1 1 3 3 0 15 70
	write umon |	misses = 717, hits= 0 0 0 0 0 0 4 4 0 0 0 0 0 0 0 0
num evicts: 3200000, p: 1977, s: 0 	 max proactive lookup: 0, max shadow lookup: 16
current cycle = 4342121, last update cycle = 0, delta = 4342121
	load umon |	misses = 13045, hits= 853 101 104 66 45 52 69 71 719 1 1 3 3 0 22 70
	write umon |	misses = 724, hits= 0 0 0 0 0 0 4 4 0 0 0 0 0 0 0 0
num evicts: 3300000, p: 1977, s: 0 	 max proactive lookup: 0, max shadow lookup: 16
current cycle = 4464702, last update cycle = 0, delta = 4464702
	load umon |	misses = 13421, hits= 875 103 105 68 48 55 76 74 738 1 1 3 3 0 22 70
	write umon |	misses = 734, hits= 0 0 0 0 0 0 4 4 0 0 0 0 0 0 0 0
num evicts: 3400000, p: 1977, s: 0 	 max proactive lookup: 0, max shadow lookup: 16
current cycle = 4587279, last update cycle = 0, delta = 4587279
	load umon |	misses = 13853, hits= 895 108 114 74 52 62 81 80 748 1 1 3 3 0 22 70
	write umon |	misses = 750, hits= 0 0 0 0 0 0 4 4 0 0 0 0 0 0 0 0
num evicts: 3500000, p: 1977, s: 0 	 max proactive lookup: 0, max shadow lookup: 16
current cycle = 4712769, last update cycle = 0, delta = 4712769
	load umon |	misses = 14333, hits= 911 110 122 80 55 62 81 81 760 4 1 3 3 0 22 70
	write umon |	misses = 800, hits= 0 0 0 0 0 0 4 4 0 0 0 0 0 0 0 0
num evicts: 3600000, p: 1977, s: 0 	 max proactive lookup: 0, max shadow lookup: 16
current cycle = 4838848, last update cycle = 0, delta = 4838848
	load umon |	misses = 14785, hits= 930 113 129 86 64 75 87 87 779 7 1 4 3 0 22 70
	write umon |	misses = 827, hits= 0 0 0 0 0 0 4 4 0 0 0 0 0 0 0 0
num evicts: 3700000, p: 1977, s: 0 	 max proactive lookup: 1, max shadow lookup: 16
current cycle = 4962430, last update cycle = 0, delta = 4962430
	load umon |	misses = 15241, hits= 941 119 136 91 72 82 91 92 783 8 2 4 4 1 22 76
	write umon |	misses = 858, hits= 0 0 0 0 0 0 4 4 0 0 0 0 0 0 0 0
num evicts: 3800000, p: 1977, s: 0 	 max proactive lookup: 1, max shadow lookup: 16
current cycle = 5084260, last update cycle = 5000030, delta = 84230
	load umon |	misses = 7921, hits= 480 62 74 46 37 46 48 49 418 5 1 2 2 0 11 38
	write umon |	misses = 435, hits= 0 0 0 0 0 0 2 2 0 0 0 0 0 0 0 0
num evicts: 3900000, p: 1977, s: 0 	 max proactive lookup: 1, max shadow lookup: 16
current cycle = 5208861, last update cycle = 5000030, delta = 208831
	load umon |	misses = 8363, hits= 487 68 79 53 45 56 56 52 456 6 2 2 2 0 11 38
	write umon |	misses = 470, hits= 0 0 0 0 0 0 2 2 0 0 0 0 0 0 0 0
num evicts: 4000000, p: 1977, s: 0 	 max proactive lookup: 1, max shadow lookup: 16
current cycle = 5337321, last update cycle = 5000030, delta = 337291
	load umon |	misses = 8668, hits= 515 69 83 59 53 60 62 56 485 6 2 2 2 0 11 38
	write umon |	misses = 486, hits= 0 0 0 0 0 0 2 2 0 0 0 0 0 0 0 0
num evicts: 4100000, p: 1977, s: 0 	 max proactive lookup: 1, max shadow lookup: 16
current cycle = 5453026, last update cycle = 5000030, delta = 452996
	load umon |	misses = 9116, hits= 518 70 84 61 58 63 65 59 488 6 2 3 4 1 12 38
	write umon |	misses = 496, hits= 0 0 0 0 0 0 2 2 0 0 0 0 0 0 0 0
num evicts: 4200000, p: 1977, s: 0 	 max proactive lookup: 1, max shadow lookup: 16
current cycle = 5569483, last update cycle = 5000030, delta = 569453
	load umon |	misses = 9551, hits= 540 77 92 63 61 66 65 60 496 9 5 3 4 2 14 38
	write umon |	misses = 505, hits= 0 0 0 0 0 0 2 2 0 0 0 0 0 0 0 0
num evicts: 4300000, p: 1977, s: 0 	 max proactive lookup: 1, max shadow lookup: 16
current cycle = 5685476, last update cycle = 5000030, delta = 685446
	load umon |	misses = 9895, hits= 545 78 94 65 62 69 68 61 506 9 6 3 5 3 15 41
	write umon |	misses = 515, hits= 0 0 0 0 0 0 2 2 0 0 0 0 0 0 0 0
num evicts: 4400000, p: 2351, s: 0 	 max proactive lookup: 2, max shadow lookup: 16
current cycle = 5805566, last update cycle = 5000030, delta = 805536
	load umon |	misses = 10261, hits= 548 81 95 65 64 73 68 63 534 9 6 3 5 3 15 41
	write umon |	misses = 523, hits= 0 0 0 0 0 0 2 2 0 0 0 0 0 0 0 0
num evicts: 4500000, p: 2843, s: 0 	 max proactive lookup: 2, max shadow lookup: 16
current cycle = 5928189, last update cycle = 5000030, delta = 928159
	load umon |	misses = 10646, hits= 559 84 96 70 65 74 70 63 542 9 6 3 5 3 15 41
	write umon |	misses = 537, hits= 0 0 0 0 0 0 2 2 0 0 0 0 0 0 0 0
num evicts: 4600000, p: 3312, s: 0 	 max proactive lookup: 2, max shadow lookup: 16
current cycle = 6045052, last update cycle = 5000030, delta = 1045022
	load umon |	misses = 11053, hits= 564 86 97 70 67 78 77 65 551 9 6 3 5 3 15 45
	write umon |	misses = 568, hits= 0 0 0 0 0 0 2 2 0 0 0 0 0 0 0 0
num evicts: 4700000, p: 3725, s: 0 	 max proactive lookup: 2, max shadow lookup: 16
current cycle = 6161192, last update cycle = 5000030, delta = 1161162
	load umon |	misses = 11402, hits= 569 88 99 71 68 80 78 67 564 9 6 3 5 3 17 46
	write umon |	misses = 586, hits= 0 0 0 0 0 0 2 2 0 0 0 0 0 0 0 0
Heartbeat CPU 0 instructions: 20000003 cycles: 6191977 heartbeat IPC: 3.247 cumulative IPC: 3.23 (Simulation time: 00 hr 33 min 05 sec)
Heartbeat CPU 1 instructions: 20000006 cycles: 6205067 heartbeat IPC: 3.253 cumulative IPC: 3.223 (Simulation time: 00 hr 33 min 09 sec)
Heartbeat CPU 2 instructions: 20000004 cycles: 6225329 heartbeat IPC: 3.254 cumulative IPC: 3.213 (Simulation time: 00 hr 33 min 16 sec)
Heartbeat CPU 3 instructions: 20000003 cycles: 6254363 heartbeat IPC: 3.235 cumulative IPC: 3.198 (Simulation time: 00 hr 33 min 25 sec)
Heartbeat CPU 4 instructions: 20000004 cycles: 6270923 heartbeat IPC: 3.225 cumulative IPC: 3.189 (Simulation time: 00 hr 33 min 31 sec)
num evicts: 4800000, p: 4087, s: 0 	 max proactive lookup: 2, max shadow lookup: 16
current cycle = 6278771, last update cycle = 5000030, delta = 1278741
	load umon |	misses = 11799, hits= 574 92 103 77 73 83 79 70 577 11 8 4 7 4 18 47
	write umon |	misses = 604, hits= 0 0 0 0 0 0 2 2 0 0 0 0 0 0 0 0
Heartbeat CPU 5 instructions: 20000003 cycles: 6286536 heartbeat IPC: 3.214 cumulative IPC: 3.181 (Simulation time: 00 hr 33 min 36 sec)
Heartbeat CPU 6 instructions: 20000004 cycles: 6292957 heartbeat IPC: 3.212 cumulative IPC: 3.178 (Simulation time: 00 hr 33 min 38 sec)
Heartbeat CPU 7 instructions: 20000004 cycles: 6303277 heartbeat IPC: 3.205 cumulative IPC: 3.173 (Simulation time: 00 hr 33 min 41 sec)
num evicts: 4900000, p: 4409, s: 0 	 max proactive lookup: 2, max shadow lookup: 16
current cycle = 6396512, last update cycle = 5000030, delta = 1396482
	load umon |	misses = 12120, hits= 582 95 106 82 74 88 83 74 601 18 13 8 10 5 20 48
	write umon |	misses = 629, hits= 0 0 0 0 0 0 2 2 0 0 0 0 0 0 0 0
num evicts: 5000000, p: 4692, s: 0 	 max proactive lookup: 2, max shadow lookup: 16
current cycle = 6513211, last update cycle = 5000030, delta = 1513181
	load umon |	misses = 12482, hits= 585 103 112 87 78 89 85 75 605 18 15 13 10 5 20 48
	write umon |	misses = 649, hits= 0 0 0 0 0 0 2 2 0 0 0 0 0 0 0 0
num evicts: 5100000, p: 4956, s: 0 	 max proactive lookup: 2, max shadow lookup: 16
current cycle = 6631806, last update cycle = 5000030, delta = 1631776
	load umon |	misses = 12901, hits= 594 111 115 92 80 95 88 76 610 18 15 13 10 5 20 52
	write umon |	misses = 661, hits= 0 0 0 0 0 0 2 2 0 0 0 0 0 0 0 0
num evicts: 5200000, p: 5162, s: 0 	 max proactive lookup: 2, max shadow lookup: 16
current cycle = 6750305, last update cycle = 5000030, delta = 1750275
	load umon |	misses = 13250, hits= 610 120 118 100 88 97 92 77 617 20 15 13 10 5 20 55
	write umon |	misses = 667, hits= 0 0 0 0 0 0 2 2 0 0 0 0 0 0 0 0
num evicts: 5300000, p: 5415, s: 0 	 max proactive lookup: 2, max shadow lookup: 16
current cycle = 6864174, last update cycle = 5000030, delta = 1864144
	load umon |	misses = 13603, hits= 615 121 120 105 93 98 95 78 619 20 15 13 10 5 20 55
	write umon |	misses = 690, hits= 0 0 0 0 0 0 2 2 0 0 0 0 0 0 0 0
num evicts: 5400000, p: 5857, s: 0 	 max proactive lookup: 3, max shadow lookup: 16
current cycle = 6977143, last update cycle = 5000030, delta = 1977113
	load umon |	misses = 13941, hits= 620 123 122 107 94 99 97 78 622 20 16 14 11 7 21 56
	write umon |	misses = 703, hits= 0 0 0 0 0 0 2 2 0 0 0 0 0 0 0 0
num evicts: 5500000, p: 6381, s: 0 	 max proactive lookup: 3, max shadow lookup: 16
current cycle = 7094333, last update cycle = 5000030, delta = 2094303
	load umon |	misses = 14299, hits= 633 124 125 113 98 104 97 79 634 20 18 14 11 7 21 59
	write umon |	misses = 711, hits= 0 0 0 0 0 0 2 2 0 0 0 0 0 0 0 0
num evicts: 5600000, p: 6884, s: 0 	 max proactive lookup: 3, max shadow lookup: 16
current cycle = 7211144, last update cycle = 5000030, delta = 2211114
	load umon |	misses = 14708, hits= 643 132 130 114 101 106 102 82 651 22 18 14 11 7 21 63
	write umon |	misses = 744, hits= 0 0 0 0 0 0 2 2 0 0 0 0 0 0 0 0
num evicts: 5700000, p: 7370, s: 0 	 max proactive lookup: 3, max shadow lookup: 16
current cycle = 7326641, last update cycle = 5000030, delta = 2326611
	load umon |	misses = 15161, hits= 656 138 138 119 105 107 105 86 654 22 19 15 11 7 23 65
	write umon |	misses = 763, hits= 0 0 0 0 0 0 2 2 0 0 0 0 0 0 0 0
num evicts: 5800000, p: 7901, s: 0 	 max proactive lookup: 3, max shadow lookup: 16
current cycle = 7446310, last update cycle = 5000030, delta = 2446280
	load umon |	misses = 15555, hits= 659 142 147 128 107 112 111 87 657 24 19 18 13 7 23 65
	write umon |	misses = 788, hits= 0 0 0 0 0 0 2 2 0 0 0 0 0 0 0 0
num evicts: 5900000, p: 8449, s: 0 	 max proactive lookup: 3, max shadow lookup: 16
current cycle = 7564412, last update cycle = 5000030, delta = 2564382
	load umon |	misses = 15891, hits= 662 142 149 135 108 114 113 88 659 29 23 18 13 7 23 70
	write umon |	misses = 814, hits= 0 0 0 0 0 0 2 2 0 0 0 0 0 0 0 0
Warmup finished CPU 0 instructions: 25000002 cycles: 7676674 cumulative IPC: 3.257 (Simulation time: 00 hr 41 min 04 sec)
Warmup finished CPU 1 instructions: 25000002 cycles: 7686798 cumulative IPC: 3.252 (Simulation time: 00 hr 41 min 07 sec)
num evicts: 6000000, p: 9024, s: 0 	 max proactive lookup: 3, max shadow lookup: 16
current cycle = 7686819, last update cycle = 5000030, delta = 2686789
	load umon |	misses = 16242, hits= 667 146 150 137 113 117 113 89 669 29 23 18 13 7 23 72
	write umon |	misses = 850, hits= 0 0 0 0 0 0 2 2 0 0 0 0 0 0 0 0
Warmup finished CPU 2 instructions: 25000001 cycles: 7711114 cumulative IPC: 3.242 (Simulation time: 00 hr 41 min 14 sec)
Warmup finished CPU 3 instructions: 25000002 cycles: 7737416 cumulative IPC: 3.231 (Simulation time: 00 hr 41 min 22 sec)
Warmup finished CPU 4 instructions: 25000000 cycles: 7753348 cumulative IPC: 3.224 (Simulation time: 00 hr 41 min 27 sec)
Warmup finished CPU 5 instructions: 25000002 cycles: 7763688 cumulative IPC: 3.22 (Simulation time: 00 hr 41 min 29 sec)
Warmup finished CPU 6 instructions: 25000000 cycles: 7773734 cumulative IPC: 3.216 (Simulation time: 00 hr 41 min 32 sec)
Warmup finished CPU 7 instructions: 25000000 cycles: 7781219 cumulative IPC: 3.213 (Simulation time: 00 hr 41 min 35 sec)
Warmup complete CPU 7 instructions: 25000000 cycles: 7781219 cumulative IPC: 3.213 (Simulation time: 00 hr 41 min 35 sec)
Warmup complete CPU 6 instructions: 25029940 cycles: 7781219 cumulative IPC: 3.217 (Simulation time: 00 hr 41 min 35 sec)
Warmup complete CPU 5 instructions: 25070126 cycles: 7781219 cumulative IPC: 3.222 (Simulation time: 00 hr 41 min 35 sec)
Warmup complete CPU 4 instructions: 25111484 cycles: 7781219 cumulative IPC: 3.227 (Simulation time: 00 hr 41 min 35 sec)
Warmup complete CPU 3 instructions: 25175212 cycles: 7781219 cumulative IPC: 3.235 (Simulation time: 00 hr 41 min 35 sec)
Warmup complete CPU 2 instructions: 25280417 cycles: 7781219 cumulative IPC: 3.249 (Simulation time: 00 hr 41 min 35 sec)
Warmup complete CPU 1 instructions: 25377609 cycles: 7781219 cumulative IPC: 3.261 (Simulation time: 00 hr 41 min 35 sec)
Warmup complete CPU 0 instructions: 25418056 cycles: 7781219 cumulative IPC: 3.267 (Simulation time: 00 hr 41 min 35 sec)
num evicts: 6100000, p: 9688, s: 0 	 max proactive lookup: 3, max shadow lookup: 16
current cycle = 8298501, last update cycle = 5000030, delta = 3298471
	load umon |	misses = 16602, hits= 667 147 150 137 114 119 117 90 676 29 23 18 13 7 23 72
	write umon |	misses = 879, hits= 0 0 0 0 0 0 2 2 0 0 0 0 0 0 0 0
num evicts: 6200000, p: 10473, s: 0 	 max proactive lookup: 3, max shadow lookup: 16
current cycle = 9391606, last update cycle = 5000030, delta = 4391576
	load umon |	misses = 16931, hits= 667 147 150 138 117 123 117 91 682 29 23 18 13 7 23 73
	write umon |	misses = 903, hits= 0 0 0 0 0 0 2 2 0 0 0 0 0 0 0 0
num evicts: 6300000, p: 11245, s: 0 	 max proactive lookup: 3, max shadow lookup: 16
current cycle = 10538703, last update cycle = 10000056, delta = 538647
	load umon |	misses = 8746, hits= 337 75 77 72 64 62 60 53 344 17 12 9 6 3 13 38
	write umon |	misses = 456, hits= 0 0 0 0 0 0 1 1 0 0 0 0 0 0 0 0
num evicts: 6400000, p: 12015, s: 0 	 max proactive lookup: 3, max shadow lookup: 16
current cycle = 11811957, last update cycle = 10000056, delta = 1811901
	load umon |	misses = 9120, hits= 356 82 84 76 70 65 66 61 358 18 19 13 6 5 13 38
	write umon |	misses = 485, hits= 0 0 0 0 0 0 1 1 1 1 1 1 1 0 0 0
num evicts: 6500000, p: 12985, s: 0 	 max proactive lookup: 3, max shadow lookup: 16
current cycle = 13043858, last update cycle = 10000056, delta = 3043802
	load umon |	misses = 9441, hits= 364 83 86 80 72 70 67 62 369 19 21 13 6 5 13 38
	write umon |	misses = 513, hits= 0 0 0 0 0 0 1 1 1 1 1 1 1 1 2 1
num evicts: 6600000, p: 14266, s: 0 	 max proactive lookup: 3, max shadow lookup: 16
current cycle = 14247576, last update cycle = 10000056, delta = 4247520
	load umon |	misses = 9812, hits= 368 84 89 80 72 70 67 63 371 19 21 13 6 5 13 38
	write umon |	misses = 542, hits= 0 0 0 0 0 0 1 1 1 1 1 1 1 1 2 1
num evicts: 6700000, p: 15943, s: 0 	 max proactive lookup: 4, max shadow lookup: 16
current cycle = 15473146, last update cycle = 15000135, delta = 473011
	load umon |	misses = 5237, hits= 189 42 44 42 37 35 35 31 189 11 11 6 3 2 12 19
	write umon |	misses = 319, hits= 0 0 0 0 0 0 0 0 0 0 0 0 0 0 1 0
num evicts: 6800000, p: 17823, s: 0 	 max proactive lookup: 3, max shadow lookup: 16
current cycle = 16638391, last update cycle = 15000135, delta = 1638256
	load umon |	misses = 5608, hits= 207 48 48 48 40 37 35 32 193 12 14 8 3 3 13 21
	write umon |	misses = 387, hits= 0 0 0 0 0 0 0 0 0 0 0 0 0 0 1 0
num evicts: 6900000, p: 19387, s: 0 	 max proactive lookup: 4, max shadow lookup: 16
current cycle = 17741651, last update cycle = 15000135, delta = 2741516
	load umon |	misses = 5993, hits= 210 49 53 53 47 42 42 35 201 18 17 8 3 4 15 23
	write umon |	misses = 439, hits= 0 0 0 0 0 0 0 0 0 0 0 0 0 0 1 0
num evicts: 7000000, p: 20656, s: 0 	 max proactive lookup: 4, max shadow lookup: 16
current cycle = 18811294, last update cycle = 15000135, delta = 3811159
	load umon |	misses = 6376, hits= 211 50 55 59 53 53 51 44 218 20 19 8 3 4 15 23
	write umon |	misses = 461, hits= 0 0 0 0 0 0 0 0 0 0 0 0 0 0 1 0
num evicts: 7100000, p: 21578, s: 0 	 max proactive lookup: 4, max shadow lookup: 16
current cycle = 19889865, last update cycle = 15000135, delta = 4889730
	load umon |	misses = 6760, hits= 223 55 60 62 55 55 53 49 240 23 22 11 3 4 15 23
	write umon |	misses = 483, hits= 0 0 0 0 0 0 0 0 0 0 0 0 0 0 1 0
Heartbeat CPU 0 instructions: 30000003 cycles: 20720423 heartbeat IPC: 0.6883 cumulative IPC: 0.3541 (Simulation time: 01 hr 04 min 27 sec)
Heartbeat CPU 1 instructions: 30000007 cycles: 20825155 heartbeat IPC: 0.684 cumulative IPC: 0.3544 (Simulation time: 01 hr 04 min 39 sec)
num evicts: 7200000, p: 22266, s: 0 	 max proactive lookup: 4, max shadow lookup: 16
current cycle = 20938901, last update cycle = 20000170, delta = 938731
	load umon |	misses = 3767, hits= 117 27 31 33 30 32 35 29 131 12 11 5 2 3 7 11
	write umon |	misses = 247, hits= 0 0 0 0 0 0 0 0 0 0 0 0 0 0 0 0
Heartbeat CPU 2 instructions: 30000007 cycles: 21101557 heartbeat IPC: 0.6722 cumulative IPC: 0.3543 (Simulation time: 01 hr 05 min 09 sec)
Heartbeat CPU 3 instructions: 30000003 cycles: 21383877 heartbeat IPC: 0.661 cumulative IPC: 0.3547 (Simulation time: 01 hr 05 min 40 sec)
Heartbeat CPU 4 instructions: 30000007 cycles: 21575900 heartbeat IPC: 0.6534 cumulative IPC: 0.3544 (Simulation time: 01 hr 06 min 01 sec)
Heartbeat CPU 5 instructions: 30000003 cycles: 21680700 heartbeat IPC: 0.6496 cumulative IPC: 0.3547 (Simulation time: 01 hr 06 min 13 sec)
Heartbeat CPU 6 instructions: 30000004 cycles: 21742533 heartbeat IPC: 0.6473 cumulative IPC: 0.356 (Simulation time: 01 hr 06 min 19 sec)
Heartbeat CPU 7 instructions: 30000004 cycles: 21815072 heartbeat IPC: 0.6447 cumulative IPC: 0.3563 (Simulation time: 01 hr 06 min 27 sec)
num evicts: 7300000, p: 22773, s: 0 	 max proactive lookup: 4, max shadow lookup: 16
current cycle = 21950684, last update cycle = 20000170, delta = 1950514
	load umon |	misses = 4217, hits= 128 28 33 42 36 39 38 30 139 12 11 5 2 3 12 11
	write umon |	misses = 253, hits= 0 0 0 0 0 0 0 0 0 0 0 0 0 0 0 0
num evicts: 7400000, p: 23329, s: 0 	 max proactive lookup: 5, max shadow lookup: 16
current cycle = 22962481, last update cycle = 20000170, delta = 2962311
	load umon |	misses = 4681, hits= 136 31 37 47 38 40 40 32 149 13 13 6 6 4 12 11
	write umon |	misses = 274, hits= 0 0 0 0 0 0 0 0 0 0 0 0 0 0 0 0
num evicts: 7500000, p: 23923, s: 0 	 max proactive lookup: 5, max shadow lookup: 16
current cycle = 23985725, last update cycle = 20000170, delta = 3985555
	load umon |	misses = 5109, hits= 142 32 41 50 48 45 47 38 163 17 20 13 8 5 12 12
	write umon |	misses = 292, hits= 0 0 0 0 0 0 0 0 0 0 0 0 0 0 0 0
num evicts: 7600000, p: 24497, s: 0 	 max proactive lookup: 4, max shadow lookup: 16
current cycle = 25043278, last update cycle = 25000179, delta = 43099
	load umon |	misses = 2756, hits= 79 18 23 28 28 25 25 20 85 8 10 6 4 2 6 7
	write umon |	misses = 148, hits= 0 0 0 0 0 0 0 0 0 0 0 0 0 0 0 0
num evicts: 7700000, p: 25031, s: 0 	 max proactive lookup: 4, max shadow lookup: 16
current cycle = 26138713, last update cycle = 25000179, delta = 1138534
	load umon |	misses = 3094, hits= 88 20 27 34 29 26 25 21 88 8 11 6 4 2 6 7
	write umon |	misses = 153, hits= 0 0 0 0 0 0 0 0 0 0 0 0 0 0 0 0
num evicts: 7800000, p: 25985, s: 0 	 max proactive lookup: 5, max shadow lookup: 16
current cycle = 27319880, last update cycle = 25000179, delta = 2319701
	load umon |	misses = 3513, hits= 90 24 31 42 32 30 28 22 101 8 11 6 4 2 6 7
	write umon |	misses = 170, hits= 0 0 0 0 0 0 0 0 0 0 0 0 0 0 0 0
num evicts: 7900000, p: 27447, s: 0 	 max proactive lookup: 5, max shadow lookup: 16
current cycle = 28507755, last update cycle = 25000179, delta = 3507576
	load umon |	misses = 3905, hits= 94 30 31 43 32 34 31 24 117 8 11 6 4 2 6 7
	write umon |	misses = 180, hits= 0 0 0 0 0 0 0 0 0 0 0 0 0 0 0 0
num evicts: 8000000, p: 29071, s: 0 	 max proactive lookup: 5, max shadow lookup: 16
current cycle = 29670067, last update cycle = 25000179, delta = 4669888
	load umon |	misses = 4250, hits= 96 31 33 46 32 34 31 24 125 8 11 7 4 2 6 12
	write umon |	misses = 215, hits= 0 0 0 0 0 0 0 0 0 0 0 0 0 0 0 0
num evicts: 8100000, p: 30607, s: 0 	 max proactive lookup: 6, max shadow lookup: 16
current cycle = 30770824, last update cycle = 30000306, delta = 770518
	load umon |	misses = 2426, hits= 50 16 17 25 18 18 15 12 68 6 5 3 2 1 3 7
	write umon |	misses = 117, hits= 0 0 0 0 0 0 0 0 0 0 0 0 0 0 0 0
num evicts: 8200000, p: 32218, s: 0 	 max proactive lookup: 6, max shadow lookup: 16
current cycle = 31933081, last update cycle = 30000306, delta = 1932775
	load umon |	misses = 2822, hits= 56 19 19 27 21 24 17 12 70 6 6 3 2 1 3 7
	write umon |	misses = 147, hits= 0 0 0 0 0 0 0 0 0 0 0 0 0 0 0 0
num evicts: 8300000, p: 34193, s: 0 	 max proactive lookup: 7, max shadow lookup: 16
current cycle = 33063721, last update cycle = 30000306, delta = 3063415
	load umon |	misses = 3145, hits= 62 20 19 28 22 27 17 12 78 6 6 3 2 1 3 7
	write umon |	misses = 196, hits= 0 0 0 0 0 0 0 0 0 0 0 0 0 0 0 0
num evicts: 8400000, p: 35997, s: 0 	 max proactive lookup: 8, max shadow lookup: 16
current cycle = 34149006, last update cycle = 30000306, delta = 4148700
	load umon |	misses = 3457, hits= 64 22 20 30 22 27 17 12 84 6 6 3 2 1 3 7
	write umon |	misses = 223, hits= 0 0 0 0 0 0 0 0 0 0 0 0 0 0 0 0
num evicts: 8500000, p: 37934, s: 0 	 max proactive lookup: 8, max shadow lookup: 16
current cycle = 35531663, last update cycle = 35000461, delta = 531202
	load umon |	misses = 1944, hits= 34 11 11 17 11 13 8 6 47 3 3 1 1 1 2 3
	write umon |	misses = 134, hits= 0 0 0 0 0 0 0 0 0 0 0 0 0 0 0 0
num evicts: 8600000, p: 39896, s: 0 	 max proactive lookup: 8, max shadow lookup: 16
current cycle = 37218774, last update cycle = 35000461, delta = 2218313
	load umon |	misses = 2362, hits= 41 15 15 19 11 16 11 6 49 3 3 1 2 1 7 4
	write umon |	misses = 160, hits= 0 0 0 0 0 0 0 0 1 1 0 2 0 0 0 0
num evicts: 8700000, p: 41360, s: 0 	 max proactive lookup: 8, max shadow lookup: 16
current cycle = 38480033, last update cycle = 35000461, delta = 3479572
	load umon |	misses = 2725, hits= 45 15 17 20 13 20 14 7 61 3 3 1 3 1 7 4
	write umon |	misses = 189, hits= 0 0 0 0 0 0 0 0 3 2 1 2 0 0 0 0
num evicts: 8800000, p: 42781, s: 0 	 max proactive lookup: 8, max shadow lookup: 16
current cycle = 39977468, last update cycle = 35000461, delta = 4977007
	load umon |	misses = 3120, hits= 48 17 17 20 13 20 14 7 74 3 3 1 3 1 7 4
	write umon |	misses = 211, hits= 0 0 0 0 0 0 0 0 3 2 1 2 0 0 0 0
num evicts: 8900000, p: 44363, s: 0 	 max proactive lookup: 8, max shadow lookup: 16
current cycle = 41097086, last update cycle = 40000540, delta = 1096546
	load umon |	misses = 1959, hits= 28 8 9 10 7 11 7 3 47 1 1 1 2 0 5 2
	write umon |	misses = 132, hits= 0 0 0 0 0 0 0 0 1 1 0 1 0 0 0 0
num evicts: 9000000, p: 46176, s: 0 	 max proactive lookup: 9, max shadow lookup: 16
current cycle = 42187156, last update cycle = 40000540, delta = 2186616
	load umon |	misses = 2357, hits= 31 9 11 15 10 13 7 3 48 2 4 1 2 0 12 4
	write umon |	misses = 175, hits= 0 0 0 0 0 0 0 0 1 1 0 1 0 0 0 0
num evicts: 9100000, p: 47791, s: 0 	 max proactive lookup: 9, max shadow lookup: 16
current cycle = 43247773, last update cycle = 40000540, delta = 3247233
	load umon |	misses = 2788, hits= 42 13 13 17 11 15 8 5 49 3 6 1 2 0 14 7
	write umon |	misses = 202, hits= 0 0 0 0 0 0 0 0 1 1 0 1 0 0 0 0
num evicts: 9200000, p: 49213, s: 0 	 max proactive lookup: 9, max shadow lookup: 16
current cycle = 44301976, last update cycle = 40000540, delta = 4301436
	load umon |	misses = 3237, hits= 42 16 14 17 16 18 10 8 57 5 6 1 2 0 14 8
	write umon |	misses = 242, hits= 0 0 0 0 0 0 0 0 1 1 0 1 0 0 0 0
num evicts: 9300000, p: 50505, s: 0 	 max proactive lookup: 14, max shadow lookup: 16
current cycle = 45395898, last update cycle = 45000740, delta = 395158
	load umon |	misses = 1873, hits= 22 9 10 11 10 10 5 4 28 2 3 0 1 0 8 7
	write umon |	misses = 143, hits= 0 0 0 0 0 0 0 0 0 0 0 0 0 0 0 0
num evicts: 9400000, p: 51766, s: 0 	 max proactive lookup: 8, max shadow lookup: 16
current cycle = 46511632, last update cycle = 45000740, delta = 1510892
	load umon |	misses = 2261, hits= 30 13 14 18 13 14 6 4 35 2 3 0 1 0 8 7
	write umon |	misses = 152, hits= 0 0 0 0 0 0 0 0 0 0 0 0 0 0 0 0
num evicts: 9500000, p: 52934, s: 0 	 max proactive lookup: 8, max shadow lookup: 16
current cycle = 47610586, last update cycle = 45000740, delta = 2609846
	load umon |	misses = 2637, hits= 30 15 16 18 14 18 8 4 54 2 3 2 2 0 8 7
	write umon |	misses = 170, hits= 0 0 0 0 0 0 0 0 0 0 0 0 0 0 0 0
Heartbeat CPU 0 instructions: 40000006 cycles: 48383328 heartbeat IPC: 0.3615 cumulative IPC: 0.3591 (Simulation time: 02 hr 00 min 23 sec)
Heartbeat CPU 1 instructions: 40000007 cycles: 48507809 heartbeat IPC: 0.3612 cumulative IPC: 0.359 (Simulation time: 02 hr 00 min 35 sec)
Heartbeat CPU 2 instructions: 40000011 cycles: 48732186 heartbeat IPC: 0.3619 cumulative IPC: 0.3594 (Simulation time: 02 hr 00 min 57 sec)
num evicts: 9600000, p: 54284, s: 0 	 max proactive lookup: 8, max shadow lookup: 16
current cycle = 48767918, last update cycle = 45000740, delta = 3767178
	load umon |	misses = 3036, hits= 39 16 22 20 19 23 8 5 59 4 3 4 2 0 8 7
	write umon |	misses = 188, hits= 0 0 0 0 0 0 0 0 0 0 0 0 0 0 0 0
Heartbeat CPU 3 instructions: 40000003 cycles: 49076884 heartbeat IPC: 0.3611 cumulative IPC: 0.359 (Simulation time: 02 hr 01 min 31 sec)
Heartbeat CPU 4 instructions: 40000007 cycles: 49211736 heartbeat IPC: 0.3618 cumulative IPC: 0.3594 (Simulation time: 02 hr 01 min 45 sec)
Heartbeat CPU 5 instructions: 40000003 cycles: 49317167 heartbeat IPC: 0.3618 cumulative IPC: 0.3594 (Simulation time: 02 hr 01 min 55 sec)
Heartbeat CPU 6 instructions: 40000007 cycles: 49412273 heartbeat IPC: 0.3614 cumulative IPC: 0.3596 (Simulation time: 02 hr 02 min 05 sec)
Heartbeat CPU 7 instructions: 40000007 cycles: 49442951 heartbeat IPC: 0.362 cumulative IPC: 0.36 (Simulation time: 02 hr 02 min 08 sec)
num evicts: 9700000, p: 55859, s: 0 	 max proactive lookup: 8, max shadow lookup: 16
current cycle = 49928381, last update cycle = 45000740, delta = 4927641
	load umon |	misses = 3427, hits= 45 17 24 29 23 30 11 6 73 6 6 6 2 0 8 7
	write umon |	misses = 218, hits= 0 0 0 0 0 0 0 0 0 0 0 0 0 0 0 0
num evicts: 9800000, p: 57465, s: 0 	 max proactive lookup: 8, max shadow lookup: 16
current cycle = 51033514, last update cycle = 50000985, delta = 1032529
	load umon |	misses = 2070, hits= 33 12 14 20 15 21 7 6 43 3 4 6 3 0 6 3
	write umon |	misses = 140, hits= 0 0 0 0 0 0 0 0 0 0 0 0 0 0 0 0
num evicts: 9900000, p: 58734, s: 0 	 max proactive lookup: 7, max shadow lookup: 16
current cycle = 52089478, last update cycle = 50000985, delta = 2088493
	load umon |	misses = 2462, hits= 43 13 14 24 19 27 8 8 50 5 5 6 3 3 8 3
	write umon |	misses = 170, hits= 0 0 0 0 0 0 0 0 0 0 0 0 0 0 0 0
num evicts: 10000000, p: 59874, s: 0 	 max proactive lookup: 6, max shadow lookup: 16
current cycle = 53174915, last update cycle = 50000985, delta = 3173930
	load umon |	misses = 2795, hits= 52 16 16 28 22 31 12 10 63 6 6 7 3 3 8 3
	write umon |	misses = 202, hits= 0 0 0 0 0 0 0 0 0 0 0 0 0 0 0 0
num evicts: 10100000, p: 61186, s: 0 	 max proactive lookup: 6, max shadow lookup: 16
current cycle = 54361261, last update cycle = 50000985, delta = 4360276
	load umon |	misses = 3139, hits= 57 16 21 30 24 35 16 14 66 9 8 9 3 3 8 3
	write umon |	misses = 242, hits= 0 0 0 0 0 0 0 0 0 0 0 0 0 0 0 0
num evicts: 10200000, p: 62846, s: 0 	 max proactive lookup: 8, max shadow lookup: 16
current cycle = 55678811, last update cycle = 55001189, delta = 677622
	load umon |	misses = 1911, hits= 33 11 12 16 13 18 8 7 33 4 4 4 1 1 4 1
	write umon |	misses = 176, hits= 0 0 0 0 0 0 0 0 0 0 0 0 0 0 0 0
num evicts: 10300000, p: 64728, s: 0 	 max proactive lookup: 8, max shadow lookup: 16
current cycle = 57512636, last update cycle = 55001189, delta = 2511447
	load umon |	misses = 2276, hits= 39 13 12 16 14 20 10 8 42 4 4 4 1 4 4 1
	write umon |	misses = 218, hits= 0 0 0 0 0 0 0 0 0 0 0 0 0 0 0 0
num evicts: 10400000, p: 66874, s: 0 	 max proactive lookup: 6, max shadow lookup: 16
current cycle = 58965659, last update cycle = 55001189, delta = 3964470
	load umon |	misses = 2645, hits= 57 20 20 26 16 23 11 9 50 5 7 6 2 8 5 1
	write umon |	misses = 245, hits= 0 0 0 0 0 0 0 0 0 0 0 0 0 0 0 0
num evicts: 10500000, p: 69181, s: 0 	 max proactive lookup: 7, max shadow lookup: 16
current cycle = 60223042, last update cycle = 60001322, delta = 221720
	load umon |	misses = 1529, hits= 31 11 10 13 8 12 8 7 33 2 4 3 1 4 2 0
	write umon |	misses = 148, hits= 0 0 0 0 0 0 0 0 0 0 0 0 0 0 0 0
num evicts: 10600000, p: 71451, s: 0 	 max proactive lookup: 5, max shadow lookup: 16
current cycle = 61447233, last update cycle = 60001322, delta = 1445911
	load umon |	misses = 1904, hits= 42 15 20 18 13 21 14 9 51 8 7 3 1 4 2 0
	write umon |	misses = 169, hits= 0 0 0 0 0 0 0 0 0 0 0 0 0 0 0 0
num evicts: 10700000, p: 73700, s: 0 	 max proactive lookup: 5, max shadow lookup: 16
current cycle = 62695996, last update cycle = 60001322, delta = 2694674
	load umon |	misses = 2376, hits= 46 19 23 26 15 25 19 9 61 9 11 3 2 5 2 0
	write umon |	misses = 208, hits= 0 0 0 0 0 0 0 0 0 0 0 0 0 0 0 0
num evicts: 10800000, p: 75904, s: 0 	 max proactive lookup: 6, max shadow lookup: 16
current cycle = 63866699, last update cycle = 60001322, delta = 3865377
	load umon |	misses = 2808, hits= 55 19 23 26 16 25 19 9 65 9 11 3 2 5 7 0
	write umon |	misses = 275, hits= 0 0 0 0 0 0 0 0 0 0 0 0 0 0 0 0
num evicts: 10900000, p: 77797, s: 0 	 max proactive lookup: 6, max shadow lookup: 16
current cycle = 65020635, last update cycle = 65001709, delta = 18926
	load umon |	misses = 1592, hits= 33 10 14 15 9 13 10 4 36 4 5 1 1 3 4 1
	write umon |	misses = 162, hits= 0 0 0 0 0 0 0 0 0 0 0 0 0 0 0 0
num evicts: 11000000, p: 79607, s: 0 	 max proactive lookup: 6, max shadow lookup: 16
current cycle = 66188986, last update cycle = 65001709, delta = 1187277
	load umon |	misses = 2001, hits= 41 12 19 17 10 15 12 6 41 8 7 1 1 3 4 5
	write umon |	misses = 202, hits= 0 0 0 0 0 0 0 0 0 0 0 0 0 0 0 0
num evicts: 11100000, p: 81525, s: 0 	 max proactive lookup: 7, max shadow lookup: 16
current cycle = 67396002, last update cycle = 65001709, delta = 2394293
	load umon |	misses = 2396, hits= 49 16 23 19 10 15 12 6 41 8 7 1 1 3 4 5
	write umon |	misses = 237, hits= 0 0 0 0 0 0 0 0 0 0 0 0 0 0 0 0
num evicts: 11200000, p: 83275, s: 0 	 max proactive lookup: 7, max shadow lookup: 16
current cycle = 68516336, last update cycle = 65001709, delta = 3514627
	load umon |	misses = 2818, hits= 58 17 28 19 14 18 18 7 46 8 8 1 2 3 4 5
	write umon |	misses = 268, hits= 0 0 0 0 0 0 0 0 0 0 0 0 0 0 0 0
num evicts: 11300000, p: 84837, s: 0 	 max proactive lookup: 8, max shadow lookup: 16
current cycle = 69608930, last update cycle = 65001709, delta = 4607221
	load 