[VMEM] WARNING: physical memory size is smaller than virtual memory size.

*** ChampSim Multicore Out-of-Order Simulator ***
Warmup Instructions: 25000000
Simulation Instructions: 25000000
Number of CPUs: 8
Page size: 2097152

initializing BARD -- num sampled sets: 64, modulus = 256
CL :	 16.64 ns
CWL :	 15.808 ns
tRP :	 16.224 ns
tRCD :	 16.224 ns
tRAS :	 32.032000000000004 ns
tRTP :	 7.904 ns
tWR :	 30.368000000000002 ns

tCCD_S :	 3.3280000000000003 ns
tCCD_S_WR :	 3.3280000000000003 ns
tCCD_S_WTR :	 22.048000000000002 ns
tCCD_L :	 5.408 ns
tCCD_L_WR :	 20.384 ns
tCCD_L_WTR :	 29.536 ns
tRRD_S :	 3.3280000000000003 ns
tRRD_L :	 5.408 ns
tFAW :	 13.728 ns
Address mapping (perm = 1) 	ch co bg bg bg ba ba co co co co co co ro ro ro ro ro ro ro ro ro ro ro ro ro ro ro 
dram queue size: R = 64 W = 48 (low:high is 9:39)
num evicts: 0, p: 0, s: 0 	 max proactive lookup: 15, max shadow lookup: 16
current cycle = 7169, last update cycle = 0, delta = 7169
	load umon |	misses = 26, hits= 1 0 0 0 0 0 0 0 0 0 0 0 0 0 0 5
	write umon |	misses = 0, hits= 0 0 0 0 0 0 0 0 0 0 0 0 0 0 0 0
num evicts: 100000, p: 608, s: 0 	 max proactive lookup: 16, max shadow lookup: 16
current cycle = 323223, last update cycle = 0, delta = 323223
	load umon |	misses = 1287, hits= 9 0 0 0 0 0 0 0 17 0 0 0 0 0 0 5
	write umon |	misses = 8, hits= 0 0 0 0 0 0 0 0 0 0 0 0 0 0 0 0
num evicts: 200000, p: 964, s: 0 	 max proactive lookup: 16, max shadow lookup: 16
current cycle = 460391, last update cycle = 0, delta = 460391
	load umon |	misses = 1910, hits= 29 0 1 0 0 0 0 0 55 0 0 0 0 0 0 5
	write umon |	misses = 23, hits= 0 0 0 0 0 0 0 0 0 0 0 0 0 0 0 0
num evicts: 300000, p: 1340, s: 0 	 max proactive lookup: 16, max shadow lookup: 16
current cycle = 581774, last update cycle = 0, delta = 581774
	load umon |	misses = 2255, hits= 39 0 1 0 0 0 0 0 63 0 0 0 0 0 0 5
	write umon |	misses = 23, hits= 0 0 0 0 0 0 0 0 0 0 0 0 0 0 0 0
num evicts: 400000, p: 1727, s: 0 	 max proactive lookup: 16, max shadow lookup: 16
current cycle = 696467, last update cycle = 0, delta = 696467
	load umon |	misses = 2669, hits= 77 0 1 0 0 0 0 0 71 0 0 0 0 1 6 5
	write umon |	misses = 31, hits= 0 0 0 0 0 0 0 0 0 0 0 0 0 0 0 0
num evicts: 500000, p: 2174, s: 0 	 max proactive lookup: 16, max shadow lookup: 16
current cycle = 837323, last update cycle = 0, delta = 837323
	load umon |	misses = 3113, hits= 77 0 1 0 0 0 0 0 79 0 0 0 0 1 6 5
	write umon |	misses = 40, hits= 0 0 0 0 0 0 0 0 0 0 0 0 0 0 0 0
num evicts: 600000, p: 2605, s: 0 	 max proactive lookup: 16, max shadow lookup: 16
current cycle = 946658, last update cycle = 0, delta = 946658
	load umon |	misses = 3511, hits= 81 0 1 0 0 0 0 0 79 0 0 0 0 1 6 5
	write umon |	misses = 40, hits= 0 0 0 0 0 0 0 0 0 0 0 0 0 0 0 0
num evicts: 700000, p: 3143, s: 0 	 max proactive lookup: 16, max shadow lookup: 16
current cycle = 1055172, last update cycle = 0, delta = 1055172
	load umon |	misses = 3958, hits= 89 0 1 0 0 0 0 6 89 0 0 0 0 1 6 5
	write umon |	misses = 60, hits= 0 0 0 0 0 0 0 0 0 0 0 0 0 0 0 0
num evicts: 800000, p: 3627, s: 0 	 max proactive lookup: 16, max shadow lookup: 16
current cycle = 1162879, last update cycle = 0, delta = 1162879
	load umon |	misses = 4364, hits= 92 0 1 0 0 0 0 6 89 0 0 0 0 1 6 5
	write umon |	misses = 73, hits= 0 0 0 0 0 0 0 0 0 0 0 0 0 0 0 0
num evicts: 900000, p: 4184, s: 0 	 max proactive lookup: 16, max shadow lookup: 16
current cycle = 1270773, last update cycle = 0, delta = 1270773
	load umon |	misses = 4718, hits= 97 1 2 1 0 0 4 8 105 0 0 0 0 1 6 5
	write umon |	misses = 92, hits= 0 0 0 0 0 0 0 0 0 0 0 0 0 0 0 0
num evicts: 1000000, p: 4748, s: 0 	 max proactive lookup: 16, max shadow lookup: 16
current cycle = 1377873, last update cycle = 0, delta = 1377873
	load umon |	misses = 5062, hits= 115 1 2 1 0 0 4 8 112 0 0 0 0 1 6 5
	write umon |	misses = 96, hits= 0 0 0 0 0 0 0 0 0 0 0 0 0 0 0 0
num evicts: 1100000, p: 5283, s: 0 	 max proactive lookup: 16, max shadow lookup: 16
current cycle = 1485254, last update cycle = 0, delta = 1485254
	load umon |	misses = 5464, hits= 129 1 3 2 0 0 8 9 123 0 0 0 0 1 6 5
	write umon |	misses = 97, hits= 0 0 0 0 0 0 0 0 0 0 0 0 0 0 0 0
num evicts: 1200000, p: 5837, s: 0 	 max proactive lookup: 16, max shadow lookup: 16
current cycle = 1592388, last update cycle = 0, delta = 1592388
	load umon |	misses = 5847, hits= 129 2 3 2 0 0 8 9 129 0 0 0 0 1 6 5
	write umon |	misses = 108, hits= 0 0 0 0 0 0 0 0 0 0 0 0 0 0 0 0
num evicts: 1300000, p: 6380, s: 0 	 max proactive lookup: 16, max shadow lookup: 16
current cycle = 1699273, last update cycle = 0, delta = 1699273
	load umon |	misses = 6248, hits= 130 3 3 2 0 1 8 10 129 0 0 0 0 1 6 5
	write umon |	misses = 117, hits= 0 0 0 0 0 0 0 0 0 0 0 0 0 0 0 0
num evicts: 1400000, p: 6899, s: 0 	 max proactive lookup: 16, max shadow lookup: 16
current cycle = 1806603, last update cycle = 0, delta = 1806603
	load umon |	misses = 6642, hits= 132 3 4 2 0 1 10 13 129 0 0 0 0 1 6 5
	write umon |	misses = 124, hits= 0 0 0 0 0 0 0 0 0 0 0 0 0 0 0 0
num evicts: 1500000, p: 7466, s: 0 	 max proactive lookup: 16, max shadow lookup: 16
current cycle = 1913231, last update cycle = 0, delta = 1913231
	load umon |	misses = 7039, hits= 135 3 4 2 0 1 10 13 129 0 0 0 0 1 6 5
	write umon |	misses = 142, hits= 0 0 0 0 0 0 0 0 0 0 0 0 0 0 0 0
num evicts: 1600000, p: 7971, s: 0 	 max proactive lookup: 16, max shadow lookup: 16
current cycle = 2020286, last update cycle = 0, delta = 2020286
	load umon |	misses = 7361, hits= 141 3 4 2 0 2 10 14 129 0 0 1 0 1 12 5
	write umon |	misses = 157, hits= 0 0 0 0 0 0 0 0 0 0 0 0 0 0 0 0
num evicts: 1700000, p: 8585, s: 0 	 max proactive lookup: 16, max shadow lookup: 16
current cycle = 2126749, last update cycle = 0, delta = 2126749
	load umon |	misses = 7681, hits= 152 3 4 2 0 2 14 14 137 3 0 1 0 1 13 5
	write umon |	misses = 166, hits= 0 0 0 0 0 0 0 0 0 0 0 0 0 0 0 0
num evicts: 1800000, p: 9193, s: 0 	 max proactive lookup: 16, max shadow lookup: 16
current cycle = 2233162, last update cycle = 0, delta = 2233162
	load umon |	misses = 7965, hits= 152 3 6 2 1 3 14 17 140 3 0 1 0 1 13 5
	write umon |	misses = 167, hits= 0 0 0 0 0 0 0 0 0 0 0 0 0 0 0 0
num evicts: 1900000, p: 10001, s: 0 	 max proactive lookup: 16, max shadow lookup: 16
current cycle = 2388514, last update cycle = 0, delta = 2388514
	load umon |	misses = 8294, hits= 152 3 6 2 1 3 14 17 142 3 0 1 0 1 13 5
	write umon |	misses = 180, hits= 0 0 0 0 0 0 0 0 0 0 0 0 0 0 0 0
num evicts: 2000000, p: 10882, s: 0 	 max proactive lookup: 16, max shadow lookup: 16
current cycle = 2495622, last update cycle = 0, delta = 2495622
	load umon |	misses = 8662, hits= 158 4 6 3 1 3 14 17 150 3 0 1 0 1 13 5
	write umon |	misses = 200, hits= 0 0 0 0 0 0 0 0 0 0 0 0 0 0 0 0
num evicts: 2100000, p: 11576, s: 0 	 max proactive lookup: 16, max shadow lookup: 16
current cycle = 2601489, last update cycle = 0, delta = 2601489
	load umon |	misses = 9048, hits= 160 4 8 4 3 5 14 17 155 3 0 1 0 1 13 5
	write umon |	misses = 221, hits= 0 0 0 0 0 0 0 0 0 0 0 0 0 0 0 0
num evicts: 2200000, p: 11940, s: 0 	 max proactive lookup: 16, max shadow lookup: 16
current cycle = 2707553, last update cycle = 0, delta = 2707553
	load umon |	misses = 9458, hits= 161 4 8 4 3 5 14 17 155 3 0 2 0 2 13 5
	write umon |	misses = 230, hits= 0 0 0 0 0 0 0 0 0 0 0 0 0 0 0 0
num evicts: 2300000, p: 12279, s: 0 	 max proactive lookup: 16, max shadow lookup: 16
current cycle = 2814515, last update cycle = 0, delta = 2814515
	load umon |	misses = 9923, hits= 162 4 8 4 3 6 14 17 162 7 0 2 0 2 13 5
	write umon |	misses = 244, hits= 0 0 0 0 0 0 0 0 0 0 0 0 0 0 0 0
num evicts: 2400000, p: 12667, s: 0 	 max proactive lookup: 16, max shadow lookup: 16
current cycle = 2921585, last update cycle = 0, delta = 2921585
	load umon |	misses = 10380, hits= 169 7 8 6 3 6 14 17 165 7 0 2 0 2 13 5
	write umon |	misses = 251, hits= 0 0 0 0 0 0 0 0 0 0 0 0 0 0 0 0
num evicts: 2500000, p: 13108, s: 0 	 max proactive lookup: 16, max shadow lookup: 16
current cycle = 3028611, last update cycle = 0, delta = 3028611
	load umon |	misses = 10726, hits= 179 13 11 7 3 7 15 18 168 7 0 2 0 2 13 5
	write umon |	misses = 256, hits= 0 0 0 0 0 0 0 0 0 0 0 0 0 0 0 0
num evicts: 2600000, p: 13535, s: 0 	 max proactive lookup: 16, max shadow lookup: 16
current cycle = 3135128, last update cycle = 0, delta = 3135128
	load umon |	misses = 11083, hits= 182 15 15 9 4 7 15 18 168 7 0 2 0 2 13 5
	write umon |	misses = 265, hits= 0 0 0 0 0 0 0 0 0 0 0 0 0 0 0 0
num evicts: 2700000, p: 14044, s: 0 	 max proactive lookup: 16, max shadow lookup: 16
current cycle = 3241171, last update cycle = 0, delta = 3241171
	load umon |	misses = 11464, hits= 188 15 16 10 5 7 15 18 168 7 0 2 0 2 13 5
	write umon |	misses = 281, hits= 0 0 0 0 0 0 0 0 0 0 0 0 0 0 0 0
num evicts: 2800000, p: 14519, s: 0 	 max proactive lookup: 16, max shadow lookup: 16
current cycle = 3359295, last update cycle = 0, delta = 3359295
	load umon |	misses = 11862, hits= 190 17 17 10 6 10 16 19 168 7 0 2 0 2 13 5
	write umon |	misses = 291, hits= 0 0 0 0 0 0 0 0 0 0 0 0 0 0 0 0
num evicts: 2900000, p: 15001, s: 0 	 max proactive lookup: 16, max shadow lookup: 16
current cycle = 3465710, last update cycle = 0, delta = 3465710
	load umon |	misses = 12209, hits= 196 22 21 12 11 10 16 19 171 7 1 2 0 2 13 5
	write umon |	misses = 295, hits= 0 0 0 0 0 0 0 0 0 0 0 0 0 0 0 0
num evicts: 3000000, p: 15513, s: 0 	 max proactive lookup: 16, max shadow lookup: 16
current cycle = 3572168, last update cycle = 0, delta = 3572168
	load umon |	misses = 12586, hits= 197 24 21 14 15 12 16 20 176 7 1 2 0 2 13 5
	write umon |	misses = 306, hits= 0 0 0 0 0 0 0 0 0 0 0 0 0 0 0 0
num evicts: 3100000, p: 16058, s: 0 	 max proactive lookup: 16, max shadow lookup: 16
current cycle = 3678660, last update cycle = 0, delta = 3678660
	load umon |	misses = 13017, hits= 201 25 25 16 17 12 17 21 178 7 1 2 0 2 13 5
	write umon |	misses = 314, hits= 0 0 0 0 0 0 0 0 0 0 0 0 0 0 0 0
num evicts: 3200000, p: 16551, s: 0 	 max proactive lookup: 16, max shadow lookup: 16
current cycle = 3785454, last update cycle = 0, delta = 3785454
	load umon |	misses = 13449, hits= 205 26 27 18 18 13 18 21 180 7 1 3 1 2 13 5
	write umon |	misses = 325, hits= 0 0 0 0 0 0 0 0 0 0 0 0 0 0 0 0
num evicts: 3300000, p: 17012, s: 0 	 max proactive lookup: 16, max shadow lookup: 16
current cycle = 3892039, last update cycle = 0, delta = 3892039
	load umon |	misses = 13806, hits= 210 30 28 19 20 17 19 21 184 7 1 3 1 2 13 5
	write umon |	misses = 328, hits= 0 0 0 0 0 0 0 0 0 0 0 0 0 0 0 0
num evicts: 3400000, p: 17589, s: 0 	 max proactive lookup: 16, max shadow lookup: 16
current cycle = 3998725, last update cycle = 0, delta = 3998725
	load umon |	misses = 14179, hits= 210 33 31 24 22 18 22 24 185 8 1 3 2 2 13 5
	write umon |	misses = 341, hits= 0 0 0 0 0 0 0 0 0 0 0 0 0 0 0 0
num evicts: 3500000, p: 18159, s: 0 	 max proactive lookup: 16, max shadow lookup: 16
current cycle = 4105548, last update cycle = 0, delta = 4105548
	load umon |	misses = 14571, hits= 211 36 33 27 26 22 24 27 188 8 1 3 2 2 13 5
	write umon |	misses = 349, hits= 0 0 0 0 0 0 0 0 0 0 0 0 0 0 0 0
num evicts: 3600000, p: 18665, s: 0 	 max proactive lookup: 16, max shadow lookup: 16
current cycle = 4212332, last update cycle = 0, delta = 4212332
	load umon |	misses = 14957, hits= 213 37 36 29 28 22 24 28 190 15 1 3 2 2 13 5
	write umon |	misses = 357, hits= 0 0 0 0 0 0 0 0 0 0 0 0 0 0 0 0
num evicts: 3700000, p: 19212, s: 0 	 max proactive lookup: 16, max shadow lookup: 16
current cycle = 4318849, last update cycle = 0, delta = 4318849
	load umon |	misses = 15315, hits= 214 39 38 32 32 23 24 28 194 15 1 3 2 2 13 5
	write umon |	misses = 370, hits= 0 0 0 0 0 0 0 0 0 0 0 0 0 0 0 0
num evicts: 3800000, p: 19719, s: 0 	 max proactive lookup: 16, max shadow lookup: 16
current cycle = 4425282, last update cycle = 0, delta = 4425282
	load umon |	misses = 15665, hits= 214 39 40 33 33 24 24 30 197 15 1 3 2 3 13 5
	write umon |	misses = 394, hits= 0 0 0 0 0 0 0 0 0 0 0 0 0 0 0 0
num evicts: 3900000, p: 20246, s: 0 	 max proactive lookup: 16, max shadow lookup: 16
current cycle = 4531786, last update cycle = 0, delta = 4531786
	load umon |	misses = 16019, hits= 215 39 40 34 35 26 27 31 199 15 1 3 2 3 14 5
	write umon |	misses = 403, hits= 0 0 0 0 0 0 0 0 0 0 0 0 0 0 0 0
num evicts: 4000000, p: 20788, s: 0 	 max proactive lookup: 16, max shadow lookup: 16
current cycle = 4638221, last update cycle = 0, delta = 4638221
	load umon |	misses = 16368, hits= 216 41 40 35 36 26 27 33 199 15 2 3 2 3 15 5
	write umon |	misses = 415, hits= 0 0 0 0 0 0 0 0 0 0 0 0 0 0 0 0
Heartbeat CPU 0 instructions: 10000003 cycles: 4644701 heartbeat IPC: 2.153 cumulative IPC: 2.153 (Simulation time: 00 hr 22 min 51 sec)
Heartbeat CPU 1 instructions: 10000003 cycles: 4719215 heartbeat IPC: 2.119 cumulative IPC: 2.119 (Simulation time: 00 hr 23 min 11 sec)
num evicts: 4100000, p: 21381, s: 0 	 max proactive lookup: 16, max shadow lookup: 16
current cycle = 4745003, last update cycle = 0, delta = 4745003
	load umon |	misses = 16778, hits= 219 44 43 35 36 28 28 34 199 16 4 5 4 5 17 5
	write umon |	misses = 429, hits= 0 0 0 0 0 0 0 0 0 0 0 0 0 0 0 0
Heartbeat CPU 2 instructions: 10000003 cycles: 4757976 heartbeat IPC: 2.102 cumulative IPC: 2.102 (Simulation time: 00 hr 23 min 23 sec)
Heartbeat CPU 3 instructions: 10000002 cycles: 4791885 heartbeat IPC: 2.087 cumulative IPC: 2.087 (Simulation time: 00 hr 23 min 33 sec)
Heartbeat CPU 4 instructions: 10000003 cycles: 4809666 heartbeat IPC: 2.079 cumulative IPC: 2.079 (Simulation time: 00 hr 23 min 39 sec)
Heartbeat CPU 5 instructions: 10000004 cycles: 4834798 heartbeat IPC: 2.068 cumulative IPC: 2.068 (Simulation time: 00 hr 23 min 46 sec)
Heartbeat CPU 6 instructions: 10000003 cycles: 4847808 heartbeat IPC: 2.063 cumulative IPC: 2.063 (Simulation time: 00 hr 23 min 50 sec)
num evicts: 4200000, p: 21980, s: 0 	 max proactive lookup: 16, max shadow lookup: 16
current cycle = 4851590, last update cycle = 0, delta = 4851590
	load umon |	misses = 17172, hits= 219 44 43 35 36 28 28 35 202 17 4 6 4 5 17 5
	write umon |	misses = 435, hits= 0 0 0 0 0 0 0 0 0 0 0 0 0 0 0 0
Heartbeat CPU 7 instructions: 10000003 cycles: 4863731 heartbeat IPC: 2.056 cumulative IPC: 2.056 (Simulation time: 00 hr 23 min 56 sec)
num evicts: 4300000, p: 22677, s: 0 	 max proactive lookup: 16, max shadow lookup: 16
current cycle = 4958471, last update cycle = 0, delta = 4958471
	load umon |	misses = 17548, hits= 220 46 44 36 37 30 29 35 203 17 5 7 4 6 17 5
	write umon |	misses = 451, hits= 0 0 0 0 0 0 0 0 0 0 0 0 0 0 0 0
num evicts: 4400000, p: 23333, s: 0 	 max proactive lookup: 16, max shadow lookup: 16
current cycle = 5064730, last update cycle = 5000044, delta = 64686
	load umon |	misses = 9079, hits= 110 23 22 19 18 15 16 19 106 8 2 4 2 3 8 2
	write umon |	misses = 237, hits= 0 0 0 0 0 0 0 0 0 0 0 0 0 0 0 0
num evicts: 4500000, p: 23875, s: 0 	 max proactive lookup: 16, max shadow lookup: 16
current cycle = 5170855, last update cycle = 5000044, delta = 170811
	load umon |	misses = 9453, hits= 110 23 24 21 20 18 20 19 107 10 4 4 2 3 8 2
	write umon |	misses = 253, hits= 0 0 0 0 0 0 0 0 0 0 0 0 0 0 0 0
num evicts: 4600000, p: 24205, s: 0 	 max proactive lookup: 16, max shadow lookup: 16
current cycle = 5277246, last update cycle = 5000044, delta = 277202
	load umon |	misses = 9810, hits= 112 25 26 23 22 18 21 19 108 12 5 4 2 3 8 2
	write umon |	misses = 267, hits= 0 0 0 0 0 0 0 0 0 0 0 0 0 0 0 0
num evicts: 4700000, p: 24526, s: 0 	 max proactive lookup: 16, max shadow lookup: 16
current cycle = 5383910, last update cycle = 5000044, delta = 383866
	load umon |	misses = 10223, hits= 114 30 28 23 22 18 21 19 110 12 5 5 2 3 8 2
	write umon |	misses = 275, hits= 0 0 0 0 0 0 0 0 0 0 0 0 0 0 0 0
num evicts: 4800000, p: 24858, s: 0 	 max proactive lookup: 16, max shadow lookup: 16
current cycle = 5490716, last update cycle = 5000044, delta = 490672
	load umon |	misses = 10623, hits= 117 33 28 23 22 18 21 19 110 13 5 6 3 5 8 2
	write umon |	misses = 282, hits= 0 0 0 0 0 0 0 0 0 0 0 0 0 0 0 0
num evicts: 4900000, p: 25208, s: 0 	 max proactive lookup: 16, max shadow lookup: 16
current cycle = 5597378, last update cycle = 5000044, delta = 597334
	load umon |	misses = 11013, hits= 119 35 31 23 23 18 23 19 111 13 5 6 4 6 8 2
	write umon |	misses = 287, hits= 0 0 0 0 0 0 0 0 0 0 0 0 0 0 0 0
num evicts: 5000000, p: 25612, s: 0 	 max proactive lookup: 16, max shadow lookup: 16
current cycle = 5704232, last update cycle = 5000044, delta = 704188
	load umon |	misses = 11450, hits= 119 36 31 24 23 19 24 21 113 14 6 7 4 6 8 2
	write umon |	misses = 296, hits= 0 0 0 0 0 0 0 0 0 0 0 0 0 0 0 0
num evicts: 5100000, p: 26061, s: 0 	 max proactive lookup: 16, max shadow lookup: 16
current cycle = 5810900, last update cycle = 5000044, delta = 810856
	load umon |	misses = 11841, hits= 119 37 32 26 25 20 24 21 114 14 6 7 4 6 8 2
	write umon |	misses = 306, hits= 0 0 0 0 0 0 0 0 0 0 0 0 0 0 0 0
num evicts: 5200000, p: 26549, s: 0 	 max proactive lookup: 16, max shadow lookup: 16
current cycle = 5917436, last update cycle = 5000044, delta = 917392
	load umon |	misses = 12269, hits= 122 43 32 30 26 20 26 22 114 14 6 7 4 6 8 2
	write umon |	misses = 320, hits= 0 0 0 0 0 0 0 0 0 0 0 0 0 0 0 0
num evicts: 5300000, p: 27057, s: 0 	 max proactive lookup: 16, max shadow lookup: 16
current cycle = 6024000, last update cycle = 5000044, delta = 1023956
	load umon |	misses = 12655, hits= 123 48 33 34 28 22 26 23 115 15 6 7 5 6 8 2
	write umon |	misses = 331, hits= 0 0 0 0 0 0 0 0 0 0 0 0 0 0 0 0
num evicts: 5400000, p: 27622, s: 0 	 max proactive lookup: 16, max shadow lookup: 16
current cycle = 6130692, last update cycle = 5000044, delta = 1130648
	load umon |	misses = 13088, hits= 124 50 37 38 29 25 28 28 115 16 8 7 6 6 8 2
	write umon |	misses = 341, hits= 0 0 0 0 0 0 0 0 0 0 0 0 0 0 0 0
num evicts: 5500000, p: 28231, s: 0 	 max proactive lookup: 16, max shadow lookup: 16
current cycle = 6237432, last update cycle = 5000044, delta = 1237388
	load umon |	misses = 13506, hits= 131 55 40 38 35 27 29 30 116 20 9 7 7 8 8 2
	write umon |	misses = 352, hits= 0 0 0 0 0 0 0 0 0 0 0 0 0 0 0 0
num evicts: 5600000, p: 28731, s: 0 	 max proactive lookup: 16, max shadow lookup: 16
current cycle = 6344036, last update cycle = 5000044, delta = 1343992
	load umon |	misses = 13917, hits= 135 56 40 40 35 28 29 31 117 22 12 7 7 8 9 2
	write umon |	misses = 365, hits= 0 0 0 0 0 0 0 0 0 0 0 0 0 0 0 0
num evicts: 5700000, p: 29290, s: 0 	 max proactive lookup: 16, max shadow lookup: 16
current cycle = 6450336, last update cycle = 5000044, delta = 1450292
	load umon |	misses = 14356, hits= 136 56 40 40 35 29 29 33 117 23 12 7 7 11 11 2
	write umon |	misses = 379, hits= 0 0 0 0 0 0 0 0 0 0 0 0 0 0 0 0
num evicts: 5800000, p: 29805, s: 0 	 max proactive lookup: 16, max shadow lookup: 16
current cycle = 6556694, last update cycle = 5000044, delta = 1556650
	load umon |	misses = 14787, hits= 138 56 40 40 35 29 31 35 118 24 13 8 7 11 11 2
	write umon |	misses = 388, hits= 0 0 0 0 0 0 0 0 0 0 0 0 0 0 0 0
num evicts: 5900000, p: 30336, s: 0 	 max proactive lookup: 16, max shadow lookup: 16
current cycle = 6663201, last update cycle = 5000044, delta = 1663157
	load umon |	misses = 15160, hits= 138 56 41 41 36 29 34 35 121 24 15 8 7 12 11 2
	write umon |	misses = 397, hits= 0 0 0 0 0 0 0 0 0 0 0 0 0 0 0 0
num evicts: 6000000, p: 30829, s: 0 	 max proactive lookup: 16, max shadow lookup: 16
current cycle = 6770144, last update cycle = 5000044, delta = 1770100
	load umon |	misses = 15532, hits= 138 58 45 42 37 31 37 38 123 25 15 8 8 14 12 2
	write umon |	misses = 408, hits= 0 0 0 0 0 0 0 0 0 0 0 0 0 0 0 0
num evicts: 6100000, p: 31184, s: 0 	 max proactive lookup: 16, max shadow lookup: 16
current cycle = 6876491, last update cycle = 5000044, delta = 1876447
	load umon |	misses = 15915, hits= 140 59 49 42 38 35 40 45 124 27 16 8 8 14 12 2
	write umon |	misses = 419, hits= 0 0 0 0 0 0 0 0 0 0 0 0 0 0 0 0
num evicts: 6200000, p: 31483, s: 0 	 max proactive lookup: 16, max shadow lookup: 16
current cycle = 6982659, last update cycle = 5000044, delta = 1982615
	load umon |	misses = 16291, hits= 146 63 49 44 41 37 42 45 125 29 17 8 8 14 12 2
	write umon |	misses = 433, hits= 0 0 0 0 0 0 0 0 0 0 0 0 0 0 0 0
num evicts: 6300000, p: 31780, s: 0 	 max proactive lookup: 16, max shadow lookup: 16
current cycle = 7087943, last update cycle = 5000044, delta = 2087899
	load umon |	misses = 16676, hits= 146 64 51 44 41 39 42 46 125 29 17 8 8 14 12 2
	write umon |	misses = 438, hits= 0 0 0 0 0 0 0 0 0 0 0 0 0 0 0 0
num evicts: 6400000, p: 32088, s: 0 	 max proactive lookup: 16, max shadow lookup: 16
current cycle = 7193931, last update cycle = 5000044, delta = 2193887
	load umon |	misses = 17100, hits= 147 65 51 45 42 41 44 46 125 29 17 8 8 14 12 2
	write umon |	misses = 445, hits= 0 0 0 0 0 0 0 0 0 0 0 0 0 0 0 0
num evicts: 6500000, p: 32456, s: 0 	 max proactive lookup: 16, max shadow lookup: 16
current cycle = 7300620, last update cycle = 5000044, delta = 2300576
	load umon |	misses = 17498, hits= 148 65 53 46 42 41 44 47 129 30 17 8 8 14 12 2
	write umon |	misses = 452, hits= 0 0 0 0 0 0 0 0 0 0 0 0 0 0 0 0
num evicts: 6600000, p: 32879, s: 0 	 max proactive lookup: 16, max shadow lookup: 16
current cycle = 7407463, last update cycle = 5000044, delta = 2407419
	load umon |	misses = 17865, hits= 148 65 56 47 42 42 45 48 129 30 17 9 9 14 12 2
	write umon |	misses = 464, hits= 0 0 0 0 0 0 0 0 0 0 0 0 0 0 0 0
num evicts: 6700000, p: 33395, s: 0 	 max proactive lookup: 16, max shadow lookup: 16
current cycle = 7514339, last update cycle = 5000044, delta = 2514295
	load umon |	misses = 18275, hits= 153 66 57 49 42 42 46 48 130 30 18 10 9 14 12 2
	write umon |	misses = 474, hits= 0 0 0 0 0 0 0 0 0 0 0 0 0 0 0 0
num evicts: 6800000, p: 34008, s: 0 	 max proactive lookup: 16, max shadow lookup: 16
current cycle = 7621169, last update cycle = 5000044, delta = 2621125
	load umon |	misses = 18660, hits= 156 68 60 56 44 44 48 49 134 33 18 10 9 14 12 2
	write umon |	misses = 493, hits= 0 0 0 0 0 0 0 0 0 0 0 0 0 0 0 0
num evicts: 6900000, p: 34560, s: 0 	 max proactive lookup: 16, max shadow lookup: 16
current cycle = 7728339, last update cycle = 5000044, delta = 2728295
	load umon |	misses = 19046, hits= 157 70 61 61 45 48 51 52 138 33 18 10 9 14 12 2
	write umon |	misses = 505, hits= 0 0 0 0 0 0 0 0 0 0 0 0 0 0 0 0
num evicts: 7000000, p: 34913, s: 0 	 max proactive lookup: 16, max shadow lookup: 16
current cycle = 7835259, last update cycle = 5000044, delta = 2835215
	load umon |	misses = 19444, hits= 157 73 64 61 46 49 56 53 146 37 19 10 9 14 12 2
	write umon |	misses = 520, hits= 0 0 0 0 0 0 0 0 0 0 0 0 0 0 0 0
num evicts: 7100000, p: 35239, s: 0 	 max proactive lookup: 16, max shadow lookup: 16
current cycle = 7942048, last update cycle = 5000044, delta = 2942004
	load umon |	misses = 19829, hits= 157 74 67 64 48 50 56 54 148 37 19 11 10 14 12 2
	write umon |	misses = 525, hits= 0 0 0 0 0 0 0 0 0 0 0 0 0 0 0 0
num evicts: 7200000, p: 35626, s: 0 	 max proactive lookup: 16, max shadow lookup: 16
current cycle = 8048809, last update cycle = 5000044, delta = 3048765
	load umon |	misses = 20213, hits= 162 75 70 67 52 50 56 55 153 38 20 11 11 15 12 2
	write umon |	misses = 526, hits= 0 0 0 0 0 0 0 0 0 0 0 0 0 0 0 0
num evicts: 7300000, p: 36042, s: 0 	 max proactive lookup: 16, max shadow lookup: 16
current cycle = 8155571, last update cycle = 5000044, delta = 3155527
	load umon |	misses = 20598, hits= 162 79 71 70 54 51 58 55 160 39 22 12 11 15 12 2
	write umon |	misses = 534, hits= 0 0 0 0 0 0 0 0 0 0 0 0 0 0 0 0
num evicts: 7400000, p: 36471, s: 0 	 max proactive lookup: 16, max shadow lookup: 16
current cycle = 8262598, last update cycle = 5000044, delta = 3262554
	load umon |	misses = 21004, hits= 165 82 74 71 55 51 58 55 164 43 24 14 11 15 12 2
	write umon |	misses = 555, hits= 0 0 0 0 0 0 0 0 0 0 0 0 0 0 0 0
num evicts: 7500000, p: 36923, s: 0 	 max proactive lookup: 16, max shadow lookup: 16
current cycle = 8369213, last update cycle = 5000044, delta = 3369169
	load umon |	misses = 21376, hits= 166 83 74 73 57 51 58 57 170 43 24 14 11 15 12 2
	write umon |	misses = 562, hits= 0 0 0 0 0 0 0 0 0 0 0 0 0 0 0 0
num evicts: 7600000, p: 37333, s: 0 	 max proactive lookup: 16, max shadow lookup: 16
current cycle = 8476126, last update cycle = 5000044, delta = 3476082
	load umon |	misses = 21747, hits= 167 83 76 73 57 51 58 57 173 43 24 14 11 15 12 2
	write umon |	misses = 567, hits= 0 0 0 0 0 0 0 0 0 0 0 0 0 0 0 0
num evicts: 7700000, p: 37765, s: 0 	 max proactive lookup: 16, max shadow lookup: 16
current cycle = 8582856, last update cycle = 5000044, delta = 3582812
	load umon |	misses = 22170, hits= 167 83 76 74 57 53 59 57 176 43 24 14 11 15 12 2
	write umon |	misses = 575, hits= 0 0 0 0 0 0 0 0 0 0 0 0 0 0 0 0
num evicts: 7800000, p: 38264, s: 0 	 max proactive lookup: 16, max shadow lookup: 16
current cycle = 8689619, last update cycle = 5000044, delta = 3689575
	load umon |	misses = 22563, hits= 168 85 76 74 57 53 61 58 176 43 24 15 11 15 13 2
	write umon |	misses = 597, hits= 0 0 0 0 0 0 0 0 0 0 0 0 0 0 0 0
num evicts: 7900000, p: 38743, s: 0 	 max proactive lookup: 16, max shadow lookup: 16
current cycle = 8796623, last update cycle = 5000044, delta = 3796579
	load umon |	misses = 22951, hits= 171 85 76 74 57 54 61 59 176 43 26 16 11 18 13 2
	write umon |	misses = 608, hits= 0 0 0 0 0 0 0 0 0 0 0 0 0 0 0 0
num evicts: 8000000, p: 39236, s: 0 	 max proactive lookup: 16, max shadow lookup: 16
current cycle = 8903701, last update cycle = 5000044, delta = 3903657
	load umon |	misses = 23291, hits= 171 85 78 77 57 56 64 64 177 43 27 17 11 19 16 2
	write umon |	misses = 624, hits= 0 0 0 0 0 0 0 0 0 0 0 0 0 0 0 0
num evicts: 8100000, p: 39692, s: 0 	 max proactive lookup: 16, max shadow lookup: 16
current cycle = 9010363, last update cycle = 5000044, delta = 4010319
	load umon |	misses = 23639, hits= 172 86 78 80 57 58 65 64 177 43 27 17 11 19 16 2
	write umon |	misses = 629, hits= 0 0 0 0 0 0 0 0 0 0 0 0 0 0 0 0
num evicts: 8200000, p: 40193, s: 0 	 max proactive lookup: 16, max shadow lookup: 16
current cycle = 9116980, last update cycle = 5000044, delta = 4116936
	load umon |	misses = 23980, hits= 172 86 78 80 57 59 68 64 177 43 27 17 11 19 16 2
	write umon |	misses = 634, hits= 0 0 0 0 0 0 0 0 0 0 0 0 0 0 0 0
num evicts: 8300000, p: 40695, s: 0 	 max proactive lookup: 16, max shadow lookup: 16
current cycle = 9223484, last update cycle = 5000044, delta = 4223440
	load umon |	misses = 24359, hits= 172 87 78 81 58 60 69 65 177 43 27 17 11 19 16 2
	write umon |	misses = 641, hits= 0 0 0 0 0 0 0 0 0 0 0 0 0 0 0 0
num evicts: 8400000, p: 41191, s: 0 	 max proactive lookup: 16, max shadow lookup: 16
current cycle = 9329964, last update cycle = 5000044, delta = 4329920
	load umon |	misses = 24796, hits= 172 88 78 82 59 60 70 65 178 43 27 17 11 19 16 2
	write umon |	misses = 658, hits= 0 0 0 0 0 0 0 0 0 0 0 0 0 0 0 0
num evicts: 8500000, p: 41694, s: 0 	 max proactive lookup: 16, max shadow lookup: 16
current cycle = 9436241, last update cycle = 5000044, delta = 4436197
	load umon |	misses = 25189, hits= 174 91 79 82 59 61 70 65 179 44 27 17 11 19 16 2
	write umon |	misses = 672, hits= 0 0 0 0 0 0 0 0 0 0 0 0 0 0 0 0
num evicts: 8600000, p: 42245, s: 0 	 max proactive lookup: 16, max shadow lookup: 16
current cycle = 9542390, last update cycle = 5000044, delta = 4542346
	load umon |	misses = 25635, hits= 177 93 81 83 59 62 71 65 179 44 27 17 11 20 16 2
	write umon |	misses = 685, hits= 0 0 0 0 0 0 0 0 0 0 0 0 0 0 0 0
num evicts: 8700000, p: 42871, s: 0 	 max proactive lookup: 16, max shadow lookup: 16
current cycle = 9648708, last update cycle = 5000044, delta = 4648664
	load umon |	misses = 26070, hits= 183 94 83 83 59 63 73 65 179 45 27 17 11 20 16 2
	write umon |	misses = 696, hits= 0 0 0 0 0 0 0 0 0 0 0 0 0 0 0 0
num evicts: 8800000, p: 43517, s: 0 	 max proactive lookup: 16, max shadow lookup: 16
current cycle = 9755511, last update cycle = 5000044, delta = 4755467
	load umon |	misses = 26511, hits= 187 96 85 84 59 63 74 65 179 46 28 17 11 20 16 2
	write umon |	misses = 711, hits= 0 0 0 0 0 0 0 0 0 0 0 0 0 0 0 0
Heartbeat CPU 0 instructions: 20000004 cycles: 9788917 heartbeat IPC: 1.944 cumulative IPC: 2.043 (Simulation time: 00 hr 48 min 25 sec)
Heartbeat CPU 1 instructions: 20000004 cycles: 9855191 heartbeat IPC: 1.947 cumulative IPC: 2.029 (Simulation time: 00 hr 48 min 46 sec)
num evicts: 8900000, p: 44215, s: 0 	 max proactive lookup: 16, max shadow lookup: 16
current cycle = 9862278, last update cycle = 5000044, delta = 4862234
	load umon |	misses = 26919, hits= 189 98 87 86 61 64 74 65 179 47 29 17 11 20 16 2
	write umon |	misses = 731, hits= 0 0 0 0 0 0 0 0 0 0 0 0 0 0 0 0
Heartbeat CPU 2 instructions: 20000004 cycles: 9910760 heartbeat IPC: 1.941 cumulative IPC: 2.018 (Simulation time: 00 hr 49 min 04 sec)
Heartbeat CPU 3 instructions: 20000003 cycles: 9952828 heartbeat IPC: 1.938 cumulative IPC: 2.009 (Simulation time: 00 hr 49 min 16 sec)
num evicts: 9000000, p: 44912, s: 0 	 max proactive lookup: 16, max shadow lookup: 16
current cycle = 9969076, last update cycle = 5000044, delta = 4969032
	load umon |	misses = 27325, hits= 190 100 92 89 66 66 74 66 179 47 29 18 11 21 16 2
	write umon |	misses = 743, hits= 0 0 0 0 0 0 0 0 0 0 0 0 0 0 0 0
Heartbeat CPU 4 instructions: 20000004 cycles: 9986434 heartbeat IPC: 1.932 cumulative IPC: 2.003 (Simulation time: 00 hr 49 min 26 sec)
Heartbeat CPU 5 instructions: 20000008 cycles: 10021269 heartbeat IPC: 1.928 cumulative IPC: 1.996 (Simulation time: 00 hr 49 min 37 sec)
Heartbeat CPU 6 instructions: 20000004 cycles: 10039699 heartbeat IPC: 1.926 cumulative IPC: 1.992 (Simulation time: 00 hr 49 min 42 sec)
Heartbeat CPU 7 instructions: 20000004 cycles: 10055412 heartbeat IPC: 1.926 cumulative IPC: 1.989 (Simulation time: 00 hr 49 min 47 sec)
num evicts: 9100000, p: 45500, s: 0 	 max proactive lookup: 16, max shadow lookup: 16
current cycle = 10075736, last update cycle = 10000056, delta = 75680
	load umon |	misses = 13977, hits= 102 52 47 47 35 34 37 33 89 23 14 9 5 14 8 1
	write umon |	misses = 377, hits= 0 0 0 0 0 0 0 0 0 0 0 0 0 0 0 0
num evicts: 9200000, p: 45951, s: 0 	 max proactive lookup: 16, max shadow lookup: 16
current cycle = 10182207, last update cycle = 10000056, delta = 182151
	load umon |	misses = 14355, hits= 104 54 50 48 36 35 37 33 90 23 14 9 5 14 8 1
	write umon |	misses = 387, hits= 0 0 0 0 0 0 0 0 0 0 0 0 0 0 0 0
num evicts: 9300000, p: 46281, s: 0 	 max proactive lookup: 16, max shadow lookup: 16
current cycle = 10288835, last update cycle = 10000056, delta = 288779
	load umon |	misses = 14725, hits= 107 55 53 50 37 36 37 33 90 23 14 9 5 14 9 1
	write umon |	misses = 400, hits= 0 0 0 0 0 0 0 0 0 0 0 0 0 0 0 0
num evicts: 9400000, p: 46617, s: 0 	 max proactive lookup: 16, max shadow lookup: 16
current cycle = 10395760, last update cycle = 10000056, delta = 395704
	load umon |	misses = 15082, hits= 108 56 53 53 38 38 38 33 91 23 14 9 6 14 10 1
	write umon |	misses = 403, hits= 0 0 0 0 0 0 0 0 0 0 0 0 0 0 0 0
num evicts: 9500000, p: 47005, s: 0 	 max proactive lookup: 16, max shadow lookup: 16
current cycle = 10502846, last update cycle = 10000056, delta = 502790
	load umon |	misses = 15456, hits= 108 57 53 54 42 38 38 37 91 24 15 9 7 15 11 1
	write umon |	misses = 407, hits= 0 0 0 0 0 0 0 0 0 0 0 0 0 0 0 0
num evicts: 9600000, p: 47420, s: 0 	 max proactive lookup: 16, max shadow lookup: 16
current cycle = 10609759, last update cycle = 10000056, delta = 609703
	load umon |	misses = 15849, hits= 110 58 53 55 44 40 41 38 91 24 16 9 8 15 11 1
	write umon |	misses = 412, hits= 0 0 0 0 0 0 0 0 0 0 0 0 0 0 0 0
num evicts: 9700000, p: 47884, s: 0 	 max proactive lookup: 16, max shadow lookup: 16
current cycle = 10716730, last update cycle = 10000056, delta = 716674
	load umon |	misses = 16221, hits= 113 60 54 56 44 40 41 38 91 24 16 10 8 15 11 1
	write umon |	misses = 429, hits= 0 0 0 0 0 0 0 0 0 0 0 0 0 0 0 0
num evicts: 9800000, p: 48365, s: 0 	 max proactive lookup: 16, max shadow lookup: 16
current cycle = 10823327, last update cycle = 10000056, delta = 823271
	load umon |	misses = 16569, hits= 116 61 54 58 45 40 41 38 93 25 16 11 9 15 11 1
	write umon |	misses = 450, hits= 0 0 0 0 0 0 0 0 0 0 0 0 0 0 0 0
num evicts: 9900000, p: 48927, s: 0 	 max proactive lookup: 16, max shadow lookup: 16
current cycle = 10929942, last update cycle = 10000056, delta = 929886
	load umon |	misses = 16958, hits= 116 62 54 59 49 42 42 38 93 26 18 12 9 15 11 1
	write umon |	misses = 465, hits= 0 0 0 0 0 0 0 0 0 0 0 0 0 0 0 0
num evicts: 10000000, p: 49462, s: 0 	 max proactive lookup: 16, max shadow lookup: 16
current cycle = 11036456, last update cycle = 10000056, delta = 1036400
	load umon |	misses = 17367, hits= 117 65 55 62 49 44 45 38 95 26 19 14 11 15 11 1
	write umon |	misses = 474, hits= 0 0 0 0 0 0 0 0 0 0 0 0 0 0 0 0
num evicts: 10100000, p: 50001, s: 0 	 max proactive lookup: 16, max shadow lookup: 16
current cycle = 11143302, last update cycle = 10000056, delta = 1143246
	load umon |	misses = 17759, hits= 122 68 56 63 51 46 47 39 96 27 21 14 12 15 11 1
	write umon |	misses = 484, hits= 0 0 0 0 0 0 0 0 0 0 0 0 0 0 0 0
num evicts: 10200000, p: 50555, s: 0 	 max proactive lookup: 16, max shadow lookup: 16
current cycle = 11250154, last update cycle = 10000056, delta = 1250098
	load umon |	misses = 18151, hits= 127 72 61 65 51 48 48 40 96 30 21 17 15 16 11 1
	write umon |	misses = 500, hits= 0 0 0 0 0 0 0 0 0 0 0 0 0 0 0 0
num evicts: 10300000, p: 51082, s: 0 	 max proactive lookup: 16, max shadow lookup: 16
current cycle = 11357325, last update cycle = 10000056, delta = 1357269
	load umon |	misses = 18593, hits= 130 75 63 67 52 48 53 41 99 32 23 18 15 16 11 1
	write umon |	misses = 512, hits= 0 0 0 0 0 0 0 0 0 0 0 0 0 0 0 0
num evicts: 10400000, p: 51605, s: 0 	 max proactive lookup: 16, max shadow lookup: 16
current cycle = 11464642, last update cycle = 10000056, delta = 1464586
	load umon |	misses = 19007, hits= 132 81 68 70 54 50 55 41 101 33 23 18 15 16 11 1
	write umon |	misses = 530, hits= 0 0 0 0 0 0 0 0 0 0 0 0 0 0 0 0
num evicts: 10500000, p: 52157, s: 0 	 max proactive lookup: 16, max shadow lookup: 16
current cycle = 11571784, last update cycle = 10000056, delta = 1571728
	load umon |	misses = 19385, hits= 138 83 72 72 58 52 57 43 103 34 25 19 16 16 11 1
	write umon |	misses = 541, hits= 0 0 0 0 0 0 0 0 0 0 0 0 0 0 0 0
num evicts: 10600000, p: 52697, s: 0 	 max proactive lookup: 16, max shadow lookup: 16
current cycle = 11678816, last update cycle = 10000056, delta = 1678760
	load umon |	misses = 19752, hits= 138 83 73 74 60 54 58 49 104 35 27 19 16 16 11 1
	write umon |	misses = 552, hits= 0 0 0 0 0 0 0 0 0 0 0 0 0 0 0 0
num evicts: 10700000, p: 53255, s: 0 	 max proactive lookup: 16, max shadow lookup: 16
current cycle = 11785563, last update cycle = 10000056, delta = 1785507
	load umon |	misses = 20136, hits= 138 84 73 76 60 57 62 50 106 38 27 20 16 16 11 1
	write umon |	misses = 563, hits= 0 0 0 0 0 0 0 0 0 0 0 0 0 0 0 0
num evicts: 10800000, p: 53848, s: 0 	 max proactive lookup: 16, max shadow lookup: 16
current cycle = 11892281, last update cycle = 10000056, delta = 1892225
	load umon |	misses = 20572, hits= 139 86 76 78 64 62 65 54 106 40 27 21 16 16 11 1
	write umon |	misses = 574, hits= 0 0 0 0 0 0 0 0 0 0 0 0 0 0 0 0
num evicts: 10900000, p: 54494, s: 0 	 max proactive lookup: 16, max shadow lookup: 16
current cycle = 11999043, last update cycle = 10000056, delta = 1998987
	load umon |	misses = 20983, hits= 140 86 80 79 69 63 67 57 106 44 27 21 17 17 12 1
	write umon |	misses = 590, hits= 0 0 0 0 0 0 0 0 0 0 0 0 0 0 0 0
num evicts: 11000000, p: 55092, s: 0 	 max proactive lookup: 16, max shadow lookup: 16
current cycle = 12105881, last update cycle = 10000056, delta = 2105825
	load umon |	misses = 21382, hits= 142 87 84 80 69 64 68 58 106 46 28 21 17 17 12 1
	write umon |	misses = 600, hits= 0 0 0 0 0 0 0 0 0 0 0 0 0 0 0 0
num evicts: 11100000, p: 55731, s: 0 	 max proactive lookup: 16, max shadow lookup: 16
current cycle = 12212520, last update cycle = 10000056, delta = 2212464
	load umon |	misses = 21766, hits= 142 88 84 80 70 64 68 58 106 46 29 23 17 17 12 1
	write umon |	misses = 617, hits= 0 0 0 0 0 0 0 0 0 0 0 0 0 0 0 0
Warmup finished CPU 0 instructions: 25000000 cycles: 12212835 cumulative IPC: 2.047 (Simulation time: 01 hr 00 min 35 sec)
Warmup finished CPU 1 instructions: 25000001 cycles: 12257336 cumulative IPC: 2.04 (Simulation time: 01 hr 00 min 49 sec)
Warmup finished CPU 2 instructions: 25000000 cycles: 12301670 cumulative IPC: 2.032 (Simulation time: 01 hr 01 min 03 sec)
num evicts: 11200000, p: 56324, s: 0 	 max proactive lookup: 16, max shadow lookup: 16
current cycle = 12320420, last update cycle = 10000056, delta = 2320364
	load umon |	misses = 22129, hits= 143 88 84 80 72 64 68 58 106 47 31 24 18 18 12 1
	write umon |	misses = 637, hits= 0 0 0 0 0 0 0 0 0 0 0 0 0 0 0 0
Warmup finished CPU 3 instructions: 25000003 cycles: 12334886 cumulative IPC: 2.027 (Simulation time: 01 hr 01 min 14 sec)
Warmup finished CPU 4 instructions: 25000003 cycles: 12368729 cumulative IPC: 2.021 (Simulation time: 01 hr 01 min 25 sec)
Warmup finished CPU 5 instructions: 25000003 cycles: 12397649 cumulative IPC: 2.017 (Simulation time: 01 hr 01 min 34 sec)
num evicts: 11300000, p: 56805, s: 0 	 max proactive lookup: 16, max shadow lookup: 16
current cycle = 12427457, last update cycle = 10000056, delta = 2427401
	load umon |	misses = 22453, hits= 146 89 84 80 72 65 68 58 107 49 31 27 19 20 13 1
	write umon |	misses = 646, hits= 0 0 0 0 0 0 0 0 0 0 0 0 0 0 0 0
Warmup finished CPU 6 instructions: 25000003 cycles: 12427908 cumulative IPC: 2.012 (Simulation time: 01 hr 01 min 44 sec)
Warmup finished CPU 7 instructions: 25000002 cycles: 12452815 cumulative IPC: 2.008 (Simulation time: 01 hr 01 min 51 sec)
Warmup complete CPU 7 instructions: 25000002 cycles: 12452815 cumulative IPC: 2.008 (Simulation time: 01 hr 01 min 51 sec)
Warmup complete CPU 6 instructions: 25099631 cycles: 12452815 cumulative IPC: 2.016 (Simulation time: 01 hr 01 min 51 sec)
Warmup complete CPU 5 instructions: 25220667 cycles: 12452815 cumulative IPC: 2.025 (Simulation time: 01 hr 01 min 51 sec)
Warmup complete CPU 4 instructions: 25318224 cycles: 12452815 cumulative IPC: 2.033 (Simulation time: 01 hr 01 min 51 sec)
Warmup complete CPU 3 instructions: 25419954 cycles: 12452815 cumulative IPC: 2.041 (Simulation time: 01 hr 01 min 51 sec)
Warmup complete CPU 2 instructions: 25489729 cycles: 12452815 cumulative IPC: 2.047 (Simulation time: 01 hr 01 min 51 sec)
Warmup complete CPU 1 instructions: 25601599 cycles: 12452815 cumulative IPC: 2.056 (Simulation time: 01 hr 01 min 51 sec)
Warmup complete CPU 0 instructions: 25771087 cycles: 12452815 cumulative IPC: 2.069 (Simulation time: 01 hr 01 min 51 sec)
num evicts: 11400000, p: 57188, s: 0 	 max proactive lookup: 16, max shadow lookup: 16
current cycle = 13095560, last update cycle = 10000056, delta = 3095504
	load umon |	misses = 22824, hits= 146 91 84 81 72 68 70 59 107 51 33 28 21 22 15 1
	write umon |	misses = 654, hits= 0 0 0 0 0 0 0 0 0 0 0 0 0 0 0 0
num evicts: 11500000, p: 57642, s: 0 	 max proactive lookup: 16, max shadow lookup: 16
current cycle = 13890047, last update cycle = 10000056, delta = 3889991
	load umon |	misses = 23164, hits= 149 92 86 82 74 68 70 62 109 52 33 29 21 22 15 2
	write umon |	misses = 666, hits= 0 0 0 0 0 0 0 0 0 0 0 0 0 0 0 0
num evicts: 11600000, p: 58093, s: 0 	 max proactive lookup: 16, max shadow lookup: 16
current cycle = 14682836, last update cycle = 10000056, delta = 4682780
	load umon |	misses = 23533, hits= 149 93 87 82 76 70 71 62 111 52 33 29 21 22 15 3
	write umon |	misses = 684, hits= 0 0 0 0 0 0 0 0 0 0 0 0 0 0 0 0
num evicts: 11700000, p: 58589, s: 0 	 max proactive lookup: 16, max shadow lookup: 16
current cycle = 15485435, last update cycle = 15000655, delta = 484780
	load umon |	misses = 12055, hits= 74 46 44 42 38 37 36 31 55 27 17 14 11 11 7 3
	write umon |	misses = 348, hits= 0 0 0 0 0 0 0 0 0 0 0 0 0 0 0 0
num evicts: 11800000, p: 59128, s: 0 	 max proactive lookup: 16, max shadow lookup: 16
current cycle = 16287871, last update cycle = 15000655, delta = 1287216
	load umon |	misses = 12451, hits= 74 48 45 42 41 42 37 33 58 27 19 14 11 13 9 3
	write umon |	misses = 353, hits= 0 0 0 0 0 0 0 0 0 0 0 0 0 0 0 0
num evicts: 11900000, p: 59622, s: 0 	 max proactive lookup: 16, max shadow lookup: 16
current cycle = 17095155, last update cycle = 15000655, delta = 2094500
	load umon |	misses = 12904, hits= 75 48 46 42 43 43 39 33 58 27 19 14 11 13 9 3
	write umon |	misses = 359, hits= 0 0 0 0 0 0 0 0 0 0 0 0 0 0 0 0
num evicts: 12000000, p: 60124, s: 0 	 max proactive lookup: 16, max shadow lookup: 16
current cycle = 17912739, last update cycle = 15000655, delta = 2912084
	load umon |	misses = 13268, hits= 79 49 49 44 43 45 39 33 58 27 19 14 11 13 9 3
	write umon |	misses = 371, hits= 0 0 0 0 0 0 0 0 0 0 0 0 0 0 0 0
num evicts: 12100000, p: 60688, s: 0 	 max proactive lookup: 16, max shadow lookup: 16
current cycle = 18724972, last update cycle = 15000655, delta = 3724317
	load umon |	misses = 13642, hits= 82 53 51 45 43 45 39 33 58 27 19 14 11 13 9 3
	write umon |	misses = 375, hits= 0 0 0 0 0 0 0 0 0 0 0 0 0 0 0 0
num evicts: 12200000, p: 61263, s: 0 	 max proactive lookup: 16, max shadow lookup: 16
current cycle = 19525709, last update cycle = 15000655, delta = 4525054
	load umon |	misses = 14021, hits= 82 54 52 46 43 45 39 33 58 27 19 14 11 13 9 3
	write umon |	misses = 386, hits= 0 0 0 0 0 0 0 0 0 0 0 0 0 0 0 0
num evicts: 12300000, p: 61817, s: 0 	 max proactive lookup: 16, max shadow lookup: 16
current cycle = 20331985, last update cycle = 20000712, delta = 331273
	load umon |	misses = 7287, hits= 41 27 26 23 21 22 19 16 29 13 9 7 5 6 4 1
	write umon |	misses = 203, hits= 0 0 0 0 0 0 0 0 0 0 0 0 0 0 0 0
num evicts: 12400000, p: 62384, s: 0 	 max proactive lookup: 16, max shadow lookup: 16
current cycle = 21141631, last update cycle = 20000712, delta = 1140919
	load umon |	misses = 7685, hits= 42 27 26 24 21 22 19 16 29 13 9 7 5 6 4 1
	write umon |	misses = 210, hits= 0 0 0 0 0 0 0 0 0 0 0 0 0 0 0 0
num evicts: 12500000, p: 62957, s: 0 	 max proactive lookup: 16, max shadow lookup: 16
current cycle = 21947175, last update cycle = 20000712, delta = 1946463
	load umon |	misses = 8071, hits= 42 29 29 25 21 23 19 16 29 13 9 7 5 6 4 1
	write umon |	misses = 228, hits= 0 0 0 0 0 0 0 0 0 0 0 0 0 0 0 0
num evicts: 12600000, p: 63563, s: 0 	 max proactive lookup: 16, max shadow lookup: 16
current cycle = 22758243, last update cycle = 20000712, delta = 2757531
	load umon |	misses = 8421, hits= 44 30 30 25 22 23 20 16 30 15 9 8 5 6 4 1
	write umon |	misses = 242, hits= 0 0 0 0 0 0 0 0 0 0 0 0 0 0 0 0
num evicts: 12700000, p: 64212, s: 0 	 max proactive lookup: 16, max shadow lookup: 16
current cycle = 23576441, last update cycle = 20000712, delta = 3575729
	load umon |	misses = 8802, hits= 45 31 30 27 24 23 20 18 31 17 11 8 6 6 5 1
	write umon |	misses = 265, hits= 0 0 0 0 0 0 0 0 0 0 0 0 0 0 0 0
num evicts: 12800000, p: 64820, s: 0 	 max proactive lookup: 16, max shadow lookup: 16
current cycle = 24395920, last update cycle = 20000712, delta = 4395208
	load umon |	misses = 9196, hits= 50 33 30 28 27 24 21 20 33 18 14 8 8 6 5 1
	write umon |	misses = 290, hits= 0 0 0 0 0 0 0 0 0 0 0 0 0 0 0 0
num evicts: 12900000, p: 65517, s: 0 	 max proactive lookup: 16, max shadow lookup: 16
current cycle = 25219509, last update cycle = 25001132, delta = 218377
	load umon |	misses = 4856, hits= 26 17 15 14 13 13 14 11 18 9 8 5 4 3 2 0
	write umon |	misses = 154, hits= 0 0 0 0 0 0 0 0 0 0 0 0 0 0 0 0
num evicts: 13000000, p: 66198, s: 0 	 max proactive lookup: 16, max shadow lookup: 16
current cycle = 26055089, last update cycle = 25001132, delta = 1053957
	load umon |	misses = 5244, hits= 27 17 15 14 14 14 14 12 19 13 11 7 4 3 2 0
	write umon |	misses = 168, hits= 0 0 0 0 0 0 0 0 0 0 0 0 0 0 0 0
num evicts: 13100000, p: 66944, s: 0 	 max proactive lookup: 16, max shadow lookup: 16
current cycle = 26905228, last update cycle = 25001132, delta = 1904096
	load umon |	misses = 5649, hits= 27 21 16 14 17 15 14 12 19 13 12 7 4 3 2 0
	write umon |	misses = 179, hits= 0 0 0 0 0 0 0 0 0 0 0 0 0 0 0 0
num evicts: 13200000, p: 67653, s: 0 	 max proactive lookup: 16, max shadow lookup: 16
current cycle = 27756097, last update cycle = 25001132, delta = 2754965
	load umon |	misses = 6062, hits= 27 21 16 14 18 16 15 12 19 13 12 7 4 3 2 0
	write umon |	misses = 198, hits= 0 0 0 0 0 0 0 0 0 0 0 0 0 0 0 0
Heartbeat CPU 0 instructions: 30000006 cycles: 27771583 heartbeat IPC: 0.5561 cumulative IPC: 0.2761 (Simulation time: 01 hr 32 min 35 sec)
Heartbeat CPU 1 instructions: 30000005 cycles: 28493498 heartbeat IPC: 0.5365 cumulative IPC: 0.2742 (Simulation time: 01 hr 33 min 59 sec)
num evicts: 13300000, p: 68255, s: 0 	 max proactive lookup: 16, max shadow lookup: 16
current cycle = 28565021, last update cycle = 25001132, delta = 3563889
	load umon |	misses = 6467, hits= 27 22 17 14 18 16 15 12 19 13 12 7 4 3 2 0
	write umon |	misses = 210, hits= 0 0 0 0 0 0 0 0 0 0 0 0 0 0 0 0
Heartbeat CPU 2 instructions: 30000007 cycles: 28981053 heartbeat IPC: 0.5244 cumulative IPC: 0.2729 (Simulation time: 01 hr 34 min 55 sec)
Heartbeat CPU 3 instructions: 30000006 cycles: 29237898 heartbeat IPC: 0.5185 cumulative IPC: 0.2729 (Simulation time: 01 hr 35 min 23 sec)
num evicts: 13400000, p: 68704, s: 0 	 max proactive lookup: 16, max shadow lookup: 16
current cycle = 29364841, last update cycle = 25001132, delta = 4363709
	load umon |	misses = 6833, hits= 27 23 17 15 18 17 15 13 19 13 12 7 4 3 2 0
	write umon |	misses = 221, hits= 0 0 0 0 0 0 0 0 0 0 0 0 0 0 0 0
Heartbeat CPU 4 instructions: 30000006 cycles: 29563261 heartbeat IPC: 0.5108 cumulative IPC: 0.2736 (Simulation time: 01 hr 35 min 59 sec)
Heartbeat CPU 5 instructions: 30000008 cycles: 29661459 heartbeat IPC: 0.5092 cumulative IPC: 0.2777 (Simulation time: 01 hr 36 min 10 sec)
Heartbeat CPU 6 instructions: 30000008 cycles: 29909059 heartbeat IPC: 0.5033 cumulative IPC: 0.2807 (Simulation time: 01 hr 36 min 37 sec)
Heartbeat CPU 7 instructions: 30000006 cycles: 30057387 heartbeat IPC: 0.5 cumulative IPC: 0.284 (Simulation time: 01 hr 36 min 54 sec)
num evicts: 13500000, p: 69111, s: 0 	 max proactive lookup: 16, max shadow lookup: 16
current cycle = 30162126, last update cycle = 30001233, delta = 160893
	load umon |	misses = 3641, hits= 14 12 8 8 10 8 7 6 10 6 7 3 2 1 2 0
	write umon |	misses = 120, hits= 0 0 0 0 0 0 0 0 0 0 0 0 0 0 0 0
num evicts: 13600000, p: 69548, s: 0 	 max proactive lookup: 16, max shadow lookup: 16
current cycle = 30961971, last update cycle = 30001233, delta = 960738
	load umon |	misses = 3999, hits= 15 15 9 9 11 11 7 6 10 6 7 3 2 3 2 0
	write umon |	misses = 130, hits= 0 0 0 0 0 0 0 0 0 0 0 0 0 0 0 0
num evicts: 13700000, p: 70054, s: 0 	 max proactive lookup: 16, max shadow lookup: 16
current cycle = 31768036, last update cycle = 30001233, delta = 1766803
	load umon |	misses = 4346, hits= 16 15 10 12 13 13 8 6 10 6 9 3 2 3 2 0
	write umon |	misses = 136, hits= 0 0 0 0 0 0 0 0 0 0 0 0 0 0 0 0
num evicts: 13800000, p: 70592, s: 0 	 max proactive lookup: 16, max shadow lookup: 16
current cycle = 32577790, last update cycle = 30001233, delta = 2576557
	load umon |	misses = 4679, hits= 16 15 12 12 13 15 9 6 10 6 10 6 3 4 2 0
	write umon |	misses = 143, hits= 0 0 0 0 0 0 0 0 0 0 0 0 0 0 0 0
num evicts: 13900000, p: 71219, s: 0 	 max proactive lookup: 16, max shadow lookup: 16
current cycle = 33398112, last update cycle = 30001233, delta = 3396879
	load umon |	misses = 5058, hits= 19 19 14 13 13 15 9 7 10 6 10 8 5 5 3 0
	write umon |	misses = 157, hits= 0 0 0 0 0 0 0 0 0 0 0 0 0 0 0 0
num evicts: 14000000, p: 71818, s: 0 	 max proactive lookup: 16, max shadow lookup: 16
current cycle = 34213805, last update cycle = 30001233, delta = 4212572
	load umon |	misses = 5402, hits= 19 19 15 13 14 15 10 7 10 7 13 10 6 7 5 0
	write umon |	misses = 175, hits= 0 0 0 0 0 0 0 0 0 0 0 0 0 0 0 0
num evicts: 14100000, p: 72437, s: 0 	 max proactive lookup: 16, max shadow lookup: 16
current cycle = 35021487, last update cycle = 35001361, delta = 20126
	load umon |	misses = 2897, hits= 9 9 7 6 7 7 7 6 5 3 7 5 5 3 2 0
	write umon |	misses = 98, hits= 0 0 0 0 0 0 0 0 0 0 0 0 0 0 0 0
num evicts: 14200000, p: 73086, s: 0 	 max proactive lookup: 16, max shadow lookup: 16
current cycle = 35856334, last update cycle = 35001361, delta = 854973
	load umon |	misses = 3349, hits= 9 9 7 7 7 8 9 9 5 3 8 5 5 3 2 0
	write umon |	misses = 105, hits= 0 0 0 0 0 0 0 0 0 0 0 0 0 0 0 0
num evicts: 14300000, p: 73746, s: 0 	 max proactive lookup: 16, max shadow lookup: 16
current cycle = 36684502, last update cycle = 35001361, delta = 1683141
	load umon |	misses = 3782, hits= 10 10 7 10 11 8 9 9 6 3 9 5 5 3 2 0
	write umon |	misses = 119, hits= 0 0 0 0 0 0 0 0 0 0 0 0 0 0 0 0
num evicts: 14400000, p: 74420, s: 0 	 max proactive lookup: 16, max shadow lookup: 16
current cycle = 37518061, last update cycle = 35001361, delta = 2516700
	load umon |	misses = 4219, hits= 10 11 9 12 11 9 9 10 7 5 10 5 6 3 2 0
	write umon |	misses = 142, hits= 0 0 0 0 0 0 0 0 0 0 0 0 0 0 0 0
num evicts: 14500000, p: 75084, s: 0 	 max proactive lookup: 16, max shadow lookup: 16
current cycle = 38350288, last update cycle = 35001361, delta = 3348927
	load umon |	misses = 4645, hits= 12 12 9 12 14 11 10 10 11 8 12 5 7 3 2 0
	write umon |	misses = 155, hits= 0 0 0 0 0 0 0 0 0 0 0 0 0 0 0 0
num evicts: 14600000, p: 75754, s: 0 	 max proactive lookup: 16, max shadow lookup: 16
current cycle = 39179953, last update cycle = 35001361, delta = 4178592
	load umon |	misses = 5108, hits= 12 12 10 13 19 12 10 12 12 9 13 5 8 4 2 0
	write umon |	misses = 173, hits= 0 0 0 0 0 0 0 0 0 0 0 0 0 0 0 0
num evicts: 14700000, p: 76350, s: 0 	 max proactive lookup: 16, max shadow lookup: 16
current cycle = 39994659, last update cycle = 35001361, delta = 4993298
	load umon |	misses = 5543, hits= 12 14 10 13 20 14 11 13 12 9 14 7 8 4 2 0
	write umon |	misses = 187, hits= 0 0 0 0 0 0 0 0 0 0 0 0 0 0 0 0
num evicts: 14800000, p: 76983, s: 0 	 max proactive lookup: 16, max shadow lookup: 16
current cycle = 40807012, last update cycle = 40001410, delta = 805602
	load umon |	misses = 3169, hits= 8 9 8 7 10 9 6 8 6 5 7 3 4 2 1 0
	write umon |	misses = 104, hits= 0 0 0 0 0 0 0 0 0 0 0 0 0 0 0 0
num evicts: 14900000, p: 77553, s: 0 	 max proactive lookup: 16, max shadow lookup: 16
current cycle = 41609478, last update cycle = 40001410, delta = 1608068
	load umon |	misses = 3575, hits= 8 13 11 7 10 9 8 9 7 5 9 3 4 2 1 0
	write umon |	misses = 115, hits= 0 0 0 0 0 0 0 0 0 0 0 0 0 0 0 0
num evicts: 15000000, p: 78064, s: 0 	 max proactive lookup: 16, max shadow lookup: 16
current cycle = 42427789, last update cycle = 40001410, delta = 2426379
	load umon |	misses = 3954, hits= 9 20 13 9 10 10 9 9 7 5 9 3 5 2 2 0
	write umon |	misses = 130, hits= 0 0 0 0 0 0 0 0 0 0 0 0 0 0 0 0
num evicts: 15100000, p: 78519, s: 0 	 max proactive lookup: 16, max shadow lookup: 16
current cycle = 43234647, last update cycle = 40001410, delta = 3233237
	load umon |	misses = 4357, hits= 11 25 17 11 10 12 9 9 7 5 9 3 6 2 2 0
	write umon |	misses = 143, hits= 0 0 0 0 0 0 0 0 0 0 0 0 0 0 0 0
num evicts: 15200000, p: 78978, s: 0 	 max proactive lookup: 16, max shadow lookup: 16
current cycle = 44037531, last update cycle = 40001410, delta = 4036121
	load umon |	misses = 4805, hits= 13 26 21 15 11 14 11 10 10 6 9 3 6 2 2 0
	write umon |	misses = 159, hits= 0 0 0 0 0 0 0 0 0 0 0 0 0 0 0 0
num evicts: 15300000, p: 79290, s: 0 	 max proactive lookup: 16, max shadow lookup: 16
current cycle = 44836350, last update cycle = 40001410, delta = 4834940
	load umon |	misses = 5213, hits= 15 28 22 15 12 14 11 10 10 8 9 3 6 2 2 0
	write umon |	misses = 173, hits= 0 0 0 0 0 0 0 0 0 0 0 0 0 0 0 0
num evicts: 15400000, p: 79608, s: 0 	 max proactive lookup: 16, max shadow lookup: 16
current cycle = 45641190, last update cycle = 45002552, delta = 638638
	load umon |	misses = 2967, hits= 8 16 16 9 7 8 6 6 6 4 4 1 3 1 1 0
	write umon |	misses = 95, hits= 0 0 0 0 0 0 0 0 0 0 0 0 0 0 0 0
num evicts: 15500000, p: 79964, s: 0 	 max proactive lookup: 16, max shadow lookup: 16
current cycle = 46481828, last update cycle = 45002552, delta = 1479276
	load umon |	misses = 3342, hits= 9 17 17 12 9 8 9 10 6 4 4 1 3 1 1 0
	write umon |	misses = 106, hits= 0 0 0 0 0 0 0 0 0 0 0 0 0 0 0 0
num evicts: 15600000, p: 80467, s: 0 	 max proactive lookup: 16, max shadow lookup: 16
current cycle = 47314048, last update cycle = 45002552, delta = 2311496
	load umon |	misses = 3692, hits= 10 18 20 15 11 9 10 11 6 4 4 1 3 1 1 0
	write umon |	misses = 116, hits= 0 0 0 0 0 0 0 0 0 0 0 0 0 0 0 0
num evicts: 15700000, p: 80980, s: 0 	 max proactive lookup: 16, max shadow lookup: 16
current cycle = 48122860, last update cycle = 45002552, delta = 3120308
	load umon |	misses = 4079, hits= 11 18 21 15 13 11 12 11 7 4 4 1 3 1 1 0
	write umon |	misses = 132, hits= 0 0 0 0 0 0 0 0 0 0 0 0 0 0 0 0
num evicts: 15800000, p: 81522, s: 0 	 max proactive lookup: 16, max shadow lookup: 16
current cycle = 48924821, last update cycle = 45002552, delta = 3922269
	load umon |	misses = 4503, hits= 13 18 21 17 13 11 12 11 8 5 4 2 3 1 1 0
	write umon |	misses = 141, hits= 0 0 0 0 0 0 0 0 0 0 0 0 0 0 0 0
num evicts: 15900000, p: 82114, s: 0 	 max proactive lookup: 16, max shadow lookup: 16
current cycle = 49725570, last update cycle = 45002552, delta = 4723018
	load umon |	misses = 4944, hits= 19 20 21 18 14 13 13 11 8 6 4 2 3 2 1 0
	write umon |	misses = 154, hits= 0 0 0 0 0 0 0 0 0 0 0 0 0 0 0 0
num evicts: 16000000, p: 82648, s: 0 	 max proactive lookup: 16, max shadow lookup: 16
current cycle = 50519649, last update cycle = 50002970, delta = 516679
	load umon |	misses = 2808, hits= 12 13 13 10 9 7 6 5 4 4 2 2 2 1 3 0
	write umon |	misses = 87, hits= 0 0 0 0 0 0 0 0 0 0 0 0 0 0 0 0
num evicts: 16100000, p: 83152, s: 0 	 max proactive lookup: 16, max shadow lookup: 16
current cycle = 51325081, last update cycle = 50002970, delta = 1322111
	load umon |	misses = 3196, hits= 16 14 17 15 12 12 9 8 4 4 3 2 2 1 6 0
	write umon |	misses = 93, hits= 0 0 0 0 0 0 0 0 0 0 0 0 0 0 0 0
num evicts: 16200000, p: 83703, s: 0 	 max proactive lookup: 16, max shadow lookup: 16
current cycle = 52144646, last update cycle = 50002970, delta = 2141676
	load umon |	misses = 3599, hits= 21 15 17 16 14 13 12 9 7 4 5 2 2 2 6 0
	write umon |	misses = 101, hits= 0 0 0 0 0 0 0 0 0 0 0 0 0 0 0 0
num evicts: 16300000, p: 84301, s: 0 	 max proactive lookup: 16, max shadow lookup: 16
current cycle = 52965196, last update cycle = 50002970, delta = 2962226
	load umon |	misses = 3977, hits= 21 15 22 18 16 13 15 12 7 6 5 2 2 2 6 0
	write umon |	misses = 113, hits= 0 0 0 0 0 0 0 0 0 0 0 0 0 0 0 0
num evicts: 16400000, p: 84961, s: 0 	 max proactive lookup: 16, max shadow lookup: 16
current cycle = 53787932, last update cycle = 50002970, delta = 3784962
	load umon |	misses = 4361, hits= 21 15 22 19 16 13 15 12 9 8 6 2 2 3 6 0
	write umon |	misses = 130, hits= 0 0 0 0 0 0 0 0 0 0 0 0 0 0 0 0
num evicts: 16500000, p: 85734, s: 0 	 max proactive lookup: 16, max shadow lookup: 16
current cycle = 54618668, last update cycle = 50002970, delta = 4615698
	load umon |	misses = 4715, hits= 22 15 22 19 16 14 15 14 9 9 7 4 2 4 6 0
	write umon |	misses = 144, hits= 0 0 0 0 0 0 0 0 0 0 0 0 0 0 0 0
num evicts: 16600000, p: 86478, s: 0 	 max proactive lookup: 16, max shadow lookup: 16
current cycle = 55450319, last update cycle = 55003002, delta = 447317
	load umon |	misses = 2645, hits= 14 8 12 12 8 7 7 8 4 4 5 2 1 2 3 0
	write umon |	misses = 82, hits= 0 0 0 0 0 0 0 0 0 0 0 0 0 0 0 0
num evicts: 16700000, p: 87349, s: 0 	 max proactive lookup: 16, max shadow lookup: 16
current cycle = 56295025, last update cycle = 55003002, delta = 1292023
	load umon |	misses = 3017, hits= 19 10 15 12 10 10 7 9 5 5 5 2 1 2 3 0
	write umon |	misses = 103, hits= 0 0 0 0 0 0 0 0 0 0 0 0 0 0 0 0
num evicts: 16800000, p: 88228, s: 0 	 max proactive lookup: 16, max shadow lookup: 16
current cycle = 57171045, last update cycle = 55003002, delta = 2168043
	load umon |	misses = 3440, hits= 22 11 16 16 11 10 7 9 6 5 5 3 1 3 5 0
	write umon |	misses = 115, hits= 0 0 0 0 0 0 0 0 0 0 0 0 0 0 0 0
num evicts: 16900000, p: 89075, s: 0 	 max proactive lookup: 16, max shadow lookup: 16
current cycle = 58015473, last update cycle = 55003002, delta = 3012471
	load umon |	misses = 3856, hits= 24 11 20 18 13 13 8 9 6 5 5 3 1 4 8 1
	write umon |	misses = 140, hits= 0 0 0 0 0 0 0 0 0 0 0 0 0 0 0 0
num evicts: 17000000, p: 89872, s: 0 	 max proactive lookup: 16, max shadow lookup: 16
current cycle = 58841363, last update cycle = 55003002, delta = 3838361
	load umon |	misses = 4277, hits= 26 11 23 18 14 13 9 9 6 5 6 4 1 5 15 2
	write umon |	misses = 161, hits= 0 0 0 0 0 0 0 0 0 0 0 0 0 0 0 0
num evicts: 17100000, p: 90480, s: 0 	 max proactive lookup: 16, max shadow lookup: 16
current cycle = 59657630, last update cycle = 55003002, delta