[VMEM] WARNING: physical memory size is smaller than virtual memory size.
dram page policy: is open = 0	is close = 1	is soft close = 0	cmd arg = 1

*** ChampSim Multicore Out-of-Order Simulator ***
Warmup Instructions: 25000000
Simulation Instructions: 50000000
Number of CPUs: 8
Page size: 2097152

CL :	 16.64 ns
CWL :	 15.808 ns
tRP :	 16.224 ns
tRCD :	 16.224 ns
tRAS :	 32.032000000000004 ns
tRTP :	 7.904 ns
tWR :	 30.368000000000002 ns

tCCD_S :	 3.3280000000000003 ns
tCCD_S_WR :	 3.3280000000000003 ns
tCCD_S_WTR :	 22.048000000000002 ns
tCCD_L :	 5.408 ns
tCCD_L_WR :	 20.384 ns
tCCD_L_WTR :	 29.536 ns
tRRD_S :	 3.3280000000000003 ns
tRRD_L :	 5.408 ns
tFAW :	 13.728 ns
Address mapping (perm = 1) 	ch co bg bg bg ba ba co co co co co co ro ro ro ro ro ro ro ro ro ro ro ro ro ro ro 
dram queue size: R = 64 W = 48 (low:high is 9:39)
Heartbeat CPU 0 instructions: 10000002 cycles: 3112446 heartbeat IPC: 3.213 cumulative IPC: 3.213 (Simulation time: 00 hr 11 min 56 sec)
Heartbeat CPU 1 instructions: 10000003 cycles: 3130935 heartbeat IPC: 3.194 cumulative IPC: 3.194 (Simulation time: 00 hr 12 min 00 sec)
Heartbeat CPU 2 instructions: 10000003 cycles: 3152448 heartbeat IPC: 3.172 cumulative IPC: 3.172 (Simulation time: 00 hr 12 min 05 sec)
Heartbeat CPU 3 instructions: 10000003 cycles: 3163377 heartbeat IPC: 3.161 cumulative IPC: 3.161 (Simulation time: 00 hr 12 min 07 sec)
Heartbeat CPU 4 instructions: 10000003 cycles: 3169970 heartbeat IPC: 3.155 cumulative IPC: 3.155 (Simulation time: 00 hr 12 min 09 sec)
Heartbeat CPU 5 instructions: 10000003 cycles: 3175290 heartbeat IPC: 3.149 cumulative IPC: 3.149 (Simulation time: 00 hr 12 min 10 sec)
Heartbeat CPU 6 instructions: 10000003 cycles: 3179811 heartbeat IPC: 3.145 cumulative IPC: 3.145 (Simulation time: 00 hr 12 min 11 sec)
Heartbeat CPU 7 instructions: 10000003 cycles: 3183148 heartbeat IPC: 3.142 cumulative IPC: 3.142 (Simulation time: 00 hr 12 min 12 sec)
Heartbeat CPU 0 instructions: 20000004 cycles: 6191805 heartbeat IPC: 3.247 cumulative IPC: 3.23 (Simulation time: 00 hr 23 min 56 sec)
Heartbeat CPU 1 instructions: 20000004 cycles: 6204808 heartbeat IPC: 3.253 cumulative IPC: 3.223 (Simulation time: 00 hr 23 min 59 sec)
Heartbeat CPU 2 instructions: 20000004 cycles: 6224873 heartbeat IPC: 3.255 cumulative IPC: 3.213 (Simulation time: 00 hr 24 min 04 sec)
Heartbeat CPU 3 instructions: 20000004 cycles: 6256139 heartbeat IPC: 3.233 cumulative IPC: 3.197 (Simulation time: 00 hr 24 min 11 sec)
Heartbeat CPU 4 instructions: 20000003 cycles: 6271294 heartbeat IPC: 3.224 cumulative IPC: 3.189 (Simulation time: 00 hr 24 min 15 sec)
Heartbeat CPU 5 instructions: 20000004 cycles: 6286220 heartbeat IPC: 3.214 cumulative IPC: 3.182 (Simulation time: 00 hr 24 min 18 sec)
Heartbeat CPU 6 instructions: 20000006 cycles: 6292294 heartbeat IPC: 3.213 cumulative IPC: 3.178 (Simulation time: 00 hr 24 min 20 sec)
Heartbeat CPU 7 instructions: 20000004 cycles: 6303709 heartbeat IPC: 3.205 cumulative IPC: 3.173 (Simulation time: 00 hr 24 min 22 sec)
Warmup finished CPU 0 instructions: 25000000 cycles: 7674110 cumulative IPC: 3.258 (Simulation time: 00 hr 29 min 46 sec)
Warmup finished CPU 1 instructions: 25000001 cycles: 7688315 cumulative IPC: 3.252 (Simulation time: 00 hr 29 min 49 sec)
Warmup finished CPU 2 instructions: 25000002 cycles: 7710197 cumulative IPC: 3.242 (Simulation time: 00 hr 29 min 54 sec)
Warmup finished CPU 3 instructions: 25000003 cycles: 7740664 cumulative IPC: 3.23 (Simulation time: 00 hr 30 min 00 sec)
Warmup finished CPU 4 instructions: 25000002 cycles: 7752734 cumulative IPC: 3.225 (Simulation time: 00 hr 30 min 03 sec)
Warmup finished CPU 5 instructions: 25000001 cycles: 7763357 cumulative IPC: 3.22 (Simulation time: 00 hr 30 min 05 sec)
Warmup finished CPU 6 instructions: 25000001 cycles: 7771927 cumulative IPC: 3.217 (Simulation time: 00 hr 30 min 07 sec)
Warmup finished CPU 7 instructions: 25000000 cycles: 7781504 cumulative IPC: 3.213 (Simulation time: 00 hr 30 min 09 sec)
Warmup complete CPU 7 instructions: 25000000 cycles: 7781504 cumulative IPC: 3.213 (Simulation time: 00 hr 30 min 09 sec)
Warmup complete CPU 6 instructions: 25038309 cycles: 7781504 cumulative IPC: 3.218 (Simulation time: 00 hr 30 min 09 sec)
Warmup complete CPU 5 instructions: 25072589 cycles: 7781504 cumulative IPC: 3.222 (Simulation time: 00 hr 30 min 09 sec)
Warmup complete CPU 4 instructions: 25115082 cycles: 7781504 cumulative IPC: 3.228 (Simulation time: 00 hr 30 min 09 sec)
Warmup complete CPU 3 instructions: 25163355 cycles: 7781504 cumulative IPC: 3.234 (Simulation time: 00 hr 30 min 09 sec)
Warmup complete CPU 2 instructions: 25285230 cycles: 7781504 cumulative IPC: 3.249 (Simulation time: 00 hr 30 min 09 sec)
Warmup complete CPU 1 instructions: 25372757 cycles: 7781504 cumulative IPC: 3.261 (Simulation time: 00 hr 30 min 09 sec)
Warmup complete CPU 0 instructions: 25429300 cycles: 7781504 cumulative IPC: 3.268 (Simulation time: 00 hr 30 min 09 sec)
Heartbeat CPU 0 instructions: 30000007 cycles: 20689294 heartbeat IPC: 0.6898 cumulative IPC: 0.3541 (Simulation time: 00 hr 50 min 31 sec)
Heartbeat CPU 1 instructions: 30000007 cycles: 20890321 heartbeat IPC: 0.6809 cumulative IPC: 0.353 (Simulation time: 00 hr 50 min 50 sec)
Heartbeat CPU 2 instructions: 30000007 cycles: 21176905 heartbeat IPC: 0.6688 cumulative IPC: 0.352 (Simulation time: 00 hr 51 min 17 sec)
Heartbeat CPU 3 instructions: 30000004 cycles: 21498886 heartbeat IPC: 0.656 cumulative IPC: 0.3526 (Simulation time: 00 hr 51 min 47 sec)
Heartbeat CPU 4 instructions: 30000004 cycles: 21571648 heartbeat IPC: 0.6536 cumulative IPC: 0.3542 (Simulation time: 00 hr 51 min 54 sec)
Heartbeat CPU 5 instructions: 30000007 cycles: 21749604 heartbeat IPC: 0.6467 cumulative IPC: 0.3528 (Simulation time: 00 hr 52 min 10 sec)
Heartbeat CPU 6 instructions: 30000009 cycles: 21786027 heartbeat IPC: 0.6454 cumulative IPC: 0.3543 (Simulation time: 00 hr 52 min 14 sec)
Heartbeat CPU 7 instructions: 30000004 cycles: 21854963 heartbeat IPC: 0.643 cumulative IPC: 0.3553 (Simulation time: 00 hr 52 min 20 sec)
Heartbeat CPU 0 instructions: 40000007 cycles: 48492421 heartbeat IPC: 0.3597 cumulative IPC: 0.3579 (Simulation time: 01 hr 33 min 54 sec)
Heartbeat CPU 1 instructions: 40000011 cycles: 48643886 heartbeat IPC: 0.3603 cumulative IPC: 0.358 (Simulation time: 01 hr 34 min 08 sec)
Heartbeat CPU 2 instructions: 40000007 cycles: 48966732 heartbeat IPC: 0.3598 cumulative IPC: 0.3573 (Simulation time: 01 hr 34 min 38 sec)
Heartbeat CPU 3 instructions: 40000005 cycles: 49274526 heartbeat IPC: 0.36 cumulative IPC: 0.3576 (Simulation time: 01 hr 35 min 06 sec)
Heartbeat CPU 4 instructions: 40000007 cycles: 49394613 heartbeat IPC: 0.3594 cumulative IPC: 0.3577 (Simulation time: 01 hr 35 min 17 sec)
Heartbeat CPU 5 instructions: 40000007 cycles: 49518193 heartbeat IPC: 0.3601 cumulative IPC: 0.3577 (Simulation time: 01 hr 35 min 28 sec)
Heartbeat CPU 6 instructions: 40000011 cycles: 49611542 heartbeat IPC: 0.3594 cumulative IPC: 0.3577 (Simulation time: 01 hr 35 min 37 sec)
Heartbeat CPU 7 instructions: 40000007 cycles: 49629152 heartbeat IPC: 0.36 cumulative IPC: 0.3584 (Simulation time: 01 hr 35 min 38 sec)
Heartbeat CPU 0 instructions: 50000010 cycles: 76081170 heartbeat IPC: 0.3625 cumulative IPC: 0.3597 (Simulation time: 02 hr 15 min 58 sec)
Heartbeat CPU 1 instructions: 50000015 cycles: 76233579 heartbeat IPC: 0.3625 cumulative IPC: 0.3598 (Simulation time: 02 hr 16 min 12 sec)
Heartbeat CPU 2 instructions: 50000010 cycles: 76592797 heartbeat IPC: 0.362 cumulative IPC: 0.3592 (Simulation time: 02 hr 16 min 44 sec)
Heartbeat CPU 3 instructions: 50000006 cycles: 76891471 heartbeat IPC: 0.3621 cumulative IPC: 0.3594 (Simulation time: 02 hr 17 min 11 sec)
Heartbeat CPU 4 instructions: 50000010 cycles: 77019540 heartbeat IPC: 0.362 cumulative IPC: 0.3594 (Simulation time: 02 hr 17 min 23 sec)
Heartbeat CPU 5 instructions: 50000010 cycles: 77107131 heartbeat IPC: 0.3625 cumulative IPC: 0.3596 (Simulation time: 02 hr 17 min 31 sec)
Heartbeat CPU 6 instructions: 50000015 cycles: 77197046 heartbeat IPC: 0.3625 cumulative IPC: 0.3596 (Simulation time: 02 hr 17 min 39 se