[VMEM] WARNING: physical memory size is smaller than virtual memory size.
dram page policy: is open = 0	is close = 1	is soft close = 0	cmd arg = 1

*** ChampSim Multicore Out-of-Order Simulator ***
Warmup Instructions: 25000000
Simulation Instructions: 50000000
Number of CPUs: 8
Page size: 2097152

CL :	 16.64 ns
CWL :	 15.808 ns
tRP :	 16.224 ns
tRCD :	 16.224 ns
tRAS :	 32.032000000000004 ns
tRTP :	 7.904 ns
tWR :	 30.368000000000002 ns

tCCD_S :	 3.3280000000000003 ns
tCCD_S_WR :	 3.3280000000000003 ns
tCCD_S_WTR :	 22.048000000000002 ns
tCCD_L :	 5.408 ns
tCCD_L_WR :	 20.384 ns
tCCD_L_WTR :	 29.536 ns
tRRD_S :	 3.3280000000000003 ns
tRRD_L :	 5.408 ns
tFAW :	 13.728 ns
Address mapping (perm = 1) 	ch co bg bg bg ba ba co co co co co co ro ro ro ro ro ro ro ro ro ro ro ro ro ro ro 
dram queue size: R = 64 W = 48 (low:high is 9:39)
Heartbeat CPU 0 instructions: 10000001 cycles: 2555154 heartbeat IPC: 3.914 cumulative IPC: 3.914 (Simulation time: 00 hr 09 min 13 sec)
Heartbeat CPU 1 instructions: 10000000 cycles: 2555754 heartbeat IPC: 3.913 cumulative IPC: 3.913 (Simulation time: 00 hr 09 min 13 sec)
Heartbeat CPU 2 instructions: 10000003 cycles: 2556909 heartbeat IPC: 3.911 cumulative IPC: 3.911 (Simulation time: 00 hr 09 min 13 sec)
Heartbeat CPU 3 instructions: 10000002 cycles: 2557683 heartbeat IPC: 3.91 cumulative IPC: 3.91 (Simulation time: 00 hr 09 min 13 sec)
Heartbeat CPU 4 instructions: 10000001 cycles: 2558635 heartbeat IPC: 3.908 cumulative IPC: 3.908 (Simulation time: 00 hr 09 min 14 sec)
Heartbeat CPU 5 instructions: 10000000 cycles: 2559464 heartbeat IPC: 3.907 cumulative IPC: 3.907 (Simulation time: 00 hr 09 min 14 sec)
Heartbeat CPU 6 instructions: 10000002 cycles: 2560381 heartbeat IPC: 3.906 cumulative IPC: 3.906 (Simulation time: 00 hr 09 min 14 sec)
Heartbeat CPU 7 instructions: 10000002 cycles: 2560975 heartbeat IPC: 3.905 cumulative IPC: 3.905 (Simulation time: 00 hr 09 min 14 sec)
Heartbeat CPU 0 instructions: 20000001 cycles: 5093293 heartbeat IPC: 3.94 cumulative IPC: 3.927 (Simulation time: 00 hr 19 min 25 sec)
Heartbeat CPU 1 instructions: 20000001 cycles: 5094327 heartbeat IPC: 3.939 cumulative IPC: 3.926 (Simulation time: 00 hr 19 min 26 sec)
Heartbeat CPU 2 instructions: 20000006 cycles: 5094872 heartbeat IPC: 3.94 cumulative IPC: 3.926 (Simulation time: 00 hr 19 min 26 sec)
Heartbeat CPU 3 instructions: 20000006 cycles: 5095698 heartbeat IPC: 3.94 cumulative IPC: 3.925 (Simulation time: 00 hr 19 min 26 sec)
Heartbeat CPU 4 instructions: 20000001 cycles: 5097153 heartbeat IPC: 3.939 cumulative IPC: 3.924 (Simulation time: 00 hr 19 min 26 sec)
Heartbeat CPU 5 instructions: 20000001 cycles: 5098339 heartbeat IPC: 3.939 cumulative IPC: 3.923 (Simulation time: 00 hr 19 min 27 sec)
Heartbeat CPU 6 instructions: 20000006 cycles: 5098459 heartbeat IPC: 3.94 cumulative IPC: 3.923 (Simulation time: 00 hr 19 min 27 sec)
Heartbeat CPU 7 instructions: 20000006 cycles: 5099805 heartbeat IPC: 3.939 cumulative IPC: 3.922 (Simulation time: 00 hr 19 min 27 sec)
Warmup finished CPU 0 instructions: 25000002 cycles: 6377401 cumulative IPC: 3.92 (Simulation time: 00 hr 24 min 59 sec)
Warmup finished CPU 1 instructions: 25000002 cycles: 6378387 cumulative IPC: 3.919 (Simulation time: 00 hr 24 min 59 sec)
Warmup finished CPU 2 instructions: 25000002 cycles: 6378893 cumulative IPC: 3.919 (Simulation time: 00 hr 24 min 59 sec)
Warmup finished CPU 3 instructions: 25000002 cycles: 6379782 cumulative IPC: 3.919 (Simulation time: 00 hr 24 min 59 sec)
Warmup finished CPU 4 instructions: 25000002 cycles: 6381238 cumulative IPC: 3.918 (Simulation time: 00 hr 25 min 00 sec)
Warmup finished CPU 5 instructions: 25000002 cycles: 6382439 cumulative IPC: 3.917 (Simulation time: 00 hr 25 min 00 sec)
Warmup finished CPU 6 instructions: 25000002 cycles: 6382543 cumulative IPC: 3.917 (Simulation time: 00 hr 25 min 00 sec)
Warmup finished CPU 7 instructions: 25000002 cycles: 6383872 cumulative IPC: 3.916 (Simulation time: 00 hr 25 min 01 sec)
Warmup complete CPU 7 instructions: 25000002 cycles: 6383872 cumulative IPC: 3.916 (Simulation time: 00 hr 25 min 01 sec)
Warmup complete CPU 6 instructions: 25005131 cycles: 6383872 cumulative IPC: 3.917 (Simulation time: 00 hr 25 min 01 sec)
Warmup complete CPU 5 instructions: 25005543 cycles: 6383872 cumulative IPC: 3.917 (Simulation time: 00 hr 25 min 01 sec)
Warmup complete CPU 4 instructions: 25010208 cycles: 6383872 cumulative IPC: 3.918 (Simulation time: 00 hr 25 min 01 sec)
Warmup complete CPU 3 instructions: 25016069 cycles: 6383872 cumulative IPC: 3.919 (Simulation time: 00 hr 25 min 01 sec)
Warmup complete CPU 2 instructions: 25019538 cycles: 6383872 cumulative IPC: 3.919 (Simulation time: 00 hr 25 min 01 sec)
Warmup complete CPU 1 instructions: 25021440 cycles: 6383872 cumulative IPC: 3.919 (Simulation time: 00 hr 25 min 01 sec)
Warmup complete CPU 0 instructions: 25025284 cycles: 6383872 cumulative IPC: 3.92 (Simulation time: 00 hr 25 min 01 sec)
Heartbeat CPU 0 instructions: 30000005 cycles: 22752659 heartbeat IPC: 0.5663 cumulative IPC: 0.3039 (Simulation time: 00 hr 49 min 39 sec)
Heartbeat CPU 1 instructions: 30000005 cycles: 22790144 heartbeat IPC: 0.5651 cumulative IPC: 0.3035 (Simulation time: 00 hr 49 min 43 sec)
Heartbeat CPU 3 instructions: 30000010 cycles: 22808914 heartbeat IPC: 0.5646 cumulative IPC: 0.3034 (Simulation time: 00 hr 49 min 44 sec)
Heartbeat CPU 7 instructions: 30000010 cycles: 22854806 heartbeat IPC: 0.5632 cumulative IPC: 0.3036 (Simulation time: 00 hr 49 min 49 sec)
Heartbeat CPU 4 instructions: 30000005 cycles: 22859205 heartbeat IPC: 0.563 cumulative IPC: 0.3029 (Simulation time: 00 hr 49 min 49 sec)
Heartbeat CPU 5 instructions: 30000005 cycles: 22886952 heartbeat IPC: 0.5622 cumulative IPC: 0.3026 (Simulation time: 00 hr 49 min 52 sec)
Heartbeat CPU 6 instructions: 30000010 cycles: 22918448 heartbeat IPC: 0.5612 cumulative IPC: 0.3021 (Simulation time: 00 hr 49 min 54 sec)
Heartbeat CPU 2 instructions: 30000010 cycles: 22933132 heartbeat IPC: 0.5606 cumulative IPC: 0.3009 (Simulation time: 00 hr 49 min 56 sec)
Heartbeat CPU 1 instructions: 40000007 cycles: 55524817 heartbeat IPC: 0.3055 cumulative IPC: 0.3048 (Simulation time: 01 hr 38 min 27 sec)
Heartbeat CPU 3 instructions: 40000012 cycles: 55533761 heartbeat IPC: 0.3056 cumulative IPC: 0.3049 (Simulation time: 01 hr 38 min 28 sec)
Heartbeat CPU 7 instructions: 40000012 cycles: 55641110 heartbeat IPC: 0.305 cumulative IPC: 0.3045 (Simulation time: 01 hr 38 min 37 sec)
Heartbeat CPU 4 instructions: 40000007 cycles: 55688631 heartbeat IPC: 0.3046 cumulative IPC: 0.304 (Simulation time: 01 hr 38 min 42 sec)
Heartbeat CPU 0 instructions: 40000007 cycles: 55703353 heartbeat IPC: 0.3035 cumulative IPC: 0.3036 (Simulation time: 01 hr 38 min 43 sec)
Heartbeat CPU 5 instructions: 40000007 cycles: 55714308 heartbeat IPC: 0.3046 cumulative IPC: 0.304 (Simulation time: 01 hr 38 min 44 sec)
Heartbeat CPU 6 instructions: 40000012 cycles: 55742535 heartbeat IPC: 0.3047 cumulative IPC: 0.3038 (Simulation time: 01 hr 38 min 46 sec)
Heartbeat CPU 2 instructions: 40000012 cycles: 55801209 heartbeat IPC: 0.3042 cumulative IPC: 0.3031 (Simulation time: 01 hr 38 min 52 sec)
Heartbeat CPU 1 instructions: 50000009 cycles: 88346567 heartbeat IPC: 0.3047 cumulative IPC: 0.3048 (Simulation time: 02 hr 26 min 07 sec)
Heartbeat CPU 3 instructions: 50000014 cycles: 88411191 heartbeat IPC: 0.3042 cumulative IPC: 0.3046 (Simulation time: 02 hr 26 min 12 sec)
Heartbeat CPU 7 instructions: 50000014 cycles: 88448088 heartbeat IPC: 0.3048 cumulative IPC: 0.3046 (Simulation time: 02 hr 26 min 16 sec)
Heartbeat CPU 5 instructions: 50000009 cycles: 88450178 heartbeat IPC: 0.3055 cumulative IPC: 0.3046 (Simulation time: 02 hr 26 min 16 sec)
Heartbeat CPU 4 instructions: 50000009 cycles: 88507396 heartbeat IPC: 0.3047 cumulative IPC: 0.3043 (Simulation time: 02 hr 26 min 21 sec)
Heartbeat CPU 0 instructions: 50000009 cycles: 88574193 heartbeat IPC: 0.3042 cumulative IPC: 0.3039 (Simulation time: 02 hr 26 min 27 sec)
Heartbeat CPU 2 instructions: 50000014 cycles: 88638881 heartbeat IPC: 0.3045 cumulative IPC: 0.3037 (Simulation time: 02 hr 26 min 32 