[VMEM] WARNING: physical memory size is smaller than virtual memory size.
dram page policy: is open = 0	is close = 1	is soft close = 0	cmd arg = 1

*** ChampSim Multicore Out-of-Order Simulator ***
Warmup Instructions: 25000000
Simulation Instructions: 50000000
Number of CPUs: 8
Page size: 2097152

CL :	 16.64 ns
CWL :	 15.808 ns
tRP :	 16.224 ns
tRCD :	 16.224 ns
tRAS :	 32.032000000000004 ns
tRTP :	 7.904 ns
tWR :	 30.368000000000002 ns

tCCD_S :	 3.3280000000000003 ns
tCCD_S_WR :	 3.3280000000000003 ns
tCCD_S_WTR :	 22.048000000000002 ns
tCCD_L :	 5.408 ns
tCCD_L_WR :	 20.384 ns
tCCD_L_WTR :	 29.536 ns
tRRD_S :	 3.3280000000000003 ns
tRRD_L :	 5.408 ns
tFAW :	 13.728 ns
Address mapping (perm = 1) 	ch co bg bg bg ba ba co co co co co co ro ro ro ro ro ro ro ro ro ro ro ro ro ro ro 
dram queue size: R = 64 W = 48 (low:high is 9:39)
Heartbeat CPU 7 instructions: 10000002 cycles: 2800302 heartbeat IPC: 3.571 cumulative IPC: 3.571 (Simulation time: 00 hr 11 min 15 sec)
Heartbeat CPU 0 instructions: 10000001 cycles: 2809455 heartbeat IPC: 3.559 cumulative IPC: 3.559 (Simulation time: 00 hr 11 min 17 sec)
Heartbeat CPU 1 instructions: 10000004 cycles: 2812663 heartbeat IPC: 3.555 cumulative IPC: 3.555 (Simulation time: 00 hr 11 min 18 sec)
Heartbeat CPU 2 instructions: 10000004 cycles: 2821994 heartbeat IPC: 3.544 cumulative IPC: 3.544 (Simulation time: 00 hr 11 min 20 sec)
Heartbeat CPU 3 instructions: 10000003 cycles: 2827307 heartbeat IPC: 3.537 cumulative IPC: 3.537 (Simulation time: 00 hr 11 min 21 sec)
Heartbeat CPU 4 instructions: 10000004 cycles: 2831924 heartbeat IPC: 3.531 cumulative IPC: 3.531 (Simulation time: 00 hr 11 min 23 sec)
Heartbeat CPU 5 instructions: 10000002 cycles: 2834112 heartbeat IPC: 3.528 cumulative IPC: 3.528 (Simulation time: 00 hr 11 min 23 sec)
Heartbeat CPU 6 instructions: 10000002 cycles: 2836419 heartbeat IPC: 3.526 cumulative IPC: 3.526 (Simulation time: 00 hr 11 min 24 sec)
Heartbeat CPU 7 instructions: 20000003 cycles: 5561064 heartbeat IPC: 3.622 cumulative IPC: 3.596 (Simulation time: 00 hr 22 min 20 sec)
Heartbeat CPU 0 instructions: 20000001 cycles: 5572183 heartbeat IPC: 3.62 cumulative IPC: 3.589 (Simulation time: 00 hr 22 min 23 sec)
Heartbeat CPU 1 instructions: 20000008 cycles: 5580012 heartbeat IPC: 3.614 cumulative IPC: 3.584 (Simulation time: 00 hr 22 min 25 sec)
Heartbeat CPU 2 instructions: 20000005 cycles: 5590640 heartbeat IPC: 3.612 cumulative IPC: 3.577 (Simulation time: 00 hr 22 min 28 sec)
Heartbeat CPU 3 instructions: 20000005 cycles: 5601321 heartbeat IPC: 3.605 cumulative IPC: 3.571 (Simulation time: 00 hr 22 min 30 sec)
Heartbeat CPU 4 instructions: 20000005 cycles: 5608071 heartbeat IPC: 3.602 cumulative IPC: 3.566 (Simulation time: 00 hr 22 min 32 sec)
Heartbeat CPU 5 instructions: 20000005 cycles: 5613315 heartbeat IPC: 3.598 cumulative IPC: 3.563 (Simulation time: 00 hr 22 min 33 sec)
Heartbeat CPU 6 instructions: 20000002 cycles: 5618446 heartbeat IPC: 3.595 cumulative IPC: 3.56 (Simulation time: 00 hr 22 min 35 sec)
Warmup finished CPU 7 instructions: 25000004 cycles: 6879913 cumulative IPC: 3.634 (Simulation time: 00 hr 27 min 47 sec)
Warmup finished CPU 0 instructions: 25000003 cycles: 6891741 cumulative IPC: 3.628 (Simulation time: 00 hr 27 min 50 sec)
Warmup finished CPU 1 instructions: 25000003 cycles: 6901623 cumulative IPC: 3.622 (Simulation time: 00 hr 27 min 53 sec)
Warmup finished CPU 2 instructions: 25000004 cycles: 6913156 cumulative IPC: 3.616 (Simulation time: 00 hr 27 min 56 sec)
Warmup finished CPU 3 instructions: 25000004 cycles: 6926557 cumulative IPC: 3.609 (Simulation time: 00 hr 27 min 59 sec)
Warmup finished CPU 4 instructions: 25000004 cycles: 6936143 cumulative IPC: 3.604 (Simulation time: 00 hr 28 min 02 sec)
Warmup finished CPU 5 instructions: 25000004 cycles: 6946991 cumulative IPC: 3.599 (Simulation time: 00 hr 28 min 05 sec)
Warmup finished CPU 6 instructions: 25000004 cycles: 6951935 cumulative IPC: 3.596 (Simulation time: 00 hr 28 min 06 sec)
Warmup complete CPU 7 instructions: 25257780 cycles: 6951935 cumulative IPC: 3.633 (Simulation time: 00 hr 28 min 06 sec)
Warmup complete CPU 6 instructions: 25000004 cycles: 6951935 cumulative IPC: 3.596 (Simulation time: 00 hr 28 min 06 sec)
Warmup complete CPU 5 instructions: 25016486 cycles: 6951935 cumulative IPC: 3.598 (Simulation time: 00 hr 28 min 06 sec)
Warmup complete CPU 4 instructions: 25049875 cycles: 6951935 cumulative IPC: 3.603 (Simulation time: 00 hr 28 min 06 sec)
Warmup complete CPU 3 instructions: 25078074 cycles: 6951935 cumulative IPC: 3.607 (Simulation time: 00 hr 28 min 06 sec)
Warmup complete CPU 2 instructions: 25121682 cycles: 6951935 cumulative IPC: 3.614 (Simulation time: 00 hr 28 min 06 sec)
Warmup complete CPU 1 instructions: 25166270 cycles: 6951935 cumulative IPC: 3.62 (Simulation time: 00 hr 28 min 06 sec)
Warmup complete CPU 0 instructions: 25203319 cycles: 6951935 cumulative IPC: 3.625 (Simulation time: 00 hr 28 min 06 sec)
Heartbeat CPU 7 instructions: 30000003 cycles: 20664911 heartbeat IPC: 0.6621 cumulative IPC: 0.3458 (Simulation time: 00 hr 50 min 42 sec)
Heartbeat CPU 0 instructions: 30000003 cycles: 20793349 heartbeat IPC: 0.657 cumulative IPC: 0.3465 (Simulation time: 00 hr 50 min 54 sec)
Heartbeat CPU 1 instructions: 30000009 cycles: 20981792 heartbeat IPC: 0.6493 cumulative IPC: 0.3445 (Simulation time: 00 hr 51 min 13 sec)
Heartbeat CPU 2 instructions: 30000005 cycles: 21065904 heartbeat IPC: 0.6462 cumulative IPC: 0.3456 (Simulation time: 00 hr 51 min 21 sec)
Heartbeat CPU 3 instructions: 30000005 cycles: 21274003 heartbeat IPC: 0.6381 cumulative IPC: 0.3437 (Simulation time: 00 hr 51 min 41 sec)
Heartbeat CPU 4 instructions: 30000008 cycles: 21379723 heartbeat IPC: 0.634 cumulative IPC: 0.3431 (Simulation time: 00 hr 51 min 51 sec)
Heartbeat CPU 6 instructions: 30000003 cycles: 21479368 heartbeat IPC: 0.6305 cumulative IPC: 0.3442 (Simulation time: 00 hr 52 min 01 sec)
Heartbeat CPU 5 instructions: 30000008 cycles: 21486015 heartbeat IPC: 0.63 cumulative IPC: 0.3429 (Simulation time: 00 hr 52 min 02 sec)
Heartbeat CPU 7 instructions: 40000003 cycles: 50468675 heartbeat IPC: 0.3355 cumulative IPC: 0.3388 (Simulation time: 01 hr 39 min 01 sec)
Heartbeat CPU 0 instructions: 40000003 cycles: 50535428 heartbeat IPC: 0.3362 cumulative IPC: 0.3395 (Simulation time: 01 hr 39 min 09 sec)
Heartbeat CPU 1 instructions: 40000009 cycles: 50768276 heartbeat IPC: 0.3357 cumulative IPC: 0.3385 (Simulation time: 01 hr 39 min 34 sec)
Heartbeat CPU 2 instructions: 40000005 cycles: 50782127 heartbeat IPC: 0.3365 cumulative IPC: 0.3395 (Simulation time: 01 hr 39 min 36 sec)
Heartbeat CPU 3 instructions: 40000005 cycles: 51023570 heartbeat IPC: 0.3361 cumulative IPC: 0.3386 (Simulation time: 01 hr 40 min 00 sec)
Heartbeat CPU 4 instructions: 40000009 cycles: 51026155 heartbeat IPC: 0.3373 cumulative IPC: 0.3392 (Simulation time: 01 hr 40 min 00 sec)
Heartbeat CPU 6 instructions: 40000003 cycles: 51167681 heartbeat IPC: 0.3368 cumulative IPC: 0.3392 (Simulation time: 01 hr 40 min 13 sec)
Heartbeat CPU 5 instructions: 40000009 cycles: 51274388 heartbeat IPC: 0.3357 cumulative IPC: 0.3381 (Simulation time: 01 hr 40 min 23 sec)
Heartbeat CPU 7 instructions: 50000003 cycles: 75713207 heartbeat IPC: 0.3961 cumulative IPC: 0.3598 (Simulation time: 02 hr 20 min 34 sec)
Heartbeat CPU 0 instructions: 50000003 cycles: 75857431 heartbeat IPC: 0.3949 cumulative IPC: 0.3599 (Simulation time: 02 hr 20 min 48 sec)
Heartbeat CPU 2 instructions: 50000008 cycles: 76051692 heartbeat IPC: 0.3957 cumulative IPC: 0.36 (Simulation time: 02 hr 21 min 06 sec)
Heartbeat CPU 1 instructions: 50000009 cycles: 76079334 heartbeat IPC: 0.3951 cumulative IPC: 0.3592 (Simulation time: 02 hr 21 min 09 sec)
Heartbeat CPU 3 instructions: 50000008 cycles: 76354145 heartbeat IPC: 0.3948 cumulative IPC: 0.3591 (Simulation time: 02 hr 21 min 35 sec)
Heartbeat CPU 4 instructions: 50000013 cycles: 76371398 heartbeat IPC: 0.3946 cumulative IPC: 0.3594 (Simulation time: 02 hr 21 min 37 sec)
Heartbeat CPU 6 instructions: 50000004 cycles: 76491121 heartbeat IPC: 0.3949 cumulative IPC: 0.3595 (Simulation time: 02 hr 21 min 