[VMEM] WARNING: physical memory size is smaller than virtual memory size.

*** ChampSim Multicore Out-of-Order Simulator ***
Warmup Instructions: 25000000
Simulation Instructions: 25000000
Number of CPUs: 8
Page size: 2097152

initializing BARD -- num sampled sets: 64, modulus = 256
CL :	 16.64 ns
CWL :	 15.808 ns
tRP :	 16.224 ns
tRCD :	 16.224 ns
tRAS :	 32.032000000000004 ns
tRTP :	 7.904 ns
tWR :	 30.368000000000002 ns

tCCD_S :	 3.3280000000000003 ns
tCCD_S_WR :	 3.3280000000000003 ns
tCCD_S_WTR :	 22.048000000000002 ns
tCCD_L :	 5.408 ns
tCCD_L_WR :	 20.384 ns
tCCD_L_WTR :	 29.536 ns
tRRD_S :	 3.3280000000000003 ns
tRRD_L :	 5.408 ns
tFAW :	 13.728 ns
Address mapping (perm = 1) 	ch co bg bg bg ba ba co co co co co co ro ro ro ro ro ro ro ro ro ro ro ro ro ro ro 
dram queue size: R = 64 W = 48 (low:high is 9:39)
num evicts: 0, p: 0, s: 0 	 max proactive lookup: 16, max shadow lookup: 16
current cycle = 177608, last update cycle = 0, delta = 177608
	load umon |	misses = 554, hits= 1 0 0 0 0 0 0 1 0 0 0 0 0 1 0 11
	write umon |	misses = 0, hits= 0 0 0 0 0 0 0 0 0 0 0 0 0 0 0 0
num evicts: 100000, p: 12288, s: 28850 	 max proactive lookup: 16, max shadow lookup: 16
current cycle = 512164, last update cycle = 0, delta = 512164
	load umon |	misses = 1426, hits= 1 0 0 0 0 0 0 1 0 0 0 0 0 1 0 11
	write umon |	misses = 200, hits= 0 0 0 0 0 0 0 0 0 0 0 0 0 0 0 0
num evicts: 200000, p: 20734, s: 59260 	 max proactive lookup: 16, max shadow lookup: 16
current cycle = 662164, last update cycle = 0, delta = 662164
	load umon |	misses = 1810, hits= 1 0 0 0 0 0 0 1 0 0 0 0 0 1 0 11
	write umon |	misses = 392, hits= 0 0 0 0 0 0 0 0 0 0 0 0 0 0 0 0
num evicts: 300000, p: 21525, s: 89482 	 max proactive lookup: 16, max shadow lookup: 16
current cycle = 812163, last update cycle = 0, delta = 812163
	load umon |	misses = 2202, hits= 1 0 0 0 0 0 0 1 0 0 0 0 0 1 0 11
	write umon |	misses = 584, hits= 0 0 0 0 0 0 0 0 0 0 0 0 0 0 0 0
num evicts: 400000, p: 23178, s: 121346 	 max proactive lookup: 16, max shadow lookup: 16
current cycle = 962169, last update cycle = 0, delta = 962169
	load umon |	misses = 2595, hits= 1 0 0 0 0 0 0 1 0 0 0 0 0 1 4 14
	write umon |	misses = 784, hits= 0 0 0 0 0 0 0 0 0 0 0 0 0 0 0 0
num evicts: 500000, p: 25391, s: 162593 	 max proactive lookup: 16, max shadow lookup: 16
current cycle = 1112179, last update cycle = 0, delta = 1112179
	load umon |	misses = 2987, hits= 1 0 0 0 0 0 0 1 0 0 0 1 0 1 8 17
	write umon |	misses = 977, hits= 0 0 0 0 0 0 0 0 0 0 0 0 0 0 0 0
num evicts: 600000, p: 26545, s: 203712 	 max proactive lookup: 16, max shadow lookup: 16
current cycle = 1262180, last update cycle = 0, delta = 1262180
	load umon |	misses = 3379, hits= 1 0 0 0 0 0 0 1 0 0 0 1 0 1 8 17
	write umon |	misses = 1176, hits= 0 0 0 0 0 0 0 0 0 0 0 0 0 0 0 0
num evicts: 700000, p: 27387, s: 244177 	 max proactive lookup: 16, max shadow lookup: 16
current cycle = 1412180, last update cycle = 0, delta = 1412180
	load umon |	misses = 3765, hits= 1 0 0 0 0 0 0 1 0 0 0 1 0 1 8 17
	write umon |	misses = 1368, hits= 0 0 0 0 0 0 0 0 0 0 0 0 0 0 0 0
num evicts: 800000, p: 28317, s: 287435 	 max proactive lookup: 16, max shadow lookup: 16
current cycle = 1562180, last update cycle = 0, delta = 1562180
	load umon |	misses = 4159, hits= 1 0 0 0 0 0 0 1 0 0 0 1 0 1 8 17
	write umon |	misses = 1564, hits= 0 0 0 0 0 0 0 0 0 0 0 0 0 0 0 0
num evicts: 900000, p: 29200, s: 331285 	 max proactive lookup: 16, max shadow lookup: 16
current cycle = 1712185, last update cycle = 0, delta = 1712185
	load umon |	misses = 4548, hits= 1 0 0 0 0 0 0 1 0 0 0 1 0 2 10 21
	write umon |	misses = 1760, hits= 0 0 0 0 0 0 0 0 0 0 0 0 0 0 0 0
num evicts: 1000000, p: 29745, s: 375993 	 max proactive lookup: 16, max shadow lookup: 16
current cycle = 1862192, last update cycle = 0, delta = 1862192
	load umon |	misses = 4941, hits= 1 0 0 0 0 0 0 1 0 0 0 2 0 2 14 24
	write umon |	misses = 1954, hits= 0 0 0 0 0 0 0 0 0 0 0 0 0 0 0 0
num evicts: 1100000, p: 30079, s: 420933 	 max proactive lookup: 16, max shadow lookup: 16
current cycle = 2012194, last update cycle = 0, delta = 2012194
	load umon |	misses = 5332, hits= 1 0 0 0 0 0 0 1 0 0 0 2 0 2 14 24
	write umon |	misses = 2152, hits= 0 0 0 0 0 0 0 0 0 0 0 0 0 0 0 0
num evicts: 1200000, p: 30463, s: 466827 	 max proactive lookup: 16, max shadow lookup: 16
current cycle = 2162193, last update cycle = 0, delta = 2162193
	load umon |	misses = 5721, hits= 1 0 0 0 0 0 0 1 0 0 0 2 0 2 14 24
	write umon |	misses = 2344, hits= 0 0 0 0 0 0 0 0 0 0 0 0 0 0 0 0
num evicts: 1300000, p: 30897, s: 512738 	 max proactive lookup: 16, max shadow lookup: 16
current cycle = 2312193, last update cycle = 0, delta = 2312193
	load umon |	misses = 6116, hits= 1 0 0 0 0 0 0 1 0 0 0 2 0 2 14 24
	write umon |	misses = 2544, hits= 0 0 0 0 0 0 0 0 0 0 0 0 0 0 0 0
num evicts: 1400000, p: 31336, s: 558967 	 max proactive lookup: 16, max shadow lookup: 16
current cycle = 2462202, last update cycle = 0, delta = 2462202
	load umon |	misses = 6501, hits= 1 0 0 0 0 0 0 1 0 0 0 2 0 2 19 26
	write umon |	misses = 2736, hits= 0 0 0 0 0 0 0 0 0 0 0 0 0 0 0 0
num evicts: 1500000, p: 31711, s: 607701 	 max proactive lookup: 16, max shadow lookup: 16
current cycle = 2612213, last update cycle = 0, delta = 2612213
	load umon |	misses = 6896, hits= 1 0 0 0 0 0 0 1 0 0 0 2 1 2 24 28
	write umon |	misses = 2932, hits= 0 0 0 0 0 0 0 0 0 0 0 0 0 0 0 0
num evicts: 1600000, p: 31986, s: 656770 	 max proactive lookup: 16, max shadow lookup: 16
current cycle = 2762205, last update cycle = 0, delta = 2762205
	load umon |	misses = 7285, hits= 1 0 0 0 0 0 0 1 0 0 0 2 1 2 24 28
	write umon |	misses = 3129, hits= 0 0 0 0 0 0 0 0 0 0 0 0 0 0 0 0
num evicts: 1700000, p: 32176, s: 703631 	 max proactive lookup: 16, max shadow lookup: 16
current cycle = 2912206, last update cycle = 0, delta = 2912206
	load umon |	misses = 7671, hits= 1 0 0 0 0 0 0 1 0 0 0 2 1 2 24 28
	write umon |	misses = 3321, hits= 0 0 0 0 0 0 0 0 0 0 0 0 0 0 0 0
num evicts: 1800000, p: 32388, s: 749770 	 max proactive lookup: 16, max shadow lookup: 16
current cycle = 3062205, last update cycle = 0, delta = 3062205
	load umon |	misses = 8069, hits= 1 0 0 0 0 0 0 1 0 0 0 2 1 2 24 28
	write umon |	misses = 3520, hits= 0 0 0 0 0 0 0 0 0 0 0 0 0 0 0 0
num evicts: 1900000, p: 32647, s: 796246 	 max proactive lookup: 16, max shadow lookup: 16
current cycle = 3212214, last update cycle = 0, delta = 3212214
	load umon |	misses = 8456, hits= 1 0 0 0 0 0 0 1 0 0 0 2 1 2 30 29
	write umon |	misses = 3713, hits= 0 0 0 0 0 0 0 0 0 0 0 0 0 0 0 0
num evicts: 2000000, p: 32969, s: 843241 	 max proactive lookup: 16, max shadow lookup: 16
current cycle = 3362222, last update cycle = 0, delta = 3362222
	load umon |	misses = 8853, hits= 1 0 0 0 0 0 0 1 0 0 0 2 1 3 35 31
	write umon |	misses = 3912, hits= 0 0 0 0 0 0 0 0 0 0 0 0 0 0 0 0
num evicts: 2100000, p: 33248, s: 887841 	 max proactive lookup: 16, max shadow lookup: 16
current cycle = 3512225, last update cycle = 0, delta = 3512225
	load umon |	misses = 9238, hits= 1 0 0 0 0 0 0 1 0 0 0 2 1 3 35 31
	write umon |	misses = 4105, hits= 0 0 0 0 0 0 0 0 0 0 0 0 0 0 0 0
num evicts: 2200000, p: 33567, s: 931406 	 max proactive lookup: 16, max shadow lookup: 16
current cycle = 3662223, last update cycle = 0, delta = 3662223
	load umon |	misses = 9626, hits= 1 0 0 0 0 0 0 1 0 0 0 2 1 3 35 31
	write umon |	misses = 4298, hits= 0 0 0 0 0 0 0 0 0 0 0 0 0 0 0 0
num evicts: 2300000, p: 33906, s: 975265 	 max proactive lookup: 16, max shadow lookup: 16
current cycle = 3812222, last update cycle = 0, delta = 3812222
	load umon |	misses = 10022, hits= 1 0 0 0 0 0 0 1 0 0 0 2 1 3 35 31
	write umon |	misses = 4496, hits= 0 0 0 0 0 0 0 0 0 0 0 0 0 0 0 0
num evicts: 2400000, p: 34363, s: 1020825 	 max proactive lookup: 16, max shadow lookup: 16
current cycle = 3962222, last update cycle = 0, delta = 3962222
	load umon |	misses = 10407, hits= 1 0 0 0 0 0 0 1 0 0 0 2 1 3 35 31
	write umon |	misses = 4688, hits= 0 0 0 0 0 0 0 0 0 0 0 0 0 0 0 0
num evicts: 2500000, p: 34798, s: 1066593 	 max proactive lookup: 16, max shadow lookup: 16
current cycle = 4112251, last update cycle = 0, delta = 4112251
	load umon |	misses = 10807, hits= 1 0 0 0 0 0 0 1 0 0 0 2 1 4 46 34
	write umon |	misses = 4889, hits= 0 0 0 0 0 0 0 0 0 0 0 0 0 0 0 0
num evicts: 2600000, p: 35137, s: 1112703 	 max proactive lookup: 16, max shadow lookup: 16
current cycle = 4262236, last update cycle = 0, delta = 4262236
	load umon |	misses = 11192, hits= 1 0 0 0 0 0 0 1 0 0 0 2 1 4 46 34
	write umon |	misses = 5081, hits= 0 0 0 0 0 0 0 0 0 0 0 0 0 0 0 0
num evicts: 2700000, p: 35417, s: 1158147 	 max proactive lookup: 16, max shadow lookup: 16
current cycle = 4412236, last update cycle = 0, delta = 4412236
	load umon |	misses = 11585, hits= 1 0 0 0 0 0 0 1 0 0 0 2 1 4 46 34
	write umon |	misses = 5277, hits= 0 0 0 0 0 0 0 0 0 0 0 0 0 0 0 0
num evicts: 2800000, p: 35747, s: 1203425 	 max proactive lookup: 16, max shadow lookup: 16
current cycle = 4562237, last update cycle = 0, delta = 4562237
	load umon |	misses = 11975, hits= 1 0 0 0 0 0 0 1 0 0 0 2 1 4 46 34
	write umon |	misses = 5472, hits= 0 0 0 0 0 0 0 0 0 0 0 0 0 0 0 0
num evicts: 2900000, p: 36153, s: 1248636 	 max proactive lookup: 16, max shadow lookup: 16
current cycle = 4712237, last update cycle = 0, delta = 4712237
	load umon |	misses = 12362, hits= 1 0 0 0 0 0 0 1 0 0 0 2 1 4 46 34
	write umon |	misses = 5665, hits= 0 0 0 0 0 0 0 0 0 0 0 0 0 0 0 0
num evicts: 3000000, p: 36501, s: 1294920 	 max proactive lookup: 16, max shadow lookup: 16
current cycle = 4862246, last update cycle = 0, delta = 4862246
	load umon |	misses = 12760, hits= 1 0 0 0 0 0 0 1 0 0 0 2 1 4 52 35
	write umon |	misses = 5864, hits= 0 0 0 0 0 0 0 0 0 0 0 0 0 0 0 0
num evicts: 3100000, p: 36988, s: 1337101 	 max proactive lookup: 16, max shadow lookup: 16
current cycle = 5012251, last update cycle = 5000000, delta = 12251
	load umon |	misses = 6588, hits= 0 0 0 0 0 0 0 0 0 0 0 1 0 3 28 18
	write umon |	misses = 3036, hits= 0 0 0 0 0 0 0 0 0 0 0 0 0 0 0 0
num evicts: 3200000, p: 37365, s: 1377565 	 max proactive lookup: 16, max shadow lookup: 16
current cycle = 5162251, last update cycle = 5000000, delta = 162251
	load umon |	misses = 6987, hits= 0 0 0 0 0 0 0 0 0 0 0 1 0 3 28 18
	write umon |	misses = 3235, hits= 0 0 0 0 0 0 0 0 0 0 0 0 0 0 0 0
num evicts: 3300000, p: 38066, s: 1419752 	 max proactive lookup: 16, max shadow lookup: 16
current cycle = 5312251, last update cycle = 5000000, delta = 312251
	load umon |	misses = 7372, hits= 0 0 0 0 0 0 0 0 0 0 0 1 0 3 28 18
	write umon |	misses = 3427, hits= 0 0 0 0 0 0 0 0 0 0 0 0 0 0 0 0
num evicts: 3400000, p: 38831, s: 1463144 	 max proactive lookup: 16, max shadow lookup: 16
current cycle = 5462251, last update cycle = 5000000, delta = 462251
	load umon |	misses = 7760, hits= 0 0 0 0 0 0 0 0 0 0 0 1 0 3 28 18
	write umon |	misses = 3620, hits= 0 0 0 0 0 0 0 0 0 0 0 0 0 0 0 0
num evicts: 3500000, p: 39529, s: 1505729 	 max proactive lookup: 16, max shadow lookup: 16
current cycle = 5612264, last update cycle = 5000000, delta = 612264
	load umon |	misses = 8156, hits= 0 0 0 0 0 0 0 0 0 0 0 1 0 4 32 20
	write umon |	misses = 3819, hits= 0 0 0 0 0 0 0 0 0 0 0 0 0 0 0 0
num evicts: 3600000, p: 40089, s: 1547821 	 max proactive lookup: 16, max shadow lookup: 16
current cycle = 5762273, last update cycle = 5000000, delta = 762273
	load umon |	misses = 8543, hits= 0 0 0 0 0 0 0 0 0 0 0 1 0 7 34 23
	write umon |	misses = 4013, hits= 0 0 0 0 0 0 0 0 0 0 0 0 0 0 0 0
num evicts: 3700000, p: 40904, s: 1590755 	 max proactive lookup: 16, max shadow lookup: 16
current cycle = 5912264, last update cycle = 5000000, delta = 912264
	load umon |	misses = 8936, hits= 0 0 0 0 0 0 0 0 0 0 0 1 0 7 34 23
	write umon |	misses = 4208, hits= 0 0 0 0 0 0 0 0 0 0 0 0 0 0 0 0
Heartbeat CPU 1 instructions: 10000003 cycles: 5967100 heartbeat IPC: 1.676 cumulative IPC: 1.676 (Simulation time: 00 hr 26 min 27 sec)
Heartbeat CPU 2 instructions: 10000003 cycles: 5968532 heartbeat IPC: 1.675 cumulative IPC: 1.675 (Simulation time: 00 hr 26 min 27 sec)
Heartbeat CPU 3 instructions: 10000003 cycles: 5969038 heartbeat IPC: 1.675 cumulative IPC: 1.675 (Simulation time: 00 hr 26 min 27 sec)
Heartbeat CPU 4 instructions: 10000003 cycles: 5969119 heartbeat IPC: 1.675 cumulative IPC: 1.675 (Simulation time: 00 hr 26 min 27 sec)
Heartbeat CPU 5 instructions: 10000003 cycles: 5969368 heartbeat IPC: 1.675 cumulative IPC: 1.675 (Simulation time: 00 hr 26 min 27 sec)
Heartbeat CPU 6 instructions: 10000003 cycles: 5969600 heartbeat IPC: 1.675 cumulative IPC: 1.675 (Simulation time: 00 hr 26 min 27 sec)
Heartbeat CPU 7 instructions: 10000003 cycles: 5969864 heartbeat IPC: 1.675 cumulative IPC: 1.675 (Simulation time: 00 hr 26 min 27 sec)
Heartbeat CPU 0 instructions: 10000003 cycles: 5970042 heartbeat IPC: 1.675 cumulative IPC: 1.675 (Simulation time: 00 hr 26 min 27 sec)
num evicts: 3800000, p: 41497, s: 1635678 	 max proactive lookup: 16, max shadow lookup: 16
current cycle = 6062265, last update cycle = 5000000, delta = 1062265
	load umon |	misses = 9324, hits= 0 0 0 0 0 0 0 0 0 0 0 1 0 7 34 23
	write umon |	misses = 4403, hits= 0 0 0 0 0 0 0 0 0 0 0 0 0 0 0 0
num evicts: 3900000, p: 42164, s: 1680373 	 max proactive lookup: 16, max shadow lookup: 16
current cycle = 6212264, last update cycle = 5000000, delta = 1212264
	load umon |	misses = 9716, hits= 0 0 0 0 0 0 0 0 0 0 0 1 0 7 34 23
	write umon |	misses = 4596, hits= 0 0 0 0 0 0 0 0 0 0 0 0 0 0 0 0
num evicts: 4000000, p: 42711, s: 1725223 	 max proactive lookup: 16, max shadow lookup: 16
current cycle = 6362272, last update cycle = 5000000, delta = 1362272
	load umon |	misses = 10109, hits= 0 0 0 0 0 0 0 0 0 0 0 1 0 8 38 25
	write umon |	misses = 4795, hits= 0 0 0 0 0 0 0 0 0 0 0 0 0 0 0 0
num evicts: 4100000, p: 43185, s: 1770547 	 max proactive lookup: 16, max shadow lookup: 16
current cycle = 6512280, last update cycle = 5000000, delta = 1512280
	load umon |	misses = 10498, hits= 0 0 0 0 0 0 0 0 0 0 0 1 0 10 43 26
	write umon |	misses = 4989, hits= 0 0 0 0 0 0 0 0 0 0 0 0 0 0 0 0
num evicts: 4200000, p: 43551, s: 1815872 	 max proactive lookup: 16, max shadow lookup: 16
current cycle = 6662280, last update cycle = 5000000, delta = 1662280
	load umon |	misses = 10891, hits= 0 0 0 0 0 0 0 0 0 0 0 1 0 10 43 26
	write umon |	misses = 5186, hits= 0 0 0 0 0 0 0 0 0 0 0 0 0 0 0 0
num evicts: 4300000, p: 43954, s: 1860026 	 max proactive lookup: 16, max shadow lookup: 16
current cycle = 6812281, last update cycle = 5000000, delta = 1812281
	load umon |	misses = 11277, hits= 0 0 0 0 0 0 0 0 0 0 0 1 0 10 43 26
	write umon |	misses = 5379, hits= 0 0 0 0 0 0 0 0 0 0 0 0 0 0 0 0
num evicts: 4400000, p: 44296, s: 1904234 	 max proactive lookup: 16, max shadow lookup: 16
current cycle = 6962280, last update cycle = 5000000, delta = 1962280
	load umon |	misses = 11672, hits= 0 0 0 0 0 0 0 0 0 0 0 1 0 10 43 26
	write umon |	misses = 5574, hits= 0 0 0 0 0 0 0 0 0 0 0 0 0 0 0 0
num evicts: 4500000, p: 44679, s: 1948773 	 max proactive lookup: 16, max shadow lookup: 16
current cycle = 7112280, last update cycle = 5000000, delta = 2112280
	load umon |	misses = 12061, hits= 0 0 0 0 0 0 0 0 0 0 0 1 0 10 43 26
	write umon |	misses = 5771, hits= 0 0 0 0 0 0 0 0 0 0 0 0 0 0 0 0
num evicts: 4600000, p: 45066, s: 1993443 	 max proactive lookup: 16, max shadow lookup: 16
current cycle = 7262303, last update cycle = 5000000, delta = 2262303
	load umon |	misses = 12453, hits= 0 0 0 0 0 0 0 0 0 0 0 1 0 13 52 29
	write umon |	misses = 5965, hits= 0 0 0 0 0 0 0 0 0 0 0 0 0 0 0 0
num evicts: 4700000, p: 45397, s: 2038999 	 max proactive lookup: 16, max shadow lookup: 16
current cycle = 7412294, last update cycle = 5000000, delta = 2412294
	load umon |	misses = 12846, hits= 0 0 0 0 0 0 0 0 0 0 0 1 0 13 52 29
	write umon |	misses = 6164, hits= 0 0 0 0 0 0 0 0 0 0 0 0 0 0 0 0
num evicts: 4800000, p: 45743, s: 2084981 	 max proactive lookup: 16, max shadow lookup: 16
current cycle = 7562294, last update cycle = 5000000, delta = 2562294
	load umon |	misses = 13232, hits= 0 0 0 0 0 0 0 0 0 0 0 1 0 13 52 29
	write umon |	misses = 6356, hits= 0 0 0 0 0 0 0 0 0 0 0 0 0 0 0 0
num evicts: 4900000, p: 46084, s: 2131409 	 max proactive lookup: 16, max shadow lookup: 16
current cycle = 7712294, last update cycle = 5000000, delta = 2712294
	load umon |	misses = 13628, hits= 0 0 0 0 0 0 0 0 0 0 0 1 0 13 52 29
	write umon |	misses = 6553, hits= 0 0 0 0 0 0 0 0 0 0 0 0 0 0 0 0
num evicts: 5000000, p: 46405, s: 2178252 	 max proactive lookup: 16, max shadow lookup: 16
current cycle = 7862295, last update cycle = 5000000, delta = 2862295
	load umon |	misses = 14014, hits= 0 0 0 0 0 0 0 0 0 0 0 1 0 13 52 29
	write umon |	misses = 6747, hits= 0 0 0 0 0 0 0 0 0 0 0 0 0 0 0 0
num evicts: 5100000, p: 46760, s: 2224424 	 max proactive lookup: 16, max shadow lookup: 16
current cycle = 8012301, last update cycle = 5000000, delta = 3012301
	load umon |	misses = 14403, hits= 0 0 0 0 0 0 0 0 0 0 0 1 0 14 57 30
	write umon |	misses = 6941, hits= 0 0 0 0 0 0 0 0 0 0 0 0 0 0 0 0
num evicts: 5200000, p: 47095, s: 2271539 	 max proactive lookup: 16, max shadow lookup: 16
current cycle = 8162308, last update cycle = 5000000, delta = 3162308
	load umon |	misses = 14799, hits= 0 0 0 0 0 0 0 0 0 0 0 1 0 15 63 31
	write umon |	misses = 7140, hits= 0 0 0 0 0 0 0 0 0 0 0 0 0 0 0 0
num evicts: 5300000, p: 47317, s: 2319334 	 max proactive lookup: 16, max shadow lookup: 16
current cycle = 8312307, last update cycle = 5000000, delta = 3312307
	load umon |	misses = 15185, hits= 0 0 0 0 0 0 0 0 0 0 0 1 0 15 63 31
	write umon |	misses = 7332, hits= 0 0 0 0 0 0 0 0 0 0 0 0 0 0 0 0
num evicts: 5400000, p: 47657, s: 2366833 	 max proactive lookup: 16, max shadow lookup: 16
current cycle = 8462308, last update cycle = 5000000, delta = 3462308
	load umon |	misses = 15583, hits= 0 0 0 0 0 0 0 0 0 0 0 1 0 15 63 31
	write umon |	misses = 7531, hits= 0 0 0 0 0 0 0 0 0 0 0 0 0 0 0 0
num evicts: 5500000, p: 47878, s: 2413223 	 max proactive lookup: 16, max shadow lookup: 16
current cycle = 8612308, last update cycle = 5000000, delta = 3612308
	load umon |	misses = 15968, hits= 0 0 0 0 0 0 0 0 0 0 0 1 0 15 63 31
	write umon |	misses = 7723, hits= 0 0 0 0 0 0 0 0 0 0 0 0 0 0 0 0
num evicts: 5600000, p: 48153, s: 2460108 	 max proactive lookup: 16, max shadow lookup: 16
current cycle = 8762318, last update cycle = 5000000, delta = 3762318
	load umon |	misses = 16362, hits= 0 0 0 0 0 0 0 0 0 0 0 1 0 15 69 32
	write umon |	misses = 7920, hits= 0 0 0 0 0 0 0 0 0 0 0 0 0 0 0 0
num evicts: 5700000, p: 48405, s: 2507473 	 max proactive lookup: 16, max shadow lookup: 16
current cycle = 8912322, last update cycle = 5000000, delta = 3912322
	load umon |	misses = 16752, hits= 0 0 0 0 0 0 0 0 0 0 0 1 0 17 74 33
	write umon |	misses = 8116, hits= 0 0 0 0 0 0 0 0 0 0 0 0 0 0 0 0
num evicts: 5800000, p: 48610, s: 2553902 	 max proactive lookup: 16, max shadow lookup: 16
current cycle = 9062321, last update cycle = 5000000, delta = 4062321
	load umon |	misses = 17139, hits= 0 0 0 0 0 0 0 0 0 0 0 1 0 17 74 33
	write umon |	misses = 8309, hits= 0 0 0 0 0 0 0 0 0 0 0 0 0 0 0 0
num evicts: 5900000, p: 49036, s: 2600229 	 max proactive lookup: 16, max shadow lookup: 16
current cycle = 9212321, last update cycle = 5000000, delta = 4212321
	load umon |	misses = 17536, hits= 0 0 0 0 0 0 0 0 0 0 0 1 0 17 74 33
	write umon |	misses = 8507, hits= 0 0 0 0 0 0 0 0 0 0 0 0 0 0 0 0
num evicts: 6000000, p: 49357, s: 2646971 	 max proactive lookup: 16, max shadow lookup: 16
current cycle = 9362321, last update cycle = 5000000, delta = 4362321
	load umon |	misses = 17921, hits= 0 0 0 0 0 0 0 0 0 0 0 1 0 17 74 33
	write umon |	misses = 8699, hits= 0 0 0 0 0 0 0 0 0 0 0 0 0 0 0 0
num evicts: 6100000, p: 49699, s: 2693443 	 max proactive lookup: 16, max shadow lookup: 16
current cycle = 9512331, last update cycle = 5000000, delta = 4512331
	load umon |	misses = 18321, hits= 0 0 0 0 0 0 0 0 0 0 0 1 0 17 80 34
	write umon |	misses = 8899, hits= 0 0 0 0 0 0 0 0 0 0 0 0 0 0 0 0
num evicts: 6200000, p: 50168, s: 2739843 	 max proactive lookup: 16, max shadow lookup: 16
current cycle = 9662339, last update cycle = 5000000, delta = 4662339
	load umon |	misses = 18706, hits= 0 0 0 0 0 0 0 0 0 0 0 1 0 19 84 36
	write umon |	misses = 9092, hits= 0 0 0 0 0 0 0 0 0 0 0 0 0 0 0 0
num evicts: 6300000, p: 50451, s: 2786478 	 max proactive lookup: 16, max shadow lookup: 16
current cycle = 9812336, last update cycle = 5000000, delta = 4812336
	load umon |	misses = 19094, hits= 0 0 0 0 0 0 0 0 0 0 0 1 0 19 84 36
	write umon |	misses = 9285, hits= 0 0 0 0 0 0 0 0 0 0 0 0 0 0 0 0
num evicts: 6400000, p: 50781, s: 2832920 	 max proactive lookup: 16, max shadow lookup: 16
current cycle = 9962336, last update cycle = 5000000, delta = 4962336
	load umon |	misses = 19489, hits= 0 0 0 0 0 0 0 0 0 0 0 1 0 19 84 36
	write umon |	misses = 9483, hits= 0 0 0 0 0 0 0 0 0 0 0 0 0 0 0 0
num evicts: 6500000, p: 51110, s: 2879029 	 max proactive lookup: 16, max shadow lookup: 16
current cycle = 10112336, last update cycle = 10000001, delta = 112335
	load umon |	misses = 10082, hits= 0 0 0 0 0 0 0 0 0 0 0 0 0 9 42 18
	write umon |	misses = 4909, hits= 0 0 0 0 0 0 0 0 0 0 0 0 0 0 0 0
num evicts: 6600000, p: 51399, s: 2924787 	 max proactive lookup: 16, max shadow lookup: 16
current cycle = 10262362, last update cycle = 10000001, delta = 262361
	load umon |	misses = 10481, hits= 0 0 0 0 0 0 0 0 0 0 0 0 0 9 48 19
	write umon |	misses = 5109, hits= 0 0 0 0 0 0 0 0 0 0 0 0 0 0 0 0
num evicts: 6700000, p: 51799, s: 2970990 	 max proactive lookup: 16, max shadow lookup: 16
current cycle = 10412353, last update cycle = 10000001, delta = 412352
	load umon |	misses = 10866, hits= 0 0 0 0 0 0 0 0 0 0 0 0 0 10 54 20
	write umon |	misses = 5302, hits= 0 0 0 0 0 0 0 0 0 0 0 0 0 0 0 0
num evicts: 6800000, p: 52182, s: 3016758 	 max proactive lookup: 16, max shadow lookup: 16
current cycle = 10562352, last update cycle = 10000001, delta = 562351
	load umon |	misses = 11257, hits= 0 0 0 0 0 0 0 0 0 0 0 0 0 10 54 20
	write umon |	misses = 5495, hits= 0 0 0 0 0 0 0 0 0 0 0 0 0 0 0 0
num evicts: 6900000, p: 52563, s: 3062294 	 max proactive lookup: 16, max shadow lookup: 16
current cycle = 10712352, last update cycle = 10000001, delta = 712351
	load umon |	misses = 11649, hits= 0 0 0 0 0 0 0 0 0 0 0 0 0 10 54 20
	write umon |	misses = 5693, hits= 0 0 0 0 0 0 0 0 0 0 0 0 0 0 0 0
num evicts: 7000000, p: 52964, s: 3108894 	 max proactive lookup: 16, max shadow lookup: 16
current cycle = 10862352, last update cycle = 10000001, delta = 862351
	load umon |	misses = 12038, hits= 0 0 0 0 0 0 0 0 0 0 0 0 0 10 54 20
	write umon |	misses = 5886, hits= 0 0 0 0 0 0 0 0 0 0 0 0 0 0 0 0
num evicts: 7100000, p: 53223, s: 3155677 	 max proactive lookup: 16, max shadow lookup: 16
current cycle = 11012352, last update cycle = 10000001, delta = 1012351
	load umon |	misses = 12431, hits= 0 0 0 0 0 0 0 0 0 0 0 0 0 10 54 20
	write umon |	misses = 6083, hits= 0 0 0 0 0 0 0 0 0 0 0 0 0 0 0 0
num evicts: 7200000, p: 53596, s: 3201459 	 max proactive lookup: 16, max shadow lookup: 16
current cycle = 11162358, last update cycle = 10000001, delta = 1162357
	load umon |	misses = 12818, hits= 0 0 0 0 0 0 0 0 0 0 0 0 0 11 58 22
	write umon |	misses = 6277, hits= 0 0 0 0 0 0 0 0 0 0 0 0 0 0 0 0
num evicts: 7300000, p: 53922, s: 3248639 	 max proactive lookup: 16, max shadow lookup: 16
current cycle = 11312367, last update cycle = 10000001, delta = 1312366
	load umon |	misses = 13213, hits= 0 0 0 0 0 0 0 0 0 0 0 0 0 12 64 23
	write umon |	misses = 6473, hits= 0 0 0 0 0 0 0 0 0 0 0 0 0 0 0 0
num evicts: 7400000, p: 54326, s: 3296246 	 max proactive lookup: 16, max shadow lookup: 16
current cycle = 11462367, last update cycle = 10000001, delta = 1462366
	load umon |	misses = 13602, hits= 0 0 0 0 0 0 0 0 0 0 0 0 0 12 64 23
	write umon |	misses = 6669, hits= 0 0 0 0 0 0 0 0 0 0 0 0 0 0 0 0
num evicts: 7500000, p: 54736, s: 3342043 	 max proactive lookup: 16, max shadow lookup: 16
current cycle = 11612369, last update cycle = 10000001, delta = 1612368
	load umon |	misses = 13993, hits= 0 0 0 0 0 0 0 0 0 0 0 0 0 12 64 23
	write umon |	misses = 6862, hits= 0 0 0 0 0 0 0 0 0 0 0 0 0 0 0 0
num evicts: 7600000, p: 55091, s: 3388909 	 max proactive lookup: 16, max shadow lookup: 16
current cycle = 11762367, last update cycle = 10000001, delta = 1762366
	load umon |	misses = 14386, hits= 0 0 0 0 0 0 0 0 0 0 0 0 0 12 64 23
	write umon |	misses = 7061, hits= 0 0 0 0 0 0 0 0 0 0 0 0 0 0 0 0
num evicts: 7700000, p: 55446, s: 3434985 	 max proactive lookup: 16, max shadow lookup: 16
current cycle = 11912373, last update cycle = 10000001, delta = 1912372
	load umon |	misses = 14773, hits= 0 0 0 0 0 0 0 0 0 0 0 0 0 13 68 25
	write umon |	misses = 7254, hits= 0 0 0 0 0 0 0 0 0 0 0 0 0 0 0 0
Heartbeat CPU 1 instructions: 20000003 cycles: 11967244 heartbeat IPC: 1.667 cumulative IPC: 1.671 (Simulation time: 00 hr 52 min 10 sec)
Heartbeat CPU 2 instructions: 20000003 cycles: 11968557 heartbeat IPC: 1.667 cumulative IPC: 1.671 (Simulation time: 00 hr 52 min 10 sec)
Heartbeat CPU 3 instructions: 20000003 cycles: 11968966 heartbeat IPC: 1.667 cumulative IPC: 1.671 (Simulation time: 00 hr 52 min 10 sec)
Heartbeat CPU 4 instructions: 20000003 cycles: 11969326 heartbeat IPC: 1.667 cumulative IPC: 1.671 (Simulation time: 00 hr 52 min 10 sec)
Heartbeat CPU 5 instructions: 20000003 cycles: 11969535 heartbeat IPC: 1.667 cumulative IPC: 1.671 (Simulation time: 00 hr 52 min 10 sec)
Heartbeat CPU 6 instructions: 20000003 cycles: 11969727 heartbeat IPC: 1.667 cumulative IPC: 1.671 (Simulation time: 00 hr 52 min 10 sec)
Heartbeat CPU 7 instructions: 20000003 cycles: 11970017 heartbeat IPC: 1.667 cumulative IPC: 1.671 (Simulation time: 00 hr 52 min 11 sec)
Heartbeat CPU 0 instructions: 20000003 cycles: 11970202 heartbeat IPC: 1.667 cumulative IPC: 1.671 (Simulation time: 00 hr 52 min 11 sec)
num evicts: 7800000, p: 55780, s: 3481428 	 max proactive lookup: 16, max shadow lookup: 16
current cycle = 12062380, last update cycle = 10000001, delta = 2062379
	load umon |	misses = 15168, hits= 0 0 0 0 0 0 0 0 0 0 0 0 0 15 72 27
	write umon |	misses = 7451, hits= 0 0 0 0 0 0 0 0 0 0 0 0 0 0 0 0
num evicts: 7900000, p: 56121, s: 3528867 	 max proactive lookup: 16, max shadow lookup: 16
current cycle = 12212380, last update cycle = 10000001, delta = 2212379
	load umon |	misses = 15555, hits= 0 0 0 0 0 0 0 0 0 0 0 0 0 15 72 27
	write umon |	misses = 7646, hits= 0 0 0 0 0 0 0 0 0 0 0 0 0 0 0 0
num evicts: 8000000, p: 56423, s: 3575043 	 max proactive lookup: 16, max shadow lookup: 16
current cycle = 12362380, last update cycle = 10000001, delta = 2362379
	load umon |	misses = 15945, hits= 0 0 0 0 0 0 0 0 0 0 0 0 0 15 72 27
	write umon |	misses = 7840, hits= 0 0 0 0 0 0 0 0 0 0 0 0 0 0 0 0
num evicts: 8100000, p: 56682, s: 3621972 	 max proactive lookup: 16, max shadow lookup: 16
current cycle = 12512380, last update cycle = 10000001, delta = 2512379
	load umon |	misses = 16339, hits= 0 0 0 0 0 0 0 0 0 0 0 0 0 15 72 27
	write umon |	misses = 8037, hits= 0 0 0 0 0 0 0 0 0 0 0 0 0 0 0 0
num evicts: 8200000, p: 56964, s: 3668745 	 max proactive lookup: 16, max shadow lookup: 16
current cycle = 12662390, last update cycle = 10000001, delta = 2662389
	load umon |	misses = 16726, hits= 0 0 0 0 0 0 0 0 0 0 0 0 0 16 77 28
	write umon |	misses = 8230, hits= 0 0 0 0 0 0 0 0 0 0 0 0 0 0 0 0
num evicts: 8300000, p: 57241, s: 3714487 	 max proactive lookup: 16, max shadow lookup: 16
current cycle = 12812404, last update cycle = 10000001, delta = 2812403
	load umon |	misses = 17124, hits= 0 0 0 0 0 0 0 0 0 0 0 0 0 17 82 30
	write umon |	misses = 8430, hits= 0 0 0 0 0 0 0 0 0 0 0 0 0 0 0 0
num evicts: 8400000, p: 57508, s: 3761690 	 max proactive lookup: 16, max shadow lookup: 16
current cycle = 12962397, last update cycle = 10000001, delta = 2962396
	load umon |	misses = 17509, hits= 0 0 0 0 0 0 0 0 0 0 0 0 0 17 82 30
	write umon |	misses = 8622, hits= 0 0 0 0 0 0 0 0 0 0 0 0 0 0 0 0
num evicts: 8500000, p: 57801, s: 3808315 	 max proactive lookup: 16, max shadow lookup: 16
current cycle = 13112396, last update cycle = 10000001, delta = 3112395
	load umon |	misses = 17900, hits= 0 0 0 0 0 0 0 0 0 0 0 0 0 17 82 30
	write umon |	misses = 8817, hits= 0 0 0 0 0 0 0 0 0 0 0 0 0 0 0 0
num evicts: 8600000, p: 58035, s: 3855162 	 max proactive lookup: 16, max shadow lookup: 16
current cycle = 13262398, last update cycle = 10000001, delta = 3262397
	load umon |	misses = 18292, hits= 0 0 0 0 0 0 0 0 0 0 0 0 0 17 82 30
	write umon |	misses = 9013, hits= 0 0 0 0 0 0 0 0 0 0 0 0 0 0 0 0
num evicts: 8700000, p: 58265, s: 3902152 	 max proactive lookup: 16, max shadow lookup: 16
current cycle = 13412407, last update cycle = 10000001, delta = 3412406
	load umon |	misses = 18681, hits= 0 0 0 0 0 0 0 0 0 0 0 0 0 18 86 32
	write umon |	misses = 9207, hits= 0 0 0 0 0 0 0 0 0 0 0 0 0 0 0 0
num evicts: 8800000, p: 58496, s: 3948421 	 max proactive lookup: 16, max shadow lookup: 16
current cycle = 13562412, last update cycle = 10000001, delta = 3562411
	load umon |	misses = 19077, hits= 0 0 0 0 0 0 0 0 0 0 0 0 0 20 91 33
	write umon |	misses = 9406, hits= 0 0 0 0 0 0 0 0 0 0 0 0 0 0 0 0
num evicts: 8900000, p: 58709, s: 3990619 	 max proactive lookup: 16, max shadow lookup: 16
current cycle = 13712411, last update cycle = 10000001, delta = 3712410
	load umon |	misses = 19462, hits= 0 0 0 0 0 0 0 0 0 0 0 0 0 20 91 33
	write umon |	misses = 9598, hits= 0 0 0 0 0 0 0 0 0 0 0 0 0 0 0 0
num evicts: 9000000, p: 59102, s: 4033730 	 max proactive lookup: 16, max shadow lookup: 16
current cycle = 13862412, last update cycle = 10000001, delta = 3862411
	load umon |	misses = 19859, hits= 0 0 0 0 0 0 0 0 0 0 0 0 0 20 91 33
	write umon |	misses = 9796, hits= 0 0 0 0 0 0 0 0 0 0 0 0 0 0 0 0
num evicts: 9100000, p: 59738, s: 4077407 	 max proactive lookup: 16, max shadow lookup: 16
current cycle = 14012411, last update cycle = 10000001, delta = 4012410
	load umon |	misses = 20246, hits= 0 0 0 0 0 0 0 0 0 0 0 0 0 20 91 33
	write umon |	misses = 9989, hits= 0 0 0 0 0 0 0 0 0 0 0 0 0 0 0 0
num evicts: 9200000, p: 60146, s: 4119198 	 max proactive lookup: 16, max shadow lookup: 16
current cycle = 14162411, last update cycle = 10000001, delta = 4162410
	load umon |	misses = 20634, hits= 0 0 0 0 0 0 0 0 0 0 0 0 0 20 91 33
	write umon |	misses = 10182, hits= 0 0 0 0 0 0 0 0 0 0 0 0 0 0 0 0
num evicts: 9300000, p: 60770, s: 4165302 	 max proactive lookup: 16, max shadow lookup: 16
current cycle = 14312416, last update cycle = 10000001, delta = 4312415
	load umon |	misses = 21030, hits= 0 0 0 0 0 0 0 0 0 0 0 0 0 21 95 35
	write umon |	misses = 10381, hits= 0 0 0 0 0 0 0 0 0 0 0 0 0 0 0 0
num evicts: 9400000, p: 61540, s: 4207865 	 max proactive lookup: 16, max shadow lookup: 16
current cycle = 14462425, last update cycle = 10000001, delta = 4462424
	load umon |	misses = 21416, hits= 0 0 0 0 0 0 0 0 0 0 0 0 0 23 99 37
	write umon |	misses = 10574, hits= 0 0 0 0 0 0 0 0 0 0 0 0 0 0 0 0
num evicts: 9500000, p: 62034, s: 4247390 	 max proactive lookup: 16, max shadow lookup: 16
current cycle = 14612425, last update cycle = 10000001, delta = 4612424
	load umon |	misses = 21814, hits= 0 0 0 0 0 0 0 0 0 0 0 0 0 23 99 37
	write umon |	misses = 10773, hits= 0 0 0 0 0 0 0 0 0 0 0 0 0 0 0 0
num evicts: 9600000, p: 62839, s: 4288136 	 max proactive lookup: 16, max shadow lookup: 16
current cycle = 14762425, last update cycle = 10000001, delta = 4762424
	load umon |	misses = 22199, hits= 0 0 0 0 0 0 0 0 0 0 0 0 0 23 99 37
	write umon |	misses = 10965, hits= 0 0 0 0 0 0 0 0 0 0 0 0 0 0 0 0
num evicts: 9700000, p: 63583, s: 4329120 	 max proactive lookup: 16, max shadow lookup: 16
current cycle = 14912426, last update cycle = 10000001, delta = 4912425
	load umon |	misses = 22589, hits= 0 0 0 0 0 0 0 0 0 0 0 0 0 23 99 37
	write umon |	misses = 11158, hits= 0 0 0 0 0 0 0 0 0 0 0 0 0 0 0 0
Warmup finished CPU 1 instructions: 25000003 cycles: 14967396 cumulative IPC: 1.67 (Simulation time: 01 hr 04 min 16 sec)
Warmup finished CPU 2 instructions: 25000003 cycles: 14968597 cumulative IPC: 1.67 (Simulation time: 01 hr 04 min 16 sec)
Warmup finished CPU 3 instructions: 25000003 cycles: 14968950 cumulative IPC: 1.67 (Simulation time: 01 hr 04 min 16 sec)
Warmup finished CPU 4 instructions: 25000003 cycles: 14969374 cumulative IPC: 1.67 (Simulation time: 01 hr 04 min 16 sec)
Warmup finished CPU 5 instructions: 25000003 cycles: 14969528 cumulative IPC: 1.67 (Simulation time: 01 hr 04 min 16 sec)
Warmup finished CPU 6 instructions: 25000003 cycles: 14969791 cumulative IPC: 1.67 (Simulation time: 01 hr 04 min 16 sec)
Warmup finished CPU 7 instructions: 25000003 cycles: 14970104 cumulative IPC: 1.67 (Simulation time: 01 hr 04 min 16 sec)
Warmup finished CPU 0 instructions: 25000003 cycles: 14970283 cumulative IPC: 1.67 (Simulation time: 01 hr 04 min 16 sec)
Warmup complete CPU 7 instructions: 25000293 cycles: 14970283 cumulative IPC: 1.67 (Simulation time: 01 hr 04 min 16 sec)
Warmup complete CPU 6 instructions: 25000813 cycles: 14970283 cumulative IPC: 1.67 (Simulation time: 01 hr 04 min 16 sec)
Warmup complete CPU 5 instructions: 25001253 cycles: 14970283 cumulative IPC: 1.67 (Simulation time: 01 hr 04 min 16 sec)
Warmup complete CPU 4 instructions: 25001503 cycles: 14970283 cumulative IPC: 1.67 (Simulation time: 01 hr 04 min 16 sec)
Warmup complete CPU 3 instructions: 25002213 cycles: 14970283 cumulative IPC: 1.67 (Simulation time: 01 hr 04 min 16 sec)
Warmup complete CPU 2 instructions: 25002813 cycles: 14970283 cumulative IPC: 1.67 (Simulation time: 01 hr 04 min 16 sec)
Warmup complete CPU 1 instructions: 25004813 cycles: 14970283 cumulative IPC: 1.67 (Simulation time: 01 hr 04 min 16 sec)
Warmup complete CPU 0 instructions: 25000003 cycles: 14970283 cumulative IPC: 1.67 (Simulation time: 01 hr 04 min 16 sec)
num evicts: 9800000, p: 64222, s: 4370140 	 max proactive lookup: 16, max shadow lookup: 16
current cycle = 15690288, last update cycle = 15000008, delta = 690280
	load umon |	misses = 11607, hits= 0 0 0 0 0 0 0 0 0 0 0 0 0 12 54 19
	write umon |	misses = 5738, hits= 0 0 0 0 0 0 0 0 0 0 0 0 0 0 0 0
num evicts: 9900000, p: 64908, s: 4414177 	 max proactive lookup: 16, max shadow lookup: 16
current cycle = 16881187, last update cycle = 15000008, delta = 1881179
	load umon |	misses = 11997, hits= 0 0 0 0 0 0 0 0 0 0 0 0 0 12 62 19
	write umon |	misses = 5933, hits= 0 0 0 0 0 0 0 0 0 0 0 0 0 0 0 0
num evicts: 10000000, p: 65526, s: 4458541 	 max proactive lookup: 16, max shadow lookup: 16
current cycle = 18070604, last update cycle = 15000008, delta = 3070596
	load umon |	misses = 12387, hits= 0 0 0 0 0 0 0 0 0 0 0 0 0 12 62 19
	write umon |	misses = 6128, hits= 0 0 0 0 0 0 0 0 0 0 0 0 0 0 0 0
num evicts: 10100000, p: 66130, s: 4501175 	 max proactive lookup: 16, max shadow lookup: 16
current cycle = 19246589, last update cycle = 15000008, delta = 4246581
	load umon |	misses = 12779, hits= 0 0 0 0 0 0 0 0 0 0 0 0 0 12 62 19
	write umon |	misses = 6323, hits= 0 0 0 0 0 0 0 0 0 0 0 0 0 0 0 0
num evicts: 10200000, p: 66756, s: 4546390 	 max proactive lookup: 16, max shadow lookup: 16
current cycle = 20421217, last update cycle = 20000067, delta = 421150
	load umon |	misses = 6652, hits= 0 0 0 0 0 0 0 0 0 0 0 0 0 6 31 9
	write umon |	misses = 3293, hits= 0 0 0 0 0 0 0 0 0 0 0 0 0 0 0 0
num evicts: 10300000, p: 67305, s: 4590479 	 max proactive lookup: 16, max shadow lookup: 16
current cycle = 21584454, last update cycle = 20000067, delta = 1584387
	load umon |	misses = 7045, hits= 0 0 0 0 0 0 0 0 0 0 0 0 0 6 38 9
	write umon |	misses = 3490, hits= 0 0 0 0 0 0 0 0 0 0 0 0 0 0 0 0
num evicts: 10400000, p: 67812, s: 4633341 	 max proactive lookup: 16, max shadow lookup: 16
current cycle = 22734418, last update cycle = 20000067, delta = 2734351
	load umon |	misses = 7439, hits= 0 0 0 0 0 0 0 0 0 0 0 0 0 7 43 11
	write umon |	misses = 3688, hits= 0 0 0 0 0 0 0 0 0 0 0 0 0 0 0 0
num evicts: 10500000, p: 68508, s: 4676670 	 max proactive lookup: 16, max shadow lookup: 16
current cycle = 23884552, last update cycle = 20000067, delta = 3884485
	load umon |	misses = 7826, hits= 0 0 0 0 0 0 0 0 0 0 0 0 0 7 43 11
	write umon |	misses = 3880, hits= 0 0 0 0 0 0 0 0 0 0 0 0 0 0 0 0
num evicts: 10600000, p: 69110, s: 4719062 	 max proactive lookup: 16, max shadow lookup: 16
current cycle = 25035238, last update cycle = 25000087, delta = 35151
	load umon |	misses = 4113, hits= 0 0 0 0 0 0 0 0 0 0 0 0 0 3 21 5
	write umon |	misses = 2040, hits= 0 0 0 0 0 0 0 0 0 0 0 0 0 0 0 0
num evicts: 10700000, p: 69649, s: 4762660 	 max proactive lookup: 16, max shadow lookup: 16
current cycle = 26190699, last update cycle = 25000087, delta = 1190612
	load umon |	misses = 4506, hits= 0 0 0 0 0 0 0 0 0 0 0 0 0 3 21 5
	write umon |	misses = 2236, hits= 0 0 0 0 0 0 0 0 0 0 0 0 0 0 0 0
num evicts: 10800000, p: 70364, s: 4803973 	 max proactive lookup: 16, max shadow lookup: 16
current cycle = 27341181, last update cycle = 25000087, delta = 2341094
	load umon |	misses = 4900, hits= 0 0 0 0 0 0 0 0 0 0 0 0 0 3 28 5
	write umon |	misses = 2433, hits= 0 0 0 0 0 0 0 0 0 0 0 0 0 0 0 0
num evicts: 10900000, p: 71036, s: 4843292 	 max proactive lookup: 16, max shadow lookup: 16
current cycle = 28499962, last update cycle = 25000087, delta = 3499875
	load umon |	misses = 5287, hits= 0 0 0 0 0 0 0 0 0 0 0 0 0 3 36 5
	write umon |	misses = 2626, hits= 0 0 0 0 0 0 0 0 0 0 0 0 0 0 0 0
num evicts: 11000000, p: 71993, s: 4886803 	 max proactive lookup: 16, max shadow lookup: 16
current cycle = 29678473, last update cycle = 25000087, delta = 4678386
	load umon |	misses = 5680, hits= 0 0 0 0 0 0 0 0 0 0 0 0 0 3 36 5
	write umon |	misses = 2823, hits= 0 0 0 0 0 0 0 0 0 0 0 0 0 0 0 0
num evicts: 11100000, p: 72678, s: 4931986 	 max proactive lookup: 16, max shadow lookup: 16
current cycle = 30861577, last update cycle = 30000098, delta = 861479
	load umon |	misses = 3174, hits= 0 0 0 0 0 0 0 0 0 0 0 0 0 1 18 2
	write umon |	misses = 1578, hits= 0 0 0 0 0 0 0 0 0 0 0 0 0 0 0 0
num evicts: 11200000, p: 73161, s: 4976149 	 max proactive lookup: 16, max shadow lookup: 16
current cycle = 32033037, last update cycle = 30000098, delta = 2032939
	load umon |	misses = 3568, hits= 0 0 0 0 0 0 0 0 0 0 0 0 0 1 18 2
	write umon |	misses = 1774, hits= 0 0 0 0 0 0 0 0 0 0 0 0 0 0 0 0
num evicts: 11300000, p: 73515, s: 5020981 	 max proactive lookup: 16, max shadow lookup: 16
current cycle = 33193502, last update cycle = 30000098, delta = 3193404
	load umon |	misses = 3959, hits= 0 0 0 0 0 0 0 0 0 0 0 0 0 1 18 2
	write umon |	misses = 1968, hits= 0 0 0 0 0 0 0 0 0 0 0 0 0 0 0 0
num evicts: 11400000, p: 73997, s: 5065071 	 max proactive lookup: 16, max shadow lookup: 16
current cycle = 34362036, last update cycle = 30000098, delta = 4361938
	load umon |	misses = 4349, hits= 0 0 0 0 0 0 0 0 0 0 0 0 0 1 25 2
	write umon |	misses = 2165, hits= 0 0 0 0 0 0 0 0 0 0 0 0 0 0 0 0
num evicts: 11500000, p: 74502, s: 5098581 	 max proactive lookup: 16, max shadow lookup: 16
current cycle = 35456254, last update cycle = 35000366, delta = 455888
	load umon |	misses = 2455, hits= 0 0 0 0 0 0 0 0 0 0 0 0 0 0 16 1
	write umon |	misses = 1221, hits= 0 0 0 0 0 0 0 0 0 0 0 0 0 0 0 0
num evicts: 11600000, p: 75246, s: 5131149 	 max proactive lookup: 16, max shadow lookup: 16
current cycle = 36564332, last update cycle = 35000366, delta = 1563966
	load umon |	misses = 2844, hits= 0 0 0 0 0 0 0 0 0 0 0 0 0 0 16 1
	write umon |	misses = 1417, hits= 0 0 0 0 0 0 0 0 0 0 0 0 0 0 0 0
num evicts: 11700000, p: 77229, s: 5173914 	 max proactive lookup: 16, max shadow lookup: 16
current cycle = 37804187, last update cycle = 35000366, delta = 2803821
	load umon |	misses = 3236, hits= 0 0 0 0 0 0 0 0 0 0 0 0 0 0 16 1
	write umon |	misses = 1611, hits= 0 0 0 0 0 0 0 0 0 0 0 0 0 0 0 0
Heartbeat CPU 3 instructions: 30000004 cycles: 38238933 heartbeat IPC: 0.3807 cumulative IPC: 0.2148 (Simulation time: 01 hr 44 min 27 sec)
Heartbeat CPU 6 instructions: 30000004 cycles: 38243283 heartbeat IPC: 0.3806 cumulative IPC: 0.2148 (Simulation time: 01 hr 44 min 28 sec)
Heartbeat CPU 7 instructions: 30000004 cycles: 38251872 heartbeat IPC: 0.3805 cumulative IPC: 0.2147 (Simulation time: 01 hr 44 min 29 sec)
Heartbeat CPU 4 instructions: 30000004 cycles: 38273840 heartbeat IPC: 0.3802 cumulative IPC: 0.2145 (Simulation time: 01 hr 44 min 31 sec)
Heartbeat CPU 0 instructions: 30000004 cycles: 38276798 heartbeat IPC: 0.3801 cumulative IPC: 0.2145 (Simulation time: 01 hr 44 min 31 sec)
Heartbeat CPU 2 instructions: 30000004 cycles: 38278747 heartbeat IPC: 0.3801 cumulative IPC: 0.2144 (Simulation time: 01 hr 44 min 31 sec)
Heartbeat CPU 1 instructions: 30000004 cycles: 38290883 heartbeat IPC: 0.3799 cumulative IPC: 0.2142 (Simulation time: 01 hr 44 min 32 sec)
Heartbeat CPU 5 instructions: 30000004 cycles: 38335989 heartbeat IPC: 0.3793 cumulative IPC: 0.2139 (Simulation time: 01 hr 44 min 37 sec)
num evicts: 11800000, p: 78531, s: 5216311 	 max proactive lookup: 16, max shadow lookup: 16
current cycle = 39000371, last update cycle = 35000366, delta = 4000005
	load umon |	misses = 3626, hits= 0 0 0 0 0 0 0 0 0 0 0 0 0 0 16 1
	write umon |	misses = 1808, hits= 0 0 0 0 0 0 0 0 0 0 0 0 0 0 0 0
num evicts: 11900000, p: 79290, s: 5257306 	 max proactive lookup: 16, max shadow lookup: 16
current cycle = 40160339, last update cycle = 40000475, delta = 159864
	load umon |	misses = 2033, hits= 0 0 0 0 0 0 0 0 0 0 0 0 0 0 11 0
	write umon |	misses = 1014, hits= 0 0 0 0 0 0 0 0 0 0 0 0 0 0 0 0
num evicts: 12000000, p: 80103, s: 5296292 	 max proactive lookup: 16, max shadow lookup: 16
current cycle = 41301992, last update cycle = 40000475, delta = 1301517
	load umon |	misses = 2423, hits= 0 0 0 0 0 0 0 0 0 0 0 0 0 0 19 0
	write umon |	misses = 1210, hits= 0 0 0 0 0 0 0 0 0 0 0 0 0 0 0 0
num evicts: 12100000, p: 80989, s: 5331859 	 max proactive lookup: 16, max shadow lookup: 16
current cycle = 42417388, last update cycle = 40000475, delta = 2416913
	load umon |	misses = 2814, hits= 0 0 0 0 0 0 0 0 0 0 0 0 0 0 19 0
	write umon |	misses = 1405, hits= 0 0 0 0 0 0 0 0 0 0 0 0 0 0 0 0
num evicts: 12200000, p: 82278, s: 5364547 	 max proactive lookup: 16, max shadow lookup: 16
current cycle = 43594840, last update cycle = 40000475, delta = 3594365
	load umon |	misses = 3207, hits= 0 0 0 0 0 0 0 0 0 0 0 0 0 0 19 0
	write umon |	misses = 1600, hits= 0 0 0 0 0 0 0 0 0 0 0 0 0 0 0 0
num evicts: 12300000, p: 83533, s: 5398607 	 max proactive lookup: 16, max shadow lookup: 16
current cycle = 44761051, last update cycle = 40000475, delta = 4760576
	load umon |	misses = 3597, hits= 0 0 0 0 0 0 0 0 0 0 0 0 0 0 19 0
	write umon |	misses = 1795, hits= 0 0 0 0 0 0 0 0 0 0 0 0 0 0 0 0
num evicts: 12400000, p: 84649, s: 5431909 	 max proactive lookup: 16, max shadow lookup: 16
current cycle = 45921494, last update cycle = 45000487, delta = 921007
	load umon |	misses = 2149, hits= 0 0 0 0 0 0 0 0 0 0 0 0 0 0 16 0
	write umon |	misses = 1073, hits= 0 0 0 0 0 0 0 0 0 0 0 0 0 0 0 0
num evicts: 12500000, p: 85517, s: 5467101 	 max proactive lookup: 16, max shadow lookup: 16
current cycle = 47108612, last update cycle = 45000487, delta = 2108125
	load umon |	misses = 2539, hits= 0 0 0 0 0 0 0 0 0 0 0 0 0 0 24 0
	write umon |	misses = 1268, hits= 0 0 0 0 0 0 0 0 0 0 0 0 0 0 0 0
num evicts: 12600000, p: 86393, s: 5506886 	 max proactive lookup: 16, max shadow lookup: 16
current cycle = 48313231, last update cycle = 45000487, delta = 3312744
	load umon |	misses = 2930, hits= 0 0 0 0 0 0 0 0 0 0 0 0 0 0 24 0
	write umon |	misses = 1464, hits= 0 0 0 0 0 0 0 0 0 0 0 0 0 0 0 0
num evicts: 12700000, p: 87336, s: 5548395 	 max proactive lookup: 16, max shadow lookup: 16
current cycle = 49507599, last update cycle = 45000487, delta = 4507112
	load umon |	misses = 3321, hits= 0 0 0 0 0 0 0 0 0 0 0 0 0 0 24 0
	write umon |	misses = 1659, hits= 0 0 0 0 0 0 0 0 0 0 0 0 0 0 0 0
num evicts: 12800000, p: 88178, s: 5590062 	 max proactive lookup: 16, max shadow lookup: 16
current cycle = 50666229, last update cycle = 50000499, delta = 665730
	load umon |	misses = 1967, hits= 0 0 0 0 0 0 0 0 0 0 0 0 0 0 12 0
	write umon |	misses = 982, hits= 0 0 0 0 0 0 0 0 0 0 0 0 0 0 0 0
num evicts: 12900000, p: 88921, s: 5631770 	 max proactive lookup: 16, max shadow lookup: 16
current cycle = 51822147, last update cycle = 50000499, delta = 1821648
	load umon |	misses = 2363, hits= 0 0 0 0 0 0 0 0 0 0 0 0 0 0 19 0
	write umon |	misses = 1180, hits= 0 0 0 0 0 0 0 0 0 0 0 0 0 0 0 0
num evicts: 13000000, p: 89757, s: 5675374 	 max proactive lookup: 16, max shadow lookup: 16
current cycle = 53017556, last update cycle = 50000499, delta = 3017057
	load umon |	misses = 2753, hits= 0 0 0 0 0 0 0 0 0 0 0 0 0 0 27 0
	write umon |	misses = 1376, hits= 0 0 0 0 0 0 0 0 0 0 0 0 0 0 0 0
num evicts: 13100000, p: 90523, s: 5721310 	 max proactive lookup: 16, max shadow lookup: 16
current cycle = 54196317, last update cycle = 50000499, delta = 4195818
	load umon |	misses = 3140, hits= 0 0 0 0 0 0 0 0 0 0 0 0 0 0 27 0
	write umon |	misses = 1569, hits= 0 0 0 0 0 0 0 0 0 0 0 0 0 0 0 0
num evicts: 13200000, p: 91166, s: 5767028 	 max proactive lookup: 16, max shadow lookup: 16
current cycle = 55371058, last update cycle = 55000513, delta = 370545
	load umon |	misses = 1825, hits= 0 0 0 0 0 0 0 0 0 0 0 0 0 0 13 0
	write umon |	misses = 911, hits= 0 0 0 0 0 0 0 0 0 0 0 0 0 0 0 0
num evicts: 13300000, p: 91653, s: 5811589 	 max proactive lookup: 16, max shadow lookup: 16
current cycle = 56532461, last update cycle = 55000513, delta = 1531948
	load umon |	misses = 2219, hits= 0 0 0 0 0 0 0 0 0 0 0 0 0 0 13 0
	write umon |	misses = 1107, hits= 0 0 0 0 0 0 0 0 0 0 0 0 0 0 0 0
num evicts: 13400000, p: 92130, s: 5857484 	 max proactive lookup: 16, max shadow lookup: 16
current cycle = 57695404, last update cycle = 55000513, delta = 2694891
	load umon |	misses = 2605, hits= 0 0 0 0 0 0 0 0 0 0 0 0 0 0 13 0
	write umon |	misses = 1301, hits= 0 0 0 0 0 0 0 0 0 0 0 0 0 0 0 0
num evicts: 13500000, p: 92581, s: 5902951 	 max proactive lookup: 16, max shadow lookup: 16
current cycle = 58874811, last update cycle = 55000513, delta = 3874298
	load umon |	misses = 3001, hits= 0 0 0 0 0 0 0 0 0 0 0 0 0 0 20 0
	write umon |	misses = 1499, hits= 0 0 0 0 0 0 0 0 0 0 0 0 0 0 0 0
num evicts: 13600000, p: 93108, s: 5939628 	 max proactive lookup: 16, max shadow lookup: 16
current cycle = 59971036, last update cycle = 55000513, delta = 4970523
	load umon |	misses = 3388, hits= 0 0 0 0 0 0 0 0 0 0 0 0 0 0 28 0
	write umon |	misses = 1693, hits= 0 0 0 0 0 0 0 0 0 0 0 0 0 0 0 0
num evicts: 13700000, p: 93744, s: 5976981 	 max proactive lookup: 16, max shadow lookup: 16
current cycle = 61081691, last update cycle = 60000519, delta = 1081172
	load umon |	misses = 2078, hits= 0 0 0 0 0 0 0 0 0 0 0 0 0 0 14 0
	write umon |	misses = 1038, hits= 0 0 0 0 0 0 0 0 0 0 0 0 0 0 0 0
num evicts: 13800000, p: 94928, s: 6018389 	 max proactive lookup: 16, max shadow lookup: 16
current cycle = 62278000, last update cycle = 60000519, delta = 2277481
	load umon |	misses = 2471, hits= 0 0 0 0 0 0 0 0 0 0 0 0 0 0 14 0
	write umon |	misses = 1233, hits= 0 0 0 0 0 0 0 0 0 0 0 0 0 0 0 0
num evicts: 13900000, p: 95855, s: 6059017 	 max proactive lookup: 16, max shadow lookup: 16
current cycle = 63443358, last update cycle = 60000519, delta = 3442839
	load umon |	misses = 2861, hits= 0 0 0 0 0 0 0 0 0 0 0 0 0 0 14 0
	write umon |	misses = 1428, hits= 0 0 0 0 0 0 0 0 0 0 0 0 0 0 0 0
num evicts: 14000000, p: 96753, s: 6096641 	 max proactive lookup: 16, max shadow lookup: 16
current cycle = 64591546, last update cycle = 60000519, delta = 4591027
	load umon |	misses = 3254, hits= 0 0 0 0 0 0 0 0 0 0 0 0 0 1 19 1
	write umon |	misses = 1625, hits= 0 0 0 0 0 0 0 0 0 0 0 0 0 0 0 0
num evicts: 14100000, p: 97640, s: 6139711 	 max proactive lookup: 16, max shadow lookup: 16
current cycle = 65772833, last update cycle = 65000519, delta = 772314
	load umon |	misses = 1950, hits= 0 0 0 0 0 0 0 0 0 0 0 0 0 0 15 0
	write umon |	misses = 975, hits= 0 0 0 0 0 0 0 0 0 0 0 0 0 0 0 0
num evicts: 14200000, p: 98900, s: 6184342 	 max proactive lookup: 16, max shadow lookup: 16
current cycle = 66971096, last update cycle = 65000519, delta = 1970577
	load umon |	misses = 2338, hits= 0 0 0 0 0 0 0 0 0 0 0 0 0 0 15 0
	write umon |	misses = 1169, hits= 0 0 0 0 0 0 0 0 0 0 0 0 0 0 0 0
num evicts: 14300000, p: 99479, s: 6230188 	 max proactive lookup: 16, max shadow lookup: 16
current cycle = 68142957, last update cycle = 65000519, delta = 3142438
	load umon |	misses = 2734, hits= 0 0 0 0 0 0 0 0 0 0 0 0 0 0 15 0
	write umon |	misses = 1366, hits= 0 0 0 0 0 0 0 0 0 0 0 0 0 0 0 0
num evicts: 14400000, p: 99942, s: 6273368 	 max proactive lookup: 16, max shadow lookup: 16
current cycle = 69279731, last update cycle = 65000519, delta = 4279212
	load umon |	misses = 3122, hits= 0 0 0 0 0 0 0 0 0 0 0 0 0 0 15 0
	write umon |	misses = 1559, hits= 0 0 0 0 0 0 0 0 0 0 0 0 0 0 0 0
num evicts: 14500000, p: 100420, s: 6316789 	 max proactive lookup: 16, max shadow lookup: 16
current cycle = 70429228, last update cycle = 70001107, delta = 428121
	load umon |	misses = 1828, hits= 0 0 0 0 0 0 0 0 0 0 0 0 0 0 11 0
	write umon |	misses = 913, hits= 0 0 0 0 0 0 0 0 0 0 0 0 0 0 0 0
num evicts: 14600000, p: 101166, s: 6361934 	 max proactive lookup: 16, max shadow lookup: 16
current cycle = 71611939, last update cycle = 70001107, delta = 1610832
	load umon |	misses = 2218, hits= 0 0 0 0 0 0 0 0 0 0 0 0 0 0 19 0
	write umon |	misses = 1108, hits= 0 0 0 0 0 0 0 0 0 0 0 0 0 0 0 0
num evicts: 14700000, p: 101573, s: 6407508 	 max proactive lookup: 16, max shadow lookup: 16
current cycle = 72765279, last update cycle = 70001107, delta = 2764172
	load umon |	misses = 2607, hits= 0 0 0 0 0 0 0 0 0 0 0 0 0 0 19 0
	write umon |	misses = 1302, hits= 0 0 0 0 0 0 0 0 0 0 0 0 0 0 0 0
num evicts: 14800000, p: 102065, s: 6452072 	 max proactive lookup: 16, max shadow lookup: 16
current cycle = 73930598, last update cycle = 70001107, delta = 3929491
	load umon |	misses = 3000, hits= 0 0 0 0 0 0 0 0 0 0 0 0 0 0 19 0
	write umon |	misses = 1499, hits= 0 0 0 0 0 0 0 0 0 0 0 0 0 0 0 0
num evicts: 14900000, p: 102430, s: 6496088 	 max proactive lookup: 16, max shadow lookup: 16
current cycle = 75076420, last update cycle = 75001119, delta = 75301
	load umon |	misses = 1705, hits= 0 0 0 0 0 0 0 0 0 0 0 0 0 0 9 0
	write umon |	misses = 851, hits= 0 0 0 0 0 0 0 0 0 0 0 0 0 0 0 0
num evicts: 15000000, p: 102938, s: 6540214 	 max proactive lookup: 16, max shadow lookup: 16
current cycle = 76229863, last update cycle = 75001119, delta = 1228744
	load umon |	misses = 2098, hits= 0 0 0 0 0 0 0 0 0 0 0 0 0 0 15 0
	write umon |	misses = 1049, hits= 0 0 0 0 0 0 0 0 0 0 0 0 0 0 0 0
num evicts: 15100000, p: 103476, s: 6584988 	 max proactive lookup: 16, max shadow lookup: 16
current cycle = 77395815, last update cycle = 75001119, delta = 2394696
	load umon |	misses = 2491, hits= 0 0 0 0 0 0 0 0 0 0 0 0 0 0 24 0
	write umon |	misses = 1243, hits= 0 0 0 0 0 0 0 0 0 0 0 0 0 0 0 0
num evicts: 15200000, p: 104033, s: 6629062 	 max proactive lookup: 16, max shadow lookup: 16
current cycle = 78548920, last update cycle = 75001119, delta = 3547801
	load umon |	misses = 2880, hits= 0 0 0 0 0 0 0 0 0 0 0 0 0 0 24 0
	write umon |	misses = 1440, hits= 0 0 0 0 0 0 0 0 0 0 0 0 0 0 0 0
num evicts: 15300000, p: 104554, s: 6673221 	 max proactive lookup: 16, max shadow lookup: 16
current cycle = 79705537, last update cycle = 75001119, delta = 4704418
	load umon |	misses = 3268, hits= 0 0 0 0 0 0 0 0 0 0 0 0 0 0 24 0
	write umon |	misses = 1633, hits= 0 0 0 0 0 0 0 0 0 0 0 0 0 0 0 0
num evicts: 15400000, p: 105202, s: 6717498 	 max proactive lookup: 16, max shadow lookup: 16
current cycle = 80871070, last update cycle = 80001126, delta = 869944
	load umon |	misses = 1978, hits= 0 0 0 0 0 0 0 0 0 0 0 0 0 0 12 0
	write umon |	misses = 987, hits= 0 0 0 0 0 0 0 0 0 0 0 0 0 0 0 0
num evicts: 15500000, p: 105790, s: 6762622 	 max proactive lookup: 16, max shadow lookup: 16
current cycle = 82044818, last update cycle = 80001126, delta = 2043692
	load umon |	misses = 2369, hits= 0 0 0 0 0 0 0 0 0 0 0 0 0 0 12 0
	write umon |	misses = 1182, hits= 0 0 0 0 0 0 0 0 0 0 0 0 0 0 0 0
num evicts: 15600000, p: 106395, s: 6807479 	 max proactive lookup: 16, max shadow lookup: 16
current cycle = 83212849, last update cycle = 80001126, delta = 3211723
	load umon |	misses = 2762, hits= 0 0 0 0 0 0 0 0 0 0 0 0 0 0 22 0
	write umon |	misses = 1379, hits= 0 0 0 0 0 0 0 0 0 0 0 0 0 0 0 0
num evicts: 15700000, p: 106907, s: 6845135 	 max proactive lookup: 16, max shadow lookup: 16
current cycle = 84314597, last update cycle = 80001126, delta = 4313471
	load umon |	misses = 3147, hits= 0 0 0 0 0 0 0 0 0 0 0 0 0 0 27 0
	write umon |	misses = 1573, hits= 0 0 0 0 0 0 0 0 0 0 0 0 0 0 0 0
Heartbeat CPU 3 instructions: 40000004 cycles: 84608744 heartbeat IPC: 0.2157 cumulative IPC: 0.2154 (Simulation time: 02 hr 55 min 32 sec)
Heartbeat CPU 6 instructions: 40000004 cycles: 84629479 heartbeat IPC: 0.2156 cumulative IPC: 0.2153 (Simulation time: 02 hr 55 min 34 sec)
Heartbeat CPU 4 instructions: 40000004 cycles: 84636104 heartbeat IPC: 0.2157 cumulative IPC: 0.2153 (Simulation time: 02 hr 55 min 35 sec)
Heartbeat CPU 1 instructions: 40000004 cycles: 84671511 heartbeat IPC: 0.2156 cumulative IPC: 0.2151 (Simulation time: 02 hr 55 min 38 sec)
Heartbeat CPU 7 instructions: 40000004 cycles: 84672634 heartbeat IPC: 0.2154 cumulative IPC: 0.2152 (Simulation time: 02 hr 55 min 38 sec)
Heartbeat CPU 5 instructions: 40000004 cycles: 84787041 heartbeat IPC: 0.2153 cumulative IPC: 0.2148 (Simulation time: 02 hr 55 min 48 sec)
Heartbeat CPU 0 instructions: 40000004 cycles: 84875841 heartbeat IPC: 0.2146 cumulative IPC: 0.2146 (Simulation time: 02 hr 55 min 56 sec)
Heartbeat CPU 2 instructions: 40000004 cycles: 84898622 heartbeat IPC: 0.2145 cumulative IPC: 0.2145 (Simulation time: 02 hr 55 min 58 sec)
num evicts: 15800000, p: 107555, s: 6882122 	 max proactive lookup: 16, max shadow lookup: 16
current cycle = 85422876, last update cycle = 85001258, delta = 421618
	load umon |	misses = 1844, hits= 0 0 0 0 0 0 0 0 0 0 0 0 0 0 13 0
	write umon |	misses = 921, hits= 0 0 0 0 0 0 0 0 0 0 0 0 0 0 0 0
num evicts: 15900000, p: 108415, s: 6921023 	 max proactive lookup: 16, max shadow lookup: 16
current cycle = 86605760, last update cycle = 85001258, delta = 1604502
	load umon |	misses = 2234, hits= 0 0 0 0 0 0 0 0 0 0 0 0 0 0 13 0
	write umon |	misses = 1115, hits= 0 0 0 0 0 0 0 0 0 0 0 0 0 0 0 0
num evicts: 16000000, p: 108993, s: 6956164 	 max proactive lookup: 16, max shadow lookup: 16
current cycle = 87743131, last update cycle = 85001258, delta = 2741873
	load umon |	misses = 2623, hits= 0 0 0 0 0 0 0 0 0 0 0 0 0 0 13 0
	write umon |	misses = 1310, hits= 0 0 0 0 0 0 0 0 0 0 0 0 0 0 0 0
num evicts: 16100000, p: 109650, s: 6997222 	 max proactive lookup: 16, max shadow lookup: 16
current cycle = 88928162, last update cycle = 85001258, delta = 3926904
	load umon |	misses = 3015, hits= 0 0 0 0 0 0 0 0 0 0 0 0 0 0 20 0
	write umon |	misses = 1506, hits= 0 0 0 0 0 0 0 0 0 0 0 0 0 0 0 0
num evicts: 16200000, p: 110486, s: 7040258 	 max proactive lookup: 16, max shadow lookup: 16
current cycle = 90136692, last update cycle = 90001816, delta = 134876
	load umon |	misses = 1726, hits= 0 0 0 0 0 0 0 0 0 0 0 0 0 0 14 0
	write umon |	misses = 862, hits= 0 0 0 0 0 0 0 0 0 0 0 0 0 0 0 0
num evicts: 16300000, p: 110952, s: 7084205 	 max proactive lookup: 16, max shadow lookup: 16
current cycle = 91312249, last update cycle = 90001816, delta = 1310433
	load umon |	misses = 2114, hits= 0 0 0 0 0 0 0 0 0 0 0 0 0 0 14 0
	write umon |	misses = 1056, hits= 0 0 0 0 0 0 0 0 0 0 0 0 0 0 0 0
num evicts: 16400000, p: 111563, s: 7129122 	 max proactive lookup: 16, max shadow lookup: 16
current cycle = 92489105, last update cycle = 90001816, delta = 2487289
	load umon |	misses = 2506, hits= 0 0 0 0 0 0 0 0 0 0 0 0 0 0 14 0
	write umon |	misses = 1252, hits= 0 0 0 0 0 0 0 0 0 0 0 0 0 0 0 0
num evicts: 16500000, p: 112230, s: 7171935 	 max proactive lookup: 16, max shadow lookup: 16
current cycle = 93647138, last update cycle = 90001816, delta = 3645322
	load umon |	misses = 2897, hits= 0 0 0 0 0 0 0 0 0 0 0 0 0 0 14 0
	write umon |	misses = 1446, hits= 0 0 0 0 0 0 0 0 0 0 0 0 0 0 0 0
num evicts: 16600000, p: 112857, s: 7214142 	 max proactive lookup: 16, max shadow lookup: 16
current cycle = 94794506, last update cycle = 90001816, delta = 4792690
	load umon |	misses = 3287, hits= 0 0 0 0 0 0 0 0 0 0 0 0 0 0 20 1
	write umon |	misses = 1642, hits= 0 0 0 0 0 0 0 0 0 0 0 0 0 0 0 0
num evicts: 16700000, p: 113805, s: 7255802 	 max proactive lookup: 16, max shadow lookup: 16
current cycle = 95950751, last update cycle = 95001830, delta = 948921
	load umon |	misses = 2001, hits= 0 0 0 0 0 0 0 0 0 0 0 0 0 1 17 0
	write umon |	misses = 1000, hits= 0 0 0 0 0 0 0 0 0 0 0 0 0 0 0 0
num evicts: 16800000, p: 114646, s: 7295501 	 max proactive lookup: 16, max shadow lookup: 16
current cycle = 97081487, last update cycle = 95001830, delta = 2079657