[VMEM] WARNING: physical memory size is smaller than virtual memory size.

*** ChampSim Multicore Out-of-Order Simulator ***
Warmup Instructions: 25000000
Simulation Instructions: 25000000
Number of CPUs: 8
Page size: 2097152

initializing BARD -- num sampled sets: 64, modulus = 256
CL :	 16.64 ns
CWL :	 15.808 ns
tRP :	 16.224 ns
tRCD :	 16.224 ns
tRAS :	 32.032000000000004 ns
tRTP :	 7.904 ns
tWR :	 30.368000000000002 ns

tCCD_S :	 3.3280000000000003 ns
tCCD_S_WR :	 3.3280000000000003 ns
tCCD_S_WTR :	 22.048000000000002 ns
tCCD_L :	 5.408 ns
tCCD_L_WR :	 20.384 ns
tCCD_L_WTR :	 29.536 ns
tRRD_S :	 3.3280000000000003 ns
tRRD_L :	 5.408 ns
tFAW :	 13.728 ns
Address mapping (perm = 1) 	ch co bg bg bg ba ba co co co co co co ro ro ro ro ro ro ro ro ro ro ro ro ro ro ro 
dram queue size: R = 64 W = 48 (low:high is 9:39)
num evicts: 0, p: 0, s: 0 	 max proactive lookup: 15, max shadow lookup: 16
current cycle = 11761, last update cycle = 0, delta = 11761
	load umon |	misses = 44, hits= 1 0 0 0 0 0 0 0 0 0 0 0 0 0 0 5
	write umon |	misses = 0, hits= 0 0 0 0 0 0 0 0 0 0 0 0 0 0 0 0
num evicts: 100000, p: 5717, s: 0 	 max proactive lookup: 0, max shadow lookup: 7
current cycle = 1374886, last update cycle = 0, delta = 1374886
	load umon |	misses = 1241, hits= 245 1 2 4 3 1 7 5 194 2 0 0 0 0 0 5
	write umon |	misses = 216, hits= 0 0 0 0 0 0 2 14 8 8 8 8 8 8 8 8
num evicts: 200000, p: 5717, s: 0 	 max proactive lookup: 0, max shadow lookup: 3
current cycle = 2630782, last update cycle = 0, delta = 2630782
	load umon |	misses = 1665, hits= 681 52 62 11 8 6 10 7 382 26 16 0 0 0 7 5
	write umon |	misses = 389, hits= 5 10 7 5 4 3 4 19 51 46 44 37 36 32 33 31
num evicts: 300000, p: 5717, s: 0 	 max proactive lookup: 0, max shadow lookup: 6
current cycle = 2901600, last update cycle = 0, delta = 2901600
	load umon |	misses = 2065, hits= 762 76 62 11 8 7 10 37 484 31 16 0 0 0 7 5
	write umon |	misses = 711, hits= 5 10 8 6 6 7 8 26 54 51 51 41 41 40 40 36
Heartbeat CPU 0 instructions: 10000003 cycles: 2926920 heartbeat IPC: 3.417 cumulative IPC: 3.417 (Simulation time: 00 hr 12 min 57 sec)
Heartbeat CPU 1 instructions: 10000002 cycles: 2964013 heartbeat IPC: 3.374 cumulative IPC: 3.374 (Simulation time: 00 hr 13 min 08 sec)
Heartbeat CPU 2 instructions: 10000003 cycles: 2983168 heartbeat IPC: 3.352 cumulative IPC: 3.352 (Simulation time: 00 hr 13 min 13 sec)
Heartbeat CPU 3 instructions: 10000002 cycles: 2988153 heartbeat IPC: 3.347 cumulative IPC: 3.347 (Simulation time: 00 hr 13 min 15 sec)
Heartbeat CPU 6 instructions: 10000000 cycles: 2997499 heartbeat IPC: 3.336 cumulative IPC: 3.336 (Simulation time: 00 hr 13 min 17 sec)
Heartbeat CPU 4 instructions: 10000002 cycles: 2999098 heartbeat IPC: 3.334 cumulative IPC: 3.334 (Simulation time: 00 hr 13 min 18 sec)
Heartbeat CPU 5 instructions: 10000003 cycles: 3004176 heartbeat IPC: 3.329 cumulative IPC: 3.329 (Simulation time: 00 hr 13 min 19 sec)
Heartbeat CPU 7 instructions: 10000001 cycles: 3008826 heartbeat IPC: 3.324 cumulative IPC: 3.324 (Simulation time: 00 hr 13 min 20 sec)
num evicts: 400000, p: 5717, s: 0 	 max proactive lookup: 0, max shadow lookup: 6
current cycle = 3973944, last update cycle = 0, delta = 3973944
	load umon |	misses = 2426, hits= 999 99 84 20 14 10 16 54 748 62 20 0 1 0 7 6
	write umon |	misses = 998, hits= 7 12 9 6 7 9 15 29 95 83 78 75 72 66 66 60
num evicts: 500000, p: 5717, s: 0 	 max proactive lookup: 0, max shadow lookup: 5
current cycle = 4537818, last update cycle = 0, delta = 4537818
	load umon |	misses = 2788, hits= 1083 136 103 32 26 17 29 81 861 87 20 2 2 1 15 8
	write umon |	misses = 1208, hits= 13 19 16 11 12 10 17 34 148 105 101 91 86 77 74 69
num evicts: 600000, p: 5717, s: 0 	 max proactive lookup: 0, max shadow lookup: 6
current cycle = 5161089, last update cycle = 5000000, delta = 161089
	load umon |	misses = 1668, hits= 587 84 65 29 26 20 49 56 471 43 15 12 1 8 13 5
	write umon |	misses = 757, hits= 8 10 8 6 8 7 11 21 81 66 64 54 53 50 52 44
Heartbeat CPU 0 instructions: 20000005 cycles: 5527835 heartbeat IPC: 3.845 cumulative IPC: 3.618 (Simulation time: 00 hr 24 min 40 sec)
Heartbeat CPU 1 instructions: 20000004 cycles: 5629546 heartbeat IPC: 3.752 cumulative IPC: 3.553 (Simulation time: 00 hr 25 min 06 sec)
num evicts: 700000, p: 5717, s: 0 	 max proactive lookup: 0, max shadow lookup: 5
current cycle = 5671250, last update cycle = 5000000, delta = 671250
	load umon |	misses = 2025, hits= 651 113 81 56 44 33 61 67 552 53 26 12 4 9 14 6
	write umon |	misses = 1064, hits= 11 14 12 11 10 11 17 25 96 80 82 69 64 60 63 52
Heartbeat CPU 2 instructions: 20000007 cycles: 5681769 heartbeat IPC: 3.706 cumulative IPC: 3.52 (Simulation time: 00 hr 25 min 20 sec)
Heartbeat CPU 3 instructions: 20000005 cycles: 5694268 heartbeat IPC: 3.695 cumulative IPC: 3.512 (Simulation time: 00 hr 25 min 23 sec)
Heartbeat CPU 4 instructions: 20000005 cycles: 5732230 heartbeat IPC: 3.659 cumulative IPC: 3.489 (Simulation time: 00 hr 25 min 34 sec)
Heartbeat CPU 5 instructions: 20000004 cycles: 5758426 heartbeat IPC: 3.631 cumulative IPC: 3.473 (Simulation time: 00 hr 25 min 41 sec)
Heartbeat CPU 6 instructions: 20000002 cycles: 5773077 heartbeat IPC: 3.603 cumulative IPC: 3.464 (Simulation time: 00 hr 25 min 45 sec)
Heartbeat CPU 7 instructions: 20000001 cycles: 5785312 heartbeat IPC: 3.602 cumulative IPC: 3.457 (Simulation time: 00 hr 25 min 49 sec)
num evicts: 800000, p: 5717, s: 0 	 max proactive lookup: 0, max shadow lookup: 6
current cycle = 6341211, last update cycle = 5000000, delta = 1341211
	load umon |	misses = 2422, hits= 735 148 94 63 54 37 77 87 610 67 47 16 8 12 14 6
	write umon |	misses = 1316, hits= 11 20 13 11 10 14 17 27 117 103 101 82 72 67 70 61
num evicts: 900000, p: 5717, s: 0 	 max proactive lookup: 0, max shadow lookup: 6
current cycle = 6565157, last update cycle = 5000000, delta = 1565157
	load umon |	misses = 2819, hits= 771 165 97 81 80 46 96 99 651 69 47 20 10 14 15 8
	write umon |	misses = 1620, hits= 11 20 15 13 15 17 18 29 119 110 110 90 78 72 72 62
Warmup finished CPU 0 instructions: 25000003 cycles: 6822840 cumulative IPC: 3.664 (Simulation time: 00 hr 30 min 35 sec)
Warmup finished CPU 1 instructions: 25000004 cycles: 6936992 cumulative IPC: 3.604 (Simulation time: 00 hr 31 min 04 sec)
Warmup finished CPU 2 instructions: 25000004 cycles: 7003351 cumulative IPC: 3.57 (Simulation time: 00 hr 31 min 21 sec)
Warmup finished CPU 3 instructions: 25000001 cycles: 7032721 cumulative IPC: 3.555 (Simulation time: 00 hr 31 min 28 sec)
Warmup finished CPU 4 instructions: 25000004 cycles: 7086808 cumulative IPC: 3.528 (Simulation time: 00 hr 31 min 43 sec)
Warmup finished CPU 5 instructions: 25000001 cycles: 7116355 cumulative IPC: 3.513 (Simulation time: 00 hr 31 min 51 sec)
Warmup finished CPU 6 instructions: 25000003 cycles: 7139285 cumulative IPC: 3.502 (Simulation time: 00 hr 31 min 58 sec)
Warmup finished CPU 7 instructions: 25000004 cycles: 7165385 cumulative IPC: 3.489 (Simulation time: 00 hr 32 min 05 sec)
Warmup complete CPU 7 instructions: 25000004 cycles: 7165385 cumulative IPC: 3.489 (Simulation time: 00 hr 32 min 05 sec)
Warmup complete CPU 6 instructions: 25104403 cycles: 7165385 cumulative IPC: 3.504 (Simulation time: 00 hr 32 min 05 sec)
Warmup complete CPU 5 instructions: 25196121 cycles: 7165385 cumulative IPC: 3.516 (Simulation time: 00 hr 32 min 05 sec)
Warmup complete CPU 4 instructions: 25314326 cycles: 7165385 cumulative IPC: 3.533 (Simulation time: 00 hr 32 min 05 sec)
Warmup complete CPU 3 instructions: 25530657 cycles: 7165385 cumulative IPC: 3.563 (Simulation time: 00 hr 32 min 05 sec)
Warmup complete CPU 2 instructions: 25648128 cycles: 7165385 cumulative IPC: 3.579 (Simulation time: 00 hr 32 min 05 sec)
Warmup complete CPU 1 instructions: 25906716 cycles: 7165385 cumulative IPC: 3.616 (Simulation time: 00 hr 32 min 05 sec)
Warmup complete CPU 0 instructions: 26348631 cycles: 7165385 cumulative IPC: 3.677 (Simulation time: 00 hr 32 min 05 sec)
num evicts: 1000000, p: 5717, s: 0 	 max proactive lookup: 0, max shadow lookup: 6
current cycle = 7571516, last update cycle = 5000000, delta = 2571516
	load umon |	misses = 3203, hits= 929 206 126 100 100 62 106 118 761 102 70 29 20 21 18 8
	write umon |	misses = 1841, hits= 11 20 17 14 19 24 22 31 137 140 143 116 103 95 94 77
num evicts: 1100000, p: 5717, s: 0 	 max proactive lookup: 0, max shadow lookup: 6
current cycle = 9584891, last update cycle = 5000000, delta = 4584891
	load umon |	misses = 3559, hits= 968 224 146 114 113 77 116 129 834 121 88 29 20 21 18 8
	write umon |	misses = 2102, hits= 11 22 17 16 21 27 27 43 144 148 160 131 115 109 101 85
num evicts: 1200000, p: 5717, s: 0 	 max proactive lookup: 0, max shadow lookup: 7
current cycle = 11712704, last update cycle = 10000087, delta = 1712617
	load umon |	misses = 2137, hits= 527 125 87 61 65 40 64 69 525 73 67 20 14 16 11 4
	write umon |	misses = 1320, hits= 6 11 12 9 10 14 13 21 72 86 91 76 66 61 54 42
Heartbeat CPU 0 instructions: 30000007 cycles: 11867033 heartbeat IPC: 1.577 cumulative IPC: 0.7766 (Simulation time: 00 hr 42 min 24 sec)
Heartbeat CPU 1 instructions: 30000007 cycles: 11927815 heartbeat IPC: 1.588 cumulative IPC: 0.8595 (Simulation time: 00 hr 42 min 32 sec)
Heartbeat CPU 5 instructions: 30000007 cycles: 12215291 heartbeat IPC: 1.549 cumulative IPC: 0.9513 (Simulation time: 00 hr 43 min 07 sec)
Heartbeat CPU 2 instructions: 30000007 cycles: 12232701 heartbeat IPC: 1.527 cumulative IPC: 0.8588 (Simulation time: 00 hr 43 min 09 sec)
Heartbeat CPU 3 instructions: 30000007 cycles: 12379796 heartbeat IPC: 1.496 cumulative IPC: 0.8571 (Simulation time: 00 hr 43 min 26 sec)
Heartbeat CPU 4 instructions: 30000007 cycles: 12401869 heartbeat IPC: 1.499 cumulative IPC: 0.8948 (Simulation time: 00 hr 43 min 29 sec)
Heartbeat CPU 6 instructions: 30000002 cycles: 12479602 heartbeat IPC: 1.491 cumulative IPC: 0.9212 (Simulation time: 00 hr 43 min 37 sec)
Heartbeat CPU 7 instructions: 30000002 cycles: 12502139 heartbeat IPC: 1.489 cumulative IPC: 0.9369 (Simulation time: 00 hr 43 min 40 sec)
num evicts: 1300000, p: 5717, s: 0 	 max proactive lookup: 0, max shadow lookup: 6
current cycle = 14518185, last update cycle = 10000087, delta = 4518098
	load umon |	misses = 2490, hits= 642 144 103 81 110 62 77 84 631 84 86 31 34 21 14 4
	write umon |	misses = 1569, hits= 7 16 20 13 18 22 22 24 96 110 111 93 85 79 73 62
num evicts: 1400000, p: 5717, s: 0 	 max proactive lookup: 0, max shadow lookup: 6
current cycle = 16292790, last update cycle = 15001612, delta = 1291178
	load umon |	misses = 1506, hits= 338 86 52 50 64 36 38 54 410 100 51 23 58 21 11 3
	write umon |	misses = 925, hits= 3 9 11 7 9 15 12 13 59 75 67 66 69 51 41 36
num evicts: 1500000, p: 5717, s: 0 	 max proactive lookup: 0, max shadow lookup: 6
current cycle = 18325504, last update cycle = 15001612, delta = 3323892
	load umon |	misses = 1896, hits= 457 113 58 64 98 53 65 78 502 121 68 56 114 58 15 17
	write umon |	misses = 1199, hits= 5 13 15 9 10 21 18 22 73 91 84 104 94 93 75 51
num evicts: 1600000, p: 5717, s: 0 	 max proactive lookup: 0, max shadow lookup: 6
current cycle = 20783160, last update cycle = 20001658, delta = 781502
	load umon |	misses = 1183, hits= 287 75 33 37 60 32 35 43 315 71 37 31 59 31 7 9
	write umon |	misses = 777, hits= 3 7 9 6 7 14 11 13 43 56 54 66 61 61 49 36
Heartbeat CPU 5 instructions: 40000010 cycles: 20824339 heartbeat IPC: 1.162 cumulative IPC: 1.084 (Simulation time: 01 hr 03 min 46 sec)
Heartbeat CPU 0 instructions: 40000010 cycles: 21006585 heartbeat IPC: 1.094 cumulative IPC: 0.9863 (Simulation time: 01 hr 04 min 20 sec)
Heartbeat CPU 4 instructions: 40000010 cycles: 21012811 heartbeat IPC: 1.161 cumulative IPC: 1.061 (Simulation time: 01 hr 04 min 21 sec)
Heartbeat CPU 1 instructions: 40000010 cycles: 21103541 heartbeat IPC: 1.09 cumulative IPC: 1.011 (Simulation time: 01 hr 04 min 40 sec)
Heartbeat CPU 2 instructions: 40000010 cycles: 21171474 heartbeat IPC: 1.119 cumulative IPC: 1.025 (Simulation time: 01 hr 04 min 54 sec)
Heartbeat CPU 6 instructions: 40000005 cycles: 21247920 heartbeat IPC: 1.14 cumulative IPC: 1.058 (Simulation time: 01 hr 05 min 09 sec)
Heartbeat CPU 3 instructions: 40000010 cycles: 21335263 heartbeat IPC: 1.117 cumulative IPC: 1.021 (Simulation time: 01 hr 05 min 25 sec)
Heartbeat CPU 7 instructions: 40000005 cycles: 21352180 heartbeat IPC: 1.13 cumulative IPC: 1.057 (Simulation time: 01 hr 05 min 28 sec)
num evicts: 1700000, p: 5717, s: 0 	 max proactive lookup: 0, max shadow lookup: 5
current cycle = 23066599, last update cycle = 20001658, delta = 3064941
	load umon |	misses = 1573, hits= 401 123 45 47 69 52 37 49 399 77 37 31 59 31 7 9
	write umon |	misses = 1018, hits= 10 13 16 8 9 18 16 21 50 63 70 81 72 68 55 41
num evicts: 1800000, p: 5717, s: 0 	 max proactive lookup: 0, max shadow lookup: 6
current cycle = 24956449, last update cycle = 20001658, delta = 4954791
	load umon |	misses = 1955, hits= 529 131 46 50 72 55 39 54 465 87 41 32 64 32 7 9
	write umon |	misses = 1251, hits= 10 13 17 8 10 20 17 22 61 75 78 91 88 77 63 48
num evicts: 1900000, p: 5717, s: 0 	 max proactive lookup: 0, max shadow lookup: 5
current cycle = 27412458, last update cycle = 25011777, delta = 2400681
	load umon |	misses = 1321, hits= 506 112 64 43 55 41 38 39 416 60 40 16 33 20 3 4
	write umon |	misses = 848, hits= 5 11 9 9 8 14 13 16 50 69 83 82 86 90 58 37
num evicts: 2000000, p: 5717, s: 0 	 max proactive lookup: 0, max shadow lookup: 6
current cycle = 29483737, last update cycle = 25011777, delta = 4471960
	load umon |	misses = 1694, hits= 652 126 78 47 62 43 42 42 492 66 46 18 35 20 4 4
	write umon |	misses = 1081, hits= 5 11 9 9 8 15 15 19 53 82 92 90 94 95 64 40
Heartbeat CPU 5 instructions: 50000011 cycles: 31264199 heartbeat IPC: 0.9579 cumulative IPC: 1.029 (Simulation time: 01 hr 28 min 14 sec)
Heartbeat CPU 4 instructions: 50000011 cycles: 31324747 heartbeat IPC: 0.9698 cumulative IPC: 1.022 (Simulation time: 01 hr 28 min 25 sec)
Simulation finished CPU 5 instructions: 25000002 cycles: 24211476 cumulative IPC: 1.033 (Simulation time: 01 hr 28 min 35 sec)
Heartbeat CPU 1 instructions: 50000011 cycles: 31429717 heartbeat IPC: 0.9684 cumulative IPC: 0.993 (Simulation time: 01 hr 28 min 44 sec)
Heartbeat CPU 0 instructions: 50000011 cycles: 31500614 heartbeat IPC: 0.9529 cumulative IPC: 0.9719 (Simulation time: 01 hr 28 min 57 sec)
Simulation finished CPU 4 instructions: 25000002 cycles: 24336369 cumulative IPC: 1.027 (Simulation time: 01 hr 28 min 57 sec)
Heartbeat CPU 2 instructions: 50000011 cycles: 31536648 heartbeat IPC: 0.9648 cumulative IPC: 0.9992 (Simulation time: 01 hr 29 min 03 sec)
Heartbeat CPU 6 instructions: 50000006 cycles: 31555163 heartbeat IPC: 0.9702 cumulative IPC: 1.021 (Simulation time: 01 hr 29 min 06 sec)
Heartbeat CPU 3 instructions: 50000011 cycles: 31577958 heartbeat IPC: 0.9763 cumulative IPC: 1.002 (Simulation time: 01 hr 29 min 10 sec)
Simulation finished CPU 6 instructions: 25000001 cycles: 24455802 cumulative IPC: 1.022 (Simulation time: 01 hr 29 min 17 sec)
Heartbeat CPU 7 instructions: 50000006 cycles: 31774191 heartbeat IPC: 0.9595 cumulative IPC: 1.016 (Simulation time: 01 hr 29 min 40 sec)
Simulation finished CPU 7 instructions: 25000002 cycles: 24608806 cumulative IPC: 1.016 (Simulation time: 01 hr 29 min 40 sec)
num evicts: 2100000, p: 5717, s: 0 	 max proactive lookup: 0, max shadow lookup: 6
current cycle = 32149852, last update cycle = 30011801, delta = 2138051
	load umon |	misses = 1171, hits= 503 98 66 35 47 31 40 37 361 53 26 16 20 13 5 2
	write umon |	misses = 713, hits= 3 7 9 7 7 11 11 17 59 75 74 74 68 79 60 45
Simulation finished CPU 3 instructions: 25000003 cycles: 25306860 cumulative IPC: 0.9879 (Simulation time: 01 hr 31 min 01 sec)
Simulation finished CPU 2 instructions: 25000002 cycles: 25574377 cumulative IPC: 0.9775 (Simulation time: 01 hr 31 min 42 sec)
Simulation finished CPU 1 instructions: 25000002 cycles: 25576250 cumulative IPC: 0.9775 (Simulation time: 01 hr 31 min 42 sec)
Simulation finished CPU 0 instructions: 25000000 cycles: 25787998 cumulative IPC: 0.9694 (Simulation time: 01 hr 32 min 28 sec)
Simulation complete CPU 7 instructions: 25968702 cycles: 25787998 cumulative IPC: 1.007 (Simulation time: 01 hr 32 min 28 sec)
Simulation complete CPU 6 instructions: 26194526 cycles: 25787998 cumulative IPC: 1.016 (Simulation time: 01 hr 32 min 28 sec)
Simulation complete CPU 5 instructions: 26864125 cycles: 25787998 cumulative IPC: 1.042 (Simulation time: 01 hr 32 min 28 sec)
Simulation complete CPU 4 instructions: 26511125 cycles: 25787998 cumulative IPC: 1.028 (Simulation time: 01 hr 32 min 28 sec)
Simulation complete CPU 3 instructions: 25951163 cycles: 25787998 cumulative IPC: 1.006 (Simulation time: 01 hr 32 min 28 sec)
Simulation complete CPU 2 instructions: 25756957 cycles: 25787998 cumulative IPC: 0.9988 (Simulation time: 01 hr 32 min 28 sec)
Simulation complete CPU 1 instructions: 25577777 cycles: 25787998 cumulative IPC: 0.9918 (Simulation time: 01 hr 32 min 28 sec)
Simulation complete CPU 0 instructions: 25000000 cycles: 25787998 cumulative IPC: 0.9694 (Simulation time: 01 hr 32 min 28 sec)

ChampSim completed all CPUs

=== Simulation ===
CPU 0 runs TRACES/ctf/spec2017/627.cam4_s-490B.champsimtrace.xz
CPU 1 runs TRACES/ctf/spec2017/627.cam4_s-490B.champsimtrace.xz
CPU 2 runs TRACES/ctf/spec2017/627.cam4_s-490B.champsimtrace.xz
CPU 3 runs TRACES/ctf/spec2017/627.cam4_s-490B.champsimtrace.xz
CPU 4 runs TRACES/ctf/spec2017/627.cam4_s-490B.champsimtrace.xz
CPU 5 runs TRACES/ctf/spec2017/627.cam4_s-490B.champsimtrace.xz
CPU 6 runs TRACES/ctf/spec2017/627.cam4_s-490B.champsimtrace.xz
CPU 7 runs TRACES/ctf/spec2017/627.cam4_s-490B.champsimtrace.xz

Total Simulation Statistics (not including warmup)

CPU 7 cumulative IPC: 1.007 instructions: 25968702 cycles: 25787998
CPU 7 Branch Prediction Accuracy: 100% MPKI: 0 Average ROB Occupancy at Mispredict: -
Branch type MPKI
BRANCH_DIRECT_JUMP: 0
BRANCH_INDIRECT: 0
BRANCH_CONDITIONAL: 0
BRANCH_DIRECT_CALL: 0
BRANCH_INDIRECT_CALL: 0
BRANCH_RETURN: 0


CPU 6 cumulative IPC: 1.016 instructions: 26194526 cycles: 25787998
CPU 6 Branch Prediction Accuracy: 100% MPKI: 0 Average ROB Occupancy at Mispredict: -
Branch type MPKI
BRANCH_DIRECT_JUMP: 0
BRANCH_INDIRECT: 0
BRANCH_CONDITIONAL: 0
BRANCH_DIRECT_CALL: 0
BRANCH_INDIRECT_CALL: 0
BRANCH_RETURN: 0


CPU 5 cumulative IPC: 1.042 instructions: 26864125 cycles: 25787998
CPU 5 Branch Prediction Accuracy: 100% MPKI: 0 Average ROB Occupancy at Mispredict: -
Branch type MPKI
BRANCH_DIRECT_JUMP: 0
BRANCH_INDIRECT: 0
BRANCH_CONDITIONAL: 0
BRANCH_DIRECT_CALL: 0
BRANCH_INDIRECT_CALL: 0
BRANCH_RETURN: 0


CPU 4 cumulative IPC: 1.028 instructions: 26511125 cycles: 25787998
CPU 4 Branch Prediction Accuracy: 100% MPKI: 0 Average ROB Occupancy at Mispredict: -
Branch type MPKI
BRANCH_DIRECT_JUMP: 0
BRANCH_INDIRECT: 0
BRANCH_CONDITIONAL: 0
BRANCH_DIRECT_CALL: 0
BRANCH_INDIRECT_CALL: 0
BRANCH_RETURN: 0


CPU 3 cumulative IPC: 1.006 instructions: 25951163 cycles: 25787998
CPU 3 Branch Prediction Accuracy: 100% MPKI: 0 Average ROB Occupancy at Mispredict: -
Branch type MPKI
BRANCH_DIRECT_JUMP: 0
BRANCH_INDIRECT: 0
BRANCH_CONDITIONAL: 0
BRANCH_DIRECT_CALL: 0
BRANCH_INDIRECT_CALL: 0
BRANCH_RETURN: 0


CPU 2 cumulative IPC: 0.9988 instructions: 25756957 cycles: 25787998
CPU 2 Branch Prediction Accuracy: 100% MPKI: 0 Average ROB Occupancy at Mispredict: -
Branch type MPKI
BRANCH_DIRECT_JUMP: 0
BRANCH_INDIRECT: 0
BRANCH_CONDITIONAL: 0
BRANCH_DIRECT_CALL: 0
BRANCH_INDIRECT_CALL: 0
BRANCH_RETURN: 0


CPU 1 cumulative IPC: 0.9918 instructions: 25577777 cycles: 25787998
CPU 1 Branch Prediction Accuracy: 100% MPKI: 0 Average ROB Occupancy at Mispredict: -
Branch type MPKI
BRANCH_DIRECT_JUMP: 0
BRANCH_INDIRECT: 0
BRANCH_CONDITIONAL: 0
BRANCH_DIRECT_CALL: 0
BRANCH_INDIRECT_CALL: 0
BRANCH_RETURN: 0


CPU 0 cumulative IPC: 0.9694 instructions: 25000000 cycles: 25787998
CPU 0 Branch Prediction Accuracy: 100% MPKI: 0 Average ROB Occupancy at Mispredict: -
Branch type MPKI
BRANCH_DIRECT_JUMP: 0
BRANCH_INDIRECT: 0
BRANCH_CONDITIONAL: 0
BRANCH_DIRECT_CALL: 0
BRANCH_INDIRECT_CALL: 0
BRANCH_RETURN: 0

cpu7->cpu7_L2C TOTAL        ACCESS:     664050 HIT:     373652 MISS:     290398 MSHR_MERGE:          0
cpu7->cpu7_L2C LOAD         ACCESS:     330460 HIT:     169226 MISS:     161234 MSHR_MERGE:          0
cpu7->cpu7_L2C RFO          ACCESS:     136134 HIT:       7017 MISS:     129117 MSHR_MERGE:          0
cpu7->cpu7_L2C PREFETCH     ACCESS:          0 HIT:          0 MISS:          0 MSHR_MERGE:          0
cpu7->cpu7_L2C WRITE        ACCESS:     197456 HIT:     197409 MISS:         47 MSHR_MERGE:          0
cpu7->cpu7_L2C TRANSLATION  ACCESS:          0 HIT:          0 MISS:          0 MSHR_MERGE:          0
cpu7->cpu7_L2C PREFETCH REQUESTED:          0 ISSUED:          0 USEFUL:          0 USELESS:          0
cpu7->cpu7_L2C AVERAGE MISS LATENCY: 195.1 cycles
cpu7->cpu7_L1I TOTAL        ACCESS:    4936354 HIT:    4934720 MISS:       1634 MSHR_MERGE:       1120
cpu7->cpu7_L1I LOAD         ACCESS:    4936354 HIT:    4934720 MISS:       1634 MSHR_MERGE:       1120
cpu7->cpu7_L1I RFO          ACCESS:          0 HIT:          0 MISS:          0 MSHR_MERGE:          0
cpu7->cpu7_L1I PREFETCH     ACCESS:          0 HIT:          0 MISS:          0 MSHR_MERGE:          0
cpu7->cpu7_L1I WRITE        ACCESS:          0 HIT:          0 MISS:          0 MSHR_MERGE:          0
cpu7->cpu7_L1I TRANSLATION  ACCESS:          0 HIT:          0 MISS:          0 MSHR_MERGE:          0
cpu7->cpu7_L1I PREFETCH REQUESTED:          0 ISSUED:          0 USEFUL:          0 USELESS:          0
cpu7->cpu7_L1I AVERAGE MISS LATENCY: 453.7 cycles
cpu7->cpu7_L1D TOTAL        ACCESS:    5195132 HIT:    3798369 MISS:    1396763 MSHR_MERGE:     930683
cpu7->cpu7_L1D LOAD         ACCESS:    3488078 HIT:    2725319 MISS:     762759 MSHR_MERGE:     432813
cpu7->cpu7_L1D RFO          ACCESS:          0 HIT:          0 MISS:          0 MSHR_MERGE:          0
cpu7->cpu7_L1D PREFETCH     ACCESS:          0 HIT:          0 MISS:          0 MSHR_MERGE:          0
cpu7->cpu7_L1D WRITE        ACCESS:    1707054 HIT:    1073050 MISS:     634004 MSHR_MERGE:     497870
cpu7->cpu7_L1D TRANSLATION  ACCESS:          0 HIT:          0 MISS:          0 MSHR_MERGE:          0
cpu7->cpu7_L1D PREFETCH REQUESTED:          0 ISSUED:          0 USEFUL:          0 USELESS:          0
cpu7->cpu7_L1D AVERAGE MISS LATENCY: 129.8 cycles
cpu7->cpu7_ITLB TOTAL        ACCESS:    4337345 HIT:    4337345 MISS:          0 MSHR_MERGE:          0
cpu7->cpu7_ITLB LOAD         ACCESS:    4337345 HIT:    4337345 MISS:          0 MSHR_MERGE:          0
cpu7->cpu7_ITLB RFO          ACCESS:          0 HIT:          0 MISS:          0 MSHR_MERGE:          0
cpu7->cpu7_ITLB PREFETCH     ACCESS:          0 HIT:          0 MISS:          0 MSHR_MERGE:          0
cpu7->cpu7_ITLB WRITE        ACCESS:          0 HIT:          0 MISS:          0 MSHR_MERGE:          0
cpu7->cpu7_ITLB TRANSLATION  ACCESS:          0 HIT:          0 MISS:          0 MSHR_MERGE:          0
cpu7->cpu7_ITLB PREFETCH REQUESTED:          0 ISSUED:          0 USEFUL:          0 USELESS:          0
cpu7->cpu7_ITLB AVERAGE MISS LATENCY: - cycles
cpu7->cpu7_DTLB TOTAL        ACCESS:    4620311 HIT:    4620311 MISS:          0 MSHR_MERGE:          0
cpu7->cpu7_DTLB LOAD         ACCESS:    4620311 HIT:    4620311 MISS:          0 MSHR_MERGE:          0
cpu7->cpu7_DTLB RFO          ACCESS:          0 HIT:          0 MISS:          0 MSHR_MERGE:          0
cpu7->cpu7_DTLB PREFETCH     ACCESS:          0 HIT:          0 MISS:          0 MSHR_MERGE:          0
cpu7->cpu7_DTLB WRITE        ACCESS:          0 HIT:          0 MISS:          0 MSHR_MERGE:          0
cpu7->cpu7_DTLB TRANSLATION  ACCESS:          0 HIT:          0 MISS:          0 MSHR_MERGE:          0
cpu7->cpu7_DTLB PREFETCH REQUESTED:          0 ISSUED:          0 USEFUL:          0 USELESS:          0
cpu7->cpu7_DTLB AVERAGE MISS LATENCY: - cycles
cpu6->cpu6_L2C TOTAL        ACCESS:     662740 HIT:     373785 MISS:     288955 MSHR_MERGE:          0
cpu6->cpu6_L2C LOAD         ACCESS:     329925 HIT:     169652 MISS:     160273 MSHR_MERGE:          0
cpu6->cpu6_L2C RFO          ACCESS:     135653 HIT:       7018 MISS:     128635 MSHR_MERGE:          0
cpu6->cpu6_L2C PREFETCH     ACCESS:          0 HIT:          0 MISS:          0 MSHR_MERGE:          0
cpu6->cpu6_L2C WRITE        ACCESS:     197162 HIT:     197115 MISS:         47 MSHR_MERGE:          0
cpu6->cpu6_L2C TRANSLATION  ACCESS:          0 HIT:          0 MISS:          0 MSHR_MERGE:          0
cpu6->cpu6_L2C PREFETCH REQUESTED:          0 ISSUED:          0 USEFUL:          0 USELESS:          0
cpu6->cpu6_L2C AVERAGE MISS LATENCY: 192.6 cycles
cpu6->cpu6_L1I TOTAL        ACCESS:    4966235 HIT:    4964611 MISS:       1624 MSHR_MERGE:       1110
cpu6->cpu6_L1I LOAD         ACCESS:    4966235 HIT:    4964611 MISS:       1624 MSHR_MERGE:       1110
cpu6->cpu6_L1I RFO          ACCESS:          0 HIT:          0 MISS:          0 MSHR_MERGE:          0
cpu6->cpu6_L1I PREFETCH     ACCESS:          0 HIT:          0 MISS:          0 MSHR_MERGE:          0
cpu6->cpu6_L1I WRITE        ACCESS:          0 HIT:          0 MISS:          0 MSHR_MERGE:          0
cpu6->cpu6_L1I TRANSLATION  ACCESS:          0 HIT:          0 MISS:          0 MSHR_MERGE:          0
cpu6->cpu6_L1I PREFETCH REQUESTED:          0 ISSUED:          0 USEFUL:          0 USELESS:          0
cpu6->cpu6_L1I AVERAGE MISS LATENCY: 441.4 cycles
cpu6->cpu6_L1D TOTAL        ACCESS:    5202507 HIT:    3817659 MISS:    1384848 MSHR_MERGE:     919785
cpu6->cpu6_L1D LOAD         ACCESS:    3496344 HIT:    2740535 MISS:     755809 MSHR_MERGE:     426399
cpu6->cpu6_L1D RFO          ACCESS:          0 HIT:          0 MISS:          0 MSHR_MERGE:          0
cpu6->cpu6_L1D PREFETCH     ACCESS:          0 HIT:          0 MISS:          0 MSHR_MERGE:          0
cpu6->cpu6_L1D WRITE        ACCESS:    1706163 HIT:    1077124 MISS:     629039 MSHR_MERGE:     493386
cpu6->cpu6_L1D TRANSLATION  ACCESS:          0 HIT:          0 MISS:          0 MSHR_MERGE:          0
cpu6->cpu6_L1D PREFETCH REQUESTED:          0 ISSUED:          0 USEFUL:          0 USELESS:          0
cpu6->cpu6_L1D AVERAGE MISS LATENCY: 127.9 cycles
cpu6->cpu6_ITLB TOTAL        ACCESS:    4364945 HIT:    4364945 MISS:          0 MSHR_MERGE:          0
cpu6->cpu6_ITLB LOAD         ACCESS:    4364945 HIT:    4364945 MISS:          0 MSHR_MERGE:          0
cpu6->cpu6_ITLB RFO          ACCESS:          0 HIT:          0 MISS:          0 MSHR_MERGE:          0
cpu6->cpu6_ITLB PREFETCH     ACCESS:          0 HIT:          0 MISS:          0 MSHR_MERGE:          0
cpu6->cpu6_ITLB WRITE        ACCESS:          0 HIT:          0 MISS:          0 MSHR_MERGE:          0
cpu6->cpu6_ITLB TRANSLATION  ACCESS:          0 HIT:          0 MISS:          0 MSHR_MERGE:          0
cpu6->cpu6_ITLB PREFETCH REQUESTED:          0 ISSUED:          0 USEFUL:          0 USELESS:          0
cpu6->cpu6_ITLB AVERAGE MISS LATENCY: - cycles
cpu6->cpu6_DTLB TOTAL        ACCESS:    4627459 HIT:    4627459 MISS:          0 MSHR_MERGE:          0
cpu6->cpu6_DTLB LOAD         ACCESS:    4627459 HIT:    4627459 MISS:          0 MSHR_MERGE:          0
cpu6->cpu6_DTLB RFO          ACCESS:          0 HIT:          0 MISS:          0 MSHR_MERGE:          0
cpu6->cpu6_DTLB PREFETCH     ACCESS:          0 HIT:          0 MISS:          0 MSHR_MERGE:          0
cpu6->cpu6_DTLB WRITE        ACCESS:          0 HIT:          0 MISS:          0 MSHR_MERGE:          0
cpu6->cpu6_DTLB TRANSLATION  ACCESS:          0 HIT:          0 MISS:          0 MSHR_MERGE:          0
cpu6->cpu6_DTLB PREFETCH REQUESTED:          0 ISSUED:          0 USEFUL:          0 USELESS:          0
cpu6->cpu6_DTLB AVERAGE MISS LATENCY: - cycles
cpu5->cpu5_L2C TOTAL        ACCESS:     685322 HIT:     392147 MISS:     293175 MSHR_MERGE:          0
cpu5->cpu5_L2C LOAD         ACCESS:     339935 HIT:     180029 MISS:     159906 MSHR_MERGE:          0
cpu5->cpu5_L2C RFO          ACCESS:     140243 HIT:       7022 MISS:     133221 MSHR_MERGE:          0
cpu5->cpu5_L2C PREFETCH     ACCESS:          0 HIT:          0 MISS:          0 MSHR_MERGE:          0
cpu5->cpu5_L2C WRITE        ACCESS:     205144 HIT:     205096 MISS:         48 MSHR_MERGE:          0
cpu5->cpu5_L2C TRANSLATION  ACCESS:          0 HIT:          0 MISS:          0 MSHR_MERGE:          0
cpu5->cpu5_L2C PREFETCH REQUESTED:          0 ISSUED:          0 USEFUL:          0 USELESS:          0
cpu5->cpu5_L2C AVERAGE MISS LATENCY: 179.1 cycles
cpu5->cpu5_L1I TOTAL        ACCESS:    5097879 HIT:    5096129 MISS:       1750 MSHR_MERGE:       1232
cpu5->cpu5_L1I LOAD         ACCESS:    5097879 HIT:    5096129 MISS:       1750 MSHR_MERGE:       1232
cpu5->cpu5_L1I RFO          ACCESS:          0 HIT:          0 MISS:          0 MSHR_MERGE:          0
cpu5->cpu5_L1I PREFETCH     ACCESS:          0 HIT:          0 MISS:          0 MSHR_MERGE:          0
cpu5->cpu5_L1I WRITE        ACCESS:          0 HIT:          0 MISS:          0 MSHR_MERGE:          0
cpu5->cpu5_L1I TRANSLATION  ACCESS:          0 HIT:          0 MISS:          0 MSHR_MERGE:          0
cpu5->cpu5_L1I PREFETCH REQUESTED:          0 ISSUED:          0 USEFUL:          0 USELESS:          0
cpu5->cpu5_L1I AVERAGE MISS LATENCY: 378.1 cycles
cpu5->cpu5_L1D TOTAL        ACCESS:    5340179 HIT:    3914745 MISS:    1425434 MSHR_MERGE:     945774
cpu5->cpu5_L1D LOAD         ACCESS:    3575132 HIT:    2803878 MISS:     771254 MSHR_MERGE:     431837
cpu5->cpu5_L1D RFO          ACCESS:          0 HIT:          0 MISS:          0 MSHR_MERGE:          0
cpu5->cpu5_L1D PREFETCH     ACCESS:          0 HIT:          0 MISS:          0 MSHR_MERGE:          0
cpu5->cpu5_L1D WRITE        ACCESS:    1765047 HIT:    1110867 MISS:     654180 MSHR_MERGE:     513937
cpu5->cpu5_L1D TRANSLATION  ACCESS:          0 HIT:          0 MISS:          0 MSHR_MERGE:          0
cpu5->cpu5_L1D PREFETCH REQUESTED:          0 ISSUED:          0 USEFUL:          0 USELESS:          0
cpu5->cpu5_L1D AVERAGE MISS LATENCY: 117.8 cycles
cpu5->cpu5_ITLB TOTAL        ACCESS:    4474239 HIT:    4474239 MISS:          0 MSHR_MERGE:          0
cpu5->cpu5_ITLB LOAD         ACCESS:    4474239 HIT:    4474239 MISS:          0 MSHR_MERGE:          0
cpu5->cpu5_ITLB RFO          ACCESS:          0 HIT:          0 MISS:          0 MSHR_MERGE:          0
cpu5->cpu5_ITLB PREFETCH     ACCESS:          0 HIT:          0 MISS:          0 MSHR_MERGE:          0
cpu5->cpu5_ITLB WRITE        ACCESS:          0 HIT:          0 MISS:          0 MSHR_MERGE:          0
cpu5->cpu5_ITLB TRANSLATION  ACCESS:          0 HIT:          0 MISS:          0 MSHR_MERGE:          0
cpu5->cpu5_ITLB PREFETCH REQUESTED:          0 ISSUED:          0 USEFUL:          0 USELESS:          0
cpu5->cpu5_ITLB AVERAGE MISS LATENCY: - cycles
cpu5->cpu5_DTLB TOTAL        ACCESS:    4733406 HIT:    4733406 MISS:          0 MSHR_MERGE:          0
cpu5->cpu5_DTLB LOAD         ACCESS:    4733406 HIT:    4733406 MISS:          0 MSHR_MERGE:          0
cpu5->cpu5_DTLB RFO          ACCESS:          0 HIT:          0 MISS:          0 MSHR_MERGE:          0
cpu5->cpu5_DTLB PREFETCH     ACCESS:          0 HIT:          0 MISS:          0 MSHR_MERGE:          0
cpu5->cpu5_DTLB WRITE        ACCESS:          0 HIT:          0 MISS:          0 MSHR_MERGE:          0
cpu5->cpu5_DTLB TRANSLATION  ACCESS:          0 HIT:          0 MISS:          0 MSHR_MERGE:          0
cpu5->cpu5_DTLB PREFETCH REQUESTED:          0 ISSUED:          0 USEFUL:          0 USELESS:          0
cpu5->cpu5_DTLB AVERAGE MISS LATENCY: - cycles
cpu4->cpu4_L2C TOTAL        ACCESS:     675050 HIT:     385694 MISS:     289356 MSHR_MERGE:          0
cpu4->cpu4_L2C LOAD         ACCESS:     334077 HIT:     176530 MISS:     157547 MSHR_MERGE:          0
cpu4->cpu4_L2C RFO          ACCESS:     138784 HIT:       7023 MISS:     131761 MSHR_MERGE:          0
cpu4->cpu4_L2C PREFETCH     ACCESS:          0 HIT:          0 MISS:          0 MSHR_MERGE:          0
cpu4->cpu4_L2C WRITE        ACCESS:     202189 HIT:     202141 MISS:         48 MSHR_MERGE:          0
cpu4->cpu4_L2C TRANSLATION  ACCESS:          0 HIT:          0 MISS:          0 MSHR_MERGE:          0
cpu4->cpu4_L2C PREFETCH REQUESTED:          0 ISSUED:          0 USEFUL:          0 USELESS:          0
cpu4->cpu4_L2C AVERAGE MISS LATENCY: 189.2 cycles
cpu4->cpu4_L1I TOTAL        ACCESS:    5031066 HIT:    5029403 MISS:       1663 MSHR_MERGE:       1145
cpu4->cpu4_L1I LOAD         ACCESS:    5031066 HIT:    5029403 MISS:       1663 MSHR_MERGE:       1145
cpu4->cpu4_L1I RFO          ACCESS:          0 HIT:          0 MISS:          0 MSHR_MERGE:          0
cpu4->cpu4_L1I PREFETCH     ACCESS:          0 HIT:          0 MISS:          0 MSHR_MERGE:          0
cpu4->cpu4_L1I WRITE        ACCESS:          0 HIT:          0 MISS:          0 MSHR_MERGE:          0
cpu4->cpu4_L1I TRANSLATION  ACCESS:          0 HIT:          0 MISS:          0 MSHR_MERGE:          0
cpu4->cpu4_L1I PREFETCH REQUESTED:          0 ISSUED:          0 USEFUL:          0 USELESS:          0
cpu4->cpu4_L1I AVERAGE MISS LATENCY: 411.6 cycles
cpu4->cpu4_L1D TOTAL        ACCESS:    5271700 HIT:    3866611 MISS:    1405089 MSHR_MERGE:     932745
cpu4->cpu4_L1D LOAD         ACCESS:    3529575 HIT:    2772974 MISS:     756601 MSHR_MERGE:     423041
cpu4->cpu4_L1D RFO          ACCESS:          0 HIT:          0 MISS:          0 MSHR_MERGE:          0
cpu4->cpu4_L1D PREFETCH     ACCESS:          0 HIT:          0 MISS:          0 MSHR_MERGE:          0
cpu4->cpu4_L1D WRITE        ACCESS:    1742125 HIT:    1093637 MISS:     648488 MSHR_MERGE:     509704
cpu4->cpu4_L1D TRANSLATION  ACCESS:          0 HIT:          0 MISS:          0 MSHR_MERGE:          0
cpu4->cpu4_L1D PREFETCH REQUESTED:          0 ISSUED:          0 USEFUL:          0 USELESS:          0
cpu4->cpu4_L1D AVERAGE MISS LATENCY: 124.1 cycles
cpu4->cpu4_ITLB TOTAL        ACCESS:    4417733 HIT:    4417733 MISS:          0 MSHR_MERGE:          0
cpu4->cpu4_ITLB LOAD         ACCESS:    4417733 HIT:    4417733 MISS:          0 MSHR_MERGE:          0
cpu4->cpu4_ITLB RFO          ACCESS:          0 HIT:          0 MISS:          0 MSHR_MERGE:          0
cpu4->cpu4_ITLB PREFETCH     ACCESS:          0 HIT:          0 MISS:          0 MSHR_MERGE:          0
cpu4->cpu4_ITLB WRITE        ACCESS:          0 HIT:          0 MISS:          0 MSHR_MERGE:          0
cpu4->cpu4_ITLB TRANSLATION  ACCESS:          0 HIT:          0 MISS:          0 MSHR_MERGE:          0
cpu4->cpu4_ITLB PREFETCH REQUESTED:          0 ISSUED:          0 USEFUL:          0 USELESS:          0
cpu4->cpu4_ITLB AVERAGE MISS LATENCY: - cycles
cpu4->cpu4_DTLB TOTAL        ACCESS:    4670183 HIT:    4670183 MISS:          0 MSHR_MERGE:          0
cpu4->cpu4_DTLB LOAD         ACCESS:    4670183 HIT:    4670183 MISS:          0 MSHR_MERGE:          0
cpu4->cpu4_DTLB RFO          ACCESS:          0 HIT:          0 MISS:          0 MSHR_MERGE:          0
cpu4->cpu4_DTLB PREFETCH     ACCESS:          0 HIT:          0 MISS:          0 MSHR_MERGE:          0
cpu4->cpu4_DTLB WRITE        ACCESS:          0 HIT:          0 MISS:          0 MSHR_MERGE:          0
cpu4->cpu4_DTLB TRANSLATION  ACCESS:          0 HIT:          0 MISS:          0 MSHR_MERGE:          0
cpu4->cpu4_DTLB PREFETCH REQUESTED:          0 ISSUED:          0 USEFUL:          0 USELESS:          0
cpu4->cpu4_DTLB AVERAGE MISS LATENCY: - cycles
cpu3->cpu3_L2C TOTAL        ACCESS:     655304 HIT:     372078 MISS:     283226 MSHR_MERGE:          0
cpu3->cpu3_L2C LOAD         ACCESS:     323705 HIT:     169312 MISS:     154393 MSHR_MERGE:          0
cpu3->cpu3_L2C RFO          ACCESS:     135805 HIT:       7019 MISS:     128786 MSHR_MERGE:          0
cpu3->cpu3_L2C PREFETCH     ACCESS:          0 HIT:          0 MISS:          0 MSHR_MERGE:          0
cpu3->cpu3_L2C WRITE        ACCESS:     195794 HIT:     195747 MISS:         47 MSHR_MERGE:          0
cpu3->cpu3_L2C TRANSLATION  ACCESS:          0 HIT:          0 MISS:          0 MSHR_MERGE:          0
cpu3->cpu3_L2C PREFETCH REQUESTED:          0 ISSUED:          0 USEFUL:          0 USELESS:          0
cpu3->cpu3_L2C AVERAGE MISS LATENCY: 200.5 cycles
cpu3->cpu3_L1I TOTAL        ACCESS:    4927018 HIT:    4925388 MISS:       1630 MSHR_MERGE:       1119
cpu3->cpu3_L1I LOAD         ACCESS:    4927018 HIT:    4925388 MISS:       1630 MSHR_MERGE:       1119
cpu3->cpu3_L1I RFO          ACCESS:          0 HIT:          0 MISS:          0 MSHR_MERGE:          0
cpu3->cpu3_L1I PREFETCH     ACCESS:          0 HIT:          0 MISS:          0 MSHR_MERGE:          0
cpu3->cpu3_L1I WRITE        ACCESS:          0 HIT:          0 MISS:          0 MSHR_MERGE:          0
cpu3->cpu3_L1I TRANSLATION  ACCESS:          0 HIT:          0 MISS:          0 MSHR_MERGE:          0
cpu3->cpu3_L1I PREFETCH REQUESTED:          0 ISSUED:          0 USEFUL:          0 USELESS:          0
cpu3->cpu3_L1I AVERAGE MISS LATENCY: 442.8 cycles
cpu3->cpu3_L1D TOTAL        ACCESS:    5145057 HIT:    3773397 MISS:    1371660 MSHR_MERGE:     912661
cpu3->cpu3_L1D LOAD         ACCESS:    3449922 HIT:    2711267 MISS:     738655 MSHR_MERGE:     415461
cpu3->cpu3_L1D RFO          ACCESS:          0 HIT:          0 MISS:          0 MSHR_MERGE:          0
cpu3->cpu3_L1D PREFETCH     ACCESS:          0 HIT:          0 MISS:          0 MSHR_MERGE:          0
cpu3->cpu3_L1D WRITE        ACCESS:    1695135 HIT:    1062130 MISS:     633005 MSHR_MERGE:     497200
cpu3->cpu3_L1D TRANSLATION  ACCESS:          0 HIT:          0 MISS:          0 MSHR_MERGE:          0
cpu3->cpu3_L1D PREFETCH REQUESTED:          0 ISSUED:          0 USEFUL:          0 USELESS:          0
cpu3->cpu3_L1D AVERAGE MISS LATENCY: 131.9 cycles
cpu3->cpu3_ITLB TOTAL        ACCESS:    4329927 HIT:    4329927 MISS:          0 MSHR_MERGE:          0
cpu3->cpu3_ITLB LOAD         ACCESS:    4329927 HIT:    4329927 MISS:          0 MSHR_MERGE:          0
cpu3->cpu3_ITLB RFO          ACCESS:          0 HIT:          0 MISS:          0 MSHR_MERGE:          0
cpu3->cpu3_ITLB PREFETCH     ACCESS:          0 HIT:          0 MISS:          0 MSHR_MERGE:          0
cpu3->cpu3_ITLB WRITE        ACCESS:          0 HIT:          0 MISS:          0 MSHR_MERGE:          0
cpu3->cpu3_ITLB TRANSLATION  ACCESS:          0 HIT:          0 MISS:          0 MSHR_MERGE:          0
cpu3->cpu3_ITLB PREFETCH REQUESTED:          0 ISSUED:          0 USEFUL:          0 USELESS:          0
cpu3->cpu3_ITLB AVERAGE MISS LATENCY: - cycles
cpu3->cpu3_DTLB TOTAL        ACCESS:    4566895 HIT:    4566895 MISS:          0 MSHR_MERGE:          0
cpu3->cpu3_DTLB LOAD         ACCESS:    4566895 HIT:    4566895 MISS:          0 MSHR_MERGE:          0
cpu3->cpu3_DTLB RFO          ACCESS:          0 HIT:          0 MISS:          0 MSHR_MERGE:          0
cpu3->cpu3_DTLB PREFETCH     ACCESS:          0 HIT:          0 MISS:          0 MSHR_MERGE:          0
cpu3->cpu3_DTLB WRITE        ACCESS:          0 HIT:          0 MISS:          0 MSHR_MERGE:          0
cpu3->cpu3_DTLB TRANSLATION  ACCESS:          0 HIT:          0 MISS:          0 MSHR_MERGE:          0
cpu3->cpu3_DTLB PREFETCH REQUESTED:          0 ISSUED:          0 USEFUL:          0 USELESS:          0
cpu3->cpu3_DTLB AVERAGE MISS LATENCY: - cycles
cpu2->cpu2_L2C TOTAL        ACCESS:     646238 HIT:     366642 MISS:     279596 MSHR_MERGE:          0
cpu2->cpu2_L2C LOAD         ACCESS:     319429 HIT:     166211 MISS:     153218 MSHR_MERGE:          0
cpu2->cpu2_L2C RFO          ACCESS:     133350 HIT:       7019 MISS:     126331 MSHR_MERGE:          0
cpu2->cpu2_L2C PREFETCH     ACCESS:          0 HIT:          0 MISS:          0 MSHR_MERGE:          0
cpu2->cpu2_L2C WRITE        ACCESS:     193459 HIT:     193412 MISS:         47 MSHR_MERGE:          0
cpu2->cpu2_L2C TRANSLATION  ACCESS:          0 HIT:          0 MISS:          0 MSHR_MERGE:          0
cpu2->cpu2_L2C PREFETCH REQUESTED:          0 ISSUED:          0 USEFUL:          0 USELESS:          0
cpu2->cpu2_L2C AVERAGE MISS LATENCY: 198.8 cycles
cpu2->cpu2_L1I TOTAL        ACCESS:    4888107 HIT:    4886543 MISS:       1564 MSHR_MERGE:       1053
cpu2->cpu2_L1I LOAD         ACCESS:    4888107 HIT:    4886543 MISS:       1564 MSHR_MERGE:       1053
cpu2->cpu2_L1I RFO          ACCESS:          0 HIT:          0 MISS:          0 MSHR_MERGE:          0
cpu2->cpu2_L1I PREFETCH     ACCESS:          0 HIT:          0 MISS:          0 MSHR_MERGE:          0
cpu2->cpu2_L1I WRITE        ACCESS:          0 HIT:          0 MISS:          0 MSHR_MERGE:          0
cpu2->cpu2_L1I TRANSLATION  ACCESS:          0 HIT:          0 MISS:          0 MSHR_MERGE:          0
cpu2->cpu2_L1I PREFETCH REQUESTED:          0 ISSUED:          0 USEFUL:          0 USELESS:          0
cpu2->cpu2_L1I AVERAGE MISS LATENCY: 477.7 cycles
cpu2->cpu2_L1D TOTAL        ACCESS:    5089152 HIT:    3737295 MISS:    1351857 MSHR_MERGE:     899588
cpu2->cpu2_L1D LOAD         ACCESS:    3408624 HIT:    2680201 MISS:     728423 MSHR_MERGE:     409504
cpu2->cpu2_L1D RFO          ACCESS:          0 HIT:          0 MISS:          0 MSHR_MERGE:          0
cpu2->cpu2_L1D PREFETCH     ACCESS:          0 HIT:          0 MISS:          0 MSHR_MERGE:          0
cpu2->cpu2_L1D WRITE        ACCESS:    1680528 HIT:    1057094 MISS:     623434 MSHR_MERGE:     490084
cpu2->cpu2_L1D TRANSLATION  ACCESS:          0 HIT:          0 MISS:          0 MSHR_MERGE:          0
cpu2->cpu2_L1D PREFETCH REQUESTED:          0 ISSUED:          0 USEFUL:          0 USELESS:          0
cpu2->cpu2_L1D AVERAGE MISS LATENCY: 131.1 cycles
cpu2->cpu2_ITLB TOTAL        ACCESS:    4289830 HIT:    4289830 MISS:          0 MSHR_MERGE:          0
cpu2->cpu2_ITLB LOAD         ACCESS:    4289830 HIT:    4289830 MISS:          0 MSHR_MERGE:          0
cpu2->cpu2_ITLB RFO          ACCESS:          0 HIT:          0 MISS:          0 MSHR_MERGE:          0
cpu2->cpu2_ITLB PREFETCH     ACCESS:          0 HIT:          0 MISS:          0 MSHR_MERGE:          0
cpu2->cpu2_ITLB WRITE        ACCESS:          0 HIT:          0 MISS:          0 MSHR_MERGE:          0
cpu2->cpu2_ITLB TRANSLATION  ACCESS:          0 HIT:          0 MISS:          0 MSHR_MERGE:          0
cpu2->cpu2_ITLB PREFETCH REQUESTED:          0 ISSUED:          0 USEFUL:          0 USELESS:          0
cpu2->cpu2_ITLB AVERAGE MISS LATENCY: - cycles
cpu2->cpu2_DTLB TOTAL        ACCESS:    4513764 HIT:    4513764 MISS:          0 MSHR_MERGE:          0
cpu2->cpu2_DTLB LOAD         ACCESS:    4513764 HIT:    4513764 MISS:          0 MSHR_MERGE:          0
cpu2->cpu2_DTLB RFO          ACCESS:          0 HIT:          0 MISS:          0 MSHR_MERGE:          0
cpu2->cpu2_DTLB PREFETCH     ACCESS:          0 HIT:          0 MISS:          0 MSHR_MERGE:          0
cpu2->cpu2_DTLB WRITE        ACCESS:          0 HIT:          0 MISS:          0 MSHR_MERGE:          0
cpu2->cpu2_DTLB TRANSLATION  ACCESS:          0 HIT:          0 MISS:          0 MSHR_MERGE:          0
cpu2->cpu2_DTLB PREFETCH REQUESTED:          0 ISSUED:          0 USEFUL:          0 USELESS:          0
cpu2->cpu2_DTLB AVERAGE MISS LATENCY: - cycles
cpu1->cpu1_L2C TOTAL        ACCESS:     650920 HIT:     370927 MISS:     279993 MSHR_MERGE:          0
cpu1->cpu1_L2C LOAD         ACCESS:     321690 HIT:     169324 MISS:     152366 MSHR_MERGE:          0
cpu1->cpu1_L2C RFO          ACCESS:     134591 HIT:       7011 MISS:     127580 MSHR_MERGE:          0
cpu1->cpu1_L2C PREFETCH     ACCESS:          0 HIT:          0 MISS:          0 MSHR_MERGE:          0
cpu1->cpu1_L2C WRITE        ACCESS:     194639 HIT:     194592 MISS:         47 MSHR_MERGE:          0
cpu1->cpu1_L2C TRANSLATION  ACCESS:          0 HIT:          0 MISS:          0 MSHR_MERGE:          0
cpu1->cpu1_L2C PREFETCH REQUESTED:          0 ISSUED:          0 USEFUL:          0 USELESS:          0
cpu1->cpu1_L2C AVERAGE MISS LATENCY: 198.6 cycles
cpu1->cpu1_L1I TOTAL        ACCESS:    4861119 HIT:    4859521 MISS:       1598 MSHR_MERGE:       1096
cpu1->cpu1_L1I LOAD         ACCESS:    4861119 HIT:    4859521 MISS:       1598 MSHR_MERGE:       1096
cpu1->cpu1_L1I RFO          ACCESS:          0 HIT:          0 MISS:          0 MSHR_MERGE:          0
cpu1->cpu1_L1I PREFETCH     ACCESS:          0 HIT:          0 MISS:          0 MSHR_MERGE:          0
cpu1->cpu1_L1I WRITE        ACCESS:          0 HIT:          0 MISS:          0 MSHR_MERGE:          0
cpu1->cpu1_L1I TRANSLATION  ACCESS:          0 HIT:          0 MISS:          0 MSHR_MERGE:          0
cpu1->cpu1_L1I PREFETCH REQUESTED:          0 ISSUED:          0 USEFUL:          0 USELESS:          0
cpu1->cpu1_L1I AVERAGE MISS LATENCY: 430.4 cycles
cpu1->cpu1_L1D TOTAL        ACCESS:    5075746 HIT:    3714846 MISS:    1360900 MSHR_MERGE:     905120
cpu1->cpu1_L1D LOAD         ACCESS:    3397249 HIT:    2666869 MISS:     730380 MSHR_MERGE:     409191
cpu1->cpu1_L1D RFO          ACCESS:          0 HIT:          0 MISS:          0 MSHR_MERGE:          0
cpu1->cpu1_L1D PREFETCH     ACCESS:          0 HIT:          0 MISS:          0 MSHR_MERGE:          0
cpu1->cpu1_L1D WRITE        ACCESS:    1678497 HIT:    1047977 MISS:     630520 MSHR_MERGE:     495929
cpu1->cpu1_L1D TRANSLATION  ACCESS:          0 HIT:          0 MISS:          0 MSHR_MERGE:          0
cpu1->cpu1_L1D PREFETCH REQUESTED:          0 ISSUED:          0 USEFUL:          0 USELESS:          0
cpu1->cpu1_L1D AVERAGE MISS LATENCY: 130.2 cycles
cpu1->cpu1_ITLB TOTAL        ACCESS:    4269782 HIT:    4269782 MISS:          0 MSHR_MERGE:          0
cpu1->cpu1_ITLB LOAD         ACCESS:    4269782 HIT:    4269782 MISS:          0 MSHR_MERGE:          0
cpu1->cpu1_ITLB RFO          ACCESS:          0 HIT:          0 MISS:          0 MSHR_MERGE:          0
cpu1->cpu1_ITLB PREFETCH     ACCESS:          0 HIT:          0 MISS:          0 MSHR_MERGE:          0
cpu1->cpu1_ITLB WRITE        ACCESS:          0 HIT:          0 MISS:          0 MSHR_MERGE:          0
cpu1->cpu1_ITLB TRANSLATION  ACCESS:          0 HIT:          0 MISS:          0 MSHR_MERGE:          0
cpu1->cpu1_ITLB PREFETCH REQUESTED:          0 ISSUED:          0 USEFUL:          0 USELESS:          0
cpu1->cpu1_ITLB AVERAGE MISS LATENCY: - cycles
cpu1->cpu1_DTLB TOTAL        ACCESS:    4496341 HIT:    4496341 MISS:          0 MSHR_MERGE:          0
cpu1->cpu1_DTLB LOAD         ACCESS:    4496341 HIT:    4496341 MISS:          0 MSHR_MERGE:          0
cpu1->cpu1_DTLB RFO          ACCESS:          0 HIT:          0 MISS:          0 MSHR_MERGE:          0
cpu1->cpu1_DTLB PREFETCH     ACCESS:          0 HIT:          0 MISS:          0 MSHR_MERGE:          0
cpu1->cpu1_DTLB WRITE        ACCESS:          0 HIT:          0 MISS:          0 MSHR_MERGE:          0
cpu1->cpu1_DTLB TRANSLATION  ACCESS:          0 HIT:          0 MISS:          0 MSHR_MERGE:          0
cpu1->cpu1_DTLB PREFETCH REQUESTED:          0 ISSUED:          0 USEFUL:          0 USELESS:          0
cpu1->cpu1_DTLB AVERAGE MISS LATENCY: - cycles
cpu0->cpu0_L2C TOTAL        ACCESS:     638715 HIT:     362646 MISS:     276069 MSHR_MERGE:          0
cpu0->cpu0_L2C LOAD         ACCESS:     316374 HIT:     164472 MISS:     151902 MSHR_MERGE:          0
cpu0->cpu0_L2C RFO          ACCESS:     131128 HIT:       7008 MISS:     124120 MSHR_MERGE:          0
cpu0->cpu0_L2C PREFETCH     ACCESS:          0 HIT:          0 MISS:          0 MSHR_MERGE:          0
cpu0->cpu0_L2C WRITE        ACCESS:     191213 HIT:     191166 MISS:         47 MSHR_MERGE:          0
cpu0->cpu0_L2C TRANSLATION  ACCESS:          0 HIT:          0 MISS:          0 MSHR_MERGE:          0
cpu0->cpu0_L2C PREFETCH REQUESTED:          0 ISSUED:          0 USEFUL:          0 USELESS:          0
cpu0->cpu0_L2C AVERAGE MISS LATENCY: 203.1 cycles
cpu0->cpu0_L1I TOTAL        ACCESS:    4745926 HIT:    4744353 MISS:       1573 MSHR_MERGE:       1071
cpu0->cpu0_L1I LOAD         ACCESS:    4745926 HIT:    4744353 MISS:       1573 MSHR_MERGE:       1071
cpu0->cpu0_L1I RFO          ACCESS:          0 HIT:          0 MISS:          0 MSHR_MERGE:          0
cpu0->cpu0_L1I PREFETCH     ACCESS:          0 HIT:          0 MISS:          0 MSHR_MERGE:          0
cpu0->cpu0_L1I WRITE        ACCESS:          0 HIT:          0 MISS:          0 MSHR_MERGE:          0
cpu0->cpu0_L1I TRANSLATION  ACCESS:          0 HIT:          0 MISS:          0 MSHR_MERGE:          0
cpu0->cpu0_L1I PREFETCH REQUESTED:          0 ISSUED:          0 USEFUL:          0 USELESS:          0
cpu0->cpu0_L1I AVERAGE MISS LATENCY: 434.5 cycles
cpu0->cpu0_L1D TOTAL        ACCESS:    4948723 HIT:    3616219 MISS:    1332504 MSHR_MERGE:     885504
cpu0->cpu0_L1D LOAD         ACCESS:    3314291 HIT:    2592800 MISS:     721491 MSHR_MERGE:     405619
cpu0->cpu0_L1D RFO          ACCESS:          0 HIT:          0 MISS:          0 MSHR_MERGE:          0
cpu0->cpu0_L1D PREFETCH     ACCESS:          0 HIT:          0 MISS:          0 MSHR_MERGE:          0
cpu0->cpu0_L1D WRITE        ACCESS:    1634432 HIT:    1023419 MISS:     611013 MSHR_MERGE:     479885
cpu0->cpu0_L1D TRANSLATION  ACCESS:          0 HIT:          0 MISS:          0 MSHR_MERGE:          0
cpu0->cpu0_L1D PREFETCH REQUESTED:          0 ISSUED:          0 USEFUL:          0 USELESS:          0
cpu0->cpu0_L1D AVERAGE MISS LATENCY: 133.7 cycles
cpu0->cpu0_ITLB TOTAL        ACCESS:    4165933 HIT:    4165933 MISS:          0 MSHR_MERGE:          0
cpu0->cpu0_ITLB LOAD         ACCESS:    4165933 HIT:    4165933 MISS:          0 MSHR_MERGE:          0
cpu0->cpu0_ITLB RFO          ACCESS:          0 HIT:          0 MISS:          0 MSHR_MERGE:          0
cpu0->cpu0_ITLB PREFETCH     ACCESS:          0 HIT:          0 MISS:          0 MSHR_MERGE:          0
cpu0->cpu0_ITLB WRITE        ACCESS:          0 HIT:          0 MISS:          0 MSHR_MERGE:          0
cpu0->cpu0_ITLB TRANSLATION  ACCESS:          0 HIT:          0 MISS:          0 MSHR_MERGE:          0
cpu0->cpu0_ITLB PREFETCH REQUESTED:          0 ISSUED:          0 USEFUL:          0 USELESS:          0
cpu0->cpu0_ITLB AVERAGE MISS LATENCY: - cycles
cpu0->cpu0_DTLB TOTAL        ACCESS:    4398300 HIT:    4398300 MISS:          0 MSHR_MERGE:          0
cpu0->cpu0_DTLB LOAD         ACCESS:    4398300 HIT:    4398300 MISS:          0 MSHR_MERGE:          0
cpu0->cpu0_DTLB RFO          ACCESS:          0 HIT:          0 MISS:          0 MSHR_MERGE:          0
cpu0->cpu0_DTLB PREFETCH     ACCESS:          0 HIT:          0 MISS:          0 MSHR_MERGE:          0
cpu0->cpu0_DTLB WRITE        ACCESS:          0 HIT:          0 MISS:          0 MSHR_MERGE:          0
cpu0->cpu0_DTLB TRANSLATION  ACCESS:          0 HIT:          0 MISS:          0 MSHR_MERGE:          0
cpu0->cpu0_DTLB PREFETCH REQUESTED:          0 ISSUED:          0 USEFUL:          0 USELESS:          0
cpu0->cpu0_DTLB AVERAGE MISS LATENCY: - cycles
cpu0->LLC TOTAL        ACCESS:     426585 HIT:     278850 MISS:     147735 MSHR_MERGE:          0
cpu0->LLC LOAD         ACCESS:     151902 HIT:      76342 MISS:      75560 MSHR_MERGE:          0
cpu0->LLC RFO          ACCESS:     124120 HIT:      62262 MISS:      61858 MSHR_MERGE:          0
cpu0->LLC PREFETCH     ACCESS:          0 HIT:          0 MISS:          0 MSHR_MERGE:          0
cpu0->LLC WRITE        ACCESS:     150563 HIT:     140246 MISS:      10317 MSHR_MERGE:          0
cpu0->LLC TRANSLATION  ACCESS:          0 HIT:          0 MISS:          0 MSHR_MERGE:          0
cpu0->LLC PREFETCH REQUESTED:          0 ISSUED:          0 USEFUL:          0 USELESS:          0
cpu0->LLC AVERAGE MISS LATENCY: 2766 cycles
cpu1->LLC TOTAL        ACCESS:     432142 HIT:     285450 MISS:     146692 MSHR_MERGE:          0
cpu1->LLC LOAD         ACCESS:     152365 HIT:      77171 MISS:      75194 MSHR_MERGE:          0
cpu1->LLC RFO          ACCESS:     127579 HIT:      64967 MISS:      62612 MSHR_MERGE:          0
cpu1->LLC PREFETCH     ACCESS:          0 HIT:          0 MISS:          0 MSHR_MERGE:          0
cpu1->LLC WRITE        ACCESS:     152198 HIT:     143312 MISS:       8886 MSHR_MERGE:          0
cpu1->LLC TRANSLATION  ACCESS:          0 HIT:          0 MISS:          0 MSHR_MERGE:          0
cpu1->LLC PREFETCH REQUESTED:          0 ISSUED:          0 USEFUL:          0 USELESS:          0
cpu1->LLC AVERAGE MISS LATENCY: 2786 cycles
cpu2->LLC TOTAL        ACCESS:     431708 HIT:     287401 MISS:     144307 MSHR_MERGE:          0
cpu2->LLC LOAD         ACCESS:     153218 HIT:      77811 MISS:      75407 MSHR_MERGE:          0
cpu2->LLC RFO          ACCESS:     126330 HIT:      64576 MISS:      61754 MSHR_MERGE:          0
cpu2->LLC PREFETCH     ACCESS:          0 HIT:          0 MISS:          0 MSHR_MERGE:          0
cpu2->LLC WRITE        ACCESS:     152160 HIT:     145014 MISS:       7146 MSHR_MERGE:          0
cpu2->LLC TRANSLATION  ACCESS:          0 HIT:          0 MISS:          0 MSHR_MERGE:          0
cpu2->LLC PREFETCH REQUESTED:          0 ISSUED:          0 USEFUL:          0 USELESS:          0
cpu2->LLC AVERAGE MISS LATENCY: 2832 cycles
cpu3->LLC TOTAL        ACCESS:     436963 HIT:     292031 MISS:     144932 MSHR_MERGE:          0
cpu3->LLC LOAD         ACCESS:     154393 HIT:      79175 MISS:      75218 MSHR_MERGE:          0
cpu3->LLC RFO          ACCESS:     128786 HIT:      65813 MISS:      62973 MSHR_MERGE:          0
cpu3->LLC PREFETCH     ACCESS:          0 HIT:          0 MISS:          0 MSHR_MERGE:          0
cpu3->LLC WRITE        ACCESS:     153784 HIT:     147043 MISS:       6741 MSHR_MERGE:          0
cpu3->LLC TRANSLATION  ACCESS:          0 HIT:          0 MISS:          0 MSHR_MERGE:          0
cpu3->LLC PREFETCH REQUESTED:          0 ISSUED:          0 USEFUL:          0 USELESS:          0
cpu3->LLC AVERAGE MISS LATENCY: 2820 cycles
cpu4->LLC TOTAL        ACCESS:     445976 HIT:     301418 MISS:     144558 MSHR_MERGE:          0
cpu4->LLC LOAD         ACCESS:     157547 HIT:      85619 MISS:      71928 MSHR_MERGE:          0
cpu4->LLC RFO          ACCESS:     131761 HIT:      68747 MISS:      63014 MSHR_MERGE:          0
cpu4->LLC PREFETCH     ACCESS:          0 HIT:          0 MISS:          0 MSHR_MERGE:          0
cpu4->LLC WRITE        ACCESS:     156668 HIT:     147052 MISS:       9616 MSHR_MERGE:          0
cpu4->LLC TRANSLATION  ACCESS:          0 HIT:          0 MISS:          0 MSHR_MERGE:          0
cpu4->LLC PREFETCH REQUESTED:          0 ISSUED:          0 USEFUL:          0 USELESS:          0
cpu4->LLC AVERAGE MISS LATENCY: 2827 cycles
cpu5->LLC TOTAL        ACCESS:     453159 HIT:     309909 MISS:     143250 MSHR_MERGE:          0
cpu5->LLC LOAD         ACCESS:     159905 HIT:      89226 MISS:      70679 MSHR_MERGE:          0
cpu5->LLC RFO          ACCESS:     133221 HIT:      70165 MISS:      63056 MSHR_MERGE:          0
cpu5->LLC PREFETCH     ACCESS:          0 HIT:          0 MISS:          0 MSHR_MERGE:          0
cpu5->LLC WRITE        ACCESS:     160033 HIT:     150518 MISS:       9515 MSHR_MERGE:          0
cpu5->LLC TRANSLATION  ACCESS:          0 HIT:          0 MISS:          0 MSHR_MERGE:          0
cpu5->LLC PREFETCH REQUESTED:          0 ISSUED:          0 USEFUL:          0 USELESS:          0
cpu5->LLC AVERAGE MISS LATENCY: 2853 cycles
cpu6->LLC TOTAL        ACCESS:     447683 HIT:     306387 MISS:     141296 MSHR_MERGE:          0
cpu6->LLC LOAD         ACCESS:     160273 HIT:      86046 MISS:      74227 MSHR_MERGE:          0
cpu6->LLC RFO          ACCESS:     128636 HIT:      67909 MISS:      60727 MSHR_MERGE:          0
cpu6->LLC PREFETCH     ACCESS:          0 HIT:          0 MISS:          0 MSHR_MERGE:          0
cpu6->LLC WRITE        ACCESS:     158774 HIT:     152432 MISS:       6342 MSHR_MERGE:          0
cpu6->LLC TRANSLATION  ACCESS:          0 HIT:          0 MISS:          0 MSHR_MERGE:          0
cpu6->LLC PREFETCH REQUESTED:          0 ISSUED:          0 USEFUL:          0 USELESS:          0
cpu6->LLC AVERAGE MISS LATENCY: 2892 cycles
cpu7->LLC TOTAL        ACCESS:     450445 HIT:     308730 MISS:     141715 MSHR_MERGE:          0
cpu7->LLC LOAD         ACCESS:     161233 HIT:      87584 MISS:      73649 MSHR_MERGE:          0
cpu7->LLC RFO          ACCESS:     129117 HIT:      66396 MISS:      62721 MSHR_MERGE:          0
cpu7->LLC PREFETCH     ACCESS:          0 HIT:          0 MISS:          0 MSHR_MERGE:          0
cpu7->LLC WRITE        ACCESS:     160095 HIT:     154750 MISS:       5345 MSHR_MERGE:          0
cpu7->LLC TRANSLATION  ACCESS:          0 HIT:          0 MISS:          0 MSHR_MERGE:          0
cpu7->LLC PREFETCH REQUESTED:          0 ISSUED:          0 USEFUL:          0 USELESS:          0
cpu7->LLC AVERAGE MISS LATENCY: 2884 cycles

Region of Interest Statistics

CPU 7 cumulative IPC: 1.016 instructions: 25000002 cycles: 24608806
CPU 7 Branch Prediction Accuracy: 100% MPKI: 0 Average ROB Occupancy at Mispredict: -
Branch type MPKI
BRANCH_DIRECT_JUMP: 0
BRANCH_INDIRECT: 0
BRANCH_CONDITIONAL: 0
BRANCH_DIRECT_CALL: 0
BRANCH_INDIRECT_CALL: 0
BRANCH_RETURN: 0


CPU 6 cumulative IPC: 1.022 instructions: 25000001 cycles: 24455802
CPU 6 Branch Prediction Accuracy: 100% MPKI: 0 Average ROB Occupancy at Mispredict: -
Branch type MPKI
BRANCH_DIRECT_JUMP: 0
BRANCH_INDIRECT: 0
BRANCH_CONDITIONAL: 0
BRANCH_DIRECT_CALL: 0
BRANCH_INDIRECT_CALL: 0
BRANCH_RETURN: 0


CPU 5 cumulative IPC: 1.033 instructions: 25000002 cycles: 24211476
CPU 5 Branch Prediction Accuracy: 100% MPKI: 0 Average ROB Occupancy at Mispredict: -
Branch type MPKI
BRANCH_DIRECT_JUMP: 0
BRANCH_INDIRECT: 0
BRANCH_CONDITIONAL: 0
BRANCH_DIRECT_CALL: 0
BRANCH_INDIRECT_CALL: 0
BRANCH_RETURN: 0


CPU 4 cumulative IPC: 1.027 instructions: 25000002 cycles: 24336369
CPU 4 Branch Prediction Accuracy: 100% MPKI: 0 Average ROB Occupancy at Mispredict: -
Branch type MPKI
BRANCH_DIRECT_JUMP: 0
BRANCH_INDIRECT: 0
BRANCH_CONDITIONAL: 0
BRANCH_DIRECT_CALL: 0
BRANCH_INDIRECT_CALL: 0
BRANCH_RETURN: 0


CPU 3 cumulative IPC: 0.9879 instructions: 25000003 cycles: 25306860
CPU 3 Branch Prediction Accuracy: 100% MPKI: 0 Average ROB Occupancy at Mispredict: -
Branch type MPKI
BRANCH_DIRECT_JUMP: 0
BRANCH_INDIRECT: 0
BRANCH_CONDITIONAL: 0
BRANCH_DIRECT_CALL: 0
BRANCH_INDIRECT_CALL: 0
BRANCH_RETURN: 0


CPU 2 cumulative IPC: 0.9775 instructions: 25000002 cycles: 25574377
CPU 2 Branch Prediction Accuracy: 100% MPKI: 0 Average ROB Occupancy at Mispredict: -
Branch type MPKI
BRANCH_DIRECT_JUMP: 0
BRANCH_INDIRECT: 0
BRANCH_CONDITIONAL: 0
BRANCH_DIRECT_CALL: 0
BRANCH_INDIRECT_CALL: 0
BRANCH_RETURN: 0


CPU 1 cumulative IPC: 0.9775 instructions: 25000002 cycles: 25576250
CPU 1 Branch Prediction Accuracy: 100% MPKI: 0 Average ROB Occupancy at Mispredict: -
Branch type MPKI
BRANCH_DIRECT_JUMP: 0
BRANCH_INDIRECT: 0
BRANCH_CONDITIONAL: 0
BRANCH_DIRECT_CALL: 0
BRANCH_INDIRECT_CALL: 0
BRANCH_RETURN: 0


CPU 0 cumulative IPC: 0.9694 instructions: 25000000 cycles: 25787998
CPU 0 Branch Prediction Accuracy: 100% MPKI: 0 Average ROB Occupancy at Mispredict: -
Branch type MPKI
BRANCH_DIRECT_JUMP: 0
BRANCH_INDIRECT: 0
BRANCH_CONDITIONAL: 0
BRANCH_DIRECT_CALL: 0
BRANCH_INDIRECT_CALL: 0
BRANCH_RETURN: 0

cpu7->cpu7_L2C TOTAL        ACCESS:     664050 HIT:     373652 MISS:     290398 MSHR_MERGE:          0
cpu7->cpu7_L2C LOAD         ACCESS:     330460 HIT:     169226 MISS:     161234 MSHR_MERGE:          0
cpu7->cpu7_L2C RFO          ACCESS:     136134 HIT:       7017 MISS:     129117 MSHR_MERGE:          0
cpu7->cpu7_L2C PREFETCH     ACCESS:          0 HIT:          0 MISS:          0 MSHR_MERGE:          0
cpu7->cpu7_L2C WRITE        ACCESS:     197456 HIT:     197409 MISS:         47 MSHR_MERGE:          0
cpu7->cpu7_L2C TRANSLATION  ACCESS:          0 HIT:          0 MISS:          0 MSHR_MERGE:          0
cpu7->cpu7_L2C PREFETCH REQUESTED:          0 ISSUED:          0 USEFUL:          0 USELESS:          0
cpu7->cpu7_L2C AVERAGE MISS LATENCY: 195.1 cycles
cpu7->cpu7_L1I TOTAL        ACCESS:    4936354 HIT:    4934720 MISS:       1634 MSHR_MERGE:       1120
cpu7->cpu7_L1I LOAD         ACCESS:    4936354 HIT:    4934720 MISS:       1634 MSHR_MERGE:       1120
cpu7->cpu7_L1I RFO          ACCESS:          0 HIT:          0 MISS:          0 MSHR_MERGE:          0
cpu7->cpu7_L1I PREFETCH     ACCESS:          0 HIT:          0 MISS:          0 MSHR_MERGE:          0
cpu7->cpu7_L1I WRITE        ACCESS:          0 HIT:          0 MISS:          0 MSHR_MERGE:          0
cpu7->cpu7_L1I TRANSLATION  ACCESS:          0 HIT:          0 MISS:          0 MSHR_MERGE:          0
cpu7->cpu7_L1I PREFETCH REQUESTED:          0 ISSUED:          0 USEFUL:          0 USELESS:          0
cpu7->cpu7_L1I AVERAGE MISS LATENCY: 453.7 cycles
cpu7->cpu7_L1D TOTAL        ACCESS:    5195132 HIT:    3798369 MISS:    1396763 MSHR_MERGE:     930683
cpu7->cpu7_L1D LOAD         ACCESS:    3488078 HIT:    2725319 MISS:     762759 MSHR_MERGE:     432813
cpu7->cpu7_L1D RFO          ACCESS:          0 HIT:          0 MISS:          0 MSHR_MERGE:          0
cpu7->cpu7_L1D PREFETCH     ACCESS:          0 HIT:          0 MISS:          0 MSHR_MERGE:          0
cpu7->cpu7_L1D WRITE        ACCESS:    1707054 HIT:    1073050 MISS:     634004 MSHR_MERGE:     497870
cpu7->cpu7_L1D TRANSLATION  ACCESS:          0 HIT:          0 MISS:          0 MSHR_MERGE:          0
cpu7->cpu7_L1D PREFETCH REQUESTED:          0 ISSUED:          0 USEFUL:          0 USELESS:          0
cpu7->cpu7_L1D AVERAGE MISS LATENCY: 129.8 cycles
cpu7->cpu7_ITLB TOTAL        ACCESS:    4337345 HIT:    4337345 MISS:          0 MSHR_MERGE:          0
cpu7->cpu7_ITLB LOAD         ACCESS:    4337345 HIT:    4337345 MISS:          0 MSHR_MERGE:          0
cpu7->cpu7_ITLB RFO          ACCESS:          0 HIT:          0 MISS:          0 MSHR_MERGE:          0
cpu7->cpu7_ITLB PREFETCH     ACCESS:          0 HIT:          0 MISS:          0 MSHR_MERGE:          0
cpu7->cpu7_ITLB WRITE        ACCESS:          0 HIT:          0 MISS:          0 MSHR_MERGE:          0
cpu7->cpu7_ITLB TRANSLATION  ACCESS:          0 HIT:          0 MISS:          0 MSHR_MERGE:          0
cpu7->cpu7_ITLB PREFETCH REQUESTED:          0 ISSUED:          0 USEFUL:          0 USELESS:          0
cpu7->cpu7_ITLB AVERAGE MISS LATENCY: - cycles
cpu7->cpu7_DTLB TOTAL        ACCESS:    4620311 HIT:    4620311 MISS:          0 MSHR_MERGE:          0
cpu7->cpu7_DTLB LOAD         ACCESS:    4620311 HIT:    4620311 MISS:          0 MSHR_MERGE:          0
cpu7->cpu7_DTLB RFO          ACCESS:          0 HIT:          0 MISS:          0 MSHR_MERGE:          0
cpu7->cpu7_DTLB PREFETCH     ACCESS:          0 HIT:          0 MISS:          0 MSHR_MERGE:          0
cpu7->cpu7_DTLB WRITE        ACCESS:          0 HIT:          0 MISS:          0 MSHR_MERGE:          0
cpu7->cpu7_DTLB TRANSLATION  ACCESS:          0 HIT:          0 MISS:          0 MSHR_MERGE:          0
cpu7->cpu7_DTLB PREFETCH REQUESTED:          0 ISSUED:          0 USEFUL:          0 USELESS:          0
cpu7->cpu7_DTLB AVERAGE MISS LATENCY: - cycles
cpu6->cpu6_L2C TOTAL        ACCESS:     662740 HIT:     373785 MISS:     288955 MSHR_MERGE:          0
cpu6->cpu6_L2C LOAD         ACCESS:     329925 HIT:     169652 MISS:     160273 MSHR_MERGE:          0
cpu6->cpu6_L2C RFO          ACCESS:     135653 HIT:       7018 MISS:     128635 MSHR_MERGE:          0
cpu6->cpu6_L2C PREFETCH     ACCESS:          0 HIT:          0 MISS:          0 MSHR_MERGE:          0
cpu6->cpu6_L2C WRITE        ACCESS:     197162 HIT:     197115 MISS:         47 MSHR_MERGE:          0
cpu6->cpu6_L2C TRANSLATION  ACCESS:          0 HIT:          0 MISS:          0 MSHR_MERGE:          0
cpu6->cpu6_L2C PREFETCH REQUESTED:          0 ISSUED:          0 USEFUL:          0 USELESS:          0
cpu6->cpu6_L2C AVERAGE MISS LATENCY: 192.6 cycles
cpu6->cpu6_L1I TOTAL        ACCESS:    4966235 HIT:    4964611 MISS:       1624 MSHR_MERGE:       1110
cpu6->cpu6_L1I LOAD         ACCESS:    4966235 HIT:    4964611 MISS:       1624 MSHR_MERGE:       1110
cpu6->cpu6_L1I RFO          ACCESS:          0 HIT:          0 MISS:          0 MSHR_MERGE:          0
cpu6->cpu6_L1I PREFETCH     ACCESS:          0 HIT:          0 MISS:          0 MSHR_MERGE:          0
cpu6->cpu6_L1I WRITE        ACCESS:          0 HIT:          0 MISS:          0 MSHR_MERGE:          0
cpu6->cpu6_L1I TRANSLATION  ACCESS:          0 HIT:          0 MISS:          0 MSHR_MERGE:          0
cpu6->cpu6_L1I PREFETCH REQUESTED:          0 ISSUED:          0 USEFUL:          0 USELESS:          0
cpu6->cpu6_L1I AVERAGE MISS LATENCY: 441.4 cycles
cpu6->cpu6_L1D TOTAL        ACCESS:    5202507 HIT:    3817659 MISS:    1384848 MSHR_MERGE:     919785
cpu6->cpu6_L1D LOAD         ACCESS:    3496344 HIT:    2740535 MISS:     755809 MSHR_MERGE:     426399
cpu6->cpu6_L1D RFO          ACCESS:          0 HIT:          0 MISS:          0 MSHR_MERGE:          0
cpu6->cpu6_L1D PREFETCH     ACCESS:          0 HIT:          0 MISS:          0 MSHR_MERGE:          0
cpu6->cpu6_L1D WRITE        ACCESS:    1706163 HIT:    1077124 MISS:     629039 MSHR_MERGE:     493386
cpu6->cpu6_L1D TRANSLATION  ACCESS:          0 HIT:          0 MISS:          0 MSHR_MERGE:          0
cpu6->cpu6_L1D PREFETCH REQUESTED:          0 ISSUED:          0 USEFUL:          0 USELESS:          0
cpu6->cpu6_L1D AVERAGE MISS LATENCY: 127.9 cycles
cpu6->cpu6_ITLB TOTAL        ACCESS:    4364945 HIT:    4364945 MISS:          0 MSHR_MERGE:          0
cpu6->cpu6_ITLB LOAD         ACCESS:    4364945 HIT:    4364945 MISS:          0 MSHR_MERGE:          0
cpu6->cpu6_ITLB RFO          ACCESS:          0 HIT:          0 MISS:          0 MSHR_MERGE:          0
cpu6->cpu6_ITLB PREFETCH     ACCESS:          0 HIT:          0 MISS:          0 MSHR_MERGE:          0
cpu6->cpu6_ITLB WRITE        ACCESS:          0 HIT:          0 MISS:          0 MSHR_MERGE:          0
cpu6->cpu6_ITLB TRANSLATION  ACCESS:          0 HIT:          0 MISS:          0 MSHR_MERGE:          0
cpu6->cpu6_ITLB PREFETCH REQUESTED:          0 ISSUED:          0 USEFUL:          0 USELESS:          0
cpu6->cpu6_ITLB AVERAGE MISS LATENCY: - cycles
cpu6->cpu6_DTLB TOTAL        ACCESS:    4627459 HIT:    4627459 MISS:          0 MSHR_MERGE:          0
cpu6->cpu6_DTLB LOAD         ACCESS:    4627459 HIT:    4627459 MISS:          0 MSHR_MERGE:          0
cpu6->cpu6_DTLB RFO          ACCESS:          0 HIT:          0 MISS:          0 MSHR_MERGE:          0
cpu6->cpu6_DTLB PREFETCH     ACCESS:          0 HIT:          0 MISS:          0 MSHR_MERGE:          0
cpu6->cpu6_DTLB WRITE        ACCESS:          0 HIT:          0 MISS:          0 MSHR_MERGE:          0
cpu6->cpu6_DTLB TRANSLATION  ACCESS:          0 HIT:          0 MISS:          0 MSHR_MERGE:          0
cpu6->cpu6_DTLB PREFETCH REQUESTED:          0 ISSUED:          0 USEFUL:          0 USELESS:          0
cpu6->cpu6_DTLB AVERAGE MISS LATENCY: - cycles
cpu5->cpu5_L2C TOTAL        ACCESS:     685322 HIT:     392147 MISS:     293175 MSHR_MERGE:          0
cpu5->cpu5_L2C LOAD         ACCESS:     339935 HIT:     180029 MISS:     159906 MSHR_MERGE:          0
cpu5->cpu5_L2C RFO          ACCESS:     140243 HIT:       7022 MISS:     133221 MSHR_MERGE:          0
cpu5->cpu5_L2C PREFETCH     ACCESS:          0 HIT:          0 MISS:          0 MSHR_MERGE:          0
cpu5->cpu5_L2C WRITE        ACCESS:     205144 HIT:     205096 MISS:         48 MSHR_MERGE:          0
cpu5->cpu5_L2C TRANSLATION  ACCESS:          0 HIT:          0 MISS:          0 MSHR_MERGE:          0
cpu5->cpu5_L2C PREFETCH REQUESTED:          0 ISSUED:          0 USEFUL:          0 USELESS:          0
cpu5->cpu5_L2C AVERAGE MISS LATENCY: 179.1 cycles
cpu5->cpu5_L1I TOTAL        ACCESS:    5097879 HIT:    5096129 MISS:       1750 MSHR_MERGE:       1232
cpu5->cpu5_L1I LOAD         ACCESS:    5097879 HIT:    5096129 MISS:       1750 MSHR_MERGE:       1232
cpu5->cpu5_L1I RFO          ACCESS:          0 HIT:          0 MISS:          0 MSHR_MERGE:          0
cpu5->cpu5_L1I PREFETCH     ACCESS:          0 HIT:          0 MISS:          0 MSHR_MERGE:          0
cpu5->cpu5_L1I WRITE        ACCESS:          0 HIT:          0 MISS:          0 MSHR_MERGE:          0
cpu5->cpu5_L1I TRANSLATION  ACCESS:          0 HIT:          0 MISS:          0 MSHR_MERGE:          0
cpu5->cpu5_L1I PREFETCH REQUESTED:          0 ISSUED:          0 USEFUL:          0 USELESS:          0
cpu5->cpu5_L1I AVERAGE MISS LATENCY: 378.1 cycles
cpu5->cpu5_L1D TOTAL        ACCESS:    5340179 HIT:    3914745 MISS:    1425434 MSHR_MERGE:     945774
cpu5->cpu5_L1D LOAD         ACCESS:    3575132 HIT:    2803878 MISS:     771254 MSHR_MERGE:     431837
cpu5->cpu5_L1D RFO          ACCESS:          0 HIT:          0 MISS:          0 MSHR_MERGE:          0
cpu5->cpu5_L1D PREFETCH     ACCESS:          0 HIT:          0 MISS:          0 MSHR_MERGE:          0
cpu5->cpu5_L1D WRITE        ACCESS:    1765047 HIT:    1110867 MISS:     654180 MSHR_MERGE:     513937
cpu5->cpu5_L1D TRANSLATION  ACCESS:          0 HIT:          0 MISS:          0 MSHR_MERGE:          0
cpu5->cpu5_L1D PREFETCH REQUESTED:          0 ISSUED:          0 USEFUL:          0 USELESS:          0
cpu5->cpu5_L1D AVERAGE MISS LATENCY: 117.8 cycles
cpu5->cpu5_ITLB TOTAL        ACCESS:    4474239 HIT:    4474239 MISS:          0 MSHR_MERGE:          0
cpu5->cpu5_ITLB LOAD         ACCESS:    4474239 HIT:    4474239 MISS:          0 MSHR_MERGE:          0
cpu5->cpu5_ITLB RFO          ACCESS:          0 HIT:          0 MISS:          0 MSHR_MERGE:          0
cpu5->cpu5_ITLB PREFETCH     ACCESS:          0 HIT:          0 MISS:          0 MSHR_MERGE:          0
cpu5->cpu5_ITLB WRITE        ACCESS:          0 HIT:          0 MISS:          0 MSHR_MERGE:          0
cpu5->cpu5_ITLB TRANSLATION  ACCESS:          0 HIT:          0 MISS:          0 MSHR_MERGE:          0
cpu5->cpu5_ITLB PREFETCH REQUESTED:          0 ISSUED:          0 USEFUL:          0 USELESS:          0
cpu5->cpu5_ITLB AVERAGE MISS LATENCY: - cycles
cpu5->cpu5_DTLB TOTAL        ACCESS:    4733406 HIT:    4733406 MISS:          0 MSHR_MERGE:          0
cpu5->cpu5_DTLB LOAD         ACCESS:    4733406 HIT:    4733406 MISS:          0 MSHR_MERGE:          0
cpu5->cpu5_DTLB RFO          ACCESS:          0 HIT:          0 MISS:          0 MSHR_MERGE:          0
cpu5->cpu5_DTLB PREFETCH     ACCESS:          0 HIT:          0 MISS:          0 MSHR_MERGE:          0
cpu5->cpu5_DTLB WRITE        ACCESS:          0 HIT:          0 MISS:          0 MSHR_MERGE:          0
cpu5->cpu5_DTLB TRANSLATION  ACCESS:          0 HIT:          0 MISS:          0 MSHR_MERGE:          0
cpu5->cpu5_DTLB PREFETCH REQUESTED:          0 ISSUED:          0 USEFUL:          0 USELESS:          0
cpu5->cpu5_DTLB AVERAGE MISS LATENCY: - cycles
cpu4->cpu4_L2C TOTAL        ACCESS:     675050 HIT:     385694 MISS:     289356 MSHR_MERGE:          0
cpu4->cpu4_L2C LOAD         ACCESS:     334077 HIT:     176530 MISS:     157547 MSHR_MERGE:          0
cpu4->cpu4_L2C RFO          ACCESS:     138784 HIT:       7023 MISS:     131761 MSHR_MERGE:          0
cpu4->cpu4_L2C PREFETCH     ACCESS:          0 HIT:          0 MISS:          0 MSHR_MERGE:          0
cpu4->cpu4_L2C WRITE        ACCESS:     202189 HIT:     202141 MISS:         48 MSHR_MERGE:          0
cpu4->cpu4_L2C TRANSLATION  ACCESS:          0 HIT:          0 MISS:          0 MSHR_MERGE:          0
cpu4->cpu4_L2C PREFETCH REQUESTED:          0 ISSUED:          0 USEFUL:          0 USELESS:          0
cpu4->cpu4_L2C AVERAGE MISS LATENCY: 189.2 cycles
cpu4->cpu4_L1I TOTAL        ACCESS:    5031066 HIT:    5029403 MISS:       1663 MSHR_MERGE:       1145
cpu4->cpu4_L1I LOAD         ACCESS:    5031066 HIT:    5029403 MISS:       1663 MSHR_MERGE:       1145
cpu4->cpu4_L1I RFO          ACCESS:          0 HIT:          0 MISS:          0 MSHR_MERGE:          0
cpu4->cpu4_L1I PREFETCH     ACCESS:          0 HIT:          0 MISS:          0 MSHR_MERGE:          0
cpu4->cpu4_L1I WRITE        ACCESS:          0 HIT:          0 MISS:          0 MSHR_MERGE:          0
cpu4->cpu4_L1I TRANSLATION  ACCESS:          0 HIT:          0 MISS:          0 MSHR_MERGE:          0
cpu4->cpu4_L1I PREFETCH REQUESTED:          0 ISSUED:          0 USEFUL:          0 USELESS:          0
cpu4->cpu4_L1I AVERAGE MISS LATENCY: 411.6 cycles
cpu4->cpu4_L1D TOTAL        ACCESS:    5271700 HIT:    3866611 MISS:    1405089 MSHR_MERGE:     932745
cpu4->cpu4_L1D LOAD         ACCESS:    3529575 HIT:    2772974 MISS:     756601 MSHR_MERGE:     423041
cpu4->cpu4_L1D RFO          ACCESS:          0 HIT:          0 MISS:          0 MSHR_MERGE:          0
cpu4->cpu4_L1D PREFETCH     ACCESS:          0 HIT:          0 MISS:          0 MSHR_MERGE:          0
cpu4->cpu4_L1D WRITE        ACCESS:    1742125 HIT:    1093637 MISS:     648488 MSHR_MERGE:     509704
cpu4->cpu4_L1D TRANSLATION  ACCESS:          0 HIT:          0 MISS:          0 MSHR_MERGE:          0
cpu4->cpu4_L1D PREFETCH REQUESTED:          0 ISSUED:          0 USEFUL:          0 USELESS:          0
cpu4->cpu4_L1D AVERAGE MISS LATENCY: 124.1 cycles
cpu4->cpu4_ITLB TOTAL        ACCESS:    4417733 HIT:    4417733 MISS:          0 MSHR_MERGE:          0
cpu4->cpu4_ITLB LOAD         ACCESS:    4417733 HIT:    4417733 MISS:          0 MSHR_MERGE:          0
cpu4->cpu4_ITLB RFO          ACCESS:          0 HIT:          0 MISS:          0 MSHR_MERGE:          0
cpu4->cpu4_ITLB PREFETCH     ACCESS:          0 HIT:          0 MISS:          0 MSHR_MERGE:          0
cpu4->cpu4_ITLB WRITE        ACCESS:          0 HIT:          0 MISS:          0 MSHR_MERGE:          0
cpu4->cpu4_ITLB TRANSLATION  ACCESS:          0 HIT:          0 MISS:          0 MSHR_MERGE:          0
cpu4->cpu4_ITLB PREFETCH REQUESTED:          0 ISSUED:          0 USEFUL:          0 USELESS:          0
cpu4->cpu4_ITLB AVERAGE MISS LATENCY: - cycles
cpu4->cpu4_DTLB TOTAL        ACCESS:    4670183 HIT:    4670183 MISS:          0 MSHR_MERGE:          0
cpu4->cpu4_DTLB LOAD         ACCESS:    4670183 HIT:    4670183 MISS:          0 MSHR_MERGE:          0
cpu4->cpu4_DTLB RFO          ACCESS:          0 HIT:          0 MISS:          0 MSHR_MERGE:          0
cpu4->cpu4_DTLB PREFETCH     ACCESS:          0 HIT:          0 MISS:          0 MSHR_MERGE:          0
cpu4->cpu4_DTLB WRITE        ACCESS:          0 HIT:          0 MISS:          0 MSHR_MERGE:          0
cpu4->cpu4_DTLB TRANSLATION  ACCESS:          0 HIT:          0 MISS:          0 MSHR_MERGE:          0
cpu4->cpu4_DTLB PREFETCH REQUESTED:          0 ISSUED:          0 USEFUL:          0 USELESS:          0
cpu4->cpu4_DTLB AVERAGE MISS LATENCY: - cycles
cpu3->cpu3_L2C TOTAL        ACCESS:     655304 HIT:     372078 MISS:     283226 MSHR_MERGE:          0
cpu3->cpu3_L2C LOAD         ACCESS:     323705 HIT:     169312 MISS:     154393 MSHR_MERGE:          0
cpu3->cpu3_L2C RFO          ACCESS:     135805 HIT:       7019 MISS:     128786 MSHR_MERGE:          0
cpu3->cpu3_L2C PREFETCH     ACCESS:          0 HIT:          0 MISS:          0 MSHR_MERGE:          0
cpu3->cpu3_L2C WRITE        ACCESS:     195794 HIT:     195747 MISS:         47 MSHR_MERGE:          0
cpu3->cpu3_L2C TRANSLATION  ACCESS:          0 HIT:          0 MISS:          0 MSHR_MERGE:          0
cpu3->cpu3_L2C PREFETCH REQUESTED:          0 ISSUED:          0 USEFUL:          0 USELESS:          0
cpu3->cpu3_L2C AVERAGE MISS LATENCY: 200.5 cycles
cpu3->cpu3_L1I TOTAL        ACCESS:    4927018 HIT:    4925388 MISS:       1630 MSHR_MERGE:       1119
cpu3->cpu3_L1I LOAD         ACCESS:    4927018 HIT:    4925388 MISS:       1630 MSHR_MERGE:       1119
cpu3->cpu3_L1I RFO          ACCESS:          0 HIT:          0 MISS:          0 MSHR_MERGE:          0
cpu3->cpu3_L1I PREFETCH     ACCESS:          0 HIT:          0 MISS:          0 MSHR_MERGE:          0
cpu3->cpu3_L1I WRITE        ACCESS:          0 HIT:          0 MISS:          0 MSHR_MERGE:          0
cpu3->cpu3_L1I TRANSLATION  ACCESS:          0 HIT:          0 MISS:          0 MSHR_MERGE:          0
cpu3->cpu3_L1I PREFETCH REQUESTED:          0 ISSUED:          0 USEFUL:          0 USELESS:          0
cpu3->cpu3_L1I AVERAGE MISS LATENCY: 442.8 cycles
cpu3->cpu3_L1D TOTAL        ACCESS:    5145057 HIT:    3773397 MISS:    1371660 MSHR_MERGE:     912661
cpu3->cpu3_L1D LOAD         ACCESS:    3449922 HIT:    2711267 MISS:     738655 MSHR_MERGE:     415461
cpu3->cpu3_L1D RFO          ACCESS:          0 HIT:          0 MISS:          0 MSHR_MERGE:          0
cpu3->cpu3_L1D PREFETCH     ACCESS:          0 HIT:          0 MISS:          0 MSHR_MERGE:          0
cpu3->cpu3_L1D WRITE        ACCESS:    1695135 HIT:    1062130 MISS:     633005 MSHR_MERGE:     497200
cpu3->cpu3_L1D TRANSLATION  ACCESS:          0 HIT:          0 MISS:          0 MSHR_MERGE:          0
cpu3->cpu3_L1D PREFETCH REQUESTED:          0 ISSUED:          0 USEFUL:          0 USELESS:          0
cpu3->cpu3_L1D AVERAGE MISS LATENCY: 131.9 cycles
cpu3->cpu3_ITLB TOTAL        ACCESS:    4329927 HIT:    4329927 MISS:          0 MSHR_MERGE:          0
cpu3->cpu3_ITLB LOAD         ACCESS:    4329927 HIT:    4329927 MISS:          0 MSHR_MERGE:          0
cpu3->cpu3_ITLB RFO          ACCESS:          0 HIT:          0 MISS:          0 MSHR_MERGE:          0
cpu3->cpu3_ITLB PREFETCH     ACCESS:          0 HIT:          0 MISS:          0 MSHR_MERGE:          0
cpu3->cpu3_ITLB WRITE        ACCESS:          0 HIT:          0 MISS:          0 MSHR_MERGE:          0
cpu3->cpu3_ITLB TRANSLATION  ACCESS:          0 HIT:          0 MISS:          0 MSHR_MERGE:          0
cpu3->cpu3_ITLB PREFETCH REQUESTED:          0 ISSUED:          0 USEFUL:          0 USELESS:          0
cpu3->cpu3_ITLB AVERAGE MISS LATENCY: - cycles
cpu3->cpu3_DTLB TOTAL        ACCESS:    4566895 HIT:    4566895 MISS:          0 MSHR_MERGE:          0
cpu3->cpu3_DTLB LOAD         ACCESS:    4566895 HIT:    4566895 MISS:          0 MSHR_MERGE:          0
cpu3->cpu3_DTLB RFO          ACCESS:          0 HIT:          0 MISS:          0 MSHR_MERGE:          0
cpu3->cpu3_DTLB PREFETCH     ACCESS:          0 HIT:          0 MISS:          0 MSHR_MERGE:          0
cpu3->cpu3_DTLB WRITE        ACCESS:          0 HIT:          0 MISS:          0 MSHR_MERGE:          0
cpu3->cpu3_DTLB TRANSLATION  ACCESS:          0 HIT:          0 MISS:          0 MSHR_MERGE:          0
cpu3->cpu3_DTLB PREFETCH REQUESTED:          0 ISSUED:          0 USEFUL:          0 USELESS:          0
cpu3->cpu3_DTLB AVERAGE MISS LATENCY: - cycles
cpu2->cpu2_L2C TOTAL        ACCESS:     646238 HIT:     366642 MISS:     279596 MSHR_MERGE:          0
cpu2->cpu2_L2C LOAD         ACCESS:     319429 HIT:     166211 MISS:     153218 MSHR_MERGE:          0
cpu2->cpu2_L2C RFO          ACCESS:     133350 HIT:       7019 MISS:     126331 MSHR_MERGE:          0
cpu2->cpu2_L2C PREFETCH     ACCESS:          0 HIT:          0 MISS:          0 MSHR_MERGE:          0
cpu2->cpu2_L2C WRITE        ACCESS:     193459 HIT:     193412 MISS:         47 MSHR_MERGE:          0
cpu2->cpu2_L2C TRANSLATION  ACCESS:          0 HIT:          0 MISS:          0 MSHR_MERGE:          0
cpu2->cpu2_L2C PREFETCH REQUESTED:          0 ISSUED:          0 USEFUL:          0 USELESS:          0
cpu2->cpu2_L2C AVERAGE MISS LATENCY: 198.8 cycles
cpu2->cpu2_L1I TOTAL        ACCESS:    4888107 HIT:    4886543 MISS:       1564 MSHR_MERGE:       1053
cpu2->cpu2_L1I LOAD         ACCESS:    4888107 HIT:    4886543 MISS:       1564 MSHR_MERGE:       1053
cpu2->cpu2_L1I RFO          ACCESS:          0 HIT:          0 MISS:          0 MSHR_MERGE:          0
cpu2->cpu2_L1I PREFETCH     ACCESS:          0 HIT:          0 MISS:          0 MSHR_MERGE:          0
cpu2->cpu2_L1I WRITE        ACCESS:          0 HIT:          0 MISS:          0 MSHR_MERGE:          0
cpu2->cpu2_L1I TRANSLATION  ACCESS:          0 HIT:          0 MISS:          0 MSHR_MERGE:          0
cpu2->cpu2_L1I PREFETCH REQUESTED:          0 ISSUED:          0 USEFUL:          0 USELESS:          0
cpu2->cpu2_L1I AVERAGE MISS LATENCY: 477.7 cycles
cpu2->cpu2_L1D TOTAL        ACCESS:    5089152 HIT:    3737295 MISS:    1351857 MSHR_MERGE:     899588
cpu2->cpu2_L1D LOAD         ACCESS:    3408624 HIT:    2680201 MISS:     728423 MSHR_MERGE:     409504
cpu2->cpu2_L1D RFO          ACCESS:          0 HIT:          0 MISS:          0 MSHR_MERGE:          0
cpu2->cpu2_L1D PREFETCH     ACCESS:          0 HIT:          0 MISS:          0 MSHR_MERGE:          0
cpu2->cpu2_L1D WRITE        ACCESS:    1680528 HIT:    1057094 MISS:     623434 MSHR_MERGE:     490084
cpu2->cpu2_L1D TRANSLATION  ACCESS:          0 HIT:          0 MISS:          0 MSHR_MERGE:          0
cpu2->cpu2_L1D PREFETCH REQUESTED:          0 ISSUED:          0 USEFUL:          0 USELESS:          0
cpu2->cpu2_L1D AVERAGE MISS LATENCY: 131.1 cycles
cpu2->cpu2_ITLB TOTAL        ACCESS:    4289830 HIT:    4289830 MISS:          0 MSHR_MERGE:          0
cpu2->cpu2_ITLB LOAD         ACCESS:    4289830 HIT:    4289830 MISS:          0 MSHR_MERGE:          0
cpu2->cpu2_ITLB RFO          ACCESS:          0 HIT:          0 MISS:          0 MSHR_MERGE:          0
cpu2->cpu2_ITLB PREFETCH     ACCESS:          0 HIT:          0 MISS:          0 MSHR_MERGE:          0
cpu2->cpu2_ITLB WRITE        ACCESS:          0 HIT:          0 MISS:          0 MSHR_MERGE:          0
cpu2->cpu2_ITLB TRANSLATION  ACCESS:          0 HIT:          0 MISS:          0 MSHR_MERGE:          0
cpu2->cpu2_ITLB PREFETCH REQUESTED:          0 ISSUED:          0 USEFUL:          0 USELESS:          0
cpu2->cpu2_ITLB AVERAGE MISS LATENCY: - cycles
cpu2->cpu2_DTLB TOTAL        ACCESS:    4513764 HIT:    4513764 MISS:          0 MSHR_MERGE:          0
cpu2->cpu2_DTLB LOAD         ACCESS:    4513764 HIT:    4513764 MISS:          0 MSHR_MERGE:          0
cpu2->cpu2_DTLB RFO          ACCESS:          0 HIT:          0 MISS:          0 MSHR_MERGE:          0
cpu2->cpu2_DTLB PREFETCH     ACCESS:          0 HIT:          0 MISS:          0 MSHR_MERGE:          0
cpu2->cpu2_DTLB WRITE        ACCESS:          0 HIT:          0 MISS:          0 MSHR_MERGE:          0
cpu2->cpu2_DTLB TRANSLATION  ACCESS:          0 HIT:          0 MISS:          0 MSHR_MERGE:          0
cpu2->cpu2_DTLB PREFETCH REQUESTED:          0 ISSUED:          0 USEFUL:          0 USELESS:          0
cpu2->cpu2_DTLB AVERAGE MISS LATENCY: - cycles
cpu1->cpu1_L2C TOTAL        ACCESS:     650920 HIT:     370927 MISS:     279993 MSHR_MERGE:          0
cpu1->cpu1_L2C LOAD         ACCESS:     321690 HIT:     169324 MISS:     152366 MSHR_MERGE:          0
cpu1->cpu1_L2C RFO          ACCESS:     134591 HIT:       7011 MISS:     127580 MSHR_MERGE:          0
cpu1->cpu1_L2C PREFETCH     ACCESS:          0 HIT:          0 MISS:          0 MSHR_MERGE:          0
cpu1->cpu1_L2C WRITE        ACCESS:     194639 HIT:     194592 MISS:         47 MSHR_MERGE:          0
cpu1->cpu1_L2C TRANSLATION  ACCESS:          0 HIT:          0 MISS:          0 MSHR_MERGE:          0
cpu1->cpu1_L2C PREFETCH REQUESTED:          0 ISSUED:          0 USEFUL:          0 USELESS:          0
cpu1->cpu1_L2C AVERAGE MISS LATENCY: 198.6 cycles
cpu1->cpu1_L1I TOTAL        ACCESS:    4861119 HIT:    4859521 MISS:       1598 MSHR_MERGE:       1096
cpu1->cpu1_L1I LOAD         ACCESS:    4861119 HIT:    4859521 MISS:       1598 MSHR_MERGE:       1096
cpu1->cpu1_L1I RFO          ACCESS:          0 HIT:          0 MISS:          0 MSHR_MERGE:          0
cpu1->cpu1_L1I PREFETCH     ACCESS:          0 HIT:          0 MISS:          0 MSHR_MERGE:          0
cpu1->cpu1_L1I WRITE        ACCESS:          0 HIT:          0 MISS:          0 MSHR_MERGE:          0
cpu1->cpu1_L1I TRANSLATION  ACCESS:          0 HIT:          0 MISS:          0 MSHR_MERGE:          0
cpu1->cpu1_L1I PREFETCH REQUESTED:          0 ISSUED:          0 USEFUL:          0 USELESS:          0
cpu1->cpu1_L1I AVERAGE MISS LATENCY: 430.4 cycles
cpu1->cpu1_L1D TOTAL        ACCESS:    5075746 HIT:    3714846 MISS:    1360900 MSHR_MERGE:     905120
cpu1->cpu1_L1D LOAD         ACCESS:    3397249 HIT:    2666869 MISS:     730380 MSHR_MERGE:     409191
cpu1->cpu1_L1D RFO          ACCESS:          0 HIT:          0 MISS:          0 MSHR_MERGE:          0
cpu1->cpu1_L1D PREFETCH     ACCESS:          0 HIT:          0 MISS:          0 MSHR_MERGE:          0
cpu1->cpu1_L1D WRITE        ACCESS:    1678497 HIT:    1047977 MISS:     630520 MSHR_MERGE:     495929
cpu1->cpu1_L1D TRANSLATION  ACCESS:          0 HIT:          0 MISS:          0 MSHR_MERGE:          0
cpu1->cpu1_L1D PREFETCH REQUESTED:          0 ISSUED:          0 USEFUL:          0 USELESS:          0
cpu1->cpu1_L1D AVERAGE MISS LATENCY: 130.2 cycles
cpu1->cpu1_ITLB TOTAL        ACCESS:    4269782 HIT:    4269782 MISS:          0 MSHR_MERGE:          0
cpu1->cpu1_ITLB LOAD         ACCESS:    4269782 HIT:    4269782 MISS:          0 MSHR_MERGE:          0
cpu1->cpu1_ITLB RFO          ACCESS:          0 HIT:          0 MISS:          0 MSHR_MERGE:          0
cpu1->cpu1_ITLB PREFETCH     ACCESS:          0 HIT:          0 MISS:          0 MSHR_MERGE:          0
cpu1->cpu1_ITLB WRITE        ACCESS:          0 HIT:          0 MISS:          0 MSHR_MERGE:          0
cpu1->cpu1_ITLB TRANSLATION  ACCESS:          0 HIT:          0 MISS:          0 MSHR_MERGE:          0
cpu1->cpu1_ITLB PREFETCH REQUESTED:          0 ISSUED:          0 USEFUL:          0 USELESS:          0
cpu1->cpu1_ITLB AVERAGE MISS LATENCY: - cycles
cpu1->cpu1_DTLB TOTAL        ACCESS:    4496341 HIT:    4496341 MISS:          0 MSHR_MERGE:          0
cpu1->cpu1_DTLB LOAD         ACCESS:    4496341 HIT:    4496341 MISS:          0 MSHR_MERGE:          0
cpu1->cpu1_DTLB RFO          ACCESS:          0 HIT:          0 MISS:          0 MSHR_MERGE:          0
cpu1->cpu1_DTLB PREFETCH     ACCESS:          0 HIT:          0 MISS:          0 MSHR_MERGE:          0
cpu1->cpu1_DTLB WRITE        ACCESS:          0 HIT:          0 MISS:          0 MSHR_MERGE:          0
cpu1->cpu1_DTLB TRANSLATION  ACCESS:          0 HIT:          0 MISS:          0 MSHR_MERGE:          0
cpu1->cpu1_DTLB PREFETCH REQUESTED:          0 ISSUED:          0 USEFUL:          0 USELESS:          0
cpu1->cpu1_DTLB AVERAGE MISS LATENCY: - cycles
cpu0->cpu0_L2C TOTAL        ACCESS:     638715 HIT:     362646 MISS:     276069 MSHR_MERGE:          0
cpu0->cpu0_L2C LOAD         ACCESS:     316374 HIT:     164472 MISS:     151902 MSHR_MERGE:          0
cpu0->cpu0_L2C RFO          ACCESS:     131128 HIT:       7008 MISS:     124120 MSHR_MERGE:          0
cpu0->cpu0_L2C PREFETCH     ACCESS:          0 HIT:          0 MISS:          0 MSHR_MERGE:          0
cpu0->cpu0_L2C WRITE        ACCESS:     191213 HIT:     191166 MISS:         47 MSHR_MERGE:          0
cpu0->cpu0_L2C TRANSLATION  ACCESS:          0 HIT:          0 MISS:          0 MSHR_MERGE:          0
cpu0->cpu0_L2C PREFETCH REQUESTED:          0 ISSUED:          0 USEFUL:          0 USELESS:          0
cpu0->cpu0_L2C AVERAGE MISS LATENCY: 203.1 cycles
cpu0->cpu0_L1I TOTAL        ACCESS:    4745926 HIT:    4744353 MISS:       1573 MSHR_MERGE:       1071
cpu0->cpu0_L1I LOAD         ACCESS:    4745926 HIT:    4744353 MISS:       1573 MSHR_MERGE:       1071
cpu0->cpu0_L1I RFO          ACCESS:          0 HIT:          0 MISS:          0 MSHR_MERGE:          0
cpu0->cpu0_L1I PREFETCH     ACCESS:          0 HIT:          0 MISS:          0 MSHR_MERGE:          0
cpu0->cpu0_L1I WRITE        ACCESS:          0 HIT:          0 MISS:          0 MSHR_MERGE:          0
cpu0->cpu0_L1I TRANSLATION  ACCESS:          0 HIT:          0 MISS:          0 MSHR_MERGE:          0
cpu0->cpu0_L1I PREFETCH REQUESTED:          0 ISSUED:          0 USEFUL:          0 USELESS:          0
cpu0->cpu0_L1I AVERAGE MISS LATENCY: 434.5 cycles
cpu0->cpu0_L1D TOTAL        ACCESS:    4948723 HIT:    3616219 MISS:    1332504 MSHR_MERGE:     885504
cpu0->cpu0_L1D LOAD         ACCESS:    3314291 HIT:    2592800 MISS:     721491 MSHR_MERGE:     405619
cpu0->cpu0_L1D RFO          ACCESS:          0 HIT:          0 MISS:          0 MSHR_MERGE:          0
cpu0->cpu0_L1D PREFETCH     ACCESS:          0 HIT:          0 MISS:          0 MSHR_MERGE:          0
cpu0->cpu0_L1D WRITE        ACCESS:    1634432 HIT:    1023419 MISS:     611013 MSHR_MERGE:     479885
cpu0->cpu0_L1D TRANSLATION  ACCESS:          0 HIT:          0 MISS:          0 MSHR_MERGE:          0
cpu0->cpu0_L1D PREFETCH REQUESTED:          0 ISSUED:          0 USEFUL:          0 USELESS:          0
cpu0->cpu0_L1D AVERAGE MISS LATENCY: 133.7 cycles
cpu0->cpu0_ITLB TOTAL        ACCESS:    4165933 HIT:    4165933 MISS:          0 MSHR_MERGE:          0
cpu0->cpu0_ITLB LOAD         ACCESS:    4165933 HIT:    4165933 MISS:          0 MSHR_MERGE:          0
cpu0->cpu0_ITLB RFO          ACCESS:          0 HIT:          0 MISS:          0 MSHR_MERGE:          0
cpu0->cpu0_ITLB PREFETCH     ACCESS:          0 HIT:          0 MISS:          0 MSHR_MERGE:          0
cpu0->cpu0_ITLB WRITE        ACCESS:          0 HIT:          0 MISS:          0 MSHR_MERGE:          0
cpu0->cpu0_ITLB TRANSLATION  ACCESS:          0 HIT:          0 MISS:          0 MSHR_MERGE:          0
cpu0->cpu0_ITLB PREFETCH REQUESTED:          0 ISSUED:          0 USEFUL:          0 USELESS:          0
cpu0->cpu0_ITLB AVERAGE MISS LATENCY: - cycles
cpu0->cpu0_DTLB TOTAL        ACCESS:    4398300 HIT:    4398300 MISS:          0 MSHR_MERGE:          0
cpu0->cpu0_DTLB LOAD         ACCESS:    4398300 HIT:    4398300 MISS:          0 MSHR_MERGE:          0
cpu0->cpu0_DTLB RFO          ACCESS:          0 HIT:          0 MISS:          0 MSHR_MERGE:          0
cpu0->cpu0_DTLB PREFETCH     ACCESS:          0 HIT:          0 MISS:          0 MSHR_MERGE:          0
cpu0->cpu0_DTLB WRITE        ACCESS:          0 HIT:          0 MISS:          0 MSHR_MERGE:          0
cpu0->cpu0_DTLB TRANSLATION  ACCESS:          0 HIT:          0 MISS:          0 MSHR_MERGE:          0
cpu0->cpu0_DTLB PREFETCH REQUESTED:          0 ISSUED:          0 USEFUL:          0 USELESS:          0
cpu0->cpu0_DTLB AVERAGE MISS LATENCY: - cycles
cpu0->LLC TOTAL        ACCESS:     426585 HIT:     278850 MISS:     147735 MSHR_MERGE:          0
cpu0->LLC LOAD         ACCESS:     151902 HIT:      76342 MISS:      75560 MSHR_MERGE:          0
cpu0->LLC RFO          ACCESS:     124120 HIT:      62262 MISS:      61858 MSHR_MERGE:          0
cpu0->LLC PREFETCH     ACCESS:          0 HIT:          0 MISS:          0 MSHR_MERGE:          0
cpu0->LLC WRITE        ACCESS:     150563 HIT:     140246 MISS:      10317 MSHR_MERGE:          0
cpu0->LLC TRANSLATION  ACCESS:          0 HIT:          0 MISS:          0 MSHR_MERGE:          0
cpu0->LLC PREFETCH REQUESTED:          0 ISSUED:          0 USEFUL:          0 USELESS:          0
cpu0->LLC AVERAGE MISS LATENCY: 2766 cycles
cpu1->LLC TOTAL        ACCESS:     432142 HIT:     285450 MISS:     146692 MSHR_MERGE:          0
cpu1->LLC LOAD         ACCESS:     152365 HIT:      77171 MISS:      75194 MSHR_MERGE:          0
cpu1->LLC RFO          ACCESS:     127579 HIT:      64967 MISS:      62612 MSHR_MERGE:          0
cpu1->LLC PREFETCH     ACCESS:          0 HIT:          0 MISS:          0 MSHR_MERGE:          0
cpu1->LLC WRITE        ACCESS:     152198 HIT:     143312 MISS:       8886 MSHR_MERGE:          0
cpu1->LLC TRANSLATION  ACCESS:          0 HIT:          0 MISS:          0 MSHR_MERGE:          0
cpu1->LLC PREFETCH REQUESTED:          0 ISSUED:          0 USEFUL:          0 USELESS:          0
cpu1->LLC AVERAGE MISS LATENCY: 2786 cycles
cpu2->LLC TOTAL        ACCESS:     431708 HIT:     287401 MISS:     144307 MSHR_MERGE:          0
cpu2->LLC LOAD         ACCESS:     153218 HIT:      77811 MISS:      75407 MSHR_MERGE:          0
cpu2->LLC RFO          ACCESS:     126330 HIT:      64576 MISS:      61754 MSHR_MERGE:          0
cpu2->LLC PREFETCH     ACCESS:          0 HIT:          0 MISS:          0 MSHR_MERGE:          0
cpu2->LLC WRITE        ACCESS:     152160 HIT:     145014 MISS:       7146 MSHR_MERGE:          0
cpu2->LLC TRANSLATION  ACCESS:          0 HIT:          0 MISS:          0 MSHR_MERGE:          0
cpu2->LLC PREFETCH REQUESTED:          0 ISSUED:          0 USEFUL:          0 USELESS:          0
cpu2->LLC AVERAGE MISS LATENCY: 2832 cycles
cpu3->LLC TOTAL        ACCESS:     436963 HIT:     292031 MISS:     144932 MSHR_MERGE:          0
cpu3->LLC LOAD         ACCESS:     154393 HIT:      79175 MISS:      75218 MSHR_MERGE:          0
cpu3->LLC RFO          ACCESS:     128786 HIT:      65813 MISS:      62973 MSHR_MERGE:          0
cpu3->LLC PREFETCH     ACCESS:          0 HIT:          0 MISS:          0 MSHR_MERGE:          0
cpu3->LLC WRITE        ACCESS:     153784 HIT:     147043 MISS:       6741 MSHR_MERGE:          0
cpu3->LLC TRANSLATION  ACCESS:          0 HIT:          0 MISS:          0 MSHR_MERGE:          0
cpu3->LLC PREFETCH REQUESTED:          0 ISSUED:          0 USEFUL:          0 USELESS:          0
cpu3->LLC AVERAGE MISS LATENCY: 2820 cycles
cpu4->LLC TOTAL        ACCESS:     445976 HIT:     301418 MISS:     144558 MSHR_MERGE:          0
cpu4->LLC LOAD         ACCESS:     157547 HIT:      85619 MISS:      71928 MSHR_MERGE:          0
cpu4->LLC RFO          ACCESS:     131761 HIT:      68747 MISS:      63014 MSHR_MERGE:          0
cpu4->LLC PREFETCH     ACCESS:          0 HIT:          0 MISS:          0 MSHR_MERGE:          0
cpu4->LLC WRITE        ACCESS:     156668 HIT:     147052 MISS:       9616 MSHR_MERGE:          0
cpu4->LLC TRANSLATION  ACCESS:          0 HIT:          0 MISS:          0 MSHR_MERGE:          0
cpu4->LLC PREFETCH REQUESTED:          0 ISSUED:          0 USEFUL:          0 USELESS:          0
cpu4->LLC AVERAGE MISS LATENCY: 2827 cycles
cpu5->LLC TOTAL        ACCESS:     453159 HIT:     309909 MISS:     143250 MSHR_MERGE:          0
cpu5->LLC LOAD         ACCESS:     159905 HIT:      89226 MISS:      70679 MSHR_MERGE:          0
cpu5->LLC RFO          ACCESS:     133221 HIT:      70165 MISS:      63056 MSHR_MERGE:          0
cpu5->LLC PREFETCH     ACCESS:          0 HIT:          0 MISS:          0 MSHR_MERGE:          0
cpu5->LLC WRITE        ACCESS:     160033 HIT:     150518 MISS:       9515 MSHR_MERGE:          0
cpu5->LLC TRANSLATION  ACCESS:          0 HIT:          0 MISS:          0 MSHR_MERGE:          0
cpu5->LLC PREFETCH REQUESTED:          0 ISSUED:          0 USEFUL:          0 USELESS:          0
cpu5->LLC AVERAGE MISS LATENCY: 2853 cycles
cpu6->LLC TOTAL        ACCESS:     447683 HIT:     306387 MISS:     141296 MSHR_MERGE:          0
cpu6->LLC LOAD         ACCESS:     160273 HIT:      86046 MISS:      74227 MSHR_MERGE:          0
cpu6->LLC RFO          ACCESS:     128636 HIT:      67909 MISS:      60727 MSHR_MERGE:          0
cpu6->LLC PREFETCH     ACCESS:          0 HIT:          0 MISS:          0 MSHR_MERGE:          0
cpu6->LLC WRITE        ACCESS:     158774 HIT:     152432 MISS:       6342 MSHR_MERGE:          0
cpu6->LLC TRANSLATION  ACCESS:          0 HIT:          0 MISS:          0 MSHR_MERGE:          0
cpu6->LLC PREFETCH REQUESTED:          0 ISSUED:          0 USEFUL:          0 USELESS:          0
cpu6->LLC AVERAGE MISS LATENCY: 2892 cycles
cpu7->LLC TOTAL        ACCESS:     450445 HIT:     308730 MISS:     141715 MSHR_MERGE:          0
cpu7->LLC LOAD         ACCESS:     161233 HIT:      87584 MISS:      73649 MSHR_MERGE:          0
cpu7->LLC RFO          ACCESS:     129117 HIT:      66396 MISS:      62721 MSHR_MERGE:          0
cpu7->LLC PREFETCH     ACCESS:          0 HIT:          0 MISS:          0 MSHR_MERGE:          0
cpu7->LLC WRITE        ACCESS:     160095 HIT:     154750 MISS:       5345 MSHR_MERGE:          0
cpu7->LLC TRANSLATION  ACCESS:          0 HIT:          0 MISS:          0 MSHR_MERGE:          0
cpu7->LLC PREFETCH REQUESTED:          0 ISSUED:          0 USEFUL:          0 USELESS:          0
cpu7->LLC AVERAGE MISS LATENCY: 2884 cycles

DRAM Statistics

Channel 0 READ REQS:     545560	WRITE REQS:     362283
  READS:     545446	READ_HITS:          0
  WRITES:     362276	WRITE HITS:          0
  ACTIVATES:     907726	PRECHARGES:     907722
  RQ FULL:        112	WQ FULL:       2002
  WRITE DRAINS:      14284	FORCED:       7264
  MEAN WRITE IMBALANCE: 2.0469056286754412
  READ OCCU PRE DRAIN: 4.282203864463735	POST DRAIN: 9.452044245309438
  MEAN WLP: 14.224166900028003
  READ LATENCY: 91.39948592527949
  TIME IN WRITE MODE: 2107564576

Channel 1 READ REQS:     545017	WRITE REQS:     362119
  READS:     544928	READ_HITS:          0
  WRITES:     362085	WRITE HITS:          0
  ACTIVATES:     907013	PRECHARGES:     907013
  RQ FULL:          0	WQ FULL:       2488
  WRITE DRAINS:      14338	FORCED:       7178
  MEAN WRITE IMBALANCE: 2.042544287906263
  READ OCCU PRE DRAIN: 4.2051192634956065	POST DRAIN: 9.129725205746967
  MEAN WLP: 14.165016041288883
  READ LATENCY: 89.7180746814258
  TIME IN WRITE MODE: 2111998720
BARD NON LRU EVICTS: 5717	TOTAL EVICTS: 2141466	EAGER WB: 0
