[VMEM] WARNING: physical memory size is smaller than virtual memory size.

*** ChampSim Multicore Out-of-Order Simulator ***
Warmup Instructions: 25000000
Simulation Instructions: 25000000
Number of CPUs: 8
Page size: 2097152

initializing BARD -- num sampled sets: 64, modulus = 256
CL :	 16.64 ns
CWL :	 15.808 ns
tRP :	 16.224 ns
tRCD :	 16.224 ns
tRAS :	 32.032000000000004 ns
tRTP :	 7.904 ns
tWR :	 30.368000000000002 ns

tCCD_S :	 3.3280000000000003 ns
tCCD_S_WR :	 3.3280000000000003 ns
tCCD_S_WTR :	 22.048000000000002 ns
tCCD_L :	 5.408 ns
tCCD_L_WR :	 20.384 ns
tCCD_L_WTR :	 29.536 ns
tRRD_S :	 3.3280000000000003 ns
tRRD_L :	 5.408 ns
tFAW :	 13.728 ns
Address mapping (perm = 1) 	ch co bg bg bg ba ba co co co co co co ro ro ro ro ro ro ro ro ro ro ro ro ro ro ro 
dram queue size: R = 64 W = 48 (low:high is 9:39)
num evicts: 0, p: 0, s: 0 	 max proactive lookup: 15, max shadow lookup: 16
current cycle = 16688, last update cycle = 0, delta = 16688
	load umon |	misses = 58, hits= 1 0 0 0 0 0 0 0 0 0 0 0 0 0 0 5
	write umon |	misses = 0, hits= 0 0 0 0 0 0 0 0 0 0 0 0 0 0 0 0
num evicts: 100000, p: 9712, s: 0 	 max proactive lookup: 15, max shadow lookup: 16
current cycle = 692933, last update cycle = 0, delta = 692933
	load umon |	misses = 1277, hits= 16 12 8 3 0 2 0 0 13 3 11 3 2 0 0 13
	write umon |	misses = 185, hits= 0 0 0 0 0 0 0 0 0 0 0 0 0 0 0 0
num evicts: 200000, p: 22065, s: 0 	 max proactive lookup: 10, max shadow lookup: 16
current cycle = 986512, last update cycle = 0, delta = 986512
	load umon |	misses = 1763, hits= 39 18 11 3 0 2 0 0 26 5 12 3 2 0 0 21
	write umon |	misses = 411, hits= 0 0 0 0 0 0 0 0 0 0 0 0 0 0 0 0
num evicts: 300000, p: 34691, s: 0 	 max proactive lookup: 3, max shadow lookup: 16
current cycle = 1238838, last update cycle = 0, delta = 1238838
	load umon |	misses = 2107, hits= 81 34 14 7 4 3 0 2 41 11 15 3 2 0 0 21
	write umon |	misses = 587, hits= 0 0 0 0 0 0 0 0 0 0 0 0 0 0 0 0
num evicts: 400000, p: 42103, s: 0 	 max proactive lookup: 2, max shadow lookup: 16
current cycle = 1478853, last update cycle = 0, delta = 1478853
	load umon |	misses = 2467, hits= 107 43 18 8 4 3 0 3 56 19 16 3 2 0 0 28
	write umon |	misses = 809, hits= 0 0 0 0 0 0 0 0 0 0 0 0 0 0 0 0
num evicts: 500000, p: 47895, s: 0 	 max proactive lookup: 2, max shadow lookup: 16
current cycle = 1714068, last update cycle = 0, delta = 1714068
	load umon |	misses = 2819, hits= 124 50 18 8 4 3 0 3 61 22 16 3 2 0 0 28
	write umon |	misses = 993, hits= 0 0 0 0 0 0 0 0 0 0 0 0 0 0 0 0
num evicts: 600000, p: 50518, s: 0 	 max proactive lookup: 1, max shadow lookup: 16
current cycle = 1951747, last update cycle = 0, delta = 1951747
	load umon |	misses = 3145, hits= 154 62 24 9 4 3 0 3 82 30 19 3 2 0 0 35
	write umon |	misses = 1231, hits= 0 0 0 0 0 0 0 0 0 0 0 0 0 0 0 0
num evicts: 700000, p: 50518, s: 0 	 max proactive lookup: 1, max shadow lookup: 16
current cycle = 2187885, last update cycle = 0, delta = 2187885
	load umon |	misses = 3491, hits= 177 69 25 10 4 3 0 3 113 42 19 8 2 2 3 38
	write umon |	misses = 1409, hits= 0 0 0 0 0 0 0 0 0 0 0 0 0 0 0 0
num evicts: 800000, p: 50518, s: 0 	 max proactive lookup: 1, max shadow lookup: 16
current cycle = 2424012, last update cycle = 0, delta = 2424012
	load umon |	misses = 3875, hits= 210 74 26 10 6 3 1 4 131 43 19 8 2 2 3 38
	write umon |	misses = 1632, hits= 0 0 0 0 0 0 0 0 0 0 0 0 0 0 0 0
num evicts: 900000, p: 50518, s: 0 	 max proactive lookup: 1, max shadow lookup: 16
current cycle = 2656383, last update cycle = 0, delta = 2656383
	load umon |	misses = 4300, hits= 228 76 33 11 6 3 1 4 154 44 19 8 2 3 8 39
	write umon |	misses = 1877, hits= 0 0 0 0 0 0 0 0 0 0 0 0 0 0 0 0
num evicts: 1000000, p: 50518, s: 0 	 max proactive lookup: 1, max shadow lookup: 16
current cycle = 2889138, last update cycle = 0, delta = 2889138
	load umon |	misses = 4672, hits= 252 76 33 11 6 3 1 4 178 44 19 8 2 3 8 39
	write umon |	misses = 2076, hits= 0 0 0 0 0 0 0 0 0 0 0 0 0 0 0 0
num evicts: 1100000, p: 50518, s: 0 	 max proactive lookup: 1, max shadow lookup: 16
current cycle = 3121935, last update cycle = 0, delta = 3121935
	load umon |	misses = 5070, hits= 287 78 33 11 6 3 1 4 186 44 19 8 2 3 8 46
	write umon |	misses = 2300, hits= 0 0 0 0 0 0 0 0 0 0 0 0 0 0 0 0
Heartbeat CPU 0 instructions: 10000004 cycles: 3253792 heartbeat IPC: 3.073 cumulative IPC: 3.073 (Simulation time: 00 hr 35 min 46 sec)
Heartbeat CPU 6 instructions: 10000004 cycles: 3254326 heartbeat IPC: 3.073 cumulative IPC: 3.073 (Simulation time: 00 hr 35 min 46 sec)
Heartbeat CPU 7 instructions: 10000001 cycles: 3254499 heartbeat IPC: 3.073 cumulative IPC: 3.073 (Simulation time: 00 hr 35 min 46 sec)
Heartbeat CPU 2 instructions: 10000001 cycles: 3255098 heartbeat IPC: 3.072 cumulative IPC: 3.072 (Simulation time: 00 hr 35 min 47 sec)
Heartbeat CPU 3 instructions: 10000000 cycles: 3255190 heartbeat IPC: 3.072 cumulative IPC: 3.072 (Simulation time: 00 hr 35 min 47 sec)
Heartbeat CPU 5 instructions: 10000003 cycles: 3256112 heartbeat IPC: 3.071 cumulative IPC: 3.071 (Simulation time: 00 hr 35 min 47 sec)
Heartbeat CPU 1 instructions: 10000000 cycles: 3256263 heartbeat IPC: 3.071 cumulative IPC: 3.071 (Simulation time: 00 hr 35 min 47 sec)
Heartbeat CPU 4 instructions: 10000001 cycles: 3256418 heartbeat IPC: 3.071 cumulative IPC: 3.071 (Simulation time: 00 hr 35 min 47 sec)
num evicts: 1200000, p: 50518, s: 0 	 max proactive lookup: 1, max shadow lookup: 16
current cycle = 3352920, last update cycle = 0, delta = 3352920
	load umon |	misses = 5433, hits= 336 86 33 11 6 3 1 4 186 44 19 8 2 3 8 46
	write umon |	misses = 2488, hits= 0 0 0 0 0 0 0 0 0 0 0 0 0 0 0 0
num evicts: 1300000, p: 50518, s: 0 	 max proactive lookup: 0, max shadow lookup: 16
current cycle = 3585186, last update cycle = 0, delta = 3585186
	load umon |	misses = 5853, hits= 370 98 36 11 6 3 1 4 192 45 20 8 2 3 8 53
	write umon |	misses = 2729, hits= 0 0 0 0 0 0 0 0 0 0 0 0 0 0 0 0
num evicts: 1400000, p: 50518, s: 0 	 max proactive lookup: 0, max shadow lookup: 16
current cycle = 3817352, last update cycle = 0, delta = 3817352
	load umon |	misses = 6221, hits= 403 112 37 11 6 3 1 5 206 47 20 8 2 3 8 60
	write umon |	misses = 2957, hits= 0 0 0 0 0 0 0 0 0 0 0 0 0 0 0 0
num evicts: 1500000, p: 50518, s: 0 	 max proactive lookup: 0, max shadow lookup: 16
current cycle = 4049780, last update cycle = 0, delta = 4049780
	load umon |	misses = 6645, hits= 439 116 37 11 6 3 1 5 213 48 20 8 2 3 8 60
	write umon |	misses = 3233, hits= 0 0 0 0 0 0 0 0 0 0 0 0 0 0 0 0
num evicts: 1600000, p: 50518, s: 0 	 max proactive lookup: 0, max shadow lookup: 16
current cycle = 4281028, last update cycle = 0, delta = 4281028
	load umon |	misses = 7006, hits= 472 123 37 11 6 3 1 6 219 51 20 8 2 3 8 67
	write umon |	misses = 3458, hits= 0 0 0 0 0 0 0 0 0 0 0 0 0 0 0 0
num evicts: 1700000, p: 50518, s: 0 	 max proactive lookup: 0, max shadow lookup: 16
current cycle = 4511282, last update cycle = 0, delta = 4511282
	load umon |	misses = 7361, hits= 485 126 37 11 6 3 1 6 261 64 20 8 2 3 8 67
	write umon |	misses = 3685, hits= 0 0 0 0 0 0 0 0 0 0 0 0 0 0 0 0
num evicts: 1800000, p: 50518, s: 0 	 max proactive lookup: 0, max shadow lookup: 16
current cycle = 4739117, last update cycle = 0, delta = 4739117
	load umon |	misses = 7680, hits= 517 134 37 11 6 3 1 7 280 69 20 8 2 3 8 74
	write umon |	misses = 3877, hits= 0 0 0 0 0 0 0 0 0 0 0 0 0 0 0 0
num evicts: 1900000, p: 50518, s: 0 	 max proactive lookup: 0, max shadow lookup: 16
current cycle = 4968712, last update cycle = 0, delta = 4968712
	load umon |	misses = 8003, hits= 549 142 37 11 6 3 1 7 301 72 20 8 2 3 8 74
	write umon |	misses = 4009, hits= 0 0 0 0 0 0 0 0 0 0 0 0 0 0 0 0
num evicts: 2000000, p: 50518, s: 0 	 max proactive lookup: 0, max shadow lookup: 16
current cycle = 5199078, last update cycle = 5000002, delta = 199076
	load umon |	misses = 4286, hits= 302 75 18 5 3 1 0 4 195 43 10 4 1 1 4 40
	write umon |	misses = 2199, hits= 0 0 0 0 0 0 0 0 0 0 0 0 0 0 0 0
num evicts: 2100000, p: 50518, s: 0 	 max proactive lookup: 0, max shadow lookup: 16
current cycle = 5427470, last update cycle = 5000002, delta = 427468
	load umon |	misses = 4642, hits= 321 80 18 5 3 1 0 5 213 49 10 4 1 1 4 47
	write umon |	misses = 2379, hits= 0 0 0 0 0 0 0 0 0 0 0 0 0 0 0 0
num evicts: 2200000, p: 50518, s: 0 	 max proactive lookup: 0, max shadow lookup: 16
current cycle = 5653156, last update cycle = 5000002, delta = 653154
	load umon |	misses = 4990, hits= 328 81 18 5 3 1 0 5 240 54 10 4 1 1 10 49
	write umon |	misses = 2540, hits= 0 0 0 0 0 0 0 0 0 0 0 0 0 0 0 0
num evicts: 2300000, p: 50518, s: 0 	 max proactive lookup: 0, max shadow lookup: 16
current cycle = 5881410, last update cycle = 5000002, delta = 881408
	load umon |	misses = 5393, hits= 342 83 18 5 3 2 0 5 274 60 10 4 1 1 10 56
	write umon |	misses = 2787, hits= 0 0 0 0 0 0 0 0 0 0 0 0 0 0 0 0
num evicts: 2400000, p: 50518, s: 0 	 max proactive lookup: 0, max shadow lookup: 16
current cycle = 6110546, last update cycle = 5000002, delta = 1110544
	load umon |	misses = 5774, hits= 364 85 18 5 3 2 0 5 281 61 10 4 1 1 10 56
	write umon |	misses = 3023, hits= 0 0 0 0 0 0 0 0 0 0 0 0 0 0 0 0
num evicts: 2500000, p: 50518, s: 0 	 max proactive lookup: 1, max shadow lookup: 16
current cycle = 6341554, last update cycle = 5000002, delta = 1341552
	load umon |	misses = 6190, hits= 371 86 18 5 3 2 0 5 302 64 10 4 1 1 17 65
	write umon |	misses = 3272, hits= 0 0 0 0 0 0 0 0 0 0 0 0 0 0 0 0
Heartbeat CPU 6 instructions: 20000008 cycles: 6507159 heartbeat IPC: 3.074 cumulative IPC: 3.074 (Simulation time: 00 hr 55 min 27 sec)
Heartbeat CPU 0 instructions: 20000007 cycles: 6507521 heartbeat IPC: 3.073 cumulative IPC: 3.073 (Simulation time: 00 hr 55 min 27 sec)
Heartbeat CPU 7 instructions: 20000001 cycles: 6508391 heartbeat IPC: 3.073 cumulative IPC: 3.073 (Simulation time: 00 hr 55 min 27 sec)
Heartbeat CPU 3 instructions: 20000003 cycles: 6508508 heartbeat IPC: 3.074 cumulative IPC: 3.073 (Simulation time: 00 hr 55 min 27 sec)
Heartbeat CPU 2 instructions: 20000004 cycles: 6509077 heartbeat IPC: 3.073 cumulative IPC: 3.073 (Simulation time: 00 hr 55 min 28 sec)
Heartbeat CPU 4 instructions: 20000005 cycles: 6509099 heartbeat IPC: 3.074 cumulative IPC: 3.073 (Simulation time: 00 hr 55 min 28 sec)
Heartbeat CPU 1 instructions: 20000000 cycles: 6509600 heartbeat IPC: 3.074 cumulative IPC: 3.072 (Simulation time: 00 hr 55 min 28 sec)
Heartbeat CPU 5 instructions: 20000005 cycles: 6510696 heartbeat IPC: 3.073 cumulative IPC: 3.072 (Simulation time: 00 hr 55 min 28 sec)
num evicts: 2600000, p: 50518, s: 0 	 max proactive lookup: 1, max shadow lookup: 16
current cycle = 6569580, last update cycle = 5000002, delta = 1569578
	load umon |	misses = 6609, hits= 371 86 18 5 3 2 0 5 330 68 10 4 1 1 17 65
	write umon |	misses = 3531, hits= 0 0 0 0 0 0 0 0 0 0 0 0 0 0 0 0
num evicts: 2700000, p: 50518, s: 0 	 max proactive lookup: 1, max shadow lookup: 16
current cycle = 6801310, last update cycle = 5000002, delta = 1801308
	load umon |	misses = 6998, hits= 409 88 18 5 3 2 0 5 374 72 10 4 1 1 17 72
	write umon |	misses = 3763, hits= 0 0 0 0 0 0 0 0 0 0 0 0 0 0 0 0
num evicts: 2800000, p: 50518, s: 0 	 max proactive lookup: 1, max shadow lookup: 16
current cycle = 7036412, last update cycle = 5000002, delta = 2036410
	load umon |	misses = 7391, hits= 447 90 18 5 3 2 0 14 374 72 10 4 1 1 17 79
	write umon |	misses = 3977, hits= 0 0 0 0 0 0 0 0 0 0 0 0 0 0 0 0
num evicts: 2900000, p: 50518, s: 0 	 max proactive lookup: 1, max shadow lookup: 16
current cycle = 7270698, last update cycle = 5000002, delta = 2270696
	load umon |	misses = 7821, hits= 466 95 18 5 3 2 0 14 380 74 10 4 1 1 17 79
	write umon |	misses = 4211, hits= 0 0 0 0 0 0 0 0 0 0 0 0 0 0 0 0
num evicts: 3000000, p: 50518, s: 0 	 max proactive lookup: 1, max shadow lookup: 16
current cycle = 7503599, last update cycle = 5000002, delta = 2503597
	load umon |	misses = 8166, hits= 501 108 19 6 4 3 1 16 388 76 10 4 1 3 20 81
	write umon |	misses = 4394, hits= 0 0 0 0 0 0 0 0 0 0 0 0 0 0 0 0
num evicts: 3100000, p: 50518, s: 0 	 max proactive lookup: 0, max shadow lookup: 16
current cycle = 7738089, last update cycle = 5000002, delta = 2738087
	load umon |	misses = 8486, hits= 535 114 19 6 4 3 1 16 409 78 11 4 1 3 20 81
	write umon |	misses = 4599, hits= 0 0 0 0 0 0 0 0 0 0 0 0 0 0 0 0
num evicts: 3200000, p: 50518, s: 0 	 max proactive lookup: 0, max shadow lookup: 16
current cycle = 7972117, last update cycle = 5000002, delta = 2972115
	load umon |	misses = 8790, hits= 564 124 20 6 4 3 2 16 435 84 11 4 1 3 20 88
	write umon |	misses = 4768, hits= 0 0 0 0 0 0 0 0 0 0 0 0 0 0 0 0
Warmup finished CPU 6 instructions: 25000000 cycles: 8133658 cumulative IPC: 3.074 (Simulation time: 01 hr 09 min 57 sec)
Warmup finished CPU 0 instructions: 25000002 cycles: 8133749 cumulative IPC: 3.074 (Simulation time: 01 hr 09 min 57 sec)
Warmup finished CPU 3 instructions: 25000004 cycles: 8134825 cumulative IPC: 3.073 (Simulation time: 01 hr 09 min 58 sec)
Warmup finished CPU 7 instructions: 25000002 cycles: 8135522 cumulative IPC: 3.073 (Simulation time: 01 hr 09 min 58 sec)
Warmup finished CPU 2 instructions: 25000002 cycles: 8136376 cumulative IPC: 3.073 (Simulation time: 01 hr 09 min 58 sec)
Warmup finished CPU 4 instructions: 25000003 cycles: 8136417 cumulative IPC: 3.073 (Simulation time: 01 hr 09 min 58 sec)
Warmup finished CPU 1 instructions: 25000000 cycles: 8137010 cumulative IPC: 3.072 (Simulation time: 01 hr 09 min 59 sec)
Warmup finished CPU 5 instructions: 25000003 cycles: 8137717 cumulative IPC: 3.072 (Simulation time: 01 hr 09 min 59 sec)
Warmup complete CPU 7 instructions: 25006702 cycles: 8137717 cumulative IPC: 3.073 (Simulation time: 01 hr 09 min 59 sec)
Warmup complete CPU 6 instructions: 25012470 cycles: 8137717 cumulative IPC: 3.074 (Simulation time: 01 hr 09 min 59 sec)
Warmup complete CPU 5 instructions: 25000003 cycles: 8137717 cumulative IPC: 3.072 (Simulation time: 01 hr 09 min 59 sec)
Warmup complete CPU 4 instructions: 25004009 cycles: 8137717 cumulative IPC: 3.073 (Simulation time: 01 hr 09 min 59 sec)
Warmup complete CPU 3 instructions: 25009070 cycles: 8137717 cumulative IPC: 3.073 (Simulation time: 01 hr 09 min 59 sec)
Warmup complete CPU 2 instructions: 25004046 cycles: 8137717 cumulative IPC: 3.073 (Simulation time: 01 hr 09 min 59 sec)
Warmup complete CPU 1 instructions: 25002182 cycles: 8137717 cumulative IPC: 3.072 (Simulation time: 01 hr 09 min 59 sec)
Warmup complete CPU 0 instructions: 25011914 cycles: 8137717 cumulative IPC: 3.074 (Simulation time: 01 hr 09 min 59 sec)
num evicts: 3300000, p: 50518, s: 0 	 max proactive lookup: 0, max shadow lookup: 16
current cycle = 8645941, last update cycle = 5000002, delta = 3645939
	load umon |	misses = 9127, hits= 601 135 20 6 4 3 2 17 450 85 11 4 1 3 20 95
	write umon |	misses = 4944, hits= 0 0 0 0 0 0 0 0 0 0 0 0 0 0 0 0
num evicts: 3400000, p: 50518, s: 0 	 max proactive lookup: 0, max shadow lookup: 16
current cycle = 10448670, last update cycle = 10000008, delta = 448662
	load umon |	misses = 4801, hits= 313 73 13 8 2 2 1 8 230 43 7 2 0 1 10 47
	write umon |	misses = 2621, hits= 0 0 0 0 0 0 0 0 0 0 0 0 0 0 0 0
num evicts: 3500000, p: 50518, s: 0 	 max proactive lookup: 0, max shadow lookup: 16
current cycle = 12239043, last update cycle = 10000008, delta = 2239035
	load umon |	misses = 5173, hits= 325 77 20 15 4 5 1 11 237 46 12 4 0 2 10 54
	write umon |	misses = 2842, hits= 0 0 0 0 0 0 0 0 0 0 0 0 0 0 0 0
num evicts: 3600000, p: 50518, s: 0 	 max proactive lookup: 1, max shadow lookup: 16
current cycle = 14030117, last update cycle = 10000008, delta = 4030109
	load umon |	misses = 5590, hits= 339 83 26 16 8 7 3 12 251 52 14 5 2 2 10 54
	write umon |	misses = 3111, hits= 0 0 0 0 0 0 0 0 0 0 0 0 0 0 0 0
num evicts: 3700000, p: 50518, s: 0 	 max proactive lookup: 1, max shadow lookup: 16
current cycle = 15810729, last update cycle = 15000010, delta = 810719
	load umon |	misses = 3080, hits= 173 43 13 8 4 3 1 6 141 33 7 2 1 1 5 30
	write umon |	misses = 1715, hits= 0 0 0 0 0 0 0 0 0 0 0 0 0 0 0 0
num evicts: 3800000, p: 50518, s: 0 	 max proactive lookup: 1, max shadow lookup: 16
current cycle = 17593269, last update cycle = 15000010, delta = 2593259
	load umon |	misses = 3475, hits= 193 50 13 8 4 3 8 15 153 34 7 2 1 1 5 30
	write umon |	misses = 1918, hits= 0 0 0 0 0 0 0 0 0 0 0 0 0 0 0 0
num evicts: 3900000, p: 50518, s: 0 	 max proactive lookup: 1, max shadow lookup: 16
current cycle = 19342289, last update cycle = 15000010, delta = 4342279
	load umon |	misses = 3868, hits= 197 52 15 9 4 3 8 17 186 35 11 2 1 1 5 37
	write umon |	misses = 2116, hits= 0 0 0 0 0 0 0 0 0 0 0 0 0 0 0 0
Heartbeat CPU 1 instructions: 30000000 cycles: 20627103 heartbeat IPC: 0.7083 cumulative IPC: 0.4002 (Simulation time: 01 hr 50 min 32 sec)
Heartbeat CPU 4 instructions: 30000005 cycles: 20690273 heartbeat IPC: 0.7052 cumulative IPC: 0.398 (Simulation time: 01 hr 50 min 39 sec)
Heartbeat CPU 6 instructions: 30000010 cycles: 20709774 heartbeat IPC: 0.7041 cumulative IPC: 0.3967 (Simulation time: 01 hr 50 min 41 sec)
Heartbeat CPU 7 instructions: 30000005 cycles: 20733225 heartbeat IPC: 0.703 cumulative IPC: 0.3964 (Simulation time: 01 hr 50 min 44 sec)
Heartbeat CPU 0 instructions: 30000010 cycles: 20770029 heartbeat IPC: 0.7011 cumulative IPC: 0.3949 (Simulation time: 01 hr 50 min 48 sec)
Heartbeat CPU 5 instructions: 30000005 cycles: 20771342 heartbeat IPC: 0.7012 cumulative IPC: 0.3958 (Simulation time: 01 hr 50 min 48 sec)
Heartbeat CPU 2 instructions: 30000004 cycles: 20814769 heartbeat IPC: 0.699 cumulative IPC: 0.3941 (Simulation time: 01 hr 50 min 53 sec)
Heartbeat CPU 3 instructions: 30000004 cycles: 21022665 heartbeat IPC: 0.689 cumulative IPC: 0.3873 (Simulation time: 01 hr 51 min 16 sec)
num evicts: 4000000, p: 52987, s: 0 	 max proactive lookup: 1, max shadow lookup: 16
current cycle = 21035690, last update cycle = 20000020, delta = 1035670
	load umon |	misses = 2211, hits= 112 30 7 4 2 1 4 8 103 19 5 1 0 0 2 20
	write umon |	misses = 1200, hits= 0 0 0 0 0 0 0 0 0 0 0 0 0 0 0 0
num evicts: 4100000, p: 57896, s: 0 	 max proactive lookup: 2, max shadow lookup: 16
current cycle = 22725935, last update cycle = 20000020, delta = 2725915
	load umon |	misses = 2586, hits= 119 35 9 6 4 2 8 11 118 24 5 1 0 0 2 25
	write umon |	misses = 1428, hits= 0 0 0 0 0 0 0 0 0 0 0 0 0 0 0 0
num evicts: 4200000, p: 69153, s: 0 	 max proactive lookup: 6, max shadow lookup: 16
current cycle = 24392880, last update cycle = 20000020, delta = 4392860
	load umon |	misses = 3001, hits= 125 36 10 6 4 2 8 15 121 25 5 1 0 0 2 31
	write umon |	misses = 1634, hits= 0 0 0 0 0 0 0 0 0 0 0 0 0 0 0 0
num evicts: 4300000, p: 82527, s: 0 	 max proactive lookup: 7, max shadow lookup: 16
current cycle = 26068287, last update cycle = 25000064, delta = 1068223
	load umon |	misses = 1806, hits= 69 21 6 4 2 2 5 18 82 13 2 0 0 2 3 17
	write umon |	misses = 1013, hits= 0 0 0 0 0 0 0 0 0 0 0 0 0 0 0 0
num evicts: 4400000, p: 95551, s: 0 	 max proactive lookup: 3, max shadow lookup: 16
current cycle = 27724358, last update cycle = 25000064, delta = 2724294
	load umon |	misses = 2140, hits= 96 28 7 4 2 2 5 18 95 14 3 0 0 3 4 17
	write umon |	misses = 1201, hits= 0 0 0 0 0 0 0 0 0 0 0 0 0 0 0 0
num evicts: 4500000, p: 103042, s: 0 	 max proactive lookup: 2, max shadow lookup: 16
current cycle = 29433018, last update cycle = 25000064, delta = 4432954
	load umon |	misses = 2495, hits= 120 34 8 6 3 3 6 19 97 14 3 0 0 3 4 17
	write umon |	misses = 1410, hits= 0 0 0 0 0 0 0 0 0 0 0 0 0 0 0 0
num evicts: 4600000, p: 107744, s: 0 	 max proactive lookup: 1, max shadow lookup: 16
current cycle = 31175898, last update cycle = 30000064, delta = 1175834
	load umon |	misses = 1531, hits= 79 23 5 3 3 1 4 9 53 10 1 0 0 1 3 15
	write umon |	misses = 860, hits= 0 0 0 0 0 0 0 0 0 0 0 0 0 0 0 0
num evicts: 4700000, p: 107744, s: 0 	 max proactive lookup: 1, max shadow lookup: 16
current cycle = 32923230, last update cycle = 30000064, delta = 2923166
	load umon |	misses = 1884, hits= 95 32 9 3 5 9 9 18 66 13 1 0 0 1 3 15
	write umon |	misses = 1069, hits= 0 0 0 0 0 0 0 0 0 0 0 0 0 0 0 0
num evicts: 4800000, p: 110161, s: 0 	 max proactive lookup: 2, max shadow lookup: 16
current cycle = 34659562, last update cycle = 30000064, delta = 4659498
	load umon |	misses = 2231, hits= 100 36 12 4 5 9 14 20 75 16 1 0 0 1 4 20
	write umon |	misses = 1212, hits= 0 0 0 0 0 0 0 0 0 0 0 0 0 0 0 0
num evicts: 4900000, p: 116632, s: 0 	 max proactive lookup: 2, max shadow lookup: 16
current cycle = 36386022, last update cycle = 35000543, delta = 1385479
	load umon |	misses = 1471, hits= 61 25 6 4 2 4 10 12 55 10 0 0 0 0 3 12
	write umon |	misses = 814, hits= 0 0 0 0 0 0 0 0 0 0 0 0 0 0 0 0
num evicts: 5000000, p: 129489, s: 0 	 max proactive lookup: 6, max shadow lookup: 16
current cycle = 38086352, last update cycle = 35000543, delta = 3085809
	load umon |	misses = 1842, hits= 65 30 8 4 3 5 15 18 72 10 0 0 0 1 3 16
	write umon |	misses = 1011, hits= 0 0 0 0 0 0 0 0 0 0 0 0 0 0 0 0
num evicts: 5100000, p: 142567, s: 0 	 max proactive lookup: 6, max shadow lookup: 16
current cycle = 39798497, last update cycle = 35000543, delta = 4797954
	load umon |	misses = 2197, hits= 78 32 10 6 4 6 26 21 100 10 0 0 0 1 3 22
	write umon |	misses = 1185, hits= 0 0 0 0 0 0 0 0 0 0 0 0 0 0 0 0
num evicts: 5200000, p: 157117, s: 0 	 max proactive lookup: 6, max shadow lookup: 16
current cycle = 41503544, last update cycle = 40000560, delta = 1502984
	load umon |	misses = 1483, hits= 41 18 8 4 6 4 17 17 57 5 0 0 0 0 1 12
	write umon |	misses = 809, hits= 0 0 0 0 0 0 0 0 0 0 0 0 0 0 0 0
num evicts: 5300000, p: 171881, s: 0 	 max proactive lookup: 7, max shadow lookup: 16
current cycle = 43182570, last update cycle = 40000560, delta = 3182010
	load umon |	misses = 1887, hits= 46 19 11 5 8 4 19 19 69 5 0 0 0 0 1 19
	write umon |	misses = 1008, hits= 0 0 0 0 0 0 0 0 0 0 0 0 0 0 0 0
num evicts: 5400000, p: 187018, s: 0 	 max proactive lookup: 7, max shadow lookup: 16
current cycle = 44851022, last update cycle = 40000560, delta = 4850462
	load umon |	misses = 2288, hits= 64 20 12 6 8 4 21 19 69 5 0 0 0 0 1 19
	write umon |	misses = 1248, hits= 0 0 0 0 0 0 0 0 0 0 0 0 0 0 0 0
Heartbeat CPU 1 instructions: 40000003 cycles: 45192559 heartbeat IPC: 0.4071 cumulative IPC: 0.4047 (Simulation time: 02 hr 35 min 40 sec)
Heartbeat CPU 0 instructions: 40000014 cycles: 45314379 heartbeat IPC: 0.4074 cumulative IPC: 0.4032 (Simulation time: 02 hr 35 min 52 sec)
Heartbeat CPU 6 instructions: 40000014 cycles: 45350565 heartbeat IPC: 0.4058 cumulative IPC: 0.4028 (Simulation time: 02 hr 35 min 56 sec)
Heartbeat CPU 5 instructions: 40000009 cycles: 45393375 heartbeat IPC: 0.4061 cumulative IPC: 0.4026 (Simulation time: 02 hr 36 min 00 sec)
Heartbeat CPU 7 instructions: 40000005 cycles: 45449910 heartbeat IPC: 0.4046 cumulative IPC: 0.4018 (Simulation time: 02 hr 36 min 06 sec)
Heartbeat CPU 4 instructions: 40000008 cycles: 45495277 heartbeat IPC: 0.4031 cumulative IPC: 0.4014 (Simulation time: 02 hr 36 min 11 sec)
Heartbeat CPU 2 instructions: 40000008 cycles: 45810879 heartbeat IPC: 0.4001 cumulative IPC: 0.3981 (Simulation time: 02 hr 36 min 43 sec)
Heartbeat CPU 3 instructions: 40000008 cycles: 46014553 heartbeat IPC: 0.4001 cumulative IPC: 0.3958 (Simulation time: 02 hr 37 min 03 sec)
num evicts: 5500000, p: 201724, s: 0 	 max proactive lookup: 7, max shadow lookup: 16
current cycle = 46527340, last update cycle = 45000594, delta = 1526746
	load umon |	misses = 1547, hits= 42 17 8 4 6 3 12 13 49 2 0 0 0 0 0 17
	write umon |	misses = 837, hits= 0 0 0 0 0 0 0 0 0 0 0 0 0 0 0 0
num evicts: 5600000, p: 216310, s: 0 	 max proactive lookup: 7, max shadow lookup: 16
current cycle = 48197801, last update cycle = 45000594, delta = 3197207
	load umon |	misses = 1923, hits= 45 19 12 6 9 6 16 15 51 2 0 0 0 0 0 17
	write umon |	misses = 1072, hits= 0 0 0 0 0 0 0 0 0 0 0 0 0 0 0 0
num evicts: 5700000, p: 230674, s: 0 	 max proactive lookup: 7, max shadow lookup: 16
current cycle = 49853868, last update cycle = 45000594, delta = 4853274
	load umon |	misses = 2338, hits= 51 21 14 7 11 8 23 17 52 2 0 0 0 0 0 25
	write umon |	misses = 1309, hits= 0 0 0 0 0 0 0 0 0 0 0 0 0 0 0 0
num evicts: 5800000, p: 246045, s: 0 	 max proactive lookup: 8, max shadow lookup: 16
current cycle = 51502084, last update cycle = 50000601, delta = 1501483
	load umon |	misses = 1488, hits= 27 10 9 5 8 5 11 13 47 1 0 0 0 0 0 14
	write umon |	misses = 8