[VMEM] WARNING: physical memory size is smaller than virtual memory size.

*** ChampSim Multicore Out-of-Order Simulator ***
Warmup Instructions: 25000000
Simulation Instructions: 25000000
Number of CPUs: 8
Page size: 2097152

initializing BARD -- num sampled sets: 64, modulus = 256
CL :	 16.64 ns
CWL :	 15.808 ns
tRP :	 16.224 ns
tRCD :	 16.224 ns
tRAS :	 32.032000000000004 ns
tRTP :	 7.904 ns
tWR :	 30.368000000000002 ns

tCCD_S :	 3.3280000000000003 ns
tCCD_S_WR :	 3.3280000000000003 ns
tCCD_S_WTR :	 22.048000000000002 ns
tCCD_L :	 5.408 ns
tCCD_L_WR :	 20.384 ns
tCCD_L_WTR :	 29.536 ns
tRRD_S :	 3.3280000000000003 ns
tRRD_L :	 5.408 ns
tFAW :	 13.728 ns
Address mapping (perm = 1) 	ch co bg bg bg ba ba co co co co co co ro ro ro ro ro ro ro ro ro ro ro ro ro ro ro 
dram queue size: R = 64 W = 48 (low:high is 9:39)
num evicts: 0, p: 0, s: 0 	 max proactive lookup: 15, max shadow lookup: 16
current cycle = 16928, last update cycle = 0, delta = 16928
	load umon |	misses = 67, hits= 1 0 0 0 0 0 0 0 0 0 0 0 0 0 0 5
	write umon |	misses = 0, hits= 0 0 0 0 0 0 0 0 0 0 0 0 0 0 0 0
num evicts: 100000, p: 18570, s: 0 	 max proactive lookup: 16, max shadow lookup: 16
current cycle = 551642, last update cycle = 0, delta = 551642
	load umon |	misses = 1313, hits= 1 0 0 0 0 0 0 0 0 0 0 0 0 0 0 5
	write umon |	misses = 224, hits= 0 0 0 0 0 0 0 0 0 0 0 0 0 0 0 0
num evicts: 200000, p: 41334, s: 0 	 max proactive lookup: 16, max shadow lookup: 16
current cycle = 762165, last update cycle = 0, delta = 762165
	load umon |	misses = 1783, hits= 1 0 0 0 0 0 0 0 0 0 0 0 0 0 0 12
	write umon |	misses = 481, hits= 0 0 0 0 0 0 0 0 0 0 0 0 0 0 0 0
num evicts: 300000, p: 63887, s: 0 	 max proactive lookup: 16, max shadow lookup: 16
current cycle = 937168, last update cycle = 0, delta = 937168
	load umon |	misses = 2170, hits= 1 0 0 0 0 0 0 0 0 0 0 0 0 0 0 12
	write umon |	misses = 767, hits= 0 0 0 0 0 0 0 0 0 0 0 0 0 0 0 0
num evicts: 400000, p: 87573, s: 0 	 max proactive lookup: 16, max shadow lookup: 16
current cycle = 1112153, last update cycle = 0, delta = 1112153
	load umon |	misses = 2569, hits= 1 0 0 0 0 0 0 0 0 0 0 0 0 0 0 12
	write umon |	misses = 1070, hits= 0 0 0 0 0 0 0 0 0 0 0 0 0 0 0 0
num evicts: 500000, p: 111314, s: 0 	 max proactive lookup: 16, max shadow lookup: 16
current cycle = 1287158, last update cycle = 0, delta = 1287158
	load umon |	misses = 2958, hits= 1 0 0 0 0 0 0 0 0 0 0 0 0 0 0 12
	write umon |	misses = 1363, hits= 0 0 0 0 0 0 0 0 0 0 0 0 0 0 0 0
num evicts: 600000, p: 135085, s: 0 	 max proactive lookup: 16, max shadow lookup: 16
current cycle = 1462167, last update cycle = 0, delta = 1462167
	load umon |	misses = 3353, hits= 1 0 0 0 0 0 0 0 0 0 0 0 0 0 0 12
	write umon |	misses = 1661, hits= 0 0 0 0 0 0 0 0 0 0 0 0 0 0 0 0
num evicts: 700000, p: 159375, s: 0 	 max proactive lookup: 16, max shadow lookup: 16
current cycle = 1637165, last update cycle = 0, delta = 1637165
	load umon |	misses = 3748, hits= 1 0 0 0 0 0 0 0 0 0 0 0 0 0 6 13
	write umon |	misses = 1953, hits= 0 0 0 0 0 0 0 0 0 0 0 0 0 0 0 0
num evicts: 800000, p: 182450, s: 0 	 max proactive lookup: 16, max shadow lookup: 16
current cycle = 1812172, last update cycle = 0, delta = 1812172
	load umon |	misses = 4121, hits= 1 0 0 0 0 0 0 0 0 0 0 0 0 0 6 13
	write umon |	misses = 2229, hits= 0 0 0 0 0 0 0 0 0 0 0 0 0 0 0 0
num evicts: 900000, p: 206866, s: 0 	 max proactive lookup: 16, max shadow lookup: 16
current cycle = 1987155, last update cycle = 0, delta = 1987155
	load umon |	misses = 4529, hits= 1 0 0 0 0 0 0 0 0 0 0 0 0 0 6 13
	write umon |	misses = 2541, hits= 0 0 0 0 0 0 0 0 0 0 0 0 0 0 0 0
num evicts: 1000000, p: 231882, s: 0 	 max proactive lookup: 16, max shadow lookup: 16
current cycle = 2162159, last update cycle = 0, delta = 2162159
	load umon |	misses = 4928, hits= 1 0 0 0 0 0 0 0 0 0 0 0 0 0 6 13
	write umon |	misses = 2836, hits= 0 0 0 0 0 0 0 0 0 0 0 0 0 0 0 0
num evicts: 1100000, p: 256834, s: 0 	 max proactive lookup: 16, max shadow lookup: 16
current cycle = 2337163, last update cycle = 0, delta = 2337163
	load umon |	misses = 5301, hits= 1 0 0 0 0 0 0 0 0 0 0 0 0 0 6 13
	write umon |	misses = 3120, hits= 0 0 0 0 0 0 0 0 0 0 0 0 0 0 0 0
num evicts: 1200000, p: 281372, s: 0 	 max proactive lookup: 16, max shadow lookup: 16
current cycle = 2512153, last update cycle = 0, delta = 2512153
	load umon |	misses = 5705, hits= 1 0 0 0 0 0 0 0 0 0 0 0 0 0 6 13
	write umon |	misses = 3416, hits= 0 0 0 0 0 0 0 0 0 0 0 0 0 0 0 0
num evicts: 1300000, p: 305263, s: 0 	 max proactive lookup: 16, max shadow lookup: 16
current cycle = 2687173, last update cycle = 0, delta = 2687173
	load umon |	misses = 6085, hits= 1 0 0 0 0 0 0 0 0 0 0 0 0 0 12 14
	write umon |	misses = 3704, hits= 0 0 0 0 0 0 0 0 0 0 0 0 0 0 0 0
num evicts: 1400000, p: 329275, s: 0 	 max proactive lookup: 16, max shadow lookup: 16
current cycle = 2862158, last update cycle = 0, delta = 2862158
	load umon |	misses = 6478, hits= 1 0 0 0 0 0 0 0 0 0 0 0 0 0 12 14
	write umon |	misses = 4001, hits= 0 0 0 0 0 0 0 0 0 0 0 0 0 0 0 0
num evicts: 1500000, p: 354518, s: 0 	 max proactive lookup: 16, max shadow lookup: 16
current cycle = 3037155, last update cycle = 0, delta = 3037155
	load umon |	misses = 6874, hits= 1 0 0 0 0 0 0 0 0 0 0 0 0 0 12 14
	write umon |	misses = 4300, hits= 0 0 0 0 0 0 0 0 0 0 0 0 0 0 0 0
num evicts: 1600000, p: 379826, s: 0 	 max proactive lookup: 16, max shadow lookup: 16
current cycle = 3212156, last update cycle = 0, delta = 3212156
	load umon |	misses = 7256, hits= 1 0 0 0 0 0 0 0 0 0 0 0 0 0 12 14
	write umon |	misses = 4584, hits= 0 0 0 0 0 0 0 0 0 0 0 0 0 0 0 0
num evicts: 1700000, p: 404914, s: 0 	 max proactive lookup: 16, max shadow lookup: 16
current cycle = 3387157, last update cycle = 0, delta = 3387157
	load umon |	misses = 7652, hits= 1 0 0 0 0 0 0 0 0 0 0 0 0 0 18 15
	write umon |	misses = 4881, hits= 0 0 0 0 0 0 0 0 0 0 0 0 0 0 0 0
num evicts: 1800000, p: 428893, s: 0 	 max proactive lookup: 16, max shadow lookup: 16
current cycle = 3562140, last update cycle = 0, delta = 3562140
	load umon |	misses = 8054, hits= 1 0 0 0 0 0 0 0 0 0 0 0 0 0 18 15
	write umon |	misses = 5184, hits= 0 0 0 0 0 0 0 0 0 0 0 0 0 0 0 0
num evicts: 1900000, p: 451871, s: 0 	 max proactive lookup: 16, max shadow lookup: 16
current cycle = 3737137, last update cycle = 0, delta = 3737137
	load umon |	misses = 8431, hits= 1 0 0 0 0 0 0 0 0 0 0 0 0 0 18 15
	write umon |	misses = 5465, hits= 0 0 0 0 0 0 0 0 0 0 0 0 0 0 0 0
num evicts: 2000000, p: 476367, s: 0 	 max proactive lookup: 16, max shadow lookup: 16
current cycle = 3912137, last update cycle = 0, delta = 3912137
	load umon |	misses = 8827, hits= 1 0 0 0 0 0 0 0 0 0 0 0 0 0 18 15
	write umon |	misses = 5765, hits= 0 0 0 0 0 0 0 0 0 0 0 0 0 0 0 0
num evicts: 2100000, p: 500635, s: 0 	 max proactive lookup: 16, max shadow lookup: 16
current cycle = 4087130, last update cycle = 0, delta = 4087130
	load umon |	misses = 9222, hits= 1 0 0 0 0 0 0 0 0 0 0 0 0 0 18 15
	write umon |	misses = 6056, hits= 0 0 0 0 0 0 0 0 0 0 0 0 0 0 0 0
num evicts: 2200000, p: 524911, s: 0 	 max proactive lookup: 16, max shadow lookup: 16
current cycle = 4262134, last update cycle = 0, delta = 4262134
	load umon |	misses = 9598, hits= 1 0 0 0 0 0 0 0 0 0 0 0 0 0 18 15
	write umon |	misses = 6336, hits= 0 0 0 0 0 0 0 0 0 0 0 0 0 0 0 0
num evicts: 2300000, p: 549224, s: 0 	 max proactive lookup: 16, max shadow lookup: 16
current cycle = 4437144, last update cycle = 0, delta = 4437144
	load umon |	misses = 10015, hits= 1 0 0 0 0 0 0 0 0 0 0 0 0 0 24 16
	write umon |	misses = 6648, hits= 0 0 0 0 0 0 0 0 0 0 0 0 0 0 0 0
num evicts: 2400000, p: 571973, s: 0 	 max proactive lookup: 16, max shadow lookup: 16
current cycle = 4612129, last update cycle = 0, delta = 4612129
	load umon |	misses = 10392, hits= 1 0 0 0 0 0 0 0 0 0 0 0 0 0 24 16
	write umon |	misses = 6925, hits= 0 0 0 0 0 0 0 0 0 0 0 0 0 0 0 0
num evicts: 2500000, p: 596666, s: 0 	 max proactive lookup: 16, max shadow lookup: 16
current cycle = 4787105, last update cycle = 0, delta = 4787105
	load umon |	misses = 10774, hits= 1 0 0 0 0 0 0 0 0 0 0 0 0 0 24 16
	write umon |	misses = 7222, hits= 0 0 0 0 0 0 0 0 0 0 0 0 0 0 0 0
num evicts: 2600000, p: 621562, s: 0 	 max proactive lookup: 16, max shadow lookup: 16
current cycle = 4962136, last update cycle = 0, delta = 4962136
	load umon |	misses = 11178, hits= 1 0 0 0 0 0 0 0 0 0 0 0 0 0 24 16
	write umon |	misses = 7520, hits= 0 0 0 0 0 0 0 0 0 0 0 0 0 0 0 0
num evicts: 2700000, p: 646331, s: 0 	 max proactive lookup: 16, max shadow lookup: 16
current cycle = 5137129, last update cycle = 5000004, delta = 137125
	load umon |	misses = 5928, hits= 0 0 0 0 0 0 0 0 0 0 0 0 0 0 12 8
	write umon |	misses = 4012, hits= 0 0 0 0 0 0 0 0 0 0 0 0 0 0 0 0
num evicts: 2800000, p: 670972, s: 0 	 max proactive lookup: 16, max shadow lookup: 16
current cycle = 5312135, last update cycle = 5000004, delta = 312131
	load umon |	misses = 6321, hits= 0 0 0 0 0 0 0 0 0 0 0 0 0 1 17 9
	write umon |	misses = 4309, hits= 0 0 0 0 0 0 0 0 0 0 0 0 0 0 0 0
num evicts: 2900000, p: 694208, s: 0 	 max proactive lookup: 16, max shadow lookup: 16
current cycle = 5487135, last update cycle = 5000004, delta = 487131
	load umon |	misses = 6725, hits= 0 0 0 0 0 0 0 0 0 0 0 0 0 1 17 9
	write umon |	misses = 4615, hits= 0 0 0 0 0 0 0 0 0 0 0 0 0 0 0 0
num evicts: 3000000, p: 718498, s: 0 	 max proactive lookup: 16, max shadow lookup: 16
current cycle = 5662139, last update cycle = 5000004, delta = 662135
	load umon |	misses = 7106, hits= 0 0 0 0 0 0 0 0 0 0 0 0 0 1 17 9
	write umon |	misses = 4899, hits= 0 0 0 0 0 0 0 0 0 0 0 0 0 0 0 0
num evicts: 3100000, p: 743455, s: 0 	 max proactive lookup: 16, max shadow lookup: 16
current cycle = 5837131, last update cycle = 5000004, delta = 837127
	load umon |	misses = 7501, hits= 0 0 0 0 0 0 0 0 0 0 0 0 0 1 17 9
	write umon |	misses = 5195, hits= 0 0 0 0 0 0 0 0 0 0 0 0 0 0 0 0
num evicts: 3200000, p: 768386, s: 0 	 max proactive lookup: 16, max shadow lookup: 16
current cycle = 6012129, last update cycle = 5000004, delta = 1012125
	load umon |	misses = 7889, hits= 0 0 0 0 0 0 0 0 0 0 0 0 0 1 17 9
	write umon |	misses = 5484, hits= 0 0 0 0 0 0 0 0 0 0 0 0 0 0 0 0
num evicts: 3300000, p: 793187, s: 0 	 max proactive lookup: 16, max shadow lookup: 16
current cycle = 6187139, last update cycle = 5000004, delta = 1187135
	load umon |	misses = 8275, hits= 0 0 0 0 0 0 0 0 0 0 0 0 0 1 17 9
	write umon |	misses = 5774, hits= 0 0 0 0 0 0 0 0 0 0 0 0 0 0 0 0
Heartbeat CPU 0 instructions: 10000003 cycles: 6236063 heartbeat IPC: 1.604 cumulative IPC: 1.604 (Simulation time: 00 hr 21 min 09 sec)
Heartbeat CPU 1 instructions: 10000003 cycles: 6237491 heartbeat IPC: 1.603 cumulative IPC: 1.603 (Simulation time: 00 hr 21 min 09 sec)
Heartbeat CPU 2 instructions: 10000003 cycles: 6237626 heartbeat IPC: 1.603 cumulative IPC: 1.603 (Simulation time: 00 hr 21 min 09 sec)
Heartbeat CPU 3 instructions: 10000003 cycles: 6238108 heartbeat IPC: 1.603 cumulative IPC: 1.603 (Simulation time: 00 hr 21 min 09 sec)
Heartbeat CPU 4 instructions: 10000003 cycles: 6239229 heartbeat IPC: 1.603 cumulative IPC: 1.603 (Simulation time: 00 hr 21 min 10 sec)
Heartbeat CPU 5 instructions: 10000003 cycles: 6239678 heartbeat IPC: 1.603 cumulative IPC: 1.603 (Simulation time: 00 hr 21 min 10 sec)
Heartbeat CPU 6 instructions: 10000003 cycles: 6240302 heartbeat IPC: 1.602 cumulative IPC: 1.602 (Simulation time: 00 hr 21 min 10 sec)
Heartbeat CPU 7 instructions: 10000003 cycles: 6240783 heartbeat IPC: 1.602 cumulative IPC: 1.602 (Simulation time: 00 hr 21 min 10 sec)
num evicts: 3400000, p: 816699, s: 0 	 max proactive lookup: 16, max shadow lookup: 16
current cycle = 6362124, last update cycle = 5000004, delta = 1362120
	load umon |	misses = 8692, hits= 0 0 0 0 0 0 0 0 0 0 0 0 0 1 17 16
	write umon |	misses = 6086, hits= 0 0 0 0 0 0 0 0 0 0 0 0 0 0 0 0
num evicts: 3500000, p: 839991, s: 0 	 max proactive lookup: 16, max shadow lookup: 16
current cycle = 6537124, last update cycle = 5000004, delta = 1537120
	load umon |	misses = 9073, hits= 0 0 0 0 0 0 0 0 0 0 0 0 0 1 17 16
	write umon |	misses = 6371, hits= 0 0 0 0 0 0 0 0 0 0 0 0 0 0 0 0
num evicts: 3600000, p: 863878, s: 0 	 max proactive lookup: 16, max shadow lookup: 16
current cycle = 6712121, last update cycle = 5000004, delta = 1712117
	load umon |	misses = 9448, hits= 0 0 0 0 0 0 0 0 0 0 0 0 0 1 17 16
	write umon |	misses = 6651, hits= 0 0 0 0 0 0 0 0 0 0 0 0 0 0 0 0
num evicts: 3700000, p: 887661, s: 0 	 max proactive lookup: 16, max shadow lookup: 16
current cycle = 6887122, last update cycle = 5000004, delta = 1887118
	load umon |	misses = 9849, hits= 0 0 0 0 0 0 0 0 0 0 0 0 0 1 17 16
	write umon |	misses = 6947, hits= 0 0 0 0 0 0 0 0 0 0 0 0 0 0 0 0
num evicts: 3800000, p: 911703, s: 0 	 max proactive lookup: 16, max shadow lookup: 16
current cycle = 7062135, last update cycle = 5000004, delta = 2062131
	load umon |	misses = 10231, hits= 0 0 0 0 0 0 0 0 0 0 0 0 0 1 24 16
	write umon |	misses = 7241, hits= 0 0 0 0 0 0 0 0 0 0 0 0 0 0 0 0
num evicts: 3900000, p: 935298, s: 0 	 max proactive lookup: 16, max shadow lookup: 16
current cycle = 7237120, last update cycle = 5000004, delta = 2237116
	load umon |	misses = 10625, hits= 0 0 0 0 0 0 0 0 0 0 0 0 0 1 24 16
	write umon |	misses = 7538, hits= 0 0 0 0 0 0 0 0 0 0 0 0 0 0 0 0
num evicts: 4000000, p: 958255, s: 0 	 max proactive lookup: 16, max shadow lookup: 16
current cycle = 7412119, last update cycle = 5000004, delta = 2412115
	load umon |	misses = 11028, hits= 0 0 0 0 0 0 0 0 0 0 0 0 0 1 24 16
	write umon |	misses = 7835, hits= 0 0 0 0 0 0 0 0 0 0 0 0 0 0 0 0
num evicts: 4100000, p: 982839, s: 0 	 max proactive lookup: 16, max shadow lookup: 16
current cycle = 7587124, last update cycle = 5000004, delta = 2587120
	load umon |	misses = 11402, hits= 0 0 0 0 0 0 0 0 0 0 0 0 0 1 24 16
	write umon |	misses = 8115, hits= 0 0 0 0 0 0 0 0 0 0 0 0 0 0 0 0
num evicts: 4200000, p: 1007325, s: 0 	 max proactive lookup: 16, max shadow lookup: 16
current cycle = 7762127, last update cycle = 5000004, delta = 2762123
	load umon |	misses = 11794, hits= 0 0 0 0 0 0 0 0 0 0 0 0 0 1 24 16
	write umon |	misses = 8411, hits= 0 0 0 0 0 0 0 0 0 0 0 0 0 0 0 0
num evicts: 4300000, p: 1031916, s: 0 	 max proactive lookup: 16, max shadow lookup: 16
current cycle = 7937128, last update cycle = 5000004, delta = 2937124
	load umon |	misses = 12189, hits= 0 0 0 0 0 0 0 0 0 0 0 0 0 1 24 16
	write umon |	misses = 8710, hits= 0 0 0 0 0 0 0 0 0 0 0 0 0 0 0 0
num evicts: 4400000, p: 1056179, s: 0 	 max proactive lookup: 16, max shadow lookup: 16
current cycle = 8112141, last update cycle = 5000004, delta = 3112137
	load umon |	misses = 12568, hits= 0 0 0 0 0 0 0 0 0 0 0 0 0 1 24 23
	write umon |	misses = 8993, hits= 0 0 0 0 0 0 0 0 0 0 0 0 0 0 0 0
num evicts: 4500000, p: 1078791, s: 0 	 max proactive lookup: 16, max shadow lookup: 16
current cycle = 8287139, last update cycle = 5000004, delta = 3287135
	load umon |	misses = 12984, hits= 0 0 0 0 0 0 0 0 0 0 0 0 0 1 24 23
	write umon |	misses = 9307, hits= 0 0 0 0 0 0 0 0 0 0 0 0 0 0 0 0
num evicts: 4600000, p: 1104122, s: 0 	 max proactive lookup: 16, max shadow lookup: 16
current cycle = 8462134, last update cycle = 5000004, delta = 3462130
	load umon |	misses = 13364, hits= 0 0 0 0 0 0 0 0 0 0 0 0 0 1 24 23
	write umon |	misses = 9588, hits= 0 0 0 0 0 0 0 0 0 0 0 0 0 0 0 0
num evicts: 4700000, p: 1129695, s: 0 	 max proactive lookup: 16, max shadow lookup: 16
current cycle = 8637133, last update cycle = 5000004, delta = 3637129
	load umon |	misses = 13748, hits= 0 0 0 0 0 0 0 0 0 0 0 0 0 1 24 23
	write umon |	misses = 9876, hits= 0 0 0 0 0 0 0 0 0 0 0 0 0 0 0 0
num evicts: 4800000, p: 1155614, s: 0 	 max proactive lookup: 16, max shadow lookup: 16
current cycle = 8812133, last update cycle = 5000004, delta = 3812129
	load umon |	misses = 14146, hits= 0 0 0 0 0 0 0 0 0 0 0 0 0 1 24 23
	write umon |	misses = 10170, hits= 0 0 0 0 0 0 0 0 0 0 0 0 0 0 0 0
num evicts: 4900000, p: 1180540, s: 0 	 max proactive lookup: 16, max shadow lookup: 16
current cycle = 8987144, last update cycle = 5000004, delta = 3987140
	load umon |	misses = 14532, hits= 0 0 0 0 0 0 0 0 0 0 0 0 0 3 27 25
	write umon |	misses = 10468, hits= 0 0 0 0 0 0 0 0 0 0 0 0 0 0 0 0
num evicts: 5000000, p: 1204141, s: 0 	 max proactive lookup: 16, max shadow lookup: 16
current cycle = 9162140, last update cycle = 5000004, delta = 4162136
	load umon |	misses = 14931, hits= 0 0 0 0 0 0 0 0 0 0 0 0 0 3 27 25
	write umon |	misses = 10763, hits= 0 0 0 0 0 0 0 0 0 0 0 0 0 0 0 0
num evicts: 5100000, p: 1227878, s: 0 	 max proactive lookup: 16, max shadow lookup: 16
current cycle = 9337143, last update cycle = 5000004, delta = 4337139
	load umon |	misses = 15324, hits= 0 0 0 0 0 0 0 0 0 0 0 0 0 3 27 25
	write umon |	misses = 11051, hits= 0 0 0 0 0 0 0 0 0 0 0 0 0 0 0 0
num evicts: 5200000, p: 1252132, s: 0 	 max proactive lookup: 16, max shadow lookup: 16
current cycle = 9512143, last update cycle = 5000004, delta = 4512139
	load umon |	misses = 15702, hits= 0 0 0 0 0 0 0 0 0 0 0 0 0 3 27 25
	write umon |	misses = 11341, hits= 0 0 0 0 0 0 0 0 0 0 0 0 0 0 0 0
num evicts: 5300000, p: 1276154, s: 0 	 max proactive lookup: 16, max shadow lookup: 16
current cycle = 9687143, last update cycle = 5000004, delta = 4687139
	load umon |	misses = 16093, hits= 0 0 0 0 0 0 0 0 0 0 0 0 0 3 27 25
	write umon |	misses = 11636, hits= 0 0 0 0 0 0 0 0 0 0 0 0 0 0 0 0
num evicts: 5400000, p: 1300233, s: 0 	 max proactive lookup: 16, max shadow lookup: 16
current cycle = 9862147, last update cycle = 5000004, delta = 4862143
	load umon |	misses = 16484, hits= 0 0 0 0 0 0 0 0 0 0 0 0 0 3 27 25
	write umon |	misses = 11931, hits= 0 0 0 0 0 0 0 0 0 0 0 0 0 0 0 0
num evicts: 5500000, p: 1323254, s: 0 	 max proactive lookup: 16, max shadow lookup: 16
current cycle = 10037150, last update cycle = 10000004, delta = 37146
	load umon |	misses = 8457, hits= 0 0 0 0 0 0 0 0 0 0 0 0 0 1 13 16
	write umon |	misses = 6125, hits= 0 0 0 0 0 0 0 0 0 0 0 0 0 0 0 0
num evicts: 5600000, p: 1346228, s: 0 	 max proactive lookup: 16, max shadow lookup: 16
current cycle = 10212150, last update cycle = 10000004, delta = 212146
	load umon |	misses = 8866, hits= 0 0 0 0 0 0 0 0 0 0 0 0 0 1 13 16
	write umon |	misses = 6429, hits= 0 0 0 0 0 0 0 0 0 0 0 0 0 0 0 0
num evicts: 5700000, p: 1369582, s: 0 	 max proactive lookup: 16, max shadow lookup: 16
current cycle = 10387133, last update cycle = 10000004, delta = 387129
	load umon |	misses = 9257, hits= 0 0 0 0 0 0 0 0 0 0 0 0 0 1 13 16
	write umon |	misses = 6724, hits= 0 0 0 0 0 0 0 0 0 0 0 0 0 0 0 0
num evicts: 5800000, p: 1392530, s: 0 	 max proactive lookup: 16, max shadow lookup: 16
current cycle = 10562126, last update cycle = 10000004, delta = 562122
	load umon |	misses = 9649, hits= 0 0 0 0 0 0 0 0 0 0 0 0 0 1 13 16
	write umon |	misses = 7020, hits= 0 0 0 0 0 0 0 0 0 0 0 0 0 0 0 0
num evicts: 5900000, p: 1416375, s: 0 	 max proactive lookup: 16, max shadow lookup: 16
current cycle = 10737131, last update cycle = 10000004, delta = 737127
	load umon |	misses = 10051, hits= 0 0 0 0 0 0 0 0 0 0 0 0 0 1 20 16
	write umon |	misses = 7318, hits= 0 0 0 0 0 0 0 0 0 0 0 0 0 0 0 0
num evicts: 6000000, p: 1440875, s: 0 	 max proactive lookup: 16, max shadow lookup: 16
current cycle = 10912122, last update cycle = 10000004, delta = 912118
	load umon |	misses = 10415, hits= 0 0 0 0 0 0 0 0 0 0 0 0 0 1 20 16
	write umon |	misses = 7590, hits= 0 0 0 0 0 0 0 0 0 0 0 0 0 0 0 0
num evicts: 6100000, p: 1465175, s: 0 	 max proactive lookup: 16, max shadow lookup: 16
current cycle = 11087121, last update cycle = 10000004, delta = 1087117
	load umon |	misses = 10818, hits= 0 0 0 0 0 0 0 0 0 0 0 0 0 1 20 16
	write umon |	misses = 7892, hits= 0 0 0 0 0 0 0 0 0 0 0 0 0 0 0 0
num evicts: 6200000, p: 1490479, s: 0 	 max proactive lookup: 16, max shadow lookup: 16
current cycle = 11262122, last update cycle = 10000004, delta = 1262118
	load umon |	misses = 11216, hits= 0 0 0 0 0 0 0 0 0 0 0 0 0 1 20 16
	write umon |	misses = 8186, hits= 0 0 0 0 0 0 0 0 0 0 0 0 0 0 0 0
num evicts: 6300000, p: 1515920, s: 0 	 max proactive lookup: 16, max shadow lookup: 16
current cycle = 11437126, last update cycle = 10000004, delta = 1437122
	load umon |	misses = 11596, hits= 0 0 0 0 0 0 0 0 0 0 0 0 0 1 20 16
	write umon |	misses = 8478, hits= 0 0 0 0 0 0 0 0 0 0 0 0 0 0 0 0
num evicts: 6400000, p: 1541407, s: 0 	 max proactive lookup: 16, max shadow lookup: 16
current cycle = 11612128, last update cycle = 10000004, delta = 1612124
	load umon |	misses = 11998, hits= 0 0 0 0 0 0 0 0 0 0 0 0 0 1 20 16
	write umon |	misses = 8781, hits= 0 0 0 0 0 0 0 0 0 0 0 0 0 0 0 0
num evicts: 6500000, p: 1565975, s: 0 	 max proactive lookup: 16, max shadow lookup: 16
current cycle = 11787147, last update cycle = 10000004, delta = 1787143
	load umon |	misses = 12384, hits= 0 0 0 0 0 0 0 0 0 0 0 0 0 1 27 16
	write umon |	misses = 9069, hits= 0 0 0 0 0 0 0 0 0 0 0 0 0 0 0 0
num evicts: 6600000, p: 1589625, s: 0 	 max proactive lookup: 16, max shadow lookup: 16
current cycle = 11962108, last update cycle = 10000004, delta = 1962104
	load umon |	misses = 12764, hits= 0 0 0 0 0 0 0 0 0 0 0 0 0 1 27 16
	write umon |	misses = 9349, hits= 0 0 0 0 0 0 0 0 0 0 0 0 0 0 0 0
num evicts: 6700000, p: 1613966, s: 0 	 max proactive lookup: 16, max shadow lookup: 16
current cycle = 12137094, last update cycle = 10000004, delta = 2137090
	load umon |	misses = 13163, hits= 0 0 0 0 0 0 0 0 0 0 0 0 0 1 27 16
	write umon |	misses = 9652, hits= 0 0 0 0 0 0 0 0 0 0 0 0 0 0 0 0
num evicts: 6800000, p: 1638249, s: 0 	 max proactive lookup: 16, max shadow lookup: 16
current cycle = 12312094, last update cycle = 10000004, delta = 2312090
	load umon |	misses = 13551, hits= 0 0 0 0 0 0 0 0 0 0 0 0 0 1 27 16
	write umon |	misses = 9944, hits= 0 0 0 0 0 0 0 0 0 0 0 0 0 0 0 0
Heartbeat CPU 0 instructions: 20000007 cycles: 12382216 heartbeat IPC: 1.627 cumulative IPC: 1.615 (Simulation time: 00 hr 42 min 01 sec)
Heartbeat CPU 1 instructions: 20000007 cycles: 12383457 heartbeat IPC: 1.627 cumulative IPC: 1.615 (Simulation time: 00 hr 42 min 01 sec)
Heartbeat CPU 2 instructions: 20000007 cycles: 12384002 heartbeat IPC: 1.627 cumulative IPC: 1.615 (Simulation time: 00 hr 42 min 01 sec)
Heartbeat CPU 3 instructions: 20000007 cycles: 12384372 heartbeat IPC: 1.627 cumulative IPC: 1.615 (Simulation time: 00 hr 42 min 01 sec)
Heartbeat CPU 4 instructions: 20000007 cycles: 12385508 heartbeat IPC: 1.627 cumulative IPC: 1.615 (Simulation time: 00 hr 42 min 01 sec)
Heartbeat CPU 5 instructions: 20000007 cycles: 12385893 heartbeat IPC: 1.627 cumulative IPC: 1.615 (Simulation time: 00 hr 42 min 02 sec)
Heartbeat CPU 6 instructions: 20000007 cycles: 12386190 heartbeat IPC: 1.627 cumulative IPC: 1.615 (Simulation time: 00 hr 42 min 02 sec)
Heartbeat CPU 7 instructions: 20000007 cycles: 12387326 heartbeat IPC: 1.627 cumulative IPC: 1.615 (Simulation time: 00 hr 42 min 02 sec)
num evicts: 6900000, p: 1662699, s: 0 	 max proactive lookup: 16, max shadow lookup: 16
current cycle = 12487095, last update cycle = 10000004, delta = 2487091
	load umon |	misses = 13948, hits= 0 0 0 0 0 0 0 0 0 0 0 0 0 1 27 16
	write umon |	misses = 10244, hits= 0 0 0 0 0 0 0 0 0 0 0 0 0 0 0 0
num evicts: 7000000, p: 1687159, s: 0 	 max proactive lookup: 16, max shadow lookup: 16
current cycle = 12662097, last update cycle = 10000004, delta = 2662093
	load umon |	misses = 14341, hits= 0 0 0 0 0 0 0 0 0 0 0 0 0 1 34 16
	write umon |	misses = 10534, hits= 0 0 0 0 0 0 0 0 0 0 0 0 0 0 0 0
num evicts: 7100000, p: 1710154, s: 0 	 max proactive lookup: 16, max shadow lookup: 16
current cycle = 12837103, last update cycle = 10000004, delta = 2837099
	load umon |	misses = 14715, hits= 0 0 0 0 0 0 0 0 0 0 0 0 0 1 34 16
	write umon |	misses = 10811, hits= 0 0 0 0 0 0 0 0 0 0 0 0 0 0 0 0
num evicts: 7200000, p: 1734465, s: 0 	 max proactive lookup: 16, max shadow lookup: 16
current cycle = 13012097, last update cycle = 10000004, delta = 3012093
	load umon |	misses = 15123, hits= 0 0 0 0 0 0 0 0 0 0 0 0 0 1 34 16
	write umon |	misses = 11123, hits= 0 0 0 0 0 0 0 0 0 0 0 0 0 0 0 0
num evicts: 7300000, p: 1759344, s: 0 	 max proactive lookup: 16, max shadow lookup: 16
current cycle = 13187106, last update cycle = 10000004, delta = 3187102
	load umon |	misses = 15520, hits= 0 0 0 0 0 0 0 0 0 0 0 0 0 1 34 16
	write umon |	misses = 11416, hits= 0 0 0 0 0 0 0 0 0 0 0 0 0 0 0 0
num evicts: 7400000, p: 1784362, s: 0 	 max proactive lookup: 16, max shadow lookup: 16
current cycle = 13362103, last update cycle = 10000004, delta = 3362099
	load umon |	misses = 15894, hits= 0 0 0 0 0 0 0 0 0 0 0 0 0 1 34 16
	write umon |	misses = 11700, hits= 0 0 0 0 0 0 0 0 0 0 0 0 0 0 0 0
num evicts: 7500000, p: 1809175, s: 0 	 max proactive lookup: 16, max shadow lookup: 16
current cycle = 13537100, last update cycle = 10000004, delta = 3537096
	load umon |	misses = 16298, hits= 0 0 0 0 0 0 0 0 0 0 0 0 0 1 34 16
	write umon |	misses = 11997, hits= 0 0 0 0 0 0 0 0 0 0 0 0 0 0 0 0
num evicts: 7600000, p: 1832576, s: 0 	 max proactive lookup: 16, max shadow lookup: 16
current cycle = 13712107, last update cycle = 10000004, delta = 3712103
	load umon |	misses = 16686, hits= 0 0 0 0 0 0 0 0 0 0 0 0 0 2 39 17
	write umon |	misses = 12285, hits= 0 0 0 0 0 0 0 0 0 0 0 0 0 0 0 0
num evicts: 7700000, p: 1856697, s: 0 	 max proactive lookup: 16, max shadow lookup: 16
current cycle = 13887070, last update cycle = 10000004, delta = 3887066
	load umon |	misses = 17071, hits= 0 0 0 0 0 0 0 0 0 0 0 0 0 2 39 17
	write umon |	misses = 12582, hits= 0 0 0 0 0 0 0 0 0 0 0 0 0 0 0 0
num evicts: 7800000, p: 1882060, s: 0 	 max proactive lookup: 16, max shadow lookup: 16
current cycle = 14062069, last update cycle = 10000004, delta = 4062065
	load umon |	misses = 17468, hits= 0 0 0 0 0 0 0 0 0 0 0 0 0 2 39 17
	write umon |	misses = 12881, hits= 0 0 0 0 0 0 0 0 0 0 0 0 0 0 0 0
num evicts: 7900000, p: 1907570, s: 0 	 max proactive lookup: 16, max shadow lookup: 16
current cycle = 14237072, last update cycle = 10000004, delta = 4237068
	load umon |	misses = 17850, hits= 0 0 0 0 0 0 0 0 0 0 0 0 0 2 39 17
	write umon |	misses = 13165, hits= 0 0 0 0 0 0 0 0 0 0 0 0 0 0 0 0
num evicts: 8000000, p: 1932413, s: 0 	 max proactive lookup: 16, max shadow lookup: 16
current cycle = 14412085, last update cycle = 10000004, delta = 4412081
	load umon |	misses = 18246, hits= 0 0 0 0 0 0 0 0 0 0 0 0 0 3 44 18
	write umon |	misses = 13462, hits= 0 0 0 0 0 0 0 0 0 0 0 0 0 0 0 0
num evicts: 8100000, p: 1956224, s: 0 	 max proactive lookup: 16, max shadow lookup: 16
current cycle = 14587079, last update cycle = 10000004, delta = 4587075
	load umon |	misses = 18647, hits= 0 0 0 0 0 0 0 0 0 0 0 0 0 3 44 18
	write umon |	misses = 13765, hits= 0 0 0 0 0 0 0 0 0 0 0 0 0 0 0 0
num evicts: 8200000, p: 1979156, s: 0 	 max proactive lookup: 16, max shadow lookup: 16
current cycle = 14762078, last update cycle = 10000004, delta = 4762074
	load umon |	misses = 19025, hits= 0 0 0 0 0 0 0 0 0 0 0 0 0 3 44 18
	write umon |	misses = 14047, hits= 0 0 0 0 0 0 0 0 0 0 0 0 0 0 0 0
num evicts: 8300000, p: 2003765, s: 0 	 max proactive lookup: 16, max shadow lookup: 16
current cycle = 14937081, last update cycle = 10000004, delta = 4937077
	load umon |	misses = 19422, hits= 0 0 0 0 0 0 0 0 0 0 0 0 0 3 44 18
	write umon |	misses = 14347, hits= 0 0 0 0 0 0 0 0 0 0 0 0 0 0 0 0
num evicts: 8400000, p: 2028546, s: 0 	 max proactive lookup: 16, max shadow lookup: 16
current cycle = 15112091, last update cycle = 15000005, delta = 112086
	load umon |	misses = 10038, hits= 0 0 0 0 0 0 0 0 0 0 0 0 0 1 22 9
	write umon |	misses = 7417, hits= 0 0 0 0 0 0 0 0 0 0 0 0 0 0 0 0
num evicts: 8500000, p: 2053153, s: 0 	 max proactive lookup: 16, max shadow lookup: 16
current cycle = 15287085, last update cycle = 15000005, delta = 287080
	load umon |	misses = 10415, hits= 0 0 0 0 0 0 0 0 0 0 0 0 0 1 22 9
	write umon |	misses = 7698, hits= 0 0 0 0 0 0 0 0 0 0 0 0 0 0 0 0
num evicts: 8600000, p: 2077492, s: 0 	 max proactive lookup: 16, max shadow lookup: 16
current cycle = 15462096, last update cycle = 15000005, delta = 462091
	load umon |	misses = 10831, hits= 0 0 0 0 0 0 0 0 0 0 0 0 0 1 22 16
	write umon |	misses = 8009, hits= 0 0 0 0 0 0 0 0 0 0 0 0 0 0 0 0
Warmup finished CPU 0 instructions: 25000002 cycles: 15503511 cumulative IPC: 1.613 (Simulation time: 00 hr 56 min 48 sec)
Warmup finished CPU 1 instructions: 25000002 cycles: 15504881 cumulative IPC: 1.612 (Simulation time: 00 hr 56 min 48 sec)
Warmup finished CPU 2 instructions: 25000002 cycles: 15505178 cumulative IPC: 1.612 (Simulation time: 00 hr 56 min 49 sec)
Warmup finished CPU 3 instructions: 25000002 cycles: 15505722 cumulative IPC: 1.612 (Simulation time: 00 hr 56 min 49 sec)
Warmup finished CPU 4 instructions: 25000002 cycles: 15506924 cumulative IPC: 1.612 (Simulation time: 00 hr 56 min 49 sec)
Warmup finished CPU 5 instructions: 25000002 cycles: 15507365 cumulative IPC: 1.612 (Simulation time: 00 hr 56 min 49 sec)
Warmup finished CPU 6 instructions: 25000002 cycles: 15507477 cumulative IPC: 1.612 (Simulation time: 00 hr 56 min 49 sec)
Warmup finished CPU 7 instructions: 25000002 cycles: 15508630 cumulative IPC: 1.612 (Simulation time: 00 hr 56 min 49 sec)
Warmup complete CPU 7 instructions: 25000002 cycles: 15508630 cumulative IPC: 1.612 (Simulation time: 00 hr 56 min 49 sec)
Warmup complete CPU 6 instructions: 25003577 cycles: 15508630 cumulative IPC: 1.612 (Simulation time: 00 hr 56 min 49 sec)
Warmup complete CPU 5 instructions: 25003948 cycles: 15508630 cumulative IPC: 1.612 (Simulation time: 00 hr 56 min 49 sec)
Warmup complete CPU 4 instructions: 25004229 cycles: 15508630 cumulative IPC: 1.612 (Simulation time: 00 hr 56 min 49 sec)
Warmup complete CPU 3 instructions: 25004657 cycles: 15508630 cumulative IPC: 1.612 (Simulation time: 00 hr 56 min 49 sec)
Warmup complete CPU 2 instructions: 25004830 cycles: 15508630 cumulative IPC: 1.612 (Simulation time: 00 hr 56 min 49 sec)
Warmup complete CPU 1 instructions: 25005854 cycles: 15508630 cumulative IPC: 1.612 (Simulation time: 00 hr 56 min 49 sec)
Warmup complete CPU 0 instructions: 25010414 cycles: 15508630 cumulative IPC: 1.613 (Simulation time: 00 hr 56 min 49 sec)
num evicts: 8700000, p: 2100218, s: 0 	 max proactive lookup: 16, max shadow lookup: 16
current cycle = 16514472, last update cycle = 15000005, delta = 1514467
	load umon |	misses = 11216, hits= 0 0 0 0 0 0 0 0 0 0 0 0 0 1 22 16
	write umon |	misses = 8297, hits= 0 0 0 0 0 0 0 0 0 0 0 0 0 0 0 0
num evicts: 8800000, p: 2123591, s: 0 	 max proactive lookup: 16, max shadow lookup: 16
current cycle = 17875513, last update cycle = 15000005, delta = 2875508
	load umon |	misses = 11592, hits= 0 0 0 0 0 0 0 0 0 0 0 0 0 1 22 16
	write umon |	misses = 8583, hits= 0 0 0 0 0 0 0 0 0 0 0 0 0 0 0 0
num evicts: 8900000, p: 2147219, s: 0 	 max proactive lookup: 16, max shadow lookup: 16
current cycle = 19236369, last update cycle = 15000005, delta = 4236364
	load umon |	misses = 11990, hits= 0 0 0 0 0 0 0 0 0 0 0 0 0 1 22 16
	write umon |	misses = 8880, hits= 0 0 0 0 0 0 0 0 0 0 0 0 0 0 0 0
num evicts: 9000000, p: 2170966, s: 0 	 max proactive lookup: 16, max shadow lookup: 16
current cycle = 20601250, last update cycle = 20000007, delta = 601243
	load umon |	misses = 6273, hits= 0 0 0 0 0 0 0 0 0 0 0 0 0 0 13 8
	write umon |	misses = 4650, hits= 0 0 0 0 0 0 0 0 0 0 0 0 0 0 0 0
num evicts: 9100000, p: 2194885, s: 0 	 max proactive lookup: 16, max shadow lookup: 16
current cycle = 21963803, last update cycle = 20000007, delta = 1963796
	load umon |	misses = 6670, hits= 0 0 0 0 0 0 0 0 0 0 0 0 0 1 16 9
	write umon |	misses = 4947, hits= 0 0 0 0 0 0 0 0 0 0 0 0 0 0 0 0
num evicts: 9200000, p: 2217458, s: 0 	 max proactive lookup: 16, max shadow lookup: 16
current cycle = 23343089, last update cycle = 20000007, delta = 3343082
	load umon |	misses = 7063, hits= 0 0 0 0 0 0 0 0 0 0 0 0 0 1 16 9
	write umon |	misses = 5241, hits= 0 0 0 0 0 0 0 0 0 0 0 0 0 0 0 0
num evicts: 9300000, p: 2241260, s: 0 	 max proactive lookup: 16, max shadow lookup: 16
current cycle = 24708393, last update cycle = 20000007, delta = 4708386
	load umon |	misses = 7449, hits= 0 0 0 0 0 0 0 0 0 0 0 0 0 1 16 9
	write umon |	misses = 5530, hits= 0 0 0 0 0 0 0 0 0 0 0 0 0 0 0 0
num evicts: 9400000, p: 2265646, s: 0 	 max proactive lookup: 16, max shadow lookup: 16
current cycle = 26072504, last update cycle = 25000007, delta = 1072497
	load umon |	misses = 4072, hits= 0 0 0 0 0 0 0 0 0 0 0 0 0 0 8 4
	write umon |	misses = 3025, hits= 0 0 0 0 0 0 0 0 0 0 0 0 0 0 0 0
num evicts: 9500000, p: 2290025, s: 0 	 max proactive lookup: 16, max shadow lookup: 16
current cycle = 27429903, last update cycle = 25000007, delta = 2429896
	load umon |	misses = 4458, hits= 0 0 0 0 0 0 0 0 0 0 0 0 0 0 8 4
	write umon |	misses = 3314, hits= 0 0 0 0 0 0 0 0 0 0 0 0 0 0 0 0
num evicts: 9600000, p: 2314341, s: 0 	 max proactive lookup: 16, max shadow lookup: 16
current cycle = 28787047, last update cycle = 25000007, delta = 3787040
	load umon |	misses = 4855, hits= 0 0 0 0 0 0 0 0 0 0 0 0 0 0 8 4
	write umon |	misses = 3613, hits= 0 0 0 0 0 0 0 0 0 0 0 0 0 0 0 0
num evicts: 9700000, p: 2337566, s: 0 	 max proactive lookup: 16, max shadow lookup: 16
current cycle = 30168366, last update cycle = 30000010, delta = 168356
	load umon |	misses = 2647, hits= 0 0 0 0 0 0 0 0 0 0 0 0 0 0 4 4
	write umon |	misses = 1967, hits= 0 0 0 0 0 0 0 0 0 0 0 0 0 0 0 0
num evicts: 9800000, p: 2361638, s: 0 	 max proactive lookup: 16, max shadow lookup: 16
current cycle = 31542481, last update cycle = 30000010, delta = 1542471
	load umon |	misses = 3033, hits= 0 0 0 0 0 0 0 0 0 0 0 0 0 0 4 4
	write umon |	misses = 2259, hits= 0 0 0 0 0 0 0 0 0 0 0 0 0 0 0 0
num evicts: 9900000, p: 2386016, s: 0 	 max proactive lookup: 16, max shadow lookup: 16
current cycle = 32897676, last update cycle = 30000010, delta = 2897666
	load umon |	misses = 3425, hits= 0 0 0 0 0 0 0 0 0 0 0 0 0 0 4 4
	write umon |	misses = 2553, hits= 0 0 0 0 0 0 0 0 0 0 0 0 0 0 0 0
num evicts: 10000000, p: 2410332, s: 0 	 max proactive lookup: 16, max shadow lookup: 16
current cycle = 34250599, last update cycle = 30000010, delta = 4250589
	load umon |	misses = 3817, hits= 0 0 0 0 0 0 0 0 0 0 0 0 0 0 4 4
	write umon |	misses = 2847, hits= 0 0 0 0 0 0 0 0 0 0 0 0 0 0 0 0
num evicts: 10100000, p: 2434483, s: 0 	 max proactive lookup: 16, max shadow lookup: 16
current cycle = 35609032, last update cycle = 35000011, delta = 609021
	load umon |	misses = 2192, hits= 0 0 0 0 0 0 0 0 0 0 0 0 0 0 6 2
	write umon |	misses = 1634, hits= 0 0 0 0 0 0 0 0 0 0 0 0 0 0 0 0
num evicts: 10200000, p: 2457487, s: 0 	 max proactive lookup: 16, max shadow lookup: 16
current cycle = 36973166, last update cycle = 35000011, delta = 1973155
	load umon |	misses = 2588, hits= 0 0 0 0 0 0 0 0 0 0 0 0 0 0 6 2
	write umon |	misses = 1930, hits= 0 0 0 0 0 0 0 0 0 0 0 0 0 0 0 0
Heartbeat CPU 0 instructions: 30000008 cycles: 37580146 heartbeat IPC: 0.3969 cumulative IPC: 0.2261 (Simulation time: 01 hr 45 min 40 sec)
Heartbeat CPU 2 instructions: 30000008 cycles: 37828324 heartbeat IPC: 0.393 cumulative IPC: 0.2238 (Simulation time: 01 hr 46 min 10 sec)
Heartbeat CPU 3 instructions: 30000008 cycles: 37834461 heartbeat IPC: 0.3929 cumulative IPC: 0.2237 (Simulation time: 01 hr 46 min 11 sec)
Heartbeat CPU 4 instructions: 30000008 cycles: 37884870 heartbeat IPC: 0.3922 cumulative IPC: 0.2233 (Simulation time: 01 hr 46 min 17 sec)
Heartbeat CPU 7 instructions: 30000008 cycles: 38002293 heartbeat IPC: 0.3904 cumulative IPC: 0.2223 (Simulation time: 01 hr 46 min 32 sec)
Heartbeat CPU 5 instructions: 30000008 cycles: 38016230 heartbeat IPC: 0.3902 cumulative IPC: 0.222 (Simulation time: 01 hr 46 min 33 sec)
Heartbeat CPU 1 instructions: 30000008 cycles: 38171070 heartbeat IPC: 0.3878 cumulative IPC: 0.2204 (Simulation time: 01 hr 46 min 52 sec)
num evicts: 10300000, p: 2479086, s: 0 	 max proactive lookup: 16, max shadow lookup: 16
current cycle = 38349532, last update cycle = 35000011, delta = 3349521
	load umon |	misses = 2973, hits= 0 0 0 0 0 0 0 0 0 0 0 0 0 0 6 2
	write umon |	misses = 2222, hits= 0 0 0 0 0 0 0 0 0 0 0 0 0 0 0 0
Heartbeat CPU 6 instructions: 30000008 cycles: 38352888 heartbeat IPC: 0.3851 cumulative IPC: 0.2187 (Simulation time: 01 hr 47 min 13 sec)
num evicts: 10400000, p: 2501698, s: 0 	 max proactive lookup: 16, max shadow lookup: 16
current cycle = 39713872, last update cycle = 35000011, delta = 4713861
	load umon |	misses = 3365, hits= 0 0 0 0 0 0 0 0 0 0 0 0 0 0 6 2
	write umon |	misses = 2512, hits= 0 0 0 0 0 0 0 0 0 0 0 0 0 0 0 0
num evicts: 10500000, p: 2524632, s: 0 	 max proactive lookup: 16, max shadow lookup: 16
current cycle = 41076424, last update cycle = 40000017, delta = 1076407
	load umon |	misses = 2030, hits= 0 0 0 0 0 0 0 0 0 0 0 0 0 0 3 1
	write umon |	misses = 1518, hits= 0 0 0 0 0 0 0 0 0 0 0 0 0 0 0 0
num evicts: 10600000, p: 2547355, s: 0 	 max proactive lookup: 16, max shadow lookup: 16
current cycle = 42441575, last update cycle = 40000017, delta = 2441558
	load umon |	misses = 2418, hits= 0 0 0 0 0 0 0 0 0 0 0 0 0 0 3 1
	write umon |	misses = 1809, hits= 0 0 0 0 0 0 0 0 0 0 0 0 0 0 0 0
num evicts: 10700000, p: 2569837, s: 0 	 max proactive lookup: 16, max shadow lookup: 16
current cycle = 43806233, last update cycle = 40000017, delta = 3806216
	load umon |	misses = 2807, hits= 0 0 0 0 0 0 0 0 0 0 0 0 0 1 5 4
	write umon |	misses = 2101, hits= 0 0 0 0 0 0 0 0 0 0 0 0 0 0 0 0
num evicts: 10800000, p: 2591285, s: 0 	 max proactive lookup: 16, max shadow lookup: 16
current cycle = 45182485, last update cycle = 45000344, delta = 182141
	load umon |	misses = 1624, hits= 0 0 0 0 0 0 0 0 0 0 0 0 0 0 3 2
	write umon |	misses = 1217, hits= 0 0 0 0 0 0 0 0 0 0 0 0 0 0 0 0
num evicts: 10900000, p: 2614667, s: 0 	 max proactive lookup: 16, max shadow lookup: 16
current cycle = 46549075, last update cycle = 45000344, delta = 1548731
	load umon |	misses = 2018, hits= 0 0 0 0 0 0 0 0 0 0 0 0 0 0 3 2
	write umon |	misses = 1512, hits= 0 0 0 0 0 0 0 0 0 0 0 0 0 0 0 0
num evicts: 11000000, p: 2638337, s: 0 	 max proactive lookup: 16, max shadow lookup: 16
current cycle = 47910217, last update cycle = 45000344, delta = 2909873
	load umon |	misses = 2407, hits= 0 0 0 0 0 0 0 0 0 0 0 0 0 0 3 2
	write umon |	misses = 1803, hits= 0 0 0 0 0 0 0 0 0 0 0 0 0 0 0 0
num evicts: 11100000, p: 2661978, s: 0 	 max proactive lookup: 16, max shadow lookup: 16
current cycle = 49272429, last update cycle = 45000344, delta = 4272085
	load umon |	misses = 2800, hits= 0 0 0 0 0 0 0 0 0 0 0 0 0 0 6 2
	write umon |	misses = 2097, hits= 0 0 0 0 0 0 0 0 0 0 0 0 0 0 0 0
num evicts: 11200000, p: 2686165, s: 0 	 max proactive lookup: 16, max shadow lookup: 16
current cycle = 50625196, last update cycle = 50000742, delta = 624454
	load umon |	misses = 1674, hits= 0 0 0 0 0 0 0 0 0 0 0 0 0 0 5 1
	write umon |	misses = 1255, hits= 0 0 0 0 0 0 0 0 0 0 0 0 0 0 0 0
num evicts: 11300000, p: 2710502, s: 0 	 max proactive lookup: 16, max shadow lookup: 16
current cycle = 51992514, last update cycle = 50000742, delta = 1991772
	load umon |	misses = 2079, hits= 0 0 0 0 0 0 0 0 0 0 0 0 0 0 5 1
	write umon |	misses = 1560, hits= 0 0 0 0 0 0 0 0 0 0 0 0 0 0 0 0
num evicts: 11400000, p: 2735384, s: 0 	 max proactive lookup: 16, max shadow lookup: 16
current cycle = 53353045, last update cycle = 50000742, delta = 3352303
	load umon |	misses = 2466, hits= 0 0 0 0 0 0 0 0 0 0 0 0 0 0 5 1
	write umon |	misses = 1849, hits= 0 0 0 0 0 0 0 0 0 0 0 0 0 0 0 0
num evicts: 11500000, p: 2760939, s: 0 	 max proactive lookup: 16, max shadow lookup: 16
current cycle = 54710641, last update cycle = 50000742, delta = 4709899
	load umon |	misses = 2854, hits= 0 0 0 0 0 0 0 0 0 0 0 0 0 0 5 1
	write umon |	misses = 2138, hits= 0 0 0 0 0 0 0 0 0 0 0 0 0 0 0 0
num evicts: 11600000, p: 2786433, s: 0 	 max proactive lookup: 16, max shadow lookup: 16
current cycle = 56063814, last update cycle = 55000753, delta = 1063061
	load umon |	misses = 1777, hits= 0 0 0 0 0 0 0 0 0 0 0 0 0 0 2 0
	write umon |	misses = 1331, hits= 0 0 0 0 0 0 0 0 0 0 0 0 0 0 0 0
num evicts: 11700000, p: 2811846, s: 0 	 max proactive lookup: 16, max shadow lookup: 16
current cycle = 57416548, last update cycle = 55000753, delta = 2415795
	load umon |	misses = 2164, hits= 0 0 0 0 0 0 0 0 0 0 0 0 0 0 2 0
	write umon |	misses = 1624, hits= 0 0 0 0 0 0 0 0 0 0 0 0 0 0 0 0
num evicts: 11800000, p: 2836943, s: 0 	 max proactive lookup: 16, max shadow lookup: 16
current cycle = 58778722, last update cycle = 55000753, delta = 3777969
	load umon |	misses = 2554, hits= 0 0 0 0 0 0 0 0 0 0 0 0 0 3 6 0
	write umon |	misses = 1917, hits= 0 0 0 0 0 0 0 0 0 0 0 0 0 0 0 0
num evicts: 11900000, p: 2861802, s: 0 	 max proactive lookup: 16, max shadow lookup: 16
current cycl