[VMEM] WARNING: physical memory size is smaller than virtual memory size.

*** ChampSim Multicore Out-of-Order Simulator ***
Warmup Instructions: 25000000
Simulation Instructions: 25000000
Number of CPUs: 8
Page size: 2097152

initializing BARD -- num sampled sets: 64, modulus = 256
CL :	 16.64 ns
CWL :	 15.808 ns
tRP :	 16.224 ns
tRCD :	 16.224 ns
tRAS :	 32.032000000000004 ns
tRTP :	 7.904 ns
tWR :	 30.368000000000002 ns

tCCD_S :	 3.3280000000000003 ns
tCCD_S_WR :	 3.3280000000000003 ns
tCCD_S_WTR :	 22.048000000000002 ns
tCCD_L :	 5.408 ns
tCCD_L_WR :	 20.384 ns
tCCD_L_WTR :	 29.536 ns
tRRD_S :	 3.3280000000000003 ns
tRRD_L :	 5.408 ns
tFAW :	 13.728 ns
Address mapping (perm = 1) 	ch co bg bg bg ba ba co co co co co co ro ro ro ro ro ro ro ro ro ro ro ro ro ro ro 
dram queue size: R = 64 W = 48 (low:high is 9:39)
num evicts: 0, p: 0, s: 0 	 max proactive lookup: 15, max shadow lookup: 16
current cycle = 24304, last update cycle = 0, delta = 24304
	load umon |	misses = 67, hits= 1 0 0 0 0 0 0 0 0 0 0 0 0 0 0 5
	write umon |	misses = 0, hits= 0 0 0 0 0 0 0 0 0 0 0 0 0 0 0 0
num evicts: 100000, p: 3107, s: 0 	 max proactive lookup: 16, max shadow lookup: 16
current cycle = 484733, last update cycle = 0, delta = 484733
	load umon |	misses = 1232, hits= 1 0 0 0 0 0 0 1 0 0 0 0 0 2 3 7
	write umon |	misses = 33, hits= 0 0 0 0 0 0 0 0 0 0 0 0 0 0 0 0
num evicts: 200000, p: 11113, s: 0 	 max proactive lookup: 16, max shadow lookup: 16
current cycle = 1035810, last update cycle = 0, delta = 1035810
	load umon |	misses = 1773, hits= 57 0 0 0 0 0 1 1 8 0 0 0 0 2 3 14
	write umon |	misses = 121, hits= 0 0 0 0 0 0 0 0 0 0 0 0 0 0 0 0
num evicts: 300000, p: 29717, s: 0 	 max proactive lookup: 16, max shadow lookup: 16
current cycle = 1959510, last update cycle = 0, delta = 1959510
	load umon |	misses = 2171, hits= 57 0 0 0 0 0 1 1 8 0 0 0 0 2 3 14
	write umon |	misses = 264, hits= 0 0 0 0 0 0 0 0 0 0 0 0 0 0 0 0
Heartbeat CPU 0 instructions: 10000004 cycles: 2569693 heartbeat IPC: 3.892 cumulative IPC: 3.892 (Simulation time: 01 hr 24 min 51 sec)
Heartbeat CPU 1 instructions: 10000004 cycles: 2570647 heartbeat IPC: 3.89 cumulative IPC: 3.89 (Simulation time: 01 hr 24 min 59 sec)
Heartbeat CPU 2 instructions: 10000004 cycles: 2571252 heartbeat IPC: 3.889 cumulative IPC: 3.889 (Simulation time: 01 hr 25 min 05 sec)
Heartbeat CPU 3 instructions: 10000004 cycles: 2571665 heartbeat IPC: 3.889 cumulative IPC: 3.889 (Simulation time: 01 hr 25 min 09 sec)
Heartbeat CPU 4 instructions: 10000004 cycles: 2571938 heartbeat IPC: 3.888 cumulative IPC: 3.888 (Simulation time: 01 hr 25 min 11 sec)
Heartbeat CPU 5 instructions: 10000004 cycles: 2572298 heartbeat IPC: 3.888 cumulative IPC: 3.888 (Simulation time: 01 hr 25 min 14 sec)
Heartbeat CPU 6 instructions: 10000003 cycles: 2572602 heartbeat IPC: 3.887 cumulative IPC: 3.887 (Simulation time: 01 hr 25 min 18 sec)
Heartbeat CPU 7 instructions: 10000004 cycles: 2572850 heartbeat IPC: 3.887 cumulative IPC: 3.887 (Simulation time: 01 hr 25 min 20 sec)
num evicts: 400000, p: 43312, s: 0 	 max proactive lookup: 16, max shadow lookup: 16
current cycle = 2609576, last update cycle = 0, delta = 2609576
	load umon |	misses = 2563, hits= 57 0 0 0 0 0 1 1 8 0 0 0 0 2 3 14
	write umon |	misses = 448, hits= 0 0 0 0 0 0 0 0 0 0 0 0 0 0 0 0
num evicts: 500000, p: 49420, s: 0 	 max proactive lookup: 16, max shadow lookup: 16
current cycle = 2855535, last update cycle = 0, delta = 2855535
	load umon |	misses = 2944, hits= 57 0 0 0 0 0 1 1 8 0 0 0 0 2 3 14
	write umon |	misses = 512, hits= 0 0 0 0 0 0 0 0 0 0 0 0 0 0 0 0
num evicts: 600000, p: 51928, s: 0 	 max proactive lookup: 16, max shadow lookup: 16
current cycle = 3112843, last update cycle = 0, delta = 3112843
	load umon |	misses = 3355, hits= 82 0 0 0 0 0 1 1 8 0 0 0 0 2 3 14
	write umon |	misses = 600, hits= 0 0 0 0 0 0 0 0 0 0 0 0 0 0 0 0
num evicts: 700000, p: 61194, s: 0 	 max proactive lookup: 8, max shadow lookup: 16
current cycle = 3463680, last update cycle = 0, delta = 3463680
	load umon |	misses = 3731, hits= 193 0 0 0 0 0 1 1 104 0 0 0 0 2 3 14
	write umon |	misses = 752, hits= 0 0 0 0 0 0 0 0 0 0 0 0 0 0 0 0
num evicts: 800000, p: 63653, s: 0 	 max proactive lookup: 0, max shadow lookup: 16
current cycle = 3778323, last update cycle = 0, delta = 3778323
	load umon |	misses = 4119, hits= 353 0 0 0 0 0 1 1 120 0 0 0 0 2 3 14
	write umon |	misses = 968, hits= 0 0 0 0 0 0 0 0 0 0 0 0 0 0 0 0
num evicts: 900000, p: 63653, s: 0 	 max proactive lookup: 0, max shadow lookup: 16
current cycle = 4049622, last update cycle = 0, delta = 4049622
	load umon |	misses = 4502, hits= 401 0 0 0 0 0 1 1 232 0 0 0 0 2 3 14
	write umon |	misses = 1014, hits= 0 0 0 0 0 0 0 0 0 0 0 0 0 0 0 0
num evicts: 1000000, p: 63653, s: 0 	 max proactive lookup: 0, max shadow lookup: 16
current cycle = 4212369, last update cycle = 0, delta = 4212369
	load umon |	misses = 4895, hits= 401 0 0 0 0 0 1 1 232 0 0 0 0 2 3 14
	write umon |	misses = 1224, hits= 0 0 0 0 0 0 0 0 0 0 0 0 0 0 0 0
num evicts: 1100000, p: 63653, s: 0 	 max proactive lookup: 0, max shadow lookup: 16
current cycle = 4405451, last update cycle = 0, delta = 4405451
	load umon |	misses = 5298, hits= 439 0 0 0 0 0 1 1 296 0 0 0 0 2 3 14
	write umon |	misses = 1320, hits= 1 1 1 1 1 1 1 1 0 0 0 0 0 0 0 0
num evicts: 1200000, p: 63653, s: 0 	 max proactive lookup: 0, max shadow lookup: 16
current cycle = 4630156, last update cycle = 0, delta = 4630156
	load umon |	misses = 5671, hits= 598 0 0 0 0 0 1 1 360 0 0 0 0 2 3 14
	write umon |	misses = 1425, hits= 3 3 3 3 3 3 3 11 1 1 1 1 1 1 1 1
num evicts: 1300000, p: 63653, s: 0 	 max proactive lookup: 0, max shadow lookup: 16
current cycle = 4777235, last update cycle = 0, delta = 4777235
	load umon |	misses = 6065, hits= 641 0 0 0 0 0 1 1 360 0 0 0 0 2 3 14
	write umon |	misses = 1603, hits= 3 3 3 3 3 3 3 11 1 1 1 1 1 1 1 1
num evicts: 1400000, p: 63653, s: 0 	 max proactive lookup: 0, max shadow lookup: 16
current cycle = 4935376, last update cycle = 0, delta = 4935376
	load umon |	misses = 6463, hits= 735 0 0 0 0 0 1 1 360 0 0 0 0 2 3 14
	write umon |	misses = 1761, hits= 3 3 3 3 3 3 3 11 1 1 1 1 1 1 1 1
Heartbeat CPU 0 instructions: 20000007 cycles: 5081924 heartbeat IPC: 3.981 cumulative IPC: 3.936 (Simulation time: 01 hr 54 min 42 sec)
Heartbeat CPU 1 instructions: 20000006 cycles: 5089546 heartbeat IPC: 3.97 cumulative IPC: 3.93 (Simulation time: 01 hr 54 min 44 sec)
Heartbeat CPU 2 instructions: 20000006 cycles: 5091158 heartbeat IPC: 3.968 cumulative IPC: 3.928 (Simulation time: 01 hr 54 min 44 sec)
Heartbeat CPU 3 instructions: 20000006 cycles: 5093122 heartbeat IPC: 3.966 cumulative IPC: 3.927 (Simulation time: 01 hr 54 min 44 sec)
Heartbeat CPU 4 instructions: 20000007 cycles: 5093660 heartbeat IPC: 3.966 cumulative IPC: 3.926 (Simulation time: 01 hr 54 min 45 sec)
Heartbeat CPU 5 instructions: 20000006 cycles: 5094867 heartbeat IPC: 3.964 cumulative IPC: 3.926 (Simulation time: 01 hr 54 min 45 sec)
Heartbeat CPU 6 instructions: 20000006 cycles: 5095749 heartbeat IPC: 3.963 cumulative IPC: 3.925 (Simulation time: 01 hr 54 min 45 sec)
Heartbeat CPU 7 instructions: 20000006 cycles: 5096449 heartbeat IPC: 3.963 cumulative IPC: 3.924 (Simulation time: 01 hr 54 min 45 sec)
num evicts: 1500000, p: 63653, s: 0 	 max proactive lookup: 0, max shadow lookup: 16
current cycle = 5100169, last update cycle = 5000002, delta = 100167
	load umon |	misses = 3552, hits= 438 0 0 0 0 0 0 0 180 0 0 0 0 1 1 7
	write umon |	misses = 993, hits= 1 1 1 1 1 1 1 5 0 0 0 0 0 0 0 0
num evicts: 1600000, p: 63653, s: 0 	 max proactive lookup: 0, max shadow lookup: 16
current cycle = 5228809, last update cycle = 5000002, delta = 228807
	load umon |	misses = 3955, hits= 438 0 0 0 0 0 0 0 180 0 0 0 0 1 1 7
	write umon |	misses = 1100, hits= 1 1 1 1 1 1 1 5 0 0 0 0 0 0 0 0
num evicts: 1700000, p: 63653, s: 0 	 max proactive lookup: 0, max shadow lookup: 16
current cycle = 5400060, last update cycle = 5000002, delta = 400058
	load umon |	misses = 4359, hits= 445 0 0 0 0 0 0 0 180 0 0 0 0 1 1 7
	write umon |	misses = 1245, hits= 1 1 1 1 1 1 1 5 0 0 0 0 0 0 0 0
num evicts: 1800000, p: 63653, s: 0 	 max proactive lookup: 0, max shadow lookup: 16
current cycle = 5648488, last update cycle = 5000002, delta = 648486
	load umon |	misses = 4746, hits= 518 0 0 0 0 0 0 0 237 0 0 0 0 1 1 7
	write umon |	misses = 1353, hits= 1 1 1 1 1 1 1 5 0 0 0 0 0 0 0 0
num evicts: 1900000, p: 63653, s: 0 	 max proactive lookup: 0, max shadow lookup: 16
current cycle = 5884335, last update cycle = 5000002, delta = 884333
	load umon |	misses = 5151, hits= 531 0 0 0 0 0 0 0 332 0 0 0 0 1 1 7
	write umon |	misses = 1460, hits= 1 1 1 1 1 1 1 5 1 1 1 1 1 1 1 1
num evicts: 2000000, p: 63653, s: 0 	 max proactive lookup: 0, max shadow lookup: 16
current cycle = 6257901, last update cycle = 5000002, delta = 1257899
	load umon |	misses = 5558, hits= 531 0 0 0 0 0 0 0 332 0 0 0 0 1 1 7
	write umon |	misses = 1460, hits= 1 1 1 1 1 1 1 5 1 1 1 1 1 1 1 1
Warmup finished CPU 0 instructions: 25000001 cycles: 6332907 cumulative IPC: 3.948 (Simulation time: 01 hr 59 min 27 sec)
Warmup finished CPU 1 instructions: 25000000 cycles: 6340623 cumulative IPC: 3.943 (Simulation time: 01 hr 59 min 29 sec)
Warmup finished CPU 2 instructions: 25000003 cycles: 6341848 cumulative IPC: 3.942 (Simulation time: 01 hr 59 min 29 sec)
Warmup finished CPU 3 instructions: 25000000 cycles: 6343713 cumulative IPC: 3.941 (Simulation time: 01 hr 59 min 29 sec)
Warmup finished CPU 4 instructions: 25000001 cycles: 6344307 cumulative IPC: 3.941 (Simulation time: 01 hr 59 min 29 sec)
Warmup finished CPU 5 instructions: 25000000 cycles: 6345407 cumulative IPC: 3.94 (Simulation time: 01 hr 59 min 30 sec)
Warmup finished CPU 6 instructions: 25000003 cycles: 6346248 cumulative IPC: 3.939 (Simulation time: 01 hr 59 min 30 sec)
Warmup finished CPU 7 instructions: 25000003 cycles: 6347029 cumulative IPC: 3.939 (Simulation time: 01 hr 59 min 30 sec)
Warmup complete CPU 7 instructions: 25000003 cycles: 6347029 cumulative IPC: 3.939 (Simulation time: 01 hr 59 min 30 sec)
Warmup complete CPU 6 instructions: 25003127 cycles: 6347029 cumulative IPC: 3.939 (Simulation time: 01 hr 59 min 30 sec)
Warmup complete CPU 5 instructions: 25006488 cycles: 6347029 cumulative IPC: 3.94 (Simulation time: 01 hr 59 min 30 sec)
Warmup complete CPU 4 instructions: 25010889 cycles: 6347029 cumulative IPC: 3.941 (Simulation time: 01 hr 59 min 30 sec)
Warmup complete CPU 3 instructions: 25013264 cycles: 6347029 cumulative IPC: 3.941 (Simulation time: 01 hr 59 min 30 sec)
Warmup complete CPU 2 instructions: 25020727 cycles: 6347029 cumulative IPC: 3.942 (Simulation time: 01 hr 59 min 30 sec)
Warmup complete CPU 1 instructions: 25025624 cycles: 6347029 cumulative IPC: 3.943 (Simulation time: 01 hr 59 min 30 sec)
Warmup complete CPU 0 instructions: 25056489 cycles: 6347029 cumulative IPC: 3.948 (Simulation time: 01 hr 59 min 30 sec)
num evicts: 2100000, p: 63653, s: 0 	 max proactive lookup: 0, max shadow lookup: 16
current cycle = 8183635, last update cycle = 5000002, delta = 3183633
	load umon |	misses = 5967, hits= 531 0 0 0 0 0 0 0 332 0 0 0 0 1 1 7
	write umon |	misses = 1597, hits= 1 1 1 1 1 1 1 5 1 1 1 1 1 1 1 1
num evicts: 2200000, p: 63653, s: 0 	 max proactive lookup: 0, max shadow lookup: 16
current cycle = 10677685, last update cycle = 10000024, delta = 677661
	load umon |	misses = 3236, hits= 265 0 0 0 0 0 0 0 166 0 0 0 0 0 0 3
	write umon |	misses = 902, hits= 0 0 0 0 0 0 0 2 0 0 0 0 0 0 0 0
num evicts: 2300000, p: 63653, s: 0 	 max proactive lookup: 0, max shadow lookup: 16
current cycle = 13262759, last update cycle = 10000024, delta = 3262735
	load umon |	misses = 3621, hits= 265 0 0 0 0 0 0 0 166 0 0 0 0 0 0 3
	write umon |	misses = 1053, hits= 0 0 0 0 0 0 0 2 0 0 0 0 0 0 0 0
Heartbeat CPU 0 instructions: 30000010 cycles: 15458439 heartbeat IPC: 0.9637 cumulative IPC: 0.5426 (Simulation time: 02 hr 15 min 51 sec)
Heartbeat CPU 4 instructions: 30000010 cycles: 15458525 heartbeat IPC: 0.9648 cumulative IPC: 0.5476 (Simulation time: 02 hr 15 min 51 sec)
Heartbeat CPU 3 instructions: 30000010 cycles: 15477651 heartbeat IPC: 0.963 cumulative IPC: 0.5462 (Simulation time: 02 hr 15 min 53 sec)
Heartbeat CPU 5 instructions: 30000010 cycles: 15479590 heartbeat IPC: 0.963 cumulative IPC: 0.5468 (Simulation time: 02 hr 15 min 54 sec)
Heartbeat CPU 7 instructions: 30000010 cycles: 15479639 heartbeat IPC: 0.9631 cumulative IPC: 0.5475 (Simulation time: 02 hr 15 min 54 sec)
Heartbeat CPU 1 instructions: 30000010 cycles: 15479755 heartbeat IPC: 0.9624 cumulative IPC: 0.5447 (Simulation time: 02 hr 15 min 54 sec)
Heartbeat CPU 2 instructions: 30000010 cycles: 15497847 heartbeat IPC: 0.9609 cumulative IPC: 0.5441 (Simulation time: 02 hr 15 min 56 sec)
Heartbeat CPU 6 instructions: 30000010 cycles: 15588218 heartbeat IPC: 0.9531 cumulative IPC: 0.5407 (Simulation time: 02 hr 16 min 06 sec)
num evicts: 2400000, p: 63653, s: 0 	 max proactive lookup: 0, max shadow lookup: 16
current cycle = 15944247, last update cycle = 15000071, delta = 944176
	load umon |	misses = 2071, hits= 132 0 0 0 0 0 0 0 83 0 0 0 0 0 3 1
	write umon |	misses = 637, hits= 0 0 0 0 0 0 0 1 0 0 0 0 0 0 0 0
num evicts: 2500000, p: 73097, s: 0 	 max proactive lookup: 8, max shadow lookup: 16
current cycle = 18668459, last update cycle = 15000071, delta = 3668388
	load umon |	misses = 2491, hits= 132 0 0 0 0 0 1 0 83 0 0 0 0 0 3 8
	write umon |	misses = 788, hits= 0 0 0 0 0 0 0 1 0 0 0 0 0 0 0 0
num evicts: 2600000, p: 86829, s: 0 	 max proactive lookup: 8, max shadow lookup: 16
current cycle = 21614511, last update cycle = 20000123, delta = 1614388
	load umon |	misses = 1534, hits= 66 0 0 0 0 0 0 0 41 0 0 0 0 0 1 4
	write umon |	misses = 566, hits= 0 0 0 0 0 0 0 0 0 0 0 0 0 0 0 0
num evicts: 2700000, p: 103009, s: 0 	 max proactive lookup: 16, max shadow lookup: 16
current cycle = 24090894, last update cycle = 20000123, delta = 4090771
	load umon |	misses = 1923, hits= 69 2 3 0 0 0 0 0 41 0 0 0 0 0 1 4
	write umon |	misses = 769, hits= 0 0 0 0 0 0 0 0 0 0 0 0 0 0 0 0
num evicts: 2800000, p: 111726, s: 0 	 max proactive lookup: 8, max shadow lookup: 16
current cycle = 25061933, last update cycle = 25000162, delta = 61771
	load umon |	misses = 1168, hits= 56 3 2 0 0 0 1 0 24 0 0 0 0 0 0 2
	write umon |	misses = 472, hits= 0 0 0 0 0 0 0 2 0 1 2 1 0 0 1 0
num evicts: 2900000, p: 127124, s: 0 	 max proactive lookup: 16, max shadow lookup: 16
current cycle = 26256426, last update cycle = 25000162, delta = 1256264
	load umon |	misses = 1531, hits= 58 4 2 0 0 0 1 0 25 0 0 0 0 0 0 2
	write umon |	misses = 663, hits= 4 3 3 0 1 2 4 2 0 3 5 2 5 1 3 2
num evicts: 3000000, p: 141126, s: 0 	 max proactive lookup: 16, max shadow lookup: 16
current cycle = 27399908, last update cycle = 25000162, delta = 2399746
	load umon |	misses = 1930, hits= 58 4 2 0 0 0 1 0 25 0 0 0 0 0 0 2
	write umon |	misses = 806, hits= 4 3 3 0 1 2 4 2 0 3 5 2 5 1 3 2
num evicts: 3100000, p: 151701, s: 0 	 max proactive lookup: 16, max shadow lookup: 16
current cycle = 28434563, last update cycle = 25000162, delta = 3434401
	load umon |	misses = 2324, hits= 58 4 2 0 0 0 1 0 25 0 0 0 0 0 0 2
	write umon |	misses = 931, hits= 4 3 3 0 1 2 4 2 0 3 5 2 5 1 3 2
num evicts: 3200000, p: 163168, s: 0 	 max proactive lookup: 16, max shadow lookup: 16
current cycle = 29753871, last update cycle = 25000162, delta = 4753709
	load umon |	misses = 2723, hits= 58 4 2 0 0 0 1 0 25 0 0 0 0 0 0 2
	write umon |	misses = 1089, hits= 4 3 3 0 1 2 4 2 0 3 5 2 5 1 3 2
num evicts: 3300000, p: 174742, s: 0 	 max proactive lookup: 16, max shadow lookup: 16
current cycle = 30993411, last update cycle = 30000243, delta = 993168
	load umon |	misses = 1723, hits= 29 2 1 0 0 0 0 0 12 0 0 0 0 0 0 1
	write umon |	misses = 658, hits= 2 1 1 0 0 1 2 1 0 1 2 1 2 0 1 1
num evicts: 3400000, p: 191002, s: 0 	 max proactive lookup: 16, max shadow lookup: 16
current cycle = 32360410, last update cycle = 30000243, delta = 2360167
	load umon |	misses = 2094, hits= 29 2 1 0 0 0 0 0 12 0 0 0 0 0 0 1
	write umon |	misses = 858, hits= 2 1 1 0 0 1 2 1 0 1 2 1 2 0 1 1
num evicts: 3500000, p: 214857, s: 0 	 max proactive lookup: 16, max shadow lookup: 16
current cycle = 33784992, last update cycle = 30000243, delta = 3784749
	load umon |	misses = 2488, hits= 29 2 1 0 0 0 0 0 