---------------------------------------
Begin Slurm Prolog: Apr-09-2025 14:47:02
Job ID:    3709179
User ID:   svittal8
Account:   gts-mqureshi4-rg
Job name:  wrap
Partition: cpu-small
QOS:       inferno
---------------------------------------
[VMEM] WARNING: physical memory size is smaller than virtual memory size.
The following argument was not expected: --bard-use-utility-counters
Run with --help for more information.
---------------------------------------
Begin Slurm Epilog: Apr-09-2025 14:47:02
Job ID:        3709179
User ID:       svittal8
Account:       gts-mqureshi4-rg
Job name:      wrap
Resources:     cpu=1,mem=4G,node=1
Rsrc Used:     cput=00:00:01,vmem=0,walltime=00:00:01,mem=45040K,energy_used=0
Partition:     cpu-small
QOS:           inferno
Nodes:         atl1-1-02-002-25-2
---------------------------------------
