[VMEM] WARNING: physical memory size is smaller than virtual memory size.
dram page policy: is open = 0	is close = 0	is soft close = 1	cmd arg = 2

*** ChampSim Multicore Out-of-Order Simulator ***
Warmup Instructions: 25000000
Simulation Instructions: 100000000
Number of CPUs: 8
Page size: 2097152

CL :	 16.64 ns
CWL :	 15.808 ns
tRP :	 16.224 ns
tRCD :	 16.224 ns
tRAS :	 32.032000000000004 ns
tRTP :	 7.904 ns
tWR :	 30.368000000000002 ns

tCCD_S :	 3.3280000000000003 ns
tCCD_S_WR :	 3.3280000000000003 ns
tCCD_S_WTR :	 22.048000000000002 ns
tCCD_L :	 5.408 ns
tCCD_L_WR :	 20.384 ns
tCCD_L_WTR :	 29.536 ns
tRRD_S :	 3.3280000000000003 ns
tRRD_L :	 5.408 ns
tFAW :	 13.728 ns
Address mapping (perm = 1) 	ch co bg bg bg ba ba co co co co co co ro ro ro ro ro ro ro ro ro ro ro ro ro ro ro 
dram queue size: R = 64 W = 48 (low:high is 12:36)
max lookup for evict 0 = 16
lookup_sel: 128 128 128 128 128 128 128 128 128 128 128 128 128 128 128 128
Heartbeat CPU 1 instructions: 10000000 cycles: 2512116 heartbeat IPC: 3.981 cumulative IPC: 3.981 (Simulation time: 00 hr 10 min 37 sec)
Heartbeat CPU 2 instructions: 10000001 cycles: 2512172 heartbeat IPC: 3.981 cumulative IPC: 3.981 (Simulation time: 00 hr 10 min 37 sec)
Heartbeat CPU 4 instructions: 10000001 cycles: 2512173 heartbeat IPC: 3.981 cumulative IPC: 3.981 (Simulation time: 00 hr 10 min 37 sec)
Heartbeat CPU 5 instructions: 10000001 cycles: 2512381 heartbeat IPC: 3.98 cumulative IPC: 3.98 (Simulation time: 00 hr 10 min 37 sec)
Heartbeat CPU 7 instructions: 10000003 cycles: 2512499 heartbeat IPC: 3.98 cumulative IPC: 3.98 (Simulation time: 00 hr 10 min 37 sec)
Heartbeat CPU 0 instructions: 10000000 cycles: 2513595 heartbeat IPC: 3.978 cumulative IPC: 3.978 (Simulation time: 00 hr 10 min 37 sec)
Heartbeat CPU 3 instructions: 10000000 cycles: 2513950 heartbeat IPC: 3.978 cumulative IPC: 3.978 (Simulation time: 00 hr 10 min 37 sec)
Heartbeat CPU 6 instructions: 10000000 cycles: 2514128 heartbeat IPC: 3.978 cumulative IPC: 3.978 (Simulation time: 00 hr 10 min 37 sec)
Heartbeat CPU 1 instructions: 20000001 cycles: 5020814 heartbeat IPC: 3.986 cumulative IPC: 3.983 (Simulation time: 00 hr 21 min 04 sec)
Heartbeat CPU 2 instructions: 20000001 cycles: 5021164 heartbeat IPC: 3.986 cumulative IPC: 3.983 (Simulation time: 00 hr 21 min 04 sec)
Heartbeat CPU 4 instructions: 20000001 cycles: 5021165 heartbeat IPC: 3.986 cumulative IPC: 3.983 (Simulation time: 00 hr 21 min 04 sec)
Heartbeat CPU 5 instructions: 20000001 cycles: 5021373 heartbeat IPC: 3.986 cumulative IPC: 3.983 (Simulation time: 00 hr 21 min 04 sec)
Heartbeat CPU 7 instructions: 20000005 cycles: 5021752 heartbeat IPC: 3.985 cumulative IPC: 3.983 (Simulation time: 00 hr 21 min 04 sec)
Heartbeat CPU 0 instructions: 20000001 cycles: 5024119 heartbeat IPC: 3.983 cumulative IPC: 3.981 (Simulation time: 00 hr 21 min 04 sec)
Heartbeat CPU 3 instructions: 20000001 cycles: 5024474 heartbeat IPC: 3.983 cumulative IPC: 3.981 (Simulation time: 00 hr 21 min 04 sec)
Heartbeat CPU 6 instructions: 20000001 cycles: 5024578 heartbeat IPC: 3.983 cumulative IPC: 3.98 (Simulation time: 00 hr 21 min 05 sec)
Warmup finished CPU 1 instructions: 25000000 cycles: 6277767 cumulative IPC: 3.982 (Simulation time: 00 hr 26 min 56 sec)
Warmup finished CPU 2 instructions: 25000000 cycles: 6278161 cumulative IPC: 3.982 (Simulation time: 00 hr 26 min 56 sec)
Warmup finished CPU 4 instructions: 25000000 cycles: 6278162 cumulative IPC: 3.982 (Simulation time: 00 hr 26 min 56 sec)
Warmup finished CPU 5 instructions: 25000000 cycles: 6278370 cumulative IPC: 3.982 (Simulation time: 00 hr 26 min 56 sec)
Warmup finished CPU 7 instructions: 25000002 cycles: 6278776 cumulative IPC: 3.982 (Simulation time: 00 hr 26 min 56 sec)
Warmup finished CPU 0 instructions: 25000003 cycles: 6283176 cumulative IPC: 3.979 (Simulation time: 00 hr 26 min 58 sec)
Warmup finished CPU 3 instructions: 25000003 cycles: 6283531 cumulative IPC: 3.979 (Simulation time: 00 hr 26 min 58 sec)
Warmup finished CPU 6 instructions: 25000002 cycles: 6283642 cumulative IPC: 3.979 (Simulation time: 00 hr 26 min 58 sec)
Warmup complete CPU 7 instructions: 25019313 cycles: 6283642 cumulative IPC: 3.982 (Simulation time: 00 hr 26 min 58 sec)
Warmup complete CPU 6 instructions: 25000002 cycles: 6283642 cumulative IPC: 3.979 (Simulation time: 00 hr 26 min 58 sec)
Warmup complete CPU 5 instructions: 25020836 cycles: 6283642 cumulative IPC: 3.982 (Simulation time: 00 hr 26 min 58 sec)
Warmup complete CPU 4 instructions: 25021648 cycles: 6283642 cumulative IPC: 3.982 (Simulation time: 00 hr 26 min 58 sec)
Warmup complete CPU 3 instructions: 25000447 cycles: 6283642 cumulative IPC: 3.979 (Simulation time: 00 hr 26 min 58 sec)
Warmup complete CPU 2 instructions: 25021653 cycles: 6283642 cumulative IPC: 3.982 (Simulation time: 00 hr 26 min 58 sec)
Warmup complete CPU 1 instructions: 25022863 cycles: 6283642 cumulative IPC: 3.982 (Simulation time: 00 hr 26 min 58 sec)
Warmup complete CPU 0 instructions: 25001730 cycles: 6283642 cumulative IPC: 3.979 (Simulation time: 00 hr 26 min 58 sec)
Heartbeat CPU 4 instructions: 30000001 cycles: 7669224 heartbeat IPC: 3.776 cumulative IPC: 3.593 (Simulation time: 00 hr 33 min 17 sec)
Heartbeat CPU 5 instructions: 30000001 cycles: 7669248 heartbeat IPC: 3.777 cumulative IPC: 3.593 (Simulation time: 00 hr 33 min 17 sec)
Heartbeat CPU 2 instructions: 30000001 cycles: 7669407 heartbeat IPC: 3.776 cumulative IPC: 3.592 (Simulation time: 00 hr 33 min 17 sec)
Heartbeat CPU 1 instructions: 30000001 cycles: 7669855 heartbeat IPC: 3.775 cumulative IPC: 3.59 (Simulation time: 00 hr 33 min 17 sec)
Heartbeat CPU 7 instructions: 30000006 cycles: 7671018 heartbeat IPC: 3.775 cumulative IPC: 3.59 (Simulation time: 00 hr 33 min 17 sec)
Heartbeat CPU 0 instructions: 30000001 cycles: 7674747 heartbeat IPC: 3.773 cumulative IPC: 3.593 (Simulation time: 00 hr 33 min 18 sec)
Heartbeat CPU 6 instructions: 30000001 cycles: 7674859 heartbeat IPC: 3.773 cumulative IPC: 3.594 (Simulation time: 00 hr 33 min 18 sec)
Heartbeat CPU 3 instructions: 30000001 cycles: 7675501 heartbeat IPC: 3.772 cumulative IPC: 3.592 (Simulation time: 00 hr 33 min 19 sec)
Heartbeat CPU 4 instructions: 40000002 cycles: 10525704 heartbeat IPC: 3.501 cumulative IPC: 3.531 (Simulation time: 00 hr 44 min 21 sec)
Heartbeat CPU 2 instructions: 40000002 cycles: 10525884 heartbeat IPC: 3.501 cumulative IPC: 3.531 (Simulation time: 00 hr 44 min 21 sec)
Heartbeat CPU 5 instructions: 40000002 cycles: 10526327 heartbeat IPC: 3.5 cumulative IPC: 3.531 (Simulation time: 00 hr 44 min 21 sec)
Heartbeat CPU 1 instructions: 40000002 cycles: 10528496 heartbeat IPC: 3.498 cumulative IPC: 3.528 (Simulation time: 00 hr 44 min 21 sec)
Heartbeat CPU 7 instructions: 40000009 cycles: 10528984 heartbeat IPC: 3.499 cumulative IPC: 3.529 (Simulation time: 00 hr 44 min 21 sec)
Heartbeat CPU 0 instructions: 40000002 cycles: 10531044 heartbeat IPC: 3.501 cumulative IPC: 3.531 (Simulation time: 00 hr 44 min 22 sec)
Heartbeat CPU 6 instructions: 40000002 cycles: 10531079 heartbeat IPC: 3.501 cumulative IPC: 3.532 (Simulation time: 00 hr 44 min 22 sec)
Heartbeat CPU 3 instructions: 40000002 cycles: 10531797 heartbeat IPC: 3.501 cumulative IPC: 3.531 (Simulation time: 00 hr 44 min 22 sec)
Heartbeat CPU 5 instructions: 50000002 cycles: 13320317 heartbeat IPC: 3.579 cumulative IPC: 3.55 (Simulation time: 00 hr 55 min 06 sec)
Heartbeat CPU 4 instructions: 50000002 cycles: 13320534 heartbeat IPC: 3.578 cumulative IPC: 3.55 (Simulation time: 00 hr 55 min 06 sec)
Heartbeat CPU 2 instructions: 50000002 cycles: 13320917 heartbeat IPC: 3.578 cumulative IPC: 3.549 (Simulation time: 00 hr 55 min 06 sec)
Heartbeat CPU 0 instructions: 50000002 cycles: 13324379 heartbeat IPC: 3.58 cumulative IPC: 3.551 (Simulation time: 00 hr 55 min 06 sec)
Heartbeat CPU 6 instructions: 50000002 cycles: 13324654 heartbeat IPC: 3.58 cumulative IPC: 3.551 (Simulation time: 00 hr 55 min 07 sec)
Heartbeat CPU 1 instructions: 50000002 cycles: 13324855 heartbeat IPC: 3.576 cumulative IPC: 3.547 (Simulation time: 00 hr 55 min 07 sec)
Heartbeat CPU 7 instructions: 50000012 cycles: 13324896 heartbeat IPC: 3.577 cumulative IPC: 3.548 (Simulation time: 00 hr 55 min 07 sec)
Heartbeat CPU 3 instructions: 50000002 cycles: 13326454 heartbeat IPC: 3.578 cumulative IPC: 3.55 (Simulation time: 00 hr 55 min 07 sec)
Heartbeat CPU 4 instructions: 60000004 cycles: 16221792 heartbeat IPC: 3.447 cumulative IPC: 3.52 (Simulation time: 01 hr 05 min 48 sec)
Heartbeat CPU 5 instructions: 60000004 cycles: 16221805 heartbeat IPC: 3.447 cumulative IPC: 3.52 (Simulation time: 01 hr 05 min 48 sec)
Heartbeat CPU 2 instructions: 60000004 cycles: 16223320 heartbeat IPC: 3.445 cumulative IPC: 3.519 (Simulation time: 01 hr 05 min 48 sec)
Heartbeat CPU 0 instructions: 60000004 cycles: 16225264 heartbeat IPC: 3.447 cumulative IPC: 3.52 (Simulation time: 01 hr 05 min 48 sec)
Heartbeat CPU 6 instructions: 60000004 cycles: 16225926 heartbeat IPC: 3.447 cumulative IPC: 3.52 (Simulation time: 01 hr 05 min 49 sec)
Heartbeat CPU 3 instructions: 60000004 cycles: 16227628 heartbeat IPC: 3.447 cumulative IPC: 3.52 (Simulation time: 01 hr 05 min 49 sec)
Heartbeat CPU 7 instructions: 60000016 cycles: 16227786 heartbeat IPC: 3.445 cumulative IPC: 3.518 (Simulation time: 01 hr 05 min 49 sec)
Heartbeat CPU 1 instructions: 60000004 cycles: 16228917 heartbeat IPC: 3.443 cumulative IPC: 3.517 (Simulation time: 01 hr 05 min 49 sec)
Heartbeat CPU 4 instructions: 70000005 cycles: 19068015 heartbeat IPC: 3.513 cumulative IPC: 3.518 (Simulation time: 01 hr 16 min 44 sec)
Heartbeat CPU 5 instructions: 70000005 cycles: 19068515 heartbeat IPC: 3.513 cumulative IPC: 3.518 (Simulation time: 01 hr 16 min 44 sec)
Heartbeat CPU 0 instructions: 70000008 cycles: 19070277 heartbeat IPC: 3.515 cumulative IPC: 3.519 (Simulation time: 01 hr 16 min 45 sec)
Heartbeat CPU 2 instructions: 70000005 cycles: 19071245 heartbeat IPC: 3.511 cumulative IPC: 3.517 (Simulation time: 01 hr 16 min 45 sec)
Heartbeat CPU 6 instructions: 70000005 cycles: 19071355 heartbeat IPC: 3.514 cumulative IPC: 3.519 (Simulation time: 01 hr 16 min 45 sec)
Heartbeat CPU 3 instructions: 70000005 cycles: 19073900 heartbeat IPC: 3.513 cumulative IPC: 3.518 (Simulation time: 01 hr 16 min 46 sec)
Heartbeat CPU 7 instructions: 70000020 cycles: 19077338 heartbeat IPC: 3.509 cumulative IPC: 3.516 (Simulation time: 01 hr 16 min 46 sec)
Heartbeat CPU 1 instructions: 70000005 cycles: 19078769 heartbeat IPC: 3.509 cumulative IPC: 3.515 (Simulation time: 01 hr 16 min 47 sec)
Heartbeat CPU 5 instructions: 80000007 cycles: 21896234 heartbeat IPC: 3.536 cumulative IPC: 3.521 (Simulation time: 01 hr 27 min 33 sec)
Heartbeat CPU 4 instructions: 80000007 cycles: 21896283 heartbeat IPC: 3.536 cumulative IPC: 3.521 (Simulation time: 01 hr 27 min 33 sec)
Heartbeat CPU 0 instructions: 80000012 cycles: 21897091 heartbeat IPC: 3.538 cumulative IPC: 3.522 (Simulation time: 01 hr 27 min 33 sec)
Heartbeat CPU 6 instructions: 80000006 cycles: 21898064 heartbeat IPC: 3.538 cumulative IPC: 3.522 (Simulation time: 01 hr 27 min 34 sec)
Heartbeat CPU 2 instructions: 80000007 cycles: 21899908 heartbeat IPC: 3.535 cumulative IPC: 3.521 (Simulation time: 01 hr 27 min 34 sec)
Heartbeat CPU 3 instructions: 80000007 cycles: 21901714 heartbeat IPC: 3.536 cumulative IPC: 3.522 (Simulation time: 01 hr 27 min 35 sec)
Heartbeat CPU 7 instructions: 80000022 cycles: 21907242 heartbeat IPC: 3.534 cumulative IPC: 3.519 (Simulation time: 01 hr 27 min 36 sec)
Heartbeat CPU 1 instructions: 80000007 cycles: 21910506 heartbeat IPC: 3.531 cumulative IPC: 3.518 (Simulation time: 01 hr 27 min 37 sec)
Heartbeat CPU 0 instructions: 90000013 cycles: 24708559 heartbeat IPC: 3.557 cumulative IPC: 3.528 (Simulation time: 01 hr 38 min 34 sec)
Heartbeat CPU 4 instructions: 90000008 cycles: 24709367 heartbeat IPC: 3.555 cumulative IPC: 3.527 (Simulation time: 01 hr 38 min 35 sec)
Heartbeat CPU 5 instructions: 90000008 cycles: 24709882 heartbeat IPC: 3.554 cumulative IPC: 3.526 (Simulation time: 01 hr 38 min 35 sec)
Heartbeat CPU 6 instructions: 90000008 cycles: 24711143 heartbeat IPC: 3.555 cumulative IPC: 3.527 (Simulation time: 01 hr 38 min 35 sec)
Heartbeat CPU 2 instructions: 90000010 cycles: 24714188 heartbeat IPC: 3.553 cumulative IPC: 3.526 (Simulation time: 01 hr 38 min 36 sec)
Heartbeat CPU 3 instructions: 90000010 cycles: 24714361 heartbeat IPC: 3.555 cumulative IPC: 3.527 (Simulation time: 01 hr 38 min 36 sec)
Heartbeat CPU 7 instructions: 90000026 cycles: 24723164 heartbeat IPC: 3.551 cumulative IPC: 3.524 (Simulation time: 01 hr 38 min 38 sec)
Heartbeat CPU 1 instructions: 90000007 cycles: 24725915 heartbeat IPC: 3.552 cumulative IPC: 3.523 (Simulation time: 01 hr 38 min 38 sec)
Heartbeat CPU 0 instructions: 100000015 cycles: 27556998 heartbeat IPC: 3.511 cumulative IPC: 3.525 (Simulation time: 01 hr 49 min 35 sec)
Heartbeat CPU 4 instructions: 100000010 cycles: 27559884 heartbeat IPC: 3.508 cumulative IPC: 3.524 (Simulation time: 01 hr 49 min 35 sec)
Heartbeat CPU 6 instructions: 100000010 cycles: 27560188 heartbeat IPC: 3.51 cumulative IPC: 3.525 (Simulation time: 01 hr 49 min 35 sec)
Heartbeat CPU 5 instructions: 100000010 cycles: 27560335 heartbeat IPC: 3.508 cumulative IPC: 3.524 (Simulation time: 01 hr 49 min 35 sec)
Heartbeat CPU 3 instructions: 100000010 cycles: 27563782 heartbeat IPC: 3.509 cumulative IPC: 3.524 (Simulation time: 01 hr 49 min 36 sec)
Heartbeat CPU 2 instructions: 100000010 cycles: 27564547 heartbeat IPC: 3.508 cumulative IPC: 3.523 (Simulation time: 01 hr 49 min 36 sec)
Heartbeat CPU 7 instructions: 100000029 cycles: 27576270 heartbeat IPC: 3.505 cumulative IPC: 3.521 (Simulation time: 01 hr 49 min 39 sec)
Heartbeat CPU 1 instructions: 100000010 cycles: 27578682 heartbeat IPC: 3.505 cumulative IPC: 3.521 (Simulation time: 01 hr 49 min 40 sec)
Heartbeat CPU 0 instructions: 110000018 cycles: 30382556 heartbeat IPC: 3.539 cumulative IPC: 3.527 (Simulation time: 02 hr 00 min 31 sec)
Heartbeat CPU 6 instructions: 110000012 cycles: 30387635 heartbeat IPC: 3.537 cumulative IPC: 3.526 (Simulation time: 02 hr 00 min 32 sec)
Heartbeat CPU 4 instructions: 110000012 cycles: 30387838 heartbeat IPC: 3.536 cumulative IPC: 3.525 (Simulation time: 02 hr 00 min 33 sec)
Heartbeat CPU 5 instructions: 110000012 cycles: 30388515 heartbeat IPC: 3.536 cumulative IPC: 3.525 (Simulation time: 02 hr 00 min 33 sec)
Heartbeat CPU 3 instructions: 110000012 cycles: 30390534 heartbeat IPC: 3.538 cumulative IPC: 3.526 (Simulation time: 02 hr 00 min 33 sec)
Heartbeat CPU 2 instructions: 110000012 cycles: 30392218 heartbeat IPC: 3.536 cumulative IPC: 3.525 (Simulation time: 02 hr 00 min 34 sec)
Heartbeat CPU 7 instructions: 110000029 cycles: 30406027 heartbeat IPC: 3.534 cumulative IPC: 3.523 (Simulation time: 02 hr 00 min 37 sec)
Heartbeat CPU 1 instructions: 110000012 cycles: 30408486 heartbeat IPC: 3.534 cumulative IPC: 3.522 (Simulation time: 02 hr 00 min 37 sec)
Heartbeat CPU 0 instructions: 120000022 cycles: 33218940 heartbeat IPC: 3.526 cumulative IPC: 3.527 (Simulation time: 02 hr 11 min 06 sec)
Heartbeat CPU 6 instructions: 120000012 cycles: 33225031 heartbeat IPC: 3.524 cumulative IPC: 3.526 (Simulation time: 02 hr 11 min 07 sec)
Heartbeat CPU 4 instructions: 120000012 cycles: 33225207 heartbeat IPC: 3.524 cumulative IPC: 3.525 (Simulation time: 02 hr 11 min 07 sec)
Heartbeat CPU 5 instructions: 120000013 cycles: 33225949 heartbeat IPC: 3.524 cumulative IPC: 3.525 (Simulation time: 02 hr 11 min 07 sec)
Heartbeat CPU 3 instructions: 120000012 cycles: 33226931 heartbeat IPC: 3.526 cumulative IPC: 3.526 (Simulation time: 02 hr 11 min 07 sec)
Heartbeat CPU 2 instructions: 120000013 cycles: 33229839 heartbeat IPC: 3.524 cumulative IPC: 3.525 (Simulation time: 02 hr 11 min 08 sec)
Heartbeat CPU 7 instructions: 120000033 cycles: 33246725 heartbeat IPC: 3.52 cumulative IPC: 3.523 (Simulation time: 02 hr 11 min 12 sec)
Heartbeat CPU 1 instructions: 120000012 cycles: 33249547 heartbeat IPC: 3.52 cumulative IPC: 3.522 (Simulation time: 02 hr 11 min 13 sec)
Simulation finished CPU 0 instructions: 100000002 cycles: 28363080 cumulative IPC: 3.526 (Simulation time: 02 hr 16 min 24 sec)
Simulation finished CPU 6 instructions: 100000001 cycles: 28368590 cumulative IPC: 3.525 (Simulation time: 02 hr 16 min 26 sec)
Simulation finished CPU 3 instructions: 100000004 cycles: 28370627 cumulative IPC: 3.525 (Simulation time: 02 hr 16 min 26 sec)
Simulation finished CPU 4 instructions: 100000003 cycles: 28374761 cumulative IPC: 3.524 (Simulation time: 02 hr 16 min 27 sec)
Simulation finished CPU 5 instructions: 100000002 cycles: 28376151 cumulative IPC: 3.524 (Simulation time: 02 hr 16 min 27 sec)
Simulation finished CPU 2 instructions: 100000003 cycles: 28380376 cumulative IPC: 3.524 (Simulation time: 02 hr 16 min 28 sec)
Simulation finished CPU 7 instructions: 100000004 cycles: 28398075 cumulative IPC: 3.521 (Simulation time: 02 hr 16 min 32 sec)
Simulation finished CPU 1 instructions: 100000001 cycles: 28401533 cumulative IPC: 3.521 (Simulation time: 02 hr 16 min 33 sec)
Simulation complete CPU 7 instructions: 100012132 cycles: 28401533 cumulative IPC: 3.521 (Simulation time: 02 hr 16 min 33 sec)
Simulation complete CPU 6 instructions: 100114224 cycles: 28401533 cumulative IPC: 3.525 (Simulation time: 02 hr 16 min 33 sec)
Simulation complete CPU 5 instructions: 100088155 cycles: 28401533 cumulative IPC: 3.524 (Simulation time: 02 hr 16 min 33 sec)
Simulation complete CPU 4 instructions: 100092564 cycles: 28401533 cumulative IPC: 3.524 (Simulation time: 02 hr 16 min 33 sec)
Simulation complete CPU 3 instructions: 100107136 cycles: 28401533 cumulative IPC: 3.525 (Simulation time: 02 hr 16 min 33 sec)
Simulation complete CPU 2 instructions: 100073482 cycles: 28401533 cumulative IPC: 3.524 (Simulation time: 02 hr 16 min 33 sec)
Simulation complete CPU 1 instructions: 100000001 cycles: 28401533 cumulative IPC: 3.521 (Simulation time: 02 hr 16 min 33 sec)
Simulation complete CPU 0 instructions: 100133172 cycles: 28401533 cumulative IPC: 3.526 (Simulation time: 02 hr 16 min 33 sec)

ChampSim completed all CPUs

=== Simulation ===
CPU 0 runs ../frost/TRACES/ctf/spec2017/648.exchange2_s-1227B.champsimtrace.xz
CPU 1 runs ../frost/TRACES/ctf/spec2017/648.exchange2_s-1227B.champsimtrace.xz
CPU 2 runs ../frost/TRACES/ctf/spec2017/648.exchange2_s-1227B.champsimtrace.xz
CPU 3 runs ../frost/TRACES/ctf/spec2017/648.exchange2_s-1227B.champsimtrace.xz
CPU 4 runs ../frost/TRACES/ctf/spec2017/648.exchange2_s-1227B.champsimtrace.xz
CPU 5 runs ../frost/TRACES/ctf/spec2017/648.exchange2_s-1227B.champsimtrace.xz
CPU 6 runs ../frost/TRACES/ctf/spec2017/648.exchange2_s-1227B.champsimtrace.xz
CPU 7 runs ../frost/TRACES/ctf/spec2017/648.exchange2_s-1227B.champsimtrace.xz

Total Simulation Statistics (not including warmup)

CPU 7 cumulative IPC: 3.521 instructions: 100012132 cycles: 28401533
CPU 7 Branch Prediction Accuracy: 100% MPKI: 0 Average ROB Occupancy at Mispredict: -
Branch type MPKI
BRANCH_DIRECT_JUMP: 0
BRANCH_INDIRECT: 0
BRANCH_CONDITIONAL: 0
BRANCH_DIRECT_CALL: 0
BRANCH_INDIRECT_CALL: 0
BRANCH_RETURN: 0


CPU 6 cumulative IPC: 3.525 instructions: 100114224 cycles: 28401533
CPU 6 Branch Prediction Accuracy: 100% MPKI: 0 Average ROB Occupancy at Mispredict: -
Branch type MPKI
BRANCH_DIRECT_JUMP: 0
BRANCH_INDIRECT: 0
BRANCH_CONDITIONAL: 0
BRANCH_DIRECT_CALL: 0
BRANCH_INDIRECT_CALL: 0
BRANCH_RETURN: 0


CPU 5 cumulative IPC: 3.524 instructions: 100088155 cycles: 28401533
CPU 5 Branch Prediction Accuracy: 100% MPKI: 0 Average ROB Occupancy at Mispredict: -
Branch type MPKI
BRANCH_DIRECT_JUMP: 0
BRANCH_INDIRECT: 0
BRANCH_CONDITIONAL: 0
BRANCH_DIRECT_CALL: 0
BRANCH_INDIRECT_CALL: 0
BRANCH_RETURN: 0


CPU 4 cumulative IPC: 3.524 instructions: 100092564 cycles: 28401533
CPU 4 Branch Prediction Accuracy: 100% MPKI: 0 Average ROB Occupancy at Mispredict: -
Branch type MPKI
BRANCH_DIRECT_JUMP: 0
BRANCH_INDIRECT: 0
BRANCH_CONDITIONAL: 0
BRANCH_DIRECT_CALL: 0
BRANCH_INDIRECT_CALL: 0
BRANCH_RETURN: 0


CPU 3 cumulative IPC: 3.525 instructions: 100107136 cycles: 28401533
CPU 3 Branch Prediction Accuracy: 100% MPKI: 0 Average ROB Occupancy at Mispredict: -
Branch type MPKI
BRANCH_DIRECT_JUMP: 0
BRANCH_INDIRECT: 0
BRANCH_CONDITIONAL: 0
BRANCH_DIRECT_CALL: 0
BRANCH_INDIRECT_CALL: 0
BRANCH_RETURN: 0


CPU 2 cumulative IPC: 3.524 instructions: 100073482 cycles: 28401533
CPU 2 Branch Prediction Accuracy: 100% MPKI: 0 Average ROB Occupancy at Mispredict: -
Branch type MPKI
BRANCH_DIRECT_JUMP: 0
BRANCH_INDIRECT: 0
BRANCH_CONDITIONAL: 0
BRANCH_DIRECT_CALL: 0
BRANCH_INDIRECT_CALL: 0
BRANCH_RETURN: 0


CPU 1 cumulative IPC: 3.521 instructions: 100000001 cycles: 28401533
CPU 1 Branch Prediction Accuracy: 100% MPKI: 0 Average ROB Occupancy at Mispredict: -
Branch type MPKI
BRANCH_DIRECT_JUMP: 0
BRANCH_INDIRECT: 0
BRANCH_CONDITIONAL: 0
BRANCH_DIRECT_CALL: 0
BRANCH_INDIRECT_CALL: 0
BRANCH_RETURN: 0


CPU 0 cumulative IPC: 3.526 instructions: 100133172 cycles: 28401533
CPU 0 Branch Prediction Accuracy: 100% MPKI: 0 Average ROB Occupancy at Mispredict: -
Branch type MPKI
BRANCH_DIRECT_JUMP: 0
BRANCH_INDIRECT: 0
BRANCH_CONDITIONAL: 0
BRANCH_DIRECT_CALL: 0
BRANCH_INDIRECT_CALL: 0
BRANCH_RETURN: 0

cpu7->cpu7_L2C TOTAL        ACCESS:       6418 HIT:       6409 MISS:          9 MSHR_MERGE:          0
cpu7->cpu7_L2C LOAD         ACCESS:       6418 HIT:       6409 MISS:          9 MSHR_MERGE:          0
cpu7->cpu7_L2C RFO          ACCESS:          0 HIT:          0 MISS:          0 MSHR_MERGE:          0
cpu7->cpu7_L2C PREFETCH     ACCESS:          0 HIT:          0 MISS:          0 MSHR_MERGE:          0
cpu7->cpu7_L2C WRITE        ACCESS:          0 HIT:          0 MISS:          0 MSHR_MERGE:          0
cpu7->cpu7_L2C TRANSLATION  ACCESS:          0 HIT:          0 MISS:          0 MSHR_MERGE:          0
cpu7->cpu7_L2C PREFETCH REQUESTED:          0 ISSUED:          0 USEFUL:          0 USELESS:          0
cpu7->cpu7_L2C AVERAGE MISS LATENCY: 171.1 cycles
cpu7->cpu7_L1I TOTAL        ACCESS:   18351463 HIT:   18337867 MISS:      13596 MSHR_MERGE:       7180
cpu7->cpu7_L1I LOAD         ACCESS:   18351463 HIT:   18337867 MISS:      13596 MSHR_MERGE:       7180
cpu7->cpu7_L1I RFO          ACCESS:          0 HIT:          0 MISS:          0 MSHR_MERGE:          0
cpu7->cpu7_L1I PREFETCH     ACCESS:          0 HIT:          0 MISS:          0 MSHR_MERGE:          0
cpu7->cpu7_L1I WRITE        ACCESS:          0 HIT:          0 MISS:          0 MSHR_MERGE:          0
cpu7->cpu7_L1I TRANSLATION  ACCESS:          0 HIT:          0 MISS:          0 MSHR_MERGE:          0
cpu7->cpu7_L1I PREFETCH REQUESTED:          0 ISSUED:          0 USEFUL:          0 USELESS:          0
cpu7->cpu7_L1I AVERAGE MISS LATENCY: 7.216 cycles
cpu7->cpu7_L1D TOTAL        ACCESS:   27803079 HIT:   27803077 MISS:          2 MSHR_MERGE:          0
cpu7->cpu7_L1D LOAD         ACCESS:   11639981 HIT:   11639979 MISS:          2 MSHR_MERGE:          0
cpu7->cpu7_L1D RFO          ACCESS:          0 HIT:          0 MISS:          0 MSHR_MERGE:          0
cpu7->cpu7_L1D PREFETCH     ACCESS:          0 HIT:          0 MISS:          0 MSHR_MERGE:          0
cpu7->cpu7_L1D WRITE        ACCESS:   16163098 HIT:   16163098 MISS:          0 MSHR_MERGE:          0
cpu7->cpu7_L1D TRANSLATION  ACCESS:          0 HIT:          0 MISS:          0 MSHR_MERGE:          0
cpu7->cpu7_L1D PREFETCH REQUESTED:          0 ISSUED:          0 USEFUL:          0 USELESS:          0
cpu7->cpu7_L1D AVERAGE MISS LATENCY: 180 cycles
cpu7->cpu7_ITLB TOTAL        ACCESS:   15002314 HIT:   15002314 MISS:          0 MSHR_MERGE:          0
cpu7->cpu7_ITLB LOAD         ACCESS:   15002314 HIT:   15002314 MISS:          0 MSHR_MERGE:          0
cpu7->cpu7_ITLB RFO          ACCESS:          0 HIT:          0 MISS:          0 MSHR_MERGE:          0
cpu7->cpu7_ITLB PREFETCH     ACCESS:          0 HIT:          0 MISS:          0 MSHR_MERGE:          0
cpu7->cpu7_ITLB WRITE        ACCESS:          0 HIT:          0 MISS:          0 MSHR_MERGE:          0
cpu7->cpu7_ITLB TRANSLATION  ACCESS:          0 HIT:          0 MISS:          0 MSHR_MERGE:          0
cpu7->cpu7_ITLB PREFETCH REQUESTED:          0 ISSUED:          0 USEFUL:          0 USELESS:          0
cpu7->cpu7_ITLB AVERAGE MISS LATENCY: - cycles
cpu7->cpu7_DTLB TOTAL        ACCESS:   23842900 HIT:   23842900 MISS:          0 MSHR_MERGE:          0
cpu7->cpu7_DTLB LOAD         ACCESS:   23842900 HIT:   23842900 MISS:          0 MSHR_MERGE:          0
cpu7->cpu7_DTLB RFO          ACCESS:          0 HIT:          0 MISS:          0 MSHR_MERGE:          0
cpu7->cpu7_DTLB PREFETCH     ACCESS:          0 HIT:          0 MISS:          0 MSHR_MERGE:          0
cpu7->cpu7_DTLB WRITE        ACCESS:          0 HIT:          0 MISS:          0 MSHR_MERGE:          0
cpu7->cpu7_DTLB TRANSLATION  ACCESS:          0 HIT:          0 MISS:          0 MSHR_MERGE:          0
cpu7->cpu7_DTLB PREFETCH REQUESTED:          0 ISSUED:          0 USEFUL:          0 USELESS:          0
cpu7->cpu7_DTLB AVERAGE MISS LATENCY: - cycles
cpu6->cpu6_L2C TOTAL        ACCESS:       6418 HIT:       6409 MISS:          9 MSHR_MERGE:          0
cpu6->cpu6_L2C LOAD         ACCESS:       6418 HIT:       6409 MISS:          9 MSHR_MERGE:          0
cpu6->cpu6_L2C RFO          ACCESS:          0 HIT:          0 MISS:          0 MSHR_MERGE:          0
cpu6->cpu6_L2C PREFETCH     ACCESS:          0 HIT:          0 MISS:          0 MSHR_MERGE:          0
cpu6->cpu6_L2C WRITE        ACCESS:          0 HIT:          0 MISS:          0 MSHR_MERGE:          0
cpu6->cpu6_L2C TRANSLATION  ACCESS:          0 HIT:          0 MISS:          0 MSHR_MERGE:          0
cpu6->cpu6_L2C PREFETCH REQUESTED:          0 ISSUED:          0 USEFUL:          0 USELESS:          0
cpu6->cpu6_L2C AVERAGE MISS LATENCY: 171.1 cycles
cpu6->cpu6_L1I TOTAL        ACCESS:   18360602 HIT:   18346979 MISS:      13623 MSHR_MERGE:       7207
cpu6->cpu6_L1I LOAD         ACCESS:   18360602 HIT:   18346979 MISS:      13623 MSHR_MERGE:       7207
cpu6->cpu6_L1I RFO          ACCESS:          0 HIT:          0 MISS:          0 MSHR_MERGE:          0
cpu6->cpu6_L1I PREFETCH     ACCESS:          0 HIT:          0 MISS:          0 MSHR_MERGE:          0
cpu6->cpu6_L1I WRITE        ACCESS:          0 HIT:          0 MISS:          0 MSHR_MERGE:          0
cpu6->cpu6_L1I TRANSLATION  ACCESS:          0 HIT:          0 MISS:          0 MSHR_MERGE:          0
cpu6->cpu6_L1I PREFETCH REQUESTED:          0 ISSUED:          0 USEFUL:          0 USELESS:          0
cpu6->cpu6_L1I AVERAGE MISS LATENCY: 7.219 cycles
cpu6->cpu6_L1D TOTAL        ACCESS:   27844721 HIT:   27844719 MISS:          2 MSHR_MERGE:          0
cpu6->cpu6_L1D LOAD         ACCESS:   11655976 HIT:   11655974 MISS:          2 MSHR_MERGE:          0
cpu6->cpu6_L1D RFO          ACCESS:          0 HIT:          0 MISS:          0 MSHR_MERGE:          0
cpu6->cpu6_L1D PREFETCH     ACCESS:          0 HIT:          0 MISS:          0 MSHR_MERGE:          0
cpu6->cpu6_L1D WRITE        ACCESS:   16188745 HIT:   16188745 MISS:          0 MSHR_MERGE:          0
cpu6->cpu6_L1D TRANSLATION  ACCESS:          0 HIT:          0 MISS:          0 MSHR_MERGE:          0
cpu6->cpu6_L1D PREFETCH REQUESTED:          0 ISSUED:          0 USEFUL:          0 USELESS:          0
cpu6->cpu6_L1D AVERAGE MISS LATENCY: 180.5 cycles
cpu6->cpu6_ITLB TOTAL        ACCESS:   15012388 HIT:   15012388 MISS:          0 MSHR_MERGE:          0
cpu6->cpu6_ITLB LOAD         ACCESS:   15012388 HIT:   15012388 MISS:          0 MSHR_MERGE:          0
cpu6->cpu6_ITLB RFO          ACCESS:          0 HIT:          0 MISS:          0 MSHR_MERGE:          0
cpu6->cpu6_ITLB PREFETCH     ACCESS:          0 HIT:          0 MISS:          0 MSHR_MERGE:          0
cpu6->cpu6_ITLB WRITE        ACCESS:          0 HIT:          0 MISS:          0 MSHR_MERGE:          0
cpu6->cpu6_ITLB TRANSLATION  ACCESS:          0 HIT:          0 MISS:          0 MSHR_MERGE:          0
cpu6->cpu6_ITLB PREFETCH REQUESTED:          0 ISSUED:          0 USEFUL:          0 USELESS:          0
cpu6->cpu6_ITLB AVERAGE MISS LATENCY: - cycles
cpu6->cpu6_DTLB TOTAL        ACCESS:   23917572 HIT:   23917572 MISS:          0 MSHR_MERGE:          0
cpu6->cpu6_DTLB LOAD         ACCESS:   23917572 HIT:   23917572 MISS:          0 MSHR_MERGE:          0
cpu6->cpu6_DTLB RFO          ACCESS:          0 HIT:          0 MISS:          0 MSHR_MERGE:          0
cpu6->cpu6_DTLB PREFETCH     ACCESS:          0 HIT:          0 MISS:          0 MSHR_MERGE:          0
cpu6->cpu6_DTLB WRITE        ACCESS:          0 HIT:          0 MISS:          0 MSHR_MERGE:          0
cpu6->cpu6_DTLB TRANSLATION  ACCESS:          0 HIT:          0 MISS:          0 MSHR_MERGE:          0
cpu6->cpu6_DTLB PREFETCH REQUESTED:          0 ISSUED:          0 USEFUL:          0 USELESS:          0
cpu6->cpu6_DTLB AVERAGE MISS LATENCY: - cycles
cpu5->cpu5_L2C TOTAL        ACCESS:       6418 HIT:       6409 MISS:          9 MSHR_MERGE:          0
cpu5->cpu5_L2C LOAD         ACCESS:       6418 HIT:       6409 MISS:          9 MSHR_MERGE:          0
cpu5->cpu5_L2C RFO          ACCESS:          0 HIT:          0 MISS:          0 MSHR_MERGE:          0
cpu5->cpu5_L2C PREFETCH     ACCESS:          0 HIT:          0 MISS:          0 MSHR_MERGE:          0
cpu5->cpu5_L2C WRITE        ACCESS:          0 HIT:          0 MISS:          0 MSHR_MERGE:          0
cpu5->cpu5_L2C TRANSLATION  ACCESS:          0 HIT:          0 MISS:          0 MSHR_MERGE:          0
cpu5->cpu5_L2C PREFETCH REQUESTED:          0 ISSUED:          0 USEFUL:          0 USELESS:          0
cpu5->cpu5_L2C AVERAGE MISS LATENCY: 187.2 cycles
cpu5->cpu5_L1I TOTAL        ACCESS:   18363521 HIT:   18349953 MISS:      13568 MSHR_MERGE:       7152
cpu5->cpu5_L1I LOAD         ACCESS:   18363521 HIT:   18349953 MISS:      13568 MSHR_MERGE:       7152
cpu5->cpu5_L1I RFO          ACCESS:          0 HIT:          0 MISS:          0 MSHR_MERGE:          0
cpu5->cpu5_L1I PREFETCH     ACCESS:          0 HIT:          0 MISS:          0 MSHR_MERGE:          0
cpu5->cpu5_L1I WRITE        ACCESS:          0 HIT:          0 MISS:          0 MSHR_MERGE:          0
cpu5->cpu5_L1I TRANSLATION  ACCESS:          0 HIT:          0 MISS:          0 MSHR_MERGE:          0
cpu5->cpu5_L1I PREFETCH REQUESTED:          0 ISSUED:          0 USEFUL:          0 USELESS:          0
cpu5->cpu5_L1I AVERAGE MISS LATENCY: 7.237 cycles
cpu5->cpu5_L1D TOTAL        ACCESS:   27841000 HIT:   27840998 MISS:          2 MSHR_MERGE:          0
cpu5->cpu5_L1D LOAD         ACCESS:   11656328 HIT:   11656326 MISS:          2 MSHR_MERGE:          0
cpu5->cpu5_L1D RFO          ACCESS:          0 HIT:          0 MISS:          0 MSHR_MERGE:          0
cpu5->cpu5_L1D PREFETCH     ACCESS:          0 HIT:          0 MISS:          0 MSHR_MERGE:          0
cpu5->cpu5_L1D WRITE        ACCESS:   16184672 HIT:   16184672 MISS:          0 MSHR_MERGE:          0
cpu5->cpu5_L1D TRANSLATION  ACCESS:          0 HIT:          0 MISS:          0 MSHR_MERGE:          0
cpu5->cpu5_L1D PREFETCH REQUESTED:          0 ISSUED:          0 USEFUL:          0 USELESS:          0
cpu5->cpu5_L1D AVERAGE MISS LATENCY: 180.5 cycles
cpu5->cpu5_ITLB TOTAL        ACCESS:   15011956 HIT:   15011956 MISS:          0 MSHR_MERGE:          0
cpu5->cpu5_ITLB LOAD         ACCESS:   15011956 HIT:   15011956 MISS:          0 MSHR_MERGE:          0
cpu5->cpu5_ITLB RFO          ACCESS:          0 HIT:          0 MISS:          0 MSHR_MERGE:          0
cpu5->cpu5_ITLB PREFETCH     ACCESS:          0 HIT:          0 MISS:          0 MSHR_MERGE:          0
cpu5->cpu5_ITLB WRITE        ACCESS:          0 HIT:          0 MISS:          0 MSHR_MERGE:          0
cpu5->cpu5_ITLB TRANSLATION  ACCESS:          0 HIT:          0 MISS:          0 MSHR_MERGE:          0
cpu5->cpu5_ITLB PREFETCH REQUESTED:          0 ISSUED:          0 USEFUL:          0 USELESS:          0
cpu5->cpu5_ITLB AVERAGE MISS LATENCY: - cycles
cpu5->cpu5_DTLB TOTAL        ACCESS:   23859467 HIT:   23859467 MISS:          0 MSHR_MERGE:          0
cpu5->cpu5_DTLB LOAD         ACCESS:   23859467 HIT:   23859467 MISS:          0 MSHR_MERGE:          0
cpu5->cpu5_DTLB RFO          ACCESS:          0 HIT:          0 MISS:          0 MSHR_MERGE:          0
cpu5->cpu5_DTLB PREFETCH     ACCESS:          0 HIT:          0 MISS:          0 MSHR_MERGE:          0
cpu5->cpu5_DTLB WRITE        ACCESS:          0 HIT:          0 MISS:          0 MSHR_MERGE:          0
cpu5->cpu5_DTLB TRANSLATION  ACCESS:          0 HIT:          0 MISS:          0 MSHR_MERGE:          0
cpu5->cpu5_DTLB PREFETCH REQUESTED:          0 ISSUED:          0 USEFUL:          0 USELESS:          0
cpu5->cpu5_DTLB AVERAGE MISS LATENCY: - cycles
cpu4->cpu4_L2C TOTAL        ACCESS:       6418 HIT:       6409 MISS:          9 MSHR_MERGE:          0
cpu4->cpu4_L2C LOAD         ACCESS:       6418 HIT:       6409 MISS:          9 MSHR_MERGE:          0
cpu4->cpu4_L2C RFO          ACCESS:          0 HIT:          0 MISS:          0 MSHR_MERGE:          0
cpu4->cpu4_L2C PREFETCH     ACCESS:          0 HIT:          0 MISS:          0 MSHR_MERGE:          0
cpu4->cpu4_L2C WRITE        ACCESS:          0 HIT:          0 MISS:          0 MSHR_MERGE:          0
cpu4->cpu4_L2C TRANSLATION  ACCESS:          0 HIT:          0 MISS:          0 MSHR_MERGE:          0
cpu4->cpu4_L2C PREFETCH REQUESTED:          0 ISSUED:          0 USEFUL:          0 USELESS:          0
cpu4->cpu4_L2C AVERAGE MISS LATENCY: 171.3 cycles
cpu4->cpu4_L1I TOTAL        ACCESS:   18363431 HIT:   18349870 MISS:      13561 MSHR_MERGE:       7145
cpu4->cpu4_L1I LOAD         ACCESS:   18363431 HIT:   18349870 MISS:      13561 MSHR_MERGE:       7145
cpu4->cpu4_L1I RFO          ACCESS:          0 HIT:          0 MISS:          0 MSHR_MERGE:          0
cpu4->cpu4_L1I PREFETCH     ACCESS:          0 HIT:          0 MISS:          0 MSHR_MERGE:          0
cpu4->cpu4_L1I WRITE        ACCESS:          0 HIT:          0 MISS:          0 MSHR_MERGE:          0
cpu4->cpu4_L1I TRANSLATION  ACCESS:          0 HIT:          0 MISS:          0 MSHR_MERGE:          0
cpu4->cpu4_L1I PREFETCH REQUESTED:          0 ISSUED:          0 USEFUL:          0 USELESS:          0
cpu4->cpu4_L1I AVERAGE MISS LATENCY: 7.214 cycles
cpu4->cpu4_L1D TOTAL        ACCESS:   27839718 HIT:   27839716 MISS:          2 MSHR_MERGE:          0
cpu4->cpu4_L1D LOAD         ACCESS:   11655200 HIT:   11655198 MISS:          2 MSHR_MERGE:          0
cpu4->cpu4_L1D RFO          ACCESS:          0 HIT:          0 MISS:          0 MSHR_MERGE:          0
cpu4->cpu4_L1D PREFETCH     ACCESS:          0 HIT:          0 MISS:          0 MSHR_MERGE:          0
cpu4->cpu4_L1D WRITE        ACCESS:   16184518 HIT:   16184518 MISS:          0 MSHR_MERGE:          0
cpu4->cpu4_L1D TRANSLATION  ACCESS:          0 HIT:          0 MISS:          0 MSHR_MERGE:          0
cpu4->cpu4_L1D PREFETCH REQUESTED:          0 ISSUED:          0 USEFUL:          0 USELESS:          0
cpu4->cpu4_L1D AVERAGE MISS LATENCY: 180.5 cycles
cpu4->cpu4_ITLB TOTAL        ACCESS:   15012232 HIT:   15012232 MISS:          0 MSHR_MERGE:          0
cpu4->cpu4_ITLB LOAD         ACCESS:   15012232 HIT:   15012232 MISS:          0 MSHR_MERGE:          0
cpu4->cpu4_ITLB RFO          ACCESS:          0 HIT:          0 MISS:          0 MSHR_MERGE:          0
cpu4->cpu4_ITLB PREFETCH     ACCESS:          0 HIT:          0 MISS:          0 MSHR_MERGE:          0
cpu4->cpu4_ITLB WRITE        ACCESS:          0 HIT:          0 MISS:          0 MSHR_MERGE:          0
cpu4->cpu4_ITLB TRANSLATION  ACCESS:          0 HIT:          0 MISS:          0 MSHR_MERGE:          0
cpu4->cpu4_ITLB PREFETCH REQUESTED:          0 ISSUED:          0 USEFUL:          0 USELESS:          0
cpu4->cpu4_ITLB AVERAGE MISS LATENCY: - cycles
cpu4->cpu4_DTLB TOTAL        ACCESS:   23859067 HIT:   23859067 MISS:          0 MSHR_MERGE:          0
cpu4->cpu4_DTLB LOAD         ACCESS:   23859067 HIT:   23859067 MISS:          0 MSHR_MERGE:          0
cpu4->cpu4_DTLB RFO          ACCESS:          0 HIT:          0 MISS:          0 MSHR_MERGE:          0
cpu4->cpu4_DTLB PREFETCH     ACCESS:          0 HIT:          0 MISS:          0 MSHR_MERGE:          0
cpu4->cpu4_DTLB WRITE        ACCESS:          0 HIT:          0 MISS:          0 MSHR_MERGE:          0
cpu4->cpu4_DTLB TRANSLATION  ACCESS:          0 HIT:          0 MISS:          0 MSHR_MERGE:          0
cpu4->cpu4_DTLB PREFETCH REQUESTED:          0 ISSUED:          0 USEFUL:          0 USELESS:          0
cpu4->cpu4_DTLB AVERAGE MISS LATENCY: - cycles
cpu3->cpu3_L2C TOTAL        ACCESS:       6418 HIT:       6409 MISS:          9 MSHR_MERGE:          0
cpu3->cpu3_L2C LOAD         ACCESS:       6418 HIT:       6409 MISS:          9 MSHR_MERGE:          0
cpu3->cpu3_L2C RFO          ACCESS:          0 HIT:          0 MISS:          0 MSHR_MERGE:          0
cpu3->cpu3_L2C PREFETCH     ACCESS:          0 HIT:          0 MISS:          0 MSHR_MERGE:          0
cpu3->cpu3_L2C WRITE        ACCESS:          0 HIT:          0 MISS:          0 MSHR_MERGE:          0
cpu3->cpu3_L2C TRANSLATION  ACCESS:          0 HIT:          0 MISS:          0 MSHR_MERGE:          0
cpu3->cpu3_L2C PREFETCH REQUESTED:          0 ISSUED:          0 USEFUL:          0 USELESS:          0
cpu3->cpu3_L2C AVERAGE MISS LATENCY: 172.2 cycles
cpu3->cpu3_L1I TOTAL        ACCESS:   18366946 HIT:   18353384 MISS:      13562 MSHR_MERGE:       7146
cpu3->cpu3_L1I LOAD         ACCESS:   18366946 HIT:   18353384 MISS:      13562 MSHR_MERGE:       7146
cpu3->cpu3_L1I RFO          ACCESS:          0 HIT:          0 MISS:          0 MSHR_MERGE:          0
cpu3->cpu3_L1I PREFETCH     ACCESS:          0 HIT:          0 MISS:          0 MSHR_MERGE:          0
cpu3->cpu3_L1I WRITE        ACCESS:          0 HIT:          0 MISS:          0 MSHR_MERGE:          0
cpu3->cpu3_L1I TRANSLATION  ACCESS:          0 HIT:          0 MISS:          0 MSHR_MERGE:          0
cpu3->cpu3_L1I PREFETCH REQUESTED:          0 ISSUED:          0 USEFUL:          0 USELESS:          0
cpu3->cpu3_L1I AVERAGE MISS LATENCY: 7.215 cycles
cpu3->cpu3_L1D TOTAL        ACCESS:   27849108 HIT:   27849106 MISS:          2 MSHR_MERGE:          0
cpu3->cpu3_L1D LOAD         ACCESS:   11662905 HIT:   11662903 MISS:          2 MSHR_MERGE:          0
cpu3->cpu3_L1D RFO          ACCESS:          0 HIT:          0 MISS:          0 MSHR_MERGE:          0
cpu3->cpu3_L1D PREFETCH     ACCESS:          0 HIT:          0 MISS:          0 MSHR_MERGE:          0
cpu3->cpu3_L1D WRITE        ACCESS:   16186203 HIT:   16186203 MISS:          0 MSHR_MERGE:          0
cpu3->cpu3_L1D TRANSLATION  ACCESS:          0 HIT:          0 MISS:          0 MSHR_MERGE:          0
cpu3->cpu3_L1D PREFETCH REQUESTED:          0 ISSUED:          0 USEFUL:          0 USELESS:          0
cpu3->cpu3_L1D AVERAGE MISS LATENCY: 184 cycles
cpu3->cpu3_ITLB TOTAL        ACCESS:   15032794 HIT:   15032794 MISS:          0 MSHR_MERGE:          0
cpu3->cpu3_ITLB LOAD         ACCESS:   15032794 HIT:   15032794 MISS:          0 MSHR_MERGE:          0
cpu3->cpu3_ITLB RFO          ACCESS:          0 HIT:          0 MISS:          0 MSHR_MERGE:          0
cpu3->cpu3_ITLB PREFETCH     ACCESS:          0 HIT:          0 MISS:          0 MSHR_MERGE:          0
cpu3->cpu3_ITLB WRITE        ACCESS:          0 HIT:          0 MISS:          0 MSHR_MERGE:          0
cpu3->cpu3_ITLB TRANSLATION  ACCESS:          0 HIT:          0 MISS:          0 MSHR_MERGE:          0
cpu3->cpu3_ITLB PREFETCH REQUESTED:          0 ISSUED:          0 USEFUL:          0 USELESS:          0
cpu3->cpu3_ITLB AVERAGE MISS LATENCY: - cycles
cpu3->cpu3_DTLB TOTAL        ACCESS:   23931339 HIT:   23931339 MISS:          0 MSHR_MERGE:          0
cpu3->cpu3_DTLB LOAD         ACCESS:   23931339 HIT:   23931339 MISS:          0 MSHR_MERGE:          0
cpu3->cpu3_DTLB RFO          ACCESS:          0 HIT:          0 MISS:          0 MSHR_MERGE:          0
cpu3->cpu3_DTLB PREFETCH     ACCESS:          0 HIT:          0 MISS:          0 MSHR_MERGE:          0
cpu3->cpu3_DTLB WRITE        ACCESS:          0 HIT:          0 MISS:          0 MSHR_MERGE:          0
cpu3->cpu3_DTLB TRANSLATION  ACCESS:          0 HIT:          0 MISS:          0 MSHR_MERGE:          0
cpu3->cpu3_DTLB PREFETCH REQUESTED:          0 ISSUED:          0 USEFUL:          0 USELESS:          0
cpu3->cpu3_DTLB AVERAGE MISS LATENCY: - cycles
cpu2->cpu2_L2C TOTAL        ACCESS:       6418 HIT:       6409 MISS:          9 MSHR_MERGE:          0
cpu2->cpu2_L2C LOAD         ACCESS:       6418 HIT:       6409 MISS:          9 MSHR_MERGE:          0
cpu2->cpu2_L2C RFO          ACCESS:          0 HIT:          0 MISS:          0 MSHR_MERGE:          0
cpu2->cpu2_L2C PREFETCH     ACCESS:          0 HIT:          0 MISS:          0 MSHR_MERGE:          0
cpu2->cpu2_L2C WRITE        ACCESS:          0 HIT:          0 MISS:          0 MSHR_MERGE:          0
cpu2->cpu2_L2C TRANSLATION  ACCESS:          0 HIT:          0 MISS:          0 MSHR_MERGE:          0
cpu2->cpu2_L2C PREFETCH REQUESTED:          0 ISSUED:          0 USEFUL:          0 USELESS:          0
cpu2->cpu2_L2C AVERAGE MISS LATENCY: 170.8 cycles
cpu2->cpu2_L1I TOTAL        ACCESS:   18359767 HIT:   18346137 MISS:      13630 MSHR_MERGE:       7214
cpu2->cpu2_L1I LOAD         ACCESS:   18359767 HIT:   18346137 MISS:      13630 MSHR_MERGE:       7214
cpu2->cpu2_L1I RFO          ACCESS:          0 HIT:          0 MISS:          0 MSHR_MERGE:          0
cpu2->cpu2_L1I PREFETCH     ACCESS:          0 HIT:          0 MISS:          0 MSHR_MERGE:          0
cpu2->cpu2_L1I WRITE        ACCESS:          0 HIT:          0 MISS:          0 MSHR_MERGE:          0
cpu2->cpu2_L1I TRANSLATION  ACCESS:          0 HIT:          0 MISS:          0 MSHR_MERGE:          0
cpu2->cpu2_L1I PREFETCH REQUESTED:          0 ISSUED:          0 USEFUL:          0 USELESS:          0
cpu2->cpu2_L1I AVERAGE MISS LATENCY: 7.215 cycles
cpu2->cpu2_L1D TOTAL        ACCESS:   27831421 HIT:   27831419 MISS:          2 MSHR_MERGE:          0
cpu2->cpu2_L1D LOAD         ACCESS:   11653066 HIT:   11653064 MISS:          2 MSHR_MERGE:          0
cpu2->cpu2_L1D RFO          ACCESS:          0 HIT:          0 MISS:          0 MSHR_MERGE:          0
cpu2->cpu2_L1D PREFETCH     ACCESS:          0 HIT:          0 MISS:          0 MSHR_MERGE:          0
cpu2->cpu2_L1D WRITE        ACCESS:   16178355 HIT:   16178355 MISS:          0 MSHR_MERGE:          0
cpu2->cpu2_L1D TRANSLATION  ACCESS:          0 HIT:          0 MISS:          0 MSHR_MERGE:          0
cpu2->cpu2_L1D PREFETCH REQUESTED:          0 ISSUED:          0 USEFUL:          0 USELESS:          0
cpu2->cpu2_L1D AVERAGE MISS LATENCY: 180 cycles
cpu2->cpu2_ITLB TOTAL        ACCESS:   15012224 HIT:   15012224 MISS:          0 MSHR_MERGE:          0
cpu2->cpu2_ITLB LOAD         ACCESS:   15012224 HIT:   15012224 MISS:          0 MSHR_MERGE:          0
cpu2->cpu2_ITLB RFO          ACCESS:          0 HIT:          0 MISS:          0 MSHR_MERGE:          0
cpu2->cpu2_ITLB PREFETCH     ACCESS:          0 HIT:          0 MISS:          0 MSHR_MERGE:          0
cpu2->cpu2_ITLB WRITE        ACCESS:          0 HIT:          0 MISS:          0 MSHR_MERGE:          0
cpu2->cpu2_ITLB TRANSLATION  ACCESS:          0 HIT:          0 MISS:          0 MSHR_MERGE:          0
cpu2->cpu2_ITLB PREFETCH REQUESTED:          0 ISSUED:          0 USEFUL:          0 USELESS:          0
cpu2->cpu2_ITLB AVERAGE MISS LATENCY: - cycles
cpu2->cpu2_DTLB TOTAL        ACCESS:   23853456 HIT:   23853456 MISS:          0 MSHR_MERGE:          0
cpu2->cpu2_DTLB LOAD         ACCESS:   23853456 HIT:   23853456 MISS:          0 MSHR_MERGE:          0
cpu2->cpu2_DTLB RFO          ACCESS:          0 HIT:          0 MISS:          0 MSHR_MERGE:          0
cpu2->cpu2_DTLB PREFETCH     ACCESS:          0 HIT:          0 MISS:          0 MSHR_MERGE:          0
cpu2->cpu2_DTLB WRITE        ACCESS:          0 HIT:          0 MISS:          0 MSHR_MERGE:          0
cpu2->cpu2_DTLB TRANSLATION  ACCESS:          0 HIT:          0 MISS:          0 MSHR_MERGE:          0
cpu2->cpu2_DTLB PREFETCH REQUESTED:          0 ISSUED:          0 USEFUL:          0 USELESS:          0
cpu2->cpu2_DTLB AVERAGE MISS LATENCY: - cycles
cpu1->cpu1_L2C TOTAL        ACCESS:       6418 HIT:       6409 MISS:          9 MSHR_MERGE:          0
cpu1->cpu1_L2C LOAD         ACCESS:       6418 HIT:       6409 MISS:          9 MSHR_MERGE:          0
cpu1->cpu1_L2C RFO          ACCESS:          0 HIT:          0 MISS:          0 MSHR_MERGE:          0
cpu1->cpu1_L2C PREFETCH     ACCESS:          0 HIT:          0 MISS:          0 MSHR_MERGE:          0
cpu1->cpu1_L2C WRITE        ACCESS:          0 HIT:          0 MISS:          0 MSHR_MERGE:          0
cpu1->cpu1_L2C TRANSLATION  ACCESS:          0 HIT:          0 MISS:          0 MSHR_MERGE:          0
cpu1->cpu1_L2C PREFETCH REQUESTED:          0 ISSUED:          0 USEFUL:          0 USELESS:          0
cpu1->cpu1_L2C AVERAGE MISS LATENCY: 171 cycles
cpu1->cpu1_L1I TOTAL        ACCESS:   18351956 HIT:   18338357 MISS:      13599 MSHR_MERGE:       7183
cpu1->cpu1_L1I LOAD         ACCESS:   18351956 HIT:   18338357 MISS:      13599 MSHR_MERGE:       7183
cpu1->cpu1_L1I RFO          ACCESS:          0 HIT:          0 MISS:          0 MSHR_MERGE:          0
cpu1->cpu1_L1I PREFETCH     ACCESS:          0 HIT:          0 MISS:          0 MSHR_MERGE:          0
cpu1->cpu1_L1I WRITE        ACCESS:          0 HIT:          0 MISS:          0 MSHR_MERGE:          0
cpu1->cpu1_L1I TRANSLATION  ACCESS:          0 HIT:          0 MISS:          0 MSHR_MERGE:          0
cpu1->cpu1_L1I PREFETCH REQUESTED:          0 ISSUED:          0 USEFUL:          0 USELESS:          0
cpu1->cpu1_L1I AVERAGE MISS LATENCY: 7.215 cycles
cpu1->cpu1_L1D TOTAL        ACCESS:   27797400 HIT:   27797398 MISS:          2 MSHR_MERGE:          0
cpu1->cpu1_L1D LOAD         ACCESS:   11633330 HIT:   11633328 MISS:          2 MSHR_MERGE:          0
cpu1->cpu1_L1D RFO          ACCESS:          0 HIT:          0 MISS:          0 MSHR_MERGE:          0
cpu1->cpu1_L1D PREFETCH     ACCESS:          0 HIT:          0 MISS:          0 MSHR_MERGE:          0
cpu1->cpu1_L1D WRITE        ACCESS:   16164070 HIT:   16164070 MISS:          0 MSHR_MERGE:          0
cpu1->cpu1_L1D TRANSLATION  ACCESS:          0 HIT:          0 MISS:          0 MSHR_MERGE:          0
cpu1->cpu1_L1D PREFETCH REQUESTED:          0 ISSUED:          0 USEFUL:          0 USELESS:          0
cpu1->cpu1_L1D AVERAGE MISS LATENCY: 179.5 cycles
cpu1->cpu1_ITLB TOTAL        ACCESS:   15022012 HIT:   15022012 MISS:          0 MSHR_MERGE:          0
cpu1->cpu1_ITLB LOAD         ACCESS:   15022012 HIT:   15022012 MISS:          0 MSHR_MERGE:          0
cpu1->cpu1_ITLB RFO          ACCESS:          0 HIT:          0 MISS:          0 MSHR_MERGE:          0
cpu1->cpu1_ITLB PREFETCH     ACCESS:          0 HIT:          0 MISS:          0 MSHR_MERGE:          0
cpu1->cpu1_ITLB WRITE        ACCESS:          0 HIT:          0 MISS:          0 MSHR_MERGE:          0
cpu1->cpu1_ITLB TRANSLATION  ACCESS:          0 HIT:          0 MISS:          0 MSHR_MERGE:          0
cpu1->cpu1_ITLB PREFETCH REQUESTED:          0 ISSUED:          0 USEFUL:          0 USELESS:          0
cpu1->cpu1_ITLB AVERAGE MISS LATENCY: - cycles
cpu1->cpu1_DTLB TOTAL        ACCESS:   23836204 HIT:   23836204 MISS:          0 MSHR_MERGE:          0
cpu1->cpu1_DTLB LOAD         ACCESS:   23836204 HIT:   23836204 MISS:          0 MSHR_MERGE:          0
cpu1->cpu1_DTLB RFO          ACCESS:          0 HIT:          0 MISS:          0 MSHR_MERGE:          0
cpu1->cpu1_DTLB PREFETCH     ACCESS:          0 HIT:          0 MISS:          0 MSHR_MERGE:          0
cpu1->cpu1_DTLB WRITE        ACCESS:          0 HIT:          0 MISS:          0 MSHR_MERGE:          0
cpu1->cpu1_DTLB TRANSLATION  ACCESS:          0 HIT:          0 MISS:          0 MSHR_MERGE:          0
cpu1->cpu1_DTLB PREFETCH REQUESTED:          0 ISSUED:          0 USEFUL:          0 USELESS:          0
cpu1->cpu1_DTLB AVERAGE MISS LATENCY: - cycles
cpu0->cpu0_L2C TOTAL        ACCESS:       6418 HIT:       6409 MISS:          9 MSHR_MERGE:          0
cpu0->cpu0_L2C LOAD         ACCESS:       6418 HIT:       6409 MISS:          9 MSHR_MERGE:          0
cpu0->cpu0_L2C RFO          ACCESS:          0 HIT:          0 MISS:          0 MSHR_MERGE:          0
cpu0->cpu0_L2C PREFETCH     ACCESS:          0 HIT:          0 MISS:          0 MSHR_MERGE:          0
cpu0->cpu0_L2C WRITE        ACCESS:          0 HIT:          0 MISS:          0 MSHR_MERGE:          0
cpu0->cpu0_L2C TRANSLATION  ACCESS:          0 HIT:          0 MISS:          0 MSHR_MERGE:          0
cpu0->cpu0_L2C PREFETCH REQUESTED:          0 ISSUED:          0 USEFUL:          0 USELESS:          0
cpu0->cpu0_L2C AVERAGE MISS LATENCY: 171 cycles
cpu0->cpu0_L1I TOTAL        ACCESS:   18369984 HIT:   18356406 MISS:      13578 MSHR_MERGE:       7162
cpu0->cpu0_L1I LOAD         ACCESS:   18369984 HIT:   18356406 MISS:      13578 MSHR_MERGE:       7162
cpu0->cpu0_L1I RFO          ACCESS:          0 HIT:          0 MISS:          0 MSHR_MERGE:          0
cpu0->cpu0_L1I PREFETCH     ACCESS:          0 HIT:          0 MISS:          0 MSHR_MERGE:          0
cpu0->cpu0_L1I WRITE        ACCESS:          0 HIT:          0 MISS:          0 MSHR_MERGE:          0
cpu0->cpu0_L1I TRANSLATION  ACCESS:          0 HIT:          0 MISS:          0 MSHR_MERGE:          0
cpu0->cpu0_L1I PREFETCH REQUESTED:          0 ISSUED:          0 USEFUL:          0 USELESS:          0
cpu0->cpu0_L1I AVERAGE MISS LATENCY: 7.215 cycles
cpu0->cpu0_L1D TOTAL        ACCESS:   27857502 HIT:   27857500 MISS:          2 MSHR_MERGE:          0
cpu0->cpu0_L1D LOAD         ACCESS:   11664442 HIT:   11664440 MISS:          2 MSHR_MERGE:          0
cpu0->cpu0_L1D RFO          ACCESS:          0 HIT:          0 MISS:          0 MSHR_MERGE:          0
cpu0->cpu0_L1D PREFETCH     ACCESS:          0 HIT:          0 MISS:          0 MSHR_MERGE:          0
cpu0->cpu0_L1D WRITE        ACCESS:   16193060 HIT:   16193060 MISS:          0 MSHR_MERGE:          0
cpu0->cpu0_L1D TRANSLATION  ACCESS:          0 HIT:          0 MISS:          0 MSHR_MERGE:          0
cpu0->cpu0_L1D PREFETCH REQUESTED:          0 ISSUED:          0 USEFUL:          0 USELESS:          0
cpu0->cpu0_L1D AVERAGE MISS LATENCY: 180 cycles
cpu0->cpu0_ITLB TOTAL        ACCESS:   15035820 HIT:   15035820 MISS:          0 MSHR_MERGE:          0
cpu0->cpu0_ITLB LOAD         ACCESS:   15035820 HIT:   15035820 MISS:          0 MSHR_MERGE:          0
cpu0->cpu0_ITLB RFO          ACCESS:          0 HIT:          0 MISS:          0 MSHR_MERGE:          0
cpu0->cpu0_ITLB PREFETCH     ACCESS:          0 HIT:          0 MISS:          0 MSHR_MERGE:          0
cpu0->cpu0_ITLB WRITE        ACCESS:          0 HIT:          0 MISS:          0 MSHR_MERGE:          0
cpu0->cpu0_ITLB TRANSLATION  ACCESS:          0 HIT:          0 MISS:          0 MSHR_MERGE:          0
cpu0->cpu0_ITLB PREFETCH REQUESTED:          0 ISSUED:          0 USEFUL:          0 USELESS:          0
cpu0->cpu0_ITLB AVERAGE MISS LATENCY: - cycles
cpu0->cpu0_DTLB TOTAL        ACCESS:   23935600 HIT:   23935600 MISS:          0 MSHR_MERGE:          0
cpu0->cpu0_DTLB LOAD         ACCESS:   23935600 HIT:   23935600 MISS:          0 MSHR_MERGE:          0
cpu0->cpu0_DTLB RFO          ACCESS:          0 HIT:          0 MISS:          0 MSHR_MERGE:          0
cpu0->cpu0_DTLB PREFETCH     ACCESS:          0 HIT:          0 MISS:          0 MSHR_MERGE:          0
cpu0->cpu0_DTLB WRITE        ACCESS:          0 HIT:          0 MISS:          0 MSHR_MERGE:          0
cpu0->cpu0_DTLB TRANSLATION  ACCESS:          0 HIT:          0 MISS:          0 MSHR_MERGE:          0
cpu0->cpu0_DTLB PREFETCH REQUESTED:          0 ISSUED:          0 USEFUL:          0 USELESS:          0
cpu0->cpu0_DTLB AVERAGE MISS LATENCY: - cycles
cpu0->LLC TOTAL        ACCESS:          9 HIT:          0 MISS:          9 MSHR_MERGE:          0
cpu0->LLC LOAD         ACCESS:          9 HIT:          0 MISS:          9 MSHR_MERGE:          0
cpu0->LLC RFO          ACCESS:          0 HIT:          0 MISS:          0 MSHR_MERGE:          0
cpu0->LLC PREFETCH     ACCESS:          0 HIT:          0 MISS:          0 MSHR_MERGE:          0
cpu0->LLC WRITE        ACCESS:          0 HIT:          0 MISS:          0 MSHR_MERGE:          0
cpu0->LLC TRANSLATION  ACCESS:          0 HIT:          0 MISS:          0 MSHR_MERGE:          0
cpu0->LLC PREFETCH REQUESTED:          0 ISSUED:          0 USEFUL:          0 USELESS:          0
cpu0->LLC AVERAGE MISS LATENCY: 1258 cycles
cpu1->LLC TOTAL        ACCESS:          9 HIT:          0 MISS:          9 MSHR_MERGE:          0
cpu1->LLC LOAD         ACCESS:          9 HIT:          0 MISS:          9 MSHR_MERGE:          0
cpu1->LLC RFO          ACCESS:          0 HIT:          0 MISS:          0 MSHR_MERGE:          0
cpu1->LLC PREFETCH     ACCESS:          0 HIT:          0 MISS:          0 MSHR_MERGE:          0
cpu1->LLC WRITE        ACCESS:          0 HIT:          0 MISS:          0 MSHR_MERGE:          0
cpu1->LLC TRANSLATION  ACCESS:          0 HIT:          0 MISS:          0 MSHR_MERGE:          0
cpu1->LLC PREFETCH REQUESTED:          0 ISSUED:          0 USEFUL:          0 USELESS:          0
cpu1->LLC AVERAGE MISS LATENCY: 1258 cycles
cpu2->LLC TOTAL        ACCESS:          9 HIT:          0 MISS:          9 MSHR_MERGE:          0
cpu2->LLC LOAD         ACCESS:          9 HIT:          0 MISS:          9 MSHR_MERGE:          0
cpu2->LLC RFO          ACCESS:          0 HIT:          0 MISS:          0 MSHR_MERGE:          0
cpu2->LLC PREFETCH     ACCESS:          0 HIT:          0 MISS:          0 MSHR_MERGE:          0
cpu2->LLC WRITE        ACCESS:          0 HIT:          0 MISS:          0 MSHR_MERGE:          0
cpu2->LLC TRANSLATION  ACCESS:          0 HIT:          0 MISS:          0 MSHR_MERGE:          0
cpu2->LLC PREFETCH REQUESTED:          0 ISSUED:          0 USEFUL:          0 USELESS:          0
cpu2->LLC AVERAGE MISS LATENCY: 1258 cycles
cpu3->LLC TOTAL        ACCESS:          9 HIT:          0 MISS:          9 MSHR_MERGE:          0
cpu3->LLC LOAD         ACCESS:          9 HIT:          0 MISS:          9 MSHR_MERGE:          0
cpu3->LLC RFO          ACCESS:          0 HIT:          0 MISS:          0 MSHR_MERGE:          0
cpu3->LLC PREFETCH     ACCESS:          0 HIT:          0 MISS:          0 MSHR_MERGE:          0
cpu3->LLC WRITE        ACCESS:          0 HIT:          0 MISS:          0 MSHR_MERGE:          0
cpu3->LLC TRANSLATION  ACCESS:          0 HIT:          0 MISS:          0 MSHR_MERGE:          0
cpu3->LLC PREFETCH REQUESTED:          0 ISSUED:          0 USEFUL:          0 USELESS:          0
cpu3->LLC AVERAGE MISS LATENCY: 1258 cycles
cpu4->LLC TOTAL        ACCESS:          9 HIT:          0 MISS:          9 MSHR_MERGE:          0
cpu4->LLC LOAD         ACCESS:          9 HIT:          0 MISS:          9 MSHR_MERGE:          0
cpu4->LLC RFO          ACCESS:          0 HIT:          0 MISS:          0 MSHR_MERGE:          0
cpu4->LLC PREFETCH     ACCESS:          0 HIT:          0 MISS:          0 MSHR_MERGE:          0
cpu4->LLC WRITE        ACCESS:          0 HIT:          0 MISS:          0 MSHR_MERGE:          0
cpu4->LLC TRANSLATION  ACCESS:          0 HIT:          0 MISS:          0 MSHR_MERGE:          0
cpu4->LLC PREFETCH REQUESTED:          0 ISSUED:          0 USEFUL:          0 USELESS:          0
cpu4->LLC AVERAGE MISS LATENCY: 1258 cycles
cpu5->LLC TOTAL        ACCESS:          9 HIT:          0 MISS:          9 MSHR_MERGE:          0
cpu5->LLC LOAD         ACCESS:          9 HIT:          0 MISS:          9 MSHR_MERGE:          0
cpu5->LLC RFO          ACCESS:          0 HIT:          0 MISS:          0 MSHR_MERGE:          0
cpu5->LLC PREFETCH     ACCESS:          0 HIT:          0 MISS:          0 MSHR_MERGE:          0
cpu5->LLC WRITE        ACCESS:          0 HIT:          0 MISS:          0 MSHR_MERGE:          0
cpu5->LLC TRANSLATION  ACCESS:          0 HIT:          0 MISS:          0 MSHR_MERGE:          0
cpu5->LLC PREFETCH REQUESTED:          0 ISSUED:          0 USEFUL:          0 USELESS:          0
cpu5->LLC AVERAGE MISS LATENCY: 1258 cycles
cpu6->LLC TOTAL        ACCESS:          9 HIT:          0 MISS:          9 MSHR_MERGE:          0
cpu6->LLC LOAD         ACCESS:          9 HIT:          0 MISS:          9 MSHR_MERGE:          0
cpu6->LLC RFO          ACCESS:          0 HIT:          0 MISS:          0 MSHR_MERGE:          0
cpu6->LLC PREFETCH     ACCESS:          0 HIT:          0 MISS:          0 MSHR_MERGE:          0
cpu6->LLC WRITE        ACCESS:          0 HIT:          0 MISS:          0 MSHR_MERGE:          0
cpu6->LLC TRANSLATION  ACCESS:          0 HIT:          0 MISS:          0 MSHR_MERGE:          0
cpu6->LLC PREFETCH REQUESTED:          0 ISSUED:          0 USEFUL:          0 USELESS:          0
cpu6->LLC AVERAGE MISS LATENCY: 1258 cycles
cpu7->LLC TOTAL        ACCESS:          9 HIT:          0 MISS:          9 MSHR_MERGE:          0
cpu7->LLC LOAD         ACCESS:          9 HIT:          0 MISS:          9 MSHR_MERGE:          0
cpu7->LLC RFO          ACCESS:          0 HIT:          0 MISS:          0 MSHR_MERGE:          0
cpu7->LLC PREFETCH     ACCESS:          0 HIT:          0 MISS:          0 MSHR_MERGE:          0
cpu7->LLC WRITE        ACCESS:          0 HIT:          0 MISS:          0 MSHR_MERGE:          0
cpu7->LLC TRANSLATION  ACCESS:          0 HIT:          0 MISS:          0 MSHR_MERGE:          0
cpu7->LLC PREFETCH REQUESTED:          0 ISSUED:          0 USEFUL:          0 USELESS:          0
cpu7->LLC AVERAGE MISS LATENCY: 1258 cycles

Region of Interest Statistics

CPU 7 cumulative IPC: 3.521 instructions: 100000004 cycles: 28398075
CPU 7 Branch Prediction Accuracy: 100% MPKI: 0 Average ROB Occupancy at Mispredict: -
Branch type MPKI
BRANCH_DIRECT_JUMP: 0
BRANCH_INDIRECT: 0
BRANCH_CONDITIONAL: 0
BRANCH_DIRECT_CALL: 0
BRANCH_INDIRECT_CALL: 0
BRANCH_RETURN: 0


CPU 6 cumulative IPC: 3.525 instructions: 100000001 cycles: 28368590
CPU 6 Branch Prediction Accuracy: 100% MPKI: 0 Average ROB Occupancy at Mispredict: -
Branch type MPKI
BRANCH_DIRECT_JUMP: 0
BRANCH_INDIRECT: 0
BRANCH_CONDITIONAL: 0
BRANCH_DIRECT_CALL: 0
BRANCH_INDIRECT_CALL: 0
BRANCH_RETURN: 0


CPU 5 cumulative IPC: 3.524 instructions: 100000002 cycles: 28376151
CPU 5 Branch Prediction Accuracy: 100% MPKI: 0 Average ROB Occupancy at Mispredict: -
Branch type MPKI
BRANCH_DIRECT_JUMP: 0
BRANCH_INDIRECT: 0
BRANCH_CONDITIONAL: 0
BRANCH_DIRECT_CALL: 0
BRANCH_INDIRECT_CALL: 0
BRANCH_RETURN: 0


CPU 4 cumulative IPC: 3.524 instructions: 100000003 cycles: 28374761
CPU 4 Branch Prediction Accuracy: 100% MPKI: 0 Average ROB Occupancy at Mispredict: -
Branch type MPKI
BRANCH_DIRECT_JUMP: 0
BRANCH_INDIRECT: 0
BRANCH_CONDITIONAL: 0
BRANCH_DIRECT_CALL: 0
BRANCH_INDIRECT_CALL: 0
BRANCH_RETURN: 0


CPU 3 cumulative IPC: 3.525 instructions: 100000004 cycles: 28370627
CPU 3 Branch Prediction Accuracy: 100% MPKI: 0 Average ROB Occupancy at Mispredict: -
Branch type MPKI
BRANCH_DIRECT_JUMP: 0
BRANCH_INDIRECT: 0
BRANCH_CONDITIONAL: 0
BRANCH_DIRECT_CALL: 0
BRANCH_INDIRECT_CALL: 0
BRANCH_RETURN: 0


CPU 2 cumulative IPC: 3.524 instructions: 100000003 cycles: 28380376
CPU 2 Branch Prediction Accuracy: 100% MPKI: 0 Average ROB Occupancy at Mispredict: -
Branch type MPKI
BRANCH_DIRECT_JUMP: 0
BRANCH_INDIRECT: 0
BRANCH_CONDITIONAL: 0
BRANCH_DIRECT_CALL: 0
BRANCH_INDIRECT_CALL: 0
BRANCH_RETURN: 0


CPU 1 cumulative IPC: 3.521 instructions: 100000001 cycles: 28401533
CPU 1 Branch Prediction Accuracy: 100% MPKI: 0 Average ROB Occupancy at Mispredict: -
Branch type MPKI
BRANCH_DIRECT_JUMP: 0
BRANCH_INDIRECT: 0
BRANCH_CONDITIONAL: 0
BRANCH_DIRECT_CALL: 0
BRANCH_INDIRECT_CALL: 0
BRANCH_RETURN: 0


CPU 0 cumulative IPC: 3.526 instructions: 100000002 cycles: 28363080
CPU 0 Branch Prediction Accuracy: 100% MPKI: 0 Average ROB Occupancy at Mispredict: -
Branch type MPKI
BRANCH_DIRECT_JUMP: 0
BRANCH_INDIRECT: 0
BRANCH_CONDITIONAL: 0
BRANCH_DIRECT_CALL: 0
BRANCH_INDIRECT_CALL: 0
BRANCH_RETURN: 0

cpu7->cpu7_L2C TOTAL        ACCESS:       6418 HIT:       6409 MISS:          9 MSHR_MERGE:          0
cpu7->cpu7_L2C LOAD         ACCESS:       6418 HIT:       6409 MISS:          9 MSHR_MERGE:          0
cpu7->cpu7_L2C RFO          ACCESS:          0 HIT:          0 MISS:          0 MSHR_MERGE:          0
cpu7->cpu7_L2C PREFETCH     ACCESS:          0 HIT:          0 MISS:          0 MSHR_MERGE:          0
cpu7->cpu7_L2C WRITE        ACCESS:          0 HIT:          0 MISS:          0 MSHR_MERGE:          0
cpu7->cpu7_L2C TRANSLATION  ACCESS:          0 HIT:          0 MISS:          0 MSHR_MERGE:          0
cpu7->cpu7_L2C PREFETCH REQUESTED:          0 ISSUED:          0 USEFUL:          0 USELESS:          0
cpu7->cpu7_L2C AVERAGE MISS LATENCY: 171.1 cycles
cpu7->cpu7_L1I TOTAL        ACCESS:   18351463 HIT:   18337867 MISS:      13596 MSHR_MERGE:       7180
cpu7->cpu7_L1I LOAD         ACCESS:   18351463 HIT:   18337867 MISS:      13596 MSHR_MERGE:       7180
cpu7->cpu7_L1I RFO          ACCESS:          0 HIT:          0 MISS:          0 MSHR_MERGE:          0
cpu7->cpu7_L1I PREFETCH     ACCESS:          0 HIT:          0 MISS:          0 MSHR_MERGE:          0
cpu7->cpu7_L1I WRITE        ACCESS:          0 HIT:          0 MISS:          0 MSHR_MERGE:          0
cpu7->cpu7_L1I TRANSLATION  ACCESS:          0 HIT:          0 MISS:          0 MSHR_MERGE:          0
cpu7->cpu7_L1I PREFETCH REQUESTED:          0 ISSUED:          0 USEFUL:          0 USELESS:          0
cpu7->cpu7_L1I AVERAGE MISS LATENCY: 7.216 cycles
cpu7->cpu7_L1D TOTAL        ACCESS:   27803079 HIT:   27803077 MISS:          2 MSHR_MERGE:          0
cpu7->cpu7_L1D LOAD         ACCESS:   11639981 HIT:   11639979 MISS:          2 MSHR_MERGE:          0
cpu7->cpu7_L1D RFO          ACCESS:          0 HIT:          0 MISS:          0 MSHR_MERGE:          0
cpu7->cpu7_L1D PREFETCH     ACCESS:          0 HIT:          0 MISS:          0 MSHR_MERGE:          0
cpu7->cpu7_L1D WRITE        ACCESS:   16163098 HIT:   16163098 MISS:          0 MSHR_MERGE:          0
cpu7->cpu7_L1D TRANSLATION  ACCESS:          0 HIT:          0 MISS:          0 MSHR_MERGE:          0
cpu7->cpu7_L1D PREFETCH REQUESTED:          0 ISSUED:          0 USEFUL:          0 USELESS:          0
cpu7->cpu7_L1D AVERAGE MISS LATENCY: 180 cycles
cpu7->cpu7_ITLB TOTAL        ACCESS:   15002314 HIT:   15002314 MISS:          0 MSHR_MERGE:          0
cpu7->cpu7_ITLB LOAD         ACCESS:   15002314 HIT:   15002314 MISS:          0 MSHR_MERGE:          0
cpu7->cpu7_ITLB RFO          ACCESS:          0 HIT:          0 MISS:          0 MSHR_MERGE:          0
cpu7->cpu7_ITLB PREFETCH     ACCESS:          0 HIT:          0 MISS:          0 MSHR_MERGE:          0
cpu7->cpu7_ITLB WRITE        ACCESS:          0 HIT:          0 MISS:          0 MSHR_MERGE:          0
cpu7->cpu7_ITLB TRANSLATION  ACCESS:          0 HIT:          0 MISS:          0 MSHR_MERGE:          0
cpu7->cpu7_ITLB PREFETCH REQUESTED:          0 ISSUED:          0 USEFUL:          0 USELESS:          0
cpu7->cpu7_ITLB AVERAGE MISS LATENCY: - cycles
cpu7->cpu7_DTLB TOTAL        ACCESS:   23842900 HIT:   23842900 MISS:          0 MSHR_MERGE:          0
cpu7->cpu7_DTLB LOAD         ACCESS:   23842900 HIT:   23842900 MISS:          0 MSHR_MERGE:          0
cpu7->cpu7_DTLB RFO          ACCESS:          0 HIT:          0 MISS:          0 MSHR_MERGE:          0
cpu7->cpu7_DTLB PREFETCH     ACCESS:          0 HIT:          0 MISS:          0 MSHR_MERGE:          0
cpu7->cpu7_DTLB WRITE        ACCESS:          0 HIT:          0 MISS:          0 MSHR_MERGE:          0
cpu7->cpu7_DTLB TRANSLATION  ACCESS:          0 HIT:          0 MISS:          0 MSHR_MERGE:          0
cpu7->cpu7_DTLB PREFETCH REQUESTED:          0 ISSUED:          0 USEFUL:          0 USELESS:          0
cpu7->cpu7_DTLB AVERAGE MISS LATENCY: - cycles
cpu6->cpu6_L2C TOTAL        ACCESS:       6418 HIT:       6409 MISS:          9 MSHR_MERGE:          0
cpu6->cpu6_L2C LOAD         ACCESS:       6418 HIT:       6409 MISS:          9 MSHR_MERGE:          0
cpu6->cpu6_L2C RFO          ACCESS:          0 HIT:          0 MISS:          0 MSHR_MERGE:          0
cpu6->cpu6_L2C PREFETCH     ACCESS:          0 HIT:          0 MISS:          0 MSHR_MERGE:          0
cpu6->cpu6_L2C WRITE        ACCESS:          0 HIT:          0 MISS:          0 MSHR_MERGE:          0
cpu6->cpu6_L2C TRANSLATION  ACCESS:          0 HIT:          0 MISS:          0 MSHR_MERGE:          0
cpu6->cpu6_L2C PREFETCH REQUESTED:          0 ISSUED:          0 USEFUL:          0 USELESS:          0
cpu6->cpu6_L2C AVERAGE MISS LATENCY: 171.1 cycles
cpu6->cpu6_L1I TOTAL        ACCESS:   18360602 HIT:   18346979 MISS:      13623 MSHR_MERGE:       7207
cpu6->cpu6_L1I LOAD         ACCESS:   18360602 HIT:   18346979 MISS:      13623 MSHR_MERGE:       7207
cpu6->cpu6_L1I RFO          ACCESS:          0 HIT:          0 MISS:          0 MSHR_MERGE:          0
cpu6->cpu6_L1I PREFETCH     ACCESS:          0 HIT:          0 MISS:          0 MSHR_MERGE:          0
cpu6->cpu6_L1I WRITE        ACCESS:          0 HIT:          0 MISS:          0 MSHR_MERGE:          0
cpu6->cpu6_L1I TRANSLATION  ACCESS:          0 HIT:          0 MISS:          0 MSHR_MERGE:          0
cpu6->cpu6_L1I PREFETCH REQUESTED:          0 ISSUED:          0 USEFUL:          0 USELESS:          0
cpu6->cpu6_L1I AVERAGE MISS LATENCY: 7.219 cycles
cpu6->cpu6_L1D TOTAL        ACCESS:   27844721 HIT:   27844719 MISS:          2 MSHR_MERGE:          0
cpu6->cpu6_L1D LOAD         ACCESS:   11655976 HIT:   11655974 MISS:          2 MSHR_MERGE:          0
cpu6->cpu6_L1D RFO          ACCESS:          0 HIT:          0 MISS:          0 MSHR_MERGE:          0
cpu6->cpu6_L1D PREFETCH     ACCESS:          0 HIT:          0 MISS:          0 MSHR_MERGE:          0
cpu6->cpu6_L1D WRITE        ACCESS:   16188745 HIT:   16188745 MISS:          0 MSHR_MERGE:          0
cpu6->cpu6_L1D TRANSLATION  ACCESS:          0 HIT:          0 MISS:          0 MSHR_MERGE:          0
cpu6->cpu6_L1D PREFETCH REQUESTED:          0 ISSUED:          0 USEFUL:          0 USELESS:          0
cpu6->cpu6_L1D AVERAGE MISS LATENCY: 180.5 cycles
cpu6->cpu6_ITLB TOTAL        ACCESS:   15012388 HIT:   15012388 MISS:          0 MSHR_MERGE:          0
cpu6->cpu6_ITLB LOAD         ACCESS:   15012388 HIT:   15012388 MISS:          0 MSHR_MERGE:          0
cpu6->cpu6_ITLB RFO          ACCESS:          0 HIT:          0 MISS:          0 MSHR_MERGE:          0
cpu6->cpu6_ITLB PREFETCH     ACCESS:          0 HIT:          0 MISS:          0 MSHR_MERGE:          0
cpu6->cpu6_ITLB WRITE        ACCESS:          0 HIT:          0 MISS:          0 MSHR_MERGE:          0
cpu6->cpu6_ITLB TRANSLATION  ACCESS:          0 HIT:          0 MISS:          0 MSHR_MERGE:          0
cpu6->cpu6_ITLB PREFETCH REQUESTED:          0 ISSUED:          0 USEFUL:          0 USELESS:          0
cpu6->cpu6_ITLB AVERAGE MISS LATENCY: - cycles
cpu6->cpu6_DTLB TOTAL        ACCESS:   23917572 HIT:   23917572 MISS:          0 MSHR_MERGE:          0
cpu6->cpu6_DTLB LOAD         ACCESS:   23917572 HIT:   23917572 MISS:          0 MSHR_MERGE:          0
cpu6->cpu6_DTLB RFO          ACCESS:          0 HIT:          0 MISS:          0 MSHR_MERGE:          0
cpu6->cpu6_DTLB PREFETCH     ACCESS:          0 HIT:          0 MISS:          0 MSHR_MERGE:          0
cpu6->cpu6_DTLB WRITE        ACCESS:          0 HIT:          0 MISS:          0 MSHR_MERGE:          0
cpu6->cpu6_DTLB TRANSLATION  ACCESS:          0 HIT:          0 MISS:          0 MSHR_MERGE:          0
cpu6->cpu6_DTLB PREFETCH REQUESTED:          0 ISSUED:          0 USEFUL:          0 USELESS:          0
cpu6->cpu6_DTLB AVERAGE MISS LATENCY: - cycles
cpu5->cpu5_L2C TOTAL        ACCESS:       6418 HIT:       6409 MISS:          9 MSHR_MERGE:          0
cpu5->cpu5_L2C LOAD         ACCESS:       6418 HIT:       6409 MISS:          9 MSHR_MERGE:          0
cpu5->cpu5_L2C RFO          ACCESS:          0 HIT:          0 MISS:          0 MSHR_MERGE:          0
cpu5->cpu5_L2C PREFETCH     ACCESS:          0 HIT:          0 MISS:          0 MSHR_MERGE:          0
cpu5->cpu5_L2C WRITE        ACCESS:          0 HIT:          0 MISS:          0 MSHR_MERGE:          0
cpu5->cpu5_L2C TRANSLATION  ACCESS:          0 HIT:          0 MISS:          0 MSHR_MERGE:          0
cpu5->cpu5_L2C PREFETCH REQUESTED:          0 ISSUED:          0 USEFUL:          0 USELESS:          0
cpu5->cpu5_L2C AVERAGE MISS LATENCY: 187.2 cycles
cpu5->cpu5_L1I TOTAL        ACCESS:   18363521 HIT:   18349953 MISS:      13568 MSHR_MERGE:       7152
cpu5->cpu5_L1I LOAD         ACCESS:   18363521 HIT:   18349953 MISS:      13568 MSHR_MERGE:       7152
cpu5->cpu5_L1I RFO          ACCESS:          0 HIT:          0 MISS:          0 MSHR_MERGE:          0
cpu5->cpu5_L1I PREFETCH     ACCESS:          0 HIT:          0 MISS:          0 MSHR_MERGE:          0
cpu5->cpu5_L1I WRITE        ACCESS:          0 HIT:          0 MISS:          0 MSHR_MERGE:          0
cpu5->cpu5_L1I TRANSLATION  ACCESS:          0 HIT:          0 MISS:          0 MSHR_MERGE:          0
cpu5->cpu5_L1I PREFETCH REQUESTED:          0 ISSUED:          0 USEFUL:          0 USELESS:          0
cpu5->cpu5_L1I AVERAGE MISS LATENCY: 7.237 cycles
cpu5->cpu5_L1D TOTAL        ACCESS:   27841000 HIT:   27840998 MISS:          2 MSHR_MERGE:          0
cpu5->cpu5_L1D LOAD         ACCESS:   11656328 HIT:   11656326 MISS:          2 MSHR_MERGE:          0
cpu5->cpu5_L1D RFO          ACCESS:          0 HIT:          0 MISS:          0 MSHR_MERGE:          0
cpu5->cpu5_L1D PREFETCH     ACCESS:          0 HIT:          0 MISS:          0 MSHR_MERGE:          0
cpu5->cpu5_L1D WRITE        ACCESS:   16184672 HIT:   16184672 MISS:          0 MSHR_MERGE:          0
cpu5->cpu5_L1D TRANSLATION  ACCESS:          0 HIT:          0 MISS:          0 MSHR_MERGE:          0
cpu5->cpu5_L1D PREFETCH REQUESTED:          0 ISSUED:          0 USEFUL:          0 USELESS:          0
cpu5->cpu5_L1D AVERAGE MISS LATENCY: 180.5 cycles
cpu5->cpu5_ITLB TOTAL        ACCESS:   15011956 HIT:   15011956 MISS:          0 MSHR_MERGE:          0
cpu5->cpu5_ITLB LOAD         ACCESS:   15011956 HIT:   15011956 MISS:          0 MSHR_MERGE:          0
cpu5->cpu5_ITLB RFO          ACCESS:          0 HIT:          0 MISS:          0 MSHR_MERGE:          0
cpu5->cpu5_ITLB PREFETCH     ACCESS:          0 HIT:          0 MISS:          0 MSHR_MERGE:          0
cpu5->cpu5_ITLB WRITE        ACCESS:          0 HIT:          0 MISS:          0 MSHR_MERGE:          0
cpu5->cpu5_ITLB TRANSLATION  ACCESS:          0 HIT:          0 MISS:          0 MSHR_MERGE:          0
cpu5->cpu5_ITLB PREFETCH REQUESTED:          0 ISSUED:          0 USEFUL:          0 USELESS:          0
cpu5->cpu5_ITLB AVERAGE MISS LATENCY: - cycles
cpu5->cpu5_DTLB TOTAL        ACCESS:   23859467 HIT:   23859467 MISS:          0 MSHR_MERGE:          0
cpu5->cpu5_DTLB LOAD         ACCESS:   23859467 HIT:   23859467 MISS:          0 MSHR_MERGE:          0
cpu5->cpu5_DTLB RFO          ACCESS:          0 HIT:          0 MISS:          0 MSHR_MERGE:          0
cpu5->cpu5_DTLB PREFETCH     ACCESS:          0 HIT:          0 MISS:          0 MSHR_MERGE:          0
cpu5->cpu5_DTLB WRITE        ACCESS:          0 HIT:          0 MISS:          0 MSHR_MERGE:          0
cpu5->cpu5_DTLB TRANSLATION  ACCESS:          0 HIT:          0 MISS:          0 MSHR_MERGE:          0
cpu5->cpu5_DTLB PREFETCH REQUESTED:          0 ISSUED:          0 USEFUL:          0 USELESS:          0
cpu5->cpu5_DTLB AVERAGE MISS LATENCY: - cycles
cpu4->cpu4_L2C TOTAL        ACCESS:       6418 HIT:       6409 MISS:          9 MSHR_MERGE:          0
cpu4->cpu4_L2C LOAD         ACCESS:       6418 HIT:       6409 MISS:          9 MSHR_MERGE:          0
cpu4->cpu4_L2C RFO          ACCESS:          0 HIT:          0 MISS:          0 MSHR_MERGE:          0
cpu4->cpu4_L2C PREFETCH     ACCESS:          0 HIT:          0 MISS:          0 MSHR_MERGE:          0
cpu4->cpu4_L2C WRITE        ACCESS:          0 HIT:          0 MISS:          0 MSHR_MERGE:          0
cpu4->cpu4_L2C TRANSLATION  ACCESS:          0 HIT:          0 MISS:          0 MSHR_MERGE:          0
cpu4->cpu4_L2C PREFETCH REQUESTED:          0 ISSUED:          0 USEFUL:          0 USELESS:          0
cpu4->cpu4_L2C AVERAGE MISS LATENCY: 171.3 cycles
cpu4->cpu4_L1I TOTAL        ACCESS:   18363431 HIT:   18349870 MISS:      13561 MSHR_MERGE:       7145
cpu4->cpu4_L1I LOAD         ACCESS:   18363431 HIT:   18349870 MISS:      13561 MSHR_MERGE:       7145
cpu4->cpu4_L1I RFO          ACCESS:          0 HIT:          0 MISS:          0 MSHR_MERGE:          0
cpu4->cpu4_L1I PREFETCH     ACCESS:          0 HIT:          0 MISS:          0 MSHR_MERGE:          0
cpu4->cpu4_L1I WRITE        ACCESS:          0 HIT:          0 MISS:          0 MSHR_MERGE:          0
cpu4->cpu4_L1I TRANSLATION  ACCESS:          0 HIT:          0 MISS:          0 MSHR_MERGE:          0
cpu4->cpu4_L1I PREFETCH REQUESTED:          0 ISSUED:          0 USEFUL:          0 USELESS:          0
cpu4->cpu4_L1I AVERAGE MISS LATENCY: 7.214 cycles
cpu4->cpu4_L1D TOTAL        ACCESS:   27839718 HIT:   27839716 MISS:          2 MSHR_MERGE:          0
cpu4->cpu4_L1D LOAD         ACCESS:   11655200 HIT:   11655198 MISS:          2 MSHR_MERGE:          0
cpu4->cpu4_L1D RFO          ACCESS:          0 HIT:          0 MISS:          0 MSHR_MERGE:          0
cpu4->cpu4_L1D PREFETCH     ACCESS:          0 HIT:          0 MISS:          0 MSHR_MERGE:          0
cpu4->cpu4_L1D WRITE        ACCESS:   16184518 HIT:   16184518 MISS:          0 MSHR_MERGE:          0
cpu4->cpu4_L1D TRANSLATION  ACCESS:          0 HIT:          0 MISS:          0 MSHR_MERGE:          0
cpu4->cpu4_L1D PREFETCH REQUESTED:          0 ISSUED:          0 USEFUL:          0 USELESS:          0
cpu4->cpu4_L1D AVERAGE MISS LATENCY: 180.5 cycles
cpu4->cpu4_ITLB TOTAL        ACCESS:   15012232 HIT:   15012232 MISS:          0 MSHR_MERGE:          0
cpu4->cpu4_ITLB LOAD         ACCESS:   15012232 HIT:   15012232 MISS:          0 MSHR_MERGE:          0
cpu4->cpu4_ITLB RFO          ACCESS:          0 HIT:          0 MISS:          0 MSHR_MERGE:          0
cpu4->cpu4_ITLB PREFETCH     ACCESS:          0 HIT:          0 MISS:          0 MSHR_MERGE:          0
cpu4->cpu4_ITLB WRITE        ACCESS:          0 HIT:          0 MISS:          0 MSHR_MERGE:          0
cpu4->cpu4_ITLB TRANSLATION  ACCESS:          0 HIT:          0 MISS:          0 MSHR_MERGE:          0
cpu4->cpu4_ITLB PREFETCH REQUESTED:          0 ISSUED:          0 USEFUL:          0 USELESS:          0
cpu4->cpu4_ITLB AVERAGE MISS LATENCY: - cycles
cpu4->cpu4_DTLB TOTAL        ACCESS:   23859067 HIT:   23859067 MISS:          0 MSHR_MERGE:          0
cpu4->cpu4_DTLB LOAD         ACCESS:   23859067 HIT:   23859067 MISS:          0 MSHR_MERGE:          0
cpu4->cpu4_DTLB RFO          ACCESS:          0 HIT:          0 MISS:          0 MSHR_MERGE:          0
cpu4->cpu4_DTLB PREFETCH     ACCESS:          0 HIT:          0 MISS:          0 MSHR_MERGE:          0
cpu4->cpu4_DTLB WRITE        ACCESS:          0 HIT:          0 MISS:          0 MSHR_MERGE:          0
cpu4->cpu4_DTLB TRANSLATION  ACCESS:          0 HIT:          0 MISS:          0 MSHR_MERGE:          0
cpu4->cpu4_DTLB PREFETCH REQUESTED:          0 ISSUED:          0 USEFUL:          0 USELESS:          0
cpu4->cpu4_DTLB AVERAGE MISS LATENCY: - cycles
cpu3->cpu3_L2C TOTAL        ACCESS:       6418 HIT:       6409 MISS:          9 MSHR_MERGE:          0
cpu3->cpu3_L2C LOAD         ACCESS:       6418 HIT:       6409 MISS:          9 MSHR_MERGE:          0
cpu3->cpu3_L2C RFO          ACCESS:          0 HIT:          0 MISS:          0 MSHR_MERGE:          0
cpu3->cpu3_L2C PREFETCH     ACCESS:          0 HIT:          0 MISS:          0 MSHR_MERGE:          0
cpu3->cpu3_L2C WRITE        ACCESS:          0 HIT:          0 MISS:          0 MSHR_MERGE:          0
cpu3->cpu3_L2C TRANSLATION  ACCESS:          0 HIT:          0 MISS:          0 MSHR_MERGE:          0
cpu3->cpu3_L2C PREFETCH REQUESTED:          0 ISSUED:          0 USEFUL:          0 USELESS:          0
cpu3->cpu3_L2C AVERAGE MISS LATENCY: 172.2 cycles
cpu3->cpu3_L1I TOTAL        ACCESS:   18366946 HIT:   18353384 MISS:      13562 MSHR_MERGE:       7146
cpu3->cpu3_L1I LOAD         ACCESS:   18366946 HIT:   18353384 MISS:      13562 MSHR_MERGE:       7146
cpu3->cpu3_L1I RFO          ACCESS:          0 HIT:          0 MISS:          0 MSHR_MERGE:          0
cpu3->cpu3_L1I PREFETCH     ACCESS:          0 HIT:          0 MISS:          0 MSHR_MERGE:          0
cpu3->cpu3_L1I WRITE        ACCESS:          0 HIT:          0 MISS:          0 MSHR_MERGE:          0
cpu3->cpu3_L1I TRANSLATION  ACCESS:          0 HIT:          0 MISS:          0 MSHR_MERGE:          0
cpu3->cpu3_L1I PREFETCH REQUESTED:          0 ISSUED:          0 USEFUL:          0 USELESS:          0
cpu3->cpu3_L1I AVERAGE MISS LATENCY: 7.215 cycles
cpu3->cpu3_L1D TOTAL        ACCESS:   27849108 HIT:   27849106 MISS:          2 MSHR_MERGE:          0
cpu3->cpu3_L1D LOAD         ACCESS:   11662905 HIT:   11662903 MISS:          2 MSHR_MERGE:          0
cpu3->cpu3_L1D RFO          ACCESS:          0 HIT:          0 MISS:          0 MSHR_MERGE:          0
cpu3->cpu3_L1D PREFETCH     ACCESS:          0 HIT:          0 MISS:          0 MSHR_MERGE:          0
cpu3->cpu3_L1D WRITE        ACCESS:   16186203 HIT:   16186203 MISS:          0 MSHR_MERGE:          0
cpu3->cpu3_L1D TRANSLATION  ACCESS:          0 HIT:          0 MISS:          0 MSHR_MERGE:          0
cpu3->cpu3_L1D PREFETCH REQUESTED:          0 ISSUED:          0 USEFUL:          0 USELESS:          0
cpu3->cpu3_L1D AVERAGE MISS LATENCY: 184 cycles
cpu3->cpu3_ITLB TOTAL        ACCESS:   15032794 HIT:   15032794 MISS:          0 MSHR_MERGE:          0
cpu3->cpu3_ITLB LOAD         ACCESS:   15032794 HIT:   15032794 MISS:          0 MSHR_MERGE:          0
cpu3->cpu3_ITLB RFO          ACCESS:          0 HIT:          0 MISS:          0 MSHR_MERGE:          0
cpu3->cpu3_ITLB PREFETCH     ACCESS:          0 HIT:          0 MISS:          0 MSHR_MERGE:          0
cpu3->cpu3_ITLB WRITE        ACCESS:          0 HIT:          0 MISS:          0 MSHR_MERGE:          0
cpu3->cpu3_ITLB TRANSLATION  ACCESS:          0 HIT:          0 MISS:          0 MSHR_MERGE:          0
cpu3->cpu3_ITLB PREFETCH REQUESTED:          0 ISSUED:          0 USEFUL:          0 USELESS:          0
cpu3->cpu3_ITLB AVERAGE MISS LATENCY: - cycles
cpu3->cpu3_DTLB TOTAL        ACCESS:   23931339 HIT:   23931339 MISS:          0 MSHR_MERGE:          0
cpu3->cpu3_DTLB LOAD         ACCESS:   23931339 HIT:   23931339 MISS:          0 MSHR_MERGE:          0
cpu3->cpu3_DTLB RFO          ACCESS:          0 HIT:          0 MISS:          0 MSHR_MERGE:          0
cpu3->cpu3_DTLB PREFETCH     ACCESS:          0 HIT:          0 MISS:          0 MSHR_MERGE:          0
cpu3->cpu3_DTLB WRITE        ACCESS:          0 HIT:          0 MISS:          0 MSHR_MERGE:          0
cpu3->cpu3_DTLB TRANSLATION  ACCESS:          0 HIT:          0 MISS:          0 MSHR_MERGE:          0
cpu3->cpu3_DTLB PREFETCH REQUESTED:          0 ISSUED:          0 USEFUL:          0 USELESS:          0
cpu3->cpu3_DTLB AVERAGE MISS LATENCY: - cycles
cpu2->cpu2_L2C TOTAL        ACCESS:       6418 HIT:       6409 MISS:          9 MSHR_MERGE:          0
cpu2->cpu2_L2C LOAD         ACCESS:       6418 HIT:       6409 MISS:          9 MSHR_MERGE:          0
cpu2->cpu2_L2C RFO          ACCESS:          0 HIT:          0 MISS:          0 MSHR_MERGE:          0
cpu2->cpu2_L2C PREFETCH     ACCESS:          0 HIT:          0 MISS:          0 MSHR_MERGE:          0
cpu2->cpu2_L2C WRITE        ACCESS:          0 HIT:          0 MISS:          0 MSHR_MERGE:          0
cpu2->cpu2_L2C TRANSLATION  ACCESS:          0 HIT:          0 MISS:          0 MSHR_MERGE:          0
cpu2->cpu2_L2C PREFETCH REQUESTED:          0 ISSUED:          0 USEFUL:          0 USELESS:          0
cpu2->cpu2_L2C AVERAGE MISS LATENCY: 170.8 cycles
cpu2->cpu2_L1I TOTAL        ACCESS:   18359767 HIT:   18346137 MISS:      13630 MSHR_MERGE:       7214
cpu2->cpu2_L1I LOAD         ACCESS:   18359767 HIT:   18346137 MISS:      13630 MSHR_MERGE:       7214
cpu2->cpu2_L1I RFO          ACCESS:          0 HIT:          0 MISS:          0 MSHR_MERGE:          0
cpu2->cpu2_L1I PREFETCH     ACCESS:          0 HIT:          0 MISS:          0 MSHR_MERGE:          0
cpu2->cpu2_L1I WRITE        ACCESS:          0 HIT:          0 MISS:          0 MSHR_MERGE:          0
cpu2->cpu2_L1I TRANSLATION  ACCESS:          0 HIT:          0 MISS:          0 MSHR_MERGE:          0
cpu2->cpu2_L1I PREFETCH REQUESTED:          0 ISSUED:          0 USEFUL:          0 USELESS:          0
cpu2->cpu2_L1I AVERAGE MISS LATENCY: 7.215 cycles
cpu2->cpu2_L1D TOTAL        ACCESS:   27831421 HIT:   27831419 MISS:          2 MSHR_MERGE:          0
cpu2->cpu2_L1D LOAD         ACCESS:   11653066 HIT:   11653064 MISS:          2 MSHR_MERGE:          0
cpu2->cpu2_L1D RFO          ACCESS:          0 HIT:          0 MISS:          0 MSHR_MERGE:          0
cpu2->cpu2_L1D PREFETCH     ACCESS:          0 HIT:          0 MISS:          0 MSHR_MERGE:          0
cpu2->cpu2_L1D WRITE        ACCESS:   16178355 HIT:   16178355 MISS:          0 MSHR_MERGE:          0
cpu2->cpu2_L1D TRANSLATION  ACCESS:          0 HIT:          0 MISS:          0 MSHR_MERGE:          0
cpu2->cpu2_L1D PREFETCH REQUESTED:          0 ISSUED:          0 USEFUL:          0 USELESS:          0
cpu2->cpu2_L1D AVERAGE MISS LATENCY: 180 cycles
cpu2->cpu2_ITLB TOTAL        ACCESS:   15012224 HIT:   15012224 MISS:          0 MSHR_MERGE:          0
cpu2->cpu2_ITLB LOAD         ACCESS:   15012224 HIT:   15012224 MISS:          0 MSHR_MERGE:          0
cpu2->cpu2_ITLB RFO          ACCESS:          0 HIT:          0 MISS:          0 MSHR_MERGE:          0
cpu2->cpu2_ITLB PREFETCH     ACCESS:          0 HIT:          0 MISS:          0 MSHR_MERGE:          0
cpu2->cpu2_ITLB WRITE        ACCESS:          0 HIT:          0 MISS:          0 MSHR_MERGE:          0
cpu2->cpu2_ITLB TRANSLATION  ACCESS:          0 HIT:          0 MISS:          0 MSHR_MERGE:          0
cpu2->cpu2_ITLB PREFETCH REQUESTED:          0 ISSUED:          0 USEFUL:          0 USELESS:          0
cpu2->cpu2_ITLB AVERAGE MISS LATENCY: - cycles
cpu2->cpu2_DTLB TOTAL        ACCESS:   23853456 HIT:   23853456 MISS:          0 MSHR_MERGE:          0
cpu2->cpu2_DTLB LOAD         ACCESS:   23853456 HIT:   23853456 MISS:          0 MSHR_MERGE:          0
cpu2->cpu2_DTLB RFO          ACCESS:          0 HIT:          0 MISS:          0 MSHR_MERGE:          0
cpu2->cpu2_DTLB PREFETCH     ACCESS:          0 HIT:          0 MISS:          0 MSHR_MERGE:          0
cpu2->cpu2_DTLB WRITE        ACCESS:          0 HIT:          0 MISS:          0 MSHR_MERGE:          0
cpu2->cpu2_DTLB TRANSLATION  ACCESS:          0 HIT:          0 MISS:          0 MSHR_MERGE:          0
cpu2->cpu2_DTLB PREFETCH REQUESTED:          0 ISSUED:          0 USEFUL:          0 USELESS:          0
cpu2->cpu2_DTLB AVERAGE MISS LATENCY: - cycles
cpu1->cpu1_L2C TOTAL        ACCESS:       6418 HIT:       6409 MISS:          9 MSHR_MERGE:          0
cpu1->cpu1_L2C LOAD         ACCESS:       6418 HIT:       6409 MISS:          9 MSHR_MERGE:          0
cpu1->cpu1_L2C RFO          ACCESS:          0 HIT:          0 MISS:          0 MSHR_MERGE:          0
cpu1->cpu1_L2C PREFETCH     ACCESS:          0 HIT:          0 MISS:          0 MSHR_MERGE:          0
cpu1->cpu1_L2C WRITE        ACCESS:          0 HIT:          0 MISS:          0 MSHR_MERGE:          0
cpu1->cpu1_L2C TRANSLATION  ACCESS:          0 HIT:          0 MISS:          0 MSHR_MERGE:          0
cpu1->cpu1_L2C PREFETCH REQUESTED:          0 ISSUED:          0 USEFUL:          0 USELESS:          0
cpu1->cpu1_L2C AVERAGE MISS LATENCY: 171 cycles
cpu1->cpu1_L1I TOTAL        ACCESS:   18351956 HIT:   18338357 MISS:      13599 MSHR_MERGE:       7183
cpu1->cpu1_L1I LOAD         ACCESS:   18351956 HIT:   18338357 MISS:      13599 MSHR_MERGE:       7183
cpu1->cpu1_L1I RFO          ACCESS:          0 HIT:          0 MISS:          0 MSHR_MERGE:          0
cpu1->cpu1_L1I PREFETCH     ACCESS:          0 HIT:          0 MISS:          0 MSHR_MERGE:          0
cpu1->cpu1_L1I WRITE        ACCESS:          0 HIT:          0 MISS:          0 MSHR_MERGE:          0
cpu1->cpu1_L1I TRANSLATION  ACCESS:          0 HIT:          0 MISS:          0 MSHR_MERGE:          0
cpu1->cpu1_L1I PREFETCH REQUESTED:          0 ISSUED:          0 USEFUL:          0 USELESS:          0
cpu1->cpu1_L1I AVERAGE MISS LATENCY: 7.215 cycles
cpu1->cpu1_L1D TOTAL        ACCESS:   27797400 HIT:   27797398 MISS:          2 MSHR_MERGE:          0
cpu1->cpu1_L1D LOAD         ACCESS:   11633330 HIT:   11633328 MISS:          2 MSHR_MERGE:          0
cpu1->cpu1_L1D RFO          ACCESS:          0 HIT:          0 MISS:          0 MSHR_MERGE:          0
cpu1->cpu1_L1D PREFETCH     ACCESS:          0 HIT:          0 MISS:          0 MSHR_MERGE:          0
cpu1->cpu1_L1D WRITE        ACCESS:   16164070 HIT:   16164070 MISS:          0 MSHR_MERGE:          0
cpu1->cpu1_L1D TRANSLATION  ACCESS:          0 HIT:          0 MISS:          0 MSHR_MERGE:          0
cpu1->cpu1_L1D PREFETCH REQUESTED:          0 ISSUED:          0 USEFUL:          0 USELESS:          0
cpu1->cpu1_L1D AVERAGE MISS LATENCY: 179.5 cycles
cpu1->cpu1_ITLB TOTAL        ACCESS:   15022012 HIT:   15022012 MISS:          0 MSHR_MERGE:          0
cpu1->cpu1_ITLB LOAD         ACCESS:   15022012 HIT:   15022012 MISS:          0 MSHR_MERGE:          0
cpu1->cpu1_ITLB RFO          ACCESS:          0 HIT:          0 MISS:          0 MSHR_MERGE:          0
cpu1->cpu1_ITLB PREFETCH     ACCESS:          0 HIT:          0 MISS:          0 MSHR_MERGE:          0
cpu1->cpu1_ITLB WRITE        ACCESS:          0 HIT:          0 MISS:          0 MSHR_MERGE:          0
cpu1->cpu1_ITLB TRANSLATION  ACCESS:          0 HIT:          0 MISS:          0 MSHR_MERGE:          0
cpu1->cpu1_ITLB PREFETCH REQUESTED:          0 ISSUED:          0 USEFUL:          0 USELESS:          0
cpu1->cpu1_ITLB AVERAGE MISS LATENCY: - cycles
cpu1->cpu1_DTLB TOTAL        ACCESS:   23836204 HIT:   23836204 MISS:          0 MSHR_MERGE:          0
cpu1->cpu1_DTLB LOAD         ACCESS:   23836204 HIT:   23836204 MISS:          0 MSHR_MERGE:          0
cpu1->cpu1_DTLB RFO          ACCESS:          0 HIT:          0 MISS:          0 MSHR_MERGE:          0
cpu1->cpu1_DTLB PREFETCH     ACCESS:          0 HIT:          0 MISS:          0 MSHR_MERGE:          0
cpu1->cpu1_DTLB WRITE        ACCESS:          0 HIT:          0 MISS:          0 MSHR_MERGE:          0
cpu1->cpu1_DTLB TRANSLATION  ACCESS:          0 HIT:          0 MISS:          0 MSHR_MERGE:          0
cpu1->cpu1_DTLB PREFETCH REQUESTED:          0 ISSUED:          0 USEFUL:          0 USELESS:          0
cpu1->cpu1_DTLB AVERAGE MISS LATENCY: - cycles
cpu0->cpu0_L2C TOTAL        ACCESS:       6418 HIT:       6409 MISS:          9 MSHR_MERGE:          0
cpu0->cpu0_L2C LOAD         ACCESS:       6418 HIT:       6409 MISS:          9 MSHR_MERGE:          0
cpu0->cpu0_L2C RFO          ACCESS:          0 HIT:          0 MISS:          0 MSHR_MERGE:          0
cpu0->cpu0_L2C PREFETCH     ACCESS:          0 HIT:          0 MISS:          0 MSHR_MERGE:          0
cpu0->cpu0_L2C WRITE        ACCESS:          0 HIT:          0 MISS:          0 MSHR_MERGE:          0
cpu0->cpu0_L2C TRANSLATION  ACCESS:          0 HIT:          0 MISS:          0 MSHR_MERGE:          0
cpu0->cpu0_L2C PREFETCH REQUESTED:          0 ISSUED:          0 USEFUL:          0 USELESS:          0
cpu0->cpu0_L2C AVERAGE MISS LATENCY: 171 cycles
cpu0->cpu0_L1I TOTAL        ACCESS:   18369984 HIT:   18356406 MISS:      13578 MSHR_MERGE:       7162
cpu0->cpu0_L1I LOAD         ACCESS:   18369984 HIT:   18356406 MISS:      13578 MSHR_MERGE:       7162
cpu0->cpu0_L1I RFO          ACCESS:          0 HIT:          0 MISS:          0 MSHR_MERGE:          0
cpu0->cpu0_L1I PREFETCH     ACCESS:          0 HIT:          0 MISS:          0 MSHR_MERGE:          0
cpu0->cpu0_L1I WRITE        ACCESS:          0 HIT:          0 MISS:          0 MSHR_MERGE:          0
cpu0->cpu0_L1I TRANSLATION  ACCESS:          0 HIT:          0 MISS:          0 MSHR_MERGE:          0
cpu0->cpu0_L1I PREFETCH REQUESTED:          0 ISSUED:          0 USEFUL:          0 USELESS:          0
cpu0->cpu0_L1I AVERAGE MISS LATENCY: 7.215 cycles
cpu0->cpu0_L1D TOTAL        ACCESS:   27857502 HIT:   27857500 MISS:          2 MSHR_MERGE:          0
cpu0->cpu0_L1D LOAD         ACCESS:   11664442 HIT:   11664440 MISS:          2 MSHR_MERGE:          0
cpu0->cpu0_L1D RFO          ACCESS:          0 HIT:          0 MISS:          0 MSHR_MERGE:          0
cpu0->cpu0_L1D PREFETCH     ACCESS:          0 HIT:          0 MISS:          0 MSHR_MERGE:          0
cpu0->cpu0_L1D WRITE        ACCESS:   16193060 HIT:   16193060 MISS:          0 MSHR_MERGE:          0
cpu0->cpu0_L1D TRANSLATION  ACCESS:          0 HIT:          0 MISS:          0 MSHR_MERGE:          0
cpu0->cpu0_L1D PREFETCH REQUESTED:          0 ISSUED:          0 USEFUL:          0 USELESS:          0
cpu0->cpu0_L1D AVERAGE MISS LATENCY: 180 cycles
cpu0->cpu0_ITLB TOTAL        ACCESS:   15035820 HIT:   15035820 MISS:          0 MSHR_MERGE:          0
cpu0->cpu0_ITLB LOAD         ACCESS:   15035820 HIT:   15035820 MISS:          0 MSHR_MERGE:          0
cpu0->cpu0_ITLB RFO          ACCESS:          0 HIT:          0 MISS:          0 MSHR_MERGE:          0
cpu0->cpu0_ITLB PREFETCH     ACCESS:          0 HIT:          0 MISS:          0 MSHR_MERGE:          0
cpu0->cpu0_ITLB WRITE        ACCESS:          0 HIT:          0 MISS:          0 MSHR_MERGE:          0
cpu0->cpu0_ITLB TRANSLATION  ACCESS:          0 HIT:          0 MISS:          0 MSHR_MERGE:          0
cpu0->cpu0_ITLB PREFETCH REQUESTED:          0 ISSUED:          0 USEFUL:          0 USELESS:          0
cpu0->cpu0_ITLB AVERAGE MISS LATENCY: - cycles
cpu0->cpu0_DTLB TOTAL        ACCESS:   23935600 HIT:   23935600 MISS:          0 MSHR_MERGE:          0
cpu0->cpu0_DTLB LOAD         ACCESS:   23935600 HIT:   23935600 MISS:          0 MSHR_MERGE:          0
cpu0->cpu0_DTLB RFO          ACCESS:          0 HIT:          0 MISS:          0 MSHR_MERGE:          0
cpu0->cpu0_DTLB PREFETCH     ACCESS:          0 HIT:          0 MISS:          0 MSHR_MERGE:          0
cpu0->cpu0_DTLB WRITE        ACCESS:          0 HIT:          0 MISS:          0 MSHR_MERGE:          0
cpu0->cpu0_DTLB TRANSLATION  ACCESS:          0 HIT:          0 MISS:          0 MSHR_MERGE:          0
cpu0->cpu0_DTLB PREFETCH REQUESTED:          0 ISSUED:          0 USEFUL:          0 USELESS:          0
cpu0->cpu0_DTLB AVERAGE MISS LATENCY: - cycles
cpu0->LLC TOTAL        ACCESS:          9 HIT:          0 MISS:          9 MSHR_MERGE:          0
cpu0->LLC LOAD         ACCESS:          9 HIT:          0 MISS:          9 MSHR_MERGE:          0
cpu0->LLC RFO          ACCESS:          0 HIT:          0 MISS:          0 MSHR_MERGE:          0
cpu0->LLC PREFETCH     ACCESS:          0 HIT:          0 MISS:          0 MSHR_MERGE:          0
cpu0->LLC WRITE        ACCESS:          0 HIT:          0 MISS:          0 MSHR_MERGE:          0
cpu0->LLC TRANSLATION  ACCESS:          0 HIT:          0 MISS:          0 MSHR_MERGE:          0
cpu0->LLC PREFETCH REQUESTED:          0 ISSUED:          0 USEFUL:          0 USELESS:          0
cpu0->LLC AVERAGE MISS LATENCY: 1258 cycles
cpu1->LLC TOTAL        ACCESS:          9 HIT:          0 MISS:          9 MSHR_MERGE:          0
cpu1->LLC LOAD         ACCESS:          9 HIT:          0 MISS:          9 MSHR_MERGE:          0
cpu1->LLC RFO          ACCESS:          0 HIT:          0 MISS:          0 MSHR_MERGE:          0
cpu1->LLC PREFETCH     ACCESS:          0 HIT:          0 MISS:          0 MSHR_MERGE:          0
cpu1->LLC WRITE        ACCESS:          0 HIT:          0 MISS:          0 MSHR_MERGE:          0
cpu1->LLC TRANSLATION  ACCESS:          0 HIT:          0 MISS:          0 MSHR_MERGE:          0
cpu1->LLC PREFETCH REQUESTED:          0 ISSUED:          0 USEFUL:          0 USELESS:          0
cpu1->LLC AVERAGE MISS LATENCY: 1258 cycles
cpu2->LLC TOTAL        ACCESS:          9 HIT:          0 MISS:          9 MSHR_MERGE:          0
cpu2->LLC LOAD         ACCESS:          9 HIT:          0 MISS:          9 MSHR_MERGE:          0
cpu2->LLC RFO          ACCESS:          0 HIT:          0 MISS:          0 MSHR_MERGE:          0
cpu2->LLC PREFETCH     ACCESS:          0 HIT:          0 MISS:          0 MSHR_MERGE:          0
cpu2->LLC WRITE        ACCESS:          0 HIT:          0 MISS:          0 MSHR_MERGE:          0
cpu2->LLC TRANSLATION  ACCESS:          0 HIT:          0 MISS:          0 MSHR_MERGE:          0
cpu2->LLC PREFETCH REQUESTED:          0 ISSUED:          0 USEFUL:          0 USELESS:          0
cpu2->LLC AVERAGE MISS LATENCY: 1258 cycles
cpu3->LLC TOTAL        ACCESS:          9 HIT:          0 MISS:          9 MSHR_MERGE:          0
cpu3->LLC LOAD         ACCESS:          9 HIT:          0 MISS:          9 MSHR_MERGE:          0
cpu3->LLC RFO          ACCESS:          0 HIT:          0 MISS:          0 MSHR_MERGE:          0
cpu3->LLC PREFETCH     ACCESS:          0 HIT:          0 MISS:          0 MSHR_MERGE:          0
cpu3->LLC WRITE        ACCESS:          0 HIT:          0 MISS:          0 MSHR_MERGE:          0
cpu3->LLC TRANSLATION  ACCESS:          0 HIT:          0 MISS:          0 MSHR_MERGE:          0
cpu3->LLC PREFETCH REQUESTED:          0 ISSUED:          0 USEFUL:          0 USELESS:          0
cpu3->LLC AVERAGE MISS LATENCY: 1258 cycles
cpu4->LLC TOTAL        ACCESS:          9 HIT:          0 MISS:          9 MSHR_MERGE:          0
cpu4->LLC LOAD         ACCESS:          9 HIT:          0 MISS:          9 MSHR_MERGE:          0
cpu4->LLC RFO          ACCESS:          0 HIT:          0 MISS:          0 MSHR_MERGE:          0
cpu4->LLC PREFETCH     ACCESS:          0 HIT:          0 MISS:          0 MSHR_MERGE:          0
cpu4->LLC WRITE        ACCESS:          0 HIT:          0 MISS:          0 MSHR_MERGE:          0
cpu4->LLC TRANSLATION  ACCESS:          0 HIT:          0 MISS:          0 MSHR_MERGE:          0
cpu4->LLC PREFETCH REQUESTED:          0 ISSUED:          0 USEFUL:          0 USELESS:          0
cpu4->LLC AVERAGE MISS LATENCY: 1258 cycles
cpu5->LLC TOTAL        ACCESS:          9 HIT:          0 MISS:          9 MSHR_MERGE:          0
cpu5->LLC LOAD         ACCESS:          9 HIT:          0 MISS:          9 MSHR_MERGE:          0
cpu5->LLC RFO          ACCESS:          0 HIT:          0 MISS:          0 MSHR_MERGE:          0
cpu5->LLC PREFETCH     ACCESS:          0 HIT:          0 MISS:          0 MSHR_MERGE:          0
cpu5->LLC WRITE        ACCESS:          0 HIT:          0 MISS:          0 MSHR_MERGE:          0
cpu5->LLC TRANSLATION  ACCESS:          0 HIT:          0 MISS:          0 MSHR_MERGE:          0
cpu5->LLC PREFETCH REQUESTED:          0 ISSUED:          0 USEFUL:          0 USELESS:          0
cpu5->LLC AVERAGE MISS LATENCY: 1258 cycles
cpu6->LLC TOTAL        ACCESS:          9 HIT:          0 MISS:          9 MSHR_MERGE:          0
cpu6->LLC LOAD         ACCESS:          9 HIT:          0 MISS:          9 MSHR_MERGE:          0
cpu6->LLC RFO          ACCESS:          0 HIT:          0 MISS:          0 MSHR_MERGE:          0
cpu6->LLC PREFETCH     ACCESS:          0 HIT:          0 MISS:          0 MSHR_MERGE:          0
cpu6->LLC WRITE        ACCESS:          0 HIT:          0 MISS:          0 MSHR_MERGE:          0
cpu6->LLC TRANSLATION  ACCESS:          0 HIT:          0 MISS:          0 MSHR_MERGE:          0
cpu6->LLC PREFETCH REQUESTED:          0 ISSUED:          0 USEFUL:          0 USELESS:          0
cpu6->LLC AVERAGE MISS LATENCY: 1258 cycles
cpu7->LLC TOTAL        ACCESS:          9 HIT:          0 MISS:          9 MSHR_MERGE:          0
cpu7->LLC LOAD         ACCESS:          9 HIT:          0 MISS:          9 MSHR_MERGE:          0
cpu7->LLC RFO          ACCESS:          0 HIT:          0 MISS:          0 MSHR_MERGE:          0
cpu7->LLC PREFETCH     ACCESS:          0 HIT:          0 MISS:          0 MSHR_MERGE:          0
cpu7->LLC WRITE        ACCESS:          0 HIT:          0 MISS:          0 MSHR_MERGE:          0
cpu7->LLC TRANSLATION  ACCESS:          0 HIT:          0 MISS:          0 MSHR_MERGE:          0
cpu7->LLC PREFETCH REQUESTED:          0 ISSUED:          0 USEFUL:          0 USELESS:          0
cpu7->LLC AVERAGE MISS LATENCY: 1258 cycles

DRAM Statistics

Channel 0 READ REQS:         48	WRITE REQS:          0
  READS:         48	READ_HITS:          0
  WRITES:          0	WRITE HITS:          0
  ACTIVATES:         48	PRECHARGES:         48
  RQ FULL:          0	WQ FULL:          0
  WRITE DRAINS:          0	FORCED:          0
  MEAN WRITE IMBALANCE: nan       
  READ OCCU PRE DRAIN: nan       	POST DRAIN: nan       
  MEAN WLP: nan       
  READ LATENCY: 36.770833333333336

Channel 1 READ REQS:         24	WRITE REQS:          0
  READS:         24	READ_HITS:          0
  WRITES:          0	WRITE HITS:          0
  ACTIVATES:         24	PRECHARGES:         24
  RQ FULL:          0	WQ FULL:          0
  WRITE DRAINS:          0	FORCED:          0
  MEAN WRITE IMBALANCE: nan       
  READ OCCU PRE DRAIN: nan       	POST DRAIN: nan       
  MEAN WLP: nan       
  READ LATENCY:         36
WCACHE NON LRU EVICTS: 0	TOTAL EVICTS: 1
