[VMEM] WARNING: physical memory size is smaller than virtual memory size.
dram page policy: is open = 0	is close = 0	is soft close = 1	cmd arg = 2

*** ChampSim Multicore Out-of-Order Simulator ***
Warmup Instructions: 25000000
Simulation Instructions: 100000000
Number of CPUs: 8
Page size: 2097152

CL :	 16.64 ns
CWL :	 15.808 ns
tRP :	 16.224 ns
tRCD :	 16.224 ns
tRAS :	 32.032000000000004 ns
tRTP :	 7.904 ns
tWR :	 30.368000000000002 ns

tCCD_S :	 3.3280000000000003 ns
tCCD_S_WR :	 3.3280000000000003 ns
tCCD_S_WTR :	 22.048000000000002 ns
tCCD_L :	 5.408 ns
tCCD_L_WR :	 20.384 ns
tCCD_L_WTR :	 29.536 ns
tRRD_S :	 3.3280000000000003 ns
tRRD_L :	 5.408 ns
tFAW :	 13.728 ns
Address mapping (perm = 1) 	ch co bg bg bg ba ba co co co co co co ro ro ro ro ro ro ro ro ro ro ro ro ro ro ro 
dram queue size: R = 64 W = 64 (low:high is 12:52)
max lookup for evict 0 = 16
lookup_sel: 128 128 128 128 128 128 128 128 128 128 128 128 128 128 128 128
Heartbeat CPU 0 instructions: 10000000 cycles: 2519606 heartbeat IPC: 3.969 cumulative IPC: 3.969 (Simulation time: 00 hr 11 min 05 sec)
Heartbeat CPU 1 instructions: 10000000 cycles: 2519856 heartbeat IPC: 3.968 cumulative IPC: 3.968 (Simulation time: 00 hr 11 min 05 sec)
Heartbeat CPU 2 instructions: 10000000 cycles: 2519960 heartbeat IPC: 3.968 cumulative IPC: 3.968 (Simulation time: 00 hr 11 min 05 sec)
Heartbeat CPU 3 instructions: 10000000 cycles: 2519985 heartbeat IPC: 3.968 cumulative IPC: 3.968 (Simulation time: 00 hr 11 min 05 sec)
Heartbeat CPU 5 instructions: 10000000 cycles: 2520118 heartbeat IPC: 3.968 cumulative IPC: 3.968 (Simulation time: 00 hr 11 min 05 sec)
Heartbeat CPU 6 instructions: 10000000 cycles: 2520153 heartbeat IPC: 3.968 cumulative IPC: 3.968 (Simulation time: 00 hr 11 min 05 sec)
Heartbeat CPU 4 instructions: 10000000 cycles: 2520178 heartbeat IPC: 3.968 cumulative IPC: 3.968 (Simulation time: 00 hr 11 min 05 sec)
Heartbeat CPU 7 instructions: 10000000 cycles: 2520214 heartbeat IPC: 3.968 cumulative IPC: 3.968 (Simulation time: 00 hr 11 min 05 sec)
Heartbeat CPU 0 instructions: 20000000 cycles: 5033412 heartbeat IPC: 3.978 cumulative IPC: 3.973 (Simulation time: 00 hr 22 min 23 sec)
Heartbeat CPU 3 instructions: 20000000 cycles: 5033791 heartbeat IPC: 3.978 cumulative IPC: 3.973 (Simulation time: 00 hr 22 min 23 sec)
Heartbeat CPU 1 instructions: 20000003 cycles: 5033799 heartbeat IPC: 3.978 cumulative IPC: 3.973 (Simulation time: 00 hr 22 min 23 sec)
Heartbeat CPU 5 instructions: 20000000 cycles: 5033922 heartbeat IPC: 3.978 cumulative IPC: 3.973 (Simulation time: 00 hr 22 min 23 sec)
Heartbeat CPU 6 instructions: 20000000 cycles: 5033965 heartbeat IPC: 3.978 cumulative IPC: 3.973 (Simulation time: 00 hr 22 min 23 sec)
Heartbeat CPU 7 instructions: 20000003 cycles: 5034034 heartbeat IPC: 3.978 cumulative IPC: 3.973 (Simulation time: 00 hr 22 min 23 sec)
Heartbeat CPU 4 instructions: 20000003 cycles: 5034215 heartbeat IPC: 3.978 cumulative IPC: 3.973 (Simulation time: 00 hr 22 min 23 sec)
Heartbeat CPU 2 instructions: 20000003 cycles: 5034467 heartbeat IPC: 3.977 cumulative IPC: 3.973 (Simulation time: 00 hr 22 min 23 sec)
Warmup finished CPU 0 instructions: 25000004 cycles: 6291313 cumulative IPC: 3.974 (Simulation time: 00 hr 27 min 56 sec)
Warmup finished CPU 3 instructions: 25000004 cycles: 6291692 cumulative IPC: 3.973 (Simulation time: 00 hr 27 min 56 sec)
Warmup finished CPU 1 instructions: 25000002 cycles: 6291735 cumulative IPC: 3.973 (Simulation time: 00 hr 27 min 56 sec)
Warmup finished CPU 6 instructions: 25000004 cycles: 6291867 cumulative IPC: 3.973 (Simulation time: 00 hr 27 min 56 sec)
Warmup finished CPU 5 instructions: 25000003 cycles: 6291874 cumulative IPC: 3.973 (Simulation time: 00 hr 27 min 56 sec)
Warmup finished CPU 7 instructions: 25000003 cycles: 6291930 cumulative IPC: 3.973 (Simulation time: 00 hr 27 min 56 sec)
Warmup finished CPU 4 instructions: 25000002 cycles: 6292151 cumulative IPC: 3.973 (Simulation time: 00 hr 27 min 56 sec)
Warmup finished CPU 2 instructions: 25000004 cycles: 6292381 cumulative IPC: 3.973 (Simulation time: 00 hr 27 min 56 sec)
Warmup complete CPU 7 instructions: 25001825 cycles: 6292381 cumulative IPC: 3.973 (Simulation time: 00 hr 27 min 56 sec)
Warmup complete CPU 6 instructions: 25002073 cycles: 6292381 cumulative IPC: 3.973 (Simulation time: 00 hr 27 min 56 sec)
Warmup complete CPU 5 instructions: 25002090 cycles: 6292381 cumulative IPC: 3.973 (Simulation time: 00 hr 27 min 56 sec)
Warmup complete CPU 4 instructions: 25000947 cycles: 6292381 cumulative IPC: 3.973 (Simulation time: 00 hr 27 min 56 sec)
Warmup complete CPU 3 instructions: 25002773 cycles: 6292381 cumulative IPC: 3.973 (Simulation time: 00 hr 27 min 56 sec)
Warmup complete CPU 2 instructions: 25000004 cycles: 6292381 cumulative IPC: 3.973 (Simulation time: 00 hr 27 min 56 sec)
Warmup complete CPU 1 instructions: 25002611 cycles: 6292381 cumulative IPC: 3.973 (Simulation time: 00 hr 27 min 56 sec)
Warmup complete CPU 0 instructions: 25004289 cycles: 6292381 cumulative IPC: 3.974 (Simulation time: 00 hr 27 min 56 sec)
Heartbeat CPU 0 instructions: 30000002 cycles: 8032654 heartbeat IPC: 3.334 cumulative IPC: 2.871 (Simulation time: 00 hr 34 min 24 sec)
Heartbeat CPU 3 instructions: 30000002 cycles: 8033400 heartbeat IPC: 3.334 cumulative IPC: 2.87 (Simulation time: 00 hr 34 min 24 sec)
Heartbeat CPU 6 instructions: 30000002 cycles: 8033686 heartbeat IPC: 3.334 cumulative IPC: 2.87 (Simulation time: 00 hr 34 min 24 sec)
Heartbeat CPU 4 instructions: 30000007 cycles: 8034291 heartbeat IPC: 3.333 cumulative IPC: 2.87 (Simulation time: 00 hr 34 min 24 sec)
Heartbeat CPU 7 instructions: 30000007 cycles: 8034483 heartbeat IPC: 3.333 cumulative IPC: 2.869 (Simulation time: 00 hr 34 min 24 sec)
Heartbeat CPU 5 instructions: 30000002 cycles: 8034614 heartbeat IPC: 3.333 cumulative IPC: 2.869 (Simulation time: 00 hr 34 min 24 sec)
Heartbeat CPU 2 instructions: 30000007 cycles: 8035139 heartbeat IPC: 3.333 cumulative IPC: 2.869 (Simulation time: 00 hr 34 min 25 sec)
Heartbeat CPU 1 instructions: 30000007 cycles: 8036109 heartbeat IPC: 3.331 cumulative IPC: 2.866 (Simulation time: 00 hr 34 min 25 sec)
Heartbeat CPU 0 instructions: 40000005 cycles: 11536438 heartbeat IPC: 2.854 cumulative IPC: 2.86 (Simulation time: 00 hr 46 min 31 sec)
Heartbeat CPU 6 instructions: 40000005 cycles: 11536846 heartbeat IPC: 2.855 cumulative IPC: 2.86 (Simulation time: 00 hr 46 min 32 sec)
Heartbeat CPU 3 instructions: 40000005 cycles: 11537166 heartbeat IPC: 2.854 cumulative IPC: 2.859 (Simulation time: 00 hr 46 min 32 sec)
Heartbeat CPU 4 instructions: 40000010 cycles: 11538518 heartbeat IPC: 2.854 cumulative IPC: 2.859 (Simulation time: 00 hr 46 min 32 sec)
Heartbeat CPU 5 instructions: 40000005 cycles: 11539738 heartbeat IPC: 2.853 cumulative IPC: 2.858 (Simulation time: 00 hr 46 min 32 sec)
Heartbeat CPU 2 instructions: 40000010 cycles: 11540291 heartbeat IPC: 2.853 cumulative IPC: 2.858 (Simulation time: 00 hr 46 min 32 sec)
Heartbeat CPU 7 instructions: 40000010 cycles: 11540433 heartbeat IPC: 2.852 cumulative IPC: 2.858 (Simulation time: 00 hr 46 min 32 sec)
Heartbeat CPU 1 instructions: 40000010 cycles: 11544685 heartbeat IPC: 2.85 cumulative IPC: 2.855 (Simulation time: 00 hr 46 min 33 sec)
Heartbeat CPU 0 instructions: 50000007 cycles: 15036453 heartbeat IPC: 2.857 cumulative IPC: 2.859 (Simulation time: 00 hr 58 min 22 sec)
Heartbeat CPU 6 instructions: 50000005 cycles: 15036460 heartbeat IPC: 2.857 cumulative IPC: 2.859 (Simulation time: 00 hr 58 min 22 sec)
Heartbeat CPU 3 instructions: 50000007 cycles: 15036618 heartbeat IPC: 2.858 cumulative IPC: 2.859 (Simulation time: 00 hr 58 min 22 sec)
Heartbeat CPU 4 instructions: 50000012 cycles: 15039359 heartbeat IPC: 2.856 cumulative IPC: 2.858 (Simulation time: 00 hr 58 min 23 sec)
Heartbeat CPU 5 instructions: 50000005 cycles: 15041128 heartbeat IPC: 2.856 cumulative IPC: 2.857 (Simulation time: 00 hr 58 min 23 sec)
Heartbeat CPU 2 instructions: 50000010 cycles: 15041277 heartbeat IPC: 2.856 cumulative IPC: 2.858 (Simulation time: 00 hr 58 min 23 sec)
Heartbeat CPU 7 instructions: 50000010 cycles: 15042488 heartbeat IPC: 2.855 cumulative IPC: 2.857 (Simulation time: 00 hr 58 min 23 sec)
Heartbeat CPU 1 instructions: 50000010 cycles: 15049299 heartbeat IPC: 2.853 cumulative IPC: 2.855 (Simulation time: 00 hr 58 min 25 sec)
Heartbeat CPU 0 instructions: 60000009 cycles: 18518093 heartbeat IPC: 2.872 cumulative IPC: 2.862 (Simulation time: 01 hr 09 min 54 sec)
Heartbeat CPU 6 instructions: 60000009 cycles: 18518332 heartbeat IPC: 2.872 cumulative IPC: 2.863 (Simulation time: 01 hr 09 min 54 sec)
Heartbeat CPU 3 instructions: 60000009 cycles: 18518889 heartbeat IPC: 2.872 cumulative IPC: 2.862 (Simulation time: 01 hr 09 min 54 sec)
Heartbeat CPU 4 instructions: 60000013 cycles: 18521912 heartbeat IPC: 2.871 cumulative IPC: 2.862 (Simulation time: 01 hr 09 min 55 sec)
Heartbeat CPU 5 instructions: 60000009 cycles: 18523826 heartbeat IPC: 2.871 cumulative IPC: 2.861 (Simulation time: 01 hr 09 min 55 sec)
Heartbeat CPU 2 instructions: 60000013 cycles: 18524817 heartbeat IPC: 2.871 cumulative IPC: 2.861 (Simulation time: 01 hr 09 min 56 sec)
Heartbeat CPU 7 instructions: 60000013 cycles: 18527086 heartbeat IPC: 2.87 cumulative IPC: 2.861 (Simulation time: 01 hr 09 min 56 sec)
Heartbeat CPU 1 instructions: 60000013 cycles: 18536567 heartbeat IPC: 2.868 cumulative IPC: 2.858 (Simulation time: 01 hr 09 min 58 sec)
Heartbeat CPU 0 instructions: 70000009 cycles: 22018964 heartbeat IPC: 2.856 cumulative IPC: 2.861 (Simulation time: 01 hr 21 min 30 sec)
Heartbeat CPU 6 instructions: 70000009 cycles: 22019006 heartbeat IPC: 2.857 cumulative IPC: 2.861 (Simulation time: 01 hr 21 min 30 sec)
Heartbeat CPU 3 instructions: 70000009 cycles: 22019497 heartbeat IPC: 2.857 cumulative IPC: 2.861 (Simulation time: 01 hr 21 min 30 sec)
Heartbeat CPU 4 instructions: 70000014 cycles: 22023850 heartbeat IPC: 2.856 cumulative IPC: 2.86 (Simulation time: 01 hr 21 min 31 sec)
Heartbeat CPU 5 instructions: 70000009 cycles: 22025684 heartbeat IPC: 2.856 cumulative IPC: 2.86 (Simulation time: 01 hr 21 min 31 sec)
Heartbeat CPU 2 instructions: 70000014 cycles: 22026745 heartbeat IPC: 2.856 cumulative IPC: 2.86 (Simulation time: 01 hr 21 min 32 sec)
Heartbeat CPU 7 instructions: 70000014 cycles: 22030411 heartbeat IPC: 2.854 cumulative IPC: 2.859 (Simulation time: 01 hr 21 min 32 sec)
Heartbeat CPU 1 instructions: 70000014 cycles: 22042842 heartbeat IPC: 2.852 cumulative IPC: 2.857 (Simulation time: 01 hr 21 min 35 sec)
Heartbeat CPU 0 instructions: 80000009 cycles: 25541436 heartbeat IPC: 2.839 cumulative IPC: 2.857 (Simulation time: 01 hr 33 min 07 sec)
Heartbeat CPU 6 instructions: 80000009 cycles: 25541651 heartbeat IPC: 2.839 cumulative IPC: 2.857 (Simulation time: 01 hr 33 min 07 sec)
Heartbeat CPU 3 instructions: 80000009 cycles: 25542588 heartbeat IPC: 2.838 cumulative IPC: 2.857 (Simulation time: 01 hr 33 min 07 sec)
Heartbeat CPU 4 instructions: 80000017 cycles: 25547415 heartbeat IPC: 2.838 cumulative IPC: 2.856 (Simulation time: 01 hr 33 min 08 sec)
Heartbeat CPU 5 instructions: 80000009 cycles: 25549913 heartbeat IPC: 2.838 cumulative IPC: 2.856 (Simulation time: 01 hr 33 min 09 sec)
Heartbeat CPU 2 instructions: 80000017 cycles: 25550695 heartbeat IPC: 2.838 cumulative IPC: 2.856 (Simulation time: 01 hr 33 min 09 sec)
Heartbeat CPU 7 instructions: 80000017 cycles: 25555161 heartbeat IPC: 2.837 cumulative IPC: 2.855 (Simulation time: 01 hr 33 min 10 sec)
Heartbeat CPU 1 instructions: 80000017 cycles: 25570309 heartbeat IPC: 2.835 cumulative IPC: 2.853 (Simulation time: 01 hr 33 min 13 sec)
Heartbeat CPU 0 instructions: 90000010 cycles: 29050494 heartbeat IPC: 2.85 cumulative IPC: 2.856 (Simulation time: 01 hr 44 min 48 sec)
Heartbeat CPU 6 instructions: 90000010 cycles: 29050937 heartbeat IPC: 2.85 cumulative IPC: 2.856 (Simulation time: 01 hr 44 min 48 sec)
Heartbeat CPU 3 instructions: 90000010 cycles: 29051888 heartbeat IPC: 2.85 cumulative IPC: 2.856 (Simulation time: 01 hr 44 min 48 sec)
Heartbeat CPU 4 instructions: 90000020 cycles: 29057432 heartbeat IPC: 2.849 cumulative IPC: 2.855 (Simulation time: 01 hr 44 min 49 sec)
Heartbeat CPU 5 instructions: 90000010 cycles: 29060891 heartbeat IPC: 2.848 cumulative IPC: 2.855 (Simulation time: 01 hr 44 min 50 sec)
Heartbeat CPU 2 instructions: 90000020 cycles: 29061409 heartbeat IPC: 2.848 cumulative IPC: 2.855 (Simulation time: 01 hr 44 min 50 sec)
Heartbeat CPU 7 instructions: 90000020 cycles: 29066627 heartbeat IPC: 2.848 cumulative IPC: 2.854 (Simulation time: 01 hr 44 min 51 sec)
Heartbeat CPU 1 instructions: 90000020 cycles: 29085129 heartbeat IPC: 2.845 cumulative IPC: 2.852 (Simulation time: 01 hr 44 min 55 sec)
Heartbeat CPU 0 instructions: 100000014 cycles: 32527454 heartbeat IPC: 2.876 cumulative IPC: 2.859 (Simulation time: 01 hr 56 min 24 sec)
Heartbeat CPU 6 instructions: 100000014 cycles: 32529252 heartbeat IPC: 2.875 cumulative IPC: 2.858 (Simulation time: 01 hr 56 min 25 sec)
Heartbeat CPU 3 instructions: 100000014 cycles: 32529551 heartbeat IPC: 2.875 cumulative IPC: 2.858 (Simulation time: 01 hr 56 min 25 sec)
Heartbeat CPU 4 instructions: 100000024 cycles: 32535763 heartbeat IPC: 2.875 cumulative IPC: 2.858 (Simulation time: 01 hr 56 min 26 sec)
Heartbeat CPU 2 instructions: 100000024 cycles: 32540450 heartbeat IPC: 2.874 cumulative IPC: 2.857 (Simulation time: 01 hr 56 min 27 sec)
Heartbeat CPU 5 instructions: 100000014 cycles: 32540631 heartbeat IPC: 2.874 cumulative IPC: 2.857 (Simulation time: 01 hr 56 min 27 sec)
Heartbeat CPU 7 instructions: 100000024 cycles: 32546709 heartbeat IPC: 2.873 cumulative IPC: 2.857 (Simulation time: 01 hr 56 min 28 sec)
Heartbeat CPU 1 instructions: 100000024 cycles: 32567884 heartbeat IPC: 2.871 cumulative IPC: 2.854 (Simulation time: 01 hr 56 min 33 sec)
Heartbeat CPU 0 instructions: 110000015 cycles: 36043111 heartbeat IPC: 2.844 cumulative IPC: 2.857 (Simulation time: 02 hr 08 min 06 sec)
Heartbeat CPU 6 instructions: 110000015 cycles: 36045306 heartbeat IPC: 2.844 cumulative IPC: 2.857 (Simulation time: 02 hr 08 min 06 sec)
Heartbeat CPU 3 instructions: 110000015 cycles: 36046019 heartbeat IPC: 2.844 cumulative IPC: 2.857 (Simulation time: 02 hr 08 min 06 sec)
Heartbeat CPU 4 instructions: 110000026 cycles: 36052773 heartbeat IPC: 2.843 cumulative IPC: 2.856 (Simulation time: 02 hr 08 min 08 sec)
Heartbeat CPU 5 instructions: 110000015 cycles: 36058243 heartbeat IPC: 2.843 cumulative IPC: 2.856 (Simulation time: 02 hr 08 min 09 sec)
Heartbeat CPU 2 instructions: 110000026 cycles: 36058539 heartbeat IPC: 2.842 cumulative IPC: 2.856 (Simulation time: 02 hr 08 min 09 sec)
Heartbeat CPU 7 instructions: 110000026 cycles: 36065458 heartbeat IPC: 2.842 cumulative IPC: 2.855 (Simulation time: 02 hr 08 min 10 sec)
Heartbeat CPU 1 instructions: 110000026 cycles: 36088388 heartbeat IPC: 2.841 cumulative IPC: 2.853 (Simulation time: 02 hr 08 min 15 sec)
Heartbeat CPU 0 instructions: 120000016 cycles: 39523843 heartbeat IPC: 2.873 cumulative IPC: 2.859 (Simulation time: 02 hr 19 min 22 sec)
Heartbeat CPU 6 instructions: 120000016 cycles: 39525511 heartbeat IPC: 2.873 cumulative IPC: 2.859 (Simulation time: 02 hr 19 min 23 sec)
Heartbeat CPU 3 instructions: 120000016 cycles: 39526187 heartbeat IPC: 2.873 cumulative IPC: 2.858 (Simulation time: 02 hr 19 min 23 sec)
Heartbeat CPU 4 instructions: 120000026 cycles: 39534267 heartbeat IPC: 2.872 cumulative IPC: 2.858 (Simulation time: 02 hr 19 min 24 sec)
Heartbeat CPU 5 instructions: 120000016 cycles: 39539804 heartbeat IPC: 2.872 cumulative IPC: 2.857 (Simulation time: 02 hr 19 min 25 sec)
Heartbeat CPU 2 instructions: 120000026 cycles: 39540318 heartbeat IPC: 2.872 cumulative IPC: 2.857 (Simulation time: 02 hr 19 min 25 sec)
Heartbeat CPU 7 instructions: 120000026 cycles: 39548362 heartbeat IPC: 2.871 cumulative IPC: 2.857 (Simulation time: 02 hr 19 min 27 sec)
Heartbeat CPU 1 instructions: 120000026 cycles: 39574261 heartbeat IPC: 2.869 cumulative IPC: 2.854 (Simulation time: 02 hr 19 min 32 sec)
Simulation finished CPU 0 instructions: 100000003 cycles: 35029797 cumulative IPC: 2.855 (Simulation time: 02 hr 24 min 55 sec)
Simulation finished CPU 6 instructions: 100000001 cycles: 35030809 cumulative IPC: 2.855 (Simulation time: 02 hr 24 min 56 sec)
Simulation finished CPU 3 instructions: 100000002 cycles: 35032317 cumulative IPC: 2.855 (Simulation time: 02 hr 24 min 56 sec)
Simulation finished CPU 4 instructions: 100000000 cycles: 35040665 cumulative IPC: 2.854 (Simulation time: 02 hr 24 min 57 sec)
Simulation finished CPU 5 instructions: 100000004 cycles: 35046947 cumulative IPC: 2.853 (Simulation time: 02 hr 24 min 58 sec)
Simulation finished CPU 2 instructions: 100000001 cycles: 35047663 cumulative IPC: 2.853 (Simulation time: 02 hr 24 min 58 sec)
Simulation finished CPU 7 instructions: 100000004 cycles: 35055295 cumulative IPC: 2.853 (Simulation time: 02 hr 25 min 00 sec)
Simulation finished CPU 1 instructions: 100000002 cycles: 35082446 cumulative IPC: 2.85 (Simulation time: 02 hr 25 min 04 sec)
Simulation complete CPU 7 instructions: 100057205 cycles: 35082446 cumulative IPC: 2.852 (Simulation time: 02 hr 25 min 04 sec)
Simulation complete CPU 6 instructions: 100129583 cycles: 35082446 cumulative IPC: 2.854 (Simulation time: 02 hr 25 min 04 sec)
Simulation complete CPU 5 instructions: 100081483 cycles: 35082446 cumulative IPC: 2.853 (Simulation time: 02 hr 25 min 04 sec)
Simulation complete CPU 4 instructions: 100100196 cycles: 35082446 cumulative IPC: 2.853 (Simulation time: 02 hr 25 min 04 sec)
Simulation complete CPU 3 instructions: 100124827 cycles: 35082446 cumulative IPC: 2.854 (Simulation time: 02 hr 25 min 04 sec)
Simulation complete CPU 2 instructions: 100079911 cycles: 35082446 cumulative IPC: 2.853 (Simulation time: 02 hr 25 min 04 sec)
Simulation complete CPU 1 instructions: 100000002 cycles: 35082446 cumulative IPC: 2.85 (Simulation time: 02 hr 25 min 04 sec)
Simulation complete CPU 0 instructions: 100132241 cycles: 35082446 cumulative IPC: 2.854 (Simulation time: 02 hr 25 min 04 sec)

ChampSim completed all CPUs

=== Simulation ===
CPU 0 runs ../frost/TRACES/ctf/spec2017/641.leela_s-1052B.champsimtrace.xz
CPU 1 runs ../frost/TRACES/ctf/spec2017/641.leela_s-1052B.champsimtrace.xz
CPU 2 runs ../frost/TRACES/ctf/spec2017/641.leela_s-1052B.champsimtrace.xz
CPU 3 runs ../frost/TRACES/ctf/spec2017/641.leela_s-1052B.champsimtrace.xz
CPU 4 runs ../frost/TRACES/ctf/spec2017/641.leela_s-1052B.champsimtrace.xz
CPU 5 runs ../frost/TRACES/ctf/spec2017/641.leela_s-1052B.champsimtrace.xz
CPU 6 runs ../frost/TRACES/ctf/spec2017/641.leela_s-1052B.champsimtrace.xz
CPU 7 runs ../frost/TRACES/ctf/spec2017/641.leela_s-1052B.champsimtrace.xz

Total Simulation Statistics (not including warmup)

CPU 7 cumulative IPC: 2.852 instructions: 100057205 cycles: 35082446
CPU 7 Branch Prediction Accuracy: 100% MPKI: 0 Average ROB Occupancy at Mispredict: -
Branch type MPKI
BRANCH_DIRECT_JUMP: 0
BRANCH_INDIRECT: 0
BRANCH_CONDITIONAL: 0
BRANCH_DIRECT_CALL: 0
BRANCH_INDIRECT_CALL: 0
BRANCH_RETURN: 0


CPU 6 cumulative IPC: 2.854 instructions: 100129583 cycles: 35082446
CPU 6 Branch Prediction Accuracy: 100% MPKI: 0 Average ROB Occupancy at Mispredict: -
Branch type MPKI
BRANCH_DIRECT_JUMP: 0
BRANCH_INDIRECT: 0
BRANCH_CONDITIONAL: 0
BRANCH_DIRECT_CALL: 0
BRANCH_INDIRECT_CALL: 0
BRANCH_RETURN: 0


CPU 5 cumulative IPC: 2.853 instructions: 100081483 cycles: 35082446
CPU 5 Branch Prediction Accuracy: 100% MPKI: 0 Average ROB Occupancy at Mispredict: -
Branch type MPKI
BRANCH_DIRECT_JUMP: 0
BRANCH_INDIRECT: 0
BRANCH_CONDITIONAL: 0
BRANCH_DIRECT_CALL: 0
BRANCH_INDIRECT_CALL: 0
BRANCH_RETURN: 0


CPU 4 cumulative IPC: 2.853 instructions: 100100196 cycles: 35082446
CPU 4 Branch Prediction Accuracy: 100% MPKI: 0 Average ROB Occupancy at Mispredict: -
Branch type MPKI
BRANCH_DIRECT_JUMP: 0
BRANCH_INDIRECT: 0
BRANCH_CONDITIONAL: 0
BRANCH_DIRECT_CALL: 0
BRANCH_INDIRECT_CALL: 0
BRANCH_RETURN: 0


CPU 3 cumulative IPC: 2.854 instructions: 100124827 cycles: 35082446
CPU 3 Branch Prediction Accuracy: 100% MPKI: 0 Average ROB Occupancy at Mispredict: -
Branch type MPKI
BRANCH_DIRECT_JUMP: 0
BRANCH_INDIRECT: 0
BRANCH_CONDITIONAL: 0
BRANCH_DIRECT_CALL: 0
BRANCH_INDIRECT_CALL: 0
BRANCH_RETURN: 0


CPU 2 cumulative IPC: 2.853 instructions: 100079911 cycles: 35082446
CPU 2 Branch Prediction Accuracy: 100% MPKI: 0 Average ROB Occupancy at Mispredict: -
Branch type MPKI
BRANCH_DIRECT_JUMP: 0
BRANCH_INDIRECT: 0
BRANCH_CONDITIONAL: 0
BRANCH_DIRECT_CALL: 0
BRANCH_INDIRECT_CALL: 0
BRANCH_RETURN: 0


CPU 1 cumulative IPC: 2.85 instructions: 100000002 cycles: 35082446
CPU 1 Branch Prediction Accuracy: 100% MPKI: 0 Average ROB Occupancy at Mispredict: -
Branch type MPKI
BRANCH_DIRECT_JUMP: 0
BRANCH_INDIRECT: 0
BRANCH_CONDITIONAL: 0
BRANCH_DIRECT_CALL: 0
BRANCH_INDIRECT_CALL: 0
BRANCH_RETURN: 0


CPU 0 cumulative IPC: 2.854 instructions: 100132241 cycles: 35082446
CPU 0 Branch Prediction Accuracy: 100% MPKI: 0 Average ROB Occupancy at Mispredict: -
Branch type MPKI
BRANCH_DIRECT_JUMP: 0
BRANCH_INDIRECT: 0
BRANCH_CONDITIONAL: 0
BRANCH_DIRECT_CALL: 0
BRANCH_INDIRECT_CALL: 0
BRANCH_RETURN: 0

cpu7->cpu7_L2C TOTAL        ACCESS:     300670 HIT:     297432 MISS:       3238 MSHR_MERGE:          0
cpu7->cpu7_L2C LOAD         ACCESS:     212575 HIT:     209341 MISS:       3234 MSHR_MERGE:          0
cpu7->cpu7_L2C RFO          ACCESS:      30879 HIT:      30875 MISS:          4 MSHR_MERGE:          0
cpu7->cpu7_L2C PREFETCH     ACCESS:          0 HIT:          0 MISS:          0 MSHR_MERGE:          0
cpu7->cpu7_L2C WRITE        ACCESS:      57216 HIT:      57216 MISS:          0 MSHR_MERGE:          0
cpu7->cpu7_L2C TRANSLATION  ACCESS:          0 HIT:          0 MISS:          0 MSHR_MERGE:          0
cpu7->cpu7_L2C PREFETCH REQUESTED:          0 ISSUED:          0 USEFUL:          0 USELESS:          0
cpu7->cpu7_L2C AVERAGE MISS LATENCY: 100.7 cycles
cpu7->cpu7_L1I TOTAL        ACCESS:   21024919 HIT:   21011326 MISS:      13593 MSHR_MERGE:       6739
cpu7->cpu7_L1I LOAD         ACCESS:   21024919 HIT:   21011326 MISS:      13593 MSHR_MERGE:       6739
cpu7->cpu7_L1I RFO          ACCESS:          0 HIT:          0 MISS:          0 MSHR_MERGE:          0
cpu7->cpu7_L1I PREFETCH     ACCESS:          0 HIT:          0 MISS:          0 MSHR_MERGE:          0
cpu7->cpu7_L1I WRITE        ACCESS:          0 HIT:          0 MISS:          0 MSHR_MERGE:          0
cpu7->cpu7_L1I TRANSLATION  ACCESS:          0 HIT:          0 MISS:          0 MSHR_MERGE:          0
cpu7->cpu7_L1I PREFETCH REQUESTED:          0 ISSUED:          0 USEFUL:          0 USELESS:          0
cpu7->cpu7_L1I AVERAGE MISS LATENCY: 7.198 cycles
cpu7->cpu7_L1D TOTAL        ACCESS:   25720646 HIT:   25310679 MISS:     409967 MSHR_MERGE:     173365
cpu7->cpu7_L1D LOAD         ACCESS:   14383857 HIT:   14060316 MISS:     323541 MSHR_MERGE:     117820
cpu7->cpu7_L1D RFO          ACCESS:          0 HIT:          0 MISS:          0 MSHR_MERGE:          0
cpu7->cpu7_L1D PREFETCH     ACCESS:          0 HIT:          0 MISS:          0 MSHR_MERGE:          0
cpu7->cpu7_L1D WRITE        ACCESS:   11336789 HIT:   11250363 MISS:      86426 MSHR_MERGE:      55545
cpu7->cpu7_L1D TRANSLATION  ACCESS:          0 HIT:          0 MISS:          0 MSHR_MERGE:          0
cpu7->cpu7_L1D PREFETCH REQUESTED:          0 ISSUED:          0 USEFUL:          0 USELESS:          0
cpu7->cpu7_L1D AVERAGE MISS LATENCY: 9.416 cycles
cpu7->cpu7_ITLB TOTAL        ACCESS:   18903903 HIT:   18903903 MISS:          0 MSHR_MERGE:          0
cpu7->cpu7_ITLB LOAD         ACCESS:   18903903 HIT:   18903903 MISS:          0 MSHR_MERGE:          0
cpu7->cpu7_ITLB RFO          ACCESS:          0 HIT:          0 MISS:          0 MSHR_MERGE:          0
cpu7->cpu7_ITLB PREFETCH     ACCESS:          0 HIT:          0 MISS:          0 MSHR_MERGE:          0
cpu7->cpu7_ITLB WRITE        ACCESS:          0 HIT:          0 MISS:          0 MSHR_MERGE:          0
cpu7->cpu7_ITLB TRANSLATION  ACCESS:          0 HIT:          0 MISS:          0 MSHR_MERGE:          0
cpu7->cpu7_ITLB PREFETCH REQUESTED:          0 ISSUED:          0 USEFUL:          0 USELESS:          0
cpu7->cpu7_ITLB AVERAGE MISS LATENCY: - cycles
cpu7->cpu7_DTLB TOTAL        ACCESS:   22320820 HIT:   22320820 MISS:          0 MSHR_MERGE:          0
cpu7->cpu7_DTLB LOAD         ACCESS:   22320820 HIT:   22320820 MISS:          0 MSHR_MERGE:          0
cpu7->cpu7_DTLB RFO          ACCESS:          0 HIT:          0 MISS:          0 MSHR_MERGE:          0
cpu7->cpu7_DTLB PREFETCH     ACCESS:          0 HIT:          0 MISS:          0 MSHR_MERGE:          0
cpu7->cpu7_DTLB WRITE        ACCESS:          0 HIT:          0 MISS:          0 MSHR_MERGE:          0
cpu7->cpu7_DTLB TRANSLATION  ACCESS:          0 HIT:          0 MISS:          0 MSHR_MERGE:          0
cpu7->cpu7_DTLB PREFETCH REQUESTED:          0 ISSUED:          0 USEFUL:          0 USELESS:          0
cpu7->cpu7_DTLB AVERAGE MISS LATENCY: - cycles
cpu6->cpu6_L2C TOTAL        ACCESS:     300815 HIT:     297576 MISS:       3239 MSHR_MERGE:          0
cpu6->cpu6_L2C LOAD         ACCESS:     212685 HIT:     209450 MISS:       3235 MSHR_MERGE:          0
cpu6->cpu6_L2C RFO          ACCESS:      30892 HIT:      30888 MISS:          4 MSHR_MERGE:          0
cpu6->cpu6_L2C PREFETCH     ACCESS:          0 HIT:          0 MISS:          0 MSHR_MERGE:          0
cpu6->cpu6_L2C WRITE        ACCESS:      57238 HIT:      57238 MISS:          0 MSHR_MERGE:          0
cpu6->cpu6_L2C TRANSLATION  ACCESS:          0 HIT:          0 MISS:          0 MSHR_MERGE:          0
cpu6->cpu6_L2C PREFETCH REQUESTED:          0 ISSUED:          0 USEFUL:          0 USELESS:          0
cpu6->cpu6_L2C AVERAGE MISS LATENCY: 101.1 cycles
cpu6->cpu6_L1I TOTAL        ACCESS:   21030267 HIT:   21016691 MISS:      13576 MSHR_MERGE:       6720
cpu6->cpu6_L1I LOAD         ACCESS:   21030267 HIT:   21016691 MISS:      13576 MSHR_MERGE:       6720
cpu6->cpu6_L1I RFO          ACCESS:          0 HIT:          0 MISS:          0 MSHR_MERGE:          0
cpu6->cpu6_L1I PREFETCH     ACCESS:          0 HIT:          0 MISS:          0 MSHR_MERGE:          0
cpu6->cpu6_L1I WRITE        ACCESS:          0 HIT:          0 MISS:          0 MSHR_MERGE:          0
cpu6->cpu6_L1I TRANSLATION  ACCESS:          0 HIT:          0 MISS:          0 MSHR_MERGE:          0
cpu6->cpu6_L1I PREFETCH REQUESTED:          0 ISSUED:          0 USEFUL:          0 USELESS:          0
cpu6->cpu6_L1I AVERAGE MISS LATENCY: 7.198 cycles
cpu6->cpu6_L1D TOTAL        ACCESS:   25743040 HIT:   25332240 MISS:     410800 MSHR_MERGE:     174076
cpu6->cpu6_L1D LOAD         ACCESS:   14396976 HIT:   14072744 MISS:     324232 MSHR_MERGE:     118403
cpu6->cpu6_L1D RFO          ACCESS:          0 HIT:          0 MISS:          0 MSHR_MERGE:          0
cpu6->cpu6_L1D PREFETCH     ACCESS:          0 HIT:          0 MISS:          0 MSHR_MERGE:          0
cpu6->cpu6_L1D WRITE        ACCESS:   11346064 HIT:   11259496 MISS:      86568 MSHR_MERGE:      55673
cpu6->cpu6_L1D TRANSLATION  ACCESS:          0 HIT:          0 MISS:          0 MSHR_MERGE:          0
cpu6->cpu6_L1D PREFETCH REQUESTED:          0 ISSUED:          0 USEFUL:          0 USELESS:          0
cpu6->cpu6_L1D AVERAGE MISS LATENCY: 9.421 cycles
cpu6->cpu6_ITLB TOTAL        ACCESS:   18911911 HIT:   18911911 MISS:          0 MSHR_MERGE:          0
cpu6->cpu6_ITLB LOAD         ACCESS:   18911911 HIT:   18911911 MISS:          0 MSHR_MERGE:          0
cpu6->cpu6_ITLB RFO          ACCESS:          0 HIT:          0 MISS:          0 MSHR_MERGE:          0
cpu6->cpu6_ITLB PREFETCH     ACCESS:          0 HIT:          0 MISS:          0 MSHR_MERGE:          0
cpu6->cpu6_ITLB WRITE        ACCESS:          0 HIT:          0 MISS:          0 MSHR_MERGE:          0
cpu6->cpu6_ITLB TRANSLATION  ACCESS:          0 HIT:          0 MISS:          0 MSHR_MERGE:          0
cpu6->cpu6_ITLB PREFETCH REQUESTED:          0 ISSUED:          0 USEFUL:          0 USELESS:          0
cpu6->cpu6_ITLB AVERAGE MISS LATENCY: - cycles
cpu6->cpu6_DTLB TOTAL        ACCESS:   22395908 HIT:   22395908 MISS:          0 MSHR_MERGE:          0
cpu6->cpu6_DTLB LOAD         ACCESS:   22395908 HIT:   22395908 MISS:          0 MSHR_MERGE:          0
cpu6->cpu6_DTLB RFO          ACCESS:          0 HIT:          0 MISS:          0 MSHR_MERGE:          0
cpu6->cpu6_DTLB PREFETCH     ACCESS:          0 HIT:          0 MISS:          0 MSHR_MERGE:          0
cpu6->cpu6_DTLB WRITE        ACCESS:          0 HIT:          0 MISS:          0 MSHR_MERGE:          0
cpu6->cpu6_DTLB TRANSLATION  ACCESS:          0 HIT:          0 MISS:          0 MSHR_MERGE:          0
cpu6->cpu6_DTLB PREFETCH REQUESTED:          0 ISSUED:          0 USEFUL:          0 USELESS:          0
cpu6->cpu6_DTLB AVERAGE MISS LATENCY: - cycles
cpu5->cpu5_L2C TOTAL        ACCESS:     300725 HIT:     297486 MISS:       3239 MSHR_MERGE:          0
cpu5->cpu5_L2C LOAD         ACCESS:     212616 HIT:     209381 MISS:       3235 MSHR_MERGE:          0
cpu5->cpu5_L2C RFO          ACCESS:      30880 HIT:      30876 MISS:          4 MSHR_MERGE:          0
cpu5->cpu5_L2C PREFETCH     ACCESS:          0 HIT:          0 MISS:          0 MSHR_MERGE:          0
cpu5->cpu5_L2C WRITE        ACCESS:      57229 HIT:      57229 MISS:          0 MSHR_MERGE:          0
cpu5->cpu5_L2C TRANSLATION  ACCESS:          0 HIT:          0 MISS:          0 MSHR_MERGE:          0
cpu5->cpu5_L2C PREFETCH REQUESTED:          0 ISSUED:          0 USEFUL:          0 USELESS:          0
cpu5->cpu5_L2C AVERAGE MISS LATENCY: 101.5 cycles
cpu5->cpu5_L1I TOTAL        ACCESS:   21028726 HIT:   21015154 MISS:      13572 MSHR_MERGE:       6721
cpu5->cpu5_L1I LOAD         ACCESS:   21028726 HIT:   21015154 MISS:      13572 MSHR_MERGE:       6721
cpu5->cpu5_L1I RFO          ACCESS:          0 HIT:          0 MISS:          0 MSHR_MERGE:          0
cpu5->cpu5_L1I PREFETCH     ACCESS:          0 HIT:          0 MISS:          0 MSHR_MERGE:          0
cpu5->cpu5_L1I WRITE        ACCESS:          0 HIT:          0 MISS:          0 MSHR_MERGE:          0
cpu5->cpu5_L1I TRANSLATION  ACCESS:          0 HIT:          0 MISS:          0 MSHR_MERGE:          0
cpu5->cpu5_L1I PREFETCH REQUESTED:          0 ISSUED:          0 USEFUL:          0 USELESS:          0
cpu5->cpu5_L1I AVERAGE MISS LATENCY: 7.2 cycles
cpu5->cpu5_L1D TOTAL        ACCESS:   25732979 HIT:   25322522 MISS:     410457 MSHR_MERGE:     173809
cpu5->cpu5_L1D LOAD         ACCESS:   14391216 HIT:   14067370 MISS:     323846 MSHR_MERGE:     118081
cpu5->cpu5_L1D RFO          ACCESS:          0 HIT:          0 MISS:          0 MSHR_MERGE:          0
cpu5->cpu5_L1D PREFETCH     ACCESS:          0 HIT:          0 MISS:          0 MSHR_MERGE:          0
cpu5->cpu5_L1D WRITE        ACCESS:   11341763 HIT:   11255152 MISS:      86611 MSHR_MERGE:      55728
cpu5->cpu5_L1D TRANSLATION  ACCESS:          0 HIT:          0 MISS:          0 MSHR_MERGE:          0
cpu5->cpu5_L1D PREFETCH REQUESTED:          0 ISSUED:          0 USEFUL:          0 USELESS:          0
cpu5->cpu5_L1D AVERAGE MISS LATENCY: 9.423 cycles
cpu5->cpu5_ITLB TOTAL        ACCESS:   18906878 HIT:   18906878 MISS:          0 MSHR_MERGE:          0
cpu5->cpu5_ITLB LOAD         ACCESS:   18906878 HIT:   18906878 MISS:          0 MSHR_MERGE:          0
cpu5->cpu5_ITLB RFO          ACCESS:          0 HIT:          0 MISS:          0 MSHR_MERGE:          0
cpu5->cpu5_ITLB PREFETCH     ACCESS:          0 HIT:          0 MISS:          0 MSHR_MERGE:          0
cpu5->cpu5_ITLB WRITE        ACCESS:          0 HIT:          0 MISS:          0 MSHR_MERGE:          0
cpu5->cpu5_ITLB TRANSLATION  ACCESS:          0 HIT:          0 MISS:          0 MSHR_MERGE:          0
cpu5->cpu5_ITLB PREFETCH REQUESTED:          0 ISSUED:          0 USEFUL:          0 USELESS:          0
cpu5->cpu5_ITLB AVERAGE MISS LATENCY: - cycles
cpu5->cpu5_DTLB TOTAL        ACCESS:   22322949 HIT:   22322949 MISS:          0 MSHR_MERGE:          0
cpu5->cpu5_DTLB LOAD         ACCESS:   22322949 HIT:   22322949 MISS:          0 MSHR_MERGE:          0
cpu5->cpu5_DTLB RFO          ACCESS:          0 HIT:          0 MISS:          0 MSHR_MERGE:          0
cpu5->cpu5_DTLB PREFETCH     ACCESS:          0 HIT:          0 MISS:          0 MSHR_MERGE:          0
cpu5->cpu5_DTLB WRITE        ACCESS:          0 HIT:          0 MISS:          0 MSHR_MERGE:          0
cpu5->cpu5_DTLB TRANSLATION  ACCESS:          0 HIT:          0 MISS:          0 MSHR_MERGE:          0
cpu5->cpu5_DTLB PREFETCH REQUESTED:          0 ISSUED:          0 USEFUL:          0 USELESS:          0
cpu5->cpu5_DTLB AVERAGE MISS LATENCY: - cycles
cpu4->cpu4_L2C TOTAL        ACCESS:     300765 HIT:     297526 MISS:       3239 MSHR_MERGE:          0
cpu4->cpu4_L2C LOAD         ACCESS:     212659 HIT:     209424 MISS:       3235 MSHR_MERGE:          0
cpu4->cpu4_L2C RFO          ACCESS:      30875 HIT:      30871 MISS:          4 MSHR_MERGE:          0
cpu4->cpu4_L2C PREFETCH     ACCESS:          0 HIT:          0 MISS:          0 MSHR_MERGE:          0
cpu4->cpu4_L2C WRITE        ACCESS:      57231 HIT:      57231 MISS:          0 MSHR_MERGE:          0
cpu4->cpu4_L2C TRANSLATION  ACCESS:          0 HIT:          0 MISS:          0 MSHR_MERGE:          0
cpu4->cpu4_L2C PREFETCH REQUESTED:          0 ISSUED:          0 USEFUL:          0 USELESS:          0
cpu4->cpu4_L2C AVERAGE MISS LATENCY: 100.7 cycles
cpu4->cpu4_L1I TOTAL        ACCESS:   21031420 HIT:   21017825 MISS:      13595 MSHR_MERGE:       6739
cpu4->cpu4_L1I LOAD         ACCESS:   21031420 HIT:   21017825 MISS:      13595 MSHR_MERGE:       6739
cpu4->cpu4_L1I RFO          ACCESS:          0 HIT:          0 MISS:          0 MSHR_MERGE:          0
cpu4->cpu4_L1I PREFETCH     ACCESS:          0 HIT:          0 MISS:          0 MSHR_MERGE:          0
cpu4->cpu4_L1I WRITE        ACCESS:          0 HIT:          0 MISS:          0 MSHR_MERGE:          0
cpu4->cpu4_L1I TRANSLATION  ACCESS:          0 HIT:          0 MISS:          0 MSHR_MERGE:          0
cpu4->cpu4_L1I PREFETCH REQUESTED:          0 ISSUED:          0 USEFUL:          0 USELESS:          0
cpu4->cpu4_L1I AVERAGE MISS LATENCY: 7.202 cycles
cpu4->cpu4_L1D TOTAL        ACCESS:   25740071 HIT:   25329301 MISS:     410770 MSHR_MERGE:     174090
cpu4->cpu4_L1D LOAD         ACCESS:   14395994 HIT:   14071783 MISS:     324211 MSHR_MERGE:     118408
cpu4->cpu4_L1D RFO          ACCESS:          0 HIT:          0 MISS:          0 MSHR_MERGE:          0
cpu4->cpu4_L1D PREFETCH     ACCESS:          0 HIT:          0 MISS:          0 MSHR_MERGE:          0
cpu4->cpu4_L1D WRITE        ACCESS:   11344077 HIT:   11257518 MISS:      86559 MSHR_MERGE:      55682
cpu4->cpu4_L1D TRANSLATION  ACCESS:          0 HIT:          0 MISS:          0 MSHR_MERGE:          0
cpu4->cpu4_L1D PREFETCH REQUESTED:          0 ISSUED:          0 USEFUL:          0 USELESS:          0
cpu4->cpu4_L1D AVERAGE MISS LATENCY: 9.412 cycles
cpu4->cpu4_ITLB TOTAL        ACCESS:   18909168 HIT:   18909168 MISS:          0 MSHR_MERGE:          0
cpu4->cpu4_ITLB LOAD         ACCESS:   18909168 HIT:   18909168 MISS:          0 MSHR_MERGE:          0
cpu4->cpu4_ITLB RFO          ACCESS:          0 HIT:          0 MISS:          0 MSHR_MERGE:          0
cpu4->cpu4_ITLB PREFETCH     ACCESS:          0 HIT:          0 MISS:          0 MSHR_MERGE:          0
cpu4->cpu4_ITLB WRITE        ACCESS:          0 HIT:          0 MISS:          0 MSHR_MERGE:          0
cpu4->cpu4_ITLB TRANSLATION  ACCESS:          0 HIT:          0 MISS:          0 MSHR_MERGE:          0
cpu4->cpu4_ITLB PREFETCH REQUESTED:          0 ISSUED:          0 USEFUL:          0 USELESS:          0
cpu4->cpu4_ITLB AVERAGE MISS LATENCY: - cycles
cpu4->cpu4_DTLB TOTAL        ACCESS:   22326799 HIT:   22326799 MISS:          0 MSHR_MERGE:          0
cpu4->cpu4_DTLB LOAD         ACCESS:   22326799 HIT:   22326799 MISS:          0 MSHR_MERGE:          0
cpu4->cpu4_DTLB RFO          ACCESS:          0 HIT:          0 MISS:          0 MSHR_MERGE:          0
cpu4->cpu4_DTLB PREFETCH     ACCESS:          0 HIT:          0 MISS:          0 MSHR_MERGE:          0
cpu4->cpu4_DTLB WRITE        ACCESS:          0 HIT:          0 MISS:          0 MSHR_MERGE:          0
cpu4->cpu4_DTLB TRANSLATION  ACCESS:          0 HIT:          0 MISS:          0 MSHR_MERGE:          0
cpu4->cpu4_DTLB PREFETCH REQUESTED:          0 ISSUED:          0 USEFUL:          0 USELESS:          0
cpu4->cpu4_DTLB AVERAGE MISS LATENCY: - cycles
cpu3->cpu3_L2C TOTAL        ACCESS:     300803 HIT:     297564 MISS:       3239 MSHR_MERGE:          0
cpu3->cpu3_L2C LOAD         ACCESS:     212677 HIT:     209442 MISS:       3235 MSHR_MERGE:          0
cpu3->cpu3_L2C RFO          ACCESS:      30890 HIT:      30886 MISS:          4 MSHR_MERGE:          0
cpu3->cpu3_L2C PREFETCH     ACCESS:          0 HIT:          0 MISS:          0 MSHR_MERGE:          0
cpu3->cpu3_L2C WRITE        ACCESS:      57236 HIT:      57236 MISS:          0 MSHR_MERGE:          0
cpu3->cpu3_L2C TRANSLATION  ACCESS:          0 HIT:          0 MISS:          0 MSHR_MERGE:          0
cpu3->cpu3_L2C PREFETCH REQUESTED:          0 ISSUED:          0 USEFUL:          0 USELESS:          0
cpu3->cpu3_L2C AVERAGE MISS LATENCY: 101.1 cycles
cpu3->cpu3_L1I TOTAL        ACCESS:   21034252 HIT:   21020651 MISS:      13601 MSHR_MERGE:       6749
cpu3->cpu3_L1I LOAD         ACCESS:   21034252 HIT:   21020651 MISS:      13601 MSHR_MERGE:       6749
cpu3->cpu3_L1I RFO          ACCESS:          0 HIT:          0 MISS:          0 MSHR_MERGE:          0
cpu3->cpu3_L1I PREFETCH     ACCESS:          0 HIT:          0 MISS:          0 MSHR_MERGE:          0
cpu3->cpu3_L1I WRITE        ACCESS:          0 HIT:          0 MISS:          0 MSHR_MERGE:          0
cpu3->cpu3_L1I TRANSLATION  ACCESS:          0 HIT:          0 MISS:          0 MSHR_MERGE:          0
cpu3->cpu3_L1I PREFETCH REQUESTED:          0 ISSUED:          0 USEFUL:          0 USELESS:          0
cpu3->cpu3_L1I AVERAGE MISS LATENCY: 7.198 cycles
cpu3->cpu3_L1D TOTAL        ACCESS:   25748558 HIT:   25337823 MISS:     410735 MSHR_MERGE:     174019
cpu3->cpu3_L1D LOAD         ACCESS:   14401005 HIT:   14076800 MISS:     324205 MSHR_MERGE:     118380
cpu3->cpu3_L1D RFO          ACCESS:          0 HIT:          0 MISS:          0 MSHR_MERGE:          0
cpu3->cpu3_L1D PREFETCH     ACCESS:          0 HIT:          0 MISS:          0 MSHR_MERGE:          0
cpu3->cpu3_L1D WRITE        ACCESS:   11347553 HIT:   11261023 MISS:      86530 MSHR_MERGE:      55639
cpu3->cpu3_L1D TRANSLATION  ACCESS:          0 HIT:          0 MISS:          0 MSHR_MERGE:          0
cpu3->cpu3_L1D PREFETCH REQUESTED:          0 ISSUED:          0 USEFUL:          0 USELESS:          0
cpu3->cpu3_L1D AVERAGE MISS LATENCY: 9.421 cycles
cpu3->cpu3_ITLB TOTAL        ACCESS:   18953933 HIT:   18953933 MISS:          0 MSHR_MERGE:          0
cpu3->cpu3_ITLB LOAD         ACCESS:   18953933 HIT:   18953933 MISS:          0 MSHR_MERGE:          0
cpu3->cpu3_ITLB RFO          ACCESS:          0 HIT:          0 MISS:          0 MSHR_MERGE:          0
cpu3->cpu3_ITLB PREFETCH     ACCESS:          0 HIT:          0 MISS:          0 MSHR_MERGE:          0
cpu3->cpu3_ITLB WRITE        ACCESS:          0 HIT:          0 MISS:          0 MSHR_MERGE:          0
cpu3->cpu3_ITLB TRANSLATION  ACCESS:          0 HIT:          0 MISS:          0 MSHR_MERGE:          0
cpu3->cpu3_ITLB PREFETCH REQUESTED:          0 ISSUED:          0 USEFUL:          0 USELESS:          0
cpu3->cpu3_ITLB AVERAGE MISS LATENCY: - cycles
cpu3->cpu3_DTLB TOTAL        ACCESS:   22410336 HIT:   22410336 MISS:          0 MSHR_MERGE:          0
cpu3->cpu3_DTLB LOAD         ACCESS:   22410336 HIT:   22410336 MISS:          0 MSHR_MERGE:          0
cpu3->cpu3_DTLB RFO          ACCESS:          0 HIT:          0 MISS:          0 MSHR_MERGE:          0
cpu3->cpu3_DTLB PREFETCH     ACCESS:          0 HIT:          0 MISS:          0 MSHR_MERGE:          0
cpu3->cpu3_DTLB WRITE        ACCESS:          0 HIT:          0 MISS:          0 MSHR_MERGE:          0
cpu3->cpu3_DTLB TRANSLATION  ACCESS:          0 HIT:          0 MISS:          0 MSHR_MERGE:          0
cpu3->cpu3_DTLB PREFETCH REQUESTED:          0 ISSUED:          0 USEFUL:          0 USELESS:          0
cpu3->cpu3_DTLB AVERAGE MISS LATENCY: - cycles
cpu2->cpu2_L2C TOTAL        ACCESS:     300727 HIT:     297488 MISS:       3239 MSHR_MERGE:          0
cpu2->cpu2_L2C LOAD         ACCESS:     212612 HIT:     209377 MISS:       3235 MSHR_MERGE:          0
cpu2->cpu2_L2C RFO          ACCESS:      30886 HIT:      30882 MISS:          4 MSHR_MERGE:          0
cpu2->cpu2_L2C PREFETCH     ACCESS:          0 HIT:          0 MISS:          0 MSHR_MERGE:          0
cpu2->cpu2_L2C WRITE        ACCESS:      57229 HIT:      57229 MISS:          0 MSHR_MERGE:          0
cpu2->cpu2_L2C TRANSLATION  ACCESS:          0 HIT:          0 MISS:          0 MSHR_MERGE:          0
cpu2->cpu2_L2C PREFETCH REQUESTED:          0 ISSUED:          0 USEFUL:          0 USELESS:          0
cpu2->cpu2_L2C AVERAGE MISS LATENCY: 101 cycles
cpu2->cpu2_L1I TOTAL        ACCESS:   21029231 HIT:   21015621 MISS:      13610 MSHR_MERGE:       6756
cpu2->cpu2_L1I LOAD         ACCESS:   21029231 HIT:   21015621 MISS:      13610 MSHR_MERGE:       6756
cpu2->cpu2_L1I RFO          ACCESS:          0 HIT:          0 MISS:          0 MSHR_MERGE:          0
cpu2->cpu2_L1I PREFETCH     ACCESS:          0 HIT:          0 MISS:          0 MSHR_MERGE:          0
cpu2->cpu2_L1I WRITE        ACCESS:          0 HIT:          0 MISS:          0 MSHR_MERGE:          0
cpu2->cpu2_L1I TRANSLATION  ACCESS:          0 HIT:          0 MISS:          0 MSHR_MERGE:          0
cpu2->cpu2_L1I PREFETCH REQUESTED:          0 ISSUED:          0 USEFUL:          0 USELESS:          0
cpu2->cpu2_L1I AVERAGE MISS LATENCY: 7.201 cycles
cpu2->cpu2_L1D TOTAL        ACCESS:   25733580 HIT:   25323093 MISS:     410487 MSHR_MERGE:     173840
cpu2->cpu2_L1D LOAD         ACCESS:   14391937 HIT:   14068054 MISS:     323883 MSHR_MERGE:     118125
cpu2->cpu2_L1D RFO          ACCESS:          0 HIT:          0 MISS:          0 MSHR_MERGE:          0
cpu2->cpu2_L1D PREFETCH     ACCESS:          0 HIT:          0 MISS:          0 MSHR_MERGE:          0
cpu2->cpu2_L1D WRITE        ACCESS:   11341643 HIT:   11255039 MISS:      86604 MSHR_MERGE:      55715
cpu2->cpu2_L1D TRANSLATION  ACCESS:          0 HIT:          0 MISS:          0 MSHR_MERGE:          0
cpu2->cpu2_L1D PREFETCH REQUESTED:          0 ISSUED:          0 USEFUL:          0 USELESS:          0
cpu2->cpu2_L1D AVERAGE MISS LATENCY: 9.421 cycles
cpu2->cpu2_ITLB TOTAL        ACCESS:   18909877 HIT:   18909877 MISS:          0 MSHR_MERGE:          0
cpu2->cpu2_ITLB LOAD         ACCESS:   18909877 HIT:   18909877 MISS:          0 MSHR_MERGE:          0
cpu2->cpu2_ITLB RFO          ACCESS:          0 HIT:          0 MISS:          0 MSHR_MERGE:          0
cpu2->cpu2_ITLB PREFETCH     ACCESS:          0 HIT:          0 MISS:          0 MSHR_MERGE:          0
cpu2->cpu2_ITLB WRITE        ACCESS:          0 HIT:          0 MISS:          0 MSHR_MERGE:          0
cpu2->cpu2_ITLB TRANSLATION  ACCESS:          0 HIT:          0 MISS:          0 MSHR_MERGE:          0
cpu2->cpu2_ITLB PREFETCH REQUESTED:          0 ISSUED:          0 USEFUL:          0 USELESS:          0
cpu2->cpu2_ITLB AVERAGE MISS LATENCY: - cycles
cpu2->cpu2_DTLB TOTAL        ACCESS:   22320145 HIT:   22320145 MISS:          0 MSHR_MERGE:          0
cpu2->cpu2_DTLB LOAD         ACCESS:   22320145 HIT:   22320145 MISS:          0 MSHR_MERGE:          0
cpu2->cpu2_DTLB RFO          ACCESS:          0 HIT:          0 MISS:          0 MSHR_MERGE:          0
cpu2->cpu2_DTLB PREFETCH     ACCESS:          0 HIT:          0 MISS:          0 MSHR_MERGE:          0
cpu2->cpu2_DTLB WRITE        ACCESS:          0 HIT:          0 MISS:          0 MSHR_MERGE:          0
cpu2->cpu2_DTLB TRANSLATION  ACCESS:          0 HIT:          0 MISS:          0 MSHR_MERGE:          0
cpu2->cpu2_DTLB PREFETCH REQUESTED:          0 ISSUED:          0 USEFUL:          0 USELESS:          0
cpu2->cpu2_DTLB AVERAGE MISS LATENCY: - cycles
cpu1->cpu1_L2C TOTAL        ACCESS:     299499 HIT:     296263 MISS:       3236 MSHR_MERGE:          0
cpu1->cpu1_L2C LOAD         ACCESS:     211816 HIT:     208584 MISS:       3232 MSHR_MERGE:          0
cpu1->cpu1_L2C RFO          ACCESS:      30711 HIT:      30707 MISS:          4 MSHR_MERGE:          0
cpu1->cpu1_L2C PREFETCH     ACCESS:          0 HIT:          0 MISS:          0 MSHR_MERGE:          0
cpu1->cpu1_L2C WRITE        ACCESS:      56972 HIT:      56972 MISS:          0 MSHR_MERGE:          0
cpu1->cpu1_L2C TRANSLATION  ACCESS:          0 HIT:          0 MISS:          0 MSHR_MERGE:          0
cpu1->cpu1_L2C PREFETCH REQUESTED:          0 ISSUED:          0 USEFUL:          0 USELESS:          0
cpu1->cpu1_L2C AVERAGE MISS LATENCY: 100.3 cycles
cpu1->cpu1_L1I TOTAL        ACCESS:   21018094 HIT:   21004569 MISS:      13525 MSHR_MERGE:       6714
cpu1->cpu1_L1I LOAD         ACCESS:   21018094 HIT:   21004569 MISS:      13525 MSHR_MERGE:       6714
cpu1->cpu1_L1I RFO          ACCESS:          0 HIT:          0 MISS:          0 MSHR_MERGE:          0
cpu1->cpu1_L1I PREFETCH     ACCESS:          0 HIT:          0 MISS:          0 MSHR_MERGE:          0
cpu1->cpu1_L1I WRITE        ACCESS:          0 HIT:          0 MISS:          0 MSHR_MERGE:          0
cpu1->cpu1_L1I TRANSLATION  ACCESS:          0 HIT:          0 MISS:          0 MSHR_MERGE:          0
cpu1->cpu1_L1I PREFETCH REQUESTED:          0 ISSUED:          0 USEFUL:          0 USELESS:          0
cpu1->cpu1_L1I AVERAGE MISS LATENCY: 7.201 cycles
cpu1->cpu1_L1D TOTAL        ACCESS:   25711224 HIT:   25302493 MISS:     408731 MSHR_MERGE:     173015
cpu1->cpu1_L1D LOAD         ACCESS:   14378787 HIT:   14056114 MISS:     322673 MSHR_MERGE:     117668
cpu1->cpu1_L1D RFO          ACCESS:          0 HIT:          0 MISS:          0 MSHR_MERGE:          0
cpu1->cpu1_L1D PREFETCH     ACCESS:          0 HIT:          0 MISS:          0 MSHR_MERGE:          0
cpu1->cpu1_L1D WRITE        ACCESS:   11332437 HIT:   11246379 MISS:      86058 MSHR_MERGE:      55347
cpu1->cpu1_L1D TRANSLATION  ACCESS:          0 HIT:          0 MISS:          0 MSHR_MERGE:          0
cpu1->cpu1_L1D PREFETCH REQUESTED:          0 ISSUED:          0 USEFUL:          0 USELESS:          0
cpu1->cpu1_L1D AVERAGE MISS LATENCY: 9.414 cycles
cpu1->cpu1_ITLB TOTAL        ACCESS:   18939802 HIT:   18939802 MISS:          0 MSHR_MERGE:          0
cpu1->cpu1_ITLB LOAD         ACCESS:   18939802 HIT:   18939802 MISS:          0 MSHR_MERGE:          0
cpu1->cpu1_ITLB RFO          ACCESS:          0 HIT:          0 MISS:          0 MSHR_MERGE:          0
cpu1->cpu1_ITLB PREFETCH     ACCESS:          0 HIT:          0 MISS:          0 MSHR_MERGE:          0
cpu1->cpu1_ITLB WRITE        ACCESS:          0 HIT:          0 MISS:          0 MSHR_MERGE:          0
cpu1->cpu1_ITLB TRANSLATION  ACCESS:          0 HIT:          0 MISS:          0 MSHR_MERGE:          0
cpu1->cpu1_ITLB PREFETCH REQUESTED:          0 ISSUED:          0 USEFUL:          0 USELESS:          0
cpu1->cpu1_ITLB AVERAGE MISS LATENCY: - cycles
cpu1->cpu1_DTLB TOTAL        ACCESS:   22304551 HIT:   22304551 MISS:          0 MSHR_MERGE:          0
cpu1->cpu1_DTLB LOAD         ACCESS:   22304551 HIT:   22304551 MISS:          0 MSHR_MERGE:          0
cpu1->cpu1_DTLB RFO          ACCESS:          0 HIT:          0 MISS:          0 MSHR_MERGE:          0
cpu1->cpu1_DTLB PREFETCH     ACCESS:          0 HIT:          0 MISS:          0 MSHR_MERGE:          0
cpu1->cpu1_DTLB WRITE        ACCESS:          0 HIT:          0 MISS:          0 MSHR_MERGE:          0
cpu1->cpu1_DTLB TRANSLATION  ACCESS:          0 HIT:          0 MISS:          0 MSHR_MERGE:          0
cpu1->cpu1_DTLB PREFETCH REQUESTED:          0 ISSUED:          0 USEFUL:          0 USELESS:          0
cpu1->cpu1_DTLB AVERAGE MISS LATENCY: - cycles
cpu0->cpu0_L2C TOTAL        ACCESS:     300815 HIT:     297578 MISS:       3237 MSHR_MERGE:          0
cpu0->cpu0_L2C LOAD         ACCESS:     212688 HIT:     209455 MISS:       3233 MSHR_MERGE:          0
cpu0->cpu0_L2C RFO          ACCESS:      30889 HIT:      30885 MISS:          4 MSHR_MERGE:          0
cpu0->cpu0_L2C PREFETCH     ACCESS:          0 HIT:          0 MISS:          0 MSHR_MERGE:          0
cpu0->cpu0_L2C WRITE        ACCESS:      57238 HIT:      57238 MISS:          0 MSHR_MERGE:          0
cpu0->cpu0_L2C TRANSLATION  ACCESS:          0 HIT:          0 MISS:          0 MSHR_MERGE:          0
cpu0->cpu0_L2C PREFETCH REQUESTED:          0 ISSUED:          0 USEFUL:          0 USELESS:          0
cpu0->cpu0_L2C AVERAGE MISS LATENCY: 100.5 cycles
cpu0->cpu0_L1I TOTAL        ACCESS:   21035719 HIT:   21022130 MISS:      13589 MSHR_MERGE:       6735
cpu0->cpu0_L1I LOAD         ACCESS:   21035719 HIT:   21022130 MISS:      13589 MSHR_MERGE:       6735
cpu0->cpu0_L1I RFO          ACCESS:          0 HIT:          0 MISS:          0 MSHR_MERGE:          0
cpu0->cpu0_L1I PREFETCH     ACCESS:          0 HIT:          0 MISS:          0 MSHR_MERGE:          0
cpu0->cpu0_L1I WRITE        ACCESS:          0 HIT:          0 MISS:          0 MSHR_MERGE:          0
cpu0->cpu0_L1I TRANSLATION  ACCESS:          0 HIT:          0 MISS:          0 MSHR_MERGE:          0
cpu0->cpu0_L1I PREFETCH REQUESTED:          0 ISSUED:          0 USEFUL:          0 USELESS:          0
cpu0->cpu0_L1I AVERAGE MISS LATENCY: 7.212 cycles
cpu0->cpu0_L1D TOTAL        ACCESS:   25751009 HIT:   25340226 MISS:     410783 MSHR_MERGE:     174057
cpu0->cpu0_L1D LOAD         ACCESS:   14402672 HIT:   14078505 MISS:     324167 MSHR_MERGE:     118333
cpu0->cpu0_L1D RFO          ACCESS:          0 HIT:          0 MISS:          0 MSHR_MERGE:          0
cpu0->cpu0_L1D PREFETCH     ACCESS:          0 HIT:          0 MISS:          0 MSHR_MERGE:          0
cpu0->cpu0_L1D WRITE        ACCESS:   11348337 HIT:   11261721 MISS:      86616 MSHR_MERGE:      55724
cpu0->cpu0_L1D TRANSLATION  ACCESS:          0 HIT:          0 MISS:          0 MSHR_MERGE:          0
cpu0->cpu0_L1D PREFETCH REQUESTED:          0 ISSUED:          0 USEFUL:          0 USELESS:          0
cpu0->cpu0_L1D AVERAGE MISS LATENCY: 9.412 cycles
cpu0->cpu0_ITLB TOTAL        ACCESS:   18954664 HIT:   18954664 MISS:          0 MSHR_MERGE:          0
cpu0->cpu0_ITLB LOAD         ACCESS:   18954664 HIT:   18954664 MISS:          0 MSHR_MERGE:          0
cpu0->cpu0_ITLB RFO          ACCESS:          0 HIT:          0 MISS:          0 MSHR_MERGE:          0
cpu0->cpu0_ITLB PREFETCH     ACCESS:          0 HIT:          0 MISS:          0 MSHR_MERGE:          0
cpu0->cpu0_ITLB WRITE        ACCESS:          0 HIT:          0 MISS:          0 MSHR_MERGE:          0
cpu0->cpu0_ITLB TRANSLATION  ACCESS:          0 HIT:          0 MISS:          0 MSHR_MERGE:          0
cpu0->cpu0_ITLB PREFETCH REQUESTED:          0 ISSUED:          0 USEFUL:          0 USELESS:          0
cpu0->cpu0_ITLB AVERAGE MISS LATENCY: - cycles
cpu0->cpu0_DTLB TOTAL        ACCESS:   22404871 HIT:   22404871 MISS:          0 MSHR_MERGE:          0
cpu0->cpu0_DTLB LOAD         ACCESS:   22404871 HIT:   22404871 MISS:          0 MSHR_MERGE:          0
cpu0->cpu0_DTLB RFO          ACCESS:          0 HIT:          0 MISS:          0 MSHR_MERGE:          0
cpu0->cpu0_DTLB PREFETCH     ACCESS:          0 HIT:          0 MISS:          0 MSHR_MERGE:          0
cpu0->cpu0_DTLB WRITE        ACCESS:          0 HIT:          0 MISS:          0 MSHR_MERGE:          0
cpu0->cpu0_DTLB TRANSLATION  ACCESS:          0 HIT:          0 MISS:          0 MSHR_MERGE:          0
cpu0->cpu0_DTLB PREFETCH REQUESTED:          0 ISSUED:          0 USEFUL:          0 USELESS:          0
cpu0->cpu0_DTLB AVERAGE MISS LATENCY: - cycles
cpu0->LLC TOTAL        ACCESS:       3360 HIT:       1588 MISS:       1772 MSHR_MERGE:          0
cpu0->LLC LOAD         ACCESS:       3233 HIT:       1470 MISS:       1763 MSHR_MERGE:          0
cpu0->LLC RFO          ACCESS:          4 HIT:          3 MISS:          1 MSHR_MERGE:          0
cpu0->LLC PREFETCH     ACCESS:          0 HIT:          0 MISS:          0 MSHR_MERGE:          0
cpu0->LLC WRITE        ACCESS:        123 HIT:        115 MISS:          8 MSHR_MERGE:          0
cpu0->LLC TRANSLATION  ACCESS:          0 HIT:          0 MISS:          0 MSHR_MERGE:          0
cpu0->LLC PREFETCH REQUESTED:          0 ISSUED:          0 USEFUL:          0 USELESS:          0
cpu0->LLC AVERAGE MISS LATENCY: 1248 cycles
cpu1->LLC TOTAL        ACCESS:       3359 HIT:       1592 MISS:       1767 MSHR_MERGE:          0
cpu1->LLC LOAD         ACCESS:       3232 HIT:       1473 MISS:       1759 MSHR_MERGE:          0
cpu1->LLC RFO          ACCESS:          4 HIT:          3 MISS:          1 MSHR_MERGE:          0
cpu1->LLC PREFETCH     ACCESS:          0 HIT:          0 MISS:          0 MSHR_MERGE:          0
cpu1->LLC WRITE        ACCESS:        123 HIT:        116 MISS:          7 MSHR_MERGE:          0
cpu1->LLC TRANSLATION  ACCESS:          0 HIT:          0 MISS:          0 MSHR_MERGE:          0
cpu1->LLC PREFETCH REQUESTED:          0 ISSUED:          0 USEFUL:          0 USELESS:          0
cpu1->LLC AVERAGE MISS LATENCY: 1251 cycles
cpu2->LLC TOTAL        ACCESS:       3362 HIT:       1590 MISS:       1772 MSHR_MERGE:          0
cpu2->LLC LOAD         ACCESS:       3235 HIT:       1471 MISS:       1764 MSHR_MERGE:          0
cpu2->LLC RFO          ACCESS:          4 HIT:          3 MISS:          1 MSHR_MERGE:          0
cpu2->LLC PREFETCH     ACCESS:          0 HIT:          0 MISS:          0 MSHR_MERGE:          0
cpu2->LLC WRITE        ACCESS:        123 HIT:        116 MISS:          7 MSHR_MERGE:          0
cpu2->LLC TRANSLATION  ACCESS:          0 HIT:          0 MISS:          0 MSHR_MERGE:          0
cpu2->LLC PREFETCH REQUESTED:          0 ISSUED:          0 USEFUL:          0 USELESS:          0
cpu2->LLC AVERAGE MISS LATENCY: 1248 cycles
cpu3->LLC TOTAL        ACCESS:       3362 HIT:       1591 MISS:       1771 MSHR_MERGE:          0
cpu3->LLC LOAD         ACCESS:       3235 HIT:       1473 MISS:       1762 MSHR_MERGE:          0
cpu3->LLC RFO          ACCESS:          4 HIT:          3 MISS:          1 MSHR_MERGE:          0
cpu3->LLC PREFETCH     ACCESS:          0 HIT:          0 MISS:          0 MSHR_MERGE:          0
cpu3->LLC WRITE        ACCESS:        123 HIT:        115 MISS:          8 MSHR_MERGE:          0
cpu3->LLC TRANSLATION  ACCESS:          0 HIT:          0 MISS:          0 MSHR_MERGE:          0
cpu3->LLC PREFETCH REQUESTED:          0 ISSUED:          0 USEFUL:          0 USELESS:          0
cpu3->LLC AVERAGE MISS LATENCY: 1248 cycles
cpu4->LLC TOTAL        ACCESS:       3362 HIT:       1592 MISS:       1770 MSHR_MERGE:          0
cpu4->LLC LOAD         ACCESS:       3235 HIT:       1473 MISS:       1762 MSHR_MERGE:          0
cpu4->LLC RFO          ACCESS:          4 HIT:          3 MISS:          1 MSHR_MERGE:          0
cpu4->LLC PREFETCH     ACCESS:          0 HIT:          0 MISS:          0 MSHR_MERGE:          0
cpu4->LLC WRITE        ACCESS:        123 HIT:        116 MISS:          7 MSHR_MERGE:          0
cpu4->LLC TRANSLATION  ACCESS:          0 HIT:          0 MISS:          0 MSHR_MERGE:          0
cpu4->LLC PREFETCH REQUESTED:          0 ISSUED:          0 USEFUL:          0 USELESS:          0
cpu4->LLC AVERAGE MISS LATENCY: 1249 cycles
cpu5->LLC TOTAL        ACCESS:       3362 HIT:       1588 MISS:       1774 MSHR_MERGE:          0
cpu5->LLC LOAD         ACCESS:       3235 HIT:       1469 MISS:       1766 MSHR_MERGE:          0
cpu5->LLC RFO          ACCESS:          4 HIT:          3 MISS:          1 MSHR_MERGE:          0
cpu5->LLC PREFETCH     ACCESS:          0 HIT:          0 MISS:          0 MSHR_MERGE:          0
cpu5->LLC WRITE        ACCESS:        123 HIT:        116 MISS:          7 MSHR_MERGE:          0
cpu5->LLC TRANSLATION  ACCESS:          0 HIT:          0 MISS:          0 MSHR_MERGE:          0
cpu5->LLC PREFETCH REQUESTED:          0 ISSUED:          0 USEFUL:          0 USELESS:          0
cpu5->LLC AVERAGE MISS LATENCY: 1246 cycles
cpu6->LLC TOTAL        ACCESS:       3362 HIT:       1591 MISS:       1771 MSHR_MERGE:          0
cpu6->LLC LOAD         ACCESS:       3235 HIT:       1472 MISS:       1763 MSHR_MERGE:          0
cpu6->LLC RFO          ACCESS:          4 HIT:          3 MISS:          1 MSHR_MERGE:          0
cpu6->LLC PREFETCH     ACCESS:          0 HIT:          0 MISS:          0 MSHR_MERGE:          0
cpu6->LLC WRITE        ACCESS:        123 HIT:        116 MISS:          7 MSHR_MERGE:          0
cpu6->LLC TRANSLATION  ACCESS:          0 HIT:          0 MISS:          0 MSHR_MERGE:          0
cpu6->LLC PREFETCH REQUESTED:          0 ISSUED:          0 USEFUL:          0 USELESS:          0
cpu6->LLC AVERAGE MISS LATENCY: 1248 cycles
cpu7->LLC TOTAL        ACCESS:       3361 HIT:       1589 MISS:       1772 MSHR_MERGE:          0
cpu7->LLC LOAD         ACCESS:       3234 HIT:       1470 MISS:       1764 MSHR_MERGE:          0
cpu7->LLC RFO          ACCESS:          4 HIT:          3 MISS:          1 MSHR_MERGE:          0
cpu7->LLC PREFETCH     ACCESS:          0 HIT:          0 MISS:          0 MSHR_MERGE:          0
cpu7->LLC WRITE        ACCESS:        123 HIT:        116 MISS:          7 MSHR_MERGE:          0
cpu7->LLC TRANSLATION  ACCESS:          0 HIT:          0 MISS:          0 MSHR_MERGE:          0
cpu7->LLC PREFETCH REQUESTED:          0 ISSUED:          0 USEFUL:          0 USELESS:          0
cpu7->LLC AVERAGE MISS LATENCY: 1248 cycles

Region of Interest Statistics

CPU 7 cumulative IPC: 2.853 instructions: 100000004 cycles: 35055295
CPU 7 Branch Prediction Accuracy: 100% MPKI: 0 Average ROB Occupancy at Mispredict: -
Branch type MPKI
BRANCH_DIRECT_JUMP: 0
BRANCH_INDIRECT: 0
BRANCH_CONDITIONAL: 0
BRANCH_DIRECT_CALL: 0
BRANCH_INDIRECT_CALL: 0
BRANCH_RETURN: 0


CPU 6 cumulative IPC: 2.855 instructions: 100000001 cycles: 35030809
CPU 6 Branch Prediction Accuracy: 100% MPKI: 0 Average ROB Occupancy at Mispredict: -
Branch type MPKI
BRANCH_DIRECT_JUMP: 0
BRANCH_INDIRECT: 0
BRANCH_CONDITIONAL: 0
BRANCH_DIRECT_CALL: 0
BRANCH_INDIRECT_CALL: 0
BRANCH_RETURN: 0


CPU 5 cumulative IPC: 2.853 instructions: 100000004 cycles: 35046947
CPU 5 Branch Prediction Accuracy: 100% MPKI: 0 Average ROB Occupancy at Mispredict: -
Branch type MPKI
BRANCH_DIRECT_JUMP: 0
BRANCH_INDIRECT: 0
BRANCH_CONDITIONAL: 0
BRANCH_DIRECT_CALL: 0
BRANCH_INDIRECT_CALL: 0
BRANCH_RETURN: 0


CPU 4 cumulative IPC: 2.854 instructions: 100000000 cycles: 35040665
CPU 4 Branch Prediction Accuracy: 100% MPKI: 0 Average ROB Occupancy at Mispredict: -
Branch type MPKI
BRANCH_DIRECT_JUMP: 0
BRANCH_INDIRECT: 0
BRANCH_CONDITIONAL: 0
BRANCH_DIRECT_CALL: 0
BRANCH_INDIRECT_CALL: 0
BRANCH_RETURN: 0


CPU 3 cumulative IPC: 2.855 instructions: 100000002 cycles: 35032317
CPU 3 Branch Prediction Accuracy: 100% MPKI: 0 Average ROB Occupancy at Mispredict: -
Branch type MPKI
BRANCH_DIRECT_JUMP: 0
BRANCH_INDIRECT: 0
BRANCH_CONDITIONAL: 0
BRANCH_DIRECT_CALL: 0
BRANCH_INDIRECT_CALL: 0
BRANCH_RETURN: 0


CPU 2 cumulative IPC: 2.853 instructions: 100000001 cycles: 35047663
CPU 2 Branch Prediction Accuracy: 100% MPKI: 0 Average ROB Occupancy at Mispredict: -
Branch type MPKI
BRANCH_DIRECT_JUMP: 0
BRANCH_INDIRECT: 0
BRANCH_CONDITIONAL: 0
BRANCH_DIRECT_CALL: 0
BRANCH_INDIRECT_CALL: 0
BRANCH_RETURN: 0


CPU 1 cumulative IPC: 2.85 instructions: 100000002 cycles: 35082446
CPU 1 Branch Prediction Accuracy: 100% MPKI: 0 Average ROB Occupancy at Mispredict: -
Branch type MPKI
BRANCH_DIRECT_JUMP: 0
BRANCH_INDIRECT: 0
BRANCH_CONDITIONAL: 0
BRANCH_DIRECT_CALL: 0
BRANCH_INDIRECT_CALL: 0
BRANCH_RETURN: 0


CPU 0 cumulative IPC: 2.855 instructions: 100000003 cycles: 35029797
CPU 0 Branch Prediction Accuracy: 100% MPKI: 0 Average ROB Occupancy at Mispredict: -
Branch type MPKI
BRANCH_DIRECT_JUMP: 0
BRANCH_INDIRECT: 0
BRANCH_CONDITIONAL: 0
BRANCH_DIRECT_CALL: 0
BRANCH_INDIRECT_CALL: 0
BRANCH_RETURN: 0

cpu7->cpu7_L2C TOTAL        ACCESS:     300670 HIT:     297432 MISS:       3238 MSHR_MERGE:          0
cpu7->cpu7_L2C LOAD         ACCESS:     212575 HIT:     209341 MISS:       3234 MSHR_MERGE:          0
cpu7->cpu7_L2C RFO          ACCESS:      30879 HIT:      30875 MISS:          4 MSHR_MERGE:          0
cpu7->cpu7_L2C PREFETCH     ACCESS:          0 HIT:          0 MISS:          0 MSHR_MERGE:          0
cpu7->cpu7_L2C WRITE        ACCESS:      57216 HIT:      57216 MISS:          0 MSHR_MERGE:          0
cpu7->cpu7_L2C TRANSLATION  ACCESS:          0 HIT:          0 MISS:          0 MSHR_MERGE:          0
cpu7->cpu7_L2C PREFETCH REQUESTED:          0 ISSUED:          0 USEFUL:          0 USELESS:          0
cpu7->cpu7_L2C AVERAGE MISS LATENCY: 100.7 cycles
cpu7->cpu7_L1I TOTAL        ACCESS:   21024919 HIT:   21011326 MISS:      13593 MSHR_MERGE:       6739
cpu7->cpu7_L1I LOAD         ACCESS:   21024919 HIT:   21011326 MISS:      13593 MSHR_MERGE:       6739
cpu7->cpu7_L1I RFO          ACCESS:          0 HIT:          0 MISS:          0 MSHR_MERGE:          0
cpu7->cpu7_L1I PREFETCH     ACCESS:          0 HIT:          0 MISS:          0 MSHR_MERGE:          0
cpu7->cpu7_L1I WRITE        ACCESS:          0 HIT:          0 MISS:          0 MSHR_MERGE:          0
cpu7->cpu7_L1I TRANSLATION  ACCESS:          0 HIT:          0 MISS:          0 MSHR_MERGE:          0
cpu7->cpu7_L1I PREFETCH REQUESTED:          0 ISSUED:          0 USEFUL:          0 USELESS:          0
cpu7->cpu7_L1I AVERAGE MISS LATENCY: 7.198 cycles
cpu7->cpu7_L1D TOTAL        ACCESS:   25720646 HIT:   25310679 MISS:     409967 MSHR_MERGE:     173365
cpu7->cpu7_L1D LOAD         ACCESS:   14383857 HIT:   14060316 MISS:     323541 MSHR_MERGE:     117820
cpu7->cpu7_L1D RFO          ACCESS:          0 HIT:          0 MISS:          0 MSHR_MERGE:          0
cpu7->cpu7_L1D PREFETCH     ACCESS:          0 HIT:          0 MISS:          0 MSHR_MERGE:          0
cpu7->cpu7_L1D WRITE        ACCESS:   11336789 HIT:   11250363 MISS:      86426 MSHR_MERGE:      55545
cpu7->cpu7_L1D TRANSLATION  ACCESS:          0 HIT:          0 MISS:          0 MSHR_MERGE:          0
cpu7->cpu7_L1D PREFETCH REQUESTED:          0 ISSUED:          0 USEFUL:          0 USELESS:          0
cpu7->cpu7_L1D AVERAGE MISS LATENCY: 9.416 cycles
cpu7->cpu7_ITLB TOTAL        ACCESS:   18903903 HIT:   18903903 MISS:          0 MSHR_MERGE:          0
cpu7->cpu7_ITLB LOAD         ACCESS:   18903903 HIT:   18903903 MISS:          0 MSHR_MERGE:          0
cpu7->cpu7_ITLB RFO          ACCESS:          0 HIT:          0 MISS:          0 MSHR_MERGE:          0
cpu7->cpu7_ITLB PREFETCH     ACCESS:          0 HIT:          0 MISS:          0 MSHR_MERGE:          0
cpu7->cpu7_ITLB WRITE        ACCESS:          0 HIT:          0 MISS:          0 MSHR_MERGE:          0
cpu7->cpu7_ITLB TRANSLATION  ACCESS:          0 HIT:          0 MISS:          0 MSHR_MERGE:          0
cpu7->cpu7_ITLB PREFETCH REQUESTED:          0 ISSUED:          0 USEFUL:          0 USELESS:          0
cpu7->cpu7_ITLB AVERAGE MISS LATENCY: - cycles
cpu7->cpu7_DTLB TOTAL        ACCESS:   22320820 HIT:   22320820 MISS:          0 MSHR_MERGE:          0
cpu7->cpu7_DTLB LOAD         ACCESS:   22320820 HIT:   22320820 MISS:          0 MSHR_MERGE:          0
cpu7->cpu7_DTLB RFO          ACCESS:          0 HIT:          0 MISS:          0 MSHR_MERGE:          0
cpu7->cpu7_DTLB PREFETCH     ACCESS:          0 HIT:          0 MISS:          0 MSHR_MERGE:          0
cpu7->cpu7_DTLB WRITE        ACCESS:          0 HIT:          0 MISS:          0 MSHR_MERGE:          0
cpu7->cpu7_DTLB TRANSLATION  ACCESS:          0 HIT:          0 MISS:          0 MSHR_MERGE:          0
cpu7->cpu7_DTLB PREFETCH REQUESTED:          0 ISSUED:          0 USEFUL:          0 USELESS:          0
cpu7->cpu7_DTLB AVERAGE MISS LATENCY: - cycles
cpu6->cpu6_L2C TOTAL        ACCESS:     300815 HIT:     297576 MISS:       3239 MSHR_MERGE:          0
cpu6->cpu6_L2C LOAD         ACCESS:     212685 HIT:     209450 MISS:       3235 MSHR_MERGE:          0
cpu6->cpu6_L2C RFO          ACCESS:      30892 HIT:      30888 MISS:          4 MSHR_MERGE:          0
cpu6->cpu6_L2C PREFETCH     ACCESS:          0 HIT:          0 MISS:          0 MSHR_MERGE:          0
cpu6->cpu6_L2C WRITE        ACCESS:      57238 HIT:      57238 MISS:          0 MSHR_MERGE:          0
cpu6->cpu6_L2C TRANSLATION  ACCESS:          0 HIT:          0 MISS:          0 MSHR_MERGE:          0
cpu6->cpu6_L2C PREFETCH REQUESTED:          0 ISSUED:          0 USEFUL:          0 USELESS:          0
cpu6->cpu6_L2C AVERAGE MISS LATENCY: 101.1 cycles
cpu6->cpu6_L1I TOTAL        ACCESS:   21030267 HIT:   21016691 MISS:      13576 MSHR_MERGE:       6720
cpu6->cpu6_L1I LOAD         ACCESS:   21030267 HIT:   21016691 MISS:      13576 MSHR_MERGE:       6720
cpu6->cpu6_L1I RFO          ACCESS:          0 HIT:          0 MISS:          0 MSHR_MERGE:          0
cpu6->cpu6_L1I PREFETCH     ACCESS:          0 HIT:          0 MISS:          0 MSHR_MERGE:          0
cpu6->cpu6_L1I WRITE        ACCESS:          0 HIT:          0 MISS:          0 MSHR_MERGE:          0
cpu6->cpu6_L1I TRANSLATION  ACCESS:          0 HIT:          0 MISS:          0 MSHR_MERGE:          0
cpu6->cpu6_L1I PREFETCH REQUESTED:          0 ISSUED:          0 USEFUL:          0 USELESS:          0
cpu6->cpu6_L1I AVERAGE MISS LATENCY: 7.198 cycles
cpu6->cpu6_L1D TOTAL        ACCESS:   25743040 HIT:   25332240 MISS:     410800 MSHR_MERGE:     174076
cpu6->cpu6_L1D LOAD         ACCESS:   14396976 HIT:   14072744 MISS:     324232 MSHR_MERGE:     118403
cpu6->cpu6_L1D RFO          ACCESS:          0 HIT:          0 MISS:          0 MSHR_MERGE:          0
cpu6->cpu6_L1D PREFETCH     ACCESS:          0 HIT:          0 MISS:          0 MSHR_MERGE:          0
cpu6->cpu6_L1D WRITE        ACCESS:   11346064 HIT:   11259496 MISS:      86568 MSHR_MERGE:      55673
cpu6->cpu6_L1D TRANSLATION  ACCESS:          0 HIT:          0 MISS:          0 MSHR_MERGE:          0
cpu6->cpu6_L1D PREFETCH REQUESTED:          0 ISSUED:          0 USEFUL:          0 USELESS:          0
cpu6->cpu6_L1D AVERAGE MISS LATENCY: 9.421 cycles
cpu6->cpu6_ITLB TOTAL        ACCESS:   18911911 HIT:   18911911 MISS:          0 MSHR_MERGE:          0
cpu6->cpu6_ITLB LOAD         ACCESS:   18911911 HIT:   18911911 MISS:          0 MSHR_MERGE:          0
cpu6->cpu6_ITLB RFO          ACCESS:          0 HIT:          0 MISS:          0 MSHR_MERGE:          0
cpu6->cpu6_ITLB PREFETCH     ACCESS:          0 HIT:          0 MISS:          0 MSHR_MERGE:          0
cpu6->cpu6_ITLB WRITE        ACCESS:          0 HIT:          0 MISS:          0 MSHR_MERGE:          0
cpu6->cpu6_ITLB TRANSLATION  ACCESS:          0 HIT:          0 MISS:          0 MSHR_MERGE:          0
cpu6->cpu6_ITLB PREFETCH REQUESTED:          0 ISSUED:          0 USEFUL:          0 USELESS:          0
cpu6->cpu6_ITLB AVERAGE MISS LATENCY: - cycles
cpu6->cpu6_DTLB TOTAL        ACCESS:   22395908 HIT:   22395908 MISS:          0 MSHR_MERGE:          0
cpu6->cpu6_DTLB LOAD         ACCESS:   22395908 HIT:   22395908 MISS:          0 MSHR_MERGE:          0
cpu6->cpu6_DTLB RFO          ACCESS:          0 HIT:          0 MISS:          0 MSHR_MERGE:          0
cpu6->cpu6_DTLB PREFETCH     ACCESS:          0 HIT:          0 MISS:          0 MSHR_MERGE:          0
cpu6->cpu6_DTLB WRITE        ACCESS:          0 HIT:          0 MISS:          0 MSHR_MERGE:          0
cpu6->cpu6_DTLB TRANSLATION  ACCESS:          0 HIT:          0 MISS:          0 MSHR_MERGE:          0
cpu6->cpu6_DTLB PREFETCH REQUESTED:          0 ISSUED:          0 USEFUL:          0 USELESS:          0
cpu6->cpu6_DTLB AVERAGE MISS LATENCY: - cycles
cpu5->cpu5_L2C TOTAL        ACCESS:     300725 HIT:     297486 MISS:       3239 MSHR_MERGE:          0
cpu5->cpu5_L2C LOAD         ACCESS:     212616 HIT:     209381 MISS:       3235 MSHR_MERGE:          0
cpu5->cpu5_L2C RFO          ACCESS:      30880 HIT:      30876 MISS:          4 MSHR_MERGE:          0
cpu5->cpu5_L2C PREFETCH     ACCESS:          0 HIT:          0 MISS:          0 MSHR_MERGE:          0
cpu5->cpu5_L2C WRITE        ACCESS:      57229 HIT:      57229 MISS:          0 MSHR_MERGE:          0
cpu5->cpu5_L2C TRANSLATION  ACCESS:          0 HIT:          0 MISS:          0 MSHR_MERGE:          0
cpu5->cpu5_L2C PREFETCH REQUESTED:          0 ISSUED:          0 USEFUL:          0 USELESS:          0
cpu5->cpu5_L2C AVERAGE MISS LATENCY: 101.5 cycles
cpu5->cpu5_L1I TOTAL        ACCESS:   21028726 HIT:   21015154 MISS:      13572 MSHR_MERGE:       6721
cpu5->cpu5_L1I LOAD         ACCESS:   21028726 HIT:   21015154 MISS:      13572 MSHR_MERGE:       6721
cpu5->cpu5_L1I RFO          ACCESS:          0 HIT:          0 MISS:          0 MSHR_MERGE:          0
cpu5->cpu5_L1I PREFETCH     ACCESS:          0 HIT:          0 MISS:          0 MSHR_MERGE:          0
cpu5->cpu5_L1I WRITE        ACCESS:          0 HIT:          0 MISS:          0 MSHR_MERGE:          0
cpu5->cpu5_L1I TRANSLATION  ACCESS:          0 HIT:          0 MISS:          0 MSHR_MERGE:          0
cpu5->cpu5_L1I PREFETCH REQUESTED:          0 ISSUED:          0 USEFUL:          0 USELESS:          0
cpu5->cpu5_L1I AVERAGE MISS LATENCY: 7.2 cycles
cpu5->cpu5_L1D TOTAL        ACCESS:   25732979 HIT:   25322522 MISS:     410457 MSHR_MERGE:     173809
cpu5->cpu5_L1D LOAD         ACCESS:   14391216 HIT:   14067370 MISS:     323846 MSHR_MERGE:     118081
cpu5->cpu5_L1D RFO          ACCESS:          0 HIT:          0 MISS:          0 MSHR_MERGE:          0
cpu5->cpu5_L1D PREFETCH     ACCESS:          0 HIT:          0 MISS:          0 MSHR_MERGE:          0
cpu5->cpu5_L1D WRITE        ACCESS:   11341763 HIT:   11255152 MISS:      86611 MSHR_MERGE:      55728
cpu5->cpu5_L1D TRANSLATION  ACCESS:          0 HIT:          0 MISS:          0 MSHR_MERGE:          0
cpu5->cpu5_L1D PREFETCH REQUESTED:          0 ISSUED:          0 USEFUL:          0 USELESS:          0
cpu5->cpu5_L1D AVERAGE MISS LATENCY: 9.423 cycles
cpu5->cpu5_ITLB TOTAL        ACCESS:   18906878 HIT:   18906878 MISS:          0 MSHR_MERGE:          0
cpu5->cpu5_ITLB LOAD         ACCESS:   18906878 HIT:   18906878 MISS:          0 MSHR_MERGE:          0
cpu5->cpu5_ITLB RFO          ACCESS:          0 HIT:          0 MISS:          0 MSHR_MERGE:          0
cpu5->cpu5_ITLB PREFETCH     ACCESS:          0 HIT:          0 MISS:          0 MSHR_MERGE:          0
cpu5->cpu5_ITLB WRITE        ACCESS:          0 HIT:          0 MISS:          0 MSHR_MERGE:          0
cpu5->cpu5_ITLB TRANSLATION  ACCESS:          0 HIT:          0 MISS:          0 MSHR_MERGE:          0
cpu5->cpu5_ITLB PREFETCH REQUESTED:          0 ISSUED:          0 USEFUL:          0 USELESS:          0
cpu5->cpu5_ITLB AVERAGE MISS LATENCY: - cycles
cpu5->cpu5_DTLB TOTAL        ACCESS:   22322949 HIT:   22322949 MISS:          0 MSHR_MERGE:          0
cpu5->cpu5_DTLB LOAD         ACCESS:   22322949 HIT:   22322949 MISS:          0 MSHR_MERGE:          0
cpu5->cpu5_DTLB RFO          ACCESS:          0 HIT:          0 MISS:          0 MSHR_MERGE:          0
cpu5->cpu5_DTLB PREFETCH     ACCESS:          0 HIT:          0 MISS:          0 MSHR_MERGE:          0
cpu5->cpu5_DTLB WRITE        ACCESS:          0 HIT:          0 MISS:          0 MSHR_MERGE:          0
cpu5->cpu5_DTLB TRANSLATION  ACCESS:          0 HIT:          0 MISS:          0 MSHR_MERGE:          0
cpu5->cpu5_DTLB PREFETCH REQUESTED:          0 ISSUED:          0 USEFUL:          0 USELESS:          0
cpu5->cpu5_DTLB AVERAGE MISS LATENCY: - cycles
cpu4->cpu4_L2C TOTAL        ACCESS:     300765 HIT:     297526 MISS:       3239 MSHR_MERGE:          0
cpu4->cpu4_L2C LOAD         ACCESS:     212659 HIT:     209424 MISS:       3235 MSHR_MERGE:          0
cpu4->cpu4_L2C RFO          ACCESS:      30875 HIT:      30871 MISS:          4 MSHR_MERGE:          0
cpu4->cpu4_L2C PREFETCH     ACCESS:          0 HIT:          0 MISS:          0 MSHR_MERGE:          0
cpu4->cpu4_L2C WRITE        ACCESS:      57231 HIT:      57231 MISS:          0 MSHR_MERGE:          0
cpu4->cpu4_L2C TRANSLATION  ACCESS:          0 HIT:          0 MISS:          0 MSHR_MERGE:          0
cpu4->cpu4_L2C PREFETCH REQUESTED:          0 ISSUED:          0 USEFUL:          0 USELESS:          0
cpu4->cpu4_L2C AVERAGE MISS LATENCY: 100.7 cycles
cpu4->cpu4_L1I TOTAL        ACCESS:   21031420 HIT:   21017825 MISS:      13595 MSHR_MERGE:       6739
cpu4->cpu4_L1I LOAD         ACCESS:   21031420 HIT:   21017825 MISS:      13595 MSHR_MERGE:       6739
cpu4->cpu4_L1I RFO          ACCESS:          0 HIT:          0 MISS:          0 MSHR_MERGE:          0
cpu4->cpu4_L1I PREFETCH     ACCESS:          0 HIT:          0 MISS:          0 MSHR_MERGE:          0
cpu4->cpu4_L1I WRITE        ACCESS:          0 HIT:          0 MISS:          0 MSHR_MERGE:          0
cpu4->cpu4_L1I TRANSLATION  ACCESS:          0 HIT:          0 MISS:          0 MSHR_MERGE:          0
cpu4->cpu4_L1I PREFETCH REQUESTED:          0 ISSUED:          0 USEFUL:          0 USELESS:          0
cpu4->cpu4_L1I AVERAGE MISS LATENCY: 7.202 cycles
cpu4->cpu4_L1D TOTAL        ACCESS:   25740071 HIT:   25329301 MISS:     410770 MSHR_MERGE:     174090
cpu4->cpu4_L1D LOAD         ACCESS:   14395994 HIT:   14071783 MISS:     324211 MSHR_MERGE:     118408
cpu4->cpu4_L1D RFO          ACCESS:          0 HIT:          0 MISS:          0 MSHR_MERGE:          0
cpu4->cpu4_L1D PREFETCH     ACCESS:          0 HIT:          0 MISS:          0 MSHR_MERGE:          0
cpu4->cpu4_L1D WRITE        ACCESS:   11344077 HIT:   11257518 MISS:      86559 MSHR_MERGE:      55682
cpu4->cpu4_L1D TRANSLATION  ACCESS:          0 HIT:          0 MISS:          0 MSHR_MERGE:          0
cpu4->cpu4_L1D PREFETCH REQUESTED:          0 ISSUED:          0 USEFUL:          0 USELESS:          0
cpu4->cpu4_L1D AVERAGE MISS LATENCY: 9.412 cycles
cpu4->cpu4_ITLB TOTAL        ACCESS:   18909168 HIT:   18909168 MISS:          0 MSHR_MERGE:          0
cpu4->cpu4_ITLB LOAD         ACCESS:   18909168 HIT:   18909168 MISS:          0 MSHR_MERGE:          0
cpu4->cpu4_ITLB RFO          ACCESS:          0 HIT:          0 MISS:          0 MSHR_MERGE:          0
cpu4->cpu4_ITLB PREFETCH     ACCESS:          0 HIT:          0 MISS:          0 MSHR_MERGE:          0
cpu4->cpu4_ITLB WRITE        ACCESS:          0 HIT:          0 MISS:          0 MSHR_MERGE:          0
cpu4->cpu4_ITLB TRANSLATION  ACCESS:          0 HIT:          0 MISS:          0 MSHR_MERGE:          0
cpu4->cpu4_ITLB PREFETCH REQUESTED:          0 ISSUED:          0 USEFUL:          0 USELESS:          0
cpu4->cpu4_ITLB AVERAGE MISS LATENCY: - cycles
cpu4->cpu4_DTLB TOTAL        ACCESS:   22326799 HIT:   22326799 MISS:          0 MSHR_MERGE:          0
cpu4->cpu4_DTLB LOAD         ACCESS:   22326799 HIT:   22326799 MISS:          0 MSHR_MERGE:          0
cpu4->cpu4_DTLB RFO          ACCESS:          0 HIT:          0 MISS:          0 MSHR_MERGE:          0
cpu4->cpu4_DTLB PREFETCH     ACCESS:          0 HIT:          0 MISS:          0 MSHR_MERGE:          0
cpu4->cpu4_DTLB WRITE        ACCESS:          0 HIT:          0 MISS:          0 MSHR_MERGE:          0
cpu4->cpu4_DTLB TRANSLATION  ACCESS:          0 HIT:          0 MISS:          0 MSHR_MERGE:          0
cpu4->cpu4_DTLB PREFETCH REQUESTED:          0 ISSUED:          0 USEFUL:          0 USELESS:          0
cpu4->cpu4_DTLB AVERAGE MISS LATENCY: - cycles
cpu3->cpu3_L2C TOTAL        ACCESS:     300803 HIT:     297564 MISS:       3239 MSHR_MERGE:          0
cpu3->cpu3_L2C LOAD         ACCESS:     212677 HIT:     209442 MISS:       3235 MSHR_MERGE:          0
cpu3->cpu3_L2C RFO          ACCESS:      30890 HIT:      30886 MISS:          4 MSHR_MERGE:          0
cpu3->cpu3_L2C PREFETCH     ACCESS:          0 HIT:          0 MISS:          0 MSHR_MERGE:          0
cpu3->cpu3_L2C WRITE        ACCESS:      57236 HIT:      57236 MISS:          0 MSHR_MERGE:          0
cpu3->cpu3_L2C TRANSLATION  ACCESS:          0 HIT:          0 MISS:          0 MSHR_MERGE:          0
cpu3->cpu3_L2C PREFETCH REQUESTED:          0 ISSUED:          0 USEFUL:          0 USELESS:          0
cpu3->cpu3_L2C AVERAGE MISS LATENCY: 101.1 cycles
cpu3->cpu3_L1I TOTAL        ACCESS:   21034252 HIT:   21020651 MISS:      13601 MSHR_MERGE:       6749
cpu3->cpu3_L1I LOAD         ACCESS:   21034252 HIT:   21020651 MISS:      13601 MSHR_MERGE:       6749
cpu3->cpu3_L1I RFO          ACCESS:          0 HIT:          0 MISS:          0 MSHR_MERGE:          0
cpu3->cpu3_L1I PREFETCH     ACCESS:          0 HIT:          0 MISS:          0 MSHR_MERGE:          0
cpu3->cpu3_L1I WRITE        ACCESS:          0 HIT:          0 MISS:          0 MSHR_MERGE:          0
cpu3->cpu3_L1I TRANSLATION  ACCESS:          0 HIT:          0 MISS:          0 MSHR_MERGE:          0
cpu3->cpu3_L1I PREFETCH REQUESTED:          0 ISSUED:          0 USEFUL:          0 USELESS:          0
cpu3->cpu3_L1I AVERAGE MISS LATENCY: 7.198 cycles
cpu3->cpu3_L1D TOTAL        ACCESS:   25748558 HIT:   25337823 MISS:     410735 MSHR_MERGE:     174019
cpu3->cpu3_L1D LOAD         ACCESS:   14401005 HIT:   14076800 MISS:     324205 MSHR_MERGE:     118380
cpu3->cpu3_L1D RFO          ACCESS:          0 HIT:          0 MISS:          0 MSHR_MERGE:          0
cpu3->cpu3_L1D PREFETCH     ACCESS:          0 HIT:          0 MISS:          0 MSHR_MERGE:          0
cpu3->cpu3_L1D WRITE        ACCESS:   11347553 HIT:   11261023 MISS:      86530 MSHR_MERGE:      55639
cpu3->cpu3_L1D TRANSLATION  ACCESS:          0 HIT:          0 MISS:          0 MSHR_MERGE:          0
cpu3->cpu3_L1D PREFETCH REQUESTED:          0 ISSUED:          0 USEFUL:          0 USELESS:          0
cpu3->cpu3_L1D AVERAGE MISS LATENCY: 9.421 cycles
cpu3->cpu3_ITLB TOTAL        ACCESS:   18953933 HIT:   18953933 MISS:          0 MSHR_MERGE:          0
cpu3->cpu3_ITLB LOAD         ACCESS:   18953933 HIT:   18953933 MISS:          0 MSHR_MERGE:          0
cpu3->cpu3_ITLB RFO          ACCESS:          0 HIT:          0 MISS:          0 MSHR_MERGE:          0
cpu3->cpu3_ITLB PREFETCH     ACCESS:          0 HIT:          0 MISS:          0 MSHR_MERGE:          0
cpu3->cpu3_ITLB WRITE        ACCESS:          0 HIT:          0 MISS:          0 MSHR_MERGE:          0
cpu3->cpu3_ITLB TRANSLATION  ACCESS:          0 HIT:          0 MISS:          0 MSHR_MERGE:          0
cpu3->cpu3_ITLB PREFETCH REQUESTED:          0 ISSUED:          0 USEFUL:          0 USELESS:          0
cpu3->cpu3_ITLB AVERAGE MISS LATENCY: - cycles
cpu3->cpu3_DTLB TOTAL        ACCESS:   22410336 HIT:   22410336 MISS:          0 MSHR_MERGE:          0
cpu3->cpu3_DTLB LOAD         ACCESS:   22410336 HIT:   22410336 MISS:          0 MSHR_MERGE:          0
cpu3->cpu3_DTLB RFO          ACCESS:          0 HIT:          0 MISS:          0 MSHR_MERGE:          0
cpu3->cpu3_DTLB PREFETCH     ACCESS:          0 HIT:          0 MISS:          0 MSHR_MERGE:          0
cpu3->cpu3_DTLB WRITE        ACCESS:          0 HIT:          0 MISS:          0 MSHR_MERGE:          0
cpu3->cpu3_DTLB TRANSLATION  ACCESS:          0 HIT:          0 MISS:          0 MSHR_MERGE:          0
cpu3->cpu3_DTLB PREFETCH REQUESTED:          0 ISSUED:          0 USEFUL:          0 USELESS:          0
cpu3->cpu3_DTLB AVERAGE MISS LATENCY: - cycles
cpu2->cpu2_L2C TOTAL        ACCESS:     300727 HIT:     297488 MISS:       3239 MSHR_MERGE:          0
cpu2->cpu2_L2C LOAD         ACCESS:     212612 HIT:     209377 MISS:       3235 MSHR_MERGE:          0
cpu2->cpu2_L2C RFO          ACCESS:      30886 HIT:      30882 MISS:          4 MSHR_MERGE:          0
cpu2->cpu2_L2C PREFETCH     ACCESS:          0 HIT:          0 MISS:          0 MSHR_MERGE:          0
cpu2->cpu2_L2C WRITE        ACCESS:      57229 HIT:      57229 MISS:          0 MSHR_MERGE:          0
cpu2->cpu2_L2C TRANSLATION  ACCESS:          0 HIT:          0 MISS:          0 MSHR_MERGE:          0
cpu2->cpu2_L2C PREFETCH REQUESTED:          0 ISSUED:          0 USEFUL:          0 USELESS:          0
cpu2->cpu2_L2C AVERAGE MISS LATENCY: 101 cycles
cpu2->cpu2_L1I TOTAL        ACCESS:   21029231 HIT:   21015621 MISS:      13610 MSHR_MERGE:       6756
cpu2->cpu2_L1I LOAD         ACCESS:   21029231 HIT:   21015621 MISS:      13610 MSHR_MERGE:       6756
cpu2->cpu2_L1I RFO          ACCESS:          0 HIT:          0 MISS:          0 MSHR_MERGE:          0
cpu2->cpu2_L1I PREFETCH     ACCESS:          0 HIT:          0 MISS:          0 MSHR_MERGE:          0
cpu2->cpu2_L1I WRITE        ACCESS:          0 HIT:          0 MISS:          0 MSHR_MERGE:          0
cpu2->cpu2_L1I TRANSLATION  ACCESS:          0 HIT:          0 MISS:          0 MSHR_MERGE:          0
cpu2->cpu2_L1I PREFETCH REQUESTED:          0 ISSUED:          0 USEFUL:          0 USELESS:          0
cpu2->cpu2_L1I AVERAGE MISS LATENCY: 7.201 cycles
cpu2->cpu2_L1D TOTAL        ACCESS:   25733580 HIT:   25323093 MISS:     410487 MSHR_MERGE:     173840
cpu2->cpu2_L1D LOAD         ACCESS:   14391937 HIT:   14068054 MISS:     323883 MSHR_MERGE:     118125
cpu2->cpu2_L1D RFO          ACCESS:          0 HIT:          0 MISS:          0 MSHR_MERGE:          0
cpu2->cpu2_L1D PREFETCH     ACCESS:          0 HIT:          0 MISS:          0 MSHR_MERGE:          0
cpu2->cpu2_L1D WRITE        ACCESS:   11341643 HIT:   11255039 MISS:      86604 MSHR_MERGE:      55715
cpu2->cpu2_L1D TRANSLATION  ACCESS:          0 HIT:          0 MISS:          0 MSHR_MERGE:          0
cpu2->cpu2_L1D PREFETCH REQUESTED:          0 ISSUED:          0 USEFUL:          0 USELESS:          0
cpu2->cpu2_L1D AVERAGE MISS LATENCY: 9.421 cycles
cpu2->cpu2_ITLB TOTAL        ACCESS:   18909877 HIT:   18909877 MISS:          0 MSHR_MERGE:          0
cpu2->cpu2_ITLB LOAD         ACCESS:   18909877 HIT:   18909877 MISS:          0 MSHR_MERGE:          0
cpu2->cpu2_ITLB RFO          ACCESS:          0 HIT:          0 MISS:          0 MSHR_MERGE:          0
cpu2->cpu2_ITLB PREFETCH     ACCESS:          0 HIT:          0 MISS:          0 MSHR_MERGE:          0
cpu2->cpu2_ITLB WRITE        ACCESS:          0 HIT:          0 MISS:          0 MSHR_MERGE:          0
cpu2->cpu2_ITLB TRANSLATION  ACCESS:          0 HIT:          0 MISS:          0 MSHR_MERGE:          0
cpu2->cpu2_ITLB PREFETCH REQUESTED:          0 ISSUED:          0 USEFUL:          0 USELESS:          0
cpu2->cpu2_ITLB AVERAGE MISS LATENCY: - cycles
cpu2->cpu2_DTLB TOTAL        ACCESS:   22320145 HIT:   22320145 MISS:          0 MSHR_MERGE:          0
cpu2->cpu2_DTLB LOAD         ACCESS:   22320145 HIT:   22320145 MISS:          0 MSHR_MERGE:          0
cpu2->cpu2_DTLB RFO          ACCESS:          0 HIT:          0 MISS:          0 MSHR_MERGE:          0
cpu2->cpu2_DTLB PREFETCH     ACCESS:          0 HIT:          0 MISS:          0 MSHR_MERGE:          0
cpu2->cpu2_DTLB WRITE        ACCESS:          0 HIT:          0 MISS:          0 MSHR_MERGE:          0
cpu2->cpu2_DTLB TRANSLATION  ACCESS:          0 HIT:          0 MISS:          0 MSHR_MERGE:          0
cpu2->cpu2_DTLB PREFETCH REQUESTED:          0 ISSUED:          0 USEFUL:          0 USELESS:          0
cpu2->cpu2_DTLB AVERAGE MISS LATENCY: - cycles
cpu1->cpu1_L2C TOTAL        ACCESS:     299499 HIT:     296263 MISS:       3236 MSHR_MERGE:          0
cpu1->cpu1_L2C LOAD         ACCESS:     211816 HIT:     208584 MISS:       3232 MSHR_MERGE:          0
cpu1->cpu1_L2C RFO          ACCESS:      30711 HIT:      30707 MISS:          4 MSHR_MERGE:          0
cpu1->cpu1_L2C PREFETCH     ACCESS:          0 HIT:          0 MISS:          0 MSHR_MERGE:          0
cpu1->cpu1_L2C WRITE        ACCESS:      56972 HIT:      56972 MISS:          0 MSHR_MERGE:          0
cpu1->cpu1_L2C TRANSLATION  ACCESS:          0 HIT:          0 MISS:          0 MSHR_MERGE:          0
cpu1->cpu1_L2C PREFETCH REQUESTED:          0 ISSUED:          0 USEFUL:          0 USELESS:          0
cpu1->cpu1_L2C AVERAGE MISS LATENCY: 100.3 cycles
cpu1->cpu1_L1I TOTAL        ACCESS:   21018094 HIT:   21004569 MISS:      13525 MSHR_MERGE:       6714
cpu1->cpu1_L1I LOAD         ACCESS:   21018094 HIT:   21004569 MISS:      13525 MSHR_MERGE:       6714
cpu1->cpu1_L1I RFO          ACCESS:          0 HIT:          0 MISS:          0 MSHR_MERGE:          0
cpu1->cpu1_L1I PREFETCH     ACCESS:          0 HIT:          0 MISS:          0 MSHR_MERGE:          0
cpu1->cpu1_L1I WRITE        ACCESS:          0 HIT:          0 MISS:          0 MSHR_MERGE:          0
cpu1->cpu1_L1I TRANSLATION  ACCESS:          0 HIT:          0 MISS:          0 MSHR_MERGE:          0
cpu1->cpu1_L1I PREFETCH REQUESTED:          0 ISSUED:          0 USEFUL:          0 USELESS:          0
cpu1->cpu1_L1I AVERAGE MISS LATENCY: 7.201 cycles
cpu1->cpu1_L1D TOTAL        ACCESS:   25711224 HIT:   25302493 MISS:     408731 MSHR_MERGE:     173015
cpu1->cpu1_L1D LOAD         ACCESS:   14378787 HIT:   14056114 MISS:     322673 MSHR_MERGE:     117668
cpu1->cpu1_L1D RFO          ACCESS:          0 HIT:          0 MISS:          0 MSHR_MERGE:          0
cpu1->cpu1_L1D PREFETCH     ACCESS:          0 HIT:          0 MISS:          0 MSHR_MERGE:          0
cpu1->cpu1_L1D WRITE        ACCESS:   11332437 HIT:   11246379 MISS:      86058 MSHR_MERGE:      55347
cpu1->cpu1_L1D TRANSLATION  ACCESS:          0 HIT:          0 MISS:          0 MSHR_MERGE:          0
cpu1->cpu1_L1D PREFETCH REQUESTED:          0 ISSUED:          0 USEFUL:          0 USELESS:          0
cpu1->cpu1_L1D AVERAGE MISS LATENCY: 9.414 cycles
cpu1->cpu1_ITLB TOTAL        ACCESS:   18939802 HIT:   18939802 MISS:          0 MSHR_MERGE:          0
cpu1->cpu1_ITLB LOAD         ACCESS:   18939802 HIT:   18939802 MISS:          0 MSHR_MERGE:          0
cpu1->cpu1_ITLB RFO          ACCESS:          0 HIT:          0 MISS:          0 MSHR_MERGE:          0
cpu1->cpu1_ITLB PREFETCH     ACCESS:          0 HIT:          0 MISS:          0 MSHR_MERGE:          0
cpu1->cpu1_ITLB WRITE        ACCESS:          0 HIT:          0 MISS:          0 MSHR_MERGE:          0
cpu1->cpu1_ITLB TRANSLATION  ACCESS:          0 HIT:          0 MISS:          0 MSHR_MERGE:          0
cpu1->cpu1_ITLB PREFETCH REQUESTED:          0 ISSUED:          0 USEFUL:          0 USELESS:          0
cpu1->cpu1_ITLB AVERAGE MISS LATENCY: - cycles
cpu1->cpu1_DTLB TOTAL        ACCESS:   22304551 HIT:   22304551 MISS:          0 MSHR_MERGE:          0
cpu1->cpu1_DTLB LOAD         ACCESS:   22304551 HIT:   22304551 MISS:          0 MSHR_MERGE:          0
cpu1->cpu1_DTLB RFO          ACCESS:          0 HIT:          0 MISS:          0 MSHR_MERGE:          0
cpu1->cpu1_DTLB PREFETCH     ACCESS:          0 HIT:          0 MISS:          0 MSHR_MERGE:          0
cpu1->cpu1_DTLB WRITE        ACCESS:          0 HIT:          0 MISS:          0 MSHR_MERGE:          0
cpu1->cpu1_DTLB TRANSLATION  ACCESS:          0 HIT:          0 MISS:          0 MSHR_MERGE:          0
cpu1->cpu1_DTLB PREFETCH REQUESTED:          0 ISSUED:          0 USEFUL:          0 USELESS:          0
cpu1->cpu1_DTLB AVERAGE MISS LATENCY: - cycles
cpu0->cpu0_L2C TOTAL        ACCESS:     300815 HIT:     297578 MISS:       3237 MSHR_MERGE:          0
cpu0->cpu0_L2C LOAD         ACCESS:     212688 HIT:     209455 MISS:       3233 MSHR_MERGE:          0
cpu0->cpu0_L2C RFO          ACCESS:      30889 HIT:      30885 MISS:          4 MSHR_MERGE:          0
cpu0->cpu0_L2C PREFETCH     ACCESS:          0 HIT:          0 MISS:          0 MSHR_MERGE:          0
cpu0->cpu0_L2C WRITE        ACCESS:      57238 HIT:      57238 MISS:          0 MSHR_MERGE:          0
cpu0->cpu0_L2C TRANSLATION  ACCESS:          0 HIT:          0 MISS:          0 MSHR_MERGE:          0
cpu0->cpu0_L2C PREFETCH REQUESTED:          0 ISSUED:          0 USEFUL:          0 USELESS:          0
cpu0->cpu0_L2C AVERAGE MISS LATENCY: 100.5 cycles
cpu0->cpu0_L1I TOTAL        ACCESS:   21035719 HIT:   21022130 MISS:      13589 MSHR_MERGE:       6735
cpu0->cpu0_L1I LOAD         ACCESS:   21035719 HIT:   21022130 MISS:      13589 MSHR_MERGE:       6735
cpu0->cpu0_L1I RFO          ACCESS:          0 HIT:          0 MISS:          0 MSHR_MERGE:          0
cpu0->cpu0_L1I PREFETCH     ACCESS:          0 HIT:          0 MISS:          0 MSHR_MERGE:          0
cpu0->cpu0_L1I WRITE        ACCESS:          0 HIT:          0 MISS:          0 MSHR_MERGE:          0
cpu0->cpu0_L1I TRANSLATION  ACCESS:          0 HIT:          0 MISS:          0 MSHR_MERGE:          0
cpu0->cpu0_L1I PREFETCH REQUESTED:          0 ISSUED:          0 USEFUL:          0 USELESS:          0
cpu0->cpu0_L1I AVERAGE MISS LATENCY: 7.212 cycles
cpu0->cpu0_L1D TOTAL        ACCESS:   25751009 HIT:   25340226 MISS:     410783 MSHR_MERGE:     174057
cpu0->cpu0_L1D LOAD         ACCESS:   14402672 HIT:   14078505 MISS:     324167 MSHR_MERGE:     118333
cpu0->cpu0_L1D RFO          ACCESS:          0 HIT:          0 MISS:          0 MSHR_MERGE:          0
cpu0->cpu0_L1D PREFETCH     ACCESS:          0 HIT:          0 MISS:          0 MSHR_MERGE:          0
cpu0->cpu0_L1D WRITE        ACCESS:   11348337 HIT:   11261721 MISS:      86616 MSHR_MERGE:      55724
cpu0->cpu0_L1D TRANSLATION  ACCESS:          0 HIT:          0 MISS:          0 MSHR_MERGE:          0
cpu0->cpu0_L1D PREFETCH REQUESTED:          0 ISSUED:          0 USEFUL:          0 USELESS:          0
cpu0->cpu0_L1D AVERAGE MISS LATENCY: 9.412 cycles
cpu0->cpu0_ITLB TOTAL        ACCESS:   18954664 HIT:   18954664 MISS:          0 MSHR_MERGE:          0
cpu0->cpu0_ITLB LOAD         ACCESS:   18954664 HIT:   18954664 MISS:          0 MSHR_MERGE:          0
cpu0->cpu0_ITLB RFO          ACCESS:          0 HIT:          0 MISS:          0 MSHR_MERGE:          0
cpu0->cpu0_ITLB PREFETCH     ACCESS:          0 HIT:          0 MISS:          0 MSHR_MERGE:          0
cpu0->cpu0_ITLB WRITE        ACCESS:          0 HIT:          0 MISS:          0 MSHR_MERGE:          0
cpu0->cpu0_ITLB TRANSLATION  ACCESS:          0 HIT:          0 MISS:          0 MSHR_MERGE:          0
cpu0->cpu0_ITLB PREFETCH REQUESTED:          0 ISSUED:          0 USEFUL:          0 USELESS:          0
cpu0->cpu0_ITLB AVERAGE MISS LATENCY: - cycles
cpu0->cpu0_DTLB TOTAL        ACCESS:   22404871 HIT:   22404871 MISS:          0 MSHR_MERGE:          0
cpu0->cpu0_DTLB LOAD         ACCESS:   22404871 HIT:   22404871 MISS:          0 MSHR_MERGE:          0
cpu0->cpu0_DTLB RFO          ACCESS:          0 HIT:          0 MISS:          0 MSHR_MERGE:          0
cpu0->cpu0_DTLB PREFETCH     ACCESS:          0 HIT:          0 MISS:          0 MSHR_MERGE:          0
cpu0->cpu0_DTLB WRITE        ACCESS:          0 HIT:          0 MISS:          0 MSHR_MERGE:          0
cpu0->cpu0_DTLB TRANSLATION  ACCESS:          0 HIT:          0 MISS:          0 MSHR_MERGE:          0
cpu0->cpu0_DTLB PREFETCH REQUESTED:          0 ISSUED:          0 USEFUL:          0 USELESS:          0
cpu0->cpu0_DTLB AVERAGE MISS LATENCY: - cycles
cpu0->LLC TOTAL        ACCESS:       3360 HIT:       1588 MISS:       1772 MSHR_MERGE:          0
cpu0->LLC LOAD         ACCESS:       3233 HIT:       1470 MISS:       1763 MSHR_MERGE:          0
cpu0->LLC RFO          ACCESS:          4 HIT:          3 MISS:          1 MSHR_MERGE:          0
cpu0->LLC PREFETCH     ACCESS:          0 HIT:          0 MISS:          0 MSHR_MERGE:          0
cpu0->LLC WRITE        ACCESS:        123 HIT:        115 MISS:          8 MSHR_MERGE:          0
cpu0->LLC TRANSLATION  ACCESS:          0 HIT:          0 MISS:          0 MSHR_MERGE:          0
cpu0->LLC PREFETCH REQUESTED:          0 ISSUED:          0 USEFUL:          0 USELESS:          0
cpu0->LLC AVERAGE MISS LATENCY: 1248 cycles
cpu1->LLC TOTAL        ACCESS:       3359 HIT:       1592 MISS:       1767 MSHR_MERGE:          0
cpu1->LLC LOAD         ACCESS:       3232 HIT:       1473 MISS:       1759 MSHR_MERGE:          0
cpu1->LLC RFO          ACCESS:          4 HIT:          3 MISS:          1 MSHR_MERGE:          0
cpu1->LLC PREFETCH     ACCESS:          0 HIT:          0 MISS:          0 MSHR_MERGE:          0
cpu1->LLC WRITE        ACCESS:        123 HIT:        116 MISS:          7 MSHR_MERGE:          0
cpu1->LLC TRANSLATION  ACCESS:          0 HIT:          0 MISS:          0 MSHR_MERGE:          0
cpu1->LLC PREFETCH REQUESTED:          0 ISSUED:          0 USEFUL:          0 USELESS:          0
cpu1->LLC AVERAGE MISS LATENCY: 1251 cycles
cpu2->LLC TOTAL        ACCESS:       3362 HIT:       1590 MISS:       1772 MSHR_MERGE:          0
cpu2->LLC LOAD         ACCESS:       3235 HIT:       1471 MISS:       1764 MSHR_MERGE:          0
cpu2->LLC RFO          ACCESS:          4 HIT:          3 MISS:          1 MSHR_MERGE:          0
cpu2->LLC PREFETCH     ACCESS:          0 HIT:          0 MISS:          0 MSHR_MERGE:          0
cpu2->LLC WRITE        ACCESS:        123 HIT:        116 MISS:          7 MSHR_MERGE:          0
cpu2->LLC TRANSLATION  ACCESS:          0 HIT:          0 MISS:          0 MSHR_MERGE:          0
cpu2->LLC PREFETCH REQUESTED:          0 ISSUED:          0 USEFUL:          0 USELESS:          0
cpu2->LLC AVERAGE MISS LATENCY: 1248 cycles
cpu3->LLC TOTAL        ACCESS:       3362 HIT:       1591 MISS:       1771 MSHR_MERGE:          0
cpu3->LLC LOAD         ACCESS:       3235 HIT:       1473 MISS:       1762 MSHR_MERGE:          0
cpu3->LLC RFO          ACCESS:          4 HIT:          3 MISS:          1 MSHR_MERGE:          0
cpu3->LLC PREFETCH     ACCESS:          0 HIT:          0 MISS:          0 MSHR_MERGE:          0
cpu3->LLC WRITE        ACCESS:        123 HIT:        115 MISS:          8 MSHR_MERGE:          0
cpu3->LLC TRANSLATION  ACCESS:          0 HIT:          0 MISS:          0 MSHR_MERGE:          0
cpu3->LLC PREFETCH REQUESTED:          0 ISSUED:          0 USEFUL:          0 USELESS:          0
cpu3->LLC AVERAGE MISS LATENCY: 1248 cycles
cpu4->LLC TOTAL        ACCESS:       3362 HIT:       1592 MISS:       1770 MSHR_MERGE:          0
cpu4->LLC LOAD         ACCESS:       3235 HIT:       1473 MISS:       1762 MSHR_MERGE:          0
cpu4->LLC RFO          ACCESS:          4 HIT:          3 MISS:          1 MSHR_MERGE:          0
cpu4->LLC PREFETCH     ACCESS:          0 HIT:          0 MISS:          0 MSHR_MERGE:          0
cpu4->LLC WRITE        ACCESS:        123 HIT:        116 MISS:          7 MSHR_MERGE:          0
cpu4->LLC TRANSLATION  ACCESS:          0 HIT:          0 MISS:          0 MSHR_MERGE:          0
cpu4->LLC PREFETCH REQUESTED:          0 ISSUED:          0 USEFUL:          0 USELESS:          0
cpu4->LLC AVERAGE MISS LATENCY: 1249 cycles
cpu5->LLC TOTAL        ACCESS:       3362 HIT:       1588 MISS:       1774 MSHR_MERGE:          0
cpu5->LLC LOAD         ACCESS:       3235 HIT:       1469 MISS:       1766 MSHR_MERGE:          0
cpu5->LLC RFO          ACCESS:          4 HIT:          3 MISS:          1 MSHR_MERGE:          0
cpu5->LLC PREFETCH     ACCESS:          0 HIT:          0 MISS:          0 MSHR_MERGE:          0
cpu5->LLC WRITE        ACCESS:        123 HIT:        116 MISS:          7 MSHR_MERGE:          0
cpu5->LLC TRANSLATION  ACCESS:          0 HIT:          0 MISS:          0 MSHR_MERGE:          0
cpu5->LLC PREFETCH REQUESTED:          0 ISSUED:          0 USEFUL:          0 USELESS:          0
cpu5->LLC AVERAGE MISS LATENCY: 1246 cycles
cpu6->LLC TOTAL        ACCESS:       3362 HIT:       1591 MISS:       1771 MSHR_MERGE:          0
cpu6->LLC LOAD         ACCESS:       3235 HIT:       1472 MISS:       1763 MSHR_MERGE:          0
cpu6->LLC RFO          ACCESS:          4 HIT:          3 MISS:          1 MSHR_MERGE:          0
cpu6->LLC PREFETCH     ACCESS:          0 HIT:          0 MISS:          0 MSHR_MERGE:          0
cpu6->LLC WRITE        ACCESS:        123 HIT:        116 MISS:          7 MSHR_MERGE:          0
cpu6->LLC TRANSLATION  ACCESS:          0 HIT:          0 MISS:          0 MSHR_MERGE:          0
cpu6->LLC PREFETCH REQUESTED:          0 ISSUED:          0 USEFUL:          0 USELESS:          0
cpu6->LLC AVERAGE MISS LATENCY: 1248 cycles
cpu7->LLC TOTAL        ACCESS:       3361 HIT:       1589 MISS:       1772 MSHR_MERGE:          0
cpu7->LLC LOAD         ACCESS:       3234 HIT:       1470 MISS:       1764 MSHR_MERGE:          0
cpu7->LLC RFO          ACCESS:          4 HIT:          3 MISS:          1 MSHR_MERGE:          0
cpu7->LLC PREFETCH     ACCESS:          0 HIT:          0 MISS:          0 MSHR_MERGE:          0
cpu7->LLC WRITE        ACCESS:        123 HIT:        116 MISS:          7 MSHR_MERGE:          0
cpu7->LLC TRANSLATION  ACCESS:          0 HIT:          0 MISS:          0 MSHR_MERGE:          0
cpu7->LLC PREFETCH REQUESTED:          0 ISSUED:          0 USEFUL:          0 USELESS:          0
cpu7->LLC AVERAGE MISS LATENCY: 1248 cycles

DRAM Statistics

Channel 0 READ REQS:       6989	WRITE REQS:         20
  READS:       6989	READ_HITS:          8
  WRITES:         20	WRITE HITS:          0
  ACTIVATES:       7001	PRECHARGES:       7001
  RQ FULL:          0	WQ FULL:          0
  WRITE DRAINS:         16	FORCED:          0
  MEAN WRITE IMBALANCE:          1
  READ OCCU PRE DRAIN:          0	POST DRAIN:          1
  MEAN WLP:     1.1875
  READ LATENCY: 36.244956359994276

Channel 1 READ REQS:       7122	WRITE REQS:         45
  READS:       7122	READ_HITS:          0
  WRITES:         45	WRITE HITS:          0
  ACTIVATES:       7167	PRECHARGES:       7167
  RQ FULL:          0	WQ FULL:          0
  WRITE DRAINS:         28	FORCED:          0
  MEAN WRITE IMBALANCE:          1
  READ OCCU PRE DRAIN:          0	POST DRAIN:          1
  MEAN WLP: 1.2857142857142858
  READ LATENCY: 36.481746700365065
WCACHE NON LRU EVICTS: 38	TOTAL EVICTS: 1943
