[VMEM] WARNING: physical memory size is smaller than virtual memory size.
dram page policy: is open = 0	is close = 0	is soft close = 1	cmd arg = 2

*** ChampSim Multicore Out-of-Order Simulator ***
Warmup Instructions: 25000000
Simulation Instructions: 100000000
Number of CPUs: 8
Page size: 2097152

CL :	 16.64 ns
CWL :	 15.808 ns
tRP :	 16.224 ns
tRCD :	 16.224 ns
tRAS :	 32.032000000000004 ns
tRTP :	 7.904 ns
tWR :	 30.368000000000002 ns

tCCD_S :	 3.3280000000000003 ns
tCCD_S_WR :	 3.3280000000000003 ns
tCCD_S_WTR :	 22.048000000000002 ns
tCCD_L :	 5.408 ns
tCCD_L_WR :	 20.384 ns
tCCD_L_WTR :	 29.536 ns
tRRD_S :	 3.3280000000000003 ns
tRRD_L :	 5.408 ns
tFAW :	 13.728 ns
Address mapping (perm = 1) 	ch co bg bg bg ba ba co co co co co co ro ro ro ro ro ro ro ro ro ro ro ro ro ro ro 
dram queue size: R = 64 W = 64 (low:high is 12:52)
max lookup for evict 0 = 16
lookup_sel: 128 128 128 128 128 128 128 128 128 128 128 128 128 128 128 128
Heartbeat CPU 0 instructions: 10000002 cycles: 2509069 heartbeat IPC: 3.986 cumulative IPC: 3.986 (Simulation time: 00 hr 10 min 07 sec)
Heartbeat CPU 1 instructions: 10000001 cycles: 2509348 heartbeat IPC: 3.985 cumulative IPC: 3.985 (Simulation time: 00 hr 10 min 08 sec)
Heartbeat CPU 2 instructions: 10000002 cycles: 2509592 heartbeat IPC: 3.985 cumulative IPC: 3.985 (Simulation time: 00 hr 10 min 08 sec)
Heartbeat CPU 3 instructions: 10000002 cycles: 2509599 heartbeat IPC: 3.985 cumulative IPC: 3.985 (Simulation time: 00 hr 10 min 08 sec)
Heartbeat CPU 4 instructions: 10000001 cycles: 2509716 heartbeat IPC: 3.985 cumulative IPC: 3.985 (Simulation time: 00 hr 10 min 08 sec)
Heartbeat CPU 5 instructions: 10000002 cycles: 2509840 heartbeat IPC: 3.984 cumulative IPC: 3.984 (Simulation time: 00 hr 10 min 08 sec)
Heartbeat CPU 6 instructions: 10000000 cycles: 2509910 heartbeat IPC: 3.984 cumulative IPC: 3.984 (Simulation time: 00 hr 10 min 08 sec)
Heartbeat CPU 7 instructions: 10000000 cycles: 2509953 heartbeat IPC: 3.984 cumulative IPC: 3.984 (Simulation time: 00 hr 10 min 08 sec)
max lookup for evict 100000 = 1
lookup_sel: 255 97 132 128 128 72 127 127 72 72 128 130 128 129 128 128
Heartbeat CPU 0 instructions: 20000004 cycles: 5011098 heartbeat IPC: 3.997 cumulative IPC: 3.991 (Simulation time: 00 hr 20 min 28 sec)
Heartbeat CPU 1 instructions: 20000002 cycles: 5011604 heartbeat IPC: 3.996 cumulative IPC: 3.991 (Simulation time: 00 hr 20 min 28 sec)
Heartbeat CPU 2 instructions: 20000004 cycles: 5012382 heartbeat IPC: 3.996 cumulative IPC: 3.99 (Simulation time: 00 hr 20 min 28 sec)
Heartbeat CPU 3 instructions: 20000004 cycles: 5012525 heartbeat IPC: 3.995 cumulative IPC: 3.99 (Simulation time: 00 hr 20 min 28 sec)
Heartbeat CPU 4 instructions: 20000003 cycles: 5012892 heartbeat IPC: 3.995 cumulative IPC: 3.99 (Simulation time: 00 hr 20 min 28 sec)
Heartbeat CPU 5 instructions: 20000005 cycles: 5013124 heartbeat IPC: 3.995 cumulative IPC: 3.99 (Simulation time: 00 hr 20 min 28 sec)
Heartbeat CPU 6 instructions: 20000004 cycles: 5013276 heartbeat IPC: 3.995 cumulative IPC: 3.989 (Simulation time: 00 hr 20 min 28 sec)
Heartbeat CPU 7 instructions: 20000002 cycles: 5013409 heartbeat IPC: 3.994 cumulative IPC: 3.989 (Simulation time: 00 hr 20 min 28 sec)
max lookup for evict 200000 = 1
lookup_sel: 255 34 134 131 129 54 128 128 53 53 128 130 128 129 128 128
Warmup finished CPU 0 instructions: 25000001 cycles: 6283616 cumulative IPC: 3.979 (Simulation time: 00 hr 25 min 44 sec)
Warmup finished CPU 1 instructions: 25000003 cycles: 6284364 cumulative IPC: 3.978 (Simulation time: 00 hr 25 min 44 sec)
Warmup finished CPU 2 instructions: 25000002 cycles: 6284993 cumulative IPC: 3.978 (Simulation time: 00 hr 25 min 44 sec)
Warmup finished CPU 3 instructions: 25000003 cycles: 6286054 cumulative IPC: 3.977 (Simulation time: 00 hr 25 min 44 sec)
Warmup finished CPU 4 instructions: 25000003 cycles: 6287015 cumulative IPC: 3.976 (Simulation time: 00 hr 25 min 44 sec)
Warmup finished CPU 5 instructions: 25000003 cycles: 6287414 cumulative IPC: 3.976 (Simulation time: 00 hr 25 min 45 sec)
Warmup finished CPU 6 instructions: 25000001 cycles: 6288037 cumulative IPC: 3.976 (Simulation time: 00 hr 25 min 45 sec)
Warmup finished CPU 7 instructions: 25000003 cycles: 6288354 cumulative IPC: 3.976 (Simulation time: 00 hr 25 min 45 sec)
Warmup complete CPU 7 instructions: 25000003 cycles: 6288354 cumulative IPC: 3.976 (Simulation time: 00 hr 25 min 45 sec)
Warmup complete CPU 6 instructions: 25001254 cycles: 6288354 cumulative IPC: 3.976 (Simulation time: 00 hr 25 min 45 sec)
Warmup complete CPU 5 instructions: 25003729 cycles: 6288354 cumulative IPC: 3.976 (Simulation time: 00 hr 25 min 45 sec)
Warmup complete CPU 4 instructions: 25005359 cycles: 6288354 cumulative IPC: 3.976 (Simulation time: 00 hr 25 min 45 sec)
Warmup complete CPU 3 instructions: 25009170 cycles: 6288354 cumulative IPC: 3.977 (Simulation time: 00 hr 25 min 45 sec)
Warmup complete CPU 2 instructions: 25013404 cycles: 6288354 cumulative IPC: 3.978 (Simulation time: 00 hr 25 min 45 sec)
Warmup complete CPU 1 instructions: 25015963 cycles: 6288354 cumulative IPC: 3.978 (Simulation time: 00 hr 25 min 45 sec)
Warmup complete CPU 0 instructions: 25018951 cycles: 6288354 cumulative IPC: 3.979 (Simulation time: 00 hr 25 min 45 sec)
max lookup for evict 300000 = 1
lookup_sel: 255 25 103 99 96 38 96 128 53 53 128 97 72 129 129 96
Heartbeat CPU 1 instructions: 30000004 cycles: 8998076 heartbeat IPC: 2.508 cumulative IPC: 1.839 (Simulation time: 00 hr 32 min 50 sec)
Heartbeat CPU 3 instructions: 30000004 cycles: 9006213 heartbeat IPC: 2.504 cumulative IPC: 1.836 (Simulation time: 00 hr 32 min 51 sec)
Heartbeat CPU 0 instructions: 30000004 cycles: 9009540 heartbeat IPC: 2.501 cumulative IPC: 1.83 (Simulation time: 00 hr 32 min 52 sec)
Heartbeat CPU 2 instructions: 30000004 cycles: 9011445 heartbeat IPC: 2.501 cumulative IPC: 1.831 (Simulation time: 00 hr 32 min 52 sec)
Heartbeat CPU 5 instructions: 30000009 cycles: 9011639 heartbeat IPC: 2.501 cumulative IPC: 1.835 (Simulation time: 00 hr 32 min 52 sec)
Heartbeat CPU 6 instructions: 30000004 cycles: 9018512 heartbeat IPC: 2.497 cumulative IPC: 1.831 (Simulation time: 00 hr 32 min 54 sec)
Heartbeat CPU 4 instructions: 30000004 cycles: 9020845 heartbeat IPC: 2.495 cumulative IPC: 1.828 (Simulation time: 00 hr 32 min 54 sec)
Heartbeat CPU 7 instructions: 30000004 cycles: 9025962 heartbeat IPC: 2.492 cumulative IPC: 1.826 (Simulation time: 00 hr 32 min 55 sec)
max lookup for evict 400000 = 1
lookup_sel: 255 34 62 103 72 28 95 129 53 55 96 70 28 129 131 71
Heartbeat CPU 2 instructions: 40000004 cycles: 14503919 heartbeat IPC: 1.821 cumulative IPC: 1.824 (Simulation time: 00 hr 46 min 10 sec)
Heartbeat CPU 3 instructions: 40000005 cycles: 14517479 heartbeat IPC: 1.814 cumulative IPC: 1.822 (Simulation time: 00 hr 46 min 12 sec)
Heartbeat CPU 1 instructions: 40000008 cycles: 14524668 heartbeat IPC: 1.809 cumulative IPC: 1.819 (Simulation time: 00 hr 46 min 13 sec)
Heartbeat CPU 0 instructions: 40000005 cycles: 14526595 heartbeat IPC: 1.813 cumulative IPC: 1.818 (Simulation time: 00 hr 46 min 14 sec)
Heartbeat CPU 5 instructions: 40000013 cycles: 14537407 heartbeat IPC: 1.81 cumulative IPC: 1.818 (Simulation time: 00 hr 46 min 16 sec)
Heartbeat CPU 7 instructions: 40000005 cycles: 14547355 heartbeat IPC: 1.811 cumulative IPC: 1.816 (Simulation time: 00 hr 46 min 17 sec)
Heartbeat CPU 6 instructions: 40000004 cycles: 14550484 heartbeat IPC: 1.808 cumulative IPC: 1.815 (Simulation time: 00 hr 46 min 18 sec)
Heartbeat CPU 4 instructions: 40000005 cycles: 14553082 heartbeat IPC: 1.808 cumulative IPC: 1.814 (Simulation time: 00 hr 46 min 18 sec)
max lookup for evict 500000 = 1
lookup_sel: 255 28 50 79 42 28 72 130 39 42 95 69 10 130 99 69
max lookup for evict 600000 = 1
lookup_sel: 255 22 32 35 32 8 55 55 21 32 52 51 4 130 99 29
Heartbeat CPU 2 instructions: 50000005 cycles: 20092884 heartbeat IPC: 1.789 cumulative IPC: 1.81 (Simulation time: 00 hr 59 min 16 sec)
Heartbeat CPU 3 instructions: 50000005 cycles: 20100134 heartbeat IPC: 1.791 cumulative IPC: 1.809 (Simulation time: 00 hr 59 min 17 sec)
Heartbeat CPU 1 instructions: 50000010 cycles: 20119416 heartbeat IPC: 1.787 cumulative IPC: 1.806 (Simulation time: 00 hr 59 min 19 sec)
Heartbeat CPU 7 instructions: 50000005 cycles: 20122233 heartbeat IPC: 1.794 cumulative IPC: 1.807 (Simulation time: 00 hr 59 min 19 sec)
Heartbeat CPU 0 instructions: 50000005 cycles: 20139419 heartbeat IPC: 1.782 cumulative IPC: 1.804 (Simulation time: 00 hr 59 min 22 sec)
Heartbeat CPU 6 instructions: 50000005 cycles: 20141871 heartbeat IPC: 1.788 cumulative IPC: 1.805 (Simulation time: 00 hr 59 min 22 sec)
Heartbeat CPU 5 instructions: 50000016 cycles: 20146581 heartbeat IPC: 1.783 cumulative IPC: 1.804 (Simulation time: 00 hr 59 min 23 sec)
Heartbeat CPU 4 instructions: 50000005 cycles: 20186137 heartbeat IPC: 1.775 cumulative IPC: 1.798 (Simulation time: 00 hr 59 min 28 sec)
max lookup for evict 700000 = 1
lookup_sel: 255 12 27 21 9 3 45 53 10 18 51 20 1 72 73 20
Heartbeat CPU 7 instructions: 60000007 cycles: 26035697 heartbeat IPC: 1.691 cumulative IPC: 1.772 (Simulation time: 01 hr 12 min 38 sec)
Heartbeat CPU 2 instructions: 60000007 cycles: 26037731 heartbeat IPC: 1.682 cumulative IPC: 1.772 (Simulation time: 01 hr 12 min 38 sec)
Heartbeat CPU 3 instructions: 60000007 cycles: 26049345 heartbeat IPC: 1.681 cumulative IPC: 1.771 (Simulation time: 01 hr 12 min 40 sec)
Heartbeat CPU 1 instructions: 60000012 cycles: 26056327 heartbeat IPC: 1.684 cumulative IPC: 1.77 (Simulation time: 01 hr 12 min 41 sec)
Heartbeat CPU 0 instructions: 60000007 cycles: 26089612 heartbeat IPC: 1.681 cumulative IPC: 1.767 (Simulation time: 01 hr 12 min 45 sec)
Heartbeat CPU 6 instructions: 60000007 cycles: 26096208 heartbeat IPC: 1.679 cumulative IPC: 1.767 (Simulation time: 01 hr 12 min 46 sec)
Heartbeat CPU 5 instructions: 60000017 cycles: 26107448 heartbeat IPC: 1.678 cumulative IPC: 1.766 (Simulation time: 01 hr 12 min 48 sec)
Heartbeat CPU 4 instructions: 60000007 cycles: 26133992 heartbeat IPC: 1.681 cumulative IPC: 1.763 (Simulation time: 01 hr 12 min 52 sec)
max lookup for evict 800000 = 1
lookup_sel: 255 8 26 20 8 2 35 40 5 13 51 20 0 72 31 14
max lookup for evict 900000 = 1
lookup_sel: 255 20 22 11 3 3 38 30 5 14 50 15 0 53 13 15
Heartbeat CPU 7 instructions: 70000010 cycles: 31378614 heartbeat IPC: 1.872 cumulative IPC: 1.794 (Simulation time: 01 hr 25 min 17 sec)
Heartbeat CPU 3 instructions: 70000010 cycles: 31394775 heartbeat IPC: 1.871 cumulative IPC: 1.792 (Simulation time: 01 hr 25 min 19 sec)
Heartbeat CPU 2 instructions: 70000010 cycles: 31395767 heartbeat IPC: 1.866 cumulative IPC: 1.792 (Simulation time: 01 hr 25 min 19 sec)
Heartbeat CPU 1 instructions: 70000015 cycles: 31405570 heartbeat IPC: 1.869 cumulative IPC: 1.791 (Simulation time: 01 hr 25 min 21 sec)
Heartbeat CPU 0 instructions: 70000010 cycles: 31421099 heartbeat IPC: 1.876 cumulative IPC: 1.79 (Simulation time: 01 hr 25 min 23 sec)
Heartbeat CPU 6 instructions: 70000010 cycles: 31431662 heartbeat IPC: 1.874 cumulative IPC: 1.79 (Simulation time: 01 hr 25 min 24 sec)
Heartbeat CPU 5 instructions: 70000020 cycles: 31471538 heartbeat IPC: 1.864 cumulative IPC: 1.787 (Simulation time: 01 hr 25 min 30 sec)
Heartbeat CPU 4 instructions: 70000010 cycles: 31473374 heartbeat IPC: 1.873 cumulative IPC: 1.787 (Simulation time: 01 hr 25 min 31 sec)
max lookup for evict 1000000 = 1
lookup_sel: 255 8 4 9 1 0 20 9 1 10 12 12 0 53 6 11
Heartbeat CPU 7 instructions: 80000014 cycles: 37112629 heartbeat IPC: 1.744 cumulative IPC: 1.784 (Simulation time: 01 hr 38 min 20 sec)
Heartbeat CPU 3 instructions: 80000014 cycles: 37115527 heartbeat IPC: 1.748 cumulative IPC: 1.784 (Simulation time: 01 hr 38 min 20 sec)
Heartbeat CPU 1 instructions: 80000018 cycles: 37140488 heartbeat IPC: 1.744 cumulative IPC: 1.782 (Simulation time: 01 hr 38 min 24 sec)
Heartbeat CPU 2 instructions: 80000013 cycles: 37148494 heartbeat IPC: 1.738 cumulative IPC: 1.782 (Simulation time: 01 hr 38 min 25 sec)
Heartbeat CPU 0 instructions: 80000013 cycles: 37151790 heartbeat IPC: 1.745 cumulative IPC: 1.781 (Simulation time: 01 hr 38 min 25 sec)
Heartbeat CPU 6 instructions: 80000014 cycles: 37167447 heartbeat IPC: 1.743 cumulative IPC: 1.781 (Simulation time: 01 hr 38 min 27 sec)
Heartbeat CPU 4 instructions: 80000014 cycles: 37210318 heartbeat IPC: 1.743 cumulative IPC: 1.778 (Simulation time: 01 hr 38 min 32 sec)
Heartbeat CPU 5 instructions: 80000023 cycles: 37217429 heartbeat IPC: 1.74 cumulative IPC: 1.778 (Simulation time: 01 hr 38 min 33 sec)
max lookup for evict 1100000 = 1
lookup_sel: 255 9 2 16 0 0 5 3 0 7 9 6 0 53 5 11
max lookup for evict 1200000 = 1
lookup_sel: 255 5 2 3 1 0 3 1 0 7 3 5 0 53 4 11
Heartbeat CPU 7 instructions: 90000017 cycles: 43052468 heartbeat IPC: 1.684 cumulative IPC: 1.768 (Simulation time: 01 hr 51 min 33 sec)
Heartbeat CPU 3 instructions: 90000017 cycles: 43059743 heartbeat IPC: 1.682 cumulative IPC: 1.767 (Simulation time: 01 hr 51 min 34 sec)
Heartbeat CPU 0 instructions: 90000017 cycles: 43071191 heartbeat IPC: 1.689 cumulative IPC: 1.767 (Simulation time: 01 hr 51 min 36 sec)
Heartbeat CPU 2 instructions: 90000017 cycles: 43082556 heartbeat IPC: 1.685 cumulative IPC: 1.766 (Simulation time: 01 hr 51 min 38 sec)
Heartbeat CPU 1 instructions: 90000022 cycles: 43085577 heartbeat IPC: 1.682 cumulative IPC: 1.766 (Simulation time: 01 hr 51 min 38 sec)
Heartbeat CPU 6 instructions: 90000017 cycles: 43094286 heartbeat IPC: 1.687 cumulative IPC: 1.766 (Simulation time: 01 hr 51 min 40 sec)
Heartbeat CPU 5 instructions: 90000027 cycles: 43142263 heartbeat IPC: 1.688 cumulative IPC: 1.764 (Simulation time: 01 hr 51 min 47 sec)
Heartbeat CPU 4 instructions: 90000017 cycles: 43148906 heartbeat IPC: 1.684 cumulative IPC: 1.763 (Simulation time: 01 hr 51 min 48 sec)
max lookup for evict 1300000 = 1
lookup_sel: 255 12 3 5 2 2 2 5 0 6 3 3 0 53 4 11
Heartbeat CPU 7 instructions: 100000021 cycles: 48631216 heartbeat IPC: 1.793 cumulative IPC: 1.771 (Simulation time: 02 hr 04 min 26 sec)
Heartbeat CPU 3 instructions: 100000021 cycles: 48647009 heartbeat IPC: 1.79 cumulative IPC: 1.77 (Simulation time: 02 hr 04 min 28 sec)
Heartbeat CPU 0 instructions: 100000021 cycles: 48650947 heartbeat IPC: 1.792 cumulative IPC: 1.77 (Simulation time: 02 hr 04 min 29 sec)
Heartbeat CPU 2 instructions: 100000021 cycles: 48663315 heartbeat IPC: 1.792 cumulative IPC: 1.77 (Simulation time: 02 hr 04 min 31 sec)
Heartbeat CPU 1 instructions: 100000026 cycles: 48679724 heartbeat IPC: 1.788 cumulative IPC: 1.769 (Simulation time: 02 hr 04 min 33 sec)
Heartbeat CPU 6 instructions: 100000021 cycles: 48692173 heartbeat IPC: 1.786 cumulative IPC: 1.769 (Simulation time: 02 hr 04 min 35 sec)
Heartbeat CPU 5 instructions: 100000031 cycles: 48732890 heartbeat IPC: 1.789 cumulative IPC: 1.767 (Simulation time: 02 hr 04 min 41 sec)
Heartbeat CPU 4 instructions: 100000021 cycles: 48735572 heartbeat IPC: 1.79 cumulative IPC: 1.767 (Simulation time: 02 hr 04 min 41 sec)
max lookup for evict 1400000 = 1
lookup_sel: 255 22 9 6 2 4 1 5 0 6 4 2 0 52 4 11
max lookup for evict 1500000 = 1
lookup_sel: 255 39 9 5 0 7 1 2 0 8 4 1 0 38 4 9
Heartbeat CPU 7 instructions: 110000023 cycles: 55039987 heartbeat IPC: 1.56 cumulative IPC: 1.744 (Simulation time: 02 hr 17 min 51 sec)
Heartbeat CPU 3 instructions: 110000023 cycles: 55068596 heartbeat IPC: 1.557 cumulative IPC: 1.742 (Simulation time: 02 hr 17 min 54 sec)
Heartbeat CPU 0 instructions: 110000023 cycles: 55075384 heartbeat IPC: 1.557 cumulative IPC: 1.742 (Simulation time: 02 hr 17 min 55 sec)
Heartbeat CPU 2 instructions: 110000023 cycles: 55091398 heartbeat IPC: 1.556 cumulative IPC: 1.741 (Simulation time: 02 hr 17 min 57 sec)
Heartbeat CPU 1 instructions: 110000028 cycles: 55092011 heartbeat IPC: 1.56 cumulative IPC: 1.741 (Simulation time: 02 hr 17 min 57 sec)
Heartbeat CPU 4 instructions: 110000023 cycles: 55132109 heartbeat IPC: 1.563 cumulative IPC: 1.74 (Simulation time: 02 hr 18 min 02 sec)
Heartbeat CPU 5 instructions: 110000033 cycles: 55142315 heartbeat IPC: 1.56 cumulative IPC: 1.74 (Simulation time: 02 hr 18 min 04 sec)
Heartbeat CPU 6 instructions: 110000023 cycles: 55142363 heartbeat IPC: 1.55 cumulative IPC: 1.74 (Simulation time: 02 hr 18 min 04 sec)
max lookup for evict 1600000 = 1
lookup_sel: 255 37 10 5 1 4 2 1 0 4 3 2 0 29 4 8
max lookup for evict 1700000 = 1
lookup_sel: 255 38 14 7 0 3 1 1 0 3 5 0 0 28 4 5
Heartbeat CPU 7 instructions: 120000027 cycles: 61332706 heartbeat IPC: 1.589 cumulative IPC: 1.726 (Simulation time: 02 hr 30 min 54 sec)
Heartbeat CPU 0 instructions: 120000027 cycles: 61378722 heartbeat IPC: 1.586 cumulative IPC: 1.724 (Simulation time: 02 hr 31 min 00 sec)
Heartbeat CPU 3 instructions: 120000026 cycles: 61396226 heartbeat IPC: 1.58 cumulative IPC: 1.724 (Simulation time: 02 hr 31 min 02 sec)
Heartbeat CPU 1 instructions: 120000032 cycles: 61398461 heartbeat IPC: 1.586 cumulative IPC: 1.724 (Simulation time: 02 hr 31 min 03 sec)
Heartbeat CPU 2 instructions: 120000027 cycles: 61413548 heartbeat IPC: 1.582 cumulative IPC: 1.723 (Simulation time: 02 hr 31 min 05 sec)
Heartbeat CPU 4 instructions: 120000027 cycles: 61433351 heartbeat IPC: 1.587 cumulative IPC: 1.723 (Simulation time: 02 hr 31 min 07 sec)
Heartbeat CPU 5 instructions: 120000037 cycles: 61440261 heartbeat IPC: 1.588 cumulative IPC: 1.722 (Simulation time: 02 hr 31 min 08 sec)
Heartbeat CPU 6 instructions: 120000027 cycles: 61461192 heartbeat IPC: 1.583 cumulative IPC: 1.722 (Simulation time: 02 hr 31 min 11 sec)
max lookup for evict 1800000 = 1
lookup_sel: 255 26 14 6 3 2 1 0 0 3 6 0 0 20 5 3
Simulation finished CPU 7 instructions: 100000000 cycles: 58448271 cumulative IPC: 1.711 (Simulation time: 02 hr 37 min 36 sec)
Simulation finished CPU 0 instructions: 100000004 cycles: 58505278 cumulative IPC: 1.709 (Simulation time: 02 hr 37 min 43 sec)
Simulation finished CPU 1 instructions: 100000000 cycles: 58508292 cumulative IPC: 1.709 (Simulation time: 02 hr 37 min 43 sec)
Simulation finished CPU 3 instructions: 100000001 cycles: 58521627 cumulative IPC: 1.709 (Simulation time: 02 hr 37 min 45 sec)
Simulation finished CPU 2 instructions: 100000002 cycles: 58532853 cumulative IPC: 1.708 (Simulation time: 02 hr 37 min 46 sec)
Simulation finished CPU 4 instructions: 100000004 cycles: 58559002 cumulative IPC: 1.708 (Simulation time: 02 hr 37 min 49 sec)
Simulation finished CPU 6 instructions: 100000001 cycles: 58572885 cumulative IPC: 1.707 (Simulation time: 02 hr 37 min 51 sec)
Simulation finished CPU 5 instructions: 100000003 cycles: 58578206 cumulative IPC: 1.707 (Simulation time: 02 hr 37 min 51 sec)
Simulation complete CPU 7 instructions: 100224299 cycles: 58578206 cumulative IPC: 1.711 (Simulation time: 02 hr 37 min 51 sec)
Simulation complete CPU 6 instructions: 100008143 cycles: 58578206 cumulative IPC: 1.707 (Simulation time: 02 hr 37 min 51 sec)
Simulation complete CPU 5 instructions: 100000003 cycles: 58578206 cumulative IPC: 1.707 (Simulation time: 02 hr 37 min 51 sec)
Simulation complete CPU 4 instructions: 100032080 cycles: 58578206 cumulative IPC: 1.708 (Simulation time: 02 hr 37 min 51 sec)
Simulation complete CPU 3 instructions: 100088022 cycles: 58578206 cumulative IPC: 1.709 (Simulation time: 02 hr 37 min 51 sec)
Simulation complete CPU 2 instructions: 100074601 cycles: 58578206 cumulative IPC: 1.708 (Simulation time: 02 hr 37 min 51 sec)
Simulation complete CPU 1 instructions: 100108097 cycles: 58578206 cumulative IPC: 1.709 (Simulation time: 02 hr 37 min 51 sec)
Simulation complete CPU 0 instructions: 100118698 cycles: 58578206 cumulative IPC: 1.709 (Simulation time: 02 hr 37 min 51 sec)

ChampSim completed all CPUs

=== Simulation ===
CPU 0 runs ../frost/TRACES/ctf/spec2017/657.xz_s-2302B.champsimtrace.xz
CPU 1 runs ../frost/TRACES/ctf/spec2017/657.xz_s-2302B.champsimtrace.xz
CPU 2 runs ../frost/TRACES/ctf/spec2017/657.xz_s-2302B.champsimtrace.xz
CPU 3 runs ../frost/TRACES/ctf/spec2017/657.xz_s-2302B.champsimtrace.xz
CPU 4 runs ../frost/TRACES/ctf/spec2017/657.xz_s-2302B.champsimtrace.xz
CPU 5 runs ../frost/TRACES/ctf/spec2017/657.xz_s-2302B.champsimtrace.xz
CPU 6 runs ../frost/TRACES/ctf/spec2017/657.xz_s-2302B.champsimtrace.xz
CPU 7 runs ../frost/TRACES/ctf/spec2017/657.xz_s-2302B.champsimtrace.xz

Total Simulation Statistics (not including warmup)

CPU 7 cumulative IPC: 1.711 instructions: 100224299 cycles: 58578206
CPU 7 Branch Prediction Accuracy: 100% MPKI: 0 Average ROB Occupancy at Mispredict: -
Branch type MPKI
BRANCH_DIRECT_JUMP: 0
BRANCH_INDIRECT: 0
BRANCH_CONDITIONAL: 0
BRANCH_DIRECT_CALL: 0
BRANCH_INDIRECT_CALL: 0
BRANCH_RETURN: 0


CPU 6 cumulative IPC: 1.707 instructions: 100008143 cycles: 58578206
CPU 6 Branch Prediction Accuracy: 100% MPKI: 0 Average ROB Occupancy at Mispredict: -
Branch type MPKI
BRANCH_DIRECT_JUMP: 0
BRANCH_INDIRECT: 0
BRANCH_CONDITIONAL: 0
BRANCH_DIRECT_CALL: 0
BRANCH_INDIRECT_CALL: 0
BRANCH_RETURN: 0


CPU 5 cumulative IPC: 1.707 instructions: 100000003 cycles: 58578206
CPU 5 Branch Prediction Accuracy: 100% MPKI: 0 Average ROB Occupancy at Mispredict: -
Branch type MPKI
BRANCH_DIRECT_JUMP: 0
BRANCH_INDIRECT: 0
BRANCH_CONDITIONAL: 0
BRANCH_DIRECT_CALL: 0
BRANCH_INDIRECT_CALL: 0
BRANCH_RETURN: 0


CPU 4 cumulative IPC: 1.708 instructions: 100032080 cycles: 58578206
CPU 4 Branch Prediction Accuracy: 100% MPKI: 0 Average ROB Occupancy at Mispredict: -
Branch type MPKI
BRANCH_DIRECT_JUMP: 0
BRANCH_INDIRECT: 0
BRANCH_CONDITIONAL: 0
BRANCH_DIRECT_CALL: 0
BRANCH_INDIRECT_CALL: 0
BRANCH_RETURN: 0


CPU 3 cumulative IPC: 1.709 instructions: 100088022 cycles: 58578206
CPU 3 Branch Prediction Accuracy: 100% MPKI: 0 Average ROB Occupancy at Mispredict: -
Branch type MPKI
BRANCH_DIRECT_JUMP: 0
BRANCH_INDIRECT: 0
BRANCH_CONDITIONAL: 0
BRANCH_DIRECT_CALL: 0
BRANCH_INDIRECT_CALL: 0
BRANCH_RETURN: 0


CPU 2 cumulative IPC: 1.708 instructions: 100074601 cycles: 58578206
CPU 2 Branch Prediction Accuracy: 100% MPKI: 0 Average ROB Occupancy at Mispredict: -
Branch type MPKI
BRANCH_DIRECT_JUMP: 0
BRANCH_INDIRECT: 0
BRANCH_CONDITIONAL: 0
BRANCH_DIRECT_CALL: 0
BRANCH_INDIRECT_CALL: 0
BRANCH_RETURN: 0


CPU 1 cumulative IPC: 1.709 instructions: 100108097 cycles: 58578206
CPU 1 Branch Prediction Accuracy: 100% MPKI: 0 Average ROB Occupancy at Mispredict: -
Branch type MPKI
BRANCH_DIRECT_JUMP: 0
BRANCH_INDIRECT: 0
BRANCH_CONDITIONAL: 0
BRANCH_DIRECT_CALL: 0
BRANCH_INDIRECT_CALL: 0
BRANCH_RETURN: 0


CPU 0 cumulative IPC: 1.709 instructions: 100118698 cycles: 58578206
CPU 0 Branch Prediction Accuracy: 100% MPKI: 0 Average ROB Occupancy at Mispredict: -
Branch type MPKI
BRANCH_DIRECT_JUMP: 0
BRANCH_INDIRECT: 0
BRANCH_CONDITIONAL: 0
BRANCH_DIRECT_CALL: 0
BRANCH_INDIRECT_CALL: 0
BRANCH_RETURN: 0

cpu7->cpu7_L2C TOTAL        ACCESS:    1152686 HIT:     802976 MISS:     349710 MSHR_MERGE:          0
cpu7->cpu7_L2C LOAD         ACCESS:     616529 HIT:     292814 MISS:     323715 MSHR_MERGE:          0
cpu7->cpu7_L2C RFO          ACCESS:      81893 HIT:      56614 MISS:      25279 MSHR_MERGE:          0
cpu7->cpu7_L2C PREFETCH     ACCESS:          0 HIT:          0 MISS:          0 MSHR_MERGE:          0
cpu7->cpu7_L2C WRITE        ACCESS:     454264 HIT:     453548 MISS:        716 MSHR_MERGE:          0
cpu7->cpu7_L2C TRANSLATION  ACCESS:          0 HIT:          0 MISS:          0 MSHR_MERGE:          0
cpu7->cpu7_L2C PREFETCH REQUESTED:          0 ISSUED:          0 USEFUL:          0 USELESS:          0
cpu7->cpu7_L2C AVERAGE MISS LATENCY: 134.5 cycles
cpu7->cpu7_L1I TOTAL        ACCESS:   17217480 HIT:   17216858 MISS:        622 MSHR_MERGE:        439
cpu7->cpu7_L1I LOAD         ACCESS:   17217480 HIT:   17216858 MISS:        622 MSHR_MERGE:        439
cpu7->cpu7_L1I RFO          ACCESS:          0 HIT:          0 MISS:          0 MSHR_MERGE:          0
cpu7->cpu7_L1I PREFETCH     ACCESS:          0 HIT:          0 MISS:          0 MSHR_MERGE:          0
cpu7->cpu7_L1I WRITE        ACCESS:          0 HIT:          0 MISS:          0 MSHR_MERGE:          0
cpu7->cpu7_L1I TRANSLATION  ACCESS:          0 HIT:          0 MISS:          0 MSHR_MERGE:          0
cpu7->cpu7_L1I PREFETCH REQUESTED:          0 ISSUED:          0 USEFUL:          0 USELESS:          0
cpu7->cpu7_L1I AVERAGE MISS LATENCY: 130.5 cycles
cpu7->cpu7_L1D TOTAL        ACCESS:   22588673 HIT:   21580132 MISS:    1008541 MSHR_MERGE:     310298
cpu7->cpu7_L1D LOAD         ACCESS:   15014495 HIT:   14134298 MISS:     880197 MSHR_MERGE:     263848
cpu7->cpu7_L1D RFO          ACCESS:          0 HIT:          0 MISS:          0 MSHR_MERGE:          0
cpu7->cpu7_L1D PREFETCH     ACCESS:          0 HIT:          0 MISS:          0 MSHR_MERGE:          0
cpu7->cpu7_L1D WRITE        ACCESS:    7574178 HIT:    7445834 MISS:     128344 MSHR_MERGE:      46450
cpu7->cpu7_L1D TRANSLATION  ACCESS:          0 HIT:          0 MISS:          0 MSHR_MERGE:          0
cpu7->cpu7_L1D PREFETCH REQUESTED:          0 ISSUED:          0 USEFUL:          0 USELESS:          0
cpu7->cpu7_L1D AVERAGE MISS LATENCY: 75.84 cycles
cpu7->cpu7_ITLB TOTAL        ACCESS:   15214605 HIT:   15214605 MISS:          0 MSHR_MERGE:          0
cpu7->cpu7_ITLB LOAD         ACCESS:   15214605 HIT:   15214605 MISS:          0 MSHR_MERGE:          0
cpu7->cpu7_ITLB RFO          ACCESS:          0 HIT:          0 MISS:          0 MSHR_MERGE:          0
cpu7->cpu7_ITLB PREFETCH     ACCESS:          0 HIT:          0 MISS:          0 MSHR_MERGE:          0
cpu7->cpu7_ITLB WRITE        ACCESS:          0 HIT:          0 MISS:          0 MSHR_MERGE:          0
cpu7->cpu7_ITLB TRANSLATION  ACCESS:          0 HIT:          0 MISS:          0 MSHR_MERGE:          0
cpu7->cpu7_ITLB PREFETCH REQUESTED:          0 ISSUED:          0 USEFUL:          0 USELESS:          0
cpu7->cpu7_ITLB AVERAGE MISS LATENCY: - cycles
cpu7->cpu7_DTLB TOTAL        ACCESS:   20800541 HIT:   20800541 MISS:          0 MSHR_MERGE:          0
cpu7->cpu7_DTLB LOAD         ACCESS:   20800541 HIT:   20800541 MISS:          0 MSHR_MERGE:          0
cpu7->cpu7_DTLB RFO          ACCESS:          0 HIT:          0 MISS:          0 MSHR_MERGE:          0
cpu7->cpu7_DTLB PREFETCH     ACCESS:          0 HIT:          0 MISS:          0 MSHR_MERGE:          0
cpu7->cpu7_DTLB WRITE        ACCESS:          0 HIT:          0 MISS:          0 MSHR_MERGE:          0
cpu7->cpu7_DTLB TRANSLATION  ACCESS:          0 HIT:          0 MISS:          0 MSHR_MERGE:          0
cpu7->cpu7_DTLB PREFETCH REQUESTED:          0 ISSUED:          0 USEFUL:          0 USELESS:          0
cpu7->cpu7_DTLB AVERAGE MISS LATENCY: - cycles
cpu6->cpu6_L2C TOTAL        ACCESS:    1150106 HIT:     801114 MISS:     348992 MSHR_MERGE:          0
cpu6->cpu6_L2C LOAD         ACCESS:     615183 HIT:     292131 MISS:     323052 MSHR_MERGE:          0
cpu6->cpu6_L2C RFO          ACCESS:      81675 HIT:      56451 MISS:      25224 MSHR_MERGE:          0
cpu6->cpu6_L2C PREFETCH     ACCESS:          0 HIT:          0 MISS:          0 MSHR_MERGE:          0
cpu6->cpu6_L2C WRITE        ACCESS:     453248 HIT:     452532 MISS:        716 MSHR_MERGE:          0
cpu6->cpu6_L2C TRANSLATION  ACCESS:          0 HIT:          0 MISS:          0 MSHR_MERGE:          0
cpu6->cpu6_L2C PREFETCH REQUESTED:          0 ISSUED:          0 USEFUL:          0 USELESS:          0
cpu6->cpu6_L2C AVERAGE MISS LATENCY: 135 cycles
cpu6->cpu6_L1I TOTAL        ACCESS:   17172925 HIT:   17172320 MISS:        605 MSHR_MERGE:        426
cpu6->cpu6_L1I LOAD         ACCESS:   17172925 HIT:   17172320 MISS:        605 MSHR_MERGE:        426
cpu6->cpu6_L1I RFO          ACCESS:          0 HIT:          0 MISS:          0 MSHR_MERGE:          0
cpu6->cpu6_L1I PREFETCH     ACCESS:          0 HIT:          0 MISS:          0 MSHR_MERGE:          0
cpu6->cpu6_L1I WRITE        ACCESS:          0 HIT:          0 MISS:          0 MSHR_MERGE:          0
cpu6->cpu6_L1I TRANSLATION  ACCESS:          0 HIT:          0 MISS:          0 MSHR_MERGE:          0
cpu6->cpu6_L1I PREFETCH REQUESTED:          0 ISSUED:          0 USEFUL:          0 USELESS:          0
cpu6->cpu6_L1I AVERAGE MISS LATENCY: 155.3 cycles
cpu6->cpu6_L1D TOTAL        ACCESS:   22546906 HIT:   21540308 MISS:    1006598 MSHR_MERGE:     309916
cpu6->cpu6_L1D LOAD         ACCESS:   14986481 HIT:   14107838 MISS:     878643 MSHR_MERGE:     263637
cpu6->cpu6_L1D RFO          ACCESS:          0 HIT:          0 MISS:          0 MSHR_MERGE:          0
cpu6->cpu6_L1D PREFETCH     ACCESS:          0 HIT:          0 MISS:          0 MSHR_MERGE:          0
cpu6->cpu6_L1D WRITE        ACCESS:    7560425 HIT:    7432470 MISS:     127955 MSHR_MERGE:      46279
cpu6->cpu6_L1D TRANSLATION  ACCESS:          0 HIT:          0 MISS:          0 MSHR_MERGE:          0
cpu6->cpu6_L1D PREFETCH REQUESTED:          0 ISSUED:          0 USEFUL:          0 USELESS:          0
cpu6->cpu6_L1D AVERAGE MISS LATENCY: 76.08 cycles
cpu6->cpu6_ITLB TOTAL        ACCESS:   15182265 HIT:   15182265 MISS:          0 MSHR_MERGE:          0
cpu6->cpu6_ITLB LOAD         ACCESS:   15182265 HIT:   15182265 MISS:          0 MSHR_MERGE:          0
cpu6->cpu6_ITLB RFO          ACCESS:          0 HIT:          0 MISS:          0 MSHR_MERGE:          0
cpu6->cpu6_ITLB PREFETCH     ACCESS:          0 HIT:          0 MISS:          0 MSHR_MERGE:          0
cpu6->cpu6_ITLB WRITE        ACCESS:          0 HIT:          0 MISS:          0 MSHR_MERGE:          0
cpu6->cpu6_ITLB TRANSLATION  ACCESS:          0 HIT:          0 MISS:          0 MSHR_MERGE:          0
cpu6->cpu6_ITLB PREFETCH REQUESTED:          0 ISSUED:          0 USEFUL:          0 USELESS:          0
cpu6->cpu6_ITLB AVERAGE MISS LATENCY: - cycles
cpu6->cpu6_DTLB TOTAL        ACCESS:   20783702 HIT:   20783702 MISS:          0 MSHR_MERGE:          0
cpu6->cpu6_DTLB LOAD         ACCESS:   20783702 HIT:   20783702 MISS:          0 MSHR_MERGE:          0
cpu6->cpu6_DTLB RFO          ACCESS:          0 HIT:          0 MISS:          0 MSHR_MERGE:          0
cpu6->cpu6_DTLB PREFETCH     ACCESS:          0 HIT:          0 MISS:          0 MSHR_MERGE:          0
cpu6->cpu6_DTLB WRITE        ACCESS:          0 HIT:          0 MISS:          0 MSHR_MERGE:          0
cpu6->cpu6_DTLB TRANSLATION  ACCESS:          0 HIT:          0 MISS:          0 MSHR_MERGE:          0
cpu6->cpu6_DTLB PREFETCH REQUESTED:          0 ISSUED:          0 USEFUL:          0 USELESS:          0
cpu6->cpu6_DTLB AVERAGE MISS LATENCY: - cycles
cpu5->cpu5_L2C TOTAL        ACCESS:    1149958 HIT:     801006 MISS:     348952 MSHR_MERGE:          0
cpu5->cpu5_L2C LOAD         ACCESS:     615112 HIT:     292097 MISS:     323015 MSHR_MERGE:          0
cpu5->cpu5_L2C RFO          ACCESS:      81652 HIT:      56431 MISS:      25221 MSHR_MERGE:          0
cpu5->cpu5_L2C PREFETCH     ACCESS:          0 HIT:          0 MISS:          0 MSHR_MERGE:          0
cpu5->cpu5_L2C WRITE        ACCESS:     453194 HIT:     452478 MISS:        716 MSHR_MERGE:          0
cpu5->cpu5_L2C TRANSLATION  ACCESS:          0 HIT:          0 MISS:          0 MSHR_MERGE:          0
cpu5->cpu5_L2C PREFETCH REQUESTED:          0 ISSUED:          0 USEFUL:          0 USELESS:          0
cpu5->cpu5_L2C AVERAGE MISS LATENCY: 134.8 cycles
cpu5->cpu5_L1I TOTAL        ACCESS:   17179242 HIT:   17178618 MISS:        624 MSHR_MERGE:        443
cpu5->cpu5_L1I LOAD         ACCESS:   17179242 HIT:   17178618 MISS:        624 MSHR_MERGE:        443
cpu5->cpu5_L1I RFO          ACCESS:          0 HIT:          0 MISS:          0 MSHR_MERGE:          0
cpu5->cpu5_L1I PREFETCH     ACCESS:          0 HIT:          0 MISS:          0 MSHR_MERGE:          0
cpu5->cpu5_L1I WRITE        ACCESS:          0 HIT:          0 MISS:          0 MSHR_MERGE:          0
cpu5->cpu5_L1I TRANSLATION  ACCESS:          0 HIT:          0 MISS:          0 MSHR_MERGE:          0
cpu5->cpu5_L1I PREFETCH REQUESTED:          0 ISSUED:          0 USEFUL:          0 USELESS:          0
cpu5->cpu5_L1I AVERAGE MISS LATENCY: 146.3 cycles
cpu5->cpu5_L1D TOTAL        ACCESS:   22548864 HIT:   21542577 MISS:    1006287 MSHR_MERGE:     309699
cpu5->cpu5_L1D LOAD         ACCESS:   14988841 HIT:   14110459 MISS:     878382 MSHR_MERGE:     263447
cpu5->cpu5_L1D RFO          ACCESS:          0 HIT:          0 MISS:          0 MSHR_MERGE:          0
cpu5->cpu5_L1D PREFETCH     ACCESS:          0 HIT:          0 MISS:          0 MSHR_MERGE:          0
cpu5->cpu5_L1D WRITE        ACCESS:    7560023 HIT:    7432118 MISS:     127905 MSHR_MERGE:      46252
cpu5->cpu5_L1D TRANSLATION  ACCESS:          0 HIT:          0 MISS:          0 MSHR_MERGE:          0
cpu5->cpu5_L1D PREFETCH REQUESTED:          0 ISSUED:          0 USEFUL:          0 USELESS:          0
cpu5->cpu5_L1D AVERAGE MISS LATENCY: 76.01 cycles
cpu5->cpu5_ITLB TOTAL        ACCESS:   15182931 HIT:   15182931 MISS:          0 MSHR_MERGE:          0
cpu5->cpu5_ITLB LOAD         ACCESS:   15182931 HIT:   15182931 MISS:          0 MSHR_MERGE:          0
cpu5->cpu5_ITLB RFO          ACCESS:          0 HIT:          0 MISS:          0 MSHR_MERGE:          0
cpu5->cpu5_ITLB PREFETCH     ACCESS:          0 HIT:          0 MISS:          0 MSHR_MERGE:          0
cpu5->cpu5_ITLB WRITE        ACCESS:          0 HIT:          0 MISS:          0 MSHR_MERGE:          0
cpu5->cpu5_ITLB TRANSLATION  ACCESS:          0 HIT:          0 MISS:          0 MSHR_MERGE:          0
cpu5->cpu5_ITLB PREFETCH REQUESTED:          0 ISSUED:          0 USEFUL:          0 USELESS:          0
cpu5->cpu5_ITLB AVERAGE MISS LATENCY: - cycles
cpu5->cpu5_DTLB TOTAL        ACCESS:   20752445 HIT:   20752445 MISS:          0 MSHR_MERGE:          0
cpu5->cpu5_DTLB LOAD         ACCESS:   20752445 HIT:   20752445 MISS:          0 MSHR_MERGE:          0
cpu5->cpu5_DTLB RFO          ACCESS:          0 HIT:          0 MISS:          0 MSHR_MERGE:          0
cpu5->cpu5_DTLB PREFETCH     ACCESS:          0 HIT:          0 MISS:          0 MSHR_MERGE:          0
cpu5->cpu5_DTLB WRITE        ACCESS:          0 HIT:          0 MISS:          0 MSHR_MERGE:          0
cpu5->cpu5_DTLB TRANSLATION  ACCESS:          0 HIT:          0 MISS:          0 MSHR_MERGE:          0
cpu5->cpu5_DTLB PREFETCH REQUESTED:          0 ISSUED:          0 USEFUL:          0 USELESS:          0
cpu5->cpu5_DTLB AVERAGE MISS LATENCY: - cycles
cpu4->cpu4_L2C TOTAL        ACCESS:    1150454 HIT:     801389 MISS:     349065 MSHR_MERGE:          0
cpu4->cpu4_L2C LOAD         ACCESS:     615370 HIT:     292249 MISS:     323121 MSHR_MERGE:          0
cpu4->cpu4_L2C RFO          ACCESS:      81697 HIT:      56469 MISS:      25228 MSHR_MERGE:          0
cpu4->cpu4_L2C PREFETCH     ACCESS:          0 HIT:          0 MISS:          0 MSHR_MERGE:          0
cpu4->cpu4_L2C WRITE        ACCESS:     453387 HIT:     452671 MISS:        716 MSHR_MERGE:          0
cpu4->cpu4_L2C TRANSLATION  ACCESS:          0 HIT:          0 MISS:          0 MSHR_MERGE:          0
cpu4->cpu4_L2C PREFETCH REQUESTED:          0 ISSUED:          0 USEFUL:          0 USELESS:          0
cpu4->cpu4_L2C AVERAGE MISS LATENCY: 134.9 cycles
cpu4->cpu4_L1I TOTAL        ACCESS:   17184733 HIT:   17184117 MISS:        616 MSHR_MERGE:        437
cpu4->cpu4_L1I LOAD         ACCESS:   17184733 HIT:   17184117 MISS:        616 MSHR_MERGE:        437
cpu4->cpu4_L1I RFO          ACCESS:          0 HIT:          0 MISS:          0 MSHR_MERGE:          0
cpu4->cpu4_L1I PREFETCH     ACCESS:          0 HIT:          0 MISS:          0 MSHR_MERGE:          0
cpu4->cpu4_L1I WRITE        ACCESS:          0 HIT:          0 MISS:          0 MSHR_MERGE:          0
cpu4->cpu4_L1I TRANSLATION  ACCESS:          0 HIT:          0 MISS:          0 MSHR_MERGE:          0
cpu4->cpu4_L1I PREFETCH REQUESTED:          0 ISSUED:          0 USEFUL:          0 USELESS:          0
cpu4->cpu4_L1I AVERAGE MISS LATENCY: 167.5 cycles
cpu4->cpu4_L1D TOTAL        ACCESS:   22556221 HIT:   21549552 MISS:    1006669 MSHR_MERGE:     309777
cpu4->cpu4_L1D LOAD         ACCESS:   14994027 HIT:   14115452 MISS:     878575 MSHR_MERGE:     263381
cpu4->cpu4_L1D RFO          ACCESS:          0 HIT:          0 MISS:          0 MSHR_MERGE:          0
cpu4->cpu4_L1D PREFETCH     ACCESS:          0 HIT:          0 MISS:          0 MSHR_MERGE:          0
cpu4->cpu4_L1D WRITE        ACCESS:    7562194 HIT:    7434100 MISS:     128094 MSHR_MERGE:      46396
cpu4->cpu4_L1D TRANSLATION  ACCESS:          0 HIT:          0 MISS:          0 MSHR_MERGE:          0
cpu4->cpu4_L1D PREFETCH REQUESTED:          0 ISSUED:          0 USEFUL:          0 USELESS:          0
cpu4->cpu4_L1D AVERAGE MISS LATENCY: 76.02 cycles
cpu4->cpu4_ITLB TOTAL        ACCESS:   15187414 HIT:   15187414 MISS:          0 MSHR_MERGE:          0
cpu4->cpu4_ITLB LOAD         ACCESS:   15187414 HIT:   15187414 MISS:          0 MSHR_MERGE:          0
cpu4->cpu4_ITLB RFO          ACCESS:          0 HIT:          0 MISS:          0 MSHR_MERGE:          0
cpu4->cpu4_ITLB PREFETCH     ACCESS:          0 HIT:          0 MISS:          0 MSHR_MERGE:          0
cpu4->cpu4_ITLB WRITE        ACCESS:          0 HIT:          0 MISS:          0 MSHR_MERGE:          0
cpu4->cpu4_ITLB TRANSLATION  ACCESS:          0 HIT:          0 MISS:          0 MSHR_MERGE:          0
cpu4->cpu4_ITLB PREFETCH REQUESTED:          0 ISSUED:          0 USEFUL:          0 USELESS:          0
cpu4->cpu4_ITLB AVERAGE MISS LATENCY: - cycles
cpu4->cpu4_DTLB TOTAL        ACCESS:   20761241 HIT:   20761241 MISS:          0 MSHR_MERGE:          0
cpu4->cpu4_DTLB LOAD         ACCESS:   20761241 HIT:   20761241 MISS:          0 MSHR_MERGE:          0
cpu4->cpu4_DTLB RFO          ACCESS:          0 HIT:          0 MISS:          0 MSHR_MERGE:          0
cpu4->cpu4_DTLB PREFETCH     ACCESS:          0 HIT:          0 MISS:          0 MSHR_MERGE:          0
cpu4->cpu4_DTLB WRITE        ACCESS:          0 HIT:          0 MISS:          0 MSHR_MERGE:          0
cpu4->cpu4_DTLB TRANSLATION  ACCESS:          0 HIT:          0 MISS:          0 MSHR_MERGE:          0
cpu4->cpu4_DTLB PREFETCH REQUESTED:          0 ISSUED:          0 USEFUL:          0 USELESS:          0
cpu4->cpu4_DTLB AVERAGE MISS LATENCY: - cycles
cpu3->cpu3_L2C TOTAL        ACCESS:    1151293 HIT:     801996 MISS:     349297 MSHR_MERGE:          0
cpu3->cpu3_L2C LOAD         ACCESS:     615817 HIT:     292474 MISS:     323343 MSHR_MERGE:          0
cpu3->cpu3_L2C RFO          ACCESS:      81749 HIT:      56510 MISS:      25239 MSHR_MERGE:          0
cpu3->cpu3_L2C PREFETCH     ACCESS:          0 HIT:          0 MISS:          0 MSHR_MERGE:          0
cpu3->cpu3_L2C WRITE        ACCESS:     453727 HIT:     453012 MISS:        715 MSHR_MERGE:          0
cpu3->cpu3_L2C TRANSLATION  ACCESS:          0 HIT:          0 MISS:          0 MSHR_MERGE:          0
cpu3->cpu3_L2C PREFETCH REQUESTED:          0 ISSUED:          0 USEFUL:          0 USELESS:          0
cpu3->cpu3_L2C AVERAGE MISS LATENCY: 134.7 cycles
cpu3->cpu3_L1I TOTAL        ACCESS:   17192468 HIT:   17191859 MISS:        609 MSHR_MERGE:        430
cpu3->cpu3_L1I LOAD         ACCESS:   17192468 HIT:   17191859 MISS:        609 MSHR_MERGE:        430
cpu3->cpu3_L1I RFO          ACCESS:          0 HIT:          0 MISS:          0 MSHR_MERGE:          0
cpu3->cpu3_L1I PREFETCH     ACCESS:          0 HIT:          0 MISS:          0 MSHR_MERGE:          0
cpu3->cpu3_L1I WRITE        ACCESS:          0 HIT:          0 MISS:          0 MSHR_MERGE:          0
cpu3->cpu3_L1I TRANSLATION  ACCESS:          0 HIT:          0 MISS:          0 MSHR_MERGE:          0
cpu3->cpu3_L1I PREFETCH REQUESTED:          0 ISSUED:          0 USEFUL:          0 USELESS:          0
cpu3->cpu3_L1I AVERAGE MISS LATENCY: 156.9 cycles
cpu3->cpu3_L1D TOTAL        ACCESS:   22570520 HIT:   21563487 MISS:    1007033 MSHR_MERGE:     309643
cpu3->cpu3_L1D LOAD         ACCESS:   15003702 HIT:   14124474 MISS:     879228 MSHR_MERGE:     263587
cpu3->cpu3_L1D RFO          ACCESS:          0 HIT:          0 MISS:          0 MSHR_MERGE:          0
cpu3->cpu3_L1D PREFETCH     ACCESS:          0 HIT:          0 MISS:          0 MSHR_MERGE:          0
cpu3->cpu3_L1D WRITE        ACCESS:    7566818 HIT:    7439013 MISS:     127805 MSHR_MERGE:      46056
cpu3->cpu3_L1D TRANSLATION  ACCESS:          0 HIT:          0 MISS:          0 MSHR_MERGE:          0
cpu3->cpu3_L1D PREFETCH REQUESTED:          0 ISSUED:          0 USEFUL:          0 USELESS:          0
cpu3->cpu3_L1D AVERAGE MISS LATENCY: 75.96 cycles
cpu3->cpu3_ITLB TOTAL        ACCESS:   15214681 HIT:   15214681 MISS:          0 MSHR_MERGE:          0
cpu3->cpu3_ITLB LOAD         ACCESS:   15214681 HIT:   15214681 MISS:          0 MSHR_MERGE:          0
cpu3->cpu3_ITLB RFO          ACCESS:          0 HIT:          0 MISS:          0 MSHR_MERGE:          0
cpu3->cpu3_ITLB PREFETCH     ACCESS:          0 HIT:          0 MISS:          0 MSHR_MERGE:          0
cpu3->cpu3_ITLB WRITE        ACCESS:          0 HIT:          0 MISS:          0 MSHR_MERGE:          0
cpu3->cpu3_ITLB TRANSLATION  ACCESS:          0 HIT:          0 MISS:          0 MSHR_MERGE:          0
cpu3->cpu3_ITLB PREFETCH REQUESTED:          0 ISSUED:          0 USEFUL:          0 USELESS:          0
cpu3->cpu3_ITLB AVERAGE MISS LATENCY: - cycles
cpu3->cpu3_DTLB TOTAL        ACCESS:   20808555 HIT:   20808555 MISS:          0 MSHR_MERGE:          0
cpu3->cpu3_DTLB LOAD         ACCESS:   20808555 HIT:   20808555 MISS:          0 MSHR_MERGE:          0
cpu3->cpu3_DTLB RFO          ACCESS:          0 HIT:          0 MISS:          0 MSHR_MERGE:          0
cpu3->cpu3_DTLB PREFETCH     ACCESS:          0 HIT:          0 MISS:          0 MSHR_MERGE:          0
cpu3->cpu3_DTLB WRITE        ACCESS:          0 HIT:          0 MISS:          0 MSHR_MERGE:          0
cpu3->cpu3_DTLB TRANSLATION  ACCESS:          0 HIT:          0 MISS:          0 MSHR_MERGE:          0
cpu3->cpu3_DTLB PREFETCH REQUESTED:          0 ISSUED:          0 USEFUL:          0 USELESS:          0
cpu3->cpu3_DTLB AVERAGE MISS LATENCY: - cycles
cpu2->cpu2_L2C TOTAL        ACCESS:    1151147 HIT:     801893 MISS:     349254 MSHR_MERGE:          0
cpu2->cpu2_L2C LOAD         ACCESS:     615727 HIT:     292427 MISS:     323300 MSHR_MERGE:          0
cpu2->cpu2_L2C RFO          ACCESS:      81750 HIT:      56513 MISS:      25237 MSHR_MERGE:          0
cpu2->cpu2_L2C PREFETCH     ACCESS:          0 HIT:          0 MISS:          0 MSHR_MERGE:          0
cpu2->cpu2_L2C WRITE        ACCESS:     453670 HIT:     452953 MISS:        717 MSHR_MERGE:          0
cpu2->cpu2_L2C TRANSLATION  ACCESS:          0 HIT:          0 MISS:          0 MSHR_MERGE:          0
cpu2->cpu2_L2C PREFETCH REQUESTED:          0 ISSUED:          0 USEFUL:          0 USELESS:          0
cpu2->cpu2_L2C AVERAGE MISS LATENCY: 134.7 cycles
cpu2->cpu2_L1I TOTAL        ACCESS:   17191291 HIT:   17190680 MISS:        611 MSHR_MERGE:        432
cpu2->cpu2_L1I LOAD         ACCESS:   17191291 HIT:   17190680 MISS:        611 MSHR_MERGE:        432
cpu2->cpu2_L1I RFO          ACCESS:          0 HIT:          0 MISS:          0 MSHR_MERGE:          0
cpu2->cpu2_L1I PREFETCH     ACCESS:          0 HIT:          0 MISS:          0 MSHR_MERGE:          0
cpu2->cpu2_L1I WRITE        ACCESS:          0 HIT:          0 MISS:          0 MSHR_MERGE:          0
cpu2->cpu2_L1I TRANSLATION  ACCESS:          0 HIT:          0 MISS:          0 MSHR_MERGE:          0
cpu2->cpu2_L1I PREFETCH REQUESTED:          0 ISSUED:          0 USEFUL:          0 USELESS:          0
cpu2->cpu2_L1I AVERAGE MISS LATENCY: 149.7 cycles
cpu2->cpu2_L1D TOTAL        ACCESS:   22565044 HIT:   21557863 MISS:    1007181 MSHR_MERGE:     309879
cpu2->cpu2_L1D LOAD         ACCESS:   14999196 HIT:   14119860 MISS:     879336 MSHR_MERGE:     263785
cpu2->cpu2_L1D RFO          ACCESS:          0 HIT:          0 MISS:          0 MSHR_MERGE:          0
cpu2->cpu2_L1D PREFETCH     ACCESS:          0 HIT:          0 MISS:          0 MSHR_MERGE:          0
cpu2->cpu2_L1D WRITE        ACCESS:    7565848 HIT:    7438003 MISS:     127845 MSHR_MERGE:      46094
cpu2->cpu2_L1D TRANSLATION  ACCESS:          0 HIT:          0 MISS:          0 MSHR_MERGE:          0
cpu2->cpu2_L1D PREFETCH REQUESTED:          0 ISSUED:          0 USEFUL:          0 USELESS:          0
cpu2->cpu2_L1D AVERAGE MISS LATENCY: 75.94 cycles
cpu2->cpu2_ITLB TOTAL        ACCESS:   15195177 HIT:   15195177 MISS:          0 MSHR_MERGE:          0
cpu2->cpu2_ITLB LOAD         ACCESS:   15195177 HIT:   15195177 MISS:          0 MSHR_MERGE:          0
cpu2->cpu2_ITLB RFO          ACCESS:          0 HIT:          0 MISS:          0 MSHR_MERGE:          0
cpu2->cpu2_ITLB PREFETCH     ACCESS:          0 HIT:          0 MISS:          0 MSHR_MERGE:          0
cpu2->cpu2_ITLB WRITE        ACCESS:          0 HIT:          0 MISS:          0 MSHR_MERGE:          0
cpu2->cpu2_ITLB TRANSLATION  ACCESS:          0 HIT:          0 MISS:          0 MSHR_MERGE:          0
cpu2->cpu2_ITLB PREFETCH REQUESTED:          0 ISSUED:          0 USEFUL:          0 USELESS:          0
cpu2->cpu2_ITLB AVERAGE MISS LATENCY: - cycles
cpu2->cpu2_DTLB TOTAL        ACCESS:   20768928 HIT:   20768928 MISS:          0 MSHR_MERGE:          0
cpu2->cpu2_DTLB LOAD         ACCESS:   20768928 HIT:   20768928 MISS:          0 MSHR_MERGE:          0
cpu2->cpu2_DTLB RFO          ACCESS:          0 HIT:          0 MISS:          0 MSHR_MERGE:          0
cpu2->cpu2_DTLB PREFETCH     ACCESS:          0 HIT:          0 MISS:          0 MSHR_MERGE:          0
cpu2->cpu2_DTLB WRITE        ACCESS:          0 HIT:          0 MISS:          0 MSHR_MERGE:          0
cpu2->cpu2_DTLB TRANSLATION  ACCESS:          0 HIT:          0 MISS:          0 MSHR_MERGE:          0
cpu2->cpu2_DTLB PREFETCH REQUESTED:          0 ISSUED:          0 USEFUL:          0 USELESS:          0
cpu2->cpu2_DTLB AVERAGE MISS LATENCY: - cycles
cpu1->cpu1_L2C TOTAL        ACCESS:    1151498 HIT:     802136 MISS:     349362 MSHR_MERGE:          0
cpu1->cpu1_L2C LOAD         ACCESS:     615946 HIT:     292540 MISS:     323406 MSHR_MERGE:          0
cpu1->cpu1_L2C RFO          ACCESS:      81751 HIT:      56511 MISS:      25240 MSHR_MERGE:          0
cpu1->cpu1_L2C PREFETCH     ACCESS:          0 HIT:          0 MISS:          0 MSHR_MERGE:          0
cpu1->cpu1_L2C WRITE        ACCESS:     453801 HIT:     453085 MISS:        716 MSHR_MERGE:          0
cpu1->cpu1_L2C TRANSLATION  ACCESS:          0 HIT:          0 MISS:          0 MSHR_MERGE:          0
cpu1->cpu1_L2C PREFETCH REQUESTED:          0 ISSUED:          0 USEFUL:          0 USELESS:          0
cpu1->cpu1_L2C AVERAGE MISS LATENCY: 134.5 cycles
cpu1->cpu1_L1I TOTAL        ACCESS:   17199530 HIT:   17198897 MISS:        633 MSHR_MERGE:        450
cpu1->cpu1_L1I LOAD         ACCESS:   17199530 HIT:   17198897 MISS:        633 MSHR_MERGE:        450
cpu1->cpu1_L1I RFO          ACCESS:          0 HIT:          0 MISS:          0 MSHR_MERGE:          0
cpu1->cpu1_L1I PREFETCH     ACCESS:          0 HIT:          0 MISS:          0 MSHR_MERGE:          0
cpu1->cpu1_L1I WRITE        ACCESS:          0 HIT:          0 MISS:          0 MSHR_MERGE:          0
cpu1->cpu1_L1I TRANSLATION  ACCESS:          0 HIT:          0 MISS:          0 MSHR_MERGE:          0
cpu1->cpu1_L1I PREFETCH REQUESTED:          0 ISSUED:          0 USEFUL:          0 USELESS:          0
cpu1->cpu1_L1I AVERAGE MISS LATENCY: 149.3 cycles
cpu1->cpu1_L1D TOTAL        ACCESS:   22567791 HIT:   21560550 MISS:    1007241 MSHR_MERGE:     309723
cpu1->cpu1_L1D LOAD         ACCESS:   14999761 HIT:   14120429 MISS:     879332 MSHR_MERGE:     263565
cpu1->cpu1_L1D RFO          ACCESS:          0 HIT:          0 MISS:          0 MSHR_MERGE:          0
cpu1->cpu1_L1D PREFETCH     ACCESS:          0 HIT:          0 MISS:          0 MSHR_MERGE:          0
cpu1->cpu1_L1D WRITE        ACCESS:    7568030 HIT:    7440121 MISS:     127909 MSHR_MERGE:      46158
cpu1->cpu1_L1D TRANSLATION  ACCESS:          0 HIT:          0 MISS:          0 MSHR_MERGE:          0
cpu1->cpu1_L1D PREFETCH REQUESTED:          0 ISSUED:          0 USEFUL:          0 USELESS:          0
cpu1->cpu1_L1D AVERAGE MISS LATENCY: 75.86 cycles
cpu1->cpu1_ITLB TOTAL        ACCESS:   15221541 HIT:   15221541 MISS:          0 MSHR_MERGE:          0
cpu1->cpu1_ITLB LOAD         ACCESS:   15221541 HIT:   15221541 MISS:          0 MSHR_MERGE:          0
cpu1->cpu1_ITLB RFO          ACCESS:          0 HIT:          0 MISS:          0 MSHR_MERGE:          0
cpu1->cpu1_ITLB PREFETCH     ACCESS:          0 HIT:          0 MISS:          0 MSHR_MERGE:          0
cpu1->cpu1_ITLB WRITE        ACCESS:          0 HIT:          0 MISS:          0 MSHR_MERGE:          0
cpu1->cpu1_ITLB TRANSLATION  ACCESS:          0 HIT:          0 MISS:          0 MSHR_MERGE:          0
cpu1->cpu1_ITLB PREFETCH REQUESTED:          0 ISSUED:          0 USEFUL:          0 USELESS:          0
cpu1->cpu1_ITLB AVERAGE MISS LATENCY: - cycles
cpu1->cpu1_DTLB TOTAL        ACCESS:   20773896 HIT:   20773896 MISS:          0 MSHR_MERGE:          0
cpu1->cpu1_DTLB LOAD         ACCESS:   20773896 HIT:   20773896 MISS:          0 MSHR_MERGE:          0
cpu1->cpu1_DTLB RFO          ACCESS:          0 HIT:          0 MISS:          0 MSHR_MERGE:          0
cpu1->cpu1_DTLB PREFETCH     ACCESS:          0 HIT:          0 MISS:          0 MSHR_MERGE:          0
cpu1->cpu1_DTLB WRITE        ACCESS:          0 HIT:          0 MISS:          0 MSHR_MERGE:          0
cpu1->cpu1_DTLB TRANSLATION  ACCESS:          0 HIT:          0 MISS:          0 MSHR_MERGE:          0
cpu1->cpu1_DTLB PREFETCH REQUESTED:          0 ISSUED:          0 USEFUL:          0 USELESS:          0
cpu1->cpu1_DTLB AVERAGE MISS LATENCY: - cycles
cpu0->cpu0_L2C TOTAL        ACCESS:    1151633 HIT:     802224 MISS:     349409 MSHR_MERGE:          0
cpu0->cpu0_L2C LOAD         ACCESS:     616017 HIT:     292567 MISS:     323450 MSHR_MERGE:          0
cpu0->cpu0_L2C RFO          ACCESS:      81756 HIT:      56513 MISS:      25243 MSHR_MERGE:          0
cpu0->cpu0_L2C PREFETCH     ACCESS:          0 HIT:          0 MISS:          0 MSHR_MERGE:          0
cpu0->cpu0_L2C WRITE        ACCESS:     453860 HIT:     453144 MISS:        716 MSHR_MERGE:          0
cpu0->cpu0_L2C TRANSLATION  ACCESS:          0 HIT:          0 MISS:          0 MSHR_MERGE:          0
cpu0->cpu0_L2C PREFETCH REQUESTED:          0 ISSUED:          0 USEFUL:          0 USELESS:          0
cpu0->cpu0_L2C AVERAGE MISS LATENCY: 134.7 cycles
cpu0->cpu0_L1I TOTAL        ACCESS:   17198422 HIT:   17197801 MISS:        621 MSHR_MERGE:        440
cpu0->cpu0_L1I LOAD         ACCESS:   17198422 HIT:   17197801 MISS:        621 MSHR_MERGE:        440
cpu0->cpu0_L1I RFO          ACCESS:          0 HIT:          0 MISS:          0 MSHR_MERGE:          0
cpu0->cpu0_L1I PREFETCH     ACCESS:          0 HIT:          0 MISS:          0 MSHR_MERGE:          0
cpu0->cpu0_L1I WRITE        ACCESS:          0 HIT:          0 MISS:          0 MSHR_MERGE:          0
cpu0->cpu0_L1I TRANSLATION  ACCESS:          0 HIT:          0 MISS:          0 MSHR_MERGE:          0
cpu0->cpu0_L1I PREFETCH REQUESTED:          0 ISSUED:          0 USEFUL:          0 USELESS:          0
cpu0->cpu0_L1I AVERAGE MISS LATENCY: 143.6 cycles
cpu0->cpu0_L1D TOTAL        ACCESS:   22576593 HIT:   21568964 MISS:    1007629 MSHR_MERGE:     310032
cpu0->cpu0_L1D LOAD         ACCESS:   15007420 HIT:   14127789 MISS:     879631 MSHR_MERGE:     263791
cpu0->cpu0_L1D RFO          ACCESS:          0 HIT:          0 MISS:          0 MSHR_MERGE:          0
cpu0->cpu0_L1D PREFETCH     ACCESS:          0 HIT:          0 MISS:          0 MSHR_MERGE:          0
cpu0->cpu0_L1D WRITE        ACCESS:    7569173 HIT:    7441175 MISS:     127998 MSHR_MERGE:      46241
cpu0->cpu0_L1D TRANSLATION  ACCESS:          0 HIT:          0 MISS:          0 MSHR_MERGE:          0
cpu0->cpu0_L1D PREFETCH REQUESTED:          0 ISSUED:          0 USEFUL:          0 USELESS:          0
cpu0->cpu0_L1D AVERAGE MISS LATENCY: 75.94 cycles
cpu0->cpu0_ITLB TOTAL        ACCESS:   15219378 HIT:   15219378 MISS:          0 MSHR_MERGE:          0
cpu0->cpu0_ITLB LOAD         ACCESS:   15219378 HIT:   15219378 MISS:          0 MSHR_MERGE:          0
cpu0->cpu0_ITLB RFO          ACCESS:          0 HIT:          0 MISS:          0 MSHR_MERGE:          0
cpu0->cpu0_ITLB PREFETCH     ACCESS:          0 HIT:          0 MISS:          0 MSHR_MERGE:          0
cpu0->cpu0_ITLB WRITE        ACCESS:          0 HIT:          0 MISS:          0 MSHR_MERGE:          0
cpu0->cpu0_ITLB TRANSLATION  ACCESS:          0 HIT:          0 MISS:          0 MSHR_MERGE:          0
cpu0->cpu0_ITLB PREFETCH REQUESTED:          0 ISSUED:          0 USEFUL:          0 USELESS:          0
cpu0->cpu0_ITLB AVERAGE MISS LATENCY: - cycles
cpu0->cpu0_DTLB TOTAL        ACCESS:   20814421 HIT:   20814421 MISS:          0 MSHR_MERGE:          0
cpu0->cpu0_DTLB LOAD         ACCESS:   20814421 HIT:   20814421 MISS:          0 MSHR_MERGE:          0
cpu0->cpu0_DTLB RFO          ACCESS:          0 HIT:          0 MISS:          0 MSHR_MERGE:          0
cpu0->cpu0_DTLB PREFETCH     ACCESS:          0 HIT:          0 MISS:          0 MSHR_MERGE:          0
cpu0->cpu0_DTLB WRITE        ACCESS:          0 HIT:          0 MISS:          0 MSHR_MERGE:          0
cpu0->cpu0_DTLB TRANSLATION  ACCESS:          0 HIT:          0 MISS:          0 MSHR_MERGE:          0
cpu0->cpu0_DTLB PREFETCH REQUESTED:          0 ISSUED:          0 USEFUL:          0 USELESS:          0
cpu0->cpu0_DTLB AVERAGE MISS LATENCY: - cycles
cpu0->LLC TOTAL        ACCESS:     594478 HIT:     386724 MISS:     207754 MSHR_MERGE:          0
cpu0->LLC LOAD         ACCESS:     323450 HIT:     156568 MISS:     166882 MSHR_MERGE:          0
cpu0->LLC RFO          ACCESS:      25243 HIT:       8408 MISS:      16835 MSHR_MERGE:          0
cpu0->LLC PREFETCH     ACCESS:          0 HIT:          0 MISS:          0 MSHR_MERGE:          0
cpu0->LLC WRITE        ACCESS:     245785 HIT:     221748 MISS:      24037 MSHR_MERGE:          0
cpu0->LLC TRANSLATION  ACCESS:          0 HIT:          0 MISS:          0 MSHR_MERGE:          0
cpu0->LLC PREFETCH REQUESTED:          0 ISSUED:          0 USEFUL:          0 USELESS:          0
cpu0->LLC AVERAGE MISS LATENCY: 1611 cycles
cpu1->LLC TOTAL        ACCESS:     594396 HIT:     386659 MISS:     207737 MSHR_MERGE:          0
cpu1->LLC LOAD         ACCESS:     323406 HIT:     156528 MISS:     166878 MSHR_MERGE:          0
cpu1->LLC RFO          ACCESS:      25240 HIT:       8404 MISS:      16836 MSHR_MERGE:          0
cpu1->LLC PREFETCH     ACCESS:          0 HIT:          0 MISS:          0 MSHR_MERGE:          0
cpu1->LLC WRITE        ACCESS:     245750 HIT:     221727 MISS:      24023 MSHR_MERGE:          0
cpu1->LLC TRANSLATION  ACCESS:          0 HIT:          0 MISS:          0 MSHR_MERGE:          0
cpu1->LLC PREFETCH REQUESTED:          0 ISSUED:          0 USEFUL:          0 USELESS:          0
cpu1->LLC AVERAGE MISS LATENCY: 1611 cycles
cpu2->LLC TOTAL        ACCESS:     594219 HIT:     386416 MISS:     207803 MSHR_MERGE:          0
cpu2->LLC LOAD         ACCESS:     323300 HIT:     156457 MISS:     166843 MSHR_MERGE:          0
cpu2->LLC RFO          ACCESS:      25237 HIT:       8404 MISS:      16833 MSHR_MERGE:          0
cpu2->LLC PREFETCH     ACCESS:          0 HIT:          0 MISS:          0 MSHR_MERGE:          0
cpu2->LLC WRITE        ACCESS:     245682 HIT:     221555 MISS:      24127 MSHR_MERGE:          0
cpu2->LLC TRANSLATION  ACCESS:          0 HIT:          0 MISS:          0 MSHR_MERGE:          0
cpu2->LLC PREFETCH REQUESTED:          0 ISSUED:          0 USEFUL:          0 USELESS:          0
cpu2->LLC AVERAGE MISS LATENCY: 1611 cycles
cpu3->LLC TOTAL        ACCESS:     594290 HIT:     386502 MISS:     207788 MSHR_MERGE:          0
cpu3->LLC LOAD         ACCESS:     323343 HIT:     156541 MISS:     166802 MSHR_MERGE:          0
cpu3->LLC RFO          ACCESS:      25239 HIT:       8403 MISS:      16836 MSHR_MERGE:          0
cpu3->LLC PREFETCH     ACCESS:          0 HIT:          0 MISS:          0 MSHR_MERGE:          0
cpu3->LLC WRITE        ACCESS:     245708 HIT:     221558 MISS:      24150 MSHR_MERGE:          0
cpu3->LLC TRANSLATION  ACCESS:          0 HIT:          0 MISS:          0 MSHR_MERGE:          0
cpu3->LLC PREFETCH REQUESTED:          0 ISSUED:          0 USEFUL:          0 USELESS:          0
cpu3->LLC AVERAGE MISS LATENCY: 1611 cycles
cpu4->LLC TOTAL        ACCESS:     593888 HIT:     386818 MISS:     207070 MSHR_MERGE:          0
cpu4->LLC LOAD         ACCESS:     323121 HIT:     156314 MISS:     166807 MSHR_MERGE:          0
cpu4->LLC RFO          ACCESS:      25228 HIT:       8401 MISS:      16827 MSHR_MERGE:          0
cpu4->LLC PREFETCH     ACCESS:          0 HIT:          0 MISS:          0 MSHR_MERGE:          0
cpu4->LLC WRITE        ACCESS:     245539 HIT:     222103 MISS:      23436 MSHR_MERGE:          0
cpu4->LLC TRANSLATION  ACCESS:          0 HIT:          0 MISS:          0 MSHR_MERGE:          0
cpu4->LLC PREFETCH REQUESTED:          0 ISSUED:          0 USEFUL:          0 USELESS:          0
cpu4->LLC AVERAGE MISS LATENCY: 1616 cycles
cpu5->LLC TOTAL        ACCESS:     593692 HIT:     386493 MISS:     207199 MSHR_MERGE:          0
cpu5->LLC LOAD         ACCESS:     323015 HIT:     156192 MISS:     166823 MSHR_MERGE:          0
cpu5->LLC RFO          ACCESS:      25221 HIT:       8400 MISS:      16821 MSHR_MERGE:          0
cpu5->LLC PREFETCH     ACCESS:          0 HIT:          0 MISS:          0 MSHR_MERGE:          0
cpu5->LLC WRITE        ACCESS:     245456 HIT:     221901 MISS:      23555 MSHR_MERGE:          0
cpu5->LLC TRANSLATION  ACCESS:          0 HIT:          0 MISS:          0 MSHR_MERGE:          0
cpu5->LLC PREFETCH REQUESTED:          0 ISSUED:          0 USEFUL:          0 USELESS:          0
cpu5->LLC AVERAGE MISS LATENCY: 1615 cycles
cpu6->LLC TOTAL        ACCESS:     593760 HIT:     386290 MISS:     207470 MSHR_MERGE:          0
cpu6->LLC LOAD         ACCESS:     323052 HIT:     156168 MISS:     166884 MSHR_MERGE:          0
cpu6->LLC RFO          ACCESS:      25224 HIT:       8399 MISS:      16825 MSHR_MERGE:          0
cpu6->LLC PREFETCH     ACCESS:          0 HIT:          0 MISS:          0 MSHR_MERGE:          0
cpu6->LLC WRITE        ACCESS:     245484 HIT:     221723 MISS:      23761 MSHR_MERGE:          0
cpu6->LLC TRANSLATION  ACCESS:          0 HIT:          0 MISS:          0 MSHR_MERGE:          0
cpu6->LLC PREFETCH REQUESTED:          0 ISSUED:          0 USEFUL:          0 USELESS:          0
cpu6->LLC AVERAGE MISS LATENCY: 1613 cycles
cpu7->LLC TOTAL        ACCESS:     594981 HIT:     387254 MISS:     207727 MSHR_MERGE:          0
cpu7->LLC LOAD         ACCESS:     323715 HIT:     157038 MISS:     166677 MSHR_MERGE:          0
cpu7->LLC RFO          ACCESS:      25279 HIT:       8431 MISS:      16848 MSHR_MERGE:          0
cpu7->LLC PREFETCH     ACCESS:          0 HIT:          0 MISS:          0 MSHR_MERGE:          0
cpu7->LLC WRITE        ACCESS:     245987 HIT:     221785 MISS:      24202 MSHR_MERGE:          0
cpu7->LLC TRANSLATION  ACCESS:          0 HIT:          0 MISS:          0 MSHR_MERGE:          0
cpu7->LLC PREFETCH REQUESTED:          0 ISSUED:          0 USEFUL:          0 USELESS:          0
cpu7->LLC AVERAGE MISS LATENCY: 1611 cycles

Region of Interest Statistics

CPU 7 cumulative IPC: 1.711 instructions: 100000000 cycles: 58448271
CPU 7 Branch Prediction Accuracy: 100% MPKI: 0 Average ROB Occupancy at Mispredict: -
Branch type MPKI
BRANCH_DIRECT_JUMP: 0
BRANCH_INDIRECT: 0
BRANCH_CONDITIONAL: 0
BRANCH_DIRECT_CALL: 0
BRANCH_INDIRECT_CALL: 0
BRANCH_RETURN: 0


CPU 6 cumulative IPC: 1.707 instructions: 100000001 cycles: 58572885
CPU 6 Branch Prediction Accuracy: 100% MPKI: 0 Average ROB Occupancy at Mispredict: -
Branch type MPKI
BRANCH_DIRECT_JUMP: 0
BRANCH_INDIRECT: 0
BRANCH_CONDITIONAL: 0
BRANCH_DIRECT_CALL: 0
BRANCH_INDIRECT_CALL: 0
BRANCH_RETURN: 0


CPU 5 cumulative IPC: 1.707 instructions: 100000003 cycles: 58578206
CPU 5 Branch Prediction Accuracy: 100% MPKI: 0 Average ROB Occupancy at Mispredict: -
Branch type MPKI
BRANCH_DIRECT_JUMP: 0
BRANCH_INDIRECT: 0
BRANCH_CONDITIONAL: 0
BRANCH_DIRECT_CALL: 0
BRANCH_INDIRECT_CALL: 0
BRANCH_RETURN: 0


CPU 4 cumulative IPC: 1.708 instructions: 100000004 cycles: 58559002
CPU 4 Branch Prediction Accuracy: 100% MPKI: 0 Average ROB Occupancy at Mispredict: -
Branch type MPKI
BRANCH_DIRECT_JUMP: 0
BRANCH_INDIRECT: 0
BRANCH_CONDITIONAL: 0
BRANCH_DIRECT_CALL: 0
BRANCH_INDIRECT_CALL: 0
BRANCH_RETURN: 0


CPU 3 cumulative IPC: 1.709 instructions: 100000001 cycles: 58521627
CPU 3 Branch Prediction Accuracy: 100% MPKI: 0 Average ROB Occupancy at Mispredict: -
Branch type MPKI
BRANCH_DIRECT_JUMP: 0
BRANCH_INDIRECT: 0
BRANCH_CONDITIONAL: 0
BRANCH_DIRECT_CALL: 0
BRANCH_INDIRECT_CALL: 0
BRANCH_RETURN: 0


CPU 2 cumulative IPC: 1.708 instructions: 100000002 cycles: 58532853
CPU 2 Branch Prediction Accuracy: 100% MPKI: 0 Average ROB Occupancy at Mispredict: -
Branch type MPKI
BRANCH_DIRECT_JUMP: 0
BRANCH_INDIRECT: 0
BRANCH_CONDITIONAL: 0
BRANCH_DIRECT_CALL: 0
BRANCH_INDIRECT_CALL: 0
BRANCH_RETURN: 0


CPU 1 cumulative IPC: 1.709 instructions: 100000000 cycles: 58508292
CPU 1 Branch Prediction Accuracy: 100% MPKI: 0 Average ROB Occupancy at Mispredict: -
Branch type MPKI
BRANCH_DIRECT_JUMP: 0
BRANCH_INDIRECT: 0
BRANCH_CONDITIONAL: 0
BRANCH_DIRECT_CALL: 0
BRANCH_INDIRECT_CALL: 0
BRANCH_RETURN: 0


CPU 0 cumulative IPC: 1.709 instructions: 100000004 cycles: 58505278
CPU 0 Branch Prediction Accuracy: 100% MPKI: 0 Average ROB Occupancy at Mispredict: -
Branch type MPKI
BRANCH_DIRECT_JUMP: 0
BRANCH_INDIRECT: 0
BRANCH_CONDITIONAL: 0
BRANCH_DIRECT_CALL: 0
BRANCH_INDIRECT_CALL: 0
BRANCH_RETURN: 0

cpu7->cpu7_L2C TOTAL        ACCESS:    1152686 HIT:     802976 MISS:     349710 MSHR_MERGE:          0
cpu7->cpu7_L2C LOAD         ACCESS:     616529 HIT:     292814 MISS:     323715 MSHR_MERGE:          0
cpu7->cpu7_L2C RFO          ACCESS:      81893 HIT:      56614 MISS:      25279 MSHR_MERGE:          0
cpu7->cpu7_L2C PREFETCH     ACCESS:          0 HIT:          0 MISS:          0 MSHR_MERGE:          0
cpu7->cpu7_L2C WRITE        ACCESS:     454264 HIT:     453548 MISS:        716 MSHR_MERGE:          0
cpu7->cpu7_L2C TRANSLATION  ACCESS:          0 HIT:          0 MISS:          0 MSHR_MERGE:          0
cpu7->cpu7_L2C PREFETCH REQUESTED:          0 ISSUED:          0 USEFUL:          0 USELESS:          0
cpu7->cpu7_L2C AVERAGE MISS LATENCY: 134.5 cycles
cpu7->cpu7_L1I TOTAL        ACCESS:   17217480 HIT:   17216858 MISS:        622 MSHR_MERGE:        439
cpu7->cpu7_L1I LOAD         ACCESS:   17217480 HIT:   17216858 MISS:        622 MSHR_MERGE:        439
cpu7->cpu7_L1I RFO          ACCESS:          0 HIT:          0 MISS:          0 MSHR_MERGE:          0
cpu7->cpu7_L1I PREFETCH     ACCESS:          0 HIT:          0 MISS:          0 MSHR_MERGE:          0
cpu7->cpu7_L1I WRITE        ACCESS:          0 HIT:          0 MISS:          0 MSHR_MERGE:          0
cpu7->cpu7_L1I TRANSLATION  ACCESS:          0 HIT:          0 MISS:          0 MSHR_MERGE:          0
cpu7->cpu7_L1I PREFETCH REQUESTED:          0 ISSUED:          0 USEFUL:          0 USELESS:          0
cpu7->cpu7_L1I AVERAGE MISS LATENCY: 130.5 cycles
cpu7->cpu7_L1D TOTAL        ACCESS:   22588673 HIT:   21580132 MISS:    1008541 MSHR_MERGE:     310298
cpu7->cpu7_L1D LOAD         ACCESS:   15014495 HIT:   14134298 MISS:     880197 MSHR_MERGE:     263848
cpu7->cpu7_L1D RFO          ACCESS:          0 HIT:          0 MISS:          0 MSHR_MERGE:          0
cpu7->cpu7_L1D PREFETCH     ACCESS:          0 HIT:          0 MISS:          0 MSHR_MERGE:          0
cpu7->cpu7_L1D WRITE        ACCESS:    7574178 HIT:    7445834 MISS:     128344 MSHR_MERGE:      46450
cpu7->cpu7_L1D TRANSLATION  ACCESS:          0 HIT:          0 MISS:          0 MSHR_MERGE:          0
cpu7->cpu7_L1D PREFETCH REQUESTED:          0 ISSUED:          0 USEFUL:          0 USELESS:          0
cpu7->cpu7_L1D AVERAGE MISS LATENCY: 75.84 cycles
cpu7->cpu7_ITLB TOTAL        ACCESS:   15214605 HIT:   15214605 MISS:          0 MSHR_MERGE:          0
cpu7->cpu7_ITLB LOAD         ACCESS:   15214605 HIT:   15214605 MISS:          0 MSHR_MERGE:          0
cpu7->cpu7_ITLB RFO          ACCESS:          0 HIT:          0 MISS:          0 MSHR_MERGE:          0
cpu7->cpu7_ITLB PREFETCH     ACCESS:          0 HIT:          0 MISS:          0 MSHR_MERGE:          0
cpu7->cpu7_ITLB WRITE        ACCESS:          0 HIT:          0 MISS:          0 MSHR_MERGE:          0
cpu7->cpu7_ITLB TRANSLATION  ACCESS:          0 HIT:          0 MISS:          0 MSHR_MERGE:          0
cpu7->cpu7_ITLB PREFETCH REQUESTED:          0 ISSUED:          0 USEFUL:          0 USELESS:          0
cpu7->cpu7_ITLB AVERAGE MISS LATENCY: - cycles
cpu7->cpu7_DTLB TOTAL        ACCESS:   20800541 HIT:   20800541 MISS:          0 MSHR_MERGE:          0
cpu7->cpu7_DTLB LOAD         ACCESS:   20800541 HIT:   20800541 MISS:          0 MSHR_MERGE:          0
cpu7->cpu7_DTLB RFO          ACCESS:          0 HIT:          0 MISS:          0 MSHR_MERGE:          0
cpu7->cpu7_DTLB PREFETCH     ACCESS:          0 HIT:          0 MISS:          0 MSHR_MERGE:          0
cpu7->cpu7_DTLB WRITE        ACCESS:          0 HIT:          0 MISS:          0 MSHR_MERGE:          0
cpu7->cpu7_DTLB TRANSLATION  ACCESS:          0 HIT:          0 MISS:          0 MSHR_MERGE:          0
cpu7->cpu7_DTLB PREFETCH REQUESTED:          0 ISSUED:          0 USEFUL:          0 USELESS:          0
cpu7->cpu7_DTLB AVERAGE MISS LATENCY: - cycles
cpu6->cpu6_L2C TOTAL        ACCESS:    1150106 HIT:     801114 MISS:     348992 MSHR_MERGE:          0
cpu6->cpu6_L2C LOAD         ACCESS:     615183 HIT:     292131 MISS:     323052 MSHR_MERGE:          0
cpu6->cpu6_L2C RFO          ACCESS:      81675 HIT:      56451 MISS:      25224 MSHR_MERGE:          0
cpu6->cpu6_L2C PREFETCH     ACCESS:          0 HIT:          0 MISS:          0 MSHR_MERGE:          0
cpu6->cpu6_L2C WRITE        ACCESS:     453248 HIT:     452532 MISS:        716 MSHR_MERGE:          0
cpu6->cpu6_L2C TRANSLATION  ACCESS:          0 HIT:          0 MISS:          0 MSHR_MERGE:          0
cpu6->cpu6_L2C PREFETCH REQUESTED:          0 ISSUED:          0 USEFUL:          0 USELESS:          0
cpu6->cpu6_L2C AVERAGE MISS LATENCY: 135 cycles
cpu6->cpu6_L1I TOTAL        ACCESS:   17172925 HIT:   17172320 MISS:        605 MSHR_MERGE:        426
cpu6->cpu6_L1I LOAD         ACCESS:   17172925 HIT:   17172320 MISS:        605 MSHR_MERGE:        426
cpu6->cpu6_L1I RFO          ACCESS:          0 HIT:          0 MISS:          0 MSHR_MERGE:          0
cpu6->cpu6_L1I PREFETCH     ACCESS:          0 HIT:          0 MISS:          0 MSHR_MERGE:          0
cpu6->cpu6_L1I WRITE        ACCESS:          0 HIT:          0 MISS:          0 MSHR_MERGE:          0
cpu6->cpu6_L1I TRANSLATION  ACCESS:          0 HIT:          0 MISS:          0 MSHR_MERGE:          0
cpu6->cpu6_L1I PREFETCH REQUESTED:          0 ISSUED:          0 USEFUL:          0 USELESS:          0
cpu6->cpu6_L1I AVERAGE MISS LATENCY: 155.3 cycles
cpu6->cpu6_L1D TOTAL        ACCESS:   22546906 HIT:   21540308 MISS:    1006598 MSHR_MERGE:     309916
cpu6->cpu6_L1D LOAD         ACCESS:   14986481 HIT:   14107838 MISS:     878643 MSHR_MERGE:     263637
cpu6->cpu6_L1D RFO          ACCESS:          0 HIT:          0 MISS:          0 MSHR_MERGE:          0
cpu6->cpu6_L1D PREFETCH     ACCESS:          0 HIT:          0 MISS:          0 MSHR_MERGE:          0
cpu6->cpu6_L1D WRITE        ACCESS:    7560425 HIT:    7432470 MISS:     127955 MSHR_MERGE:      46279
cpu6->cpu6_L1D TRANSLATION  ACCESS:          0 HIT:          0 MISS:          0 MSHR_MERGE:          0
cpu6->cpu6_L1D PREFETCH REQUESTED:          0 ISSUED:          0 USEFUL:          0 USELESS:          0
cpu6->cpu6_L1D AVERAGE MISS LATENCY: 76.08 cycles
cpu6->cpu6_ITLB TOTAL        ACCESS:   15182265 HIT:   15182265 MISS:          0 MSHR_MERGE:          0
cpu6->cpu6_ITLB LOAD         ACCESS:   15182265 HIT:   15182265 MISS:          0 MSHR_MERGE:          0
cpu6->cpu6_ITLB RFO          ACCESS:          0 HIT:          0 MISS:          0 MSHR_MERGE:          0
cpu6->cpu6_ITLB PREFETCH     ACCESS:          0 HIT:          0 MISS:          0 MSHR_MERGE:          0
cpu6->cpu6_ITLB WRITE        ACCESS:          0 HIT:          0 MISS:          0 MSHR_MERGE:          0
cpu6->cpu6_ITLB TRANSLATION  ACCESS:          0 HIT:          0 MISS:          0 MSHR_MERGE:          0
cpu6->cpu6_ITLB PREFETCH REQUESTED:          0 ISSUED:          0 USEFUL:          0 USELESS:          0
cpu6->cpu6_ITLB AVERAGE MISS LATENCY: - cycles
cpu6->cpu6_DTLB TOTAL        ACCESS:   20783702 HIT:   20783702 MISS:          0 MSHR_MERGE:          0
cpu6->cpu6_DTLB LOAD         ACCESS:   20783702 HIT:   20783702 MISS:          0 MSHR_MERGE:          0
cpu6->cpu6_DTLB RFO          ACCESS:          0 HIT:          0 MISS:          0 MSHR_MERGE:          0
cpu6->cpu6_DTLB PREFETCH     ACCESS:          0 HIT:          0 MISS:          0 MSHR_MERGE:          0
cpu6->cpu6_DTLB WRITE        ACCESS:          0 HIT:          0 MISS:          0 MSHR_MERGE:          0
cpu6->cpu6_DTLB TRANSLATION  ACCESS:          0 HIT:          0 MISS:          0 MSHR_MERGE:          0
cpu6->cpu6_DTLB PREFETCH REQUESTED:          0 ISSUED:          0 USEFUL:          0 USELESS:          0
cpu6->cpu6_DTLB AVERAGE MISS LATENCY: - cycles
cpu5->cpu5_L2C TOTAL        ACCESS:    1149958 HIT:     801006 MISS:     348952 MSHR_MERGE:          0
cpu5->cpu5_L2C LOAD         ACCESS:     615112 HIT:     292097 MISS:     323015 MSHR_MERGE:          0
cpu5->cpu5_L2C RFO          ACCESS:      81652 HIT:      56431 MISS:      25221 MSHR_MERGE:          0
cpu5->cpu5_L2C PREFETCH     ACCESS:          0 HIT:          0 MISS:          0 MSHR_MERGE:          0
cpu5->cpu5_L2C WRITE        ACCESS:     453194 HIT:     452478 MISS:        716 MSHR_MERGE:          0
cpu5->cpu5_L2C TRANSLATION  ACCESS:          0 HIT:          0 MISS:          0 MSHR_MERGE:          0
cpu5->cpu5_L2C PREFETCH REQUESTED:          0 ISSUED:          0 USEFUL:          0 USELESS:          0
cpu5->cpu5_L2C AVERAGE MISS LATENCY: 134.8 cycles
cpu5->cpu5_L1I TOTAL        ACCESS:   17179242 HIT:   17178618 MISS:        624 MSHR_MERGE:        443
cpu5->cpu5_L1I LOAD         ACCESS:   17179242 HIT:   17178618 MISS:        624 MSHR_MERGE:        443
cpu5->cpu5_L1I RFO          ACCESS:          0 HIT:          0 MISS:          0 MSHR_MERGE:          0
cpu5->cpu5_L1I PREFETCH     ACCESS:          0 HIT:          0 MISS:          0 MSHR_MERGE:          0
cpu5->cpu5_L1I WRITE        ACCESS:          0 HIT:          0 MISS:          0 MSHR_MERGE:          0
cpu5->cpu5_L1I TRANSLATION  ACCESS:          0 HIT:          0 MISS:          0 MSHR_MERGE:          0
cpu5->cpu5_L1I PREFETCH REQUESTED:          0 ISSUED:          0 USEFUL:          0 USELESS:          0
cpu5->cpu5_L1I AVERAGE MISS LATENCY: 146.3 cycles
cpu5->cpu5_L1D TOTAL        ACCESS:   22548864 HIT:   21542577 MISS:    1006287 MSHR_MERGE:     309699
cpu5->cpu5_L1D LOAD         ACCESS:   14988841 HIT:   14110459 MISS:     878382 MSHR_MERGE:     263447
cpu5->cpu5_L1D RFO          ACCESS:          0 HIT:          0 MISS:          0 MSHR_MERGE:          0
cpu5->cpu5_L1D PREFETCH     ACCESS:          0 HIT:          0 MISS:          0 MSHR_MERGE:          0
cpu5->cpu5_L1D WRITE        ACCESS:    7560023 HIT:    7432118 MISS:     127905 MSHR_MERGE:      46252
cpu5->cpu5_L1D TRANSLATION  ACCESS:          0 HIT:          0 MISS:          0 MSHR_MERGE:          0
cpu5->cpu5_L1D PREFETCH REQUESTED:          0 ISSUED:          0 USEFUL:          0 USELESS:          0
cpu5->cpu5_L1D AVERAGE MISS LATENCY: 76.01 cycles
cpu5->cpu5_ITLB TOTAL        ACCESS:   15182931 HIT:   15182931 MISS:          0 MSHR_MERGE:          0
cpu5->cpu5_ITLB LOAD         ACCESS:   15182931 HIT:   15182931 MISS:          0 MSHR_MERGE:          0
cpu5->cpu5_ITLB RFO          ACCESS:          0 HIT:          0 MISS:          0 MSHR_MERGE:          0
cpu5->cpu5_ITLB PREFETCH     ACCESS:          0 HIT:          0 MISS:          0 MSHR_MERGE:          0
cpu5->cpu5_ITLB WRITE        ACCESS:          0 HIT:          0 MISS:          0 MSHR_MERGE:          0
cpu5->cpu5_ITLB TRANSLATION  ACCESS:          0 HIT:          0 MISS:          0 MSHR_MERGE:          0
cpu5->cpu5_ITLB PREFETCH REQUESTED:          0 ISSUED:          0 USEFUL:          0 USELESS:          0
cpu5->cpu5_ITLB AVERAGE MISS LATENCY: - cycles
cpu5->cpu5_DTLB TOTAL        ACCESS:   20752445 HIT:   20752445 MISS:          0 MSHR_MERGE:          0
cpu5->cpu5_DTLB LOAD         ACCESS:   20752445 HIT:   20752445 MISS:          0 MSHR_MERGE:          0
cpu5->cpu5_DTLB RFO          ACCESS:          0 HIT:          0 MISS:          0 MSHR_MERGE:          0
cpu5->cpu5_DTLB PREFETCH     ACCESS:          0 HIT:          0 MISS:          0 MSHR_MERGE:          0
cpu5->cpu5_DTLB WRITE        ACCESS:          0 HIT:          0 MISS:          0 MSHR_MERGE:          0
cpu5->cpu5_DTLB TRANSLATION  ACCESS:          0 HIT:          0 MISS:          0 MSHR_MERGE:          0
cpu5->cpu5_DTLB PREFETCH REQUESTED:          0 ISSUED:          0 USEFUL:          0 USELESS:          0
cpu5->cpu5_DTLB AVERAGE MISS LATENCY: - cycles
cpu4->cpu4_L2C TOTAL        ACCESS:    1150454 HIT:     801389 MISS:     349065 MSHR_MERGE:          0
cpu4->cpu4_L2C LOAD         ACCESS:     615370 HIT:     292249 MISS:     323121 MSHR_MERGE:          0
cpu4->cpu4_L2C RFO          ACCESS:      81697 HIT:      56469 MISS:      25228 MSHR_MERGE:          0
cpu4->cpu4_L2C PREFETCH     ACCESS:          0 HIT:          0 MISS:          0 MSHR_MERGE:          0
cpu4->cpu4_L2C WRITE        ACCESS:     453387 HIT:     452671 MISS:        716 MSHR_MERGE:          0
cpu4->cpu4_L2C TRANSLATION  ACCESS:          0 HIT:          0 MISS:          0 MSHR_MERGE:          0
cpu4->cpu4_L2C PREFETCH REQUESTED:          0 ISSUED:          0 USEFUL:          0 USELESS:          0
cpu4->cpu4_L2C AVERAGE MISS LATENCY: 134.9 cycles
cpu4->cpu4_L1I TOTAL        ACCESS:   17184733 HIT:   17184117 MISS:        616 MSHR_MERGE:        437
cpu4->cpu4_L1I LOAD         ACCESS:   17184733 HIT:   17184117 MISS:        616 MSHR_MERGE:        437
cpu4->cpu4_L1I RFO          ACCESS:          0 HIT:          0 MISS:          0 MSHR_MERGE:          0
cpu4->cpu4_L1I PREFETCH     ACCESS:          0 HIT:          0 MISS:          0 MSHR_MERGE:          0
cpu4->cpu4_L1I WRITE        ACCESS:          0 HIT:          0 MISS:          0 MSHR_MERGE:          0
cpu4->cpu4_L1I TRANSLATION  ACCESS:          0 HIT:          0 MISS:          0 MSHR_MERGE:          0
cpu4->cpu4_L1I PREFETCH REQUESTED:          0 ISSUED:          0 USEFUL:          0 USELESS:          0
cpu4->cpu4_L1I AVERAGE MISS LATENCY: 167.5 cycles
cpu4->cpu4_L1D TOTAL        ACCESS:   22556221 HIT:   21549552 MISS:    1006669 MSHR_MERGE:     309777
cpu4->cpu4_L1D LOAD         ACCESS:   14994027 HIT:   14115452 MISS:     878575 MSHR_MERGE:     263381
cpu4->cpu4_L1D RFO          ACCESS:          0 HIT:          0 MISS:          0 MSHR_MERGE:          0
cpu4->cpu4_L1D PREFETCH     ACCESS:          0 HIT:          0 MISS:          0 MSHR_MERGE:          0
cpu4->cpu4_L1D WRITE        ACCESS:    7562194 HIT:    7434100 MISS:     128094 MSHR_MERGE:      46396
cpu4->cpu4_L1D TRANSLATION  ACCESS:          0 HIT:          0 MISS:          0 MSHR_MERGE:          0
cpu4->cpu4_L1D PREFETCH REQUESTED:          0 ISSUED:          0 USEFUL:          0 USELESS:          0
cpu4->cpu4_L1D AVERAGE MISS LATENCY: 76.02 cycles
cpu4->cpu4_ITLB TOTAL        ACCESS:   15187414 HIT:   15187414 MISS:          0 MSHR_MERGE:          0
cpu4->cpu4_ITLB LOAD         ACCESS:   15187414 HIT:   15187414 MISS:          0 MSHR_MERGE:          0
cpu4->cpu4_ITLB RFO          ACCESS:          0 HIT:          0 MISS:          0 MSHR_MERGE:          0
cpu4->cpu4_ITLB PREFETCH     ACCESS:          0 HIT:          0 MISS:          0 MSHR_MERGE:          0
cpu4->cpu4_ITLB WRITE        ACCESS:          0 HIT:          0 MISS:          0 MSHR_MERGE:          0
cpu4->cpu4_ITLB TRANSLATION  ACCESS:          0 HIT:          0 MISS:          0 MSHR_MERGE:          0
cpu4->cpu4_ITLB PREFETCH REQUESTED:          0 ISSUED:          0 USEFUL:          0 USELESS:          0
cpu4->cpu4_ITLB AVERAGE MISS LATENCY: - cycles
cpu4->cpu4_DTLB TOTAL        ACCESS:   20761241 HIT:   20761241 MISS:          0 MSHR_MERGE:          0
cpu4->cpu4_DTLB LOAD         ACCESS:   20761241 HIT:   20761241 MISS:          0 MSHR_MERGE:          0
cpu4->cpu4_DTLB RFO          ACCESS:          0 HIT:          0 MISS:          0 MSHR_MERGE:          0
cpu4->cpu4_DTLB PREFETCH     ACCESS:          0 HIT:          0 MISS:          0 MSHR_MERGE:          0
cpu4->cpu4_DTLB WRITE        ACCESS:          0 HIT:          0 MISS:          0 MSHR_MERGE:          0
cpu4->cpu4_DTLB TRANSLATION  ACCESS:          0 HIT:          0 MISS:          0 MSHR_MERGE:          0
cpu4->cpu4_DTLB PREFETCH REQUESTED:          0 ISSUED:          0 USEFUL:          0 USELESS:          0
cpu4->cpu4_DTLB AVERAGE MISS LATENCY: - cycles
cpu3->cpu3_L2C TOTAL        ACCESS:    1151293 HIT:     801996 MISS:     349297 MSHR_MERGE:          0
cpu3->cpu3_L2C LOAD         ACCESS:     615817 HIT:     292474 MISS:     323343 MSHR_MERGE:          0
cpu3->cpu3_L2C RFO          ACCESS:      81749 HIT:      56510 MISS:      25239 MSHR_MERGE:          0
cpu3->cpu3_L2C PREFETCH     ACCESS:          0 HIT:          0 MISS:          0 MSHR_MERGE:          0
cpu3->cpu3_L2C WRITE        ACCESS:     453727 HIT:     453012 MISS:        715 MSHR_MERGE:          0
cpu3->cpu3_L2C TRANSLATION  ACCESS:          0 HIT:          0 MISS:          0 MSHR_MERGE:          0
cpu3->cpu3_L2C PREFETCH REQUESTED:          0 ISSUED:          0 USEFUL:          0 USELESS:          0
cpu3->cpu3_L2C AVERAGE MISS LATENCY: 134.7 cycles
cpu3->cpu3_L1I TOTAL        ACCESS:   17192468 HIT:   17191859 MISS:        609 MSHR_MERGE:        430
cpu3->cpu3_L1I LOAD         ACCESS:   17192468 HIT:   17191859 MISS:        609 MSHR_MERGE:        430
cpu3->cpu3_L1I RFO          ACCESS:          0 HIT:          0 MISS:          0 MSHR_MERGE:          0
cpu3->cpu3_L1I PREFETCH     ACCESS:          0 HIT:          0 MISS:          0 MSHR_MERGE:          0
cpu3->cpu3_L1I WRITE        ACCESS:          0 HIT:          0 MISS:          0 MSHR_MERGE:          0
cpu3->cpu3_L1I TRANSLATION  ACCESS:          0 HIT:          0 MISS:          0 MSHR_MERGE:          0
cpu3->cpu3_L1I PREFETCH REQUESTED:          0 ISSUED:          0 USEFUL:          0 USELESS:          0
cpu3->cpu3_L1I AVERAGE MISS LATENCY: 156.9 cycles
cpu3->cpu3_L1D TOTAL        ACCESS:   22570520 HIT:   21563487 MISS:    1007033 MSHR_MERGE:     309643
cpu3->cpu3_L1D LOAD         ACCESS:   15003702 HIT:   14124474 MISS:     879228 MSHR_MERGE:     263587
cpu3->cpu3_L1D RFO          ACCESS:          0 HIT:          0 MISS:          0 MSHR_MERGE:          0
cpu3->cpu3_L1D PREFETCH     ACCESS:          0 HIT:          0 MISS:          0 MSHR_MERGE:          0
cpu3->cpu3_L1D WRITE        ACCESS:    7566818 HIT:    7439013 MISS:     127805 MSHR_MERGE:      46056
cpu3->cpu3_L1D TRANSLATION  ACCESS:          0 HIT:          0 MISS:          0 MSHR_MERGE:          0
cpu3->cpu3_L1D PREFETCH REQUESTED:          0 ISSUED:          0 USEFUL:          0 USELESS:          0
cpu3->cpu3_L1D AVERAGE MISS LATENCY: 75.96 cycles
cpu3->cpu3_ITLB TOTAL        ACCESS:   15214681 HIT:   15214681 MISS:          0 MSHR_MERGE:          0
cpu3->cpu3_ITLB LOAD         ACCESS:   15214681 HIT:   15214681 MISS:          0 MSHR_MERGE:          0
cpu3->cpu3_ITLB RFO          ACCESS:          0 HIT:          0 MISS:          0 MSHR_MERGE:          0
cpu3->cpu3_ITLB PREFETCH     ACCESS:          0 HIT:          0 MISS:          0 MSHR_MERGE:          0
cpu3->cpu3_ITLB WRITE        ACCESS:          0 HIT:          0 MISS:          0 MSHR_MERGE:          0
cpu3->cpu3_ITLB TRANSLATION  ACCESS:          0 HIT:          0 MISS:          0 MSHR_MERGE:          0
cpu3->cpu3_ITLB PREFETCH REQUESTED:          0 ISSUED:          0 USEFUL:          0 USELESS:          0
cpu3->cpu3_ITLB AVERAGE MISS LATENCY: - cycles
cpu3->cpu3_DTLB TOTAL        ACCESS:   20808555 HIT:   20808555 MISS:          0 MSHR_MERGE:          0
cpu3->cpu3_DTLB LOAD         ACCESS:   20808555 HIT:   20808555 MISS:          0 MSHR_MERGE:          0
cpu3->cpu3_DTLB RFO          ACCESS:          0 HIT:          0 MISS:          0 MSHR_MERGE:          0
cpu3->cpu3_DTLB PREFETCH     ACCESS:          0 HIT:          0 MISS:          0 MSHR_MERGE:          0
cpu3->cpu3_DTLB WRITE        ACCESS:          0 HIT:          0 MISS:          0 MSHR_MERGE:          0
cpu3->cpu3_DTLB TRANSLATION  ACCESS:          0 HIT:          0 MISS:          0 MSHR_MERGE:          0
cpu3->cpu3_DTLB PREFETCH REQUESTED:          0 ISSUED:          0 USEFUL:          0 USELESS:          0
cpu3->cpu3_DTLB AVERAGE MISS LATENCY: - cycles
cpu2->cpu2_L2C TOTAL        ACCESS:    1151147 HIT:     801893 MISS:     349254 MSHR_MERGE:          0
cpu2->cpu2_L2C LOAD         ACCESS:     615727 HIT:     292427 MISS:     323300 MSHR_MERGE:          0
cpu2->cpu2_L2C RFO          ACCESS:      81750 HIT:      56513 MISS:      25237 MSHR_MERGE:          0
cpu2->cpu2_L2C PREFETCH     ACCESS:          0 HIT:          0 MISS:          0 MSHR_MERGE:          0
cpu2->cpu2_L2C WRITE        ACCESS:     453670 HIT:     452953 MISS:        717 MSHR_MERGE:          0
cpu2->cpu2_L2C TRANSLATION  ACCESS:          0 HIT:          0 MISS:          0 MSHR_MERGE:          0
cpu2->cpu2_L2C PREFETCH REQUESTED:          0 ISSUED:          0 USEFUL:          0 USELESS:          0
cpu2->cpu2_L2C AVERAGE MISS LATENCY: 134.7 cycles
cpu2->cpu2_L1I TOTAL        ACCESS:   17191291 HIT:   17190680 MISS:        611 MSHR_MERGE:        432
cpu2->cpu2_L1I LOAD         ACCESS:   17191291 HIT:   17190680 MISS:        611 MSHR_MERGE:        432
cpu2->cpu2_L1I RFO          ACCESS:          0 HIT:          0 MISS:          0 MSHR_MERGE:          0
cpu2->cpu2_L1I PREFETCH     ACCESS:          0 HIT:          0 MISS:          0 MSHR_MERGE:          0
cpu2->cpu2_L1I WRITE        ACCESS:          0 HIT:          0 MISS:          0 MSHR_MERGE:          0
cpu2->cpu2_L1I TRANSLATION  ACCESS:          0 HIT:          0 MISS:          0 MSHR_MERGE:          0
cpu2->cpu2_L1I PREFETCH REQUESTED:          0 ISSUED:          0 USEFUL:          0 USELESS:          0
cpu2->cpu2_L1I AVERAGE MISS LATENCY: 149.7 cycles
cpu2->cpu2_L1D TOTAL        ACCESS:   22565044 HIT:   21557863 MISS:    1007181 MSHR_MERGE:     309879
cpu2->cpu2_L1D LOAD         ACCESS:   14999196 HIT:   14119860 MISS:     879336 MSHR_MERGE:     263785
cpu2->cpu2_L1D RFO          ACCESS:          0 HIT:          0 MISS:          0 MSHR_MERGE:          0
cpu2->cpu2_L1D PREFETCH     ACCESS:          0 HIT:          0 MISS:          0 MSHR_MERGE:          0
cpu2->cpu2_L1D WRITE        ACCESS:    7565848 HIT:    7438003 MISS:     127845 MSHR_MERGE:      46094
cpu2->cpu2_L1D TRANSLATION  ACCESS:          0 HIT:          0 MISS:          0 MSHR_MERGE:          0
cpu2->cpu2_L1D PREFETCH REQUESTED:          0 ISSUED:          0 USEFUL:          0 USELESS:          0
cpu2->cpu2_L1D AVERAGE MISS LATENCY: 75.94 cycles
cpu2->cpu2_ITLB TOTAL        ACCESS:   15195177 HIT:   15195177 MISS:          0 MSHR_MERGE:          0
cpu2->cpu2_ITLB LOAD         ACCESS:   15195177 HIT:   15195177 MISS:          0 MSHR_MERGE:          0
cpu2->cpu2_ITLB RFO          ACCESS:          0 HIT:          0 MISS:          0 MSHR_MERGE:          0
cpu2->cpu2_ITLB PREFETCH     ACCESS:          0 HIT:          0 MISS:          0 MSHR_MERGE:          0
cpu2->cpu2_ITLB WRITE        ACCESS:          0 HIT:          0 MISS:          0 MSHR_MERGE:          0
cpu2->cpu2_ITLB TRANSLATION  ACCESS:          0 HIT:          0 MISS:          0 MSHR_MERGE:          0
cpu2->cpu2_ITLB PREFETCH REQUESTED:          0 ISSUED:          0 USEFUL:          0 USELESS:          0
cpu2->cpu2_ITLB AVERAGE MISS LATENCY: - cycles
cpu2->cpu2_DTLB TOTAL        ACCESS:   20768928 HIT:   20768928 MISS:          0 MSHR_MERGE:          0
cpu2->cpu2_DTLB LOAD         ACCESS:   20768928 HIT:   20768928 MISS:          0 MSHR_MERGE:          0
cpu2->cpu2_DTLB RFO          ACCESS:          0 HIT:          0 MISS:          0 MSHR_MERGE:          0
cpu2->cpu2_DTLB PREFETCH     ACCESS:          0 HIT:          0 MISS:          0 MSHR_MERGE:          0
cpu2->cpu2_DTLB WRITE        ACCESS:          0 HIT:          0 MISS:          0 MSHR_MERGE:          0
cpu2->cpu2_DTLB TRANSLATION  ACCESS:          0 HIT:          0 MISS:          0 MSHR_MERGE:          0
cpu2->cpu2_DTLB PREFETCH REQUESTED:          0 ISSUED:          0 USEFUL:          0 USELESS:          0
cpu2->cpu2_DTLB AVERAGE MISS LATENCY: - cycles
cpu1->cpu1_L2C TOTAL        ACCESS:    1151498 HIT:     802136 MISS:     349362 MSHR_MERGE:          0
cpu1->cpu1_L2C LOAD         ACCESS:     615946 HIT:     292540 MISS:     323406 MSHR_MERGE:          0
cpu1->cpu1_L2C RFO          ACCESS:      81751 HIT:      56511 MISS:      25240 MSHR_MERGE:          0
cpu1->cpu1_L2C PREFETCH     ACCESS:          0 HIT:          0 MISS:          0 MSHR_MERGE:          0
cpu1->cpu1_L2C WRITE        ACCESS:     453801 HIT:     453085 MISS:        716 MSHR_MERGE:          0
cpu1->cpu1_L2C TRANSLATION  ACCESS:          0 HIT:          0 MISS:          0 MSHR_MERGE:          0
cpu1->cpu1_L2C PREFETCH REQUESTED:          0 ISSUED:          0 USEFUL:          0 USELESS:          0
cpu1->cpu1_L2C AVERAGE MISS LATENCY: 134.5 cycles
cpu1->cpu1_L1I TOTAL        ACCESS:   17199530 HIT:   17198897 MISS:        633 MSHR_MERGE:        450
cpu1->cpu1_L1I LOAD         ACCESS:   17199530 HIT:   17198897 MISS:        633 MSHR_MERGE:        450
cpu1->cpu1_L1I RFO          ACCESS:          0 HIT:          0 MISS:          0 MSHR_MERGE:          0
cpu1->cpu1_L1I PREFETCH     ACCESS:          0 HIT:          0 MISS:          0 MSHR_MERGE:          0
cpu1->cpu1_L1I WRITE        ACCESS:          0 HIT:          0 MISS:          0 MSHR_MERGE:          0
cpu1->cpu1_L1I TRANSLATION  ACCESS:          0 HIT:          0 MISS:          0 MSHR_MERGE:          0
cpu1->cpu1_L1I PREFETCH REQUESTED:          0 ISSUED:          0 USEFUL:          0 USELESS:          0
cpu1->cpu1_L1I AVERAGE MISS LATENCY: 149.3 cycles
cpu1->cpu1_L1D TOTAL        ACCESS:   22567791 HIT:   21560550 MISS:    1007241 MSHR_MERGE:     309723
cpu1->cpu1_L1D LOAD         ACCESS:   14999761 HIT:   14120429 MISS:     879332 MSHR_MERGE:     263565
cpu1->cpu1_L1D RFO          ACCESS:          0 HIT:          0 MISS:          0 MSHR_MERGE:          0
cpu1->cpu1_L1D PREFETCH     ACCESS:          0 HIT:          0 MISS:          0 MSHR_MERGE:          0
cpu1->cpu1_L1D WRITE        ACCESS:    7568030 HIT:    7440121 MISS:     127909 MSHR_MERGE:      46158
cpu1->cpu1_L1D TRANSLATION  ACCESS:          0 HIT:          0 MISS:          0 MSHR_MERGE:          0
cpu1->cpu1_L1D PREFETCH REQUESTED:          0 ISSUED:          0 USEFUL:          0 USELESS:          0
cpu1->cpu1_L1D AVERAGE MISS LATENCY: 75.86 cycles
cpu1->cpu1_ITLB TOTAL        ACCESS:   15221541 HIT:   15221541 MISS:          0 MSHR_MERGE:          0
cpu1->cpu1_ITLB LOAD         ACCESS:   15221541 HIT:   15221541 MISS:          0 MSHR_MERGE:          0
cpu1->cpu1_ITLB RFO          ACCESS:          0 HIT:          0 MISS:          0 MSHR_MERGE:          0
cpu1->cpu1_ITLB PREFETCH     ACCESS:          0 HIT:          0 MISS:          0 MSHR_MERGE:          0
cpu1->cpu1_ITLB WRITE        ACCESS:          0 HIT:          0 MISS:          0 MSHR_MERGE:          0
cpu1->cpu1_ITLB TRANSLATION  ACCESS:          0 HIT:          0 MISS:          0 MSHR_MERGE:          0
cpu1->cpu1_ITLB PREFETCH REQUESTED:          0 ISSUED:          0 USEFUL:          0 USELESS:          0
cpu1->cpu1_ITLB AVERAGE MISS LATENCY: - cycles
cpu1->cpu1_DTLB TOTAL        ACCESS:   20773896 HIT:   20773896 MISS:          0 MSHR_MERGE:          0
cpu1->cpu1_DTLB LOAD         ACCESS:   20773896 HIT:   20773896 MISS:          0 MSHR_MERGE:          0
cpu1->cpu1_DTLB RFO          ACCESS:          0 HIT:          0 MISS:          0 MSHR_MERGE:          0
cpu1->cpu1_DTLB PREFETCH     ACCESS:          0 HIT:          0 MISS:          0 MSHR_MERGE:          0
cpu1->cpu1_DTLB WRITE        ACCESS:          0 HIT:          0 MISS:          0 MSHR_MERGE:          0
cpu1->cpu1_DTLB TRANSLATION  ACCESS:          0 HIT:          0 MISS:          0 MSHR_MERGE:          0
cpu1->cpu1_DTLB PREFETCH REQUESTED:          0 ISSUED:          0 USEFUL:          0 USELESS:          0
cpu1->cpu1_DTLB AVERAGE MISS LATENCY: - cycles
cpu0->cpu0_L2C TOTAL        ACCESS:    1151633 HIT:     802224 MISS:     349409 MSHR_MERGE:          0
cpu0->cpu0_L2C LOAD         ACCESS:     616017 HIT:     292567 MISS:     323450 MSHR_MERGE:          0
cpu0->cpu0_L2C RFO          ACCESS:      81756 HIT:      56513 MISS:      25243 MSHR_MERGE:          0
cpu0->cpu0_L2C PREFETCH     ACCESS:          0 HIT:          0 MISS:          0 MSHR_MERGE:          0
cpu0->cpu0_L2C WRITE        ACCESS:     453860 HIT:     453144 MISS:        716 MSHR_MERGE:          0
cpu0->cpu0_L2C TRANSLATION  ACCESS:          0 HIT:          0 MISS:          0 MSHR_MERGE:          0
cpu0->cpu0_L2C PREFETCH REQUESTED:          0 ISSUED:          0 USEFUL:          0 USELESS:          0
cpu0->cpu0_L2C AVERAGE MISS LATENCY: 134.7 cycles
cpu0->cpu0_L1I TOTAL        ACCESS:   17198422 HIT:   17197801 MISS:        621 MSHR_MERGE:        440
cpu0->cpu0_L1I LOAD         ACCESS:   17198422 HIT:   17197801 MISS:        621 MSHR_MERGE:        440
cpu0->cpu0_L1I RFO          ACCESS:          0 HIT:          0 MISS:          0 MSHR_MERGE:          0
cpu0->cpu0_L1I PREFETCH     ACCESS:          0 HIT:          0 MISS:          0 MSHR_MERGE:          0
cpu0->cpu0_L1I WRITE        ACCESS:          0 HIT:          0 MISS:          0 MSHR_MERGE:          0
cpu0->cpu0_L1I TRANSLATION  ACCESS:          0 HIT:          0 MISS:          0 MSHR_MERGE:          0
cpu0->cpu0_L1I PREFETCH REQUESTED:          0 ISSUED:          0 USEFUL:          0 USELESS:          0
cpu0->cpu0_L1I AVERAGE MISS LATENCY: 143.6 cycles
cpu0->cpu0_L1D TOTAL        ACCESS:   22576593 HIT:   21568964 MISS:    1007629 MSHR_MERGE:     310032
cpu0->cpu0_L1D LOAD         ACCESS:   15007420 HIT:   14127789 MISS:     879631 MSHR_MERGE:     263791
cpu0->cpu0_L1D RFO          ACCESS:          0 HIT:          0 MISS:          0 MSHR_MERGE:          0
cpu0->cpu0_L1D PREFETCH     ACCESS:          0 HIT:          0 MISS:          0 MSHR_MERGE:          0
cpu0->cpu0_L1D WRITE        ACCESS:    7569173 HIT:    7441175 MISS:     127998 MSHR_MERGE:      46241
cpu0->cpu0_L1D TRANSLATION  ACCESS:          0 HIT:          0 MISS:          0 MSHR_MERGE:          0
cpu0->cpu0_L1D PREFETCH REQUESTED:          0 ISSUED:          0 USEFUL:          0 USELESS:          0
cpu0->cpu0_L1D AVERAGE MISS LATENCY: 75.94 cycles
cpu0->cpu0_ITLB TOTAL        ACCESS:   15219378 HIT:   15219378 MISS:          0 MSHR_MERGE:          0
cpu0->cpu0_ITLB LOAD         ACCESS:   15219378 HIT:   15219378 MISS:          0 MSHR_MERGE:          0
cpu0->cpu0_ITLB RFO          ACCESS:          0 HIT:          0 MISS:          0 MSHR_MERGE:          0
cpu0->cpu0_ITLB PREFETCH     ACCESS:          0 HIT:          0 MISS:          0 MSHR_MERGE:          0
cpu0->cpu0_ITLB WRITE        ACCESS:          0 HIT:          0 MISS:          0 MSHR_MERGE:          0
cpu0->cpu0_ITLB TRANSLATION  ACCESS:          0 HIT:          0 MISS:          0 MSHR_MERGE:          0
cpu0->cpu0_ITLB PREFETCH REQUESTED:          0 ISSUED:          0 USEFUL:          0 USELESS:          0
cpu0->cpu0_ITLB AVERAGE MISS LATENCY: - cycles
cpu0->cpu0_DTLB TOTAL        ACCESS:   20814421 HIT:   20814421 MISS:          0 MSHR_MERGE:          0
cpu0->cpu0_DTLB LOAD         ACCESS:   20814421 HIT:   20814421 MISS:          0 MSHR_MERGE:          0
cpu0->cpu0_DTLB RFO          ACCESS:          0 HIT:          0 MISS:          0 MSHR_MERGE:          0
cpu0->cpu0_DTLB PREFETCH     ACCESS:          0 HIT:          0 MISS:          0 MSHR_MERGE:          0
cpu0->cpu0_DTLB WRITE        ACCESS:          0 HIT:          0 MISS:          0 MSHR_MERGE:          0
cpu0->cpu0_DTLB TRANSLATION  ACCESS:          0 HIT:          0 MISS:          0 MSHR_MERGE:          0
cpu0->cpu0_DTLB PREFETCH REQUESTED:          0 ISSUED:          0 USEFUL:          0 USELESS:          0
cpu0->cpu0_DTLB AVERAGE MISS LATENCY: - cycles
cpu0->LLC TOTAL        ACCESS:     594478 HIT:     386724 MISS:     207754 MSHR_MERGE:          0
cpu0->LLC LOAD         ACCESS:     323450 HIT:     156568 MISS:     166882 MSHR_MERGE:          0
cpu0->LLC RFO          ACCESS:      25243 HIT:       8408 MISS:      16835 MSHR_MERGE:          0
cpu0->LLC PREFETCH     ACCESS:          0 HIT:          0 MISS:          0 MSHR_MERGE:          0
cpu0->LLC WRITE        ACCESS:     245785 HIT:     221748 MISS:      24037 MSHR_MERGE:          0
cpu0->LLC TRANSLATION  ACCESS:          0 HIT:          0 MISS:          0 MSHR_MERGE:          0
cpu0->LLC PREFETCH REQUESTED:          0 ISSUED:          0 USEFUL:          0 USELESS:          0
cpu0->LLC AVERAGE MISS LATENCY: 1611 cycles
cpu1->LLC TOTAL        ACCESS:     594396 HIT:     386659 MISS:     207737 MSHR_MERGE:          0
cpu1->LLC LOAD         ACCESS:     323406 HIT:     156528 MISS:     166878 MSHR_MERGE:          0
cpu1->LLC RFO          ACCESS:      25240 HIT:       8404 MISS:      16836 MSHR_MERGE:          0
cpu1->LLC PREFETCH     ACCESS:          0 HIT:          0 MISS:          0 MSHR_MERGE:          0
cpu1->LLC WRITE        ACCESS:     245750 HIT:     221727 MISS:      24023 MSHR_MERGE:          0
cpu1->LLC TRANSLATION  ACCESS:          0 HIT:          0 MISS:          0 MSHR_MERGE:          0
cpu1->LLC PREFETCH REQUESTED:          0 ISSUED:          0 USEFUL:          0 USELESS:          0
cpu1->LLC AVERAGE MISS LATENCY: 1611 cycles
cpu2->LLC TOTAL        ACCESS:     594219 HIT:     386416 MISS:     207803 MSHR_MERGE:          0
cpu2->LLC LOAD         ACCESS:     323300 HIT:     156457 MISS:     166843 MSHR_MERGE:          0
cpu2->LLC RFO          ACCESS:      25237 HIT:       8404 MISS:      16833 MSHR_MERGE:          0
cpu2->LLC PREFETCH     ACCESS:          0 HIT:          0 MISS:          0 MSHR_MERGE:          0
cpu2->LLC WRITE        ACCESS:     245682 HIT:     221555 MISS:      24127 MSHR_MERGE:          0
cpu2->LLC TRANSLATION  ACCESS:          0 HIT:          0 MISS:          0 MSHR_MERGE:          0
cpu2->LLC PREFETCH REQUESTED:          0 ISSUED:          0 USEFUL:          0 USELESS:          0
cpu2->LLC AVERAGE MISS LATENCY: 1611 cycles
cpu3->LLC TOTAL        ACCESS:     594290 HIT:     386502 MISS:     207788 MSHR_MERGE:          0
cpu3->LLC LOAD         ACCESS:     323343 HIT:     156541 MISS:     166802 MSHR_MERGE:          0
cpu3->LLC RFO          ACCESS:      25239 HIT:       8403 MISS:      16836 MSHR_MERGE:          0
cpu3->LLC PREFETCH     ACCESS:          0 HIT:          0 MISS:          0 MSHR_MERGE:          0
cpu3->LLC WRITE        ACCESS:     245708 HIT:     221558 MISS:      24150 MSHR_MERGE:          0
cpu3->LLC TRANSLATION  ACCESS:          0 HIT:          0 MISS:          0 MSHR_MERGE:          0
cpu3->LLC PREFETCH REQUESTED:          0 ISSUED:          0 USEFUL:          0 USELESS:          0
cpu3->LLC AVERAGE MISS LATENCY: 1611 cycles
cpu4->LLC TOTAL        ACCESS:     593888 HIT:     386818 MISS:     207070 MSHR_MERGE:          0
cpu4->LLC LOAD         ACCESS:     323121 HIT:     156314 MISS:     166807 MSHR_MERGE:          0
cpu4->LLC RFO          ACCESS:      25228 HIT:       8401 MISS:      16827 MSHR_MERGE:          0
cpu4->LLC PREFETCH     ACCESS:          0 HIT:          0 MISS:          0 MSHR_MERGE:          0
cpu4->LLC WRITE        ACCESS:     245539 HIT:     222103 MISS:      23436 MSHR_MERGE:          0
cpu4->LLC TRANSLATION  ACCESS:          0 HIT:          0 MISS:          0 MSHR_MERGE:          0
cpu4->LLC PREFETCH REQUESTED:          0 ISSUED:          0 USEFUL:          0 USELESS:          0
cpu4->LLC AVERAGE MISS LATENCY: 1616 cycles
cpu5->LLC TOTAL        ACCESS:     593692 HIT:     386493 MISS:     207199 MSHR_MERGE:          0
cpu5->LLC LOAD         ACCESS:     323015 HIT:     156192 MISS:     166823 MSHR_MERGE:          0
cpu5->LLC RFO          ACCESS:      25221 HIT:       8400 MISS:      16821 MSHR_MERGE:          0
cpu5->LLC PREFETCH     ACCESS:          0 HIT:          0 MISS:          0 MSHR_MERGE:          0
cpu5->LLC WRITE        ACCESS:     245456 HIT:     221901 MISS:      23555 MSHR_MERGE:          0
cpu5->LLC TRANSLATION  ACCESS:          0 HIT:          0 MISS:          0 MSHR_MERGE:          0
cpu5->LLC PREFETCH REQUESTED:          0 ISSUED:          0 USEFUL:          0 USELESS:          0
cpu5->LLC AVERAGE MISS LATENCY: 1615 cycles
cpu6->LLC TOTAL        ACCESS:     593760 HIT:     386290 MISS:     207470 MSHR_MERGE:          0
cpu6->LLC LOAD         ACCESS:     323052 HIT:     156168 MISS:     166884 MSHR_MERGE:          0
cpu6->LLC RFO          ACCESS:      25224 HIT:       8399 MISS:      16825 MSHR_MERGE:          0
cpu6->LLC PREFETCH     ACCESS:          0 HIT:          0 MISS:          0 MSHR_MERGE:          0
cpu6->LLC WRITE        ACCESS:     245484 HIT:     221723 MISS:      23761 MSHR_MERGE:          0
cpu6->LLC TRANSLATION  ACCESS:          0 HIT:          0 MISS:          0 MSHR_MERGE:          0
cpu6->LLC PREFETCH REQUESTED:          0 ISSUED:          0 USEFUL:          0 USELESS:          0
cpu6->LLC AVERAGE MISS LATENCY: 1613 cycles
cpu7->LLC TOTAL        ACCESS:     594981 HIT:     387254 MISS:     207727 MSHR_MERGE:          0
cpu7->LLC LOAD         ACCESS:     323715 HIT:     157038 MISS:     166677 MSHR_MERGE:          0
cpu7->LLC RFO          ACCESS:      25279 HIT:       8431 MISS:      16848 MSHR_MERGE:          0
cpu7->LLC PREFETCH     ACCESS:          0 HIT:          0 MISS:          0 MSHR_MERGE:          0
cpu7->LLC WRITE        ACCESS:     245987 HIT:     221785 MISS:      24202 MSHR_MERGE:          0
cpu7->LLC TRANSLATION  ACCESS:          0 HIT:          0 MISS:          0 MSHR_MERGE:          0
cpu7->LLC PREFETCH REQUESTED:          0 ISSUED:          0 USEFUL:          0 USELESS:          0
cpu7->LLC AVERAGE MISS LATENCY: 1611 cycles

DRAM Statistics

Channel 0 READ REQS:     744262	WRITE REQS:     587064
  READS:     744186	READ_HITS:       2148
  WRITES:     587058	WRITE HITS:       1495
  ACTIVATES:    1327603	PRECHARGES:    1327601
  RQ FULL:          0	WQ FULL:          0
  WRITE DRAINS:      46325	FORCED:        302
  MEAN WRITE IMBALANCE: 1.0947868321640584
  READ OCCU PRE DRAIN: 0.02486778197517539	POST DRAIN: 2.536082029141932
  MEAN WLP: 8.050124123043712
  READ LATENCY: 54.14150494634406

Channel 1 READ REQS:     724996	WRITE REQS:     566797
  READS:     724927	READ_HITS:       1969
  WRITES:     566767	WRITE HITS:       1206
  ACTIVATES:    1288519	PRECHARGES:    1288519
  RQ FULL:          0	WQ FULL:          0
  WRITE DRAINS:      46984	FORCED:        297
  MEAN WRITE IMBALANCE: 1.0848161076111016
  READ OCCU PRE DRAIN: 0.02349736080367785	POST DRAIN: 2.309190362676656
  MEAN WLP: 7.479652647709859
  READ LATENCY: 53.252224017038955
WCACHE NON LRU EVICTS: 20898	TOTAL EVICTS: 1877583
