---------------------------------------
Begin Slurm Prolog: Apr-07-2025 19:29:33
Job ID:    3599846
User ID:   svittal8
Account:   gts-mqureshi4-rg
Job name:  wrap
Partition: cpu-small
QOS:       inferno
---------------------------------------
/var/lib/slurm/slurmd/job3599846/slurm_script: line 4: 2222096 Floating point exception./bin/bard_close TRACES/ctf/ligra/ligra_CF.com-lj.ungraph.gcc_6.3.0_O3.drop_154750M.length_250M.champsimtrace.xz TRACES/ctf/ligra/ligra_CF.com-lj.ungraph.gcc_6.3.0_O3.drop_154750M.length_250M.champsimtrace.xz TRACES/ctf/ligra/ligra_CF.com-lj.ungraph.gcc_6.3.0_O3.drop_154750M.length_250M.champsimtrace.xz TRACES/ctf/ligra/ligra_CF.com-lj.ungraph.gcc_6.3.0_O3.drop_154750M.length_250M.champsimtrace.xz TRACES/ctf/ligra/ligra_CF.com-lj.ungraph.gcc_6.3.0_O3.drop_154750M.length_250M.champsimtrace.xz TRACES/ctf/ligra/ligra_CF.com-lj.ungraph.gcc_6.3.0_O3.drop_154750M.length_250M.champsimtrace.xz TRACES/ctf/ligra/ligra_CF.com-lj.ungraph.gcc_6.3.0_O3.drop_154750M.length_250M.champsimtrace.xz TRACES/ctf/ligra/ligra_CF.com-lj.ungraph.gcc_6.3.0_O3.drop_154750M.length_250M.champsimtrace.xz --warmup-instructions 25000000 --simulation-instructions 100000000 --dram-page-policy 1 --bard-use-bitvector --bard-max-lookup 4
---------------------------------------
Begin Slurm Epilog: Apr-07-2025 19:29:33
Job ID:        3599846
User ID:       svittal8
Account:       gts-mqureshi4-rg
Job name:      wrap
Resources:     cpu=1,mem=4G,node=1
Rsrc Used:     cput=00:00:02,vmem=0,walltime=00:00:02,mem=22524K,energy_used=0
Partition:     cpu-small
QOS:           inferno
Nodes:         atl1-1-02-008-2-1
---------------------------------------
