[VMEM] WARNING: physical memory size is smaller than virtual memory size.

*** ChampSim Multicore Out-of-Order Simulator ***
Warmup Instructions: 25000000
Simulation Instructions: 25000000
Number of CPUs: 8
Page size: 2097152

initializing BARD -- num sampled sets: 64, modulus = 256
CL :	 16.64 ns
CWL :	 15.808 ns
tRP :	 16.224 ns
tRCD :	 16.224 ns
tRAS :	 32.032000000000004 ns
tRTP :	 7.904 ns
tWR :	 30.368000000000002 ns

tCCD_S :	 3.3280000000000003 ns
tCCD_S_WR :	 3.3280000000000003 ns
tCCD_S_WTR :	 22.048000000000002 ns
tCCD_L :	 5.408 ns
tCCD_L_WR :	 20.384 ns
tCCD_L_WTR :	 29.536 ns
tRRD_S :	 3.3280000000000003 ns
tRRD_L :	 5.408 ns
tFAW :	 13.728 ns
Address mapping (perm = 1) 	ch co bg bg bg ba ba co co co co co co ro ro ro ro ro ro ro ro ro ro ro ro ro ro ro 
dram queue size: R = 64 W = 48 (low:high is 9:39)
num evicts: 0, p: 0, s: 0 	 max proactive lookup: 16, max shadow lookup: 16
	evict counters: 128 128 128 128 128 128 128 128 128 128 128 128 128 128 128 128
	eager counters: 128 128 128 128 128 128 128 128 128 128 128 128 128 128 128 128
num evicts: 100000, p: 0, s: 23610 	 max proactive lookup: 9, max shadow lookup: 16
	evict counters: 150 145 146 146 140 136 132 128 128 127 128 128 127 128 121 125
	eager counters: 141 136 135 138 135 132 129 128 128 128 128 128 128 128 128 128
num evicts: 200000, p: 0, s: 49654 	 max proactive lookup: 12, max shadow lookup: 16
	evict counters: 172 172 178 152 161 151 141 139 138 135 130 130 121 123 111 116
	eager counters: 151 150 153 139 143 140 130 130 131 130 128 129 129 129 128 128
num evicts: 300000, p: 0, s: 80413 	 max proactive lookup: 12, max shadow lookup: 16
	evict counters: 191 199 200 174 179 171 165 157 156 145 136 134 122 115 109 111
	eager counters: 159 158 166 150 153 151 145 136 137 134 132 134 132 131 129 129
num evicts: 400000, p: 0, s: 113032 	 max proactive lookup: 12, max shadow lookup: 16
	evict counters: 216 221 236 184 202 185 180 169 170 157 147 135 119 122 112 112
	eager counters: 173 170 184 155 164 157 152 143 146 142 137 136 134 135 130 130
num evicts: 500000, p: 0, s: 154865 	 max proactive lookup: 12, max shadow lookup: 16
	evict counters: 242 241 255 199 221 203 188 190 192 163 159 147 124 130 11 113
	eager counters: 188 177 198 162 169 166 154 153 159 147 145 140 138 137 131 130
num evicts: 600000, p: 0, s: 196227 	 max proactive lookup: 13, max shadow lookup: 16
	evict counters: 255 255 255 219 233 219 212 202 208 179 164 153 133 127 16 118
	eager counters: 202 192 212 177 177 179 164 159 168 154 148 141 140 138 135 130
num evicts: 700000, p: 0, s: 237457 	 max proactive lookup: 14, max shadow lookup: 16
	evict counters: 255 255 255 238 252 229 225 223 227 198 180 159 136 131 21 117
	eager counters: 209 208 220 187 183 185 173 168 175 162 157 145 142 140 137 132
num evicts: 800000, p: 0, s: 280752 	 max proactive lookup: 14, max shadow lookup: 16
	evict counters: 255 255 255 255 255 251 247 239 243 214 194 165 145 136 16 112
	eager counters: 221 217 227 203 191 195 184 175 182 169 160 152 149 144 137 132
num evicts: 900000, p: 0, s: 324466 	 max proactive lookup: 14, max shadow lookup: 16
	evict counters: 255 255 255 255 255 255 255 255 254 221 203 169 153 136 29 116
	eager counters: 233 232 236 215 204 214 191 184 187 175 162 153 152 145 140 132
num evicts: 1000000, p: 0, s: 369060 	 max proactive lookup: 14, max shadow lookup: 16
	evict counters: 255 255 255 255 255 255 255 255 255 234 216 175 157 141 29 52
	eager counters: 251 244 246 226 211 220 204 191 194 182 171 154 155 148 141 133
num evicts: 1100000, p: 0, s: 414306 	 max proactive lookup: 14, max shadow lookup: 16
	evict counters: 255 255 255 255 255 255 255 255 255 248 224 194 159 144 32 43
	eager counters: 255 255 255 236 219 228 212 201 199 187 177 163 157 152 143 134
num evicts: 1200000, p: 0, s: 460648 	 max proactive lookup: 14, max shadow lookup: 16
	evict counters: 255 255 255 255 255 255 255 255 255 255 238 198 164 141 43 41
	eager counters: 255 255 255 248 231 243 222 208 205 194 180 166 158 152 145 135
num evicts: 1300000, p: 0, s: 506369 	 max proactive lookup: 14, max shadow lookup: 16
	evict counters: 255 255 255 255 255 255 255 255 255 255 253 208 169 135 51 41
	eager counters: 255 255 255 255 241 248 232 218 211 200 190 168 161 153 147 135
num evicts: 1400000, p: 0, s: 552678 	 max proactive lookup: 14, max shadow lookup: 16
	evict counters: 255 255 255 255 255 255 255 255 255 255 255 215 177 142 46 35
	eager counters: 255 255 255 255 254 255 245 226 219 206 194 171 164 157 147 135
num evicts: 1500000, p: 0, s: 601638 	 max proactive lookup: 14, max shadow lookup: 16
	evict counters: 255 255 255 255 255 255 255 255 255 255 254 225 177 154 41 8
	eager counters: 255 255 255 255 255 255 255 233 222 217 196 178 167 161 147 135
num evicts: 1600000, p: 0, s: 650846 	 max proactive lookup: 14, max shadow lookup: 16
	evict counters: 255 255 255 255 255 255 255 255 255 253 255 240 187 166 43 11
	eager counters: 255 255 255 255 255 255 255 239 228 224 196 184 171 166 147 136
num evicts: 1700000, p: 0, s: 697655 	 max proactive lookup: 14, max shadow lookup: 16
	evict counters: 255 255 255 255 255 255 255 255 255 255 255 241 194 168 45 10
	eager counters: 255 255 255 255 255 255 255 248 238 227 202 185 174 167 148 136
num evicts: 1800000, p: 0, s: 744176 	 max proactive lookup: 14, max shadow lookup: 16
	evict counters: 255 255 255 255 255 255 255 255 255 255 255 244 198 171 52 10
	eager counters: 255 255 255 255 255 255 255 251 242 233 209 189 177 167 150 136
num evicts: 1900000, p: 0, s: 790653 	 max proactive lookup: 14, max shadow lookup: 16
	evict counters: 255 255 255 255 255 255 255 255 255 255 255 255 208 170 59 8
	eager counters: 255 255 255 255 255 255 255 255 250 239 212 193 181 169 152 137
num evicts: 2000000, p: 0, s: 837833 	 max proactive lookup: 14, max shadow lookup: 16
	evict counters: 255 255 255 255 255 255 255 255 255 255 255 255 214 171 64 6
	eager counters: 255 255 255 255 255 255 255 255 255 248 217 195 183 170 154 137
num evicts: 2100000, p: 0, s: 882633 	 max proactive lookup: 14, max shadow lookup: 16
	evict counters: 255 255 255 255 255 255 255 255 255 255 255 254 208 174 72 0
	eager counters: 255 255 255 255 255 255 255 255 255 253 222 199 185 170 155 138
num evicts: 2200000, p: 0, s: 925916 	 max proactive lookup: 14, max shadow lookup: 16
	evict counters: 255 255 255 255 255 255 255 255 255 255 255 255 208 176 81 6
	eager counters: 255 255 255 255 255 255 255 255 255 255 225 210 189 172 155 139
num evicts: 2300000, p: 0, s: 970013 	 max proactive lookup: 14, max shadow lookup: 16
	evict counters: 255 255 255 255 255 255 255 255 255 255 255 255 216 180 77 5
	eager counters: 255 255 255 255 255 255 255 255 255 255 231 214 194 173 155 140
num evicts: 2400000, p: 0, s: 1016017 	 max proactive lookup: 14, max shadow lookup: 16
	evict counters: 255 255 255 255 255 255 255 255 255 255 255 255 223 187 80 1
	eager counters: 255 255 255 255 255 255 255 255 255 255 237 218 198 175 157 140
num evicts: 2500000, p: 0, s: 1062350 	 max proactive lookup: 14, max shadow lookup: 16
	evict counters: 255 255 255 255 255 255 255 255 255 255 255 255 233 187 59 3
	eager counters: 255 255 255 255 255 255 255 255 255 255 241 221 201 176 158 141
num evicts: 2600000, p: 0, s: 1108406 	 max proactive lookup: 14, max shadow lookup: 16
	evict counters: 255 255 255 255 255 255 255 255 255 255 253 254 243 190 59 3
	eager counters: 255 255 255 255 255 255 255 255 255 255 243 223 202 177 161 141
num evicts: 2700000, p: 0, s: 1153501 	 max proactive lookup: 14, max shadow lookup: 16
	evict counters: 255 255 255 255 255 255 255 255 255 255 255 255 247 195 64 3
	eager counters: 255 255 255 255 255 255 255 255 255 255 251 227 207 178 162 141
num evicts: 2800000, p: 0, s: 1198995 	 max proactive lookup: 14, max shadow lookup: 16
	evict counters: 255 255 255 255 255 255 255 255 255 255 255 255 244 202 70 3
	eager counters: 255 255 255 255 255 255 255 255 255 255 255 230 210 180 162 142
num evicts: 2900000, p: 0, s: 1244365 	 max proactive lookup: 14, max shadow lookup: 16
	evict counters: 255 255 255 255 255 255 255 255 255 255 255 253 250 206 77 7
	eager counters: 255 255 255 255 255 255 255 255 255 255 255 234 211 183 163 144
num evicts: 3000000, p: 0, s: 1290705 	 max proactive lookup: 14, max shadow lookup: 16
	evict counters: 255 255 255 255 255 255 255 255 255 255 255 254 255 209 75 3
	eager counters: 255 255 255 255 255 255 255 255 255 255 255 236 214 184 163 144
num evicts: 3100000, p: 0, s: 1332988 	 max proactive lookup: 14, max shadow lookup: 16
	evict counters: 255 255 255 255 255 255 255 255 255 255 255 255 255 215 70 5
	eager counters: 255 255 255 255 255 255 255 255 255 255 255 243 217 187 164 145
num evicts: 3200000, p: 0, s: 1373271 	 max proactive lookup: 14, max shadow lookup: 16
	evict counters: 255 255 255 255 255 255 255 255 255 255 253 254 255 220 68 4
	eager counters: 255 255 255 255 255 255 255 255 255 255 255 248 219 189 164 145
num evicts: 3300000, p: 0, s: 1415835 	 max proactive lookup: 14, max shadow lookup: 16
	evict counters: 255 255 255 255 255 255 255 255 255 255 255 254 255 231 68 7
	eager counters: 255 255 255 255 255 255 255 255 255 255 255 252 219 192 165 145
num evicts: 3400000, p: 0, s: 1458919 	 max proactive lookup: 14, max shadow lookup: 16
	evict counters: 255 255 255 255 255 255 255 255 255 255 255 255 252 233 66 9
	eager counters: 255 255 255 255 255 255 255 255 255 255 255 255 220 193 167 145
num evicts: 3500000, p: 0, s: 1501327 	 max proactive lookup: 14, max shadow lookup: 16
	evict counters: 255 255 255 255 255 255 255 255 255 255 255 255 253 235 71 10
	eager counters: 255 255 255 255 255 255 255 255 255 255 255 255 223 195 168 147
num evicts: 3600000, p: 0, s: 1543601 	 max proactive lookup: 14, max shadow lookup: 16
	evict counters: 255 255 255 255 255 255 255 255 255 255 255 255 255 233 71 2
	eager counters: 255 255 255 255 255 255 255 255 255 255 255 255 228 196 170 147
num evicts: 3700000, p: 0, s: 1586772 	 max proactive lookup: 14, max shadow lookup: 16
	evict counters: 255 255 255 255 255 255 255 255 255 255 255 255 255 237 66 1
	eager counters: 255 255 255 255 255 255 255 255 255 255 255 255 230 197 170 147
Heartbeat CPU 1 instructions: 10000003 cycles: 5967100 heartbeat IPC: 1.676 cumulative IPC: 1.676 (Simulation time: 00 hr 24 min 41 sec)
Heartbeat CPU 2 instructions: 10000003 cycles: 5968532 heartbeat IPC: 1.675 cumulative IPC: 1.675 (Simulation time: 00 hr 24 min 41 sec)
Heartbeat CPU 3 instructions: 10000003 cycles: 5969038 heartbeat IPC: 1.675 cumulative IPC: 1.675 (Simulation time: 00 hr 24 min 41 sec)
Heartbeat CPU 4 instructions: 10000003 cycles: 5969119 heartbeat IPC: 1.675 cumulative IPC: 1.675 (Simulation time: 00 hr 24 min 41 sec)
Heartbeat CPU 5 instructions: 10000003 cycles: 5969368 heartbeat IPC: 1.675 cumulative IPC: 1.675 (Simulation time: 00 hr 24 min 41 sec)
Heartbeat CPU 6 instructions: 10000003 cycles: 5969600 heartbeat IPC: 1.675 cumulative IPC: 1.675 (Simulation time: 00 hr 24 min 41 sec)
Heartbeat CPU 7 instructions: 10000003 cycles: 5969864 heartbeat IPC: 1.675 cumulative IPC: 1.675 (Simulation time: 00 hr 24 min 41 sec)
Heartbeat CPU 0 instructions: 10000003 cycles: 5970042 heartbeat IPC: 1.675 cumulative IPC: 1.675 (Simulation time: 00 hr 24 min 41 sec)
num evicts: 3800000, p: 0, s: 1631399 	 max proactive lookup: 14, max shadow lookup: 16
	evict counters: 255 255 255 255 255 255 255 255 255 255 255 255 251 244 66 5
	eager counters: 255 255 255 255 255 255 255 255 255 255 255 255 231 200 171 147
num evicts: 3900000, p: 0, s: 1675793 	 max proactive lookup: 14, max shadow lookup: 16
	evict counters: 255 255 255 255 255 255 255 255 255 255 255 255 255 245 80 3
	eager counters: 255 255 255 255 255 255 255 255 255 255 255 255 232 200 172 148
num evicts: 4000000, p: 0, s: 1720232 	 max proactive lookup: 14, max shadow lookup: 16
	evict counters: 255 255 255 255 255 255 255 255 255 255 255 255 255 247 89 5
	eager counters: 255 255 255 255 255 255 255 255 255 255 255 255 236 203 175 149
num evicts: 4100000, p: 0, s: 1765424 	 max proactive lookup: 14, max shadow lookup: 16
	evict counters: 255 255 255 255 255 255 255 255 255 255 254 254 255 248 89 4
	eager counters: 255 255 255 255 255 255 255 255 255 255 255 255 240 206 175 149
num evicts: 4200000, p: 0, s: 1811201 	 max proactive lookup: 14, max shadow lookup: 16
	evict counters: 255 255 255 255 255 255 255 255 255 255 255 254 255 252 92 6
	eager counters: 255 255 255 255 255 255 255 255 255 255 255 255 243 210 176 150
num evicts: 4300000, p: 0, s: 1855893 	 max proactive lookup: 14, max shadow lookup: 16
	evict counters: 255 255 255 255 255 255 255 255 255 255 254 255 254 253 94 6
	eager counters: 255 255 255 255 255 255 255 255 255 255 255 255 246 211 176 151
num evicts: 4400000, p: 0, s: 1900539 	 max proactive lookup: 14, max shadow lookup: 16
	evict counters: 255 255 255 255 255 255 255 255 255 255 254 253 253 255 93 10
	eager counters: 255 255 255 255 255 255 255 255 255 255 255 255 252 211 178 152
num evicts: 4500000, p: 0, s: 1945401 	 max proactive lookup: 14, max shadow lookup: 16
	evict counters: 255 255 255 255 255 255 255 255 255 254 255 252 254 254 102 6
	eager counters: 255 255 255 255 255 255 255 255 255 255 255 255 255 212 180 152
num evicts: 4600000, p: 0, s: 1990032 	 max proactive lookup: 14, max shadow lookup: 16
	evict counters: 255 255 255 255 255 255 255 255 255 254 255 255 255 252 58 1
	eager counters: 255 255 255 255 255 255 255 255 255 255 255 255 255 214 180 153
num evicts: 4700000, p: 0, s: 2035831 	 max proactive lookup: 14, max shadow lookup: 16
	evict counters: 255 255 255 255 255 255 255 255 255 255 255 255 255 251 54 0
	eager counters: 255 255 255 255 255 255 255 255 255 255 255 255 255 215 180 154
num evicts: 4800000, p: 0, s: 2082131 	 max proactive lookup: 14, max shadow lookup: 16
	evict counters: 255 255 255 255 255 255 255 255 255 255 255 255 251 253 50 5
	eager counters: 255 255 255 255 255 255 255 255 255 255 255 255 255 216 181 154
num evicts: 4900000, p: 0, s: 2128602 	 max proactive lookup: 14, max shadow lookup: 16
	evict counters: 255 255 255 255 255 255 255 255 255 255 255 255 254 251 47 11
	eager counters: 255 255 255 255 255 255 255 255 255 255 255 255 255 218 181 157
num evicts: 5000000, p: 0, s: 2175341 	 max proactive lookup: 14, max shadow lookup: 16
	evict counters: 255 255 255 255 255 255 255 255 255 255 255 255 253 254 50 13
	eager counters: 255 255 255 255 255 255 255 255 255 255 255 255 255 221 182 157
num evicts: 5100000, p: 0, s: 2221368 	 max proactive lookup: 14, max shadow lookup: 16
	evict counters: 255 255 255 255 255 255 255 255 255 254 255 254 254 255 49 17
	eager counters: 255 255 255 255 255 255 255 255 255 255 255 255 255 222 182 160
num evicts: 5200000, p: 0, s: 2268554 	 max proactive lookup: 14, max shadow lookup: 16
	evict counters: 255 255 255 255 255 255 255 255 255 255 255 255 254 255 53 10
	eager counters: 255 255 255 255 255 255 255 255 255 255 255 255 255 223 182 160
num evicts: 5300000, p: 0, s: 2316061 	 max proactive lookup: 14, max shadow lookup: 16
	evict counters: 255 255 255 255 255 255 255 255 255 255 255 253 255 255 56 3
	eager counters: 255 255 255 255 255 255 255 255 255 255 255 255 255 225 183 160
num evicts: 5400000, p: 0, s: 2363804 	 max proactive lookup: 14, max shadow lookup: 16
	evict counters: 255 255 255 255 255 255 255 255 255 255 255 255 255 255 59 1
	eager counters: 255 255 255 255 255 255 255 255 255 255 255 255 255 227 185 162
num evicts: 5500000, p: 0, s: 2410397 	 max proactive lookup: 14, max shadow lookup: 16
	evict counters: 255 255 255 255 255 255 255 255 255 255 255 255 255 254 58 4
	eager counters: 255 255 255 255 255 255 255 255 255 255 255 255 255 230 185 163
num evicts: 5600000, p: 0, s: 2457220 	 max proactive lookup: 14, max shadow lookup: 16
	evict counters: 255 255 255 255 255 255 255 255 255 255 255 253 254 255 62 5
	eager counters: 255 255 255 255 255 255 255 255 255 255 255 255 255 234 186 163
num evicts: 5700000, p: 0, s: 2504663 	 max proactive lookup: 14, max shadow lookup: 16
	evict counters: 255 255 255 255 255 255 255 255 255 255 255 255 253 254 66 7
	eager counters: 255 255 255 255 255 255 255 255 255 255 255 255 255 234 187 163
num evicts: 5800000, p: 0, s: 2551291 	 max proactive lookup: 14, max shadow lookup: 16
	evict counters: 255 255 255 255 255 255 255 255 255 255 255 254 254 253 68 3
	eager counters: 255 255 255 255 255 255 255 255 255 255 255 255 255 236 188 164
num evicts: 5900000, p: 0, s: 2597784 	 max proactive lookup: 14, max shadow lookup: 16
	evict counters: 255 255 255 255 255 255 255 255 255 255 255 253 254 250 69 1
	eager counters: 255 255 255 255 255 255 255 255 255 255 255 255 255 238 189 164
num evicts: 6000000, p: 0, s: 2645018 	 max proactive lookup: 14, max shadow lookup: 16
	evict counters: 255 255 255 255 255 255 255 255 255 254 253 253 255 252 78 13
	eager counters: 255 255 255 255 255 255 255 255 255 255 255 255 255 241 189 165
num evicts: 6100000, p: 0, s: 2691792 	 max proactive lookup: 14, max shadow lookup: 16
	evict counters: 255 255 255 255 255 255 255 255 255 255 255 252 255 254 78 5
	eager counters: 255 255 255 255 255 255 255 255 255 255 255 255 255 241 189 165
num evicts: 6200000, p: 0, s: 2738013 	 max proactive lookup: 14, max shadow lookup: 16
	evict counters: 255 255 255 255 255 255 255 255 255 255 255 255 254 254 85 3
	eager counters: 255 255 255 255 255 255 255 255 255 255 255 255 255 242 190 166
num evicts: 6300000, p: 0, s: 2784425 	 max proactive lookup: 14, max shadow lookup: 16
	evict counters: 255 255 255 255 255 255 255 255 255 255 255 255 254 254 88 0
	eager counters: 255 255 255 255 255 255 255 255 255 255 255 255 255 244 192 167
num evicts: 6400000, p: 0, s: 2831045 	 max proactive lookup: 14, max shadow lookup: 16
	evict counters: 255 255 255 255 255 255 255 255 255 255 254 254 255 254 85 7
	eager counters: 255 255 255 255 255 255 255 255 255 255 255 255 255 244 192 168
num evicts: 6500000, p: 0, s: 2877513 	 max proactive lookup: 14, max shadow lookup: 16
	evict counters: 255 255 255 255 255 255 255 255 255 255 255 254 255 254 86 9
	eager counters: 255 255 255 255 255 255 255 255 255 255 255 255 255 247 193 168
num evicts: 6600000, p: 0, s: 2923381 	 max proactive lookup: 14, max shadow lookup: 16
	evict counters: 255 255 255 255 255 255 255 255 255 255 254 254 254 255 83 8
	eager counters: 255 255 255 255 255 255 255 255 255 255 255 255 255 248 196 169
num evicts: 6700000, p: 0, s: 2969554 	 max proactive lookup: 14, max shadow lookup: 16
	evict counters: 255 255 255 255 255 255 255 255 255 255 255 255 254 250 86 10
	eager counters: 255 255 255 255 255 255 255 255 255 255 255 255 255 249 197 169
num evicts: 6800000, p: 0, s: 3015251 	 max proactive lookup: 14, max shadow lookup: 16
	evict counters: 255 255 255 255 255 255 255 255 255 255 255 254 255 255 96 7
	eager counters: 255 255 255 255 255 255 255 255 255 255 255 255 255 251 200 169
num evicts: 6900000, p: 0, s: 3061089 	 max proactive lookup: 14, max shadow lookup: 16
	evict counters: 255 255 255 255 255 255 255 255 255 255 255 255 255 255 101 7
	eager counters: 255 255 255 255 255 255 255 255 255 255 255 255 255 253 202 169
num evicts: 7000000, p: 0, s: 3108186 	 max proactive lookup: 14, max shadow lookup: 16
	evict counters: 255 255 255 255 255 255 255 255 255 255 254 253 255 254 97 2
	eager counters: 255 255 255 255 255 255 255 255 255 255 255 255 255 254 204 169
num evicts: 7100000, p: 0, s: 3154605 	 max proactive lookup: 14, max shadow lookup: 16
	evict counters: 255 255 255 255 255 255 255 255 255 254 255 252 253 255 93 3
	eager counters: 255 255 255 255 255 255 255 255 255 255 255 255 255 254 206 170
num evicts: 7200000, p: 0, s: 3200473 	 max proactive lookup: 14, max shadow lookup: 16
	evict counters: 255 255 255 255 255 255 255 255 255 255 255 255 252 254 95 7
	eager counters: 255 255 255 255 255 255 255 255 255 255 255 255 255 255 208 170
num evicts: 7300000, p: 0, s: 3248162 	 max proactive lookup: 14, max shadow lookup: 16
	evict counters: 255 255 255 255 255 255 255 255 255 255 255 255 253 252 97 5
	eager counters: 255 255 255 255 255 255 255 255 255 255 255 255 255 255 209 170
num evicts: 7400000, p: 0, s: 3296002 	 max proactive lookup: 14, max shadow lookup: 16
	evict counters: 255 255 255 255 255 255 255 255 255 255 254 255 255 253 102 5
	eager counters: 255 255 255 255 255 255 255 255 255 255 255 255 255 255 210 170
num evicts: 7500000, p: 0, s: 3341957 	 max proactive lookup: 14, max shadow lookup: 16
	evict counters: 255 255 255 255 255 255 255 255 255 255 254 255 254 255 105 3
	eager counters: 255 255 255 255 255 255 255 255 255 255 255 255 255 255 210 171
num evicts: 7600000, p: 0, s: 3388692 	 max proactive lookup: 14, max shadow lookup: 16
	evict counters: 255 255 255 255 255 255 255 255 255 255 255 255 255 254 112 9
	eager counters: 255 255 255 255 255 255 255 255 255 255 255 255 255 255 212 173
num evicts: 7700000, p: 0, s: 3434455 	 max proactive lookup: 14, max shadow lookup: 16
	evict counters: 255 255 255 255 255 255 255 255 255 254 255 255 254 253 112 6
	eager counters: 255 255 255 255 255 255 255 255 255 255 255 255 255 255 214 173
Heartbeat CPU 1 instructions: 20000003 cycles: 11967244 heartbeat IPC: 1.667 cumulative IPC: 1.671 (Simulation time: 00 hr 49 min 31 sec)
Heartbeat CPU 2 instructions: 20000003 cycles: 11968557 heartbeat IPC: 1.667 cumulative IPC: 1.671 (Simulation time: 00 hr 49 min 31 sec)
Heartbeat CPU 3 instructions: 20000003 cycles: 11968966 heartbeat IPC: 1.667 cumulative IPC: 1.671 (Simulation time: 00 hr 49 min 31 sec)
Heartbeat CPU 4 instructions: 20000003 cycles: 11969326 heartbeat IPC: 1.667 cumulative IPC: 1.671 (Simulation time: 00 hr 49 min 31 sec)
Heartbeat CPU 5 instructions: 20000003 cycles: 11969535 heartbeat IPC: 1.667 cumulative IPC: 1.671 (Simulation time: 00 hr 49 min 31 sec)
Heartbeat CPU 6 instructions: 20000003 cycles: 11969727 heartbeat IPC: 1.667 cumulative IPC: 1.671 (Simulation time: 00 hr 49 min 31 sec)
Heartbeat CPU 7 instructions: 20000003 cycles: 11970017 heartbeat IPC: 1.667 cumulative IPC: 1.671 (Simulation time: 00 hr 49 min 31 sec)
Heartbeat CPU 0 instructions: 20000003 cycles: 11970202 heartbeat IPC: 1.667 cumulative IPC: 1.671 (Simulation time: 00 hr 49 min 31 sec)
num evicts: 7800000, p: 0, s: 3480972 	 max proactive lookup: 14, max shadow lookup: 16
	evict counters: 255 255 255 255 255 255 255 255 255 254 255 252 255 254 112 0
	eager counters: 255 255 255 255 255 255 255 255 255 255 255 255 255 255 215 173
num evicts: 7900000, p: 0, s: 3528724 	 max proactive lookup: 14, max shadow lookup: 16
	evict counters: 255 255 255 255 255 255 255 255 255 255 255 254 254 254 116 5
	eager counters: 255 255 255 255 255 255 255 255 255 255 255 255 255 255 217 174
num evicts: 8000000, p: 0, s: 3575025 	 max proactive lookup: 14, max shadow lookup: 16
	evict counters: 255 255 255 255 255 255 255 255 255 255 255 255 255 253 122 1
	eager counters: 255 255 255 255 255 255 255 255 255 255 255 255 255 255 219 174
num evicts: 8100000, p: 0, s: 3622270 	 max proactive lookup: 14, max shadow lookup: 16
	evict counters: 255 255 255 255 255 255 255 255 255 255 255 253 255 255 121 0
	eager counters: 255 255 255 255 255 255 255 255 255 255 255 255 255 255 220 176
num evicts: 8200000, p: 0, s: 3669062 	 max proactive lookup: 14, max shadow lookup: 16
	evict counters: 255 255 255 255 255 255 255 255 255 254 254 255 255 254 124 0
	eager counters: 255 255 255 255 255 255 255 255 255 255 255 255 255 255 221 177
num evicts: 8300000, p: 0, s: 3714744 	 max proactive lookup: 15, max shadow lookup: 16
	evict counters: 255 255 255 255 255 255 255 255 255 255 255 255 255 253 133 1
	eager counters: 255 255 255 255 255 255 255 255 255 255 255 255 255 255 224 178
num evicts: 8400000, p: 0, s: 3762021 	 max proactive lookup: 14, max shadow lookup: 16
	evict counters: 255 255 255 255 255 255 255 255 255 255 255 254 255 255 124 2
	eager counters: 255 255 255 255 255 255 255 255 255 255 255 255 255 255 226 178
num evicts: 8500000, p: 0, s: 3808845 	 max proactive lookup: 14, max shadow lookup: 16
	evict counters: 255 255 255 255 255 255 255 255 255 255 255 254 253 250 125 5
	eager counters: 255 255 255 255 255 255 255 255 255 255 255 255 255 255 227 178
num evicts: 8600000, p: 0, s: 3855345 	 max proactive lookup: 15, max shadow lookup: 16
	evict counters: 255 255 255 255 255 255 255 255 255 255 254 253 254 252 135 5
	eager counters: 255 255 255 255 255 255 255 255 255 255 255 255 255 255 228 178
num evicts: 8700000, p: 0, s: 3902442 	 max proactive lookup: 15, max shadow lookup: 16
	evict counters: 255 255 255 255 255 255 255 255 255 254 255 253 255 254 132 2
	eager counters: 255 255 255 255 255 255 255 255 255 255 255 255 255 255 228 179
num evicts: 8800000, p: 0, s: 3948833 	 max proactive lookup: 15, max shadow lookup: 16
	evict counters: 255 255 255 255 255 255 255 255 255 255 254 255 255 252 135 0
	eager counters: 255 255 255 255 255 255 255 255 255 255 255 255 255 255 231 179
num evicts: 8900000, p: 0, s: 3990905 	 max proactive lookup: 15, max shadow lookup: 16
	evict counters: 255 255 255 255 255 255 255 255 255 255 255 254 255 254 130 4
	eager counters: 255 255 255 255 255 255 255 255 255 255 255 255 255 255 235 180
num evicts: 9000000, p: 0, s: 4034194 	 max proactive lookup: 15, max shadow lookup: 16
	evict counters: 255 255 255 255 255 255 255 255 255 255 255 255 254 253 138 1
	eager counters: 255 255 255 255 255 255 255 255 255 255 255 255 255 255 237 180
num evicts: 9100000, p: 0, s: 4077995 	 max proactive lookup: 15, max shadow lookup: 16
	evict counters: 255 255 255 255 255 255 255 255 255 255 255 255 255 255 146 5
	eager counters: 255 255 255 255 255 255 255 255 255 255 255 255 255 255 238 180
num evicts: 9200000, p: 0, s: 4119694 	 max proactive lookup: 15, max shadow lookup: 16
	evict counters: 255 255 255 255 255 255 255 255 255 255 254 255 255 255 145 7
	eager counters: 255 255 255 255 255 255 255 255 255 255 255 255 255 255 239 180
num evicts: 9300000, p: 0, s: 4165895 	 max proactive lookup: 15, max shadow lookup: 16
	evict counters: 255 255 255 255 255 255 255 255 255 255 254 255 255 255 149 7
	eager counters: 255 255 255 255 255 255 255 255 255 255 255 255 255 255 241 180
num evicts: 9400000, p: 0, s: 4208718 	 max proactive lookup: 15, max shadow lookup: 16
	evict counters: 255 255 255 255 255 255 255 255 255 255 254 254 251 255 154 6
	eager counters: 255 255 255 255 255 255 255 255 255 255 255 255 255 255 242 181
num evicts: 9500000, p: 0, s: 4248041 	 max proactive lookup: 15, max shadow lookup: 16
	evict counters: 255 255 255 255 255 255 255 255 255 255 255 254 253 255 160 1
	eager counters: 255 255 255 255 255 255 255 255 255 255 255 255 255 255 243 181
num evicts: 9600000, p: 0, s: 4287464 	 max proactive lookup: 15, max shadow lookup: 16
	evict counters: 255 255 255 255 255 255 255 255 255 255 255 255 254 255 157 1
	eager counters: 255 255 255 255 255 255 255 255 255 255 255 255 255 255 243 182
num evicts: 9700000, p: 0, s: 4328438 	 max proactive lookup: 15, max shadow lookup: 16
	evict counters: 255 255 255 255 255 255 255 255 255 255 255 255 255 250 164 2
	eager counters: 255 255 255 255 255 255 255 255 255 255 255 255 255 255 245 182
Warmup finished CPU 1 instructions: 25000003 cycles: 14967396 cumulative IPC: 1.67 (Simulation time: 01 hr 02 min 05 sec)
Warmup finished CPU 2 instructions: 25000003 cycles: 14968597 cumulative IPC: 1.67 (Simulation time: 01 hr 02 min 05 sec)
Warmup finished CPU 3 instructions: 25000003 cycles: 14968950 cumulative IPC: 1.67 (Simulation time: 01 hr 02 min 05 sec)
Warmup finished CPU 4 instructions: 25000003 cycles: 14969374 cumulative IPC: 1.67 (Simulation time: 01 hr 02 min 05 sec)
Warmup finished CPU 5 instructions: 25000003 cycles: 14969528 cumulative IPC: 1.67 (Simulation time: 01 hr 02 min 05 sec)
Warmup finished CPU 6 instructions: 25000003 cycles: 14969791 cumulative IPC: 1.67 (Simulation time: 01 hr 02 min 05 sec)
Warmup finished CPU 7 instructions: 25000003 cycles: 14970104 cumulative IPC: 1.67 (Simulation time: 01 hr 02 min 05 sec)
Warmup finished CPU 0 instructions: 25000003 cycles: 14970283 cumulative IPC: 1.67 (Simulation time: 01 hr 02 min 05 sec)
Warmup complete CPU 7 instructions: 25000293 cycles: 14970283 cumulative IPC: 1.67 (Simulation time: 01 hr 02 min 05 sec)
Warmup complete CPU 6 instructions: 25000813 cycles: 14970283 cumulative IPC: 1.67 (Simulation time: 01 hr 02 min 05 sec)
Warmup complete CPU 5 instructions: 25001253 cycles: 14970283 cumulative IPC: 1.67 (Simulation time: 01 hr 02 min 05 sec)
Warmup complete CPU 4 instructions: 25001503 cycles: 14970283 cumulative IPC: 1.67 (Simulation time: 01 hr 02 min 05 sec)
Warmup complete CPU 3 instructions: 25002213 cycles: 14970283 cumulative IPC: 1.67 (Simulation time: 01 hr 02 min 05 sec)
Warmup complete CPU 2 instructions: 25002813 cycles: 14970283 cumulative IPC: 1.67 (Simulation time: 01 hr 02 min 05 sec)
Warmup complete CPU 1 instructions: 25004813 cycles: 14970283 cumulative IPC: 1.67 (Simulation time: 01 hr 02 min 05 sec)
Warmup complete CPU 0 instructions: 25000003 cycles: 14970283 cumulative IPC: 1.67 (Simulation time: 01 hr 02 min 05 sec)
num evicts: 9800000, p: 0, s: 4368339 	 max proactive lookup: 15, max shadow lookup: 16
	evict counters: 255 255 255 255 255 255 255 255 255 255 255 255 255 255 164 5
	eager counters: 255 255 255 255 255 255 255 255 255 255 255 255 255 255 245 183
num evicts: 9900000, p: 0, s: 4409802 	 max proactive lookup: 15, max shadow lookup: 16
	evict counters: 255 255 255 255 255 255 255 255 255 254 255 255 254 255 169 4
	eager counters: 255 255 255 255 255 255 255 255 255 255 255 255 255 255 246 183
num evicts: 10000000, p: 0, s: 4454369 	 max proactive lookup: 15, max shadow lookup: 16
	evict counters: 255 255 255 255 255 255 255 255 255 255 255 255 253 253 180 6
	eager counters: 255 255 255 255 255 255 255 255 255 255 255 255 255 255 247 183
num evicts: 10100000, p: 0, s: 4498037 	 max proactive lookup: 15, max shadow lookup: 16
	evict counters: 255 255 255 255 255 255 255 255 255 255 255 255 255 255 178 6
	eager counters: 255 255 255 255 255 255 255 255 255 255 255 255 255 255 247 184
num evicts: 10200000, p: 0, s: 4543570 	 max proactive lookup: 15, max shadow lookup: 16
	evict counters: 255 255 255 255 255 255 255 255 255 254 255 252 255 255 178 12
	eager counters: 255 255 255 255 255 255 255 255 255 255 255 255 255 255 247 184
num evicts: 10300000, p: 0, s: 4590049 	 max proactive lookup: 15, max shadow lookup: 16
	evict counters: 255 255 255 255 255 255 255 255 255 255 255 255 253 255 179 5
	eager counters: 255 255 255 255 255 255 255 255 255 255 255 255 255 255 249 186
num evicts: 10400000, p: 0, s: 4633662 	 max proactive lookup: 15, max shadow lookup: 16
	evict counters: 255 255 255 255 255 255 255 255 255 255 255 252 252 255 190 2
	eager counters: 255 255 255 255 255 255 255 255 255 255 255 255 255 255 249 186
num evicts: 10500000, p: 0, s: 4674866 	 max proactive lookup: 15, max shadow lookup: 16
	evict counters: 255 255 255 255 255 255 255 255 255 255 255 255 255 253 192 1
	eager counters: 255 255 255 255 255 255 255 255 255 255 255 255 255 255 249 186
num evicts: 10600000, p: 0, s: 4716988 	 max proactive lookup: 15, max shadow lookup: 16
	evict counters: 255 255 255 255 255 255 255 255 255 255 254 254 254 255 186 0
	eager counters: 255 255 255 255 255 255 255 255 255 255 255 255 255 255 250 187
num evicts: 10700000, p: 0, s: 4759552 	 max proactive lookup: 15, max shadow lookup: 16
	evict counters: 255 255 255 255 255 255 255 255 255 254 252 255 255 254 193 0
	eager counters: 255 255 255 255 255 255 255 255 255 255 255 255 255 255 252 187
num evicts: 10800000, p: 0, s: 4800683 	 max proactive lookup: 15, max shadow lookup: 16
	evict counters: 255 255 255 255 255 255 255 255 255 255 255 255 254 253 192 9
	eager counters: 255 255 255 255 255 255 255 255 255 255 255 255 255 255 252 188
num evicts: 10900000, p: 0, s: 4843403 	 max proactive lookup: 15, max shadow lookup: 16
	evict counters: 255 255 255 255 255 255 255 255 255 255 254 255 255 255 185 9
	eager counters: 255 255 255 255 255 255 255 255 255 255 255 255 255 255 252 188
num evicts: 11000000, p: 0, s: 4888866 	 max proactive lookup: 15, max shadow lookup: 16
	evict counters: 255 255 255 255 255 255 255 255 255 255 255 255 255 253 194 7
	eager counters: 255 255 255 255 255 255 255 255 255 255 255 255 255 255 254 188
num evicts: 11100000, p: 0, s: 4933978 	 max proactive lookup: 15, max shadow lookup: 16
	evict counters: 255 255 255 255 255 255 255 255 255 255 255 255 252 249 200 7
	eager counters: 255 255 255 255 255 255 255 255 255 255 255 255 255 255 255 189
num evicts: 11200000, p: 0, s: 4978505 	 max proactive lookup: 15, max shadow lookup: 16
	evict counters: 255 255 255 255 255 255 255 255 255 255 255 255 252 254 198 8
	eager counters: 255 255 255 255 255 255 255 255 255 255 255 255 255 255 255 189
num evicts: 11300000, p: 0, s: 5021924 	 max proactive lookup: 15, max shadow lookup: 16
	evict counters: 255 255 255 255 255 255 255 255 255 255 255 253 254 255 195 4
	eager counters: 255 255 255 255 255 255 255 255 255 255 255 255 255 255 255 189
num evicts: 11400000, p: 0, s: 5066252 	 max proactive lookup: 15, max shadow lookup: 16
	evict counters: 255 255 255 255 255 255 255 255 255 255 255 253 254 253 196 3
	eager counters: 255 255 255 255 255 255 255 255 255 255 255 255 255 255 255 189
num evicts: 11500000, p: 0, s: 5107826 	 max proactive lookup: 15, max shadow lookup: 16
	evict counters: 255 255 255 255 255 255 255 255 255 255 255 255 253 253 202 1
	eager counters: 255 255 255 255 255 255 255 255 255 255 255 255 255 255 255 189
num evicts: 11600000, p: 0, s: 5150696 	 max proactive lookup: 15, max shadow lookup: 16
	evict counters: 255 255 255 255 255 255 255 255 255 255 254 254 255 254 209 0
	eager counters: 255 255 255 255 255 255 255 255 255 255 255 255 255 255 255 189
num evicts: 11700000, p: 0, s: 5194567 	 max proactive lookup: 15, max shadow lookup: 16
	evict counters: 255 255 255 255 255 255 255 255 255 254 255 255 255 251 213 3
	eager counters: 255 255 255 255 255 255 255 255 255 255 255 255 255 255 255 189
Heartbeat CPU 5 instructions: 30000004 cycles: 38171509 heartbeat IPC: 0.3817 cumulative IPC: 0.2155 (Simulation time: 01 hr 44 min 57 sec)
Heartbeat CPU 1 instructions: 30000004 cycles: 38212570 heartbeat IPC: 0.381 cumulative IPC: 0.2149 (Simulation time: 01 hr 45 min 01 sec)
Heartbeat CPU 7 instructions: 30000004 cycles: 38354338 heartbeat IPC: 0.379 cumulative IPC: 0.2138 (Simulation time: 01 hr 45 min 16 sec)
Heartbeat CPU 3 instructions: 30000004 cycles: 38359601 heartbeat IPC: 0.3789 cumulative IPC: 0.2137 (Simulation time: 01 hr 45 min 16 sec)
Heartbeat CPU 4 instructions: 30000004 cycles: 38378884 heartbeat IPC: 0.3787 cumulative IPC: 0.2135 (Simulation time: 01 hr 45 min 18 sec)
Heartbeat CPU 0 instructions: 30000004 cycles: 38416237 heartbeat IPC: 0.3781 cumulative IPC: 0.2133 (Simulation time: 01 hr 45 min 22 sec)
Heartbeat CPU 2 instructions: 30000004 cycles: 38441376 heartbeat IPC: 0.3777 cumulative IPC: 0.2129 (Simulation time: 01 hr 45 min 25 sec)
Heartbeat CPU 6 instructions: 30000004 cycles: 38517662 heartbeat IPC: 0.3767 cumulative IPC: 0.2123 (Simulation time: 01 hr 45 min 33 sec)
num evicts: 11800000, p: 0, s: 5236892 	 max proactive lookup: 15, max shadow lookup: 16
	evict counters: 255 255 255 255 255 255 255 255 255 255 255 255 254 255 213 6
	eager counters: 255 255 255 255 255 255 255 255 255 255 255 255 255 255 255 189
num evicts: 11900000, p: 0, s: 5278615 	 max proactive lookup: 15, max shadow lookup: 16
	evict counters: 255 255 255 255 255 255 255 255 255 255 255 255 253 255 213 6
	eager counters: 255 255 255 255 255 255 255 255 255 255 255 255 255 255 255 189
num evicts: 12000000, p: 0, s: 5317421 	 max proactive lookup: 15, max shadow lookup: 16
	evict counters: 255 255 255 255 255 255 255 255 255 255 255 254 255 252 222 1
	eager counters: 255 255 255 255 255 255 255 255 255 255 255 255 255 255 255 189
num evicts: 12100000, p: 0, s: 5353745 	 max proactive lookup: 15, max shadow lookup: 16
	evict counters: 255 255 255 255 255 255 255 255 255 255 255 255 252 248 228 2
	eager counters: 255 255 255 255 255 255 255 255 255 255 255 255 255 255 255 189
num evicts: 12200000, p: 0, s: 5390162 	 max proactive lookup: 15, max shadow lookup: 16
	evict counters: 255 255 255 255 255 255 255 255 255 255 255 255 255 254 228 2
	eager counters: 255 255 255 255 255 255 255 255 255 255 255 255 255 255 255 190
num evicts: 12300000, p: 0, s: 5422633 	 max proactive lookup: 15, max shadow lookup: 16
	evict counters: 255 255 255 255 255 255 255 255 255 255 255 254 255 254 225 6
	eager counters: 255 255 255 255 255 255 255 255 255 255 255 255 255 255 255 190
num evicts: 12400000, p: 0, s: 5454688 	 max proactive lookup: 15, max shadow lookup: 16
	evict counters: 255 255 255 255 255 255 255 255 255 255 255 254 255 254 231 5
	eager counters: 255 255 255 255 255 255 255 255 255 255 255 255 255 255 255 190
num evicts: 12500000, p: 0, s: 5488953 	 max proactive lookup: 15, max shadow lookup: 16
	evict counters: 255 255 255 255 255 255 255 255 255 255 255 255 255 254 233 4
	eager counters: 255 255 255 255 255 255 255 255 255 255 255 255 255 255 255 190
num evicts: 12600000, p: 0, s: 5528133 	 max proactive lookup: 15, max shadow lookup: 16
	evict counters: 255 255 255 255 255 255 255 255 255 255 255 255 255 255 226 2
	eager counters: 255 255 255 255 255 255 255 255 255 255 255 255 255 255 255 190
num evicts: 12700000, p: 0, s: 5569386 	 max proactive lookup: 15, max shadow lookup: 16
	evict counters: 255 255 255 255 255 255 255 255 255 255 255 255 253 254 225 0
	eager counters: 255 255 255 255 255 255 255 255 255 255 255 255 255 255 255 191
num evicts: 12800000, p: 0, s: 5610183 	 max proactive lookup: 15, max shadow lookup: 16
	evict counters: 255 255 255 255 255 255 255 255 255 255 254 255 254 247 214 3
	eager counters: 255 255 255 255 255 255 255 255 255 255 255 255 255 255 255 191
num evicts: 12900000, p: 0, s: 5649144 	 max proactive lookup: 15, max shadow lookup: 16
	evict counters: 255 255 255 255 255 255 255 255 255 255 254 255 252 245 215 2
	eager counters: 255 255 255 255 255 255 255 255 255 255 255 255 255 255 255 191
num evicts: 13000000, p: 0, s: 5688964 	 max proactive lookup: 15, max shadow lookup: 16
	evict counters: 255 255 255 255 255 255 255 255 255 255 255 254 253 252 212 0
	eager counters: 255 255 255 255 255 255 255 255 255 255 255 255 255 255 255 191
num evicts: 13100000, p: 0, s: 5735176 	 max proactive lookup: 15, max shadow lookup: 16
	evict counters: 255 255 255 255 255 255 255 255 255 255 255 250 255 253 216 1
	eager counters: 255 255 255 255 255 255 255 255 255 255 255 255 255 255 255 191
num evicts: 13200000, p: 0, s: 5779872 	 max proactive lookup: 15, max shadow lookup: 16
	evict counters: 255 255 255 255 255 255 255 255 255 255 255 254 254 255 223 2
	eager counters: 255 255 255 255 255 255 255 255 255 255 255 255 255 255 255 191
num evicts: 13300000, p: 0, s: 5824559 	 max proactive lookup: 15, max shadow lookup: 16
	evict counters: 255 255 255 255 255 255 255 255 255 255 255 255 254 248 221 4
	eager counters: 255 255 255 255 255 255 255 255 255 255 255 255 255 255 255 191
num evicts: 13400000, p: 0, s: 5866136 	 max proactive lookup: 15, max shadow lookup: 16
	evict counters: 255 255 255 255 255 255 255 255 255 255 255 255 252 251 214 4
	eager counters: 255 255 255 255 255 255 255 255 255 255 255 255 255 255 255 191
num evicts: 13500000, p: 0, s: 5910735 	 max proactive lookup: 15, max shadow lookup: 16
	evict counters: 255 255 255 255 255 255 255 255 255 255 255 255 254 254 209 10
	eager counters: 255 255 255 255 255 255 255 255 255 255 255 255 255 255 255 191
num evicts: 13600000, p: 0, s: 5948368 	 max proactive lookup: 15, max shadow lookup: 16
	evict counters: 255 255 255 255 255 255 255 255 255 255 255 254 255 250 215 1
	eager counters: 255 255 255 255 255 255 255 255 255 255 255 255 255 255 255 191
num evicts: 13700000, p: 0, s: 5984688 	 max proactive lookup: 15, max shadow lookup: 16
	evict counters: 255 255 255 255 255 255 255 255 255 255 254 253 255 251 217 5
	eager counters: 255 255 255 255 255 255 255 255 255 255 255 255 255 255 255 191
num evicts: 13800000, p: 0, s: 6022752 	 max proactive lookup: 15, max shadow lookup: 16
	evict counters: 255 255 255 255 255 255 255 255 255 255 255 255 250 251 207 7
	eager counters: 255 255 255 255 255 255 255 255 255 255 255 255 255 255 255 191
num evicts: 13900000, p: 0, s: 6061026 	 max proactive lookup: 15, max shadow lookup: 16
	evict counters: 255 255 255 255 255 255 255 255 255 255 254 255 252 254 198 2
	eager counters: 255 255 255 255 255 255 255 255 255 255 255 255 255 255 255 191
num evicts: 14000000, p: 0, s: 6097766 	 max proactive lookup: 15, max shadow lookup: 16
	evict counters: 255 255 255 255 255 255 255 255 255 255 255 255 254 254 190 11
	eager co