[VMEM] WARNING: physical memory size is smaller than virtual memory size.

*** ChampSim Multicore Out-of-Order Simulator ***
Warmup Instructions: 25000000
Simulation Instructions: 25000000
Number of CPUs: 8
Page size: 2097152

initializing BARD -- num sampled sets: 64, modulus = 256
CL :	 16.64 ns
CWL :	 15.808 ns
tRP :	 16.224 ns
tRCD :	 16.224 ns
tRAS :	 32.032000000000004 ns
tRTP :	 7.904 ns
tWR :	 30.368000000000002 ns

tCCD_S :	 3.3280000000000003 ns
tCCD_S_WR :	 3.3280000000000003 ns
tCCD_S_WTR :	 22.048000000000002 ns
tCCD_L :	 5.408 ns
tCCD_L_WR :	 20.384 ns
tCCD_L_WTR :	 29.536 ns
tRRD_S :	 3.3280000000000003 ns
tRRD_L :	 5.408 ns
tFAW :	 13.728 ns
Address mapping (perm = 1) 	ch co bg bg bg ba ba co co co co co co ro ro ro ro ro ro ro ro ro ro ro ro ro ro ro 
dram queue size: R = 64 W = 48 (low:high is 9:39)
num evicts: 0, p: 0, s: 0 	 max proactive lookup: 16, max shadow lookup: 16
	evict counters: 128 128 128 128 128 128 128 128 128 128 128 128 128 128 128 128
	eager counters: 128 128 128 128 128 128 128 128 128 128 128 128 128 128 128 128
num evicts: 100000, p: 0, s: 6275 	 max proactive lookup: 10, max shadow lookup: 16
	evict counters: 147 151 146 137 138 134 132 129 128 128 127 125 124 117 119 119
	eager counters: 131 133 129 129 129 128 128 128 128 128 128 128 128 128 128 128
num evicts: 200000, p: 0, s: 26434 	 max proactive lookup: 12, max shadow lookup: 16
	evict counters: 175 182 171 158 157 148 146 144 137 132 133 132 126 110 113 113
	eager counters: 141 145 139 135 133 135 132 133 129 131 129 133 128 128 128 128
num evicts: 300000, p: 0, s: 50206 	 max proactive lookup: 13, max shadow lookup: 16
	evict counters: 201 204 193 178 179 166 170 155 151 146 139 139 128 107 121 115
	eager counters: 145 155 149 140 138 139 141 136 137 137 131 134 129 128 130 131
num evicts: 400000, p: 0, s: 73059 	 max proactive lookup: 13, max shadow lookup: 16
	evict counters: 241 228 217 198 199 176 187 175 164 160 145 144 136 114 123 117
	eager counters: 157 160 154 150 145 141 146 143 143 139 135 137 130 131 131 131
num evicts: 500000, p: 0, s: 101805 	 max proactive lookup: 13, max shadow lookup: 16
	evict counters: 255 255 238 218 220 197 208 193 177 171 163 151 144 125 119 121
	eager counters: 163 170 163 160 152 147 153 147 147 143 141 138 131 132 131 132
num evicts: 600000, p: 0, s: 131579 	 max proactive lookup: 14, max shadow lookup: 16
	evict counters: 255 255 255 239 242 217 226 207 183 180 183 153 154 128 122 123
	eager counters: 173 174 169 168 159 155 161 152 150 144 147 138 131 132 131 132
num evicts: 700000, p: 0, s: 161391 	 max proactive lookup: 15, max shadow lookup: 16
	evict counters: 255 255 255 255 255 235 234 223 202 194 190 169 159 131 129 121
	eager counters: 178 179 176 173 170 160 163 156 157 148 150 140 131 133 131 132
num evicts: 800000, p: 0, s: 191298 	 max proactive lookup: 16, max shadow lookup: 16
	evict counters: 255 255 255 255 255 255 246 235 220 201 202 179 164 129 131 133
	eager counters: 183 186 185 179 174 167 167 162 165 152 151 142 134 133 132 132
num evicts: 900000, p: 0, s: 222908 	 max proactive lookup: 16, max shadow lookup: 16
	evict counters: 255 255 255 255 255 255 255 253 232 218 212 189 173 134 133 138
	eager counters: 191 197 193 183 181 175 170 167 171 157 154 148 137 133 132 133
num evicts: 1000000, p: 0, s: 253503 	 max proactive lookup: 16, max shadow lookup: 16
	evict counters: 255 255 255 255 255 255 255 255 248 232 222 196 187 146 135 133
	eager counters: 200 208 200 192 185 181 176 171 173 159 161 149 142 134 134 133
num evicts: 1100000, p: 0, s: 284515 	 max proactive lookup: 16, max shadow lookup: 16
	evict counters: 255 255 255 255 255 255 255 255 255 240 229 204 196 160 138 132
	eager counters: 207 215 212 196 191 190 182 176 179 160 162 153 143 135 135 133
num evicts: 1200000, p: 0, s: 315428 	 max proactive lookup: 16, max shadow lookup: 16
	evict counters: 255 255 255 255 255 255 255 255 255 250 236 208 204 173 144 133
	eager counters: 214 224 221 200 199 195 187 179 185 163 165 156 145 136 135 133
num evicts: 1300000, p: 0, s: 345590 	 max proactive lookup: 16, max shadow lookup: 16
	evict counters: 255 255 255 255 255 255 255 255 255 255 244 213 211 177 153 144
	eager counters: 222 229 230 205 207 198 190 187 192 164 168 158 146 137 136 134
num evicts: 1400000, p: 0, s: 376484 	 max proactive lookup: 16, max shadow lookup: 16
	evict counters: 255 255 255 255 255 255 255 255 255 255 255 229 213 182 166 146
	eager counters: 232 237 239 212 212 199 191 192 195 169 169 163 148 139 137 135
num evicts: 1500000, p: 0, s: 407099 	 max proactive lookup: 16, max shadow lookup: 16
	evict counters: 255 255 255 255 255 255 255 255 255 255 255 240 220 183 164 153
	eager counters: 237 249 247 221 215 203 197 194 199 172 173 167 148 139 138 136
num evicts: 1600000, p: 0, s: 437845 	 max proactive lookup: 16, max shadow lookup: 16
	evict counters: 255 255 255 255 255 255 255 255 255 255 254 255 220 191 171 160
	eager counters: 248 255 253 227 221 205 202 199 207 177 177 168 148 140 138 136
num evicts: 1700000, p: 0, s: 469858 	 max proactive lookup: 16, max shadow lookup: 16
	evict counters: 255 255 255 255 255 255 255 255 255 255 252 255 225 199 180 163
	eager counters: 255 255 255 236 226 211 206 204 209 180 178 172 151 141 138 136
num evicts: 1800000, p: 0, s: 501476 	 max proactive lookup: 16, max shadow lookup: 16
	evict counters: 255 255 255 255 255 255 255 255 255 255 255 254 231 205 187 173
	eager counters: 255 255 255 244 235 214 210 212 216 184 179 175 152 142 139 136
num evicts: 1900000, p: 0, s: 533406 	 max proactive lookup: 16, max shadow lookup: 16
	evict counters: 255 255 255 255 255 255 255 255 255 255 255 255 238 211 191 171
	eager counters: 255 255 255 251 244 219 213 218 225 188 181 179 153 144 140 137
num evicts: 2000000, p: 0, s: 564699 	 max proactive lookup: 16, max shadow lookup: 16
	evict counters: 255 255 255 255 255 255 255 255 255 255 255 255 241 214 196 177
	eager counters: 255 255 255 255 253 226 217 221 225 193 185 184 154 147 140 138
num evicts: 2100000, p: 0, s: 592807 	 max proactive lookup: 16, max shadow lookup: 16
	evict counters: 255 255 255 255 255 255 255 255 255 255 255 255 246 213 197 179
	eager counters: 255 255 255 255 255 230 223 226 231 198 190 185 158 148 140 140
num evicts: 2200000, p: 0, s: 620872 	 max proactive lookup: 16, max shadow lookup: 16
	evict counters: 255 255 255 255 255 255 255 255 255 255 255 255 255 225 202 184
	eager counters: 255 255 255 255 255 234 232 231 241 203 192 188 158 148 140 140
num evicts: 2300000, p: 0, s: 648916 	 max proactive lookup: 16, max shadow lookup: 16
	evict counters: 255 255 255 255 255 255 255 255 255 255 255 255 255 233 205 184
	eager counters: 255 255 255 255 255 245 236 235 248 210 195 192 163 148 141 140
num evicts: 2400000, p: 0, s: 677142 	 max proactive lookup: 16, max shadow lookup: 16
	evict counters: 255 255 255 255 255 255 255 255 255 255 255 255 255 248 204 189
	eager counters: 255 255 255 255 255 251 242 242 255 212 198 195 166 150 143 141
num evicts: 2500000, p: 0, s: 705152 	 max proactive lookup: 16, max shadow lookup: 16
	evict counters: 255 255 255 255 255 255 255 255 255 255 255 254 253 252 211 194
	eager counters: 255 255 255 255 255 255 253 246 255 216 200 196 168 150 144 141
num evicts: 2600000, p: 0, s: 733186 	 max proactive lookup: 16, max shadow lookup: 16
	evict counters: 255 255 255 255 255 255 255 255 255 255 255 255 255 254 211 198
	eager counters: 255 255 255 255 255 255 255 251 255 219 203 200 171 150 145 141
num evicts: 2700000, p: 0, s: 761082 	 max proactive lookup: 16, max shadow lookup: 16
	evict counters: 255 255 255 255 255 255 255 255 255 255 255 254 255 254 214 197
	eager counters: 255 255 255 255 255 255 255 255 255 223 204 202 172 152 146 141
num evicts: 2800000, p: 0, s: 788570 	 max proactive lookup: 16, max shadow lookup: 16
	evict counters: 255 255 255 255 255 255 255 255 255 254 255 255 255 254 219 202
	eager counters: 255 255 255 255 255 255 255 255 255 226 211 203 174 154 146 141
num evicts: 2900000, p: 0, s: 816509 	 max proactive lookup: 16, max shadow lookup: 16
	evict counters: 255 255 255 255 255 255 255 255 255 255 255 254 255 255 226 206
	eager counters: 255 255 255 255 255 255 255 255 255 235 215 205 175 155 146 143
num evicts: 3000000, p: 0, s: 845337 	 max proactive lookup: 16, max shadow lookup: 16
	evict counters: 255 255 255 255 255 255 255 255 255 255 255 254 255 252 231 209
	eager counters: 255 255 255 255 255 255 255 255 255 242 218 207 177 157 146 144
num evicts: 3100000, p: 0, s: 873967 	 max proactive lookup: 16, max shadow lookup: 16
	evict counters: 255 255 255 255 255 255 255 255 255 255 255 254 255 252 237 210
	eager counters: 255 255 255 255 255 255 255 255 255 245 219 209 178 157 148 144
num evicts: 3200000, p: 0, s: 902536 	 max proactive lookup: 16, max shadow lookup: 16
	evict counters: 255 255 255 255 255 255 255 255 255 255 255 254 254 254 236 212
	eager counters: 255 255 255 255 255 255 255 255 255 252 222 212 180 158 148 144
num evicts: 3300000, p: 0, s: 930439 	 max proactive lookup: 16, max shadow lookup: 16
	evict counters: 255 255 255 255 255 255 255 255 255 255 255 255 255 255 246 216
	eager counters: 255 255 255 255 255 255 255 255 255 255 224 214 184 160 150 144
num evicts: 3400000, p: 0, s: 957963 	 max proactive lookup: 15, max shadow lookup: 16
	evict counters: 255 255 255 255 255 255 255 255 255 255 255 255 254 253 250 43
	eager counters: 255 255 255 255 255 255 255 255 255 255 227 215 185 161 152 144
num evicts: 3500000, p: 0, s: 985185 	 max proactive lookup: 15, max shadow lookup: 16
	evict counters: 255 255 255 255 255 255 255 255 255 255 255 255 255 254 254 37
	eager counters: 255 255 255 255 255 255 255 255 255 255 231 218 188 162 152 144
num evicts: 3600000, p: 0, s: 1015186 	 max proactive lookup: 15, max shadow lookup: 16
	evict counters: 255 255 255 255 255 255 255 255 255 255 254 255 255 255 255 39
	eager counters: 255 255 255 255 255 255 255 255 255 255 234 218 193 163 152 145
num evicts: 3700000, p: 0, s: 1048267 	 max proactive lookup: 15, max shadow lookup: 16
	evict counters: 255 255 255 255 255 255 255 255 255 255 254 253 254 255 254 42
	eager counters: 255 255 255 255 255 255 255 255 255 255 242 219 195 165 152 146
num evicts: 3800000, p: 0, s: 1079888 	 max proactive lookup: 15, max shadow lookup: 16
	evict counters: 255 255 255 255 255 255 255 255 255 255 255 255 255 255 255 52
	eager counters: 255 255 255 255 255 255 255 255 255 255 244 220 202 168 152 146
num evicts: 3900000, p: 0, s: 1111510 	 max proactive lookup: 15, max shadow lookup: 16
	evict counters: 255 255 255 255 255 255 255 255 255 255 255 255 255 254 255 50
	eager counters: 255 255 255 255 255 255 255 255 255 255 248 221 205 170 152 146
num evicts: 4000000, p: 0, s: 1143184 	 max proactive lookup: 15, max shadow lookup: 16
	evict counters: 255 255 255 255 255 255 255 255 255 255 255 252 255 251 254 40
	eager counters: 255 255 255 255 255 255 255 255 255 255 253 221 205 170 153 146
Heartbeat CPU 0 instructions: 10000002 cycles: 5695215 heartbeat IPC: 1.756 cumulative IPC: 1.756 (Simulation time: 00 hr 27 min 18 sec)
Heartbeat CPU 1 instructions: 10000002 cycles: 5697025 heartbeat IPC: 1.755 cumulative IPC: 1.755 (Simulation time: 00 hr 27 min 18 sec)
Heartbeat CPU 2 instructions: 10000002 cycles: 5697402 heartbeat IPC: 1.755 cumulative IPC: 1.755 (Simulation time: 00 hr 27 min 19 sec)
Heartbeat CPU 3 instructions: 10000002 cycles: 5697603 heartbeat IPC: 1.755 cumulative IPC: 1.755 (Simulation time: 00 hr 27 min 19 sec)
Heartbeat CPU 4 instructions: 10000002 cycles: 5697820 heartbeat IPC: 1.755 cumulative IPC: 1.755 (Simulation time: 00 hr 27 min 19 sec)
Heartbeat CPU 5 instructions: 10000002 cycles: 5698116 heartbeat IPC: 1.755 cumulative IPC: 1.755 (Simulation time: 00 hr 27 min 19 sec)
Heartbeat CPU 6 instructions: 10000002 cycles: 5698317 heartbeat IPC: 1.755 cumulative IPC: 1.755 (Simulation time: 00 hr 27 min 19 sec)
Heartbeat CPU 7 instructions: 10000002 cycles: 5698510 heartbeat IPC: 1.755 cumulative IPC: 1.755 (Simulation time: 00 hr 27 min 19 sec)
num evicts: 4100000, p: 0, s: 1174747 	 max proactive lookup: 15, max shadow lookup: 16
	evict counters: 255 255 255 255 255 255 255 255 255 255 255 255 255 255 254 0
	eager counters: 255 255 255 255 255 255 255 255 255 255 255 221 207 172 155 147
num evicts: 4200000, p: 0, s: 1206674 	 max proactive lookup: 15, max shadow lookup: 16
	evict counters: 255 255 255 255 255 255 255 255 255 254 255 255 254 253 255 12
	eager counters: 255 255 255 255 255 255 255 255 255 255 255 221 208 174 155 148
num evicts: 4300000, p: 0, s: 1238424 	 max proactive lookup: 15, max shadow lookup: 16
	evict counters: 255 255 255 255 255 255 255 255 255 255 255 255 254 254 253 12
	eager counters: 255 255 255 255 255 255 255 255 255 255 255 223 211 176 155 148
num evicts: 4400000, p: 0, s: 1268041 	 max proactive lookup: 15, max shadow lookup: 16
	evict counters: 255 255 255 255 255 255 255 255 255 255 255 255 255 254 255 19
	eager counters: 255 255 255 255 255 255 255 255 255 255 255 225 213 178 157 148
num evicts: 4500000, p: 0, s: 1298369 	 max proactive lookup: 15, max shadow lookup: 16
	evict counters: 255 255 255 255 255 255 255 255 255 255 255 255 253 255 255 20
	eager counters: 255 255 255 255 255 255 255 255 255 255 255 227 216 179 158 148
num evicts: 4600000, p: 0, s: 1328266 	 max proactive lookup: 15, max shadow lookup: 16
	evict counters: 255 255 255 255 255 255 255 255 255 255 255 255 254 255 254 19
	eager counters: 255 255 255 255 255 255 255 255 255 255 255 228 218 182 160 148
num evicts: 4700000, p: 0, s: 1358604 	 max proactive lookup: 15, max shadow lookup: 16
	evict counters: 255 255 255 255 255 255 255 255 255 255 255 255 251 255 252 18
	eager counters: 255 255 255 255 255 255 255 255 255 255 255 228 219 184 160 148
num evicts: 4800000, p: 0, s: 1389222 	 max proactive lookup: 15, max shadow lookup: 16
	evict counters: 255 255 255 255 255 255 255 255 255 255 255 255 255 254 255 18
	eager counters: 255 255 255 255 255 255 255 255 255 255 255 229 222 184 162 148
num evicts: 4900000, p: 0, s: 1419225 	 max proactive lookup: 15, max shadow lookup: 16
	evict counters: 255 255 255 255 255 255 255 255 255 255 255 255 254 255 252 28
	eager counters: 255 255 255 255 255 255 255 255 255 255 255 232 223 187 163 148
num evicts: 5000000, p: 0, s: 1448916 	 max proactive lookup: 15, max shadow lookup: 16
	evict counters: 255 255 255 255 255 255 255 255 255 255 254 254 255 255 255 29
	eager counters: 255 255 255 255 255 255 255 255 255 255 255 235 227 189 163 148
num evicts: 5100000, p: 0, s: 1478670 	 max proactive lookup: 15, max shadow lookup: 16
	evict counters: 255 255 255 255 255 255 255 255 255 255 255 255 255 255 253 35
	eager counters: 255 255 255 255 255 255 255 255 255 255 255 240 227 190 163 148
num evicts: 5200000, p: 0, s: 1508651 	 max proactive lookup: 15, max shadow lookup: 16
	evict counters: 255 255 255 255 255 255 255 255 255 255 254 254 255 255 253 38
	eager counters: 255 255 255 255 255 255 255 255 255 255 255 243 227 191 165 148
num evicts: 5300000, p: 0, s: 1538880 	 max proactive lookup: 15, max shadow lookup: 16
	evict counters: 255 255 255 255 255 255 255 255 255 255 255 255 254 253 255 44
	eager counters: 255 255 255 255 255 255 255 255 255 255 255 245 232 193 165 148
num evicts: 5400000, p: 0, s: 1568791 	 max proactive lookup: 15, max shadow lookup: 16
	evict counters: 255 255 255 255 255 255 255 255 255 255 255 255 254 254 253 46
	eager counters: 255 255 255 255 255 255 255 255 255 255 255 249 234 194 167 149
num evicts: 5500000, p: 0, s: 1598727 	 max proactive lookup: 15, max shadow lookup: 16
	evict counters: 255 255 255 255 255 255 255 255 255 255 255 254 255 255 249 48
	eager counters: 255 255 255 255 255 255 255 255 255 255 255 252 235 195 168 149
num evicts: 5600000, p: 0, s: 1628918 	 max proactive lookup: 15, max shadow lookup: 16
	evict counters: 255 255 255 255 255 255 255 255 255 255 255 255 255 255 251 6
	eager counters: 255 255 255 255 255 255 255 255 255 255 255 255 236 201 168 149
num evicts: 5700000, p: 0, s: 1658823 	 max proactive lookup: 15, max shadow lookup: 16
	evict counters: 255 255 255 255 255 255 255 255 255 255 255 255 255 255 253 3
	eager counters: 255 255 255 255 255 255 255 255 255 255 255 255 239 203 168 150
num evicts: 5800000, p: 0, s: 1689020 	 max proactive lookup: 15, max shadow lookup: 16
	evict counters: 255 255 255 255 255 255 255 255 255 255 255 255 255 255 254 9
	eager counters: 255 255 255 255 255 255 255 255 255 255 255 255 240 206 170 150
num evicts: 5900000, p: 0, s: 1719168 	 max proactive lookup: 15, max shadow lookup: 16
	evict counters: 255 255 255 255 255 255 255 255 255 255 255 255 255 255 254 16
	eager counters: 255 255 255 255 255 255 255 255 255 255 255 255 242 207 170 150
num evicts: 6000000, p: 0, s: 1749912 	 max proactive lookup: 15, max shadow lookup: 16
	evict counters: 255 255 255 255 255 255 255 255 255 255 254 255 255 255 250 21
	eager counters: 255 255 255 255 255 255 255 255 255 255 255 255 242 209 170 151
num evicts: 6100000, p: 0, s: 1781481 	 max proactive lookup: 15, max shadow lookup: 16
	evict counters: 255 255 255 255 255 255 255 255 255 255 255 254 255 252 248 25
	eager counters: 255 255 255 255 255 255 255 255 255 255 255 255 243 211 170 151
num evicts: 6200000, p: 0, s: 1812894 	 max proactive lookup: 15, max shadow lookup: 16
	evict counters: 255 255 255 255 255 255 255 255 255 255 255 255 255 254 248 33
	eager counters: 255 255 255 255 255 255 255 255 255 255 255 255 244 212 171 151
num evicts: 6300000, p: 0, s: 1843977 	 max proactive lookup: 15, max shadow lookup: 16
	evict counters: 255 255 255 255 255 255 255 255 255 255 255 255 255 255 255 39
	eager counters: 255 255 255 255 255 255 255 255 255 255 255 255 248 214 173 151
num evicts: 6400000, p: 0, s: 1874745 	 max proactive lookup: 15, max shadow lookup: 16
	evict counters: 255 255 255 255 255 255 255 255 255 254 255 255 253 255 191 34
	eager counters: 255 255 255 255 255 255 255 255 255 255 255 255 251 217 173 151
num evicts: 6500000, p: 0, s: 1905715 	 max proactive lookup: 14, max shadow lookup: 16
	evict counters: 255 255 255 255 255 255 255 255 255 255 255 255 254 253 33 31
	eager counters: 255 255 255 255 255 255 255 255 255 255 255 255 252 219 173 152
num evicts: 6600000, p: 0, s: 1937061 	 max proactive lookup: 14, max shadow lookup: 16
	evict counters: 255 255 255 255 255 255 255 255 255 255 255 255 255 255 43 30
	eager counters: 255 255 255 255 255 255 255 255 255 255 255 255 253 220 175 153
num evicts: 6700000, p: 0, s: 1968297 	 max proactive lookup: 14, max shadow lookup: 16
	evict counters: 255 255 255 255 255 255 255 255 255 255 255 255 253 253 46 29
	eager counters: 255 255 255 255 255 255 255 255 255 255 255 255 253 220 176 154
num evicts: 6800000, p: 0, s: 2000034 	 max proactive lookup: 14, max shadow lookup: 16
	evict counters: 255 255 255 255 255 255 255 255 255 255 255 255 255 254 49 27
	eager counters: 255 255 255 255 255 255 255 255 255 255 255 255 255 228 176 154
num evicts: 6900000, p: 0, s: 2031738 	 max proactive lookup: 14, max shadow lookup: 16
	evict counters: 255 255 255 255 255 255 255 255 255 255 255 255 255 252 55 26
	eager counters: 255 255 255 255 255 255 255 255 255 255 255 255 255 229 177 154
num evicts: 7000000, p: 0, s: 2063835 	 max proactive lookup: 14, max shadow lookup: 16
	evict counters: 255 255 255 255 255 255 255 255 255 255 255 255 254 255 56 32
	eager counters: 255 255 255 255 255 255 255 255 255 255 255 255 255 232 177 155
num evicts: 7100000, p: 0, s: 2095686 	 max proactive lookup: 14, max shadow lookup: 16
	evict counters: 255 255 255 255 255 255 255 255 255 255 255 254 255 255 57 39
	eager counters: 255 255 255 255 255 255 255 255 255 255 255 255 255 232 178 156
num evicts: 7200000, p: 0, s: 2127507 	 max proactive lookup: 14, max shadow lookup: 16
	evict counters: 255 255 255 255 255 255 255 255 255 255 255 254 255 255 61 45
	eager counters: 255 255 255 255 255 255 255 255 255 255 255 255 255 234 179 156
num evicts: 7300000, p: 0, s: 2159467 	 max proactive lookup: 14, max shadow lookup: 16
	evict counters: 255 255 255 255 255 255 255 255 255 255 255 255 255 253 61 49
	eager counters: 255 255 255 255 255 255 255 255 255 255 255 255 255 235 180 156
num evicts: 7400000, p: 0, s: 2191355 	 max proactive lookup: 14, max shadow lookup: 16
	evict counters: 255 255 255 255 255 255 255 255 255 255 255 255 255 254 70 56
	eager counters: 255 255 255 255 255 255 255 255 255 255 255 255 255 236 182 156
num evicts: 7500000, p: 0, s: 2223167 	 max proactive lookup: 14, max shadow lookup: 16
	evict counters: 255 255 255 255 255 255 255 255 255 255 255 253 254 255 70 62
	eager counters: 255 255 255 255 255 255 255 255 255 255 255 255 255 238 182 157
num evicts: 7600000, p: 0, s: 2253905 	 max proactive lookup: 14, max shadow lookup: 16
	evict counters: 255 255 255 255 255 255 255 255 255 255 255 255 254 255 72 65
	eager counters: 255 255 255 255 255 255 255 255 255 255 255 255 255 238 184 158
num evicts: 7700000, p: 0, s: 2285688 	 max proactive lookup: 14, max shadow lookup: 16
	evict counters: 255 255 255 255 255 255 255 255 255 255 255 255 255 255 78 67
	eager counters: 255 255 255 255 255 255 255 255 255 255 255 255 255 240 185 158
num evicts: 7800000, p: 0, s: 2316793 	 max proactive lookup: 14, max shadow lookup: 16
	evict counters: 255 255 255 255 255 255 255 255 255 255 255 255 255 255 79 73
	eager counters: 255 255 255 255 255 255 255 255 255 255 255 255 255 240 186 159
num evicts: 7900000, p: 0, s: 2347966 	 max proactive lookup: 14, max shadow lookup: 16
	evict counters: 255 255 255 255 255 255 255 255 255 255 255 255 254 254 81 75
	eager counters: 255 255 255 255 255 255 255 255 255 255 255 255 255 241 187 159
num evicts: 8000000, p: 0, s: 2379137 	 max proactive lookup: 14, max shadow lookup: 16
	evict counters: 255 255 255 255 255 255 255 255 255 255 255 255 251 255 82 12
	eager counters: 255 255 255 255 255 255 255 255 255 255 255 255 255 242 187 161
num evicts: 8100000, p: 0, s: 2410624 	 max proactive lookup: 14, max shadow lookup: 16
	evict counters: 255 255 255 255 255 255 255 255 255 255 255 255 255 255 81 3
	eager counters: 255 255 255 255 255 255 255 255 255 255 255 255 255 244 187 163
num evicts: 8200000, p: 0, s: 2441829 	 max proactive lookup: 14, max shadow lookup: 16
	evict counters: 255 255 255 255 255 255 255 255 255 255 255 255 255 255 82 9
	eager counters: 255 255 255 255 255 255 255 255 255 255 255 255 255 246 188 164
num evicts: 8300000, p: 0, s: 2472041 	 max proactive lookup: 14, max shadow lookup: 16
	evict counters: 255 255 255 255 255 255 255 255 255 255 255 254 253 255 83 15
	eager counters: 255 255 255 255 255 255 255 255 255 255 255 255 255 250 189 164
Heartbeat CPU 0 instructions: 20000003 cycles: 11409580 heartbeat IPC: 1.75 cumulative IPC: 1.753 (Simulation time: 00 hr 53 min 54 sec)
Heartbeat CPU 1 instructions: 20000003 cycles: 11411414 heartbeat IPC: 1.75 cumulative IPC: 1.753 (Simulation time: 00 hr 53 min 55 sec)
Heartbeat CPU 2 instructions: 20000003 cycles: 11411935 heartbeat IPC: 1.75 cumulative IPC: 1.753 (Simulation time: 00 hr 53 min 55 sec)
Heartbeat CPU 3 instructions: 20000003 cycles: 11412111 heartbeat IPC: 1.75 cumulative IPC: 1.753 (Simulation time: 00 hr 53 min 55 sec)
Heartbeat CPU 4 instructions: 20000003 cycles: 11412298 heartbeat IPC: 1.75 cumulative IPC: 1.752 (Simulation time: 00 hr 53 min 55 sec)
Heartbeat CPU 5 instructions: 20000003 cycles: 11412474 heartbeat IPC: 1.75 cumulative IPC: 1.752 (Simulation time: 00 hr 53 min 55 sec)
Heartbeat CPU 6 instructions: 20000003 cycles: 11412625 heartbeat IPC: 1.75 cumulative IPC: 1.752 (Simulation time: 00 hr 53 min 55 sec)
Heartbeat CPU 7 instructions: 20000003 cycles: 11412899 heartbeat IPC: 1.75 cumulative IPC: 1.752 (Simulation time: 00 hr 53 min 55 sec)
num evicts: 8400000, p: 0, s: 2497464 	 max proactive lookup: 14, max shadow lookup: 16
	evict counters: 255 255 255 255 255 255 255 255 255 255 255 255 255 253 93 11
	eager counters: 255 255 255 255 255 255 255 255 255 255 255 255 255 251 191 164
num evicts: 8500000, p: 0, s: 2522986 	 max proactive lookup: 14, max shadow lookup: 16
	evict counters: 255 255 255 255 255 255 255 255 255 255 255 255 255 255 101 14
	eager counters: 255 255 255 255 255 255 255 255 255 255 255 255 255 253 192 164
num evicts: 8600000, p: 0, s: 2548239 	 max proactive lookup: 14, max shadow lookup: 16
	evict counters: 255 255 255 255 255 255 255 255 255 255 255 254 255 255 106 22
	eager counters: 255 255 255 255 255 255 255 255 255 255 255 255 255 254 192 165
num evicts: 8700000, p: 0, s: 2573854 	 max proactive lookup: 14, max shadow lookup: 16
	evict counters: 255 255 255 255 255 255 255 255 255 254 255 255 255 254 108 7
	eager counters: 255 255 255 255 255 255 255 255 255 255 255 255 255 254 193 166
num evicts: 8800000, p: 0, s: 2599603 	 max proactive lookup: 14, max shadow lookup: 16
	evict counters: 255 255 255 255 255 255 255 255 255 255 255 254 255 254 109 7
	eager counters: 255 255 255 255 255 255 255 255 255 255 255 255 255 254 194 166
num evicts: 8900000, p: 0, s: 2624408 	 max proactive lookup: 14, max shadow lookup: 16
	evict counters: 255 255 255 255 255 255 255 255 255 255 254 255 254 255 121 3
	eager counters: 255 255 255 255 255 255 255 255 255 255 255 255 255 255 195 166
num evicts: 9000000, p: 0, s: 2649511 	 max proactive lookup: 14, max shadow lookup: 16
	evict counters: 255 255 255 255 255 255 255 255 255 255 255 255 253 255 121 11
	eager counters: 255 255 255 255 255 255 255 255 255 255 255 255 255 255 196 166
num evicts: 9100000, p: 0, s: 2674342 	 max proactive lookup: 15, max shadow lookup: 16
	evict counters: 255 255 255 255 255 255 255 255 255 255 255 253 255 254 130 17
	eager counters: 255 255 255 255 255 255 255 255 255 255 255 255 255 255 198 166
num evicts: 9200000, p: 0, s: 2696183 	 max proactive lookup: 15, max shadow lookup: 16
	evict counters: 255 255 255 255 255 255 255 255 255 255 255 255 251 254 135 23
	eager counters: 255 255 255 255 255 255 255 255 255 255 255 255 255 255 198 166
num evicts: 9300000, p: 0, s: 2717428 	 max proactive lookup: 15, max shadow lookup: 16
	evict counters: 255 255 255 255 255 255 255 255 255 255 255 255 252 255 141 26
	eager counters: 255 255 255 255 255 255 255 255 255 255 255 255 255 255 198 166
num evicts: 9400000, p: 0, s: 2739033 	 max proactive lookup: 15, max shadow lookup: 16
	evict counters: 255 255 255 255 255 255 255 255 255 255 255 255 253 255 150 28
	eager counters: 255 255 255 255 255 255 255 255 255 255 255 255 255 255 198 166
num evicts: 9500000, p: 0, s: 2760647 	 max proactive lookup: 15, max shadow lookup: 16
	evict counters: 255 255 255 255 255 255 255 255 255 255 255 255 253 255 153 29
	eager counters: 255 255 255 255 255 255 255 255 255 255 255 255 255 255 198 166
num evicts: 9600000, p: 0, s: 2781445 	 max proactive lookup: 15, max shadow lookup: 16
	evict counters: 255 255 255 255 255 255 255 255 255 255 255 255 255 255 159 34
	eager counters: 255 255 255 255 255 255 255 255 255 255 255 255 255 255 198 167
num evicts: 9700000, p: 0, s: 2802397 	 max proactive lookup: 15, max shadow lookup: 16
	evict counters: 255 255 255 255 255 255 255 255 255 255 255 255 255 255 157 19
	eager counters: 255 255 255 255 255 255 255 255 255 255 255 255 255 255 200 167
num evicts: 9800000, p: 0, s: 2823327 	 max proactive lookup: 15, max shadow lookup: 16
	evict counters: 255 255 255 255 255 255 255 255 255 255 255 255 255 255 159 21
	eager counters: 255 255 255 255 255 255 255 255 255 255 255 255 255 255 200 167
num evicts: 9900000, p: 0, s: 2847952 	 max proactive lookup: 15, max shadow lookup: 16
	evict counters: 255 255 255 255 255 255 255 255 255 255 254 255 253 255 158 25
	eager counters: 255 255 255 255 255 255 255 255 255 255 255 255 255 255 200 168
num evicts: 10000000, p: 0, s: 2877731 	 max proactive lookup: 15, max shadow lookup: 16
	evict counters: 255 255 255 255 255 255 255 255 255 255 255 255 255 254 162 31
	eager counters: 255 255 255 255 255 255 255 255 255 255 255 255 255 255 201 169
num evicts: 10100000, p: 0, s: 2907237 	 max proactive lookup: 15, max shadow lookup: 16
	evict counters: 255 255 255 255 255 255 255 255 255 254 255 255 254 250 172 38
	eager counters: 255 255 255 255 255 255 255 255 255 255 255 255 255 255 203 170
num evicts: 10200000, p: 0, s: 2937039 	 max proactive lookup: 15, max shadow lookup: 16
	evict counters: 255 255 255 255 255 255 255 255 255 255 255 255 253 255 180 42
	eager counters: 255 255 255 255 255 255 255 255 255 255 255 255 255 255 204 171
num evicts: 10300000, p: 0, s: 2967192 	 max proactive lookup: 15, max shadow lookup: 16
	evict counters: 255 255 255 255 255 255 255 255 255 255 255 255 255 255 185 24
	eager counters: 255 255 255 255 255 255 255 255 255 255 255 255 255 255 205 171
num evicts: 10400000, p: 0, s: 2997412 	 max proactive lookup: 15, max shadow lookup: 16
	evict counters: 255 255 255 255 255 255 255 255 255 255 255 254 255 255 185 3
	eager counters: 255 255 255 255 255 255 255 255 255 255 255 255 255 255 206 173
Warmup finished CPU 0 instructions: 25000004 cycles: 14266552 cumulative IPC: 1.752 (Simulation time: 01 hr 07 min 05 sec)
Warmup finished CPU 1 instructions: 25000004 cycles: 14268666 cumulative IPC: 1.752 (Simulation time: 01 hr 07 min 05 sec)
Warmup finished CPU 2 instructions: 25000004 cycles: 14269171 cumulative IPC: 1.752 (Simulation time: 01 hr 07 min 05 sec)
Warmup finished CPU 3 instructions: 25000004 cycles: 14269349 cumulative IPC: 1.752 (Simulation time: 01 hr 07 min 05 sec)
Warmup finished CPU 4 instructions: 25000004 cycles: 14269533 cumulative IPC: 1.752 (Simulation time: 01 hr 07 min 05 sec)
Warmup finished CPU 5 instructions: 25000004 cycles: 14269767 cumulative IPC: 1.752 (Simulation time: 01 hr 07 min 05 sec)
Warmup finished CPU 6 instructions: 25000004 cycles: 14269943 cumulative IPC: 1.752 (Simulation time: 01 hr 07 min 06 sec)
Warmup finished CPU 7 instructions: 25000004 cycles: 14270111 cumulative IPC: 1.752 (Simulation time: 01 hr 07 min 06 sec)
Warmup complete CPU 7 instructions: 25000004 cycles: 14270111 cumulative IPC: 1.752 (Simulation time: 01 hr 07 min 06 sec)
Warmup complete CPU 6 instructions: 25000314 cycles: 14270111 cumulative IPC: 1.752 (Simulation time: 01 hr 07 min 06 sec)
Warmup complete CPU 5 instructions: 25000595 cycles: 14270111 cumulative IPC: 1.752 (Simulation time: 01 hr 07 min 06 sec)
Warmup complete CPU 4 instructions: 25001022 cycles: 14270111 cumulative IPC: 1.752 (Simulation time: 01 hr 07 min 06 sec)
Warmup complete CPU 3 instructions: 25001323 cycles: 14270111 cumulative IPC: 1.752 (Simulation time: 01 hr 07 min 06 sec)
Warmup complete CPU 2 instructions: 25001658 cycles: 14270111 cumulative IPC: 1.752 (Simulation time: 01 hr 07 min 06 sec)
Warmup complete CPU 1 instructions: 25002544 cycles: 14270111 cumulative IPC: 1.752 (Simulation time: 01 hr 07 min 06 sec)
Warmup complete CPU 0 instructions: 25006250 cycles: 14270111 cumulative IPC: 1.752 (Simulation time: 01 hr 07 min 06 sec)
num evicts: 10500000, p: 0, s: 3024643 	 max proactive lookup: 15, max shadow lookup: 16
	evict counters: 255 255 255 255 255 255 255 255 255 255 255 255 253 255 189 2
	eager counters: 255 255 255 255 255 255 255 255 255 255 255 255 255 255 206 173
num evicts: 10600000, p: 0, s: 3055550 	 max proactive lookup: 15, max shadow lookup: 16
	evict counters: 255 255 255 255 255 255 255 255 255 254 255 255 252 255 196 1
	eager counters: 255 255 255 255 255 255 255 255 255 255 255 255 255 255 206 173
num evicts: 10700000, p: 0, s: 3084791 	 max proactive lookup: 15, max shadow lookup: 16
	evict counters: 255 255 255 255 255 255 255 255 255 255 255 255 254 254 201 11
	eager counters: 255 255 255 255 255 255 255 255 255 255 255 255 255 255 206 173
num evicts: 10800000, p: 0, s: 3113897 	 max proactive lookup: 15, max shadow lookup: 16
	evict counters: 255 255 255 255 255 255 255 255 255 255 255 255 255 254 201 14
	eager counters: 255 255 255 255 255 255 255 255 255 255 255 255 255 255 207 173
num evicts: 10900000, p: 0, s: 3144409 	 max proactive lookup: 15, max shadow lookup: 16
	evict counters: 255 255 255 255 255 255 255 255 255 255 255 255 255 255 211 14
	eager counters: 255 255 255 255 255 255 255 255 255 255 255 255 255 255 208 173
num evicts: 11000000, p: 0, s: 3174338 	 max proactive lookup: 15, max shadow lookup: 16
	evict counters: 255 255 255 255 255 255 255 255 255 255 255 255 253 255 222 20
	eager counters: 255 255 255 255 255 255 255 255 255 255 255 255 255 255 208 173
num evicts: 11100000, p: 0, s: 3204156 	 max proactive lookup: 15, max shadow lookup: 16
	evict counters: 255 255 255 255 255 255 255 255 255 255 255 255 254 255 225 21
	eager counters: 255 255 255 255 255 255 255 255 255 255 255 255 255 255 209 175
num evicts: 11200000, p: 0, s: 3234308 	 max proactive lookup: 15, max shadow lookup: 16
	evict counters: 255 255 255 255 255 255 255 255 255 255 255 255 255 255 230 28
	eager counters: 255 255 255 255 255 255 255 255 255 255 255 255 255 255 210 175
num evicts: 11300000, p: 0, s: 3263854 	 max proactive lookup: 15, max shadow lookup: 16
	evict counters: 255 255 255 255 255 255 255 255 255 255 254 254 255 255 229 26
	eager counters: 255 255 255 255 255 255 255 255 255 255 255 255 255 255 212 175
num evicts: 11400000, p: 0, s: 3293535 	 max proactive lookup: 15, max shadow lookup: 16
	evict counters: 255 255 255 255 255 255 255 255 255 255 255 253 255 254 238 24
	eager counters: 255 255 255 255 255 255 255 255 255 255 255 255 255 255 212 175
num evicts: 11500000, p: 0, s: 3321814 	 max proactive lookup: 15, max shadow lookup: 16
	evict counters: 255 255 255 255 255 255 255 255 255 255 255 254 255 255 244 26
	eager counters: 255 255 255 255 255 255 255 255 255 255 255 255 255 255 212 176
num evicts: 11600000, p: 0, s: 3352662 	 max proactive lookup: 15, max shadow lookup: 16
	evict counters: 255 255 255 255 255 255 255 255 255 255 255 254 252 255 246 31
	eager counters: 255 255 255 255 255 255 255 255 255 255 255 255 255 255 213 178
num evicts: 11700000, p: 0, s: 3382790 	 max proactive lookup: 15, max shadow lookup: 16
	evict counters: 255 255 255 255 255 255 255 255 255 255 255 255 255 255 250 37
	eager counters: 255 255 255 255 255 255 255 255 255 255 255 255 255 255 214 179
num evicts: 11800000, p: 0, s: 3413762 	 max proactive lookup: 15, max shadow lookup: 16
	evict counters: 255 255 255 255 255 255 255 255 255 254 254 255 254 253 249 49
	eager counters: 255 255 255 255 255 255 255 255 255 255 255 255 255 255 215 180
num evicts: 11900000, p: 0, s: 3443454 	 max proactive lookup: 15, max shadow lookup: 16
	evict counters: 255 255 255 255 255 255 255 255 255 255 254 254 255 255 254 27
	eager counters: 255 255 255 255 255 255 255 255 255 255 255 255 255 255 217 180
num evicts: 12000000, p: 0, s: 3473227 	 max proactive lookup: 15, max shadow lookup: 16
	evict counters: 255 255 255 255 255 255 255 255 255 255 255 255 254 255 255 5
	eager counters: 255 255 255 255 255 255 255 255 255 255 255 255 255 255 219 180
num evicts: 12100000, p: 0, s: 3503849 	 max proactive lookup: 15, max shadow lookup: 16
	evict counters: 255 255 255 255 255 255 255 255 255 255 254 255 255 255 255 7
	eager counters: 255 255 255 255 255 255 255 255 255 255 255 255 255 255 219 180
num evicts: 12200000, p: 0, s: 3533569 	 max proactive lookup: 15, max shadow lookup: 16
	evict counters: 255 255 255 255 255 255 255 255 255 255 255 254 255 255 255 14
	eager counters: 255 255 255 255 255 255 255 255 255 255 255 255 255 255 219 181
num evicts: 12300000, p: 0, s: 3560919 	 max proactive lookup: 15, max shadow lookup: 16
	evict counters: 255 255 255 255 255 255 255 255 255 255 255 254 255 254 255 24
	eager counters: 255 255 255 255 255 255 255 255 255 255 255 255 255 255 219 182
num evicts: 12400000, p: 0, s: 3590119 	 max proactive lookup: 15, max shadow lookup: 16
	evict counters: 255 255 255 255 255 255 255 255 255 255 255 255 254 254 254 24
	eager counters: 255 255 255 255 255 255 255 255 255 255 255 255 255 255 220 183
num evicts: 12500000, p: 0, s: 3619860 	 max proactive lookup: 15, max shadow lookup: 16
	evict counters: 255 255 255 255 255 255 255 255 255 255 255 255 255 254 250 21
	eager counters: 255 255 255 255 255 255 255 255 255 255 255 255 255 255 220 183
Heartbeat CPU 3 instructions: 30000006 cycles: 37922479 heartbeat IPC: 0.3772 cumulative IPC: 0.2113 (Simulation time: 01 hr 51 min 05 sec)
Heartbeat CPU 2 instructions: 30000005 cycles: 38124320 heartbeat IPC: 0.3744 cumulative IPC: 0.2095 (Simulation time: 01 hr 51 min 25 sec)
Heartbeat CPU 5 instructions: 30000006 cycles: 38133650 heartbeat IPC: 0.3742 cumulative IPC: 0.2095 (Simulation time: 01 hr 51 min 26 sec)
Heartbeat CPU 6 instructions: 30000006 cycles: 38155852 heartbeat IPC: 0.3739 cumulative IPC: 0.2093 (Simulation time: 01 hr 51 min 28 sec)
Heartbeat CPU 1 instructions: 30000006 cycles: 38205843 heartbeat IPC: 0.3732 cumulative IPC: 0.2088 (Simulation time: 01 hr 51 min 33 sec)
Heartbeat CPU 4 instructions: 30000006 cycles: 38306293 heartbeat IPC: 0.3718 cumulative IPC: 0.208 (Simulation time: 01 hr 51 min 43 sec)
num evicts: 12600000, p: 0, s: 3649643 	 max proactive lookup: 15, max shadow lookup: 16
	evict counters: 255 255 255 255 255 255 255 255 255 255 255 255 255 255 253 29
	eager counters: 255 255 255 255 255 255 255 255 255 255 255 255 255 255 224 184
Heartbeat CPU 7 instructions: 30000005 cycles: 38604396 heartbeat IPC: 0.3678 cumulative IPC: 0.2055 (Simulation time: 01 hr 52 min 13 sec)
Heartbeat CPU 0 instructions: 30000004 cycles: 38649157 heartbeat IPC: 0.3671 cumulative IPC: 0.2048 (Simulation time: 01 hr 52 min 18 sec)
num evicts: 12700000, p: 0, s: 3678511 	 max proactive lookup: 15, max shadow lookup: 16
	evict counters: 255 255 255 255 255 255 255 255 255 255 254 255 255 255 253 39
	eager counters: 255 255 255 255 255 255 255 255 255 255 255 255 255 255 226 186
num evicts: 12800000, p: 0, s: 3707396 	 max proactive lookup: 15, max shadow lookup: 16
	evict counters: 255 255 255 255 255 255 255 255 255 255 255 255 255 254 254 43
	eager counters: 255 255 255 255 255 255 255 255 255 255 255 255 255 255 228 186
num evicts: 12900000, p: 0, s: 3735413 	 max proactive lookup: 15, max shadow lookup: 16
	evict counters: 255 255 255 255 255 255 255 255 255 255 255 255 255 255 253 50
	eager counters: 255 255 255 255 255 255 255 255 255 255 255 255 255 255 228 187
num evicts: 13000000, p: 0, s: 3763663 	 max proactive lookup: 15, max shadow lookup: 16
	evict counters: 255 255 255 255 255 255 255 255 255 255 255 254 255 254 249 55
	eager counters: 255 255 255 255 255 255 255 255 255 255 255 255 255 255 228 187
num evicts: 13100000, p: 0, s: 3791147 	 max proactive lookup: 15, max shadow lookup: 16
	evict counters: 255 255 255 255 255 255 255 255 255 255 255 255 255 252 251 56
	eager counters: 255 255 255 255 255 255 255 255 255 255 255 255 255 255 228 187
num evicts: 13200000, p: 0, s: 3819828 	 max proactive lookup: 15, max shadow lookup: 16
	evict counters: 255 255 255 255 255 255 255 255 255 255 255 255 255 255 255 53
	eager counters: 255 255 255 255 255 255 255 255 255 255 255 255 255 255 228 187
num evicts: 13300000, p: 0, s: 3849430 	 max proactive lookup: 15, max shadow lookup: 16
	evict counters: 255 255 255 255 255 255 255 255 255 255 255 255 254 254 255 56
	eager counters: 255 255 255 255 255 255 255 255 255 255 255 255 255 255 229 187
num evicts: 13400000, p: 0, s: 3877951 	 max proactive lookup: 15, max shadow lookup: 16
	evict counters: 255 255 255 255 255 255 255 255 255 255 255 255 255 254 251 60
	eager counters: 255 255 255 255 255 255 255 255 255 255 255 255 255 255 230 187
num evicts: 13500000, p: 0, s: 3907027 	 max proactive lookup: 15, max shadow lookup: 16
	evict counters: 255 255 255 255 255 255 255 255 255 255 255 255 255 255 254 63
	eager counters: 255 255 255 255 255 255 255 255 255 255 255 255 255 255 231 188
num evicts: 13600000, p: 0, s: 3935800 	 max proactive lookup: 15, max shadow lookup: 16
	evict counters: 255 255 255 255 255 255 255 255 255 255 255 255 255 255 254 10
	eager counters: 255 255 255 255 255 255 255 255 255 255 255 255 255 255 232 189
num evicts: 13700000, p: 0, s: 3964135 	 max proactive lookup: 15, max shadow lookup: 16
	evict counters: 255 255 255 255 255 255 255 255 255 255 255 255 253 255 255 13
	eager counters: 255 255 255 255 255 255 255 255 255 255 255 255 255 255 232 189
num evicts: 13800000, p: 0, s: 3993359 	 max proactive lookup: 15, max shadow lookup: 16
	evict counters: 255 255 255 255 255 255 255 255 255 255 255 255 255 255 255 18
	eager counters: 255 255 255 255 255 255 255 255 255 255 255 255 255 255 232 189
num evicts: 13900000, p: 0, s: 4022499 	 max proactive lookup: 15, max shadow lookup: 16
	evict counters: 255 255 255 255 255 255 255 255 255 255 255 255 255 255 254 27
	eager counters: 255 255 255 255 255 255 255 255 255 255 255 255 255 255 233 189
num evicts: 1