[VMEM] WARNING: physical memory size is smaller than virtual memory size.

*** ChampSim Multicore Out-of-Order Simulator ***
Warmup Instructions: 25000000
Simulation Instructions: 25000000
Number of CPUs: 8
Page size: 2097152

initializing BARD -- num sampled sets: 64, modulus = 256
CL :	 16.64 ns
CWL :	 15.808 ns
tRP :	 16.224 ns
tRCD :	 16.224 ns
tRAS :	 32.032000000000004 ns
tRTP :	 7.904 ns
tWR :	 30.368000000000002 ns

tCCD_S :	 3.3280000000000003 ns
tCCD_S_WR :	 3.3280000000000003 ns
tCCD_S_WTR :	 22.048000000000002 ns
tCCD_L :	 5.408 ns
tCCD_L_WR :	 20.384 ns
tCCD_L_WTR :	 29.536 ns
tRRD_S :	 3.3280000000000003 ns
tRRD_L :	 5.408 ns
tFAW :	 13.728 ns
Address mapping (perm = 1) 	ch co bg bg bg ba ba co co co co co co ro ro ro ro ro ro ro ro ro ro ro ro ro ro ro 
dram queue size: R = 64 W = 48 (low:high is 9:39)
num evicts: 0, p: 0, s: 0 	 max proactive lookup: 16, max shadow lookup: 16
	evict counters: 128 128 128 128 128 128 128 128 128 128 128 128 128 128 128 128
	eager counters: 128 128 128 128 128 128 128 128 128 128 128 128 128 128 128 128
num evicts: 100000, p: 0, s: 10574 	 max proactive lookup: 2, max shadow lookup: 3
	evict counters: 153 145 105 87 112 48 49 29 103 75 41 33 44 76 74 42
	eager counters: 142 136 134 120 137 135 120 117 116 100 100 130 116 130 129 128
num evicts: 200000, p: 0, s: 15027 	 max proactive lookup: 1, max shadow lookup: 3
	evict counters: 172 92 35 18 24 6 6 3 3 11 3 4 0 4 4 3
	eager counters: 149 142 146 101 139 138 99 81 119 102 102 101 90 115 129 131
num evicts: 300000, p: 0, s: 19571 	 max proactive lookup: 1, max shadow lookup: 3
	evict counters: 198 69 42 19 24 16 7 7 3 16 9 3 2 0 1 0
	eager counters: 168 157 157 117 151 148 97 91 128 108 108 104 83 119 132 131
Heartbeat CPU 0 instructions: 10000003 cycles: 2927256 heartbeat IPC: 3.416 cumulative IPC: 3.416 (Simulation time: 00 hr 14 min 11 sec)
Heartbeat CPU 1 instructions: 10000003 cycles: 2965132 heartbeat IPC: 3.373 cumulative IPC: 3.373 (Simulation time: 00 hr 14 min 24 sec)
Heartbeat CPU 2 instructions: 10000000 cycles: 2970456 heartbeat IPC: 3.366 cumulative IPC: 3.366 (Simulation time: 00 hr 14 min 25 sec)
Heartbeat CPU 3 instructions: 10000003 cycles: 2984747 heartbeat IPC: 3.35 cumulative IPC: 3.35 (Simulation time: 00 hr 14 min 30 sec)
Heartbeat CPU 4 instructions: 10000003 cycles: 2996277 heartbeat IPC: 3.337 cumulative IPC: 3.337 (Simulation time: 00 hr 14 min 33 sec)
Heartbeat CPU 6 instructions: 10000002 cycles: 2996931 heartbeat IPC: 3.337 cumulative IPC: 3.337 (Simulation time: 00 hr 14 min 33 sec)
Heartbeat CPU 5 instructions: 10000003 cycles: 3000976 heartbeat IPC: 3.332 cumulative IPC: 3.332 (Simulation time: 00 hr 14 min 34 sec)
Heartbeat CPU 7 instructions: 10000003 cycles: 3006443 heartbeat IPC: 3.326 cumulative IPC: 3.326 (Simulation time: 00 hr 14 min 36 sec)
num evicts: 400000, p: 0, s: 24998 	 max proactive lookup: 1, max shadow lookup: 3
	evict counters: 220 84 43 9 22 6 3 1 9 6 3 1 3 5 2 1
	eager counters: 187 167 178 89 140 123 73 52 134 102 99 85 75 123 132 132
num evicts: 500000, p: 0, s: 30456 	 max proactive lookup: 1, max shadow lookup: 3
	evict counters: 241 100 68 7 5 13 5 3 15 0 0 5 3 3 3 2
	eager counters: 195 176 149 75 117 114 32 31 124 31 68 75 68 123 121 133
num evicts: 600000, p: 0, s: 38687 	 max proactive lookup: 1, max shadow lookup: 3
	evict counters: 255 120 72 14 4 17 6 4 4 3 3 1 2 0 0 5
	eager counters: 207 187 160 65 60 105 30 27 126 28 45 59 55 95 40 72
Heartbeat CPU 0 instructions: 20000003 cycles: 5526133 heartbeat IPC: 3.848 cumulative IPC: 3.619 (Simulation time: 00 hr 26 min 29 sec)
Heartbeat CPU 1 instructions: 20000005 cycles: 5635757 heartbeat IPC: 3.744 cumulative IPC: 3.549 (Simulation time: 00 hr 26 min 59 sec)
Heartbeat CPU 2 instructions: 20000001 cycles: 5671946 heartbeat IPC: 3.702 cumulative IPC: 3.526 (Simulation time: 00 hr 27 min 09 sec)
num evicts: 700000, p: 0, s: 48487 	 max proactive lookup: 1, max shadow lookup: 3
	evict counters: 255 105 45 21 9 12 7 12 14 7 8 3 4 3 7 4
	eager counters: 226 202 177 64 58 75 32 34 138 28 40 50 49 97 39 56
Heartbeat CPU 3 instructions: 20000005 cycles: 5694715 heartbeat IPC: 3.69 cumulative IPC: 3.512 (Simulation time: 00 hr 27 min 16 sec)
Heartbeat CPU 4 instructions: 20000006 cycles: 5731921 heartbeat IPC: 3.655 cumulative IPC: 3.489 (Simulation time: 00 hr 27 min 27 sec)
Heartbeat CPU 5 instructions: 20000004 cycles: 5755770 heartbeat IPC: 3.63 cumulative IPC: 3.475 (Simulation time: 00 hr 27 min 34 sec)
Heartbeat CPU 6 instructions: 20000005 cycles: 5770248 heartbeat IPC: 3.606 cumulative IPC: 3.466 (Simulation time: 00 hr 27 min 38 sec)
Heartbeat CPU 7 instructions: 20000005 cycles: 5781116 heartbeat IPC: 3.604 cumulative IPC: 3.46 (Simulation time: 00 hr 27 min 41 sec)
num evicts: 800000, p: 0, s: 56924 	 max proactive lookup: 1, max shadow lookup: 3
	evict counters: 255 97 30 29 14 7 4 11 8 18 10 7 4 2 0 2
	eager counters: 244 213 186 67 52 73 24 29 142 35 41 45 53 87 36 57
num evicts: 900000, p: 0, s: 65182 	 max proactive lookup: 1, max shadow lookup: 3
	evict counters: 255 115 23 16 20 7 9 5 9 10 3 8 6 1 0 2
	eager counters: 255 226 199 71 57 38 28 32 116 37 42 45 50 92 35 58
Warmup finished CPU 0 instructions: 25000001 cycles: 6821743 cumulative IPC: 3.665 (Simulation time: 00 hr 32 min 41 sec)
Warmup finished CPU 1 instructions: 25000004 cycles: 6934444 cumulative IPC: 3.605 (Simulation time: 00 hr 33 min 11 sec)
Warmup finished CPU 2 instructions: 25000003 cycles: 6980004 cumulative IPC: 3.582 (Simulation time: 00 hr 33 min 23 sec)
Warmup finished CPU 3 instructions: 25000001 cycles: 7027924 cumulative IPC: 3.557 (Simulation time: 00 hr 33 min 36 sec)
Warmup finished CPU 4 instructions: 25000004 cycles: 7094028 cumulative IPC: 3.524 (Simulation time: 00 hr 33 min 55 sec)
Warmup finished CPU 5 instructions: 25000002 cycles: 7119254 cumulative IPC: 3.512 (Simulation time: 00 hr 34 min 02 sec)
Warmup finished CPU 6 instructions: 25000002 cycles: 7135294 cumulative IPC: 3.504 (Simulation time: 00 hr 34 min 07 sec)
Warmup finished CPU 7 instructions: 25000004 cycles: 7161333 cumulative IPC: 3.491 (Simulation time: 00 hr 34 min 14 sec)
Warmup complete CPU 7 instructions: 25000004 cycles: 7161333 cumulative IPC: 3.491 (Simulation time: 00 hr 34 min 14 sec)
Warmup complete CPU 6 instructions: 25104158 cycles: 7161333 cumulative IPC: 3.506 (Simulation time: 00 hr 34 min 14 sec)
Warmup complete CPU 5 instructions: 25168318 cycles: 7161333 cumulative IPC: 3.514 (Simulation time: 00 hr 34 min 14 sec)
Warmup complete CPU 4 instructions: 25269222 cycles: 7161333 cumulative IPC: 3.529 (Simulation time: 00 hr 34 min 14 sec)
Warmup complete CPU 3 instructions: 25533637 cycles: 7161333 cumulative IPC: 3.565 (Simulation time: 00 hr 34 min 14 sec)
Warmup complete CPU 2 instructions: 25723893 cycles: 7161333 cumulative IPC: 3.592 (Simulation time: 00 hr 34 min 14 sec)
Warmup complete CPU 1 instructions: 25901058 cycles: 7161333 cumulative IPC: 3.617 (Simulation time: 00 hr 34 min 14 sec)
Warmup complete CPU 0 instructions: 26337125 cycles: 7161333 cumulative IPC: 3.678 (Simulation time: 00 hr 34 min 14 sec)
num evicts: 1000000, p: 0, s: 77418 	 max proactive lookup: 1, max shadow lookup: 3
	evict counters: 255 108 9 9 3 3 5 0 3 3 4 3 1 1 0 0
	eager counters: 255 241 211 62 34 48 23 22 98 26 28 43 24 73 28 33
num evicts: 1100000, p: 0, s: 85845 	 max proactive lookup: 1, max shadow lookup: 3
	evict counters: 255 124 15 25 12 7 3 6 8 2 3 4 2 4 0 0
	eager counters: 255 252 176 69 37 42 22 30 71 20 25 40 17 58 25 30
num evicts: 1200000, p: 0, s: 95519 	 max proactive lookup: 1, max shadow lookup: 3
	evict counters: 255 67 28 15 1 18 6 6 3 5 3 5 5 1 1 1
	eager counters: 255 229 192 78 22 52 32 40 72 24 26 45 25 62 26 33
Heartbeat CPU 0 instructions: 30000007 cycles: 11811580 heartbeat IPC: 1.591 cumulative IPC: 0.7877 (Simulation time: 00 hr 44 min 43 sec)
Heartbeat CPU 1 instructions: 30000007 cycles: 11852966 heartbeat IPC: 1.608 cumulative IPC: 0.8737 (Simulation time: 00 hr 44 min 48 sec)
Heartbeat CPU 2 instructions: 30000002 cycles: 12092766 heartbeat IPC: 1.557 cumulative IPC: 0.8671 (Simulation time: 00 hr 45 min 20 sec)
Heartbeat CPU 3 instructions: 30000007 cycles: 12275476 heartbeat IPC: 1.52 cumulative IPC: 0.8733 (Simulation time: 00 hr 45 min 41 sec)
Heartbeat CPU 5 instructions: 30000007 cycles: 12400431 heartbeat IPC: 1.505 cumulative IPC: 0.9222 (Simulation time: 00 hr 45 min 55 sec)
Heartbeat CPU 4 instructions: 30000007 cycles: 12439467 heartbeat IPC: 1.491 cumulative IPC: 0.8963 (Simulation time: 00 hr 46 min 00 sec)
Heartbeat CPU 6 instructions: 30000007 cycles: 12447746 heartbeat IPC: 1.498 cumulative IPC: 0.9261 (Simulation time: 00 hr 46 min 01 sec)
Heartbeat CPU 7 instructions: 30000007 cycles: 12481888 heartbeat IPC: 1.492 cumulative IPC: 0.9398 (Simulation time: 00 hr 46 min 05 sec)
num evicts: 1300000, p: 0, s: 103568 	 max proactive lookup: 1, max shadow lookup: 3
	evict counters: 255 62 44 12 5 4 5 3 3 3 4 5 5 0 2 1
	eager counters: 255 240 209 61 21 42 33 20 44 22 22 40 18 49 26 30
num evicts: 1400000, p: 0, s: 110408 	 max proactive lookup: 1, max shadow lookup: 3
	evict counters: 255 56 53 6 8 8 3 2 12 6 11 8 1 4 1 3
	eager counters: 255 250 217 41 22 47 22 20 45 21 25 38 16 35 23 32
num evicts: 1500000, p: 0, s: 117148 	 max proactive lookup: 1, max shadow lookup: 3
	evict counters: 255 79 42 14 6 3 0 3 2 2 2 1 1 0 0 0
	eager counters: 255 255 227 45 28 42 14 14 37 19 24 24 12 22 13 25
num evicts: 1600000, p: 0, s: 123140 	 max proactive lookup: 1, max shadow lookup: 3
	evict counters: 255 100 47 11 7 9 8 3 3 4 2 1 2 1 0 0
	eager counters: 255 255 241 42 25 47 18 15 34 17 24 20 13 17 10 19
Heartbeat CPU 0 instructions: 40000010 cycles: 20980149 heartbeat IPC: 1.091 cumulative IPC: 0.9887 (Simulation time: 01 hr 07 min 03 sec)
Heartbeat CPU 1 instructions: 40000010 cycles: 20990153 heartbeat IPC: 1.094 cumulative IPC: 1.02 (Simulation time: 01 hr 07 min 05 sec)
Heartbeat CPU 4 instructions: 40000010 cycles: 21002744 heartbeat IPC: 1.168 cumulative IPC: 1.064 (Simulation time: 01 hr 07 min 07 sec)
Heartbeat CPU 2 instructions: 40000005 cycles: 21125937 heartbeat IPC: 1.107 cumulative IPC: 1.022 (Simulation time: 01 hr 07 min 32 sec)
Heartbeat CPU 3 instructions: 40000010 cycles: 21155991 heartbeat IPC: 1.126 cumulative IPC: 1.034 (Simulation time: 01 hr 07 min 38 sec)
Heartbeat CPU 5 instructions: 40000010 cycles: 21494328 heartbeat IPC: 1.1 cumulative IPC: 1.035 (Simulation time: 01 hr 08 min 39 sec)
Heartbeat CPU 6 instructions: 40000010 cycles: 21535816 heartbeat IPC: 1.1 cumulative IPC: 1.036 (Simulation time: 01 hr 08 min 45 sec)
Heartbeat CPU 7 instructions: 40000010 cycles: 21540677 heartbeat IPC: 1.104 cumulative IPC: 1.043 (Simulation time: 01 hr 08 min 46 sec)
num evicts: 1700000, p: 0, s: 130520 	 max proactive lookup: 1, max shadow lookup: 3
	evict counters: 255 106 29 5 8 14 7 3 5 3 0 4 4 2 4 0
	eager counters: 255 241 199 38 17 53 17 18 25 16 20 19 14 16 12 21
num evicts: 1800000, p: 0, s: 137067 	 max proactive lookup: 2, max shadow lookup: 3
	evict counters: 255 131 29 4 12 11 10 5 0 2 4 1 3 4 1 3
	eager counters: 255 251 214 31 23 42 18 15 20 18 18 24 11 14 12 24
num evicts: 1900000, p: 0, s: 143767 	 max proactive lookup: 1, max shadow lookup: 3
	evict counters: 255 90 21 7 5 7 1 5 4 4 1 3 4 2 0 0
	eager counters: 255 255 140 24 15 46 14 16 16 14 9 17 12 11 13 15
num evicts: 2000000, p: 0, s: 151283 	 max proactive lookup: 1, max shadow lookup: 3
	evict counters: 255 110 14 20 5 7 3 7 7 5 2 0 1 2 3 3
	eager counters: 255 255 134 37 21 49 14 20 21 14 14 15 12 11 15 15
Heartbeat CPU 3 instructions: 50000011 cycles: 31348770 heartbeat IPC: 0.9811 cumulative IPC: 1.012 (Simulation time: 01 hr 31 min 55 sec)
Heartbeat CPU 2 instructions: 50000006 cycles: 31429272 heartbeat IPC: 0.9706 cumulative IPC: 1 (Simulation time: 01 hr 32 min 10 sec)
Heartbeat CPU 0 instructions: 50000011 cycles: 31455224 heartbeat IPC: 0.9546 cumulative IPC: 0.974 (Simulation time: 01 hr 32 min 14 sec)
Heartbeat CPU 1 instructions: 50000011 cycles: 31491279 heartbeat IPC: 0.9523 cumulative IPC: 0.9905 (Simulation time: 01 hr 32 min 21 sec)
Heartbeat CPU 4 instructions: 50000011 cycles: 31508456 heartbeat IPC: 0.9519 cumulative IPC: 1.016 (Simulation time: 01 hr 32 min 24 sec)
Heartbeat CPU 5 instructions: 50000011 cycles: 31634125 heartbeat IPC: 0.9862 cumulative IPC: 1.015 (Simulation time: 01 hr 32 min 46 sec)
Simulation finished CPU 4 instructions: 25000003 cycles: 24508069 cumulative IPC: 1.02 (Simulation time: 01 hr 32 min 51 sec)
Heartbeat CPU 6 instructions: 50000011 cycles: 31704559 heartbeat IPC: 0.9834 cumulative IPC: 1.014 (Simulation time: 01 hr 32 min 57 sec)
Simulation finished CPU 5 instructions: 25000000 cycles: 24588805 cumulative IPC: 1.017 (Simulation time: 01 hr 33 min 03 sec)
Simulation finished CPU 7 instructions: 25000001 cycles: 24606865 cumulative IPC: 1.016 (Simulation time: 01 hr 33 min 05 sec)
Heartbeat CPU 7 instructions: 50000010 cycles: 31768199 heartbeat IPC: 0.9778 cumulative IPC: 1.016 (Simulation time: 01 hr 33 min 05 sec)
Simulation finished CPU 6 instructions: 25000004 cycles: 24616568 cumulative IPC: 1.016 (Simulation time: 01 hr 33 min 07 sec)
num evicts: 2100000, p: 0, s: 156201 	 max proactive lookup: 1, max shadow lookup: 2
	evict counters: 255 72 12 12 4 5 2 2 2 0 1 3 3 3 0 0
	eager counters: 255 255 90 32 13 24 9 14 12 11 7 13 7 7 12 13
Simulation finished CPU 3 instructions: 25000000 cycles: 25215664 cumulative IPC: 0.9914 (Simulation time: 01 hr 34 min 18 sec)
Simulation finished CPU 2 instructions: 25000003 cycles: 25543274 cumulative IPC: 0.9787 (Simulation time: 01 hr 34 min 58 sec)
Simulation finished CPU 1 instructions: 25000000 cycles: 25663088 cumulative IPC: 0.9742 (Simulation time: 01 hr 35 min 20 sec)
Simulation finished CPU 0 instructions: 25000003 cycles: 25726224 cumulative IPC: 0.9718 (Simulation time: 01 hr 35 min 34 sec)
Simulation complete CPU 7 instructions: 25718847 cycles: 25726224 cumulative IPC: 0.9997 (Simulation time: 01 hr 35 min 34 sec)
Simulation complete CPU 6 instructions: 25925775 cycles: 25726224 cumulative IPC: 1.008 (Simulation time: 01 hr 35 min 34 sec)
Simulation complete CPU 5 instructions: 25585545 cycles: 25726224 cumulative IPC: 0.9945 (Simulation time: 01 hr 35 min 34 sec)
Simulation complete CPU 4 instructions: 25798797 cycles: 25726224 cumulative IPC: 1.003 (Simulation time: 01 hr 35 min 34 sec)
Simulation complete CPU 3 instructions: 25958228 cycles: 25726224 cumulative IPC: 1.009 (Simulation time: 01 hr 35 min 34 sec)
Simulation complete CPU 2 instructions: 25656540 cycles: 25726224 cumulative IPC: 0.9973 (Simulation time: 01 hr 35 min 34 sec)
Simulation complete CPU 1 instructions: 25225970 cycles: 25726224 cumulative IPC: 0.9806 (Simulation time: 01 hr 35 min 34 sec)
Simulation complete CPU 0 instructions: 25000003 cycles: 25726224 cumulative IPC: 0.9718 (Simulation time: 01 hr 35 min 34 sec)

ChampSim completed all CPUs

=== Simulation ===
CPU 0 runs TRACES/ctf/spec2017/627.cam4_s-490B.champsimtrace.xz
CPU 1 runs TRACES/ctf/spec2017/627.cam4_s-490B.champsimtrace.xz
CPU 2 runs TRACES/ctf/spec2017/627.cam4_s-490B.champsimtrace.xz
CPU 3 runs TRACES/ctf/spec2017/627.cam4_s-490B.champsimtrace.xz
CPU 4 runs TRACES/ctf/spec2017/627.cam4_s-490B.champsimtrace.xz
CPU 5 runs TRACES/ctf/spec2017/627.cam4_s-490B.champsimtrace.xz
CPU 6 runs TRACES/ctf/spec2017/627.cam4_s-490B.champsimtrace.xz
CPU 7 runs TRACES/ctf/spec2017/627.cam4_s-490B.champsimtrace.xz

Total Simulation Statistics (not including warmup)

CPU 7 cumulative IPC: 0.9997 instructions: 25718847 cycles: 25726224
CPU 7 Branch Prediction Accuracy: 100% MPKI: 0 Average ROB Occupancy at Mispredict: -
Branch type MPKI
BRANCH_DIRECT_JUMP: 0
BRANCH_INDIRECT: 0
BRANCH_CONDITIONAL: 0
BRANCH_DIRECT_CALL: 0
BRANCH_INDIRECT_CALL: 0
BRANCH_RETURN: 0


CPU 6 cumulative IPC: 1.008 instructions: 25925775 cycles: 25726224
CPU 6 Branch Prediction Accuracy: 100% MPKI: 0 Average ROB Occupancy at Mispredict: -
Branch type MPKI
BRANCH_DIRECT_JUMP: 0
BRANCH_INDIRECT: 0
BRANCH_CONDITIONAL: 0
BRANCH_DIRECT_CALL: 0
BRANCH_INDIRECT_CALL: 0
BRANCH_RETURN: 0


CPU 5 cumulative IPC: 0.9945 instructions: 25585545 cycles: 25726224
CPU 5 Branch Prediction Accuracy: 100% MPKI: 0 Average ROB Occupancy at Mispredict: -
Branch type MPKI
BRANCH_DIRECT_JUMP: 0
BRANCH_INDIRECT: 0
BRANCH_CONDITIONAL: 0
BRANCH_DIRECT_CALL: 0
BRANCH_INDIRECT_CALL: 0
BRANCH_RETURN: 0


CPU 4 cumulative IPC: 1.003 instructions: 25798797 cycles: 25726224
CPU 4 Branch Prediction Accuracy: 100% MPKI: 0 Average ROB Occupancy at Mispredict: -
Branch type MPKI
BRANCH_DIRECT_JUMP: 0
BRANCH_INDIRECT: 0
BRANCH_CONDITIONAL: 0
BRANCH_DIRECT_CALL: 0
BRANCH_INDIRECT_CALL: 0
BRANCH_RETURN: 0


CPU 3 cumulative IPC: 1.009 instructions: 25958228 cycles: 25726224
CPU 3 Branch Prediction Accuracy: 100% MPKI: 0 Average ROB Occupancy at Mispredict: -
Branch type MPKI
BRANCH_DIRECT_JUMP: 0
BRANCH_INDIRECT: 0
BRANCH_CONDITIONAL: 0
BRANCH_DIRECT_CALL: 0
BRANCH_INDIRECT_CALL: 0
BRANCH_RETURN: 0


CPU 2 cumulative IPC: 0.9973 instructions: 25656540 cycles: 25726224
CPU 2 Branch Prediction Accuracy: 100% MPKI: 0 Average ROB Occupancy at Mispredict: -
Branch type MPKI
BRANCH_DIRECT_JUMP: 0
BRANCH_INDIRECT: 0
BRANCH_CONDITIONAL: 0
BRANCH_DIRECT_CALL: 0
BRANCH_INDIRECT_CALL: 0
BRANCH_RETURN: 0


CPU 1 cumulative IPC: 0.9806 instructions: 25225970 cycles: 25726224
CPU 1 Branch Prediction Accuracy: 100% MPKI: 0 Average ROB Occupancy at Mispredict: -
Branch type MPKI
BRANCH_DIRECT_JUMP: 0
BRANCH_INDIRECT: 0
BRANCH_CONDITIONAL: 0
BRANCH_DIRECT_CALL: 0
BRANCH_INDIRECT_CALL: 0
BRANCH_RETURN: 0


CPU 0 cumulative IPC: 0.9718 instructions: 25000003 cycles: 25726224
CPU 0 Branch Prediction Accuracy: 100% MPKI: 0 Average ROB Occupancy at Mispredict: -
Branch type MPKI
BRANCH_DIRECT_JUMP: 0
BRANCH_INDIRECT: 0
BRANCH_CONDITIONAL: 0
BRANCH_DIRECT_CALL: 0
BRANCH_INDIRECT_CALL: 0
BRANCH_RETURN: 0

cpu7->cpu7_L2C TOTAL        ACCESS:     662503 HIT:     372080 MISS:     290423 MSHR_MERGE:          0
cpu7->cpu7_L2C LOAD         ACCESS:     329398 HIT:     168140 MISS:     161258 MSHR_MERGE:          0
cpu7->cpu7_L2C RFO          ACCESS:     136133 HIT:       7016 MISS:     129117 MSHR_MERGE:          0
cpu7->cpu7_L2C PREFETCH     ACCESS:          0 HIT:          0 MISS:          0 MSHR_MERGE:          0
cpu7->cpu7_L2C WRITE        ACCESS:     196972 HIT:     196924 MISS:         48 MSHR_MERGE:          0
cpu7->cpu7_L2C TRANSLATION  ACCESS:          0 HIT:          0 MISS:          0 MSHR_MERGE:          0
cpu7->cpu7_L2C PREFETCH REQUESTED:          0 ISSUED:          0 USEFUL:          0 USELESS:          0
cpu7->cpu7_L2C AVERAGE MISS LATENCY: 187.3 cycles
cpu7->cpu7_L1I TOTAL        ACCESS:    4893791 HIT:    4892173 MISS:       1618 MSHR_MERGE:       1104
cpu7->cpu7_L1I LOAD         ACCESS:    4893791 HIT:    4892173 MISS:       1618 MSHR_MERGE:       1104
cpu7->cpu7_L1I RFO          ACCESS:          0 HIT:          0 MISS:          0 MSHR_MERGE:          0
cpu7->cpu7_L1I PREFETCH     ACCESS:          0 HIT:          0 MISS:          0 MSHR_MERGE:          0
cpu7->cpu7_L1I WRITE        ACCESS:          0 HIT:          0 MISS:          0 MSHR_MERGE:          0
cpu7->cpu7_L1I TRANSLATION  ACCESS:          0 HIT:          0 MISS:          0 MSHR_MERGE:          0
cpu7->cpu7_L1I PREFETCH REQUESTED:          0 ISSUED:          0 USEFUL:          0 USELESS:          0
cpu7->cpu7_L1I AVERAGE MISS LATENCY: 409.7 cycles
cpu7->cpu7_L1D TOTAL        ACCESS:    5172682 HIT:    3779266 MISS:    1393416 MSHR_MERGE:     928398
cpu7->cpu7_L1D LOAD         ACCESS:    3469977 HIT:    2709792 MISS:     760185 MSHR_MERGE:     431301
cpu7->cpu7_L1D RFO          ACCESS:          0 HIT:          0 MISS:          0 MSHR_MERGE:          0
cpu7->cpu7_L1D PREFETCH     ACCESS:          0 HIT:          0 MISS:          0 MSHR_MERGE:          0
cpu7->cpu7_L1D WRITE        ACCESS:    1702705 HIT:    1069474 MISS:     633231 MSHR_MERGE:     497097
cpu7->cpu7_L1D TRANSLATION  ACCESS:          0 HIT:          0 MISS:          0 MSHR_MERGE:          0
cpu7->cpu7_L1D PREFETCH REQUESTED:          0 ISSUED:          0 USEFUL:          0 USELESS:          0
cpu7->cpu7_L1D AVERAGE MISS LATENCY: 125.2 cycles
cpu7->cpu7_ITLB TOTAL        ACCESS:    4301697 HIT:    4301697 MISS:          0 MSHR_MERGE:          0
cpu7->cpu7_ITLB LOAD         ACCESS:    4301697 HIT:    4301697 MISS:          0 MSHR_MERGE:          0
cpu7->cpu7_ITLB RFO          ACCESS:          0 HIT:          0 MISS:          0 MSHR_MERGE:          0
cpu7->cpu7_ITLB PREFETCH     ACCESS:          0 HIT:          0 MISS:          0 MSHR_MERGE:          0
cpu7->cpu7_ITLB WRITE        ACCESS:          0 HIT:          0 MISS:          0 MSHR_MERGE:          0
cpu7->cpu7_ITLB TRANSLATION  ACCESS:          0 HIT:          0 MISS:          0 MSHR_MERGE:          0
cpu7->cpu7_ITLB PREFETCH REQUESTED:          0 ISSUED:          0 USEFUL:          0 USELESS:          0
cpu7->cpu7_ITLB AVERAGE MISS LATENCY: - cycles
cpu7->cpu7_DTLB TOTAL        ACCESS:    4597926 HIT:    4597926 MISS:          0 MSHR_MERGE:          0
cpu7->cpu7_DTLB LOAD         ACCESS:    4597926 HIT:    4597926 MISS:          0 MSHR_MERGE:          0
cpu7->cpu7_DTLB RFO          ACCESS:          0 HIT:          0 MISS:          0 MSHR_MERGE:          0
cpu7->cpu7_DTLB PREFETCH     ACCESS:          0 HIT:          0 MISS:          0 MSHR_MERGE:          0
cpu7->cpu7_DTLB WRITE        ACCESS:          0 HIT:          0 MISS:          0 MSHR_MERGE:          0
cpu7->cpu7_DTLB TRANSLATION  ACCESS:          0 HIT:          0 MISS:          0 MSHR_MERGE:          0
cpu7->cpu7_DTLB PREFETCH REQUESTED:          0 ISSUED:          0 USEFUL:          0 USELESS:          0
cpu7->cpu7_DTLB AVERAGE MISS LATENCY: - cycles
cpu6->cpu6_L2C TOTAL        ACCESS:     660952 HIT:     371709 MISS:     289243 MSHR_MERGE:          0
cpu6->cpu6_L2C LOAD         ACCESS:     328784 HIT:     168226 MISS:     160558 MSHR_MERGE:          0
cpu6->cpu6_L2C RFO          ACCESS:     135656 HIT:       7018 MISS:     128638 MSHR_MERGE:          0
cpu6->cpu6_L2C PREFETCH     ACCESS:          0 HIT:          0 MISS:          0 MSHR_MERGE:          0
cpu6->cpu6_L2C WRITE        ACCESS:     196512 HIT:     196465 MISS:         47 MSHR_MERGE:          0
cpu6->cpu6_L2C TRANSLATION  ACCESS:          0 HIT:          0 MISS:          0 MSHR_MERGE:          0
cpu6->cpu6_L2C PREFETCH REQUESTED:          0 ISSUED:          0 USEFUL:          0 USELESS:          0
cpu6->cpu6_L2C AVERAGE MISS LATENCY: 191.5 cycles
cpu6->cpu6_L1I TOTAL        ACCESS:    4924388 HIT:    4922759 MISS:       1629 MSHR_MERGE:       1115
cpu6->cpu6_L1I LOAD         ACCESS:    4924388 HIT:    4922759 MISS:       1629 MSHR_MERGE:       1115
cpu6->cpu6_L1I RFO          ACCESS:          0 HIT:          0 MISS:          0 MSHR_MERGE:          0
cpu6->cpu6_L1I PREFETCH     ACCESS:          0 HIT:          0 MISS:          0 MSHR_MERGE:          0
cpu6->cpu6_L1I WRITE        ACCESS:          0 HIT:          0 MISS:          0 MSHR_MERGE:          0
cpu6->cpu6_L1I TRANSLATION  ACCESS:          0 HIT:          0 MISS:          0 MSHR_MERGE:          0
cpu6->cpu6_L1I PREFETCH REQUESTED:          0 ISSUED:          0 USEFUL:          0 USELESS:          0
cpu6->cpu6_L1I AVERAGE MISS LATENCY: 413.9 cycles
cpu6->cpu6_L1D TOTAL        ACCESS:    5177337 HIT:    3787727 MISS:    1389610 MSHR_MERGE:     925684
cpu6->cpu6_L1D LOAD         ACCESS:    3475849 HIT:    2720460 MISS:     755389 MSHR_MERGE:     427119
cpu6->cpu6_L1D RFO          ACCESS:          0 HIT:          0 MISS:          0 MSHR_MERGE:          0
cpu6->cpu6_L1D PREFETCH     ACCESS:          0 HIT:          0 MISS:          0 MSHR_MERGE:          0
cpu6->cpu6_L1D WRITE        ACCESS:    1701488 HIT:    1067267 MISS:     634221 MSHR_MERGE:     498565
cpu6->cpu6_L1D TRANSLATION  ACCESS:          0 HIT:          0 MISS:          0 MSHR_MERGE:          0
cpu6->cpu6_L1D PREFETCH REQUESTED:          0 ISSUED:          0 USEFUL:          0 USELESS:          0
cpu6->cpu6_L1D AVERAGE MISS LATENCY: 127.6 cycles
cpu6->cpu6_ITLB TOTAL        ACCESS:    4329613 HIT:    4329613 MISS:          0 MSHR_MERGE:          0
cpu6->cpu6_ITLB LOAD         ACCESS:    4329613 HIT:    4329613 MISS:          0 MSHR_MERGE:          0
cpu6->cpu6_ITLB RFO          ACCESS:          0 HIT:          0 MISS:          0 MSHR_MERGE:          0
cpu6->cpu6_ITLB PREFETCH     ACCESS:          0 HIT:          0 MISS:          0 MSHR_MERGE:          0
cpu6->cpu6_ITLB WRITE        ACCESS:          0 HIT:          0 MISS:          0 MSHR_MERGE:          0
cpu6->cpu6_ITLB TRANSLATION  ACCESS:          0 HIT:          0 MISS:          0 MSHR_MERGE:          0
cpu6->cpu6_ITLB PREFETCH REQUESTED:          0 ISSUED:          0 USEFUL:          0 USELESS:          0
cpu6->cpu6_ITLB AVERAGE MISS LATENCY: - cycles
cpu6->cpu6_DTLB TOTAL        ACCESS:    4603578 HIT:    4603578 MISS:          0 MSHR_MERGE:          0
cpu6->cpu6_DTLB LOAD         ACCESS:    4603578 HIT:    4603578 MISS:          0 MSHR_MERGE:          0
cpu6->cpu6_DTLB RFO          ACCESS:          0 HIT:          0 MISS:          0 MSHR_MERGE:          0
cpu6->cpu6_DTLB PREFETCH     ACCESS:          0 HIT:          0 MISS:          0 MSHR_MERGE:          0
cpu6->cpu6_DTLB WRITE        ACCESS:          0 HIT:          0 MISS:          0 MSHR_MERGE:          0
cpu6->cpu6_DTLB TRANSLATION  ACCESS:          0 HIT:          0 MISS:          0 MSHR_MERGE:          0
cpu6->cpu6_DTLB PREFETCH REQUESTED:          0 ISSUED:          0 USEFUL:          0 USELESS:          0
cpu6->cpu6_DTLB AVERAGE MISS LATENCY: - cycles
cpu5->cpu5_L2C TOTAL        ACCESS:     656756 HIT:     368635 MISS:     288121 MSHR_MERGE:          0
cpu5->cpu5_L2C LOAD         ACCESS:     325974 HIT:     166127 MISS:     159847 MSHR_MERGE:          0
cpu5->cpu5_L2C RFO          ACCESS:     135245 HIT:       7018 MISS:     128227 MSHR_MERGE:          0
cpu5->cpu5_L2C PREFETCH     ACCESS:          0 HIT:          0 MISS:          0 MSHR_MERGE:          0
cpu5->cpu5_L2C WRITE        ACCESS:     195537 HIT:     195490 MISS:         47 MSHR_MERGE:          0
cpu5->cpu5_L2C TRANSLATION  ACCESS:          0 HIT:          0 MISS:          0 MSHR_MERGE:          0
cpu5->cpu5_L2C PREFETCH REQUESTED:          0 ISSUED:          0 USEFUL:          0 USELESS:          0
cpu5->cpu5_L2C AVERAGE MISS LATENCY: 192.1 cycles
cpu5->cpu5_L1I TOTAL        ACCESS:    4865861 HIT:    4864253 MISS:       1608 MSHR_MERGE:       1094
cpu5->cpu5_L1I LOAD         ACCESS:    4865861 HIT:    4864253 MISS:       1608 MSHR_MERGE:       1094
cpu5->cpu5_L1I RFO          ACCESS:          0 HIT:          0 MISS:          0 MSHR_MERGE:          0
cpu5->cpu5_L1I PREFETCH     ACCESS:          0 HIT:          0 MISS:          0 MSHR_MERGE:          0
cpu5->cpu5_L1I WRITE        ACCESS:          0 HIT:          0 MISS:          0 MSHR_MERGE:          0
cpu5->cpu5_L1I TRANSLATION  ACCESS:          0 HIT:          0 MISS:          0 MSHR_MERGE:          0
cpu5->cpu5_L1I PREFETCH REQUESTED:          0 ISSUED:          0 USEFUL:          0 USELESS:          0
cpu5->cpu5_L1I AVERAGE MISS LATENCY: 451.9 cycles
cpu5->cpu5_L1D TOTAL        ACCESS:    5140007 HIT:    3762388 MISS:    1377619 MSHR_MERGE:     916914
cpu5->cpu5_L1D LOAD         ACCESS:    3446202 HIT:    2698018 MISS:     748184 MSHR_MERGE:     422724
cpu5->cpu5_L1D RFO          ACCESS:          0 HIT:          0 MISS:          0 MSHR_MERGE:          0
cpu5->cpu5_L1D PREFETCH     ACCESS:          0 HIT:          0 MISS:          0 MSHR_MERGE:          0
cpu5->cpu5_L1D WRITE        ACCESS:    1693805 HIT:    1064370 MISS:     629435 MSHR_MERGE:     494190
cpu5->cpu5_L1D TRANSLATION  ACCESS:          0 HIT:          0 MISS:          0 MSHR_MERGE:          0
cpu5->cpu5_L1D PREFETCH REQUESTED:          0 ISSUED:          0 USEFUL:          0 USELESS:          0
cpu5->cpu5_L1D AVERAGE MISS LATENCY: 128.3 cycles
cpu5->cpu5_ITLB TOTAL        ACCESS:    4278912 HIT:    4278912 MISS:          0 MSHR_MERGE:          0
cpu5->cpu5_ITLB LOAD         ACCESS:    4278912 HIT:    4278912 MISS:          0 MSHR_MERGE:          0
cpu5->cpu5_ITLB RFO          ACCESS:          0 HIT:          0 MISS:          0 MSHR_MERGE:          0
cpu5->cpu5_ITLB PREFETCH     ACCESS:          0 HIT:          0 MISS:          0 MSHR_MERGE:          0
cpu5->cpu5_ITLB WRITE        ACCESS:          0 HIT:          0 MISS:          0 MSHR_MERGE:          0
cpu5->cpu5_ITLB TRANSLATION  ACCESS:          0 HIT:          0 MISS:          0 MSHR_MERGE:          0
cpu5->cpu5_ITLB PREFETCH REQUESTED:          0 ISSUED:          0 USEFUL:          0 USELESS:          0
cpu5->cpu5_ITLB AVERAGE MISS LATENCY: - cycles
cpu5->cpu5_DTLB TOTAL        ACCESS:    4562517 HIT:    4562517 MISS:          0 MSHR_MERGE:          0
cpu5->cpu5_DTLB LOAD         ACCESS:    4562517 HIT:    4562517 MISS:          0 MSHR_MERGE:          0
cpu5->cpu5_DTLB RFO          ACCESS:          0 HIT:          0 MISS:          0 MSHR_MERGE:          0
cpu5->cpu5_DTLB PREFETCH     ACCESS:          0 HIT:          0 MISS:          0 MSHR_MERGE:          0
cpu5->cpu5_DTLB WRITE        ACCESS:          0 HIT:          0 MISS:          0 MSHR_MERGE:          0
cpu5->cpu5_DTLB TRANSLATION  ACCESS:          0 HIT:          0 MISS:          0 MSHR_MERGE:          0
cpu5->cpu5_DTLB PREFETCH REQUESTED:          0 ISSUED:          0 USEFUL:          0 USELESS:          0
cpu5->cpu5_DTLB AVERAGE MISS LATENCY: - cycles
cpu4->cpu4_L2C TOTAL        ACCESS:     654746 HIT:     369019 MISS:     285727 MSHR_MERGE:          0
cpu4->cpu4_L2C LOAD         ACCESS:     324738 HIT:     166639 MISS:     158099 MSHR_MERGE:          0
cpu4->cpu4_L2C RFO          ACCESS:     134598 HIT:       7017 MISS:     127581 MSHR_MERGE:          0
cpu4->cpu4_L2C PREFETCH     ACCESS:          0 HIT:          0 MISS:          0 MSHR_MERGE:          0
cpu4->cpu4_L2C WRITE        ACCESS:     195410 HIT:     195363 MISS:         47 MSHR_MERGE:          0
cpu4->cpu4_L2C TRANSLATION  ACCESS:          0 HIT:          0 MISS:          0 MSHR_MERGE:          0
cpu4->cpu4_L2C PREFETCH REQUESTED:          0 ISSUED:          0 USEFUL:          0 USELESS:          0
cpu4->cpu4_L2C AVERAGE MISS LATENCY: 198.5 cycles
cpu4->cpu4_L1I TOTAL        ACCESS:    4897679 HIT:    4896073 MISS:       1606 MSHR_MERGE:       1092
cpu4->cpu4_L1I LOAD         ACCESS:    4897679 HIT:    4896073 MISS:       1606 MSHR_MERGE:       1092
cpu4->cpu4_L1I RFO          ACCESS:          0 HIT:          0 MISS:          0 MSHR_MERGE:          0
cpu4->cpu4_L1I PREFETCH     ACCESS:          0 HIT:          0 MISS:          0 MSHR_MERGE:          0
cpu4->cpu4_L1I WRITE        ACCESS:          0 HIT:          0 MISS:          0 MSHR_MERGE:          0
cpu4->cpu4_L1I TRANSLATION  ACCESS:          0 HIT:          0 MISS:          0 MSHR_MERGE:          0
cpu4->cpu4_L1I PREFETCH REQUESTED:          0 ISSUED:          0 USEFUL:          0 USELESS:          0
cpu4->cpu4_L1I AVERAGE MISS LATENCY: 407.3 cycles
cpu4->cpu4_L1D TOTAL        ACCESS:    5142123 HIT:    3765431 MISS:    1376692 MSHR_MERGE:     917870
cpu4->cpu4_L1D LOAD         ACCESS:    3448193 HIT:    2705078 MISS:     743115 MSHR_MERGE:     418891
cpu4->cpu4_L1D RFO          ACCESS:          0 HIT:          0 MISS:          0 MSHR_MERGE:          0
cpu4->cpu4_L1D PREFETCH     ACCESS:          0 HIT:          0 MISS:          0 MSHR_MERGE:          0
cpu4->cpu4_L1D WRITE        ACCESS:    1693930 HIT:    1060353 MISS:     633577 MSHR_MERGE:     498979
cpu4->cpu4_L1D TRANSLATION  ACCESS:          0 HIT:          0 MISS:          0 MSHR_MERGE:          0
cpu4->cpu4_L1D PREFETCH REQUESTED:          0 ISSUED:          0 USEFUL:          0 USELESS:          0
cpu4->cpu4_L1D AVERAGE MISS LATENCY: 131.8 cycles
cpu4->cpu4_ITLB TOTAL        ACCESS:    4304187 HIT:    4304187 MISS:          0 MSHR_MERGE:          0
cpu4->cpu4_ITLB LOAD         ACCESS:    4304187 HIT:    4304187 MISS:          0 MSHR_MERGE:          0
cpu4->cpu4_ITLB RFO          ACCESS:          0 HIT:          0 MISS:          0 MSHR_MERGE:          0
cpu4->cpu4_ITLB PREFETCH     ACCESS:          0 HIT:          0 MISS:          0 MSHR_MERGE:          0
cpu4->cpu4_ITLB WRITE        ACCESS:          0 HIT:          0 MISS:          0 MSHR_MERGE:          0
cpu4->cpu4_ITLB TRANSLATION  ACCESS:          0 HIT:          0 MISS:          0 MSHR_MERGE:          0
cpu4->cpu4_ITLB PREFETCH REQUESTED:          0 ISSUED:          0 USEFUL:          0 USELESS:          0
cpu4->cpu4_ITLB AVERAGE MISS LATENCY: - cycles
cpu4->cpu4_DTLB TOTAL        ACCESS:    4565971 HIT:    4565971 MISS:          0 MSHR_MERGE:          0
cpu4->cpu4_DTLB LOAD         ACCESS:    4565971 HIT:    4565971 MISS:          0 MSHR_MERGE:          0
cpu4->cpu4_DTLB RFO          ACCESS:          0 HIT:          0 MISS:          0 MSHR_MERGE:          0
cpu4->cpu4_DTLB PREFETCH     ACCESS:          0 HIT:          0 MISS:          0 MSHR_MERGE:          0
cpu4->cpu4_DTLB WRITE        ACCESS:          0 HIT:          0 MISS:          0 MSHR_MERGE:          0
cpu4->cpu4_DTLB TRANSLATION  ACCESS:          0 HIT:          0 MISS:          0 MSHR_MERGE:          0
cpu4->cpu4_DTLB PREFETCH REQUESTED:          0 ISSUED:          0 USEFUL:          0 USELESS:          0
cpu4->cpu4_DTLB AVERAGE MISS LATENCY: - cycles
cpu3->cpu3_L2C TOTAL        ACCESS:     658269 HIT:     374018 MISS:     284251 MSHR_MERGE:          0
cpu3->cpu3_L2C LOAD         ACCESS:     324689 HIT:     170269 MISS:     154420 MSHR_MERGE:          0
cpu3->cpu3_L2C RFO          ACCESS:     136803 HIT:       7019 MISS:     129784 MSHR_MERGE:          0
cpu3->cpu3_L2C PREFETCH     ACCESS:          0 HIT:          0 MISS:          0 MSHR_MERGE:          0
cpu3->cpu3_L2C WRITE        ACCESS:     196777 HIT:     196730 MISS:         47 MSHR_MERGE:          0
cpu3->cpu3_L2C TRANSLATION  ACCESS:          0 HIT:          0 MISS:          0 MSHR_MERGE:          0
cpu3->cpu3_L2C PREFETCH REQUESTED:          0 ISSUED:          0 USEFUL:          0 USELESS:          0
cpu3->cpu3_L2C AVERAGE MISS LATENCY: 189.3 cycles
cpu3->cpu3_L1I TOTAL        ACCESS:    4935017 HIT:    4933388 MISS:       1629 MSHR_MERGE:       1118
cpu3->cpu3_L1I LOAD         ACCESS:    4935017 HIT:    4933388 MISS:       1629 MSHR_MERGE:       1118
cpu3->cpu3_L1I RFO          ACCESS:          0 HIT:          0 MISS:          0 MSHR_MERGE:          0
cpu3->cpu3_L1I PREFETCH     ACCESS:          0 HIT:          0 MISS:          0 MSHR_MERGE:          0
cpu3->cpu3_L1I WRITE        ACCESS:          0 HIT:          0 MISS:          0 MSHR_MERGE:          0
cpu3->cpu3_L1I TRANSLATION  ACCESS:          0 HIT:          0 MISS:          0 MSHR_MERGE:          0
cpu3->cpu3_L1I PREFETCH REQUESTED:          0 ISSUED:          0 USEFUL:          0 USELESS:          0
cpu3->cpu3_L1I AVERAGE MISS LATENCY: 403.2 cycles
cpu3->cpu3_L1D TOTAL        ACCESS:    5160006 HIT:    3786929 MISS:    1373077 MSHR_MERGE:     912095
cpu3->cpu3_L1D LOAD         ACCESS:    3456854 HIT:    2718737 MISS:     738117 MSHR_MERGE:     413939
cpu3->cpu3_L1D RFO          ACCESS:          0 HIT:          0 MISS:          0 MSHR_MERGE:          0
cpu3->cpu3_L1D PREFETCH     ACCESS:          0 HIT:          0 MISS:          0 MSHR_MERGE:          0
cpu3->cpu3_L1D WRITE        ACCESS:    1703152 HIT:    1068192 MISS:     634960 MSHR_MERGE:     498156
cpu3->cpu3_L1D TRANSLATION  ACCESS:          0 HIT:          0 MISS:          0 MSHR_MERGE:          0
cpu3->cpu3_L1D PREFETCH REQUESTED:          0 ISSUED:          0 USEFUL:          0 USELESS:          0
cpu3->cpu3_L1D AVERAGE MISS LATENCY: 125 cycles
cpu3->cpu3_ITLB TOTAL        ACCESS:    4337252 HIT:    4337252 MISS:          0 MSHR_MERGE:          0
cpu3->cpu3_ITLB LOAD         ACCESS:    4337252 HIT:    4337252 MISS:          0 MSHR_MERGE:          0
cpu3->cpu3_ITLB RFO          ACCESS:          0 HIT:          0 MISS:          0 MSHR_MERGE:          0
cpu3->cpu3_ITLB PREFETCH     ACCESS:          0 HIT:          0 MISS:          0 MSHR_MERGE:          0
cpu3->cpu3_ITLB WRITE        ACCESS:          0 HIT:          0 MISS:          0 MSHR_MERGE:          0
cpu3->cpu3_ITLB TRANSLATION  ACCESS:          0 HIT:          0 MISS:          0 MSHR_MERGE:          0
cpu3->cpu3_ITLB PREFETCH REQUESTED:          0 ISSUED:          0 USEFUL:          0 USELESS:          0
cpu3->cpu3_ITLB AVERAGE MISS LATENCY: - cycles
cpu3->cpu3_DTLB TOTAL        ACCESS:    4575436 HIT:    4575436 MISS:          0 MSHR_MERGE:          0
cpu3->cpu3_DTLB LOAD         ACCESS:    4575436 HIT:    4575436 MISS:          0 MSHR_MERGE:          0
cpu3->cpu3_DTLB RFO          ACCESS:          0 HIT:          0 MISS:          0 MSHR_MERGE:          0
cpu3->cpu3_DTLB PREFETCH     ACCESS:          0 HIT:          0 MISS:          0 MSHR_MERGE:          0
cpu3->cpu3_DTLB WRITE        ACCESS:          0 HIT:          0 MISS:          0 MSHR_MERGE:          0
cpu3->cpu3_DTLB TRANSLATION  ACCESS:          0 HIT:          0 MISS:          0 MSHR_MERGE:          0
cpu3->cpu3_DTLB PREFETCH REQUESTED:          0 ISSUED:          0 USEFUL:          0 USELESS:          0
cpu3->cpu3_DTLB AVERAGE MISS LATENCY: - cycles
cpu2->cpu2_L2C TOTAL        ACCESS:     642763 HIT:     364674 MISS:     278089 MSHR_MERGE:          0
cpu2->cpu2_L2C LOAD         ACCESS:     317867 HIT:     165297 MISS:     152570 MSHR_MERGE:          0
cpu2->cpu2_L2C RFO          ACCESS:     132484 HIT:       7012 MISS:     125472 MSHR_MERGE:          0
cpu2->cpu2_L2C PREFETCH     ACCESS:          0 HIT:          0 MISS:          0 MSHR_MERGE:          0
cpu2->cpu2_L2C WRITE        ACCESS:     192412 HIT:     192365 MISS:         47 MSHR_MERGE:          0
cpu2->cpu2_L2C TRANSLATION  ACCESS:          0 HIT:          0 MISS:          0 MSHR_MERGE:          0
cpu2->cpu2_L2C PREFETCH REQUESTED:          0 ISSUED:          0 USEFUL:          0 USELESS:          0
cpu2->cpu2_L2C AVERAGE MISS LATENCY: 195.9 cycles
cpu2->cpu2_L1I TOTAL        ACCESS:    4870611 HIT:    4868997 MISS:       1614 MSHR_MERGE:       1104
cpu2->cpu2_L1I LOAD         ACCESS:    4870611 HIT:    4868997 MISS:       1614 MSHR_MERGE:       1104
cpu2->cpu2_L1I RFO          ACCESS:          0 HIT:          0 MISS:          0 MSHR_MERGE:          0
cpu2->cpu2_L1I PREFETCH     ACCESS:          0 HIT:          0 MISS:          0 MSHR_MERGE:          0
cpu2->cpu2_L1I WRITE        ACCESS:          0 HIT:          0 MISS:          0 MSHR_MERGE:          0
cpu2->cpu2_L1I TRANSLATION  ACCESS:          0 HIT:          0 MISS:          0 MSHR_MERGE:          0
cpu2->cpu2_L1I PREFETCH REQUESTED:          0 ISSUED:          0 USEFUL:          0 USELESS:          0
cpu2->cpu2_L1I AVERAGE MISS LATENCY: 397.5 cycles
cpu2->cpu2_L1D TOTAL        ACCESS:    5064375 HIT:    3717892 MISS:    1346483 MSHR_MERGE:     896641
cpu2->cpu2_L1D LOAD         ACCESS:    3389466 HIT:    2665017 MISS:     724449 MSHR_MERGE:     407092
cpu2->cpu2_L1D RFO          ACCESS:          0 HIT:          0 MISS:          0 MSHR_MERGE:          0
cpu2->cpu2_L1D PREFETCH     ACCESS:          0 HIT:          0 MISS:          0 MSHR_MERGE:          0
cpu2->cpu2_L1D WRITE        ACCESS:    1674909 HIT:    1052875 MISS:     622034 MSHR_MERGE:     489549
cpu2->cpu2_L1D TRANSLATION  ACCESS:          0 HIT:          0 MISS:          0 MSHR_MERGE:          0
cpu2->cpu2_L1D PREFETCH REQUESTED:          0 ISSUED:          0 USEFUL:          0 USELESS:          0
cpu2->cpu2_L1D AVERAGE MISS LATENCY: 129.3 cycles
cpu2->cpu2_ITLB TOTAL        ACCESS:    4273152 HIT:    4273152 MISS:          0 MSHR_MERGE:          0
cpu2->cpu2_ITLB LOAD         ACCESS:    4273152 HIT:    4273152 MISS:          0 MSHR_MERGE:          0
cpu2->cpu2_ITLB RFO          ACCESS:          0 HIT:          0 MISS:          0 MSHR_MERGE:          0
cpu2->cpu2_ITLB PREFETCH     ACCESS:          0 HIT:          0 MISS:          0 MSHR_MERGE:          0
cpu2->cpu2_ITLB WRITE        ACCESS:          0 HIT:          0 MISS:          0 MSHR_MERGE:          0
cpu2->cpu2_ITLB TRANSLATION  ACCESS:          0 HIT:          0 MISS:          0 MSHR_MERGE:          0
cpu2->cpu2_ITLB PREFETCH REQUESTED:          0 ISSUED:          0 USEFUL:          0 USELESS:          0
cpu2->cpu2_ITLB AVERAGE MISS LATENCY: - cycles
cpu2->cpu2_DTLB TOTAL        ACCESS:    4492324 HIT:    4492324 MISS:          0 MSHR_MERGE:          0
cpu2->cpu2_DTLB LOAD         ACCESS:    4492324 HIT:    4492324 MISS:          0 MSHR_MERGE:          0
cpu2->cpu2_DTLB RFO          ACCESS:          0 HIT:          0 MISS:          0 MSHR_MERGE:          0
cpu2->cpu2_DTLB PREFETCH     ACCESS:          0 HIT:          0 MISS:          0 MSHR_MERGE:          0
cpu2->cpu2_DTLB WRITE        ACCESS:          0 HIT:          0 MISS:          0 MSHR_MERGE:          0
cpu2->cpu2_DTLB TRANSLATION  ACCESS:          0 HIT:          0 MISS:          0 MSHR_MERGE:          0
cpu2->cpu2_DTLB PREFETCH REQUESTED:          0 ISSUED:          0 USEFUL:          0 USELESS:          0
cpu2->cpu2_DTLB AVERAGE MISS LATENCY: - cycles
cpu1->cpu1_L2C TOTAL        ACCESS:     639762 HIT:     362364 MISS:     277398 MSHR_MERGE:          0
cpu1->cpu1_L2C LOAD         ACCESS:     316269 HIT:     163896 MISS:     152373 MSHR_MERGE:          0
cpu1->cpu1_L2C RFO          ACCESS:     131985 HIT:       7007 MISS:     124978 MSHR_MERGE:          0
cpu1->cpu1_L2C PREFETCH     ACCESS:          0 HIT:          0 MISS:          0 MSHR_MERGE:          0
cpu1->cpu1_L2C WRITE        ACCESS:     191508 HIT:     191461 MISS:         47 MSHR_MERGE:          0
cpu1->cpu1_L2C TRANSLATION  ACCESS:          0 HIT:          0 MISS:          0 MSHR_MERGE:          0
cpu1->cpu1_L2C PREFETCH REQUESTED:          0 ISSUED:          0 USEFUL:          0 USELESS:          0
cpu1->cpu1_L2C AVERAGE MISS LATENCY: 200.2 cycles
cpu1->cpu1_L1I TOTAL        ACCESS:    4796109 HIT:    4794535 MISS:       1574 MSHR_MERGE:       1072
cpu1->cpu1_L1I LOAD         ACCESS:    4796109 HIT:    4794535 MISS:       1574 MSHR_MERGE:       1072
cpu1->cpu1_L1I RFO          ACCESS:          0 HIT:          0 MISS:          0 MSHR_MERGE:          0
cpu1->cpu1_L1I PREFETCH     ACCESS:          0 HIT:          0 MISS:          0 MSHR_MERGE:          0
cpu1->cpu1_L1I WRITE        ACCESS:          0 HIT:          0 MISS:          0 MSHR_MERGE:          0
cpu1->cpu1_L1I TRANSLATION  ACCESS:          0 HIT:          0 MISS:          0 MSHR_MERGE:          0
cpu1->cpu1_L1I PREFETCH REQUESTED:          0 ISSUED:          0 USEFUL:          0 USELESS:          0
cpu1->cpu1_L1I AVERAGE MISS LATENCY: 389.7 cycles
cpu1->cpu1_L1D TOTAL        ACCESS:    5010880 HIT:    3664722 MISS:    1346158 MSHR_MERGE:     898406
cpu1->cpu1_L1D LOAD         ACCESS:    3350821 HIT:    2628395 MISS:     722426 MSHR_MERGE:     406659
cpu1->cpu1_L1D RFO          ACCESS:          0 HIT:          0 MISS:          0 MSHR_MERGE:          0
cpu1->cpu1_L1D PREFETCH     ACCESS:          0 HIT:          0 MISS:          0 MSHR_MERGE:          0
cpu1->cpu1_L1D WRITE        ACCESS:    1660059 HIT:    1036327 MISS:     623732 MSHR_MERGE:     491747
cpu1->cpu1_L1D TRANSLATION  ACCESS:          0 HIT:          0 MISS:          0 MSHR_MERGE:          0
cpu1->cpu1_L1D PREFETCH REQUESTED:          0 ISSUED:          0 USEFUL:          0 USELESS:          0
cpu1->cpu1_L1D AVERAGE MISS LATENCY: 132.3 cycles
cpu1->cpu1_ITLB TOTAL        ACCESS:    4212702 HIT:    4212702 MISS:          0 MSHR_MERGE:          0
cpu1->cpu1_ITLB LOAD         ACCESS:    4212702 HIT:    4212702 MISS:          0 MSHR_MERGE:          0
cpu1->cpu1_ITLB RFO          ACCESS:          0 HIT:          0 MISS:          0 MSHR_MERGE:          0
cpu1->cpu1_ITLB PREFETCH     ACCESS:          0 HIT:          0 MISS:          0 MSHR_MERGE:          0
cpu1->cpu1_ITLB WRITE        ACCESS:          0 HIT:          0 MISS:          0 MSHR_MERGE:          0
cpu1->cpu1_ITLB TRANSLATION  ACCESS:          0 HIT:          0 MISS:          0 MSHR_MERGE:          0
cpu1->cpu1_ITLB PREFETCH REQUESTED:          0 ISSUED:          0 USEFUL:          0 USELESS:          0
cpu1->cpu1_ITLB AVERAGE MISS LATENCY: - cycles
cpu1->cpu1_DTLB TOTAL        ACCESS:    4444605 HIT:    4444605 MISS:          0 MSHR_MERGE:          0
cpu1->cpu1_DTLB LOAD         ACCESS:    4444605 HIT:    4444605 MISS:          0 MSHR_MERGE:          0
cpu1->cpu1_DTLB RFO          ACCESS:          0 HIT:          0 MISS:          0 MSHR_MERGE:          0
cpu1->cpu1_DTLB PREFETCH     ACCESS:          0 HIT:          0 MISS:          0 MSHR_MERGE:          0
cpu1->cpu1_DTLB WRITE        ACCESS:          0 HIT:          0 MISS:          0 MSHR_MERGE:          0
cpu1->cpu1_DTLB TRANSLATION  ACCESS:          0 HIT:          0 MISS:          0 MSHR_MERGE:          0
cpu1->cpu1_DTLB PREFETCH REQUESTED:          0 ISSUED:          0 USEFUL:          0 USELESS:          0
cpu1->cpu1_DTLB AVERAGE MISS LATENCY: - cycles
cpu0->cpu0_L2C TOTAL        ACCESS:     638687 HIT:     362532 MISS:     276155 MSHR_MERGE:          0
cpu0->cpu0_L2C LOAD         ACCESS:     316364 HIT:     164413 MISS:     151951 MSHR_MERGE:          0
cpu0->cpu0_L2C RFO          ACCESS:     131164 HIT:       7007 MISS:     124157 MSHR_MERGE:          0
cpu0->cpu0_L2C PREFETCH     ACCESS:          0 HIT:          0 MISS:          0 MSHR_MERGE:          0
cpu0->cpu0_L2C WRITE        ACCESS:     191159 HIT:     191112 MISS:         47 MSHR_MERGE:          0
cpu0->cpu0_L2C TRANSLATION  ACCESS:          0 HIT:          0 MISS:          0 MSHR_MERGE:          0
cpu0->cpu0_L2C PREFETCH REQUESTED:          0 ISSUED:          0 USEFUL:          0 USELESS:          0
cpu0->cpu0_L2C AVERAGE MISS LATENCY: 200.7 cycles
cpu0->cpu0_L1I TOTAL        ACCESS:    4747667 HIT:    4746046 MISS:       1621 MSHR_MERGE:       1119
cpu0->cpu0_L1I LOAD         ACCESS:    4747667 HIT:    4746046 MISS:       1621 MSHR_MERGE:       1119
cpu0->cpu0_L1I RFO          ACCESS:          0 HIT:          0 MISS:          0 MSHR_MERGE:          0
cpu0->cpu0_L1I PREFETCH     ACCESS:          0 HIT:          0 MISS:          0 MSHR_MERGE:          0
cpu0->cpu0_L1I WRITE        ACCESS:          0 HIT:          0 MISS:          0 MSHR_MERGE:          0
cpu0->cpu0_L1I TRANSLATION  ACCESS:          0 HIT:          0 MISS:          0 MSHR_MERGE:          0
cpu0->cpu0_L1I PREFETCH REQUESTED:          0 ISSUED:          0 USEFUL:          0 USELESS:          0
cpu0->cpu0_L1I AVERAGE MISS LATENCY: 413.2 cycles
cpu0->cpu0_L1D TOTAL        ACCESS:    4949377 HIT:    3614034 MISS:    1335343 MSHR_MERGE:     888317
cpu0->cpu0_L1D LOAD         ACCESS:    3314645 HIT:    2592406 MISS:     722239 MSHR_MERGE:     406377
cpu0->cpu0_L1D RFO          ACCESS:          0 HIT:          0 MISS:          0 MSHR_MERGE:          0
cpu0->cpu0_L1D PREFETCH     ACCESS:          0 HIT:          0 MISS:          0 MSHR_MERGE:          0
cpu0->cpu0_L1D WRITE        ACCESS:    1634732 HIT:    1021628 MISS:     613104 MSHR_MERGE:     481940
cpu0->cpu0_L1D TRANSLATION  ACCESS:          0 HIT:          0 MISS:          0 MSHR_MERGE:          0
cpu0->cpu0_L1D PREFETCH REQUESTED:          0 ISSUED:          0 USEFUL:          0 USELESS:          0
cpu0->cpu0_L1D AVERAGE MISS LATENCY: 132.2 cycles
cpu0->cpu0_ITLB TOTAL        ACCESS:    4167559 HIT:    4167559 MISS:          0 MSHR_MERGE:          0
cpu0->cpu0_ITLB LOAD         ACCESS:    4167559 HIT:    4167559 MISS:          0 MSHR_MERGE:          0
cpu0->cpu0_ITLB RFO          ACCESS:          0 HIT:          0 MISS:          0 MSHR_MERGE:          0
cpu0->cpu0_ITLB PREFETCH     ACCESS:          0 HIT:          0 MISS:          0 MSHR_MERGE:          0
cpu0->cpu0_ITLB WRITE        ACCESS:          0 HIT:          0 MISS:          0 MSHR_MERGE:          0
cpu0->cpu0_ITLB TRANSLATION  ACCESS:          0 HIT:          0 MISS:          0 MSHR_MERGE:          0
cpu0->cpu0_ITLB PREFETCH REQUESTED:          0 ISSUED:          0 USEFUL:          0 USELESS:          0
cpu0->cpu0_ITLB AVERAGE MISS LATENCY: - cycles
cpu0->cpu0_DTLB TOTAL        ACCESS:    4398380 HIT:    4398380 MISS:          0 MSHR_MERGE:          0
cpu0->cpu0_DTLB LOAD         ACCESS:    4398380 HIT:    4398380 MISS:          0 MSHR_MERGE:          0
cpu0->cpu0_DTLB RFO          ACCESS:          0 HIT:          0 MISS:          0 MSHR_MERGE:          0
cpu0->cpu0_DTLB PREFETCH     ACCESS:          0 HIT:          0 MISS:          0 MSHR_MERGE:          0
cpu0->cpu0_DTLB WRITE        ACCESS:          0 HIT:          0 MISS:          0 MSHR_MERGE:          0
cpu0->cpu0_DTLB TRANSLATION  ACCESS:          0 HIT:          0 MISS:          0 MSHR_MERGE:          0
cpu0->cpu0_DTLB PREFETCH REQUESTED:          0 ISSUED:          0 USEFUL:          0 USELESS:          0
cpu0->cpu0_DTLB AVERAGE MISS LATENCY: - cycles
cpu0->LLC TOTAL        ACCESS:     426619 HIT:     278091 MISS:     148528 MSHR_MERGE:          0
cpu0->LLC LOAD         ACCESS:     151950 HIT:      76957 MISS:      74993 MSHR_MERGE:          0
cpu0->LLC RFO          ACCESS:     124157 HIT:      61214 MISS:      62943 MSHR_MERGE:          0
cpu0->LLC PREFETCH     ACCESS:          0 HIT:          0 MISS:          0 MSHR_MERGE:          0
cpu0->LLC WRITE        ACCESS:     150512 HIT:     139920 MISS:      10592 MSHR_MERGE:          0
cpu0->LLC TRANSLATION  ACCESS:          0 HIT:          0 MISS:          0 MSHR_MERGE:          0
cpu0->LLC PREFETCH REQUESTED:          0 ISSUED:          0 USEFUL:          0 USELESS:          0
cpu0->LLC AVERAGE MISS LATENCY: 2735 cycles
cpu1->LLC TOTAL        ACCESS:     428505 HIT:     279552 MISS:     148953 MSHR_MERGE:          0
cpu1->LLC LOAD         ACCESS:     152372 HIT:      76879 MISS:      75493 MSHR_MERGE:          0
cpu1->LLC RFO          ACCESS:     124978 HIT:      61351 MISS:      63627 MSHR_MERGE:          0
cpu1->LLC PREFETCH     ACCESS:          0 HIT:          0 MISS:          0 MSHR_MERGE:          0
cpu1->LLC WRITE        ACCESS:     151155 HIT:     141322 MISS:       9833 MSHR_MERGE:          0
cpu1->LLC TRANSLATION  ACCESS:          0 HIT:          0 MISS:          0 MSHR_MERGE:          0
cpu1->LLC PREFETCH REQUESTED:          0 ISSUED:          0 USEFUL:          0 USELESS:          0
cpu1->LLC AVERAGE MISS LATENCY: 2727 cycles
cpu2->LLC TOTAL        ACCESS:     429460 HIT:     283305 MISS:     146155 MSHR_MERGE:          0
cpu2->LLC LOAD         ACCESS:     152570 HIT:      76884 MISS:      75686 MSHR_MERGE:          0
cpu2->LLC RFO          ACCESS:     125472 HIT:      63707 MISS:      61765 MSHR_MERGE:          0
cpu2->LLC PREFETCH     ACCESS:          0 HIT:          0 MISS:          0 MSHR_MERGE:          0
cpu2->LLC WRITE        ACCESS:     151418 HIT:     142714 MISS:       8704 MSHR_MERGE:          0
cpu2->LLC TRANSLATION  ACCESS:          0 HIT:          0 MISS:          0 MSHR_MERGE:          0
cpu2->LLC PREFETCH REQUESTED:          0 ISSUED:          0 USEFUL:          0 USELESS:          0
cpu2->LLC AVERAGE MISS LATENCY: 2780 cycles
cpu3->LLC TOTAL        ACCESS:     438525 HIT:     295431 MISS:     143094 MSHR_MERGE:          0
cpu3->LLC LOAD         ACCESS:     154420 HIT:      79429 MISS:      74991 MSHR_MERGE:          0
cpu3->LLC RFO          ACCESS:     129784 HIT:      69007 MISS:      60777 MSHR_MERGE:          0
cpu3->LLC PREFETCH     ACCESS:          0 HIT:          0 MISS:          0 MSHR_MERGE:          0
cpu3->LLC WRITE        ACCESS:     154321 HIT:     146995 MISS:       7326 MSHR_MERGE:          0
cpu3->LLC TRANSLATION  ACCESS:          0 HIT:          0 MISS:          0 MSHR_MERGE:          0
cpu3->LLC PREFETCH REQUESTED:          0 ISSUED:          0 USEFUL:          0 USELESS:          0
cpu3->LLC AVERAGE MISS LATENCY: 2839 cycles
cpu4->LLC TOTAL        ACCESS:     441278 HIT:     296336 MISS:     144942 MSHR_MERGE:          0
cpu4->LLC LOAD         ACCESS:     158098 HIT:      85310 MISS:      72788 MSHR_MERGE:          0
cpu4->LLC RFO          ACCESS:     127581 HIT:      63981 MISS:      63600 MSHR_MERGE:          0
cpu4->LLC PREFETCH     ACCESS:          0 HIT:          0 MISS:          0 MSHR_MERGE:          0
cpu4->LLC WRITE        ACCESS:     155599 HIT:     147045 MISS:       8554 MSHR_MERGE:          0
cpu4->LLC TRANSLATION  ACCESS:          0 HIT:          0 MISS:          0 MSHR_MERGE:          0
cpu4->LLC PREFETCH REQUESTED:          0 ISSUED:          0 USEFUL:          0 USELESS:          0
cpu4->LLC AVERAGE MISS LATENCY: 2803 cycles
cpu5->LLC TOTAL        ACCESS:     445794 HIT:     301872 MISS:     143922 MSHR_MERGE:          0
cpu5->LLC LOAD         ACCESS:     159848 HIT:      84161 MISS:      75687 MSHR_MERGE:          0
cpu5->LLC RFO          ACCESS:     128227 HIT:      66459 MISS:      61768 MSHR_MERGE:          0
cpu5->LLC PREFETCH     ACCESS:          0 HIT:          0 MISS:          0 MSHR_MERGE:          0
cpu5->LLC WRITE        ACCESS:     157719 HIT:     151252 MISS:       6467 MSHR_MERGE:          0
cpu5->LLC TRANSLATION  ACCESS:          0 HIT:          0 MISS:          0 MSHR_MERGE:          0
cpu5->LLC PREFETCH REQUESTED:          0 ISSUED:          0 USEFUL:          0 USELESS:          0
cpu5->LLC AVERAGE MISS LATENCY: 2822 cycles
cpu6->LLC TOTAL        ACCESS:     448009 HIT:     305424 MISS:     142585 MSHR_MERGE:          0
cpu6->LLC LOAD         ACCESS:     160557 HIT:      86094 MISS:      74463 MSHR_MERGE:          0
cpu6->LLC RFO          ACCESS:     128638 HIT:      66304 MISS:      62334 MSHR_MERGE:          0
cpu6->LLC PREFETCH     ACCESS:          0 HIT:          0 MISS:          0 MSHR_MERGE:          0
cpu6->LLC WRITE        ACCESS:     158814 HIT:     153026 MISS:       5788 MSHR_MERGE:          0
cpu6->LLC TRANSLATION  ACCESS:          0 HIT:          0 MISS:          0 MSHR_MERGE:          0
cpu6->LLC PREFETCH REQUESTED:          0 ISSUED:          0 USEFUL:          0 USELESS:          0
cpu6->LLC AVERAGE MISS LATENCY: 2849 cycles
cpu7->LLC TOTAL        ACCESS:     450516 HIT:     309811 MISS:     140705 MSHR_MERGE:          0
cpu7->LLC LOAD         ACCESS:     161258 HIT:      87739 MISS:      73519 MSHR_MERGE:          0
cpu7->LLC RFO          ACCESS:     129117 HIT:      66913 MISS:      62204 MSHR_MERGE:          0
cpu7->LLC PREFETCH     ACCESS:          0 HIT:          0 MISS:          0 MSHR_MERGE:          0
cpu7->LLC WRITE        ACCESS:     160141 HIT:     155159 MISS:       4982 MSHR_MERGE:          0
cpu7->LLC TRANSLATION  ACCESS:          0 HIT:          0 MISS:          0 MSHR_MERGE:          0
cpu7->LLC PREFETCH REQUESTED:          0 ISSUED:          0 USEFUL:          0 USELESS:          0
cpu7->LLC AVERAGE MISS LATENCY: 2887 cycles

Region of Interest Statistics

CPU 7 cumulative IPC: 1.016 instructions: 25000001 cycles: 24606865
CPU 7 Branch Prediction Accuracy: 100% MPKI: 0 Average ROB Occupancy at Mispredict: -
Branch type MPKI
BRANCH_DIRECT_JUMP: 0
BRANCH_INDIRECT: 0
BRANCH_CONDITIONAL: 0
BRANCH_DIRECT_CALL: 0
BRANCH_INDIRECT_CALL: 0
BRANCH_RETURN: 0


CPU 6 cumulative IPC: 1.016 instructions: 25000004 cycles: 24616568
CPU 6 Branch Prediction Accuracy: 100% MPKI: 0 Average ROB Occupancy at Mispredict: -
Branch type MPKI
BRANCH_DIRECT_JUMP: 0
BRANCH_INDIRECT: 0
BRANCH_CONDITIONAL: 0
BRANCH_DIRECT_CALL: 0
BRANCH_INDIRECT_CALL: 0
BRANCH_RETURN: 0


CPU 5 cumulative IPC: 1.017 instructions: 25000000 cycles: 24588805
CPU 5 Branch Prediction Accuracy: 100% MPKI: 0 Average ROB Occupancy at Mispredict: -
Branch type MPKI
BRANCH_DIRECT_JUMP: 0
BRANCH_INDIRECT: 0
BRANCH_CONDITIONAL: 0
BRANCH_DIRECT_CALL: 0
BRANCH_INDIRECT_CALL: 0
BRANCH_RETURN: 0


CPU 4 cumulative IPC: 1.02 instructions: 25000003 cycles: 24508069
CPU 4 Branch Prediction Accuracy: 100% MPKI: 0 Average ROB Occupancy at Mispredict: -
Branch type MPKI
BRANCH_DIRECT_JUMP: 0
BRANCH_INDIRECT: 0
BRANCH_CONDITIONAL: 0
BRANCH_DIRECT_CALL: 0
BRANCH_INDIRECT_CALL: 0
BRANCH_RETURN: 0


CPU 3 cumulative IPC: 0.9914 instructions: 25000000 cycles: 25215664
CPU 3 Branch Prediction Accuracy: 100% MPKI: 0 Average ROB Occupancy at Mispredict: -
Branch type MPKI
BRANCH_DIRECT_JUMP: 0
BRANCH_INDIRECT: 0
BRANCH_CONDITIONAL: 0
BRANCH_DIRECT_CALL: 0
BRANCH_INDIRECT_CALL: 0
BRANCH_RETURN: 0


CPU 2 cumulative IPC: 0.9787 instructions: 25000003 cycles: 25543274
CPU 2 Branch Prediction Accuracy: 100% MPKI: 0 Average ROB Occupancy at Mispredict: -
Branch type MPKI
BRANCH_DIRECT_JUMP: 0
BRANCH_INDIRECT: 0
BRANCH_CONDITIONAL: 0
BRANCH_DIRECT_CALL: 0
BRANCH_INDIRECT_CALL: 0
BRANCH_RETURN: 0


CPU 1 cumulative IPC: 0.9742 instructions: 25000000 cycles: 25663088
CPU 1 Branch Prediction Accuracy: 100% MPKI: 0 Average ROB Occupancy at Mispredict: -
Branch type MPKI
BRANCH_DIRECT_JUMP: 0
BRANCH_INDIRECT: 0
BRANCH_CONDITIONAL: 0
BRANCH_DIRECT_CALL: 0
BRANCH_INDIRECT_CALL: 0
BRANCH_RETURN: 0


CPU 0 cumulative IPC: 0.9718 instructions: 25000003 cycles: 25726224
CPU 0 Branch Prediction Accuracy: 100% MPKI: 0 Average ROB Occupancy at Mispredict: -
Branch type MPKI
BRANCH_DIRECT_JUMP: 0
BRANCH_INDIRECT: 0
BRANCH_CONDITIONAL: 0
BRANCH_DIRECT_CALL: 0
BRANCH_INDIRECT_CALL: 0
BRANCH_RETURN: 0

cpu7->cpu7_L2C TOTAL        ACCESS:     662503 HIT:     372080 MISS:     290423 MSHR_MERGE:          0
cpu7->cpu7_L2C LOAD         ACCESS:     329398 HIT:     168140 MISS:     161258 MSHR_MERGE:          0
cpu7->cpu7_L2C RFO          ACCESS:     136133 HIT:       7016 MISS:     129117 MSHR_MERGE:          0
cpu7->cpu7_L2C PREFETCH     ACCESS:          0 HIT:          0 MISS:          0 MSHR_MERGE:          0
cpu7->cpu7_L2C WRITE        ACCESS:     196972 HIT:     196924 MISS:         48 MSHR_MERGE:          0
cpu7->cpu7_L2C TRANSLATION  ACCESS:          0 HIT:          0 MISS:          0 MSHR_MERGE:          0
cpu7->cpu7_L2C PREFETCH REQUESTED:          0 ISSUED:          0 USEFUL:          0 USELESS:          0
cpu7->cpu7_L2C AVERAGE MISS LATENCY: 187.3 cycles
cpu7->cpu7_L1I TOTAL        ACCESS:    4893791 HIT:    4892173 MISS:       1618 MSHR_MERGE:       1104
cpu7->cpu7_L1I LOAD         ACCESS:    4893791 HIT:    4892173 MISS:       1618 MSHR_MERGE:       1104
cpu7->cpu7_L1I RFO          ACCESS:          0 HIT:          0 MISS:          0 MSHR_MERGE:          0
cpu7->cpu7_L1I PREFETCH     ACCESS:          0 HIT:          0 MISS:          0 MSHR_MERGE:          0
cpu7->cpu7_L1I WRITE        ACCESS:          0 HIT:          0 MISS:          0 MSHR_MERGE:          0
cpu7->cpu7_L1I TRANSLATION  ACCESS:          0 HIT:          0 MISS:          0 MSHR_MERGE:          0
cpu7->cpu7_L1I PREFETCH REQUESTED:          0 ISSUED:          0 USEFUL:          0 USELESS:          0
cpu7->cpu7_L1I AVERAGE MISS LATENCY: 409.7 cycles
cpu7->cpu7_L1D TOTAL        ACCESS:    5172682 HIT:    3779266 MISS:    1393416 MSHR_MERGE:     928398
cpu7->cpu7_L1D LOAD         ACCESS:    3469977 HIT:    2709792 MISS:     760185 MSHR_MERGE:     431301
cpu7->cpu7_L1D RFO          ACCESS:          0 HIT:          0 MISS:          0 MSHR_MERGE:          0
cpu7->cpu7_L1D PREFETCH     ACCESS:          0 HIT:          0 MISS:          0 MSHR_MERGE:          0
cpu7->cpu7_L1D WRITE        ACCESS:    1702705 HIT:    1069474 MISS:     633231 MSHR_MERGE:     497097
cpu7->cpu7_L1D TRANSLATION  ACCESS:          0 HIT:          0 MISS:          0 MSHR_MERGE:          0
cpu7->cpu7_L1D PREFETCH REQUESTED:          0 ISSUED:          0 USEFUL:          0 USELESS:          0
cpu7->cpu7_L1D AVERAGE MISS LATENCY: 125.2 cycles
cpu7->cpu7_ITLB TOTAL        ACCESS:    4301697 HIT:    4301697 MISS:          0 MSHR_MERGE:          0
cpu7->cpu7_ITLB LOAD         ACCESS:    4301697 HIT:    4301697 MISS:          0 MSHR_MERGE:          0
cpu7->cpu7_ITLB RFO          ACCESS:          0 HIT:          0 MISS:          0 MSHR_MERGE:          0
cpu7->cpu7_ITLB PREFETCH     ACCESS:          0 HIT:          0 MISS:          0 MSHR_MERGE:          0
cpu7->cpu7_ITLB WRITE        ACCESS:          0 HIT:          0 MISS:          0 MSHR_MERGE:          0
cpu7->cpu7_ITLB TRANSLATION  ACCESS:          0 HIT:          0 MISS:          0 MSHR_MERGE:          0
cpu7->cpu7_ITLB PREFETCH REQUESTED:          0 ISSUED:          0 USEFUL:          0 USELESS:          0
cpu7->cpu7_ITLB AVERAGE MISS LATENCY: - cycles
cpu7->cpu7_DTLB TOTAL        ACCESS:    4597926 HIT:    4597926 MISS:          0 MSHR_MERGE:          0
cpu7->cpu7_DTLB LOAD         ACCESS:    4597926 HIT:    4597926 MISS:          0 MSHR_MERGE:          0
cpu7->cpu7_DTLB RFO          ACCESS:          0 HIT:          0 MISS:          0 MSHR_MERGE:          0
cpu7->cpu7_DTLB PREFETCH     ACCESS:          0 HIT:          0 MISS:          0 MSHR_MERGE:          0
cpu7->cpu7_DTLB WRITE        ACCESS:          0 HIT:          0 MISS:          0 MSHR_MERGE:          0
cpu7->cpu7_DTLB TRANSLATION  ACCESS:          0 HIT:          0 MISS:          0 MSHR_MERGE:          0
cpu7->cpu7_DTLB PREFETCH REQUESTED:          0 ISSUED:          0 USEFUL:          0 USELESS:          0
cpu7->cpu7_DTLB AVERAGE MISS LATENCY: - cycles
cpu6->cpu6_L2C TOTAL        ACCESS:     660952 HIT:     371709 MISS:     289243 MSHR_MERGE:          0
cpu6->cpu6_L2C LOAD         ACCESS:     328784 HIT:     168226 MISS:     160558 MSHR_MERGE:          0
cpu6->cpu6_L2C RFO          ACCESS:     135656 HIT:       7018 MISS:     128638 MSHR_MERGE:          0
cpu6->cpu6_L2C PREFETCH     ACCESS:          0 HIT:          0 MISS:          0 MSHR_MERGE:          0
cpu6->cpu6_L2C WRITE        ACCESS:     196512 HIT:     196465 MISS:         47 MSHR_MERGE:          0
cpu6->cpu6_L2C TRANSLATION  ACCESS:          0 HIT:          0 MISS:          0 MSHR_MERGE:          0
cpu6->cpu6_L2C PREFETCH REQUESTED:          0 ISSUED:          0 USEFUL:          0 USELESS:          0
cpu6->cpu6_L2C AVERAGE MISS LATENCY: 191.5 cycles
cpu6->cpu6_L1I TOTAL        ACCESS:    4924388 HIT:    4922759 MISS:       1629 MSHR_MERGE:       1115
cpu6->cpu6_L1I LOAD         ACCESS:    4924388 HIT:    4922759 MISS:       1629 MSHR_MERGE:       1115
cpu6->cpu6_L1I RFO          ACCESS:          0 HIT:          0 MISS:          0 MSHR_MERGE:          0
cpu6->cpu6_L1I PREFETCH     ACCESS:          0 HIT:          0 MISS:          0 MSHR_MERGE:          0
cpu6->cpu6_L1I WRITE        ACCESS:          0 HIT:          0 MISS:          0 MSHR_MERGE:          0
cpu6->cpu6_L1I TRANSLATION  ACCESS:          0 HIT:          0 MISS:          0 MSHR_MERGE:          0
cpu6->cpu6_L1I PREFETCH REQUESTED:          0 ISSUED:          0 USEFUL:          0 USELESS:          0
cpu6->cpu6_L1I AVERAGE MISS LATENCY: 413.9 cycles
cpu6->cpu6_L1D TOTAL        ACCESS:    5177337 HIT:    3787727 MISS:    1389610 MSHR_MERGE:     925684
cpu6->cpu6_L1D LOAD         ACCESS:    3475849 HIT:    2720460 MISS:     755389 MSHR_MERGE:     427119
cpu6->cpu6_L1D RFO          ACCESS:          0 HIT:          0 MISS:          0 MSHR_MERGE:          0
cpu6->cpu6_L1D PREFETCH     ACCESS:          0 HIT:          0 MISS:          0 MSHR_MERGE:          0
cpu6->cpu6_L1D WRITE        ACCESS:    1701488 HIT:    1067267 MISS:     634221 MSHR_MERGE:     498565
cpu6->cpu6_L1D TRANSLATION  ACCESS:          0 HIT:          0 MISS:          0 MSHR_MERGE:          0
cpu6->cpu6_L1D PREFETCH REQUESTED:          0 ISSUED:          0 USEFUL:          0 USELESS:          0
cpu6->cpu6_L1D AVERAGE MISS LATENCY: 127.6 cycles
cpu6->cpu6_ITLB TOTAL        ACCESS:    4329613 HIT:    4329613 MISS:          0 MSHR_MERGE:          0
cpu6->cpu6_ITLB LOAD         ACCESS:    4329613 HIT:    4329613 MISS:          0 MSHR_MERGE:          0
cpu6->cpu6_ITLB RFO          ACCESS:          0 HIT:          0 MISS:          0 MSHR_MERGE:          0
cpu6->cpu6_ITLB PREFETCH     ACCESS:          0 HIT:          0 MISS:          0 MSHR_MERGE:          0
cpu6->cpu6_ITLB WRITE        ACCESS:          0 HIT:          0 MISS:          0 MSHR_MERGE:          0
cpu6->cpu6_ITLB TRANSLATION  ACCESS:          0 HIT:          0 MISS:          0 MSHR_MERGE:          0
cpu6->cpu6_ITLB PREFETCH REQUESTED:          0 ISSUED:          0 USEFUL:          0 USELESS:          0
cpu6->cpu6_ITLB AVERAGE MISS LATENCY: - cycles
cpu6->cpu6_DTLB TOTAL        ACCESS:    4603578 HIT:    4603578 MISS:          0 MSHR_MERGE:          0
cpu6->cpu6_DTLB LOAD         ACCESS:    4603578 HIT:    4603578 MISS:          0 MSHR_MERGE:          0
cpu6->cpu6_DTLB RFO          ACCESS:          0 HIT:          0 MISS:          0 MSHR_MERGE:          0
cpu6->cpu6_DTLB PREFETCH     ACCESS:          0 HIT:          0 MISS:          0 MSHR_MERGE:          0
cpu6->cpu6_DTLB WRITE        ACCESS:          0 HIT:          0 MISS:          0 MSHR_MERGE:          0
cpu6->cpu6_DTLB TRANSLATION  ACCESS:          0 HIT:          0 MISS:          0 MSHR_MERGE:          0
cpu6->cpu6_DTLB PREFETCH REQUESTED:          0 ISSUED:          0 USEFUL:          0 USELESS:          0
cpu6->cpu6_DTLB AVERAGE MISS LATENCY: - cycles
cpu5->cpu5_L2C TOTAL        ACCESS:     656756 HIT:     368635 MISS:     288121 MSHR_MERGE:          0
cpu5->cpu5_L2C LOAD         ACCESS:     325974 HIT:     166127 MISS:     159847 MSHR_MERGE:          0
cpu5->cpu5_L2C RFO          ACCESS:     135245 HIT:       7018 MISS:     128227 MSHR_MERGE:          0
cpu5->cpu5_L2C PREFETCH     ACCESS:          0 HIT:          0 MISS:          0 MSHR_MERGE:          0
cpu5->cpu5_L2C WRITE        ACCESS:     195537 HIT:     195490 MISS:         47 MSHR_MERGE:          0
cpu5->cpu5_L2C TRANSLATION  ACCESS:          0 HIT:          0 MISS:          0 MSHR_MERGE:          0
cpu5->cpu5_L2C PREFETCH REQUESTED:          0 ISSUED:          0 USEFUL:          0 USELESS:          0
cpu5->cpu5_L2C AVERAGE MISS LATENCY: 192.1 cycles
cpu5->cpu5_L1I TOTAL        ACCESS:    4865861 HIT:    4864253 MISS:       1608 MSHR_MERGE:       1094
cpu5->cpu5_L1I LOAD         ACCESS:    4865861 HIT:    4864253 MISS:       1608 MSHR_MERGE:       1094
cpu5->cpu5_L1I RFO          ACCESS:          0 HIT:          0 MISS:          0 MSHR_MERGE:          0
cpu5->cpu5_L1I PREFETCH     ACCESS:          0 HIT:          0 MISS:          0 MSHR_MERGE:          0
cpu5->cpu5_L1I WRITE        ACCESS:          0 HIT:          0 MISS:          0 MSHR_MERGE:          0
cpu5->cpu5_L1I TRANSLATION  ACCESS:          0 HIT:          0 MISS:          0 MSHR_MERGE:          0
cpu5->cpu5_L1I PREFETCH REQUESTED:          0 ISSUED:          0 USEFUL:          0 USELESS:          0
cpu5->cpu5_L1I AVERAGE MISS LATENCY: 451.9 cycles
cpu5->cpu5_L1D TOTAL        ACCESS:    5140007 HIT:    3762388 MISS:    1377619 MSHR_MERGE:     916914
cpu5->cpu5_L1D LOAD         ACCESS:    3446202 HIT:    2698018 MISS:     748184 MSHR_MERGE:     422724
cpu5->cpu5_L1D RFO          ACCESS:          0 HIT:          0 MISS:          0 MSHR_MERGE:          0
cpu5->cpu5_L1D PREFETCH     ACCESS:          0 HIT:          0 MISS:          0 MSHR_MERGE:          0
cpu5->cpu5_L1D WRITE        ACCESS:    1693805 HIT:    1064370 MISS:     629435 MSHR_MERGE:     494190
cpu5->cpu5_L1D TRANSLATION  ACCESS:          0 HIT:          0 MISS:          0 MSHR_MERGE:          0
cpu5->cpu5_L1D PREFETCH REQUESTED:          0 ISSUED:          0 USEFUL:          0 USELESS:          0
cpu5->cpu5_L1D AVERAGE MISS LATENCY: 128.3 cycles
cpu5->cpu5_ITLB TOTAL        ACCESS:    4278912 HIT:    4278912 MISS:          0 MSHR_MERGE:          0
cpu5->cpu5_ITLB LOAD         ACCESS:    4278912 HIT:    4278912 MISS:          0 MSHR_MERGE:          0
cpu5->cpu5_ITLB RFO          ACCESS:          0 HIT:          0 MISS:          0 MSHR_MERGE:          0
cpu5->cpu5_ITLB PREFETCH     ACCESS:          0 HIT:          0 MISS:          0 MSHR_MERGE:          0
cpu5->cpu5_ITLB WRITE        ACCESS:          0 HIT:          0 MISS:          0 MSHR_MERGE:          0
cpu5->cpu5_ITLB TRANSLATION  ACCESS:          0 HIT:          0 MISS:          0 MSHR_MERGE:          0
cpu5->cpu5_ITLB PREFETCH REQUESTED:          0 ISSUED:          0 USEFUL:          0 USELESS:          0
cpu5->cpu5_ITLB AVERAGE MISS LATENCY: - cycles
cpu5->cpu5_DTLB TOTAL        ACCESS:    4562517 HIT:    4562517 MISS:          0 MSHR_MERGE:          0
cpu5->cpu5_DTLB LOAD         ACCESS:    4562517 HIT:    4562517 MISS:          0 MSHR_MERGE:          0
cpu5->cpu5_DTLB RFO          ACCESS:          0 HIT:          0 MISS:          0 MSHR_MERGE:          0
cpu5->cpu5_DTLB PREFETCH     ACCESS:          0 HIT:          0 MISS:          0 MSHR_MERGE:          0
cpu5->cpu5_DTLB WRITE        ACCESS:          0 HIT:          0 MISS:          0 MSHR_MERGE:          0
cpu5->cpu5_DTLB TRANSLATION  ACCESS:          0 HIT:          0 MISS:          0 MSHR_MERGE:          0
cpu5->cpu5_DTLB PREFETCH REQUESTED:          0 ISSUED:          0 USEFUL:          0 USELESS:          0
cpu5->cpu5_DTLB AVERAGE MISS LATENCY: - cycles
cpu4->cpu4_L2C TOTAL        ACCESS:     654746 HIT:     369019 MISS:     285727 MSHR_MERGE:          0
cpu4->cpu4_L2C LOAD         ACCESS:     324738 HIT:     166639 MISS:     158099 MSHR_MERGE:          0
cpu4->cpu4_L2C RFO          ACCESS:     134598 HIT:       7017 MISS:     127581 MSHR_MERGE:          0
cpu4->cpu4_L2C PREFETCH     ACCESS:          0 HIT:          0 MISS:          0 MSHR_MERGE:          0
cpu4->cpu4_L2C WRITE        ACCESS:     195410 HIT:     195363 MISS:         47 MSHR_MERGE:          0
cpu4->cpu4_L2C TRANSLATION  ACCESS:          0 HIT:          0 MISS:          0 MSHR_MERGE:          0
cpu4->cpu4_L2C PREFETCH REQUESTED:          0 ISSUED:          0 USEFUL:          0 USELESS:          0
cpu4->cpu4_L2C AVERAGE MISS LATENCY: 198.5 cycles
cpu4->cpu4_L1I TOTAL        ACCESS:    4897679 HIT:    4896073 MISS:       1606 MSHR_MERGE:       1092
cpu4->cpu4_L1I LOAD         ACCESS:    4897679 HIT:    4896073 MISS:       1606 MSHR_MERGE:       1092
cpu4->cpu4_L1I RFO          ACCESS:          0 HIT:          0 MISS:          0 MSHR_MERGE:          0
cpu4->cpu4_L1I PREFETCH     ACCESS:          0 HIT:          0 MISS:          0 MSHR_MERGE:          0
cpu4->cpu4_L1I WRITE        ACCESS:          0 HIT:          0 MISS:          0 MSHR_MERGE:          0
cpu4->cpu4_L1I TRANSLATION  ACCESS:          0 HIT:          0 MISS:          0 MSHR_MERGE:          0
cpu4->cpu4_L1I PREFETCH REQUESTED:          0 ISSUED:          0 USEFUL:          0 USELESS:          0
cpu4->cpu4_L1I AVERAGE MISS LATENCY: 407.3 cycles
cpu4->cpu4_L1D TOTAL        ACCESS:    5142123 HIT:    3765431 MISS:    1376692 MSHR_MERGE:     917870
cpu4->cpu4_L1D LOAD         ACCESS:    3448193 HIT:    2705078 MISS:     743115 MSHR_MERGE:     418891
cpu4->cpu4_L1D RFO          ACCESS:          0 HIT:          0 MISS:          0 MSHR_MERGE:          0
cpu4->cpu4_L1D PREFETCH     ACCESS:          0 HIT:          0 MISS:          0 MSHR_MERGE:          0
cpu4->cpu4_L1D WRITE        ACCESS:    1693930 HIT:    1060353 MISS:     633577 MSHR_MERGE:     498979
cpu4->cpu4_L1D TRANSLATION  ACCESS:          0 HIT:          0 MISS:          0 MSHR_MERGE:          0
cpu4->cpu4_L1D PREFETCH REQUESTED:          0 ISSUED:          0 USEFUL:          0 USELESS:          0
cpu4->cpu4_L1D AVERAGE MISS LATENCY: 131.8 cycles
cpu4->cpu4_ITLB TOTAL        ACCESS:    4304187 HIT:    4304187 MISS:          0 MSHR_MERGE:          0
cpu4->cpu4_ITLB LOAD         ACCESS:    4304187 HIT:    4304187 MISS:          0 MSHR_MERGE:          0
cpu4->cpu4_ITLB RFO          ACCESS:          0 HIT:          0 MISS:          0 MSHR_MERGE:          0
cpu4->cpu4_ITLB PREFETCH     ACCESS:          0 HIT:          0 MISS:          0 MSHR_MERGE:          0
cpu4->cpu4_ITLB WRITE        ACCESS:          0 HIT:          0 MISS:          0 MSHR_MERGE:          0
cpu4->cpu4_ITLB TRANSLATION  ACCESS:          0 HIT:          0 MISS:          0 MSHR_MERGE:          0
cpu4->cpu4_ITLB PREFETCH REQUESTED:          0 ISSUED:          0 USEFUL:          0 USELESS:          0
cpu4->cpu4_ITLB AVERAGE MISS LATENCY: - cycles
cpu4->cpu4_DTLB TOTAL        ACCESS:    4565971 HIT:    4565971 MISS:          0 MSHR_MERGE:          0
cpu4->cpu4_DTLB LOAD         ACCESS:    4565971 HIT:    4565971 MISS:          0 MSHR_MERGE:          0
cpu4->cpu4_DTLB RFO          ACCESS:          0 HIT:          0 MISS:          0 MSHR_MERGE:          0
cpu4->cpu4_DTLB PREFETCH     ACCESS:          0 HIT:          0 MISS:          0 MSHR_MERGE:          0
cpu4->cpu4_DTLB WRITE        ACCESS:          0 HIT:          0 MISS:          0 MSHR_MERGE:          0
cpu4->cpu4_DTLB TRANSLATION  ACCESS:          0 HIT:          0 MISS:          0 MSHR_MERGE:          0
cpu4->cpu4_DTLB PREFETCH REQUESTED:          0 ISSUED:          0 USEFUL:          0 USELESS:          0
cpu4->cpu4_DTLB AVERAGE MISS LATENCY: - cycles
cpu3->cpu3_L2C TOTAL        ACCESS:     658269 HIT:     374018 MISS:     284251 MSHR_MERGE:          0
cpu3->cpu3_L2C LOAD         ACCESS:     324689 HIT:     170269 MISS:     154420 MSHR_MERGE:          0
cpu3->cpu3_L2C RFO          ACCESS:     136803 HIT:       7019 MISS:     129784 MSHR_MERGE:          0
cpu3->cpu3_L2C PREFETCH     ACCESS:          0 HIT:          0 MISS:          0 MSHR_MERGE:          0
cpu3->cpu3_L2C WRITE        ACCESS:     196777 HIT:     196730 MISS:         47 MSHR_MERGE:          0
cpu3->cpu3_L2C TRANSLATION  ACCESS:          0 HIT:          0 MISS:          0 MSHR_MERGE:          0
cpu3->cpu3_L2C PREFETCH REQUESTED:          0 ISSUED:          0 USEFUL:          0 USELESS:          0
cpu3->cpu3_L2C AVERAGE MISS LATENCY: 189.3 cycles
cpu3->cpu3_L1I TOTAL        ACCESS:    4935017 HIT:    4933388 MISS:       1629 MSHR_MERGE:       1118
cpu3->cpu3_L1I LOAD         ACCESS:    4935017 HIT:    4933388 MISS:       1629 MSHR_MERGE:       1118
cpu3->cpu3_L1I RFO          ACCESS:          0 HIT:          0 MISS:          0 MSHR_MERGE:          0
cpu3->cpu3_L1I PREFETCH     ACCESS:          0 HIT:          0 MISS:          0 MSHR_MERGE:          0
cpu3->cpu3_L1I WRITE        ACCESS:          0 HIT:          0 MISS:          0 MSHR_MERGE:          0
cpu3->cpu3_L1I TRANSLATION  ACCESS:          0 HIT:          0 MISS:          0 MSHR_MERGE:          0
cpu3->cpu3_L1I PREFETCH REQUESTED:          0 ISSUED:          0 USEFUL:          0 USELESS:          0
cpu3->cpu3_L1I AVERAGE MISS LATENCY: 403.2 cycles
cpu3->cpu3_L1D TOTAL        ACCESS:    5160006 HIT:    3786929 MISS:    1373077 MSHR_MERGE:     912095
cpu3->cpu3_L1D LOAD         ACCESS:    3456854 HIT:    2718737 MISS:     738117 MSHR_MERGE:     413939
cpu3->cpu3_L1D RFO          ACCESS:          0 HIT:          0 MISS:          0 MSHR_MERGE:          0
cpu3->cpu3_L1D PREFETCH     ACCESS:          0 HIT:          0 MISS:          0 MSHR_MERGE:          0
cpu3->cpu3_L1D WRITE        ACCESS:    1703152 HIT:    1068192 MISS:     634960 MSHR_MERGE:     498156
cpu3->cpu3_L1D TRANSLATION  ACCESS:          0 HIT:          0 MISS:          0 MSHR_MERGE:          0
cpu3->cpu3_L1D PREFETCH REQUESTED:          0 ISSUED:          0 USEFUL:          0 USELESS:          0
cpu3->cpu3_L1D AVERAGE MISS LATENCY: 125 cycles
cpu3->cpu3_ITLB TOTAL        ACCESS:    4337252 HIT:    4337252 MISS:          0 MSHR_MERGE:          0
cpu3->cpu3_ITLB LOAD         ACCESS:    4337252 HIT:    4337252 MISS:          0 MSHR_MERGE:          0
cpu3->cpu3_ITLB RFO          ACCESS:          0 HIT:          0 MISS:          0 MSHR_MERGE:          0
cpu3->cpu3_ITLB PREFETCH     ACCESS:          0 HIT:          0 MISS:          0 MSHR_MERGE:          0
cpu3->cpu3_ITLB WRITE        ACCESS:          0 HIT:          0 MISS:          0 MSHR_MERGE:          0
cpu3->cpu3_ITLB TRANSLATION  ACCESS:          0 HIT:          0 MISS:          0 MSHR_MERGE:          0
cpu3->cpu3_ITLB PREFETCH REQUESTED:          0 ISSUED:          0 USEFUL:          0 USELESS:          0
cpu3->cpu3_ITLB AVERAGE MISS LATENCY: - cycles
cpu3->cpu3_DTLB TOTAL        ACCESS:    4575436 HIT:    4575436 MISS:          0 MSHR_MERGE:          0
cpu3->cpu3_DTLB LOAD         ACCESS:    4575436 HIT:    4575436 MISS:          0 MSHR_MERGE:          0
cpu3->cpu3_DTLB RFO          ACCESS:          0 HIT:          0 MISS:          0 MSHR_MERGE:          0
cpu3->cpu3_DTLB PREFETCH     ACCESS:          0 HIT:          0 MISS:          0 MSHR_MERGE:          0
cpu3->cpu3_DTLB WRITE        ACCESS:          0 HIT:          0 MISS:          0 MSHR_MERGE:          0
cpu3->cpu3_DTLB TRANSLATION  ACCESS:          0 HIT:          0 MISS:          0 MSHR_MERGE:          0
cpu3->cpu3_DTLB PREFETCH REQUESTED:          0 ISSUED:          0 USEFUL:          0 USELESS:          0
cpu3->cpu3_DTLB AVERAGE MISS LATENCY: - cycles
cpu2->cpu2_L2C TOTAL        ACCESS:     642763 HIT:     364674 MISS:     278089 MSHR_MERGE:          0
cpu2->cpu2_L2C LOAD         ACCESS:     317867 HIT:     165297 MISS:     152570 MSHR_MERGE:          0
cpu2->cpu2_L2C RFO          ACCESS:     132484 HIT:       7012 MISS:     125472 MSHR_MERGE:          0
cpu2->cpu2_L2C PREFETCH     ACCESS:          0 HIT:          0 MISS:          0 MSHR_MERGE:          0
cpu2->cpu2_L2C WRITE        ACCESS:     192412 HIT:     192365 MISS:         47 MSHR_MERGE:          0
cpu2->cpu2_L2C TRANSLATION  ACCESS:          0 HIT:          0 MISS:          0 MSHR_MERGE:          0
cpu2->cpu2_L2C PREFETCH REQUESTED:          0 ISSUED:          0 USEFUL:          0 USELESS:          0
cpu2->cpu2_L2C AVERAGE MISS LATENCY: 195.9 cycles
cpu2->cpu2_L1I TOTAL        ACCESS:    4870611 HIT:    4868997 MISS:       1614 MSHR_MERGE:       1104
cpu2->cpu2_L1I LOAD         ACCESS:    4870611 HIT:    4868997 MISS:       1614 MSHR_MERGE:       1104
cpu2->cpu2_L1I RFO          ACCESS:          0 HIT:          0 MISS:          0 MSHR_MERGE:          0
cpu2->cpu2_L1I PREFETCH     ACCESS:          0 HIT:          0 MISS:          0 MSHR_MERGE:          0
cpu2->cpu2_L1I WRITE        ACCESS:          0 HIT:          0 MISS:          0 MSHR_MERGE:          0
cpu2->cpu2_L1I TRANSLATION  ACCESS:          0 HIT:          0 MISS:          0 MSHR_MERGE:          0
cpu2->cpu2_L1I PREFETCH REQUESTED:          0 ISSUED:          0 USEFUL:          0 USELESS:          0
cpu2->cpu2_L1I AVERAGE MISS LATENCY: 397.5 cycles
cpu2->cpu2_L1D TOTAL        ACCESS:    5064375 HIT:    3717892 MISS:    1346483 MSHR_MERGE:     896641
cpu2->cpu2_L1D LOAD         ACCESS:    3389466 HIT:    2665017 MISS:     724449 MSHR_MERGE:     407092
cpu2->cpu2_L1D RFO          ACCESS:          0 HIT:          0 MISS:          0 MSHR_MERGE:          0
cpu2->cpu2_L1D PREFETCH     ACCESS:          0 HIT:          0 MISS:          0 MSHR_MERGE:          0
cpu2->cpu2_L1D WRITE        ACCESS:    1674909 HIT:    1052875 MISS:     622034 MSHR_MERGE:     489549
cpu2->cpu2_L1D TRANSLATION  ACCESS:          0 HIT:          0 MISS:          0 MSHR_MERGE:          0
cpu2->cpu2_L1D PREFETCH REQUESTED:          0 ISSUED:          0 USEFUL:          0 USELESS:          0
cpu2->cpu2_L1D AVERAGE MISS LATENCY: 129.3 cycles
cpu2->cpu2_ITLB TOTAL        ACCESS:    4273152 HIT:    4273152 MISS:          0 MSHR_MERGE:          0
cpu2->cpu2_ITLB LOAD         ACCESS:    4273152 HIT:    4273152 MISS:          0 MSHR_MERGE:          0
cpu2->cpu2_ITLB RFO          ACCESS:          0 HIT:          0 MISS:          0 MSHR_MERGE:          0
cpu2->cpu2_ITLB PREFETCH     ACCESS:          0 HIT:          0 MISS:          0 MSHR_MERGE:          0
cpu2->cpu2_ITLB WRITE        ACCESS:          0 HIT:          0 MISS:          0 MSHR_MERGE:          0
cpu2->cpu2_ITLB TRANSLATION  ACCESS:          0 HIT:          0 MISS:          0 MSHR_MERGE:          0
cpu2->cpu2_ITLB PREFETCH REQUESTED:          0 ISSUED:          0 USEFUL:          0 USELESS:          0
cpu2->cpu2_ITLB AVERAGE MISS LATENCY: - cycles
cpu2->cpu2_DTLB TOTAL        ACCESS:    4492324 HIT:    4492324 MISS:          0 MSHR_MERGE:          0
cpu2->cpu2_DTLB LOAD         ACCESS:    4492324 HIT:    4492324 MISS:          0 MSHR_MERGE:          0
cpu2->cpu2_DTLB RFO          ACCESS:          0 HIT:          0 MISS:          0 MSHR_MERGE:          0
cpu2->cpu2_DTLB PREFETCH     ACCESS:          0 HIT:          0 MISS:          0 MSHR_MERGE:          0
cpu2->cpu2_DTLB WRITE        ACCESS:          0 HIT:          0 MISS:          0 MSHR_MERGE:          0
cpu2->cpu2_DTLB TRANSLATION  ACCESS:          0 HIT:          0 MISS:          0 MSHR_MERGE:          0
cpu2->cpu2_DTLB PREFETCH REQUESTED:          0 ISSUED:          0 USEFUL:          0 USELESS:          0
cpu2->cpu2_DTLB AVERAGE MISS LATENCY: - cycles
cpu1->cpu1_L2C TOTAL        ACCESS:     639762 HIT:     362364 MISS:     277398 MSHR_MERGE:          0
cpu1->cpu1_L2C LOAD         ACCESS:     316269 HIT:     163896 MISS:     152373 MSHR_MERGE:          0
cpu1->cpu1_L2C RFO          ACCESS:     131985 HIT:       7007 MISS:     124978 MSHR_MERGE:          0
cpu1->cpu1_L2C PREFETCH     ACCESS:          0 HIT:          0 MISS:          0 MSHR_MERGE:          0
cpu1->cpu1_L2C WRITE        ACCESS:     191508 HIT:     191461 MISS:         47 MSHR_MERGE:          0
cpu1->cpu1_L2C TRANSLATION  ACCESS:          0 HIT:          0 MISS:          0 MSHR_MERGE:          0
cpu1->cpu1_L2C PREFETCH REQUESTED:          0 ISSUED:          0 USEFUL:          0 USELESS:          0
cpu1->cpu1_L2C AVERAGE MISS LATENCY: 200.2 cycles
cpu1->cpu1_L1I TOTAL        ACCESS:    4796109 HIT:    4794535 MISS:       1574 MSHR_MERGE:       1072
cpu1->cpu1_L1I LOAD         ACCESS:    4796109 HIT:    4794535 MISS:       1574 MSHR_MERGE:       1072
cpu1->cpu1_L1I RFO          ACCESS:          0 HIT:          0 MISS:          0 MSHR_MERGE:          0
cpu1->cpu1_L1I PREFETCH     ACCESS:          0 HIT:          0 MISS:          0 MSHR_MERGE:          0
cpu1->cpu1_L1I WRITE        ACCESS:          0 HIT:          0 MISS:          0 MSHR_MERGE:          0
cpu1->cpu1_L1I TRANSLATION  ACCESS:          0 HIT:          0 MISS:          0 MSHR_MERGE:          0
cpu1->cpu1_L1I PREFETCH REQUESTED:          0 ISSUED:          0 USEFUL:          0 USELESS:          0
cpu1->cpu1_L1I AVERAGE MISS LATENCY: 389.7 cycles
cpu1->cpu1_L1D TOTAL        ACCESS:    5010880 HIT:    3664722 MISS:    1346158 MSHR_MERGE:     898406
cpu1->cpu1_L1D LOAD         ACCESS:    3350821 HIT:    2628395 MISS:     722426 MSHR_MERGE:     406659
cpu1->cpu1_L1D RFO          ACCESS:          0 HIT:          0 MISS:          0 MSHR_MERGE:          0
cpu1->cpu1_L1D PREFETCH     ACCESS:          0 HIT:          0 MISS:          0 MSHR_MERGE:          0
cpu1->cpu1_L1D WRITE        ACCESS:    1660059 HIT:    1036327 MISS:     623732 MSHR_MERGE:     491747
cpu1->cpu1_L1D TRANSLATION  ACCESS:          0 HIT:          0 MISS:          0 MSHR_MERGE:          0
cpu1->cpu1_L1D PREFETCH REQUESTED:          0 ISSUED:          0 USEFUL:          0 USELESS:          0
cpu1->cpu1_L1D AVERAGE MISS LATENCY: 132.3 cycles
cpu1->cpu1_ITLB TOTAL        ACCESS:    4212702 HIT:    4212702 MISS:          0 MSHR_MERGE:          0
cpu1->cpu1_ITLB LOAD         ACCESS:    4212702 HIT:    4212702 MISS:          0 MSHR_MERGE:          0
cpu1->cpu1_ITLB RFO          ACCESS:          0 HIT:          0 MISS:          0 MSHR_MERGE:          0
cpu1->cpu1_ITLB PREFETCH     ACCESS:          0 HIT:          0 MISS:          0 MSHR_MERGE:          0
cpu1->cpu1_ITLB WRITE        ACCESS:          0 HIT:          0 MISS:          0 MSHR_MERGE:          0
cpu1->cpu1_ITLB TRANSLATION  ACCESS:          0 HIT:          0 MISS:          0 MSHR_MERGE:          0
cpu1->cpu1_ITLB PREFETCH REQUESTED:          0 ISSUED:          0 USEFUL:          0 USELESS:          0
cpu1->cpu1_ITLB AVERAGE MISS LATENCY: - cycles
cpu1->cpu1_DTLB TOTAL        ACCESS:    4444605 HIT:    4444605 MISS:          0 MSHR_MERGE:          0
cpu1->cpu1_DTLB LOAD         ACCESS:    4444605 HIT:    4444605 MISS:          0 MSHR_MERGE:          0
cpu1->cpu1_DTLB RFO          ACCESS:          0 HIT:          0 MISS:          0 MSHR_MERGE:          0
cpu1->cpu1_DTLB PREFETCH     ACCESS:          0 HIT:          0 MISS:          0 MSHR_MERGE:          0
cpu1->cpu1_DTLB WRITE        ACCESS:          0 HIT:          0 MISS:          0 MSHR_MERGE:          0
cpu1->cpu1_DTLB TRANSLATION  ACCESS:          0 HIT:          0 MISS:          0 MSHR_MERGE:          0
cpu1->cpu1_DTLB PREFETCH REQUESTED:          0 ISSUED:          0 USEFUL:          0 USELESS:          0
cpu1->cpu1_DTLB AVERAGE MISS LATENCY: - cycles
cpu0->cpu0_L2C TOTAL        ACCESS:     638687 HIT:     362532 MISS:     276155 MSHR_MERGE:          0
cpu0->cpu0_L2C LOAD         ACCESS:     316364 HIT:     164413 MISS:     151951 MSHR_MERGE:          0
cpu0->cpu0_L2C RFO          ACCESS:     131164 HIT:       7007 MISS:     124157 MSHR_MERGE:          0
cpu0->cpu0_L2C PREFETCH     ACCESS:          0 HIT:          0 MISS:          0 MSHR_MERGE:          0
cpu0->cpu0_L2C WRITE        ACCESS:     191159 HIT:     191112 MISS:         47 MSHR_MERGE:          0
cpu0->cpu0_L2C TRANSLATION  ACCESS:          0 HIT:          0 MISS:          0 MSHR_MERGE:          0
cpu0->cpu0_L2C PREFETCH REQUESTED:          0 ISSUED:          0 USEFUL:          0 USELESS:          0
cpu0->cpu0_L2C AVERAGE MISS LATENCY: 200.7 cycles
cpu0->cpu0_L1I TOTAL        ACCESS:    4747667 HIT:    4746046 MISS:       1621 MSHR_MERGE:       1119
cpu0->cpu0_L1I LOAD         ACCESS:    4747667 HIT:    4746046 MISS:       1621 MSHR_MERGE:       1119
cpu0->cpu0_L1I RFO          ACCESS:          0 HIT:          0 MISS:          0 MSHR_MERGE:          0
cpu0->cpu0_L1I PREFETCH     ACCESS:          0 HIT:          0 MISS:          0 MSHR_MERGE:          0
cpu0->cpu0_L1I WRITE        ACCESS:          0 HIT:          0 MISS:          0 MSHR_MERGE:          0
cpu0->cpu0_L1I TRANSLATION  ACCESS:          0 HIT:          0 MISS:          0 MSHR_MERGE:          0
cpu0->cpu0_L1I PREFETCH REQUESTED:          0 ISSUED:          0 USEFUL:          0 USELESS:          0
cpu0->cpu0_L1I AVERAGE MISS LATENCY: 413.2 cycles
cpu0->cpu0_L1D TOTAL        ACCESS:    4949377 HIT:    3614034 MISS:    1335343 MSHR_MERGE:     888317
cpu0->cpu0_L1D LOAD         ACCESS:    3314645 HIT:    2592406 MISS:     722239 MSHR_MERGE:     406377
cpu0->cpu0_L1D RFO          ACCESS:          0 HIT:          0 MISS:          0 MSHR_MERGE:          0
cpu0->cpu0_L1D PREFETCH     ACCESS:          0 HIT:          0 MISS:          0 MSHR_MERGE:          0
cpu0->cpu0_L1D WRITE        ACCESS:    1634732 HIT:    1021628 MISS:     613104 MSHR_MERGE:     481940
cpu0->cpu0_L1D TRANSLATION  ACCESS:          0 HIT:          0 MISS:          0 MSHR_MERGE:          0
cpu0->cpu0_L1D PREFETCH REQUESTED:          0 ISSUED:          0 USEFUL:          0 USELESS:          0
cpu0->cpu0_L1D AVERAGE MISS LATENCY: 132.2 cycles
cpu0->cpu0_ITLB TOTAL        ACCESS:    4167559 HIT:    4167559 MISS:          0 MSHR_MERGE:          0
cpu0->cpu0_ITLB LOAD         ACCESS:    4167559 HIT:    4167559 MISS:          0 MSHR_MERGE:          0
cpu0->cpu0_ITLB RFO          ACCESS:          0 HIT:          0 MISS:          0 MSHR_MERGE:          0
cpu0->cpu0_ITLB PREFETCH     ACCESS:          0 HIT:          0 MISS:          0 MSHR_MERGE:          0
cpu0->cpu0_ITLB WRITE        ACCESS:          0 HIT:          0 MISS:          0 MSHR_MERGE:          0
cpu0->cpu0_ITLB TRANSLATION  ACCESS:          0 HIT:          0 MISS:          0 MSHR_MERGE:          0
cpu0->cpu0_ITLB PREFETCH REQUESTED:          0 ISSUED:          0 USEFUL:          0 USELESS:          0
cpu0->cpu0_ITLB AVERAGE MISS LATENCY: - cycles
cpu0->cpu0_DTLB TOTAL        ACCESS:    4398380 HIT:    4398380 MISS:          0 MSHR_MERGE:          0
cpu0->cpu0_DTLB LOAD         ACCESS:    4398380 HIT:    4398380 MISS:          0 MSHR_MERGE:          0
cpu0->cpu0_DTLB RFO          ACCESS:          0 HIT:          0 MISS:          0 MSHR_MERGE:          0
cpu0->cpu0_DTLB PREFETCH     ACCESS:          0 HIT:          0 MISS:          0 MSHR_MERGE:          0
cpu0->cpu0_DTLB WRITE        ACCESS:          0 HIT:          0 MISS:          0 MSHR_MERGE:          0
cpu0->cpu0_DTLB TRANSLATION  ACCESS:          0 HIT:          0 MISS:          0 MSHR_MERGE:          0
cpu0->cpu0_DTLB PREFETCH REQUESTED:          0 ISSUED:          0 USEFUL:          0 USELESS:          0
cpu0->cpu0_DTLB AVERAGE MISS LATENCY: - cycles
cpu0->LLC TOTAL        ACCESS:     426619 HIT:     278091 MISS:     148528 MSHR_MERGE:          0
cpu0->LLC LOAD         ACCESS:     151950 HIT:      76957 MISS:      74993 MSHR_MERGE:          0
cpu0->LLC RFO          ACCESS:     124157 HIT:      61214 MISS:      62943 MSHR_MERGE:          0
cpu0->LLC PREFETCH     ACCESS:          0 HIT:          0 MISS:          0 MSHR_MERGE:          0
cpu0->LLC WRITE        ACCESS:     150512 HIT:     139920 MISS:      10592 MSHR_MERGE:          0
cpu0->LLC TRANSLATION  ACCESS:          0 HIT:          0 MISS:          0 MSHR_MERGE:          0
cpu0->LLC PREFETCH REQUESTED:          0 ISSUED:          0 USEFUL:          0 USELESS:          0
cpu0->LLC AVERAGE MISS LATENCY: 2735 cycles
cpu1->LLC TOTAL        ACCESS:     428505 HIT:     279552 MISS:     148953 MSHR_MERGE:          0
cpu1->LLC LOAD         ACCESS:     152372 HIT:      76879 MISS:      75493 MSHR_MERGE:          0
cpu1->LLC RFO          ACCESS:     124978 HIT:      61351 MISS:      63627 MSHR_MERGE:          0
cpu1->LLC PREFETCH     ACCESS:          0 HIT:          0 MISS:          0 MSHR_MERGE:          0
cpu1->LLC WRITE        ACCESS:     151155 HIT:     141322 MISS:       9833 MSHR_MERGE:          0
cpu1->LLC TRANSLATION  ACCESS:          0 HIT:          0 MISS:          0 MSHR_MERGE:          0
cpu1->LLC PREFETCH REQUESTED:          0 ISSUED:          0 USEFUL:          0 USELESS:          0
cpu1->LLC AVERAGE MISS LATENCY: 2727 cycles
cpu2->LLC TOTAL        ACCESS:     429460 HIT:     283305 MISS:     146155 MSHR_MERGE:          0
cpu2->LLC LOAD         ACCESS:     152570 HIT:      76884 MISS:      75686 MSHR_MERGE:          0
cpu2->LLC RFO          ACCESS:     125472 HIT:      63707 MISS:      61765 MSHR_MERGE:          0
cpu2->LLC PREFETCH     ACCESS:          0 HIT:          0 MISS:          0 MSHR_MERGE:          0
cpu2->LLC WRITE        ACCESS:     151418 HIT:     142714 MISS:       8704 MSHR_MERGE:          0
cpu2->LLC TRANSLATION  ACCESS:          0 HIT:          0 MISS:          0 MSHR_MERGE:          0
cpu2->LLC PREFETCH REQUESTED:          0 ISSUED:          0 USEFUL:          0 USELESS:          0
cpu2->LLC AVERAGE MISS LATENCY: 2780 cycles
cpu3->LLC TOTAL        ACCESS:     438525 HIT:     295431 MISS:     143094 MSHR_MERGE:          0
cpu3->LLC LOAD         ACCESS:     154420 HIT:      79429 MISS:      74991 MSHR_MERGE:          0
cpu3->LLC RFO          ACCESS:     129784 HIT:      69007 MISS:      60777 MSHR_MERGE:          0
cpu3->LLC PREFETCH     ACCESS:          0 HIT:          0 MISS:          0 MSHR_MERGE:          0
cpu3->LLC WRITE        ACCESS:     154321 HIT:     146995 MISS:       7326 MSHR_MERGE:          0
cpu3->LLC TRANSLATION  ACCESS:          0 HIT:          0 MISS:          0 MSHR_MERGE:          0
cpu3->LLC PREFETCH REQUESTED:          0 ISSUED:          0 USEFUL:          0 USELESS:          0
cpu3->LLC AVERAGE MISS LATENCY: 2839 cycles
cpu4->LLC TOTAL        ACCESS:     441278 HIT:     296336 MISS:     144942 MSHR_MERGE:          0
cpu4->LLC LOAD         ACCESS:     158098 HIT:      85310 MISS:      72788 MSHR_MERGE:          0
cpu4->LLC RFO          ACCESS:     127581 HIT:      63981 MISS:      63600 MSHR_MERGE:          0
cpu4->LLC PREFETCH     ACCESS:          0 HIT:          0 MISS:          0 MSHR_MERGE:          0
cpu4->LLC WRITE        ACCESS:     155599 HIT:     147045 MISS:       8554 MSHR_MERGE:          0
cpu4->LLC TRANSLATION  ACCESS:          0 HIT:          0 MISS:          0 MSHR_MERGE:          0
cpu4->LLC PREFETCH REQUESTED:          0 ISSUED:          0 USEFUL:          0 USELESS:          0
cpu4->LLC AVERAGE MISS LATENCY: 2803 cycles
cpu5->LLC TOTAL        ACCESS:     445794 HIT:     301872 MISS:     143922 MSHR_MERGE:          0
cpu5->LLC LOAD         ACCESS:     159848 HIT:      84161 MISS:      75687 MSHR_MERGE:          0
cpu5->LLC RFO          ACCESS:     128227 HIT:      66459 MISS:      61768 MSHR_MERGE:          0
cpu5->LLC PREFETCH     ACCESS:          0 HIT:          0 MISS:          0 MSHR_MERGE:          0
cpu5->LLC WRITE        ACCESS:     157719 HIT:     151252 MISS:       6467 MSHR_MERGE:          0
cpu5->LLC TRANSLATION  ACCESS:          0 HIT:          0 MISS:          0 MSHR_MERGE:          0
cpu5->LLC PREFETCH REQUESTED:          0 ISSUED:          0 USEFUL:          0 USELESS:          0
cpu5->LLC AVERAGE MISS LATENCY: 2822 cycles
cpu6->LLC TOTAL        ACCESS:     448009 HIT:     305424 MISS:     142585 MSHR_MERGE:          0
cpu6->LLC LOAD         ACCESS:     160557 HIT:      86094 MISS:      74463 MSHR_MERGE:          0
cpu6->LLC RFO          ACCESS:     128638 HIT:      66304 MISS:      62334 MSHR_MERGE:          0
cpu6->LLC PREFETCH     ACCESS:          0 HIT:          0 MISS:          0 MSHR_MERGE:          0
cpu6->LLC WRITE        ACCESS:     158814 HIT:     153026 MISS:       5788 MSHR_MERGE:          0
cpu6->LLC TRANSLATION  ACCESS:          0 HIT:          0 MISS:          0 MSHR_MERGE:          0
cpu6->LLC PREFETCH REQUESTED:          0 ISSUED:          0 USEFUL:          0 USELESS:          0
cpu6->LLC AVERAGE MISS LATENCY: 2849 cycles
cpu7->LLC TOTAL        ACCESS:     450516 HIT:     309811 MISS:     140705 MSHR_MERGE:          0
cpu7->LLC LOAD         ACCESS:     161258 HIT:      87739 MISS:      73519 MSHR_MERGE:          0
cpu7->LLC RFO          ACCESS:     129117 HIT:      66913 MISS:      62204 MSHR_MERGE:          0
cpu7->LLC PREFETCH     ACCESS:          0 HIT:          0 MISS:          0 MSHR_MERGE:          0
cpu7->LLC WRITE        ACCESS:     160141 HIT:     155159 MISS:       4982 MSHR_MERGE:          0
cpu7->LLC TRANSLATION  ACCESS:          0 HIT:          0 MISS:          0 MSHR_MERGE:          0
cpu7->LLC PREFETCH REQUESTED:          0 ISSUED:          0 USEFUL:          0 USELESS:          0
cpu7->LLC AVERAGE MISS LATENCY: 2887 cycles

DRAM Statistics

Channel 0 READ REQS:     548587	WRITE REQS:     366428
  READS:     548526	READ_HITS:          0
  WRITES:     366408	WRITE HITS:          0
  ACTIVATES:     914935	PRECHARGES:     914934
  RQ FULL:          0	WQ FULL:       1905
  WRITE DRAINS:      14449	FORCED:       7347
  MEAN WRITE IMBALANCE: 1.9843587791542667
  READ OCCU PRE DRAIN: 4.1944771264447365	POST DRAIN: 9.373866703578102
  MEAN WLP: 14.892103259741159
  READ LATENCY: 90.28690344669168
  TIME IN WRITE MODE: 2065199968

Channel 1 READ REQS:     548051	WRITE REQS:     366279
  READS:     547993	READ_HITS:          0
  WRITES:     366258	WRITE HITS:          0
  ACTIVATES:     914253	PRECHARGES:     914251
  RQ FULL:          0	WQ FULL:       2709
  WRITE DRAINS:      14438	FORCED:       7370
  MEAN WRITE IMBALANCE: 1.988086992658263
  READ OCCU PRE DRAIN: 4.232857736528605	POST DRAIN: 9.025765341460035
  MEAN WLP: 14.915431500207784
  READ LATENCY: 88.67045016998392
  TIME IN WRITE MODE: 2073369376
BARD NON LRU EVICTS: 0	TOTAL EVICTS: 2146066	EAGER WB: 157224
