[VMEM] WARNING: physical memory size is smaller than virtual memory size.

*** ChampSim Multicore Out-of-Order Simulator ***
Warmup Instructions: 25000000
Simulation Instructions: 25000000
Number of CPUs: 8
Page size: 2097152

initializing BARD -- num sampled sets: 64, modulus = 256
CL :	 16.64 ns
CWL :	 15.808 ns
tRP :	 16.224 ns
tRCD :	 16.224 ns
tRAS :	 32.032000000000004 ns
tRTP :	 7.904 ns
tWR :	 30.368000000000002 ns

tCCD_S :	 3.3280000000000003 ns
tCCD_S_WR :	 3.3280000000000003 ns
tCCD_S_WTR :	 22.048000000000002 ns
tCCD_L :	 5.408 ns
tCCD_L_WR :	 20.384 ns
tCCD_L_WTR :	 29.536 ns
tRRD_S :	 3.3280000000000003 ns
tRRD_L :	 5.408 ns
tFAW :	 13.728 ns
Address mapping (perm = 1) 	ch co bg bg bg ba ba co co co co co co ro ro ro ro ro ro ro ro ro ro ro ro ro ro ro 
dram queue size: R = 64 W = 48 (low:high is 9:39)
num evicts: 0, p: 0, s: 0 	 max proactive lookup: 16, max shadow lookup: 16
	evict counters: 128 128 128 128 128 128 128 128 128 128 128 128 128 128 128 128
	eager counters: 128 128 128 128 128 128 128 128 128 128 128 128 128 128 128 128
num evicts: 100000, p: 0, s: 7874 	 max proactive lookup: 6, max shadow lookup: 16
	evict counters: 146 144 140 140 133 131 125 112 117 114 114 118 118 115 116 115
	eager counters: 138 138 137 135 133 134 130 128 131 128 129 128 128 128 128 128
num evicts: 200000, p: 0, s: 15441 	 max proactive lookup: 6, max shadow lookup: 16
	evict counters: 168 160 156 149 144 138 127 108 108 106 103 108 109 107 109 109
	eager counters: 157 146 148 143 143 141 133 130 131 128 129 128 128 129 128 128
num evicts: 300000, p: 0, s: 22010 	 max proactive lookup: 7, max shadow lookup: 16
	evict counters: 192 173 192 160 150 153 137 115 114 111 103 102 108 102 105 103
	eager counters: 177 156 176 150 152 151 139 133 136 134 131 128 130 132 128 128
num evicts: 400000, p: 0, s: 30958 	 max proactive lookup: 7, max shadow lookup: 16
	evict counters: 224 193 213 175 162 170 141 118 114 119 107 99 114 105 99 99
	eager counters: 206 170 187 160 161 164 143 136 143 137 135 134 132 134 129 128
num evicts: 500000, p: 0, s: 40780 	 max proactive lookup: 8, max shadow lookup: 16
	evict counters: 249 212 233 192 177 185 147 130 124 121 112 106 117 103 101 100
	eager counters: 228 187 199 171 173 173 148 146 147 140 136 136 134 134 129 129
num evicts: 600000, p: 0, s: 50007 	 max proactive lookup: 9, max shadow lookup: 16
	evict counters: 255 235 250 209 188 202 153 132 129 120 113 109 119 114 101 90
	eager counters: 244 207 210 180 184 184 155 153 152 143 140 139 136 135 129 130
num evicts: 700000, p: 0, s: 59708 	 max proactive lookup: 10, max shadow lookup: 16
	evict counters: 255 249 255 239 201 209 167 146 134 131 116 115 114 108 93 31
	eager counters: 255 219 221 199 194 188 169 156 156 149 143 140 137 136 129 130
num evicts: 800000, p: 0, s: 68988 	 max proactive lookup: 10, max shadow lookup: 16
	evict counters: 255 255 255 250 220 217 173 155 134 137 119 115 116 110 93 28
	eager counters: 255 237 239 208 204 198 175 164 157 150 146 142 138 140 129 130
num evicts: 900000, p: 0, s: 78562 	 max proactive lookup: 10, max shadow lookup: 16
	evict counters: 255 255 254 255 238 232 186 172 139 143 119 112 116 106 103 25
	eager counters: 255 255 255 217 219 210 183 175 161 154 148 147 142 141 129 130
num evicts: 1000000, p: 0, s: 88043 	 max proactive lookup: 10, max shadow lookup: 16
	evict counters: 255 255 255 255 251 246 195 172 148 135 122 115 120 101 109 17
	eager counters: 255 255 255 231 237 221 194 176 166 156 151 148 144 142 132 130
num evicts: 1100000, p: 0, s: 97294 	 max proactive lookup: 10, max shadow lookup: 16
	evict counters: 255 254 255 254 255 255 206 185 155 146 116 116 124 98 105 27
	eager counters: 255 255 255 243 250 234 203 182 172 159 152 150 146 142 132 130
num evicts: 1200000, p: 0, s: 106464 	 max proactive lookup: 10, max shadow lookup: 16
	evict counters: 255 255 255 252 255 255 221 187 169 151 123 113 121 97 103 22
	eager counters: 255 255 255 252 255 244 211 186 183 164 157 150 146 142 132 130
num evicts: 1300000, p: 0, s: 115330 	 max proactive lookup: 10, max shadow lookup: 16
	evict counters: 255 255 255 254 255 255 227 195 180 162 124 118 117 100 102 25
	eager counters: 255 255 255 255 255 252 218 189 191 166 157 156 149 142 133 132
num evicts: 1400000, p: 0, s: 124393 	 max proactive lookup: 11, max shadow lookup: 16
	evict counters: 255 255 255 254 255 255 235 207 181 160 130 121 112 107 102 16
	eager counters: 255 255 255 255 255 255 223 200 194 167 159 158 150 144 134 133
num evicts: 1500000, p: 0, s: 133700 	 max proactive lookup: 11, max shadow lookup: 16
	evict counters: 255 255 255 255 254 255 244 212 183 161 131 124 117 111 99 10
	eager counters: 255 255 255 255 255 255 232 209 200 171 161 162 154 145 134 134
num evicts: 1600000, p: 0, s: 142955 	 max proactive lookup: 12, max shadow lookup: 16
	evict counters: 255 255 255 255 255 255 255 217 200 169 135 129 115 118 105 4
	eager counters: 255 255 255 255 255 255 241 212 203 173 161 165 154 147 136 134
num evicts: 1700000, p: 0, s: 152008 	 max proactive lookup: 12, max shadow lookup: 16
	evict counters: 255 255 255 254 252 255 253 218 210 171 141 129 111 120 102 2
	eager counters: 255 255 255 255 255 255 249 214 212 176 165 167 155 149 140 134
num evicts: 1800000, p: 0, s: 160838 	 max proactive lookup: 12, max shadow lookup: 16
	evict counters: 255 255 255 255 254 255 252 226 209 176 142 130 117 122 101 3
	eager counters: 255 255 255 255 255 255 251 217 214 181 168 168 158 150 140 135
num evicts: 1900000, p: 0, s: 169914 	 max proactive lookup: 12, max shadow lookup: 16
	evict counters: 255 255 255 255 255 255 254 228 213 181 143 134 117 123 107 5
	eager counters: 255 255 255 255 255 255 255 220 218 186 170 170 159 150 141 135
num evicts: 2000000, p: 0, s: 179421 	 max proactive lookup: 12, max shadow lookup: 16
	evict counters: 255 255 254 255 255 255 253 228 221 184 148 137 117 121 105 1
	eager counters: 255 255 255 255 255 255 255 222 226 189 173 173 161 151 143 135
num evicts: 2100000, p: 0, s: 188935 	 max proactive lookup: 12, max shadow lookup: 16
	evict counters: 255 255 255 255 255 255 255 233 229 193 153 135 126 115 107 1
	eager counters: 255 255 255 255 255 255 255 226 231 192 176 178 163 152 143 135
num evicts: 2200000, p: 0, s: 198203 	 max proactive lookup: 12, max shadow lookup: 16
	evict counters: 255 255 255 255 255 255 255 237 233 196 155 139 117 117 107 4
	eager counters: 255 255 255 255 255 255 255 230 237 196 180 178 164 153 145 135
num evicts: 2300000, p: 0, s: 207634 	 max proactive lookup: 12, max shadow lookup: 16
	evict counters: 255 255 255 255 255 254 255 249 237 200 153 147 119 115 100 5
	eager counters: 255 255 255 255 255 255 255 235 241 201 184 183 166 153 145 136
num evicts: 2400000, p: 0, s: 216724 	 max proactive lookup: 12, max shadow lookup: 16
	evict counters: 255 255 255 255 255 254 255 255 243 203 155 143 116 120 103 10
	eager counters: 255 255 255 255 255 255 255 238 245 205 185 184 170 154 145 136
num evicts: 2500000, p: 0, s: 226406 	 max proactive lookup: 12, max shadow lookup: 16
	evict counters: 255 255 255 255 255 253 254 253 244 203 162 145 120 115 99 15
	eager counters: 255 255 255 255 255 255 255 243 247 205 188 188 175 154 145 140
num evicts: 2600000, p: 0, s: 236184 	 max proactive lookup: 12, max shadow lookup: 16
	evict counters: 255 255 255 255 254 255 255 255 254 209 164 148 121 109 100 2
	eager counters: 255 255 255 255 255 255 255 247 254 208 192 190 177 155 145 140
num evicts: 2700000, p: 0, s: 245626 	 max proactive lookup: 12, max shadow lookup: 16
	evict counters: 255 255 255 255 255 255 255 255 255 214 166 154 123 104 107 4
	eager counters: 255 255 255 255 255 255 255 253 255 210 194 192 178 155 146 140
num evicts: 2800000, p: 0, s: 255522 	 max proactive lookup: 12, max shadow lookup: 16
	evict counters: 255 255 255 255 255 254 255 254 251 212 167 158 124 102 103 9
	eager counters: 255 255 255 255 255 255 255 255 255 214 198 194 180 157 147 142
num evicts: 2900000, p: 0, s: 265075 	 max proactive lookup: 12, max shadow lookup: 16
	evict counters: 255 255 254 255 255 255 255 255 252 218 171 152 120 101 99 13
	eager counters: 255 255 255 255 255 255 255 255 255 218 201 195 180 158 148 142
num evicts: 3000000, p: 0, s: 275094 	 max proactive lookup: 13, max shadow lookup: 16
	evict counters: 255 255 255 255 255 255 253 254 255 222 184 147 130 103 101 13
	eager counters: 255 255 255 255 255 255 255 255 255 222 202 197 183 159 148 143
num evicts: 3100000, p: 0, s: 285314 	 max proactive lookup: 12, max shadow lookup: 16
	evict counters: 255 255 254 255 254 255 255 253 252 228 189 152 127 102 100 12
	eager counters: 255 255 255 255 255 255 255 255 255 226 205 200 183 159 149 143
num evicts: 3200000, p: 0, s: 295372 	 max proactive lookup: 12, max shadow lookup: 16
	evict counters: 255 255 255 255 255 255 255 255 252 230 185 161 120 101 100 12
	eager counters: 255 255 255 255 255 255 255 255 255 228 208 201 183 160 149 144
num evicts: 3300000, p: 0, s: 305668 	 max proactive lookup: 12, max shadow lookup: 16
	evict counters: 255 255 255 255 255 255 255 252 255 231 192 161 125 97 101 9
	eager counters: 255 255 255 255 255 255 255 255 255 231 210 202 187 162 152 144
Heartbeat CPU 0 instructions: 10000003 cycles: 6236063 heartbeat IPC: 1.604 cumulative IPC: 1.604 (Simulation time: 00 hr 23 min 27 sec)
Heartbeat CPU 1 instructions: 10000003 cycles: 6237491 heartbeat IPC: 1.603 cumulative IPC: 1.603 (Simulation time: 00 hr 23 min 27 sec)
Heartbeat CPU 2 instructions: 10000003 cycles: 6237626 heartbeat IPC: 1.603 cumulative IPC: 1.603 (Simulation time: 00 hr 23 min 27 sec)
Heartbeat CPU 3 instructions: 10000003 cycles: 6238108 heartbeat IPC: 1.603 cumulative IPC: 1.603 (Simulation time: 00 hr 23 min 27 sec)
Heartbeat CPU 4 instructions: 10000003 cycles: 6239229 heartbeat IPC: 1.603 cumulative IPC: 1.603 (Simulation time: 00 hr 23 min 28 sec)
Heartbeat CPU 5 instructions: 10000003 cycles: 6239678 heartbeat IPC: 1.603 cumulative IPC: 1.603 (Simulation time: 00 hr 23 min 28 sec)
Heartbeat CPU 6 instructions: 10000003 cycles: 6240302 heartbeat IPC: 1.602 cumulative IPC: 1.602 (Simulation time: 00 hr 23 min 28 sec)
Heartbeat CPU 7 instructions: 10000003 cycles: 6240783 heartbeat IPC: 1.602 cumulative IPC: 1.602 (Simulation time: 00 hr 23 min 28 sec)
num evicts: 3400000, p: 0, s: 315729 	 max proactive lookup: 12, max shadow lookup: 16
	evict counters: 255 255 255 255 254 253 255 255 253 244 187 164 127 96 96 9
	eager counters: 255 255 255 255 255 255 255 255 255 239 211 204 190 163 155 144
num evicts: 3500000, p: 0, s: 325681 	 max proactive lookup: 13, max shadow lookup: 16
	evict counters: 255 255 255 254 255 254 255 249 255 238 193 163 129 91 94 11
	eager counters: 255 255 255 255 255 255 255 255 255 242 212 205 193 166 155 144
num evicts: 3600000, p: 0, s: 335808 	 max proactive lookup: 13, max shadow lookup: 16
	evict counters: 255 255 255 255 255 255 255 254 255 241 196 169 133 97 97 7
	eager counters: 255 255 255 255 255 255 255 255 255 244 218 207 195 169 155 144
num evicts: 3700000, p: 0, s: 346098 	 max proactive lookup: 13, max shadow lookup: 16
	evict counters: 255 255 254 255 255 254 255 255 255 248 196 167 136 93 90 2
	eager counters: 255 255 255 255 255 255 255 255 255 246 224 209 199 169 158 144
num evicts: 3800000, p: 0, s: 356249 	 max proactive lookup: 13, max shadow lookup: 16
	evict counters: 255 255 255 255 255 255 255 255 255 248 204 173 139 91 99 1
	eager counters: 255 255 255 255 255 255 255 255 255 250 226 211 202 171 160 144
num evicts: 3900000, p: 0, s: 366467 	 max proactive lookup: 13, max shadow lookup: 16
	evict counters: 255 255 255 255 255 254 254 254 252 253 202 166 141 92 98 0
	eager counters: 255 255 255 255 255 255 255 255 255 253 229 213 206 174 161 145
num evicts: 4000000, p: 0, s: 376371 	 max proactive lookup: 13, max shadow lookup: 16
	evict counters: 255 255 255 254 255 255 255 254 255 253 210 168 141 88 95 0
	eager counters: 255 255 255 255 255 255 255 255 255 255 230 213 211 174 161 146
num evicts: 4100000, p: 0, s: 386457 	 max proactive lookup: 13, max shadow lookup: 16
	evict counters: 255 255 255 255 254 255 255 253 255 254 212 165 141 96 94 3
	eager counters: 255 255 255 255 255 255 255 255 255 255 231 215 212 176 161 146
num evicts: 4200000, p: 0, s: 396555 	 max proactive lookup: 13, max shadow lookup: 16
	evict counters: 255 255 254 255 253 254 254 253 255 254 219 155 138 91 99 8
	eager counters: 255 255 255 255 255 255 255 255 255 255 234 216 212 176 164 147
num evicts: 4300000, p: 0, s: 406562 	 max proactive lookup: 13, max shadow lookup: 16
	evict counters: 255 255 255 255 255 255 255 255 254 255 224 160 141 87 93 8
	eager counters: 255 255 255 255 255 255 255 255 255 255 237 216 213 176 165 147
num evicts: 4400000, p: 0, s: 416870 	 max proactive lookup: 13, max shadow lookup: 16
	evict counters: 255 255 255 255 255 252 255 255 255 253 224 158 144 89 87 0
	eager counters: 255 255 255 255 255 255 255 255 255 255 239 217 213 179 165 147
num evicts: 4500000, p: 0, s: 426723 	 max proactive lookup: 13, max shadow lookup: 16
	evict counters: 255 255 255 254 255 254 255 253 252 252 230 160 141 85 91 0
	eager counters: 255 255 255 255 255 255 255 255 255 255 242 219 215 180 166 151
num evicts: 4600000, p: 0, s: 437042 	 max proactive lookup: 13, max shadow lookup: 16
	evict counters: 255 255 255 255 255 253 255 254 252 255 232 159 143 84 87 3
	eager counters: 255 255 255 255 255 255 255 255 255 255 246 220 215 181 167 151
num evicts: 4700000, p: 0, s: 447437 	 max proactive lookup: 13, max shadow lookup: 16
	evict counters: 255 255 255 255 255 255 255 255 255 255 242 159 141 86 87 5
	eager counters: 255 255 255 255 255 255 255 255 255 255 251 222 216 182 167 153
num evicts: 4800000, p: 0, s: 457702 	 max proactive lookup: 13, max shadow lookup: 16
	evict counters: 255 255 255 255 255 252 255 253 241 255 242 160 132 97 82 4
	eager counters: 255 255 255 255 255 255 255 255 255 255 254 223 216 182 169 153
num evicts: 4900000, p: 0, s: 467831 	 max proactive lookup: 13, max shadow lookup: 16
	evict counters: 255 255 255 255 254 254 255 253 241 253 252 165 139 105 91 0
	eager counters: 255 255 255 255 255 255 255 255 255 255 255 226 219 184 169 153
num evicts: 5000000, p: 0, s: 477412 	 max proactive lookup: 13, max shadow lookup: 16
	evict counters: 255 255 255 255 255 255 254 254 249 253 250 160 144 111 91 0
	eager counters: 255 255 255 255 255 255 255 255 255 255 255 229 223 184 173 153
num evicts: 5100000, p: 0, s: 487361 	 max proactive lookup: 13, max shadow lookup: 16
	evict counters: 255 255 255 254 255 255 254 254 255 250 251 161 148 108 94 2
	eager counters: 255 255 255 255 255 255 255 255 255 255 255 229 226 184 173 153
num evicts: 5200000, p: 0, s: 497273 	 max proactive lookup: 13, max shadow lookup: 16
	evict counters: 255 255 255 255 255 255 255 255 255 255 255 157 152 104 92 1
	eager counters: 255 255 255 255 255 255 255 255 255 255 255 231 227 186 174 153
num evicts: 5300000, p: 0, s: 506910 	 max proactive lookup: 13, max shadow lookup: 16
	evict counters: 255 255 255 255 255 255 255 255 254 253 255 156 147 104 83 0
	eager counters: 255 255 255 255 255 255 255 255 255 255 255 233 229 189 174 153
num evicts: 5400000, p: 0, s: 516445 	 max proactive lookup: 13, max shadow lookup: 16
	evict counters: 255 255 255 254 255 255 254 255 255 251 255 152 150 108 86 7
	eager counters: 255 255 255 255 255 255 255 255 255 255 255 234 231 191 174 153
num evicts: 5500000, p: 0, s: 525440 	 max proactive lookup: 13, max shadow lookup: 16
	evict counters: 255 255 255 255 255 255 254 254 255 252 255 158 155 106 88 1
	eager counters: 255 255 255 255 255 255 255 255 255 255 255 238 233 192 174 153
num evicts: 5600000, p: 0, s: 534709 	 max proactive lookup: 13, max shadow lookup: 16
	evict counters: 255 254 255 254 254 254 254 253 252 255 252 158 160 106 86 0
	eager counters: 255 255 255 255 255 255 255 255 255 255 255 240 237 192 175 154
num evicts: 5700000, p: 0, s: 544633 	 max proactive lookup: 13, max shadow lookup: 16
	evict counters: 255 255 255 255 255 255 255 254 253 254 251 160 163 113 90 4
	eager counters: 255 255 255 255 255 255 255 255 255 255 255 242 239 192 177 154
num evicts: 5800000, p: 0, s: 554330 	 max proactive lookup: 13, max shadow lookup: 16
	evict counters: 255 255 255 255 253 255 255 253 255 255 253 152 160 111 86 5
	eager counters: 255 255 255 255 255 255 255 255 255 255 255 244 240 193 177 154
num evicts: 5900000, p: 0, s: 564052 	 max proactive lookup: 13, max shadow lookup: 16
	evict counters: 255 255 255 255 255 255 255 255 254 251 248 159 162 112 83 10
	eager counters: 255 255 255 255 255 255 255 255 255 255 255 247 241 195 177 154
num evicts: 6000000, p: 0, s: 573890 	 max proactive lookup: 13, max shadow lookup: 16
	evict counters: 255 255 255 254 255 255 253 254 254 249 253 163 163 108 83 5
	eager counters: 255 255 255 255 255 255 255 255 255 255 255 250 241 196 177 154
num evicts: 6100000, p: 0, s: 583432 	 max proactive lookup: 13, max shadow lookup: 16
	evict counters: 255 255 255 255 255 255 255 255 255 250 254 171 167 108 91 8
	eager counters: 255 255 255 255 255 255 255 255 255 255 255 253 242 197 178 155
num evicts: 6200000, p: 0, s: 593187 	 max proactive lookup: 13, max shadow lookup: 16
	evict counters: 255 255 255 255 255 255 254 255 251 255 255 170 164 107 89 9
	eager counters: 255 255 255 255 255 255 255 255 255 255 255 254 243 198 179 155
num evicts: 6300000, p: 0, s: 603079 	 max proactive lookup: 13, max shadow lookup: 16
	evict counters: 255 255 255 253 254 255 255 255 254 254 254 165 167 110 82 3
	eager counters: 255 255 255 255 255 255 255 255 255 255 255 255 245 199 180 155
num evicts: 6400000, p: 0, s: 612643 	 max proactive lookup: 13, max shadow lookup: 16
	evict counters: 255 255 255 255 255 255 252 253 253 252 255 162 164 111 81 2
	eager counters: 255 255 255 255 255 255 255 255 255 255 255 255 250 200 181 155
num evicts: 6500000, p: 0, s: 621820 	 max proactive lookup: 13, max shadow lookup: 16
	evict counters: 255 255 255 255 255 255 255 255 255 254 253 160 166 104 84 1
	eager counters: 255 255 255 255 255 255 255 255 255 255 255 255 252 200 181 155
num evicts: 6600000, p: 0, s: 631023 	 max proactive lookup: 13, max shadow lookup: 16
	evict counters: 255 255 255 255 255 254 255 252 255 253 251 168 166 100 82 4
	eager counters: 255 255 255 255 255 255 255 255 255 255 255 255 253 200 182 155
num evicts: 6700000, p: 0, s: 640723 	 max proactive lookup: 13, max shadow lookup: 16
	evict counters: 255 255 255 255 255 255 255 253 254 254 254 173 161 93 75 7
	eager counters: 255 255 255 255 255 255 255 255 255 255 255 255 253 204 183 155
num evicts: 6800000, p: 0, s: 650708 	 max proactive lookup: 13, max shadow lookup: 16
	evict counters: 255 255 255 255 255 255 254 251 254 255 254 172 173 97 76 3
	eager counters: 255 255 255 255 255 255 255 255 255 255 255 255 254 205 183 155
Heartbeat CPU 0 instructions: 20000007 cycles: 12382216 heartbeat IPC: 1.627 cumulative IPC: 1.615 (Simulation time: 00 hr 46 min 20 sec)
Heartbeat CPU 1 instructions: 20000007 cycles: 12383457 heartbeat IPC: 1.627 cumulative IPC: 1.615 (Simulation time: 00 hr 46 min 21 sec)
Heartbeat CPU 2 instructions: 20000007 cycles: 12384002 heartbeat IPC: 1.627 cumulative IPC: 1.615 (Simulation time: 00 hr 46 min 21 sec)
Heartbeat CPU 3 instructions: 20000007 cycles: 12384372 heartbeat IPC: 1.627 cumulative IPC: 1.615 (Simulation time: 00 hr 46 min 21 sec)
Heartbeat CPU 4 instructions: 20000007 cycles: 12385508 heartbeat IPC: 1.627 cumulative IPC: 1.615 (Simulation time: 00 hr 46 min 21 sec)
Heartbeat CPU 5 instructions: 20000007 cycles: 12385893 heartbeat IPC: 1.627 cumulative IPC: 1.615 (Simulation time: 00 hr 46 min 21 sec)
Heartbeat CPU 6 instructions: 20000007 cycles: 12386190 heartbeat IPC: 1.627 cumulative IPC: 1.615 (Simulation time: 00 hr 46 min 21 sec)
Heartbeat CPU 7 instructions: 20000007 cycles: 12387326 heartbeat IPC: 1.627 cumulative IPC: 1.615 (Simulation time: 00 hr 46 min 21 sec)
num evicts: 6900000, p: 0, s: 660245 	 max proactive lookup: 13, max shadow lookup: 16
	evict counters: 255 254 255 253 255 254 255 252 251 252 254 169 175 91 72 3
	eager counters: 255 255 255 255 255 255 255 255 255 255 255 255 255 205 183 155
num evicts: 7000000, p: 0, s: 669480 	 max proactive lookup: 13, max shadow lookup: 16
	evict counters: 255 255 255 255 255 255 255 254 251 255 255 175 180 92 74 4
	eager counters: 255 255 255 255 255 255 255 255 255 255 255 255 255 207 183 156
num evicts: 7100000, p: 0, s: 678204 	 max proactive lookup: 13, max shadow lookup: 16
	evict counters: 255 255 255 255 255 253 255 255 255 254 253 181 182 90 70 0
	eager counters: 255 255 255 255 255 255 255 255 255 255 255 255 255 208 183 157
num evicts: 7200000, p: 0, s: 687883 	 max proactive lookup: 13, max shadow lookup: 16
	evict counters: 255 255 255 255 254 255 255 252 254 252 255 176 180 95 84 0
	eager counters: 255 255 255 255 255 255 255 255 255 255 255 255 255 209 186 157
num evicts: 7300000, p: 0, s: 697512 	 max proactive lookup: 13, max shadow lookup: 16
	evict counters: 255 255 255 255 255 255 254 255 252 253 255 169 175 102 81 2
	eager counters: 255 255 255 255 255 255 255 255 255 255 255 255 255 210 186 158
num evicts: 7400000, p: 0, s: 706665 	 max proactive lookup: 13, max shadow lookup: 16
	evict counters: 255 255 255 255 254 255 254 254 251 253 251 175 180 101 77 2
	eager counters: 255 255 255 255 255 255 255 255 255 255 255 255 255 210 186 160
num evicts: 7500000, p: 0, s: 715834 	 max proactive lookup: 13, max shadow lookup: 16
	evict counters: 255 255 254 255 255 255 255 255 251 255 251 180 190 95 75 1
	eager counters: 255 255 255 255 255 255 255 255 255 255 255 255 255 212 186 160
num evicts: 7600000, p: 0, s: 724609 	 max proactive lookup: 13, max shadow lookup: 16
	evict counters: 255 255 255 255 255 255 255 255 253 255 249 182 195 90 79 0
	eager counters: 255 255 255 255 255 255 255 255 255 255 255 255 255 213 187 160
num evicts: 7700000, p: 0, s: 733627 	 max proactive lookup: 13, max shadow lookup: 16
	evict counters: 255 253 255 255 254 254 253 254 254 255 253 180 199 84 79 4
	eager counters: 255 255 255 255 255 255 255 255 255 255 255 255 255 216 187 162
num evicts: 7800000, p: 0, s: 742740 	 max proactive lookup: 13, max shadow lookup: 16
	evict counters: 255 255 255 255 255 255 254 253 254 255 253 171 198 81 73 0
	eager counters: 255 255 255 255 255 255 255 255 255 255 255 255 255 216 187 162
num evicts: 7900000, p: 0, s: 751604 	 max proactive lookup: 13, max shadow lookup: 16
	evict counters: 255 255 255 255 255 255 255 255 254 255 252 177 194 84 69 2
	eager counters: 255 255 255 255 255 255 255 255 255 255 255 255 255 218 187 162
num evicts: 8000000, p: 0, s: 760708 	 max proactive lookup: 13, max shadow lookup: 16
	evict counters: 255 255 255 255 255 255 254 253 249 255 252 180 192 83 67 1
	eager counters: 255 255 255 255 255 255 255 255 255 255 255 255 255 219 188 162
num evicts: 8100000, p: 0, s: 770182 	 max proactive lookup: 13, max shadow lookup: 16
	evict counters: 255 255 255 255 255 255 255 254 255 255 255 187 188 85 72 6
	eager counters: 255 255 255 255 255 255 255 255 255 255 255 255 255 221 188 163
num evicts: 8200000, p: 0, s: 779483 	 max proactive lookup: 13, max shadow lookup: 16
	evict counters: 255 255 255 255 254 255 253 255 253 255 255 186 196 84 74 0
	eager counters: 255 255 255 255 255 255 255 255 255 255 255 255 255 222 188 163
num evicts: 8300000, p: 0, s: 788592 	 max proactive lookup: 13, max shadow lookup: 16
	evict counters: 255 255 253 255 255 254 254 254 254 254 252 186 199 81 75 1
	eager counters: 255 255 255 255 255 255 255 255 255 255 255 255 255 224 190 163
num evicts: 8400000, p: 0, s: 798061 	 max proactive lookup: 13, max shadow lookup: 16
	evict counters: 255 255 255 255 255 255 254 254 255 254 244 191 200 78 72 2
	eager counters: 255 255 255 255 255 255 255 255 255 255 255 255 255 224 191 163
num evicts: 8500000, p: 0, s: 807379 	 max proactive lookup: 13, max shadow lookup: 16
	evict counters: 255 255 255 255 253 255 252 254 252 255 249 198 198 81 71 5
	eager counters: 255 255 255 255 255 255 255 255 255 255 255 255 255 225 192 163
num evicts: 8600000, p: 0, s: 816470 	 max proactive lookup: 13, max shadow lookup: 16
	evict counters: 255 255 255 255 255 255 252 254 253 252 252 200 196 83 66 7
	eager counters: 255 255 255 255 255 255 255 255 255 255 255 255 255 228 192 163
Warmup finished CPU 0 instructions: 25000002 cycles: 15503511 cumulative IPC: 1.613 (Simulation time: 00 hr 57 min 46 sec)
Warmup finished CPU 1 instructions: 25000002 cycles: 15504881 cumulative IPC: 1.612 (Simulation time: 00 hr 57 min 47 sec)
Warmup finished CPU 2 instructions: 25000002 cycles: 15505178 cumulative IPC: 1.612 (Simulation time: 00 hr 57 min 47 sec)
Warmup finished CPU 3 instructions: 25000002 cycles: 15505722 cumulative IPC: 1.612 (Simulation time: 00 hr 57 min 47 sec)
Warmup finished CPU 4 instructions: 25000002 cycles: 15506924 cumulative IPC: 1.612 (Simulation time: 00 hr 57 min 47 sec)
Warmup finished CPU 5 instructions: 25000002 cycles: 15507365 cumulative IPC: 1.612 (Simulation time: 00 hr 57 min 47 sec)
Warmup finished CPU 6 instructions: 25000002 cycles: 15507477 cumulative IPC: 1.612 (Simulation time: 00 hr 57 min 47 sec)
Warmup finished CPU 7 instructions: 25000002 cycles: 15508630 cumulative IPC: 1.612 (Simulation time: 00 hr 57 min 48 sec)
Warmup complete CPU 7 instructions: 25000002 cycles: 15508630 cumulative IPC: 1.612 (Simulation time: 00 hr 57 min 48 sec)
Warmup complete CPU 6 instructions: 25003577 cycles: 15508630 cumulative IPC: 1.612 (Simulation time: 00 hr 57 min 48 sec)
Warmup complete CPU 5 instructions: 25003948 cycles: 15508630 cumulative IPC: 1.612 (Simulation time: 00 hr 57 min 48 sec)
Warmup complete CPU 4 instructions: 25004229 cycles: 15508630 cumulative IPC: 1.612 (Simulation time: 00 hr 57 min 48 sec)
Warmup complete CPU 3 instructions: 25004657 cycles: 15508630 cumulative IPC: 1.612 (Simulation time: 00 hr 57 min 48 sec)
Warmup complete CPU 2 instructions: 25004830 cycles: 15508630 cumulative IPC: 1.612 (Simulation time: 00 hr 57 min 48 sec)
Warmup complete CPU 1 instructions: 25005854 cycles: 15508630 cumulative IPC: 1.612 (Simulation time: 00 hr 57 min 48 sec)
Warmup complete CPU 0 instructions: 25010414 cycles: 15508630 cumulative IPC: 1.613 (Simulation time: 00 hr 57 min 48 sec)
num evicts: 8700000, p: 0, s: 825176 	 max proactive lookup: 13, max shadow lookup: 16
	evict counters: 255 255 255 255 255 255 255 254 255 253 253 198 195 86 66 2
	eager counters: 255 255 255 255 255 255 255 255 255 255 255 255 255 228 192 163
num evicts: 8800000, p: 0, s: 834391 	 max proactive lookup: 13, max shadow lookup: 16
	evict counters: 255 255 255 255 255 255 253 255 255 254 253 198 192 86 62 0
	eager counters: 255 255 255 255 255 255 255 255 255 255 255 255 255 232 194 163
num evicts: 8900000, p: 0, s: 846204 	 max proactive lookup: 13, max shadow lookup: 16
	evict counters: 255 255 254 255 253 255 255 255 252 255 254 197 190 92 57 0
	eager counters: 255 255 255 255 255 255 255 255 255 255 255 255 255 235 196 165
num evicts: 9000000, p: 0, s: 859751 	 max proactive lookup: 13, max shadow lookup: 16
	evict counters: 255 255 255 255 255 255 254 255 253 247 248 200 194 93 62 2
	eager counters: 255 255 255 255 255 255 255 255 255 255 255 255 255 235 196 166
num evicts: 9100000, p: 0, s: 874700 	 max proactive lookup: 13, max shadow lookup: 16
	evict counters: 255 255 255 255 255 254 255 255 251 250 252 206 197 94 64 0
	eager counters: 255 255 255 255 255 255 255 255 255 255 255 255 255 237 196 166
num evicts: 9200000, p: 0, s: 890737 	 max proactive lookup: 13, max shadow lookup: 16
	evict counters: 255 255 255 255 255 255 255 254 254 255 250 208 199 89 61 1
	eager counters: 255 255 255 255 255 255 255 255 255 255 255 255 255 238 196 166
num evicts: 9300000, p: 0, s: 907413 	 max proactive lookup: 13, max shadow lookup: 16
	evict counters: 255 255 255 255 255 255 255 254 255 253 248 210 201 91 69 0
	eager counters: 255 255 255 255 255 255 255 255 255 255 255 255 255 240 197 166
num evicts: 9400000, p: 0, s: 924340 	 max proactive lookup: 13, max shadow lookup: 16
	evict counters: 255 255 254 254 255 254 254 255 253 250 253 204 204 89 67 1
	eager counters: 255 255 255 255 255 255 255 255 255 255 255 255 255 240 197 166
num evicts: 9500000, p: 0, s: 942753 	 max proactive lookup: 13, max shadow lookup: 16
	evict counters: 255 255 255 255 255 253 255 252 255 252 255 207 207 86 68 0
	eager counters: 255 255 255 255 255 255 255 255 255 255 255 255 255 242 197 166
num evicts: 9600000, p: 0, s: 962046 	 max proactive lookup: 13, max shadow lookup: 16
	evict counters: 255 255 255 255 254 255 255 253 255 255 253 209 207 82 67 2
	eager counters: 255 255 255 255 255 255 255 255 255 255 255 255 255 246 197 166
num evicts: 9700000, p: 0, s: 979711 	 max proactive lookup: 13, max shadow lookup: 16
	evict counters: 255 255 255 255 255 254 255 255 255 251 253 210 202 86 58 0
	eager counters: 255 255 255 255 255 255 255 255 255 255 255 255 255 248 198 166
num evicts: 9800000, p: 0, s: 997581 	 max proactive lookup: 13, max shadow lookup: 16
	evict counters: 255 255 255 255 254 255 255 255 253 250 254 221 201 92 51 0
	eager counters: 255 255 255 255 255 255 255 255 255 255 255 255 255 253 199 166
num evicts: 9900000, p: 0, s: 1015831 	 max proactive lookup: 13, max shadow lookup: 16
	evict counters: 255 255 255 255 254 255 255 254 255 254 245 219 195 91 53 2
	eager counters: 255 255 255 255 255 255 255 255 255 255 255 255 255 253 201 166
num evicts: 10000000, p: 0, s: 1035054 	 max proactive lookup: 13, max shadow lookup: 16
	evict counters: 255 255 255 255 255 255 254 255 251 255 254 219 197 88 50 2
	eager counters: 255 255 255 255 255 255 255 255 255 255 255 255 255 253 201 166
num evicts: 10100000, p: 0, s: 1054049 	 max proactive lookup: 13, max shadow lookup: 16
	evict counters: 255 255 254 255 255 255 255 255 250 254 253 221 194 83 43 3
	eager counters: 255 255 255 255 255 255 255 255 255 255 255 255 255 255 202 166
num evicts: 10200000, p: 0, s: 1073053 	 max proactive lookup: 13, max shadow lookup: 16
	evict counters: 255 255 255 255 255 254 255 255 252 251 253 223 197 79 47 7
	eager counters: 255 255 255 255 255 255 255 255 255 255 255 255 255 255 203 166
Heartbeat CPU 0 instructions: 30000008 cycles: 39115694 heartbeat IPC: 0.3741 cumulative IPC: 0.2114 (Simulation time: 01 hr 49 min 21 sec)
Heartbeat CPU 3 instructions: 30000008 cycles: 39236914 heartbeat IPC: 0.3724 cumulative IPC: 0.2105 (Simulation time: 01 hr 49 min 36 sec)
Heartbeat CPU 5 instructions: 30000008 cycles: 39335683 heartbeat IPC: 0.3711 cumulative IPC: 0.2097 (Simulation time: 01 hr 49 min 48 sec)
Heartbeat CPU 4 instructions: 30000008 cycles: 39397864 heartbeat IPC: 0.3702 cumulative IPC: 0.2091 (Simulation time: 01 hr 49 min 56 sec)
Heartbeat CPU 7 instructions: 30000008 cycles: 39466385 heartbeat IPC: 0.3693 cumulative IPC: 0.2087 (Simulation time: 01 hr 50 min 05 sec)
Heartbeat CPU 1 instructions: 30000008 cycles: 39571566 heartbeat IPC: 0.3678 cumulative IPC: 0.2075 (Simulation time: 01 hr 50 min 17 sec)
Heartbeat CPU 2 instructions: 30000008 cycles: 39582982 heartbeat IPC: 0.3677 cumulative IPC: 0.2075 (Simulation time: 01 hr 50 min 19 sec)
Heartbeat CPU 6 instructions: 30000008 cycles: 39613280 heartbeat IPC: 0.3673 cumulative IPC: 0.2073 (Simulation time: 01 hr 50 min 23 sec)
num evicts: 10300000, p: 0, s: 1092037 	 max proactive lookup: 13, max shadow lookup: 16
	evict counters: 255 255 255 255 255 255 255 254 255 247 253 222 190 80 44 4
	eager counters: 255 255 255 255 255 255 255 255 255 255 255 255 255 255 203 167
num evicts: 10400000, p: 0, s: 1110547 	 max proactive lookup: 13, max shadow lookup: 16
	evict counters: 255 255 255 255 255 255 255 255 253 245 252 228 195 81 40 3
	eager counters: 255 255 255 255 255 255 255 255 255 255 255 255 255 255 205 167
num evicts: 10500000, p: 0, s: 1130092 	 max proactive lookup: 13, max shadow lookup: 16
	evict counters: 255 255 255 255 255 255 255 255 255 254 253 224 185 78 44 2
	eager counters: 255 255 255 255 255 255 255 255 255 255 255 255 255 255 208 167
num evicts: 10600000, p: 0, s: 1150472 	 max proactive lookup: 13, max shadow lookup: 16
	evict counters: 255 255 255 255 255 255 254 253 254 254 254 230 189 79 46 0
	eager counters: 255 255 255 255 255 255 255 255 255 255 255 255 255 255 208 167
num evicts: 10700000, p: 0, s: 1170580 	 max proactive lookup: 13, max shadow lookup: 16
	evict counters: 255 255 255 255 255 255 255 255 254 251 255 234 191 79 12 3
	eager counters: 255 255 255 255 255 255 255 255 255 255 255 255 255 255 209 167
num evicts: 10800000, p: 0, s: 1190276 	 max proactive lookup: 13, max shadow lookup: 16
	evict counters: