---------------------------------------
Begin Slurm Prolog: Apr-07-2025 19:31:42
Job ID:    3599887
User ID:   svittal8
Account:   gts-mqureshi4-rg
Job name:  wrap
Partition: cpu-small
QOS:       inferno
---------------------------------------
/var/lib/slurm/slurmd/job3599887/slurm_script: line 4: 2164599 Floating point exception./bin/bard_close TRACES/ctf/spec2017/627.cam4_s-490B.champsimtrace.xz TRACES/ctf/spec2017/627.cam4_s-490B.champsimtrace.xz TRACES/ctf/spec2017/627.cam4_s-490B.champsimtrace.xz TRACES/ctf/spec2017/627.cam4_s-490B.champsimtrace.xz TRACES/ctf/spec2017/627.cam4_s-490B.champsimtrace.xz TRACES/ctf/spec2017/627.cam4_s-490B.champsimtrace.xz TRACES/ctf/spec2017/627.cam4_s-490B.champsimtrace.xz TRACES/ctf/spec2017/627.cam4_s-490B.champsimtrace.xz --warmup-instructions 25000000 --simulation-instructions 100000000 --dram-page-policy 1 --bard-use-bitvector --bard-max-lookup 16
---------------------------------------
Begin Slurm Epilog: Apr-07-2025 19:31:43
Job ID:        3599887
User ID:       svittal8
Account:       gts-mqureshi4-rg
Job name:      wrap
Resources:     cpu=1,mem=4G,node=1
Rsrc Used:     cput=00:00:07,vmem=0,walltime=00:00:07,mem=22492K,energy_used=0
Partition:     cpu-small
QOS:           inferno
Nodes:         atl1-1-02-011-3-1
---------------------------------------
