[VMEM] WARNING: physical memory size is smaller than virtual memory size.
dram page policy: is open = 1	is close = 0	is soft close = 0	cmd arg = 0

*** ChampSim Multicore Out-of-Order Simulator ***
Warmup Instructions: 25000000
Simulation Instructions: 50000000
Number of CPUs: 8
Page size: 2097152

CL :	 16.64 ns
CWL :	 15.808 ns
tRP :	 16.224 ns
tRCD :	 16.224 ns
tRAS :	 32.032000000000004 ns
tRTP :	 7.904 ns
tWR :	 30.368000000000002 ns

tCCD_S :	 3.3280000000000003 ns
tCCD_S_WR :	 3.3280000000000003 ns
tCCD_S_WTR :	 22.048000000000002 ns
tCCD_L :	 5.408 ns
tCCD_L_WR :	 20.384 ns
tCCD_L_WTR :	 29.536 ns
tRRD_S :	 3.3280000000000003 ns
tRRD_L :	 5.408 ns
tFAW :	 13.728 ns
Address mapping (perm = 1) 	ch co bg bg bg ba ba co co co co co co ro ro ro ro ro ro ro ro ro ro ro ro ro ro ro 
dram queue size: R = 64 W = 48 (low:high is 9:39)
max lookup for evict 0	evict = 16, eager = 16
Heartbeat CPU 1 instructions: 10000000 cycles: 2512116 heartbeat IPC: 3.981 cumulative IPC: 3.981 (Simulation time: 00 hr 13 min 37 sec)
Heartbeat CPU 2 instructions: 10000001 cycles: 2512172 heartbeat IPC: 3.981 cumulative IPC: 3.981 (Simulation time: 00 hr 13 min 37 sec)
Heartbeat CPU 4 instructions: 10000001 cycles: 2512173 heartbeat IPC: 3.981 cumulative IPC: 3.981 (Simulation time: 00 hr 13 min 37 sec)
Heartbeat CPU 5 instructions: 10000001 cycles: 2512381 heartbeat IPC: 3.98 cumulative IPC: 3.98 (Simulation time: 00 hr 13 min 37 sec)
Heartbeat CPU 7 instructions: 10000003 cycles: 2512499 heartbeat IPC: 3.98 cumulative IPC: 3.98 (Simulation time: 00 hr 13 min 37 sec)
Heartbeat CPU 0 instructions: 10000000 cycles: 2513595 heartbeat IPC: 3.978 cumulative IPC: 3.978 (Simulation time: 00 hr 13 min 38 sec)
Heartbeat CPU 3 instructions: 10000000 cycles: 2513950 heartbeat IPC: 3.978 cumulative IPC: 3.978 (Simulation time: 00 hr 13 min 38 sec)
Heartbeat CPU 6 instructions: 10000000 cycles: 2514128 heartbeat IPC: 3.978 cumulative IPC: 3.978 (Simulation time: 00 hr 13 min 38 sec)
Heartbeat CPU 1 instructions: 20000001 cycles: 5020814 heartbeat IPC: 3.986 cumulative IPC: 3.983 (Simulation time: 00 hr 26 min 59 sec)
Heartbeat CPU 2 instructions: 20000001 cycles: 5021164 heartbeat IPC: 3.986 cumulative IPC: 3.983 (Simulation time: 00 hr 26 min 59 sec)
Heartbeat CPU 4 instructions: 20000001 cycles: 5021165 heartbeat IPC: 3.986 cumulative IPC: 3.983 (Simulation time: 00 hr 26 min 59 sec)
Heartbeat CPU 5 instructions: 20000001 cycles: 5021373 heartbeat IPC: 3.986 cumulative IPC: 3.983 (Simulation time: 00 hr 26 min 59 sec)
Heartbeat CPU 7 instructions: 20000005 cycles: 5021752 heartbeat IPC: 3.985 cumulative IPC: 3.983 (Simulation time: 00 hr 26 min 59 sec)
Heartbeat CPU 0 instructions: 20000001 cycles: 5024119 heartbeat IPC: 3.983 cumulative IPC: 3.981 (Simulation time: 00 hr 27 min 00 sec)
Heartbeat CPU 3 instructions: 20000001 cycles: 5024474 heartbeat IPC: 3.983 cumulative IPC: 3.981 (Simulation time: 00 hr 27 min 00 sec)
Heartbeat CPU 6 instructions: 20000001 cycles: 5024578 heartbeat IPC: 3.983 cumulative IPC: 3.98 (Simulation time: 00 hr 27 min 00 sec)
Warmup finished CPU 1 instructions: 25000000 cycles: 6277767 cumulative IPC: 3.982 (Simulation time: 00 hr 34 min 36 sec)
Warmup finished CPU 2 instructions: 25000000 cycles: 6278161 cumulative IPC: 3.982 (Simulation time: 00 hr 34 min 36 sec)
Warmup finished CPU 4 instructions: 25000000 cycles: 6278162 cumulative IPC: 3.982 (Simulation time: 00 hr 34 min 36 sec)
Warmup finished CPU 5 instructions: 25000000 cycles: 6278370 cumulative IPC: 3.982 (Simulation time: 00 hr 34 min 36 sec)
Warmup finished CPU 7 instructions: 25000002 cycles: 6278776 cumulative IPC: 3.982 (Simulation time: 00 hr 34 min 36 sec)
Warmup finished CPU 0 instructions: 25000003 cycles: 6283176 cumulative IPC: 3.979 (Simulation time: 00 hr 34 min 38 sec)
Warmup finished CPU 3 instructions: 25000003 cycles: 6283531 cumulative IPC: 3.979 (Simulation time: 00 hr 34 min 38 sec)
Warmup finished CPU 6 instructions: 25000002 cycles: 6283642 cumulative IPC: 3.979 (Simulation time: 00 hr 34 min 38 sec)
Warmup complete CPU 7 instructions: 25019313 cycles: 6283642 cumulative IPC: 3.982 (Simulation time: 00 hr 34 min 38 sec)
Warmup complete CPU 6 instructions: 25000002 cycles: 6283642 cumulative IPC: 3.979 (Simulation time: 00 hr 34 min 38 sec)
Warmup complete CPU 5 instructions: 25020836 cycles: 6283642 cumulative IPC: 3.982 (Simulation time: 00 hr 34 min 38 sec)
Warmup complete CPU 4 instructions: 25021648 cycles: 6283642 cumulative IPC: 3.982 (Simulation time: 00 hr 34 min 38 sec)
Warmup complete CPU 3 instructions: 25000447 cycles: 6283642 cumulative IPC: 3.979 (Simulation time: 00 hr 34 min 38 sec)
Warmup complete CPU 2 instructions: 25021653 cycles: 6283642 cumulative IPC: 3.982 (Simulation time: 00 hr 34 min 38 sec)
Warmup complete CPU 1 instructions: 25022863 cycles: 6283642 cumulative IPC: 3.982 (Simulation time: 00 hr 34 min 38 sec)
Warmup complete CPU 0 instructions: 25001730 cycles: 6283642 cumulative IPC: 3.979 (Simulation time: 00 hr 34 min 38 sec)
Heartbeat CPU 4 instructions: 30000001 cycles: 7669224 heartbeat IPC: 3.776 cumulative IPC: 3.593 (Simulation time: 00 hr 42 min 38 sec)
Heartbeat CPU 5 instructions: 30000001 cycles: 7669248 heartbeat IPC: 3.777 cumulative IPC: 3.593 (Simulation time: 00 hr 42 min 38 sec)
Heartbeat CPU 2 instructions: 30000001 cycles: 7669407 heartbeat IPC: 3.776 cumulative IPC: 3.592 (Simulation time: 00 hr 42 min 38 sec)
Heartbeat CPU 1 instructions: 30000001 cycles: 7669855 heartbeat IPC: 3.775 cumulative IPC: 3.59 (Simulation time: 00 hr 42 min 38 sec)
Heartbeat CPU 7 instructions: 30000006 cycles: 7671018 heartbeat IPC: 3.775 cumulative IPC: 3.59 (Simulation time: 00 hr 42 min 39 sec)
Heartbeat CPU 0 instructions: 30000001 cycles: 7674747 heartbeat IPC: 3.773 cumulative IPC: 3.593 (Simulation time: 00 hr 42 min 40 sec)
Heartbeat CPU 6 instructions: 30000001 cycles: 7674859 heartbeat IPC: 3.773 cumulative IPC: 3.594 (Simulation time: 00 hr 42 min 40 sec)
Heartbeat CPU 3 instructions: 30000001 cycles: 7675501 heartbeat IPC: 3.772 cumulative IPC: 3.592 (Simulation time: 00 hr 42 min 40 sec)
Heartbeat CPU 4 instructions: 40000002 cycles: 10525704 heartbeat IPC: 3.501 cumulative IPC: 3.531 (Simulation time: 00 hr 58 min 26 sec)
Heartbeat CPU 2 instructions: 40000002 cycles: 10525884 heartbeat IPC: 3.501 cumulative IPC: 3.531 (Simulation time: 00 hr 58 min 26 sec)
Heartbeat CPU 5 instructions: 40000002 cycles: 10526535 heartbeat IPC: 3.5 cumulative IPC: 3.53 (Simulation time: 00 hr 58 min 26 sec)
Heartbeat CPU 1 instructions: 40000002 cycles: 10528496 heartbeat IPC: 3.498 cumulative IPC: 3.528 (Simulation time: 00 hr 58 min 27 sec)
Heartbeat CPU 7 instructions: 40000009 cycles: 10528984 heartbeat IPC: 3.499 cumulative IPC: 3.529 (Simulation time: 00 hr 58 min 27 sec)
Heartbeat CPU 6 instructions: 40000002 cycles: 10530968 heartbeat IPC: 3.501 cumulative IPC: 3.532 (Simulation time: 00 hr 58 min 28 sec)
Heartbeat CPU 0 instructions: 40000002 cycles: 10531109 heartbeat IPC: 3.501 cumulative IPC: 3.531 (Simulation time: 00 hr 58 min 28 sec)
Heartbeat CPU 3 instructions: 40000002 cycles: 10531797 heartbeat IPC: 3.501 cumulative IPC: 3.531 (Simulation time: 00 hr 58 min 28 sec)
Heartbeat CPU 5 instructions: 50000002 cycles: 13320525 heartbeat IPC: 3.579 cumulative IPC: 3.55 (Simulation time: 01 hr 14 min 07 sec)
Heartbeat CPU 4 instructions: 50000002 cycles: 13320534 heartbeat IPC: 3.578 cumulative IPC: 3.55 (Simulation time: 01 hr 14 min 07 sec)
Heartbeat CPU 2 instructions: 50000002 cycles: 13320917 heartbeat IPC: 3.578 cumulative IPC: 3.549 (Simulation time: 01 hr 14 min 07 sec)
Heartbeat CPU 0 instructions: 50000002 cycles: 13324444 heartbeat IPC: 3.58 cumulative IPC: 3.55 (Simulation time: 01 hr 14 min 08 sec)
Heartbeat CPU 1 instructions: 50000002 cycles: 13324855 heartbeat IPC: 3.576 cumulative IPC: 3.547 (Simulation time: 01 hr 14 min 08 sec)
Heartbeat CPU 6 instructions: 50000002 cycles: 13324862 heartbeat IPC: 3.579 cumulative IPC: 3.551 (Simulation time: 01 hr 14 min 08 sec)
Heartbeat CPU 7 instructions: 50000012 cycles: 13324896 heartbeat IPC: 3.577 cumulative IPC: 3.548 (Simulation time: 01 hr 14 min 08 sec)
Heartbeat CPU 3 instructions: 50000002 cycles: 13326454 heartbeat IPC: 3.578 cumulative IPC: 3.55 (Simulation time: 01 hr 14 min 09 sec)
Heartbeat CPU 4 instructions: 60000004 cycles: 16222000 heartbeat IPC: 3.447 cumulative IPC: 3.52 (Simulation time: 01 hr 29 min 46 sec)
Heartbeat CPU 5 instructions: 60000004 cycles: 16222429 heartbeat IPC: 3.446 cumulative IPC: 3.519 (Simulation time: 01 hr 29 min 46 sec)
Heartbeat CPU 2 instructions: 60000004 cycles: 16223944 heartbeat IPC: 3.445 cumulative IPC: 3.519 (Simulation time: 01 hr 29 min 46 sec)
Heartbeat CPU 0 instructions: 60000004 cycles: 16225459 heartbeat IPC: 3.447 cumulative IPC: 3.52 (Simulation time: 01 hr 29 min 47 sec)
Heartbeat CPU 6 instructions: 60000004 cycles: 16226342 heartbeat IPC: 3.447 cumulative IPC: 3.52 (Simulation time: 01 hr 29 min 47 sec)
Heartbeat CPU 3 instructions: 60000004 cycles: 16227693 heartbeat IPC: 3.447 cumulative IPC: 3.52 (Simulation time: 01 hr 29 min 48 sec)
Heartbeat CPU 7 instructions: 60000016 cycles: 16227994 heartbeat IPC: 3.445 cumulative IPC: 3.518 (Simulation time: 01 hr 29 min 48 sec)
Heartbeat CPU 1 instructions: 60000004 cycles: 16228917 heartbeat IPC: 3.443 cumulative IPC: 3.517 (Simulation time: 01 hr 29 min 48 sec)
Heartbeat CPU 4 instructions: 70000005 cycles: 19068223 heartbeat IPC: 3.513 cumulative IPC: 3.518 (Simulation time: 01 hr 46 min 05 sec)
Heartbeat CPU 5 instructions: 70000005 cycles: 19069139 heartbeat IPC: 3.513 cumulative IPC: 3.518 (Simulation time: 01 hr 46 min 06 sec)
Heartbeat CPU 0 instructions: 70000008 cycles: 19070472 heartbeat IPC: 3.515 cumulative IPC: 3.519 (Simulation time: 01 hr 46 min 06 sec)
Heartbeat CPU 6 instructions: 70000005 cycles: 19071771 heartbeat IPC: 3.514 cumulative IPC: 3.519 (Simulation time: 01 hr 46 min 07 sec)
Heartbeat CPU 2 instructions: 70000005 cycles: 19071869 heartbeat IPC: 3.511 cumulative IPC: 3.517 (Simulation time: 01 hr 46 min 07 sec)
Heartbeat CPU 3 instructions: 70000005 cycles: 19073965 heartbeat IPC: 3.513 cumulative IPC: 3.518 (Simulation time: 01 hr 46 min 07 sec)
Heartbeat CPU 7 instructions: 70000020 cycles: 19077546 heartbeat IPC: 3.509 cumulative IPC: 3.516 (Simulation time: 01 hr 46 min 09 sec)
Heartbeat CPU 1 instructions: 70000005 cycles: 19078769 heartbeat IPC: 3.509 cumulative IPC: 3.515 (Simulation time: 01 hr 46 min 09 sec)
Simulation finished CPU 0 instructions: 50000003 cycles: 14209526 cumulative IPC: 3.519 (Simulation time: 01 hr 54 min 12 sec)
Simulation finished CPU 6 instructions: 50000001 cycles: 14210074 cumulative IPC: 3.519 (Simulation time: 01 hr 54 min 13 sec)
Simulation finished CPU 3 instructions: 50000000 cycles: 14213397 cumulative IPC: 3.518 (Simulation time: 01 hr 54 min 14 sec)
Simulation finished CPU 4 instructions: 50000003 cycles: 14213930 cumulative IPC: 3.518 (Simulation time: 01 hr 54 min 14 sec)
Simulation finished CPU 5 instructions: 50000003 cycles: 14214059 cumulative IPC: 3.518 (Simulation time: 01 hr 54 min 14 sec)
Simulation finished CPU 2 instructions: 50000003 cycles: 14218182 cumulative IPC: 3.517 (Simulation time: 01 hr 54 min 15 sec)
Simulation finished CPU 7 instructions: 50000002 cycles: 14223268 cumulative IPC: 3.515 (Simulation time: 01 hr 54 min 17 sec)
Simulation finished CPU 1 instructions: 50000002 cycles: 14226653 cumulative IPC: 3.515 (Simulation time: 01 hr 54 min 18 sec)
Simulation complete CPU 7 instructions: 50011572 cycles: 14226653 cumulative IPC: 3.515 (Simulation time: 01 hr 54 min 18 sec)
Simulation complete CPU 6 instructions: 50057535 cycles: 14226653 cumulative IPC: 3.519 (Simulation time: 01 hr 54 min 18 sec)
Simulation complete CPU 5 instructions: 50043902 cycles: 14226653 cumulative IPC: 3.518 (Simulation time: 01 hr 54 min 18 sec)
Simulation complete CPU 4 instructions: 50044428 cycles: 14226653 cumulative IPC: 3.518 (Simulation time: 01 hr 54 min 18 sec)
Simulation complete CPU 3 instructions: 50046247 cycles: 14226653 cumulative IPC: 3.518 (Simulation time: 01 hr 54 min 18 sec)
Simulation complete CPU 2 instructions: 50029734 cycles: 14226653 cumulative IPC: 3.517 (Simulation time: 01 hr 54 min 18 sec)
Simulation complete CPU 1 instructions: 50000002 cycles: 14226653 cumulative IPC: 3.515 (Simulation time: 01 hr 54 min 18 sec)
Simulation complete CPU 0 instructions: 50059636 cycles: 14226653 cumulative IPC: 3.519 (Simulation time: 01 hr 54 min 18 sec)

ChampSim completed all CPUs

=== Simulation ===
CPU 0 runs ../frost/TRACES/ctf/spec2017/648.exchange2_s-1227B.champsimtrace.xz
CPU 1 runs ../frost/TRACES/ctf/spec2017/648.exchange2_s-1227B.champsimtrace.xz
CPU 2 runs ../frost/TRACES/ctf/spec2017/648.exchange2_s-1227B.champsimtrace.xz
CPU 3 runs ../frost/TRACES/ctf/spec2017/648.exchange2_s-1227B.champsimtrace.xz
CPU 4 runs ../frost/TRACES/ctf/spec2017/648.exchange2_s-1227B.champsimtrace.xz
CPU 5 runs ../frost/TRACES/ctf/spec2017/648.exchange2_s-1227B.champsimtrace.xz
CPU 6 runs ../frost/TRACES/ctf/spec2017/648.exchange2_s-1227B.champsimtrace.xz
CPU 7 runs ../frost/TRACES/ctf/spec2017/648.exchange2_s-1227B.champsimtrace.xz

Total Simulation Statistics (not including warmup)

CPU 7 cumulative IPC: 3.515 instructions: 50011572 cycles: 14226653
CPU 7 Branch Prediction Accuracy: 100% MPKI: 0 Average ROB Occupancy at Mispredict: -
Branch type MPKI
BRANCH_DIRECT_JUMP: 0
BRANCH_INDIRECT: 0
BRANCH_CONDITIONAL: 0
BRANCH_DIRECT_CALL: 0
BRANCH_INDIRECT_CALL: 0
BRANCH_RETURN: 0


CPU 6 cumulative IPC: 3.519 instructions: 50057535 cycles: 14226653
CPU 6 Branch Prediction Accuracy: 100% MPKI: 0 Average ROB Occupancy at Mispredict: -
Branch type MPKI
BRANCH_DIRECT_JUMP: 0
BRANCH_INDIRECT: 0
BRANCH_CONDITIONAL: 0
BRANCH_DIRECT_CALL: 0
BRANCH_INDIRECT_CALL: 0
BRANCH_RETURN: 0


CPU 5 cumulative IPC: 3.518 instructions: 50043902 cycles: 14226653
CPU 5 Branch Prediction Accuracy: 100% MPKI: 0 Average ROB Occupancy at Mispredict: -
Branch type MPKI
BRANCH_DIRECT_JUMP: 0
BRANCH_INDIRECT: 0
BRANCH_CONDITIONAL: 0
BRANCH_DIRECT_CALL: 0
BRANCH_INDIRECT_CALL: 0
BRANCH_RETURN: 0


CPU 4 cumulative IPC: 3.518 instructions: 50044428 cycles: 14226653
CPU 4 Branch Prediction Accuracy: 100% MPKI: 0 Average ROB Occupancy at Mispredict: -
Branch type MPKI
BRANCH_DIRECT_JUMP: 0
BRANCH_INDIRECT: 0
BRANCH_CONDITIONAL: 0
BRANCH_DIRECT_CALL: 0
BRANCH_INDIRECT_CALL: 0
BRANCH_RETURN: 0


CPU 3 cumulative IPC: 3.518 instructions: 50046247 cycles: 14226653
CPU 3 Branch Prediction Accuracy: 100% MPKI: 0 Average ROB Occupancy at Mispredict: -
Branch type MPKI
BRANCH_DIRECT_JUMP: 0
BRANCH_INDIRECT: 0
BRANCH_CONDITIONAL: 0
BRANCH_DIRECT_CALL: 0
BRANCH_INDIRECT_CALL: 0
BRANCH_RETURN: 0


CPU 2 cumulative IPC: 3.517 instructions: 50029734 cycles: 14226653
CPU 2 Branch Prediction Accuracy: 100% MPKI: 0 Average ROB Occupancy at Mispredict: -
Branch type MPKI
BRANCH_DIRECT_JUMP: 0
BRANCH_INDIRECT: 0
BRANCH_CONDITIONAL: 0
BRANCH_DIRECT_CALL: 0
BRANCH_INDIRECT_CALL: 0
BRANCH_RETURN: 0


CPU 1 cumulative IPC: 3.515 instructions: 50000002 cycles: 14226653
CPU 1 Branch Prediction Accuracy: 100% MPKI: 0 Average ROB Occupancy at Mispredict: -
Branch type MPKI
BRANCH_DIRECT_JUMP: 0
BRANCH_INDIRECT: 0
BRANCH_CONDITIONAL: 0
BRANCH_DIRECT_CALL: 0
BRANCH_INDIRECT_CALL: 0
BRANCH_RETURN: 0


CPU 0 cumulative IPC: 3.519 instructions: 50059636 cycles: 14226653
CPU 0 Branch Prediction Accuracy: 100% MPKI: 0 Average ROB Occupancy at Mispredict: -
Branch type MPKI
BRANCH_DIRECT_JUMP: 0
BRANCH_INDIRECT: 0
BRANCH_CONDITIONAL: 0
BRANCH_DIRECT_CALL: 0
BRANCH_INDIRECT_CALL: 0
BRANCH_RETURN: 0

cpu7->cpu7_L2C TOTAL        ACCESS:       6418 HIT:       6409 MISS:          9 MSHR_MERGE:          0
cpu7->cpu7_L2C LOAD         ACCESS:       6418 HIT:       6409 MISS:          9 MSHR_MERGE:          0
cpu7->cpu7_L2C RFO          ACCESS:          0 HIT:          0 MISS:          0 MSHR_MERGE:          0
cpu7->cpu7_L2C PREFETCH     ACCESS:          0 HIT:          0 MISS:          0 MSHR_MERGE:          0
cpu7->cpu7_L2C WRITE        ACCESS:          0 HIT:          0 MISS:          0 MSHR_MERGE:          0
cpu7->cpu7_L2C TRANSLATION  ACCESS:          0 HIT:          0 MISS:          0 MSHR_MERGE:          0
cpu7->cpu7_L2C PREFETCH REQUESTED:          0 ISSUED:          0 USEFUL:          0 USELESS:          0
cpu7->cpu7_L2C AVERAGE MISS LATENCY: 185.6 cycles
cpu7->cpu7_L1I TOTAL        ACCESS:    9173972 HIT:    9160393 MISS:      13579 MSHR_MERGE:       7163
cpu7->cpu7_L1I LOAD         ACCESS:    9173972 HIT:    9160393 MISS:      13579 MSHR_MERGE:       7163
cpu7->cpu7_L1I RFO          ACCESS:          0 HIT:          0 MISS:          0 MSHR_MERGE:          0
cpu7->cpu7_L1I PREFETCH     ACCESS:          0 HIT:          0 MISS:          0 MSHR_MERGE:          0
cpu7->cpu7_L1I WRITE        ACCESS:          0 HIT:          0 MISS:          0 MSHR_MERGE:          0
cpu7->cpu7_L1I TRANSLATION  ACCESS:          0 HIT:          0 MISS:          0 MSHR_MERGE:          0
cpu7->cpu7_L1I PREFETCH REQUESTED:          0 ISSUED:          0 USEFUL:          0 USELESS:          0
cpu7->cpu7_L1I AVERAGE MISS LATENCY: 7.217 cycles
cpu7->cpu7_L1D TOTAL        ACCESS:   13519752 HIT:   13519750 MISS:          2 MSHR_MERGE:          0
cpu7->cpu7_L1D LOAD         ACCESS:    5809983 HIT:    5809981 MISS:          2 MSHR_MERGE:          0
cpu7->cpu7_L1D RFO          ACCESS:          0 HIT:          0 MISS:          0 MSHR_MERGE:          0
cpu7->cpu7_L1D PREFETCH     ACCESS:          0 HIT:          0 MISS:          0 MSHR_MERGE:          0
cpu7->cpu7_L1D WRITE        ACCESS:    7709769 HIT:    7709769 MISS:          0 MSHR_MERGE:          0
cpu7->cpu7_L1D TRANSLATION  ACCESS:          0 HIT:          0 MISS:          0 MSHR_MERGE:          0
cpu7->cpu7_L1D PREFETCH REQUESTED:          0 ISSUED:          0 USEFUL:          0 USELESS:          0
cpu7->cpu7_L1D AVERAGE MISS LATENCY: 245 cycles
cpu7->cpu7_ITLB TOTAL        ACCESS:    7561086 HIT:    7561086 MISS:          0 MSHR_MERGE:          0
cpu7->cpu7_ITLB LOAD         ACCESS:    7561086 HIT:    7561086 MISS:          0 MSHR_MERGE:          0
cpu7->cpu7_ITLB RFO          ACCESS:          0 HIT:          0 MISS:          0 MSHR_MERGE:          0
cpu7->cpu7_ITLB PREFETCH     ACCESS:          0 HIT:          0 MISS:          0 MSHR_MERGE:          0
cpu7->cpu7_ITLB WRITE        ACCESS:          0 HIT:          0 MISS:          0 MSHR_MERGE:          0
cpu7->cpu7_ITLB TRANSLATION  ACCESS:          0 HIT:          0 MISS:          0 MSHR_MERGE:          0
cpu7->cpu7_ITLB PREFETCH REQUESTED:          0 ISSUED:          0 USEFUL:          0 USELESS:          0
cpu7->cpu7_ITLB AVERAGE MISS LATENCY: - cycles
cpu7->cpu7_DTLB TOTAL        ACCESS:   11658809 HIT:   11658809 MISS:          0 MSHR_MERGE:          0
cpu7->cpu7_DTLB LOAD         ACCESS:   11658809 HIT:   11658809 MISS:          0 MSHR_MERGE:          0
cpu7->cpu7_DTLB RFO          ACCESS:          0 HIT:          0 MISS:          0 MSHR_MERGE:          0
cpu7->cpu7_DTLB PREFETCH     ACCESS:          0 HIT:          0 MISS:          0 MSHR_MERGE:          0
cpu7->cpu7_DTLB WRITE        ACCESS:          0 HIT:          0 MISS:          0 MSHR_MERGE:          0
cpu7->cpu7_DTLB TRANSLATION  ACCESS:          0 HIT:          0 MISS:          0 MSHR_MERGE:          0
cpu7->cpu7_DTLB PREFETCH REQUESTED:          0 ISSUED:          0 USEFUL:          0 USELESS:          0
cpu7->cpu7_DTLB AVERAGE MISS LATENCY: - cycles
cpu6->cpu6_L2C TOTAL        ACCESS:       6418 HIT:       6409 MISS:          9 MSHR_MERGE:          0
cpu6->cpu6_L2C LOAD         ACCESS:       6418 HIT:       6409 MISS:          9 MSHR_MERGE:          0
cpu6->cpu6_L2C RFO          ACCESS:          0 HIT:          0 MISS:          0 MSHR_MERGE:          0
cpu6->cpu6_L2C PREFETCH     ACCESS:          0 HIT:          0 MISS:          0 MSHR_MERGE:          0
cpu6->cpu6_L2C WRITE        ACCESS:          0 HIT:          0 MISS:          0 MSHR_MERGE:          0
cpu6->cpu6_L2C TRANSLATION  ACCESS:          0 HIT:          0 MISS:          0 MSHR_MERGE:          0
cpu6->cpu6_L2C PREFETCH REQUESTED:          0 ISSUED:          0 USEFUL:          0 USELESS:          0
cpu6->cpu6_L2C AVERAGE MISS LATENCY: 185.6 cycles
cpu6->cpu6_L1I TOTAL        ACCESS:    9179291 HIT:    9165655 MISS:      13636 MSHR_MERGE:       7220
cpu6->cpu6_L1I LOAD         ACCESS:    9179291 HIT:    9165655 MISS:      13636 MSHR_MERGE:       7220
cpu6->cpu6_L1I RFO          ACCESS:          0 HIT:          0 MISS:          0 MSHR_MERGE:          0
cpu6->cpu6_L1I PREFETCH     ACCESS:          0 HIT:          0 MISS:          0 MSHR_MERGE:          0
cpu6->cpu6_L1I WRITE        ACCESS:          0 HIT:          0 MISS:          0 MSHR_MERGE:          0
cpu6->cpu6_L1I TRANSLATION  ACCESS:          0 HIT:          0 MISS:          0 MSHR_MERGE:          0
cpu6->cpu6_L1I PREFETCH REQUESTED:          0 ISSUED:          0 USEFUL:          0 USELESS:          0
cpu6->cpu6_L1I AVERAGE MISS LATENCY: 7.229 cycles
cpu6->cpu6_L1D TOTAL        ACCESS:   13538679 HIT:   13538677 MISS:          2 MSHR_MERGE:          0
cpu6->cpu6_L1D LOAD         ACCESS:    5817785 HIT:    5817783 MISS:          2 MSHR_MERGE:          0
cpu6->cpu6_L1D RFO          ACCESS:          0 HIT:          0 MISS:          0 MSHR_MERGE:          0
cpu6->cpu6_L1D PREFETCH     ACCESS:          0 HIT:          0 MISS:          0 MSHR_MERGE:          0
cpu6->cpu6_L1D WRITE        ACCESS:    7720894 HIT:    7720894 MISS:          0 MSHR_MERGE:          0
cpu6->cpu6_L1D TRANSLATION  ACCESS:          0 HIT:          0 MISS:          0 MSHR_MERGE:          0
cpu6->cpu6_L1D PREFETCH REQUESTED:          0 ISSUED:          0 USEFUL:          0 USELESS:          0
cpu6->cpu6_L1D AVERAGE MISS LATENCY: 213 cycles
cpu6->cpu6_ITLB TOTAL        ACCESS:    7566948 HIT:    7566948 MISS:          0 MSHR_MERGE:          0
cpu6->cpu6_ITLB LOAD         ACCESS:    7566948 HIT:    7566948 MISS:          0 MSHR_MERGE:          0
cpu6->cpu6_ITLB RFO          ACCESS:          0 HIT:          0 MISS:          0 MSHR_MERGE:          0
cpu6->cpu6_ITLB PREFETCH     ACCESS:          0 HIT:          0 MISS:          0 MSHR_MERGE:          0
cpu6->cpu6_ITLB WRITE        ACCESS:          0 HIT:          0 MISS:          0 MSHR_MERGE:          0
cpu6->cpu6_ITLB TRANSLATION  ACCESS:          0 HIT:          0 MISS:          0 MSHR_MERGE:          0
cpu6->cpu6_ITLB PREFETCH REQUESTED:          0 ISSUED:          0 USEFUL:          0 USELESS:          0
cpu6->cpu6_ITLB AVERAGE MISS LATENCY: - cycles
cpu6->cpu6_DTLB TOTAL        ACCESS:   11693139 HIT:   11693139 MISS:          0 MSHR_MERGE:          0
cpu6->cpu6_DTLB LOAD         ACCESS:   11693139 HIT:   11693139 MISS:          0 MSHR_MERGE:          0
cpu6->cpu6_DTLB RFO          ACCESS:          0 HIT:          0 MISS:          0 MSHR_MERGE:          0
cpu6->cpu6_DTLB PREFETCH     ACCESS:          0 HIT:          0 MISS:          0 MSHR_MERGE:          0
cpu6->cpu6_DTLB WRITE        ACCESS:          0 HIT:          0 MISS:          0 MSHR_MERGE:          0
cpu6->cpu6_DTLB TRANSLATION  ACCESS:          0 HIT:          0 MISS:          0 MSHR_MERGE:          0
cpu6->cpu6_DTLB PREFETCH REQUESTED:          0 ISSUED:          0 USEFUL:          0 USELESS:          0
cpu6->cpu6_DTLB AVERAGE MISS LATENCY: - cycles
cpu5->cpu5_L2C TOTAL        ACCESS:       6418 HIT:       6409 MISS:          9 MSHR_MERGE:          0
cpu5->cpu5_L2C LOAD         ACCESS:       6418 HIT:       6409 MISS:          9 MSHR_MERGE:          0
cpu5->cpu5_L2C RFO          ACCESS:          0 HIT:          0 MISS:          0 MSHR_MERGE:          0
cpu5->cpu5_L2C PREFETCH     ACCESS:          0 HIT:          0 MISS:          0 MSHR_MERGE:          0
cpu5->cpu5_L2C WRITE        ACCESS:          0 HIT:          0 MISS:          0 MSHR_MERGE:          0
cpu5->cpu5_L2C TRANSLATION  ACCESS:          0 HIT:          0 MISS:          0 MSHR_MERGE:          0
cpu5->cpu5_L2C PREFETCH REQUESTED:          0 ISSUED:          0 USEFUL:          0 USELESS:          0
cpu5->cpu5_L2C AVERAGE MISS LATENCY: 250.7 cycles
cpu5->cpu5_L1I TOTAL        ACCESS:    9181529 HIT:    9167933 MISS:      13596 MSHR_MERGE:       7180
cpu5->cpu5_L1I LOAD         ACCESS:    9181529 HIT:    9167933 MISS:      13596 MSHR_MERGE:       7180
cpu5->cpu5_L1I RFO          ACCESS:          0 HIT:          0 MISS:          0 MSHR_MERGE:          0
cpu5->cpu5_L1I PREFETCH     ACCESS:          0 HIT:          0 MISS:          0 MSHR_MERGE:          0
cpu5->cpu5_L1I WRITE        ACCESS:          0 HIT:          0 MISS:          0 MSHR_MERGE:          0
cpu5->cpu5_L1I TRANSLATION  ACCESS:          0 HIT:          0 MISS:          0 MSHR_MERGE:          0
cpu5->cpu5_L1I PREFETCH REQUESTED:          0 ISSUED:          0 USEFUL:          0 USELESS:          0
cpu5->cpu5_L1I AVERAGE MISS LATENCY: 7.306 cycles
cpu5->cpu5_L1D TOTAL        ACCESS:   13536887 HIT:   13536885 MISS:          2 MSHR_MERGE:          0
cpu5->cpu5_L1D LOAD         ACCESS:    5818327 HIT:    5818325 MISS:          2 MSHR_MERGE:          0
cpu5->cpu5_L1D RFO          ACCESS:          0 HIT:          0 MISS:          0 MSHR_MERGE:          0
cpu5->cpu5_L1D PREFETCH     ACCESS:          0 HIT:          0 MISS:          0 MSHR_MERGE:          0
cpu5->cpu5_L1D WRITE        ACCESS:    7718560 HIT:    7718560 MISS:          0 MSHR_MERGE:          0
cpu5->cpu5_L1D TRANSLATION  ACCESS:          0 HIT:          0 MISS:          0 MSHR_MERGE:          0
cpu5->cpu5_L1D PREFETCH REQUESTED:          0 ISSUED:          0 USEFUL:          0 USELESS:          0
cpu5->cpu5_L1D AVERAGE MISS LATENCY: 245.5 cycles
cpu5->cpu5_ITLB TOTAL        ACCESS:    7567661 HIT:    7567661 MISS:          0 MSHR_MERGE:          0
cpu5->cpu5_ITLB LOAD         ACCESS:    7567661 HIT:    7567661 MISS:          0 MSHR_MERGE:          0
cpu5->cpu5_ITLB RFO          ACCESS:          0 HIT:          0 MISS:          0 MSHR_MERGE:          0
cpu5->cpu5_ITLB PREFETCH     ACCESS:          0 HIT:          0 MISS:          0 MSHR_MERGE:          0
cpu5->cpu5_ITLB WRITE        ACCESS:          0 HIT:          0 MISS:          0 MSHR_MERGE:          0
cpu5->cpu5_ITLB TRANSLATION  ACCESS:          0 HIT:          0 MISS:          0 MSHR_MERGE:          0
cpu5->cpu5_ITLB PREFETCH REQUESTED:          0 ISSUED:          0 USEFUL:          0 USELESS:          0
cpu5->cpu5_ITLB AVERAGE MISS LATENCY: - cycles
cpu5->cpu5_DTLB TOTAL        ACCESS:   11665367 HIT:   11665367 MISS:          0 MSHR_MERGE:          0
cpu5->cpu5_DTLB LOAD         ACCESS:   11665367 HIT:   11665367 MISS:          0 MSHR_MERGE:          0
cpu5->cpu5_DTLB RFO          ACCESS:          0 HIT:          0 MISS:          0 MSHR_MERGE:          0
cpu5->cpu5_DTLB PREFETCH     ACCESS:          0 HIT:          0 MISS:          0 MSHR_MERGE:          0
cpu5->cpu5_DTLB WRITE        ACCESS:          0 HIT:          0 MISS:          0 MSHR_MERGE:          0
cpu5->cpu5_DTLB TRANSLATION  ACCESS:          0 HIT:          0 MISS:          0 MSHR_MERGE:          0
cpu5->cpu5_DTLB PREFETCH REQUESTED:          0 ISSUED:          0 USEFUL:          0 USELESS:          0
cpu5->cpu5_DTLB AVERAGE MISS LATENCY: - cycles
cpu4->cpu4_L2C TOTAL        ACCESS:       6418 HIT:       6409 MISS:          9 MSHR_MERGE:          0
cpu4->cpu4_L2C LOAD         ACCESS:       6418 HIT:       6409 MISS:          9 MSHR_MERGE:          0
cpu4->cpu4_L2C RFO          ACCESS:          0 HIT:          0 MISS:          0 MSHR_MERGE:          0
cpu4->cpu4_L2C PREFETCH     ACCESS:          0 HIT:          0 MISS:          0 MSHR_MERGE:          0
cpu4->cpu4_L2C WRITE        ACCESS:          0 HIT:          0 MISS:          0 MSHR_MERGE:          0
cpu4->cpu4_L2C TRANSLATION  ACCESS:          0 HIT:          0 MISS:          0 MSHR_MERGE:          0
cpu4->cpu4_L2C PREFETCH REQUESTED:          0 ISSUED:          0 USEFUL:          0 USELESS:          0
cpu4->cpu4_L2C AVERAGE MISS LATENCY: 192.7 cycles
cpu4->cpu4_L1I TOTAL        ACCESS:    9180638 HIT:    9167066 MISS:      13572 MSHR_MERGE:       7156
cpu4->cpu4_L1I LOAD         ACCESS:    9180638 HIT:    9167066 MISS:      13572 MSHR_MERGE:       7156
cpu4->cpu4_L1I RFO          ACCESS:          0 HIT:          0 MISS:          0 MSHR_MERGE:          0
cpu4->cpu4_L1I PREFETCH     ACCESS:          0 HIT:          0 MISS:          0 MSHR_MERGE:          0
cpu4->cpu4_L1I WRITE        ACCESS:          0 HIT:          0 MISS:          0 MSHR_MERGE:          0
cpu4->cpu4_L1I TRANSLATION  ACCESS:          0 HIT:          0 MISS:          0 MSHR_MERGE:          0
cpu4->cpu4_L1I PREFETCH REQUESTED:          0 ISSUED:          0 USEFUL:          0 USELESS:          0
cpu4->cpu4_L1I AVERAGE MISS LATENCY: 7.224 cycles
cpu4->cpu4_L1D TOTAL        ACCESS:   13536481 HIT:   13536479 MISS:          2 MSHR_MERGE:          0
cpu4->cpu4_L1D LOAD         ACCESS:    5817513 HIT:    5817511 MISS:          2 MSHR_MERGE:          0
cpu4->cpu4_L1D RFO          ACCESS:          0 HIT:          0 MISS:          0 MSHR_MERGE:          0
cpu4->cpu4_L1D PREFETCH     ACCESS:          0 HIT:          0 MISS:          0 MSHR_MERGE:          0
cpu4->cpu4_L1D WRITE        ACCESS:    7718968 HIT:    7718968 MISS:          0 MSHR_MERGE:          0
cpu4->cpu4_L1D TRANSLATION  ACCESS:          0 HIT:          0 MISS:          0 MSHR_MERGE:          0
cpu4->cpu4_L1D PREFETCH REQUESTED:          0 ISSUED:          0 USEFUL:          0 USELESS:          0
cpu4->cpu4_L1D AVERAGE MISS LATENCY: 245.5 cycles
cpu4->cpu4_ITLB TOTAL        ACCESS:    7567083 HIT:    7567083 MISS:          0 MSHR_MERGE:          0
cpu4->cpu4_ITLB LOAD         ACCESS:    7567083 HIT:    7567083 MISS:          0 MSHR_MERGE:          0
cpu4->cpu4_ITLB RFO          ACCESS:          0 HIT:          0 MISS:          0 MSHR_MERGE:          0
cpu4->cpu4_ITLB PREFETCH     ACCESS:          0 HIT:          0 MISS:          0 MSHR_MERGE:          0
cpu4->cpu4_ITLB WRITE        ACCESS:          0 HIT:          0 MISS:          0 MSHR_MERGE:          0
cpu4->cpu4_ITLB TRANSLATION  ACCESS:          0 HIT:          0 MISS:          0 MSHR_MERGE:          0
cpu4->cpu4_ITLB PREFETCH REQUESTED:          0 ISSUED:          0 USEFUL:          0 USELESS:          0
cpu4->cpu4_ITLB AVERAGE MISS LATENCY: - cycles
cpu4->cpu4_DTLB TOTAL        ACCESS:   11665895 HIT:   11665895 MISS:          0 MSHR_MERGE:          0
cpu4->cpu4_DTLB LOAD         ACCESS:   11665895 HIT:   11665895 MISS:          0 MSHR_MERGE:          0
cpu4->cpu4_DTLB RFO          ACCESS:          0 HIT:          0 MISS:          0 MSHR_MERGE:          0
cpu4->cpu4_DTLB PREFETCH     ACCESS:          0 HIT:          0 MISS:          0 MSHR_MERGE:          0
cpu4->cpu4_DTLB WRITE        ACCESS:          0 HIT:          0 MISS:          0 MSHR_MERGE:          0
cpu4->cpu4_DTLB TRANSLATION  ACCESS:          0 HIT:          0 MISS:          0 MSHR_MERGE:          0
cpu4->cpu4_DTLB PREFETCH REQUESTED:          0 ISSUED:          0 USEFUL:          0 USELESS:          0
cpu4->cpu4_DTLB AVERAGE MISS LATENCY: - cycles
cpu3->cpu3_L2C TOTAL        ACCESS:       6418 HIT:       6409 MISS:          9 MSHR_MERGE:          0
cpu3->cpu3_L2C LOAD         ACCESS:       6418 HIT:       6409 MISS:          9 MSHR_MERGE:          0
cpu3->cpu3_L2C RFO          ACCESS:          0 HIT:          0 MISS:          0 MSHR_MERGE:          0
cpu3->cpu3_L2C PREFETCH     ACCESS:          0 HIT:          0 MISS:          0 MSHR_MERGE:          0
cpu3->cpu3_L2C WRITE        ACCESS:          0 HIT:          0 MISS:          0 MSHR_MERGE:          0
cpu3->cpu3_L2C TRANSLATION  ACCESS:          0 HIT:          0 MISS:          0 MSHR_MERGE:          0
cpu3->cpu3_L2C PREFETCH REQUESTED:          0 ISSUED:          0 USEFUL:          0 USELESS:          0
cpu3->cpu3_L2C AVERAGE MISS LATENCY: 179.4 cycles
cpu3->cpu3_L1I TOTAL        ACCESS:    9181859 HIT:    9168297 MISS:      13562 MSHR_MERGE:       7146
cpu3->cpu3_L1I LOAD         ACCESS:    9181859 HIT:    9168297 MISS:      13562 MSHR_MERGE:       7146
cpu3->cpu3_L1I RFO          ACCESS:          0 HIT:          0 MISS:          0 MSHR_MERGE:          0
cpu3->cpu3_L1I PREFETCH     ACCESS:          0 HIT:          0 MISS:          0 MSHR_MERGE:          0
cpu3->cpu3_L1I WRITE        ACCESS:          0 HIT:          0 MISS:          0 MSHR_MERGE:          0
cpu3->cpu3_L1I TRANSLATION  ACCESS:          0 HIT:          0 MISS:          0 MSHR_MERGE:          0
cpu3->cpu3_L1I PREFETCH REQUESTED:          0 ISSUED:          0 USEFUL:          0 USELESS:          0
cpu3->cpu3_L1I AVERAGE MISS LATENCY: 7.215 cycles
cpu3->cpu3_L1D TOTAL        ACCESS:   13539370 HIT:   13539368 MISS:          2 MSHR_MERGE:          0
cpu3->cpu3_L1D LOAD         ACCESS:    5819905 HIT:    5819903 MISS:          2 MSHR_MERGE:          0
cpu3->cpu3_L1D RFO          ACCESS:          0 HIT:          0 MISS:          0 MSHR_MERGE:          0
cpu3->cpu3_L1D PREFETCH     ACCESS:          0 HIT:          0 MISS:          0 MSHR_MERGE:          0
cpu3->cpu3_L1D WRITE        ACCESS:    7719465 HIT:    7719465 MISS:          0 MSHR_MERGE:          0
cpu3->cpu3_L1D TRANSLATION  ACCESS:          0 HIT:          0 MISS:          0 MSHR_MERGE:          0
cpu3->cpu3_L1D PREFETCH REQUESTED:          0 ISSUED:          0 USEFUL:          0 USELESS:          0
cpu3->cpu3_L1D AVERAGE MISS LATENCY: 216.5 cycles
cpu3->cpu3_ITLB TOTAL        ACCESS:    7577221 HIT:    7577221 MISS:          0 MSHR_MERGE:          0
cpu3->cpu3_ITLB LOAD         ACCESS:    7577221 HIT:    7577221 MISS:          0 MSHR_MERGE:          0
cpu3->cpu3_ITLB RFO          ACCESS:          0 HIT:          0 MISS:          0 MSHR_MERGE:          0
cpu3->cpu3_ITLB PREFETCH     ACCESS:          0 HIT:          0 MISS:          0 MSHR_MERGE:          0
cpu3->cpu3_ITLB WRITE        ACCESS:          0 HIT:          0 MISS:          0 MSHR_MERGE:          0
cpu3->cpu3_ITLB TRANSLATION  ACCESS:          0 HIT:          0 MISS:          0 MSHR_MERGE:          0
cpu3->cpu3_ITLB PREFETCH REQUESTED:          0 ISSUED:          0 USEFUL:          0 USELESS:          0
cpu3->cpu3_ITLB AVERAGE MISS LATENCY: - cycles
cpu3->cpu3_DTLB TOTAL        ACCESS:   11699271 HIT:   11699271 MISS:          0 MSHR_MERGE:          0
cpu3->cpu3_DTLB LOAD         ACCESS:   11699271 HIT:   11699271 MISS:          0 MSHR_MERGE:          0
cpu3->cpu3_DTLB RFO          ACCESS:          0 HIT:          0 MISS:          0 MSHR_MERGE:          0
cpu3->cpu3_DTLB PREFETCH     ACCESS:          0 HIT:          0 MISS:          0 MSHR_MERGE:          0
cpu3->cpu3_DTLB WRITE        ACCESS:          0 HIT:          0 MISS:          0 MSHR_MERGE:          0
cpu3->cpu3_DTLB TRANSLATION  ACCESS:          0 HIT:          0 MISS:          0 MSHR_MERGE:          0
cpu3->cpu3_DTLB PREFETCH REQUESTED:          0 ISSUED:          0 USEFUL:          0 USELESS:          0
cpu3->cpu3_DTLB AVERAGE MISS LATENCY: - cycles
cpu2->cpu2_L2C TOTAL        ACCESS:       6418 HIT:       6409 MISS:          9 MSHR_MERGE:          0
cpu2->cpu2_L2C LOAD         ACCESS:       6418 HIT:       6409 MISS:          9 MSHR_MERGE:          0
cpu2->cpu2_L2C RFO          ACCESS:          0 HIT:          0 MISS:          0 MSHR_MERGE:          0
cpu2->cpu2_L2C PREFETCH     ACCESS:          0 HIT:          0 MISS:          0 MSHR_MERGE:          0
cpu2->cpu2_L2C WRITE        ACCESS:          0 HIT:          0 MISS:          0 MSHR_MERGE:          0
cpu2->cpu2_L2C TRANSLATION  ACCESS:          0 HIT:          0 MISS:          0 MSHR_MERGE:          0
cpu2->cpu2_L2C PREFETCH REQUESTED:          0 ISSUED:          0 USEFUL:          0 USELESS:          0
cpu2->cpu2_L2C AVERAGE MISS LATENCY: 200.2 cycles
cpu2->cpu2_L1I TOTAL        ACCESS:    9178326 HIT:    9164725 MISS:      13601 MSHR_MERGE:       7185
cpu2->cpu2_L1I LOAD         ACCESS:    9178326 HIT:    9164725 MISS:      13601 MSHR_MERGE:       7185
cpu2->cpu2_L1I RFO          ACCESS:          0 HIT:          0 MISS:          0 MSHR_MERGE:          0
cpu2->cpu2_L1I PREFETCH     ACCESS:          0 HIT:          0 MISS:          0 MSHR_MERGE:          0
cpu2->cpu2_L1I WRITE        ACCESS:          0 HIT:          0 MISS:          0 MSHR_MERGE:          0
cpu2->cpu2_L1I TRANSLATION  ACCESS:          0 HIT:          0 MISS:          0 MSHR_MERGE:          0
cpu2->cpu2_L1I PREFETCH REQUESTED:          0 ISSUED:          0 USEFUL:          0 USELESS:          0
cpu2->cpu2_L1I AVERAGE MISS LATENCY: 7.237 cycles
cpu2->cpu2_L1D TOTAL        ACCESS:   13531191 HIT:   13531189 MISS:          2 MSHR_MERGE:          0
cpu2->cpu2_L1D LOAD         ACCESS:    5815181 HIT:    5815179 MISS:          2 MSHR_MERGE:          0
cpu2->cpu2_L1D RFO          ACCESS:          0 HIT:          0 MISS:          0 MSHR_MERGE:          0
cpu2->cpu2_L1D PREFETCH     ACCESS:          0 HIT:          0 MISS:          0 MSHR_MERGE:          0
cpu2->cpu2_L1D WRITE        ACCESS:    7716010 HIT:    7716010 MISS:          0 MSHR_MERGE:          0
cpu2->cpu2_L1D TRANSLATION  ACCESS:          0 HIT:          0 MISS:          0 MSHR_MERGE:          0
cpu2->cpu2_L1D PREFETCH REQUESTED:          0 ISSUED:          0 USEFUL:          0 USELESS:          0
cpu2->cpu2_L1D AVERAGE MISS LATENCY: 245 cycles
cpu2->cpu2_ITLB TOTAL        ACCESS:    7565841 HIT:    7565841 MISS:          0 MSHR_MERGE:          0
cpu2->cpu2_ITLB LOAD         ACCESS:    7565841 HIT:    7565841 MISS:          0 MSHR_MERGE:          0
cpu2->cpu2_ITLB RFO          ACCESS:          0 HIT:          0 MISS:          0 MSHR_MERGE:          0
cpu2->cpu2_ITLB PREFETCH     ACCESS:          0 HIT:          0 MISS:          0 MSHR_MERGE:          0
cpu2->cpu2_ITLB WRITE        ACCESS:          0 HIT:          0 MISS:          0 MSHR_MERGE:          0
cpu2->cpu2_ITLB TRANSLATION  ACCESS:          0 HIT:          0 MISS:          0 MSHR_MERGE:          0
cpu2->cpu2_ITLB PREFETCH REQUESTED:          0 ISSUED:          0 USEFUL:          0 USELESS:          0
cpu2->cpu2_ITLB AVERAGE MISS LATENCY: - cycles
cpu2->cpu2_DTLB TOTAL        ACCESS:   11662055 HIT:   11662055 MISS:          0 MSHR_MERGE:          0
cpu2->cpu2_DTLB LOAD         ACCESS:   11662055 HIT:   11662055 MISS:          0 MSHR_MERGE:          0
cpu2->cpu2_DTLB RFO          ACCESS:          0 HIT:          0 MISS:          0 MSHR_MERGE:          0
cpu2->cpu2_DTLB PREFETCH     ACCESS:          0 HIT:          0 MISS:          0 MSHR_MERGE:          0
cpu2->cpu2_DTLB WRITE        ACCESS:          0 HIT:          0 MISS:          0 MSHR_MERGE:          0
cpu2->cpu2_DTLB TRANSLATION  ACCESS:          0 HIT:          0 MISS:          0 MSHR_MERGE:          0
cpu2->cpu2_DTLB PREFETCH REQUESTED:          0 ISSUED:          0 USEFUL:          0 USELESS:          0
cpu2->cpu2_DTLB AVERAGE MISS LATENCY: - cycles
cpu1->cpu1_L2C TOTAL        ACCESS:       6418 HIT:       6409 MISS:          9 MSHR_MERGE:          0
cpu1->cpu1_L2C LOAD         ACCESS:       6418 HIT:       6409 MISS:          9 MSHR_MERGE:          0
cpu1->cpu1_L2C RFO          ACCESS:          0 HIT:          0 MISS:          0 MSHR_MERGE:          0
cpu1->cpu1_L2C PREFETCH     ACCESS:          0 HIT:          0 MISS:          0 MSHR_MERGE:          0
cpu1->cpu1_L2C WRITE        ACCESS:          0 HIT:          0 MISS:          0 MSHR_MERGE:          0
cpu1->cpu1_L2C TRANSLATION  ACCESS:          0 HIT:          0 MISS:          0 MSHR_MERGE:          0
cpu1->cpu1_L2C PREFETCH REQUESTED:          0 ISSUED:          0 USEFUL:          0 USELESS:          0
cpu1->cpu1_L2C AVERAGE MISS LATENCY: 192.9 cycles
cpu1->cpu1_L1I TOTAL        ACCESS:    9175867 HIT:    9162270 MISS:      13597 MSHR_MERGE:       7181
cpu1->cpu1_L1I LOAD         ACCESS:    9175867 HIT:    9162270 MISS:      13597 MSHR_MERGE:       7181
cpu1->cpu1_L1I RFO          ACCESS:          0 HIT:          0 MISS:          0 MSHR_MERGE:          0
cpu1->cpu1_L1I PREFETCH     ACCESS:          0 HIT:          0 MISS:          0 MSHR_MERGE:          0
cpu1->cpu1_L1I WRITE        ACCESS:          0 HIT:          0 MISS:          0 MSHR_MERGE:          0
cpu1->cpu1_L1I TRANSLATION  ACCESS:          0 HIT:          0 MISS:          0 MSHR_MERGE:          0
cpu1->cpu1_L1I PREFETCH REQUESTED:          0 ISSUED:          0 USEFUL:          0 USELESS:          0
cpu1->cpu1_L1I AVERAGE MISS LATENCY: 7.225 cycles
cpu1->cpu1_L1D TOTAL        ACCESS:   13516798 HIT:   13516796 MISS:          2 MSHR_MERGE:          0
cpu1->cpu1_L1D LOAD         ACCESS:    5807692 HIT:    5807690 MISS:          2 MSHR_MERGE:          0
cpu1->cpu1_L1D RFO          ACCESS:          0 HIT:          0 MISS:          0 MSHR_MERGE:          0
cpu1->cpu1_L1D PREFETCH     ACCESS:          0 HIT:          0 MISS:          0 MSHR_MERGE:          0
cpu1->cpu1_L1D WRITE        ACCESS:    7709106 HIT:    7709106 MISS:          0 MSHR_MERGE:          0
cpu1->cpu1_L1D TRANSLATION  ACCESS:          0 HIT:          0 MISS:          0 MSHR_MERGE:          0
cpu1->cpu1_L1D PREFETCH REQUESTED:          0 ISSUED:          0 USEFUL:          0 USELESS:          0
cpu1->cpu1_L1D AVERAGE MISS LATENCY: 244.5 cycles
cpu1->cpu1_ITLB TOTAL        ACCESS:    7572933 HIT:    7572933 MISS:          0 MSHR_MERGE:          0
cpu1->cpu1_ITLB LOAD         ACCESS:    7572933 HIT:    7572933 MISS:          0 MSHR_MERGE:          0
cpu1->cpu1_ITLB RFO          ACCESS:          0 HIT:          0 MISS:          0 MSHR_MERGE:          0
cpu1->cpu1_ITLB PREFETCH     ACCESS:          0 HIT:          0 MISS:          0 MSHR_MERGE:          0
cpu1->cpu1_ITLB WRITE        ACCESS:          0 HIT:          0 MISS:          0 MSHR_MERGE:          0
cpu1->cpu1_ITLB TRANSLATION  ACCESS:          0 HIT:          0 MISS:          0 MSHR_MERGE:          0
cpu1->cpu1_ITLB PREFETCH REQUESTED:          0 ISSUED:          0 USEFUL:          0 USELESS:          0
cpu1->cpu1_ITLB AVERAGE MISS LATENCY: - cycles
cpu1->cpu1_DTLB TOTAL        ACCESS:   11655425 HIT:   11655425 MISS:          0 MSHR_MERGE:          0
cpu1->cpu1_DTLB LOAD         ACCESS:   11655425 HIT:   11655425 MISS:          0 MSHR_MERGE:          0
cpu1->cpu1_DTLB RFO          ACCESS:          0 HIT:          0 MISS:          0 MSHR_MERGE:          0
cpu1->cpu1_DTLB PREFETCH     ACCESS:          0 HIT:          0 MISS:          0 MSHR_MERGE:          0
cpu1->cpu1_DTLB WRITE        ACCESS:          0 HIT:          0 MISS:          0 MSHR_MERGE:          0
cpu1->cpu1_DTLB TRANSLATION  ACCESS:          0 HIT:          0 MISS:          0 MSHR_MERGE:          0
cpu1->cpu1_DTLB PREFETCH REQUESTED:          0 ISSUED:          0 USEFUL:          0 USELESS:          0
cpu1->cpu1_DTLB AVERAGE MISS LATENCY: - cycles
cpu0->cpu0_L2C TOTAL        ACCESS:       6418 HIT:       6409 MISS:          9 MSHR_MERGE:          0
cpu0->cpu0_L2C LOAD         ACCESS:       6418 HIT:       6409 MISS:          9 MSHR_MERGE:          0
cpu0->cpu0_L2C RFO          ACCESS:          0 HIT:          0 MISS:          0 MSHR_MERGE:          0
cpu0->cpu0_L2C PREFETCH     ACCESS:          0 HIT:          0 MISS:          0 MSHR_MERGE:          0
cpu0->cpu0_L2C WRITE        ACCESS:          0 HIT:          0 MISS:          0 MSHR_MERGE:          0
cpu0->cpu0_L2C TRANSLATION  ACCESS:          0 HIT:          0 MISS:          0 MSHR_MERGE:          0
cpu0->cpu0_L2C PREFETCH REQUESTED:          0 ISSUED:          0 USEFUL:          0 USELESS:          0
cpu0->cpu0_L2C AVERAGE MISS LATENCY: 199.8 cycles
cpu0->cpu0_L1I TOTAL        ACCESS:    9183420 HIT:    9169843 MISS:      13577 MSHR_MERGE:       7161
cpu0->cpu0_L1I LOAD         ACCESS:    9183420 HIT:    9169843 MISS:      13577 MSHR_MERGE:       7161
cpu0->cpu0_L1I RFO          ACCESS:          0 HIT:          0 MISS:          0 MSHR_MERGE:          0
cpu0->cpu0_L1I PREFETCH     ACCESS:          0 HIT:          0 MISS:          0 MSHR_MERGE:          0
cpu0->cpu0_L1I WRITE        ACCESS:          0 HIT:          0 MISS:          0 MSHR_MERGE:          0
cpu0->cpu0_L1I TRANSLATION  ACCESS:          0 HIT:          0 MISS:          0 MSHR_MERGE:          0
cpu0->cpu0_L1I PREFETCH REQUESTED:          0 ISSUED:          0 USEFUL:          0 USELESS:          0
cpu0->cpu0_L1I AVERAGE MISS LATENCY: 7.246 cycles
cpu0->cpu0_L1D TOTAL        ACCESS:   13543208 HIT:   13543206 MISS:          2 MSHR_MERGE:          0
cpu0->cpu0_L1D LOAD         ACCESS:    5820810 HIT:    5820808 MISS:          2 MSHR_MERGE:          0
cpu0->cpu0_L1D RFO          ACCESS:          0 HIT:          0 MISS:          0 MSHR_MERGE:          0
cpu0->cpu0_L1D PREFETCH     ACCESS:          0 HIT:          0 MISS:          0 MSHR_MERGE:          0
cpu0->cpu0_L1D WRITE        ACCESS:    7722398 HIT:    7722398 MISS:          0 MSHR_MERGE:          0
cpu0->cpu0_L1D TRANSLATION  ACCESS:          0 HIT:          0 MISS:          0 MSHR_MERGE:          0
cpu0->cpu0_L1D PREFETCH REQUESTED:          0 ISSUED:          0 USEFUL:          0 USELESS:          0
cpu0->cpu0_L1D AVERAGE MISS LATENCY: 212 cycles
cpu0->cpu0_ITLB TOTAL        ACCESS:    7578038 HIT:    7578038 MISS:          0 MSHR_MERGE:          0
cpu0->cpu0_ITLB LOAD         ACCESS:    7578038 HIT:    7578038 MISS:          0 MSHR_MERGE:          0
cpu0->cpu0_ITLB RFO          ACCESS:          0 HIT:          0 MISS:          0 MSHR_MERGE:          0
cpu0->cpu0_ITLB PREFETCH     ACCESS:          0 HIT:          0 MISS:          0 MSHR_MERGE:          0
cpu0->cpu0_ITLB WRITE        ACCESS:          0 HIT:          0 MISS:          0 MSHR_MERGE:          0
cpu0->cpu0_ITLB TRANSLATION  ACCESS:          0 HIT:          0 MISS:          0 MSHR_MERGE:          0
cpu0->cpu0_ITLB PREFETCH REQUESTED:          0 ISSUED:          0 USEFUL:          0 USELESS:          0
cpu0->cpu0_ITLB AVERAGE MISS LATENCY: - cycles
cpu0->cpu0_DTLB TOTAL        ACCESS:   11700732 HIT:   11700732 MISS:          0 MSHR_MERGE:          0
cpu0->cpu0_DTLB LOAD         ACCESS:   11700732 HIT:   11700732 MISS:          0 MSHR_MERGE:          0
cpu0->cpu0_DTLB RFO          ACCESS:          0 HIT:          0 MISS:          0 MSHR_MERGE:          0
cpu0->cpu0_DTLB PREFETCH     ACCESS:          0 HIT:          0 MISS:          0 MSHR_MERGE:          0
cpu0->cpu0_DTLB WRITE        ACCESS:          0 HIT:          0 MISS:          0 MSHR_MERGE:          0
cpu0->cpu0_DTLB TRANSLATION  ACCESS:          0 HIT:          0 MISS:          0 MSHR_MERGE:          0
cpu0->cpu0_DTLB PREFETCH REQUESTED:          0 ISSUED:          0 USEFUL:          0 USELESS:          0
cpu0->cpu0_DTLB AVERAGE MISS LATENCY: - cycles
cpu0->LLC TOTAL        ACCESS:          9 HIT:          0 MISS:          9 MSHR_MERGE:          0
cpu0->LLC LOAD         ACCESS:          9 HIT:          0 MISS:          9 MSHR_MERGE:          0
cpu0->LLC RFO          ACCESS:          0 HIT:          0 MISS:          0 MSHR_MERGE:          0
cpu0->LLC PREFETCH     ACCESS:          0 HIT:          0 MISS:          0 MSHR_MERGE:          0
cpu0->LLC WRITE        ACCESS:          0 HIT:          0 MISS:          0 MSHR_MERGE:          0
cpu0->LLC TRANSLATION  ACCESS:          0 HIT:          0 MISS:          0 MSHR_MERGE:          0
cpu0->LLC PREFETCH REQUESTED:          0 ISSUED:          0 USEFUL:          0 USELESS:          0
cpu0->LLC AVERAGE MISS LATENCY: 1459 cycles
cpu1->LLC TOTAL        ACCESS:          9 HIT:          0 MISS:          9 MSHR_MERGE:          0
cpu1->LLC LOAD         ACCESS:          9 HIT:          0 MISS:          9 MSHR_MERGE:          0
cpu1->LLC RFO          ACCESS:          0 HIT:          0 MISS:          0 MSHR_MERGE:          0
cpu1->LLC PREFETCH     ACCESS:          0 HIT:          0 MISS:          0 MSHR_MERGE:          0
cpu1->LLC WRITE        ACCESS:          0 HIT:          0 MISS:          0 MSHR_MERGE:          0
cpu1->LLC TRANSLATION  ACCESS:          0 HIT:          0 MISS:          0 MSHR_MERGE:          0
cpu1->LLC PREFETCH REQUESTED:          0 ISSUED:          0 USEFUL:          0 USELESS:          0
cpu1->LLC AVERAGE MISS LATENCY: 1459 cycles
cpu2->LLC TOTAL        ACCESS:          9 HIT:          0 MISS:          9 MSHR_MERGE:          0
cpu2->LLC LOAD         ACCESS:          9 HIT:          0 MISS:          9 MSHR_MERGE:          0
cpu2->LLC RFO          ACCESS:          0 HIT:          0 MISS:          0 MSHR_MERGE:          0
cpu2->LLC PREFETCH     ACCESS:          0 HIT:          0 MISS:          0 MSHR_MERGE:          0
cpu2->LLC WRITE        ACCESS:          0 HIT:          0 MISS:          0 MSHR_MERGE:          0
cpu2->LLC TRANSLATION  ACCESS:          0 HIT:          0 MISS:          0 MSHR_MERGE:          0
cpu2->LLC PREFETCH REQUESTED:          0 ISSUED:          0 USEFUL:          0 USELESS:          0
cpu2->LLC AVERAGE MISS LATENCY: 1459 cycles
cpu3->LLC TOTAL        ACCESS:          9 HIT:          0 MISS:          9 MSHR_MERGE:          0
cpu3->LLC LOAD         ACCESS:          9 HIT:          0 MISS:          9 MSHR_MERGE:          0
cpu3->LLC RFO          ACCESS:          0 HIT:          0 MISS:          0 MSHR_MERGE:          0
cpu3->LLC PREFETCH     ACCESS:          0 HIT:          0 MISS:          0 MSHR_MERGE:          0
cpu3->LLC WRITE        ACCESS:          0 HIT:          0 MISS:          0 MSHR_MERGE:          0
cpu3->LLC TRANSLATION  ACCESS:          0 HIT:          0 MISS:          0 MSHR_MERGE:          0
cpu3->LLC PREFETCH REQUESTED:          0 ISSUED:          0 USEFUL:          0 USELESS:          0
cpu3->LLC AVERAGE MISS LATENCY: 1459 cycles
cpu4->LLC TOTAL        ACCESS:          9 HIT:          0 MISS:          9 MSHR_MERGE:          0
cpu4->LLC LOAD         ACCESS:          9 HIT:          0 MISS:          9 MSHR_MERGE:          0
cpu4->LLC RFO          ACCESS:          0 HIT:          0 MISS:          0 MSHR_MERGE:          0
cpu4->LLC PREFETCH     ACCESS:          0 HIT:          0 MISS:          0 MSHR_MERGE:          0
cpu4->LLC WRITE        ACCESS:          0 HIT:          0 MISS:          0 MSHR_MERGE:          0
cpu4->LLC TRANSLATION  ACCESS:          0 HIT:          0 MISS:          0 MSHR_MERGE:          0
cpu4->LLC PREFETCH REQUESTED:          0 ISSUED:          0 USEFUL:          0 USELESS:          0
cpu4->LLC AVERAGE MISS LATENCY: 1459 cycles
cpu5->LLC TOTAL        ACCESS:          9 HIT:          0 MISS:          9 MSHR_MERGE:          0
cpu5->LLC LOAD         ACCESS:          9 HIT:          0 MISS:          9 MSHR_MERGE:          0
cpu5->LLC RFO          ACCESS:          0 HIT:          0 MISS:          0 MSHR_MERGE:          0
cpu5->LLC PREFETCH     ACCESS:          0 HIT:          0 MISS:          0 MSHR_MERGE:          0
cpu5->LLC WRITE        ACCESS:          0 HIT:          0 MISS:          0 MSHR_MERGE:          0
cpu5->LLC TRANSLATION  ACCESS:          0 HIT:          0 MISS:          0 MSHR_MERGE:          0
cpu5->LLC PREFETCH REQUESTED:          0 ISSUED:          0 USEFUL:          0 USELESS:          0
cpu5->LLC AVERAGE MISS LATENCY: 1459 cycles
cpu6->LLC TOTAL        ACCESS:          9 HIT:          0 MISS:          9 MSHR_MERGE:          0
cpu6->LLC LOAD         ACCESS:          9 HIT:          0 MISS:          9 MSHR_MERGE:          0
cpu6->LLC RFO          ACCESS:          0 HIT:          0 MISS:          0 MSHR_MERGE:          0
cpu6->LLC PREFETCH     ACCESS:          0 HIT:          0 MISS:          0 MSHR_MERGE:          0
cpu6->LLC WRITE        ACCESS:          0 HIT:          0 MISS:          0 MSHR_MERGE:          0
cpu6->LLC TRANSLATION  ACCESS:          0 HIT:          0 MISS:          0 MSHR_MERGE:          0
cpu6->LLC PREFETCH REQUESTED:          0 ISSUED:          0 USEFUL:          0 USELESS:          0
cpu6->LLC AVERAGE MISS LATENCY: 1459 cycles
cpu7->LLC TOTAL        ACCESS:          9 HIT:          0 MISS:          9 MSHR_MERGE:          0
cpu7->LLC LOAD         ACCESS:          9 HIT:          0 MISS:          9 MSHR_MERGE:          0
cpu7->LLC RFO          ACCESS:          0 HIT:          0 MISS:          0 MSHR_MERGE:          0
cpu7->LLC PREFETCH     ACCESS:          0 HIT:          0 MISS:          0 MSHR_MERGE:          0
cpu7->LLC WRITE        ACCESS:          0 HIT:          0 MISS:          0 MSHR_MERGE:          0
cpu7->LLC TRANSLATION  ACCESS:          0 HIT:          0 MISS:          0 MSHR_MERGE:          0
cpu7->LLC PREFETCH REQUESTED:          0 ISSUED:          0 USEFUL:          0 USELESS:          0
cpu7->LLC AVERAGE MISS LATENCY: 1459 cycles

Region of Interest Statistics

CPU 7 cumulative IPC: 3.515 instructions: 50000002 cycles: 14223268
CPU 7 Branch Prediction Accuracy: 100% MPKI: 0 Average ROB Occupancy at Mispredict: -
Branch type MPKI
BRANCH_DIRECT_JUMP: 0
BRANCH_INDIRECT: 0
BRANCH_CONDITIONAL: 0
BRANCH_DIRECT_CALL: 0
BRANCH_INDIRECT_CALL: 0
BRANCH_RETURN: 0


CPU 6 cumulative IPC: 3.519 instructions: 50000001 cycles: 14210074
CPU 6 Branch Prediction Accuracy: 100% MPKI: 0 Average ROB Occupancy at Mispredict: -
Branch type MPKI
BRANCH_DIRECT_JUMP: 0
BRANCH_INDIRECT: 0
BRANCH_CONDITIONAL: 0
BRANCH_DIRECT_CALL: 0
BRANCH_INDIRECT_CALL: 0
BRANCH_RETURN: 0


CPU 5 cumulative IPC: 3.518 instructions: 50000003 cycles: 14214059
CPU 5 Branch Prediction Accuracy: 100% MPKI: 0 Average ROB Occupancy at Mispredict: -
Branch type MPKI
BRANCH_DIRECT_JUMP: 0
BRANCH_INDIRECT: 0
BRANCH_CONDITIONAL: 0
BRANCH_DIRECT_CALL: 0
BRANCH_INDIRECT_CALL: 0
BRANCH_RETURN: 0


CPU 4 cumulative IPC: 3.518 instructions: 50000003 cycles: 14213930
CPU 4 Branch Prediction Accuracy: 100% MPKI: 0 Average ROB Occupancy at Mispredict: -
Branch type MPKI
BRANCH_DIRECT_JUMP: 0
BRANCH_INDIRECT: 0
BRANCH_CONDITIONAL: 0
BRANCH_DIRECT_CALL: 0
BRANCH_INDIRECT_CALL: 0
BRANCH_RETURN: 0


CPU 3 cumulative IPC: 3.518 instructions: 50000000 cycles: 14213397
CPU 3 Branch Prediction Accuracy: 100% MPKI: 0 Average ROB Occupancy at Mispredict: -
Branch type MPKI
BRANCH_DIRECT_JUMP: 0
BRANCH_INDIRECT: 0
BRANCH_CONDITIONAL: 0
BRANCH_DIRECT_CALL: 0
BRANCH_INDIRECT_CALL: 0
BRANCH_RETURN: 0


CPU 2 cumulative IPC: 3.517 instructions: 50000003 cycles: 14218182
CPU 2 Branch Prediction Accuracy: 100% MPKI: 0 Average ROB Occupancy at Mispredict: -
Branch type MPKI
BRANCH_DIRECT_JUMP: 0
BRANCH_INDIRECT: 0
BRANCH_CONDITIONAL: 0
BRANCH_DIRECT_CALL: 0
BRANCH_INDIRECT_CALL: 0
BRANCH_RETURN: 0


CPU 1 cumulative IPC: 3.515 instructions: 50000002 cycles: 14226653
CPU 1 Branch Prediction Accuracy: 100% MPKI: 0 Average ROB Occupancy at Mispredict: -
Branch type MPKI
BRANCH_DIRECT_JUMP: 0
BRANCH_INDIRECT: 0
BRANCH_CONDITIONAL: 0
BRANCH_DIRECT_CALL: 0
BRANCH_INDIRECT_CALL: 0
BRANCH_RETURN: 0


CPU 0 cumulative IPC: 3.519 instructions: 50000003 cycles: 14209526
CPU 0 Branch Prediction Accuracy: 100% MPKI: 0 Average ROB Occupancy at Mispredict: -
Branch type MPKI
BRANCH_DIRECT_JUMP: 0
BRANCH_INDIRECT: 0
BRANCH_CONDITIONAL: 0
BRANCH_DIRECT_CALL: 0
BRANCH_INDIRECT_CALL: 0
BRANCH_RETURN: 0

cpu7->cpu7_L2C TOTAL        ACCESS:       6418 HIT:       6409 MISS:          9 MSHR_MERGE:          0
cpu7->cpu7_L2C LOAD         ACCESS:       6418 HIT:       6409 MISS:          9 MSHR_MERGE:          0
cpu7->cpu7_L2C RFO          ACCESS:          0 HIT:          0 MISS:          0 MSHR_MERGE:          0
cpu7->cpu7_L2C PREFETCH     ACCESS:          0 HIT:          0 MISS:          0 MSHR_MERGE:          0
cpu7->cpu7_L2C WRITE        ACCESS:          0 HIT:          0 MISS:          0 MSHR_MERGE:          0
cpu7->cpu7_L2C TRANSLATION  ACCESS:          0 HIT:          0 MISS:          0 MSHR_MERGE:          0
cpu7->cpu7_L2C PREFETCH REQUESTED:          0 ISSUED:          0 USEFUL:          0 USELESS:          0
cpu7->cpu7_L2C AVERAGE MISS LATENCY: 185.6 cycles
cpu7->cpu7_L1I TOTAL        ACCESS:    9173972 HIT:    9160393 MISS:      13579 MSHR_MERGE:       7163
cpu7->cpu7_L1I LOAD         ACCESS:    9173972 HIT:    9160393 MISS:      13579 MSHR_MERGE:       7163
cpu7->cpu7_L1I RFO          ACCESS:          0 HIT:          0 MISS:          0 MSHR_MERGE:          0
cpu7->cpu7_L1I PREFETCH     ACCESS:          0 HIT:          0 MISS:          0 MSHR_MERGE:          0
cpu7->cpu7_L1I WRITE        ACCESS:          0 HIT:          0 MISS:          0 MSHR_MERGE:          0
cpu7->cpu7_L1I TRANSLATION  ACCESS:          0 HIT:          0 MISS:          0 MSHR_MERGE:          0
cpu7->cpu7_L1I PREFETCH REQUESTED:          0 ISSUED:          0 USEFUL:          0 USELESS:          0
cpu7->cpu7_L1I AVERAGE MISS LATENCY: 7.217 cycles
cpu7->cpu7_L1D TOTAL        ACCESS:   13519752 HIT:   13519750 MISS:          2 MSHR_MERGE:          0
cpu7->cpu7_L1D LOAD         ACCESS:    5809983 HIT:    5809981 MISS:          2 MSHR_MERGE:          0
cpu7->cpu7_L1D RFO          ACCESS:          0 HIT:          0 MISS:          0 MSHR_MERGE:          0
cpu7->cpu7_L1D PREFETCH     ACCESS:          0 HIT:          0 MISS:          0 MSHR_MERGE:          0
cpu7->cpu7_L1D WRITE        ACCESS:    7709769 HIT:    7709769 MISS:          0 MSHR_MERGE:          0
cpu7->cpu7_L1D TRANSLATION  ACCESS:          0 HIT:          0 MISS:          0 MSHR_MERGE:          0
cpu7->cpu7_L1D PREFETCH REQUESTED:          0 ISSUED:          0 USEFUL:          0 USELESS:          0
cpu7->cpu7_L1D AVERAGE MISS LATENCY: 245 cycles
cpu7->cpu7_ITLB TOTAL        ACCESS:    7561086 HIT:    7561086 MISS:          0 MSHR_MERGE:          0
cpu7->cpu7_ITLB LOAD         ACCESS:    7561086 HIT:    7561086 MISS:          0 MSHR_MERGE:          0
cpu7->cpu7_ITLB RFO          ACCESS:          0 HIT:          0 MISS:          0 MSHR_MERGE:          0
cpu7->cpu7_ITLB PREFETCH     ACCESS:          0 HIT:          0 MISS:          0 MSHR_MERGE:          0
cpu7->cpu7_ITLB WRITE        ACCESS:          0 HIT:          0 MISS:          0 MSHR_MERGE:          0
cpu7->cpu7_ITLB TRANSLATION  ACCESS:          0 HIT:          0 MISS:          0 MSHR_MERGE:          0
cpu7->cpu7_ITLB PREFETCH REQUESTED:          0 ISSUED:          0 USEFUL:          0 USELESS:          0
cpu7->cpu7_ITLB AVERAGE MISS LATENCY: - cycles
cpu7->cpu7_DTLB TOTAL        ACCESS:   11658809 HIT:   11658809 MISS:          0 MSHR_MERGE:          0
cpu7->cpu7_DTLB LOAD         ACCESS:   11658809 HIT:   11658809 MISS:          0 MSHR_MERGE:          0
cpu7->cpu7_DTLB RFO          ACCESS:          0 HIT:          0 MISS:          0 MSHR_MERGE:          0
cpu7->cpu7_DTLB PREFETCH     ACCESS:          0 HIT:          0 MISS:          0 MSHR_MERGE:          0
cpu7->cpu7_DTLB WRITE        ACCESS:          0 HIT:          0 MISS:          0 MSHR_MERGE:          0
cpu7->cpu7_DTLB TRANSLATION  ACCESS:          0 HIT:          0 MISS:          0 MSHR_MERGE:          0
cpu7->cpu7_DTLB PREFETCH REQUESTED:          0 ISSUED:          0 USEFUL:          0 USELESS:          0
cpu7->cpu7_DTLB AVERAGE MISS LATENCY: - cycles
cpu6->cpu6_L2C TOTAL        ACCESS:       6418 HIT:       6409 MISS:          9 MSHR_MERGE:          0
cpu6->cpu6_L2C LOAD         ACCESS:       6418 HIT:       6409 MISS:          9 MSHR_MERGE:          0
cpu6->cpu6_L2C RFO          ACCESS:          0 HIT:          0 MISS:          0 MSHR_MERGE:          0
cpu6->cpu6_L2C PREFETCH     ACCESS:          0 HIT:          0 MISS:          0 MSHR_MERGE:          0
cpu6->cpu6_L2C WRITE        ACCESS:          0 HIT:          0 MISS:          0 MSHR_MERGE:          0
cpu6->cpu6_L2C TRANSLATION  ACCESS:          0 HIT:          0 MISS:          0 MSHR_MERGE:          0
cpu6->cpu6_L2C PREFETCH REQUESTED:          0 ISSUED:          0 USEFUL:          0 USELESS:          0
cpu6->cpu6_L2C AVERAGE MISS LATENCY: 185.6 cycles
cpu6->cpu6_L1I TOTAL        ACCESS:    9179291 HIT:    9165655 MISS:      13636 MSHR_MERGE:       7220
cpu6->cpu6_L1I LOAD         ACCESS:    9179291 HIT:    9165655 MISS:      13636 MSHR_MERGE:       7220
cpu6->cpu6_L1I RFO          ACCESS:          0 HIT:          0 MISS:          0 MSHR_MERGE:          0
cpu6->cpu6_L1I PREFETCH     ACCESS:          0 HIT:          0 MISS:          0 MSHR_MERGE:          0
cpu6->cpu6_L1I WRITE        ACCESS:          0 HIT:          0 MISS:          0 MSHR_MERGE:          0
cpu6->cpu6_L1I TRANSLATION  ACCESS:          0 HIT:          0 MISS:          0 MSHR_MERGE:          0
cpu6->cpu6_L1I PREFETCH REQUESTED:          0 ISSUED:          0 USEFUL:          0 USELESS:          0
cpu6->cpu6_L1I AVERAGE MISS LATENCY: 7.229 cycles
cpu6->cpu6_L1D TOTAL        ACCESS:   13538679 HIT:   13538677 MISS:          2 MSHR_MERGE:          0
cpu6->cpu6_L1D LOAD         ACCESS:    5817785 HIT:    5817783 MISS:          2 MSHR_MERGE:          0
cpu6->cpu6_L1D RFO          ACCESS:          0 HIT:          0 MISS:          0 MSHR_MERGE:          0
cpu6->cpu6_L1D PREFETCH     ACCESS:          0 HIT:          0 MISS:          0 MSHR_MERGE:          0
cpu6->cpu6_L1D WRITE        ACCESS:    7720894 HIT:    7720894 MISS:          0 MSHR_MERGE:          0
cpu6->cpu6_L1D TRANSLATION  ACCESS:          0 HIT:          0 MISS:          0 MSHR_MERGE:          0
cpu6->cpu6_L1D PREFETCH REQUESTED:          0 ISSUED:          0 USEFUL:          0 USELESS:          0
cpu6->cpu6_L1D AVERAGE MISS LATENCY: 213 cycles
cpu6->cpu6_ITLB TOTAL        ACCESS:    7566948 HIT:    7566948 MISS:          0 MSHR_MERGE:          0
cpu6->cpu6_ITLB LOAD         ACCESS:    7566948 HIT:    7566948 MISS:          0 MSHR_MERGE:          0
cpu6->cpu6_ITLB RFO          ACCESS:          0 HIT:          0 MISS:          0 MSHR_MERGE:          0
cpu6->cpu6_ITLB PREFETCH     ACCESS:          0 HIT:          0 MISS:          0 MSHR_MERGE:          0
cpu6->cpu6_ITLB WRITE        ACCESS:          0 HIT:          0 MISS:          0 MSHR_MERGE:          0
cpu6->cpu6_ITLB TRANSLATION  ACCESS:          0 HIT:          0 MISS:          0 MSHR_MERGE:          0
cpu6->cpu6_ITLB PREFETCH REQUESTED:          0 ISSUED:          0 USEFUL:          0 USELESS:          0
cpu6->cpu6_ITLB AVERAGE MISS LATENCY: - cycles
cpu6->cpu6_DTLB TOTAL        ACCESS:   11693139 HIT:   11693139 MISS:          0 MSHR_MERGE:          0
cpu6->cpu6_DTLB LOAD         ACCESS:   11693139 HIT:   11693139 MISS:          0 MSHR_MERGE:          0
cpu6->cpu6_DTLB RFO          ACCESS:          0 HIT:          0 MISS:          0 MSHR_MERGE:          0
cpu6->cpu6_DTLB PREFETCH     ACCESS:          0 HIT:          0 MISS:          0 MSHR_MERGE:          0
cpu6->cpu6_DTLB WRITE        ACCESS:          0 HIT:          0 MISS:          0 MSHR_MERGE:          0
cpu6->cpu6_DTLB TRANSLATION  ACCESS:          0 HIT:          0 MISS:          0 MSHR_MERGE:          0
cpu6->cpu6_DTLB PREFETCH REQUESTED:          0 ISSUED:          0 USEFUL:          0 USELESS:          0
cpu6->cpu6_DTLB AVERAGE MISS LATENCY: - cycles
cpu5->cpu5_L2C TOTAL        ACCESS:       6418 HIT:       6409 MISS:          9 MSHR_MERGE:          0
cpu5->cpu5_L2C LOAD         ACCESS:       6418 HIT:       6409 MISS:          9 MSHR_MERGE:          0
cpu5->cpu5_L2C RFO          ACCESS:          0 HIT:          0 MISS:          0 MSHR_MERGE:          0
cpu5->cpu5_L2C PREFETCH     ACCESS:          0 HIT:          0 MISS:          0 MSHR_MERGE:          0
cpu5->cpu5_L2C WRITE        ACCESS:          0 HIT:          0 MISS:          0 MSHR_MERGE:          0
cpu5->cpu5_L2C TRANSLATION  ACCESS:          0 HIT:          0 MISS:          0 MSHR_MERGE:          0
cpu5->cpu5_L2C PREFETCH REQUESTED:          0 ISSUED:          0 USEFUL:          0 USELESS:          0
cpu5->cpu5_L2C AVERAGE MISS LATENCY: 250.7 cycles
cpu5->cpu5_L1I TOTAL        ACCESS:    9181529 HIT:    9167933 MISS:      13596 MSHR_MERGE:       7180
cpu5->cpu5_L1I LOAD         ACCESS:    9181529 HIT:    9167933 MISS:      13596 MSHR_MERGE:       7180
cpu5->cpu5_L1I RFO          ACCESS:          0 HIT:          0 MISS:          0 MSHR_MERGE:          0
cpu5->cpu5_L1I PREFETCH     ACCESS:          0 HIT:          0 MISS:          0 MSHR_MERGE:          0
cpu5->cpu5_L1I WRITE        ACCESS:          0 HIT:          0 MISS:          0 MSHR_MERGE:          0
cpu5->cpu5_L1I TRANSLATION  ACCESS:          0 HIT:          0 MISS:          0 MSHR_MERGE:          0
cpu5->cpu5_L1I PREFETCH REQUESTED:          0 ISSUED:          0 USEFUL:          0 USELESS:          0
cpu5->cpu5_L1I AVERAGE MISS LATENCY: 7.306 cycles
cpu5->cpu5_L1D TOTAL        ACCESS:   13536887 HIT:   13536885 MISS:          2 MSHR_MERGE:          0
cpu5->cpu5_L1D LOAD         ACCESS:    5818327 HIT:    5818325 MISS:          2 MSHR_MERGE:          0
cpu5->cpu5_L1D RFO          ACCESS:          0 HIT:          0 MISS:          0 MSHR_MERGE:          0
cpu5->cpu5_L1D PREFETCH     ACCESS:          0 HIT:          0 MISS:          0 MSHR_MERGE:          0
cpu5->cpu5_L1D WRITE        ACCESS:    7718560 HIT:    7718560 MISS:          0 MSHR_MERGE:          0
cpu5->cpu5_L1D TRANSLATION  ACCESS:          0 HIT:          0 MISS:          0 MSHR_MERGE:          0
cpu5->cpu5_L1D PREFETCH REQUESTED:          0 ISSUED:          0 USEFUL:          0 USELESS:          0
cpu5->cpu5_L1D AVERAGE MISS LATENCY: 245.5 cycles
cpu5->cpu5_ITLB TOTAL        ACCESS:    7567661 HIT:    7567661 MISS:          0 MSHR_MERGE:          0
cpu5->cpu5_ITLB LOAD         ACCESS:    7567661 HIT:    7567661 MISS:          0 MSHR_MERGE:          0
cpu5->cpu5_ITLB RFO          ACCESS:          0 HIT:          0 MISS:          0 MSHR_MERGE:          0
cpu5->cpu5_ITLB PREFETCH     ACCESS:          0 HIT:          0 MISS:          0 MSHR_MERGE:          0
cpu5->cpu5_ITLB WRITE        ACCESS:          0 HIT:          0 MISS:          0 MSHR_MERGE:          0
cpu5->cpu5_ITLB TRANSLATION  ACCESS:          0 HIT:          0 MISS:          0 MSHR_MERGE:          0
cpu5->cpu5_ITLB PREFETCH REQUESTED:          0 ISSUED:          0 USEFUL:          0 USELESS:          0
cpu5->cpu5_ITLB AVERAGE MISS LATENCY: - cycles
cpu5->cpu5_DTLB TOTAL        ACCESS:   11665367 HIT:   11665367 MISS:          0 MSHR_MERGE:          0
cpu5->cpu5_DTLB LOAD         ACCESS:   11665367 HIT:   11665367 MISS:          0 MSHR_MERGE:          0
cpu5->cpu5_DTLB RFO          ACCESS:          0 HIT:          0 MISS:          0 MSHR_MERGE:          0
cpu5->cpu5_DTLB PREFETCH     ACCESS:          0 HIT:          0 MISS:          0 MSHR_MERGE:          0
cpu5->cpu5_DTLB WRITE        ACCESS:          0 HIT:          0 MISS:          0 MSHR_MERGE:          0
cpu5->cpu5_DTLB TRANSLATION  ACCESS:          0 HIT:          0 MISS:          0 MSHR_MERGE:          0
cpu5->cpu5_DTLB PREFETCH REQUESTED:          0 ISSUED:          0 USEFUL:          0 USELESS:          0
cpu5->cpu5_DTLB AVERAGE MISS LATENCY: - cycles
cpu4->cpu4_L2C TOTAL        ACCESS:       6418 HIT:       6409 MISS:          9 MSHR_MERGE:          0
cpu4->cpu4_L2C LOAD         ACCESS:       6418 HIT:       6409 MISS:          9 MSHR_MERGE:          0
cpu4->cpu4_L2C RFO          ACCESS:          0 HIT:          0 MISS:          0 MSHR_MERGE:          0
cpu4->cpu4_L2C PREFETCH     ACCESS:          0 HIT:          0 MISS:          0 MSHR_MERGE:          0
cpu4->cpu4_L2C WRITE        ACCESS:          0 HIT:          0 MISS:          0 MSHR_MERGE:          0
cpu4->cpu4_L2C TRANSLATION  ACCESS:          0 HIT:          0 MISS:          0 MSHR_MERGE:          0
cpu4->cpu4_L2C PREFETCH REQUESTED:          0 ISSUED:          0 USEFUL:          0 USELESS:          0
cpu4->cpu4_L2C AVERAGE MISS LATENCY: 192.7 cycles
cpu4->cpu4_L1I TOTAL        ACCESS:    9180638 HIT:    9167066 MISS:      13572 MSHR_MERGE:       7156
cpu4->cpu4_L1I LOAD         ACCESS:    9180638 HIT:    9167066 MISS:      13572 MSHR_MERGE:       7156
cpu4->cpu4_L1I RFO          ACCESS:          0 HIT:          0 MISS:          0 MSHR_MERGE:          0
cpu4->cpu4_L1I PREFETCH     ACCESS:          0 HIT:          0 MISS:          0 MSHR_MERGE:          0
cpu4->cpu4_L1I WRITE        ACCESS:          0 HIT:          0 MISS:          0 MSHR_MERGE:          0
cpu4->cpu4_L1I TRANSLATION  ACCESS:          0 HIT:          0 MISS:          0 MSHR_MERGE:          0
cpu4->cpu4_L1I PREFETCH REQUESTED:          0 ISSUED:          0 USEFUL:          0 USELESS:          0
cpu4->cpu4_L1I AVERAGE MISS LATENCY: 7.224 cycles
cpu4->cpu4_L1D TOTAL        ACCESS:   13536481 HIT:   13536479 MISS:          2 MSHR_MERGE:          0
cpu4->cpu4_L1D LOAD         ACCESS:    5817513 HIT:    5817511 MISS:          2 MSHR_MERGE:          0
cpu4->cpu4_L1D RFO          ACCESS:          0 HIT:          0 MISS:          0 MSHR_MERGE:          0
cpu4->cpu4_L1D PREFETCH     ACCESS:          0 HIT:          0 MISS:          0 MSHR_MERGE:          0
cpu4->cpu4_L1D WRITE        ACCESS:    7718968 HIT:    7718968 MISS:          0 MSHR_MERGE:          0
cpu4->cpu4_L1D TRANSLATION  ACCESS:          0 HIT:          0 MISS:          0 MSHR_MERGE:          0
cpu4->cpu4_L1D PREFETCH REQUESTED:          0 ISSUED:          0 USEFUL:          0 USELESS:          0
cpu4->cpu4_L1D AVERAGE MISS LATENCY: 245.5 cycles
cpu4->cpu4_ITLB TOTAL        ACCESS:    7567083 HIT:    7567083 MISS:          0 MSHR_MERGE:          0
cpu4->cpu4_ITLB LOAD         ACCESS:    7567083 HIT:    7567083 MISS:          0 MSHR_MERGE:          0
cpu4->cpu4_ITLB RFO          ACCESS:          0 HIT:          0 MISS:          0 MSHR_MERGE:          0
cpu4->cpu4_ITLB PREFETCH     ACCESS:          0 HIT:          0 MISS:          0 MSHR_MERGE:          0
cpu4->cpu4_ITLB WRITE        ACCESS:          0 HIT:          0 MISS:          0 MSHR_MERGE:          0
cpu4->cpu4_ITLB TRANSLATION  ACCESS:          0 HIT:          0 MISS:          0 MSHR_MERGE:          0
cpu4->cpu4_ITLB PREFETCH REQUESTED:          0 ISSUED:          0 USEFUL:          0 USELESS:          0
cpu4->cpu4_ITLB AVERAGE MISS LATENCY: - cycles
cpu4->cpu4_DTLB TOTAL        ACCESS:   11665895 HIT:   11665895 MISS:          0 MSHR_MERGE:          0
cpu4->cpu4_DTLB LOAD         ACCESS:   11665895 HIT:   11665895 MISS:          0 MSHR_MERGE:          0
cpu4->cpu4_DTLB RFO          ACCESS:          0 HIT:          0 MISS:          0 MSHR_MERGE:          0
cpu4->cpu4_DTLB PREFETCH     ACCESS:          0 HIT:          0 MISS:          0 MSHR_MERGE:          0
cpu4->cpu4_DTLB WRITE        ACCESS:          0 HIT:          0 MISS:          0 MSHR_MERGE:          0
cpu4->cpu4_DTLB TRANSLATION  ACCESS:          0 HIT:          0 MISS:          0 MSHR_MERGE:          0
cpu4->cpu4_DTLB PREFETCH REQUESTED:          0 ISSUED:          0 USEFUL:          0 USELESS:          0
cpu4->cpu4_DTLB AVERAGE MISS LATENCY: - cycles
cpu3->cpu3_L2C TOTAL        ACCESS:       6418 HIT:       6409 MISS:          9 MSHR_MERGE:          0
cpu3->cpu3_L2C LOAD         ACCESS:       6418 HIT:       6409 MISS:          9 MSHR_MERGE:          0
cpu3->cpu3_L2C RFO          ACCESS:          0 HIT:          0 MISS:          0 MSHR_MERGE:          0
cpu3->cpu3_L2C PREFETCH     ACCESS:          0 HIT:          0 MISS:          0 MSHR_MERGE:          0
cpu3->cpu3_L2C WRITE        ACCESS:          0 HIT:          0 MISS:          0 MSHR_MERGE:          0
cpu3->cpu3_L2C TRANSLATION  ACCESS:          0 HIT:          0 MISS:          0 MSHR_MERGE:          0
cpu3->cpu3_L2C PREFETCH REQUESTED:          0 ISSUED:          0 USEFUL:          0 USELESS:          0
cpu3->cpu3_L2C AVERAGE MISS LATENCY: 179.4 cycles
cpu3->cpu3_L1I TOTAL        ACCESS:    9181859 HIT:    9168297 MISS:      13562 MSHR_MERGE:       7146
cpu3->cpu3_L1I LOAD         ACCESS:    9181859 HIT:    9168297 MISS:      13562 MSHR_MERGE:       7146
cpu3->cpu3_L1I RFO          ACCESS:          0 HIT:          0 MISS:          0 MSHR_MERGE:          0
cpu3->cpu3_L1I PREFETCH     ACCESS:          0 HIT:          0 MISS:          0 MSHR_MERGE:          0
cpu3->cpu3_L1I WRITE        ACCESS:          0 HIT:          0 MISS:          0 MSHR_MERGE:          0
cpu3->cpu3_L1I TRANSLATION  ACCESS:          0 HIT:          0 MISS:          0 MSHR_MERGE:          0
cpu3->cpu3_L1I PREFETCH REQUESTED:          0 ISSUED:          0 USEFUL:          0 USELESS:          0
cpu3->cpu3_L1I AVERAGE MISS LATENCY: 7.215 cycles
cpu3->cpu3_L1D TOTAL        ACCESS:   13539370 HIT:   13539368 MISS:          2 MSHR_MERGE:          0
cpu3->cpu3_L1D LOAD         ACCESS:    5819905 HIT:    5819903 MISS:          2 MSHR_MERGE:          0
cpu3->cpu3_L1D RFO          ACCESS:          0 HIT:          0 MISS:          0 MSHR_MERGE:          0
cpu3->cpu3_L1D PREFETCH     ACCESS:          0 HIT:          0 MISS:          0 MSHR_MERGE:          0
cpu3->cpu3_L1D WRITE        ACCESS:    7719465 HIT:    7719465 MISS:          0 MSHR_MERGE:          0
cpu3->cpu3_L1D TRANSLATION  ACCESS:          0 HIT:          0 MISS:          0 MSHR_MERGE:          0
cpu3->cpu3_L1D PREFETCH REQUESTED:          0 ISSUED:          0 USEFUL:          0 USELESS:          0
cpu3->cpu3_L1D AVERAGE MISS LATENCY: 216.5 cycles
cpu3->cpu3_ITLB TOTAL        ACCESS:    7577221 HIT:    7577221 MISS:          0 MSHR_MERGE:          0
cpu3->cpu3_ITLB LOAD         ACCESS:    7577221 HIT:    7577221 MISS:          0 MSHR_MERGE:          0
cpu3->cpu3_ITLB RFO          ACCESS:          0 HIT:          0 MISS:          0 MSHR_MERGE:          0
cpu3->cpu3_ITLB PREFETCH     ACCESS:          0 HIT:          0 MISS:          0 MSHR_MERGE:          0
cpu3->cpu3_ITLB WRITE        ACCESS:          0 HIT:          0 MISS:          0 MSHR_MERGE:          0
cpu3->cpu3_ITLB TRANSLATION  ACCESS:          0 HIT:          0 MISS:          0 MSHR_MERGE:          0
cpu3->cpu3_ITLB PREFETCH REQUESTED:          0 ISSUED:          0 USEFUL:          0 USELESS:          0
cpu3->cpu3_ITLB AVERAGE MISS LATENCY: - cycles
cpu3->cpu3_DTLB TOTAL        ACCESS:   11699271 HIT:   11699271 MISS:          0 MSHR_MERGE:          0
cpu3->cpu3_DTLB LOAD         ACCESS:   11699271 HIT:   11699271 MISS:          0 MSHR_MERGE:          0
cpu3->cpu3_DTLB RFO          ACCESS:          0 HIT:          0 MISS:          0 MSHR_MERGE:          0
cpu3->cpu3_DTLB PREFETCH     ACCESS:          0 HIT:          0 MISS:          0 MSHR_MERGE:          0
cpu3->cpu3_DTLB WRITE        ACCESS:          0 HIT:          0 MISS:          0 MSHR_MERGE:          0
cpu3->cpu3_DTLB TRANSLATION  ACCESS:          0 HIT:          0 MISS:          0 MSHR_MERGE:          0
cpu3->cpu3_DTLB PREFETCH REQUESTED:          0 ISSUED:          0 USEFUL:          0 USELESS:          0
cpu3->cpu3_DTLB AVERAGE MISS LATENCY: - cycles
cpu2->cpu2_L2C TOTAL        ACCESS:       6418 HIT:       6409 MISS:          9 MSHR_MERGE:          0
cpu2->cpu2_L2C LOAD         ACCESS:       6418 HIT:       6409 MISS:          9 MSHR_MERGE:          0
cpu2->cpu2_L2C RFO          ACCESS:          0 HIT:          0 MISS:          0 MSHR_MERGE:          0
cpu2->cpu2_L2C PREFETCH     ACCESS:          0 HIT:          0 MISS:          0 MSHR_MERGE:          0
cpu2->cpu2_L2C WRITE        ACCESS:          0 HIT:          0 MISS:          0 MSHR_MERGE:          0
cpu2->cpu2_L2C TRANSLATION  ACCESS:          0 HIT:          0 MISS:          0 MSHR_MERGE:          0
cpu2->cpu2_L2C PREFETCH REQUESTED:          0 ISSUED:          0 USEFUL:          0 USELESS:          0
cpu2->cpu2_L2C AVERAGE MISS LATENCY: 200.2 cycles
cpu2->cpu2_L1I TOTAL        ACCESS:    9178326 HIT:    9164725 MISS:      13601 MSHR_MERGE:       7185
cpu2->cpu2_L1I LOAD         ACCESS:    9178326 HIT:    9164725 MISS:      13601 MSHR_MERGE:       7185
cpu2->cpu2_L1I RFO          ACCESS:          0 HIT:          0 MISS:          0 MSHR_MERGE:          0
cpu2->cpu2_L1I PREFETCH     ACCESS:          0 HIT:          0 MISS:          0 MSHR_MERGE:          0
cpu2->cpu2_L1I WRITE        ACCESS:          0 HIT:          0 MISS:          0 MSHR_MERGE:          0
cpu2->cpu2_L1I TRANSLATION  ACCESS:          0 HIT:          0 MISS:          0 MSHR_MERGE:          0
cpu2->cpu2_L1I PREFETCH REQUESTED:          0 ISSUED:          0 USEFUL:          0 USELESS:          0
cpu2->cpu2_L1I AVERAGE MISS LATENCY: 7.237 cycles
cpu2->cpu2_L1D TOTAL        ACCESS:   13531191 HIT:   13531189 MISS:          2 MSHR_MERGE:          0
cpu2->cpu2_L1D LOAD         ACCESS:    5815181 HIT:    5815179 MISS:          2 MSHR_MERGE:          0
cpu2->cpu2_L1D RFO          ACCESS:          0 HIT:          0 MISS:          0 MSHR_MERGE:          0
cpu2->cpu2_L1D PREFETCH     ACCESS:          0 HIT:          0 MISS:          0 MSHR_MERGE:          0
cpu2->cpu2_L1D WRITE        ACCESS:    7716010 HIT:    7716010 MISS:          0 MSHR_MERGE:          0
cpu2->cpu2_L1D TRANSLATION  ACCESS:          0 HIT:          0 MISS:          0 MSHR_MERGE:          0
cpu2->cpu2_L1D PREFETCH REQUESTED:          0 ISSUED:          0 USEFUL:          0 USELESS:          0
cpu2->cpu2_L1D AVERAGE MISS LATENCY: 245 cycles
cpu2->cpu2_ITLB TOTAL        ACCESS:    7565841 HIT:    7565841 MISS:          0 MSHR_MERGE:          0
cpu2->cpu2_ITLB LOAD         ACCESS:    7565841 HIT:    7565841 MISS:          0 MSHR_MERGE:          0
cpu2->cpu2_ITLB RFO          ACCESS:          0 HIT:          0 MISS:          0 MSHR_MERGE:          0
cpu2->cpu2_ITLB PREFETCH     ACCESS:          0 HIT:          0 MISS:          0 MSHR_MERGE:          0
cpu2->cpu2_ITLB WRITE        ACCESS:          0 HIT:          0 MISS:          0 MSHR_MERGE:          0
cpu2->cpu2_ITLB TRANSLATION  ACCESS:          0 HIT:          0 MISS:          0 MSHR_MERGE:          0
cpu2->cpu2_ITLB PREFETCH REQUESTED:          0 ISSUED:          0 USEFUL:          0 USELESS:          0
cpu2->cpu2_ITLB AVERAGE MISS LATENCY: - cycles
cpu2->cpu2_DTLB TOTAL        ACCESS:   11662055 HIT:   11662055 MISS:          0 MSHR_MERGE:          0
cpu2->cpu2_DTLB LOAD         ACCESS:   11662055 HIT:   11662055 MISS:          0 MSHR_MERGE:          0
cpu2->cpu2_DTLB RFO          ACCESS:          0 HIT:          0 MISS:          0 MSHR_MERGE:          0
cpu2->cpu2_DTLB PREFETCH     ACCESS:          0 HIT:          0 MISS:          0 MSHR_MERGE:          0
cpu2->cpu2_DTLB WRITE        ACCESS:          0 HIT:          0 MISS:          0 MSHR_MERGE:          0
cpu2->cpu2_DTLB TRANSLATION  ACCESS:          0 HIT:          0 MISS:          0 MSHR_MERGE:          0
cpu2->cpu2_DTLB PREFETCH REQUESTED:          0 ISSUED:          0 USEFUL:          0 USELESS:          0
cpu2->cpu2_DTLB AVERAGE MISS LATENCY: - cycles
cpu1->cpu1_L2C TOTAL        ACCESS:       6418 HIT:       6409 MISS:          9 MSHR_MERGE:          0
cpu1->cpu1_L2C LOAD         ACCESS:       6418 HIT:       6409 MISS:          9 MSHR_MERGE:          0
cpu1->cpu1_L2C RFO          ACCESS:          0 HIT:          0 MISS:          0 MSHR_MERGE:          0
cpu1->cpu1_L2C PREFETCH     ACCESS:          0 HIT:          0 MISS:          0 MSHR_MERGE:          0
cpu1->cpu1_L2C WRITE        ACCESS:          0 HIT:          0 MISS:          0 MSHR_MERGE:          0
cpu1->cpu1_L2C TRANSLATION  ACCESS:          0 HIT:          0 MISS:          0 MSHR_MERGE:          0
cpu1->cpu1_L2C PREFETCH REQUESTED:          0 ISSUED:          0 USEFUL:          0 USELESS:          0
cpu1->cpu1_L2C AVERAGE MISS LATENCY: 192.9 cycles
cpu1->cpu1_L1I TOTAL        ACCESS:    9175867 HIT:    9162270 MISS:      13597 MSHR_MERGE:       7181
cpu1->cpu1_L1I LOAD         ACCESS:    9175867 HIT:    9162270 MISS:      13597 MSHR_MERGE:       7181
cpu1->cpu1_L1I RFO          ACCESS:          0 HIT:          0 MISS:          0 MSHR_MERGE:          0
cpu1->cpu1_L1I PREFETCH     ACCESS:          0 HIT:          0 MISS:          0 MSHR_MERGE:          0
cpu1->cpu1_L1I WRITE        ACCESS:          0 HIT:          0 MISS:          0 MSHR_MERGE:          0
cpu1->cpu1_L1I TRANSLATION  ACCESS:          0 HIT:          0 MISS:          0 MSHR_MERGE:          0
cpu1->cpu1_L1I PREFETCH REQUESTED:          0 ISSUED:          0 USEFUL:          0 USELESS:          0
cpu1->cpu1_L1I AVERAGE MISS LATENCY: 7.225 cycles
cpu1->cpu1_L1D TOTAL        ACCESS:   13516798 HIT:   13516796 MISS:          2 MSHR_MERGE:          0
cpu1->cpu1_L1D LOAD         ACCESS:    5807692 HIT:    5807690 MISS:          2 MSHR_MERGE:          0
cpu1->cpu1_L1D RFO          ACCESS:          0 HIT:          0 MISS:          0 MSHR_MERGE:          0
cpu1->cpu1_L1D PREFETCH     ACCESS:          0 HIT:          0 MISS:          0 MSHR_MERGE:          0
cpu1->cpu1_L1D WRITE        ACCESS:    7709106 HIT:    7709106 MISS:          0 MSHR_MERGE:          0
cpu1->cpu1_L1D TRANSLATION  ACCESS:          0 HIT:          0 MISS:          0 MSHR_MERGE:          0
cpu1->cpu1_L1D PREFETCH REQUESTED:          0 ISSUED:          0 USEFUL:          0 USELESS:          0
cpu1->cpu1_L1D AVERAGE MISS LATENCY: 244.5 cycles
cpu1->cpu1_ITLB TOTAL        ACCESS:    7572933 HIT:    7572933 MISS:          0 MSHR_MERGE:          0
cpu1->cpu1_ITLB LOAD         ACCESS:    7572933 HIT:    7572933 MISS:          0 MSHR_MERGE:          0
cpu1->cpu1_ITLB RFO          ACCESS:          0 HIT:          0 MISS:          0 MSHR_MERGE:          0
cpu1->cpu1_ITLB PREFETCH     ACCESS:          0 HIT:          0 MISS:          0 MSHR_MERGE:          0
cpu1->cpu1_ITLB WRITE        ACCESS:          0 HIT:          0 MISS:          0 MSHR_MERGE:          0
cpu1->cpu1_ITLB TRANSLATION  ACCESS:          0 HIT:          0 MISS:          0 MSHR_MERGE:          0
cpu1->cpu1_ITLB PREFETCH REQUESTED:          0 ISSUED:          0 USEFUL:          0 USELESS:          0
cpu1->cpu1_ITLB AVERAGE MISS LATENCY: - cycles
cpu1->cpu1_DTLB TOTAL        ACCESS:   11655425 HIT:   11655425 MISS:          0 MSHR_MERGE:          0
cpu1->cpu1_DTLB LOAD         ACCESS:   11655425 HIT:   11655425 MISS:          0 MSHR_MERGE:          0
cpu1->cpu1_DTLB RFO          ACCESS:          0 HIT:          0 MISS:          0 MSHR_MERGE:          0
cpu1->cpu1_DTLB PREFETCH     ACCESS:          0 HIT:          0 MISS:          0 MSHR_MERGE:          0
cpu1->cpu1_DTLB WRITE        ACCESS:          0 HIT:          0 MISS:          0 MSHR_MERGE:          0
cpu1->cpu1_DTLB TRANSLATION  ACCESS:          0 HIT:          0 MISS:          0 MSHR_MERGE:          0
cpu1->cpu1_DTLB PREFETCH REQUESTED:          0 ISSUED:          0 USEFUL:          0 USELESS:          0
cpu1->cpu1_DTLB AVERAGE MISS LATENCY: - cycles
cpu0->cpu0_L2C TOTAL        ACCESS:       6418 HIT:       6409 MISS:          9 MSHR_MERGE:          0
cpu0->cpu0_L2C LOAD         ACCESS:       6418 HIT:       6409 MISS:          9 MSHR_MERGE:          0
cpu0->cpu0_L2C RFO          ACCESS:          0 HIT:          0 MISS:          0 MSHR_MERGE:          0
cpu0->cpu0_L2C PREFETCH     ACCESS:          0 HIT:          0 MISS:          0 MSHR_MERGE:          0
cpu0->cpu0_L2C WRITE        ACCESS:          0 HIT:          0 MISS:          0 MSHR_MERGE:          0
cpu0->cpu0_L2C TRANSLATION  ACCESS:          0 HIT:          0 MISS:          0 MSHR_MERGE:          0
cpu0->cpu0_L2C PREFETCH REQUESTED:          0 ISSUED:          0 USEFUL:          0 USELESS:          0
cpu0->cpu0_L2C AVERAGE MISS LATENCY: 199.8 cycles
cpu0->cpu0_L1I TOTAL        ACCESS:    9183420 HIT:    9169843 MISS:      13577 MSHR_MERGE:       7161
cpu0->cpu0_L1I LOAD         ACCESS:    9183420 HIT:    9169843 MISS:      13577 MSHR_MERGE:       7161
cpu0->cpu0_L1I RFO          ACCESS:          0 HIT:          0 MISS:          0 MSHR_MERGE:          0
cpu0->cpu0_L1I PREFETCH     ACCESS:          0 HIT:          0 MISS:          0 MSHR_MERGE:          0
cpu0->cpu0_L1I WRITE        ACCESS:          0 HIT:          0 MISS:          0 MSHR_MERGE:          0
cpu0->cpu0_L1I TRANSLATION  ACCESS:          0 HIT:          0 MISS:          0 MSHR_MERGE:          0
cpu0->cpu0_L1I PREFETCH REQUESTED:          0 ISSUED:          0 USEFUL:          0 USELESS:          0
cpu0->cpu0_L1I AVERAGE MISS LATENCY: 7.246 cycles
cpu0->cpu0_L1D TOTAL        ACCESS:   13543208 HIT:   13543206 MISS:          2 MSHR_MERGE:          0
cpu0->cpu0_L1D LOAD         ACCESS:    5820810 HIT:    5820808 MISS:          2 MSHR_MERGE:          0
cpu0->cpu0_L1D RFO          ACCESS:          0 HIT:          0 MISS:          0 MSHR_MERGE:          0
cpu0->cpu0_L1D PREFETCH     ACCESS:          0 HIT:          0 MISS:          0 MSHR_MERGE:          0
cpu0->cpu0_L1D WRITE        ACCESS:    7722398 HIT:    7722398 MISS:          0 MSHR_MERGE:          0
cpu0->cpu0_L1D TRANSLATION  ACCESS:          0 HIT:          0 MISS:          0 MSHR_MERGE:          0
cpu0->cpu0_L1D PREFETCH REQUESTED:          0 ISSUED:          0 USEFUL:          0 USELESS:          0
cpu0->cpu0_L1D AVERAGE MISS LATENCY: 212 cycles
cpu0->cpu0_ITLB TOTAL        ACCESS:    7578038 HIT:    7578038 MISS:          0 MSHR_MERGE:          0
cpu0->cpu0_ITLB LOAD         ACCESS:    7578038 HIT:    7578038 MISS:          0 MSHR_MERGE:          0
cpu0->cpu0_ITLB RFO          ACCESS:          0 HIT:          0 MISS:          0 MSHR_MERGE:          0
cpu0->cpu0_ITLB PREFETCH     ACCESS:          0 HIT:          0 MISS:          0 MSHR_MERGE:          0
cpu0->cpu0_ITLB WRITE        ACCESS:          0 HIT:          0 MISS:          0 MSHR_MERGE:          0
cpu0->cpu0_ITLB TRANSLATION  ACCESS:          0 HIT:          0 MISS:          0 MSHR_MERGE:          0
cpu0->cpu0_ITLB PREFETCH REQUESTED:          0 ISSUED:          0 USEFUL:          0 USELESS:          0
cpu0->cpu0_ITLB AVERAGE MISS LATENCY: - cycles
cpu0->cpu0_DTLB TOTAL        ACCESS:   11700732 HIT:   11700732 MISS:          0 MSHR_MERGE:          0
cpu0->cpu0_DTLB LOAD         ACCESS:   11700732 HIT:   11700732 MISS:          0 MSHR_MERGE:          0
cpu0->cpu0_DTLB RFO          ACCESS:          0 HIT:          0 MISS:          0 MSHR_MERGE:          0
cpu0->cpu0_DTLB PREFETCH     ACCESS:          0 HIT:          0 MISS:          0 MSHR_MERGE:          0
cpu0->cpu0_DTLB WRITE        ACCESS:          0 HIT:          0 MISS:          0 MSHR_MERGE:          0
cpu0->cpu0_DTLB TRANSLATION  ACCESS:          0 HIT:          0 MISS:          0 MSHR_MERGE:          0
cpu0->cpu0_DTLB PREFETCH REQUESTED:          0 ISSUED:          0 USEFUL:          0 USELESS:          0
cpu0->cpu0_DTLB AVERAGE MISS LATENCY: - cycles
cpu0->LLC TOTAL        ACCESS:          9 HIT:          0 MISS:          9 MSHR_MERGE:          0
cpu0->LLC LOAD         ACCESS:          9 HIT:          0 MISS:          9 MSHR_MERGE:          0
cpu0->LLC RFO          ACCESS:          0 HIT:          0 MISS:          0 MSHR_MERGE:          0
cpu0->LLC PREFETCH     ACCESS:          0 HIT:          0 MISS:          0 MSHR_MERGE:          0
cpu0->LLC WRITE        ACCESS:          0 HIT:          0 MISS:          0 MSHR_MERGE:          0
cpu0->LLC TRANSLATION  ACCESS:          0 HIT:          0 MISS:          0 MSHR_MERGE:          0
cpu0->LLC PREFETCH REQUESTED:          0 ISSUED:          0 USEFUL:          0 USELESS:          0
cpu0->LLC AVERAGE MISS LATENCY: 1459 cycles
cpu1->LLC TOTAL        ACCESS:          9 HIT:          0 MISS:          9 MSHR_MERGE:          0
cpu1->LLC LOAD         ACCESS:          9 HIT:          0 MISS:          9 MSHR_MERGE:          0
cpu1->LLC RFO          ACCESS:          0 HIT:          0 MISS:          0 MSHR_MERGE:          0
cpu1->LLC PREFETCH     ACCESS:          0 HIT:          0 MISS:          0 MSHR_MERGE:          0
cpu1->LLC WRITE        ACCESS:          0 HIT:          0 MISS:          0 MSHR_MERGE:          0
cpu1->LLC TRANSLATION  ACCESS:          0 HIT:          0 MISS:          0 MSHR_MERGE:          0
cpu1->LLC PREFETCH REQUESTED:          0 ISSUED:          0 USEFUL:          0 USELESS:          0
cpu1->LLC AVERAGE MISS LATENCY: 1459 cycles
cpu2->LLC TOTAL        ACCESS:          9 HIT:          0 MISS:          9 MSHR_MERGE:          0
cpu2->LLC LOAD         ACCESS:          9 HIT:          0 MISS:          9 MSHR_MERGE:          0
cpu2->LLC RFO          ACCESS:          0 HIT:          0 MISS:          0 MSHR_MERGE:          0
cpu2->LLC PREFETCH     ACCESS:          0 HIT:          0 MISS:          0 MSHR_MERGE:          0
cpu2->LLC WRITE        ACCESS:          0 HIT:          0 MISS:          0 MSHR_MERGE:          0
cpu2->LLC TRANSLATION  ACCESS:          0 HIT:          0 MISS:          0 MSHR_MERGE:          0
cpu2->LLC PREFETCH REQUESTED:          0 ISSUED:          0 USEFUL:          0 USELESS:          0
cpu2->LLC AVERAGE MISS LATENCY: 1459 cycles
cpu3->LLC TOTAL        ACCESS:          9 HIT:          0 MISS:          9 MSHR_MERGE:          0
cpu3->LLC LOAD         ACCESS:          9 HIT:          0 MISS:          9 MSHR_MERGE:          0
cpu3->LLC RFO          ACCESS:          0 HIT:          0 MISS:          0 MSHR_MERGE:          0
cpu3->LLC PREFETCH     ACCESS:          0 HIT:          0 MISS:          0 MSHR_MERGE:          0
cpu3->LLC WRITE        ACCESS:          0 HIT:          0 MISS:          0 MSHR_MERGE:          0
cpu3->LLC TRANSLATION  ACCESS:          0 HIT:          0 MISS:          0 MSHR_MERGE:          0
cpu3->LLC PREFETCH REQUESTED:          0 ISSUED:          0 USEFUL:          0 USELESS:          0
cpu3->LLC AVERAGE MISS LATENCY: 1459 cycles
cpu4->LLC TOTAL        ACCESS:          9 HIT:          0 MISS:          9 MSHR_MERGE:          0
cpu4->LLC LOAD         ACCESS:          9 HIT:          0 MISS:          9 MSHR_MERGE:          0
cpu4->LLC RFO          ACCESS:          0 HIT:          0 MISS:          0 MSHR_MERGE:          0
cpu4->LLC PREFETCH     ACCESS:          0 HIT:          0 MISS:          0 MSHR_MERGE:          0
cpu4->LLC WRITE        ACCESS:          0 HIT:          0 MISS:          0 MSHR_MERGE:          0
cpu4->LLC TRANSLATION  ACCESS:          0 HIT:          0 MISS:          0 MSHR_MERGE:          0
cpu4->LLC PREFETCH REQUESTED:          0 ISSUED:          0 USEFUL:          0 USELESS:          0
cpu4->LLC AVERAGE MISS LATENCY: 1459 cycles
cpu5->LLC TOTAL        ACCESS:          9 HIT:          0 MISS:          9 MSHR_MERGE:          0
cpu5->LLC LOAD         ACCESS:          9 HIT:          0 MISS:          9 MSHR_MERGE:          0
cpu5->LLC RFO          ACCESS:          0 HIT:          0 MISS:          0 MSHR_MERGE:          0
cpu5->LLC PREFETCH     ACCESS:          0 HIT:          0 MISS:          0 MSHR_MERGE:          0
cpu5->LLC WRITE        ACCESS:          0 HIT:          0 MISS:          0 MSHR_MERGE:          0
cpu5->LLC TRANSLATION  ACCESS:          0 HIT:          0 MISS:          0 MSHR_MERGE:          0
cpu5->LLC PREFETCH REQUESTED:          0 ISSUED:          0 USEFUL:          0 USELESS:          0
cpu5->LLC AVERAGE MISS LATENCY: 1459 cycles
cpu6->LLC TOTAL        ACCESS:          9 HIT:          0 MISS:          9 MSHR_MERGE:          0
cpu6->LLC LOAD         ACCESS:          9 HIT:          0 MISS:          9 MSHR_MERGE:          0
cpu6->LLC RFO          ACCESS:          0 HIT:          0 MISS:          0 MSHR_MERGE:          0
cpu6->LLC PREFETCH     ACCESS:          0 HIT:          0 MISS:          0 MSHR_MERGE:          0
cpu6->LLC WRITE        ACCESS:          0 HIT:          0 MISS:          0 MSHR_MERGE:          0
cpu6->LLC TRANSLATION  ACCESS:          0 HIT:          0 MISS:          0 MSHR_MERGE:          0
cpu6->LLC PREFETCH REQUESTED:          0 ISSUED:          0 USEFUL:          0 USELESS:          0
cpu6->LLC AVERAGE MISS LATENCY: 1459 cycles
cpu7->LLC TOTAL        ACCESS:          9 HIT:          0 MISS:          9 MSHR_MERGE:          0
cpu7->LLC LOAD         ACCESS:          9 HIT:          0 MISS:          9 MSHR_MERGE:          0
cpu7->LLC RFO          ACCESS:          0 HIT:          0 MISS:          0 MSHR_MERGE:          0
cpu7->LLC PREFETCH     ACCESS:          0 HIT:          0 MISS:          0 MSHR_MERGE:          0
cpu7->LLC WRITE        ACCESS:          0 HIT:          0 MISS:          0 MSHR_MERGE:          0
cpu7->LLC TRANSLATION  ACCESS:          0 HIT:          0 MISS:          0 MSHR_MERGE:          0
cpu7->LLC PREFETCH REQUESTED:          0 ISSUED:          0 USEFUL:          0 USELESS:          0
cpu7->LLC AVERAGE MISS LATENCY: 1459 cycles

DRAM Statistics

Channel 0 READ REQS:         48	WRITE REQS:          0
  READS:         48	READ_HITS:          0
  WRITES:          0	WRITE HITS:          0
  ACTIVATES:         48	PRECHARGES:         23
  RQ FULL:          0	WQ FULL:          0
  WRITE DRAINS:          0	FORCED:          0
  MEAN WRITE IMBALANCE: nan       
  READ OCCU PRE DRAIN: nan       	POST DRAIN: nan       
  MEAN WLP: nan       
  READ LATENCY:    44.4375

Channel 1 READ REQS:         24	WRITE REQS:          0
  READS:         24	READ_HITS:          0
  WRITES:          0	WRITE HITS:          0
  ACTIVATES:         24	PRECHARGES:          5
  RQ FULL:          0	WQ FULL:          0
  WRITE DRAINS:          0	FORCED:          0
  MEAN WRITE IMBALANCE: nan       
  READ OCCU PRE DRAIN: nan       	POST DRAIN: nan       
  MEAN WLP: nan       
  READ LATENCY: 39.333333333333336
WCACHE NON LRU EVICTS: 0	TOTAL EVICTS: 1	EAGER WB: 0
