[VMEM] WARNING: physical memory size is smaller than virtual memory size.
dram page policy: is open = 1	is close = 0	is soft close = 0	cmd arg = 0

*** ChampSim Multicore Out-of-Order Simulator ***
Warmup Instructions: 25000000
Simulation Instructions: 50000000
Number of CPUs: 8
Page size: 2097152

CL :	 16.64 ns
CWL :	 15.808 ns
tRP :	 16.224 ns
tRCD :	 16.224 ns
tRAS :	 32.032000000000004 ns
tRTP :	 7.904 ns
tWR :	 30.368000000000002 ns

tCCD_S :	 3.3280000000000003 ns
tCCD_S_WR :	 3.3280000000000003 ns
tCCD_S_WTR :	 22.048000000000002 ns
tCCD_L :	 5.408 ns
tCCD_L_WR :	 20.384 ns
tCCD_L_WTR :	 29.536 ns
tRRD_S :	 3.3280000000000003 ns
tRRD_L :	 5.408 ns
tFAW :	 13.728 ns
Address mapping (perm = 1) 	ch co bg bg bg ba ba co co co co co co ro ro ro ro ro ro ro ro ro ro ro ro ro ro ro 
dram queue size: R = 64 W = 48 (low:high is 9:39)
max lookup for evict 0	evict = 16, eager = 16
Heartbeat CPU 0 instructions: 10000000 cycles: 2519606 heartbeat IPC: 3.969 cumulative IPC: 3.969 (Simulation time: 00 hr 13 min 32 sec)
Heartbeat CPU 1 instructions: 10000000 cycles: 2519856 heartbeat IPC: 3.968 cumulative IPC: 3.968 (Simulation time: 00 hr 13 min 32 sec)
Heartbeat CPU 2 instructions: 10000000 cycles: 2519960 heartbeat IPC: 3.968 cumulative IPC: 3.968 (Simulation time: 00 hr 13 min 32 sec)
Heartbeat CPU 3 instructions: 10000000 cycles: 2519985 heartbeat IPC: 3.968 cumulative IPC: 3.968 (Simulation time: 00 hr 13 min 32 sec)
Heartbeat CPU 5 instructions: 10000000 cycles: 2520118 heartbeat IPC: 3.968 cumulative IPC: 3.968 (Simulation time: 00 hr 13 min 32 sec)
Heartbeat CPU 6 instructions: 10000000 cycles: 2520153 heartbeat IPC: 3.968 cumulative IPC: 3.968 (Simulation time: 00 hr 13 min 32 sec)
Heartbeat CPU 4 instructions: 10000000 cycles: 2520178 heartbeat IPC: 3.968 cumulative IPC: 3.968 (Simulation time: 00 hr 13 min 32 sec)
Heartbeat CPU 7 instructions: 10000000 cycles: 2520214 heartbeat IPC: 3.968 cumulative IPC: 3.968 (Simulation time: 00 hr 13 min 32 sec)
Heartbeat CPU 0 instructions: 20000000 cycles: 5033412 heartbeat IPC: 3.978 cumulative IPC: 3.973 (Simulation time: 00 hr 27 min 09 sec)
Heartbeat CPU 3 instructions: 20000000 cycles: 5033791 heartbeat IPC: 3.978 cumulative IPC: 3.973 (Simulation time: 00 hr 27 min 09 sec)
Heartbeat CPU 1 instructions: 20000003 cycles: 5033799 heartbeat IPC: 3.978 cumulative IPC: 3.973 (Simulation time: 00 hr 27 min 09 sec)
Heartbeat CPU 5 instructions: 20000000 cycles: 5033922 heartbeat IPC: 3.978 cumulative IPC: 3.973 (Simulation time: 00 hr 27 min 09 sec)
Heartbeat CPU 6 instructions: 20000000 cycles: 5033965 heartbeat IPC: 3.978 cumulative IPC: 3.973 (Simulation time: 00 hr 27 min 09 sec)
Heartbeat CPU 7 instructions: 20000003 cycles: 5034034 heartbeat IPC: 3.978 cumulative IPC: 3.973 (Simulation time: 00 hr 27 min 09 sec)
Heartbeat CPU 4 instructions: 20000003 cycles: 5034215 heartbeat IPC: 3.978 cumulative IPC: 3.973 (Simulation time: 00 hr 27 min 09 sec)
Heartbeat CPU 2 instructions: 20000003 cycles: 5034467 heartbeat IPC: 3.977 cumulative IPC: 3.973 (Simulation time: 00 hr 27 min 09 sec)
Warmup finished CPU 0 instructions: 25000004 cycles: 6291313 cumulative IPC: 3.974 (Simulation time: 00 hr 33 min 45 sec)
Warmup finished CPU 3 instructions: 25000004 cycles: 6291692 cumulative IPC: 3.973 (Simulation time: 00 hr 33 min 45 sec)
Warmup finished CPU 1 instructions: 25000002 cycles: 6291735 cumulative IPC: 3.973 (Simulation time: 00 hr 33 min 45 sec)
Warmup finished CPU 6 instructions: 25000004 cycles: 6291867 cumulative IPC: 3.973 (Simulation time: 00 hr 33 min 45 sec)
Warmup finished CPU 5 instructions: 25000003 cycles: 6291874 cumulative IPC: 3.973 (Simulation time: 00 hr 33 min 45 sec)
Warmup finished CPU 7 instructions: 25000003 cycles: 6291930 cumulative IPC: 3.973 (Simulation time: 00 hr 33 min 45 sec)
Warmup finished CPU 4 instructions: 25000002 cycles: 6292151 cumulative IPC: 3.973 (Simulation time: 00 hr 33 min 45 sec)
Warmup finished CPU 2 instructions: 25000004 cycles: 6292381 cumulative IPC: 3.973 (Simulation time: 00 hr 33 min 45 sec)
Warmup complete CPU 7 instructions: 25001825 cycles: 6292381 cumulative IPC: 3.973 (Simulation time: 00 hr 33 min 45 sec)
Warmup complete CPU 6 instructions: 25002073 cycles: 6292381 cumulative IPC: 3.973 (Simulation time: 00 hr 33 min 45 sec)
Warmup complete CPU 5 instructions: 25002090 cycles: 6292381 cumulative IPC: 3.973 (Simulation time: 00 hr 33 min 45 sec)
Warmup complete CPU 4 instructions: 25000947 cycles: 6292381 cumulative IPC: 3.973 (Simulation time: 00 hr 33 min 45 sec)
Warmup complete CPU 3 instructions: 25002773 cycles: 6292381 cumulative IPC: 3.973 (Simulation time: 00 hr 33 min 45 sec)
Warmup complete CPU 2 instructions: 25000004 cycles: 6292381 cumulative IPC: 3.973 (Simulation time: 00 hr 33 min 45 sec)
Warmup complete CPU 1 instructions: 25002611 cycles: 6292381 cumulative IPC: 3.973 (Simulation time: 00 hr 33 min 45 sec)
Warmup complete CPU 0 instructions: 25004289 cycles: 6292381 cumulative IPC: 3.974 (Simulation time: 00 hr 33 min 45 sec)
Heartbeat CPU 0 instructions: 30000002 cycles: 8037004 heartbeat IPC: 3.329 cumulative IPC: 2.863 (Simulation time: 00 hr 41 min 47 sec)
Heartbeat CPU 3 instructions: 30000002 cycles: 8037471 heartbeat IPC: 3.329 cumulative IPC: 2.864 (Simulation time: 00 hr 41 min 47 sec)
Heartbeat CPU 6 instructions: 30000002 cycles: 8037914 heartbeat IPC: 3.329 cumulative IPC: 2.863 (Simulation time: 00 hr 41 min 47 sec)
Heartbeat CPU 4 instructions: 30000007 cycles: 8038838 heartbeat IPC: 3.328 cumulative IPC: 2.862 (Simulation time: 00 hr 41 min 47 sec)
Heartbeat CPU 7 instructions: 30000007 cycles: 8039120 heartbeat IPC: 3.328 cumulative IPC: 2.861 (Simulation time: 00 hr 41 min 47 sec)
Heartbeat CPU 2 instructions: 30000007 cycles: 8039465 heartbeat IPC: 3.328 cumulative IPC: 2.862 (Simulation time: 00 hr 41 min 48 sec)
Heartbeat CPU 5 instructions: 30000002 cycles: 8040114 heartbeat IPC: 3.326 cumulative IPC: 2.86 (Simulation time: 00 hr 41 min 48 sec)
Heartbeat CPU 1 instructions: 30000007 cycles: 8040744 heartbeat IPC: 3.326 cumulative IPC: 2.858 (Simulation time: 00 hr 41 min 48 sec)
Heartbeat CPU 0 instructions: 40000005 cycles: 11547601 heartbeat IPC: 2.849 cumulative IPC: 2.853 (Simulation time: 00 hr 58 min 23 sec)
Heartbeat CPU 6 instructions: 40000005 cycles: 11547856 heartbeat IPC: 2.849 cumulative IPC: 2.854 (Simulation time: 00 hr 58 min 23 sec)
Heartbeat CPU 3 instructions: 40000005 cycles: 11547910 heartbeat IPC: 2.849 cumulative IPC: 2.854 (Simulation time: 00 hr 58 min 23 sec)
Heartbeat CPU 4 instructions: 40000010 cycles: 11550767 heartbeat IPC: 2.847 cumulative IPC: 2.852 (Simulation time: 00 hr 58 min 24 sec)
Heartbeat CPU 2 instructions: 40000010 cycles: 11551133 heartbeat IPC: 2.848 cumulative IPC: 2.852 (Simulation time: 00 hr 58 min 24 sec)
Heartbeat CPU 7 instructions: 40000010 cycles: 11551443 heartbeat IPC: 2.847 cumulative IPC: 2.852 (Simulation time: 00 hr 58 min 24 sec)
Heartbeat CPU 5 instructions: 40000005 cycles: 11551594 heartbeat IPC: 2.848 cumulative IPC: 2.852 (Simulation time: 00 hr 58 min 24 sec)
Heartbeat CPU 1 instructions: 40000010 cycles: 11556282 heartbeat IPC: 2.845 cumulative IPC: 2.849 (Simulation time: 00 hr 58 min 25 sec)
Heartbeat CPU 6 instructions: 50000007 cycles: 15054703 heartbeat IPC: 2.852 cumulative IPC: 2.853 (Simulation time: 01 hr 15 min 17 sec)
Heartbeat CPU 3 instructions: 50000007 cycles: 15054716 heartbeat IPC: 2.852 cumulative IPC: 2.853 (Simulation time: 01 hr 15 min 17 sec)
Heartbeat CPU 0 instructions: 50000007 cycles: 15055006 heartbeat IPC: 2.851 cumulative IPC: 2.853 (Simulation time: 01 hr 15 min 17 sec)
Heartbeat CPU 4 instructions: 50000010 cycles: 15058824 heartbeat IPC: 2.851 cumulative IPC: 2.852 (Simulation time: 01 hr 15 min 19 sec)
Heartbeat CPU 2 instructions: 50000010 cycles: 15059253 heartbeat IPC: 2.851 cumulative IPC: 2.852 (Simulation time: 01 hr 15 min 19 sec)
Heartbeat CPU 5 instructions: 50000005 cycles: 15060816 heartbeat IPC: 2.85 cumulative IPC: 2.851 (Simulation time: 01 hr 15 min 19 sec)
Heartbeat CPU 7 instructions: 50000012 cycles: 15061195 heartbeat IPC: 2.849 cumulative IPC: 2.851 (Simulation time: 01 hr 15 min 19 sec)
Heartbeat CPU 1 instructions: 50000010 cycles: 15068614 heartbeat IPC: 2.847 cumulative IPC: 2.848 (Simulation time: 01 hr 15 min 21 sec)
Heartbeat CPU 6 instructions: 60000009 cycles: 18539902 heartbeat IPC: 2.869 cumulative IPC: 2.858 (Simulation time: 01 hr 32 min 08 sec)
Heartbeat CPU 0 instructions: 60000009 cycles: 18540810 heartbeat IPC: 2.869 cumulative IPC: 2.857 (Simulation time: 01 hr 32 min 08 sec)
Heartbeat CPU 3 instructions: 60000009 cycles: 18541097 heartbeat IPC: 2.868 cumulative IPC: 2.857 (Simulation time: 01 hr 32 min 08 sec)
Heartbeat CPU 4 instructions: 60000013 cycles: 18546028 heartbeat IPC: 2.868 cumulative IPC: 2.856 (Simulation time: 01 hr 32 min 10 sec)
Heartbeat CPU 2 instructions: 60000013 cycles: 18546502 heartbeat IPC: 2.868 cumulative IPC: 2.856 (Simulation time: 01 hr 32 min 10 sec)
Heartbeat CPU 5 instructions: 60000009 cycles: 18548192 heartbeat IPC: 2.867 cumulative IPC: 2.856 (Simulation time: 01 hr 32 min 10 sec)
Heartbeat CPU 7 instructions: 60000013 cycles: 18550127 heartbeat IPC: 2.866 cumulative IPC: 2.855 (Simulation time: 01 hr 32 min 11 sec)
Heartbeat CPU 1 instructions: 60000013 cycles: 18559582 heartbeat IPC: 2.865 cumulative IPC: 2.853 (Simulation time: 01 hr 32 min 14 sec)
Heartbeat CPU 6 instructions: 70000009 cycles: 22044854 heartbeat IPC: 2.853 cumulative IPC: 2.857 (Simulation time: 01 hr 48 min 59 sec)
Heartbeat CPU 0 instructions: 70000009 cycles: 22046164 heartbeat IPC: 2.853 cumulative IPC: 2.856 (Simulation time: 01 hr 48 min 59 sec)
Heartbeat CPU 3 instructions: 70000009 cycles: 22046537 heartbeat IPC: 2.853 cumulative IPC: 2.856 (Simulation time: 01 hr 48 min 59 sec)
Heartbeat CPU 4 instructions: 70000014 cycles: 22052328 heartbeat IPC: 2.852 cumulative IPC: 2.855 (Simulation time: 01 hr 49 min 01 sec)
Heartbeat CPU 2 instructions: 70000014 cycles: 22052525 heartbeat IPC: 2.852 cumulative IPC: 2.855 (Simulation time: 01 hr 49 min 01 sec)
Heartbeat CPU 5 instructions: 70000009 cycles: 22055561 heartbeat IPC: 2.851 cumulative IPC: 2.855 (Simulation time: 01 hr 49 min 02 sec)
Heartbeat CPU 7 instructions: 70000014 cycles: 22058667 heartbeat IPC: 2.85 cumulative IPC: 2.854 (Simulation time: 01 hr 49 min 03 sec)
Heartbeat CPU 1 instructions: 70000014 cycles: 22070781 heartbeat IPC: 2.848 cumulative IPC: 2.852 (Simulation time: 01 hr 49 min 06 sec)
Simulation finished CPU 6 instructions: 50000002 cycles: 17502211 cumulative IPC: 2.857 (Simulation time: 01 hr 57 min 25 sec)
Simulation finished CPU 3 instructions: 50000002 cycles: 17504338 cumulative IPC: 2.856 (Simulation time: 01 hr 57 min 25 sec)
Simulation finished CPU 0 instructions: 50000003 cycles: 17504660 cumulative IPC: 2.856 (Simulation time: 01 hr 57 min 25 sec)
Simulation finished CPU 4 instructions: 50000002 cycles: 17509634 cumulative IPC: 2.856 (Simulation time: 01 hr 57 min 27 sec)
Simulation finished CPU 2 instructions: 50000003 cycles: 17509940 cumulative IPC: 2.856 (Simulation time: 01 hr 57 min 27 sec)
Simulation finished CPU 5 instructions: 50000000 cycles: 17513569 cumulative IPC: 2.855 (Simulation time: 01 hr 57 min 28 sec)
Simulation finished CPU 7 instructions: 50000000 cycles: 17517385 cumulative IPC: 2.854 (Simulation time: 01 hr 57 min 29 sec)
Simulation finished CPU 1 instructions: 50000002 cycles: 17531511 cumulative IPC: 2.852 (Simulation time: 01 hr 57 min 33 sec)
Simulation complete CPU 7 instructions: 50041694 cycles: 17531511 cumulative IPC: 2.854 (Simulation time: 01 hr 57 min 33 sec)
Simulation complete CPU 6 instructions: 50086856 cycles: 17531511 cumulative IPC: 2.857 (Simulation time: 01 hr 57 min 33 sec)
Simulation complete CPU 5 instructions: 50052970 cycles: 17531511 cumulative IPC: 2.855 (Simulation time: 01 hr 57 min 33 sec)
Simulation complete CPU 4 instructions: 50064602 cycles: 17531511 cumulative IPC: 2.856 (Simulation time: 01 hr 57 min 33 sec)
Simulation complete CPU 3 instructions: 50080313 cycles: 17531511 cumulative IPC: 2.857 (Simulation time: 01 hr 57 min 33 sec)
Simulation complete CPU 2 instructions: 50063907 cycles: 17531511 cumulative IPC: 2.856 (Simulation time: 01 hr 57 min 33 sec)
Simulation complete CPU 1 instructions: 50000002 cycles: 17531511 cumulative IPC: 2.852 (Simulation time: 01 hr 57 min 33 sec)
Simulation complete CPU 0 instructions: 50079386 cycles: 17531511 cumulative IPC: 2.857 (Simulation time: 01 hr 57 min 33 sec)

ChampSim completed all CPUs

=== Simulation ===
CPU 0 runs ../frost/TRACES/ctf/spec2017/641.leela_s-1052B.champsimtrace.xz
CPU 1 runs ../frost/TRACES/ctf/spec2017/641.leela_s-1052B.champsimtrace.xz
CPU 2 runs ../frost/TRACES/ctf/spec2017/641.leela_s-1052B.champsimtrace.xz
CPU 3 runs ../frost/TRACES/ctf/spec2017/641.leela_s-1052B.champsimtrace.xz
CPU 4 runs ../frost/TRACES/ctf/spec2017/641.leela_s-1052B.champsimtrace.xz
CPU 5 runs ../frost/TRACES/ctf/spec2017/641.leela_s-1052B.champsimtrace.xz
CPU 6 runs ../frost/TRACES/ctf/spec2017/641.leela_s-1052B.champsimtrace.xz
CPU 7 runs ../frost/TRACES/ctf/spec2017/641.leela_s-1052B.champsimtrace.xz

Total Simulation Statistics (not including warmup)

CPU 7 cumulative IPC: 2.854 instructions: 50041694 cycles: 17531511
CPU 7 Branch Prediction Accuracy: 100% MPKI: 0 Average ROB Occupancy at Mispredict: -
Branch type MPKI
BRANCH_DIRECT_JUMP: 0
BRANCH_INDIRECT: 0
BRANCH_CONDITIONAL: 0
BRANCH_DIRECT_CALL: 0
BRANCH_INDIRECT_CALL: 0
BRANCH_RETURN: 0


CPU 6 cumulative IPC: 2.857 instructions: 50086856 cycles: 17531511
CPU 6 Branch Prediction Accuracy: 100% MPKI: 0 Average ROB Occupancy at Mispredict: -
Branch type MPKI
BRANCH_DIRECT_JUMP: 0
BRANCH_INDIRECT: 0
BRANCH_CONDITIONAL: 0
BRANCH_DIRECT_CALL: 0
BRANCH_INDIRECT_CALL: 0
BRANCH_RETURN: 0


CPU 5 cumulative IPC: 2.855 instructions: 50052970 cycles: 17531511
CPU 5 Branch Prediction Accuracy: 100% MPKI: 0 Average ROB Occupancy at Mispredict: -
Branch type MPKI
BRANCH_DIRECT_JUMP: 0
BRANCH_INDIRECT: 0
BRANCH_CONDITIONAL: 0
BRANCH_DIRECT_CALL: 0
BRANCH_INDIRECT_CALL: 0
BRANCH_RETURN: 0


CPU 4 cumulative IPC: 2.856 instructions: 50064602 cycles: 17531511
CPU 4 Branch Prediction Accuracy: 100% MPKI: 0 Average ROB Occupancy at Mispredict: -
Branch type MPKI
BRANCH_DIRECT_JUMP: 0
BRANCH_INDIRECT: 0
BRANCH_CONDITIONAL: 0
BRANCH_DIRECT_CALL: 0
BRANCH_INDIRECT_CALL: 0
BRANCH_RETURN: 0


CPU 3 cumulative IPC: 2.857 instructions: 50080313 cycles: 17531511
CPU 3 Branch Prediction Accuracy: 100% MPKI: 0 Average ROB Occupancy at Mispredict: -
Branch type MPKI
BRANCH_DIRECT_JUMP: 0
BRANCH_INDIRECT: 0
BRANCH_CONDITIONAL: 0
BRANCH_DIRECT_CALL: 0
BRANCH_INDIRECT_CALL: 0
BRANCH_RETURN: 0


CPU 2 cumulative IPC: 2.856 instructions: 50063907 cycles: 17531511
CPU 2 Branch Prediction Accuracy: 100% MPKI: 0 Average ROB Occupancy at Mispredict: -
Branch type MPKI
BRANCH_DIRECT_JUMP: 0
BRANCH_INDIRECT: 0
BRANCH_CONDITIONAL: 0
BRANCH_DIRECT_CALL: 0
BRANCH_INDIRECT_CALL: 0
BRANCH_RETURN: 0


CPU 1 cumulative IPC: 2.852 instructions: 50000002 cycles: 17531511
CPU 1 Branch Prediction Accuracy: 100% MPKI: 0 Average ROB Occupancy at Mispredict: -
Branch type MPKI
BRANCH_DIRECT_JUMP: 0
BRANCH_INDIRECT: 0
BRANCH_CONDITIONAL: 0
BRANCH_DIRECT_CALL: 0
BRANCH_INDIRECT_CALL: 0
BRANCH_RETURN: 0


CPU 0 cumulative IPC: 2.857 instructions: 50079386 cycles: 17531511
CPU 0 Branch Prediction Accuracy: 100% MPKI: 0 Average ROB Occupancy at Mispredict: -
Branch type MPKI
BRANCH_DIRECT_JUMP: 0
BRANCH_INDIRECT: 0
BRANCH_CONDITIONAL: 0
BRANCH_DIRECT_CALL: 0
BRANCH_INDIRECT_CALL: 0
BRANCH_RETURN: 0

cpu7->cpu7_L2C TOTAL        ACCESS:     156253 HIT:     155083 MISS:       1170 MSHR_MERGE:          0
cpu7->cpu7_L2C LOAD         ACCESS:     110276 HIT:     109106 MISS:       1170 MSHR_MERGE:          0
cpu7->cpu7_L2C RFO          ACCESS:      16179 HIT:      16179 MISS:          0 MSHR_MERGE:          0
cpu7->cpu7_L2C PREFETCH     ACCESS:          0 HIT:          0 MISS:          0 MSHR_MERGE:          0
cpu7->cpu7_L2C WRITE        ACCESS:      29798 HIT:      29798 MISS:          0 MSHR_MERGE:          0
cpu7->cpu7_L2C TRANSLATION  ACCESS:          0 HIT:          0 MISS:          0 MSHR_MERGE:          0
cpu7->cpu7_L2C PREFETCH REQUESTED:          0 ISSUED:          0 USEFUL:          0 USELESS:          0
cpu7->cpu7_L2C AVERAGE MISS LATENCY: 114.6 cycles
cpu7->cpu7_L1I TOTAL        ACCESS:   10524207 HIT:   10517443 MISS:       6764 MSHR_MERGE:       3355
cpu7->cpu7_L1I LOAD         ACCESS:   10524207 HIT:   10517443 MISS:       6764 MSHR_MERGE:       3355
cpu7->cpu7_L1I RFO          ACCESS:          0 HIT:          0 MISS:          0 MSHR_MERGE:          0
cpu7->cpu7_L1I PREFETCH     ACCESS:          0 HIT:          0 MISS:          0 MSHR_MERGE:          0
cpu7->cpu7_L1I WRITE        ACCESS:          0 HIT:          0 MISS:          0 MSHR_MERGE:          0
cpu7->cpu7_L1I TRANSLATION  ACCESS:          0 HIT:          0 MISS:          0 MSHR_MERGE:          0
cpu7->cpu7_L1I PREFETCH REQUESTED:          0 ISSUED:          0 USEFUL:          0 USELESS:          0
cpu7->cpu7_L1I AVERAGE MISS LATENCY: 7.433 cycles
cpu7->cpu7_L1D TOTAL        ACCESS:   12841858 HIT:   12625620 MISS:     216238 MSHR_MERGE:      93191
cpu7->cpu7_L1D LOAD         ACCESS:    7183410 HIT:    7011926 MISS:     171484 MSHR_MERGE:      64617
cpu7->cpu7_L1D RFO          ACCESS:          0 HIT:          0 MISS:          0 MSHR_MERGE:          0
cpu7->cpu7_L1D PREFETCH     ACCESS:          0 HIT:          0 MISS:          0 MSHR_MERGE:          0
cpu7->cpu7_L1D WRITE        ACCESS:    5658448 HIT:    5613694 MISS:      44754 MSHR_MERGE:      28574
cpu7->cpu7_L1D TRANSLATION  ACCESS:          0 HIT:          0 MISS:          0 MSHR_MERGE:          0
cpu7->cpu7_L1D PREFETCH REQUESTED:          0 ISSUED:          0 USEFUL:          0 USELESS:          0
cpu7->cpu7_L1D AVERAGE MISS LATENCY: 9.112 cycles
cpu7->cpu7_ITLB TOTAL        ACCESS:    9457549 HIT:    9457549 MISS:          0 MSHR_MERGE:          0
cpu7->cpu7_ITLB LOAD         ACCESS:    9457549 HIT:    9457549 MISS:          0 MSHR_MERGE:          0
cpu7->cpu7_ITLB RFO          ACCESS:          0 HIT:          0 MISS:          0 MSHR_MERGE:          0
cpu7->cpu7_ITLB PREFETCH     ACCESS:          0 HIT:          0 MISS:          0 MSHR_MERGE:          0
cpu7->cpu7_ITLB WRITE        ACCESS:          0 HIT:          0 MISS:          0 MSHR_MERGE:          0
cpu7->cpu7_ITLB TRANSLATION  ACCESS:          0 HIT:          0 MISS:          0 MSHR_MERGE:          0
cpu7->cpu7_ITLB PREFETCH REQUESTED:          0 ISSUED:          0 USEFUL:          0 USELESS:          0
cpu7->cpu7_ITLB AVERAGE MISS LATENCY: - cycles
cpu7->cpu7_DTLB TOTAL        ACCESS:   11145300 HIT:   11145300 MISS:          0 MSHR_MERGE:          0
cpu7->cpu7_DTLB LOAD         ACCESS:   11145300 HIT:   11145300 MISS:          0 MSHR_MERGE:          0
cpu7->cpu7_DTLB RFO          ACCESS:          0 HIT:          0 MISS:          0 MSHR_MERGE:          0
cpu7->cpu7_DTLB PREFETCH     ACCESS:          0 HIT:          0 MISS:          0 MSHR_MERGE:          0
cpu7->cpu7_DTLB WRITE        ACCESS:          0 HIT:          0 MISS:          0 MSHR_MERGE:          0
cpu7->cpu7_DTLB TRANSLATION  ACCESS:          0 HIT:          0 MISS:          0 MSHR_MERGE:          0
cpu7->cpu7_DTLB PREFETCH REQUESTED:          0 ISSUED:          0 USEFUL:          0 USELESS:          0
cpu7->cpu7_DTLB AVERAGE MISS LATENCY: - cycles
cpu6->cpu6_L2C TOTAL        ACCESS:     156315 HIT:     155144 MISS:       1171 MSHR_MERGE:          0
cpu6->cpu6_L2C LOAD         ACCESS:     110320 HIT:     109149 MISS:       1171 MSHR_MERGE:          0
cpu6->cpu6_L2C RFO          ACCESS:      16184 HIT:      16184 MISS:          0 MSHR_MERGE:          0
cpu6->cpu6_L2C PREFETCH     ACCESS:          0 HIT:          0 MISS:          0 MSHR_MERGE:          0
cpu6->cpu6_L2C WRITE        ACCESS:      29811 HIT:      29811 MISS:          0 MSHR_MERGE:          0
cpu6->cpu6_L2C TRANSLATION  ACCESS:          0 HIT:          0 MISS:          0 MSHR_MERGE:          0
cpu6->cpu6_L2C PREFETCH REQUESTED:          0 ISSUED:          0 USEFUL:          0 USELESS:          0
cpu6->cpu6_L2C AVERAGE MISS LATENCY: 114.6 cycles
cpu6->cpu6_L1I TOTAL        ACCESS:   10528435 HIT:   10521658 MISS:       6777 MSHR_MERGE:       3368
cpu6->cpu6_L1I LOAD         ACCESS:   10528435 HIT:   10521658 MISS:       6777 MSHR_MERGE:       3368
cpu6->cpu6_L1I RFO          ACCESS:          0 HIT:          0 MISS:          0 MSHR_MERGE:          0
cpu6->cpu6_L1I PREFETCH     ACCESS:          0 HIT:          0 MISS:          0 MSHR_MERGE:          0
cpu6->cpu6_L1I WRITE        ACCESS:          0 HIT:          0 MISS:          0 MSHR_MERGE:          0
cpu6->cpu6_L1I TRANSLATION  ACCESS:          0 HIT:          0 MISS:          0 MSHR_MERGE:          0
cpu6->cpu6_L1I PREFETCH REQUESTED:          0 ISSUED:          0 USEFUL:          0 USELESS:          0
cpu6->cpu6_L1I AVERAGE MISS LATENCY: 7.431 cycles
cpu6->cpu6_L1D TOTAL        ACCESS:   12854931 HIT:   12638496 MISS:     216435 MSHR_MERGE:      93338
cpu6->cpu6_L1D LOAD         ACCESS:    7190776 HIT:    7019157 MISS:     171619 MSHR_MERGE:      64708
cpu6->cpu6_L1D RFO          ACCESS:          0 HIT:          0 MISS:          0 MSHR_MERGE:          0
cpu6->cpu6_L1D PREFETCH     ACCESS:          0 HIT:          0 MISS:          0 MSHR_MERGE:          0
cpu6->cpu6_L1D WRITE        ACCESS:    5664155 HIT:    5619339 MISS:      44816 MSHR_MERGE:      28630
cpu6->cpu6_L1D TRANSLATION  ACCESS:          0 HIT:          0 MISS:          0 MSHR_MERGE:          0
cpu6->cpu6_L1D PREFETCH REQUESTED:          0 ISSUED:          0 USEFUL:          0 USELESS:          0
cpu6->cpu6_L1D AVERAGE MISS LATENCY: 9.113 cycles
cpu6->cpu6_ITLB TOTAL        ACCESS:    9462800 HIT:    9462800 MISS:          0 MSHR_MERGE:          0
cpu6->cpu6_ITLB LOAD         ACCESS:    9462800 HIT:    9462800 MISS:          0 MSHR_MERGE:          0
cpu6->cpu6_ITLB RFO          ACCESS:          0 HIT:          0 MISS:          0 MSHR_MERGE:          0
cpu6->cpu6_ITLB PREFETCH     ACCESS:          0 HIT:          0 MISS:          0 MSHR_MERGE:          0
cpu6->cpu6_ITLB WRITE        ACCESS:          0 HIT:          0 MISS:          0 MSHR_MERGE:          0
cpu6->cpu6_ITLB TRANSLATION  ACCESS:          0 HIT:          0 MISS:          0 MSHR_MERGE:          0
cpu6->cpu6_ITLB PREFETCH REQUESTED:          0 ISSUED:          0 USEFUL:          0 USELESS:          0
cpu6->cpu6_ITLB AVERAGE MISS LATENCY: - cycles
cpu6->cpu6_DTLB TOTAL        ACCESS:   11183357 HIT:   11183357 MISS:          0 MSHR_MERGE:          0
cpu6->cpu6_DTLB LOAD         ACCESS:   11183357 HIT:   11183357 MISS:          0 MSHR_MERGE:          0
cpu6->cpu6_DTLB RFO          ACCESS:          0 HIT:          0 MISS:          0 MSHR_MERGE:          0
cpu6->cpu6_DTLB PREFETCH     ACCESS:          0 HIT:          0 MISS:          0 MSHR_MERGE:          0
cpu6->cpu6_DTLB WRITE        ACCESS:          0 HIT:          0 MISS:          0 MSHR_MERGE:          0
cpu6->cpu6_DTLB TRANSLATION  ACCESS:          0 HIT:          0 MISS:          0 MSHR_MERGE:          0
cpu6->cpu6_DTLB PREFETCH REQUESTED:          0 ISSUED:          0 USEFUL:          0 USELESS:          0
cpu6->cpu6_DTLB AVERAGE MISS LATENCY: - cycles
cpu5->cpu5_L2C TOTAL        ACCESS:     156268 HIT:     155097 MISS:       1171 MSHR_MERGE:          0
cpu5->cpu5_L2C LOAD         ACCESS:     110290 HIT:     109119 MISS:       1171 MSHR_MERGE:          0
cpu5->cpu5_L2C RFO          ACCESS:      16176 HIT:      16176 MISS:          0 MSHR_MERGE:          0
cpu5->cpu5_L2C PREFETCH     ACCESS:          0 HIT:          0 MISS:          0 MSHR_MERGE:          0
cpu5->cpu5_L2C WRITE        ACCESS:      29802 HIT:      29802 MISS:          0 MSHR_MERGE:          0
cpu5->cpu5_L2C TRANSLATION  ACCESS:          0 HIT:          0 MISS:          0 MSHR_MERGE:          0
cpu5->cpu5_L2C PREFETCH REQUESTED:          0 ISSUED:          0 USEFUL:          0 USELESS:          0
cpu5->cpu5_L2C AVERAGE MISS LATENCY: 117.3 cycles
cpu5->cpu5_L1I TOTAL        ACCESS:   10524364 HIT:   10517606 MISS:       6758 MSHR_MERGE:       3350
cpu5->cpu5_L1I LOAD         ACCESS:   10524364 HIT:   10517606 MISS:       6758 MSHR_MERGE:       3350
cpu5->cpu5_L1I RFO          ACCESS:          0 HIT:          0 MISS:          0 MSHR_MERGE:          0
cpu5->cpu5_L1I PREFETCH     ACCESS:          0 HIT:          0 MISS:          0 MSHR_MERGE:          0
cpu5->cpu5_L1I WRITE        ACCESS:          0 HIT:          0 MISS:          0 MSHR_MERGE:          0
cpu5->cpu5_L1I TRANSLATION  ACCESS:          0 HIT:          0 MISS:          0 MSHR_MERGE:          0
cpu5->cpu5_L1I PREFETCH REQUESTED:          0 ISSUED:          0 USEFUL:          0 USELESS:          0
cpu5->cpu5_L1I AVERAGE MISS LATENCY: 7.436 cycles
cpu5->cpu5_L1D TOTAL        ACCESS:   12847989 HIT:   12631667 MISS:     216322 MSHR_MERGE:      93260
cpu5->cpu5_L1D LOAD         ACCESS:    7186958 HIT:    7015446 MISS:     171512 MSHR_MERGE:      64630
cpu5->cpu5_L1D RFO          ACCESS:          0 HIT:          0 MISS:          0 MSHR_MERGE:          0
cpu5->cpu5_L1D PREFETCH     ACCESS:          0 HIT:          0 MISS:          0 MSHR_MERGE:          0
cpu5->cpu5_L1D WRITE        ACCESS:    5661031 HIT:    5616221 MISS:      44810 MSHR_MERGE:      28630
cpu5->cpu5_L1D TRANSLATION  ACCESS:          0 HIT:          0 MISS:          0 MSHR_MERGE:          0
cpu5->cpu5_L1D PREFETCH REQUESTED:          0 ISSUED:          0 USEFUL:          0 USELESS:          0
cpu5->cpu5_L1D AVERAGE MISS LATENCY: 9.133 cycles
cpu5->cpu5_ITLB TOTAL        ACCESS:    9457583 HIT:    9457583 MISS:          0 MSHR_MERGE:          0
cpu5->cpu5_ITLB LOAD         ACCESS:    9457583 HIT:    9457583 MISS:          0 MSHR_MERGE:          0
cpu5->cpu5_ITLB RFO          ACCESS:          0 HIT:          0 MISS:          0 MSHR_MERGE:          0
cpu5->cpu5_ITLB PREFETCH     ACCESS:          0 HIT:          0 MISS:          0 MSHR_MERGE:          0
cpu5->cpu5_ITLB WRITE        ACCESS:          0 HIT:          0 MISS:          0 MSHR_MERGE:          0
cpu5->cpu5_ITLB TRANSLATION  ACCESS:          0 HIT:          0 MISS:          0 MSHR_MERGE:          0
cpu5->cpu5_ITLB PREFETCH REQUESTED:          0 ISSUED:          0 USEFUL:          0 USELESS:          0
cpu5->cpu5_ITLB AVERAGE MISS LATENCY: - cycles
cpu5->cpu5_DTLB TOTAL        ACCESS:   11145628 HIT:   11145628 MISS:          0 MSHR_MERGE:          0
cpu5->cpu5_DTLB LOAD         ACCESS:   11145628 HIT:   11145628 MISS:          0 MSHR_MERGE:          0
cpu5->cpu5_DTLB RFO          ACCESS:          0 HIT:          0 MISS:          0 MSHR_MERGE:          0
cpu5->cpu5_DTLB PREFETCH     ACCESS:          0 HIT:          0 MISS:          0 MSHR_MERGE:          0
cpu5->cpu5_DTLB WRITE        ACCESS:          0 HIT:          0 MISS:          0 MSHR_MERGE:          0
cpu5->cpu5_DTLB TRANSLATION  ACCESS:          0 HIT:          0 MISS:          0 MSHR_MERGE:          0
cpu5->cpu5_DTLB PREFETCH REQUESTED:          0 ISSUED:          0 USEFUL:          0 USELESS:          0
cpu5->cpu5_DTLB AVERAGE MISS LATENCY: - cycles
cpu4->cpu4_L2C TOTAL        ACCESS:     156287 HIT:     155116 MISS:       1171 MSHR_MERGE:          0
cpu4->cpu4_L2C LOAD         ACCESS:     110295 HIT:     109124 MISS:       1171 MSHR_MERGE:          0
cpu4->cpu4_L2C RFO          ACCESS:      16187 HIT:      16187 MISS:          0 MSHR_MERGE:          0
cpu4->cpu4_L2C PREFETCH     ACCESS:          0 HIT:          0 MISS:          0 MSHR_MERGE:          0
cpu4->cpu4_L2C WRITE        ACCESS:      29805 HIT:      29805 MISS:          0 MSHR_MERGE:          0
cpu4->cpu4_L2C TRANSLATION  ACCESS:          0 HIT:          0 MISS:          0 MSHR_MERGE:          0
cpu4->cpu4_L2C PREFETCH REQUESTED:          0 ISSUED:          0 USEFUL:          0 USELESS:          0
cpu4->cpu4_L2C AVERAGE MISS LATENCY: 114.7 cycles
cpu4->cpu4_L1I TOTAL        ACCESS:   10526744 HIT:   10519989 MISS:       6755 MSHR_MERGE:       3347
cpu4->cpu4_L1I LOAD         ACCESS:   10526744 HIT:   10519989 MISS:       6755 MSHR_MERGE:       3347
cpu4->cpu4_L1I RFO          ACCESS:          0 HIT:          0 MISS:          0 MSHR_MERGE:          0
cpu4->cpu4_L1I PREFETCH     ACCESS:          0 HIT:          0 MISS:          0 MSHR_MERGE:          0
cpu4->cpu4_L1I WRITE        ACCESS:          0 HIT:          0 MISS:          0 MSHR_MERGE:          0
cpu4->cpu4_L1I TRANSLATION  ACCESS:          0 HIT:          0 MISS:          0 MSHR_MERGE:          0
cpu4->cpu4_L1I PREFETCH REQUESTED:          0 ISSUED:          0 USEFUL:          0 USELESS:          0
cpu4->cpu4_L1I AVERAGE MISS LATENCY: 7.436 cycles
cpu4->cpu4_L1D TOTAL        ACCESS:   12851600 HIT:   12635082 MISS:     216518 MSHR_MERGE:      93443
cpu4->cpu4_L1D LOAD         ACCESS:    7189158 HIT:    7017471 MISS:     171687 MSHR_MERGE:      64800
cpu4->cpu4_L1D RFO          ACCESS:          0 HIT:          0 MISS:          0 MSHR_MERGE:          0
cpu4->cpu4_L1D PREFETCH     ACCESS:          0 HIT:          0 MISS:          0 MSHR_MERGE:          0
cpu4->cpu4_L1D WRITE        ACCESS:    5662442 HIT:    5617611 MISS:      44831 MSHR_MERGE:      28643
cpu4->cpu4_L1D TRANSLATION  ACCESS:          0 HIT:          0 MISS:          0 MSHR_MERGE:          0
cpu4->cpu4_L1D PREFETCH REQUESTED:          0 ISSUED:          0 USEFUL:          0 USELESS:          0
cpu4->cpu4_L1D AVERAGE MISS LATENCY: 9.109 cycles
cpu4->cpu4_ITLB TOTAL        ACCESS:    9459457 HIT:    9459457 MISS:          0 MSHR_MERGE:          0
cpu4->cpu4_ITLB LOAD         ACCESS:    9459457 HIT:    9459457 MISS:          0 MSHR_MERGE:          0
cpu4->cpu4_ITLB RFO          ACCESS:          0 HIT:          0 MISS:          0 MSHR_MERGE:          0
cpu4->cpu4_ITLB PREFETCH     ACCESS:          0 HIT:          0 MISS:          0 MSHR_MERGE:          0
cpu4->cpu4_ITLB WRITE        ACCESS:          0 HIT:          0 MISS:          0 MSHR_MERGE:          0
cpu4->cpu4_ITLB TRANSLATION  ACCESS:          0 HIT:          0 MISS:          0 MSHR_MERGE:          0
cpu4->cpu4_ITLB PREFETCH REQUESTED:          0 ISSUED:          0 USEFUL:          0 USELESS:          0
cpu4->cpu4_ITLB AVERAGE MISS LATENCY: - cycles
cpu4->cpu4_DTLB TOTAL        ACCESS:   11148017 HIT:   11148017 MISS:          0 MSHR_MERGE:          0
cpu4->cpu4_DTLB LOAD         ACCESS:   11148017 HIT:   11148017 MISS:          0 MSHR_MERGE:          0
cpu4->cpu4_DTLB RFO          ACCESS:          0 HIT:          0 MISS:          0 MSHR_MERGE:          0
cpu4->cpu4_DTLB PREFETCH     ACCESS:          0 HIT:          0 MISS:          0 MSHR_MERGE:          0
cpu4->cpu4_DTLB WRITE        ACCESS:          0 HIT:          0 MISS:          0 MSHR_MERGE:          0
cpu4->cpu4_DTLB TRANSLATION  ACCESS:          0 HIT:          0 MISS:          0 MSHR_MERGE:          0
cpu4->cpu4_DTLB PREFETCH REQUESTED:          0 ISSUED:          0 USEFUL:          0 USELESS:          0
cpu4->cpu4_DTLB AVERAGE MISS LATENCY: - cycles
cpu3->cpu3_L2C TOTAL        ACCESS:     156306 HIT:     155135 MISS:       1171 MSHR_MERGE:          0
cpu3->cpu3_L2C LOAD         ACCESS:     110315 HIT:     109144 MISS:       1171 MSHR_MERGE:          0
cpu3->cpu3_L2C RFO          ACCESS:      16182 HIT:      16182 MISS:          0 MSHR_MERGE:          0
cpu3->cpu3_L2C PREFETCH     ACCESS:          0 HIT:          0 MISS:          0 MSHR_MERGE:          0
cpu3->cpu3_L2C WRITE        ACCESS:      29809 HIT:      29809 MISS:          0 MSHR_MERGE:          0
cpu3->cpu3_L2C TRANSLATION  ACCESS:          0 HIT:          0 MISS:          0 MSHR_MERGE:          0
cpu3->cpu3_L2C PREFETCH REQUESTED:          0 ISSUED:          0 USEFUL:          0 USELESS:          0
cpu3->cpu3_L2C AVERAGE MISS LATENCY: 115.3 cycles
cpu3->cpu3_L1I TOTAL        ACCESS:   10529086 HIT:   10522319 MISS:       6767 MSHR_MERGE:       3360
cpu3->cpu3_L1I LOAD         ACCESS:   10529086 HIT:   10522319 MISS:       6767 MSHR_MERGE:       3360
cpu3->cpu3_L1I RFO          ACCESS:          0 HIT:          0 MISS:          0 MSHR_MERGE:          0
cpu3->cpu3_L1I PREFETCH     ACCESS:          0 HIT:          0 MISS:          0 MSHR_MERGE:          0
cpu3->cpu3_L1I WRITE        ACCESS:          0 HIT:          0 MISS:          0 MSHR_MERGE:          0
cpu3->cpu3_L1I TRANSLATION  ACCESS:          0 HIT:          0 MISS:          0 MSHR_MERGE:          0
cpu3->cpu3_L1I PREFETCH REQUESTED:          0 ISSUED:          0 USEFUL:          0 USELESS:          0
cpu3->cpu3_L1I AVERAGE MISS LATENCY: 7.432 cycles
cpu3->cpu3_L1D TOTAL        ACCESS:   12857167 HIT:   12640743 MISS:     216424 MSHR_MERGE:      93333
cpu3->cpu3_L1D LOAD         ACCESS:    7192565 HIT:    7020964 MISS:     171601 MSHR_MERGE:      64693
cpu3->cpu3_L1D RFO          ACCESS:          0 HIT:          0 MISS:          0 MSHR_MERGE:          0
cpu3->cpu3_L1D PREFETCH     ACCESS:          0 HIT:          0 MISS:          0 MSHR_MERGE:          0
cpu3->cpu3_L1D WRITE        ACCESS:    5664602 HIT:    5619779 MISS:      44823 MSHR_MERGE:      28640
cpu3->cpu3_L1D TRANSLATION  ACCESS:          0 HIT:          0 MISS:          0 MSHR_MERGE:          0
cpu3->cpu3_L1D PREFETCH REQUESTED:          0 ISSUED:          0 USEFUL:          0 USELESS:          0
cpu3->cpu3_L1D AVERAGE MISS LATENCY: 9.12 cycles
cpu3->cpu3_ITLB TOTAL        ACCESS:    9482676 HIT:    9482676 MISS:          0 MSHR_MERGE:          0
cpu3->cpu3_ITLB LOAD         ACCESS:    9482676 HIT:    9482676 MISS:          0 MSHR_MERGE:          0
cpu3->cpu3_ITLB RFO          ACCESS:          0 HIT:          0 MISS:          0 MSHR_MERGE:          0
cpu3->cpu3_ITLB PREFETCH     ACCESS:          0 HIT:          0 MISS:          0 MSHR_MERGE:          0
cpu3->cpu3_ITLB WRITE        ACCESS:          0 HIT:          0 MISS:          0 MSHR_MERGE:          0
cpu3->cpu3_ITLB TRANSLATION  ACCESS:          0 HIT:          0 MISS:          0 MSHR_MERGE:          0
cpu3->cpu3_ITLB PREFETCH REQUESTED:          0 ISSUED:          0 USEFUL:          0 USELESS:          0
cpu3->cpu3_ITLB AVERAGE MISS LATENCY: - cycles
cpu3->cpu3_DTLB TOTAL        ACCESS:   11191256 HIT:   11191256 MISS:          0 MSHR_MERGE:          0
cpu3->cpu3_DTLB LOAD         ACCESS:   11191256 HIT:   11191256 MISS:          0 MSHR_MERGE:          0
cpu3->cpu3_DTLB RFO          ACCESS:          0 HIT:          0 MISS:          0 MSHR_MERGE:          0
cpu3->cpu3_DTLB PREFETCH     ACCESS:          0 HIT:          0 MISS:          0 MSHR_MERGE:          0
cpu3->cpu3_DTLB WRITE        ACCESS:          0 HIT:          0 MISS:          0 MSHR_MERGE:          0
cpu3->cpu3_DTLB TRANSLATION  ACCESS:          0 HIT:          0 MISS:          0 MSHR_MERGE:          0
cpu3->cpu3_DTLB PREFETCH REQUESTED:          0 ISSUED:          0 USEFUL:          0 USELESS:          0
cpu3->cpu3_DTLB AVERAGE MISS LATENCY: - cycles
cpu2->cpu2_L2C TOTAL        ACCESS:     156286 HIT:     155115 MISS:       1171 MSHR_MERGE:          0
cpu2->cpu2_L2C LOAD         ACCESS:     110294 HIT:     109123 MISS:       1171 MSHR_MERGE:          0
cpu2->cpu2_L2C RFO          ACCESS:      16187 HIT:      16187 MISS:          0 MSHR_MERGE:          0
cpu2->cpu2_L2C PREFETCH     ACCESS:          0 HIT:          0 MISS:          0 MSHR_MERGE:          0
cpu2->cpu2_L2C WRITE        ACCESS:      29805 HIT:      29805 MISS:          0 MSHR_MERGE:          0
cpu2->cpu2_L2C TRANSLATION  ACCESS:          0 HIT:          0 MISS:          0 MSHR_MERGE:          0
cpu2->cpu2_L2C PREFETCH REQUESTED:          0 ISSUED:          0 USEFUL:          0 USELESS:          0
cpu2->cpu2_L2C AVERAGE MISS LATENCY: 114.8 cycles
cpu2->cpu2_L1I TOTAL        ACCESS:   10527040 HIT:   10520263 MISS:       6777 MSHR_MERGE:       3368
cpu2->cpu2_L1I LOAD         ACCESS:   10527040 HIT:   10520263 MISS:       6777 MSHR_MERGE:       3368
cpu2->cpu2_L1I RFO          ACCESS:          0 HIT:          0 MISS:          0 MSHR_MERGE:          0
cpu2->cpu2_L1I PREFETCH     ACCESS:          0 HIT:          0 MISS:          0 MSHR_MERGE:          0
cpu2->cpu2_L1I WRITE        ACCESS:          0 HIT:          0 MISS:          0 MSHR_MERGE:          0
cpu2->cpu2_L1I TRANSLATION  ACCESS:          0 HIT:          0 MISS:          0 MSHR_MERGE:          0
cpu2->cpu2_L1I PREFETCH REQUESTED:          0 ISSUED:          0 USEFUL:          0 USELESS:          0
cpu2->cpu2_L1I AVERAGE MISS LATENCY: 7.432 cycles
cpu2->cpu2_L1D TOTAL        ACCESS:   12851090 HIT:   12634817 MISS:     216273 MSHR_MERGE:      93199
cpu2->cpu2_L1D LOAD         ACCESS:    7188864 HIT:    7017371 MISS:     171493 MSHR_MERGE:      64608
cpu2->cpu2_L1D RFO          ACCESS:          0 HIT:          0 MISS:          0 MSHR_MERGE:          0
cpu2->cpu2_L1D PREFETCH     ACCESS:          0 HIT:          0 MISS:          0 MSHR_MERGE:          0
cpu2->cpu2_L1D WRITE        ACCESS:    5662226 HIT:    5617446 MISS:      44780 MSHR_MERGE:      28591
cpu2->cpu2_L1D TRANSLATION  ACCESS:          0 HIT:          0 MISS:          0 MSHR_MERGE:          0
cpu2->cpu2_L1D PREFETCH REQUESTED:          0 ISSUED:          0 USEFUL:          0 USELESS:          0
cpu2->cpu2_L1D AVERAGE MISS LATENCY: 9.115 cycles
cpu2->cpu2_ITLB TOTAL        ACCESS:    9461024 HIT:    9461024 MISS:          0 MSHR_MERGE:          0
cpu2->cpu2_ITLB LOAD         ACCESS:    9461024 HIT:    9461024 MISS:          0 MSHR_MERGE:          0
cpu2->cpu2_ITLB RFO          ACCESS:          0 HIT:          0 MISS:          0 MSHR_MERGE:          0
cpu2->cpu2_ITLB PREFETCH     ACCESS:          0 HIT:          0 MISS:          0 MSHR_MERGE:          0
cpu2->cpu2_ITLB WRITE        ACCESS:          0 HIT:          0 MISS:          0 MSHR_MERGE:          0
cpu2->cpu2_ITLB TRANSLATION  ACCESS:          0 HIT:          0 MISS:          0 MSHR_MERGE:          0
cpu2->cpu2_ITLB PREFETCH REQUESTED:          0 ISSUED:          0 USEFUL:          0 USELESS:          0
cpu2->cpu2_ITLB AVERAGE MISS LATENCY: - cycles
cpu2->cpu2_DTLB TOTAL        ACCESS:   11146927 HIT:   11146927 MISS:          0 MSHR_MERGE:          0
cpu2->cpu2_DTLB LOAD         ACCESS:   11146927 HIT:   11146927 MISS:          0 MSHR_MERGE:          0
cpu2->cpu2_DTLB RFO          ACCESS:          0 HIT:          0 MISS:          0 MSHR_MERGE:          0
cpu2->cpu2_DTLB PREFETCH     ACCESS:          0 HIT:          0 MISS:          0 MSHR_MERGE:          0
cpu2->cpu2_DTLB WRITE        ACCESS:          0 HIT:          0 MISS:          0 MSHR_MERGE:          0
cpu2->cpu2_DTLB TRANSLATION  ACCESS:          0 HIT:          0 MISS:          0 MSHR_MERGE:          0
cpu2->cpu2_DTLB PREFETCH REQUESTED:          0 ISSUED:          0 USEFUL:          0 USELESS:          0
cpu2->cpu2_DTLB AVERAGE MISS LATENCY: - cycles
cpu1->cpu1_L2C TOTAL        ACCESS:     156166 HIT:     154996 MISS:       1170 MSHR_MERGE:          0
cpu1->cpu1_L2C LOAD         ACCESS:     110203 HIT:     109033 MISS:       1170 MSHR_MERGE:          0
cpu1->cpu1_L2C RFO          ACCESS:      16182 HIT:      16182 MISS:          0 MSHR_MERGE:          0
cpu1->cpu1_L2C PREFETCH     ACCESS:          0 HIT:          0 MISS:          0 MSHR_MERGE:          0
cpu1->cpu1_L2C WRITE        ACCESS:      29781 HIT:      29781 MISS:          0 MSHR_MERGE:          0
cpu1->cpu1_L2C TRANSLATION  ACCESS:          0 HIT:          0 MISS:          0 MSHR_MERGE:          0
cpu1->cpu1_L2C PREFETCH REQUESTED:          0 ISSUED:          0 USEFUL:          0 USELESS:          0
cpu1->cpu1_L2C AVERAGE MISS LATENCY: 115.8 cycles
cpu1->cpu1_L1I TOTAL        ACCESS:   10516715 HIT:   10509964 MISS:       6751 MSHR_MERGE:       3343
cpu1->cpu1_L1I LOAD         ACCESS:   10516715 HIT:   10509964 MISS:       6751 MSHR_MERGE:       3343
cpu1->cpu1_L1I RFO          ACCESS:          0 HIT:          0 MISS:          0 MSHR_MERGE:          0
cpu1->cpu1_L1I PREFETCH     ACCESS:          0 HIT:          0 MISS:          0 MSHR_MERGE:          0
cpu1->cpu1_L1I WRITE        ACCESS:          0 HIT:          0 MISS:          0 MSHR_MERGE:          0
cpu1->cpu1_L1I TRANSLATION  ACCESS:          0 HIT:          0 MISS:          0 MSHR_MERGE:          0
cpu1->cpu1_L1I PREFETCH REQUESTED:          0 ISSUED:          0 USEFUL:          0 USELESS:          0
cpu1->cpu1_L1I AVERAGE MISS LATENCY: 7.431 cycles
cpu1->cpu1_L1D TOTAL        ACCESS:   12832122 HIT:   12615941 MISS:     216181 MSHR_MERGE:      93204
cpu1->cpu1_L1D LOAD         ACCESS:    7177875 HIT:    7006480 MISS:     171395 MSHR_MERGE:      64600
cpu1->cpu1_L1D RFO          ACCESS:          0 HIT:          0 MISS:          0 MSHR_MERGE:          0
cpu1->cpu1_L1D PREFETCH     ACCESS:          0 HIT:          0 MISS:          0 MSHR_MERGE:          0
cpu1->cpu1_L1D WRITE        ACCESS:    5654247 HIT:    5609461 MISS:      44786 MSHR_MERGE:      28604
cpu1->cpu1_L1D TRANSLATION  ACCESS:          0 HIT:          0 MISS:          0 MSHR_MERGE:          0
cpu1->cpu1_L1D PREFETCH REQUESTED:          0 ISSUED:          0 USEFUL:          0 USELESS:          0
cpu1->cpu1_L1D AVERAGE MISS LATENCY: 9.125 cycles
cpu1->cpu1_ITLB TOTAL        ACCESS:    9472048 HIT:    9472048 MISS:          0 MSHR_MERGE:          0
cpu1->cpu1_ITLB LOAD         ACCESS:    9472048 HIT:    9472048 MISS:          0 MSHR_MERGE:          0
cpu1->cpu1_ITLB RFO          ACCESS:          0 HIT:          0 MISS:          0 MSHR_MERGE:          0
cpu1->cpu1_ITLB PREFETCH     ACCESS:          0 HIT:          0 MISS:          0 MSHR_MERGE:          0
cpu1->cpu1_ITLB WRITE        ACCESS:          0 HIT:          0 MISS:          0 MSHR_MERGE:          0
cpu1->cpu1_ITLB TRANSLATION  ACCESS:          0 HIT:          0 MISS:          0 MSHR_MERGE:          0
cpu1->cpu1_ITLB PREFETCH REQUESTED:          0 ISSUED:          0 USEFUL:          0 USELESS:          0
cpu1->cpu1_ITLB AVERAGE MISS LATENCY: - cycles
cpu1->cpu1_DTLB TOTAL        ACCESS:   11133227 HIT:   11133227 MISS:          0 MSHR_MERGE:          0
cpu1->cpu1_DTLB LOAD         ACCESS:   11133227 HIT:   11133227 MISS:          0 MSHR_MERGE:          0
cpu1->cpu1_DTLB RFO          ACCESS:          0 HIT:          0 MISS:          0 MSHR_MERGE:          0
cpu1->cpu1_DTLB PREFETCH     ACCESS:          0 HIT:          0 MISS:          0 MSHR_MERGE:          0
cpu1->cpu1_DTLB WRITE        ACCESS:          0 HIT:          0 MISS:          0 MSHR_MERGE:          0
cpu1->cpu1_DTLB TRANSLATION  ACCESS:          0 HIT:          0 MISS:          0 MSHR_MERGE:          0
cpu1->cpu1_DTLB PREFETCH REQUESTED:          0 ISSUED:          0 USEFUL:          0 USELESS:          0
cpu1->cpu1_DTLB AVERAGE MISS LATENCY: - cycles
cpu0->cpu0_L2C TOTAL        ACCESS:     156306 HIT:     155137 MISS:       1169 MSHR_MERGE:          0
cpu0->cpu0_L2C LOAD         ACCESS:     110321 HIT:     109152 MISS:       1169 MSHR_MERGE:          0
cpu0->cpu0_L2C RFO          ACCESS:      16175 HIT:      16175 MISS:          0 MSHR_MERGE:          0
cpu0->cpu0_L2C PREFETCH     ACCESS:          0 HIT:          0 MISS:          0 MSHR_MERGE:          0
cpu0->cpu0_L2C WRITE        ACCESS:      29810 HIT:      29810 MISS:          0 MSHR_MERGE:          0
cpu0->cpu0_L2C TRANSLATION  ACCESS:          0 HIT:          0 MISS:          0 MSHR_MERGE:          0
cpu0->cpu0_L2C PREFETCH REQUESTED:          0 ISSUED:          0 USEFUL:          0 USELESS:          0
cpu0->cpu0_L2C AVERAGE MISS LATENCY: 114.9 cycles
cpu0->cpu0_L1I TOTAL        ACCESS:   10529389 HIT:   10522623 MISS:       6766 MSHR_MERGE:       3357
cpu0->cpu0_L1I LOAD         ACCESS:   10529389 HIT:   10522623 MISS:       6766 MSHR_MERGE:       3357
cpu0->cpu0_L1I RFO          ACCESS:          0 HIT:          0 MISS:          0 MSHR_MERGE:          0
cpu0->cpu0_L1I PREFETCH     ACCESS:          0 HIT:          0 MISS:          0 MSHR_MERGE:          0
cpu0->cpu0_L1I WRITE        ACCESS:          0 HIT:          0 MISS:          0 MSHR_MERGE:          0
cpu0->cpu0_L1I TRANSLATION  ACCESS:          0 HIT:          0 MISS:          0 MSHR_MERGE:          0
cpu0->cpu0_L1I PREFETCH REQUESTED:          0 ISSUED:          0 USEFUL:          0 USELESS:          0
cpu0->cpu0_L1I AVERAGE MISS LATENCY: 7.454 cycles
cpu0->cpu0_L1D TOTAL        ACCESS:   12856807 HIT:   12640464 MISS:     216343 MSHR_MERGE:      93254
cpu0->cpu0_L1D LOAD         ACCESS:    7192468 HIT:    7020944 MISS:     171524 MSHR_MERGE:      64612
cpu0->cpu0_L1D RFO          ACCESS:          0 HIT:          0 MISS:          0 MSHR_MERGE:          0
cpu0->cpu0_L1D PREFETCH     ACCESS:          0 HIT:          0 MISS:          0 MSHR_MERGE:          0
cpu0->cpu0_L1D WRITE        ACCESS:    5664339 HIT:    5619520 MISS:      44819 MSHR_MERGE:      28642
cpu0->cpu0_L1D TRANSLATION  ACCESS:          0 HIT:          0 MISS:          0 MSHR_MERGE:          0
cpu0->cpu0_L1D PREFETCH REQUESTED:          0 ISSUED:          0 USEFUL:          0 USELESS:          0
cpu0->cpu0_L1D AVERAGE MISS LATENCY: 9.113 cycles
cpu0->cpu0_ITLB TOTAL        ACCESS:    9482658 HIT:    9482658 MISS:          0 MSHR_MERGE:          0
cpu0->cpu0_ITLB LOAD         ACCESS:    9482658 HIT:    9482658 MISS:          0 MSHR_MERGE:          0
cpu0->cpu0_ITLB RFO          ACCESS:          0 HIT:          0 MISS:          0 MSHR_MERGE:          0
cpu0->cpu0_ITLB PREFETCH     ACCESS:          0 HIT:          0 MISS:          0 MSHR_MERGE:          0
cpu0->cpu0_ITLB WRITE        ACCESS:          0 HIT:          0 MISS:          0 MSHR_MERGE:          0
cpu0->cpu0_ITLB TRANSLATION  ACCESS:          0 HIT:          0 MISS:          0 MSHR_MERGE:          0
cpu0->cpu0_ITLB PREFETCH REQUESTED:          0 ISSUED:          0 USEFUL:          0 USELESS:          0
cpu0->cpu0_ITLB AVERAGE MISS LATENCY: - cycles
cpu0->cpu0_DTLB TOTAL        ACCESS:   11186937 HIT:   11186937 MISS:          0 MSHR_MERGE:          0
cpu0->cpu0_DTLB LOAD         ACCESS:   11186937 HIT:   11186937 MISS:          0 MSHR_MERGE:          0
cpu0->cpu0_DTLB RFO          ACCESS:          0 HIT:          0 MISS:          0 MSHR_MERGE:          0
cpu0->cpu0_DTLB PREFETCH     ACCESS:          0 HIT:          0 MISS:          0 MSHR_MERGE:          0
cpu0->cpu0_DTLB WRITE        ACCESS:          0 HIT:          0 MISS:          0 MSHR_MERGE:          0
cpu0->cpu0_DTLB TRANSLATION  ACCESS:          0 HIT:          0 MISS:          0 MSHR_MERGE:          0
cpu0->cpu0_DTLB PREFETCH REQUESTED:          0 ISSUED:          0 USEFUL:          0 USELESS:          0
cpu0->cpu0_DTLB AVERAGE MISS LATENCY: - cycles
cpu0->LLC TOTAL        ACCESS:       1195 HIT:        641 MISS:        554 MSHR_MERGE:          0
cpu0->LLC LOAD         ACCESS:       1169 HIT:        619 MISS:        550 MSHR_MERGE:          0
cpu0->LLC RFO          ACCESS:          0 HIT:          0 MISS:          0 MSHR_MERGE:          0
cpu0->LLC PREFETCH     ACCESS:          0 HIT:          0 MISS:          0 MSHR_MERGE:          0
cpu0->LLC WRITE        ACCESS:         26 HIT:         22 MISS:          4 MSHR_MERGE:          0
cpu0->LLC TRANSLATION  ACCESS:          0 HIT:          0 MISS:          0 MSHR_MERGE:          0
cpu0->LLC PREFETCH REQUESTED:          0 ISSUED:          0 USEFUL:          0 USELESS:          0
cpu0->LLC AVERAGE MISS LATENCY: 1687 cycles
cpu1->LLC TOTAL        ACCESS:       1196 HIT:        644 MISS:        552 MSHR_MERGE:          0
cpu1->LLC LOAD         ACCESS:       1170 HIT:        621 MISS:        549 MSHR_MERGE:          0
cpu1->LLC RFO          ACCESS:          0 HIT:          0 MISS:          0 MSHR_MERGE:          0
cpu1->LLC PREFETCH     ACCESS:          0 HIT:          0 MISS:          0 MSHR_MERGE:          0
cpu1->LLC WRITE        ACCESS:         26 HIT:         23 MISS:          3 MSHR_MERGE:          0
cpu1->LLC TRANSLATION  ACCESS:          0 HIT:          0 MISS:          0 MSHR_MERGE:          0
cpu1->LLC PREFETCH REQUESTED:          0 ISSUED:          0 USEFUL:          0 USELESS:          0
cpu1->LLC AVERAGE MISS LATENCY: 1693 cycles
cpu2->LLC TOTAL        ACCESS:       1197 HIT:        642 MISS:        555 MSHR_MERGE:          0
cpu2->LLC LOAD         ACCESS:       1171 HIT:        619 MISS:        552 MSHR_MERGE:          0
cpu2->LLC RFO          ACCESS:          0 HIT:          0 MISS:          0 MSHR_MERGE:          0
cpu2->LLC PREFETCH     ACCESS:          0 HIT:          0 MISS:          0 MSHR_MERGE:          0
cpu2->LLC WRITE        ACCESS:         26 HIT:         23 MISS:          3 MSHR_MERGE:          0
cpu2->LLC TRANSLATION  ACCESS:          0 HIT:          0 MISS:          0 MSHR_MERGE:          0
cpu2->LLC PREFETCH REQUESTED:          0 ISSUED:          0 USEFUL:          0 USELESS:          0
cpu2->LLC AVERAGE MISS LATENCY: 1684 cycles
cpu3->LLC TOTAL        ACCESS:       1197 HIT:        643 MISS:        554 MSHR_MERGE:          0
cpu3->LLC LOAD         ACCESS:       1171 HIT:        621 MISS:        550 MSHR_MERGE:          0
cpu3->LLC RFO          ACCESS:          0 HIT:          0 MISS:          0 MSHR_MERGE:          0
cpu3->LLC PREFETCH     ACCESS:          0 HIT:          0 MISS:          0 MSHR_MERGE:          0
cpu3->LLC WRITE        ACCESS:         26 HIT:         22 MISS:          4 MSHR_MERGE:          0
cpu3->LLC TRANSLATION  ACCESS:          0 HIT:          0 MISS:          0 MSHR_MERGE:          0
cpu3->LLC PREFETCH REQUESTED:          0 ISSUED:          0 USEFUL:          0 USELESS:          0
cpu3->LLC AVERAGE MISS LATENCY: 1687 cycles
cpu4->LLC TOTAL        ACCESS:       1197 HIT:        644 MISS:        553 MSHR_MERGE:          0
cpu4->LLC LOAD         ACCESS:       1171 HIT:        621 MISS:        550 MSHR_MERGE:          0
cpu4->LLC RFO          ACCESS:          0 HIT:          0 MISS:          0 MSHR_MERGE:          0
cpu4->LLC PREFETCH     ACCESS:          0 HIT:          0 MISS:          0 MSHR_MERGE:          0
cpu4->LLC WRITE        ACCESS:         26 HIT:         23 MISS:          3 MSHR_MERGE:          0
cpu4->LLC TRANSLATION  ACCESS:          0 HIT:          0 MISS:          0 MSHR_MERGE:          0
cpu4->LLC PREFETCH REQUESTED:          0 ISSUED:          0 USEFUL:          0 USELESS:          0
cpu4->LLC AVERAGE MISS LATENCY: 1690 cycles
cpu5->LLC TOTAL        ACCESS:       1197 HIT:        642 MISS:        555 MSHR_MERGE:          0
cpu5->LLC LOAD         ACCESS:       1171 HIT:        619 MISS:        552 MSHR_MERGE:          0
cpu5->LLC RFO          ACCESS:          0 HIT:          0 MISS:          0 MSHR_MERGE:          0
cpu5->LLC PREFETCH     ACCESS:          0 HIT:          0 MISS:          0 MSHR_MERGE:          0
cpu5->LLC WRITE        ACCESS:         26 HIT:         23 MISS:          3 MSHR_MERGE:          0
cpu5->LLC TRANSLATION  ACCESS:          0 HIT:          0 MISS:          0 MSHR_MERGE:          0
cpu5->LLC PREFETCH REQUESTED:          0 ISSUED:          0 USEFUL:          0 USELESS:          0
cpu5->LLC AVERAGE MISS LATENCY: 1684 cycles
cpu6->LLC TOTAL        ACCESS:       1197 HIT:        645 MISS:        552 MSHR_MERGE:          0
cpu6->LLC LOAD         ACCESS:       1171 HIT:        622 MISS:        549 MSHR_MERGE:          0
cpu6->LLC RFO          ACCESS:          0 HIT:          0 MISS:          0 MSHR_MERGE:          0
cpu6->LLC PREFETCH     ACCESS:          0 HIT:          0 MISS:          0 MSHR_MERGE:          0
cpu6->LLC WRITE        ACCESS:         26 HIT:         23 MISS:          3 MSHR_MERGE:          0
cpu6->LLC TRANSLATION  ACCESS:          0 HIT:          0 MISS:          0 MSHR_MERGE:          0
cpu6->LLC PREFETCH REQUESTED:          0 ISSUED:          0 USEFUL:          0 USELESS:          0
cpu6->LLC AVERAGE MISS LATENCY: 1693 cycles
cpu7->LLC TOTAL        ACCESS:       1196 HIT:        642 MISS:        554 MSHR_MERGE:          0
cpu7->LLC LOAD         ACCESS:       1170 HIT:        619 MISS:        551 MSHR_MERGE:          0
cpu7->LLC RFO          ACCESS:          0 HIT:          0 MISS:          0 MSHR_MERGE:          0
cpu7->LLC PREFETCH     ACCESS:          0 HIT:          0 MISS:          0 MSHR_MERGE:          0
cpu7->LLC WRITE        ACCESS:         26 HIT:         23 MISS:          3 MSHR_MERGE:          0
cpu7->LLC TRANSLATION  ACCESS:          0 HIT:          0 MISS:          0 MSHR_MERGE:          0
cpu7->LLC PREFETCH REQUESTED:          0 ISSUED:          0 USEFUL:          0 USELESS:          0
cpu7->LLC AVERAGE MISS LATENCY: 1687 cycles

Region of Interest Statistics

CPU 7 cumulative IPC: 2.854 instructions: 50000000 cycles: 17517385
CPU 7 Branch Prediction Accuracy: 100% MPKI: 0 Average ROB Occupancy at Mispredict: -
Branch type MPKI
BRANCH_DIRECT_JUMP: 0
BRANCH_INDIRECT: 0
BRANCH_CONDITIONAL: 0
BRANCH_DIRECT_CALL: 0
BRANCH_INDIRECT_CALL: 0
BRANCH_RETURN: 0


CPU 6 cumulative IPC: 2.857 instructions: 50000002 cycles: 17502211
CPU 6 Branch Prediction Accuracy: 100% MPKI: 0 Average ROB Occupancy at Mispredict: -
Branch type MPKI
BRANCH_DIRECT_JUMP: 0
BRANCH_INDIRECT: 0
BRANCH_CONDITIONAL: 0
BRANCH_DIRECT_CALL: 0
BRANCH_INDIRECT_CALL: 0
BRANCH_RETURN: 0


CPU 5 cumulative IPC: 2.855 instructions: 50000000 cycles: 17513569
CPU 5 Branch Prediction Accuracy: 100% MPKI: 0 Average ROB Occupancy at Mispredict: -
Branch type MPKI
BRANCH_DIRECT_JUMP: 0
BRANCH_INDIRECT: 0
BRANCH_CONDITIONAL: 0
BRANCH_DIRECT_CALL: 0
BRANCH_INDIRECT_CALL: 0
BRANCH_RETURN: 0


CPU 4 cumulative IPC: 2.856 instructions: 50000002 cycles: 17509634
CPU 4 Branch Prediction Accuracy: 100% MPKI: 0 Average ROB Occupancy at Mispredict: -
Branch type MPKI
BRANCH_DIRECT_JUMP: 0
BRANCH_INDIRECT: 0
BRANCH_CONDITIONAL: 0
BRANCH_DIRECT_CALL: 0
BRANCH_INDIRECT_CALL: 0
BRANCH_RETURN: 0


CPU 3 cumulative IPC: 2.856 instructions: 50000002 cycles: 17504338
CPU 3 Branch Prediction Accuracy: 100% MPKI: 0 Average ROB Occupancy at Mispredict: -
Branch type MPKI
BRANCH_DIRECT_JUMP: 0
BRANCH_INDIRECT: 0
BRANCH_CONDITIONAL: 0
BRANCH_DIRECT_CALL: 0
BRANCH_INDIRECT_CALL: 0
BRANCH_RETURN: 0


CPU 2 cumulative IPC: 2.856 instructions: 50000003 cycles: 17509940
CPU 2 Branch Prediction Accuracy: 100% MPKI: 0 Average ROB Occupancy at Mispredict: -
Branch type MPKI
BRANCH_DIRECT_JUMP: 0
BRANCH_INDIRECT: 0
BRANCH_CONDITIONAL: 0
BRANCH_DIRECT_CALL: 0
BRANCH_INDIRECT_CALL: 0
BRANCH_RETURN: 0


CPU 1 cumulative IPC: 2.852 instructions: 50000002 cycles: 17531511
CPU 1 Branch Prediction Accuracy: 100% MPKI: 0 Average ROB Occupancy at Mispredict: -
Branch type MPKI
BRANCH_DIRECT_JUMP: 0
BRANCH_INDIRECT: 0
BRANCH_CONDITIONAL: 0
BRANCH_DIRECT_CALL: 0
BRANCH_INDIRECT_CALL: 0
BRANCH_RETURN: 0


CPU 0 cumulative IPC: 2.856 instructions: 50000003 cycles: 17504660
CPU 0 Branch Prediction Accuracy: 100% MPKI: 0 Average ROB Occupancy at Mispredict: -
Branch type MPKI
BRANCH_DIRECT_JUMP: 0
BRANCH_INDIRECT: 0
BRANCH_CONDITIONAL: 0
BRANCH_DIRECT_CALL: 0
BRANCH_INDIRECT_CALL: 0
BRANCH_RETURN: 0

cpu7->cpu7_L2C TOTAL        ACCESS:     156253 HIT:     155083 MISS:       1170 MSHR_MERGE:          0
cpu7->cpu7_L2C LOAD         ACCESS:     110276 HIT:     109106 MISS:       1170 MSHR_MERGE:          0
cpu7->cpu7_L2C RFO          ACCESS:      16179 HIT:      16179 MISS:          0 MSHR_MERGE:          0
cpu7->cpu7_L2C PREFETCH     ACCESS:          0 HIT:          0 MISS:          0 MSHR_MERGE:          0
cpu7->cpu7_L2C WRITE        ACCESS:      29798 HIT:      29798 MISS:          0 MSHR_MERGE:          0
cpu7->cpu7_L2C TRANSLATION  ACCESS:          0 HIT:          0 MISS:          0 MSHR_MERGE:          0
cpu7->cpu7_L2C PREFETCH REQUESTED:          0 ISSUED:          0 USEFUL:          0 USELESS:          0
cpu7->cpu7_L2C AVERAGE MISS LATENCY: 114.6 cycles
cpu7->cpu7_L1I TOTAL        ACCESS:   10524207 HIT:   10517443 MISS:       6764 MSHR_MERGE:       3355
cpu7->cpu7_L1I LOAD         ACCESS:   10524207 HIT:   10517443 MISS:       6764 MSHR_MERGE:       3355
cpu7->cpu7_L1I RFO          ACCESS:          0 HIT:          0 MISS:          0 MSHR_MERGE:          0
cpu7->cpu7_L1I PREFETCH     ACCESS:          0 HIT:          0 MISS:          0 MSHR_MERGE:          0
cpu7->cpu7_L1I WRITE        ACCESS:          0 HIT:          0 MISS:          0 MSHR_MERGE:          0
cpu7->cpu7_L1I TRANSLATION  ACCESS:          0 HIT:          0 MISS:          0 MSHR_MERGE:          0
cpu7->cpu7_L1I PREFETCH REQUESTED:          0 ISSUED:          0 USEFUL:          0 USELESS:          0
cpu7->cpu7_L1I AVERAGE MISS LATENCY: 7.433 cycles
cpu7->cpu7_L1D TOTAL        ACCESS:   12841858 HIT:   12625620 MISS:     216238 MSHR_MERGE:      93191
cpu7->cpu7_L1D LOAD         ACCESS:    7183410 HIT:    7011926 MISS:     171484 MSHR_MERGE:      64617
cpu7->cpu7_L1D RFO          ACCESS:          0 HIT:          0 MISS:          0 MSHR_MERGE:          0
cpu7->cpu7_L1D PREFETCH     ACCESS:          0 HIT:          0 MISS:          0 MSHR_MERGE:          0
cpu7->cpu7_L1D WRITE        ACCESS:    5658448 HIT:    5613694 MISS:      44754 MSHR_MERGE:      28574
cpu7->cpu7_L1D TRANSLATION  ACCESS:          0 HIT:          0 MISS:          0 MSHR_MERGE:          0
cpu7->cpu7_L1D PREFETCH REQUESTED:          0 ISSUED:          0 USEFUL:          0 USELESS:          0
cpu7->cpu7_L1D AVERAGE MISS LATENCY: 9.112 cycles
cpu7->cpu7_ITLB TOTAL        ACCESS:    9457549 HIT:    9457549 MISS:          0 MSHR_MERGE:          0
cpu7->cpu7_ITLB LOAD         ACCESS:    9457549 HIT:    9457549 MISS:          0 MSHR_MERGE:          0
cpu7->cpu7_ITLB RFO          ACCESS:          0 HIT:          0 MISS:          0 MSHR_MERGE:          0
cpu7->cpu7_ITLB PREFETCH     ACCESS:          0 HIT:          0 MISS:          0 MSHR_MERGE:          0
cpu7->cpu7_ITLB WRITE        ACCESS:          0 HIT:          0 MISS:          0 MSHR_MERGE:          0
cpu7->cpu7_ITLB TRANSLATION  ACCESS:          0 HIT:          0 MISS:          0 MSHR_MERGE:          0
cpu7->cpu7_ITLB PREFETCH REQUESTED:          0 ISSUED:          0 USEFUL:          0 USELESS:          0
cpu7->cpu7_ITLB AVERAGE MISS LATENCY: - cycles
cpu7->cpu7_DTLB TOTAL        ACCESS:   11145300 HIT:   11145300 MISS:          0 MSHR_MERGE:          0
cpu7->cpu7_DTLB LOAD         ACCESS:   11145300 HIT:   11145300 MISS:          0 MSHR_MERGE:          0
cpu7->cpu7_DTLB RFO          ACCESS:          0 HIT:          0 MISS:          0 MSHR_MERGE:          0
cpu7->cpu7_DTLB PREFETCH     ACCESS:          0 HIT:          0 MISS:          0 MSHR_MERGE:          0
cpu7->cpu7_DTLB WRITE        ACCESS:          0 HIT:          0 MISS:          0 MSHR_MERGE:          0
cpu7->cpu7_DTLB TRANSLATION  ACCESS:          0 HIT:          0 MISS:          0 MSHR_MERGE:          0
cpu7->cpu7_DTLB PREFETCH REQUESTED:          0 ISSUED:          0 USEFUL:          0 USELESS:          0
cpu7->cpu7_DTLB AVERAGE MISS LATENCY: - cycles
cpu6->cpu6_L2C TOTAL        ACCESS:     156315 HIT:     155144 MISS:       1171 MSHR_MERGE:          0
cpu6->cpu6_L2C LOAD         ACCESS:     110320 HIT:     109149 MISS:       1171 MSHR_MERGE:          0
cpu6->cpu6_L2C RFO          ACCESS:      16184 HIT:      16184 MISS:          0 MSHR_MERGE:          0
cpu6->cpu6_L2C PREFETCH     ACCESS:          0 HIT:          0 MISS:          0 MSHR_MERGE:          0
cpu6->cpu6_L2C WRITE        ACCESS:      29811 HIT:      29811 MISS:          0 MSHR_MERGE:          0
cpu6->cpu6_L2C TRANSLATION  ACCESS:          0 HIT:          0 MISS:          0 MSHR_MERGE:          0
cpu6->cpu6_L2C PREFETCH REQUESTED:          0 ISSUED:          0 USEFUL:          0 USELESS:          0
cpu6->cpu6_L2C AVERAGE MISS LATENCY: 114.6 cycles
cpu6->cpu6_L1I TOTAL        ACCESS:   10528435 HIT:   10521658 MISS:       6777 MSHR_MERGE:       3368
cpu6->cpu6_L1I LOAD         ACCESS:   10528435 HIT:   10521658 MISS:       6777 MSHR_MERGE:       3368
cpu6->cpu6_L1I RFO          ACCESS:          0 HIT:          0 MISS:          0 MSHR_MERGE:          0
cpu6->cpu6_L1I PREFETCH     ACCESS:          0 HIT:          0 MISS:          0 MSHR_MERGE:          0
cpu6->cpu6_L1I WRITE        ACCESS:          0 HIT:          0 MISS:          0 MSHR_MERGE:          0
cpu6->cpu6_L1I TRANSLATION  ACCESS:          0 HIT:          0 MISS:          0 MSHR_MERGE:          0
cpu6->cpu6_L1I PREFETCH REQUESTED:          0 ISSUED:          0 USEFUL:          0 USELESS:          0
cpu6->cpu6_L1I AVERAGE MISS LATENCY: 7.431 cycles
cpu6->cpu6_L1D TOTAL        ACCESS:   12854931 HIT:   12638496 MISS:     216435 MSHR_MERGE:      93338
cpu6->cpu6_L1D LOAD         ACCESS:    7190776 HIT:    7019157 MISS:     171619 MSHR_MERGE:      64708
cpu6->cpu6_L1D RFO          ACCESS:          0 HIT:          0 MISS:          0 MSHR_MERGE:          0
cpu6->cpu6_L1D PREFETCH     ACCESS:          0 HIT:          0 MISS:          0 MSHR_MERGE:          0
cpu6->cpu6_L1D WRITE        ACCESS:    5664155 HIT:    5619339 MISS:      44816 MSHR_MERGE:      28630
cpu6->cpu6_L1D TRANSLATION  ACCESS:          0 HIT:          0 MISS:          0 MSHR_MERGE:          0
cpu6->cpu6_L1D PREFETCH REQUESTED:          0 ISSUED:          0 USEFUL:          0 USELESS:          0
cpu6->cpu6_L1D AVERAGE MISS LATENCY: 9.113 cycles
cpu6->cpu6_ITLB TOTAL        ACCESS:    9462800 HIT:    9462800 MISS:          0 MSHR_MERGE:          0
cpu6->cpu6_ITLB LOAD         ACCESS:    9462800 HIT:    9462800 MISS:          0 MSHR_MERGE:          0
cpu6->cpu6_ITLB RFO          ACCESS:          0 HIT:          0 MISS:          0 MSHR_MERGE:          0
cpu6->cpu6_ITLB PREFETCH     ACCESS:          0 HIT:          0 MISS:          0 MSHR_MERGE:          0
cpu6->cpu6_ITLB WRITE        ACCESS:          0 HIT:          0 MISS:          0 MSHR_MERGE:          0
cpu6->cpu6_ITLB TRANSLATION  ACCESS:          0 HIT:          0 MISS:          0 MSHR_MERGE:          0
cpu6->cpu6_ITLB PREFETCH REQUESTED:          0 ISSUED:          0 USEFUL:          0 USELESS:          0
cpu6->cpu6_ITLB AVERAGE MISS LATENCY: - cycles
cpu6->cpu6_DTLB TOTAL        ACCESS:   11183357 HIT:   11183357 MISS:          0 MSHR_MERGE:          0
cpu6->cpu6_DTLB LOAD         ACCESS:   11183357 HIT:   11183357 MISS:          0 MSHR_MERGE:          0
cpu6->cpu6_DTLB RFO          ACCESS:          0 HIT:          0 MISS:          0 MSHR_MERGE:          0
cpu6->cpu6_DTLB PREFETCH     ACCESS:          0 HIT:          0 MISS:          0 MSHR_MERGE:          0
cpu6->cpu6_DTLB WRITE        ACCESS:          0 HIT:          0 MISS:          0 MSHR_MERGE:          0
cpu6->cpu6_DTLB TRANSLATION  ACCESS:          0 HIT:          0 MISS:          0 MSHR_MERGE:          0
cpu6->cpu6_DTLB PREFETCH REQUESTED:          0 ISSUED:          0 USEFUL:          0 USELESS:          0
cpu6->cpu6_DTLB AVERAGE MISS LATENCY: - cycles
cpu5->cpu5_L2C TOTAL        ACCESS:     156268 HIT:     155097 MISS:       1171 MSHR_MERGE:          0
cpu5->cpu5_L2C LOAD         ACCESS:     110290 HIT:     109119 MISS:       1171 MSHR_MERGE:          0
cpu5->cpu5_L2C RFO          ACCESS:      16176 HIT:      16176 MISS:          0 MSHR_MERGE:          0
cpu5->cpu5_L2C PREFETCH     ACCESS:          0 HIT:          0 MISS:          0 MSHR_MERGE:          0
cpu5->cpu5_L2C WRITE        ACCESS:      29802 HIT:      29802 MISS:          0 MSHR_MERGE:          0
cpu5->cpu5_L2C TRANSLATION  ACCESS:          0 HIT:          0 MISS:          0 MSHR_MERGE:          0
cpu5->cpu5_L2C PREFETCH REQUESTED:          0 ISSUED:          0 USEFUL:          0 USELESS:          0
cpu5->cpu5_L2C AVERAGE MISS LATENCY: 117.3 cycles
cpu5->cpu5_L1I TOTAL        ACCESS:   10524364 HIT:   10517606 MISS:       6758 MSHR_MERGE:       3350
cpu5->cpu5_L1I LOAD         ACCESS:   10524364 HIT:   10517606 MISS:       6758 MSHR_MERGE:       3350
cpu5->cpu5_L1I RFO          ACCESS:          0 HIT:          0 MISS:          0 MSHR_MERGE:          0
cpu5->cpu5_L1I PREFETCH     ACCESS:          0 HIT:          0 MISS:          0 MSHR_MERGE:          0
cpu5->cpu5_L1I WRITE        ACCESS:          0 HIT:          0 MISS:          0 MSHR_MERGE:          0
cpu5->cpu5_L1I TRANSLATION  ACCESS:          0 HIT:          0 MISS:          0 MSHR_MERGE:          0
cpu5->cpu5_L1I PREFETCH REQUESTED:          0 ISSUED:          0 USEFUL:          0 USELESS:          0
cpu5->cpu5_L1I AVERAGE MISS LATENCY: 7.436 cycles
cpu5->cpu5_L1D TOTAL        ACCESS:   12847989 HIT:   12631667 MISS:     216322 MSHR_MERGE:      93260
cpu5->cpu5_L1D LOAD         ACCESS:    7186958 HIT:    7015446 MISS:     171512 MSHR_MERGE:      64630
cpu5->cpu5_L1D RFO          ACCESS:          0 HIT:          0 MISS:          0 MSHR_MERGE:          0
cpu5->cpu5_L1D PREFETCH     ACCESS:          0 HIT:          0 MISS:          0 MSHR_MERGE:          0
cpu5->cpu5_L1D WRITE        ACCESS:    5661031 HIT:    5616221 MISS:      44810 MSHR_MERGE:      28630
cpu5->cpu5_L1D TRANSLATION  ACCESS:          0 HIT:          0 MISS:          0 MSHR_MERGE:          0
cpu5->cpu5_L1D PREFETCH REQUESTED:          0 ISSUED:          0 USEFUL:          0 USELESS:          0
cpu5->cpu5_L1D AVERAGE MISS LATENCY: 9.133 cycles
cpu5->cpu5_ITLB TOTAL        ACCESS:    9457583 HIT:    9457583 MISS:          0 MSHR_MERGE:          0
cpu5->cpu5_ITLB LOAD         ACCESS:    9457583 HIT:    9457583 MISS:          0 MSHR_MERGE:          0
cpu5->cpu5_ITLB RFO          ACCESS:          0 HIT:          0 MISS:          0 MSHR_MERGE:          0
cpu5->cpu5_ITLB PREFETCH     ACCESS:          0 HIT:          0 MISS:          0 MSHR_MERGE:          0
cpu5->cpu5_ITLB WRITE        ACCESS:          0 HIT:          0 MISS:          0 MSHR_MERGE:          0
cpu5->cpu5_ITLB TRANSLATION  ACCESS:          0 HIT:          0 MISS:          0 MSHR_MERGE:          0
cpu5->cpu5_ITLB PREFETCH REQUESTED:          0 ISSUED:          0 USEFUL:          0 USELESS:          0
cpu5->cpu5_ITLB AVERAGE MISS LATENCY: - cycles
cpu5->cpu5_DTLB TOTAL        ACCESS:   11145628 HIT:   11145628 MISS:          0 MSHR_MERGE:          0
cpu5->cpu5_DTLB LOAD         ACCESS:   11145628 HIT:   11145628 MISS:          0 MSHR_MERGE:          0
cpu5->cpu5_DTLB RFO          ACCESS:          0 HIT:          0 MISS:          0 MSHR_MERGE:          0
cpu5->cpu5_DTLB PREFETCH     ACCESS:          0 HIT:          0 MISS:          0 MSHR_MERGE:          0
cpu5->cpu5_DTLB WRITE        ACCESS:          0 HIT:          0 MISS:          0 MSHR_MERGE:          0
cpu5->cpu5_DTLB TRANSLATION  ACCESS:          0 HIT:          0 MISS:          0 MSHR_MERGE:          0
cpu5->cpu5_DTLB PREFETCH REQUESTED:          0 ISSUED:          0 USEFUL:          0 USELESS:          0
cpu5->cpu5_DTLB AVERAGE MISS LATENCY: - cycles
cpu4->cpu4_L2C TOTAL        ACCESS:     156287 HIT:     155116 MISS:       1171 MSHR_MERGE:          0
cpu4->cpu4_L2C LOAD         ACCESS:     110295 HIT:     109124 MISS:       1171 MSHR_MERGE:          0
cpu4->cpu4_L2C RFO          ACCESS:      16187 HIT:      16187 MISS:          0 MSHR_MERGE:          0
cpu4->cpu4_L2C PREFETCH     ACCESS:          0 HIT:          0 MISS:          0 MSHR_MERGE:          0
cpu4->cpu4_L2C WRITE        ACCESS:      29805 HIT:      29805 MISS:          0 MSHR_MERGE:          0
cpu4->cpu4_L2C TRANSLATION  ACCESS:          0 HIT:          0 MISS:          0 MSHR_MERGE:          0
cpu4->cpu4_L2C PREFETCH REQUESTED:          0 ISSUED:          0 USEFUL:          0 USELESS:          0
cpu4->cpu4_L2C AVERAGE MISS LATENCY: 114.7 cycles
cpu4->cpu4_L1I TOTAL        ACCESS:   10526744 HIT:   10519989 MISS:       6755 MSHR_MERGE:       3347
cpu4->cpu4_L1I LOAD         ACCESS:   10526744 HIT:   10519989 MISS:       6755 MSHR_MERGE:       3347
cpu4->cpu4_L1I RFO          ACCESS:          0 HIT:          0 MISS:          0 MSHR_MERGE:          0
cpu4->cpu4_L1I PREFETCH     ACCESS:          0 HIT:          0 MISS:          0 MSHR_MERGE:          0
cpu4->cpu4_L1I WRITE        ACCESS:          0 HIT:          0 MISS:          0 MSHR_MERGE:          0
cpu4->cpu4_L1I TRANSLATION  ACCESS:          0 HIT:          0 MISS:          0 MSHR_MERGE:          0
cpu4->cpu4_L1I PREFETCH REQUESTED:          0 ISSUED:          0 USEFUL:          0 USELESS:          0
cpu4->cpu4_L1I AVERAGE MISS LATENCY: 7.436 cycles
cpu4->cpu4_L1D TOTAL        ACCESS:   12851600 HIT:   12635082 MISS:     216518 MSHR_MERGE:      93443
cpu4->cpu4_L1D LOAD         ACCESS:    7189158 HIT:    7017471 MISS:     171687 MSHR_MERGE:      64800
cpu4->cpu4_L1D RFO          ACCESS:          0 HIT:          0 MISS:          0 MSHR_MERGE:          0
cpu4->cpu4_L1D PREFETCH     ACCESS:          0 HIT:          0 MISS:          0 MSHR_MERGE:          0
cpu4->cpu4_L1D WRITE        ACCESS:    5662442 HIT:    5617611 MISS:      44831 MSHR_MERGE:      28643
cpu4->cpu4_L1D TRANSLATION  ACCESS:          0 HIT:          0 MISS:          0 MSHR_MERGE:          0
cpu4->cpu4_L1D PREFETCH REQUESTED:          0 ISSUED:          0 USEFUL:          0 USELESS:          0
cpu4->cpu4_L1D AVERAGE MISS LATENCY: 9.109 cycles
cpu4->cpu4_ITLB TOTAL        ACCESS:    9459457 HIT:    9459457 MISS:          0 MSHR_MERGE:          0
cpu4->cpu4_ITLB LOAD         ACCESS:    9459457 HIT:    9459457 MISS:          0 MSHR_MERGE:          0
cpu4->cpu4_ITLB RFO          ACCESS:          0 HIT:          0 MISS:          0 MSHR_MERGE:          0
cpu4->cpu4_ITLB PREFETCH     ACCESS:          0 HIT:          0 MISS:          0 MSHR_MERGE:          0
cpu4->cpu4_ITLB WRITE        ACCESS:          0 HIT:          0 MISS:          0 MSHR_MERGE:          0
cpu4->cpu4_ITLB TRANSLATION  ACCESS:          0 HIT:          0 MISS:          0 MSHR_MERGE:          0
cpu4->cpu4_ITLB PREFETCH REQUESTED:          0 ISSUED:          0 USEFUL:          0 USELESS:          0
cpu4->cpu4_ITLB AVERAGE MISS LATENCY: - cycles
cpu4->cpu4_DTLB TOTAL        ACCESS:   11148017 HIT:   11148017 MISS:          0 MSHR_MERGE:          0
cpu4->cpu4_DTLB LOAD         ACCESS:   11148017 HIT:   11148017 MISS:          0 MSHR_MERGE:          0
cpu4->cpu4_DTLB RFO          ACCESS:          0 HIT:          0 MISS:          0 MSHR_MERGE:          0
cpu4->cpu4_DTLB PREFETCH     ACCESS:          0 HIT:          0 MISS:          0 MSHR_MERGE:          0
cpu4->cpu4_DTLB WRITE        ACCESS:          0 HIT:          0 MISS:          0 MSHR_MERGE:          0
cpu4->cpu4_DTLB TRANSLATION  ACCESS:          0 HIT:          0 MISS:          0 MSHR_MERGE:          0
cpu4->cpu4_DTLB PREFETCH REQUESTED:          0 ISSUED:          0 USEFUL:          0 USELESS:          0
cpu4->cpu4_DTLB AVERAGE MISS LATENCY: - cycles
cpu3->cpu3_L2C TOTAL        ACCESS:     156306 HIT:     155135 MISS:       1171 MSHR_MERGE:          0
cpu3->cpu3_L2C LOAD         ACCESS:     110315 HIT:     109144 MISS:       1171 MSHR_MERGE:          0
cpu3->cpu3_L2C RFO          ACCESS:      16182 HIT:      16182 MISS:          0 MSHR_MERGE:          0
cpu3->cpu3_L2C PREFETCH     ACCESS:          0 HIT:          0 MISS:          0 MSHR_MERGE:          0
cpu3->cpu3_L2C WRITE        ACCESS:      29809 HIT:      29809 MISS:          0 MSHR_MERGE:          0
cpu3->cpu3_L2C TRANSLATION  ACCESS:          0 HIT:          0 MISS:          0 MSHR_MERGE:          0
cpu3->cpu3_L2C PREFETCH REQUESTED:          0 ISSUED:          0 USEFUL:          0 USELESS:          0
cpu3->cpu3_L2C AVERAGE MISS LATENCY: 115.3 cycles
cpu3->cpu3_L1I TOTAL        ACCESS:   10529086 HIT:   10522319 MISS:       6767 MSHR_MERGE:       3360
cpu3->cpu3_L1I LOAD         ACCESS:   10529086 HIT:   10522319 MISS:       6767 MSHR_MERGE:       3360
cpu3->cpu3_L1I RFO          ACCESS:          0 HIT:          0 MISS:          0 MSHR_MERGE:          0
cpu3->cpu3_L1I PREFETCH     ACCESS:          0 HIT:          0 MISS:          0 MSHR_MERGE:          0
cpu3->cpu3_L1I WRITE        ACCESS:          0 HIT:          0 MISS:          0 MSHR_MERGE:          0
cpu3->cpu3_L1I TRANSLATION  ACCESS:          0 HIT:          0 MISS:          0 MSHR_MERGE:          0
cpu3->cpu3_L1I PREFETCH REQUESTED:          0 ISSUED:          0 USEFUL:          0 USELESS:          0
cpu3->cpu3_L1I AVERAGE MISS LATENCY: 7.432 cycles
cpu3->cpu3_L1D TOTAL        ACCESS:   12857167 HIT:   12640743 MISS:     216424 MSHR_MERGE:      93333
cpu3->cpu3_L1D LOAD         ACCESS:    7192565 HIT:    7020964 MISS:     171601 MSHR_MERGE:      64693
cpu3->cpu3_L1D RFO          ACCESS:          0 HIT:          0 MISS:          0 MSHR_MERGE:          0
cpu3->cpu3_L1D PREFETCH     ACCESS:          0 HIT:          0 MISS:          0 MSHR_MERGE:          0
cpu3->cpu3_L1D WRITE        ACCESS:    5664602 HIT:    5619779 MISS:      44823 MSHR_MERGE:      28640
cpu3->cpu3_L1D TRANSLATION  ACCESS:          0 HIT:          0 MISS:          0 MSHR_MERGE:          0
cpu3->cpu3_L1D PREFETCH REQUESTED:          0 ISSUED:          0 USEFUL:          0 USELESS:          0
cpu3->cpu3_L1D AVERAGE MISS LATENCY: 9.12 cycles
cpu3->cpu3_ITLB TOTAL        ACCESS:    9482676 HIT:    9482676 MISS:          0 MSHR_MERGE:          0
cpu3->cpu3_ITLB LOAD         ACCESS:    9482676 HIT:    9482676 MISS:          0 MSHR_MERGE:          0
cpu3->cpu3_ITLB RFO          ACCESS:          0 HIT:          0 MISS:          0 MSHR_MERGE:          0
cpu3->cpu3_ITLB PREFETCH     ACCESS:          0 HIT:          0 MISS:          0 MSHR_MERGE:          0
cpu3->cpu3_ITLB WRITE        ACCESS:          0 HIT:          0 MISS:          0 MSHR_MERGE:          0
cpu3->cpu3_ITLB TRANSLATION  ACCESS:          0 HIT:          0 MISS:          0 MSHR_MERGE:          0
cpu3->cpu3_ITLB PREFETCH REQUESTED:          0 ISSUED:          0 USEFUL:          0 USELESS:          0
cpu3->cpu3_ITLB AVERAGE MISS LATENCY: - cycles
cpu3->cpu3_DTLB TOTAL        ACCESS:   11191256 HIT:   11191256 MISS:          0 MSHR_MERGE:          0
cpu3->cpu3_DTLB LOAD         ACCESS:   11191256 HIT:   11191256 MISS:          0 MSHR_MERGE:          0
cpu3->cpu3_DTLB RFO          ACCESS:          0 HIT:          0 MISS:          0 MSHR_MERGE:          0
cpu3->cpu3_DTLB PREFETCH     ACCESS:          0 HIT:          0 MISS:          0 MSHR_MERGE:          0
cpu3->cpu3_DTLB WRITE        ACCESS:          0 HIT:          0 MISS:          0 MSHR_MERGE:          0
cpu3->cpu3_DTLB TRANSLATION  ACCESS:          0 HIT:          0 MISS:          0 MSHR_MERGE:          0
cpu3->cpu3_DTLB PREFETCH REQUESTED:          0 ISSUED:          0 USEFUL:          0 USELESS:          0
cpu3->cpu3_DTLB AVERAGE MISS LATENCY: - cycles
cpu2->cpu2_L2C TOTAL        ACCESS:     156286 HIT:     155115 MISS:       1171 MSHR_MERGE:          0
cpu2->cpu2_L2C LOAD         ACCESS:     110294 HIT:     109123 MISS:       1171 MSHR_MERGE:          0
cpu2->cpu2_L2C RFO          ACCESS:      16187 HIT:      16187 MISS:          0 MSHR_MERGE:          0
cpu2->cpu2_L2C PREFETCH     ACCESS:          0 HIT:          0 MISS:          0 MSHR_MERGE:          0
cpu2->cpu2_L2C WRITE        ACCESS:      29805 HIT:      29805 MISS:          0 MSHR_MERGE:          0
cpu2->cpu2_L2C TRANSLATION  ACCESS:          0 HIT:          0 MISS:          0 MSHR_MERGE:          0
cpu2->cpu2_L2C PREFETCH REQUESTED:          0 ISSUED:          0 USEFUL:          0 USELESS:          0
cpu2->cpu2_L2C AVERAGE MISS LATENCY: 114.8 cycles
cpu2->cpu2_L1I TOTAL        ACCESS:   10527040 HIT:   10520263 MISS:       6777 MSHR_MERGE:       3368
cpu2->cpu2_L1I LOAD         ACCESS:   10527040 HIT:   10520263 MISS:       6777 MSHR_MERGE:       3368
cpu2->cpu2_L1I RFO          ACCESS:          0 HIT:          0 MISS:          0 MSHR_MERGE:          0
cpu2->cpu2_L1I PREFETCH     ACCESS:          0 HIT:          0 MISS:          0 MSHR_MERGE:          0
cpu2->cpu2_L1I WRITE        ACCESS:          0 HIT:          0 MISS:          0 MSHR_MERGE:          0
cpu2->cpu2_L1I TRANSLATION  ACCESS:          0 HIT:          0 MISS:          0 MSHR_MERGE:          0
cpu2->cpu2_L1I PREFETCH REQUESTED:          0 ISSUED:          0 USEFUL:          0 USELESS:          0
cpu2->cpu2_L1I AVERAGE MISS LATENCY: 7.432 cycles
cpu2->cpu2_L1D TOTAL        ACCESS:   12851090 HIT:   12634817 MISS:     216273 MSHR_MERGE:      93199
cpu2->cpu2_L1D LOAD         ACCESS:    7188864 HIT:    7017371 MISS:     171493 MSHR_MERGE:      64608
cpu2->cpu2_L1D RFO          ACCESS:          0 HIT:          0 MISS:          0 MSHR_MERGE:          0
cpu2->cpu2_L1D PREFETCH     ACCESS:          0 HIT:          0 MISS:          0 MSHR_MERGE:          0
cpu2->cpu2_L1D WRITE        ACCESS:    5662226 HIT:    5617446 MISS:      44780 MSHR_MERGE:      28591
cpu2->cpu2_L1D TRANSLATION  ACCESS:          0 HIT:          0 MISS:          0 MSHR_MERGE:          0
cpu2->cpu2_L1D PREFETCH REQUESTED:          0 ISSUED:          0 USEFUL:          0 USELESS:          0
cpu2->cpu2_L1D AVERAGE MISS LATENCY: 9.115 cycles
cpu2->cpu2_ITLB TOTAL        ACCESS:    9461024 HIT:    9461024 MISS:          0 MSHR_MERGE:          0
cpu2->cpu2_ITLB LOAD         ACCESS:    9461024 HIT:    9461024 MISS:          0 MSHR_MERGE:          0
cpu2->cpu2_ITLB RFO          ACCESS:          0 HIT:          0 MISS:          0 MSHR_MERGE:          0
cpu2->cpu2_ITLB PREFETCH     ACCESS:          0 HIT:          0 MISS:          0 MSHR_MERGE:          0
cpu2->cpu2_ITLB WRITE        ACCESS:          0 HIT:          0 MISS:          0 MSHR_MERGE:          0
cpu2->cpu2_ITLB TRANSLATION  ACCESS:          0 HIT:          0 MISS:          0 MSHR_MERGE:          0
cpu2->cpu2_ITLB PREFETCH REQUESTED:          0 ISSUED:          0 USEFUL:          0 USELESS:          0
cpu2->cpu2_ITLB AVERAGE MISS LATENCY: - cycles
cpu2->cpu2_DTLB TOTAL        ACCESS:   11146927 HIT:   11146927 MISS:          0 MSHR_MERGE:          0
cpu2->cpu2_DTLB LOAD         ACCESS:   11146927 HIT:   11146927 MISS:          0 MSHR_MERGE:          0
cpu2->cpu2_DTLB RFO          ACCESS:          0 HIT:          0 MISS:          0 MSHR_MERGE:          0
cpu2->cpu2_DTLB PREFETCH     ACCESS:          0 HIT:          0 MISS:          0 MSHR_MERGE:          0
cpu2->cpu2_DTLB WRITE        ACCESS:          0 HIT:          0 MISS:          0 MSHR_MERGE:          0
cpu2->cpu2_DTLB TRANSLATION  ACCESS:          0 HIT:          0 MISS:          0 MSHR_MERGE:          0
cpu2->cpu2_DTLB PREFETCH REQUESTED:          0 ISSUED:          0 USEFUL:          0 USELESS:          0
cpu2->cpu2_DTLB AVERAGE MISS LATENCY: - cycles
cpu1->cpu1_L2C TOTAL        ACCESS:     156166 HIT:     154996 MISS:       1170 MSHR_MERGE:          0
cpu1->cpu1_L2C LOAD         ACCESS:     110203 HIT:     109033 MISS:       1170 MSHR_MERGE:          0
cpu1->cpu1_L2C RFO          ACCESS:      16182 HIT:      16182 MISS:          0 MSHR_MERGE:          0
cpu1->cpu1_L2C PREFETCH     ACCESS:          0 HIT:          0 MISS:          0 MSHR_MERGE:          0
cpu1->cpu1_L2C WRITE        ACCESS:      29781 HIT:      29781 MISS:          0 MSHR_MERGE:          0
cpu1->cpu1_L2C TRANSLATION  ACCESS:          0 HIT:          0 MISS:          0 MSHR_MERGE:          0
cpu1->cpu1_L2C PREFETCH REQUESTED:          0 ISSUED:          0 USEFUL:          0 USELESS:          0
cpu1->cpu1_L2C AVERAGE MISS LATENCY: 115.8 cycles
cpu1->cpu1_L1I TOTAL        ACCESS:   10516715 HIT:   10509964 MISS:       6751 MSHR_MERGE:       3343
cpu1->cpu1_L1I LOAD         ACCESS:   10516715 HIT:   10509964 MISS:       6751 MSHR_MERGE:       3343
cpu1->cpu1_L1I RFO          ACCESS:          0 HIT:          0 MISS:          0 MSHR_MERGE:          0
cpu1->cpu1_L1I PREFETCH     ACCESS:          0 HIT:          0 MISS:          0 MSHR_MERGE:          0
cpu1->cpu1_L1I WRITE        ACCESS:          0 HIT:          0 MISS:          0 MSHR_MERGE:          0
cpu1->cpu1_L1I TRANSLATION  ACCESS:          0 HIT:          0 MISS:          0 MSHR_MERGE:          0
cpu1->cpu1_L1I PREFETCH REQUESTED:          0 ISSUED:          0 USEFUL:          0 USELESS:          0
cpu1->cpu1_L1I AVERAGE MISS LATENCY: 7.431 cycles
cpu1->cpu1_L1D TOTAL        ACCESS:   12832122 HIT:   12615941 MISS:     216181 MSHR_MERGE:      93204
cpu1->cpu1_L1D LOAD         ACCESS:    7177875 HIT:    7006480 MISS:     171395 MSHR_MERGE:      64600
cpu1->cpu1_L1D RFO          ACCESS:          0 HIT:          0 MISS:          0 MSHR_MERGE:          0
cpu1->cpu1_L1D PREFETCH     ACCESS:          0 HIT:          0 MISS:          0 MSHR_MERGE:          0
cpu1->cpu1_L1D WRITE        ACCESS:    5654247 HIT:    5609461 MISS:      44786 MSHR_MERGE:      28604
cpu1->cpu1_L1D TRANSLATION  ACCESS:          0 HIT:          0 MISS:          0 MSHR_MERGE:          0
cpu1->cpu1_L1D PREFETCH REQUESTED:          0 ISSUED:          0 USEFUL:          0 USELESS:          0
cpu1->cpu1_L1D AVERAGE MISS LATENCY: 9.125 cycles
cpu1->cpu1_ITLB TOTAL        ACCESS:    9472048 HIT:    9472048 MISS:          0 MSHR_MERGE:          0
cpu1->cpu1_ITLB LOAD         ACCESS:    9472048 HIT:    9472048 MISS:          0 MSHR_MERGE:          0
cpu1->cpu1_ITLB RFO          ACCESS:          0 HIT:          0 MISS:          0 MSHR_MERGE:          0
cpu1->cpu1_ITLB PREFETCH     ACCESS:          0 HIT:          0 MISS:          0 MSHR_MERGE:          0
cpu1->cpu1_ITLB WRITE        ACCESS:          0 HIT:          0 MISS:          0 MSHR_MERGE:          0
cpu1->cpu1_ITLB TRANSLATION  ACCESS:          0 HIT:          0 MISS:          0 MSHR_MERGE:          0
cpu1->cpu1_ITLB PREFETCH REQUESTED:          0 ISSUED:          0 USEFUL:          0 USELESS:          0
cpu1->cpu1_ITLB AVERAGE MISS LATENCY: - cycles
cpu1->cpu1_DTLB TOTAL        ACCESS:   11133227 HIT:   11133227 MISS:          0 MSHR_MERGE:          0
cpu1->cpu1_DTLB LOAD         ACCESS:   11133227 HIT:   11133227 MISS:          0 MSHR_MERGE:          0
cpu1->cpu1_DTLB RFO          ACCESS:          0 HIT:          0 MISS:          0 MSHR_MERGE:          0
cpu1->cpu1_DTLB PREFETCH     ACCESS:          0 HIT:          0 MISS:          0 MSHR_MERGE:          0
cpu1->cpu1_DTLB WRITE        ACCESS:          0 HIT:          0 MISS:          0 MSHR_MERGE:          0
cpu1->cpu1_DTLB TRANSLATION  ACCESS:          0 HIT:          0 MISS:          0 MSHR_MERGE:          0
cpu1->cpu1_DTLB PREFETCH REQUESTED:          0 ISSUED:          0 USEFUL:          0 USELESS:          0
cpu1->cpu1_DTLB AVERAGE MISS LATENCY: - cycles
cpu0->cpu0_L2C TOTAL        ACCESS:     156306 HIT:     155137 MISS:       1169 MSHR_MERGE:          0
cpu0->cpu0_L2C LOAD         ACCESS:     110321 HIT:     109152 MISS:       1169 MSHR_MERGE:          0
cpu0->cpu0_L2C RFO          ACCESS:      16175 HIT:      16175 MISS:          0 MSHR_MERGE:          0
cpu0->cpu0_L2C PREFETCH     ACCESS:          0 HIT:          0 MISS:          0 MSHR_MERGE:          0
cpu0->cpu0_L2C WRITE        ACCESS:      29810 HIT:      29810 MISS:          0 MSHR_MERGE:          0
cpu0->cpu0_L2C TRANSLATION  ACCESS:          0 HIT:          0 MISS:          0 MSHR_MERGE:          0
cpu0->cpu0_L2C PREFETCH REQUESTED:          0 ISSUED:          0 USEFUL:          0 USELESS:          0
cpu0->cpu0_L2C AVERAGE MISS LATENCY: 114.9 cycles
cpu0->cpu0_L1I TOTAL        ACCESS:   10529389 HIT:   10522623 MISS:       6766 MSHR_MERGE:       3357
cpu0->cpu0_L1I LOAD         ACCESS:   10529389 HIT:   10522623 MISS:       6766 MSHR_MERGE:       3357
cpu0->cpu0_L1I RFO          ACCESS:          0 HIT:          0 MISS:          0 MSHR_MERGE:          0
cpu0->cpu0_L1I PREFETCH     ACCESS:          0 HIT:          0 MISS:          0 MSHR_MERGE:          0
cpu0->cpu0_L1I WRITE        ACCESS:          0 HIT:          0 MISS:          0 MSHR_MERGE:          0
cpu0->cpu0_L1I TRANSLATION  ACCESS:          0 HIT:          0 MISS:          0 MSHR_MERGE:          0
cpu0->cpu0_L1I PREFETCH REQUESTED:          0 ISSUED:          0 USEFUL:          0 USELESS:          0
cpu0->cpu0_L1I AVERAGE MISS LATENCY: 7.454 cycles
cpu0->cpu0_L1D TOTAL        ACCESS:   12856807 HIT:   12640464 MISS:     216343 MSHR_MERGE:      93254
cpu0->cpu0_L1D LOAD         ACCESS:    7192468 HIT:    7020944 MISS:     171524 MSHR_MERGE:      64612
cpu0->cpu0_L1D RFO          ACCESS:          0 HIT:          0 MISS:          0 MSHR_MERGE:          0
cpu0->cpu0_L1D PREFETCH     ACCESS:          0 HIT:          0 MISS:          0 MSHR_MERGE:          0
cpu0->cpu0_L1D WRITE        ACCESS:    5664339 HIT:    5619520 MISS:      44819 MSHR_MERGE:      28642
cpu0->cpu0_L1D TRANSLATION  ACCESS:          0 HIT:          0 MISS:          0 MSHR_MERGE:          0
cpu0->cpu0_L1D PREFETCH REQUESTED:          0 ISSUED:          0 USEFUL:          0 USELESS:          0
cpu0->cpu0_L1D AVERAGE MISS LATENCY: 9.113 cycles
cpu0->cpu0_ITLB TOTAL        ACCESS:    9482658 HIT:    9482658 MISS:          0 MSHR_MERGE:          0
cpu0->cpu0_ITLB LOAD         ACCESS:    9482658 HIT:    9482658 MISS:          0 MSHR_MERGE:          0
cpu0->cpu0_ITLB RFO          ACCESS:          0 HIT:          0 MISS:          0 MSHR_MERGE:          0
cpu0->cpu0_ITLB PREFETCH     ACCESS:          0 HIT:          0 MISS:          0 MSHR_MERGE:          0
cpu0->cpu0_ITLB WRITE        ACCESS:          0 HIT:          0 MISS:          0 MSHR_MERGE:          0
cpu0->cpu0_ITLB TRANSLATION  ACCESS:          0 HIT:          0 MISS:          0 MSHR_MERGE:          0
cpu0->cpu0_ITLB PREFETCH REQUESTED:          0 ISSUED:          0 USEFUL:          0 USELESS:          0
cpu0->cpu0_ITLB AVERAGE MISS LATENCY: - cycles
cpu0->cpu0_DTLB TOTAL        ACCESS:   11186937 HIT:   11186937 MISS:          0 MSHR_MERGE:          0
cpu0->cpu0_DTLB LOAD         ACCESS:   11186937 HIT:   11186937 MISS:          0 MSHR_MERGE:          0
cpu0->cpu0_DTLB RFO          ACCESS:          0 HIT:          0 MISS:          0 MSHR_MERGE:          0
cpu0->cpu0_DTLB PREFETCH     ACCESS:          0 HIT:          0 MISS:          0 MSHR_MERGE:          0
cpu0->cpu0_DTLB WRITE        ACCESS:          0 HIT:          0 MISS:          0 MSHR_MERGE:          0
cpu0->cpu0_DTLB TRANSLATION  ACCESS:          0 HIT:          0 MISS:          0 MSHR_MERGE:          0
cpu0->cpu0_DTLB PREFETCH REQUESTED:          0 ISSUED:          0 USEFUL:          0 USELESS:          0
cpu0->cpu0_DTLB AVERAGE MISS LATENCY: - cycles
cpu0->LLC TOTAL        ACCESS:       1195 HIT:        641 MISS:        554 MSHR_MERGE:          0
cpu0->LLC LOAD         ACCESS:       1169 HIT:        619 MISS:        550 MSHR_MERGE:          0
cpu0->LLC RFO          ACCESS:          0 HIT:          0 MISS:          0 MSHR_MERGE:          0
cpu0->LLC PREFETCH     ACCESS:          0 HIT:          0 MISS:          0 MSHR_MERGE:          0
cpu0->LLC WRITE        ACCESS:         26 HIT:         22 MISS:          4 MSHR_MERGE:          0
cpu0->LLC TRANSLATION  ACCESS:          0 HIT:          0 MISS:          0 MSHR_MERGE:          0
cpu0->LLC PREFETCH REQUESTED:          0 ISSUED:          0 USEFUL:          0 USELESS:          0
cpu0->LLC AVERAGE MISS LATENCY: 1687 cycles
cpu1->LLC TOTAL        ACCESS:       1196 HIT:        644 MISS:        552 MSHR_MERGE:          0
cpu1->LLC LOAD         ACCESS:       1170 HIT:        621 MISS:        549 MSHR_MERGE:          0
cpu1->LLC RFO          ACCESS:          0 HIT:          0 MISS:          0 MSHR_MERGE:          0
cpu1->LLC PREFETCH     ACCESS:          0 HIT:          0 MISS:          0 MSHR_MERGE:          0
cpu1->LLC WRITE        ACCESS:         26 HIT:         23 MISS:          3 MSHR_MERGE:          0
cpu1->LLC TRANSLATION  ACCESS:          0 HIT:          0 MISS:          0 MSHR_MERGE:          0
cpu1->LLC PREFETCH REQUESTED:          0 ISSUED:          0 USEFUL:          0 USELESS:          0
cpu1->LLC AVERAGE MISS LATENCY: 1693 cycles
cpu2->LLC TOTAL        ACCESS:       1197 HIT:        642 MISS:        555 MSHR_MERGE:          0
cpu2->LLC LOAD         ACCESS:       1171 HIT:        619 MISS:        552 MSHR_MERGE:          0
cpu2->LLC RFO          ACCESS:          0 HIT:          0 MISS:          0 MSHR_MERGE:          0
cpu2->LLC PREFETCH     ACCESS:          0 HIT:          0 MISS:          0 MSHR_MERGE:          0
cpu2->LLC WRITE        ACCESS:         26 HIT:         23 MISS:          3 MSHR_MERGE:          0
cpu2->LLC TRANSLATION  ACCESS:          0 HIT:          0 MISS:          0 MSHR_MERGE:          0
cpu2->LLC PREFETCH REQUESTED:          0 ISSUED:          0 USEFUL:          0 USELESS:          0
cpu2->LLC AVERAGE MISS LATENCY: 1684 cycles
cpu3->LLC TOTAL        ACCESS:       1197 HIT:        643 MISS:        554 MSHR_MERGE:          0
cpu3->LLC LOAD         ACCESS:       1171 HIT:        621 MISS:        550 MSHR_MERGE:          0
cpu3->LLC RFO          ACCESS:          0 HIT:          0 MISS:          0 MSHR_MERGE:          0
cpu3->LLC PREFETCH     ACCESS:          0 HIT:          0 MISS:          0 MSHR_MERGE:          0
cpu3->LLC WRITE        ACCESS:         26 HIT:         22 MISS:          4 MSHR_MERGE:          0
cpu3->LLC TRANSLATION  ACCESS:          0 HIT:          0 MISS:          0 MSHR_MERGE:          0
cpu3->LLC PREFETCH REQUESTED:          0 ISSUED:          0 USEFUL:          0 USELESS:          0
cpu3->LLC AVERAGE MISS LATENCY: 1687 cycles
cpu4->LLC TOTAL        ACCESS:       1197 HIT:        644 MISS:        553 MSHR_MERGE:          0
cpu4->LLC LOAD         ACCESS:       1171 HIT:        621 MISS:        550 MSHR_MERGE:          0
cpu4->LLC RFO          ACCESS:          0 HIT:          0 MISS:          0 MSHR_MERGE:          0
cpu4->LLC PREFETCH     ACCESS:          0 HIT:          0 MISS:          0 MSHR_MERGE:          0
cpu4->LLC WRITE        ACCESS:         26 HIT:         23 MISS:          3 MSHR_MERGE:          0
cpu4->LLC TRANSLATION  ACCESS:          0 HIT:          0 MISS:          0 MSHR_MERGE:          0
cpu4->LLC PREFETCH REQUESTED:          0 ISSUED:          0 USEFUL:          0 USELESS:          0
cpu4->LLC AVERAGE MISS LATENCY: 1690 cycles
cpu5->LLC TOTAL        ACCESS:       1197 HIT:        642 MISS:        555 MSHR_MERGE:          0
cpu5->LLC LOAD         ACCESS:       1171 HIT:        619 MISS:        552 MSHR_MERGE:          0
cpu5->LLC RFO          ACCESS:          0 HIT:          0 MISS:          0 MSHR_MERGE:          0
cpu5->LLC PREFETCH     ACCESS:          0 HIT:          0 MISS:          0 MSHR_MERGE:          0
cpu5->LLC WRITE        ACCESS:         26 HIT:         23 MISS:          3 MSHR_MERGE:          0
cpu5->LLC TRANSLATION  ACCESS:          0 HIT:          0 MISS:          0 MSHR_MERGE:          0
cpu5->LLC PREFETCH REQUESTED:          0 ISSUED:          0 USEFUL:          0 USELESS:          0
cpu5->LLC AVERAGE MISS LATENCY: 1684 cycles
cpu6->LLC TOTAL        ACCESS:       1197 HIT:        645 MISS:        552 MSHR_MERGE:          0
cpu6->LLC LOAD         ACCESS:       1171 HIT:        622 MISS:        549 MSHR_MERGE:          0
cpu6->LLC RFO          ACCESS:          0 HIT:          0 MISS:          0 MSHR_MERGE:          0
cpu6->LLC PREFETCH     ACCESS:          0 HIT:          0 MISS:          0 MSHR_MERGE:          0
cpu6->LLC WRITE        ACCESS:         26 HIT:         23 MISS:          3 MSHR_MERGE:          0
cpu6->LLC TRANSLATION  ACCESS:          0 HIT:          0 MISS:          0 MSHR_MERGE:          0
cpu6->LLC PREFETCH REQUESTED:          0 ISSUED:          0 USEFUL:          0 USELESS:          0
cpu6->LLC AVERAGE MISS LATENCY: 1693 cycles
cpu7->LLC TOTAL        ACCESS:       1196 HIT:        642 MISS:        554 MSHR_MERGE:          0
cpu7->LLC LOAD         ACCESS:       1170 HIT:        619 MISS:        551 MSHR_MERGE:          0
cpu7->LLC RFO          ACCESS:          0 HIT:          0 MISS:          0 MSHR_MERGE:          0
cpu7->LLC PREFETCH     ACCESS:          0 HIT:          0 MISS:          0 MSHR_MERGE:          0
cpu7->LLC WRITE        ACCESS:         26 HIT:         23 MISS:          3 MSHR_MERGE:          0
cpu7->LLC TRANSLATION  ACCESS:          0 HIT:          0 MISS:          0 MSHR_MERGE:          0
cpu7->LLC PREFETCH REQUESTED:          0 ISSUED:          0 USEFUL:          0 USELESS:          0
cpu7->LLC AVERAGE MISS LATENCY: 1687 cycles

DRAM Statistics

Channel 0 READ REQS:       2088	WRITE REQS:          7
  READS:       2088	READ_HITS:        123
  WRITES:          7	WRITE HITS:          0
  ACTIVATES:       1972	PRECHARGES:       1940
  RQ FULL:          0	WQ FULL:          0
  WRITE DRAINS:          6	FORCED:          0
  MEAN WRITE IMBALANCE:          1
  READ OCCU PRE DRAIN:          0	POST DRAIN:          1
  MEAN WLP: 1.1666666666666667
  READ LATENCY: 50.13553639846743

Channel 1 READ REQS:       2315	WRITE REQS:         24
  READS:       2315	READ_HITS:        151
  WRITES:         24	WRITE HITS:          0
  ACTIVATES:       2188	PRECHARGES:       2156
  RQ FULL:          0	WQ FULL:          0
  WRITE DRAINS:         10	FORCED:          0
  MEAN WRITE IMBALANCE:        1.1
  READ OCCU PRE DRAIN:          0	POST DRAIN:          1
  MEAN WLP:        2.1
  READ LATENCY: 49.89978401727862
WCACHE NON LRU EVICTS: 28	TOTAL EVICTS: 936	EAGER WB: 0
