[VMEM] WARNING: physical memory size is smaller than virtual memory size.
dram page policy: is open = 1	is close = 0	is soft close = 0	cmd arg = 0

*** ChampSim Multicore Out-of-Order Simulator ***
Warmup Instructions: 25000000
Simulation Instructions: 50000000
Number of CPUs: 8
Page size: 2097152

CL :	 16.64 ns
CWL :	 15.808 ns
tRP :	 16.224 ns
tRCD :	 16.224 ns
tRAS :	 32.032000000000004 ns
tRTP :	 7.904 ns
tWR :	 30.368000000000002 ns

tCCD_S :	 3.3280000000000003 ns
tCCD_S_WR :	 3.3280000000000003 ns
tCCD_S_WTR :	 22.048000000000002 ns
tCCD_L :	 5.408 ns
tCCD_L_WR :	 20.384 ns
tCCD_L_WTR :	 29.536 ns
tRRD_S :	 3.3280000000000003 ns
tRRD_L :	 5.408 ns
tFAW :	 13.728 ns
Address mapping (perm = 1) 	ch co bg bg bg ba ba co co co co co co ro ro ro ro ro ro ro ro ro ro ro ro ro ro ro 
dram queue size: R = 64 W = 48 (low:high is 9:39)
max lookup for evict 0	evict = 16, eager = 16
Heartbeat CPU 7 instructions: 10000001 cycles: 2517532 heartbeat IPC: 3.972 cumulative IPC: 3.972 (Simulation time: 00 hr 12 min 35 sec)
Heartbeat CPU 0 instructions: 10000001 cycles: 2518221 heartbeat IPC: 3.971 cumulative IPC: 3.971 (Simulation time: 00 hr 12 min 35 sec)
Heartbeat CPU 3 instructions: 10000001 cycles: 2518302 heartbeat IPC: 3.971 cumulative IPC: 3.971 (Simulation time: 00 hr 12 min 35 sec)
Heartbeat CPU 6 instructions: 10000003 cycles: 2518344 heartbeat IPC: 3.971 cumulative IPC: 3.971 (Simulation time: 00 hr 12 min 35 sec)
Heartbeat CPU 1 instructions: 10000000 cycles: 2520642 heartbeat IPC: 3.967 cumulative IPC: 3.967 (Simulation time: 00 hr 12 min 35 sec)
Heartbeat CPU 5 instructions: 10000001 cycles: 2520738 heartbeat IPC: 3.967 cumulative IPC: 3.967 (Simulation time: 00 hr 12 min 36 sec)
Heartbeat CPU 4 instructions: 10000000 cycles: 2520850 heartbeat IPC: 3.967 cumulative IPC: 3.967 (Simulation time: 00 hr 12 min 36 sec)
Heartbeat CPU 2 instructions: 10000003 cycles: 2521116 heartbeat IPC: 3.966 cumulative IPC: 3.966 (Simulation time: 00 hr 12 min 36 sec)
Heartbeat CPU 7 instructions: 20000003 cycles: 5032522 heartbeat IPC: 3.976 cumulative IPC: 3.974 (Simulation time: 00 hr 25 min 06 sec)
Heartbeat CPU 0 instructions: 20000003 cycles: 5033194 heartbeat IPC: 3.976 cumulative IPC: 3.974 (Simulation time: 00 hr 25 min 07 sec)
Heartbeat CPU 3 instructions: 20000003 cycles: 5033270 heartbeat IPC: 3.976 cumulative IPC: 3.974 (Simulation time: 00 hr 25 min 07 sec)
Heartbeat CPU 6 instructions: 20000003 cycles: 5033275 heartbeat IPC: 3.976 cumulative IPC: 3.974 (Simulation time: 00 hr 25 min 07 sec)
Heartbeat CPU 1 instructions: 20000003 cycles: 5041093 heartbeat IPC: 3.968 cumulative IPC: 3.967 (Simulation time: 00 hr 25 min 09 sec)
Heartbeat CPU 4 instructions: 20000004 cycles: 5041288 heartbeat IPC: 3.968 cumulative IPC: 3.967 (Simulation time: 00 hr 25 min 09 sec)
Heartbeat CPU 5 instructions: 20000003 cycles: 5041326 heartbeat IPC: 3.967 cumulative IPC: 3.967 (Simulation time: 00 hr 25 min 09 sec)
Heartbeat CPU 2 instructions: 20000003 cycles: 5041967 heartbeat IPC: 3.967 cumulative IPC: 3.967 (Simulation time: 00 hr 25 min 09 sec)
Warmup finished CPU 0 instructions: 25000000 cycles: 6289589 cumulative IPC: 3.975 (Simulation time: 00 hr 31 min 23 sec)
Warmup finished CPU 3 instructions: 25000000 cycles: 6289680 cumulative IPC: 3.975 (Simulation time: 00 hr 31 min 23 sec)
Warmup finished CPU 7 instructions: 25000003 cycles: 6289748 cumulative IPC: 3.975 (Simulation time: 00 hr 31 min 23 sec)
Warmup finished CPU 6 instructions: 25000000 cycles: 6290533 cumulative IPC: 3.974 (Simulation time: 00 hr 31 min 23 sec)
Warmup finished CPU 1 instructions: 25000000 cycles: 6301401 cumulative IPC: 3.967 (Simulation time: 00 hr 31 min 26 sec)
Warmup finished CPU 5 instructions: 25000000 cycles: 6301549 cumulative IPC: 3.967 (Simulation time: 00 hr 31 min 27 sec)
Warmup finished CPU 4 instructions: 25000000 cycles: 6301816 cumulative IPC: 3.967 (Simulation time: 00 hr 31 min 27 sec)
Warmup finished CPU 2 instructions: 25000000 cycles: 6301966 cumulative IPC: 3.967 (Simulation time: 00 hr 31 min 27 sec)
Warmup complete CPU 7 instructions: 25048151 cycles: 6301966 cumulative IPC: 3.975 (Simulation time: 00 hr 31 min 27 sec)
Warmup complete CPU 6 instructions: 25045231 cycles: 6301966 cumulative IPC: 3.974 (Simulation time: 00 hr 31 min 27 sec)
Warmup complete CPU 5 instructions: 25001580 cycles: 6301966 cumulative IPC: 3.967 (Simulation time: 00 hr 31 min 27 sec)
Warmup complete CPU 4 instructions: 25000357 cycles: 6301966 cumulative IPC: 3.967 (Simulation time: 00 hr 31 min 27 sec)
Warmup complete CPU 3 instructions: 25048581 cycles: 6301966 cumulative IPC: 3.975 (Simulation time: 00 hr 31 min 27 sec)
Warmup complete CPU 2 instructions: 25000000 cycles: 6301966 cumulative IPC: 3.967 (Simulation time: 00 hr 31 min 27 sec)
Warmup complete CPU 1 instructions: 25002132 cycles: 6301966 cumulative IPC: 3.967 (Simulation time: 00 hr 31 min 27 sec)
Warmup complete CPU 0 instructions: 25048964 cycles: 6301966 cumulative IPC: 3.975 (Simulation time: 00 hr 31 min 27 sec)
Heartbeat CPU 0 instructions: 30000005 cycles: 7883707 heartbeat IPC: 3.508 cumulative IPC: 3.13 (Simulation time: 00 hr 39 min 05 sec)
Heartbeat CPU 7 instructions: 30000005 cycles: 7885487 heartbeat IPC: 3.505 cumulative IPC: 3.127 (Simulation time: 00 hr 39 min 05 sec)
Heartbeat CPU 3 instructions: 30000005 cycles: 7885837 heartbeat IPC: 3.506 cumulative IPC: 3.126 (Simulation time: 00 hr 39 min 06 sec)
Heartbeat CPU 6 instructions: 30000005 cycles: 7886967 heartbeat IPC: 3.504 cumulative IPC: 3.126 (Simulation time: 00 hr 39 min 06 sec)
Heartbeat CPU 5 instructions: 30000005 cycles: 7902452 heartbeat IPC: 3.495 cumulative IPC: 3.123 (Simulation time: 00 hr 39 min 10 sec)
Heartbeat CPU 1 instructions: 30000005 cycles: 7903462 heartbeat IPC: 3.494 cumulative IPC: 3.121 (Simulation time: 00 hr 39 min 11 sec)
Heartbeat CPU 4 instructions: 30000005 cycles: 7903612 heartbeat IPC: 3.494 cumulative IPC: 3.122 (Simulation time: 00 hr 39 min 11 sec)
Heartbeat CPU 2 instructions: 30000005 cycles: 7904563 heartbeat IPC: 3.493 cumulative IPC: 3.12 (Simulation time: 00 hr 39 min 11 sec)
Heartbeat CPU 7 instructions: 40000007 cycles: 11116822 heartbeat IPC: 3.095 cumulative IPC: 3.105 (Simulation time: 00 hr 54 min 44 sec)
Heartbeat CPU 0 instructions: 40000007 cycles: 11117153 heartbeat IPC: 3.093 cumulative IPC: 3.105 (Simulation time: 00 hr 54 min 44 sec)
Heartbeat CPU 3 instructions: 40000007 cycles: 11120004 heartbeat IPC: 3.092 cumulative IPC: 3.103 (Simulation time: 00 hr 54 min 45 sec)
Heartbeat CPU 6 instructions: 40000007 cycles: 11121086 heartbeat IPC: 3.092 cumulative IPC: 3.103 (Simulation time: 00 hr 54 min 45 sec)
Heartbeat CPU 4 instructions: 40000007 cycles: 11133366 heartbeat IPC: 3.096 cumulative IPC: 3.105 (Simulation time: 00 hr 54 min 49 sec)
Heartbeat CPU 5 instructions: 40000007 cycles: 11135609 heartbeat IPC: 3.093 cumulative IPC: 3.103 (Simulation time: 00 hr 54 min 49 sec)
Heartbeat CPU 2 instructions: 40000007 cycles: 11137283 heartbeat IPC: 3.093 cumulative IPC: 3.102 (Simulation time: 00 hr 54 min 50 sec)
Heartbeat CPU 1 instructions: 40000007 cycles: 11138517 heartbeat IPC: 3.091 cumulative IPC: 3.101 (Simulation time: 00 hr 54 min 50 sec)
Heartbeat CPU 7 instructions: 50000008 cycles: 14271975 heartbeat IPC: 3.169 cumulative IPC: 3.131 (Simulation time: 01 hr 10 min 20 sec)
Heartbeat CPU 0 instructions: 50000011 cycles: 14272240 heartbeat IPC: 3.169 cumulative IPC: 3.131 (Simulation time: 01 hr 10 min 20 sec)
Heartbeat CPU 3 instructions: 50000011 cycles: 14274537 heartbeat IPC: 3.17 cumulative IPC: 3.13 (Simulation time: 01 hr 10 min 21 sec)
Heartbeat CPU 6 instructions: 50000009 cycles: 14276308 heartbeat IPC: 3.169 cumulative IPC: 3.129 (Simulation time: 01 hr 10 min 22 sec)
Heartbeat CPU 4 instructions: 50000011 cycles: 14285762 heartbeat IPC: 3.172 cumulative IPC: 3.131 (Simulation time: 01 hr 10 min 24 sec)
Heartbeat CPU 5 instructions: 50000007 cycles: 14290068 heartbeat IPC: 3.17 cumulative IPC: 3.129 (Simulation time: 01 hr 10 min 26 sec)
Heartbeat CPU 2 instructions: 50000009 cycles: 14291299 heartbeat IPC: 3.171 cumulative IPC: 3.129 (Simulation time: 01 hr 10 min 26 sec)
Heartbeat CPU 1 instructions: 50000008 cycles: 14295813 heartbeat IPC: 3.167 cumulative IPC: 3.127 (Simulation time: 01 hr 10 min 27 sec)
Heartbeat CPU 0 instructions: 60000011 cycles: 17439159 heartbeat IPC: 3.158 cumulative IPC: 3.138 (Simulation time: 01 hr 25 min 58 sec)
Heartbeat CPU 7 instructions: 60000011 cycles: 17439825 heartbeat IPC: 3.157 cumulative IPC: 3.138 (Simulation time: 01 hr 25 min 58 sec)
Heartbeat CPU 3 instructions: 60000011 cycles: 17442145 heartbeat IPC: 3.157 cumulative IPC: 3.137 (Simulation time: 01 hr 25 min 59 sec)
Heartbeat CPU 6 instructions: 60000011 cycles: 17443451 heartbeat IPC: 3.157 cumulative IPC: 3.137 (Simulation time: 01 hr 25 min 59 sec)
Heartbeat CPU 4 instructions: 60000011 cycles: 17451789 heartbeat IPC: 3.159 cumulative IPC: 3.139 (Simulation time: 01 hr 26 min 02 sec)
Heartbeat CPU 5 instructions: 60000011 cycles: 17455781 heartbeat IPC: 3.159 cumulative IPC: 3.138 (Simulation time: 01 hr 26 min 03 sec)
Heartbeat CPU 2 instructions: 60000011 cycles: 17456942 heartbeat IPC: 3.159 cumulative IPC: 3.138 (Simulation time: 01 hr 26 min 04 sec)
Heartbeat CPU 1 instructions: 60000011 cycles: 17465085 heartbeat IPC: 3.155 cumulative IPC: 3.135 (Simulation time: 01 hr 26 min 06 sec)
Heartbeat CPU 0 instructions: 70000012 cycles: 20610013 heartbeat IPC: 3.154 cumulative IPC: 3.142 (Simulation time: 01 hr 41 min 36 sec)
Heartbeat CPU 7 instructions: 70000012 cycles: 20611496 heartbeat IPC: 3.153 cumulative IPC: 3.141 (Simulation time: 01 hr 41 min 36 sec)
Heartbeat CPU 3 instructions: 70000014 cycles: 20613241 heartbeat IPC: 3.153 cumulative IPC: 3.141 (Simulation time: 01 hr 41 min 37 sec)
Heartbeat CPU 6 instructions: 70000012 cycles: 20616038 heartbeat IPC: 3.152 cumulative IPC: 3.141 (Simulation time: 01 hr 41 min 37 sec)
Heartbeat CPU 4 instructions: 70000014 cycles: 20622254 heartbeat IPC: 3.154 cumulative IPC: 3.142 (Simulation time: 01 hr 41 min 39 sec)
Heartbeat CPU 5 instructions: 70000013 cycles: 20625588 heartbeat IPC: 3.155 cumulative IPC: 3.142 (Simulation time: 01 hr 41 min 40 sec)
Heartbeat CPU 2 instructions: 70000013 cycles: 20626913 heartbeat IPC: 3.155 cumulative IPC: 3.141 (Simulation time: 01 hr 41 min 41 sec)
Heartbeat CPU 1 instructions: 70000014 cycles: 20637571 heartbeat IPC: 3.152 cumulative IPC: 3.139 (Simulation time: 01 hr 41 min 44 sec)
Simulation finished CPU 4 instructions: 50000002 cycles: 15887018 cumulative IPC: 3.147 (Simulation time: 01 hr 49 min 24 sec)
Simulation finished CPU 0 instructions: 50000000 cycles: 15889676 cumulative IPC: 3.147 (Simulation time: 01 hr 49 min 24 sec)
Simulation finished CPU 7 instructions: 50000002 cycles: 15890974 cumulative IPC: 3.146 (Simulation time: 01 hr 49 min 25 sec)
Simulation finished CPU 5 instructions: 50000001 cycles: 15891650 cumulative IPC: 3.146 (Simulation time: 01 hr 49 min 25 sec)
Simulation finished CPU 2 instructions: 50000003 cycles: 15892306 cumulative IPC: 3.146 (Simulation time: 01 hr 49 min 25 sec)
Simulation finished CPU 3 instructions: 50000004 cycles: 15893117 cumulative IPC: 3.146 (Simulation time: 01 hr 49 min 25 sec)
Simulation finished CPU 6 instructions: 50000000 cycles: 15894360 cumulative IPC: 3.146 (Simulation time: 01 hr 49 min 26 sec)
Simulation finished CPU 1 instructions: 50000002 cycles: 15905479 cumulative IPC: 3.144 (Simulation time: 01 hr 49 min 29 sec)
Simulation complete CPU 7 instructions: 50050735 cycles: 15905479 cumulative IPC: 3.147 (Simulation time: 01 hr 49 min 29 sec)
Simulation complete CPU 6 instructions: 50038642 cycles: 15905479 cumulative IPC: 3.146 (Simulation time: 01 hr 49 min 29 sec)
Simulation complete CPU 5 instructions: 50048509 cycles: 15905479 cumulative IPC: 3.147 (Simulation time: 01 hr 49 min 29 sec)
Simulation complete CPU 4 instructions: 50064774 cycles: 15905479 cumulative IPC: 3.148 (Simulation time: 01 hr 49 min 29 sec)
Simulation complete CPU 3 instructions: 50043087 cycles: 15905479 cumulative IPC: 3.146 (Simulation time: 01 hr 49 min 29 sec)
Simulation complete CPU 2 instructions: 50046340 cycles: 15905479 cumulative IPC: 3.146 (Simulation time: 01 hr 49 min 29 sec)
Simulation complete CPU 1 instructions: 50000002 cycles: 15905479 cumulative IPC: 3.144 (Simulation time: 01 hr 49 min 29 sec)
Simulation complete CPU 0 instructions: 50055552 cycles: 15905479 cumulative IPC: 3.147 (Simulation time: 01 hr 49 min 29 sec)

ChampSim completed all CPUs

=== Simulation ===
CPU 0 runs ../frost/TRACES/ctf/spec2017/644.nab_s-12459B.champsimtrace.xz
CPU 1 runs ../frost/TRACES/ctf/spec2017/644.nab_s-12459B.champsimtrace.xz
CPU 2 runs ../frost/TRACES/ctf/spec2017/644.nab_s-12459B.champsimtrace.xz
CPU 3 runs ../frost/TRACES/ctf/spec2017/644.nab_s-12459B.champsimtrace.xz
CPU 4 runs ../frost/TRACES/ctf/spec2017/644.nab_s-12459B.champsimtrace.xz
CPU 5 runs ../frost/TRACES/ctf/spec2017/644.nab_s-12459B.champsimtrace.xz
CPU 6 runs ../frost/TRACES/ctf/spec2017/644.nab_s-12459B.champsimtrace.xz
CPU 7 runs ../frost/TRACES/ctf/spec2017/644.nab_s-12459B.champsimtrace.xz

Total Simulation Statistics (not including warmup)

CPU 7 cumulative IPC: 3.147 instructions: 50050735 cycles: 15905479
CPU 7 Branch Prediction Accuracy: 100% MPKI: 0 Average ROB Occupancy at Mispredict: -
Branch type MPKI
BRANCH_DIRECT_JUMP: 0
BRANCH_INDIRECT: 0
BRANCH_CONDITIONAL: 0
BRANCH_DIRECT_CALL: 0
BRANCH_INDIRECT_CALL: 0
BRANCH_RETURN: 0


CPU 6 cumulative IPC: 3.146 instructions: 50038642 cycles: 15905479
CPU 6 Branch Prediction Accuracy: 100% MPKI: 0 Average ROB Occupancy at Mispredict: -
Branch type MPKI
BRANCH_DIRECT_JUMP: 0
BRANCH_INDIRECT: 0
BRANCH_CONDITIONAL: 0
BRANCH_DIRECT_CALL: 0
BRANCH_INDIRECT_CALL: 0
BRANCH_RETURN: 0


CPU 5 cumulative IPC: 3.147 instructions: 50048509 cycles: 15905479
CPU 5 Branch Prediction Accuracy: 100% MPKI: 0 Average ROB Occupancy at Mispredict: -
Branch type MPKI
BRANCH_DIRECT_JUMP: 0
BRANCH_INDIRECT: 0
BRANCH_CONDITIONAL: 0
BRANCH_DIRECT_CALL: 0
BRANCH_INDIRECT_CALL: 0
BRANCH_RETURN: 0


CPU 4 cumulative IPC: 3.148 instructions: 50064774 cycles: 15905479
CPU 4 Branch Prediction Accuracy: 100% MPKI: 0 Average ROB Occupancy at Mispredict: -
Branch type MPKI
BRANCH_DIRECT_JUMP: 0
BRANCH_INDIRECT: 0
BRANCH_CONDITIONAL: 0
BRANCH_DIRECT_CALL: 0
BRANCH_INDIRECT_CALL: 0
BRANCH_RETURN: 0


CPU 3 cumulative IPC: 3.146 instructions: 50043087 cycles: 15905479
CPU 3 Branch Prediction Accuracy: 100% MPKI: 0 Average ROB Occupancy at Mispredict: -
Branch type MPKI
BRANCH_DIRECT_JUMP: 0
BRANCH_INDIRECT: 0
BRANCH_CONDITIONAL: 0
BRANCH_DIRECT_CALL: 0
BRANCH_INDIRECT_CALL: 0
BRANCH_RETURN: 0


CPU 2 cumulative IPC: 3.146 instructions: 50046340 cycles: 15905479
CPU 2 Branch Prediction Accuracy: 100% MPKI: 0 Average ROB Occupancy at Mispredict: -
Branch type MPKI
BRANCH_DIRECT_JUMP: 0
BRANCH_INDIRECT: 0
BRANCH_CONDITIONAL: 0
BRANCH_DIRECT_CALL: 0
BRANCH_INDIRECT_CALL: 0
BRANCH_RETURN: 0


CPU 1 cumulative IPC: 3.144 instructions: 50000002 cycles: 15905479
CPU 1 Branch Prediction Accuracy: 100% MPKI: 0 Average ROB Occupancy at Mispredict: -
Branch type MPKI
BRANCH_DIRECT_JUMP: 0
BRANCH_INDIRECT: 0
BRANCH_CONDITIONAL: 0
BRANCH_DIRECT_CALL: 0
BRANCH_INDIRECT_CALL: 0
BRANCH_RETURN: 0


CPU 0 cumulative IPC: 3.147 instructions: 50055552 cycles: 15905479
CPU 0 Branch Prediction Accuracy: 100% MPKI: 0 Average ROB Occupancy at Mispredict: -
Branch type MPKI
BRANCH_DIRECT_JUMP: 0
BRANCH_INDIRECT: 0
BRANCH_CONDITIONAL: 0
BRANCH_DIRECT_CALL: 0
BRANCH_INDIRECT_CALL: 0
BRANCH_RETURN: 0

cpu7->cpu7_L2C TOTAL        ACCESS:     342896 HIT:     322199 MISS:      20697 MSHR_MERGE:          0
cpu7->cpu7_L2C LOAD         ACCESS:     299684 HIT:     286507 MISS:      13177 MSHR_MERGE:          0
cpu7->cpu7_L2C RFO          ACCESS:      17470 HIT:       9982 MISS:       7488 MSHR_MERGE:          0
cpu7->cpu7_L2C PREFETCH     ACCESS:          0 HIT:          0 MISS:          0 MSHR_MERGE:          0
cpu7->cpu7_L2C WRITE        ACCESS:      25742 HIT:      25710 MISS:         32 MSHR_MERGE:          0
cpu7->cpu7_L2C TRANSLATION  ACCESS:          0 HIT:          0 MISS:          0 MSHR_MERGE:          0
cpu7->cpu7_L2C PREFETCH REQUESTED:          0 ISSUED:          0 USEFUL:          0 USELESS:          0
cpu7->cpu7_L2C AVERAGE MISS LATENCY: 100.3 cycles
cpu7->cpu7_L1I TOTAL        ACCESS:    8077586 HIT:    8077586 MISS:          0 MSHR_MERGE:          0
cpu7->cpu7_L1I LOAD         ACCESS:    8077586 HIT:    8077586 MISS:          0 MSHR_MERGE:          0
cpu7->cpu7_L1I RFO          ACCESS:          0 HIT:          0 MISS:          0 MSHR_MERGE:          0
cpu7->cpu7_L1I PREFETCH     ACCESS:          0 HIT:          0 MISS:          0 MSHR_MERGE:          0
cpu7->cpu7_L1I WRITE        ACCESS:          0 HIT:          0 MISS:          0 MSHR_MERGE:          0
cpu7->cpu7_L1I TRANSLATION  ACCESS:          0 HIT:          0 MISS:          0 MSHR_MERGE:          0
cpu7->cpu7_L1I PREFETCH REQUESTED:          0 ISSUED:          0 USEFUL:          0 USELESS:          0
cpu7->cpu7_L1I AVERAGE MISS LATENCY: - cycles
cpu7->cpu7_L1D TOTAL        ACCESS:   11378269 HIT:   10841467 MISS:     536802 MSHR_MERGE:     219646
cpu7->cpu7_L1D LOAD         ACCESS:    6315051 HIT:    5917081 MISS:     397970 MSHR_MERGE:      98286
cpu7->cpu7_L1D RFO          ACCESS:          0 HIT:          0 MISS:          0 MSHR_MERGE:          0
cpu7->cpu7_L1D PREFETCH     ACCESS:          0 HIT:          0 MISS:          0 MSHR_MERGE:          0
cpu7->cpu7_L1D WRITE        ACCESS:    5063218 HIT:    4924386 MISS:     138832 MSHR_MERGE:     121360
cpu7->cpu7_L1D TRANSLATION  ACCESS:          0 HIT:          0 MISS:          0 MSHR_MERGE:          0
cpu7->cpu7_L1D PREFETCH REQUESTED:          0 ISSUED:          0 USEFUL:          0 USELESS:          0
cpu7->cpu7_L1D AVERAGE MISS LATENCY: 14.62 cycles
cpu7->cpu7_ITLB TOTAL        ACCESS:    7160600 HIT:    7160600 MISS:          0 MSHR_MERGE:          0
cpu7->cpu7_ITLB LOAD         ACCESS:    7160600 HIT:    7160600 MISS:          0 MSHR_MERGE:          0
cpu7->cpu7_ITLB RFO          ACCESS:          0 HIT:          0 MISS:          0 MSHR_MERGE:          0
cpu7->cpu7_ITLB PREFETCH     ACCESS:          0 HIT:          0 MISS:          0 MSHR_MERGE:          0
cpu7->cpu7_ITLB WRITE        ACCESS:          0 HIT:          0 MISS:          0 MSHR_MERGE:          0
cpu7->cpu7_ITLB TRANSLATION  ACCESS:          0 HIT:          0 MISS:          0 MSHR_MERGE:          0
cpu7->cpu7_ITLB PREFETCH REQUESTED:          0 ISSUED:          0 USEFUL:          0 USELESS:          0
cpu7->cpu7_ITLB AVERAGE MISS LATENCY: - cycles
cpu7->cpu7_DTLB TOTAL        ACCESS:   10471278 HIT:   10471278 MISS:          0 MSHR_MERGE:          0
cpu7->cpu7_DTLB LOAD         ACCESS:   10471278 HIT:   10471278 MISS:          0 MSHR_MERGE:          0
cpu7->cpu7_DTLB RFO          ACCESS:          0 HIT:          0 MISS:          0 MSHR_MERGE:          0
cpu7->cpu7_DTLB PREFETCH     ACCESS:          0 HIT:          0 MISS:          0 MSHR_MERGE:          0
cpu7->cpu7_DTLB WRITE        ACCESS:          0 HIT:          0 MISS:          0 MSHR_MERGE:          0
cpu7->cpu7_DTLB TRANSLATION  ACCESS:          0 HIT:          0 MISS:          0 MSHR_MERGE:          0
cpu7->cpu7_DTLB PREFETCH REQUESTED:          0 ISSUED:          0 USEFUL:          0 USELESS:          0
cpu7->cpu7_DTLB AVERAGE MISS LATENCY: - cycles
cpu6->cpu6_L2C TOTAL        ACCESS:     342912 HIT:     322209 MISS:      20703 MSHR_MERGE:          0
cpu6->cpu6_L2C LOAD         ACCESS:     299714 HIT:     286532 MISS:      13182 MSHR_MERGE:          0
cpu6->cpu6_L2C RFO          ACCESS:      17466 HIT:       9980 MISS:       7486 MSHR_MERGE:          0
cpu6->cpu6_L2C PREFETCH     ACCESS:          0 HIT:          0 MISS:          0 MSHR_MERGE:          0
cpu6->cpu6_L2C WRITE        ACCESS:      25732 HIT:      25697 MISS:         35 MSHR_MERGE:          0
cpu6->cpu6_L2C TRANSLATION  ACCESS:          0 HIT:          0 MISS:          0 MSHR_MERGE:          0
cpu6->cpu6_L2C PREFETCH REQUESTED:          0 ISSUED:          0 USEFUL:          0 USELESS:          0
cpu6->cpu6_L2C AVERAGE MISS LATENCY: 100.4 cycles
cpu6->cpu6_L1I TOTAL        ACCESS:    8072969 HIT:    8072969 MISS:          0 MSHR_MERGE:          0
cpu6->cpu6_L1I LOAD         ACCESS:    8072969 HIT:    8072969 MISS:          0 MSHR_MERGE:          0
cpu6->cpu6_L1I RFO          ACCESS:          0 HIT:          0 MISS:          0 MSHR_MERGE:          0
cpu6->cpu6_L1I PREFETCH     ACCESS:          0 HIT:          0 MISS:          0 MSHR_MERGE:          0
cpu6->cpu6_L1I WRITE        ACCESS:          0 HIT:          0 MISS:          0 MSHR_MERGE:          0
cpu6->cpu6_L1I TRANSLATION  ACCESS:          0 HIT:          0 MISS:          0 MSHR_MERGE:          0
cpu6->cpu6_L1I PREFETCH REQUESTED:          0 ISSUED:          0 USEFUL:          0 USELESS:          0
cpu6->cpu6_L1I AVERAGE MISS LATENCY: - cycles
cpu6->cpu6_L1D TOTAL        ACCESS:   11377821 HIT:   10840910 MISS:     536911 MSHR_MERGE:     219730
cpu6->cpu6_L1D LOAD         ACCESS:    6315075 HIT:    5916943 MISS:     398132 MSHR_MERGE:      98417
cpu6->cpu6_L1D RFO          ACCESS:          0 HIT:          0 MISS:          0 MSHR_MERGE:          0
cpu6->cpu6_L1D PREFETCH     ACCESS:          0 HIT:          0 MISS:          0 MSHR_MERGE:          0
cpu6->cpu6_L1D WRITE        ACCESS:    5062746 HIT:    4923967 MISS:     138779 MSHR_MERGE:     121313
cpu6->cpu6_L1D TRANSLATION  ACCESS:          0 HIT:          0 MISS:          0 MSHR_MERGE:          0
cpu6->cpu6_L1D PREFETCH REQUESTED:          0 ISSUED:          0 USEFUL:          0 USELESS:          0
cpu6->cpu6_L1D AVERAGE MISS LATENCY: 14.62 cycles
cpu6->cpu6_ITLB TOTAL        ACCESS:    7158246 HIT:    7158246 MISS:          0 MSHR_MERGE:          0
cpu6->cpu6_ITLB LOAD         ACCESS:    7158246 HIT:    7158246 MISS:          0 MSHR_MERGE:          0
cpu6->cpu6_ITLB RFO          ACCESS:          0 HIT:          0 MISS:          0 MSHR_MERGE:          0
cpu6->cpu6_ITLB PREFETCH     ACCESS:          0 HIT:          0 MISS:          0 MSHR_MERGE:          0
cpu6->cpu6_ITLB WRITE        ACCESS:          0 HIT:          0 MISS:          0 MSHR_MERGE:          0
cpu6->cpu6_ITLB TRANSLATION  ACCESS:          0 HIT:          0 MISS:          0 MSHR_MERGE:          0
cpu6->cpu6_ITLB PREFETCH REQUESTED:          0 ISSUED:          0 USEFUL:          0 USELESS:          0
cpu6->cpu6_ITLB AVERAGE MISS LATENCY: - cycles
cpu6->cpu6_DTLB TOTAL        ACCESS:   10483057 HIT:   10483057 MISS:          0 MSHR_MERGE:          0
cpu6->cpu6_DTLB LOAD         ACCESS:   10483057 HIT:   10483057 MISS:          0 MSHR_MERGE:          0
cpu6->cpu6_DTLB RFO          ACCESS:          0 HIT:          0 MISS:          0 MSHR_MERGE:          0
cpu6->cpu6_DTLB PREFETCH     ACCESS:          0 HIT:          0 MISS:          0 MSHR_MERGE:          0
cpu6->cpu6_DTLB WRITE        ACCESS:          0 HIT:          0 MISS:          0 MSHR_MERGE:          0
cpu6->cpu6_DTLB TRANSLATION  ACCESS:          0 HIT:          0 MISS:          0 MSHR_MERGE:          0
cpu6->cpu6_DTLB PREFETCH REQUESTED:          0 ISSUED:          0 USEFUL:          0 USELESS:          0
cpu6->cpu6_DTLB AVERAGE MISS LATENCY: - cycles
cpu5->cpu5_L2C TOTAL        ACCESS:     343355 HIT:     322615 MISS:      20740 MSHR_MERGE:          0
cpu5->cpu5_L2C LOAD         ACCESS:     300112 HIT:     286892 MISS:      13220 MSHR_MERGE:          0
cpu5->cpu5_L2C RFO          ACCESS:      17485 HIT:       9997 MISS:       7488 MSHR_MERGE:          0
cpu5->cpu5_L2C PREFETCH     ACCESS:          0 HIT:          0 MISS:          0 MSHR_MERGE:          0
cpu5->cpu5_L2C WRITE        ACCESS:      25758 HIT:      25726 MISS:         32 MSHR_MERGE:          0
cpu5->cpu5_L2C TRANSLATION  ACCESS:          0 HIT:          0 MISS:          0 MSHR_MERGE:          0
cpu5->cpu5_L2C PREFETCH REQUESTED:          0 ISSUED:          0 USEFUL:          0 USELESS:          0
cpu5->cpu5_L2C AVERAGE MISS LATENCY: 103.3 cycles
cpu5->cpu5_L1I TOTAL        ACCESS:    8077526 HIT:    8077526 MISS:          0 MSHR_MERGE:          0
cpu5->cpu5_L1I LOAD         ACCESS:    8077526 HIT:    8077526 MISS:          0 MSHR_MERGE:          0
cpu5->cpu5_L1I RFO          ACCESS:          0 HIT:          0 MISS:          0 MSHR_MERGE:          0
cpu5->cpu5_L1I PREFETCH     ACCESS:          0 HIT:          0 MISS:          0 MSHR_MERGE:          0
cpu5->cpu5_L1I WRITE        ACCESS:          0 HIT:          0 MISS:          0 MSHR_MERGE:          0
cpu5->cpu5_L1I TRANSLATION  ACCESS:          0 HIT:          0 MISS:          0 MSHR_MERGE:          0
cpu5->cpu5_L1I PREFETCH REQUESTED:          0 ISSUED:          0 USEFUL:          0 USELESS:          0
cpu5->cpu5_L1I AVERAGE MISS LATENCY: - cycles
cpu5->cpu5_L1D TOTAL        ACCESS:   11384719 HIT:   10846871 MISS:     537848 MSHR_MERGE:     220250
cpu5->cpu5_L1D LOAD         ACCESS:    6318422 HIT:    5919401 MISS:     399021 MSHR_MERGE:      98909
cpu5->cpu5_L1D RFO          ACCESS:          0 HIT:          0 MISS:          0 MSHR_MERGE:          0
cpu5->cpu5_L1D PREFETCH     ACCESS:          0 HIT:          0 MISS:          0 MSHR_MERGE:          0
cpu5->cpu5_L1D WRITE        ACCESS:    5066297 HIT:    4927470 MISS:     138827 MSHR_MERGE:     121341
cpu5->cpu5_L1D TRANSLATION  ACCESS:          0 HIT:          0 MISS:          0 MSHR_MERGE:          0
cpu5->cpu5_L1D PREFETCH REQUESTED:          0 ISSUED:          0 USEFUL:          0 USELESS:          0
cpu5->cpu5_L1D AVERAGE MISS LATENCY: 14.82 cycles
cpu5->cpu5_ITLB TOTAL        ACCESS:    7159343 HIT:    7159343 MISS:          0 MSHR_MERGE:          0
cpu5->cpu5_ITLB LOAD         ACCESS:    7159343 HIT:    7159343 MISS:          0 MSHR_MERGE:          0
cpu5->cpu5_ITLB RFO          ACCESS:          0 HIT:          0 MISS:          0 MSHR_MERGE:          0
cpu5->cpu5_ITLB PREFETCH     ACCESS:          0 HIT:          0 MISS:          0 MSHR_MERGE:          0
cpu5->cpu5_ITLB WRITE        ACCESS:          0 HIT:          0 MISS:          0 MSHR_MERGE:          0
cpu5->cpu5_ITLB TRANSLATION  ACCESS:          0 HIT:          0 MISS:          0 MSHR_MERGE:          0
cpu5->cpu5_ITLB PREFETCH REQUESTED:          0 ISSUED:          0 USEFUL:          0 USELESS:          0
cpu5->cpu5_ITLB AVERAGE MISS LATENCY: - cycles
cpu5->cpu5_DTLB TOTAL        ACCESS:   10469285 HIT:   10469285 MISS:          0 MSHR_MERGE:          0
cpu5->cpu5_DTLB LOAD         ACCESS:   10469285 HIT:   10469285 MISS:          0 MSHR_MERGE:          0
cpu5->cpu5_DTLB RFO          ACCESS:          0 HIT:          0 MISS:          0 MSHR_MERGE:          0
cpu5->cpu5_DTLB PREFETCH     ACCESS:          0 HIT:          0 MISS:          0 MSHR_MERGE:          0
cpu5->cpu5_DTLB WRITE        ACCESS:          0 HIT:          0 MISS:          0 MSHR_MERGE:          0
cpu5->cpu5_DTLB TRANSLATION  ACCESS:          0 HIT:          0 MISS:          0 MSHR_MERGE:          0
cpu5->cpu5_DTLB PREFETCH REQUESTED:          0 ISSUED:          0 USEFUL:          0 USELESS:          0
cpu5->cpu5_DTLB AVERAGE MISS LATENCY: - cycles
cpu4->cpu4_L2C TOTAL        ACCESS:     343422 HIT:     322677 MISS:      20745 MSHR_MERGE:          0
cpu4->cpu4_L2C LOAD         ACCESS:     300125 HIT:     286895 MISS:      13230 MSHR_MERGE:          0
cpu4->cpu4_L2C RFO          ACCESS:      17513 HIT:      10027 MISS:       7486 MSHR_MERGE:          0
cpu4->cpu4_L2C PREFETCH     ACCESS:          0 HIT:          0 MISS:          0 MSHR_MERGE:          0
cpu4->cpu4_L2C WRITE        ACCESS:      25784 HIT:      25755 MISS:         29 MSHR_MERGE:          0
cpu4->cpu4_L2C TRANSLATION  ACCESS:          0 HIT:          0 MISS:          0 MSHR_MERGE:          0
cpu4->cpu4_L2C PREFETCH REQUESTED:          0 ISSUED:          0 USEFUL:          0 USELESS:          0
cpu4->cpu4_L2C AVERAGE MISS LATENCY: 98.58 cycles
cpu4->cpu4_L1I TOTAL        ACCESS:    8080287 HIT:    8080287 MISS:          0 MSHR_MERGE:          0
cpu4->cpu4_L1I LOAD         ACCESS:    8080287 HIT:    8080287 MISS:          0 MSHR_MERGE:          0
cpu4->cpu4_L1I RFO          ACCESS:          0 HIT:          0 MISS:          0 MSHR_MERGE:          0
cpu4->cpu4_L1I PREFETCH     ACCESS:          0 HIT:          0 MISS:          0 MSHR_MERGE:          0
cpu4->cpu4_L1I WRITE        ACCESS:          0 HIT:          0 MISS:          0 MSHR_MERGE:          0
cpu4->cpu4_L1I TRANSLATION  ACCESS:          0 HIT:          0 MISS:          0 MSHR_MERGE:          0
cpu4->cpu4_L1I PREFETCH REQUESTED:          0 ISSUED:          0 USEFUL:          0 USELESS:          0
cpu4->cpu4_L1I AVERAGE MISS LATENCY: - cycles
cpu4->cpu4_L1D TOTAL        ACCESS:   11388311 HIT:   10850300 MISS:     538011 MSHR_MERGE:     220372
cpu4->cpu4_L1D LOAD         ACCESS:    6320917 HIT:    5921838 MISS:     399079 MSHR_MERGE:      98953
cpu4->cpu4_L1D RFO          ACCESS:          0 HIT:          0 MISS:          0 MSHR_MERGE:          0
cpu4->cpu4_L1D PREFETCH     ACCESS:          0 HIT:          0 MISS:          0 MSHR_MERGE:          0
cpu4->cpu4_L1D WRITE        ACCESS:    5067394 HIT:    4928462 MISS:     138932 MSHR_MERGE:     121419
cpu4->cpu4_L1D TRANSLATION  ACCESS:          0 HIT:          0 MISS:          0 MSHR_MERGE:          0
cpu4->cpu4_L1D PREFETCH REQUESTED:          0 ISSUED:          0 USEFUL:          0 USELESS:          0
cpu4->cpu4_L1D AVERAGE MISS LATENCY: 14.51 cycles
cpu4->cpu4_ITLB TOTAL        ACCESS:    7162316 HIT:    7162316 MISS:          0 MSHR_MERGE:          0
cpu4->cpu4_ITLB LOAD         ACCESS:    7162316 HIT:    7162316 MISS:          0 MSHR_MERGE:          0
cpu4->cpu4_ITLB RFO          ACCESS:          0 HIT:          0 MISS:          0 MSHR_MERGE:          0
cpu4->cpu4_ITLB PREFETCH     ACCESS:          0 HIT:          0 MISS:          0 MSHR_MERGE:          0
cpu4->cpu4_ITLB WRITE        ACCESS:          0 HIT:          0 MISS:          0 MSHR_MERGE:          0
cpu4->cpu4_ITLB TRANSLATION  ACCESS:          0 HIT:          0 MISS:          0 MSHR_MERGE:          0
cpu4->cpu4_ITLB PREFETCH REQUESTED:          0 ISSUED:          0 USEFUL:          0 USELESS:          0
cpu4->cpu4_ITLB AVERAGE MISS LATENCY: - cycles
cpu4->cpu4_DTLB TOTAL        ACCESS:   10472636 HIT:   10472636 MISS:          0 MSHR_MERGE:          0
cpu4->cpu4_DTLB LOAD         ACCESS:   10472636 HIT:   10472636 MISS:          0 MSHR_MERGE:          0
cpu4->cpu4_DTLB RFO          ACCESS:          0 HIT:          0 MISS:          0 MSHR_MERGE:          0
cpu4->cpu4_DTLB PREFETCH     ACCESS:          0 HIT:          0 MISS:          0 MSHR_MERGE:          0
cpu4->cpu4_DTLB WRITE        ACCESS:          0 HIT:          0 MISS:          0 MSHR_MERGE:          0
cpu4->cpu4_DTLB TRANSLATION  ACCESS:          0 HIT:          0 MISS:          0 MSHR_MERGE:          0
cpu4->cpu4_DTLB PREFETCH REQUESTED:          0 ISSUED:          0 USEFUL:          0 USELESS:          0
cpu4->cpu4_DTLB AVERAGE MISS LATENCY: - cycles
cpu3->cpu3_L2C TOTAL        ACCESS:     342878 HIT:     322185 MISS:      20693 MSHR_MERGE:          0
cpu3->cpu3_L2C LOAD         ACCESS:     299676 HIT:     286500 MISS:      13176 MSHR_MERGE:          0
cpu3->cpu3_L2C RFO          ACCESS:      17468 HIT:       9981 MISS:       7487 MSHR_MERGE:          0
cpu3->cpu3_L2C PREFETCH     ACCESS:          0 HIT:          0 MISS:          0 MSHR_MERGE:          0
cpu3->cpu3_L2C WRITE        ACCESS:      25734 HIT:      25704 MISS:         30 MSHR_MERGE:          0
cpu3->cpu3_L2C TRANSLATION  ACCESS:          0 HIT:          0 MISS:          0 MSHR_MERGE:          0
cpu3->cpu3_L2C PREFETCH REQUESTED:          0 ISSUED:          0 USEFUL:          0 USELESS:          0
cpu3->cpu3_L2C AVERAGE MISS LATENCY: 103.8 cycles
cpu3->cpu3_L1I TOTAL        ACCESS:    8076619 HIT:    8076619 MISS:          0 MSHR_MERGE:          0
cpu3->cpu3_L1I LOAD         ACCESS:    8076619 HIT:    8076619 MISS:          0 MSHR_MERGE:          0
cpu3->cpu3_L1I RFO          ACCESS:          0 HIT:          0 MISS:          0 MSHR_MERGE:          0
cpu3->cpu3_L1I PREFETCH     ACCESS:          0 HIT:          0 MISS:          0 MSHR_MERGE:          0
cpu3->cpu3_L1I WRITE        ACCESS:          0 HIT:          0 MISS:          0 MSHR_MERGE:          0
cpu3->cpu3_L1I TRANSLATION  ACCESS:          0 HIT:          0 MISS:          0 MSHR_MERGE:          0
cpu3->cpu3_L1I PREFETCH REQUESTED:          0 ISSUED:          0 USEFUL:          0 USELESS:          0
cpu3->cpu3_L1I AVERAGE MISS LATENCY: - cycles
cpu3->cpu3_L1D TOTAL        ACCESS:   11381195 HIT:   10843747 MISS:     537448 MSHR_MERGE:     220304
cpu3->cpu3_L1D LOAD         ACCESS:    6318421 HIT:    5919757 MISS:     398664 MSHR_MERGE:      98988
cpu3->cpu3_L1D RFO          ACCESS:          0 HIT:          0 MISS:          0 MSHR_MERGE:          0
cpu3->cpu3_L1D PREFETCH     ACCESS:          0 HIT:          0 MISS:          0 MSHR_MERGE:          0
cpu3->cpu3_L1D WRITE        ACCESS:    5062774 HIT:    4923990 MISS:     138784 MSHR_MERGE:     121316
cpu3->cpu3_L1D TRANSLATION  ACCESS:          0 HIT:          0 MISS:          0 MSHR_MERGE:          0
cpu3->cpu3_L1D PREFETCH REQUESTED:          0 ISSUED:          0 USEFUL:          0 USELESS:          0
cpu3->cpu3_L1D AVERAGE MISS LATENCY: 14.84 cycles
cpu3->cpu3_ITLB TOTAL        ACCESS:    7166343 HIT:    7166343 MISS:          0 MSHR_MERGE:          0
cpu3->cpu3_ITLB LOAD         ACCESS:    7166343 HIT:    7166343 MISS:          0 MSHR_MERGE:          0
cpu3->cpu3_ITLB RFO          ACCESS:          0 HIT:          0 MISS:          0 MSHR_MERGE:          0
cpu3->cpu3_ITLB PREFETCH     ACCESS:          0 HIT:          0 MISS:          0 MSHR_MERGE:          0
cpu3->cpu3_ITLB WRITE        ACCESS:          0 HIT:          0 MISS:          0 MSHR_MERGE:          0
cpu3->cpu3_ITLB TRANSLATION  ACCESS:          0 HIT:          0 MISS:          0 MSHR_MERGE:          0
cpu3->cpu3_ITLB PREFETCH REQUESTED:          0 ISSUED:          0 USEFUL:          0 USELESS:          0
cpu3->cpu3_ITLB AVERAGE MISS LATENCY: - cycles
cpu3->cpu3_DTLB TOTAL        ACCESS:   10491062 HIT:   10491062 MISS:          0 MSHR_MERGE:          0
cpu3->cpu3_DTLB LOAD         ACCESS:   10491062 HIT:   10491062 MISS:          0 MSHR_MERGE:          0
cpu3->cpu3_DTLB RFO          ACCESS:          0 HIT:          0 MISS:          0 MSHR_MERGE:          0
cpu3->cpu3_DTLB PREFETCH     ACCESS:          0 HIT:          0 MISS:          0 MSHR_MERGE:          0
cpu3->cpu3_DTLB WRITE        ACCESS:          0 HIT:          0 MISS:          0 MSHR_MERGE:          0
cpu3->cpu3_DTLB TRANSLATION  ACCESS:          0 HIT:          0 MISS:          0 MSHR_MERGE:          0
cpu3->cpu3_DTLB PREFETCH REQUESTED:          0 ISSUED:          0 USEFUL:          0 USELESS:          0
cpu3->cpu3_DTLB AVERAGE MISS LATENCY: - cycles
cpu2->cpu2_L2C TOTAL        ACCESS:     343393 HIT:     322655 MISS:      20738 MSHR_MERGE:          0
cpu2->cpu2_L2C LOAD         ACCESS:     300134 HIT:     286915 MISS:      13219 MSHR_MERGE:          0
cpu2->cpu2_L2C RFO          ACCESS:      17492 HIT:      10003 MISS:       7489 MSHR_MERGE:          0
cpu2->cpu2_L2C PREFETCH     ACCESS:          0 HIT:          0 MISS:          0 MSHR_MERGE:          0
cpu2->cpu2_L2C WRITE        ACCESS:      25767 HIT:      25737 MISS:         30 MSHR_MERGE:          0
cpu2->cpu2_L2C TRANSLATION  ACCESS:          0 HIT:          0 MISS:          0 MSHR_MERGE:          0
cpu2->cpu2_L2C PREFETCH REQUESTED:          0 ISSUED:          0 USEFUL:          0 USELESS:          0
cpu2->cpu2_L2C AVERAGE MISS LATENCY: 103.1 cycles
cpu2->cpu2_L1I TOTAL        ACCESS:    8077262 HIT:    8077262 MISS:          0 MSHR_MERGE:          0
cpu2->cpu2_L1I LOAD         ACCESS:    8077262 HIT:    8077262 MISS:          0 MSHR_MERGE:          0
cpu2->cpu2_L1I RFO          ACCESS:          0 HIT:          0 MISS:          0 MSHR_MERGE:          0
cpu2->cpu2_L1I PREFETCH     ACCESS:          0 HIT:          0 MISS:          0 MSHR_MERGE:          0
cpu2->cpu2_L1I WRITE        ACCESS:          0 HIT:          0 MISS:          0 MSHR_MERGE:          0
cpu2->cpu2_L1I TRANSLATION  ACCESS:          0 HIT:          0 MISS:          0 MSHR_MERGE:          0
cpu2->cpu2_L1I PREFETCH REQUESTED:          0 ISSUED:          0 USEFUL:          0 USELESS:          0
cpu2->cpu2_L1I AVERAGE MISS LATENCY: - cycles
cpu2->cpu2_L1D TOTAL        ACCESS:   11384798 HIT:   10846924 MISS:     537874 MSHR_MERGE:     220245
cpu2->cpu2_L1D LOAD         ACCESS:    6318470 HIT:    5919460 MISS:     399010 MSHR_MERGE:      98875
cpu2->cpu2_L1D RFO          ACCESS:          0 HIT:          0 MISS:          0 MSHR_MERGE:          0
cpu2->cpu2_L1D PREFETCH     ACCESS:          0 HIT:          0 MISS:          0 MSHR_MERGE:          0
cpu2->cpu2_L1D WRITE        ACCESS:    5066328 HIT:    4927464 MISS:     138864 MSHR_MERGE:     121370
cpu2->cpu2_L1D TRANSLATION  ACCESS:          0 HIT:          0 MISS:          0 MSHR_MERGE:          0
cpu2->cpu2_L1D PREFETCH REQUESTED:          0 ISSUED:          0 USEFUL:          0 USELESS:          0
cpu2->cpu2_L1D AVERAGE MISS LATENCY: 14.81 cycles
cpu2->cpu2_ITLB TOTAL        ACCESS:    7160058 HIT:    7160058 MISS:          0 MSHR_MERGE:          0
cpu2->cpu2_ITLB LOAD         ACCESS:    7160058 HIT:    7160058 MISS:          0 MSHR_MERGE:          0
cpu2->cpu2_ITLB RFO          ACCESS:          0 HIT:          0 MISS:          0 MSHR_MERGE:          0
cpu2->cpu2_ITLB PREFETCH     ACCESS:          0 HIT:          0 MISS:          0 MSHR_MERGE:          0
cpu2->cpu2_ITLB WRITE        ACCESS:          0 HIT:          0 MISS:          0 MSHR_MERGE:          0
cpu2->cpu2_ITLB TRANSLATION  ACCESS:          0 HIT:          0 MISS:          0 MSHR_MERGE:          0
cpu2->cpu2_ITLB PREFETCH REQUESTED:          0 ISSUED:          0 USEFUL:          0 USELESS:          0
cpu2->cpu2_ITLB AVERAGE MISS LATENCY: - cycles
cpu2->cpu2_DTLB TOTAL        ACCESS:   10468608 HIT:   10468608 MISS:          0 MSHR_MERGE:          0
cpu2->cpu2_DTLB LOAD         ACCESS:   10468608 HIT:   10468608 MISS:          0 MSHR_MERGE:          0
cpu2->cpu2_DTLB RFO          ACCESS:          0 HIT:          0 MISS:          0 MSHR_MERGE:          0
cpu2->cpu2_DTLB PREFETCH     ACCESS:          0 HIT:          0 MISS:          0 MSHR_MERGE:          0
cpu2->cpu2_DTLB WRITE        ACCESS:          0 HIT:          0 MISS:          0 MSHR_MERGE:          0
cpu2->cpu2_DTLB TRANSLATION  ACCESS:          0 HIT:          0 MISS:          0 MSHR_MERGE:          0
cpu2->cpu2_DTLB PREFETCH REQUESTED:          0 ISSUED:          0 USEFUL:          0 USELESS:          0
cpu2->cpu2_DTLB AVERAGE MISS LATENCY: - cycles
cpu1->cpu1_L2C TOTAL        ACCESS:     343382 HIT:     322642 MISS:      20740 MSHR_MERGE:          0
cpu1->cpu1_L2C LOAD         ACCESS:     300111 HIT:     286893 MISS:      13218 MSHR_MERGE:          0
cpu1->cpu1_L2C RFO          ACCESS:      17497 HIT:      10007 MISS:       7490 MSHR_MERGE:          0
cpu1->cpu1_L2C PREFETCH     ACCESS:          0 HIT:          0 MISS:          0 MSHR_MERGE:          0
cpu1->cpu1_L2C WRITE        ACCESS:      25774 HIT:      25742 MISS:         32 MSHR_MERGE:          0
cpu1->cpu1_L2C TRANSLATION  ACCESS:          0 HIT:          0 MISS:          0 MSHR_MERGE:          0
cpu1->cpu1_L2C PREFETCH REQUESTED:          0 ISSUED:          0 USEFUL:          0 USELESS:          0
cpu1->cpu1_L2C AVERAGE MISS LATENCY: 99.22 cycles
cpu1->cpu1_L1I TOTAL        ACCESS:    8071586 HIT:    8071586 MISS:          0 MSHR_MERGE:          0
cpu1->cpu1_L1I LOAD         ACCESS:    8071586 HIT:    8071586 MISS:          0 MSHR_MERGE:          0
cpu1->cpu1_L1I RFO          ACCESS:          0 HIT:          0 MISS:          0 MSHR_MERGE:          0
cpu1->cpu1_L1I PREFETCH     ACCESS:          0 HIT:          0 MISS:          0 MSHR_MERGE:          0
cpu1->cpu1_L1I WRITE        ACCESS:          0 HIT:          0 MISS:          0 MSHR_MERGE:          0
cpu1->cpu1_L1I TRANSLATION  ACCESS:          0 HIT:          0 MISS:          0 MSHR_MERGE:          0
cpu1->cpu1_L1I PREFETCH REQUESTED:          0 ISSUED:          0 USEFUL:          0 USELESS:          0
cpu1->cpu1_L1I AVERAGE MISS LATENCY: - cycles
cpu1->cpu1_L1D TOTAL        ACCESS:   11377215 HIT:   10839537 MISS:     537678 MSHR_MERGE:     220067
cpu1->cpu1_L1D LOAD         ACCESS:    6314046 HIT:    5915236 MISS:     398810 MSHR_MERGE:      98699
cpu1->cpu1_L1D RFO          ACCESS:          0 HIT:          0 MISS:          0 MSHR_MERGE:          0
cpu1->cpu1_L1D PREFETCH     ACCESS:          0 HIT:          0 MISS:          0 MSHR_MERGE:          0
cpu1->cpu1_L1D WRITE        ACCESS:    5063169 HIT:    4924301 MISS:     138868 MSHR_MERGE:     121368
cpu1->cpu1_L1D TRANSLATION  ACCESS:          0 HIT:          0 MISS:          0 MSHR_MERGE:          0
cpu1->cpu1_L1D PREFETCH REQUESTED:          0 ISSUED:          0 USEFUL:          0 USELESS:          0
cpu1->cpu1_L1D AVERAGE MISS LATENCY: 14.55 cycles
cpu1->cpu1_ITLB TOTAL        ACCESS:    7161171 HIT:    7161171 MISS:          0 MSHR_MERGE:          0
cpu1->cpu1_ITLB LOAD         ACCESS:    7161171 HIT:    7161171 MISS:          0 MSHR_MERGE:          0
cpu1->cpu1_ITLB RFO          ACCESS:          0 HIT:          0 MISS:          0 MSHR_MERGE:          0
cpu1->cpu1_ITLB PREFETCH     ACCESS:          0 HIT:          0 MISS:          0 MSHR_MERGE:          0
cpu1->cpu1_ITLB WRITE        ACCESS:          0 HIT:          0 MISS:          0 MSHR_MERGE:          0
cpu1->cpu1_ITLB TRANSLATION  ACCESS:          0 HIT:          0 MISS:          0 MSHR_MERGE:          0
cpu1->cpu1_ITLB PREFETCH REQUESTED:          0 ISSUED:          0 USEFUL:          0 USELESS:          0
cpu1->cpu1_ITLB AVERAGE MISS LATENCY: - cycles
cpu1->cpu1_DTLB TOTAL        ACCESS:   10465329 HIT:   10465329 MISS:          0 MSHR_MERGE:          0
cpu1->cpu1_DTLB LOAD         ACCESS:   10465329 HIT:   10465329 MISS:          0 MSHR_MERGE:          0
cpu1->cpu1_DTLB RFO          ACCESS:          0 HIT:          0 MISS:          0 MSHR_MERGE:          0
cpu1->cpu1_DTLB PREFETCH     ACCESS:          0 HIT:          0 MISS:          0 MSHR_MERGE:          0
cpu1->cpu1_DTLB WRITE        ACCESS:          0 HIT:          0 MISS:          0 MSHR_MERGE:          0
cpu1->cpu1_DTLB TRANSLATION  ACCESS:          0 HIT:          0 MISS:          0 MSHR_MERGE:          0
cpu1->cpu1_DTLB PREFETCH REQUESTED:          0 ISSUED:          0 USEFUL:          0 USELESS:          0
cpu1->cpu1_DTLB AVERAGE MISS LATENCY: - cycles
cpu0->cpu0_L2C TOTAL        ACCESS:     342864 HIT:     322174 MISS:      20690 MSHR_MERGE:          0
cpu0->cpu0_L2C LOAD         ACCESS:     299672 HIT:     286502 MISS:      13170 MSHR_MERGE:          0
cpu0->cpu0_L2C RFO          ACCESS:      17462 HIT:       9974 MISS:       7488 MSHR_MERGE:          0
cpu0->cpu0_L2C PREFETCH     ACCESS:          0 HIT:          0 MISS:          0 MSHR_MERGE:          0
cpu0->cpu0_L2C WRITE        ACCESS:      25730 HIT:      25698 MISS:         32 MSHR_MERGE:          0
cpu0->cpu0_L2C TRANSLATION  ACCESS:          0 HIT:          0 MISS:          0 MSHR_MERGE:          0
cpu0->cpu0_L2C PREFETCH REQUESTED:          0 ISSUED:          0 USEFUL:          0 USELESS:          0
cpu0->cpu0_L2C AVERAGE MISS LATENCY: 101.6 cycles
cpu0->cpu0_L1I TOTAL        ACCESS:    8078007 HIT:    8078007 MISS:          0 MSHR_MERGE:          0
cpu0->cpu0_L1I LOAD         ACCESS:    8078007 HIT:    8078007 MISS:          0 MSHR_MERGE:          0
cpu0->cpu0_L1I RFO          ACCESS:          0 HIT:          0 MISS:          0 MSHR_MERGE:          0
cpu0->cpu0_L1I PREFETCH     ACCESS:          0 HIT:          0 MISS:          0 MSHR_MERGE:          0
cpu0->cpu0_L1I WRITE        ACCESS:          0 HIT:          0 MISS:          0 MSHR_MERGE:          0
cpu0->cpu0_L1I TRANSLATION  ACCESS:          0 HIT:          0 MISS:          0 MSHR_MERGE:          0
cpu0->cpu0_L1I PREFETCH REQUESTED:          0 ISSUED:          0 USEFUL:          0 USELESS:          0
cpu0->cpu0_L1I AVERAGE MISS LATENCY: - cycles
cpu0->cpu0_L1D TOTAL        ACCESS:   11383201 HIT:   10845859 MISS:     537342 MSHR_MERGE:     220204
cpu0->cpu0_L1D LOAD         ACCESS:    6319595 HIT:    5920999 MISS:     398596 MSHR_MERGE:      98922
cpu0->cpu0_L1D RFO          ACCESS:          0 HIT:          0 MISS:          0 MSHR_MERGE:          0
cpu0->cpu0_L1D PREFETCH     ACCESS:          0 HIT:          0 MISS:          0 MSHR_MERGE:          0
cpu0->cpu0_L1D WRITE        ACCESS:    5063606 HIT:    4924860 MISS:     138746 MSHR_MERGE:     121282
cpu0->cpu0_L1D TRANSLATION  ACCESS:          0 HIT:          0 MISS:          0 MSHR_MERGE:          0
cpu0->cpu0_L1D PREFETCH REQUESTED:          0 ISSUED:          0 USEFUL:          0 USELESS:          0
cpu0->cpu0_L1D AVERAGE MISS LATENCY: 14.7 cycles
cpu0->cpu0_ITLB TOTAL        ACCESS:    7167999 HIT:    7167999 MISS:          0 MSHR_MERGE:          0
cpu0->cpu0_ITLB LOAD         ACCESS:    7167999 HIT:    7167999 MISS:          0 MSHR_MERGE:          0
cpu0->cpu0_ITLB RFO          ACCESS:          0 HIT:          0 MISS:          0 MSHR_MERGE:          0
cpu0->cpu0_ITLB PREFETCH     ACCESS:          0 HIT:          0 MISS:          0 MSHR_MERGE:          0
cpu0->cpu0_ITLB WRITE        ACCESS:          0 HIT:          0 MISS:          0 MSHR_MERGE:          0
cpu0->cpu0_ITLB TRANSLATION  ACCESS:          0 HIT:          0 MISS:          0 MSHR_MERGE:          0
cpu0->cpu0_ITLB PREFETCH REQUESTED:          0 ISSUED:          0 USEFUL:          0 USELESS:          0
cpu0->cpu0_ITLB AVERAGE MISS LATENCY: - cycles
cpu0->cpu0_DTLB TOTAL        ACCESS:   10492522 HIT:   10492522 MISS:          0 MSHR_MERGE:          0
cpu0->cpu0_DTLB LOAD         ACCESS:   10492522 HIT:   10492522 MISS:          0 MSHR_MERGE:          0
cpu0->cpu0_DTLB RFO          ACCESS:          0 HIT:          0 MISS:          0 MSHR_MERGE:          0
cpu0->cpu0_DTLB PREFETCH     ACCESS:          0 HIT:          0 MISS:          0 MSHR_MERGE:          0
cpu0->cpu0_DTLB WRITE        ACCESS:          0 HIT:          0 MISS:          0 MSHR_MERGE:          0
cpu0->cpu0_DTLB TRANSLATION  ACCESS:          0 HIT:          0 MISS:          0 MSHR_MERGE:          0
cpu0->cpu0_DTLB PREFETCH REQUESTED:          0 ISSUED:          0 USEFUL:          0 USELESS:          0
cpu0->cpu0_DTLB AVERAGE MISS LATENCY: - cycles
cpu0->LLC TOTAL        ACCESS:      27472 HIT:      19096 MISS:       8376 MSHR_MERGE:          0
cpu0->LLC LOAD         ACCESS:      13170 HIT:      12201 MISS:        969 MSHR_MERGE:          0
cpu0->LLC RFO          ACCESS:       7488 HIT:        148 MISS:       7340 MSHR_MERGE:          0
cpu0->LLC PREFETCH     ACCESS:          0 HIT:          0 MISS:          0 MSHR_MERGE:          0
cpu0->LLC WRITE        ACCESS:       6814 HIT:       6747 MISS:         67 MSHR_MERGE:          0
cpu0->LLC TRANSLATION  ACCESS:          0 HIT:          0 MISS:          0 MSHR_MERGE:          0
cpu0->LLC PREFETCH REQUESTED:          0 ISSUED:          0 USEFUL:          0 USELESS:          0
cpu0->LLC AVERAGE MISS LATENCY: 1700 cycles
cpu1->LLC TOTAL        ACCESS:      27526 HIT:      19131 MISS:       8395 MSHR_MERGE:          0
cpu1->LLC LOAD         ACCESS:      13218 HIT:      12233 MISS:        985 MSHR_MERGE:          0
cpu1->LLC RFO          ACCESS:       7490 HIT:        150 MISS:       7340 MSHR_MERGE:          0
cpu1->LLC PREFETCH     ACCESS:          0 HIT:          0 MISS:          0 MSHR_MERGE:          0
cpu1->LLC WRITE        ACCESS:       6818 HIT:       6748 MISS:         70 MSHR_MERGE:          0
cpu1->LLC TRANSLATION  ACCESS:          0 HIT:          0 MISS:          0 MSHR_MERGE:          0
cpu1->LLC PREFETCH REQUESTED:          0 ISSUED:          0 USEFUL:          0 USELESS:          0
cpu1->LLC AVERAGE MISS LATENCY: 1696 cycles
cpu2->LLC TOTAL        ACCESS:      27524 HIT:      19138 MISS:       8386 MSHR_MERGE:          0
cpu2->LLC LOAD         ACCESS:      13219 HIT:      12238 MISS:        981 MSHR_MERGE:          0
cpu2->LLC RFO          ACCESS:       7489 HIT:        149 MISS:       7340 MSHR_MERGE:          0
cpu2->LLC PREFETCH     ACCESS:          0 HIT:          0 MISS:          0 MSHR_MERGE:          0
cpu2->LLC WRITE        ACCESS:       6816 HIT:       6751 MISS:         65 MSHR_MERGE:          0
cpu2->LLC TRANSLATION  ACCESS:          0 HIT:          0 MISS:          0 MSHR_MERGE:          0
cpu2->LLC PREFETCH REQUESTED:          0 ISSUED:          0 USEFUL:          0 USELESS:          0
cpu2->LLC AVERAGE MISS LATENCY: 1698 cycles
cpu3->LLC TOTAL        ACCESS:      27474 HIT:      19101 MISS:       8373 MSHR_MERGE:          0
cpu3->LLC LOAD         ACCESS:      13176 HIT:      12208 MISS:        968 MSHR_MERGE:          0
cpu3->LLC RFO          ACCESS:       7487 HIT:        147 MISS:       7340 MSHR_MERGE:          0
cpu3->LLC PREFETCH     ACCESS:          0 HIT:          0 MISS:          0 MSHR_MERGE:          0
cpu3->LLC WRITE        ACCESS:       6811 HIT:       6746 MISS:         65 MSHR_MERGE:          0
cpu3->LLC TRANSLATION  ACCESS:          0 HIT:          0 MISS:          0 MSHR_MERGE:          0
cpu3->LLC PREFETCH REQUESTED:          0 ISSUED:          0 USEFUL:          0 USELESS:          0
cpu3->LLC AVERAGE MISS LATENCY: 1700 cycles
cpu4->LLC TOTAL        ACCESS:      27528 HIT:      19141 MISS:       8387 MSHR_MERGE:          0
cpu4->LLC LOAD         ACCESS:      13230 HIT:      12249 MISS:        981 MSHR_MERGE:          0
cpu4->LLC RFO          ACCESS:       7486 HIT:        146 MISS:       7340 MSHR_MERGE:          0
cpu4->LLC PREFETCH     ACCESS:          0 HIT:          0 MISS:          0 MSHR_MERGE:          0
cpu4->LLC WRITE        ACCESS:       6812 HIT:       6746 MISS:         66 MSHR_MERGE:          0
cpu4->LLC TRANSLATION  ACCESS:          0 HIT:          0 MISS:          0 MSHR_MERGE:          0
cpu4->LLC PREFETCH REQUESTED:          0 ISSUED:          0 USEFUL:          0 USELESS:          0
cpu4->LLC AVERAGE MISS LATENCY: 1698 cycles
cpu5->LLC TOTAL        ACCESS:      27525 HIT:      19133 MISS:       8392 MSHR_MERGE:          0
cpu5->LLC LOAD         ACCESS:      13220 HIT:      12237 MISS:        983 MSHR_MERGE:          0
cpu5->LLC RFO          ACCESS:       7488 HIT:        148 MISS:       7340 MSHR_MERGE:          0
cpu5->LLC PREFETCH     ACCESS:          0 HIT:          0 MISS:          0 MSHR_MERGE:          0
cpu5->LLC WRITE        ACCESS:       6817 HIT:       6748 MISS:         69 MSHR_MERGE:          0
cpu5->LLC TRANSLATION  ACCESS:          0 HIT:          0 MISS:          0 MSHR_MERGE:          0
cpu5->LLC PREFETCH REQUESTED:          0 ISSUED:          0 USEFUL:          0 USELESS:          0
cpu5->LLC AVERAGE MISS LATENCY: 1697 cycles
cpu6->LLC TOTAL        ACCESS:      27483 HIT:      19108 MISS:       8375 MSHR_MERGE:          0
cpu6->LLC LOAD         ACCESS:      13182 HIT:      12215 MISS:        967 MSHR_MERGE:          0
cpu6->LLC RFO          ACCESS:       7486 HIT:        146 MISS:       7340 MSHR_MERGE:          0
cpu6->LLC PREFETCH     ACCESS:          0 HIT:          0 MISS:          0 MSHR_MERGE:          0
cpu6->LLC WRITE        ACCESS:       6815 HIT:       6747 MISS:         68 MSHR_MERGE:          0
cpu6->LLC TRANSLATION  ACCESS:          0 HIT:          0 MISS:          0 MSHR_MERGE:          0
cpu6->LLC PREFETCH REQUESTED:          0 ISSUED:          0 USEFUL:          0 USELESS:          0
cpu6->LLC AVERAGE MISS LATENCY: 1700 cycles
cpu7->LLC TOTAL        ACCESS:      27479 HIT:      19107 MISS:       8372 MSHR_MERGE:          0
cpu7->LLC LOAD         ACCESS:      13177 HIT:      12213 MISS:        964 MSHR_MERGE:          0
cpu7->LLC RFO          ACCESS:       7488 HIT:        148 MISS:       7340 MSHR_MERGE:          0
cpu7->LLC PREFETCH     ACCESS:          0 HIT:          0 MISS:          0 MSHR_MERGE:          0
cpu7->LLC WRITE        ACCESS:       6814 HIT:       6746 MISS:         68 MSHR_MERGE:          0
cpu7->LLC TRANSLATION  ACCESS:          0 HIT:          0 MISS:          0 MSHR_MERGE:          0
cpu7->LLC PREFETCH REQUESTED:          0 ISSUED:          0 USEFUL:          0 USELESS:          0
cpu7->LLC AVERAGE MISS LATENCY: 1701 cycles

Region of Interest Statistics

CPU 7 cumulative IPC: 3.146 instructions: 50000002 cycles: 15890974
CPU 7 Branch Prediction Accuracy: 100% MPKI: 0 Average ROB Occupancy at Mispredict: -
Branch type MPKI
BRANCH_DIRECT_JUMP: 0
BRANCH_INDIRECT: 0
BRANCH_CONDITIONAL: 0
BRANCH_DIRECT_CALL: 0
BRANCH_INDIRECT_CALL: 0
BRANCH_RETURN: 0


CPU 6 cumulative IPC: 3.146 instructions: 50000000 cycles: 15894360
CPU 6 Branch Prediction Accuracy: 100% MPKI: 0 Average ROB Occupancy at Mispredict: -
Branch type MPKI
BRANCH_DIRECT_JUMP: 0
BRANCH_INDIRECT: 0
BRANCH_CONDITIONAL: 0
BRANCH_DIRECT_CALL: 0
BRANCH_INDIRECT_CALL: 0
BRANCH_RETURN: 0


CPU 5 cumulative IPC: 3.146 instructions: 50000001 cycles: 15891650
CPU 5 Branch Prediction Accuracy: 100% MPKI: 0 Average ROB Occupancy at Mispredict: -
Branch type MPKI
BRANCH_DIRECT_JUMP: 0
BRANCH_INDIRECT: 0
BRANCH_CONDITIONAL: 0
BRANCH_DIRECT_CALL: 0
BRANCH_INDIRECT_CALL: 0
BRANCH_RETURN: 0


CPU 4 cumulative IPC: 3.147 instructions: 50000002 cycles: 15887018
CPU 4 Branch Prediction Accuracy: 100% MPKI: 0 Average ROB Occupancy at Mispredict: -
Branch type MPKI
BRANCH_DIRECT_JUMP: 0
BRANCH_INDIRECT: 0
BRANCH_CONDITIONAL: 0
BRANCH_DIRECT_CALL: 0
BRANCH_INDIRECT_CALL: 0
BRANCH_RETURN: 0


CPU 3 cumulative IPC: 3.146 instructions: 50000004 cycles: 15893117
CPU 3 Branch Prediction Accuracy: 100% MPKI: 0 Average ROB Occupancy at Mispredict: -
Branch type MPKI
BRANCH_DIRECT_JUMP: 0
BRANCH_INDIRECT: 0
BRANCH_CONDITIONAL: 0
BRANCH_DIRECT_CALL: 0
BRANCH_INDIRECT_CALL: 0
BRANCH_RETURN: 0


CPU 2 cumulative IPC: 3.146 instructions: 50000003 cycles: 15892306
CPU 2 Branch Prediction Accuracy: 100% MPKI: 0 Average ROB Occupancy at Mispredict: -
Branch type MPKI
BRANCH_DIRECT_JUMP: 0
BRANCH_INDIRECT: 0
BRANCH_CONDITIONAL: 0
BRANCH_DIRECT_CALL: 0
BRANCH_INDIRECT_CALL: 0
BRANCH_RETURN: 0


CPU 1 cumulative IPC: 3.144 instructions: 50000002 cycles: 15905479
CPU 1 Branch Prediction Accuracy: 100% MPKI: 0 Average ROB Occupancy at Mispredict: -
Branch type MPKI
BRANCH_DIRECT_JUMP: 0
BRANCH_INDIRECT: 0
BRANCH_CONDITIONAL: 0
BRANCH_DIRECT_CALL: 0
BRANCH_INDIRECT_CALL: 0
BRANCH_RETURN: 0


CPU 0 cumulative IPC: 3.147 instructions: 50000000 cycles: 15889676
CPU 0 Branch Prediction Accuracy: 100% MPKI: 0 Average ROB Occupancy at Mispredict: -
Branch type MPKI
BRANCH_DIRECT_JUMP: 0
BRANCH_INDIRECT: 0
BRANCH_CONDITIONAL: 0
BRANCH_DIRECT_CALL: 0
BRANCH_INDIRECT_CALL: 0
BRANCH_RETURN: 0

cpu7->cpu7_L2C TOTAL        ACCESS:     342896 HIT:     322199 MISS:      20697 MSHR_MERGE:          0
cpu7->cpu7_L2C LOAD         ACCESS:     299684 HIT:     286507 MISS:      13177 MSHR_MERGE:          0
cpu7->cpu7_L2C RFO          ACCESS:      17470 HIT:       9982 MISS:       7488 MSHR_MERGE:          0
cpu7->cpu7_L2C PREFETCH     ACCESS:          0 HIT:          0 MISS:          0 MSHR_MERGE:          0
cpu7->cpu7_L2C WRITE        ACCESS:      25742 HIT:      25710 MISS:         32 MSHR_MERGE:          0
cpu7->cpu7_L2C TRANSLATION  ACCESS:          0 HIT:          0 MISS:          0 MSHR_MERGE:          0
cpu7->cpu7_L2C PREFETCH REQUESTED:          0 ISSUED:          0 USEFUL:          0 USELESS:          0
cpu7->cpu7_L2C AVERAGE MISS LATENCY: 100.3 cycles
cpu7->cpu7_L1I TOTAL        ACCESS:    8077586 HIT:    8077586 MISS:          0 MSHR_MERGE:          0
cpu7->cpu7_L1I LOAD         ACCESS:    8077586 HIT:    8077586 MISS:          0 MSHR_MERGE:          0
cpu7->cpu7_L1I RFO          ACCESS:          0 HIT:          0 MISS:          0 MSHR_MERGE:          0
cpu7->cpu7_L1I PREFETCH     ACCESS:          0 HIT:          0 MISS:          0 MSHR_MERGE:          0
cpu7->cpu7_L1I WRITE        ACCESS:          0 HIT:          0 MISS:          0 MSHR_MERGE:          0
cpu7->cpu7_L1I TRANSLATION  ACCESS:          0 HIT:          0 MISS:          0 MSHR_MERGE:          0
cpu7->cpu7_L1I PREFETCH REQUESTED:          0 ISSUED:          0 USEFUL:          0 USELESS:          0
cpu7->cpu7_L1I AVERAGE MISS LATENCY: - cycles
cpu7->cpu7_L1D TOTAL        ACCESS:   11378269 HIT:   10841467 MISS:     536802 MSHR_MERGE:     219646
cpu7->cpu7_L1D LOAD         ACCESS:    6315051 HIT:    5917081 MISS:     397970 MSHR_MERGE:      98286
cpu7->cpu7_L1D RFO          ACCESS:          0 HIT:          0 MISS:          0 MSHR_MERGE:          0
cpu7->cpu7_L1D PREFETCH     ACCESS:          0 HIT:          0 MISS:          0 MSHR_MERGE:          0
cpu7->cpu7_L1D WRITE        ACCESS:    5063218 HIT:    4924386 MISS:     138832 MSHR_MERGE:     121360
cpu7->cpu7_L1D TRANSLATION  ACCESS:          0 HIT:          0 MISS:          0 MSHR_MERGE:          0
cpu7->cpu7_L1D PREFETCH REQUESTED:          0 ISSUED:          0 USEFUL:          0 USELESS:          0
cpu7->cpu7_L1D AVERAGE MISS LATENCY: 14.62 cycles
cpu7->cpu7_ITLB TOTAL        ACCESS:    7160600 HIT:    7160600 MISS:          0 MSHR_MERGE:          0
cpu7->cpu7_ITLB LOAD         ACCESS:    7160600 HIT:    7160600 MISS:          0 MSHR_MERGE:          0
cpu7->cpu7_ITLB RFO          ACCESS:          0 HIT:          0 MISS:          0 MSHR_MERGE:          0
cpu7->cpu7_ITLB PREFETCH     ACCESS:          0 HIT:          0 MISS:          0 MSHR_MERGE:          0
cpu7->cpu7_ITLB WRITE        ACCESS:          0 HIT:          0 MISS:          0 MSHR_MERGE:          0
cpu7->cpu7_ITLB TRANSLATION  ACCESS:          0 HIT:          0 MISS:          0 MSHR_MERGE:          0
cpu7->cpu7_ITLB PREFETCH REQUESTED:          0 ISSUED:          0 USEFUL:          0 USELESS:          0
cpu7->cpu7_ITLB AVERAGE MISS LATENCY: - cycles
cpu7->cpu7_DTLB TOTAL        ACCESS:   10471278 HIT:   10471278 MISS:          0 MSHR_MERGE:          0
cpu7->cpu7_DTLB LOAD         ACCESS:   10471278 HIT:   10471278 MISS:          0 MSHR_MERGE:          0
cpu7->cpu7_DTLB RFO          ACCESS:          0 HIT:          0 MISS:          0 MSHR_MERGE:          0
cpu7->cpu7_DTLB PREFETCH     ACCESS:          0 HIT:          0 MISS:          0 MSHR_MERGE:          0
cpu7->cpu7_DTLB WRITE        ACCESS:          0 HIT:          0 MISS:          0 MSHR_MERGE:          0
cpu7->cpu7_DTLB TRANSLATION  ACCESS:          0 HIT:          0 MISS:          0 MSHR_MERGE:          0
cpu7->cpu7_DTLB PREFETCH REQUESTED:          0 ISSUED:          0 USEFUL:          0 USELESS:          0
cpu7->cpu7_DTLB AVERAGE MISS LATENCY: - cycles
cpu6->cpu6_L2C TOTAL        ACCESS:     342912 HIT:     322209 MISS:      20703 MSHR_MERGE:          0
cpu6->cpu6_L2C LOAD         ACCESS:     299714 HIT:     286532 MISS:      13182 MSHR_MERGE:          0
cpu6->cpu6_L2C RFO          ACCESS:      17466 HIT:       9980 MISS:       7486 MSHR_MERGE:          0
cpu6->cpu6_L2C PREFETCH     ACCESS:          0 HIT:          0 MISS:          0 MSHR_MERGE:          0
cpu6->cpu6_L2C WRITE        ACCESS:      25732 HIT:      25697 MISS:         35 MSHR_MERGE:          0
cpu6->cpu6_L2C TRANSLATION  ACCESS:          0 HIT:          0 MISS:          0 MSHR_MERGE:          0
cpu6->cpu6_L2C PREFETCH REQUESTED:          0 ISSUED:          0 USEFUL:          0 USELESS:          0
cpu6->cpu6_L2C AVERAGE MISS LATENCY: 100.4 cycles
cpu6->cpu6_L1I TOTAL        ACCESS:    8072969 HIT:    8072969 MISS:          0 MSHR_MERGE:          0
cpu6->cpu6_L1I LOAD         ACCESS:    8072969 HIT:    8072969 MISS:          0 MSHR_MERGE:          0
cpu6->cpu6_L1I RFO          ACCESS:          0 HIT:          0 MISS:          0 MSHR_MERGE:          0
cpu6->cpu6_L1I PREFETCH     ACCESS:          0 HIT:          0 MISS:          0 MSHR_MERGE:          0
cpu6->cpu6_L1I WRITE        ACCESS:          0 HIT:          0 MISS:          0 MSHR_MERGE:          0
cpu6->cpu6_L1I TRANSLATION  ACCESS:          0 HIT:          0 MISS:          0 MSHR_MERGE:          0
cpu6->cpu6_L1I PREFETCH REQUESTED:          0 ISSUED:          0 USEFUL:          0 USELESS:          0
cpu6->cpu6_L1I AVERAGE MISS LATENCY: - cycles
cpu6->cpu6_L1D TOTAL        ACCESS:   11377821 HIT:   10840910 MISS:     536911 MSHR_MERGE:     219730
cpu6->cpu6_L1D LOAD         ACCESS:    6315075 HIT:    5916943 MISS:     398132 MSHR_MERGE:      98417
cpu6->cpu6_L1D RFO          ACCESS:          0 HIT:          0 MISS:          0 MSHR_MERGE:          0
cpu6->cpu6_L1D PREFETCH     ACCESS:          0 HIT:          0 MISS:          0 MSHR_MERGE:          0
cpu6->cpu6_L1D WRITE        ACCESS:    5062746 HIT:    4923967 MISS:     138779 MSHR_MERGE:     121313
cpu6->cpu6_L1D TRANSLATION  ACCESS:          0 HIT:          0 MISS:          0 MSHR_MERGE:          0
cpu6->cpu6_L1D PREFETCH REQUESTED:          0 ISSUED:          0 USEFUL:          0 USELESS:          0
cpu6->cpu6_L1D AVERAGE MISS LATENCY: 14.62 cycles
cpu6->cpu6_ITLB TOTAL        ACCESS:    7158246 HIT:    7158246 MISS:          0 MSHR_MERGE:          0
cpu6->cpu6_ITLB LOAD         ACCESS:    7158246 HIT:    7158246 MISS:          0 MSHR_MERGE:          0
cpu6->cpu6_ITLB RFO          ACCESS:          0 HIT:          0 MISS:          0 MSHR_MERGE:          0
cpu6->cpu6_ITLB PREFETCH     ACCESS:          0 HIT:          0 MISS:          0 MSHR_MERGE:          0
cpu6->cpu6_ITLB WRITE        ACCESS:          0 HIT:          0 MISS:          0 MSHR_MERGE:          0
cpu6->cpu6_ITLB TRANSLATION  ACCESS:          0 HIT:          0 MISS:          0 MSHR_MERGE:          0
cpu6->cpu6_ITLB PREFETCH REQUESTED:          0 ISSUED:          0 USEFUL:          0 USELESS:          0
cpu6->cpu6_ITLB AVERAGE MISS LATENCY: - cycles
cpu6->cpu6_DTLB TOTAL        ACCESS:   10483057 HIT:   10483057 MISS:          0 MSHR_MERGE:          0
cpu6->cpu6_DTLB LOAD         ACCESS:   10483057 HIT:   10483057 MISS:          0 MSHR_MERGE:          0
cpu6->cpu6_DTLB RFO          ACCESS:          0 HIT:          0 MISS:          0 MSHR_MERGE:          0
cpu6->cpu6_DTLB PREFETCH     ACCESS:          0 HIT:          0 MISS:          0 MSHR_MERGE:          0
cpu6->cpu6_DTLB WRITE        ACCESS:          0 HIT:          0 MISS:          0 MSHR_MERGE:          0
cpu6->cpu6_DTLB TRANSLATION  ACCESS:          0 HIT:          0 MISS:          0 MSHR_MERGE:          0
cpu6->cpu6_DTLB PREFETCH REQUESTED:          0 ISSUED:          0 USEFUL:          0 USELESS:          0
cpu6->cpu6_DTLB AVERAGE MISS LATENCY: - cycles
cpu5->cpu5_L2C TOTAL        ACCESS:     343355 HIT:     322615 MISS:      20740 MSHR_MERGE:          0
cpu5->cpu5_L2C LOAD         ACCESS:     300112 HIT:     286892 MISS:      13220 MSHR_MERGE:          0
cpu5->cpu5_L2C RFO          ACCESS:      17485 HIT:       9997 MISS:       7488 MSHR_MERGE:          0
cpu5->cpu5_L2C PREFETCH     ACCESS:          0 HIT:          0 MISS:          0 MSHR_MERGE:          0
cpu5->cpu5_L2C WRITE        ACCESS:      25758 HIT:      25726 MISS:         32 MSHR_MERGE:          0
cpu5->cpu5_L2C TRANSLATION  ACCESS:          0 HIT:          0 MISS:          0 MSHR_MERGE:          0
cpu5->cpu5_L2C PREFETCH REQUESTED:          0 ISSUED:          0 USEFUL:          0 USELESS:          0
cpu5->cpu5_L2C AVERAGE MISS LATENCY: 103.3 cycles
cpu5->cpu5_L1I TOTAL        ACCESS:    8077526 HIT:    8077526 MISS:          0 MSHR_MERGE:          0
cpu5->cpu5_L1I LOAD         ACCESS:    8077526 HIT:    8077526 MISS:          0 MSHR_MERGE:          0
cpu5->cpu5_L1I RFO          ACCESS:          0 HIT:          0 MISS:          0 MSHR_MERGE:          0
cpu5->cpu5_L1I PREFETCH     ACCESS:          0 HIT:          0 MISS:          0 MSHR_MERGE:          0
cpu5->cpu5_L1I WRITE        ACCESS:          0 HIT:          0 MISS:          0 MSHR_MERGE:          0
cpu5->cpu5_L1I TRANSLATION  ACCESS:          0 HIT:          0 MISS:          0 MSHR_MERGE:          0
cpu5->cpu5_L1I PREFETCH REQUESTED:          0 ISSUED:          0 USEFUL:          0 USELESS:          0
cpu5->cpu5_L1I AVERAGE MISS LATENCY: - cycles
cpu5->cpu5_L1D TOTAL        ACCESS:   11384719 HIT:   10846871 MISS:     537848 MSHR_MERGE:     220250
cpu5->cpu5_L1D LOAD         ACCESS:    6318422 HIT:    5919401 MISS:     399021 MSHR_MERGE:      98909
cpu5->cpu5_L1D RFO          ACCESS:          0 HIT:          0 MISS:          0 MSHR_MERGE:          0
cpu5->cpu5_L1D PREFETCH     ACCESS:          0 HIT:          0 MISS:          0 MSHR_MERGE:          0
cpu5->cpu5_L1D WRITE        ACCESS:    5066297 HIT:    4927470 MISS:     138827 MSHR_MERGE:     121341
cpu5->cpu5_L1D TRANSLATION  ACCESS:          0 HIT:          0 MISS:          0 MSHR_MERGE:          0
cpu5->cpu5_L1D PREFETCH REQUESTED:          0 ISSUED:          0 USEFUL:          0 USELESS:          0
cpu5->cpu5_L1D AVERAGE MISS LATENCY: 14.82 cycles
cpu5->cpu5_ITLB TOTAL        ACCESS:    7159343 HIT:    7159343 MISS:          0 MSHR_MERGE:          0
cpu5->cpu5_ITLB LOAD         ACCESS:    7159343 HIT:    7159343 MISS:          0 MSHR_MERGE:          0
cpu5->cpu5_ITLB RFO          ACCESS:          0 HIT:          0 MISS:          0 MSHR_MERGE:          0
cpu5->cpu5_ITLB PREFETCH     ACCESS:          0 HIT:          0 MISS:          0 MSHR_MERGE:          0
cpu5->cpu5_ITLB WRITE        ACCESS:          0 HIT:          0 MISS:          0 MSHR_MERGE:          0
cpu5->cpu5_ITLB TRANSLATION  ACCESS:          0 HIT:          0 MISS:          0 MSHR_MERGE:          0
cpu5->cpu5_ITLB PREFETCH REQUESTED:          0 ISSUED:          0 USEFUL:          0 USELESS:          0
cpu5->cpu5_ITLB AVERAGE MISS LATENCY: - cycles
cpu5->cpu5_DTLB TOTAL        ACCESS:   10469285 HIT:   10469285 MISS:          0 MSHR_MERGE:          0
cpu5->cpu5_DTLB LOAD         ACCESS:   10469285 HIT:   10469285 MISS:          0 MSHR_MERGE:          0
cpu5->cpu5_DTLB RFO          ACCESS:          0 HIT:          0 MISS:          0 MSHR_MERGE:          0
cpu5->cpu5_DTLB PREFETCH     ACCESS:          0 HIT:          0 MISS:          0 MSHR_MERGE:          0
cpu5->cpu5_DTLB WRITE        ACCESS:          0 HIT:          0 MISS:          0 MSHR_MERGE:          0
cpu5->cpu5_DTLB TRANSLATION  ACCESS:          0 HIT:          0 MISS:          0 MSHR_MERGE:          0
cpu5->cpu5_DTLB PREFETCH REQUESTED:          0 ISSUED:          0 USEFUL:          0 USELESS:          0
cpu5->cpu5_DTLB AVERAGE MISS LATENCY: - cycles
cpu4->cpu4_L2C TOTAL        ACCESS:     343422 HIT:     322677 MISS:      20745 MSHR_MERGE:          0
cpu4->cpu4_L2C LOAD         ACCESS:     300125 HIT:     286895 MISS:      13230 MSHR_MERGE:          0
cpu4->cpu4_L2C RFO          ACCESS:      17513 HIT:      10027 MISS:       7486 MSHR_MERGE:          0
cpu4->cpu4_L2C PREFETCH     ACCESS:          0 HIT:          0 MISS:          0 MSHR_MERGE:          0
cpu4->cpu4_L2C WRITE        ACCESS:      25784 HIT:      25755 MISS:         29 MSHR_MERGE:          0
cpu4->cpu4_L2C TRANSLATION  ACCESS:          0 HIT:          0 MISS:          0 MSHR_MERGE:          0
cpu4->cpu4_L2C PREFETCH REQUESTED:          0 ISSUED:          0 USEFUL:          0 USELESS:          0
cpu4->cpu4_L2C AVERAGE MISS LATENCY: 98.58 cycles
cpu4->cpu4_L1I TOTAL        ACCESS:    8080287 HIT:    8080287 MISS:          0 MSHR_MERGE:          0
cpu4->cpu4_L1I LOAD         ACCESS:    8080287 HIT:    8080287 MISS:          0 MSHR_MERGE:          0
cpu4->cpu4_L1I RFO          ACCESS:          0 HIT:          0 MISS:          0 MSHR_MERGE:          0
cpu4->cpu4_L1I PREFETCH     ACCESS:          0 HIT:          0 MISS:          0 MSHR_MERGE:          0
cpu4->cpu4_L1I WRITE        ACCESS:          0 HIT:          0 MISS:          0 MSHR_MERGE:          0
cpu4->cpu4_L1I TRANSLATION  ACCESS:          0 HIT:          0 MISS:          0 MSHR_MERGE:          0
cpu4->cpu4_L1I PREFETCH REQUESTED:          0 ISSUED:          0 USEFUL:          0 USELESS:          0
cpu4->cpu4_L1I AVERAGE MISS LATENCY: - cycles
cpu4->cpu4_L1D TOTAL        ACCESS:   11388311 HIT:   10850300 MISS:     538011 MSHR_MERGE:     220372
cpu4->cpu4_L1D LOAD         ACCESS:    6320917 HIT:    5921838 MISS:     399079 MSHR_MERGE:      98953
cpu4->cpu4_L1D RFO          ACCESS:          0 HIT:          0 MISS:          0 MSHR_MERGE:          0
cpu4->cpu4_L1D PREFETCH     ACCESS:          0 HIT:          0 MISS:          0 MSHR_MERGE:          0
cpu4->cpu4_L1D WRITE        ACCESS:    5067394 HIT:    4928462 MISS:     138932 MSHR_MERGE:     121419
cpu4->cpu4_L1D TRANSLATION  ACCESS:          0 HIT:          0 MISS:          0 MSHR_MERGE:          0
cpu4->cpu4_L1D PREFETCH REQUESTED:          0 ISSUED:          0 USEFUL:          0 USELESS:          0
cpu4->cpu4_L1D AVERAGE MISS LATENCY: 14.51 cycles
cpu4->cpu4_ITLB TOTAL        ACCESS:    7162316 HIT:    7162316 MISS:          0 MSHR_MERGE:          0
cpu4->cpu4_ITLB LOAD         ACCESS:    7162316 HIT:    7162316 MISS:          0 MSHR_MERGE:          0
cpu4->cpu4_ITLB RFO          ACCESS:          0 HIT:          0 MISS:          0 MSHR_MERGE:          0
cpu4->cpu4_ITLB PREFETCH     ACCESS:          0 HIT:          0 MISS:          0 MSHR_MERGE:          0
cpu4->cpu4_ITLB WRITE        ACCESS:          0 HIT:          0 MISS:          0 MSHR_MERGE:          0
cpu4->cpu4_ITLB TRANSLATION  ACCESS:          0 HIT:          0 MISS:          0 MSHR_MERGE:          0
cpu4->cpu4_ITLB PREFETCH REQUESTED:          0 ISSUED:          0 USEFUL:          0 USELESS:          0
cpu4->cpu4_ITLB AVERAGE MISS LATENCY: - cycles
cpu4->cpu4_DTLB TOTAL        ACCESS:   10472636 HIT:   10472636 MISS:          0 MSHR_MERGE:          0
cpu4->cpu4_DTLB LOAD         ACCESS:   10472636 HIT:   10472636 MISS:          0 MSHR_MERGE:          0
cpu4->cpu4_DTLB RFO          ACCESS:          0 HIT:          0 MISS:          0 MSHR_MERGE:          0
cpu4->cpu4_DTLB PREFETCH     ACCESS:          0 HIT:          0 MISS:          0 MSHR_MERGE:          0
cpu4->cpu4_DTLB WRITE        ACCESS:          0 HIT:          0 MISS:          0 MSHR_MERGE:          0
cpu4->cpu4_DTLB TRANSLATION  ACCESS:          0 HIT:          0 MISS:          0 MSHR_MERGE:          0
cpu4->cpu4_DTLB PREFETCH REQUESTED:          0 ISSUED:          0 USEFUL:          0 USELESS:          0
cpu4->cpu4_DTLB AVERAGE MISS LATENCY: - cycles
cpu3->cpu3_L2C TOTAL        ACCESS:     342878 HIT:     322185 MISS:      20693 MSHR_MERGE:          0
cpu3->cpu3_L2C LOAD         ACCESS:     299676 HIT:     286500 MISS:      13176 MSHR_MERGE:          0
cpu3->cpu3_L2C RFO          ACCESS:      17468 HIT:       9981 MISS:       7487 MSHR_MERGE:          0
cpu3->cpu3_L2C PREFETCH     ACCESS:          0 HIT:          0 MISS:          0 MSHR_MERGE:          0
cpu3->cpu3_L2C WRITE        ACCESS:      25734 HIT:      25704 MISS:         30 MSHR_MERGE:          0
cpu3->cpu3_L2C TRANSLATION  ACCESS:          0 HIT:          0 MISS:          0 MSHR_MERGE:          0
cpu3->cpu3_L2C PREFETCH REQUESTED:          0 ISSUED:          0 USEFUL:          0 USELESS:          0
cpu3->cpu3_L2C AVERAGE MISS LATENCY: 103.8 cycles
cpu3->cpu3_L1I TOTAL        ACCESS:    8076619 HIT:    8076619 MISS:          0 MSHR_MERGE:          0
cpu3->cpu3_L1I LOAD         ACCESS:    8076619 HIT:    8076619 MISS:          0 MSHR_MERGE:          0
cpu3->cpu3_L1I RFO          ACCESS:          0 HIT:          0 MISS:          0 MSHR_MERGE:          0
cpu3->cpu3_L1I PREFETCH     ACCESS:          0 HIT:          0 MISS:          0 MSHR_MERGE:          0
cpu3->cpu3_L1I WRITE        ACCESS:          0 HIT:          0 MISS:          0 MSHR_MERGE:          0
cpu3->cpu3_L1I TRANSLATION  ACCESS:          0 HIT:          0 MISS:          0 MSHR_MERGE:          0
cpu3->cpu3_L1I PREFETCH REQUESTED:          0 ISSUED:          0 USEFUL:          0 USELESS:          0
cpu3->cpu3_L1I AVERAGE MISS LATENCY: - cycles
cpu3->cpu3_L1D TOTAL        ACCESS:   11381195 HIT:   10843747 MISS:     537448 MSHR_MERGE:     220304
cpu3->cpu3_L1D LOAD         ACCESS:    6318421 HIT:    5919757 MISS:     398664 MSHR_MERGE:      98988
cpu3->cpu3_L1D RFO          ACCESS:          0 HIT:          0 MISS:          0 MSHR_MERGE:          0
cpu3->cpu3_L1D PREFETCH     ACCESS:          0 HIT:          0 MISS:          0 MSHR_MERGE:          0
cpu3->cpu3_L1D WRITE        ACCESS:    5062774 HIT:    4923990 MISS:     138784 MSHR_MERGE:     121316
cpu3->cpu3_L1D TRANSLATION  ACCESS:          0 HIT:          0 MISS:          0 MSHR_MERGE:          0
cpu3->cpu3_L1D PREFETCH REQUESTED:          0 ISSUED:          0 USEFUL:          0 USELESS:          0
cpu3->cpu3_L1D AVERAGE MISS LATENCY: 14.84 cycles
cpu3->cpu3_ITLB TOTAL        ACCESS:    7166343 HIT:    7166343 MISS:          0 MSHR_MERGE:          0
cpu3->cpu3_ITLB LOAD         ACCESS:    7166343 HIT:    7166343 MISS:          0 MSHR_MERGE:          0
cpu3->cpu3_ITLB RFO          ACCESS:          0 HIT:          0 MISS:          0 MSHR_MERGE:          0
cpu3->cpu3_ITLB PREFETCH     ACCESS:          0 HIT:          0 MISS:          0 MSHR_MERGE:          0
cpu3->cpu3_ITLB WRITE        ACCESS:          0 HIT:          0 MISS:          0 MSHR_MERGE:          0
cpu3->cpu3_ITLB TRANSLATION  ACCESS:          0 HIT:          0 MISS:          0 MSHR_MERGE:          0
cpu3->cpu3_ITLB PREFETCH REQUESTED:          0 ISSUED:          0 USEFUL:          0 USELESS:          0
cpu3->cpu3_ITLB AVERAGE MISS LATENCY: - cycles
cpu3->cpu3_DTLB TOTAL        ACCESS:   10491062 HIT:   10491062 MISS:          0 MSHR_MERGE:          0
cpu3->cpu3_DTLB LOAD         ACCESS:   10491062 HIT:   10491062 MISS:          0 MSHR_MERGE:          0
cpu3->cpu3_DTLB RFO          ACCESS:          0 HIT:          0 MISS:          0 MSHR_MERGE:          0
cpu3->cpu3_DTLB PREFETCH     ACCESS:          0 HIT:          0 MISS:          0 MSHR_MERGE:          0
cpu3->cpu3_DTLB WRITE        ACCESS:          0 HIT:          0 MISS:          0 MSHR_MERGE:          0
cpu3->cpu3_DTLB TRANSLATION  ACCESS:          0 HIT:          0 MISS:          0 MSHR_MERGE:          0
cpu3->cpu3_DTLB PREFETCH REQUESTED:          0 ISSUED:          0 USEFUL:          0 USELESS:          0
cpu3->cpu3_DTLB AVERAGE MISS LATENCY: - cycles
cpu2->cpu2_L2C TOTAL        ACCESS:     343393 HIT:     322655 MISS:      20738 MSHR_MERGE:          0
cpu2->cpu2_L2C LOAD         ACCESS:     300134 HIT:     286915 MISS:      13219 MSHR_MERGE:          0
cpu2->cpu2_L2C RFO          ACCESS:      17492 HIT:      10003 MISS:       7489 MSHR_MERGE:          0
cpu2->cpu2_L2C PREFETCH     ACCESS:          0 HIT:          0 MISS:          0 MSHR_MERGE:          0
cpu2->cpu2_L2C WRITE        ACCESS:      25767 HIT:      25737 MISS:         30 MSHR_MERGE:          0
cpu2->cpu2_L2C TRANSLATION  ACCESS:          0 HIT:          0 MISS:          0 MSHR_MERGE:          0
cpu2->cpu2_L2C PREFETCH REQUESTED:          0 ISSUED:          0 USEFUL:          0 USELESS:          0
cpu2->cpu2_L2C AVERAGE MISS LATENCY: 103.1 cycles
cpu2->cpu2_L1I TOTAL        ACCESS:    8077262 HIT:    8077262 MISS:          0 MSHR_MERGE:          0
cpu2->cpu2_L1I LOAD         ACCESS:    8077262 HIT:    8077262 MISS:          0 MSHR_MERGE:          0
cpu2->cpu2_L1I RFO          ACCESS:          0 HIT:          0 MISS:          0 MSHR_MERGE:          0
cpu2->cpu2_L1I PREFETCH     ACCESS:          0 HIT:          0 MISS:          0 MSHR_MERGE:          0
cpu2->cpu2_L1I WRITE        ACCESS:          0 HIT:          0 MISS:          0 MSHR_MERGE:          0
cpu2->cpu2_L1I TRANSLATION  ACCESS:          0 HIT:          0 MISS:          0 MSHR_MERGE:          0
cpu2->cpu2_L1I PREFETCH REQUESTED:          0 ISSUED:          0 USEFUL:          0 USELESS:          0
cpu2->cpu2_L1I AVERAGE MISS LATENCY: - cycles
cpu2->cpu2_L1D TOTAL        ACCESS:   11384798 HIT:   10846924 MISS:     537874 MSHR_MERGE:     220245
cpu2->cpu2_L1D LOAD         ACCESS:    6318470 HIT:    5919460 MISS:     399010 MSHR_MERGE:      98875
cpu2->cpu2_L1D RFO          ACCESS:          0 HIT:          0 MISS:          0 MSHR_MERGE:          0
cpu2->cpu2_L1D PREFETCH     ACCESS:          0 HIT:          0 MISS:          0 MSHR_MERGE:          0
cpu2->cpu2_L1D WRITE        ACCESS:    5066328 HIT:    4927464 MISS:     138864 MSHR_MERGE:     121370
cpu2->cpu2_L1D TRANSLATION  ACCESS:          0 HIT:          0 MISS:          0 MSHR_MERGE:          0
cpu2->cpu2_L1D PREFETCH REQUESTED:          0 ISSUED:          0 USEFUL:          0 USELESS:          0
cpu2->cpu2_L1D AVERAGE MISS LATENCY: 14.81 cycles
cpu2->cpu2_ITLB TOTAL        ACCESS:    7160058 HIT:    7160058 MISS:          0 MSHR_MERGE:          0
cpu2->cpu2_ITLB LOAD         ACCESS:    7160058 HIT:    7160058 MISS:          0 MSHR_MERGE:          0
cpu2->cpu2_ITLB RFO          ACCESS:          0 HIT:          0 MISS:          0 MSHR_MERGE:          0
cpu2->cpu2_ITLB PREFETCH     ACCESS:          0 HIT:          0 MISS:          0 MSHR_MERGE:          0
cpu2->cpu2_ITLB WRITE        ACCESS:          0 HIT:          0 MISS:          0 MSHR_MERGE:          0
cpu2->cpu2_ITLB TRANSLATION  ACCESS:          0 HIT:          0 MISS:          0 MSHR_MERGE:          0
cpu2->cpu2_ITLB PREFETCH REQUESTED:          0 ISSUED:          0 USEFUL:          0 USELESS:          0
cpu2->cpu2_ITLB AVERAGE MISS LATENCY: - cycles
cpu2->cpu2_DTLB TOTAL        ACCESS:   10468608 HIT:   10468608 MISS:          0 MSHR_MERGE:          0
cpu2->cpu2_DTLB LOAD         ACCESS:   10468608 HIT:   10468608 MISS:          0 MSHR_MERGE:          0
cpu2->cpu2_DTLB RFO          ACCESS:          0 HIT:          0 MISS:          0 MSHR_MERGE:          0
cpu2->cpu2_DTLB PREFETCH     ACCESS:          0 HIT:          0 MISS:          0 MSHR_MERGE:          0
cpu2->cpu2_DTLB WRITE        ACCESS:          0 HIT:          0 MISS:          0 MSHR_MERGE:          0
cpu2->cpu2_DTLB TRANSLATION  ACCESS:          0 HIT:          0 MISS:          0 MSHR_MERGE:          0
cpu2->cpu2_DTLB PREFETCH REQUESTED:          0 ISSUED:          0 USEFUL:          0 USELESS:          0
cpu2->cpu2_DTLB AVERAGE MISS LATENCY: - cycles
cpu1->cpu1_L2C TOTAL        ACCESS:     343382 HIT:     322642 MISS:      20740 MSHR_MERGE:          0
cpu1->cpu1_L2C LOAD         ACCESS:     300111 HIT:     286893 MISS:      13218 MSHR_MERGE:          0
cpu1->cpu1_L2C RFO          ACCESS:      17497 HIT:      10007 MISS:       7490 MSHR_MERGE:          0
cpu1->cpu1_L2C PREFETCH     ACCESS:          0 HIT:          0 MISS:          0 MSHR_MERGE:          0
cpu1->cpu1_L2C WRITE        ACCESS:      25774 HIT:      25742 MISS:         32 MSHR_MERGE:          0
cpu1->cpu1_L2C TRANSLATION  ACCESS:          0 HIT:          0 MISS:          0 MSHR_MERGE:          0
cpu1->cpu1_L2C PREFETCH REQUESTED:          0 ISSUED:          0 USEFUL:          0 USELESS:          0
cpu1->cpu1_L2C AVERAGE MISS LATENCY: 99.22 cycles
cpu1->cpu1_L1I TOTAL        ACCESS:    8071586 HIT:    8071586 MISS:          0 MSHR_MERGE:          0
cpu1->cpu1_L1I LOAD         ACCESS:    8071586 HIT:    8071586 MISS:          0 MSHR_MERGE:          0
cpu1->cpu1_L1I RFO          ACCESS:          0 HIT:          0 MISS:          0 MSHR_MERGE:          0
cpu1->cpu1_L1I PREFETCH     ACCESS:          0 HIT:          0 MISS:          0 MSHR_MERGE:          0
cpu1->cpu1_L1I WRITE        ACCESS:          0 HIT:          0 MISS:          0 MSHR_MERGE:          0
cpu1->cpu1_L1I TRANSLATION  ACCESS:          0 HIT:          0 MISS:          0 MSHR_MERGE:          0
cpu1->cpu1_L1I PREFETCH REQUESTED:          0 ISSUED:          0 USEFUL:          0 USELESS:          0
cpu1->cpu1_L1I AVERAGE MISS LATENCY: - cycles
cpu1->cpu1_L1D TOTAL        ACCESS:   11377215 HIT:   10839537 MISS:     537678 MSHR_MERGE:     220067
cpu1->cpu1_L1D LOAD         ACCESS:    6314046 HIT:    5915236 MISS:     398810 MSHR_MERGE:      98699
cpu1->cpu1_L1D RFO          ACCESS:          0 HIT:          0 MISS:          0 MSHR_MERGE:          0
cpu1->cpu1_L1D PREFETCH     ACCESS:          0 HIT:          0 MISS:          0 MSHR_MERGE:          0
cpu1->cpu1_L1D WRITE        ACCESS:    5063169 HIT:    4924301 MISS:     138868 MSHR_MERGE:     121368
cpu1->cpu1_L1D TRANSLATION  ACCESS:          0 HIT:          0 MISS:          0 MSHR_MERGE:          0
cpu1->cpu1_L1D PREFETCH REQUESTED:          0 ISSUED:          0 USEFUL:          0 USELESS:          0
cpu1->cpu1_L1D AVERAGE MISS LATENCY: 14.55 cycles
cpu1->cpu1_ITLB TOTAL        ACCESS:    7161171 HIT:    7161171 MISS:          0 MSHR_MERGE:          0
cpu1->cpu1_ITLB LOAD         ACCESS:    7161171 HIT:    7161171 MISS:          0 MSHR_MERGE:          0
cpu1->cpu1_ITLB RFO          ACCESS:          0 HIT:          0 MISS:          0 MSHR_MERGE:          0
cpu1->cpu1_ITLB PREFETCH     ACCESS:          0 HIT:          0 MISS:          0 MSHR_MERGE:          0
cpu1->cpu1_ITLB WRITE        ACCESS:          0 HIT:          0 MISS:          0 MSHR_MERGE:          0
cpu1->cpu1_ITLB TRANSLATION  ACCESS:          0 HIT:          0 MISS:          0 MSHR_MERGE:          0
cpu1->cpu1_ITLB PREFETCH REQUESTED:          0 ISSUED:          0 USEFUL:          0 USELESS:          0
cpu1->cpu1_ITLB AVERAGE MISS LATENCY: - cycles
cpu1->cpu1_DTLB TOTAL        ACCESS:   10465329 HIT:   10465329 MISS:          0 MSHR_MERGE:          0
cpu1->cpu1_DTLB LOAD         ACCESS:   10465329 HIT:   10465329 MISS:          0 MSHR_MERGE:          0
cpu1->cpu1_DTLB RFO          ACCESS:          0 HIT:          0 MISS:          0 MSHR_MERGE:          0
cpu1->cpu1_DTLB PREFETCH     ACCESS:          0 HIT:          0 MISS:          0 MSHR_MERGE:          0
cpu1->cpu1_DTLB WRITE        ACCESS:          0 HIT:          0 MISS:          0 MSHR_MERGE:          0
cpu1->cpu1_DTLB TRANSLATION  ACCESS:          0 HIT:          0 MISS:          0 MSHR_MERGE:          0
cpu1->cpu1_DTLB PREFETCH REQUESTED:          0 ISSUED:          0 USEFUL:          0 USELESS:          0
cpu1->cpu1_DTLB AVERAGE MISS LATENCY: - cycles
cpu0->cpu0_L2C TOTAL        ACCESS:     342864 HIT:     322174 MISS:      20690 MSHR_MERGE:          0
cpu0->cpu0_L2C LOAD         ACCESS:     299672 HIT:     286502 MISS:      13170 MSHR_MERGE:          0
cpu0->cpu0_L2C RFO          ACCESS:      17462 HIT:       9974 MISS:       7488 MSHR_MERGE:          0
cpu0->cpu0_L2C PREFETCH     ACCESS:          0 HIT:          0 MISS:          0 MSHR_MERGE:          0
cpu0->cpu0_L2C WRITE        ACCESS:      25730 HIT:      25698 MISS:         32 MSHR_MERGE:          0
cpu0->cpu0_L2C TRANSLATION  ACCESS:          0 HIT:          0 MISS:          0 MSHR_MERGE:          0
cpu0->cpu0_L2C PREFETCH REQUESTED:          0 ISSUED:          0 USEFUL:          0 USELESS:          0
cpu0->cpu0_L2C AVERAGE MISS LATENCY: 101.6 cycles
cpu0->cpu0_L1I TOTAL        ACCESS:    8078007 HIT:    8078007 MISS:          0 MSHR_MERGE:          0
cpu0->cpu0_L1I LOAD         ACCESS:    8078007 HIT:    8078007 MISS:          0 MSHR_MERGE:          0
cpu0->cpu0_L1I RFO          ACCESS:          0 HIT:          0 MISS:          0 MSHR_MERGE:          0
cpu0->cpu0_L1I PREFETCH     ACCESS:          0 HIT:          0 MISS:          0 MSHR_MERGE:          0
cpu0->cpu0_L1I WRITE        ACCESS:          0 HIT:          0 MISS:          0 MSHR_MERGE:          0
cpu0->cpu0_L1I TRANSLATION  ACCESS:          0 HIT:          0 MISS:          0 MSHR_MERGE:          0
cpu0->cpu0_L1I PREFETCH REQUESTED:          0 ISSUED:          0 USEFUL:          0 USELESS:          0
cpu0->cpu0_L1I AVERAGE MISS LATENCY: - cycles
cpu0->cpu0_L1D TOTAL        ACCESS:   11383201 HIT:   10845859 MISS:     537342 MSHR_MERGE:     220204
cpu0->cpu0_L1D LOAD         ACCESS:    6319595 HIT:    5920999 MISS:     398596 MSHR_MERGE:      98922
cpu0->cpu0_L1D RFO          ACCESS:          0 HIT:          0 MISS:          0 MSHR_MERGE:          0
cpu0->cpu0_L1D PREFETCH     ACCESS:          0 HIT:          0 MISS:          0 MSHR_MERGE:          0
cpu0->cpu0_L1D WRITE        ACCESS:    5063606 HIT:    4924860 MISS:     138746 MSHR_MERGE:     121282
cpu0->cpu0_L1D TRANSLATION  ACCESS:          0 HIT:          0 MISS:          0 MSHR_MERGE:          0
cpu0->cpu0_L1D PREFETCH REQUESTED:          0 ISSUED:          0 USEFUL:          0 USELESS:          0
cpu0->cpu0_L1D AVERAGE MISS LATENCY: 14.7 cycles
cpu0->cpu0_ITLB TOTAL        ACCESS:    7167999 HIT:    7167999 MISS:          0 MSHR_MERGE:          0
cpu0->cpu0_ITLB LOAD         ACCESS:    7167999 HIT:    7167999 MISS:          0 MSHR_MERGE:          0
cpu0->cpu0_ITLB RFO          ACCESS:          0 HIT:          0 MISS:          0 MSHR_MERGE:          0
cpu0->cpu0_ITLB PREFETCH     ACCESS:          0 HIT:          0 MISS:          0 MSHR_MERGE:          0
cpu0->cpu0_ITLB WRITE        ACCESS:          0 HIT:          0 MISS:          0 MSHR_MERGE:          0
cpu0->cpu0_ITLB TRANSLATION  ACCESS:          0 HIT:          0 MISS:          0 MSHR_MERGE:          0
cpu0->cpu0_ITLB PREFETCH REQUESTED:          0 ISSUED:          0 USEFUL:          0 USELESS:          0
cpu0->cpu0_ITLB AVERAGE MISS LATENCY: - cycles
cpu0->cpu0_DTLB TOTAL        ACCESS:   10492522 HIT:   10492522 MISS:          0 MSHR_MERGE:          0
cpu0->cpu0_DTLB LOAD         ACCESS:   10492522 HIT:   10492522 MISS:          0 MSHR_MERGE:          0
cpu0->cpu0_DTLB RFO          ACCESS:          0 HIT:          0 MISS:          0 MSHR_MERGE:          0
cpu0->cpu0_DTLB PREFETCH     ACCESS:          0 HIT:          0 MISS:          0 MSHR_MERGE:          0
cpu0->cpu0_DTLB WRITE        ACCESS:          0 HIT:          0 MISS:          0 MSHR_MERGE:          0
cpu0->cpu0_DTLB TRANSLATION  ACCESS:          0 HIT:          0 MISS:          0 MSHR_MERGE:          0
cpu0->cpu0_DTLB PREFETCH REQUESTED:          0 ISSUED:          0 USEFUL:          0 USELESS:          0
cpu0->cpu0_DTLB AVERAGE MISS LATENCY: - cycles
cpu0->LLC TOTAL        ACCESS:      27472 HIT:      19096 MISS:       8376 MSHR_MERGE:          0
cpu0->LLC LOAD         ACCESS:      13170 HIT:      12201 MISS:        969 MSHR_MERGE:          0
cpu0->LLC RFO          ACCESS:       7488 HIT:        148 MISS:       7340 MSHR_MERGE:          0
cpu0->LLC PREFETCH     ACCESS:          0 HIT:          0 MISS:          0 MSHR_MERGE:          0
cpu0->LLC WRITE        ACCESS:       6814 HIT:       6747 MISS:         67 MSHR_MERGE:          0
cpu0->LLC TRANSLATION  ACCESS:          0 HIT:          0 MISS:          0 MSHR_MERGE:          0
cpu0->LLC PREFETCH REQUESTED:          0 ISSUED:          0 USEFUL:          0 USELESS:          0
cpu0->LLC AVERAGE MISS LATENCY: 1700 cycles
cpu1->LLC TOTAL        ACCESS:      27526 HIT:      19131 MISS:       8395 MSHR_MERGE:          0
cpu1->LLC LOAD         ACCESS:      13218 HIT:      12233 MISS:        985 MSHR_MERGE:          0
cpu1->LLC RFO          ACCESS:       7490 HIT:        150 MISS:       7340 MSHR_MERGE:          0
cpu1->LLC PREFETCH     ACCESS:          0 HIT:          0 MISS:          0 MSHR_MERGE:          0
cpu1->LLC WRITE        ACCESS:       6818 HIT:       6748 MISS:         70 MSHR_MERGE:          0
cpu1->LLC TRANSLATION  ACCESS:          0 HIT:          0 MISS:          0 MSHR_MERGE:          0
cpu1->LLC PREFETCH REQUESTED:          0 ISSUED:          0 USEFUL:          0 USELESS:          0
cpu1->LLC AVERAGE MISS LATENCY: 1696 cycles
cpu2->LLC TOTAL        ACCESS:      27524 HIT:      19138 MISS:       8386 MSHR_MERGE:          0
cpu2->LLC LOAD         ACCESS:      13219 HIT:      12238 MISS:        981 MSHR_MERGE:          0
cpu2->LLC RFO          ACCESS:       7489 HIT:        149 MISS:       7340 MSHR_MERGE:          0
cpu2->LLC PREFETCH     ACCESS:          0 HIT:          0 MISS:          0 MSHR_MERGE:          0
cpu2->LLC WRITE        ACCESS:       6816 HIT:       6751 MISS:         65 MSHR_MERGE:          0
cpu2->LLC TRANSLATION  ACCESS:          0 HIT:          0 MISS:          0 MSHR_MERGE:          0
cpu2->LLC PREFETCH REQUESTED:          0 ISSUED:          0 USEFUL:          0 USELESS:          0
cpu2->LLC AVERAGE MISS LATENCY: 1698 cycles
cpu3->LLC TOTAL        ACCESS:      27474 HIT:      19101 MISS:       8373 MSHR_MERGE:          0
cpu3->LLC LOAD         ACCESS:      13176 HIT:      12208 MISS:        968 MSHR_MERGE:          0
cpu3->LLC RFO          ACCESS:       7487 HIT:        147 MISS:       7340 MSHR_MERGE:          0
cpu3->LLC PREFETCH     ACCESS:          0 HIT:          0 MISS:          0 MSHR_MERGE:          0
cpu3->LLC WRITE        ACCESS:       6811 HIT:       6746 MISS:         65 MSHR_MERGE:          0
cpu3->LLC TRANSLATION  ACCESS:          0 HIT:          0 MISS:          0 MSHR_MERGE:          0
cpu3->LLC PREFETCH REQUESTED:          0 ISSUED:          0 USEFUL:          0 USELESS:          0
cpu3->LLC AVERAGE MISS LATENCY: 1700 cycles
cpu4->LLC TOTAL        ACCESS:      27528 HIT:      19141 MISS:       8387 MSHR_MERGE:          0
cpu4->LLC LOAD         ACCESS:      13230 HIT:      12249 MISS:        981 MSHR_MERGE:          0
cpu4->LLC RFO          ACCESS:       7486 HIT:        146 MISS:       7340 MSHR_MERGE:          0
cpu4->LLC PREFETCH     ACCESS:          0 HIT:          0 MISS:          0 MSHR_MERGE:          0
cpu4->LLC WRITE        ACCESS:       6812 HIT:       6746 MISS:         66 MSHR_MERGE:          0
cpu4->LLC TRANSLATION  ACCESS:          0 HIT:          0 MISS:          0 MSHR_MERGE:          0
cpu4->LLC PREFETCH REQUESTED:          0 ISSUED:          0 USEFUL:          0 USELESS:          0
cpu4->LLC AVERAGE MISS LATENCY: 1698 cycles
cpu5->LLC TOTAL        ACCESS:      27525 HIT:      19133 MISS:       8392 MSHR_MERGE:          0
cpu5->LLC LOAD         ACCESS:      13220 HIT:      12237 MISS:        983 MSHR_MERGE:          0
cpu5->LLC RFO          ACCESS:       7488 HIT:        148 MISS:       7340 MSHR_MERGE:          0
cpu5->LLC PREFETCH     ACCESS:          0 HIT:          0 MISS:          0 MSHR_MERGE:          0
cpu5->LLC WRITE        ACCESS:       6817 HIT:       6748 MISS:         69 MSHR_MERGE:          0
cpu5->LLC TRANSLATION  ACCESS:          0 HIT:          0 MISS:          0 MSHR_MERGE:          0
cpu5->LLC PREFETCH REQUESTED:          0 ISSUED:          0 USEFUL:          0 USELESS:          0
cpu5->LLC AVERAGE MISS LATENCY: 1697 cycles
cpu6->LLC TOTAL        ACCESS:      27483 HIT:      19108 MISS:       8375 MSHR_MERGE:          0
cpu6->LLC LOAD         ACCESS:      13182 HIT:      12215 MISS:        967 MSHR_MERGE:          0
cpu6->LLC RFO          ACCESS:       7486 HIT:        146 MISS:       7340 MSHR_MERGE:          0
cpu6->LLC PREFETCH     ACCESS:          0 HIT:          0 MISS:          0 MSHR_MERGE:          0
cpu6->LLC WRITE        ACCESS:       6815 HIT:       6747 MISS:         68 MSHR_MERGE:          0
cpu6->LLC TRANSLATION  ACCESS:          0 HIT:          0 MISS:          0 MSHR_MERGE:          0
cpu6->LLC PREFETCH REQUESTED:          0 ISSUED:          0 USEFUL:          0 USELESS:          0
cpu6->LLC AVERAGE MISS LATENCY: 1700 cycles
cpu7->LLC TOTAL        ACCESS:      27479 HIT:      19107 MISS:       8372 MSHR_MERGE:          0
cpu7->LLC LOAD         ACCESS:      13177 HIT:      12213 MISS:        964 MSHR_MERGE:          0
cpu7->LLC RFO          ACCESS:       7488 HIT:        148 MISS:       7340 MSHR_MERGE:          0
cpu7->LLC PREFETCH     ACCESS:          0 HIT:          0 MISS:          0 MSHR_MERGE:          0
cpu7->LLC WRITE        ACCESS:       6814 HIT:       6746 MISS:         68 MSHR_MERGE:          0
cpu7->LLC TRANSLATION  ACCESS:          0 HIT:          0 MISS:          0 MSHR_MERGE:          0
cpu7->LLC PREFETCH REQUESTED:          0 ISSUED:          0 USEFUL:          0 USELESS:          0
cpu7->LLC AVERAGE MISS LATENCY: 1701 cycles

DRAM Statistics

Channel 0 READ REQS:      33098	WRITE REQS:       1431
  READS:      33098	READ_HITS:      14872
  WRITES:       1427	WRITE HITS:        165
  ACTIVATES:      19488	PRECHARGES:      19456
  RQ FULL:          0	WQ FULL:          0
  WRITE DRAINS:        726	FORCED:          1
  MEAN WRITE IMBALANCE: 1.019283746556474
  READ OCCU PRE DRAIN: 0.011019283746556474	POST DRAIN: 1.0495867768595042
  MEAN WLP: 1.4848484848484849
  READ LATENCY: 50.50516647531573

Channel 1 READ REQS:      33420	WRITE REQS:       1398
  READS:      33420	READ_HITS:      14950
  WRITES:       1398	WRITE HITS:        176
  ACTIVATES:      19692	PRECHARGES:      19660
  RQ FULL:          0	WQ FULL:          0
  WRITE DRAINS:        787	FORCED:          0
  MEAN WRITE IMBALANCE: 1.0304955527318933
  READ OCCU PRE DRAIN:          0	POST DRAIN: 1.0063532401524777
  MEAN WLP: 1.445997458703939
  READ LATENCY: 50.3427289048474
WCACHE NON LRU EVICTS: 925	TOTAL EVICTS: 25940	EAGER WB: 2507
