[VMEM] WARNING: physical memory size is smaller than virtual memory size.
dram page policy: is open = 1	is close = 0	is soft close = 0	cmd arg = 0

*** ChampSim Multicore Out-of-Order Simulator ***
Warmup Instructions: 25000000
Simulation Instructions: 50000000
Number of CPUs: 8
Page size: 2097152

CL :	 16.64 ns
CWL :	 15.808 ns
tRP :	 16.224 ns
tRCD :	 16.224 ns
tRAS :	 32.032000000000004 ns
tRTP :	 7.904 ns
tWR :	 30.368000000000002 ns

tCCD_S :	 3.3280000000000003 ns
tCCD_S_WR :	 3.3280000000000003 ns
tCCD_S_WTR :	 22.048000000000002 ns
tCCD_L :	 5.408 ns
tCCD_L_WR :	 20.384 ns
tCCD_L_WTR :	 29.536 ns
tRRD_S :	 3.3280000000000003 ns
tRRD_L :	 5.408 ns
tFAW :	 13.728 ns
Address mapping (perm = 1) 	ch co bg bg bg ba ba co co co co co co ro ro ro ro ro ro ro ro ro ro ro ro ro ro ro 
dram queue size: R = 64 W = 48 (low:high is 9:39)
max lookup for evict 0	evict = 16, eager = 16
Heartbeat CPU 0 instructions: 10000000 cycles: 2521081 heartbeat IPC: 3.967 cumulative IPC: 3.967 (Simulation time: 00 hr 12 min 36 sec)
Heartbeat CPU 1 instructions: 10000000 cycles: 2522312 heartbeat IPC: 3.965 cumulative IPC: 3.965 (Simulation time: 00 hr 12 min 36 sec)
Heartbeat CPU 2 instructions: 10000002 cycles: 2522857 heartbeat IPC: 3.964 cumulative IPC: 3.964 (Simulation time: 00 hr 12 min 36 sec)
Heartbeat CPU 3 instructions: 10000000 cycles: 2523154 heartbeat IPC: 3.963 cumulative IPC: 3.963 (Simulation time: 00 hr 12 min 36 sec)
Heartbeat CPU 4 instructions: 10000000 cycles: 2523362 heartbeat IPC: 3.963 cumulative IPC: 3.963 (Simulation time: 00 hr 12 min 36 sec)
Heartbeat CPU 5 instructions: 10000000 cycles: 2523505 heartbeat IPC: 3.963 cumulative IPC: 3.963 (Simulation time: 00 hr 12 min 36 sec)
Heartbeat CPU 6 instructions: 10000000 cycles: 2523627 heartbeat IPC: 3.963 cumulative IPC: 3.963 (Simulation time: 00 hr 12 min 37 sec)
Heartbeat CPU 7 instructions: 10000003 cycles: 2523696 heartbeat IPC: 3.962 cumulative IPC: 3.962 (Simulation time: 00 hr 12 min 37 sec)
Heartbeat CPU 0 instructions: 20000000 cycles: 5021081 heartbeat IPC: 4 cumulative IPC: 3.983 (Simulation time: 00 hr 25 min 22 sec)
Heartbeat CPU 1 instructions: 20000000 cycles: 5022312 heartbeat IPC: 4 cumulative IPC: 3.982 (Simulation time: 00 hr 25 min 23 sec)
Heartbeat CPU 2 instructions: 20000002 cycles: 5022857 heartbeat IPC: 4 cumulative IPC: 3.982 (Simulation time: 00 hr 25 min 23 sec)
Heartbeat CPU 3 instructions: 20000000 cycles: 5023154 heartbeat IPC: 4 cumulative IPC: 3.982 (Simulation time: 00 hr 25 min 23 sec)
Heartbeat CPU 4 instructions: 20000003 cycles: 5023363 heartbeat IPC: 4 cumulative IPC: 3.981 (Simulation time: 00 hr 25 min 23 sec)
Heartbeat CPU 5 instructions: 20000000 cycles: 5023505 heartbeat IPC: 4 cumulative IPC: 3.981 (Simulation time: 00 hr 25 min 23 sec)
Heartbeat CPU 6 instructions: 20000000 cycles: 5023627 heartbeat IPC: 4 cumulative IPC: 3.981 (Simulation time: 00 hr 25 min 23 sec)
Heartbeat CPU 7 instructions: 20000003 cycles: 5023696 heartbeat IPC: 4 cumulative IPC: 3.981 (Simulation time: 00 hr 25 min 23 sec)
Warmup finished CPU 0 instructions: 25000004 cycles: 6297340 cumulative IPC: 3.97 (Simulation time: 00 hr 32 min 32 sec)
Warmup finished CPU 1 instructions: 25000004 cycles: 6303292 cumulative IPC: 3.966 (Simulation time: 00 hr 32 min 35 sec)
Warmup finished CPU 2 instructions: 25000004 cycles: 6305873 cumulative IPC: 3.965 (Simulation time: 00 hr 32 min 36 sec)
Warmup finished CPU 3 instructions: 25000004 cycles: 6308245 cumulative IPC: 3.963 (Simulation time: 00 hr 32 min 36 sec)
Warmup finished CPU 4 instructions: 25000004 cycles: 6308370 cumulative IPC: 3.963 (Simulation time: 00 hr 32 min 36 sec)
Warmup finished CPU 5 instructions: 25000003 cycles: 6309795 cumulative IPC: 3.962 (Simulation time: 00 hr 32 min 37 sec)
Warmup finished CPU 7 instructions: 25000003 cycles: 6311860 cumulative IPC: 3.961 (Simulation time: 00 hr 32 min 38 sec)
Warmup finished CPU 6 instructions: 25000004 cycles: 6312240 cumulative IPC: 3.961 (Simulation time: 00 hr 32 min 38 sec)
Warmup complete CPU 7 instructions: 25001548 cycles: 6312240 cumulative IPC: 3.961 (Simulation time: 00 hr 32 min 38 sec)
Warmup complete CPU 6 instructions: 25000004 cycles: 6312240 cumulative IPC: 3.961 (Simulation time: 00 hr 32 min 38 sec)
Warmup complete CPU 5 instructions: 25009580 cycles: 6312240 cumulative IPC: 3.962 (Simulation time: 00 hr 32 min 38 sec)
Warmup complete CPU 4 instructions: 25014824 cycles: 6312240 cumulative IPC: 3.963 (Simulation time: 00 hr 32 min 38 sec)
Warmup complete CPU 3 instructions: 25015381 cycles: 6312240 cumulative IPC: 3.963 (Simulation time: 00 hr 32 min 38 sec)
Warmup complete CPU 2 instructions: 25024600 cycles: 6312240 cumulative IPC: 3.964 (Simulation time: 00 hr 32 min 38 sec)
Warmup complete CPU 1 instructions: 25034623 cycles: 6312240 cumulative IPC: 3.966 (Simulation time: 00 hr 32 min 38 sec)
Warmup complete CPU 0 instructions: 25058114 cycles: 6312240 cumulative IPC: 3.97 (Simulation time: 00 hr 32 min 38 sec)
Heartbeat CPU 0 instructions: 30000001 cycles: 9880676 heartbeat IPC: 2.058 cumulative IPC: 1.385 (Simulation time: 00 hr 45 min 30 sec)
Heartbeat CPU 1 instructions: 30000001 cycles: 9904037 heartbeat IPC: 2.048 cumulative IPC: 1.382 (Simulation time: 00 hr 45 min 36 sec)
Heartbeat CPU 4 instructions: 30000005 cycles: 9909026 heartbeat IPC: 2.047 cumulative IPC: 1.386 (Simulation time: 00 hr 45 min 37 sec)
Heartbeat CPU 2 instructions: 30000004 cycles: 9910375 heartbeat IPC: 2.046 cumulative IPC: 1.383 (Simulation time: 00 hr 45 min 37 sec)
Heartbeat CPU 6 instructions: 30000001 cycles: 9910691 heartbeat IPC: 2.046 cumulative IPC: 1.389 (Simulation time: 00 hr 45 min 37 sec)
Heartbeat CPU 3 instructions: 30000001 cycles: 9912509 heartbeat IPC: 2.045 cumulative IPC: 1.385 (Simulation time: 00 hr 45 min 38 sec)
Heartbeat CPU 5 instructions: 30000001 cycles: 9917563 heartbeat IPC: 2.043 cumulative IPC: 1.384 (Simulation time: 00 hr 45 min 39 sec)
Heartbeat CPU 7 instructions: 30000004 cycles: 9920295 heartbeat IPC: 2.042 cumulative IPC: 1.385 (Simulation time: 00 hr 45 min 40 sec)
max lookup for evict 100000	evict = 3, eager = 3
max lookup for evict 200000	evict = 3, eager = 2
Heartbeat CPU 0 instructions: 40000001 cycles: 16258512 heartbeat IPC: 1.568 cumulative IPC: 1.502 (Simulation time: 01 hr 10 min 08 sec)
Heartbeat CPU 6 instructions: 40000001 cycles: 16268097 heartbeat IPC: 1.573 cumulative IPC: 1.507 (Simulation time: 01 hr 10 min 11 sec)
Heartbeat CPU 1 instructions: 40000001 cycles: 16268365 heartbeat IPC: 1.571 cumulative IPC: 1.503 (Simulation time: 01 hr 10 min 11 sec)
Heartbeat CPU 5 instructions: 40000001 cycles: 16268397 heartbeat IPC: 1.575 cumulative IPC: 1.506 (Simulation time: 01 hr 10 min 11 sec)
Heartbeat CPU 2 instructions: 40000006 cycles: 16305280 heartbeat IPC: 1.564 cumulative IPC: 1.499 (Simulation time: 01 hr 10 min 19 sec)
Heartbeat CPU 7 instructions: 40000006 cycles: 16311147 heartbeat IPC: 1.565 cumulative IPC: 1.5 (Simulation time: 01 hr 10 min 20 sec)
Heartbeat CPU 3 instructions: 40000001 cycles: 16313711 heartbeat IPC: 1.562 cumulative IPC: 1.498 (Simulation time: 01 hr 10 min 21 sec)
Heartbeat CPU 4 instructions: 40000006 cycles: 16319053 heartbeat IPC: 1.56 cumulative IPC: 1.497 (Simulation time: 01 hr 10 min 22 sec)
max lookup for evict 300000	evict = 3, eager = 3
max lookup for evict 400000	evict = 3, eager = 7
Heartbeat CPU 0 instructions: 50000004 cycles: 22553119 heartbeat IPC: 1.589 cumulative IPC: 1.536 (Simulation time: 01 hr 33 min 45 sec)
Heartbeat CPU 2 instructions: 50000009 cycles: 22573959 heartbeat IPC: 1.595 cumulative IPC: 1.536 (Simulation time: 01 hr 33 min 49 sec)
Heartbeat CPU 5 instructions: 50000004 cycles: 22575271 heartbeat IPC: 1.586 cumulative IPC: 1.537 (Simulation time: 01 hr 33 min 50 sec)
Heartbeat CPU 6 instructions: 50000004 cycles: 22581020 heartbeat IPC: 1.584 cumulative IPC: 1.537 (Simulation time: 01 hr 33 min 51 sec)
Heartbeat CPU 7 instructions: 50000009 cycles: 22586013 heartbeat IPC: 1.594 cumulative IPC: 1.536 (Simulation time: 01 hr 33 min 52 sec)
Heartbeat CPU 3 instructions: 50000004 cycles: 22590858 heartbeat IPC: 1.593 cumulative IPC: 1.535 (Simulation time: 01 hr 33 min 53 sec)
Heartbeat CPU 1 instructions: 50000004 cycles: 22598637 heartbeat IPC: 1.58 cumulative IPC: 1.533 (Simulation time: 01 hr 33 min 55 sec)
Heartbeat CPU 4 instructions: 50000009 cycles: 22613282 heartbeat IPC: 1.589 cumulative IPC: 1.533 (Simulation time: 01 hr 33 min 58 sec)
max lookup for evict 500000	evict = 3, eager = 9
max lookup for evict 600000	evict = 3, eager = 10
Heartbeat CPU 5 instructions: 60000005 cycles: 28647306 heartbeat IPC: 1.647 cumulative IPC: 1.567 (Simulation time: 01 hr 57 min 12 sec)
max lookup for evict 700000	evict = 3, eager = 16
Heartbeat CPU 0 instructions: 60000005 cycles: 28654093 heartbeat IPC: 1.639 cumulative IPC: 1.564 (Simulation time: 01 hr 57 min 14 sec)
Heartbeat CPU 2 instructions: 60000010 cycles: 28654208 heartbeat IPC: 1.645 cumulative IPC: 1.565 (Simulation time: 01 hr 57 min 14 sec)
Heartbeat CPU 7 instructions: 60000010 cycles: 28669987 heartbeat IPC: 1.644 cumulative IPC: 1.565 (Simulation time: 01 hr 57 min 18 sec)
Heartbeat CPU 1 instructions: 60000005 cycles: 28670030 heartbeat IPC: 1.647 cumulative IPC: 1.564 (Simulation time: 01 hr 57 min 18 sec)
Heartbeat CPU 6 instructions: 60000005 cycles: 28678952 heartbeat IPC: 1.64 cumulative IPC: 1.565 (Simulation time: 01 hr 57 min 20 sec)
Heartbeat CPU 3 instructions: 60000005 cycles: 28694605 heartbeat IPC: 1.638 cumulative IPC: 1.563 (Simulation time: 01 hr 57 min 23 sec)
Heartbeat CPU 4 instructions: 60000010 cycles: 28697330 heartbeat IPC: 1.644 cumulative IPC: 1.563 (Simulation time: 01 hr 57 min 24 sec)
max lookup for evict 800000	evict = 3, eager = 16
max lookup for evict 900000	evict = 3, eager = 16
Heartbeat CPU 5 instructions: 70000005 cycles: 34641088 heartbeat IPC: 1.668 cumulative IPC: 1.588 (Simulation time: 02 hr 20 min 48 sec)
Heartbeat CPU 0 instructions: 70000005 cycles: 34652559 heartbeat IPC: 1.667 cumulative IPC: 1.586 (Simulation time: 02 hr 20 min 51 sec)
Heartbeat CPU 6 instructions: 70000005 cycles: 34660139 heartbeat IPC: 1.672 cumulative IPC: 1.587 (Simulation time: 02 hr 20 min 53 sec)
Heartbeat CPU 2 instructions: 70000012 cycles: 34664881 heartbeat IPC: 1.664 cumulative IPC: 1.586 (Simulation time: 02 hr 20 min 54 sec)
Heartbeat CPU 7 instructions: 70000012 cycles: 34673146 heartbeat IPC: 1.666 cumulative IPC: 1.587 (Simulation time: 02 hr 20 min 56 sec)
Heartbeat CPU 1 instructions: 70000005 cycles: 34688172 heartbeat IPC: 1.662 cumulative IPC: 1.585 (Simulation time: 02 hr 21 min 00 sec)
Heartbeat CPU 3 instructions: 70000005 cycles: 34697019 heartbeat IPC: 1.666 cumulative IPC: 1.585 (Simulation time: 02 hr 21 min 02 sec)
Heartbeat CPU 4 instructions: 70000012 cycles: 34705434 heartbeat IPC: 1.664 cumulative IPC: 1.584 (Simulation time: 02 hr 21 min 04 sec)
Simulation finished CPU 5 instructions: 50000001 cycles: 31445078 cumulative IPC: 1.59 (Simulation time: 02 hr 32 min 29 sec)
Simulation finished CPU 6 instructions: 50000004 cycles: 31449231 cumulative IPC: 1.59 (Simulation time: 02 hr 32 min 30 sec)
Simulation finished CPU 2 instructions: 50000002 cycles: 31466526 cumulative IPC: 1.589 (Simulation time: 02 hr 32 min 34 sec)
Simulation finished CPU 0 instructions: 50000001 cycles: 31466735 cumulative IPC: 1.589 (Simulation time: 02 hr 32 min 34 sec)
Simulation finished CPU 7 instructions: 50000001 cycles: 31467997 cumulative IPC: 1.589 (Simulation time: 02 hr 32 min 35 sec)
Simulation finished CPU 3 instructions: 50000001 cycles: 31478093 cumulative IPC: 1.588 (Simulation time: 02 hr 32 min 37 sec)
Simulation finished CPU 4 instructions: 50000001 cycles: 31490695 cumulative IPC: 1.588 (Simulation time: 02 hr 32 min 40 sec)
Simulation finished CPU 1 instructions: 50000000 cycles: 31495068 cumulative IPC: 1.588 (Simulation time: 02 hr 32 min 41 sec)
Simulation complete CPU 7 instructions: 50066612 cycles: 31495068 cumulative IPC: 1.59 (Simulation time: 02 hr 32 min 41 sec)
Simulation complete CPU 6 instructions: 50110148 cycles: 31495068 cumulative IPC: 1.591 (Simulation time: 02 hr 32 min 41 sec)
Simulation complete CPU 5 instructions: 50107765 cycles: 31495068 cumulative IPC: 1.591 (Simulation time: 02 hr 32 min 41 sec)
Simulation complete CPU 4 instructions: 50010612 cycles: 31495068 cumulative IPC: 1.588 (Simulation time: 02 hr 32 min 41 sec)
Simulation complete CPU 3 instructions: 50042463 cycles: 31495068 cumulative IPC: 1.589 (Simulation time: 02 hr 32 min 41 sec)
Simulation complete CPU 2 instructions: 50070804 cycles: 31495068 cumulative IPC: 1.59 (Simulation time: 02 hr 32 min 41 sec)
Simulation complete CPU 1 instructions: 50000000 cycles: 31495068 cumulative IPC: 1.588 (Simulation time: 02 hr 32 min 41 sec)
Simulation complete CPU 0 instructions: 50057611 cycles: 31495068 cumulative IPC: 1.589 (Simulation time: 02 hr 32 min 41 sec)

ChampSim completed all CPUs

=== Simulation ===
CPU 0 runs ../frost/TRACES/ctf/spec2017/623.xalancbmk_s-592B.champsimtrace.xz
CPU 1 runs ../frost/TRACES/ctf/spec2017/623.xalancbmk_s-592B.champsimtrace.xz
CPU 2 runs ../frost/TRACES/ctf/spec2017/623.xalancbmk_s-592B.champsimtrace.xz
CPU 3 runs ../frost/TRACES/ctf/spec2017/623.xalancbmk_s-592B.champsimtrace.xz
CPU 4 runs ../frost/TRACES/ctf/spec2017/623.xalancbmk_s-592B.champsimtrace.xz
CPU 5 runs ../frost/TRACES/ctf/spec2017/623.xalancbmk_s-592B.champsimtrace.xz
CPU 6 runs ../frost/TRACES/ctf/spec2017/623.xalancbmk_s-592B.champsimtrace.xz
CPU 7 runs ../frost/TRACES/ctf/spec2017/623.xalancbmk_s-592B.champsimtrace.xz

Total Simulation Statistics (not including warmup)

CPU 7 cumulative IPC: 1.59 instructions: 50066612 cycles: 31495068
CPU 7 Branch Prediction Accuracy: 100% MPKI: 0 Average ROB Occupancy at Mispredict: -
Branch type MPKI
BRANCH_DIRECT_JUMP: 0
BRANCH_INDIRECT: 0
BRANCH_CONDITIONAL: 0
BRANCH_DIRECT_CALL: 0
BRANCH_INDIRECT_CALL: 0
BRANCH_RETURN: 0


CPU 6 cumulative IPC: 1.591 instructions: 50110148 cycles: 31495068
CPU 6 Branch Prediction Accuracy: 100% MPKI: 0 Average ROB Occupancy at Mispredict: -
Branch type MPKI
BRANCH_DIRECT_JUMP: 0
BRANCH_INDIRECT: 0
BRANCH_CONDITIONAL: 0
BRANCH_DIRECT_CALL: 0
BRANCH_INDIRECT_CALL: 0
BRANCH_RETURN: 0


CPU 5 cumulative IPC: 1.591 instructions: 50107765 cycles: 31495068
CPU 5 Branch Prediction Accuracy: 100% MPKI: 0 Average ROB Occupancy at Mispredict: -
Branch type MPKI
BRANCH_DIRECT_JUMP: 0
BRANCH_INDIRECT: 0
BRANCH_CONDITIONAL: 0
BRANCH_DIRECT_CALL: 0
BRANCH_INDIRECT_CALL: 0
BRANCH_RETURN: 0


CPU 4 cumulative IPC: 1.588 instructions: 50010612 cycles: 31495068
CPU 4 Branch Prediction Accuracy: 100% MPKI: 0 Average ROB Occupancy at Mispredict: -
Branch type MPKI
BRANCH_DIRECT_JUMP: 0
BRANCH_INDIRECT: 0
BRANCH_CONDITIONAL: 0
BRANCH_DIRECT_CALL: 0
BRANCH_INDIRECT_CALL: 0
BRANCH_RETURN: 0


CPU 3 cumulative IPC: 1.589 instructions: 50042463 cycles: 31495068
CPU 3 Branch Prediction Accuracy: 100% MPKI: 0 Average ROB Occupancy at Mispredict: -
Branch type MPKI
BRANCH_DIRECT_JUMP: 0
BRANCH_INDIRECT: 0
BRANCH_CONDITIONAL: 0
BRANCH_DIRECT_CALL: 0
BRANCH_INDIRECT_CALL: 0
BRANCH_RETURN: 0


CPU 2 cumulative IPC: 1.59 instructions: 50070804 cycles: 31495068
CPU 2 Branch Prediction Accuracy: 100% MPKI: 0 Average ROB Occupancy at Mispredict: -
Branch type MPKI
BRANCH_DIRECT_JUMP: 0
BRANCH_INDIRECT: 0
BRANCH_CONDITIONAL: 0
BRANCH_DIRECT_CALL: 0
BRANCH_INDIRECT_CALL: 0
BRANCH_RETURN: 0


CPU 1 cumulative IPC: 1.588 instructions: 50000000 cycles: 31495068
CPU 1 Branch Prediction Accuracy: 100% MPKI: 0 Average ROB Occupancy at Mispredict: -
Branch type MPKI
BRANCH_DIRECT_JUMP: 0
BRANCH_INDIRECT: 0
BRANCH_CONDITIONAL: 0
BRANCH_DIRECT_CALL: 0
BRANCH_INDIRECT_CALL: 0
BRANCH_RETURN: 0


CPU 0 cumulative IPC: 1.589 instructions: 50057611 cycles: 31495068
CPU 0 Branch Prediction Accuracy: 100% MPKI: 0 Average ROB Occupancy at Mispredict: -
Branch type MPKI
BRANCH_DIRECT_JUMP: 0
BRANCH_INDIRECT: 0
BRANCH_CONDITIONAL: 0
BRANCH_DIRECT_CALL: 0
BRANCH_INDIRECT_CALL: 0
BRANCH_RETURN: 0

cpu7->cpu7_L2C TOTAL        ACCESS:    2522816 HIT:    2317276 MISS:     205540 MSHR_MERGE:          0
cpu7->cpu7_L2C LOAD         ACCESS:    2209027 HIT:    2117970 MISS:      91057 MSHR_MERGE:          0
cpu7->cpu7_L2C RFO          ACCESS:     134334 HIT:      19851 MISS:     114483 MSHR_MERGE:          0
cpu7->cpu7_L2C PREFETCH     ACCESS:          0 HIT:          0 MISS:          0 MSHR_MERGE:          0
cpu7->cpu7_L2C WRITE        ACCESS:     179455 HIT:     179455 MISS:          0 MSHR_MERGE:          0
cpu7->cpu7_L2C TRANSLATION  ACCESS:          0 HIT:          0 MISS:          0 MSHR_MERGE:          0
cpu7->cpu7_L2C PREFETCH REQUESTED:          0 ISSUED:          0 USEFUL:          0 USELESS:          0
cpu7->cpu7_L2C AVERAGE MISS LATENCY: 213.4 cycles
cpu7->cpu7_L1I TOTAL        ACCESS:   11415254 HIT:   11137413 MISS:     277841 MSHR_MERGE:     100765
cpu7->cpu7_L1I LOAD         ACCESS:   11415254 HIT:   11137413 MISS:     277841 MSHR_MERGE:     100765
cpu7->cpu7_L1I RFO          ACCESS:          0 HIT:          0 MISS:          0 MSHR_MERGE:          0
cpu7->cpu7_L1I PREFETCH     ACCESS:          0 HIT:          0 MISS:          0 MSHR_MERGE:          0
cpu7->cpu7_L1I WRITE        ACCESS:          0 HIT:          0 MISS:          0 MSHR_MERGE:          0
cpu7->cpu7_L1I TRANSLATION  ACCESS:          0 HIT:          0 MISS:          0 MSHR_MERGE:          0
cpu7->cpu7_L1I PREFETCH REQUESTED:          0 ISSUED:          0 USEFUL:          0 USELESS:          0
cpu7->cpu7_L1I AVERAGE MISS LATENCY: 8.103 cycles
cpu7->cpu7_L1D TOTAL        ACCESS:   12686608 HIT:    9368696 MISS:    3317912 MSHR_MERGE:    1151625
cpu7->cpu7_L1D LOAD         ACCESS:    7924132 HIT:    5125386 MISS:    2798746 MSHR_MERGE:     766793
cpu7->cpu7_L1D RFO          ACCESS:          0 HIT:          0 MISS:          0 MSHR_MERGE:          0
cpu7->cpu7_L1D PREFETCH     ACCESS:          0 HIT:          0 MISS:          0 MSHR_MERGE:          0
cpu7->cpu7_L1D WRITE        ACCESS:    4762476 HIT:    4243310 MISS:     519166 MSHR_MERGE:     384832
cpu7->cpu7_L1D TRANSLATION  ACCESS:          0 HIT:          0 MISS:          0 MSHR_MERGE:          0
cpu7->cpu7_L1D PREFETCH REQUESTED:          0 ISSUED:          0 USEFUL:          0 USELESS:          0
cpu7->cpu7_L1D AVERAGE MISS LATENCY: 28.26 cycles
cpu7->cpu7_ITLB TOTAL        ACCESS:   10614446 HIT:   10614446 MISS:          0 MSHR_MERGE:          0
cpu7->cpu7_ITLB LOAD         ACCESS:   10614446 HIT:   10614446 MISS:          0 MSHR_MERGE:          0
cpu7->cpu7_ITLB RFO          ACCESS:          0 HIT:          0 MISS:          0 MSHR_MERGE:          0
cpu7->cpu7_ITLB PREFETCH     ACCESS:          0 HIT:          0 MISS:          0 MSHR_MERGE:          0
cpu7->cpu7_ITLB WRITE        ACCESS:          0 HIT:          0 MISS:          0 MSHR_MERGE:          0
cpu7->cpu7_ITLB TRANSLATION  ACCESS:          0 HIT:          0 MISS:          0 MSHR_MERGE:          0
cpu7->cpu7_ITLB PREFETCH REQUESTED:          0 ISSUED:          0 USEFUL:          0 USELESS:          0
cpu7->cpu7_ITLB AVERAGE MISS LATENCY: - cycles
cpu7->cpu7_DTLB TOTAL        ACCESS:   11783230 HIT:   11783230 MISS:          0 MSHR_MERGE:          0
cpu7->cpu7_DTLB LOAD         ACCESS:   11783230 HIT:   11783230 MISS:          0 MSHR_MERGE:          0
cpu7->cpu7_DTLB RFO          ACCESS:          0 HIT:          0 MISS:          0 MSHR_MERGE:          0
cpu7->cpu7_DTLB PREFETCH     ACCESS:          0 HIT:          0 MISS:          0 MSHR_MERGE:          0
cpu7->cpu7_DTLB WRITE        ACCESS:          0 HIT:          0 MISS:          0 MSHR_MERGE:          0
cpu7->cpu7_DTLB TRANSLATION  ACCESS:          0 HIT:          0 MISS:          0 MSHR_MERGE:          0
cpu7->cpu7_DTLB PREFETCH REQUESTED:          0 ISSUED:          0 USEFUL:          0 USELESS:          0
cpu7->cpu7_DTLB AVERAGE MISS LATENCY: - cycles
cpu6->cpu6_L2C TOTAL        ACCESS:    2523100 HIT:    2317545 MISS:     205555 MSHR_MERGE:          0
cpu6->cpu6_L2C LOAD         ACCESS:    2209237 HIT:    2118172 MISS:      91065 MSHR_MERGE:          0
cpu6->cpu6_L2C RFO          ACCESS:     134351 HIT:      19861 MISS:     114490 MSHR_MERGE:          0
cpu6->cpu6_L2C PREFETCH     ACCESS:          0 HIT:          0 MISS:          0 MSHR_MERGE:          0
cpu6->cpu6_L2C WRITE        ACCESS:     179512 HIT:     179512 MISS:          0 MSHR_MERGE:          0
cpu6->cpu6_L2C TRANSLATION  ACCESS:          0 HIT:          0 MISS:          0 MSHR_MERGE:          0
cpu6->cpu6_L2C PREFETCH REQUESTED:          0 ISSUED:          0 USEFUL:          0 USELESS:          0
cpu6->cpu6_L2C AVERAGE MISS LATENCY: 215.4 cycles
cpu6->cpu6_L1I TOTAL        ACCESS:   11422275 HIT:   11144709 MISS:     277566 MSHR_MERGE:     100474
cpu6->cpu6_L1I LOAD         ACCESS:   11422275 HIT:   11144709 MISS:     277566 MSHR_MERGE:     100474
cpu6->cpu6_L1I RFO          ACCESS:          0 HIT:          0 MISS:          0 MSHR_MERGE:          0
cpu6->cpu6_L1I PREFETCH     ACCESS:          0 HIT:          0 MISS:          0 MSHR_MERGE:          0
cpu6->cpu6_L1I WRITE        ACCESS:          0 HIT:          0 MISS:          0 MSHR_MERGE:          0
cpu6->cpu6_L1I TRANSLATION  ACCESS:          0 HIT:          0 MISS:          0 MSHR_MERGE:          0
cpu6->cpu6_L1I PREFETCH REQUESTED:          0 ISSUED:          0 USEFUL:          0 USELESS:          0
cpu6->cpu6_L1I AVERAGE MISS LATENCY: 8.059 cycles
cpu6->cpu6_L1D TOTAL        ACCESS:   12694458 HIT:    9375739 MISS:    3318719 MSHR_MERGE:    1152219
cpu6->cpu6_L1D LOAD         ACCESS:    7931446 HIT:    5132239 MISS:    2799207 MSHR_MERGE:     767059
cpu6->cpu6_L1D RFO          ACCESS:          0 HIT:          0 MISS:          0 MSHR_MERGE:          0
cpu6->cpu6_L1D PREFETCH     ACCESS:          0 HIT:          0 MISS:          0 MSHR_MERGE:          0
cpu6->cpu6_L1D WRITE        ACCESS:    4763012 HIT:    4243500 MISS:     519512 MSHR_MERGE:     385160
cpu6->cpu6_L1D TRANSLATION  ACCESS:          0 HIT:          0 MISS:          0 MSHR_MERGE:          0
cpu6->cpu6_L1D PREFETCH REQUESTED:          0 ISSUED:          0 USEFUL:          0 USELESS:          0
cpu6->cpu6_L1D AVERAGE MISS LATENCY: 28.46 cycles
cpu6->cpu6_ITLB TOTAL        ACCESS:   10629332 HIT:   10629332 MISS:          0 MSHR_MERGE:          0
cpu6->cpu6_ITLB LOAD         ACCESS:   10629332 HIT:   10629332 MISS:          0 MSHR_MERGE:          0
cpu6->cpu6_ITLB RFO          ACCESS:          0 HIT:          0 MISS:          0 MSHR_MERGE:          0
cpu6->cpu6_ITLB PREFETCH     ACCESS:          0 HIT:          0 MISS:          0 MSHR_MERGE:          0
cpu6->cpu6_ITLB WRITE        ACCESS:          0 HIT:          0 MISS:          0 MSHR_MERGE:          0
cpu6->cpu6_ITLB TRANSLATION  ACCESS:          0 HIT:          0 MISS:          0 MSHR_MERGE:          0
cpu6->cpu6_ITLB PREFETCH REQUESTED:          0 ISSUED:          0 USEFUL:          0 USELESS:          0
cpu6->cpu6_ITLB AVERAGE MISS LATENCY: - cycles
cpu6->cpu6_DTLB TOTAL        ACCESS:   11794763 HIT:   11794763 MISS:          0 MSHR_MERGE:          0
cpu6->cpu6_DTLB LOAD         ACCESS:   11794763 HIT:   11794763 MISS:          0 MSHR_MERGE:          0
cpu6->cpu6_DTLB RFO          ACCESS:          0 HIT:          0 MISS:          0 MSHR_MERGE:          0
cpu6->cpu6_DTLB PREFETCH     ACCESS:          0 HIT:          0 MISS:          0 MSHR_MERGE:          0
cpu6->cpu6_DTLB WRITE        ACCESS:          0 HIT:          0 MISS:          0 MSHR_MERGE:          0
cpu6->cpu6_DTLB TRANSLATION  ACCESS:          0 HIT:          0 MISS:          0 MSHR_MERGE:          0
cpu6->cpu6_DTLB PREFETCH REQUESTED:          0 ISSUED:          0 USEFUL:          0 USELESS:          0
cpu6->cpu6_DTLB AVERAGE MISS LATENCY: - cycles
cpu5->cpu5_L2C TOTAL        ACCESS:    2524290 HIT:    2318710 MISS:     205580 MSHR_MERGE:          0
cpu5->cpu5_L2C LOAD         ACCESS:    2210426 HIT:    2119319 MISS:      91107 MSHR_MERGE:          0
cpu5->cpu5_L2C RFO          ACCESS:     134320 HIT:      19847 MISS:     114473 MSHR_MERGE:          0
cpu5->cpu5_L2C PREFETCH     ACCESS:          0 HIT:          0 MISS:          0 MSHR_MERGE:          0
cpu5->cpu5_L2C WRITE        ACCESS:     179544 HIT:     179544 MISS:          0 MSHR_MERGE:          0
cpu5->cpu5_L2C TRANSLATION  ACCESS:          0 HIT:          0 MISS:          0 MSHR_MERGE:          0
cpu5->cpu5_L2C PREFETCH REQUESTED:          0 ISSUED:          0 USEFUL:          0 USELESS:          0
cpu5->cpu5_L2C AVERAGE MISS LATENCY: 211.3 cycles
cpu5->cpu5_L1I TOTAL        ACCESS:   11425601 HIT:   11148030 MISS:     277571 MSHR_MERGE:     100530
cpu5->cpu5_L1I LOAD         ACCESS:   11425601 HIT:   11148030 MISS:     277571 MSHR_MERGE:     100530
cpu5->cpu5_L1I RFO          ACCESS:          0 HIT:          0 MISS:          0 MSHR_MERGE:          0
cpu5->cpu5_L1I PREFETCH     ACCESS:          0 HIT:          0 MISS:          0 MSHR_MERGE:          0
cpu5->cpu5_L1I WRITE        ACCESS:          0 HIT:          0 MISS:          0 MSHR_MERGE:          0
cpu5->cpu5_L1I TRANSLATION  ACCESS:          0 HIT:          0 MISS:          0 MSHR_MERGE:          0
cpu5->cpu5_L1I PREFETCH REQUESTED:          0 ISSUED:          0 USEFUL:          0 USELESS:          0
cpu5->cpu5_L1I AVERAGE MISS LATENCY: 8.085 cycles
cpu5->cpu5_L1D TOTAL        ACCESS:   12695641 HIT:    9373445 MISS:    3322196 MSHR_MERGE:    1154486
cpu5->cpu5_L1D LOAD         ACCESS:    7933660 HIT:    5130666 MISS:    2802994 MSHR_MERGE:     769606
cpu5->cpu5_L1D RFO          ACCESS:          0 HIT:          0 MISS:          0 MSHR_MERGE:          0
cpu5->cpu5_L1D PREFETCH     ACCESS:          0 HIT:          0 MISS:          0 MSHR_MERGE:          0
cpu5->cpu5_L1D WRITE        ACCESS:    4761981 HIT:    4242779 MISS:     519202 MSHR_MERGE:     384880
cpu5->cpu5_L1D TRANSLATION  ACCESS:          0 HIT:          0 MISS:          0 MSHR_MERGE:          0
cpu5->cpu5_L1D PREFETCH REQUESTED:          0 ISSUED:          0 USEFUL:          0 USELESS:          0
cpu5->cpu5_L1D AVERAGE MISS LATENCY: 28.06 cycles
cpu5->cpu5_ITLB TOTAL        ACCESS:   10625096 HIT:   10625096 MISS:          0 MSHR_MERGE:          0
cpu5->cpu5_ITLB LOAD         ACCESS:   10625096 HIT:   10625096 MISS:          0 MSHR_MERGE:          0
cpu5->cpu5_ITLB RFO          ACCESS:          0 HIT:          0 MISS:          0 MSHR_MERGE:          0
cpu5->cpu5_ITLB PREFETCH     ACCESS:          0 HIT:          0 MISS:          0 MSHR_MERGE:          0
cpu5->cpu5_ITLB WRITE        ACCESS:          0 HIT:          0 MISS:          0 MSHR_MERGE:          0
cpu5->cpu5_ITLB TRANSLATION  ACCESS:          0 HIT:          0 MISS:          0 MSHR_MERGE:          0
cpu5->cpu5_ITLB PREFETCH REQUESTED:          0 ISSUED:          0 USEFUL:          0 USELESS:          0
cpu5->cpu5_ITLB AVERAGE MISS LATENCY: - cycles
cpu5->cpu5_DTLB TOTAL        ACCESS:   11773619 HIT:   11773619 MISS:          0 MSHR_MERGE:          0
cpu5->cpu5_DTLB LOAD         ACCESS:   11773619 HIT:   11773619 MISS:          0 MSHR_MERGE:          0
cpu5->cpu5_DTLB RFO          ACCESS:          0 HIT:          0 MISS:          0 MSHR_MERGE:          0
cpu5->cpu5_DTLB PREFETCH     ACCESS:          0 HIT:          0 MISS:          0 MSHR_MERGE:          0
cpu5->cpu5_DTLB WRITE        ACCESS:          0 HIT:          0 MISS:          0 MSHR_MERGE:          0
cpu5->cpu5_DTLB TRANSLATION  ACCESS:          0 HIT:          0 MISS:          0 MSHR_MERGE:          0
cpu5->cpu5_DTLB PREFETCH REQUESTED:          0 ISSUED:          0 USEFUL:          0 USELESS:          0
cpu5->cpu5_DTLB AVERAGE MISS LATENCY: - cycles
cpu4->cpu4_L2C TOTAL        ACCESS:    2522759 HIT:    2317261 MISS:     205498 MSHR_MERGE:          0
cpu4->cpu4_L2C LOAD         ACCESS:    2208951 HIT:    2117920 MISS:      91031 MSHR_MERGE:          0
cpu4->cpu4_L2C RFO          ACCESS:     134315 HIT:      19848 MISS:     114467 MSHR_MERGE:          0
cpu4->cpu4_L2C PREFETCH     ACCESS:          0 HIT:          0 MISS:          0 MSHR_MERGE:          0
cpu4->cpu4_L2C WRITE        ACCESS:     179493 HIT:     179493 MISS:          0 MSHR_MERGE:          0
cpu4->cpu4_L2C TRANSLATION  ACCESS:          0 HIT:          0 MISS:          0 MSHR_MERGE:          0
cpu4->cpu4_L2C PREFETCH REQUESTED:          0 ISSUED:          0 USEFUL:          0 USELESS:          0
cpu4->cpu4_L2C AVERAGE MISS LATENCY: 213.7 cycles
cpu4->cpu4_L1I TOTAL        ACCESS:   11402774 HIT:   11125318 MISS:     277456 MSHR_MERGE:     100461
cpu4->cpu4_L1I LOAD         ACCESS:   11402774 HIT:   11125318 MISS:     277456 MSHR_MERGE:     100461
cpu4->cpu4_L1I RFO          ACCESS:          0 HIT:          0 MISS:          0 MSHR_MERGE:          0
cpu4->cpu4_L1I PREFETCH     ACCESS:          0 HIT:          0 MISS:          0 MSHR_MERGE:          0
cpu4->cpu4_L1I WRITE        ACCESS:          0 HIT:          0 MISS:          0 MSHR_MERGE:          0
cpu4->cpu4_L1I TRANSLATION  ACCESS:          0 HIT:          0 MISS:          0 MSHR_MERGE:          0
cpu4->cpu4_L1I PREFETCH REQUESTED:          0 ISSUED:          0 USEFUL:          0 USELESS:          0
cpu4->cpu4_L1I AVERAGE MISS LATENCY: 8.04 cycles
cpu4->cpu4_L1D TOTAL        ACCESS:   12680097 HIT:    9359573 MISS:    3320524 MSHR_MERGE:    1154248
cpu4->cpu4_L1D LOAD         ACCESS:    7919271 HIT:    5118210 MISS:    2801061 MSHR_MERGE:     769102
cpu4->cpu4_L1D RFO          ACCESS:          0 HIT:          0 MISS:          0 MSHR_MERGE:          0
cpu4->cpu4_L1D PREFETCH     ACCESS:          0 HIT:          0 MISS:          0 MSHR_MERGE:          0
cpu4->cpu4_L1D WRITE        ACCESS:    4760826 HIT:    4241363 MISS:     519463 MSHR_MERGE:     385146
cpu4->cpu4_L1D TRANSLATION  ACCESS:          0 HIT:          0 MISS:          0 MSHR_MERGE:          0
cpu4->cpu4_L1D PREFETCH REQUESTED:          0 ISSUED:          0 USEFUL:          0 USELESS:          0
cpu4->cpu4_L1D AVERAGE MISS LATENCY: 28.3 cycles
cpu4->cpu4_ITLB TOTAL        ACCESS:   10602107 HIT:   10602107 MISS:          0 MSHR_MERGE:          0
cpu4->cpu4_ITLB LOAD         ACCESS:   10602107 HIT:   10602107 MISS:          0 MSHR_MERGE:          0
cpu4->cpu4_ITLB RFO          ACCESS:          0 HIT:          0 MISS:          0 MSHR_MERGE:          0
cpu4->cpu4_ITLB PREFETCH     ACCESS:          0 HIT:          0 MISS:          0 MSHR_MERGE:          0
cpu4->cpu4_ITLB WRITE        ACCESS:          0 HIT:          0 MISS:          0 MSHR_MERGE:          0
cpu4->cpu4_ITLB TRANSLATION  ACCESS:          0 HIT:          0 MISS:          0 MSHR_MERGE:          0
cpu4->cpu4_ITLB PREFETCH REQUESTED:          0 ISSUED:          0 USEFUL:          0 USELESS:          0
cpu4->cpu4_ITLB AVERAGE MISS LATENCY: - cycles
cpu4->cpu4_DTLB TOTAL        ACCESS:   11759441 HIT:   11759441 MISS:          0 MSHR_MERGE:          0
cpu4->cpu4_DTLB LOAD         ACCESS:   11759441 HIT:   11759441 MISS:          0 MSHR_MERGE:          0
cpu4->cpu4_DTLB RFO          ACCESS:          0 HIT:          0 MISS:          0 MSHR_MERGE:          0
cpu4->cpu4_DTLB PREFETCH     ACCESS:          0 HIT:          0 MISS:          0 MSHR_MERGE:          0
cpu4->cpu4_DTLB WRITE        ACCESS:          0 HIT:          0 MISS:          0 MSHR_MERGE:          0
cpu4->cpu4_DTLB TRANSLATION  ACCESS:          0 HIT:          0 MISS:          0 MSHR_MERGE:          0
cpu4->cpu4_DTLB PREFETCH REQUESTED:          0 ISSUED:          0 USEFUL:          0 USELESS:          0
cpu4->cpu4_DTLB AVERAGE MISS LATENCY: - cycles
cpu3->cpu3_L2C TOTAL        ACCESS:    2522696 HIT:    2317190 MISS:     205506 MSHR_MERGE:          0
cpu3->cpu3_L2C LOAD         ACCESS:    2208905 HIT:    2117865 MISS:      91040 MSHR_MERGE:          0
cpu3->cpu3_L2C RFO          ACCESS:     134316 HIT:      19850 MISS:     114466 MSHR_MERGE:          0
cpu3->cpu3_L2C PREFETCH     ACCESS:          0 HIT:          0 MISS:          0 MSHR_MERGE:          0
cpu3->cpu3_L2C WRITE        ACCESS:     179475 HIT:     179475 MISS:          0 MSHR_MERGE:          0
cpu3->cpu3_L2C TRANSLATION  ACCESS:          0 HIT:          0 MISS:          0 MSHR_MERGE:          0
cpu3->cpu3_L2C PREFETCH REQUESTED:          0 ISSUED:          0 USEFUL:          0 USELESS:          0
cpu3->cpu3_L2C AVERAGE MISS LATENCY: 214.6 cycles
cpu3->cpu3_L1I TOTAL        ACCESS:   11410140 HIT:   11132732 MISS:     277408 MSHR_MERGE:     100418
cpu3->cpu3_L1I LOAD         ACCESS:   11410140 HIT:   11132732 MISS:     277408 MSHR_MERGE:     100418
cpu3->cpu3_L1I RFO          ACCESS:          0 HIT:          0 MISS:          0 MSHR_MERGE:          0
cpu3->cpu3_L1I PREFETCH     ACCESS:          0 HIT:          0 MISS:          0 MSHR_MERGE:          0
cpu3->cpu3_L1I WRITE        ACCESS:          0 HIT:          0 MISS:          0 MSHR_MERGE:          0
cpu3->cpu3_L1I TRANSLATION  ACCESS:          0 HIT:          0 MISS:          0 MSHR_MERGE:          0
cpu3->cpu3_L1I PREFETCH REQUESTED:          0 ISSUED:          0 USEFUL:          0 USELESS:          0
cpu3->cpu3_L1I AVERAGE MISS LATENCY: 8.128 cycles
cpu3->cpu3_L1D TOTAL        ACCESS:   12687536 HIT:    9366289 MISS:    3321247 MSHR_MERGE:    1155013
cpu3->cpu3_L1D LOAD         ACCESS:    7925494 HIT:    5123635 MISS:    2801859 MSHR_MERGE:     769941
cpu3->cpu3_L1D RFO          ACCESS:          0 HIT:          0 MISS:          0 MSHR_MERGE:          0
cpu3->cpu3_L1D PREFETCH     ACCESS:          0 HIT:          0 MISS:          0 MSHR_MERGE:          0
cpu3->cpu3_L1D WRITE        ACCESS:    4762042 HIT:    4242654 MISS:     519388 MSHR_MERGE:     385072
cpu3->cpu3_L1D TRANSLATION  ACCESS:          0 HIT:          0 MISS:          0 MSHR_MERGE:          0
cpu3->cpu3_L1D PREFETCH REQUESTED:          0 ISSUED:          0 USEFUL:          0 USELESS:          0
cpu3->cpu3_L1D AVERAGE MISS LATENCY: 28.38 cycles
cpu3->cpu3_ITLB TOTAL        ACCESS:   10622974 HIT:   10622974 MISS:          0 MSHR_MERGE:          0
cpu3->cpu3_ITLB LOAD         ACCESS:   10622974 HIT:   10622974 MISS:          0 MSHR_MERGE:          0
cpu3->cpu3_ITLB RFO          ACCESS:          0 HIT:          0 MISS:          0 MSHR_MERGE:          0
cpu3->cpu3_ITLB PREFETCH     ACCESS:          0 HIT:          0 MISS:          0 MSHR_MERGE:          0
cpu3->cpu3_ITLB WRITE        ACCESS:          0 HIT:          0 MISS:          0 MSHR_MERGE:          0
cpu3->cpu3_ITLB TRANSLATION  ACCESS:          0 HIT:          0 MISS:          0 MSHR_MERGE:          0
cpu3->cpu3_ITLB PREFETCH REQUESTED:          0 ISSUED:          0 USEFUL:          0 USELESS:          0
cpu3->cpu3_ITLB AVERAGE MISS LATENCY: - cycles
cpu3->cpu3_DTLB TOTAL        ACCESS:   11788138 HIT:   11788138 MISS:          0 MSHR_MERGE:          0
cpu3->cpu3_DTLB LOAD         ACCESS:   11788138 HIT:   11788138 MISS:          0 MSHR_MERGE:          0
cpu3->cpu3_DTLB RFO          ACCESS:          0 HIT:          0 MISS:          0 MSHR_MERGE:          0
cpu3->cpu3_DTLB PREFETCH     ACCESS:          0 HIT:          0 MISS:          0 MSHR_MERGE:          0
cpu3->cpu3_DTLB WRITE        ACCESS:          0 HIT:          0 MISS:          0 MSHR_MERGE:          0
cpu3->cpu3_DTLB TRANSLATION  ACCESS:          0 HIT:          0 MISS:          0 MSHR_MERGE:          0
cpu3->cpu3_DTLB PREFETCH REQUESTED:          0 ISSUED:          0 USEFUL:          0 USELESS:          0
cpu3->cpu3_DTLB AVERAGE MISS LATENCY: - cycles
cpu2->cpu2_L2C TOTAL        ACCESS:    2522614 HIT:    2317102 MISS:     205512 MSHR_MERGE:          0
cpu2->cpu2_L2C LOAD         ACCESS:    2208834 HIT:    2117779 MISS:      91055 MSHR_MERGE:          0
cpu2->cpu2_L2C RFO          ACCESS:     134305 HIT:      19848 MISS:     114457 MSHR_MERGE:          0
cpu2->cpu2_L2C PREFETCH     ACCESS:          0 HIT:          0 MISS:          0 MSHR_MERGE:          0
cpu2->cpu2_L2C WRITE        ACCESS:     179475 HIT:     179475 MISS:          0 MSHR_MERGE:          0
cpu2->cpu2_L2C TRANSLATION  ACCESS:          0 HIT:          0 MISS:          0 MSHR_MERGE:          0
cpu2->cpu2_L2C PREFETCH REQUESTED:          0 ISSUED:          0 USEFUL:          0 USELESS:          0
cpu2->cpu2_L2C AVERAGE MISS LATENCY: 212.3 cycles
cpu2->cpu2_L1I TOTAL        ACCESS:   11416868 HIT:   11139463 MISS:     277405 MSHR_MERGE:     100472
cpu2->cpu2_L1I LOAD         ACCESS:   11416868 HIT:   11139463 MISS:     277405 MSHR_MERGE:     100472
cpu2->cpu2_L1I RFO          ACCESS:          0 HIT:          0 MISS:          0 MSHR_MERGE:          0
cpu2->cpu2_L1I PREFETCH     ACCESS:          0 HIT:          0 MISS:          0 MSHR_MERGE:          0
cpu2->cpu2_L1I WRITE        ACCESS:          0 HIT:          0 MISS:          0 MSHR_MERGE:          0
cpu2->cpu2_L1I TRANSLATION  ACCESS:          0 HIT:          0 MISS:          0 MSHR_MERGE:          0
cpu2->cpu2_L1I PREFETCH REQUESTED:          0 ISSUED:          0 USEFUL:          0 USELESS:          0
cpu2->cpu2_L1I AVERAGE MISS LATENCY: 8.063 cycles
cpu2->cpu2_L1D TOTAL        ACCESS:   12686735 HIT:    9366380 MISS:    3320355 MSHR_MERGE:    1154144
cpu2->cpu2_L1D LOAD         ACCESS:    7927366 HIT:    5126321 MISS:    2801045 MSHR_MERGE:     769141
cpu2->cpu2_L1D RFO          ACCESS:          0 HIT:          0 MISS:          0 MSHR_MERGE:          0
cpu2->cpu2_L1D PREFETCH     ACCESS:          0 HIT:          0 MISS:          0 MSHR_MERGE:          0
cpu2->cpu2_L1D WRITE        ACCESS:    4759369 HIT:    4240059 MISS:     519310 MSHR_MERGE:     385003
cpu2->cpu2_L1D TRANSLATION  ACCESS:          0 HIT:          0 MISS:          0 MSHR_MERGE:          0
cpu2->cpu2_L1D PREFETCH REQUESTED:          0 ISSUED:          0 USEFUL:          0 USELESS:          0
cpu2->cpu2_L1D AVERAGE MISS LATENCY: 28.16 cycles
cpu2->cpu2_ITLB TOTAL        ACCESS:   10616707 HIT:   10616707 MISS:          0 MSHR_MERGE:          0
cpu2->cpu2_ITLB LOAD         ACCESS:   10616707 HIT:   10616707 MISS:          0 MSHR_MERGE:          0
cpu2->cpu2_ITLB RFO          ACCESS:          0 HIT:          0 MISS:          0 MSHR_MERGE:          0
cpu2->cpu2_ITLB PREFETCH     ACCESS:          0 HIT:          0 MISS:          0 MSHR_MERGE:          0
cpu2->cpu2_ITLB WRITE        ACCESS:          0 HIT:          0 MISS:          0 MSHR_MERGE:          0
cpu2->cpu2_ITLB TRANSLATION  ACCESS:          0 HIT:          0 MISS:          0 MSHR_MERGE:          0
cpu2->cpu2_ITLB PREFETCH REQUESTED:          0 ISSUED:          0 USEFUL:          0 USELESS:          0
cpu2->cpu2_ITLB AVERAGE MISS LATENCY: - cycles
cpu2->cpu2_DTLB TOTAL        ACCESS:   11765087 HIT:   11765087 MISS:          0 MSHR_MERGE:          0
cpu2->cpu2_DTLB LOAD         ACCESS:   11765087 HIT:   11765087 MISS:          0 MSHR_MERGE:          0
cpu2->cpu2_DTLB RFO          ACCESS:          0 HIT:          0 MISS:          0 MSHR_MERGE:          0
cpu2->cpu2_DTLB PREFETCH     ACCESS:          0 HIT:          0 MISS:          0 MSHR_MERGE:          0
cpu2->cpu2_DTLB WRITE        ACCESS:          0 HIT:          0 MISS:          0 MSHR_MERGE:          0
cpu2->cpu2_DTLB TRANSLATION  ACCESS:          0 HIT:          0 MISS:          0 MSHR_MERGE:          0
cpu2->cpu2_DTLB PREFETCH REQUESTED:          0 ISSUED:          0 USEFUL:          0 USELESS:          0
cpu2->cpu2_DTLB AVERAGE MISS LATENCY: - cycles
cpu1->cpu1_L2C TOTAL        ACCESS:    2522586 HIT:    2317112 MISS:     205474 MSHR_MERGE:          0
cpu1->cpu1_L2C LOAD         ACCESS:    2208824 HIT:    2117791 MISS:      91033 MSHR_MERGE:          0
cpu1->cpu1_L2C RFO          ACCESS:     134286 HIT:      19845 MISS:     114441 MSHR_MERGE:          0
cpu1->cpu1_L2C PREFETCH     ACCESS:          0 HIT:          0 MISS:          0 MSHR_MERGE:          0
cpu1->cpu1_L2C WRITE        ACCESS:     179476 HIT:     179476 MISS:          0 MSHR_MERGE:          0
cpu1->cpu1_L2C TRANSLATION  ACCESS:          0 HIT:          0 MISS:          0 MSHR_MERGE:          0
cpu1->cpu1_L2C PREFETCH REQUESTED:          0 ISSUED:          0 USEFUL:          0 USELESS:          0
cpu1->cpu1_L2C AVERAGE MISS LATENCY: 214.8 cycles
cpu1->cpu1_L1I TOTAL        ACCESS:   11400749 HIT:   11123409 MISS:     277340 MSHR_MERGE:     100445
cpu1->cpu1_L1I LOAD         ACCESS:   11400749 HIT:   11123409 MISS:     277340 MSHR_MERGE:     100445
cpu1->cpu1_L1I RFO          ACCESS:          0 HIT:          0 MISS:          0 MSHR_MERGE:          0
cpu1->cpu1_L1I PREFETCH     ACCESS:          0 HIT:          0 MISS:          0 MSHR_MERGE:          0
cpu1->cpu1_L1I WRITE        ACCESS:          0 HIT:          0 MISS:          0 MSHR_MERGE:          0
cpu1->cpu1_L1I TRANSLATION  ACCESS:          0 HIT:          0 MISS:          0 MSHR_MERGE:          0
cpu1->cpu1_L1I PREFETCH REQUESTED:          0 ISSUED:          0 USEFUL:          0 USELESS:          0
cpu1->cpu1_L1I AVERAGE MISS LATENCY: 8.04 cycles
cpu1->cpu1_L1D TOTAL        ACCESS:   12675991 HIT:    9355117 MISS:    3320874 MSHR_MERGE:    1154656
cpu1->cpu1_L1D LOAD         ACCESS:    7918395 HIT:    5116924 MISS:    2801471 MSHR_MERGE:     769540
cpu1->cpu1_L1D RFO          ACCESS:          0 HIT:          0 MISS:          0 MSHR_MERGE:          0
cpu1->cpu1_L1D PREFETCH     ACCESS:          0 HIT:          0 MISS:          0 MSHR_MERGE:          0
cpu1->cpu1_L1D WRITE        ACCESS:    4757596 HIT:    4238193 MISS:     519403 MSHR_MERGE:     385116
cpu1->cpu1_L1D TRANSLATION  ACCESS:          0 HIT:          0 MISS:          0 MSHR_MERGE:          0
cpu1->cpu1_L1D PREFETCH REQUESTED:          0 ISSUED:          0 USEFUL:          0 USELESS:          0
cpu1->cpu1_L1D AVERAGE MISS LATENCY: 28.4 cycles
cpu1->cpu1_ITLB TOTAL        ACCESS:   10612947 HIT:   10612947 MISS:          0 MSHR_MERGE:          0
cpu1->cpu1_ITLB LOAD         ACCESS:   10612947 HIT:   10612947 MISS:          0 MSHR_MERGE:          0
cpu1->cpu1_ITLB RFO          ACCESS:          0 HIT:          0 MISS:          0 MSHR_MERGE:          0
cpu1->cpu1_ITLB PREFETCH     ACCESS:          0 HIT:          0 MISS:          0 MSHR_MERGE:          0
cpu1->cpu1_ITLB WRITE        ACCESS:          0 HIT:          0 MISS:          0 MSHR_MERGE:          0
cpu1->cpu1_ITLB TRANSLATION  ACCESS:          0 HIT:          0 MISS:          0 MSHR_MERGE:          0
cpu1->cpu1_ITLB PREFETCH REQUESTED:          0 ISSUED:          0 USEFUL:          0 USELESS:          0
cpu1->cpu1_ITLB AVERAGE MISS LATENCY: - cycles
cpu1->cpu1_DTLB TOTAL        ACCESS:   11763035 HIT:   11763035 MISS:          0 MSHR_MERGE:          0
cpu1->cpu1_DTLB LOAD         ACCESS:   11763035 HIT:   11763035 MISS:          0 MSHR_MERGE:          0
cpu1->cpu1_DTLB RFO          ACCESS:          0 HIT:          0 MISS:          0 MSHR_MERGE:          0
cpu1->cpu1_DTLB PREFETCH     ACCESS:          0 HIT:          0 MISS:          0 MSHR_MERGE:          0
cpu1->cpu1_DTLB WRITE        ACCESS:          0 HIT:          0 MISS:          0 MSHR_MERGE:          0
cpu1->cpu1_DTLB TRANSLATION  ACCESS:          0 HIT:          0 MISS:          0 MSHR_MERGE:          0
cpu1->cpu1_DTLB PREFETCH REQUESTED:          0 ISSUED:          0 USEFUL:          0 USELESS:          0
cpu1->cpu1_DTLB AVERAGE MISS LATENCY: - cycles
cpu0->cpu0_L2C TOTAL        ACCESS:    2521449 HIT:    2315998 MISS:     205451 MSHR_MERGE:          0
cpu0->cpu0_L2C LOAD         ACCESS:    2207696 HIT:    2116680 MISS:      91016 MSHR_MERGE:          0
cpu0->cpu0_L2C RFO          ACCESS:     134311 HIT:      19876 MISS:     114435 MSHR_MERGE:          0
cpu0->cpu0_L2C PREFETCH     ACCESS:          0 HIT:          0 MISS:          0 MSHR_MERGE:          0
cpu0->cpu0_L2C WRITE        ACCESS:     179442 HIT:     179442 MISS:          0 MSHR_MERGE:          0
cpu0->cpu0_L2C TRANSLATION  ACCESS:          0 HIT:          0 MISS:          0 MSHR_MERGE:          0
cpu0->cpu0_L2C PREFETCH REQUESTED:          0 ISSUED:          0 USEFUL:          0 USELESS:          0
cpu0->cpu0_L2C AVERAGE MISS LATENCY: 210.8 cycles
cpu0->cpu0_L1I TOTAL        ACCESS:   11413676 HIT:   11136682 MISS:     276994 MSHR_MERGE:     100166
cpu0->cpu0_L1I LOAD         ACCESS:   11413676 HIT:   11136682 MISS:     276994 MSHR_MERGE:     100166
cpu0->cpu0_L1I RFO          ACCESS:          0 HIT:          0 MISS:          0 MSHR_MERGE:          0
cpu0->cpu0_L1I PREFETCH     ACCESS:          0 HIT:          0 MISS:          0 MSHR_MERGE:          0
cpu0->cpu0_L1I WRITE        ACCESS:          0 HIT:          0 MISS:          0 MSHR_MERGE:          0
cpu0->cpu0_L1I TRANSLATION  ACCESS:          0 HIT:          0 MISS:          0 MSHR_MERGE:          0
cpu0->cpu0_L1I PREFETCH REQUESTED:          0 ISSUED:          0 USEFUL:          0 USELESS:          0
cpu0->cpu0_L1I AVERAGE MISS LATENCY: 8.066 cycles
cpu0->cpu0_L1D TOTAL        ACCESS:   12684319 HIT:    9363664 MISS:    3320655 MSHR_MERGE:    1155471
cpu0->cpu0_L1D LOAD         ACCESS:    7927281 HIT:    5125996 MISS:    2801285 MSHR_MERGE:     770412
cpu0->cpu0_L1D RFO          ACCESS:          0 HIT:          0 MISS:          0 MSHR_MERGE:          0
cpu0->cpu0_L1D PREFETCH     ACCESS:          0 HIT:          0 MISS:          0 MSHR_MERGE:          0
cpu0->cpu0_L1D WRITE        ACCESS:    4757038 HIT:    4237668 MISS:     519370 MSHR_MERGE:     385059
cpu0->cpu0_L1D TRANSLATION  ACCESS:          0 HIT:          0 MISS:          0 MSHR_MERGE:          0
cpu0->cpu0_L1D PREFETCH REQUESTED:          0 ISSUED:          0 USEFUL:          0 USELESS:          0
cpu0->cpu0_L1D AVERAGE MISS LATENCY: 28.02 cycles
cpu0->cpu0_ITLB TOTAL        ACCESS:   10626890 HIT:   10626890 MISS:          0 MSHR_MERGE:          0
cpu0->cpu0_ITLB LOAD         ACCESS:   10626890 HIT:   10626890 MISS:          0 MSHR_MERGE:          0
cpu0->cpu0_ITLB RFO          ACCESS:          0 HIT:          0 MISS:          0 MSHR_MERGE:          0
cpu0->cpu0_ITLB PREFETCH     ACCESS:          0 HIT:          0 MISS:          0 MSHR_MERGE:          0
cpu0->cpu0_ITLB WRITE        ACCESS:          0 HIT:          0 MISS:          0 MSHR_MERGE:          0
cpu0->cpu0_ITLB TRANSLATION  ACCESS:          0 HIT:          0 MISS:          0 MSHR_MERGE:          0
cpu0->cpu0_ITLB PREFETCH REQUESTED:          0 ISSUED:          0 USEFUL:          0 USELESS:          0
cpu0->cpu0_ITLB AVERAGE MISS LATENCY: - cycles
cpu0->cpu0_DTLB TOTAL        ACCESS:   11784080 HIT:   11784080 MISS:          0 MSHR_MERGE:          0
cpu0->cpu0_DTLB LOAD         ACCESS:   11784080 HIT:   11784080 MISS:          0 MSHR_MERGE:          0
cpu0->cpu0_DTLB RFO          ACCESS:          0 HIT:          0 MISS:          0 MSHR_MERGE:          0
cpu0->cpu0_DTLB PREFETCH     ACCESS:          0 HIT:          0 MISS:          0 MSHR_MERGE:          0
cpu0->cpu0_DTLB WRITE        ACCESS:          0 HIT:          0 MISS:          0 MSHR_MERGE:          0
cpu0->cpu0_DTLB TRANSLATION  ACCESS:          0 HIT:          0 MISS:          0 MSHR_MERGE:          0
cpu0->cpu0_DTLB PREFETCH REQUESTED:          0 ISSUED:          0 USEFUL:          0 USELESS:          0
cpu0->cpu0_DTLB AVERAGE MISS LATENCY: - cycles
cpu0->LLC TOTAL        ACCESS:     327439 HIT:     195974 MISS:     131465 MSHR_MERGE:          0
cpu0->LLC LOAD         ACCESS:      91016 HIT:      80408 MISS:      10608 MSHR_MERGE:          0
cpu0->LLC RFO          ACCESS:     114435 HIT:       4676 MISS:     109759 MSHR_MERGE:          0
cpu0->LLC PREFETCH     ACCESS:          0 HIT:          0 MISS:          0 MSHR_MERGE:          0
cpu0->LLC WRITE        ACCESS:     121988 HIT:     110890 MISS:      11098 MSHR_MERGE:          0
cpu0->LLC TRANSLATION  ACCESS:          0 HIT:          0 MISS:          0 MSHR_MERGE:          0
cpu0->LLC PREFETCH REQUESTED:          0 ISSUED:          0 USEFUL:          0 USELESS:          0
cpu0->LLC AVERAGE MISS LATENCY: 2478 cycles
cpu1->LLC TOTAL        ACCESS:     327438 HIT:     196090 MISS:     131348 MSHR_MERGE:          0
cpu1->LLC LOAD         ACCESS:      91033 HIT:      80519 MISS:      10514 MSHR_MERGE:          0
cpu1->LLC RFO          ACCESS:     114441 HIT:       4714 MISS:     109727 MSHR_MERGE:          0
cpu1->LLC PREFETCH     ACCESS:          0 HIT:          0 MISS:          0 MSHR_MERGE:          0
cpu1->LLC WRITE        ACCESS:     121964 HIT:     110857 MISS:      11107 MSHR_MERGE:          0
cpu1->LLC TRANSLATION  ACCESS:          0 HIT:          0 MISS:          0 MSHR_MERGE:          0
cpu1->LLC PREFETCH REQUESTED:          0 ISSUED:          0 USEFUL:          0 USELESS:          0
cpu1->LLC AVERAGE MISS LATENCY: 2480 cycles
cpu2->LLC TOTAL        ACCESS:     327500 HIT:     196514 MISS:     130986 MSHR_MERGE:          0
cpu2->LLC LOAD         ACCESS:      91055 HIT:      80563 MISS:      10492 MSHR_MERGE:          0
cpu2->LLC RFO          ACCESS:     114457 HIT:       4758 MISS:     109699 MSHR_MERGE:          0
cpu2->LLC PREFETCH     ACCESS:          0 HIT:          0 MISS:          0 MSHR_MERGE:          0
cpu2->LLC WRITE        ACCESS:     121988 HIT:     111193 MISS:      10795 MSHR_MERGE:          0
cpu2->LLC TRANSLATION  ACCESS:          0 HIT:          0 MISS:          0 MSHR_MERGE:          0
cpu2->LLC PREFETCH REQUESTED:          0 ISSUED:          0 USEFUL:          0 USELESS:          0
cpu2->LLC AVERAGE MISS LATENCY: 2487 cycles
cpu3->LLC TOTAL        ACCESS:     327478 HIT:     196446 MISS:     131032 MSHR_MERGE:          0
cpu3->LLC LOAD         ACCESS:      91040 HIT:      80563 MISS:      10477 MSHR_MERGE:          0
cpu3->LLC RFO          ACCESS:     114466 HIT:       4770 MISS:     109696 MSHR_MERGE:          0
cpu3->LLC PREFETCH     ACCESS:          0 HIT:          0 MISS:          0 MSHR_MERGE:          0
cpu3->LLC WRITE        ACCESS:     121972 HIT:     111113 MISS:      10859 MSHR_MERGE:          0
cpu3->LLC TRANSLATION  ACCESS:          0 HIT:          0 MISS:          0 MSHR_MERGE:          0
cpu3->LLC PREFETCH REQUESTED:          0 ISSUED:          0 USEFUL:          0 USELESS:          0
cpu3->LLC AVERAGE MISS LATENCY: 2486 cycles
cpu4->LLC TOTAL        ACCESS:     327466 HIT:     196577 MISS:     130889 MSHR_MERGE:          0
cpu4->LLC LOAD         ACCESS:      91031 HIT:      80601 MISS:      10430 MSHR_MERGE:          0
cpu4->LLC RFO          ACCESS:     114467 HIT:       4771 MISS:     109696 MSHR_MERGE:          0
cpu4->LLC PREFETCH     ACCESS:          0 HIT:          0 MISS:          0 MSHR_MERGE:          0
cpu4->LLC WRITE        ACCESS:     121968 HIT:     111205 MISS:      10763 MSHR_MERGE:          0
cpu4->LLC TRANSLATION  ACCESS:          0 HIT:          0 MISS:          0 MSHR_MERGE:          0
cpu4->LLC PREFETCH REQUESTED:          0 ISSUED:          0 USEFUL:          0 USELESS:          0
cpu4->LLC AVERAGE MISS LATENCY: 2489 cycles
cpu5->LLC TOTAL        ACCESS:     327578 HIT:     196417 MISS:     131161 MSHR_MERGE:          0
cpu5->LLC LOAD         ACCESS:      91107 HIT:      80591 MISS:      10516 MSHR_MERGE:          0
cpu5->LLC RFO          ACCESS:     114473 HIT:       4802 MISS:     109671 MSHR_MERGE:          0
cpu5->LLC PREFETCH     ACCESS:          0 HIT:          0 MISS:          0 MSHR_MERGE:          0
cpu5->LLC WRITE        ACCESS:     121998 HIT:     111024 MISS:      10974 MSHR_MERGE:          0
cpu5->LLC TRANSLATION  ACCESS:          0 HIT:          0 MISS:          0 MSHR_MERGE:          0
cpu5->LLC PREFETCH REQUESTED:          0 ISSUED:          0 USEFUL:          0 USELESS:          0
cpu5->LLC AVERAGE MISS LATENCY: 2484 cycles
cpu6->LLC TOTAL        ACCESS:     327569 HIT:     196423 MISS:     131146 MSHR_MERGE:          0
cpu6->LLC LOAD         ACCESS:      91065 HIT:      80616 MISS:      10449 MSHR_MERGE:          0
cpu6->LLC RFO          ACCESS:     114490 HIT:       4829 MISS:     109661 MSHR_MERGE:          0
cpu6->LLC PREFETCH     ACCESS:          0 HIT:          0 MISS:          0 MSHR_MERGE:          0
cpu6->LLC WRITE        ACCESS:     122014 HIT:     110978 MISS:      11036 MSHR_MERGE:          0
cpu6->LLC TRANSLATION  ACCESS:          0 HIT:          0 MISS:          0 MSHR_MERGE:          0
cpu6->LLC PREFETCH REQUESTED:          0 ISSUED:          0 USEFUL:          0 USELESS:          0
cpu6->LLC AVERAGE MISS LATENCY: 2484 cycles
cpu7->LLC TOTAL        ACCESS:     327532 HIT:     196518 MISS:     131014 MSHR_MERGE:          0
cpu7->LLC LOAD         ACCESS:      91057 HIT:      80612 MISS:      10445 MSHR_MERGE:          0
cpu7->LLC RFO          ACCESS:     114483 HIT:       4822 MISS:     109661 MSHR_MERGE:          0
cpu7->LLC PREFETCH     ACCESS:          0 HIT:          0 MISS:          0 MSHR_MERGE:          0
cpu7->LLC WRITE        ACCESS:     121992 HIT:     111084 MISS:      10908 MSHR_MERGE:          0
cpu7->LLC TRANSLATION  ACCESS:          0 HIT:          0 MISS:          0 MSHR_MERGE:          0
cpu7->LLC PREFETCH REQUESTED:          0 ISSUED:          0 USEFUL:          0 USELESS:          0
cpu7->LLC AVERAGE MISS LATENCY: 2486 cycles

Region of Interest Statistics

CPU 7 cumulative IPC: 1.589 instructions: 50000001 cycles: 31467997
CPU 7 Branch Prediction Accuracy: 100% MPKI: 0 Average ROB Occupancy at Mispredict: -
Branch type MPKI
BRANCH_DIRECT_JUMP: 0
BRANCH_INDIRECT: 0
BRANCH_CONDITIONAL: 0
BRANCH_DIRECT_CALL: 0
BRANCH_INDIRECT_CALL: 0
BRANCH_RETURN: 0


CPU 6 cumulative IPC: 1.59 instructions: 50000004 cycles: 31449231
CPU 6 Branch Prediction Accuracy: 100% MPKI: 0 Average ROB Occupancy at Mispredict: -
Branch type MPKI
BRANCH_DIRECT_JUMP: 0
BRANCH_INDIRECT: 0
BRANCH_CONDITIONAL: 0
BRANCH_DIRECT_CALL: 0
BRANCH_INDIRECT_CALL: 0
BRANCH_RETURN: 0


CPU 5 cumulative IPC: 1.59 instructions: 50000001 cycles: 31445078
CPU 5 Branch Prediction Accuracy: 100% MPKI: 0 Average ROB Occupancy at Mispredict: -
Branch type MPKI
BRANCH_DIRECT_JUMP: 0
BRANCH_INDIRECT: 0
BRANCH_CONDITIONAL: 0
BRANCH_DIRECT_CALL: 0
BRANCH_INDIRECT_CALL: 0
BRANCH_RETURN: 0


CPU 4 cumulative IPC: 1.588 instructions: 50000001 cycles: 31490695
CPU 4 Branch Prediction Accuracy: 100% MPKI: 0 Average ROB Occupancy at Mispredict: -
Branch type MPKI
BRANCH_DIRECT_JUMP: 0
BRANCH_INDIRECT: 0
BRANCH_CONDITIONAL: 0
BRANCH_DIRECT_CALL: 0
BRANCH_INDIRECT_CALL: 0
BRANCH_RETURN: 0


CPU 3 cumulative IPC: 1.588 instructions: 50000001 cycles: 31478093
CPU 3 Branch Prediction Accuracy: 100% MPKI: 0 Average ROB Occupancy at Mispredict: -
Branch type MPKI
BRANCH_DIRECT_JUMP: 0
BRANCH_INDIRECT: 0
BRANCH_CONDITIONAL: 0
BRANCH_DIRECT_CALL: 0
BRANCH_INDIRECT_CALL: 0
BRANCH_RETURN: 0


CPU 2 cumulative IPC: 1.589 instructions: 50000002 cycles: 31466526
CPU 2 Branch Prediction Accuracy: 100% MPKI: 0 Average ROB Occupancy at Mispredict: -
Branch type MPKI
BRANCH_DIRECT_JUMP: 0
BRANCH_INDIRECT: 0
BRANCH_CONDITIONAL: 0
BRANCH_DIRECT_CALL: 0
BRANCH_INDIRECT_CALL: 0
BRANCH_RETURN: 0


CPU 1 cumulative IPC: 1.588 instructions: 50000000 cycles: 31495068
CPU 1 Branch Prediction Accuracy: 100% MPKI: 0 Average ROB Occupancy at Mispredict: -
Branch type MPKI
BRANCH_DIRECT_JUMP: 0
BRANCH_INDIRECT: 0
BRANCH_CONDITIONAL: 0
BRANCH_DIRECT_CALL: 0
BRANCH_INDIRECT_CALL: 0
BRANCH_RETURN: 0


CPU 0 cumulative IPC: 1.589 instructions: 50000001 cycles: 31466735
CPU 0 Branch Prediction Accuracy: 100% MPKI: 0 Average ROB Occupancy at Mispredict: -
Branch type MPKI
BRANCH_DIRECT_JUMP: 0
BRANCH_INDIRECT: 0
BRANCH_CONDITIONAL: 0
BRANCH_DIRECT_CALL: 0
BRANCH_INDIRECT_CALL: 0
BRANCH_RETURN: 0

cpu7->cpu7_L2C TOTAL        ACCESS:    2522816 HIT:    2317276 MISS:     205540 MSHR_MERGE:          0
cpu7->cpu7_L2C LOAD         ACCESS:    2209027 HIT:    2117970 MISS:      91057 MSHR_MERGE:          0
cpu7->cpu7_L2C RFO          ACCESS:     134334 HIT:      19851 MISS:     114483 MSHR_MERGE:          0
cpu7->cpu7_L2C PREFETCH     ACCESS:          0 HIT:          0 MISS:          0 MSHR_MERGE:          0
cpu7->cpu7_L2C WRITE        ACCESS:     179455 HIT:     179455 MISS:          0 MSHR_MERGE:          0
cpu7->cpu7_L2C TRANSLATION  ACCESS:          0 HIT:          0 MISS:          0 MSHR_MERGE:          0
cpu7->cpu7_L2C PREFETCH REQUESTED:          0 ISSUED:          0 USEFUL:          0 USELESS:          0
cpu7->cpu7_L2C AVERAGE MISS LATENCY: 213.4 cycles
cpu7->cpu7_L1I TOTAL        ACCESS:   11415254 HIT:   11137413 MISS:     277841 MSHR_MERGE:     100765
cpu7->cpu7_L1I LOAD         ACCESS:   11415254 HIT:   11137413 MISS:     277841 MSHR_MERGE:     100765
cpu7->cpu7_L1I RFO          ACCESS:          0 HIT:          0 MISS:          0 MSHR_MERGE:          0
cpu7->cpu7_L1I PREFETCH     ACCESS:          0 HIT:          0 MISS:          0 MSHR_MERGE:          0
cpu7->cpu7_L1I WRITE        ACCESS:          0 HIT:          0 MISS:          0 MSHR_MERGE:          0
cpu7->cpu7_L1I TRANSLATION  ACCESS:          0 HIT:          0 MISS:          0 MSHR_MERGE:          0
cpu7->cpu7_L1I PREFETCH REQUESTED:          0 ISSUED:          0 USEFUL:          0 USELESS:          0
cpu7->cpu7_L1I AVERAGE MISS LATENCY: 8.103 cycles
cpu7->cpu7_L1D TOTAL        ACCESS:   12686608 HIT:    9368696 MISS:    3317912 MSHR_MERGE:    1151625
cpu7->cpu7_L1D LOAD         ACCESS:    7924132 HIT:    5125386 MISS:    2798746 MSHR_MERGE:     766793
cpu7->cpu7_L1D RFO          ACCESS:          0 HIT:          0 MISS:          0 MSHR_MERGE:          0
cpu7->cpu7_L1D PREFETCH     ACCESS:          0 HIT:          0 MISS:          0 MSHR_MERGE:          0
cpu7->cpu7_L1D WRITE        ACCESS:    4762476 HIT:    4243310 MISS:     519166 MSHR_MERGE:     384832
cpu7->cpu7_L1D TRANSLATION  ACCESS:          0 HIT:          0 MISS:          0 MSHR_MERGE:          0
cpu7->cpu7_L1D PREFETCH REQUESTED:          0 ISSUED:          0 USEFUL:          0 USELESS:          0
cpu7->cpu7_L1D AVERAGE MISS LATENCY: 28.26 cycles
cpu7->cpu7_ITLB TOTAL        ACCESS:   10614446 HIT:   10614446 MISS:          0 MSHR_MERGE:          0
cpu7->cpu7_ITLB LOAD         ACCESS:   10614446 HIT:   10614446 MISS:          0 MSHR_MERGE:          0
cpu7->cpu7_ITLB RFO          ACCESS:          0 HIT:          0 MISS:          0 MSHR_MERGE:          0
cpu7->cpu7_ITLB PREFETCH     ACCESS:          0 HIT:          0 MISS:          0 MSHR_MERGE:          0
cpu7->cpu7_ITLB WRITE        ACCESS:          0 HIT:          0 MISS:          0 MSHR_MERGE:          0
cpu7->cpu7_ITLB TRANSLATION  ACCESS:          0 HIT:          0 MISS:          0 MSHR_MERGE:          0
cpu7->cpu7_ITLB PREFETCH REQUESTED:          0 ISSUED:          0 USEFUL:          0 USELESS:          0
cpu7->cpu7_ITLB AVERAGE MISS LATENCY: - cycles
cpu7->cpu7_DTLB TOTAL        ACCESS:   11783230 HIT:   11783230 MISS:          0 MSHR_MERGE:          0
cpu7->cpu7_DTLB LOAD         ACCESS:   11783230 HIT:   11783230 MISS:          0 MSHR_MERGE:          0
cpu7->cpu7_DTLB RFO          ACCESS:          0 HIT:          0 MISS:          0 MSHR_MERGE:          0
cpu7->cpu7_DTLB PREFETCH     ACCESS:          0 HIT:          0 MISS:          0 MSHR_MERGE:          0
cpu7->cpu7_DTLB WRITE        ACCESS:          0 HIT:          0 MISS:          0 MSHR_MERGE:          0
cpu7->cpu7_DTLB TRANSLATION  ACCESS:          0 HIT:          0 MISS:          0 MSHR_MERGE:          0
cpu7->cpu7_DTLB PREFETCH REQUESTED:          0 ISSUED:          0 USEFUL:          0 USELESS:          0
cpu7->cpu7_DTLB AVERAGE MISS LATENCY: - cycles
cpu6->cpu6_L2C TOTAL        ACCESS:    2523100 HIT:    2317545 MISS:     205555 MSHR_MERGE:          0
cpu6->cpu6_L2C LOAD         ACCESS:    2209237 HIT:    2118172 MISS:      91065 MSHR_MERGE:          0
cpu6->cpu6_L2C RFO          ACCESS:     134351 HIT:      19861 MISS:     114490 MSHR_MERGE:          0
cpu6->cpu6_L2C PREFETCH     ACCESS:          0 HIT:          0 MISS:          0 MSHR_MERGE:          0
cpu6->cpu6_L2C WRITE        ACCESS:     179512 HIT:     179512 MISS:          0 MSHR_MERGE:          0
cpu6->cpu6_L2C TRANSLATION  ACCESS:          0 HIT:          0 MISS:          0 MSHR_MERGE:          0
cpu6->cpu6_L2C PREFETCH REQUESTED:          0 ISSUED:          0 USEFUL:          0 USELESS:          0
cpu6->cpu6_L2C AVERAGE MISS LATENCY: 215.4 cycles
cpu6->cpu6_L1I TOTAL        ACCESS:   11422275 HIT:   11144709 MISS:     277566 MSHR_MERGE:     100474
cpu6->cpu6_L1I LOAD         ACCESS:   11422275 HIT:   11144709 MISS:     277566 MSHR_MERGE:     100474
cpu6->cpu6_L1I RFO          ACCESS:          0 HIT:          0 MISS:          0 MSHR_MERGE:          0
cpu6->cpu6_L1I PREFETCH     ACCESS:          0 HIT:          0 MISS:          0 MSHR_MERGE:          0
cpu6->cpu6_L1I WRITE        ACCESS:          0 HIT:          0 MISS:          0 MSHR_MERGE:          0
cpu6->cpu6_L1I TRANSLATION  ACCESS:          0 HIT:          0 MISS:          0 MSHR_MERGE:          0
cpu6->cpu6_L1I PREFETCH REQUESTED:          0 ISSUED:          0 USEFUL:          0 USELESS:          0
cpu6->cpu6_L1I AVERAGE MISS LATENCY: 8.059 cycles
cpu6->cpu6_L1D TOTAL        ACCESS:   12694458 HIT:    9375739 MISS:    3318719 MSHR_MERGE:    1152219
cpu6->cpu6_L1D LOAD         ACCESS:    7931446 HIT:    5132239 MISS:    2799207 MSHR_MERGE:     767059
cpu6->cpu6_L1D RFO          ACCESS:          0 HIT:          0 MISS:          0 MSHR_MERGE:          0
cpu6->cpu6_L1D PREFETCH     ACCESS:          0 HIT:          0 MISS:          0 MSHR_MERGE:          0
cpu6->cpu6_L1D WRITE        ACCESS:    4763012 HIT:    4243500 MISS:     519512 MSHR_MERGE:     385160
cpu6->cpu6_L1D TRANSLATION  ACCESS:          0 HIT:          0 MISS:          0 MSHR_MERGE:          0
cpu6->cpu6_L1D PREFETCH REQUESTED:          0 ISSUED:          0 USEFUL:          0 USELESS:          0
cpu6->cpu6_L1D AVERAGE MISS LATENCY: 28.46 cycles
cpu6->cpu6_ITLB TOTAL        ACCESS:   10629332 HIT:   10629332 MISS:          0 MSHR_MERGE:          0
cpu6->cpu6_ITLB LOAD         ACCESS:   10629332 HIT:   10629332 MISS:          0 MSHR_MERGE:          0
cpu6->cpu6_ITLB RFO          ACCESS:          0 HIT:          0 MISS:          0 MSHR_MERGE:          0
cpu6->cpu6_ITLB PREFETCH     ACCESS:          0 HIT:          0 MISS:          0 MSHR_MERGE:          0
cpu6->cpu6_ITLB WRITE        ACCESS:          0 HIT:          0 MISS:          0 MSHR_MERGE:          0
cpu6->cpu6_ITLB TRANSLATION  ACCESS:          0 HIT:          0 MISS:          0 MSHR_MERGE:          0
cpu6->cpu6_ITLB PREFETCH REQUESTED:          0 ISSUED:          0 USEFUL:          0 USELESS:          0
cpu6->cpu6_ITLB AVERAGE MISS LATENCY: - cycles
cpu6->cpu6_DTLB TOTAL        ACCESS:   11794763 HIT:   11794763 MISS:          0 MSHR_MERGE:          0
cpu6->cpu6_DTLB LOAD         ACCESS:   11794763 HIT:   11794763 MISS:          0 MSHR_MERGE:          0
cpu6->cpu6_DTLB RFO          ACCESS:          0 HIT:          0 MISS:          0 MSHR_MERGE:          0
cpu6->cpu6_DTLB PREFETCH     ACCESS:          0 HIT:          0 MISS:          0 MSHR_MERGE:          0
cpu6->cpu6_DTLB WRITE        ACCESS:          0 HIT:          0 MISS:          0 MSHR_MERGE:          0
cpu6->cpu6_DTLB TRANSLATION  ACCESS:          0 HIT:          0 MISS:          0 MSHR_MERGE:          0
cpu6->cpu6_DTLB PREFETCH REQUESTED:          0 ISSUED:          0 USEFUL:          0 USELESS:          0
cpu6->cpu6_DTLB AVERAGE MISS LATENCY: - cycles
cpu5->cpu5_L2C TOTAL        ACCESS:    2524290 HIT:    2318710 MISS:     205580 MSHR_MERGE:          0
cpu5->cpu5_L2C LOAD         ACCESS:    2210426 HIT:    2119319 MISS:      91107 MSHR_MERGE:          0
cpu5->cpu5_L2C RFO          ACCESS:     134320 HIT:      19847 MISS:     114473 MSHR_MERGE:          0
cpu5->cpu5_L2C PREFETCH     ACCESS:          0 HIT:          0 MISS:          0 MSHR_MERGE:          0
cpu5->cpu5_L2C WRITE        ACCESS:     179544 HIT:     179544 MISS:          0 MSHR_MERGE:          0
cpu5->cpu5_L2C TRANSLATION  ACCESS:          0 HIT:          0 MISS:          0 MSHR_MERGE:          0
cpu5->cpu5_L2C PREFETCH REQUESTED:          0 ISSUED:          0 USEFUL:          0 USELESS:          0
cpu5->cpu5_L2C AVERAGE MISS LATENCY: 211.3 cycles
cpu5->cpu5_L1I TOTAL        ACCESS:   11425601 HIT:   11148030 MISS:     277571 MSHR_MERGE:     100530
cpu5->cpu5_L1I LOAD         ACCESS:   11425601 HIT:   11148030 MISS:     277571 MSHR_MERGE:     100530
cpu5->cpu5_L1I RFO          ACCESS:          0 HIT:          0 MISS:          0 MSHR_MERGE:          0
cpu5->cpu5_L1I PREFETCH     ACCESS:          0 HIT:          0 MISS:          0 MSHR_MERGE:          0
cpu5->cpu5_L1I WRITE        ACCESS:          0 HIT:          0 MISS:          0 MSHR_MERGE:          0
cpu5->cpu5_L1I TRANSLATION  ACCESS:          0 HIT:          0 MISS:          0 MSHR_MERGE:          0
cpu5->cpu5_L1I PREFETCH REQUESTED:          0 ISSUED:          0 USEFUL:          0 USELESS:          0
cpu5->cpu5_L1I AVERAGE MISS LATENCY: 8.085 cycles
cpu5->cpu5_L1D TOTAL        ACCESS:   12695641 HIT:    9373445 MISS:    3322196 MSHR_MERGE:    1154486
cpu5->cpu5_L1D LOAD         ACCESS:    7933660 HIT:    5130666 MISS:    2802994 MSHR_MERGE:     769606
cpu5->cpu5_L1D RFO          ACCESS:          0 HIT:          0 MISS:          0 MSHR_MERGE:          0
cpu5->cpu5_L1D PREFETCH     ACCESS:          0 HIT:          0 MISS:          0 MSHR_MERGE:          0
cpu5->cpu5_L1D WRITE        ACCESS:    4761981 HIT:    4242779 MISS:     519202 MSHR_MERGE:     384880
cpu5->cpu5_L1D TRANSLATION  ACCESS:          0 HIT:          0 MISS:          0 MSHR_MERGE:          0
cpu5->cpu5_L1D PREFETCH REQUESTED:          0 ISSUED:          0 USEFUL:          0 USELESS:          0
cpu5->cpu5_L1D AVERAGE MISS LATENCY: 28.06 cycles
cpu5->cpu5_ITLB TOTAL        ACCESS:   10625096 HIT:   10625096 MISS:          0 MSHR_MERGE:          0
cpu5->cpu5_ITLB LOAD         ACCESS:   10625096 HIT:   10625096 MISS:          0 MSHR_MERGE:          0
cpu5->cpu5_ITLB RFO          ACCESS:          0 HIT:          0 MISS:          0 MSHR_MERGE:          0
cpu5->cpu5_ITLB PREFETCH     ACCESS:          0 HIT:          0 MISS:          0 MSHR_MERGE:          0
cpu5->cpu5_ITLB WRITE        ACCESS:          0 HIT:          0 MISS:          0 MSHR_MERGE:          0
cpu5->cpu5_ITLB TRANSLATION  ACCESS:          0 HIT:          0 MISS:          0 MSHR_MERGE:          0
cpu5->cpu5_ITLB PREFETCH REQUESTED:          0 ISSUED:          0 USEFUL:          0 USELESS:          0
cpu5->cpu5_ITLB AVERAGE MISS LATENCY: - cycles
cpu5->cpu5_DTLB TOTAL        ACCESS:   11773619 HIT:   11773619 MISS:          0 MSHR_MERGE:          0
cpu5->cpu5_DTLB LOAD         ACCESS:   11773619 HIT:   11773619 MISS:          0 MSHR_MERGE:          0
cpu5->cpu5_DTLB RFO          ACCESS:          0 HIT:          0 MISS:          0 MSHR_MERGE:          0
cpu5->cpu5_DTLB PREFETCH     ACCESS:          0 HIT:          0 MISS:          0 MSHR_MERGE:          0
cpu5->cpu5_DTLB WRITE        ACCESS:          0 HIT:          0 MISS:          0 MSHR_MERGE:          0
cpu5->cpu5_DTLB TRANSLATION  ACCESS:          0 HIT:          0 MISS:          0 MSHR_MERGE:          0
cpu5->cpu5_DTLB PREFETCH REQUESTED:          0 ISSUED:          0 USEFUL:          0 USELESS:          0
cpu5->cpu5_DTLB AVERAGE MISS LATENCY: - cycles
cpu4->cpu4_L2C TOTAL        ACCESS:    2522759 HIT:    2317261 MISS:     205498 MSHR_MERGE:          0
cpu4->cpu4_L2C LOAD         ACCESS:    2208951 HIT:    2117920 MISS:      91031 MSHR_MERGE:          0
cpu4->cpu4_L2C RFO          ACCESS:     134315 HIT:      19848 MISS:     114467 MSHR_MERGE:          0
cpu4->cpu4_L2C PREFETCH     ACCESS:          0 HIT:          0 MISS:          0 MSHR_MERGE:          0
cpu4->cpu4_L2C WRITE        ACCESS:     179493 HIT:     179493 MISS:          0 MSHR_MERGE:          0
cpu4->cpu4_L2C TRANSLATION  ACCESS:          0 HIT:          0 MISS:          0 MSHR_MERGE:          0
cpu4->cpu4_L2C PREFETCH REQUESTED:          0 ISSUED:          0 USEFUL:          0 USELESS:          0
cpu4->cpu4_L2C AVERAGE MISS LATENCY: 213.7 cycles
cpu4->cpu4_L1I TOTAL        ACCESS:   11402774 HIT:   11125318 MISS:     277456 MSHR_MERGE:     100461
cpu4->cpu4_L1I LOAD         ACCESS:   11402774 HIT:   11125318 MISS:     277456 MSHR_MERGE:     100461
cpu4->cpu4_L1I RFO          ACCESS:          0 HIT:          0 MISS:          0 MSHR_MERGE:          0
cpu4->cpu4_L1I PREFETCH     ACCESS:          0 HIT:          0 MISS:          0 MSHR_MERGE:          0
cpu4->cpu4_L1I WRITE        ACCESS:          0 HIT:          0 MISS:          0 MSHR_MERGE:          0
cpu4->cpu4_L1I TRANSLATION  ACCESS:          0 HIT:          0 MISS:          0 MSHR_MERGE:          0
cpu4->cpu4_L1I PREFETCH REQUESTED:          0 ISSUED:          0 USEFUL:          0 USELESS:          0
cpu4->cpu4_L1I AVERAGE MISS LATENCY: 8.04 cycles
cpu4->cpu4_L1D TOTAL        ACCESS:   12680097 HIT:    9359573 MISS:    3320524 MSHR_MERGE:    1154248
cpu4->cpu4_L1D LOAD         ACCESS:    7919271 HIT:    5118210 MISS:    2801061 MSHR_MERGE:     769102
cpu4->cpu4_L1D RFO          ACCESS:          0 HIT:          0 MISS:          0 MSHR_MERGE:          0
cpu4->cpu4_L1D PREFETCH     ACCESS:          0 HIT:          0 MISS:          0 MSHR_MERGE:          0
cpu4->cpu4_L1D WRITE        ACCESS:    4760826 HIT:    4241363 MISS:     519463 MSHR_MERGE:     385146
cpu4->cpu4_L1D TRANSLATION  ACCESS:          0 HIT:          0 MISS:          0 MSHR_MERGE:          0
cpu4->cpu4_L1D PREFETCH REQUESTED:          0 ISSUED:          0 USEFUL:          0 USELESS:          0
cpu4->cpu4_L1D AVERAGE MISS LATENCY: 28.3 cycles
cpu4->cpu4_ITLB TOTAL        ACCESS:   10602107 HIT:   10602107 MISS:          0 MSHR_MERGE:          0
cpu4->cpu4_ITLB LOAD         ACCESS:   10602107 HIT:   10602107 MISS:          0 MSHR_MERGE:          0
cpu4->cpu4_ITLB RFO          ACCESS:          0 HIT:          0 MISS:          0 MSHR_MERGE:          0
cpu4->cpu4_ITLB PREFETCH     ACCESS:          0 HIT:          0 MISS:          0 MSHR_MERGE:          0
cpu4->cpu4_ITLB WRITE        ACCESS:          0 HIT:          0 MISS:          0 MSHR_MERGE:          0
cpu4->cpu4_ITLB TRANSLATION  ACCESS:          0 HIT:          0 MISS:          0 MSHR_MERGE:          0
cpu4->cpu4_ITLB PREFETCH REQUESTED:          0 ISSUED:          0 USEFUL:          0 USELESS:          0
cpu4->cpu4_ITLB AVERAGE MISS LATENCY: - cycles
cpu4->cpu4_DTLB TOTAL        ACCESS:   11759441 HIT:   11759441 MISS:          0 MSHR_MERGE:          0
cpu4->cpu4_DTLB LOAD         ACCESS:   11759441 HIT:   11759441 MISS:          0 MSHR_MERGE:          0
cpu4->cpu4_DTLB RFO          ACCESS:          0 HIT:          0 MISS:          0 MSHR_MERGE:          0
cpu4->cpu4_DTLB PREFETCH     ACCESS:          0 HIT:          0 MISS:          0 MSHR_MERGE:          0
cpu4->cpu4_DTLB WRITE        ACCESS:          0 HIT:          0 MISS:          0 MSHR_MERGE:          0
cpu4->cpu4_DTLB TRANSLATION  ACCESS:          0 HIT:          0 MISS:          0 MSHR_MERGE:          0
cpu4->cpu4_DTLB PREFETCH REQUESTED:          0 ISSUED:          0 USEFUL:          0 USELESS:          0
cpu4->cpu4_DTLB AVERAGE MISS LATENCY: - cycles
cpu3->cpu3_L2C TOTAL        ACCESS:    2522696 HIT:    2317190 MISS:     205506 MSHR_MERGE:          0
cpu3->cpu3_L2C LOAD         ACCESS:    2208905 HIT:    2117865 MISS:      91040 MSHR_MERGE:          0
cpu3->cpu3_L2C RFO          ACCESS:     134316 HIT:      19850 MISS:     114466 MSHR_MERGE:          0
cpu3->cpu3_L2C PREFETCH     ACCESS:          0 HIT:          0 MISS:          0 MSHR_MERGE:          0
cpu3->cpu3_L2C WRITE        ACCESS:     179475 HIT:     179475 MISS:          0 MSHR_MERGE:          0
cpu3->cpu3_L2C TRANSLATION  ACCESS:          0 HIT:          0 MISS:          0 MSHR_MERGE:          0
cpu3->cpu3_L2C PREFETCH REQUESTED:          0 ISSUED:          0 USEFUL:          0 USELESS:          0
cpu3->cpu3_L2C AVERAGE MISS LATENCY: 214.6 cycles
cpu3->cpu3_L1I TOTAL        ACCESS:   11410140 HIT:   11132732 MISS:     277408 MSHR_MERGE:     100418
cpu3->cpu3_L1I LOAD         ACCESS:   11410140 HIT:   11132732 MISS:     277408 MSHR_MERGE:     100418
cpu3->cpu3_L1I RFO          ACCESS:          0 HIT:          0 MISS:          0 MSHR_MERGE:          0
cpu3->cpu3_L1I PREFETCH     ACCESS:          0 HIT:          0 MISS:          0 MSHR_MERGE:          0
cpu3->cpu3_L1I WRITE        ACCESS:          0 HIT:          0 MISS:          0 MSHR_MERGE:          0
cpu3->cpu3_L1I TRANSLATION  ACCESS:          0 HIT:          0 MISS:          0 MSHR_MERGE:          0
cpu3->cpu3_L1I PREFETCH REQUESTED:          0 ISSUED:          0 USEFUL:          0 USELESS:          0
cpu3->cpu3_L1I AVERAGE MISS LATENCY: 8.128 cycles
cpu3->cpu3_L1D TOTAL        ACCESS:   12687536 HIT:    9366289 MISS:    3321247 MSHR_MERGE:    1155013
cpu3->cpu3_L1D LOAD         ACCESS:    7925494 HIT:    5123635 MISS:    2801859 MSHR_MERGE:     769941
cpu3->cpu3_L1D RFO          ACCESS:          0 HIT:          0 MISS:          0 MSHR_MERGE:          0
cpu3->cpu3_L1D PREFETCH     ACCESS:          0 HIT:          0 MISS:          0 MSHR_MERGE:          0
cpu3->cpu3_L1D WRITE        ACCESS:    4762042 HIT:    4242654 MISS:     519388 MSHR_MERGE:     385072
cpu3->cpu3_L1D TRANSLATION  ACCESS:          0 HIT:          0 MISS:          0 MSHR_MERGE:          0
cpu3->cpu3_L1D PREFETCH REQUESTED:          0 ISSUED:          0 USEFUL:          0 USELESS:          0
cpu3->cpu3_L1D AVERAGE MISS LATENCY: 28.38 cycles
cpu3->cpu3_ITLB TOTAL        ACCESS:   10622974 HIT:   10622974 MISS:          0 MSHR_MERGE:          0
cpu3->cpu3_ITLB LOAD         ACCESS:   10622974 HIT:   10622974 MISS:          0 MSHR_MERGE:          0
cpu3->cpu3_ITLB RFO          ACCESS:          0 HIT:          0 MISS:          0 MSHR_MERGE:          0
cpu3->cpu3_ITLB PREFETCH     ACCESS:          0 HIT:          0 MISS:          0 MSHR_MERGE:          0
cpu3->cpu3_ITLB WRITE        ACCESS:          0 HIT:          0 MISS:          0 MSHR_MERGE:          0
cpu3->cpu3_ITLB TRANSLATION  ACCESS:          0 HIT:          0 MISS:          0 MSHR_MERGE:          0
cpu3->cpu3_ITLB PREFETCH REQUESTED:          0 ISSUED:          0 USEFUL:          0 USELESS:          0
cpu3->cpu3_ITLB AVERAGE MISS LATENCY: - cycles
cpu3->cpu3_DTLB TOTAL        ACCESS:   11788138 HIT:   11788138 MISS:          0 MSHR_MERGE:          0
cpu3->cpu3_DTLB LOAD         ACCESS:   11788138 HIT:   11788138 MISS:          0 MSHR_MERGE:          0
cpu3->cpu3_DTLB RFO          ACCESS:          0 HIT:          0 MISS:          0 MSHR_MERGE:          0
cpu3->cpu3_DTLB PREFETCH     ACCESS:          0 HIT:          0 MISS:          0 MSHR_MERGE:          0
cpu3->cpu3_DTLB WRITE        ACCESS:          0 HIT:          0 MISS:          0 MSHR_MERGE:          0
cpu3->cpu3_DTLB TRANSLATION  ACCESS:          0 HIT:          0 MISS:          0 MSHR_MERGE:          0
cpu3->cpu3_DTLB PREFETCH REQUESTED:          0 ISSUED:          0 USEFUL:          0 USELESS:          0
cpu3->cpu3_DTLB AVERAGE MISS LATENCY: - cycles
cpu2->cpu2_L2C TOTAL        ACCESS:    2522614 HIT:    2317102 MISS:     205512 MSHR_MERGE:          0
cpu2->cpu2_L2C LOAD         ACCESS:    2208834 HIT:    2117779 MISS:      91055 MSHR_MERGE:          0
cpu2->cpu2_L2C RFO          ACCESS:     134305 HIT:      19848 MISS:     114457 MSHR_MERGE:          0
cpu2->cpu2_L2C PREFETCH     ACCESS:          0 HIT:          0 MISS:          0 MSHR_MERGE:          0
cpu2->cpu2_L2C WRITE        ACCESS:     179475 HIT:     179475 MISS:          0 MSHR_MERGE:          0
cpu2->cpu2_L2C TRANSLATION  ACCESS:          0 HIT:          0 MISS:          0 MSHR_MERGE:          0
cpu2->cpu2_L2C PREFETCH REQUESTED:          0 ISSUED:          0 USEFUL:          0 USELESS:          0
cpu2->cpu2_L2C AVERAGE MISS LATENCY: 212.3 cycles
cpu2->cpu2_L1I TOTAL        ACCESS:   11416868 HIT:   11139463 MISS:     277405 MSHR_MERGE:     100472
cpu2->cpu2_L1I LOAD         ACCESS:   11416868 HIT:   11139463 MISS:     277405 MSHR_MERGE:     100472
cpu2->cpu2_L1I RFO          ACCESS:          0 HIT:          0 MISS:          0 MSHR_MERGE:          0
cpu2->cpu2_L1I PREFETCH     ACCESS:          0 HIT:          0 MISS:          0 MSHR_MERGE:          0
cpu2->cpu2_L1I WRITE        ACCESS:          0 HIT:          0 MISS:          0 MSHR_MERGE:          0
cpu2->cpu2_L1I TRANSLATION  ACCESS:          0 HIT:          0 MISS:          0 MSHR_MERGE:          0
cpu2->cpu2_L1I PREFETCH REQUESTED:          0 ISSUED:          0 USEFUL:          0 USELESS:          0
cpu2->cpu2_L1I AVERAGE MISS LATENCY: 8.063 cycles
cpu2->cpu2_L1D TOTAL        ACCESS:   12686735 HIT:    9366380 MISS:    3320355 MSHR_MERGE:    1154144
cpu2->cpu2_L1D LOAD         ACCESS:    7927366 HIT:    5126321 MISS:    2801045 MSHR_MERGE:     769141
cpu2->cpu2_L1D RFO          ACCESS:          0 HIT:          0 MISS:          0 MSHR_MERGE:          0
cpu2->cpu2_L1D PREFETCH     ACCESS:          0 HIT:          0 MISS:          0 MSHR_MERGE:          0
cpu2->cpu2_L1D WRITE        ACCESS:    4759369 HIT:    4240059 MISS:     519310 MSHR_MERGE:     385003
cpu2->cpu2_L1D TRANSLATION  ACCESS:          0 HIT:          0 MISS:          0 MSHR_MERGE:          0
cpu2->cpu2_L1D PREFETCH REQUESTED:          0 ISSUED:          0 USEFUL:          0 USELESS:          0
cpu2->cpu2_L1D AVERAGE MISS LATENCY: 28.16 cycles
cpu2->cpu2_ITLB TOTAL        ACCESS:   10616707 HIT:   10616707 MISS:          0 MSHR_MERGE:          0
cpu2->cpu2_ITLB LOAD         ACCESS:   10616707 HIT:   10616707 MISS:          0 MSHR_MERGE:          0
cpu2->cpu2_ITLB RFO          ACCESS:          0 HIT:          0 MISS:          0 MSHR_MERGE:          0
cpu2->cpu2_ITLB PREFETCH     ACCESS:          0 HIT:          0 MISS:          0 MSHR_MERGE:          0
cpu2->cpu2_ITLB WRITE        ACCESS:          0 HIT:          0 MISS:          0 MSHR_MERGE:          0
cpu2->cpu2_ITLB TRANSLATION  ACCESS:          0 HIT:          0 MISS:          0 MSHR_MERGE:          0
cpu2->cpu2_ITLB PREFETCH REQUESTED:          0 ISSUED:          0 USEFUL:          0 USELESS:          0
cpu2->cpu2_ITLB AVERAGE MISS LATENCY: - cycles
cpu2->cpu2_DTLB TOTAL        ACCESS:   11765087 HIT:   11765087 MISS:          0 MSHR_MERGE:          0
cpu2->cpu2_DTLB LOAD         ACCESS:   11765087 HIT:   11765087 MISS:          0 MSHR_MERGE:          0
cpu2->cpu2_DTLB RFO          ACCESS:          0 HIT:          0 MISS:          0 MSHR_MERGE:          0
cpu2->cpu2_DTLB PREFETCH     ACCESS:          0 HIT:          0 MISS:          0 MSHR_MERGE:          0
cpu2->cpu2_DTLB WRITE        ACCESS:          0 HIT:          0 MISS:          0 MSHR_MERGE:          0
cpu2->cpu2_DTLB TRANSLATION  ACCESS:          0 HIT:          0 MISS:          0 MSHR_MERGE:          0
cpu2->cpu2_DTLB PREFETCH REQUESTED:          0 ISSUED:          0 USEFUL:          0 USELESS:          0
cpu2->cpu2_DTLB AVERAGE MISS LATENCY: - cycles
cpu1->cpu1_L2C TOTAL        ACCESS:    2522586 HIT:    2317112 MISS:     205474 MSHR_MERGE:          0
cpu1->cpu1_L2C LOAD         ACCESS:    2208824 HIT:    2117791 MISS:      91033 MSHR_MERGE:          0
cpu1->cpu1_L2C RFO          ACCESS:     134286 HIT:      19845 MISS:     114441 MSHR_MERGE:          0
cpu1->cpu1_L2C PREFETCH     ACCESS:          0 HIT:          0 MISS:          0 MSHR_MERGE:          0
cpu1->cpu1_L2C WRITE        ACCESS:     179476 HIT:     179476 MISS:          0 MSHR_MERGE:          0
cpu1->cpu1_L2C TRANSLATION  ACCESS:          0 HIT:          0 MISS:          0 MSHR_MERGE:          0
cpu1->cpu1_L2C PREFETCH REQUESTED:          0 ISSUED:          0 USEFUL:          0 USELESS:          0
cpu1->cpu1_L2C AVERAGE MISS LATENCY: 214.8 cycles
cpu1->cpu1_L1I TOTAL        ACCESS:   11400749 HIT:   11123409 MISS:     277340 MSHR_MERGE:     100445
cpu1->cpu1_L1I LOAD         ACCESS:   11400749 HIT:   11123409 MISS:     277340 MSHR_MERGE:     100445
cpu1->cpu1_L1I RFO          ACCESS:          0 HIT:          0 MISS:          0 MSHR_MERGE:          0
cpu1->cpu1_L1I PREFETCH     ACCESS:          0 HIT:          0 MISS:          0 MSHR_MERGE:          0
cpu1->cpu1_L1I WRITE        ACCESS:          0 HIT:          0 MISS:          0 MSHR_MERGE:          0
cpu1->cpu1_L1I TRANSLATION  ACCESS:          0 HIT:          0 MISS:          0 MSHR_MERGE:          0
cpu1->cpu1_L1I PREFETCH REQUESTED:          0 ISSUED:          0 USEFUL:          0 USELESS:          0
cpu1->cpu1_L1I AVERAGE MISS LATENCY: 8.04 cycles
cpu1->cpu1_L1D TOTAL        ACCESS:   12675991 HIT:    9355117 MISS:    3320874 MSHR_MERGE:    1154656
cpu1->cpu1_L1D LOAD         ACCESS:    7918395 HIT:    5116924 MISS:    2801471 MSHR_MERGE:     769540
cpu1->cpu1_L1D RFO          ACCESS:          0 HIT:          0 MISS:          0 MSHR_MERGE:          0
cpu1->cpu1_L1D PREFETCH     ACCESS:          0 HIT:          0 MISS:          0 MSHR_MERGE:          0
cpu1->cpu1_L1D WRITE        ACCESS:    4757596 HIT:    4238193 MISS:     519403 MSHR_MERGE:     385116
cpu1->cpu1_L1D TRANSLATION  ACCESS:          0 HIT:          0 MISS:          0 MSHR_MERGE:          0
cpu1->cpu1_L1D PREFETCH REQUESTED:          0 ISSUED:          0 USEFUL:          0 USELESS:          0
cpu1->cpu1_L1D AVERAGE MISS LATENCY: 28.4 cycles
cpu1->cpu1_ITLB TOTAL        ACCESS:   10612947 HIT:   10612947 MISS:          0 MSHR_MERGE:          0
cpu1->cpu1_ITLB LOAD         ACCESS:   10612947 HIT:   10612947 MISS:          0 MSHR_MERGE:          0
cpu1->cpu1_ITLB RFO          ACCESS:          0 HIT:          0 MISS:          0 MSHR_MERGE:          0
cpu1->cpu1_ITLB PREFETCH     ACCESS:          0 HIT:          0 MISS:          0 MSHR_MERGE:          0
cpu1->cpu1_ITLB WRITE        ACCESS:          0 HIT:          0 MISS:          0 MSHR_MERGE:          0
cpu1->cpu1_ITLB TRANSLATION  ACCESS:          0 HIT:          0 MISS:          0 MSHR_MERGE:          0
cpu1->cpu1_ITLB PREFETCH REQUESTED:          0 ISSUED:          0 USEFUL:          0 USELESS:          0
cpu1->cpu1_ITLB AVERAGE MISS LATENCY: - cycles
cpu1->cpu1_DTLB TOTAL        ACCESS:   11763035 HIT:   11763035 MISS:          0 MSHR_MERGE:          0
cpu1->cpu1_DTLB LOAD         ACCESS:   11763035 HIT:   11763035 MISS:          0 MSHR_MERGE:          0
cpu1->cpu1_DTLB RFO          ACCESS:          0 HIT:          0 MISS:          0 MSHR_MERGE:          0
cpu1->cpu1_DTLB PREFETCH     ACCESS:          0 HIT:          0 MISS:          0 MSHR_MERGE:          0
cpu1->cpu1_DTLB WRITE        ACCESS:          0 HIT:          0 MISS:          0 MSHR_MERGE:          0
cpu1->cpu1_DTLB TRANSLATION  ACCESS:          0 HIT:          0 MISS:          0 MSHR_MERGE:          0
cpu1->cpu1_DTLB PREFETCH REQUESTED:          0 ISSUED:          0 USEFUL:          0 USELESS:          0
cpu1->cpu1_DTLB AVERAGE MISS LATENCY: - cycles
cpu0->cpu0_L2C TOTAL        ACCESS:    2521449 HIT:    2315998 MISS:     205451 MSHR_MERGE:          0
cpu0->cpu0_L2C LOAD         ACCESS:    2207696 HIT:    2116680 MISS:      91016 MSHR_MERGE:          0
cpu0->cpu0_L2C RFO          ACCESS:     134311 HIT:      19876 MISS:     114435 MSHR_MERGE:          0
cpu0->cpu0_L2C PREFETCH     ACCESS:          0 HIT:          0 MISS:          0 MSHR_MERGE:          0
cpu0->cpu0_L2C WRITE        ACCESS:     179442 HIT:     179442 MISS:          0 MSHR_MERGE:          0
cpu0->cpu0_L2C TRANSLATION  ACCESS:          0 HIT:          0 MISS:          0 MSHR_MERGE:          0
cpu0->cpu0_L2C PREFETCH REQUESTED:          0 ISSUED:          0 USEFUL:          0 USELESS:          0
cpu0->cpu0_L2C AVERAGE MISS LATENCY: 210.8 cycles
cpu0->cpu0_L1I TOTAL        ACCESS:   11413676 HIT:   11136682 MISS:     276994 MSHR_MERGE:     100166
cpu0->cpu0_L1I LOAD         ACCESS:   11413676 HIT:   11136682 MISS:     276994 MSHR_MERGE:     100166
cpu0->cpu0_L1I RFO          ACCESS:          0 HIT:          0 MISS:          0 MSHR_MERGE:          0
cpu0->cpu0_L1I PREFETCH     ACCESS:          0 HIT:          0 MISS:          0 MSHR_MERGE:          0
cpu0->cpu0_L1I WRITE        ACCESS:          0 HIT:          0 MISS:          0 MSHR_MERGE:          0
cpu0->cpu0_L1I TRANSLATION  ACCESS:          0 HIT:          0 MISS:          0 MSHR_MERGE:          0
cpu0->cpu0_L1I PREFETCH REQUESTED:          0 ISSUED:          0 USEFUL:          0 USELESS:          0
cpu0->cpu0_L1I AVERAGE MISS LATENCY: 8.066 cycles
cpu0->cpu0_L1D TOTAL        ACCESS:   12684319 HIT:    9363664 MISS:    3320655 MSHR_MERGE:    1155471
cpu0->cpu0_L1D LOAD         ACCESS:    7927281 HIT:    5125996 MISS:    2801285 MSHR_MERGE:     770412
cpu0->cpu0_L1D RFO          ACCESS:          0 HIT:          0 MISS:          0 MSHR_MERGE:          0
cpu0->cpu0_L1D PREFETCH     ACCESS:          0 HIT:          0 MISS:          0 MSHR_MERGE:          0
cpu0->cpu0_L1D WRITE        ACCESS:    4757038 HIT:    4237668 MISS:     519370 MSHR_MERGE:     385059
cpu0->cpu0_L1D TRANSLATION  ACCESS:          0 HIT:          0 MISS:          0 MSHR_MERGE:          0
cpu0->cpu0_L1D PREFETCH REQUESTED:          0 ISSUED:          0 USEFUL:          0 USELESS:          0
cpu0->cpu0_L1D AVERAGE MISS LATENCY: 28.02 cycles
cpu0->cpu0_ITLB TOTAL        ACCESS:   10626890 HIT:   10626890 MISS:          0 MSHR_MERGE:          0
cpu0->cpu0_ITLB LOAD         ACCESS:   10626890 HIT:   10626890 MISS:          0 MSHR_MERGE:          0
cpu0->cpu0_ITLB RFO          ACCESS:          0 HIT:          0 MISS:          0 MSHR_MERGE:          0
cpu0->cpu0_ITLB PREFETCH     ACCESS:          0 HIT:          0 MISS:          0 MSHR_MERGE:          0
cpu0->cpu0_ITLB WRITE        ACCESS:          0 HIT:          0 MISS:          0 MSHR_MERGE:          0
cpu0->cpu0_ITLB TRANSLATION  ACCESS:          0 HIT:          0 MISS:          0 MSHR_MERGE:          0
cpu0->cpu0_ITLB PREFETCH REQUESTED:          0 ISSUED:          0 USEFUL:          0 USELESS:          0
cpu0->cpu0_ITLB AVERAGE MISS LATENCY: - cycles
cpu0->cpu0_DTLB TOTAL        ACCESS:   11784080 HIT:   11784080 MISS:          0 MSHR_MERGE:          0
cpu0->cpu0_DTLB LOAD         ACCESS:   11784080 HIT:   11784080 MISS:          0 MSHR_MERGE:          0
cpu0->cpu0_DTLB RFO          ACCESS:          0 HIT:          0 MISS:          0 MSHR_MERGE:          0
cpu0->cpu0_DTLB PREFETCH     ACCESS:          0 HIT:          0 MISS:          0 MSHR_MERGE:          0
cpu0->cpu0_DTLB WRITE        ACCESS:          0 HIT:          0 MISS:          0 MSHR_MERGE:          0
cpu0->cpu0_DTLB TRANSLATION  ACCESS:          0 HIT:          0 MISS:          0 MSHR_MERGE:          0
cpu0->cpu0_DTLB PREFETCH REQUESTED:          0 ISSUED:          0 USEFUL:          0 USELESS:          0
cpu0->cpu0_DTLB AVERAGE MISS LATENCY: - cycles
cpu0->LLC TOTAL        ACCESS:     327439 HIT:     195974 MISS:     131465 MSHR_MERGE:          0
cpu0->LLC LOAD         ACCESS:      91016 HIT:      80408 MISS:      10608 MSHR_MERGE:          0
cpu0->LLC RFO          ACCESS:     114435 HIT:       4676 MISS:     109759 MSHR_MERGE:          0
cpu0->LLC PREFETCH     ACCESS:          0 HIT:          0 MISS:          0 MSHR_MERGE:          0
cpu0->LLC WRITE        ACCESS:     121988 HIT:     110890 MISS:      11098 MSHR_MERGE:          0
cpu0->LLC TRANSLATION  ACCESS:          0 HIT:          0 MISS:          0 MSHR_MERGE:          0
cpu0->LLC PREFETCH REQUESTED:          0 ISSUED:          0 USEFUL:          0 USELESS:          0
cpu0->LLC AVERAGE MISS LATENCY: 2478 cycles
cpu1->LLC TOTAL        ACCESS:     327438 HIT:     196090 MISS:     131348 MSHR_MERGE:          0
cpu1->LLC LOAD         ACCESS:      91033 HIT:      80519 MISS:      10514 MSHR_MERGE:          0
cpu1->LLC RFO          ACCESS:     114441 HIT:       4714 MISS:     109727 MSHR_MERGE:          0
cpu1->LLC PREFETCH     ACCESS:          0 HIT:          0 MISS:          0 MSHR_MERGE:          0
cpu1->LLC WRITE        ACCESS:     121964 HIT:     110857 MISS:      11107 MSHR_MERGE:          0
cpu1->LLC TRANSLATION  ACCESS:          0 HIT:          0 MISS:          0 MSHR_MERGE:          0
cpu1->LLC PREFETCH REQUESTED:          0 ISSUED:          0 USEFUL:          0 USELESS:          0
cpu1->LLC AVERAGE MISS LATENCY: 2480 cycles
cpu2->LLC TOTAL        ACCESS:     327500 HIT:     196514 MISS:     130986 MSHR_MERGE:          0
cpu2->LLC LOAD         ACCESS:      91055 HIT:      80563 MISS:      10492 MSHR_MERGE:          0
cpu2->LLC RFO          ACCESS:     114457 HIT:       4758 MISS:     109699 MSHR_MERGE:          0
cpu2->LLC PREFETCH     ACCESS:          0 HIT:          0 MISS:          0 MSHR_MERGE:          0
cpu2->LLC WRITE        ACCESS:     121988 HIT:     111193 MISS:      10795 MSHR_MERGE:          0
cpu2->LLC TRANSLATION  ACCESS:          0 HIT:          0 MISS:          0 MSHR_MERGE:          0
cpu2->LLC PREFETCH REQUESTED:          0 ISSUED:          0 USEFUL:          0 USELESS:          0
cpu2->LLC AVERAGE MISS LATENCY: 2487 cycles
cpu3->LLC TOTAL        ACCESS:     327478 HIT:     196446 MISS:     131032 MSHR_MERGE:          0
cpu3->LLC LOAD         ACCESS:      91040 HIT:      80563 MISS:      10477 MSHR_MERGE:          0
cpu3->LLC RFO          ACCESS:     114466 HIT:       4770 MISS:     109696 MSHR_MERGE:          0
cpu3->LLC PREFETCH     ACCESS:          0 HIT:          0 MISS:          0 MSHR_MERGE:          0
cpu3->LLC WRITE        ACCESS:     121972 HIT:     111113 MISS:      10859 MSHR_MERGE:          0
cpu3->LLC TRANSLATION  ACCESS:          0 HIT:          0 MISS:          0 MSHR_MERGE:          0
cpu3->LLC PREFETCH REQUESTED:          0 ISSUED:          0 USEFUL:          0 USELESS:          0
cpu3->LLC AVERAGE MISS LATENCY: 2486 cycles
cpu4->LLC TOTAL        ACCESS:     327466 HIT:     196577 MISS:     130889 MSHR_MERGE:          0
cpu4->LLC LOAD         ACCESS:      91031 HIT:      80601 MISS:      10430 MSHR_MERGE:          0
cpu4->LLC RFO          ACCESS:     114467 HIT:       4771 MISS:     109696 MSHR_MERGE:          0
cpu4->LLC PREFETCH     ACCESS:          0 HIT:          0 MISS:          0 MSHR_MERGE:          0
cpu4->LLC WRITE        ACCESS:     121968 HIT:     111205 MISS:      10763 MSHR_MERGE:          0
cpu4->LLC TRANSLATION  ACCESS:          0 HIT:          0 MISS:          0 MSHR_MERGE:          0
cpu4->LLC PREFETCH REQUESTED:          0 ISSUED:          0 USEFUL:          0 USELESS:          0
cpu4->LLC AVERAGE MISS LATENCY: 2489 cycles
cpu5->LLC TOTAL        ACCESS:     327578 HIT:     196417 MISS:     131161 MSHR_MERGE:          0
cpu5->LLC LOAD         ACCESS:      91107 HIT:      80591 MISS:      10516 MSHR_MERGE:          0
cpu5->LLC RFO          ACCESS:     114473 HIT:       4802 MISS:     109671 MSHR_MERGE:          0
cpu5->LLC PREFETCH     ACCESS:          0 HIT:          0 MISS:          0 MSHR_MERGE:          0
cpu5->LLC WRITE        ACCESS:     121998 HIT:     111024 MISS:      10974 MSHR_MERGE:          0
cpu5->LLC TRANSLATION  ACCESS:          0 HIT:          0 MISS:          0 MSHR_MERGE:          0
cpu5->LLC PREFETCH REQUESTED:          0 ISSUED:          0 USEFUL:          0 USELESS:          0
cpu5->LLC AVERAGE MISS LATENCY: 2484 cycles
cpu6->LLC TOTAL        ACCESS:     327569 HIT:     196423 MISS:     131146 MSHR_MERGE:          0
cpu6->LLC LOAD         ACCESS:      91065 HIT:      80616 MISS:      10449 MSHR_MERGE:          0
cpu6->LLC RFO          ACCESS:     114490 HIT:       4829 MISS:     109661 MSHR_MERGE:          0
cpu6->LLC PREFETCH     ACCESS:          0 HIT:          0 MISS:          0 MSHR_MERGE:          0
cpu6->LLC WRITE        ACCESS:     122014 HIT:     110978 MISS:      11036 MSHR_MERGE:          0
cpu6->LLC TRANSLATION  ACCESS:          0 HIT:          0 MISS:          0 MSHR_MERGE:          0
cpu6->LLC PREFETCH REQUESTED:          0 ISSUED:          0 USEFUL:          0 USELESS:          0
cpu6->LLC AVERAGE MISS LATENCY: 2484 cycles
cpu7->LLC TOTAL        ACCESS:     327532 HIT:     196518 MISS:     131014 MSHR_MERGE:          0
cpu7->LLC LOAD         ACCESS:      91057 HIT:      80612 MISS:      10445 MSHR_MERGE:          0
cpu7->LLC RFO          ACCESS:     114483 HIT:       4822 MISS:     109661 MSHR_MERGE:          0
cpu7->LLC PREFETCH     ACCESS:          0 HIT:          0 MISS:          0 MSHR_MERGE:          0
cpu7->LLC WRITE        ACCESS:     121992 HIT:     111084 MISS:      10908 MSHR_MERGE:          0
cpu7->LLC TRANSLATION  ACCESS:          0 HIT:          0 MISS:          0 MSHR_MERGE:          0
cpu7->LLC PREFETCH REQUESTED:          0 ISSUED:          0 USEFUL:          0 USELESS:          0
cpu7->LLC AVERAGE MISS LATENCY: 2486 cycles

DRAM Statistics

Channel 0 READ REQS:     484596	WRITE REQS:     382912
  READS:     484571	READ_HITS:     185162
  WRITES:     382911	WRITE HITS:      76253
  ACTIVATES:     606067	PRECHARGES:     606035
  RQ FULL:          0	WQ FULL:       4821
  WRITE DRAINS:      21479	FORCED:       4155
  MEAN WRITE IMBALANCE: 1.8697797849061875
  READ OCCU PRE DRAIN: 1.7632105777736393	POST DRAIN: 4.797057591135528
  MEAN WLP: 12.236510079612644
  READ LATENCY: 81.62436877155257

Channel 1 READ REQS:     476905	WRITE REQS:     383503
  READS:     476880	READ_HITS:     184931
  WRITES:     383503	WRITE HITS:      75950
  ACTIVATES:     599502	PRECHARGES:     599470
  RQ FULL:          0	WQ FULL:       5083
  WRITE DRAINS:      21491	FORCED:       4096
  MEAN WRITE IMBALANCE: 1.875994602391699
  READ OCCU PRE DRAIN: 1.7315155181238657	POST DRAIN: 4.669582615978782
  MEAN WLP: 12.267600390861292
  READ LATENCY: 81.1577860258346
WCACHE NON LRU EVICTS: 166343	TOTAL EVICTS: 976538	EAGER WB: 57298
