[VMEM] WARNING: physical memory size is smaller than virtual memory size.
dram page policy: is open = 1	is close = 0	is soft close = 0	cmd arg = 0

*** ChampSim Multicore Out-of-Order Simulator ***
Warmup Instructions: 25000000
Simulation Instructions: 50000000
Number of CPUs: 8
Page size: 2097152

CL :	 16.64 ns
CWL :	 15.808 ns
tRP :	 16.224 ns
tRCD :	 16.224 ns
tRAS :	 32.032000000000004 ns
tRTP :	 7.904 ns
tWR :	 30.368000000000002 ns

tCCD_S :	 3.3280000000000003 ns
tCCD_S_WR :	 3.3280000000000003 ns
tCCD_S_WTR :	 22.048000000000002 ns
tCCD_L :	 5.408 ns
tCCD_L_WR :	 20.384 ns
tCCD_L_WTR :	 29.536 ns
tRRD_S :	 3.3280000000000003 ns
tRRD_L :	 5.408 ns
tFAW :	 13.728 ns
Address mapping (perm = 1) 	ch co bg bg bg ba ba co co co co co co ro ro ro ro ro ro ro ro ro ro ro ro ro ro ro 
dram queue size: R = 64 W = 48 (low:high is 9:39)
max lookup for evict 0	evict = 16, eager = 16
Heartbeat CPU 0 instructions: 10000002 cycles: 2509069 heartbeat IPC: 3.986 cumulative IPC: 3.986 (Simulation time: 00 hr 12 min 08 sec)
Heartbeat CPU 1 instructions: 10000001 cycles: 2509348 heartbeat IPC: 3.985 cumulative IPC: 3.985 (Simulation time: 00 hr 12 min 08 sec)
Heartbeat CPU 2 instructions: 10000002 cycles: 2509592 heartbeat IPC: 3.985 cumulative IPC: 3.985 (Simulation time: 00 hr 12 min 08 sec)
Heartbeat CPU 3 instructions: 10000002 cycles: 2509599 heartbeat IPC: 3.985 cumulative IPC: 3.985 (Simulation time: 00 hr 12 min 08 sec)
Heartbeat CPU 4 instructions: 10000001 cycles: 2509716 heartbeat IPC: 3.985 cumulative IPC: 3.985 (Simulation time: 00 hr 12 min 08 sec)
Heartbeat CPU 5 instructions: 10000002 cycles: 2509840 heartbeat IPC: 3.984 cumulative IPC: 3.984 (Simulation time: 00 hr 12 min 09 sec)
Heartbeat CPU 6 instructions: 10000000 cycles: 2509910 heartbeat IPC: 3.984 cumulative IPC: 3.984 (Simulation time: 00 hr 12 min 09 sec)
Heartbeat CPU 7 instructions: 10000000 cycles: 2509953 heartbeat IPC: 3.984 cumulative IPC: 3.984 (Simulation time: 00 hr 12 min 09 sec)
max lookup for evict 100000	evict = 2, eager = 4
Heartbeat CPU 0 instructions: 20000004 cycles: 5011098 heartbeat IPC: 3.997 cumulative IPC: 3.991 (Simulation time: 00 hr 24 min 15 sec)
Heartbeat CPU 1 instructions: 20000002 cycles: 5011652 heartbeat IPC: 3.996 cumulative IPC: 3.991 (Simulation time: 00 hr 24 min 15 sec)
Heartbeat CPU 2 instructions: 20000004 cycles: 5012405 heartbeat IPC: 3.996 cumulative IPC: 3.99 (Simulation time: 00 hr 24 min 16 sec)
Heartbeat CPU 3 instructions: 20000004 cycles: 5012510 heartbeat IPC: 3.995 cumulative IPC: 3.99 (Simulation time: 00 hr 24 min 16 sec)
Heartbeat CPU 4 instructions: 20000003 cycles: 5012916 heartbeat IPC: 3.995 cumulative IPC: 3.99 (Simulation time: 00 hr 24 min 16 sec)
Heartbeat CPU 5 instructions: 20000003 cycles: 5013109 heartbeat IPC: 3.995 cumulative IPC: 3.99 (Simulation time: 00 hr 24 min 16 sec)
Heartbeat CPU 6 instructions: 20000004 cycles: 5013266 heartbeat IPC: 3.995 cumulative IPC: 3.989 (Simulation time: 00 hr 24 min 16 sec)
Heartbeat CPU 7 instructions: 20000001 cycles: 5013425 heartbeat IPC: 3.994 cumulative IPC: 3.989 (Simulation time: 00 hr 24 min 16 sec)
max lookup for evict 200000	evict = 2, eager = 4
Warmup finished CPU 0 instructions: 25000001 cycles: 6283639 cumulative IPC: 3.979 (Simulation time: 00 hr 30 min 30 sec)
Warmup finished CPU 1 instructions: 25000001 cycles: 6284301 cumulative IPC: 3.978 (Simulation time: 00 hr 30 min 30 sec)
Warmup finished CPU 2 instructions: 25000001 cycles: 6285557 cumulative IPC: 3.977 (Simulation time: 00 hr 30 min 30 sec)
Warmup finished CPU 3 instructions: 25000003 cycles: 6285905 cumulative IPC: 3.977 (Simulation time: 00 hr 30 min 30 sec)
Warmup finished CPU 4 instructions: 25000001 cycles: 6286966 cumulative IPC: 3.976 (Simulation time: 00 hr 30 min 31 sec)
Warmup finished CPU 6 instructions: 25000002 cycles: 6287845 cumulative IPC: 3.976 (Simulation time: 00 hr 30 min 31 sec)
Warmup finished CPU 5 instructions: 25000001 cycles: 6288077 cumulative IPC: 3.976 (Simulation time: 00 hr 30 min 31 sec)
Warmup finished CPU 7 instructions: 25000003 cycles: 6288567 cumulative IPC: 3.975 (Simulation time: 00 hr 30 min 31 sec)
Warmup complete CPU 7 instructions: 25000003 cycles: 6288567 cumulative IPC: 3.975 (Simulation time: 00 hr 30 min 31 sec)
Warmup complete CPU 6 instructions: 25002890 cycles: 6288567 cumulative IPC: 3.976 (Simulation time: 00 hr 30 min 31 sec)
Warmup complete CPU 5 instructions: 25001941 cycles: 6288567 cumulative IPC: 3.976 (Simulation time: 00 hr 30 min 31 sec)
Warmup complete CPU 4 instructions: 25006405 cycles: 6288567 cumulative IPC: 3.976 (Simulation time: 00 hr 30 min 31 sec)
Warmup complete CPU 3 instructions: 25010651 cycles: 6288567 cumulative IPC: 3.977 (Simulation time: 00 hr 30 min 31 sec)
Warmup complete CPU 2 instructions: 25012041 cycles: 6288567 cumulative IPC: 3.977 (Simulation time: 00 hr 30 min 31 sec)
Warmup complete CPU 1 instructions: 25017057 cycles: 6288567 cumulative IPC: 3.978 (Simulation time: 00 hr 30 min 31 sec)
Warmup complete CPU 0 instructions: 25019708 cycles: 6288567 cumulative IPC: 3.979 (Simulation time: 00 hr 30 min 31 sec)
max lookup for evict 300000	evict = 1, eager = 1
Heartbeat CPU 0 instructions: 30000004 cycles: 9310062 heartbeat IPC: 2.326 cumulative IPC: 1.648 (Simulation time: 00 hr 40 min 21 sec)
Heartbeat CPU 3 instructions: 30000004 cycles: 9318201 heartbeat IPC: 2.323 cumulative IPC: 1.647 (Simulation time: 00 hr 40 min 23 sec)
Heartbeat CPU 5 instructions: 30000004 cycles: 9322316 heartbeat IPC: 2.321 cumulative IPC: 1.647 (Simulation time: 00 hr 40 min 24 sec)
Heartbeat CPU 1 instructions: 30000004 cycles: 9324947 heartbeat IPC: 2.318 cumulative IPC: 1.641 (Simulation time: 00 hr 40 min 25 sec)
Heartbeat CPU 7 instructions: 30000004 cycles: 9329426 heartbeat IPC: 2.317 cumulative IPC: 1.644 (Simulation time: 00 hr 40 min 26 sec)
Heartbeat CPU 4 instructions: 30000004 cycles: 9334831 heartbeat IPC: 2.314 cumulative IPC: 1.639 (Simulation time: 00 hr 40 min 27 sec)
Heartbeat CPU 2 instructions: 30000004 cycles: 9334959 heartbeat IPC: 2.313 cumulative IPC: 1.637 (Simulation time: 00 hr 40 min 27 sec)
Heartbeat CPU 6 instructions: 30000004 cycles: 9338428 heartbeat IPC: 2.312 cumulative IPC: 1.638 (Simulation time: 00 hr 40 min 28 sec)
max lookup for evict 400000	evict = 1, eager = 1
Heartbeat CPU 0 instructions: 40000005 cycles: 15443956 heartbeat IPC: 1.63 cumulative IPC: 1.636 (Simulation time: 01 hr 00 min 19 sec)
Heartbeat CPU 1 instructions: 40000004 cycles: 15466390 heartbeat IPC: 1.628 cumulative IPC: 1.633 (Simulation time: 01 hr 00 min 23 sec)
Heartbeat CPU 3 instructions: 40000005 cycles: 15471150 heartbeat IPC: 1.625 cumulative IPC: 1.632 (Simulation time: 01 hr 00 min 24 sec)
Heartbeat CPU 6 instructions: 40000008 cycles: 15474839 heartbeat IPC: 1.63 cumulative IPC: 1.633 (Simulation time: 01 hr 00 min 25 sec)
Heartbeat CPU 5 instructions: 40000004 cycles: 15484256 heartbeat IPC: 1.623 cumulative IPC: 1.631 (Simulation time: 01 hr 00 min 27 sec)
Heartbeat CPU 7 instructions: 40000008 cycles: 15494879 heartbeat IPC: 1.622 cumulative IPC: 1.629 (Simulation time: 01 hr 00 min 30 sec)
Heartbeat CPU 4 instructions: 40000004 cycles: 15498719 heartbeat IPC: 1.622 cumulative IPC: 1.628 (Simulation time: 01 hr 00 min 31 sec)
Heartbeat CPU 2 instructions: 40000005 cycles: 15505109 heartbeat IPC: 1.621 cumulative IPC: 1.626 (Simulation time: 01 hr 00 min 32 sec)
max lookup for evict 500000	evict = 1, eager = 1
max lookup for evict 600000	evict = 1, eager = 1
Heartbeat CPU 0 instructions: 50000005 cycles: 21668589 heartbeat IPC: 1.607 cumulative IPC: 1.624 (Simulation time: 01 hr 20 min 45 sec)
Heartbeat CPU 6 instructions: 50000010 cycles: 21722990 heartbeat IPC: 1.6 cumulative IPC: 1.62 (Simulation time: 01 hr 20 min 54 sec)
Heartbeat CPU 1 instructions: 50000005 cycles: 21731856 heartbeat IPC: 1.596 cumulative IPC: 1.618 (Simulation time: 01 hr 20 min 56 sec)
Heartbeat CPU 3 instructions: 50000005 cycles: 21743370 heartbeat IPC: 1.594 cumulative IPC: 1.617 (Simulation time: 01 hr 20 min 58 sec)
Heartbeat CPU 7 instructions: 50000010 cycles: 21743442 heartbeat IPC: 1.6 cumulative IPC: 1.618 (Simulation time: 01 hr 20 min 58 sec)
Heartbeat CPU 5 instructions: 50000005 cycles: 21757282 heartbeat IPC: 1.594 cumulative IPC: 1.616 (Simulation time: 01 hr 21 min 01 sec)
Heartbeat CPU 2 instructions: 50000005 cycles: 21766300 heartbeat IPC: 1.597 cumulative IPC: 1.614 (Simulation time: 01 hr 21 min 03 sec)
Heartbeat CPU 4 instructions: 50000005 cycles: 21773640 heartbeat IPC: 1.594 cumulative IPC: 1.614 (Simulation time: 01 hr 21 min 04 sec)
max lookup for evict 700000	evict = 1, eager = 1
Heartbeat CPU 0 instructions: 60000007 cycles: 28341056 heartbeat IPC: 1.499 cumulative IPC: 1.586 (Simulation time: 01 hr 41 min 53 sec)
Heartbeat CPU 6 instructions: 60000013 cycles: 28403603 heartbeat IPC: 1.497 cumulative IPC: 1.583 (Simulation time: 01 hr 42 min 06 sec)
Heartbeat CPU 7 instructions: 60000013 cycles: 28414598 heartbeat IPC: 1.499 cumulative IPC: 1.582 (Simulation time: 01 hr 42 min 09 sec)
Heartbeat CPU 1 instructions: 60000007 cycles: 28441260 heartbeat IPC: 1.49 cumulative IPC: 1.579 (Simulation time: 01 hr 42 min 14 sec)
Heartbeat CPU 5 instructions: 60000007 cycles: 28453613 heartbeat IPC: 1.493 cumulative IPC: 1.579 (Simulation time: 01 hr 42 min 17 sec)
Heartbeat CPU 2 instructions: 60000007 cycles: 28464777 heartbeat IPC: 1.493 cumulative IPC: 1.578 (Simulation time: 01 hr 42 min 19 sec)
Heartbeat CPU 3 instructions: 60000007 cycles: 28466642 heartbeat IPC: 1.487 cumulative IPC: 1.578 (Simulation time: 01 hr 42 min 19 sec)
Heartbeat CPU 4 instructions: 60000007 cycles: 28489253 heartbeat IPC: 1.489 cumulative IPC: 1.576 (Simulation time: 01 hr 42 min 24 sec)
max lookup for evict 800000	evict = 1, eager = 1
max lookup for evict 900000	evict = 1, eager = 1
Heartbeat CPU 0 instructions: 70000010 cycles: 34261662 heartbeat IPC: 1.689 cumulative IPC: 1.608 (Simulation time: 02 hr 01 min 42 sec)
Heartbeat CPU 6 instructions: 70000015 cycles: 34370937 heartbeat IPC: 1.676 cumulative IPC: 1.602 (Simulation time: 02 hr 02 min 04 sec)
Heartbeat CPU 7 instructions: 70000015 cycles: 34391666 heartbeat IPC: 1.673 cumulative IPC: 1.601 (Simulation time: 02 hr 02 min 09 sec)
Heartbeat CPU 2 instructions: 70000010 cycles: 34399380 heartbeat IPC: 1.685 cumulative IPC: 1.6 (Simulation time: 02 hr 02 min 10 sec)
Heartbeat CPU 1 instructions: 70000010 cycles: 34404754 heartbeat IPC: 1.677 cumulative IPC: 1.6 (Simulation time: 02 hr 02 min 11 sec)
Heartbeat CPU 5 instructions: 70000010 cycles: 34413850 heartbeat IPC: 1.678 cumulative IPC: 1.6 (Simulation time: 02 hr 02 min 13 sec)
Heartbeat CPU 3 instructions: 70000010 cycles: 34439018 heartbeat IPC: 1.674 cumulative IPC: 1.598 (Simulation time: 02 hr 02 min 18 sec)
Heartbeat CPU 4 instructions: 70000010 cycles: 34462474 heartbeat IPC: 1.674 cumulative IPC: 1.597 (Simulation time: 02 hr 02 min 23 sec)
Simulation finished CPU 0 instructions: 50000004 cycles: 31003083 cumulative IPC: 1.613 (Simulation time: 02 hr 11 min 45 sec)
Simulation finished CPU 6 instructions: 50000001 cycles: 31083603 cumulative IPC: 1.609 (Simulation time: 02 hr 12 min 00 sec)
Simulation finished CPU 7 instructions: 50000000 cycles: 31111314 cumulative IPC: 1.607 (Simulation time: 02 hr 12 min 06 sec)
Simulation finished CPU 2 instructions: 50000001 cycles: 31144432 cumulative IPC: 1.605 (Simulation time: 02 hr 12 min 12 sec)
Simulation finished CPU 1 instructions: 50000000 cycles: 31154113 cumulative IPC: 1.605 (Simulation time: 02 hr 12 min 14 sec)
Simulation finished CPU 5 instructions: 50000000 cycles: 31161983 cumulative IPC: 1.605 (Simulation time: 02 hr 12 min 16 sec)
Simulation finished CPU 3 instructions: 50000004 cycles: 31187427 cumulative IPC: 1.603 (Simulation time: 02 hr 12 min 21 sec)
Simulation finished CPU 4 instructions: 50000004 cycles: 31209478 cumulative IPC: 1.602 (Simulation time: 02 hr 12 min 26 sec)
Simulation complete CPU 7 instructions: 50168781 cycles: 31209478 cumulative IPC: 1.607 (Simulation time: 02 hr 12 min 26 sec)
Simulation complete CPU 6 instructions: 50221886 cycles: 31209478 cumulative IPC: 1.609 (Simulation time: 02 hr 12 min 26 sec)
Simulation complete CPU 5 instructions: 50070805 cycles: 31209478 cumulative IPC: 1.604 (Simulation time: 02 hr 12 min 26 sec)
Simulation complete CPU 4 instructions: 50000004 cycles: 31209478 cumulative IPC: 1.602 (Simulation time: 02 hr 12 min 26 sec)
Simulation complete CPU 3 instructions: 50038975 cycles: 31209478 cumulative IPC: 1.603 (Simulation time: 02 hr 12 min 26 sec)
Simulation complete CPU 2 instructions: 50107652 cycles: 31209478 cumulative IPC: 1.606 (Simulation time: 02 hr 12 min 26 sec)
Simulation complete CPU 1 instructions: 50090677 cycles: 31209478 cumulative IPC: 1.605 (Simulation time: 02 hr 12 min 26 sec)
Simulation complete CPU 0 instructions: 50397657 cycles: 31209478 cumulative IPC: 1.615 (Simulation time: 02 hr 12 min 26 sec)

ChampSim completed all CPUs

=== Simulation ===
CPU 0 runs ../frost/TRACES/ctf/spec2017/657.xz_s-2302B.champsimtrace.xz
CPU 1 runs ../frost/TRACES/ctf/spec2017/657.xz_s-2302B.champsimtrace.xz
CPU 2 runs ../frost/TRACES/ctf/spec2017/657.xz_s-2302B.champsimtrace.xz
CPU 3 runs ../frost/TRACES/ctf/spec2017/657.xz_s-2302B.champsimtrace.xz
CPU 4 runs ../frost/TRACES/ctf/spec2017/657.xz_s-2302B.champsimtrace.xz
CPU 5 runs ../frost/TRACES/ctf/spec2017/657.xz_s-2302B.champsimtrace.xz
CPU 6 runs ../frost/TRACES/ctf/spec2017/657.xz_s-2302B.champsimtrace.xz
CPU 7 runs ../frost/TRACES/ctf/spec2017/657.xz_s-2302B.champsimtrace.xz

Total Simulation Statistics (not including warmup)

CPU 7 cumulative IPC: 1.607 instructions: 50168781 cycles: 31209478
CPU 7 Branch Prediction Accuracy: 100% MPKI: 0 Average ROB Occupancy at Mispredict: -
Branch type MPKI
BRANCH_DIRECT_JUMP: 0
BRANCH_INDIRECT: 0
BRANCH_CONDITIONAL: 0
BRANCH_DIRECT_CALL: 0
BRANCH_INDIRECT_CALL: 0
BRANCH_RETURN: 0


CPU 6 cumulative IPC: 1.609 instructions: 50221886 cycles: 31209478
CPU 6 Branch Prediction Accuracy: 100% MPKI: 0 Average ROB Occupancy at Mispredict: -
Branch type MPKI
BRANCH_DIRECT_JUMP: 0
BRANCH_INDIRECT: 0
BRANCH_CONDITIONAL: 0
BRANCH_DIRECT_CALL: 0
BRANCH_INDIRECT_CALL: 0
BRANCH_RETURN: 0


CPU 5 cumulative IPC: 1.604 instructions: 50070805 cycles: 31209478
CPU 5 Branch Prediction Accuracy: 100% MPKI: 0 Average ROB Occupancy at Mispredict: -
Branch type MPKI
BRANCH_DIRECT_JUMP: 0
BRANCH_INDIRECT: 0
BRANCH_CONDITIONAL: 0
BRANCH_DIRECT_CALL: 0
BRANCH_INDIRECT_CALL: 0
BRANCH_RETURN: 0


CPU 4 cumulative IPC: 1.602 instructions: 50000004 cycles: 31209478
CPU 4 Branch Prediction Accuracy: 100% MPKI: 0 Average ROB Occupancy at Mispredict: -
Branch type MPKI
BRANCH_DIRECT_JUMP: 0
BRANCH_INDIRECT: 0
BRANCH_CONDITIONAL: 0
BRANCH_DIRECT_CALL: 0
BRANCH_INDIRECT_CALL: 0
BRANCH_RETURN: 0


CPU 3 cumulative IPC: 1.603 instructions: 50038975 cycles: 31209478
CPU 3 Branch Prediction Accuracy: 100% MPKI: 0 Average ROB Occupancy at Mispredict: -
Branch type MPKI
BRANCH_DIRECT_JUMP: 0
BRANCH_INDIRECT: 0
BRANCH_CONDITIONAL: 0
BRANCH_DIRECT_CALL: 0
BRANCH_INDIRECT_CALL: 0
BRANCH_RETURN: 0


CPU 2 cumulative IPC: 1.606 instructions: 50107652 cycles: 31209478
CPU 2 Branch Prediction Accuracy: 100% MPKI: 0 Average ROB Occupancy at Mispredict: -
Branch type MPKI
BRANCH_DIRECT_JUMP: 0
BRANCH_INDIRECT: 0
BRANCH_CONDITIONAL: 0
BRANCH_DIRECT_CALL: 0
BRANCH_INDIRECT_CALL: 0
BRANCH_RETURN: 0


CPU 1 cumulative IPC: 1.605 instructions: 50090677 cycles: 31209478
CPU 1 Branch Prediction Accuracy: 100% MPKI: 0 Average ROB Occupancy at Mispredict: -
Branch type MPKI
BRANCH_DIRECT_JUMP: 0
BRANCH_INDIRECT: 0
BRANCH_CONDITIONAL: 0
BRANCH_DIRECT_CALL: 0
BRANCH_INDIRECT_CALL: 0
BRANCH_RETURN: 0


CPU 0 cumulative IPC: 1.615 instructions: 50397657 cycles: 31209478
CPU 0 Branch Prediction Accuracy: 100% MPKI: 0 Average ROB Occupancy at Mispredict: -
Branch type MPKI
BRANCH_DIRECT_JUMP: 0
BRANCH_INDIRECT: 0
BRANCH_CONDITIONAL: 0
BRANCH_DIRECT_CALL: 0
BRANCH_INDIRECT_CALL: 0
BRANCH_RETURN: 0

cpu7->cpu7_L2C TOTAL        ACCESS:     555750 HIT:     390141 MISS:     165609 MSHR_MERGE:          0
cpu7->cpu7_L2C LOAD         ACCESS:     297813 HIT:     144159 MISS:     153654 MSHR_MERGE:          0
cpu7->cpu7_L2C RFO          ACCESS:      38485 HIT:      26854 MISS:      11631 MSHR_MERGE:          0
cpu7->cpu7_L2C PREFETCH     ACCESS:          0 HIT:          0 MISS:          0 MSHR_MERGE:          0
cpu7->cpu7_L2C WRITE        ACCESS:     219452 HIT:     219128 MISS:        324 MSHR_MERGE:          0
cpu7->cpu7_L2C TRANSLATION  ACCESS:          0 HIT:          0 MISS:          0 MSHR_MERGE:          0
cpu7->cpu7_L2C PREFETCH REQUESTED:          0 ISSUED:          0 USEFUL:          0 USELESS:          0
cpu7->cpu7_L2C AVERAGE MISS LATENCY: 161.7 cycles
cpu7->cpu7_L1I TOTAL        ACCESS:    8655213 HIT:    8654957 MISS:        256 MSHR_MERGE:        176
cpu7->cpu7_L1I LOAD         ACCESS:    8655213 HIT:    8654957 MISS:        256 MSHR_MERGE:        176
cpu7->cpu7_L1I RFO          ACCESS:          0 HIT:          0 MISS:          0 MSHR_MERGE:          0
cpu7->cpu7_L1I PREFETCH     ACCESS:          0 HIT:          0 MISS:          0 MSHR_MERGE:          0
cpu7->cpu7_L1I WRITE        ACCESS:          0 HIT:          0 MISS:          0 MSHR_MERGE:          0
cpu7->cpu7_L1I TRANSLATION  ACCESS:          0 HIT:          0 MISS:          0 MSHR_MERGE:          0
cpu7->cpu7_L1I PREFETCH REQUESTED:          0 ISSUED:          0 USEFUL:          0 USELESS:          0
cpu7->cpu7_L1I AVERAGE MISS LATENCY: 168.4 cycles
cpu7->cpu7_L1D TOTAL        ACCESS:   11385449 HIT:   10902648 MISS:     482801 MSHR_MERGE:     146582
cpu7->cpu7_L1D LOAD         ACCESS:    7536349 HIT:    7115334 MISS:     421015 MSHR_MERGE:     123282
cpu7->cpu7_L1D RFO          ACCESS:          0 HIT:          0 MISS:          0 MSHR_MERGE:          0
cpu7->cpu7_L1D PREFETCH     ACCESS:          0 HIT:          0 MISS:          0 MSHR_MERGE:          0
cpu7->cpu7_L1D WRITE        ACCESS:    3849100 HIT:    3787314 MISS:      61786 MSHR_MERGE:      23300
cpu7->cpu7_L1D TRANSLATION  ACCESS:          0 HIT:          0 MISS:          0 MSHR_MERGE:          0
cpu7->cpu7_L1D PREFETCH REQUESTED:          0 ISSUED:          0 USEFUL:          0 USELESS:          0
cpu7->cpu7_L1D AVERAGE MISS LATENCY: 88.13 cycles
cpu7->cpu7_ITLB TOTAL        ACCESS:    7646410 HIT:    7646410 MISS:          0 MSHR_MERGE:          0
cpu7->cpu7_ITLB LOAD         ACCESS:    7646410 HIT:    7646410 MISS:          0 MSHR_MERGE:          0
cpu7->cpu7_ITLB RFO          ACCESS:          0 HIT:          0 MISS:          0 MSHR_MERGE:          0
cpu7->cpu7_ITLB PREFETCH     ACCESS:          0 HIT:          0 MISS:          0 MSHR_MERGE:          0
cpu7->cpu7_ITLB WRITE        ACCESS:          0 HIT:          0 MISS:          0 MSHR_MERGE:          0
cpu7->cpu7_ITLB TRANSLATION  ACCESS:          0 HIT:          0 MISS:          0 MSHR_MERGE:          0
cpu7->cpu7_ITLB PREFETCH REQUESTED:          0 ISSUED:          0 USEFUL:          0 USELESS:          0
cpu7->cpu7_ITLB AVERAGE MISS LATENCY: - cycles
cpu7->cpu7_DTLB TOTAL        ACCESS:   10475418 HIT:   10475418 MISS:          0 MSHR_MERGE:          0
cpu7->cpu7_DTLB LOAD         ACCESS:   10475418 HIT:   10475418 MISS:          0 MSHR_MERGE:          0
cpu7->cpu7_DTLB RFO          ACCESS:          0 HIT:          0 MISS:          0 MSHR_MERGE:          0
cpu7->cpu7_DTLB PREFETCH     ACCESS:          0 HIT:          0 MISS:          0 MSHR_MERGE:          0
cpu7->cpu7_DTLB WRITE        ACCESS:          0 HIT:          0 MISS:          0 MSHR_MERGE:          0
cpu7->cpu7_DTLB TRANSLATION  ACCESS:          0 HIT:          0 MISS:          0 MSHR_MERGE:          0
cpu7->cpu7_DTLB PREFETCH REQUESTED:          0 ISSUED:          0 USEFUL:          0 USELESS:          0
cpu7->cpu7_DTLB AVERAGE MISS LATENCY: - cycles
cpu6->cpu6_L2C TOTAL        ACCESS:     556269 HIT:     390479 MISS:     165790 MSHR_MERGE:          0
cpu6->cpu6_L2C LOAD         ACCESS:     298087 HIT:     144274 MISS:     153813 MSHR_MERGE:          0
cpu6->cpu6_L2C RFO          ACCESS:      38518 HIT:      26866 MISS:      11652 MSHR_MERGE:          0
cpu6->cpu6_L2C PREFETCH     ACCESS:          0 HIT:          0 MISS:          0 MSHR_MERGE:          0
cpu6->cpu6_L2C WRITE        ACCESS:     219664 HIT:     219339 MISS:        325 MSHR_MERGE:          0
cpu6->cpu6_L2C TRANSLATION  ACCESS:          0 HIT:          0 MISS:          0 MSHR_MERGE:          0
cpu6->cpu6_L2C PREFETCH REQUESTED:          0 ISSUED:          0 USEFUL:          0 USELESS:          0
cpu6->cpu6_L2C AVERAGE MISS LATENCY: 161.3 cycles
cpu6->cpu6_L1I TOTAL        ACCESS:    8660782 HIT:    8660532 MISS:        250 MSHR_MERGE:        171
cpu6->cpu6_L1I LOAD         ACCESS:    8660782 HIT:    8660532 MISS:        250 MSHR_MERGE:        171
cpu6->cpu6_L1I RFO          ACCESS:          0 HIT:          0 MISS:          0 MSHR_MERGE:          0
cpu6->cpu6_L1I PREFETCH     ACCESS:          0 HIT:          0 MISS:          0 MSHR_MERGE:          0
cpu6->cpu6_L1I WRITE        ACCESS:          0 HIT:          0 MISS:          0 MSHR_MERGE:          0
cpu6->cpu6_L1I TRANSLATION  ACCESS:          0 HIT:          0 MISS:          0 MSHR_MERGE:          0
cpu6->cpu6_L1I PREFETCH REQUESTED:          0 ISSUED:          0 USEFUL:          0 USELESS:          0
cpu6->cpu6_L1I AVERAGE MISS LATENCY: 186.4 cycles
cpu6->cpu6_L1D TOTAL        ACCESS:   11400174 HIT:   10916862 MISS:     483312 MSHR_MERGE:     146786
cpu6->cpu6_L1D LOAD         ACCESS:    7545967 HIT:    7124404 MISS:     421563 MSHR_MERGE:     123555
cpu6->cpu6_L1D RFO          ACCESS:          0 HIT:          0 MISS:          0 MSHR_MERGE:          0
cpu6->cpu6_L1D PREFETCH     ACCESS:          0 HIT:          0 MISS:          0 MSHR_MERGE:          0
cpu6->cpu6_L1D WRITE        ACCESS:    3854207 HIT:    3792458 MISS:      61749 MSHR_MERGE:      23231
cpu6->cpu6_L1D TRANSLATION  ACCESS:          0 HIT:          0 MISS:          0 MSHR_MERGE:          0
cpu6->cpu6_L1D PREFETCH REQUESTED:          0 ISSUED:          0 USEFUL:          0 USELESS:          0
cpu6->cpu6_L1D AVERAGE MISS LATENCY: 87.94 cycles
cpu6->cpu6_ITLB TOTAL        ACCESS:    7654898 HIT:    7654898 MISS:          0 MSHR_MERGE:          0
cpu6->cpu6_ITLB LOAD         ACCESS:    7654898 HIT:    7654898 MISS:          0 MSHR_MERGE:          0
cpu6->cpu6_ITLB RFO          ACCESS:          0 HIT:          0 MISS:          0 MSHR_MERGE:          0
cpu6->cpu6_ITLB PREFETCH     ACCESS:          0 HIT:          0 MISS:          0 MSHR_MERGE:          0
cpu6->cpu6_ITLB WRITE        ACCESS:          0 HIT:          0 MISS:          0 MSHR_MERGE:          0
cpu6->cpu6_ITLB TRANSLATION  ACCESS:          0 HIT:          0 MISS:          0 MSHR_MERGE:          0
cpu6->cpu6_ITLB PREFETCH REQUESTED:          0 ISSUED:          0 USEFUL:          0 USELESS:          0
cpu6->cpu6_ITLB AVERAGE MISS LATENCY: - cycles
cpu6->cpu6_DTLB TOTAL        ACCESS:   10500174 HIT:   10500174 MISS:          0 MSHR_MERGE:          0
cpu6->cpu6_DTLB LOAD         ACCESS:   10500174 HIT:   10500174 MISS:          0 MSHR_MERGE:          0
cpu6->cpu6_DTLB RFO          ACCESS:          0 HIT:          0 MISS:          0 MSHR_MERGE:          0
cpu6->cpu6_DTLB PREFETCH     ACCESS:          0 HIT:          0 MISS:          0 MSHR_MERGE:          0
cpu6->cpu6_DTLB WRITE        ACCESS:          0 HIT:          0 MISS:          0 MSHR_MERGE:          0
cpu6->cpu6_DTLB TRANSLATION  ACCESS:          0 HIT:          0 MISS:          0 MSHR_MERGE:          0
cpu6->cpu6_DTLB PREFETCH REQUESTED:          0 ISSUED:          0 USEFUL:          0 USELESS:          0
cpu6->cpu6_DTLB AVERAGE MISS LATENCY: - cycles
cpu5->cpu5_L2C TOTAL        ACCESS:     554812 HIT:     389445 MISS:     165367 MSHR_MERGE:          0
cpu5->cpu5_L2C LOAD         ACCESS:     297304 HIT:     143880 MISS:     153424 MSHR_MERGE:          0
cpu5->cpu5_L2C RFO          ACCESS:      38417 HIT:      26799 MISS:      11618 MSHR_MERGE:          0
cpu5->cpu5_L2C PREFETCH     ACCESS:          0 HIT:          0 MISS:          0 MSHR_MERGE:          0
cpu5->cpu5_L2C WRITE        ACCESS:     219091 HIT:     218766 MISS:        325 MSHR_MERGE:          0
cpu5->cpu5_L2C TRANSLATION  ACCESS:          0 HIT:          0 MISS:          0 MSHR_MERGE:          0
cpu5->cpu5_L2C PREFETCH REQUESTED:          0 ISSUED:          0 USEFUL:          0 USELESS:          0
cpu5->cpu5_L2C AVERAGE MISS LATENCY: 161.8 cycles
cpu5->cpu5_L1I TOTAL        ACCESS:    8638558 HIT:    8638302 MISS:        256 MSHR_MERGE:        176
cpu5->cpu5_L1I LOAD         ACCESS:    8638558 HIT:    8638302 MISS:        256 MSHR_MERGE:        176
cpu5->cpu5_L1I RFO          ACCESS:          0 HIT:          0 MISS:          0 MSHR_MERGE:          0
cpu5->cpu5_L1I PREFETCH     ACCESS:          0 HIT:          0 MISS:          0 MSHR_MERGE:          0
cpu5->cpu5_L1I WRITE        ACCESS:          0 HIT:          0 MISS:          0 MSHR_MERGE:          0
cpu5->cpu5_L1I TRANSLATION  ACCESS:          0 HIT:          0 MISS:          0 MSHR_MERGE:          0
cpu5->cpu5_L1I PREFETCH REQUESTED:          0 ISSUED:          0 USEFUL:          0 USELESS:          0
cpu5->cpu5_L1I AVERAGE MISS LATENCY: 202.2 cycles
cpu5->cpu5_L1D TOTAL        ACCESS:   11367687 HIT:   10885923 MISS:     481764 MSHR_MERGE:     146123
cpu5->cpu5_L1D LOAD         ACCESS:    7525266 HIT:    7104837 MISS:     420429 MSHR_MERGE:     123205
cpu5->cpu5_L1D RFO          ACCESS:          0 HIT:          0 MISS:          0 MSHR_MERGE:          0
cpu5->cpu5_L1D PREFETCH     ACCESS:          0 HIT:          0 MISS:          0 MSHR_MERGE:          0
cpu5->cpu5_L1D WRITE        ACCESS:    3842421 HIT:    3781086 MISS:      61335 MSHR_MERGE:      22918
cpu5->cpu5_L1D TRANSLATION  ACCESS:          0 HIT:          0 MISS:          0 MSHR_MERGE:          0
cpu5->cpu5_L1D PREFETCH REQUESTED:          0 ISSUED:          0 USEFUL:          0 USELESS:          0
cpu5->cpu5_L1D AVERAGE MISS LATENCY: 88.16 cycles
cpu5->cpu5_ITLB TOTAL        ACCESS:    7631946 HIT:    7631946 MISS:          0 MSHR_MERGE:          0
cpu5->cpu5_ITLB LOAD         ACCESS:    7631946 HIT:    7631946 MISS:          0 MSHR_MERGE:          0
cpu5->cpu5_ITLB RFO          ACCESS:          0 HIT:          0 MISS:          0 MSHR_MERGE:          0
cpu5->cpu5_ITLB PREFETCH     ACCESS:          0 HIT:          0 MISS:          0 MSHR_MERGE:          0
cpu5->cpu5_ITLB WRITE        ACCESS:          0 HIT:          0 MISS:          0 MSHR_MERGE:          0
cpu5->cpu5_ITLB TRANSLATION  ACCESS:          0 HIT:          0 MISS:          0 MSHR_MERGE:          0
cpu5->cpu5_ITLB PREFETCH REQUESTED:          0 ISSUED:          0 USEFUL:          0 USELESS:          0
cpu5->cpu5_ITLB AVERAGE MISS LATENCY: - cycles
cpu5->cpu5_DTLB TOTAL        ACCESS:   10454085 HIT:   10454085 MISS:          0 MSHR_MERGE:          0
cpu5->cpu5_DTLB LOAD         ACCESS:   10454085 HIT:   10454085 MISS:          0 MSHR_MERGE:          0
cpu5->cpu5_DTLB RFO          ACCESS:          0 HIT:          0 MISS:          0 MSHR_MERGE:          0
cpu5->cpu5_DTLB PREFETCH     ACCESS:          0 HIT:          0 MISS:          0 MSHR_MERGE:          0
cpu5->cpu5_DTLB WRITE        ACCESS:          0 HIT:          0 MISS:          0 MSHR_MERGE:          0
cpu5->cpu5_DTLB TRANSLATION  ACCESS:          0 HIT:          0 MISS:          0 MSHR_MERGE:          0
cpu5->cpu5_DTLB PREFETCH REQUESTED:          0 ISSUED:          0 USEFUL:          0 USELESS:          0
cpu5->cpu5_DTLB AVERAGE MISS LATENCY: - cycles
cpu4->cpu4_L2C TOTAL        ACCESS:     554048 HIT:     388940 MISS:     165108 MSHR_MERGE:          0
cpu4->cpu4_L2C LOAD         ACCESS:     296864 HIT:     143690 MISS:     153174 MSHR_MERGE:          0
cpu4->cpu4_L2C RFO          ACCESS:      38391 HIT:      26782 MISS:      11609 MSHR_MERGE:          0
cpu4->cpu4_L2C PREFETCH     ACCESS:          0 HIT:          0 MISS:          0 MSHR_MERGE:          0
cpu4->cpu4_L2C WRITE        ACCESS:     218793 HIT:     218468 MISS:        325 MSHR_MERGE:          0
cpu4->cpu4_L2C TRANSLATION  ACCESS:          0 HIT:          0 MISS:          0 MSHR_MERGE:          0
cpu4->cpu4_L2C PREFETCH REQUESTED:          0 ISSUED:          0 USEFUL:          0 USELESS:          0
cpu4->cpu4_L2C AVERAGE MISS LATENCY: 162.4 cycles
cpu4->cpu4_L1I TOTAL        ACCESS:    8625901 HIT:    8625645 MISS:        256 MSHR_MERGE:        176
cpu4->cpu4_L1I LOAD         ACCESS:    8625901 HIT:    8625645 MISS:        256 MSHR_MERGE:        176
cpu4->cpu4_L1I RFO          ACCESS:          0 HIT:          0 MISS:          0 MSHR_MERGE:          0
cpu4->cpu4_L1I PREFETCH     ACCESS:          0 HIT:          0 MISS:          0 MSHR_MERGE:          0
cpu4->cpu4_L1I WRITE        ACCESS:          0 HIT:          0 MISS:          0 MSHR_MERGE:          0
cpu4->cpu4_L1I TRANSLATION  ACCESS:          0 HIT:          0 MISS:          0 MSHR_MERGE:          0
cpu4->cpu4_L1I PREFETCH REQUESTED:          0 ISSUED:          0 USEFUL:          0 USELESS:          0
cpu4->cpu4_L1I AVERAGE MISS LATENCY: 208.3 cycles
cpu4->cpu4_L1D TOTAL        ACCESS:   11351706 HIT:   10870381 MISS:     481325 MSHR_MERGE:     146150
cpu4->cpu4_L1D LOAD         ACCESS:    7514643 HIT:    7094831 MISS:     419812 MSHR_MERGE:     123028
cpu4->cpu4_L1D RFO          ACCESS:          0 HIT:          0 MISS:          0 MSHR_MERGE:          0
cpu4->cpu4_L1D PREFETCH     ACCESS:          0 HIT:          0 MISS:          0 MSHR_MERGE:          0
cpu4->cpu4_L1D WRITE        ACCESS:    3837063 HIT:    3775550 MISS:      61513 MSHR_MERGE:      23122
cpu4->cpu4_L1D TRANSLATION  ACCESS:          0 HIT:          0 MISS:          0 MSHR_MERGE:          0
cpu4->cpu4_L1D PREFETCH REQUESTED:          0 ISSUED:          0 USEFUL:          0 USELESS:          0
cpu4->cpu4_L1D AVERAGE MISS LATENCY: 88.45 cycles
cpu4->cpu4_ITLB TOTAL        ACCESS:    7620790 HIT:    7620790 MISS:          0 MSHR_MERGE:          0
cpu4->cpu4_ITLB LOAD         ACCESS:    7620790 HIT:    7620790 MISS:          0 MSHR_MERGE:          0
cpu4->cpu4_ITLB RFO          ACCESS:          0 HIT:          0 MISS:          0 MSHR_MERGE:          0
cpu4->cpu4_ITLB PREFETCH     ACCESS:          0 HIT:          0 MISS:          0 MSHR_MERGE:          0
cpu4->cpu4_ITLB WRITE        ACCESS:          0 HIT:          0 MISS:          0 MSHR_MERGE:          0
cpu4->cpu4_ITLB TRANSLATION  ACCESS:          0 HIT:          0 MISS:          0 MSHR_MERGE:          0
cpu4->cpu4_ITLB PREFETCH REQUESTED:          0 ISSUED:          0 USEFUL:          0 USELESS:          0
cpu4->cpu4_ITLB AVERAGE MISS LATENCY: - cycles
cpu4->cpu4_DTLB TOTAL        ACCESS:   10438943 HIT:   10438943 MISS:          0 MSHR_MERGE:          0
cpu4->cpu4_DTLB LOAD         ACCESS:   10438943 HIT:   10438943 MISS:          0 MSHR_MERGE:          0
cpu4->cpu4_DTLB RFO          ACCESS:          0 HIT:          0 MISS:          0 MSHR_MERGE:          0
cpu4->cpu4_DTLB PREFETCH     ACCESS:          0 HIT:          0 MISS:          0 MSHR_MERGE:          0
cpu4->cpu4_DTLB WRITE        ACCESS:          0 HIT:          0 MISS:          0 MSHR_MERGE:          0
cpu4->cpu4_DTLB TRANSLATION  ACCESS:          0 HIT:          0 MISS:          0 MSHR_MERGE:          0
cpu4->cpu4_DTLB PREFETCH REQUESTED:          0 ISSUED:          0 USEFUL:          0 USELESS:          0
cpu4->cpu4_DTLB AVERAGE MISS LATENCY: - cycles
cpu3->cpu3_L2C TOTAL        ACCESS:     554459 HIT:     389239 MISS:     165220 MSHR_MERGE:          0
cpu3->cpu3_L2C LOAD         ACCESS:     297106 HIT:     143823 MISS:     153283 MSHR_MERGE:          0
cpu3->cpu3_L2C RFO          ACCESS:      38398 HIT:      26786 MISS:      11612 MSHR_MERGE:          0
cpu3->cpu3_L2C PREFETCH     ACCESS:          0 HIT:          0 MISS:          0 MSHR_MERGE:          0
cpu3->cpu3_L2C WRITE        ACCESS:     218955 HIT:     218630 MISS:        325 MSHR_MERGE:          0
cpu3->cpu3_L2C TRANSLATION  ACCESS:          0 HIT:          0 MISS:          0 MSHR_MERGE:          0
cpu3->cpu3_L2C PREFETCH REQUESTED:          0 ISSUED:          0 USEFUL:          0 USELESS:          0
cpu3->cpu3_L2C AVERAGE MISS LATENCY: 162.2 cycles
cpu3->cpu3_L1I TOTAL        ACCESS:    8632176 HIT:    8631917 MISS:        259 MSHR_MERGE:        179
cpu3->cpu3_L1I LOAD         ACCESS:    8632176 HIT:    8631917 MISS:        259 MSHR_MERGE:        179
cpu3->cpu3_L1I RFO          ACCESS:          0 HIT:          0 MISS:          0 MSHR_MERGE:          0
cpu3->cpu3_L1I PREFETCH     ACCESS:          0 HIT:          0 MISS:          0 MSHR_MERGE:          0
cpu3->cpu3_L1I WRITE        ACCESS:          0 HIT:          0 MISS:          0 MSHR_MERGE:          0
cpu3->cpu3_L1I TRANSLATION  ACCESS:          0 HIT:          0 MISS:          0 MSHR_MERGE:          0
cpu3->cpu3_L1I PREFETCH REQUESTED:          0 ISSUED:          0 USEFUL:          0 USELESS:          0
cpu3->cpu3_L1I AVERAGE MISS LATENCY: 209.7 cycles
cpu3->cpu3_L1D TOTAL        ACCESS:   11361652 HIT:   10879651 MISS:     482001 MSHR_MERGE:     146577
cpu3->cpu3_L1D LOAD         ACCESS:    7521736 HIT:    7101247 MISS:     420489 MSHR_MERGE:     123463
cpu3->cpu3_L1D RFO          ACCESS:          0 HIT:          0 MISS:          0 MSHR_MERGE:          0
cpu3->cpu3_L1D PREFETCH     ACCESS:          0 HIT:          0 MISS:          0 MSHR_MERGE:          0
cpu3->cpu3_L1D WRITE        ACCESS:    3839916 HIT:    3778404 MISS:      61512 MSHR_MERGE:      23114
cpu3->cpu3_L1D TRANSLATION  ACCESS:          0 HIT:          0 MISS:          0 MSHR_MERGE:          0
cpu3->cpu3_L1D PREFETCH REQUESTED:          0 ISSUED:          0 USEFUL:          0 USELESS:          0
cpu3->cpu3_L1D AVERAGE MISS LATENCY: 88.34 cycles
cpu3->cpu3_ITLB TOTAL        ACCESS:    7636934 HIT:    7636934 MISS:          0 MSHR_MERGE:          0
cpu3->cpu3_ITLB LOAD         ACCESS:    7636934 HIT:    7636934 MISS:          0 MSHR_MERGE:          0
cpu3->cpu3_ITLB RFO          ACCESS:          0 HIT:          0 MISS:          0 MSHR_MERGE:          0
cpu3->cpu3_ITLB PREFETCH     ACCESS:          0 HIT:          0 MISS:          0 MSHR_MERGE:          0
cpu3->cpu3_ITLB WRITE        ACCESS:          0 HIT:          0 MISS:          0 MSHR_MERGE:          0
cpu3->cpu3_ITLB TRANSLATION  ACCESS:          0 HIT:          0 MISS:          0 MSHR_MERGE:          0
cpu3->cpu3_ITLB PREFETCH REQUESTED:          0 ISSUED:          0 USEFUL:          0 USELESS:          0
cpu3->cpu3_ITLB AVERAGE MISS LATENCY: - cycles
cpu3->cpu3_DTLB TOTAL        ACCESS:   10466222 HIT:   10466222 MISS:          0 MSHR_MERGE:          0
cpu3->cpu3_DTLB LOAD         ACCESS:   10466222 HIT:   10466222 MISS:          0 MSHR_MERGE:          0
cpu3->cpu3_DTLB RFO          ACCESS:          0 HIT:          0 MISS:          0 MSHR_MERGE:          0
cpu3->cpu3_DTLB PREFETCH     ACCESS:          0 HIT:          0 MISS:          0 MSHR_MERGE:          0
cpu3->cpu3_DTLB WRITE        ACCESS:          0 HIT:          0 MISS:          0 MSHR_MERGE:          0
cpu3->cpu3_DTLB TRANSLATION  ACCESS:          0 HIT:          0 MISS:          0 MSHR_MERGE:          0
cpu3->cpu3_DTLB PREFETCH REQUESTED:          0 ISSUED:          0 USEFUL:          0 USELESS:          0
cpu3->cpu3_DTLB AVERAGE MISS LATENCY: - cycles
cpu2->cpu2_L2C TOTAL        ACCESS:     555228 HIT:     389776 MISS:     165452 MSHR_MERGE:          0
cpu2->cpu2_L2C LOAD         ACCESS:     297527 HIT:     144027 MISS:     153500 MSHR_MERGE:          0
cpu2->cpu2_L2C RFO          ACCESS:      38455 HIT:      26828 MISS:      11627 MSHR_MERGE:          0
cpu2->cpu2_L2C PREFETCH     ACCESS:          0 HIT:          0 MISS:          0 MSHR_MERGE:          0
cpu2->cpu2_L2C WRITE        ACCESS:     219246 HIT:     218921 MISS:        325 MSHR_MERGE:          0
cpu2->cpu2_L2C TRANSLATION  ACCESS:          0 HIT:          0 MISS:          0 MSHR_MERGE:          0
cpu2->cpu2_L2C PREFETCH REQUESTED:          0 ISSUED:          0 USEFUL:          0 USELESS:          0
cpu2->cpu2_L2C AVERAGE MISS LATENCY: 161.8 cycles
cpu2->cpu2_L1I TOTAL        ACCESS:    8644395 HIT:    8644139 MISS:        256 MSHR_MERGE:        176
cpu2->cpu2_L1I LOAD         ACCESS:    8644395 HIT:    8644139 MISS:        256 MSHR_MERGE:        176
cpu2->cpu2_L1I RFO          ACCESS:          0 HIT:          0 MISS:          0 MSHR_MERGE:          0
cpu2->cpu2_L1I PREFETCH     ACCESS:          0 HIT:          0 MISS:          0 MSHR_MERGE:          0
cpu2->cpu2_L1I WRITE        ACCESS:          0 HIT:          0 MISS:          0 MSHR_MERGE:          0
cpu2->cpu2_L1I TRANSLATION  ACCESS:          0 HIT:          0 MISS:          0 MSHR_MERGE:          0
cpu2->cpu2_L1I PREFETCH REQUESTED:          0 ISSUED:          0 USEFUL:          0 USELESS:          0
cpu2->cpu2_L1I AVERAGE MISS LATENCY: 201.9 cycles
cpu2->cpu2_L1D TOTAL        ACCESS:   11375092 HIT:   10892653 MISS:     482439 MSHR_MERGE:     146537
cpu2->cpu2_L1D LOAD         ACCESS:    7529959 HIT:    7109078 MISS:     420881 MSHR_MERGE:     123434
cpu2->cpu2_L1D RFO          ACCESS:          0 HIT:          0 MISS:          0 MSHR_MERGE:          0
cpu2->cpu2_L1D PREFETCH     ACCESS:          0 HIT:          0 MISS:          0 MSHR_MERGE:          0
cpu2->cpu2_L1D WRITE        ACCESS:    3845133 HIT:    3783575 MISS:      61558 MSHR_MERGE:      23103
cpu2->cpu2_L1D TRANSLATION  ACCESS:          0 HIT:          0 MISS:          0 MSHR_MERGE:          0
cpu2->cpu2_L1D PREFETCH REQUESTED:          0 ISSUED:          0 USEFUL:          0 USELESS:          0
cpu2->cpu2_L1D AVERAGE MISS LATENCY: 88.16 cycles
cpu2->cpu2_ITLB TOTAL        ACCESS:    7638280 HIT:    7638280 MISS:          0 MSHR_MERGE:          0
cpu2->cpu2_ITLB LOAD         ACCESS:    7638280 HIT:    7638280 MISS:          0 MSHR_MERGE:          0
cpu2->cpu2_ITLB RFO          ACCESS:          0 HIT:          0 MISS:          0 MSHR_MERGE:          0
cpu2->cpu2_ITLB PREFETCH     ACCESS:          0 HIT:          0 MISS:          0 MSHR_MERGE:          0
cpu2->cpu2_ITLB WRITE        ACCESS:          0 HIT:          0 MISS:          0 MSHR_MERGE:          0
cpu2->cpu2_ITLB TRANSLATION  ACCESS:          0 HIT:          0 MISS:          0 MSHR_MERGE:          0
cpu2->cpu2_ITLB PREFETCH REQUESTED:          0 ISSUED:          0 USEFUL:          0 USELESS:          0
cpu2->cpu2_ITLB AVERAGE MISS LATENCY: - cycles
cpu2->cpu2_DTLB TOTAL        ACCESS:   10460458 HIT:   10460458 MISS:          0 MSHR_MERGE:          0
cpu2->cpu2_DTLB LOAD         ACCESS:   10460458 HIT:   10460458 MISS:          0 MSHR_MERGE:          0
cpu2->cpu2_DTLB RFO          ACCESS:          0 HIT:          0 MISS:          0 MSHR_MERGE:          0
cpu2->cpu2_DTLB PREFETCH     ACCESS:          0 HIT:          0 MISS:          0 MSHR_MERGE:          0
cpu2->cpu2_DTLB WRITE        ACCESS:          0 HIT:          0 MISS:          0 MSHR_MERGE:          0
cpu2->cpu2_DTLB TRANSLATION  ACCESS:          0 HIT:          0 MISS:          0 MSHR_MERGE:          0
cpu2->cpu2_DTLB PREFETCH REQUESTED:          0 ISSUED:          0 USEFUL:          0 USELESS:          0
cpu2->cpu2_DTLB AVERAGE MISS LATENCY: - cycles
cpu1->cpu1_L2C TOTAL        ACCESS:     555081 HIT:     389674 MISS:     165407 MSHR_MERGE:          0
cpu1->cpu1_L2C LOAD         ACCESS:     297438 HIT:     143981 MISS:     153457 MSHR_MERGE:          0
cpu1->cpu1_L2C RFO          ACCESS:      38454 HIT:      26828 MISS:      11626 MSHR_MERGE:          0
cpu1->cpu1_L2C PREFETCH     ACCESS:          0 HIT:          0 MISS:          0 MSHR_MERGE:          0
cpu1->cpu1_L2C WRITE        ACCESS:     219189 HIT:     218865 MISS:        324 MSHR_MERGE:          0
cpu1->cpu1_L2C TRANSLATION  ACCESS:          0 HIT:          0 MISS:          0 MSHR_MERGE:          0
cpu1->cpu1_L2C PREFETCH REQUESTED:          0 ISSUED:          0 USEFUL:          0 USELESS:          0
cpu1->cpu1_L2C AVERAGE MISS LATENCY: 161.6 cycles
cpu1->cpu1_L1I TOTAL        ACCESS:    8642147 HIT:    8641891 MISS:        256 MSHR_MERGE:        176
cpu1->cpu1_L1I LOAD         ACCESS:    8642147 HIT:    8641891 MISS:        256 MSHR_MERGE:        176
cpu1->cpu1_L1I RFO          ACCESS:          0 HIT:          0 MISS:          0 MSHR_MERGE:          0
cpu1->cpu1_L1I PREFETCH     ACCESS:          0 HIT:          0 MISS:          0 MSHR_MERGE:          0
cpu1->cpu1_L1I WRITE        ACCESS:          0 HIT:          0 MISS:          0 MSHR_MERGE:          0
cpu1->cpu1_L1I TRANSLATION  ACCESS:          0 HIT:          0 MISS:          0 MSHR_MERGE:          0
cpu1->cpu1_L1I PREFETCH REQUESTED:          0 ISSUED:          0 USEFUL:          0 USELESS:          0
cpu1->cpu1_L1I AVERAGE MISS LATENCY: 194 cycles
cpu1->cpu1_L1D TOTAL        ACCESS:   11369175 HIT:   10886843 MISS:     482332 MSHR_MERGE:     146520
cpu1->cpu1_L1D LOAD         ACCESS:    7525287 HIT:    7104535 MISS:     420752 MSHR_MERGE:     123394
cpu1->cpu1_L1D RFO          ACCESS:          0 HIT:          0 MISS:          0 MSHR_MERGE:          0
cpu1->cpu1_L1D PREFETCH     ACCESS:          0 HIT:          0 MISS:          0 MSHR_MERGE:          0
cpu1->cpu1_L1D WRITE        ACCESS:    3843888 HIT:    3782308 MISS:      61580 MSHR_MERGE:      23126
cpu1->cpu1_L1D TRANSLATION  ACCESS:          0 HIT:          0 MISS:          0 MSHR_MERGE:          0
cpu1->cpu1_L1D PREFETCH REQUESTED:          0 ISSUED:          0 USEFUL:          0 USELESS:          0
cpu1->cpu1_L1D AVERAGE MISS LATENCY: 88.06 cycles
cpu1->cpu1_ITLB TOTAL        ACCESS:    7646228 HIT:    7646228 MISS:          0 MSHR_MERGE:          0
cpu1->cpu1_ITLB LOAD         ACCESS:    7646228 HIT:    7646228 MISS:          0 MSHR_MERGE:          0
cpu1->cpu1_ITLB RFO          ACCESS:          0 HIT:          0 MISS:          0 MSHR_MERGE:          0
cpu1->cpu1_ITLB PREFETCH     ACCESS:          0 HIT:          0 MISS:          0 MSHR_MERGE:          0
cpu1->cpu1_ITLB WRITE        ACCESS:          0 HIT:          0 MISS:          0 MSHR_MERGE:          0
cpu1->cpu1_ITLB TRANSLATION  ACCESS:          0 HIT:          0 MISS:          0 MSHR_MERGE:          0
cpu1->cpu1_ITLB PREFETCH REQUESTED:          0 ISSUED:          0 USEFUL:          0 USELESS:          0
cpu1->cpu1_ITLB AVERAGE MISS LATENCY: - cycles
cpu1->cpu1_DTLB TOTAL        ACCESS:   10457203 HIT:   10457203 MISS:          0 MSHR_MERGE:          0
cpu1->cpu1_DTLB LOAD         ACCESS:   10457203 HIT:   10457203 MISS:          0 MSHR_MERGE:          0
cpu1->cpu1_DTLB RFO          ACCESS:          0 HIT:          0 MISS:          0 MSHR_MERGE:          0
cpu1->cpu1_DTLB PREFETCH     ACCESS:          0 HIT:          0 MISS:          0 MSHR_MERGE:          0
cpu1->cpu1_DTLB WRITE        ACCESS:          0 HIT:          0 MISS:          0 MSHR_MERGE:          0
cpu1->cpu1_DTLB TRANSLATION  ACCESS:          0 HIT:          0 MISS:          0 MSHR_MERGE:          0
cpu1->cpu1_DTLB PREFETCH REQUESTED:          0 ISSUED:          0 USEFUL:          0 USELESS:          0
cpu1->cpu1_DTLB AVERAGE MISS LATENCY: - cycles
cpu0->cpu0_L2C TOTAL        ACCESS:     558168 HIT:     391949 MISS:     166219 MSHR_MERGE:          0
cpu0->cpu0_L2C LOAD         ACCESS:     298864 HIT:     144740 MISS:     154124 MSHR_MERGE:          0
cpu0->cpu0_L2C RFO          ACCESS:      38816 HIT:      27050 MISS:      11766 MSHR_MERGE:          0
cpu0->cpu0_L2C PREFETCH     ACCESS:          0 HIT:          0 MISS:          0 MSHR_MERGE:          0
cpu0->cpu0_L2C WRITE        ACCESS:     220488 HIT:     220159 MISS:        329 MSHR_MERGE:          0
cpu0->cpu0_L2C TRANSLATION  ACCESS:          0 HIT:          0 MISS:          0 MSHR_MERGE:          0
cpu0->cpu0_L2C PREFETCH REQUESTED:          0 ISSUED:          0 USEFUL:          0 USELESS:          0
cpu0->cpu0_L2C AVERAGE MISS LATENCY: 160.7 cycles
cpu0->cpu0_L1I TOTAL        ACCESS:    8692016 HIT:    8691759 MISS:        257 MSHR_MERGE:        177
cpu0->cpu0_L1I LOAD         ACCESS:    8692016 HIT:    8691759 MISS:        257 MSHR_MERGE:        177
cpu0->cpu0_L1I RFO          ACCESS:          0 HIT:          0 MISS:          0 MSHR_MERGE:          0
cpu0->cpu0_L1I PREFETCH     ACCESS:          0 HIT:          0 MISS:          0 MSHR_MERGE:          0
cpu0->cpu0_L1I WRITE        ACCESS:          0 HIT:          0 MISS:          0 MSHR_MERGE:          0
cpu0->cpu0_L1I TRANSLATION  ACCESS:          0 HIT:          0 MISS:          0 MSHR_MERGE:          0
cpu0->cpu0_L1I PREFETCH REQUESTED:          0 ISSUED:          0 USEFUL:          0 USELESS:          0
cpu0->cpu0_L1I AVERAGE MISS LATENCY: 187.8 cycles
cpu0->cpu0_L1D TOTAL        ACCESS:   11440859 HIT:   10955515 MISS:     485344 MSHR_MERGE:     147742
cpu0->cpu0_L1D LOAD         ACCESS:    7576170 HIT:    7153224 MISS:     422946 MSHR_MERGE:     124160
cpu0->cpu0_L1D RFO          ACCESS:          0 HIT:          0 MISS:          0 MSHR_MERGE:          0
cpu0->cpu0_L1D PREFETCH     ACCESS:          0 HIT:          0 MISS:          0 MSHR_MERGE:          0
cpu0->cpu0_L1D WRITE        ACCESS:    3864689 HIT:    3802291 MISS:      62398 MSHR_MERGE:      23582
cpu0->cpu0_L1D TRANSLATION  ACCESS:          0 HIT:          0 MISS:          0 MSHR_MERGE:          0
cpu0->cpu0_L1D PREFETCH REQUESTED:          0 ISSUED:          0 USEFUL:          0 USELESS:          0
cpu0->cpu0_L1D AVERAGE MISS LATENCY: 87.6 cycles
cpu0->cpu0_ITLB TOTAL        ACCESS:    7690110 HIT:    7690110 MISS:          0 MSHR_MERGE:          0
cpu0->cpu0_ITLB LOAD         ACCESS:    7690110 HIT:    7690110 MISS:          0 MSHR_MERGE:          0
cpu0->cpu0_ITLB RFO          ACCESS:          0 HIT:          0 MISS:          0 MSHR_MERGE:          0
cpu0->cpu0_ITLB PREFETCH     ACCESS:          0 HIT:          0 MISS:          0 MSHR_MERGE:          0
cpu0->cpu0_ITLB WRITE        ACCESS:          0 HIT:          0 MISS:          0 MSHR_MERGE:          0
cpu0->cpu0_ITLB TRANSLATION  ACCESS:          0 HIT:          0 MISS:          0 MSHR_MERGE:          0
cpu0->cpu0_ITLB PREFETCH REQUESTED:          0 ISSUED:          0 USEFUL:          0 USELESS:          0
cpu0->cpu0_ITLB AVERAGE MISS LATENCY: - cycles
cpu0->cpu0_DTLB TOTAL        ACCESS:   10540155 HIT:   10540155 MISS:          0 MSHR_MERGE:          0
cpu0->cpu0_DTLB LOAD         ACCESS:   10540155 HIT:   10540155 MISS:          0 MSHR_MERGE:          0
cpu0->cpu0_DTLB RFO          ACCESS:          0 HIT:          0 MISS:          0 MSHR_MERGE:          0
cpu0->cpu0_DTLB PREFETCH     ACCESS:          0 HIT:          0 MISS:          0 MSHR_MERGE:          0
cpu0->cpu0_DTLB WRITE        ACCESS:          0 HIT:          0 MISS:          0 MSHR_MERGE:          0
cpu0->cpu0_DTLB TRANSLATION  ACCESS:          0 HIT:          0 MISS:          0 MSHR_MERGE:          0
cpu0->cpu0_DTLB PREFETCH REQUESTED:          0 ISSUED:          0 USEFUL:          0 USELESS:          0
cpu0->cpu0_DTLB AVERAGE MISS LATENCY: - cycles
cpu0->LLC TOTAL        ACCESS:     283300 HIT:     186495 MISS:      96805 MSHR_MERGE:          0
cpu0->LLC LOAD         ACCESS:     154124 HIT:      77068 MISS:      77056 MSHR_MERGE:          0
cpu0->LLC RFO          ACCESS:      11766 HIT:       3739 MISS:       8027 MSHR_MERGE:          0
cpu0->LLC PREFETCH     ACCESS:          0 HIT:          0 MISS:          0 MSHR_MERGE:          0
cpu0->LLC WRITE        ACCESS:     117410 HIT:     105688 MISS:      11722 MSHR_MERGE:          0
cpu0->LLC TRANSLATION  ACCESS:          0 HIT:          0 MISS:          0 MSHR_MERGE:          0
cpu0->LLC PREFETCH REQUESTED:          0 ISSUED:          0 USEFUL:          0 USELESS:          0
cpu0->LLC AVERAGE MISS LATENCY: 2008 cycles
cpu1->LLC TOTAL        ACCESS:     281890 HIT:     185358 MISS:      96532 MSHR_MERGE:          0
cpu1->LLC LOAD         ACCESS:     153457 HIT:      76407 MISS:      77050 MSHR_MERGE:          0
cpu1->LLC RFO          ACCESS:      11626 HIT:       3660 MISS:       7966 MSHR_MERGE:          0
cpu1->LLC PREFETCH     ACCESS:          0 HIT:          0 MISS:          0 MSHR_MERGE:          0
cpu1->LLC WRITE        ACCESS:     116807 HIT:     105291 MISS:      11516 MSHR_MERGE:          0
cpu1->LLC TRANSLATION  ACCESS:          0 HIT:          0 MISS:          0 MSHR_MERGE:          0
cpu1->LLC PREFETCH REQUESTED:          0 ISSUED:          0 USEFUL:          0 USELESS:          0
cpu1->LLC AVERAGE MISS LATENCY: 2013 cycles
cpu2->LLC TOTAL        ACCESS:     281968 HIT:     185833 MISS:      96135 MSHR_MERGE:          0
cpu2->LLC LOAD         ACCESS:     153500 HIT:      76691 MISS:      76809 MSHR_MERGE:          0
cpu2->LLC RFO          ACCESS:      11627 HIT:       3661 MISS:       7966 MSHR_MERGE:          0
cpu2->LLC PREFETCH     ACCESS:          0 HIT:          0 MISS:          0 MSHR_MERGE:          0
cpu2->LLC WRITE        ACCESS:     116841 HIT:     105481 MISS:      11360 MSHR_MERGE:          0
cpu2->LLC TRANSLATION  ACCESS:          0 HIT:          0 MISS:          0 MSHR_MERGE:          0
cpu2->LLC PREFETCH REQUESTED:          0 ISSUED:          0 USEFUL:          0 USELESS:          0
cpu2->LLC AVERAGE MISS LATENCY: 2022 cycles
cpu3->LLC TOTAL        ACCESS:     281561 HIT:     185221 MISS:      96340 MSHR_MERGE:          0
cpu3->LLC LOAD         ACCESS:     153283 HIT:      76320 MISS:      76963 MSHR_MERGE:          0
cpu3->LLC RFO          ACCESS:      11612 HIT:       3656 MISS:       7956 MSHR_MERGE:          0
cpu3->LLC PREFETCH     ACCESS:          0 HIT:          0 MISS:          0 MSHR_MERGE:          0
cpu3->LLC WRITE        ACCESS:     116666 HIT:     105245 MISS:      11421 MSHR_MERGE:          0
cpu3->LLC TRANSLATION  ACCESS:          0 HIT:          0 MISS:          0 MSHR_MERGE:          0
cpu3->LLC PREFETCH REQUESTED:          0 ISSUED:          0 USEFUL:          0 USELESS:          0
cpu3->LLC AVERAGE MISS LATENCY: 2017 cycles
cpu4->LLC TOTAL        ACCESS:     281369 HIT:     185206 MISS:      96163 MSHR_MERGE:          0
cpu4->LLC LOAD         ACCESS:     153174 HIT:      76250 MISS:      76924 MSHR_MERGE:          0
cpu4->LLC RFO          ACCESS:      11609 HIT:       3662 MISS:       7947 MSHR_MERGE:          0
cpu4->LLC PREFETCH     ACCESS:          0 HIT:          0 MISS:          0 MSHR_MERGE:          0
cpu4->LLC WRITE        ACCESS:     116586 HIT:     105294 MISS:      11292 MSHR_MERGE:          0
cpu4->LLC TRANSLATION  ACCESS:          0 HIT:          0 MISS:          0 MSHR_MERGE:          0
cpu4->LLC PREFETCH REQUESTED:          0 ISSUED:          0 USEFUL:          0 USELESS:          0
cpu4->LLC AVERAGE MISS LATENCY: 2021 cycles
cpu5->LLC TOTAL        ACCESS:     281810 HIT:     185569 MISS:      96241 MSHR_MERGE:          0
cpu5->LLC LOAD         ACCESS:     153424 HIT:      76519 MISS:      76905 MSHR_MERGE:          0
cpu5->LLC RFO          ACCESS:      11618 HIT:       3658 MISS:       7960 MSHR_MERGE:          0
cpu5->LLC PREFETCH     ACCESS:          0 HIT:          0 MISS:          0 MSHR_MERGE:          0
cpu5->LLC WRITE        ACCESS:     116768 HIT:     105392 MISS:      11376 MSHR_MERGE:          0
cpu5->LLC TRANSLATION  ACCESS:          0 HIT:          0 MISS:          0 MSHR_MERGE:          0
cpu5->LLC PREFETCH REQUESTED:          0 ISSUED:          0 USEFUL:          0 USELESS:          0
cpu5->LLC AVERAGE MISS LATENCY: 2019 cycles
cpu6->LLC TOTAL        ACCESS:     282558 HIT:     186151 MISS:      96407 MSHR_MERGE:          0
cpu6->LLC LOAD         ACCESS:     153813 HIT:      76877 MISS:      76936 MSHR_MERGE:          0
cpu6->LLC RFO          ACCESS:      11652 HIT:       3673 MISS:       7979 MSHR_MERGE:          0
cpu6->LLC PREFETCH     ACCESS:          0 HIT:          0 MISS:          0 MSHR_MERGE:          0
cpu6->LLC WRITE        ACCESS:     117093 HIT:     105601 MISS:      11492 MSHR_MERGE:          0
cpu6->LLC TRANSLATION  ACCESS:          0 HIT:          0 MISS:          0 MSHR_MERGE:          0
cpu6->LLC PREFETCH REQUESTED:          0 ISSUED:          0 USEFUL:          0 USELESS:          0
cpu6->LLC AVERAGE MISS LATENCY: 2016 cycles
cpu7->LLC TOTAL        ACCESS:     282241 HIT:     185895 MISS:      96346 MSHR_MERGE:          0
cpu7->LLC LOAD         ACCESS:     153654 HIT:      76751 MISS:      76903 MSHR_MERGE:          0
cpu7->LLC RFO          ACCESS:      11631 HIT:       3664 MISS:       7967 MSHR_MERGE:          0
cpu7->LLC PREFETCH     ACCESS:          0 HIT:          0 MISS:          0 MSHR_MERGE:          0
cpu7->LLC WRITE        ACCESS:     116956 HIT:     105480 MISS:      11476 MSHR_MERGE:          0
cpu7->LLC TRANSLATION  ACCESS:          0 HIT:          0 MISS:          0 MSHR_MERGE:          0
cpu7->LLC PREFETCH REQUESTED:          0 ISSUED:          0 USEFUL:          0 USELESS:          0
cpu7->LLC AVERAGE MISS LATENCY: 2017 cycles

Region of Interest Statistics

CPU 7 cumulative IPC: 1.607 instructions: 50000000 cycles: 31111314
CPU 7 Branch Prediction Accuracy: 100% MPKI: 0 Average ROB Occupancy at Mispredict: -
Branch type MPKI
BRANCH_DIRECT_JUMP: 0
BRANCH_INDIRECT: 0
BRANCH_CONDITIONAL: 0
BRANCH_DIRECT_CALL: 0
BRANCH_INDIRECT_CALL: 0
BRANCH_RETURN: 0


CPU 6 cumulative IPC: 1.609 instructions: 50000001 cycles: 31083603
CPU 6 Branch Prediction Accuracy: 100% MPKI: 0 Average ROB Occupancy at Mispredict: -
Branch type MPKI
BRANCH_DIRECT_JUMP: 0
BRANCH_INDIRECT: 0
BRANCH_CONDITIONAL: 0
BRANCH_DIRECT_CALL: 0
BRANCH_INDIRECT_CALL: 0
BRANCH_RETURN: 0


CPU 5 cumulative IPC: 1.605 instructions: 50000000 cycles: 31161983
CPU 5 Branch Prediction Accuracy: 100% MPKI: 0 Average ROB Occupancy at Mispredict: -
Branch type MPKI
BRANCH_DIRECT_JUMP: 0
BRANCH_INDIRECT: 0
BRANCH_CONDITIONAL: 0
BRANCH_DIRECT_CALL: 0
BRANCH_INDIRECT_CALL: 0
BRANCH_RETURN: 0


CPU 4 cumulative IPC: 1.602 instructions: 50000004 cycles: 31209478
CPU 4 Branch Prediction Accuracy: 100% MPKI: 0 Average ROB Occupancy at Mispredict: -
Branch type MPKI
BRANCH_DIRECT_JUMP: 0
BRANCH_INDIRECT: 0
BRANCH_CONDITIONAL: 0
BRANCH_DIRECT_CALL: 0
BRANCH_INDIRECT_CALL: 0
BRANCH_RETURN: 0


CPU 3 cumulative IPC: 1.603 instructions: 50000004 cycles: 31187427
CPU 3 Branch Prediction Accuracy: 100% MPKI: 0 Average ROB Occupancy at Mispredict: -
Branch type MPKI
BRANCH_DIRECT_JUMP: 0
BRANCH_INDIRECT: 0
BRANCH_CONDITIONAL: 0
BRANCH_DIRECT_CALL: 0
BRANCH_INDIRECT_CALL: 0
BRANCH_RETURN: 0


CPU 2 cumulative IPC: 1.605 instructions: 50000001 cycles: 31144432
CPU 2 Branch Prediction Accuracy: 100% MPKI: 0 Average ROB Occupancy at Mispredict: -
Branch type MPKI
BRANCH_DIRECT_JUMP: 0
BRANCH_INDIRECT: 0
BRANCH_CONDITIONAL: 0
BRANCH_DIRECT_CALL: 0
BRANCH_INDIRECT_CALL: 0
BRANCH_RETURN: 0


CPU 1 cumulative IPC: 1.605 instructions: 50000000 cycles: 31154113
CPU 1 Branch Prediction Accuracy: 100% MPKI: 0 Average ROB Occupancy at Mispredict: -
Branch type MPKI
BRANCH_DIRECT_JUMP: 0
BRANCH_INDIRECT: 0
BRANCH_CONDITIONAL: 0
BRANCH_DIRECT_CALL: 0
BRANCH_INDIRECT_CALL: 0
BRANCH_RETURN: 0


CPU 0 cumulative IPC: 1.613 instructions: 50000004 cycles: 31003083
CPU 0 Branch Prediction Accuracy: 100% MPKI: 0 Average ROB Occupancy at Mispredict: -
Branch type MPKI
BRANCH_DIRECT_JUMP: 0
BRANCH_INDIRECT: 0
BRANCH_CONDITIONAL: 0
BRANCH_DIRECT_CALL: 0
BRANCH_INDIRECT_CALL: 0
BRANCH_RETURN: 0

cpu7->cpu7_L2C TOTAL        ACCESS:     555750 HIT:     390141 MISS:     165609 MSHR_MERGE:          0
cpu7->cpu7_L2C LOAD         ACCESS:     297813 HIT:     144159 MISS:     153654 MSHR_MERGE:          0
cpu7->cpu7_L2C RFO          ACCESS:      38485 HIT:      26854 MISS:      11631 MSHR_MERGE:          0
cpu7->cpu7_L2C PREFETCH     ACCESS:          0 HIT:          0 MISS:          0 MSHR_MERGE:          0
cpu7->cpu7_L2C WRITE        ACCESS:     219452 HIT:     219128 MISS:        324 MSHR_MERGE:          0
cpu7->cpu7_L2C TRANSLATION  ACCESS:          0 HIT:          0 MISS:          0 MSHR_MERGE:          0
cpu7->cpu7_L2C PREFETCH REQUESTED:          0 ISSUED:          0 USEFUL:          0 USELESS:          0
cpu7->cpu7_L2C AVERAGE MISS LATENCY: 161.7 cycles
cpu7->cpu7_L1I TOTAL        ACCESS:    8655213 HIT:    8654957 MISS:        256 MSHR_MERGE:        176
cpu7->cpu7_L1I LOAD         ACCESS:    8655213 HIT:    8654957 MISS:        256 MSHR_MERGE:        176
cpu7->cpu7_L1I RFO          ACCESS:          0 HIT:          0 MISS:          0 MSHR_MERGE:          0
cpu7->cpu7_L1I PREFETCH     ACCESS:          0 HIT:          0 MISS:          0 MSHR_MERGE:          0
cpu7->cpu7_L1I WRITE        ACCESS:          0 HIT:          0 MISS:          0 MSHR_MERGE:          0
cpu7->cpu7_L1I TRANSLATION  ACCESS:          0 HIT:          0 MISS:          0 MSHR_MERGE:          0
cpu7->cpu7_L1I PREFETCH REQUESTED:          0 ISSUED:          0 USEFUL:          0 USELESS:          0
cpu7->cpu7_L1I AVERAGE MISS LATENCY: 168.4 cycles
cpu7->cpu7_L1D TOTAL        ACCESS:   11385449 HIT:   10902648 MISS:     482801 MSHR_MERGE:     146582
cpu7->cpu7_L1D LOAD         ACCESS:    7536349 HIT:    7115334 MISS:     421015 MSHR_MERGE:     123282
cpu7->cpu7_L1D RFO          ACCESS:          0 HIT:          0 MISS:          0 MSHR_MERGE:          0
cpu7->cpu7_L1D PREFETCH     ACCESS:          0 HIT:          0 MISS:          0 MSHR_MERGE:          0
cpu7->cpu7_L1D WRITE        ACCESS:    3849100 HIT:    3787314 MISS:      61786 MSHR_MERGE:      23300
cpu7->cpu7_L1D TRANSLATION  ACCESS:          0 HIT:          0 MISS:          0 MSHR_MERGE:          0
cpu7->cpu7_L1D PREFETCH REQUESTED:          0 ISSUED:          0 USEFUL:          0 USELESS:          0
cpu7->cpu7_L1D AVERAGE MISS LATENCY: 88.13 cycles
cpu7->cpu7_ITLB TOTAL        ACCESS:    7646410 HIT:    7646410 MISS:          0 MSHR_MERGE:          0
cpu7->cpu7_ITLB LOAD         ACCESS:    7646410 HIT:    7646410 MISS:          0 MSHR_MERGE:          0
cpu7->cpu7_ITLB RFO          ACCESS:          0 HIT:          0 MISS:          0 MSHR_MERGE:          0
cpu7->cpu7_ITLB PREFETCH     ACCESS:          0 HIT:          0 MISS:          0 MSHR_MERGE:          0
cpu7->cpu7_ITLB WRITE        ACCESS:          0 HIT:          0 MISS:          0 MSHR_MERGE:          0
cpu7->cpu7_ITLB TRANSLATION  ACCESS:          0 HIT:          0 MISS:          0 MSHR_MERGE:          0
cpu7->cpu7_ITLB PREFETCH REQUESTED:          0 ISSUED:          0 USEFUL:          0 USELESS:          0
cpu7->cpu7_ITLB AVERAGE MISS LATENCY: - cycles
cpu7->cpu7_DTLB TOTAL        ACCESS:   10475418 HIT:   10475418 MISS:          0 MSHR_MERGE:          0
cpu7->cpu7_DTLB LOAD         ACCESS:   10475418 HIT:   10475418 MISS:          0 MSHR_MERGE:          0
cpu7->cpu7_DTLB RFO          ACCESS:          0 HIT:          0 MISS:          0 MSHR_MERGE:          0
cpu7->cpu7_DTLB PREFETCH     ACCESS:          0 HIT:          0 MISS:          0 MSHR_MERGE:          0
cpu7->cpu7_DTLB WRITE        ACCESS:          0 HIT:          0 MISS:          0 MSHR_MERGE:          0
cpu7->cpu7_DTLB TRANSLATION  ACCESS:          0 HIT:          0 MISS:          0 MSHR_MERGE:          0
cpu7->cpu7_DTLB PREFETCH REQUESTED:          0 ISSUED:          0 USEFUL:          0 USELESS:          0
cpu7->cpu7_DTLB AVERAGE MISS LATENCY: - cycles
cpu6->cpu6_L2C TOTAL        ACCESS:     556269 HIT:     390479 MISS:     165790 MSHR_MERGE:          0
cpu6->cpu6_L2C LOAD         ACCESS:     298087 HIT:     144274 MISS:     153813 MSHR_MERGE:          0
cpu6->cpu6_L2C RFO          ACCESS:      38518 HIT:      26866 MISS:      11652 MSHR_MERGE:          0
cpu6->cpu6_L2C PREFETCH     ACCESS:          0 HIT:          0 MISS:          0 MSHR_MERGE:          0
cpu6->cpu6_L2C WRITE        ACCESS:     219664 HIT:     219339 MISS:        325 MSHR_MERGE:          0
cpu6->cpu6_L2C TRANSLATION  ACCESS:          0 HIT:          0 MISS:          0 MSHR_MERGE:          0
cpu6->cpu6_L2C PREFETCH REQUESTED:          0 ISSUED:          0 USEFUL:          0 USELESS:          0
cpu6->cpu6_L2C AVERAGE MISS LATENCY: 161.3 cycles
cpu6->cpu6_L1I TOTAL        ACCESS:    8660782 HIT:    8660532 MISS:        250 MSHR_MERGE:        171
cpu6->cpu6_L1I LOAD         ACCESS:    8660782 HIT:    8660532 MISS:        250 MSHR_MERGE:        171
cpu6->cpu6_L1I RFO          ACCESS:          0 HIT:          0 MISS:          0 MSHR_MERGE:          0
cpu6->cpu6_L1I PREFETCH     ACCESS:          0 HIT:          0 MISS:          0 MSHR_MERGE:          0
cpu6->cpu6_L1I WRITE        ACCESS:          0 HIT:          0 MISS:          0 MSHR_MERGE:          0
cpu6->cpu6_L1I TRANSLATION  ACCESS:          0 HIT:          0 MISS:          0 MSHR_MERGE:          0
cpu6->cpu6_L1I PREFETCH REQUESTED:          0 ISSUED:          0 USEFUL:          0 USELESS:          0
cpu6->cpu6_L1I AVERAGE MISS LATENCY: 186.4 cycles
cpu6->cpu6_L1D TOTAL        ACCESS:   11400174 HIT:   10916862 MISS:     483312 MSHR_MERGE:     146786
cpu6->cpu6_L1D LOAD         ACCESS:    7545967 HIT:    7124404 MISS:     421563 MSHR_MERGE:     123555
cpu6->cpu6_L1D RFO          ACCESS:          0 HIT:          0 MISS:          0 MSHR_MERGE:          0
cpu6->cpu6_L1D PREFETCH     ACCESS:          0 HIT:          0 MISS:          0 MSHR_MERGE:          0
cpu6->cpu6_L1D WRITE        ACCESS:    3854207 HIT:    3792458 MISS:      61749 MSHR_MERGE:      23231
cpu6->cpu6_L1D TRANSLATION  ACCESS:          0 HIT:          0 MISS:          0 MSHR_MERGE:          0
cpu6->cpu6_L1D PREFETCH REQUESTED:          0 ISSUED:          0 USEFUL:          0 USELESS:          0
cpu6->cpu6_L1D AVERAGE MISS LATENCY: 87.94 cycles
cpu6->cpu6_ITLB TOTAL        ACCESS:    7654898 HIT:    7654898 MISS:          0 MSHR_MERGE:          0
cpu6->cpu6_ITLB LOAD         ACCESS:    7654898 HIT:    7654898 MISS:          0 MSHR_MERGE:          0
cpu6->cpu6_ITLB RFO          ACCESS:          0 HIT:          0 MISS:          0 MSHR_MERGE:          0
cpu6->cpu6_ITLB PREFETCH     ACCESS:          0 HIT:          0 MISS:          0 MSHR_MERGE:          0
cpu6->cpu6_ITLB WRITE        ACCESS:          0 HIT:          0 MISS:          0 MSHR_MERGE:          0
cpu6->cpu6_ITLB TRANSLATION  ACCESS:          0 HIT:          0 MISS:          0 MSHR_MERGE:          0
cpu6->cpu6_ITLB PREFETCH REQUESTED:          0 ISSUED:          0 USEFUL:          0 USELESS:          0
cpu6->cpu6_ITLB AVERAGE MISS LATENCY: - cycles
cpu6->cpu6_DTLB TOTAL        ACCESS:   10500174 HIT:   10500174 MISS:          0 MSHR_MERGE:          0
cpu6->cpu6_DTLB LOAD         ACCESS:   10500174 HIT:   10500174 MISS:          0 MSHR_MERGE:          0
cpu6->cpu6_DTLB RFO          ACCESS:          0 HIT:          0 MISS:          0 MSHR_MERGE:          0
cpu6->cpu6_DTLB PREFETCH     ACCESS:          0 HIT:          0 MISS:          0 MSHR_MERGE:          0
cpu6->cpu6_DTLB WRITE        ACCESS:          0 HIT:          0 MISS:          0 MSHR_MERGE:          0
cpu6->cpu6_DTLB TRANSLATION  ACCESS:          0 HIT:          0 MISS:          0 MSHR_MERGE:          0
cpu6->cpu6_DTLB PREFETCH REQUESTED:          0 ISSUED:          0 USEFUL:          0 USELESS:          0
cpu6->cpu6_DTLB AVERAGE MISS LATENCY: - cycles
cpu5->cpu5_L2C TOTAL        ACCESS:     554812 HIT:     389445 MISS:     165367 MSHR_MERGE:          0
cpu5->cpu5_L2C LOAD         ACCESS:     297304 HIT:     143880 MISS:     153424 MSHR_MERGE:          0
cpu5->cpu5_L2C RFO          ACCESS:      38417 HIT:      26799 MISS:      11618 MSHR_MERGE:          0
cpu5->cpu5_L2C PREFETCH     ACCESS:          0 HIT:          0 MISS:          0 MSHR_MERGE:          0
cpu5->cpu5_L2C WRITE        ACCESS:     219091 HIT:     218766 MISS:        325 MSHR_MERGE:          0
cpu5->cpu5_L2C TRANSLATION  ACCESS:          0 HIT:          0 MISS:          0 MSHR_MERGE:          0
cpu5->cpu5_L2C PREFETCH REQUESTED:          0 ISSUED:          0 USEFUL:          0 USELESS:          0
cpu5->cpu5_L2C AVERAGE MISS LATENCY: 161.8 cycles
cpu5->cpu5_L1I TOTAL        ACCESS:    8638558 HIT:    8638302 MISS:        256 MSHR_MERGE:        176
cpu5->cpu5_L1I LOAD         ACCESS:    8638558 HIT:    8638302 MISS:        256 MSHR_MERGE:        176
cpu5->cpu5_L1I RFO          ACCESS:          0 HIT:          0 MISS:          0 MSHR_MERGE:          0
cpu5->cpu5_L1I PREFETCH     ACCESS:          0 HIT:          0 MISS:          0 MSHR_MERGE:          0
cpu5->cpu5_L1I WRITE        ACCESS:          0 HIT:          0 MISS:          0 MSHR_MERGE:          0
cpu5->cpu5_L1I TRANSLATION  ACCESS:          0 HIT:          0 MISS:          0 MSHR_MERGE:          0
cpu5->cpu5_L1I PREFETCH REQUESTED:          0 ISSUED:          0 USEFUL:          0 USELESS:          0
cpu5->cpu5_L1I AVERAGE MISS LATENCY: 202.2 cycles
cpu5->cpu5_L1D TOTAL        ACCESS:   11367687 HIT:   10885923 MISS:     481764 MSHR_MERGE:     146123
cpu5->cpu5_L1D LOAD         ACCESS:    7525266 HIT:    7104837 MISS:     420429 MSHR_MERGE:     123205
cpu5->cpu5_L1D RFO          ACCESS:          0 HIT:          0 MISS:          0 MSHR_MERGE:          0
cpu5->cpu5_L1D PREFETCH     ACCESS:          0 HIT:          0 MISS:          0 MSHR_MERGE:          0
cpu5->cpu5_L1D WRITE        ACCESS:    3842421 HIT:    3781086 MISS:      61335 MSHR_MERGE:      22918
cpu5->cpu5_L1D TRANSLATION  ACCESS:          0 HIT:          0 MISS:          0 MSHR_MERGE:          0
cpu5->cpu5_L1D PREFETCH REQUESTED:          0 ISSUED:          0 USEFUL:          0 USELESS:          0
cpu5->cpu5_L1D AVERAGE MISS LATENCY: 88.16 cycles
cpu5->cpu5_ITLB TOTAL        ACCESS:    7631946 HIT:    7631946 MISS:          0 MSHR_MERGE:          0
cpu5->cpu5_ITLB LOAD         ACCESS:    7631946 HIT:    7631946 MISS:          0 MSHR_MERGE:          0
cpu5->cpu5_ITLB RFO          ACCESS:          0 HIT:          0 MISS:          0 MSHR_MERGE:          0
cpu5->cpu5_ITLB PREFETCH     ACCESS:          0 HIT:          0 MISS:          0 MSHR_MERGE:          0
cpu5->cpu5_ITLB WRITE        ACCESS:          0 HIT:          0 MISS:          0 MSHR_MERGE:          0
cpu5->cpu5_ITLB TRANSLATION  ACCESS:          0 HIT:          0 MISS:          0 MSHR_MERGE:          0
cpu5->cpu5_ITLB PREFETCH REQUESTED:          0 ISSUED:          0 USEFUL:          0 USELESS:          0
cpu5->cpu5_ITLB AVERAGE MISS LATENCY: - cycles
cpu5->cpu5_DTLB TOTAL        ACCESS:   10454085 HIT:   10454085 MISS:          0 MSHR_MERGE:          0
cpu5->cpu5_DTLB LOAD         ACCESS:   10454085 HIT:   10454085 MISS:          0 MSHR_MERGE:          0
cpu5->cpu5_DTLB RFO          ACCESS:          0 HIT:          0 MISS:          0 MSHR_MERGE:          0
cpu5->cpu5_DTLB PREFETCH     ACCESS:          0 HIT:          0 MISS:          0 MSHR_MERGE:          0
cpu5->cpu5_DTLB WRITE        ACCESS:          0 HIT:          0 MISS:          0 MSHR_MERGE:          0
cpu5->cpu5_DTLB TRANSLATION  ACCESS:          0 HIT:          0 MISS:          0 MSHR_MERGE:          0
cpu5->cpu5_DTLB PREFETCH REQUESTED:          0 ISSUED:          0 USEFUL:          0 USELESS:          0
cpu5->cpu5_DTLB AVERAGE MISS LATENCY: - cycles
cpu4->cpu4_L2C TOTAL        ACCESS:     554048 HIT:     388940 MISS:     165108 MSHR_MERGE:          0
cpu4->cpu4_L2C LOAD         ACCESS:     296864 HIT:     143690 MISS:     153174 MSHR_MERGE:          0
cpu4->cpu4_L2C RFO          ACCESS:      38391 HIT:      26782 MISS:      11609 MSHR_MERGE:          0
cpu4->cpu4_L2C PREFETCH     ACCESS:          0 HIT:          0 MISS:          0 MSHR_MERGE:          0
cpu4->cpu4_L2C WRITE        ACCESS:     218793 HIT:     218468 MISS:        325 MSHR_MERGE:          0
cpu4->cpu4_L2C TRANSLATION  ACCESS:          0 HIT:          0 MISS:          0 MSHR_MERGE:          0
cpu4->cpu4_L2C PREFETCH REQUESTED:          0 ISSUED:          0 USEFUL:          0 USELESS:          0
cpu4->cpu4_L2C AVERAGE MISS LATENCY: 162.4 cycles
cpu4->cpu4_L1I TOTAL        ACCESS:    8625901 HIT:    8625645 MISS:        256 MSHR_MERGE:        176
cpu4->cpu4_L1I LOAD         ACCESS:    8625901 HIT:    8625645 MISS:        256 MSHR_MERGE:        176
cpu4->cpu4_L1I RFO          ACCESS:          0 HIT:          0 MISS:          0 MSHR_MERGE:          0
cpu4->cpu4_L1I PREFETCH     ACCESS:          0 HIT:          0 MISS:          0 MSHR_MERGE:          0
cpu4->cpu4_L1I WRITE        ACCESS:          0 HIT:          0 MISS:          0 MSHR_MERGE:          0
cpu4->cpu4_L1I TRANSLATION  ACCESS:          0 HIT:          0 MISS:          0 MSHR_MERGE:          0
cpu4->cpu4_L1I PREFETCH REQUESTED:          0 ISSUED:          0 USEFUL:          0 USELESS:          0
cpu4->cpu4_L1I AVERAGE MISS LATENCY: 208.3 cycles
cpu4->cpu4_L1D TOTAL        ACCESS:   11351706 HIT:   10870381 MISS:     481325 MSHR_MERGE:     146150
cpu4->cpu4_L1D LOAD         ACCESS:    7514643 HIT:    7094831 MISS:     419812 MSHR_MERGE:     123028
cpu4->cpu4_L1D RFO          ACCESS:          0 HIT:          0 MISS:          0 MSHR_MERGE:          0
cpu4->cpu4_L1D PREFETCH     ACCESS:          0 HIT:          0 MISS:          0 MSHR_MERGE:          0
cpu4->cpu4_L1D WRITE        ACCESS:    3837063 HIT:    3775550 MISS:      61513 MSHR_MERGE:      23122
cpu4->cpu4_L1D TRANSLATION  ACCESS:          0 HIT:          0 MISS:          0 MSHR_MERGE:          0
cpu4->cpu4_L1D PREFETCH REQUESTED:          0 ISSUED:          0 USEFUL:          0 USELESS:          0
cpu4->cpu4_L1D AVERAGE MISS LATENCY: 88.45 cycles
cpu4->cpu4_ITLB TOTAL        ACCESS:    7620790 HIT:    7620790 MISS:          0 MSHR_MERGE:          0
cpu4->cpu4_ITLB LOAD         ACCESS:    7620790 HIT:    7620790 MISS:          0 MSHR_MERGE:          0
cpu4->cpu4_ITLB RFO          ACCESS:          0 HIT:          0 MISS:          0 MSHR_MERGE:          0
cpu4->cpu4_ITLB PREFETCH     ACCESS:          0 HIT:          0 MISS:          0 MSHR_MERGE:          0
cpu4->cpu4_ITLB WRITE        ACCESS:          0 HIT:          0 MISS:          0 MSHR_MERGE:          0
cpu4->cpu4_ITLB TRANSLATION  ACCESS:          0 HIT:          0 MISS:          0 MSHR_MERGE:          0
cpu4->cpu4_ITLB PREFETCH REQUESTED:          0 ISSUED:          0 USEFUL:          0 USELESS:          0
cpu4->cpu4_ITLB AVERAGE MISS LATENCY: - cycles
cpu4->cpu4_DTLB TOTAL        ACCESS:   10438943 HIT:   10438943 MISS:          0 MSHR_MERGE:          0
cpu4->cpu4_DTLB LOAD         ACCESS:   10438943 HIT:   10438943 MISS:          0 MSHR_MERGE:          0
cpu4->cpu4_DTLB RFO          ACCESS:          0 HIT:          0 MISS:          0 MSHR_MERGE:          0
cpu4->cpu4_DTLB PREFETCH     ACCESS:          0 HIT:          0 MISS:          0 MSHR_MERGE:          0
cpu4->cpu4_DTLB WRITE        ACCESS:          0 HIT:          0 MISS:          0 MSHR_MERGE:          0
cpu4->cpu4_DTLB TRANSLATION  ACCESS:          0 HIT:          0 MISS:          0 MSHR_MERGE:          0
cpu4->cpu4_DTLB PREFETCH REQUESTED:          0 ISSUED:          0 USEFUL:          0 USELESS:          0
cpu4->cpu4_DTLB AVERAGE MISS LATENCY: - cycles
cpu3->cpu3_L2C TOTAL        ACCESS:     554459 HIT:     389239 MISS:     165220 MSHR_MERGE:          0
cpu3->cpu3_L2C LOAD         ACCESS:     297106 HIT:     143823 MISS:     153283 MSHR_MERGE:          0
cpu3->cpu3_L2C RFO          ACCESS:      38398 HIT:      26786 MISS:      11612 MSHR_MERGE:          0
cpu3->cpu3_L2C PREFETCH     ACCESS:          0 HIT:          0 MISS:          0 MSHR_MERGE:          0
cpu3->cpu3_L2C WRITE        ACCESS:     218955 HIT:     218630 MISS:        325 MSHR_MERGE:          0
cpu3->cpu3_L2C TRANSLATION  ACCESS:          0 HIT:          0 MISS:          0 MSHR_MERGE:          0
cpu3->cpu3_L2C PREFETCH REQUESTED:          0 ISSUED:          0 USEFUL:          0 USELESS:          0
cpu3->cpu3_L2C AVERAGE MISS LATENCY: 162.2 cycles
cpu3->cpu3_L1I TOTAL        ACCESS:    8632176 HIT:    8631917 MISS:        259 MSHR_MERGE:        179
cpu3->cpu3_L1I LOAD         ACCESS:    8632176 HIT:    8631917 MISS:        259 MSHR_MERGE:        179
cpu3->cpu3_L1I RFO          ACCESS:          0 HIT:          0 MISS:          0 MSHR_MERGE:          0
cpu3->cpu3_L1I PREFETCH     ACCESS:          0 HIT:          0 MISS:          0 MSHR_MERGE:          0
cpu3->cpu3_L1I WRITE        ACCESS:          0 HIT:          0 MISS:          0 MSHR_MERGE:          0
cpu3->cpu3_L1I TRANSLATION  ACCESS:          0 HIT:          0 MISS:          0 MSHR_MERGE:          0
cpu3->cpu3_L1I PREFETCH REQUESTED:          0 ISSUED:          0 USEFUL:          0 USELESS:          0
cpu3->cpu3_L1I AVERAGE MISS LATENCY: 209.7 cycles
cpu3->cpu3_L1D TOTAL        ACCESS:   11361652 HIT:   10879651 MISS:     482001 MSHR_MERGE:     146577
cpu3->cpu3_L1D LOAD         ACCESS:    7521736 HIT:    7101247 MISS:     420489 MSHR_MERGE:     123463
cpu3->cpu3_L1D RFO          ACCESS:          0 HIT:          0 MISS:          0 MSHR_MERGE:          0
cpu3->cpu3_L1D PREFETCH     ACCESS:          0 HIT:          0 MISS:          0 MSHR_MERGE:          0
cpu3->cpu3_L1D WRITE        ACCESS:    3839916 HIT:    3778404 MISS:      61512 MSHR_MERGE:      23114
cpu3->cpu3_L1D TRANSLATION  ACCESS:          0 HIT:          0 MISS:          0 MSHR_MERGE:          0
cpu3->cpu3_L1D PREFETCH REQUESTED:          0 ISSUED:          0 USEFUL:          0 USELESS:          0
cpu3->cpu3_L1D AVERAGE MISS LATENCY: 88.34 cycles
cpu3->cpu3_ITLB TOTAL        ACCESS:    7636934 HIT:    7636934 MISS:          0 MSHR_MERGE:          0
cpu3->cpu3_ITLB LOAD         ACCESS:    7636934 HIT:    7636934 MISS:          0 MSHR_MERGE:          0
cpu3->cpu3_ITLB RFO          ACCESS:          0 HIT:          0 MISS:          0 MSHR_MERGE:          0
cpu3->cpu3_ITLB PREFETCH     ACCESS:          0 HIT:          0 MISS:          0 MSHR_MERGE:          0
cpu3->cpu3_ITLB WRITE        ACCESS:          0 HIT:          0 MISS:          0 MSHR_MERGE:          0
cpu3->cpu3_ITLB TRANSLATION  ACCESS:          0 HIT:          0 MISS:          0 MSHR_MERGE:          0
cpu3->cpu3_ITLB PREFETCH REQUESTED:          0 ISSUED:          0 USEFUL:          0 USELESS:          0
cpu3->cpu3_ITLB AVERAGE MISS LATENCY: - cycles
cpu3->cpu3_DTLB TOTAL        ACCESS:   10466222 HIT:   10466222 MISS:          0 MSHR_MERGE:          0
cpu3->cpu3_DTLB LOAD         ACCESS:   10466222 HIT:   10466222 MISS:          0 MSHR_MERGE:          0
cpu3->cpu3_DTLB RFO          ACCESS:          0 HIT:          0 MISS:          0 MSHR_MERGE:          0
cpu3->cpu3_DTLB PREFETCH     ACCESS:          0 HIT:          0 MISS:          0 MSHR_MERGE:          0
cpu3->cpu3_DTLB WRITE        ACCESS:          0 HIT:          0 MISS:          0 MSHR_MERGE:          0
cpu3->cpu3_DTLB TRANSLATION  ACCESS:          0 HIT:          0 MISS:          0 MSHR_MERGE:          0
cpu3->cpu3_DTLB PREFETCH REQUESTED:          0 ISSUED:          0 USEFUL:          0 USELESS:          0
cpu3->cpu3_DTLB AVERAGE MISS LATENCY: - cycles
cpu2->cpu2_L2C TOTAL        ACCESS:     555228 HIT:     389776 MISS:     165452 MSHR_MERGE:          0
cpu2->cpu2_L2C LOAD         ACCESS:     297527 HIT:     144027 MISS:     153500 MSHR_MERGE:          0
cpu2->cpu2_L2C RFO          ACCESS:      38455 HIT:      26828 MISS:      11627 MSHR_MERGE:          0
cpu2->cpu2_L2C PREFETCH     ACCESS:          0 HIT:          0 MISS:          0 MSHR_MERGE:          0
cpu2->cpu2_L2C WRITE        ACCESS:     219246 HIT:     218921 MISS:        325 MSHR_MERGE:          0
cpu2->cpu2_L2C TRANSLATION  ACCESS:          0 HIT:          0 MISS:          0 MSHR_MERGE:          0
cpu2->cpu2_L2C PREFETCH REQUESTED:          0 ISSUED:          0 USEFUL:          0 USELESS:          0
cpu2->cpu2_L2C AVERAGE MISS LATENCY: 161.8 cycles
cpu2->cpu2_L1I TOTAL        ACCESS:    8644395 HIT:    8644139 MISS:        256 MSHR_MERGE:        176
cpu2->cpu2_L1I LOAD         ACCESS:    8644395 HIT:    8644139 MISS:        256 MSHR_MERGE:        176
cpu2->cpu2_L1I RFO          ACCESS:          0 HIT:          0 MISS:          0 MSHR_MERGE:          0
cpu2->cpu2_L1I PREFETCH     ACCESS:          0 HIT:          0 MISS:          0 MSHR_MERGE:          0
cpu2->cpu2_L1I WRITE        ACCESS:          0 HIT:          0 MISS:          0 MSHR_MERGE:          0
cpu2->cpu2_L1I TRANSLATION  ACCESS:          0 HIT:          0 MISS:          0 MSHR_MERGE:          0
cpu2->cpu2_L1I PREFETCH REQUESTED:          0 ISSUED:          0 USEFUL:          0 USELESS:          0
cpu2->cpu2_L1I AVERAGE MISS LATENCY: 201.9 cycles
cpu2->cpu2_L1D TOTAL        ACCESS:   11375092 HIT:   10892653 MISS:     482439 MSHR_MERGE:     146537
cpu2->cpu2_L1D LOAD         ACCESS:    7529959 HIT:    7109078 MISS:     420881 MSHR_MERGE:     123434
cpu2->cpu2_L1D RFO          ACCESS:          0 HIT:          0 MISS:          0 MSHR_MERGE:          0
cpu2->cpu2_L1D PREFETCH     ACCESS:          0 HIT:          0 MISS:          0 MSHR_MERGE:          0
cpu2->cpu2_L1D WRITE        ACCESS:    3845133 HIT:    3783575 MISS:      61558 MSHR_MERGE:      23103
cpu2->cpu2_L1D TRANSLATION  ACCESS:          0 HIT:          0 MISS:          0 MSHR_MERGE:          0
cpu2->cpu2_L1D PREFETCH REQUESTED:          0 ISSUED:          0 USEFUL:          0 USELESS:          0
cpu2->cpu2_L1D AVERAGE MISS LATENCY: 88.16 cycles
cpu2->cpu2_ITLB TOTAL        ACCESS:    7638280 HIT:    7638280 MISS:          0 MSHR_MERGE:          0
cpu2->cpu2_ITLB LOAD         ACCESS:    7638280 HIT:    7638280 MISS:          0 MSHR_MERGE:          0
cpu2->cpu2_ITLB RFO          ACCESS:          0 HIT:          0 MISS:          0 MSHR_MERGE:          0
cpu2->cpu2_ITLB PREFETCH     ACCESS:          0 HIT:          0 MISS:          0 MSHR_MERGE:          0
cpu2->cpu2_ITLB WRITE        ACCESS:          0 HIT:          0 MISS:          0 MSHR_MERGE:          0
cpu2->cpu2_ITLB TRANSLATION  ACCESS:          0 HIT:          0 MISS:          0 MSHR_MERGE:          0
cpu2->cpu2_ITLB PREFETCH REQUESTED:          0 ISSUED:          0 USEFUL:          0 USELESS:          0
cpu2->cpu2_ITLB AVERAGE MISS LATENCY: - cycles
cpu2->cpu2_DTLB TOTAL        ACCESS:   10460458 HIT:   10460458 MISS:          0 MSHR_MERGE:          0
cpu2->cpu2_DTLB LOAD         ACCESS:   10460458 HIT:   10460458 MISS:          0 MSHR_MERGE:          0
cpu2->cpu2_DTLB RFO          ACCESS:          0 HIT:          0 MISS:          0 MSHR_MERGE:          0
cpu2->cpu2_DTLB PREFETCH     ACCESS:          0 HIT:          0 MISS:          0 MSHR_MERGE:          0
cpu2->cpu2_DTLB WRITE        ACCESS:          0 HIT:          0 MISS:          0 MSHR_MERGE:          0
cpu2->cpu2_DTLB TRANSLATION  ACCESS:          0 HIT:          0 MISS:          0 MSHR_MERGE:          0
cpu2->cpu2_DTLB PREFETCH REQUESTED:          0 ISSUED:          0 USEFUL:          0 USELESS:          0
cpu2->cpu2_DTLB AVERAGE MISS LATENCY: - cycles
cpu1->cpu1_L2C TOTAL        ACCESS:     555081 HIT:     389674 MISS:     165407 MSHR_MERGE:          0
cpu1->cpu1_L2C LOAD         ACCESS:     297438 HIT:     143981 MISS:     153457 MSHR_MERGE:          0
cpu1->cpu1_L2C RFO          ACCESS:      38454 HIT:      26828 MISS:      11626 MSHR_MERGE:          0
cpu1->cpu1_L2C PREFETCH     ACCESS:          0 HIT:          0 MISS:          0 MSHR_MERGE:          0
cpu1->cpu1_L2C WRITE        ACCESS:     219189 HIT:     218865 MISS:        324 MSHR_MERGE:          0
cpu1->cpu1_L2C TRANSLATION  ACCESS:          0 HIT:          0 MISS:          0 MSHR_MERGE:          0
cpu1->cpu1_L2C PREFETCH REQUESTED:          0 ISSUED:          0 USEFUL:          0 USELESS:          0
cpu1->cpu1_L2C AVERAGE MISS LATENCY: 161.6 cycles
cpu1->cpu1_L1I TOTAL        ACCESS:    8642147 HIT:    8641891 MISS:        256 MSHR_MERGE:        176
cpu1->cpu1_L1I LOAD         ACCESS:    8642147 HIT:    8641891 MISS:        256 MSHR_MERGE:        176
cpu1->cpu1_L1I RFO          ACCESS:          0 HIT:          0 MISS:          0 MSHR_MERGE:          0
cpu1->cpu1_L1I PREFETCH     ACCESS:          0 HIT:          0 MISS:          0 MSHR_MERGE:          0
cpu1->cpu1_L1I WRITE        ACCESS:          0 HIT:          0 MISS:          0 MSHR_MERGE:          0
cpu1->cpu1_L1I TRANSLATION  ACCESS:          0 HIT:          0 MISS:          0 MSHR_MERGE:          0
cpu1->cpu1_L1I PREFETCH REQUESTED:          0 ISSUED:          0 USEFUL:          0 USELESS:          0
cpu1->cpu1_L1I AVERAGE MISS LATENCY: 194 cycles
cpu1->cpu1_L1D TOTAL        ACCESS:   11369175 HIT:   10886843 MISS:     482332 MSHR_MERGE:     146520
cpu1->cpu1_L1D LOAD         ACCESS:    7525287 HIT:    7104535 MISS:     420752 MSHR_MERGE:     123394
cpu1->cpu1_L1D RFO          ACCESS:          0 HIT:          0 MISS:          0 MSHR_MERGE:          0
cpu1->cpu1_L1D PREFETCH     ACCESS:          0 HIT:          0 MISS:          0 MSHR_MERGE:          0
cpu1->cpu1_L1D WRITE        ACCESS:    3843888 HIT:    3782308 MISS:      61580 MSHR_MERGE:      23126
cpu1->cpu1_L1D TRANSLATION  ACCESS:          0 HIT:          0 MISS:          0 MSHR_MERGE:          0
cpu1->cpu1_L1D PREFETCH REQUESTED:          0 ISSUED:          0 USEFUL:          0 USELESS:          0
cpu1->cpu1_L1D AVERAGE MISS LATENCY: 88.06 cycles
cpu1->cpu1_ITLB TOTAL        ACCESS:    7646228 HIT:    7646228 MISS:          0 MSHR_MERGE:          0
cpu1->cpu1_ITLB LOAD         ACCESS:    7646228 HIT:    7646228 MISS:          0 MSHR_MERGE:          0
cpu1->cpu1_ITLB RFO          ACCESS:          0 HIT:          0 MISS:          0 MSHR_MERGE:          0
cpu1->cpu1_ITLB PREFETCH     ACCESS:          0 HIT:          0 MISS:          0 MSHR_MERGE:          0
cpu1->cpu1_ITLB WRITE        ACCESS:          0 HIT:          0 MISS:          0 MSHR_MERGE:          0
cpu1->cpu1_ITLB TRANSLATION  ACCESS:          0 HIT:          0 MISS:          0 MSHR_MERGE:          0
cpu1->cpu1_ITLB PREFETCH REQUESTED:          0 ISSUED:          0 USEFUL:          0 USELESS:          0
cpu1->cpu1_ITLB AVERAGE MISS LATENCY: - cycles
cpu1->cpu1_DTLB TOTAL        ACCESS:   10457203 HIT:   10457203 MISS:          0 MSHR_MERGE:          0
cpu1->cpu1_DTLB LOAD         ACCESS:   10457203 HIT:   10457203 MISS:          0 MSHR_MERGE:          0
cpu1->cpu1_DTLB RFO          ACCESS:          0 HIT:          0 MISS:          0 MSHR_MERGE:          0
cpu1->cpu1_DTLB PREFETCH     ACCESS:          0 HIT:          0 MISS:          0 MSHR_MERGE:          0
cpu1->cpu1_DTLB WRITE        ACCESS:          0 HIT:          0 MISS:          0 MSHR_MERGE:          0
cpu1->cpu1_DTLB TRANSLATION  ACCESS:          0 HIT:          0 MISS:          0 MSHR_MERGE:          0
cpu1->cpu1_DTLB PREFETCH REQUESTED:          0 ISSUED:          0 USEFUL:          0 USELESS:          0
cpu1->cpu1_DTLB AVERAGE MISS LATENCY: - cycles
cpu0->cpu0_L2C TOTAL        ACCESS:     558168 HIT:     391949 MISS:     166219 MSHR_MERGE:          0
cpu0->cpu0_L2C LOAD         ACCESS:     298864 HIT:     144740 MISS:     154124 MSHR_MERGE:          0
cpu0->cpu0_L2C RFO          ACCESS:      38816 HIT:      27050 MISS:      11766 MSHR_MERGE:          0
cpu0->cpu0_L2C PREFETCH     ACCESS:          0 HIT:          0 MISS:          0 MSHR_MERGE:          0
cpu0->cpu0_L2C WRITE        ACCESS:     220488 HIT:     220159 MISS:        329 MSHR_MERGE:          0
cpu0->cpu0_L2C TRANSLATION  ACCESS:          0 HIT:          0 MISS:          0 MSHR_MERGE:          0
cpu0->cpu0_L2C PREFETCH REQUESTED:          0 ISSUED:          0 USEFUL:          0 USELESS:          0
cpu0->cpu0_L2C AVERAGE MISS LATENCY: 160.7 cycles
cpu0->cpu0_L1I TOTAL        ACCESS:    8692016 HIT:    8691759 MISS:        257 MSHR_MERGE:        177
cpu0->cpu0_L1I LOAD         ACCESS:    8692016 HIT:    8691759 MISS:        257 MSHR_MERGE:        177
cpu0->cpu0_L1I RFO          ACCESS:          0 HIT:          0 MISS:          0 MSHR_MERGE:          0
cpu0->cpu0_L1I PREFETCH     ACCESS:          0 HIT:          0 MISS:          0 MSHR_MERGE:          0
cpu0->cpu0_L1I WRITE        ACCESS:          0 HIT:          0 MISS:          0 MSHR_MERGE:          0
cpu0->cpu0_L1I TRANSLATION  ACCESS:          0 HIT:          0 MISS:          0 MSHR_MERGE:          0
cpu0->cpu0_L1I PREFETCH REQUESTED:          0 ISSUED:          0 USEFUL:          0 USELESS:          0
cpu0->cpu0_L1I AVERAGE MISS LATENCY: 187.8 cycles
cpu0->cpu0_L1D TOTAL        ACCESS:   11440859 HIT:   10955515 MISS:     485344 MSHR_MERGE:     147742
cpu0->cpu0_L1D LOAD         ACCESS:    7576170 HIT:    7153224 MISS:     422946 MSHR_MERGE:     124160
cpu0->cpu0_L1D RFO          ACCESS:          0 HIT:          0 MISS:          0 MSHR_MERGE:          0
cpu0->cpu0_L1D PREFETCH     ACCESS:          0 HIT:          0 MISS:          0 MSHR_MERGE:          0
cpu0->cpu0_L1D WRITE        ACCESS:    3864689 HIT:    3802291 MISS:      62398 MSHR_MERGE:      23582
cpu0->cpu0_L1D TRANSLATION  ACCESS:          0 HIT:          0 MISS:          0 MSHR_MERGE:          0
cpu0->cpu0_L1D PREFETCH REQUESTED:          0 ISSUED:          0 USEFUL:          0 USELESS:          0
cpu0->cpu0_L1D AVERAGE MISS LATENCY: 87.6 cycles
cpu0->cpu0_ITLB TOTAL        ACCESS:    7690110 HIT:    7690110 MISS:          0 MSHR_MERGE:          0
cpu0->cpu0_ITLB LOAD         ACCESS:    7690110 HIT:    7690110 MISS:          0 MSHR_MERGE:          0
cpu0->cpu0_ITLB RFO          ACCESS:          0 HIT:          0 MISS:          0 MSHR_MERGE:          0
cpu0->cpu0_ITLB PREFETCH     ACCESS:          0 HIT:          0 MISS:          0 MSHR_MERGE:          0
cpu0->cpu0_ITLB WRITE        ACCESS:          0 HIT:          0 MISS:          0 MSHR_MERGE:          0
cpu0->cpu0_ITLB TRANSLATION  ACCESS:          0 HIT:          0 MISS:          0 MSHR_MERGE:          0
cpu0->cpu0_ITLB PREFETCH REQUESTED:          0 ISSUED:          0 USEFUL:          0 USELESS:          0
cpu0->cpu0_ITLB AVERAGE MISS LATENCY: - cycles
cpu0->cpu0_DTLB TOTAL        ACCESS:   10540155 HIT:   10540155 MISS:          0 MSHR_MERGE:          0
cpu0->cpu0_DTLB LOAD         ACCESS:   10540155 HIT:   10540155 MISS:          0 MSHR_MERGE:          0
cpu0->cpu0_DTLB RFO          ACCESS:          0 HIT:          0 MISS:          0 MSHR_MERGE:          0
cpu0->cpu0_DTLB PREFETCH     ACCESS:          0 HIT:          0 MISS:          0 MSHR_MERGE:          0
cpu0->cpu0_DTLB WRITE        ACCESS:          0 HIT:          0 MISS:          0 MSHR_MERGE:          0
cpu0->cpu0_DTLB TRANSLATION  ACCESS:          0 HIT:          0 MISS:          0 MSHR_MERGE:          0
cpu0->cpu0_DTLB PREFETCH REQUESTED:          0 ISSUED:          0 USEFUL:          0 USELESS:          0
cpu0->cpu0_DTLB AVERAGE MISS LATENCY: - cycles
cpu0->LLC TOTAL        ACCESS:     283300 HIT:     186495 MISS:      96805 MSHR_MERGE:          0
cpu0->LLC LOAD         ACCESS:     154124 HIT:      77068 MISS:      77056 MSHR_MERGE:          0
cpu0->LLC RFO          ACCESS:      11766 HIT:       3739 MISS:       8027 MSHR_MERGE:          0
cpu0->LLC PREFETCH     ACCESS:          0 HIT:          0 MISS:          0 MSHR_MERGE:          0
cpu0->LLC WRITE        ACCESS:     117410 HIT:     105688 MISS:      11722 MSHR_MERGE:          0
cpu0->LLC TRANSLATION  ACCESS:          0 HIT:          0 MISS:          0 MSHR_MERGE:          0
cpu0->LLC PREFETCH REQUESTED:          0 ISSUED:          0 USEFUL:          0 USELESS:          0
cpu0->LLC AVERAGE MISS LATENCY: 2008 cycles
cpu1->LLC TOTAL        ACCESS:     281890 HIT:     185358 MISS:      96532 MSHR_MERGE:          0
cpu1->LLC LOAD         ACCESS:     153457 HIT:      76407 MISS:      77050 MSHR_MERGE:          0
cpu1->LLC RFO          ACCESS:      11626 HIT:       3660 MISS:       7966 MSHR_MERGE:          0
cpu1->LLC PREFETCH     ACCESS:          0 HIT:          0 MISS:          0 MSHR_MERGE:          0
cpu1->LLC WRITE        ACCESS:     116807 HIT:     105291 MISS:      11516 MSHR_MERGE:          0
cpu1->LLC TRANSLATION  ACCESS:          0 HIT:          0 MISS:          0 MSHR_MERGE:          0
cpu1->LLC PREFETCH REQUESTED:          0 ISSUED:          0 USEFUL:          0 USELESS:          0
cpu1->LLC AVERAGE MISS LATENCY: 2013 cycles
cpu2->LLC TOTAL        ACCESS:     281968 HIT:     185833 MISS:      96135 MSHR_MERGE:          0
cpu2->LLC LOAD         ACCESS:     153500 HIT:      76691 MISS:      76809 MSHR_MERGE:          0
cpu2->LLC RFO          ACCESS:      11627 HIT:       3661 MISS:       7966 MSHR_MERGE:          0
cpu2->LLC PREFETCH     ACCESS:          0 HIT:          0 MISS:          0 MSHR_MERGE:          0
cpu2->LLC WRITE        ACCESS:     116841 HIT:     105481 MISS:      11360 MSHR_MERGE:          0
cpu2->LLC TRANSLATION  ACCESS:          0 HIT:          0 MISS:          0 MSHR_MERGE:          0
cpu2->LLC PREFETCH REQUESTED:          0 ISSUED:          0 USEFUL:          0 USELESS:          0
cpu2->LLC AVERAGE MISS LATENCY: 2022 cycles
cpu3->LLC TOTAL        ACCESS:     281561 HIT:     185221 MISS:      96340 MSHR_MERGE:          0
cpu3->LLC LOAD         ACCESS:     153283 HIT:      76320 MISS:      76963 MSHR_MERGE:          0
cpu3->LLC RFO          ACCESS:      11612 HIT:       3656 MISS:       7956 MSHR_MERGE:          0
cpu3->LLC PREFETCH     ACCESS:          0 HIT:          0 MISS:          0 MSHR_MERGE:          0
cpu3->LLC WRITE        ACCESS:     116666 HIT:     105245 MISS:      11421 MSHR_MERGE:          0
cpu3->LLC TRANSLATION  ACCESS:          0 HIT:          0 MISS:          0 MSHR_MERGE:          0
cpu3->LLC PREFETCH REQUESTED:          0 ISSUED:          0 USEFUL:          0 USELESS:          0
cpu3->LLC AVERAGE MISS LATENCY: 2017 cycles
cpu4->LLC TOTAL        ACCESS:     281369 HIT:     185206 MISS:      96163 MSHR_MERGE:          0
cpu4->LLC LOAD         ACCESS:     153174 HIT:      76250 MISS:      76924 MSHR_MERGE:          0
cpu4->LLC RFO          ACCESS:      11609 HIT:       3662 MISS:       7947 MSHR_MERGE:          0
cpu4->LLC PREFETCH     ACCESS:          0 HIT:          0 MISS:          0 MSHR_MERGE:          0
cpu4->LLC WRITE        ACCESS:     116586 HIT:     105294 MISS:      11292 MSHR_MERGE:          0
cpu4->LLC TRANSLATION  ACCESS:          0 HIT:          0 MISS:          0 MSHR_MERGE:          0
cpu4->LLC PREFETCH REQUESTED:          0 ISSUED:          0 USEFUL:          0 USELESS:          0
cpu4->LLC AVERAGE MISS LATENCY: 2021 cycles
cpu5->LLC TOTAL        ACCESS:     281810 HIT:     185569 MISS:      96241 MSHR_MERGE:          0
cpu5->LLC LOAD         ACCESS:     153424 HIT:      76519 MISS:      76905 MSHR_MERGE:          0
cpu5->LLC RFO          ACCESS:      11618 HIT:       3658 MISS:       7960 MSHR_MERGE:          0
cpu5->LLC PREFETCH     ACCESS:          0 HIT:          0 MISS:          0 MSHR_MERGE:          0
cpu5->LLC WRITE        ACCESS:     116768 HIT:     105392 MISS:      11376 MSHR_MERGE:          0
cpu5->LLC TRANSLATION  ACCESS:          0 HIT:          0 MISS:          0 MSHR_MERGE:          0
cpu5->LLC PREFETCH REQUESTED:          0 ISSUED:          0 USEFUL:          0 USELESS:          0
cpu5->LLC AVERAGE MISS LATENCY: 2019 cycles
cpu6->LLC TOTAL        ACCESS:     282558 HIT:     186151 MISS:      96407 MSHR_MERGE:          0
cpu6->LLC LOAD         ACCESS:     153813 HIT:      76877 MISS:      76936 MSHR_MERGE:          0
cpu6->LLC RFO          ACCESS:      11652 HIT:       3673 MISS:       7979 MSHR_MERGE:          0
cpu6->LLC PREFETCH     ACCESS:          0 HIT:          0 MISS:          0 MSHR_MERGE:          0
cpu6->LLC WRITE        ACCESS:     117093 HIT:     105601 MISS:      11492 MSHR_MERGE:          0
cpu6->LLC TRANSLATION  ACCESS:          0 HIT:          0 MISS:          0 MSHR_MERGE:          0
cpu6->LLC PREFETCH REQUESTED:          0 ISSUED:          0 USEFUL:          0 USELESS:          0
cpu6->LLC AVERAGE MISS LATENCY: 2016 cycles
cpu7->LLC TOTAL        ACCESS:     282241 HIT:     185895 MISS:      96346 MSHR_MERGE:          0
cpu7->LLC LOAD         ACCESS:     153654 HIT:      76751 MISS:      76903 MSHR_MERGE:          0
cpu7->LLC RFO          ACCESS:      11631 HIT:       3664 MISS:       7967 MSHR_MERGE:          0
cpu7->LLC PREFETCH     ACCESS:          0 HIT:          0 MISS:          0 MSHR_MERGE:          0
cpu7->LLC WRITE        ACCESS:     116956 HIT:     105480 MISS:      11476 MSHR_MERGE:          0
cpu7->LLC TRANSLATION  ACCESS:          0 HIT:          0 MISS:          0 MSHR_MERGE:          0
cpu7->LLC PREFETCH REQUESTED:          0 ISSUED:          0 USEFUL:          0 USELESS:          0
cpu7->LLC AVERAGE MISS LATENCY: 2017 cycles

DRAM Statistics

Channel 0 READ REQS:     345630	WRITE REQS:     268387
  READS:     345581	READ_HITS:       5814
  WRITES:     268379	WRITE HITS:       2613
  ACTIVATES:     605538	PRECHARGES:     605507
  RQ FULL:          0	WQ FULL:          0
  WRITE DRAINS:      20136	FORCED:        809
  MEAN WRITE IMBALANCE: 1.2130512514898688
  READ OCCU PRE DRAIN: 0.13364123957091775	POST DRAIN: 3.3774334525228444
  MEAN WLP: 10.07613230035757
  READ LATENCY: 68.97658436083002

Channel 1 READ REQS:     333684	WRITE REQS:     256785
  READS:     333639	READ_HITS:       5963
  WRITES:     256781	WRITE HITS:       2402
  ACTIVATES:     582056	PRECHARGES:     582027
  RQ FULL:          0	WQ FULL:          0
  WRITE DRAINS:      20757	FORCED:        595
  MEAN WRITE IMBALANCE: 1.1805174158115335
  READ OCCU PRE DRAIN: 0.09823192176133352	POST DRAIN: 3.0172953702365466
  MEAN WLP: 9.284289637230813
  READ LATENCY: 67.33894119092793
WCACHE NON LRU EVICTS: 25681	TOTAL EVICTS: 992624	EAGER WB: 9990
