[VMEM] WARNING: physical memory size is smaller than virtual memory size.

*** ChampSim Multicore Out-of-Order Simulator ***
Warmup Instructions: 25000000
Simulation Instructions: 100000000
Number of CPUs: 8
Page size: 2097152

CL :	 16.64 ns
CWL :	 15.808 ns
tRP :	 16.224 ns
tRCD :	 16.224 ns
tRAS :	 32.032000000000004 ns
tRTP :	 7.904 ns
tWR :	 30.368000000000002 ns

tCCD_S :	 3.3280000000000003 ns
tCCD_S_WR :	 3.3280000000000003 ns
tCCD_S_WTR :	 22.048000000000002 ns
tCCD_L :	 5.408 ns
tCCD_L_WR :	 20.384 ns
tCCD_L_WTR :	 29.536 ns
tRRD_S :	 3.3280000000000003 ns
tRRD_L :	 5.408 ns
tFAW :	 13.728 ns
Address mapping (perm = 1) 	ch co bg bg bg ba ba co co co co co co ro ro ro ro ro ro ro ro ro ro ro ro ro ro ro 
dram queue size: R = 64 W = 48 (low:high is 9:39)
Heartbeat CPU 0 instructions: 10000003 cycles: 6643770 heartbeat IPC: 1.505 cumulative IPC: 1.505 (Simulation time: 00 hr 21 min 08 sec)
Heartbeat CPU 1 instructions: 10000003 cycles: 6644404 heartbeat IPC: 1.505 cumulative IPC: 1.505 (Simulation time: 00 hr 21 min 08 sec)
Heartbeat CPU 2 instructions: 10000003 cycles: 6644900 heartbeat IPC: 1.505 cumulative IPC: 1.505 (Simulation time: 00 hr 21 min 08 sec)
Heartbeat CPU 3 instructions: 10000003 cycles: 6645078 heartbeat IPC: 1.505 cumulative IPC: 1.505 (Simulation time: 00 hr 21 min 08 sec)
Heartbeat CPU 4 instructions: 10000003 cycles: 6645255 heartbeat IPC: 1.505 cumulative IPC: 1.505 (Simulation time: 00 hr 21 min 08 sec)
Heartbeat CPU 5 instructions: 10000003 cycles: 6645464 heartbeat IPC: 1.505 cumulative IPC: 1.505 (Simulation time: 00 hr 21 min 08 sec)
Heartbeat CPU 6 instructions: 10000003 cycles: 6645663 heartbeat IPC: 1.505 cumulative IPC: 1.505 (Simulation time: 00 hr 21 min 08 sec)
Heartbeat CPU 7 instructions: 10000003 cycles: 6645816 heartbeat IPC: 1.505 cumulative IPC: 1.505 (Simulation time: 00 hr 21 min 08 sec)
Heartbeat CPU 0 instructions: 20000004 cycles: 13310447 heartbeat IPC: 1.5 cumulative IPC: 1.503 (Simulation time: 00 hr 41 min 35 sec)
Heartbeat CPU 1 instructions: 20000004 cycles: 13310976 heartbeat IPC: 1.5 cumulative IPC: 1.503 (Simulation time: 00 hr 41 min 35 sec)
Heartbeat CPU 3 instructions: 20000004 cycles: 13311994 heartbeat IPC: 1.5 cumulative IPC: 1.502 (Simulation time: 00 hr 41 min 35 sec)
Heartbeat CPU 2 instructions: 20000004 cycles: 13312008 heartbeat IPC: 1.5 cumulative IPC: 1.502 (Simulation time: 00 hr 41 min 35 sec)
Heartbeat CPU 4 instructions: 20000004 cycles: 13312123 heartbeat IPC: 1.5 cumulative IPC: 1.502 (Simulation time: 00 hr 41 min 35 sec)
Heartbeat CPU 5 instructions: 20000004 cycles: 13312276 heartbeat IPC: 1.5 cumulative IPC: 1.502 (Simulation time: 00 hr 41 min 35 sec)
Heartbeat CPU 6 instructions: 20000004 cycles: 13312411 heartbeat IPC: 1.5 cumulative IPC: 1.502 (Simulation time: 00 hr 41 min 35 sec)
Heartbeat CPU 7 instructions: 20000004 cycles: 13312548 heartbeat IPC: 1.5 cumulative IPC: 1.502 (Simulation time: 00 hr 41 min 36 sec)
Warmup finished CPU 0 instructions: 25000003 cycles: 16643466 cumulative IPC: 1.502 (Simulation time: 00 hr 51 min 25 sec)
Warmup finished CPU 1 instructions: 25000003 cycles: 16644108 cumulative IPC: 1.502 (Simulation time: 00 hr 51 min 25 sec)
Warmup finished CPU 2 instructions: 25000003 cycles: 16645629 cumulative IPC: 1.502 (Simulation time: 00 hr 51 min 25 sec)
Warmup finished CPU 3 instructions: 25000003 cycles: 16645670 cumulative IPC: 1.502 (Simulation time: 00 hr 51 min 25 sec)
Warmup finished CPU 4 instructions: 25000003 cycles: 16645718 cumulative IPC: 1.502 (Simulation time: 00 hr 51 min 25 sec)
Warmup finished CPU 5 instructions: 25000003 cycles: 16645760 cumulative IPC: 1.502 (Simulation time: 00 hr 51 min 25 sec)
Warmup finished CPU 6 instructions: 25000003 cycles: 16645824 cumulative IPC: 1.502 (Simulation time: 00 hr 51 min 25 sec)
Warmup finished CPU 7 instructions: 25000003 cycles: 16645905 cumulative IPC: 1.502 (Simulation time: 00 hr 51 min 25 sec)
Warmup complete CPU 7 instructions: 25000003 cycles: 16645905 cumulative IPC: 1.502 (Simulation time: 00 hr 51 min 25 sec)
Warmup complete CPU 6 instructions: 25000116 cycles: 16645905 cumulative IPC: 1.502 (Simulation time: 00 hr 51 min 25 sec)
Warmup complete CPU 5 instructions: 25000212 cycles: 16645905 cumulative IPC: 1.502 (Simulation time: 00 hr 51 min 25 sec)
Warmup complete CPU 4 instructions: 25000261 cycles: 16645905 cumulative IPC: 1.502 (Simulation time: 00 hr 51 min 25 sec)
Warmup complete CPU 3 instructions: 25000356 cycles: 16645905 cumulative IPC: 1.502 (Simulation time: 00 hr 51 min 25 sec)
Warmup complete CPU 2 instructions: 25000405 cycles: 16645905 cumulative IPC: 1.502 (Simulation time: 00 hr 51 min 25 sec)
Warmup complete CPU 1 instructions: 25002708 cycles: 16645905 cumulative IPC: 1.502 (Simulation time: 00 hr 51 min 25 sec)
Warmup complete CPU 0 instructions: 25003668 cycles: 16645905 cumulative IPC: 1.502 (Simulation time: 00 hr 51 min 25 sec)
Heartbeat CPU 2 instructions: 30000005 cycles: 45108424 heartbeat IPC: 0.3145 cumulative IPC: 0.1757 (Simulation time: 01 hr 25 min 11 sec)
Heartbeat CPU 6 instructions: 30000005 cycles: 45183256 heartbeat IPC: 0.3138 cumulative IPC: 0.1752 (Simulation time: 01 hr 25 min 16 sec)
Heartbeat CPU 7 instructions: 30000007 cycles: 45211623 heartbeat IPC: 0.3135 cumulative IPC: 0.175 (Simulation time: 01 hr 25 min 18 sec)
Heartbeat CPU 3 instructions: 30000005 cycles: 45251115 heartbeat IPC: 0.3131 cumulative IPC: 0.1748 (Simulation time: 01 hr 25 min 21 sec)
Heartbeat CPU 1 instructions: 30000005 cycles: 45365961 heartbeat IPC: 0.312 cumulative IPC: 0.174 (Simulation time: 01 hr 25 min 29 sec)
Heartbeat CPU 0 instructions: 30000005 cycles: 45383013 heartbeat IPC: 0.3118 cumulative IPC: 0.1739 (Simulation time: 01 hr 25 min 30 sec)
Heartbeat CPU 5 instructions: 30000007 cycles: 45560230 heartbeat IPC: 0.3101 cumulative IPC: 0.1729 (Simulation time: 01 hr 25 min 43 sec)
Heartbeat CPU 4 instructions: 30000005 cycles: 45598945 heartbeat IPC: 0.3097 cumulative IPC: 0.1727 (Simulation time: 01 hr 25 min 46 sec)
Heartbeat CPU 2 instructions: 40000006 cycles: 102051442 heartbeat IPC: 0.1756 cumulative IPC: 0.1756 (Simulation time: 02 hr 33 min 15 sec)
Heartbeat CPU 6 instructions: 40000006 cycles: 102167341 heartbeat IPC: 0.1755 cumulative IPC: 0.1754 (Simulation time: 02 hr 33 min 23 sec)
Heartbeat CPU 7 instructions: 40000009 cycles: 102273892 heartbeat IPC: 0.1752 cumulative IPC: 0.1752 (Simulation time: 02 hr 33 min 31 sec)
Heartbeat CPU 1 instructions: 40000009 cycles: 102425454 heartbeat IPC: 0.1753 cumulative IPC: 0.1748 (Simulation time: 02 hr 33 min 42 sec)
Heartbeat CPU 3 instructions: 40000009 cycles: 102509709 heartbeat IPC: 0.1746 cumulative IPC: 0.1747 (Simulation time: 02 hr 33 min 48 sec)
Heartbeat CPU 5 instructions: 40000009 cycles: 102598628 heartbeat IPC: 0.1753 cumulative IPC: 0.1745 (Simulation time: 02 hr 33 min 54 sec)
Heartbeat CPU 0 instructions: 40000009 cycles: 102639297 heartbeat IPC: 0.1747 cumulative IPC: 0.1744 (Simulation time: 02 hr 33 min 57 sec)
Heartbeat CPU 4 instructions: 40000009 cycles: 102794066 heartbeat IPC: 0.1748 cumulative IPC: 0.1741 (Simulation time: 02 hr 34 min 09 sec)
Heartbeat CPU 2 instructions: 50000006 cycles: 159101918 heartbeat IPC: 0.1753 cumulative IPC: 0.1755 (Simulation time: 03 hr 42 min 11 sec)
Heartbeat CPU 3 instructions: 50000011 cycles: 159614158 heartbeat IPC: 0.1751 cumulative IPC: 0.1749 (Simulation time: 03 hr 42 min 47 sec)
Heartbeat CPU 7 instructions: 50000011 cycles: 159685110 heartbeat IPC: 0.1742 cumulative IPC: 0.1748 (Simulation time: 03 hr 42 min 52 sec)
Heartbeat CPU 6 instructions: 50000006 cycles: 159702053 heartbeat IPC: 0.1738 cumulative IPC: 0.1748 (Simulation time: 03 hr 42 min 53 sec)
Heartbeat CPU 5 instructions: 50000011 cycles: 159719291 heartbeat IPC: 0.1751 cumulative IPC: 0.1747 (Simulation time: 03 hr 42 min 54 sec)
Heartbeat CPU 0 instructions: 50000011 cycles: 159828962 heartbeat IPC: 0.1749 cumulative IPC: 0.1746 (Simulation time: 03 hr 43 min 02 sec)
Heartbeat CPU 1 instructions: 50000011 cycles: 159929873 heartbeat IPC: 0.1739 cumulative IPC: 0.1745 (Simulation time: 03 hr 43 min 09 sec)
Heartbeat CPU 4 instructions: 50000