[VMEM] WARNING: physical memory size is smaller than virtual memory size.

*** ChampSim Multicore Out-of-Order Simulator ***
Warmup Instructions: 25000000
Simulation Instructions: 100000000
Number of CPUs: 8
Page size: 2097152

CL :	 16.64 ns
CWL :	 15.808 ns
tRP :	 16.224 ns
tRCD :	 16.224 ns
tRAS :	 32.032000000000004 ns
tRTP :	 7.904 ns
tWR :	 30.368000000000002 ns

tCCD_S :	 3.3280000000000003 ns
tCCD_S_WR :	 3.3280000000000003 ns
tCCD_S_WTR :	 22.048000000000002 ns
tCCD_L :	 5.408 ns
tCCD_L_WR :	 20.384 ns
tCCD_L_WTR :	 29.536 ns
tRRD_S :	 3.3280000000000003 ns
tRRD_L :	 5.408 ns
tFAW :	 13.728 ns
Address mapping (perm = 1) 	ch co bg bg bg ba ba co co co co co co ro ro ro ro ro ro ro ro ro ro ro ro ro ro ro 
dram queue size: R = 64 W = 48 (low:high is 9:39)
Heartbeat CPU 1 instructions: 10000003 cycles: 5967100 heartbeat IPC: 1.676 cumulative IPC: 1.676 (Simulation time: 00 hr 19 min 00 sec)
Heartbeat CPU 2 instructions: 10000003 cycles: 5968532 heartbeat IPC: 1.675 cumulative IPC: 1.675 (Simulation time: 00 hr 19 min 00 sec)
Heartbeat CPU 3 instructions: 10000003 cycles: 5969038 heartbeat IPC: 1.675 cumulative IPC: 1.675 (Simulation time: 00 hr 19 min 00 sec)
Heartbeat CPU 4 instructions: 10000003 cycles: 5969119 heartbeat IPC: 1.675 cumulative IPC: 1.675 (Simulation time: 00 hr 19 min 00 sec)
Heartbeat CPU 5 instructions: 10000003 cycles: 5969368 heartbeat IPC: 1.675 cumulative IPC: 1.675 (Simulation time: 00 hr 19 min 01 sec)
Heartbeat CPU 6 instructions: 10000003 cycles: 5969600 heartbeat IPC: 1.675 cumulative IPC: 1.675 (Simulation time: 00 hr 19 min 01 sec)
Heartbeat CPU 7 instructions: 10000003 cycles: 5969864 heartbeat IPC: 1.675 cumulative IPC: 1.675 (Simulation time: 00 hr 19 min 01 sec)
Heartbeat CPU 0 instructions: 10000003 cycles: 5970042 heartbeat IPC: 1.675 cumulative IPC: 1.675 (Simulation time: 00 hr 19 min 01 sec)
Heartbeat CPU 1 instructions: 20000003 cycles: 11967244 heartbeat IPC: 1.667 cumulative IPC: 1.671 (Simulation time: 00 hr 37 min 56 sec)
Heartbeat CPU 2 instructions: 20000003 cycles: 11968557 heartbeat IPC: 1.667 cumulative IPC: 1.671 (Simulation time: 00 hr 37 min 56 sec)
Heartbeat CPU 3 instructions: 20000003 cycles: 11968966 heartbeat IPC: 1.667 cumulative IPC: 1.671 (Simulation time: 00 hr 37 min 56 sec)
Heartbeat CPU 4 instructions: 20000003 cycles: 11969326 heartbeat IPC: 1.667 cumulative IPC: 1.671 (Simulation time: 00 hr 37 min 56 sec)
Heartbeat CPU 5 instructions: 20000003 cycles: 11969535 heartbeat IPC: 1.667 cumulative IPC: 1.671 (Simulation time: 00 hr 37 min 57 sec)
Heartbeat CPU 6 instructions: 20000003 cycles: 11969727 heartbeat IPC: 1.667 cumulative IPC: 1.671 (Simulation time: 00 hr 37 min 57 sec)
Heartbeat CPU 7 instructions: 20000003 cycles: 11970017 heartbeat IPC: 1.667 cumulative IPC: 1.671 (Simulation time: 00 hr 37 min 57 sec)
Heartbeat CPU 0 instructions: 20000003 cycles: 11970202 heartbeat IPC: 1.667 cumulative IPC: 1.671 (Simulation time: 00 hr 37 min 57 sec)
Warmup finished CPU 1 instructions: 25000003 cycles: 14967396 cumulative IPC: 1.67 (Simulation time: 00 hr 47 min 07 sec)
Warmup finished CPU 2 instructions: 25000003 cycles: 14968597 cumulative IPC: 1.67 (Simulation time: 00 hr 47 min 07 sec)
Warmup finished CPU 3 instructions: 25000003 cycles: 14968950 cumulative IPC: 1.67 (Simulation time: 00 hr 47 min 07 sec)
Warmup finished CPU 4 instructions: 25000003 cycles: 14969374 cumulative IPC: 1.67 (Simulation time: 00 hr 47 min 08 sec)
Warmup finished CPU 5 instructions: 25000003 cycles: 14969528 cumulative IPC: 1.67 (Simulation time: 00 hr 47 min 08 sec)
Warmup finished CPU 6 instructions: 25000003 cycles: 14969791 cumulative IPC: 1.67 (Simulation time: 00 hr 47 min 08 sec)
Warmup finished CPU 7 instructions: 25000003 cycles: 14970104 cumulative IPC: 1.67 (Simulation time: 00 hr 47 min 08 sec)
Warmup finished CPU 0 instructions: 25000003 cycles: 14970283 cumulative IPC: 1.67 (Simulation time: 00 hr 47 min 08 sec)
Warmup complete CPU 7 instructions: 25000293 cycles: 14970283 cumulative IPC: 1.67 (Simulation time: 00 hr 47 min 08 sec)
Warmup complete CPU 6 instructions: 25000813 cycles: 14970283 cumulative IPC: 1.67 (Simulation time: 00 hr 47 min 08 sec)
Warmup complete CPU 5 instructions: 25001253 cycles: 14970283 cumulative IPC: 1.67 (Simulation time: 00 hr 47 min 08 sec)
Warmup complete CPU 4 instructions: 25001503 cycles: 14970283 cumulative IPC: 1.67 (Simulation time: 00 hr 47 min 08 sec)
Warmup complete CPU 3 instructions: 25002213 cycles: 14970283 cumulative IPC: 1.67 (Simulation time: 00 hr 47 min 08 sec)
Warmup complete CPU 2 instructions: 25002813 cycles: 14970283 cumulative IPC: 1.67 (Simulation time: 00 hr 47 min 08 sec)
Warmup complete CPU 1 instructions: 25004813 cycles: 14970283 cumulative IPC: 1.67 (Simulation time: 00 hr 47 min 08 sec)
Warmup complete CPU 0 instructions: 25000003 cycles: 14970283 cumulative IPC: 1.67 (Simulation time: 00 hr 47 min 08 sec)
Heartbeat CPU 7 instructions: 30000004 cycles: 38991198 heartbeat IPC: 0.3701 cumulative IPC: 0.2081 (Simulation time: 01 hr 16 min 37 sec)
Heartbeat CPU 5 instructions: 30000004 cycles: 39012505 heartbeat IPC: 0.3698 cumulative IPC: 0.2079 (Simulation time: 01 hr 16 min 38 sec)
Heartbeat CPU 4 instructions: 30000004 cycles: 39157227 heartbeat IPC: 0.3678 cumulative IPC: 0.2067 (Simulation time: 01 hr 16 min 48 sec)
Heartbeat CPU 2 instructions: 30000004 cycles: 39180236 heartbeat IPC: 0.3675 cumulative IPC: 0.2064 (Simulation time: 01 hr 16 min 50 sec)
Heartbeat CPU 0 instructions: 30000004 cycles: 39205260 heartbeat IPC: 0.3672 cumulative IPC: 0.2063 (Simulation time: 01 hr 16 min 52 sec)
Heartbeat CPU 3 instructions: 30000004 cycles: 39214948 heartbeat IPC: 0.367 cumulative IPC: 0.2061 (Simulation time: 01 hr 16 min 53 sec)
Heartbeat CPU 6 instructions: 30000004 cycles: 39230566 heartbeat IPC: 0.3668 cumulative IPC: 0.2061 (Simulation time: 01 hr 16 min 54 sec)
Heartbeat CPU 1 instructions: 30000004 cycles: 39258524 heartbeat IPC: 0.3664 cumulative IPC: 0.2057 (Simulation time: 01 hr 16 min 56 sec)
Heartbeat CPU 5 instructions: 40000004 cycles: 87328322 heartbeat IPC: 0.207 cumulative IPC: 0.2073 (Simulation time: 02 hr 15 min 45 sec)
Heartbeat CPU 2 instructions: 40000004 cycles: 87376896 heartbeat IPC: 0.2075 cumulative IPC: 0.2071 (Simulation time: 02 hr 15 min 48 sec)
Heartbeat CPU 7 instructions: 40000004 cycles: 87415312 heartbeat IPC: 0.2065 cumulative IPC: 0.207 (Simulation time: 02 hr 15 min 51 sec)
Heartbeat CPU 0 instructions: 40000004 cycles: 87468538 heartbeat IPC: 0.2072 cumulative IPC: 0.2069 (Simulation time: 02 hr 15 min 55 sec)
Heartbeat CPU 4 instructions: 40000004 cycles: 87548737 heartbeat IPC: 0.2066 cumulative IPC: 0.2067 (Simulation time: 02 hr 16 min 01 sec)
Heartbeat CPU 3 instructions: 40000004 cycles: 87587165 heartbeat IPC: 0.2067 cumulative IPC: 0.2065 (Simulation time: 02 hr 16 min 04 sec)
Heartbeat CPU 6 instructions: 40000004 cycles: 87679423 heartbeat IPC: 0.2064 cumulative IPC: 0.2063 (Simulation time: 02 hr 16 min 11 sec)
Heartbeat CPU 1 instructions: 40000004 cycles: 87738571 heartbeat IPC: 0.2063 cumulative IPC: 0.2061 (Simulation time: 02 hr 16 min 16 sec)
Heartbeat CPU 5 instructions: 50000004 cycles: 135754276 heartbeat IPC: 0.2065 cumulative IPC: 0.207 (Simulation time: 03 hr 15 min 47 sec)
Heartbeat CPU 7 instructions: 50000004 cycles: 135997143 heartbeat IPC: 0.2058 cumulative IPC: 0.2066 (Simulation time: 03 hr 16 min 05 sec)
Heartbeat CPU 2 instructions: 50000004 cycles: 136033489 heartbeat IPC: 0.2055 cumulative IPC: 0.2065 (Simulation time: 03 hr 16 min 07 sec)
Heartbeat CPU 0 instructions: 50000004 cycles: 136189882 heartbeat IPC: 0.2052 cumulative IPC: 0.2062 (Simulation time: 03 hr 16 min 19 sec)
Heartbeat CPU 4 instructions: 50000004 cycles: 136206324 heartbeat IPC: 0.2055 cumulative IPC: 0.2062 (Simulation time: 03 hr 16 min 20 sec)
Heartbeat CPU 6 instructions: 50000004 cycles: 136430959 heartbeat IPC: 0.2051 cumulative IPC: 0.2058 (Simulation time: 03 hr 16 min 37 sec)
Heartbeat CPU 3 instructions: 50000004 cycles: 136455584 heartbeat IPC: 0.2046 cumulative IPC: 0.2058 (Simulation time: 03 hr 16 min 38 sec)
Heartbeat CPU 1 instructions: 50000004 cycle