---------------------------------------
Begin Slurm Prolog: Apr-07-2025 19:22:51
Job ID:    3599700
User ID:   svittal8
Account:   gts-mqureshi4-rg
Job name:  wrap
Partition: cpu-small
QOS:       inferno
---------------------------------------
[VMEM] WARNING: physical memory size is smaller than virtual memory size.

*** ChampSim Multicore Out-of-Order Simulator ***
Warmup Instructions: 25000000
Simulation Instructions: 100000000
Number of CPUs: 8
Page size: 2097152

CL :	 16.64 ns
CWL :	 15.808 ns
tRP :	 16.224 ns
tRCD :	 16.224 ns
tRAS :	 32.032000000000004 ns
tRTP :	 7.904 ns
tWR :	 30.368000000000002 ns

tCCD_S :	 3.3280000000000003 ns
tCCD_S_WR :	 3.3280000000000003 ns
tCCD_S_WTR :	 22.048000000000002 ns
tCCD_L :	 5.408 ns
tCCD_L_WR :	 20.384 ns
tCCD_L_WTR :	 29.536 ns
tRRD_S :	 3.3280000000000003 ns
tRRD_L :	 5.408 ns
tFAW :	 13.728 ns
Address mapping (perm = 1) 	ch co bg bg bg ba ba co co co co co co ro ro ro ro ro ro ro ro ro ro ro ro ro ro ro 
dram queue size: R = 64 W = 48 (low:high is 9:39)
Heartbeat CPU 1 instructions: 10000003 cycles: 5967100 heartbeat IPC: 1.676 cumulative IPC: 1.676 (Simulation time: 00 hr 12 min 12 sec)
Heartbeat CPU 2 instructions: 10000003 cycles: 5968532 heartbeat IPC: 1.675 cumulative IPC: 1.675 (Simulation time: 00 hr 12 min 13 sec)
Heartbeat CPU 3 instructions: 10000003 cycles: 5969038 heartbeat IPC: 1.675 cumulative IPC: 1.675 (Simulation time: 00 hr 12 min 13 sec)
Heartbeat CPU 4 instructions: 10000003 cycles: 5969119 heartbeat IPC: 1.675 cumulative IPC: 1.675 (Simulation time: 00 hr 12 min 13 sec)
Heartbeat CPU 5 instructions: 10000003 cycles: 5969368 heartbeat IPC: 1.675 cumulative IPC: 1.675 (Simulation time: 00 hr 12 min 13 sec)
Heartbeat CPU 6 instructions: 10000003 cycles: 5969600 heartbeat IPC: 1.675 cumulative IPC: 1.675 (Simulation time: 00 hr 12 min 13 sec)
Heartbeat CPU 7 instructions: 10000003 cycles: 5969864 heartbeat IPC: 1.675 cumulative IPC: 1.675 (Simulation time: 00 hr 12 min 13 sec)
Heartbeat CPU 0 instructions: 10000003 cycles: 5970042 heartbeat IPC: 1.675 cumulative IPC: 1.675 (Simulation time: 00 hr 12 min 13 sec)
Heartbeat CPU 1 instructions: 20000003 cycles: 11967244 heartbeat IPC: 1.667 cumulative IPC: 1.671 (Simulation time: 00 hr 24 min 09 sec)
Heartbeat CPU 2 instructions: 20000003 cycles: 11968557 heartbeat IPC: 1.667 cumulative IPC: 1.671 (Simulation time: 00 hr 24 min 09 sec)
Heartbeat CPU 3 instructions: 20000003 cycles: 11968966 heartbeat IPC: 1.667 cumulative IPC: 1.671 (Simulation time: 00 hr 24 min 09 sec)
Heartbeat CPU 4 instructions: 20000003 cycles: 11969326 heartbeat IPC: 1.667 cumulative IPC: 1.671 (Simulation time: 00 hr 24 min 09 sec)
Heartbeat CPU 5 instructions: 20000003 cycles: 11969535 heartbeat IPC: 1.667 cumulative IPC: 1.671 (Simulation time: 00 hr 24 min 09 sec)
Heartbeat CPU 6 instructions: 20000003 cycles: 11969727 heartbeat IPC: 1.667 cumulative IPC: 1.671 (Simulation time: 00 hr 24 min 09 sec)
Heartbeat CPU 7 instructions: 20000003 cycles: 11970017 heartbeat IPC: 1.667 cumulative IPC: 1.671 (Simulation time: 00 hr 24 min 09 sec)
Heartbeat CPU 0 instructions: 20000003 cycles: 11970202 heartbeat IPC: 1.667 cumulative IPC: 1.671 (Simulation time: 00 hr 24 min 09 sec)
Warmup finished CPU 1 instructions: 25000003 cycles: 14967396 cumulative IPC: 1.67 (Simulation time: 00 hr 30 min 07 sec)
Warmup finished CPU 2 instructions: 25000003 cycles: 14968597 cumulative IPC: 1.67 (Simulation time: 00 hr 30 min 07 sec)
Warmup finished CPU 3 instructions: 25000003 cycles: 14968950 cumulative IPC: 1.67 (Simulation time: 00 hr 30 min 07 sec)
Warmup finished CPU 4 instructions: 25000003 cycles: 14969374 cumulative IPC: 1.67 (Simulation time: 00 hr 30 min 07 sec)
Warmup finished CPU 5 instructions: 25000003 cycles: 14969528 cumulative IPC: 1.67 (Simulation time: 00 hr 30 min 07 sec)
Warmup finished CPU 6 instructions: 25000003 cycles: 14969791 cumulative IPC: 1.67 (Simulation time: 00 hr 30 min 07 sec)
Warmup finished CPU 7 instructions: 25000003 cycles: 14970104 cumulative IPC: 1.67 (Simulation time: 00 hr 30 min 07 sec)
Warmup finished CPU 0 instructions: 25000003 cycles: 14970283 cumulative IPC: 1.67 (Simulation time: 00 hr 30 min 08 sec)
Warmup complete CPU 7 instructions: 25000293 cycles: 14970283 cumulative IPC: 1.67 (Simulation time: 00 hr 30 min 08 sec)
Warmup complete CPU 6 instructions: 25000813 cycles: 14970283 cumulative IPC: 1.67 (Simulation time: 00 hr 30 min 08 sec)
Warmup complete CPU 5 instructions: 25001253 cycles: 14970283 cumulative IPC: 1.67 (Simulation time: 00 hr 30 min 08 sec)
Warmup complete CPU 4 instructions: 25001503 cycles: 14970283 cumulative IPC: 1.67 (Simulation time: 00 hr 30 min 08 sec)
Warmup complete CPU 3 instructions: 25002213 cycles: 14970283 cumulative IPC: 1.67 (Simulation time: 00 hr 30 min 08 sec)
Warmup complete CPU 2 instructions: 25002813 cycles: 14970283 cumulative IPC: 1.67 (Simulation time: 00 hr 30 min 08 sec)
Warmup complete CPU 1 instructions: 25004813 cycles: 14970283 cumulative IPC: 1.67 (Simulation time: 00 hr 30 min 08 sec)
Warmup complete CPU 0 instructions: 25000003 cycles: 14970283 cumulative IPC: 1.67 (Simulation time: 00 hr 30 min 08 sec)
Heartbeat CPU 1 instructions: 30000004 cycles: 40784305 heartbeat IPC: 0.347 cumulative IPC: 0.1935 (Simulation time: 00 hr 56 min 19 sec)
Heartbeat CPU 5 instructions: 30000004 cycles: 40786345 heartbeat IPC: 0.347 cumulative IPC: 0.1936 (Simulation time: 00 hr 56 min 20 sec)
Heartbeat CPU 4 instructions: 30000004 cycles: 40829536 heartbeat IPC: 0.3465 cumulative IPC: 0.1933 (Simulation time: 00 hr 56 min 22 sec)
Heartbeat CPU 3 instructions: 30000004 cycles: 40858741 heartbeat IPC: 0.3461 cumulative IPC: 0.1931 (Simulation time: 00 hr 56 min 24 sec)
Heartbeat CPU 2 instructions: 30000004 cycles: 40880983 heartbeat IPC: 0.3459 cumulative IPC: 0.1929 (Simulation time: 00 hr 56 min 25 sec)
Heartbeat CPU 6 instructions: 30000004 cycles: 40952997 heartbeat IPC: 0.345 cumulative IPC: 0.1924 (Simulation time: 00 hr 56 min 30 sec)
Heartbeat CPU 7 instructions: 30000004 cycles: 40979861 heartbeat IPC: 0.3447 cumulative IPC: 0.1922 (Simulation time: 00 hr 56 min 31 sec)
Heartbeat CPU 0 instructions: 30000004 cycles: 41196184 heartbeat IPC: 0.3422 cumulative IPC: 0.1907 (Simulation time: 00 hr 56 min 45 sec)
Heartbeat CPU 3 instructions: 40000004 cycles: 92166444 heartbeat IPC: 0.1949 cumulative IPC: 0.1943 (Simulation time: 01 hr 48 min 44 sec)
Heartbeat CPU 1 instructions: 40000004 cycles: 92189370 heartbeat IPC: 0.1945 cumulative IPC: 0.1942 (Simulation time: 01 hr 48 min 45 sec)
Heartbeat CPU 2 instructions: 40000004 cycles: 92222847 heartbeat IPC: 0.1948 cumulative IPC: 0.1941 (Simulation time: 01 hr 48 min 47 sec)
Heartbeat CPU 5 instructions: 40000004 cycles: 92281552 heartbeat IPC: 0.1942 cumulative IPC: 0.194 (Simulation time: 01 hr 48 min 51 sec)
Heartbeat CPU 6 instructions: 40000004 cycles: 92392272 heartbeat IPC: 0.1944 cumulative IPC: 0.1937 (Simulation time: 01 hr 48 min 58 sec)
Heartbeat CPU 7 instructions: 40000004 cycles: 92450219 heartbeat IPC: 0.1943 cumulative IPC: 0.1936 (Simulation time: 01 hr 49 min 01 sec)
Heartbeat CPU 4 instructions: 40000004 cycles: 92472992 heartbeat IPC: 0.1936 cumulative IPC: 0.1935 (Simulation time: 01 hr 49 min 03 sec)
Heartbeat CPU 0 instructions: 40000004 cycles: 92689980 heartbeat IPC: 0.1942 cumulative IPC: 0.193 (Simulation time: 01 hr 49 min 16 sec)
Heartbeat CPU 1 instructions: 50000004 cycles: 143836725 heartbeat IPC: 0.1936 cumulative IPC: 0.194 (Simulation time: 02 hr 41 min 31 sec)
Heartbeat CPU 3 instructions: 50000004 cycles: 143883136 heartbeat IPC: 0.1934 cumulative IPC: 0.1939 (Simulation time: 02 hr 41 min 34 sec)
Heartbeat CPU 2 instructions: 50000004 cycles: 143919574 heartbeat IPC: 0.1934 cumulative IPC: 0.1939 (Simulation time: 02 hr 41 min 36 sec)
Heartbeat CPU 5 instructions: 50000004 cycles: 144081648 heartbeat IPC: 0.193 cumulative IPC: 0.1936 (Simulation time: 02 hr 41 min 46 sec)
Heartbeat CPU 6 instructions: 50000004 cycles: 144183043 heartbeat IPC: 0.1931 cumulative IPC: 0.1935 (Simulation time: 02 hr 41 min 52 sec)
Heartbeat CPU 4 instructions: 50000004 cycles: 144383782 heartbeat IPC: 0.1926 cumulative IPC: 0.1932 (Simulation time: 02 hr 42 min 04 sec)
Heartbeat CPU 7 instructions: 50000004 cycles: 144476384 heartbeat IPC: 0.1922 cumulative IPC: 0.193 (Simulation time: 02 hr 42 min 10 sec)
Heartbeat CPU 0 instructions: 50000004 cycles: 1slurmstepd: error: *** JOB 3599700 ON atl1-1-02-015-14-1 CANCELLED AT 2025-04-07T23:59:07 ***
---------------------------------------
Begin Slurm Epilog: Apr-07-2025 23:59:08
Job ID:        3599700
User ID:       svittal8
Account:       gts-mqureshi4-rg
Job name:      wrap
Resources:     cpu=1,mem=4G,node=1
Rsrc Used:     cput=04:36:17,vmem=0,walltime=04:36:17,mem=176568K,energy_used=0
Partition:     cpu-small
QOS:           inferno
Nodes:         atl1-1-02-015-14-1
---------------------------------------
