---------------------------------------
Begin Slurm Prolog: Apr-07-2025 19:22:51
Job ID:    3599698
User ID:   svittal8
Account:   gts-mqureshi4-rg
Job name:  wrap
Partition: cpu-small
QOS:       inferno
---------------------------------------
[VMEM] WARNING: physical memory size is smaller than virtual memory size.

*** ChampSim Multicore Out-of-Order Simulator ***
Warmup Instructions: 25000000
Simulation Instructions: 100000000
Number of CPUs: 8
Page size: 2097152

CL :	 16.64 ns
CWL :	 15.808 ns
tRP :	 16.224 ns
tRCD :	 16.224 ns
tRAS :	 32.032000000000004 ns
tRTP :	 7.904 ns
tWR :	 30.368000000000002 ns

tCCD_S :	 3.3280000000000003 ns
tCCD_S_WR :	 3.3280000000000003 ns
tCCD_S_WTR :	 22.048000000000002 ns
tCCD_L :	 5.408 ns
tCCD_L_WR :	 20.384 ns
tCCD_L_WTR :	 29.536 ns
tRRD_S :	 3.3280000000000003 ns
tRRD_L :	 5.408 ns
tFAW :	 13.728 ns
Address mapping (perm = 1) 	ch co bg bg bg ba ba co co co co co co ro ro ro ro ro ro ro ro ro ro ro ro ro ro ro 
dram queue size: R = 64 W = 48 (low:high is 9:39)
Heartbeat CPU 0 instructions: 10000002 cycles: 5695215 heartbeat IPC: 1.756 cumulative IPC: 1.756 (Simulation time: 00 hr 12 min 32 sec)
Heartbeat CPU 1 instructions: 10000002 cycles: 5697025 heartbeat IPC: 1.755 cumulative IPC: 1.755 (Simulation time: 00 hr 12 min 32 sec)
Heartbeat CPU 2 instructions: 10000002 cycles: 5697402 heartbeat IPC: 1.755 cumulative IPC: 1.755 (Simulation time: 00 hr 12 min 32 sec)
Heartbeat CPU 3 instructions: 10000002 cycles: 5697603 heartbeat IPC: 1.755 cumulative IPC: 1.755 (Simulation time: 00 hr 12 min 33 sec)
Heartbeat CPU 4 instructions: 10000002 cycles: 5697820 heartbeat IPC: 1.755 cumulative IPC: 1.755 (Simulation time: 00 hr 12 min 33 sec)
Heartbeat CPU 5 instructions: 10000002 cycles: 5698116 heartbeat IPC: 1.755 cumulative IPC: 1.755 (Simulation time: 00 hr 12 min 33 sec)
Heartbeat CPU 6 instructions: 10000002 cycles: 5698317 heartbeat IPC: 1.755 cumulative IPC: 1.755 (Simulation time: 00 hr 12 min 33 sec)
Heartbeat CPU 7 instructions: 10000002 cycles: 5698510 heartbeat IPC: 1.755 cumulative IPC: 1.755 (Simulation time: 00 hr 12 min 33 sec)
Heartbeat CPU 0 instructions: 20000003 cycles: 11409580 heartbeat IPC: 1.75 cumulative IPC: 1.753 (Simulation time: 00 hr 24 min 45 sec)
Heartbeat CPU 1 instructions: 20000003 cycles: 11411414 heartbeat IPC: 1.75 cumulative IPC: 1.753 (Simulation time: 00 hr 24 min 46 sec)
Heartbeat CPU 2 instructions: 20000003 cycles: 11411935 heartbeat IPC: 1.75 cumulative IPC: 1.753 (Simulation time: 00 hr 24 min 46 sec)
Heartbeat CPU 3 instructions: 20000003 cycles: 11412111 heartbeat IPC: 1.75 cumulative IPC: 1.753 (Simulation time: 00 hr 24 min 46 sec)
Heartbeat CPU 4 instructions: 20000003 cycles: 11412298 heartbeat IPC: 1.75 cumulative IPC: 1.752 (Simulation time: 00 hr 24 min 46 sec)
Heartbeat CPU 5 instructions: 20000003 cycles: 11412474 heartbeat IPC: 1.75 cumulative IPC: 1.752 (Simulation time: 00 hr 24 min 46 sec)
Heartbeat CPU 6 instructions: 20000003 cycles: 11412625 heartbeat IPC: 1.75 cumulative IPC: 1.752 (Simulation time: 00 hr 24 min 46 sec)
Heartbeat CPU 7 instructions: 20000003 cycles: 11412899 heartbeat IPC: 1.75 cumulative IPC: 1.752 (Simulation time: 00 hr 24 min 46 sec)
Warmup finished CPU 0 instructions: 25000004 cycles: 14266552 cumulative IPC: 1.752 (Simulation time: 00 hr 30 min 52 sec)
Warmup finished CPU 1 instructions: 25000004 cycles: 14268666 cumulative IPC: 1.752 (Simulation time: 00 hr 30 min 52 sec)
Warmup finished CPU 2 instructions: 25000004 cycles: 14269171 cumulative IPC: 1.752 (Simulation time: 00 hr 30 min 52 sec)
Warmup finished CPU 3 instructions: 25000004 cycles: 14269349 cumulative IPC: 1.752 (Simulation time: 00 hr 30 min 52 sec)
Warmup finished CPU 4 instructions: 25000004 cycles: 14269533 cumulative IPC: 1.752 (Simulation time: 00 hr 30 min 52 sec)
Warmup finished CPU 5 instructions: 25000004 cycles: 14269767 cumulative IPC: 1.752 (Simulation time: 00 hr 30 min 52 sec)
Warmup finished CPU 6 instructions: 25000004 cycles: 14269943 cumulative IPC: 1.752 (Simulation time: 00 hr 30 min 52 sec)
Warmup finished CPU 7 instructions: 25000004 cycles: 14270111 cumulative IPC: 1.752 (Simulation time: 00 hr 30 min 52 sec)
Warmup complete CPU 7 instructions: 25000004 cycles: 14270111 cumulative IPC: 1.752 (Simulation time: 00 hr 30 min 52 sec)
Warmup complete CPU 6 instructions: 25000314 cycles: 14270111 cumulative IPC: 1.752 (Simulation time: 00 hr 30 min 52 sec)
Warmup complete CPU 5 instructions: 25000595 cycles: 14270111 cumulative IPC: 1.752 (Simulation time: 00 hr 30 min 52 sec)
Warmup complete CPU 4 instructions: 25001022 cycles: 14270111 cumulative IPC: 1.752 (Simulation time: 00 hr 30 min 52 sec)
Warmup complete CPU 3 instructions: 25001323 cycles: 14270111 cumulative IPC: 1.752 (Simulation time: 00 hr 30 min 52 sec)
Warmup complete CPU 2 instructions: 25001658 cycles: 14270111 cumulative IPC: 1.752 (Simulation time: 00 hr 30 min 52 sec)
Warmup complete CPU 1 instructions: 25002544 cycles: 14270111 cumulative IPC: 1.752 (Simulation time: 00 hr 30 min 52 sec)
Warmup complete CPU 0 instructions: 25006250 cycles: 14270111 cumulative IPC: 1.752 (Simulation time: 00 hr 30 min 52 sec)
Heartbeat CPU 7 instructions: 30000006 cycles: 39698374 heartbeat IPC: 0.3535 cumulative IPC: 0.1966 (Simulation time: 00 hr 56 min 13 sec)
Heartbeat CPU 1 instructions: 30000006 cycles: 39876263 heartbeat IPC: 0.3513 cumulative IPC: 0.1952 (Simulation time: 00 hr 56 min 24 sec)
Heartbeat CPU 4 instructions: 30000006 cycles: 39925808 heartbeat IPC: 0.3507 cumulative IPC: 0.1948 (Simulation time: 00 hr 56 min 27 sec)
Heartbeat CPU 6 instructions: 30000006 cycles: 40004959 heartbeat IPC: 0.3497 cumulative IPC: 0.1943 (Simulation time: 00 hr 56 min 31 sec)
Heartbeat CPU 0 instructions: 30000006 cycles: 40004972 heartbeat IPC: 0.3497 cumulative IPC: 0.194 (Simulation time: 00 hr 56 min 31 sec)
Heartbeat CPU 2 instructions: 30000006 cycles: 40007642 heartbeat IPC: 0.3497 cumulative IPC: 0.1942 (Simulation time: 00 hr 56 min 31 sec)
Heartbeat CPU 5 instructions: 30000006 cycles: 40207823 heartbeat IPC: 0.3473 cumulative IPC: 0.1927 (Simulation time: 00 hr 56 min 43 sec)
Heartbeat CPU 3 instructions: 30000005 cycles: 40221611 heartbeat IPC: 0.3471 cumulative IPC: 0.1926 (Simulation time: 00 hr 56 min 44 sec)
Heartbeat CPU 7 instructions: 40000007 cycles: 91207346 heartbeat IPC: 0.1941 cumulative IPC: 0.195 (Simulation time: 01 hr 47 min 44 sec)
Heartbeat CPU 1 instructions: 40000007 cycles: 91387426 heartbeat IPC: 0.1941 cumulative IPC: 0.1945 (Simulation time: 01 hr 47 min 55 sec)
Heartbeat CPU 6 instructions: 40000007 cycles: 91401609 heartbeat IPC: 0.1946 cumulative IPC: 0.1945 (Simulation time: 01 hr 47 min 56 sec)
Heartbeat CPU 4 instructions: 40000006 cycles: 91425389 heartbeat IPC: 0.1942 cumulative IPC: 0.1944 (Simulation time: 01 hr 47 min 57 sec)
Heartbeat CPU 0 instructions: 40000006 cycles: 91592385 heartbeat IPC: 0.1938 cumulative IPC: 0.1939 (Simulation time: 01 hr 48 min 07 sec)
Heartbeat CPU 3 instructions: 40000007 cycles: 91653971 heartbeat IPC: 0.1944 cumulative IPC: 0.1938 (Simulation time: 01 hr 48 min 11 sec)
Heartbeat CPU 5 instructions: 40000007 cycles: 91799188 heartbeat IPC: 0.1938 cumulative IPC: 0.1935 (Simulation time: 01 hr 48 min 20 sec)
Heartbeat CPU 2 instructions: 40000007 cycles: 91823689 heartbeat IPC: 0.193 cumulative IPC: 0.1934 (Simulation time: 01 hr 48 min 21 sec)
Heartbeat CPU 1 instructions: 50000009 cycles: 142654091 heartbeat IPC: 0.1951 cumulative IPC: 0.1947 (Simulation time: 02 hr 39 min 12 sec)
Heartbeat CPU 0 instructions: 50000009 cycles: 143077744 heartbeat IPC: 0.1942 cumulative IPC: 0.194 (Simulation time: 02 hr 39 min 37 sec)
Heartbeat CPU 5 instructions: 50000009 cycles: 143098705 heartbeat IPC: 0.1949 cumulative IPC: 0.1941 (Simulation time: 02 hr 39 min 38 sec)
Heartbeat CPU 4 instructions: 50000009 cycles: 143140787 heartbeat IPC: 0.1934 cumulative IPC: 0.194 (Simulation time: 02 hr 39 min 41 sec)
Heartbeat CPU 6 instructions: 50000009 cycles: 143163119 heartbeat IPC: 0.1932 cumulative IPC: 0.194 (Simulation time: 02 hr 39 min 42 sec)
Heartbeat CPU 2 instructions: 50000008 cycles: 143275404 heartbeat IPC: 0.1944 cumulative IPC: 0.1938 (Simulation time: 02 hr 39 min 49 sec)
Heartbeat CPU 7 instructions: 50000008 cycles: 143388425 heartbeat IPC: 0.1916 cumulative IPC: 0.1936 (Simulation time: 02 hr 39 min 56 sec)
Heartbeat CPU 3 instructions: 50000009slurmstepd: error: *** JOB 3599698 ON atl1-1-02-015-3-2 CANCELLED AT 2025-04-07T23:59:07 ***
---------------------------------------
Begin Slurm Epilog: Apr-07-2025 23:59:08
Job ID:        3599698
User ID:       svittal8
Account:       gts-mqureshi4-rg
Job name:      wrap
Resources:     cpu=1,mem=4G,node=1
Rsrc Used:     cput=04:36:17,vmem=0,walltime=04:36:17,mem=176596K,energy_used=0
Partition:     cpu-small
QOS:           inferno
Nodes:         atl1-1-02-015-3-2
---------------------------------------
