[VMEM] WARNING: physical memory size is smaller than virtual memory size.

*** ChampSim Multicore Out-of-Order Simulator ***
Warmup Instructions: 25000000
Simulation Instructions: 25000000
Number of CPUs: 8
Page size: 2097152

initializing BARD -- num sampled sets: 64, modulus = 256
CL :	 16.64 ns
CWL :	 15.808 ns
tRP :	 16.224 ns
tRCD :	 16.224 ns
tRAS :	 32.032000000000004 ns
tRTP :	 7.904 ns
tWR :	 30.368000000000002 ns

tCCD_S :	 3.3280000000000003 ns
tCCD_S_WR :	 3.3280000000000003 ns
tCCD_S_WTR :	 22.048000000000002 ns
tCCD_L :	 5.408 ns
tCCD_L_WR :	 20.384 ns
tCCD_L_WTR :	 29.536 ns
tRRD_S :	 3.3280000000000003 ns
tRRD_L :	 5.408 ns
tFAW :	 13.728 ns
Address mapping (perm = 1) 	ch co bg bg bg ba ba co co co co co co ro ro ro ro ro ro ro ro ro ro ro ro ro ro ro 
dram queue size: R = 64 W = 48 (low:high is 9:39)
num evicts: 0, p: 0, s: 0 	 max proactive lookup: 15, max shadow lookup: 16
current cycle = 11761, last update cycle = 0, delta = 11761
	load umon |	misses = 44, hits= 1 0 0 0 0 0 0 0 0 0 0 0 0 0 0 5
	write umon |	misses = 0, hits= 0 0 0 0 0 0 0 0 0 0 0 0 0 0 0 0
num evicts: 100000, p: 3420, s: 14984 	 max proactive lookup: 0, max shadow lookup: 7
current cycle = 1375008, last update cycle = 0, delta = 1375008
	load umon |	misses = 1241, hits= 245 1 2 4 3 1 7 5 194 2 0 0 0 0 0 5
	write umon |	misses = 216, hits= 0 0 0 0 0 0 2 14 8 8 8 8 8 8 8 8
num evicts: 200000, p: 3420, s: 30235 	 max proactive lookup: 0, max shadow lookup: 3
current cycle = 2630795, last update cycle = 0, delta = 2630795
	load umon |	misses = 1665, hits= 681 52 62 11 8 6 10 7 382 26 16 0 0 0 7 5
	write umon |	misses = 389, hits= 5 10 7 5 4 3 4 19 51 46 44 37 36 32 33 31
num evicts: 300000, p: 3420, s: 38537 	 max proactive lookup: 0, max shadow lookup: 6
current cycle = 2901607, last update cycle = 0, delta = 2901607
	load umon |	misses = 2065, hits= 762 76 62 11 8 7 10 37 484 31 16 0 0 0 7 5
	write umon |	misses = 711, hits= 5 10 8 6 6 7 8 26 54 51 51 41 41 40 40 36
Heartbeat CPU 0 instructions: 10000003 cycles: 2926920 heartbeat IPC: 3.417 cumulative IPC: 3.417 (Simulation time: 00 hr 13 min 36 sec)
Heartbeat CPU 1 instructions: 10000002 cycles: 2964013 heartbeat IPC: 3.374 cumulative IPC: 3.374 (Simulation time: 00 hr 13 min 47 sec)
Heartbeat CPU 2 instructions: 10000003 cycles: 2983168 heartbeat IPC: 3.352 cumulative IPC: 3.352 (Simulation time: 00 hr 13 min 53 sec)
Heartbeat CPU 3 instructions: 10000002 cycles: 2988153 heartbeat IPC: 3.347 cumulative IPC: 3.347 (Simulation time: 00 hr 13 min 54 sec)
Heartbeat CPU 6 instructions: 10000000 cycles: 2997499 heartbeat IPC: 3.336 cumulative IPC: 3.336 (Simulation time: 00 hr 13 min 57 sec)
Heartbeat CPU 4 instructions: 10000002 cycles: 2999098 heartbeat IPC: 3.334 cumulative IPC: 3.334 (Simulation time: 00 hr 13 min 57 sec)
Heartbeat CPU 5 instructions: 10000003 cycles: 3004176 heartbeat IPC: 3.329 cumulative IPC: 3.329 (Simulation time: 00 hr 13 min 58 sec)
Heartbeat CPU 7 instructions: 10000001 cycles: 3008826 heartbeat IPC: 3.324 cumulative IPC: 3.324 (Simulation time: 00 hr 13 min 59 sec)
num evicts: 400000, p: 3420, s: 51204 	 max proactive lookup: 0, max shadow lookup: 6
current cycle = 3973960, last update cycle = 0, delta = 3973960
	load umon |	misses = 2426, hits= 999 99 84 20 14 10 16 54 748 62 20 0 1 0 7 6
	write umon |	misses = 998, hits= 7 12 9 6 7 9 15 29 95 83 78 75 72 66 66 60
num evicts: 500000, p: 3420, s: 61277 	 max proactive lookup: 0, max shadow lookup: 5
current cycle = 4537851, last update cycle = 0, delta = 4537851
	load umon |	misses = 2788, hits= 1083 136 103 32 26 17 29 81 861 87 20 2 2 1 15 8
	write umon |	misses = 1208, hits= 13 19 16 11 12 10 17 34 148 105 101 91 86 77 74 69
num evicts: 600000, p: 3420, s: 78701 	 max proactive lookup: 0, max shadow lookup: 6
current cycle = 5161106, last update cycle = 5000000, delta = 161106
	load umon |	misses = 1668, hits= 587 84 65 29 26 20 49 56 471 43 15 12 1 8 13 5
	write umon |	misses = 757, hits= 8 10 8 6 8 7 11 21 81 66 64 54 53 50 52 44
Heartbeat CPU 0 instructions: 20000005 cycles: 5527835 heartbeat IPC: 3.845 cumulative IPC: 3.618 (Simulation time: 00 hr 25 min 54 sec)
Heartbeat CPU 1 instructions: 20000004 cycles: 5629546 heartbeat IPC: 3.752 cumulative IPC: 3.553 (Simulation time: 00 hr 26 min 22 sec)
num evicts: 700000, p: 3420, s: 97536 	 max proactive lookup: 0, max shadow lookup: 5
current cycle = 5671278, last update cycle = 5000000, delta = 671278
	load umon |	misses = 2025, hits= 651 113 81 56 44 33 61 67 552 53 26 12 4 9 14 6
	write umon |	misses = 1064, hits= 11 14 12 11 10 11 17 25 96 80 82 69 64 60 63 52
Heartbeat CPU 2 instructions: 20000007 cycles: 5681769 heartbeat IPC: 3.706 cumulative IPC: 3.52 (Simulation time: 00 hr 26 min 36 sec)
Heartbeat CPU 3 instructions: 20000005 cycles: 5694268 heartbeat IPC: 3.695 cumulative IPC: 3.512 (Simulation time: 00 hr 26 min 40 sec)
Heartbeat CPU 4 instructions: 20000005 cycles: 5732230 heartbeat IPC: 3.659 cumulative IPC: 3.489 (Simulation time: 00 hr 26 min 51 sec)
Heartbeat CPU 5 instructions: 20000004 cycles: 5758426 heartbeat IPC: 3.631 cumulative IPC: 3.473 (Simulation time: 00 hr 26 min 58 sec)
Heartbeat CPU 6 instructions: 20000002 cycles: 5773077 heartbeat IPC: 3.603 cumulative IPC: 3.464 (Simulation time: 00 hr 27 min 03 sec)
Heartbeat CPU 7 instructions: 20000001 cycles: 5785312 heartbeat IPC: 3.602 cumulative IPC: 3.457 (Simulation time: 00 hr 27 min 06 sec)
num evicts: 800000, p: 3420, s: 114400 	 max proactive lookup: 0, max shadow lookup: 6
current cycle = 6341219, last update cycle = 5000000, delta = 1341219
	load umon |	misses = 2422, hits= 735 148 94 63 54 37 77 87 610 67 47 16 8 12 14 6
	write umon |	misses = 1316, hits= 11 20 13 11 10 14 17 27 117 103 101 82 72 67 70 61
num evicts: 900000, p: 3420, s: 131040 	 max proactive lookup: 0, max shadow lookup: 6
current cycle = 6565167, last update cycle = 5000000, delta = 1565167
	load umon |	misses = 2819, hits= 771 165 97 81 80 46 96 99 651 69 47 20 10 14 15 8
	write umon |	misses = 1620, hits= 11 20 15 13 15 17 18 29 119 110 110 90 78 72 72 62
Warmup finished CPU 0 instructions: 25000003 cycles: 6822840 cumulative IPC: 3.664 (Simulation time: 00 hr 32 min 09 sec)
Warmup finished CPU 1 instructions: 25000004 cycles: 6936992 cumulative IPC: 3.604 (Simulation time: 00 hr 32 min 38 sec)
Warmup finished CPU 2 instructions: 25000004 cycles: 7003351 cumulative IPC: 3.57 (Simulation time: 00 hr 32 min 55 sec)
Warmup finished CPU 3 instructions: 25000001 cycles: 7032721 cumulative IPC: 3.555 (Simulation time: 00 hr 33 min 03 sec)
Warmup finished CPU 4 instructions: 25000004 cycles: 7086808 cumulative IPC: 3.528 (Simulation time: 00 hr 33 min 18 sec)
Warmup finished CPU 5 instructions: 25000001 cycles: 7116355 cumulative IPC: 3.513 (Simulation time: 00 hr 33 min 27 sec)
Warmup finished CPU 6 instructions: 25000003 cycles: 7139285 cumulative IPC: 3.502 (Simulation time: 00 hr 33 min 33 sec)
Warmup finished CPU 7 instructions: 25000004 cycles: 7165385 cumulative IPC: 3.489 (Simulation time: 00 hr 33 min 41 sec)
Warmup complete CPU 7 instructions: 25000004 cycles: 7165385 cumulative IPC: 3.489 (Simulation time: 00 hr 33 min 41 sec)
Warmup complete CPU 6 instructions: 25104403 cycles: 7165385 cumulative IPC: 3.504 (Simulation time: 00 hr 33 min 41 sec)
Warmup complete CPU 5 instructions: 25196121 cycles: 7165385 cumulative IPC: 3.516 (Simulation time: 00 hr 33 min 41 sec)
Warmup complete CPU 4 instructions: 25314326 cycles: 7165385 cumulative IPC: 3.533 (Simulation time: 00 hr 33 min 41 sec)
Warmup complete CPU 3 instructions: 25530657 cycles: 7165385 cumulative IPC: 3.563 (Simulation time: 00 hr 33 min 41 sec)
Warmup complete CPU 2 instructions: 25648128 cycles: 7165385 cumulative IPC: 3.579 (Simulation time: 00 hr 33 min 41 sec)
Warmup complete CPU 1 instructions: 25906716 cycles: 7165385 cumulative IPC: 3.616 (Simulation time: 00 hr 33 min 41 sec)
Warmup complete CPU 0 instructions: 26348631 cycles: 7165385 cumulative IPC: 3.677 (Simulation time: 00 hr 33 min 41 sec)
num evicts: 1000000, p: 3420, s: 151967 	 max proactive lookup: 0, max shadow lookup: 6
current cycle = 7569934, last update cycle = 5000000, delta = 2569934
	load umon |	misses = 3203, hits= 928 206 127 100 100 61 107 118 761 102 70 29 20 21 18 8
	write umon |	misses = 1841, hits= 11 20 17 14 19 24 22 31 137 140 144 116 103 95 94 77
num evicts: 1100000, p: 3420, s: 170088 	 max proactive lookup: 0, max shadow lookup: 6
current cycle = 9528415, last update cycle = 5000000, delta = 4528415
	load umon |	misses = 3558, hits= 967 225 147 113 114 74 119 130 832 122 87 29 20 21 18 8
	write umon |	misses = 2100, hits= 11 22 17 16 21 25 28 44 146 148 156 130 117 109 103 84
num evicts: 1200000, p: 3420, s: 192254 	 max proactive lookup: 0, max shadow lookup: 7
current cycle = 11630929, last update cycle = 10000039, delta = 1630890
	load umon |	misses = 2133, hits= 522 131 83 59 68 40 66 71 522 73 68 17 15 18 9 4
	write umon |	misses = 1321, hits= 6 11 12 9 10 12 16 22 77 84 92 76 66 62 55 43
Heartbeat CPU 0 instructions: 30000007 cycles: 11832170 heartbeat IPC: 1.586 cumulative IPC: 0.7824 (Simulation time: 00 hr 44 min 11 sec)
Heartbeat CPU 1 instructions: 30000007 cycles: 11870701 heartbeat IPC: 1.602 cumulative IPC: 0.8699 (Simulation time: 00 hr 44 min 16 sec)
Heartbeat CPU 2 instructions: 30000007 cycles: 12131585 heartbeat IPC: 1.55 cumulative IPC: 0.8763 (Simulation time: 00 hr 44 min 48 sec)
Heartbeat CPU 4 instructions: 30000007 cycles: 12271571 heartbeat IPC: 1.529 cumulative IPC: 0.9176 (Simulation time: 00 hr 45 min 04 sec)
Heartbeat CPU 3 instructions: 30000007 cycles: 12311382 heartbeat IPC: 1.511 cumulative IPC: 0.8685 (Simulation time: 00 hr 45 min 08 sec)
Heartbeat CPU 6 instructions: 30000002 cycles: 12393532 heartbeat IPC: 1.51 cumulative IPC: 0.9364 (Simulation time: 00 hr 45 min 17 sec)
Heartbeat CPU 7 instructions: 30000002 cycles: 12404278 heartbeat IPC: 1.511 cumulative IPC: 0.9544 (Simulation time: 00 hr 45 min 18 sec)
Heartbeat CPU 5 instructions: 30000007 cycles: 12462317 heartbeat IPC: 1.492 cumulative IPC: 0.9069 (Simulation time: 00 hr 45 min 25 sec)
num evicts: 1300000, p: 3420, s: 211854 	 max proactive lookup: 0, max shadow lookup: 6
current cycle = 14459085, last update cycle = 10000039, delta = 4459046
	load umon |	misses = 2481, hits= 648 161 108 74 95 64 74 82 638 87 82 26 23 27 9 5
	write umon |	misses = 1566, hits= 8 14 20 16 15 22 25 26 98 104 112 95 86 80 74 64
num evicts: 1400000, p: 3420, s: 227837 	 max proactive lookup: 0, max shadow lookup: 6
current cycle = 16112182, last update cycle = 15000040, delta = 1112142
	load umon |	misses = 1483, hits= 344 87 58 41 52 42 42 49 445 85 62 35 13 26 4 6
	write umon |	misses = 900, hits= 4 7 10 9 9 13 12 14 64 71 76 63 55 50 41 36
num evicts: 1500000, p: 3420, s: 242080 	 max proactive lookup: 0, max shadow lookup: 6
current cycle = 18172142, last update cycle = 15000040, delta = 3172102
	load umon |	misses = 1865, hits= 453 96 71 58 62 65 54 78 565 98 91 97 18 46 31 12
	write umon |	misses = 1154, hits= 7 9 12 12 11 19 18 19 82 87 112 89 84 86 66 55
num evicts: 1600000, p: 3420, s: 253199 	 max proactive lookup: 0, max shadow lookup: 6
current cycle = 20585835, last update cycle = 20000050, delta = 585785
	load umon |	misses = 1155, hits= 285 70 40 38 37 44 27 40 330 67 47 54 11 26 15 6
	write umon |	misses = 759, hits= 4 6 7 8 8 11 13 12 49 55 70 59 57 56 45 38
Heartbeat CPU 4 instructions: 40000010 cycles: 20798568 heartbeat IPC: 1.173 cumulative IPC: 1.077 (Simulation time: 01 hr 05 min 16 sec)
Heartbeat CPU 0 instructions: 40000010 cycles: 20863970 heartbeat IPC: 1.107 cumulative IPC: 0.9966 (Simulation time: 01 hr 05 min 27 sec)
Heartbeat CPU 1 instructions: 40000010 cycles: 20945487 heartbeat IPC: 1.102 cumulative IPC: 1.023 (Simulation time: 01 hr 05 min 43 sec)
Heartbeat CPU 2 instructions: 40000010 cycles: 21198651 heartbeat IPC: 1.103 cumulative IPC: 1.023 (Simulation time: 01 hr 06 min 31 sec)
Heartbeat CPU 6 instructions: 40000005 cycles: 21282876 heartbeat IPC: 1.125 cumulative IPC: 1.055 (Simulation time: 01 hr 06 min 45 sec)
Heartbeat CPU 7 instructions: 40000005 cycles: 21335582 heartbeat IPC: 1.12 cumulative IPC: 1.059 (Simulation time: 01 hr 06 min 53 sec)
Heartbeat CPU 3 instructions: 40000010 cycles: 21338480 heartbeat IPC: 1.108 cumulative IPC: 1.021 (Simulation time: 01 hr 06 min 54 sec)
Heartbeat CPU 5 instructions: 40000010 cycles: 21367312 heartbeat IPC: 1.123 cumulative IPC: 1.042 (Simulation time: 01 hr 06 min 58 sec)
num evicts: 1700000, p: 3420, s: 267013 	 max proactive lookup: 0, max shadow lookup: 4
current cycle = 22911123, last update cycle = 20000050, delta = 2911073
	load umon |	misses = 1557, hits= 403 91 56 66 45 69 28 42 418 70 47 54 11 26 15 6
	write umon |	misses = 1003, hits= 6 9 23 14 13 14 15 19 59 65 83 74 68 63 50 43
num evicts: 1800000, p: 3420, s: 279473 	 max proactive lookup: 0, max shadow lookup: 5
current cycle = 24823737, last update cycle = 20000050, delta = 4823687
	load umon |	misses = 1946, hits= 495 143 64 73 49 74 34 43 466 91 50 61 12 32 18 6
	write umon |	misses = 1245, hits= 6 9 23 17 16 16 16 19 60 74 91 88 82 80 62 53
num evicts: 1900000, p: 3420, s: 293972 	 max proactive lookup: 0, max shadow lookup: 5
current cycle = 27225897, last update cycle = 25000117, delta = 2225780
	load umon |	misses = 1309, hits= 440 125 54 65 47 54 31 31 358 79 33 61 9 19 9 3
	write umon |	misses = 831, hits= 3 9 12 10 13 12 10 13 41 54 74 96 75 79 60 40
num evicts: 2000000, p: 3420, s: 311471 	 max proactive lookup: 0, max shadow lookup: 6
current cycle = 29326356, last update cycle = 25000117, delta = 4326239
	load umon |	misses = 1689, hits= 550 153 69 72 47 69 36 33 425 95 34 71 9 25 9 3
	write umon |	misses = 1083, hits= 3 9 12 12 15 13 11 16 44 59 85 113 92 84 66 45
Heartbeat CPU 4 instructions: 50000011 cycles: 31135231 heartbeat IPC: 0.9674 cumulative IPC: 1.03 (Simulation time: 01 hr 28 min 55 sec)
Heartbeat CPU 0 instructions: 50000011 cycles: 31161203 heartbeat IPC: 0.9711 cumulative IPC: 0.9856 (Simulation time: 01 hr 28 min 59 sec)
Simulation finished CPU 4 instructions: 25000002 cycles: 24153855 cumulative IPC: 1.035 (Simulation time: 01 hr 29 min 25 sec)
Heartbeat CPU 1 instructions: 50000011 cycles: 31344345 heartbeat IPC: 0.9616 cumulative IPC: 0.9965 (Simulation time: 01 hr 29 min 29 sec)
Heartbeat CPU 6 instructions: 50000006 cycles: 31494423 heartbeat IPC: 0.9793 cumulative IPC: 1.023 (Simulation time: 01 hr 29 min 52 sec)
Heartbeat CPU 2 instructions: 50000011 cycles: 31511067 heartbeat IPC: 0.9697 cumulative IPC: 1 (Simulation time: 01 hr 29 min 54 sec)
Simulation finished CPU 6 instructions: 25000001 cycles: 24401443 cumulative IPC: 1.025 (Simulation time: 01 hr 30 min 03 sec)
Heartbeat CPU 3 instructions: 50000011 cycles: 31616826 heartbeat IPC: 0.9729 cumulative IPC: 1.001 (Simulation time: 01 hr 30 min 10 sec)
Heartbeat CPU 7 instructions: 50000006 cycles: 31693537 heartbeat IPC: 0.9654 cumulative IPC: 1.019 (Simulation time: 01 hr 30 min 21 sec)
Simulation finished CPU 7 instructions: 25000002 cycles: 24528152 cumulative IPC: 1.019 (Simulation time: 01 hr 30 min 21 sec)
Heartbeat CPU 5 instructions: 50000011 cycles: 31818692 heartbeat IPC: 0.9568 cumulative IPC: 1.006 (Simulation time: 01 hr 30 min 38 sec)
num evicts: 2100000, p: 3420, s: 330201 	 max proactive lookup: 0, max shadow lookup: 6
current cycle = 31935257, last update cycle = 30000148, delta = 1935109
	load umon |	misses = 1157, hits= 418 134 47 66 29 48 22 22 315 79 22 43 8 20 6 2
	write umon |	misses = 709, hits= 1 5 10 9 8 10 6 10 53 51 58 80 74 74 62 43
Simulation finished CPU 5 instructions: 25000002 cycles: 24782514 cumulative IPC: 1.009 (Simulation time: 01 hr 30 min 54 sec)
Simulation finished CPU 0 instructions: 25000000 cycles: 25337487 cumulative IPC: 0.9867 (Simulation time: 01 hr 32 min 02 sec)
Simulation finished CPU 1 instructions: 25000002 cycles: 25411409 cumulative IPC: 0.9838 (Simulation time: 01 hr 32 min 11 sec)
Simulation finished CPU 3 instructions: 25000003 cycles: 25421261 cumulative IPC: 0.9834 (Simulation time: 01 hr 32 min 12 sec)
Simulation finished CPU 2 instructions: 25000002 cycles: 25516933 cumulative IPC: 0.9797 (Simulation time: 01 hr 32 min 27 sec)
Simulation complete CPU 7 instructions: 25563459 cycles: 25516933 cumulative IPC: 1.002 (Simulation time: 01 hr 32 min 27 sec)
Simulation complete CPU 6 instructions: 25719645 cycles: 25516933 cumulative IPC: 1.008 (Simulation time: 01 hr 32 min 27 sec)
Simulation complete CPU 5 instructions: 25329413 cycles: 25516933 cumulative IPC: 0.9927 (Simulation time: 01 hr 32 min 27 sec)
Simulation complete CPU 4 instructions: 26473784 cycles: 25516933 cumulative IPC: 1.037 (Simulation time: 01 hr 32 min 27 sec)
Simulation complete CPU 3 instructions: 25023284 cycles: 25516933 cumulative IPC: 0.9807 (Simulation time: 01 hr 32 min 27 sec)
Simulation complete CPU 2 instructions: 25000002 cycles: 25516933 cumulative IPC: 0.9797 (Simulation time: 01 hr 32 min 27 sec)
Simulation complete CPU 1 instructions: 25378382 cycles: 25516933 cumulative IPC: 0.9946 (Simulation time: 01 hr 32 min 27 sec)
Simulation complete CPU 0 instructions: 25282089 cycles: 25516933 cumulative IPC: 0.9908 (Simulation time: 01 hr 32 min 27 sec)

ChampSim completed all CPUs

=== Simulation ===
CPU 0 runs TRACES/ctf/spec2017/627.cam4_s-490B.champsimtrace.xz
CPU 1 runs TRACES/ctf/spec2017/627.cam4_s-490B.champsimtrace.xz
CPU 2 runs TRACES/ctf/spec2017/627.cam4_s-490B.champsimtrace.xz
CPU 3 runs TRACES/ctf/spec2017/627.cam4_s-490B.champsimtrace.xz
CPU 4 runs TRACES/ctf/spec2017/627.cam4_s-490B.champsimtrace.xz
CPU 5 runs TRACES/ctf/spec2017/627.cam4_s-490B.champsimtrace.xz
CPU 6 runs TRACES/ctf/spec2017/627.cam4_s-490B.champsimtrace.xz
CPU 7 runs TRACES/ctf/spec2017/627.cam4_s-490B.champsimtrace.xz

Total Simulation Statistics (not including warmup)

CPU 7 cumulative IPC: 1.002 instructions: 25563459 cycles: 25516933
CPU 7 Branch Prediction Accuracy: 100% MPKI: 0 Average ROB Occupancy at Mispredict: -
Branch type MPKI
BRANCH_DIRECT_JUMP: 0
BRANCH_INDIRECT: 0
BRANCH_CONDITIONAL: 0
BRANCH_DIRECT_CALL: 0
BRANCH_INDIRECT_CALL: 0
BRANCH_RETURN: 0


CPU 6 cumulative IPC: 1.008 instructions: 25719645 cycles: 25516933
CPU 6 Branch Prediction Accuracy: 100% MPKI: 0 Average ROB Occupancy at Mispredict: -
Branch type MPKI
BRANCH_DIRECT_JUMP: 0
BRANCH_INDIRECT: 0
BRANCH_CONDITIONAL: 0
BRANCH_DIRECT_CALL: 0
BRANCH_INDIRECT_CALL: 0
BRANCH_RETURN: 0


CPU 5 cumulative IPC: 0.9927 instructions: 25329413 cycles: 25516933
CPU 5 Branch Prediction Accuracy: 100% MPKI: 0 Average ROB Occupancy at Mispredict: -
Branch type MPKI
BRANCH_DIRECT_JUMP: 0
BRANCH_INDIRECT: 0
BRANCH_CONDITIONAL: 0
BRANCH_DIRECT_CALL: 0
BRANCH_INDIRECT_CALL: 0
BRANCH_RETURN: 0


CPU 4 cumulative IPC: 1.037 instructions: 26473784 cycles: 25516933
CPU 4 Branch Prediction Accuracy: 100% MPKI: 0 Average ROB Occupancy at Mispredict: -
Branch type MPKI
BRANCH_DIRECT_JUMP: 0
BRANCH_INDIRECT: 0
BRANCH_CONDITIONAL: 0
BRANCH_DIRECT_CALL: 0
BRANCH_INDIRECT_CALL: 0
BRANCH_RETURN: 0


CPU 3 cumulative IPC: 0.9807 instructions: 25023284 cycles: 25516933
CPU 3 Branch Prediction Accuracy: 100% MPKI: 0 Average ROB Occupancy at Mispredict: -
Branch type MPKI
BRANCH_DIRECT_JUMP: 0
BRANCH_INDIRECT: 0
BRANCH_CONDITIONAL: 0
BRANCH_DIRECT_CALL: 0
BRANCH_INDIRECT_CALL: 0
BRANCH_RETURN: 0


CPU 2 cumulative IPC: 0.9797 instructions: 25000002 cycles: 25516933
CPU 2 Branch Prediction Accuracy: 100% MPKI: 0 Average ROB Occupancy at Mispredict: -
Branch type MPKI
BRANCH_DIRECT_JUMP: 0
BRANCH_INDIRECT: 0
BRANCH_CONDITIONAL: 0
BRANCH_DIRECT_CALL: 0
BRANCH_INDIRECT_CALL: 0
BRANCH_RETURN: 0


CPU 1 cumulative IPC: 0.9946 instructions: 25378382 cycles: 25516933
CPU 1 Branch Prediction Accuracy: 100% MPKI: 0 Average ROB Occupancy at Mispredict: -
Branch type MPKI
BRANCH_DIRECT_JUMP: 0
BRANCH_INDIRECT: 0
BRANCH_CONDITIONAL: 0
BRANCH_DIRECT_CALL: 0
BRANCH_INDIRECT_CALL: 0
BRANCH_RETURN: 0


CPU 0 cumulative IPC: 0.9908 instructions: 25282089 cycles: 25516933
CPU 0 Branch Prediction Accuracy: 100% MPKI: 0 Average ROB Occupancy at Mispredict: -
Branch type MPKI
BRANCH_DIRECT_JUMP: 0
BRANCH_INDIRECT: 0
BRANCH_CONDITIONAL: 0
BRANCH_DIRECT_CALL: 0
BRANCH_INDIRECT_CALL: 0
BRANCH_RETURN: 0

cpu7->cpu7_L2C TOTAL        ACCESS:     660840 HIT:     370874 MISS:     289966 MSHR_MERGE:          0
cpu7->cpu7_L2C LOAD         ACCESS:     328550 HIT:     167512 MISS:     161038 MSHR_MERGE:          0
cpu7->cpu7_L2C RFO          ACCESS:     135896 HIT:       7015 MISS:     128881 MSHR_MERGE:          0
cpu7->cpu7_L2C PREFETCH     ACCESS:          0 HIT:          0 MISS:          0 MSHR_MERGE:          0
cpu7->cpu7_L2C WRITE        ACCESS:     196394 HIT:     196347 MISS:         47 MSHR_MERGE:          0
cpu7->cpu7_L2C TRANSLATION  ACCESS:          0 HIT:          0 MISS:          0 MSHR_MERGE:          0
cpu7->cpu7_L2C PREFETCH REQUESTED:          0 ISSUED:          0 USEFUL:          0 USELESS:          0
cpu7->cpu7_L2C AVERAGE MISS LATENCY: 195.4 cycles
cpu7->cpu7_L1I TOTAL        ACCESS:    4868008 HIT:    4866458 MISS:       1550 MSHR_MERGE:       1049
cpu7->cpu7_L1I LOAD         ACCESS:    4868008 HIT:    4866458 MISS:       1550 MSHR_MERGE:       1049
cpu7->cpu7_L1I RFO          ACCESS:          0 HIT:          0 MISS:          0 MSHR_MERGE:          0
cpu7->cpu7_L1I PREFETCH     ACCESS:          0 HIT:          0 MISS:          0 MSHR_MERGE:          0
cpu7->cpu7_L1I WRITE        ACCESS:          0 HIT:          0 MISS:          0 MSHR_MERGE:          0
cpu7->cpu7_L1I TRANSLATION  ACCESS:          0 HIT:          0 MISS:          0 MSHR_MERGE:          0
cpu7->cpu7_L1I PREFETCH REQUESTED:          0 ISSUED:          0 USEFUL:          0 USELESS:          0
cpu7->cpu7_L1I AVERAGE MISS LATENCY: 440.2 cycles
cpu7->cpu7_L1D TOTAL        ACCESS:    5158136 HIT:    3764471 MISS:    1393665 MSHR_MERGE:     929720
cpu7->cpu7_L1D LOAD         ACCESS:    3458695 HIT:    2700067 MISS:     758628 MSHR_MERGE:     430579
cpu7->cpu7_L1D RFO          ACCESS:          0 HIT:          0 MISS:          0 MSHR_MERGE:          0
cpu7->cpu7_L1D PREFETCH     ACCESS:          0 HIT:          0 MISS:          0 MSHR_MERGE:          0
cpu7->cpu7_L1D WRITE        ACCESS:    1699441 HIT:    1064404 MISS:     635037 MSHR_MERGE:     499141
cpu7->cpu7_L1D TRANSLATION  ACCESS:          0 HIT:          0 MISS:          0 MSHR_MERGE:          0
cpu7->cpu7_L1D PREFETCH REQUESTED:          0 ISSUED:          0 USEFUL:          0 USELESS:          0
cpu7->cpu7_L1D AVERAGE MISS LATENCY: 130.4 cycles
cpu7->cpu7_ITLB TOTAL        ACCESS:    4280482 HIT:    4280482 MISS:          0 MSHR_MERGE:          0
cpu7->cpu7_ITLB LOAD         ACCESS:    4280482 HIT:    4280482 MISS:          0 MSHR_MERGE:          0
cpu7->cpu7_ITLB RFO          ACCESS:          0 HIT:          0 MISS:          0 MSHR_MERGE:          0
cpu7->cpu7_ITLB PREFETCH     ACCESS:          0 HIT:          0 MISS:          0 MSHR_MERGE:          0
cpu7->cpu7_ITLB WRITE        ACCESS:          0 HIT:          0 MISS:          0 MSHR_MERGE:          0
cpu7->cpu7_ITLB TRANSLATION  ACCESS:          0 HIT:          0 MISS:          0 MSHR_MERGE:          0
cpu7->cpu7_ITLB PREFETCH REQUESTED:          0 ISSUED:          0 USEFUL:          0 USELESS:          0
cpu7->cpu7_ITLB AVERAGE MISS LATENCY: - cycles
cpu7->cpu7_DTLB TOTAL        ACCESS:    4584341 HIT:    4584341 MISS:          0 MSHR_MERGE:          0
cpu7->cpu7_DTLB LOAD         ACCESS:    4584341 HIT:    4584341 MISS:          0 MSHR_MERGE:          0
cpu7->cpu7_DTLB RFO          ACCESS:          0 HIT:          0 MISS:          0 MSHR_MERGE:          0
cpu7->cpu7_DTLB PREFETCH     ACCESS:          0 HIT:          0 MISS:          0 MSHR_MERGE:          0
cpu7->cpu7_DTLB WRITE        ACCESS:          0 HIT:          0 MISS:          0 MSHR_MERGE:          0
cpu7->cpu7_DTLB TRANSLATION  ACCESS:          0 HIT:          0 MISS:          0 MSHR_MERGE:          0
cpu7->cpu7_DTLB PREFETCH REQUESTED:          0 ISSUED:          0 USEFUL:          0 USELESS:          0
cpu7->cpu7_DTLB AVERAGE MISS LATENCY: - cycles
cpu6->cpu6_L2C TOTAL        ACCESS:     659692 HIT:     370762 MISS:     288930 MSHR_MERGE:          0
cpu6->cpu6_L2C LOAD         ACCESS:     327907 HIT:     167659 MISS:     160248 MSHR_MERGE:          0
cpu6->cpu6_L2C RFO          ACCESS:     135652 HIT:       7017 MISS:     128635 MSHR_MERGE:          0
cpu6->cpu6_L2C PREFETCH     ACCESS:          0 HIT:          0 MISS:          0 MSHR_MERGE:          0
cpu6->cpu6_L2C WRITE        ACCESS:     196133 HIT:     196086 MISS:         47 MSHR_MERGE:          0
cpu6->cpu6_L2C TRANSLATION  ACCESS:          0 HIT:          0 MISS:          0 MSHR_MERGE:          0
cpu6->cpu6_L2C PREFETCH REQUESTED:          0 ISSUED:          0 USEFUL:          0 USELESS:          0
cpu6->cpu6_L2C AVERAGE MISS LATENCY: 192.2 cycles
cpu6->cpu6_L1I TOTAL        ACCESS:    4886685 HIT:    4885082 MISS:       1603 MSHR_MERGE:       1089
cpu6->cpu6_L1I LOAD         ACCESS:    4886685 HIT:    4885082 MISS:       1603 MSHR_MERGE:       1089
cpu6->cpu6_L1I RFO          ACCESS:          0 HIT:          0 MISS:          0 MSHR_MERGE:          0
cpu6->cpu6_L1I PREFETCH     ACCESS:          0 HIT:          0 MISS:          0 MSHR_MERGE:          0
cpu6->cpu6_L1I WRITE        ACCESS:          0 HIT:          0 MISS:          0 MSHR_MERGE:          0
cpu6->cpu6_L1I TRANSLATION  ACCESS:          0 HIT:          0 MISS:          0 MSHR_MERGE:          0
cpu6->cpu6_L1I PREFETCH REQUESTED:          0 ISSUED:          0 USEFUL:          0 USELESS:          0
cpu6->cpu6_L1I AVERAGE MISS LATENCY: 416.1 cycles
cpu6->cpu6_L1D TOTAL        ACCESS:    5162633 HIT:    3778059 MISS:    1384574 MSHR_MERGE:     921530
cpu6->cpu6_L1D LOAD         ACCESS:    3464651 HIT:    2711469 MISS:     753182 MSHR_MERGE:     425790
cpu6->cpu6_L1D RFO          ACCESS:          0 HIT:          0 MISS:          0 MSHR_MERGE:          0
cpu6->cpu6_L1D PREFETCH     ACCESS:          0 HIT:          0 MISS:          0 MSHR_MERGE:          0
cpu6->cpu6_L1D WRITE        ACCESS:    1697982 HIT:    1066590 MISS:     631392 MSHR_MERGE:     495740
cpu6->cpu6_L1D TRANSLATION  ACCESS:          0 HIT:          0 MISS:          0 MSHR_MERGE:          0
cpu6->cpu6_L1D PREFETCH REQUESTED:          0 ISSUED:          0 USEFUL:          0 USELESS:          0
cpu6->cpu6_L1D AVERAGE MISS LATENCY: 128.1 cycles
cpu6->cpu6_ITLB TOTAL        ACCESS:    4298309 HIT:    4298309 MISS:          0 MSHR_MERGE:          0
cpu6->cpu6_ITLB LOAD         ACCESS:    4298309 HIT:    4298309 MISS:          0 MSHR_MERGE:          0
cpu6->cpu6_ITLB RFO          ACCESS:          0 HIT:          0 MISS:          0 MSHR_MERGE:          0
cpu6->cpu6_ITLB PREFETCH     ACCESS:          0 HIT:          0 MISS:          0 MSHR_MERGE:          0
cpu6->cpu6_ITLB WRITE        ACCESS:          0 HIT:          0 MISS:          0 MSHR_MERGE:          0
cpu6->cpu6_ITLB TRANSLATION  ACCESS:          0 HIT:          0 MISS:          0 MSHR_MERGE:          0
cpu6->cpu6_ITLB PREFETCH REQUESTED:          0 ISSUED:          0 USEFUL:          0 USELESS:          0
cpu6->cpu6_ITLB AVERAGE MISS LATENCY: - cycles
cpu6->cpu6_DTLB TOTAL        ACCESS:    4587212 HIT:    4587212 MISS:          0 MSHR_MERGE:          0
cpu6->cpu6_DTLB LOAD         ACCESS:    4587212 HIT:    4587212 MISS:          0 MSHR_MERGE:          0
cpu6->cpu6_DTLB RFO          ACCESS:          0 HIT:          0 MISS:          0 MSHR_MERGE:          0
cpu6->cpu6_DTLB PREFETCH     ACCESS:          0 HIT:          0 MISS:          0 MSHR_MERGE:          0
cpu6->cpu6_DTLB WRITE        ACCESS:          0 HIT:          0 MISS:          0 MSHR_MERGE:          0
cpu6->cpu6_DTLB TRANSLATION  ACCESS:          0 HIT:          0 MISS:          0 MSHR_MERGE:          0
cpu6->cpu6_DTLB PREFETCH REQUESTED:          0 ISSUED:          0 USEFUL:          0 USELESS:          0
cpu6->cpu6_DTLB AVERAGE MISS LATENCY: - cycles
cpu5->cpu5_L2C TOTAL        ACCESS:     650123 HIT:     365802 MISS:     284321 MSHR_MERGE:          0
cpu5->cpu5_L2C LOAD         ACCESS:     323067 HIT:     165401 MISS:     157666 MSHR_MERGE:          0
cpu5->cpu5_L2C RFO          ACCESS:     133624 HIT:       7015 MISS:     126609 MSHR_MERGE:          0
cpu5->cpu5_L2C PREFETCH     ACCESS:          0 HIT:          0 MISS:          0 MSHR_MERGE:          0
cpu5->cpu5_L2C WRITE        ACCESS:     193432 HIT:     193386 MISS:         46 MSHR_MERGE:          0
cpu5->cpu5_L2C TRANSLATION  ACCESS:          0 HIT:          0 MISS:          0 MSHR_MERGE:          0
cpu5->cpu5_L2C PREFETCH REQUESTED:          0 ISSUED:          0 USEFUL:          0 USELESS:          0
cpu5->cpu5_L2C AVERAGE MISS LATENCY: 196.7 cycles
cpu5->cpu5_L1I TOTAL        ACCESS:    4821970 HIT:    4820422 MISS:       1548 MSHR_MERGE:       1047
cpu5->cpu5_L1I LOAD         ACCESS:    4821970 HIT:    4820422 MISS:       1548 MSHR_MERGE:       1047
cpu5->cpu5_L1I RFO          ACCESS:          0 HIT:          0 MISS:          0 MSHR_MERGE:          0
cpu5->cpu5_L1I PREFETCH     ACCESS:          0 HIT:          0 MISS:          0 MSHR_MERGE:          0
cpu5->cpu5_L1I WRITE        ACCESS:          0 HIT:          0 MISS:          0 MSHR_MERGE:          0
cpu5->cpu5_L1I TRANSLATION  ACCESS:          0 HIT:          0 MISS:          0 MSHR_MERGE:          0
cpu5->cpu5_L1I PREFETCH REQUESTED:          0 ISSUED:          0 USEFUL:          0 USELESS:          0
cpu5->cpu5_L1I AVERAGE MISS LATENCY: 410.7 cycles
cpu5->cpu5_L1D TOTAL        ACCESS:    5103941 HIT:    3729612 MISS:    1374329 MSHR_MERGE:     918139
cpu5->cpu5_L1D LOAD         ACCESS:    3420504 HIT:    2675764 MISS:     744740 MSHR_MERGE:     422174
cpu5->cpu5_L1D RFO          ACCESS:          0 HIT:          0 MISS:          0 MSHR_MERGE:          0
cpu5->cpu5_L1D PREFETCH     ACCESS:          0 HIT:          0 MISS:          0 MSHR_MERGE:          0
cpu5->cpu5_L1D WRITE        ACCESS:    1683437 HIT:    1053848 MISS:     629589 MSHR_MERGE:     495965
cpu5->cpu5_L1D TRANSLATION  ACCESS:          0 HIT:          0 MISS:          0 MSHR_MERGE:          0
cpu5->cpu5_L1D PREFETCH REQUESTED:          0 ISSUED:          0 USEFUL:          0 USELESS:          0
cpu5->cpu5_L1D AVERAGE MISS LATENCY: 130.8 cycles
cpu5->cpu5_ITLB TOTAL        ACCESS:    4242388 HIT:    4242388 MISS:          0 MSHR_MERGE:          0
cpu5->cpu5_ITLB LOAD         ACCESS:    4242388 HIT:    4242388 MISS:          0 MSHR_MERGE:          0
cpu5->cpu5_ITLB RFO          ACCESS:          0 HIT:          0 MISS:          0 MSHR_MERGE:          0
cpu5->cpu5_ITLB PREFETCH     ACCESS:          0 HIT:          0 MISS:          0 MSHR_MERGE:          0
cpu5->cpu5_ITLB WRITE        ACCESS:          0 HIT:          0 MISS:          0 MSHR_MERGE:          0
cpu5->cpu5_ITLB TRANSLATION  ACCESS:          0 HIT:          0 MISS:          0 MSHR_MERGE:          0
cpu5->cpu5_ITLB PREFETCH REQUESTED:          0 ISSUED:          0 USEFUL:          0 USELESS:          0
cpu5->cpu5_ITLB AVERAGE MISS LATENCY: - cycles
cpu5->cpu5_DTLB TOTAL        ACCESS:    4531083 HIT:    4531083 MISS:          0 MSHR_MERGE:          0
cpu5->cpu5_DTLB LOAD         ACCESS:    4531083 HIT:    4531083 MISS:          0 MSHR_MERGE:          0
cpu5->cpu5_DTLB RFO          ACCESS:          0 HIT:          0 MISS:          0 MSHR_MERGE:          0
cpu5->cpu5_DTLB PREFETCH     ACCESS:          0 HIT:          0 MISS:          0 MSHR_MERGE:          0
cpu5->cpu5_DTLB WRITE        ACCESS:          0 HIT:          0 MISS:          0 MSHR_MERGE:          0
cpu5->cpu5_DTLB TRANSLATION  ACCESS:          0 HIT:          0 MISS:          0 MSHR_MERGE:          0
cpu5->cpu5_DTLB PREFETCH REQUESTED:          0 ISSUED:          0 USEFUL:          0 USELESS:          0
cpu5->cpu5_DTLB AVERAGE MISS LATENCY: - cycles
cpu4->cpu4_L2C TOTAL        ACCESS:     674039 HIT:     384791 MISS:     289248 MSHR_MERGE:          0
cpu4->cpu4_L2C LOAD         ACCESS:     333632 HIT:     176077 MISS:     157555 MSHR_MERGE:          0
cpu4->cpu4_L2C RFO          ACCESS:     138667 HIT:       7022 MISS:     131645 MSHR_MERGE:          0
cpu4->cpu4_L2C PREFETCH     ACCESS:          0 HIT:          0 MISS:          0 MSHR_MERGE:          0
cpu4->cpu4_L2C WRITE        ACCESS:     201740 HIT:     201692 MISS:         48 MSHR_MERGE:          0
cpu4->cpu4_L2C TRANSLATION  ACCESS:          0 HIT:          0 MISS:          0 MSHR_MERGE:          0
cpu4->cpu4_L2C PREFETCH REQUESTED:          0 ISSUED:          0 USEFUL:          0 USELESS:          0
cpu4->cpu4_L2C AVERAGE MISS LATENCY: 182.3 cycles
cpu4->cpu4_L1I TOTAL        ACCESS:    5025057 HIT:    5023344 MISS:       1713 MSHR_MERGE:       1195
cpu4->cpu4_L1I LOAD         ACCESS:    5025057 HIT:    5023344 MISS:       1713 MSHR_MERGE:       1195
cpu4->cpu4_L1I RFO          ACCESS:          0 HIT:          0 MISS:          0 MSHR_MERGE:          0
cpu4->cpu4_L1I PREFETCH     ACCESS:          0 HIT:          0 MISS:          0 MSHR_MERGE:          0
cpu4->cpu4_L1I WRITE        ACCESS:          0 HIT:          0 MISS:          0 MSHR_MERGE:          0
cpu4->cpu4_L1I TRANSLATION  ACCESS:          0 HIT:          0 MISS:          0 MSHR_MERGE:          0
cpu4->cpu4_L1I PREFETCH REQUESTED:          0 ISSUED:          0 USEFUL:          0 USELESS:          0
cpu4->cpu4_L1I AVERAGE MISS LATENCY: 377.1 cycles
cpu4->cpu4_L1D TOTAL        ACCESS:    5263395 HIT:    3851090 MISS:    1412305 MSHR_MERGE:     940524
cpu4->cpu4_L1D LOAD         ACCESS:    3524096 HIT:    2767503 MISS:     756593 MSHR_MERGE:     423479
cpu4->cpu4_L1D RFO          ACCESS:          0 HIT:          0 MISS:          0 MSHR_MERGE:          0
cpu4->cpu4_L1D PREFETCH     ACCESS:          0 HIT:          0 MISS:          0 MSHR_MERGE:          0
cpu4->cpu4_L1D WRITE        ACCESS:    1739299 HIT:    1083587 MISS:     655712 MSHR_MERGE:     517045
cpu4->cpu4_L1D TRANSLATION  ACCESS:          0 HIT:          0 MISS:          0 MSHR_MERGE:          0
cpu4->cpu4_L1D PREFETCH REQUESTED:          0 ISSUED:          0 USEFUL:          0 USELESS:          0
cpu4->cpu4_L1D AVERAGE MISS LATENCY: 120 cycles
cpu4->cpu4_ITLB TOTAL        ACCESS:    4412646 HIT:    4412646 MISS:          0 MSHR_MERGE:          0
cpu4->cpu4_ITLB LOAD         ACCESS:    4412646 HIT:    4412646 MISS:          0 MSHR_MERGE:          0
cpu4->cpu4_ITLB RFO          ACCESS:          0 HIT:          0 MISS:          0 MSHR_MERGE:          0
cpu4->cpu4_ITLB PREFETCH     ACCESS:          0 HIT:          0 MISS:          0 MSHR_MERGE:          0
cpu4->cpu4_ITLB WRITE        ACCESS:          0 HIT:          0 MISS:          0 MSHR_MERGE:          0
cpu4->cpu4_ITLB TRANSLATION  ACCESS:          0 HIT:          0 MISS:          0 MSHR_MERGE:          0
cpu4->cpu4_ITLB PREFETCH REQUESTED:          0 ISSUED:          0 USEFUL:          0 USELESS:          0
cpu4->cpu4_ITLB AVERAGE MISS LATENCY: - cycles
cpu4->cpu4_DTLB TOTAL        ACCESS:    4664282 HIT:    4664282 MISS:          0 MSHR_MERGE:          0
cpu4->cpu4_DTLB LOAD         ACCESS:    4664282 HIT:    4664282 MISS:          0 MSHR_MERGE:          0
cpu4->cpu4_DTLB RFO          ACCESS:          0 HIT:          0 MISS:          0 MSHR_MERGE:          0
cpu4->cpu4_DTLB PREFETCH     ACCESS:          0 HIT:          0 MISS:          0 MSHR_MERGE:          0
cpu4->cpu4_DTLB WRITE        ACCESS:          0 HIT:          0 MISS:          0 MSHR_MERGE:          0
cpu4->cpu4_DTLB TRANSLATION  ACCESS:          0 HIT:          0 MISS:          0 MSHR_MERGE:          0
cpu4->cpu4_DTLB PREFETCH REQUESTED:          0 ISSUED:          0 USEFUL:          0 USELESS:          0
cpu4->cpu4_DTLB AVERAGE MISS LATENCY: - cycles
cpu3->cpu3_L2C TOTAL        ACCESS:     639690 HIT:     360105 MISS:     279585 MSHR_MERGE:          0
cpu3->cpu3_L2C LOAD         ACCESS:     315631 HIT:     161977 MISS:     153654 MSHR_MERGE:          0
cpu3->cpu3_L2C RFO          ACCESS:     132896 HIT:       7012 MISS:     125884 MSHR_MERGE:          0
cpu3->cpu3_L2C PREFETCH     ACCESS:          0 HIT:          0 MISS:          0 MSHR_MERGE:          0
cpu3->cpu3_L2C WRITE        ACCESS:     191163 HIT:     191116 MISS:         47 MSHR_MERGE:          0
cpu3->cpu3_L2C TRANSLATION  ACCESS:          0 HIT:          0 MISS:          0 MSHR_MERGE:          0
cpu3->cpu3_L2C PREFETCH REQUESTED:          0 ISSUED:          0 USEFUL:          0 USELESS:          0
cpu3->cpu3_L2C AVERAGE MISS LATENCY: 200.3 cycles
cpu3->cpu3_L1I TOTAL        ACCESS:    4766618 HIT:    4765059 MISS:       1559 MSHR_MERGE:       1061
cpu3->cpu3_L1I LOAD         ACCESS:    4766618 HIT:    4765059 MISS:       1559 MSHR_MERGE:       1061
cpu3->cpu3_L1I RFO          ACCESS:          0 HIT:          0 MISS:          0 MSHR_MERGE:          0
cpu3->cpu3_L1I PREFETCH     ACCESS:          0 HIT:          0 MISS:          0 MSHR_MERGE:          0
cpu3->cpu3_L1I WRITE        ACCESS:          0 HIT:          0 MISS:          0 MSHR_MERGE:          0
cpu3->cpu3_L1I TRANSLATION  ACCESS:          0 HIT:          0 MISS:          0 MSHR_MERGE:          0
cpu3->cpu3_L1I PREFETCH REQUESTED:          0 ISSUED:          0 USEFUL:          0 USELESS:          0
cpu3->cpu3_L1I AVERAGE MISS LATENCY: 408.6 cycles
cpu3->cpu3_L1D TOTAL        ACCESS:    5029233 HIT:    3681568 MISS:    1347665 MSHR_MERGE:     899636
cpu3->cpu3_L1D LOAD         ACCESS:    3362107 HIT:    2636820 MISS:     725287 MSHR_MERGE:     410154
cpu3->cpu3_L1D RFO          ACCESS:          0 HIT:          0 MISS:          0 MSHR_MERGE:          0
cpu3->cpu3_L1D PREFETCH     ACCESS:          0 HIT:          0 MISS:          0 MSHR_MERGE:          0
cpu3->cpu3_L1D WRITE        ACCESS:    1667126 HIT:    1044748 MISS:     622378 MSHR_MERGE:     489482
cpu3->cpu3_L1D TRANSLATION  ACCESS:          0 HIT:          0 MISS:          0 MSHR_MERGE:          0
cpu3->cpu3_L1D PREFETCH REQUESTED:          0 ISSUED:          0 USEFUL:          0 USELESS:          0
cpu3->cpu3_L1D AVERAGE MISS LATENCY: 133.2 cycles
cpu3->cpu3_ITLB TOTAL        ACCESS:    4193622 HIT:    4193622 MISS:          0 MSHR_MERGE:          0
cpu3->cpu3_ITLB LOAD         ACCESS:    4193622 HIT:    4193622 MISS:          0 MSHR_MERGE:          0
cpu3->cpu3_ITLB RFO          ACCESS:          0 HIT:          0 MISS:          0 MSHR_MERGE:          0
cpu3->cpu3_ITLB PREFETCH     ACCESS:          0 HIT:          0 MISS:          0 MSHR_MERGE:          0
cpu3->cpu3_ITLB WRITE        ACCESS:          0 HIT:          0 MISS:          0 MSHR_MERGE:          0
cpu3->cpu3_ITLB TRANSLATION  ACCESS:          0 HIT:          0 MISS:          0 MSHR_MERGE:          0
cpu3->cpu3_ITLB PREFETCH REQUESTED:          0 ISSUED:          0 USEFUL:          0 USELESS:          0
cpu3->cpu3_ITLB AVERAGE MISS LATENCY: - cycles
cpu3->cpu3_DTLB TOTAL        ACCESS:    4463428 HIT:    4463428 MISS:          0 MSHR_MERGE:          0
cpu3->cpu3_DTLB LOAD         ACCESS:    4463428 HIT:    4463428 MISS:          0 MSHR_MERGE:          0
cpu3->cpu3_DTLB RFO          ACCESS:          0 HIT:          0 MISS:          0 MSHR_MERGE:          0
cpu3->cpu3_DTLB PREFETCH     ACCESS:          0 HIT:          0 MISS:          0 MSHR_MERGE:          0
cpu3->cpu3_DTLB WRITE        ACCESS:          0 HIT:          0 MISS:          0 MSHR_MERGE:          0
cpu3->cpu3_DTLB TRANSLATION  ACCESS:          0 HIT:          0 MISS:          0 MSHR_MERGE:          0
cpu3->cpu3_DTLB PREFETCH REQUESTED:          0 ISSUED:          0 USEFUL:          0 USELESS:          0
cpu3->cpu3_DTLB AVERAGE MISS LATENCY: - cycles
cpu2->cpu2_L2C TOTAL        ACCESS:     639470 HIT:     360384 MISS:     279086 MSHR_MERGE:          0
cpu2->cpu2_L2C LOAD         ACCESS:     315307 HIT:     162106 MISS:     153201 MSHR_MERGE:          0
cpu2->cpu2_L2C RFO          ACCESS:     132855 HIT:       7017 MISS:     125838 MSHR_MERGE:          0
cpu2->cpu2_L2C PREFETCH     ACCESS:          0 HIT:          0 MISS:          0 MSHR_MERGE:          0
cpu2->cpu2_L2C WRITE        ACCESS:     191308 HIT:     191261 MISS:         47 MSHR_MERGE:          0
cpu2->cpu2_L2C TRANSLATION  ACCESS:          0 HIT:          0 MISS:          0 MSHR_MERGE:          0
cpu2->cpu2_L2C PREFETCH REQUESTED:          0 ISSUED:          0 USEFUL:          0 USELESS:          0
cpu2->cpu2_L2C AVERAGE MISS LATENCY: 196.7 cycles
cpu2->cpu2_L1I TOTAL        ACCESS:    4762361 HIT:    4760764 MISS:       1597 MSHR_MERGE:       1086
cpu2->cpu2_L1I LOAD         ACCESS:    4762361 HIT:    4760764 MISS:       1597 MSHR_MERGE:       1086
cpu2->cpu2_L1I RFO          ACCESS:          0 HIT:          0 MISS:          0 MSHR_MERGE:          0
cpu2->cpu2_L1I PREFETCH     ACCESS:          0 HIT:          0 MISS:          0 MSHR_MERGE:          0
cpu2->cpu2_L1I WRITE        ACCESS:          0 HIT:          0 MISS:          0 MSHR_MERGE:          0
cpu2->cpu2_L1I TRANSLATION  ACCESS:          0 HIT:          0 MISS:          0 MSHR_MERGE:          0
cpu2->cpu2_L1I PREFETCH REQUESTED:          0 ISSUED:          0 USEFUL:          0 USELESS:          0
cpu2->cpu2_L1I AVERAGE MISS LATENCY: 452.2 cycles
cpu2->cpu2_L1D TOTAL        ACCESS:    5017989 HIT:    3670431 MISS:    1347558 MSHR_MERGE:     899907
cpu2->cpu2_L1D LOAD         ACCESS:    3351863 HIT:    2628474 MISS:     723389 MSHR_MERGE:     408593
cpu2->cpu2_L1D RFO          ACCESS:          0 HIT:          0 MISS:          0 MSHR_MERGE:          0
cpu2->cpu2_L1D PREFETCH     ACCESS:          0 HIT:          0 MISS:          0 MSHR_MERGE:          0
cpu2->cpu2_L1D WRITE        ACCESS:    1666126 HIT:    1041957 MISS:     624169 MSHR_MERGE:     491314
cpu2->cpu2_L1D TRANSLATION  ACCESS:          0 HIT:          0 MISS:          0 MSHR_MERGE:          0
cpu2->cpu2_L1D PREFETCH REQUESTED:          0 ISSUED:          0 USEFUL:          0 USELESS:          0
cpu2->cpu2_L1D AVERAGE MISS LATENCY: 130.8 cycles
cpu2->cpu2_ITLB TOTAL        ACCESS:    4184451 HIT:    4184451 MISS:          0 MSHR_MERGE:          0
cpu2->cpu2_ITLB LOAD         ACCESS:    4184451 HIT:    4184451 MISS:          0 MSHR_MERGE:          0
cpu2->cpu2_ITLB RFO          ACCESS:          0 HIT:          0 MISS:          0 MSHR_MERGE:          0
cpu2->cpu2_ITLB PREFETCH     ACCESS:          0 HIT:          0 MISS:          0 MSHR_MERGE:          0
cpu2->cpu2_ITLB WRITE        ACCESS:          0 HIT:          0 MISS:          0 MSHR_MERGE:          0
cpu2->cpu2_ITLB TRANSLATION  ACCESS:          0 HIT:          0 MISS:          0 MSHR_MERGE:          0
cpu2->cpu2_ITLB PREFETCH REQUESTED:          0 ISSUED:          0 USEFUL:          0 USELESS:          0
cpu2->cpu2_ITLB AVERAGE MISS LATENCY: - cycles
cpu2->cpu2_DTLB TOTAL        ACCESS:    4445172 HIT:    4445172 MISS:          0 MSHR_MERGE:          0
cpu2->cpu2_DTLB LOAD         ACCESS:    4445172 HIT:    4445172 MISS:          0 MSHR_MERGE:          0
cpu2->cpu2_DTLB RFO          ACCESS:          0 HIT:          0 MISS:          0 MSHR_MERGE:          0
cpu2->cpu2_DTLB PREFETCH     ACCESS:          0 HIT:          0 MISS:          0 MSHR_MERGE:          0
cpu2->cpu2_DTLB WRITE        ACCESS:          0 HIT:          0 MISS:          0 MSHR_MERGE:          0
cpu2->cpu2_DTLB TRANSLATION  ACCESS:          0 HIT:          0 MISS:          0 MSHR_MERGE:          0
cpu2->cpu2_DTLB PREFETCH REQUESTED:          0 ISSUED:          0 USEFUL:          0 USELESS:          0
cpu2->cpu2_DTLB AVERAGE MISS LATENCY: - cycles
cpu1->cpu1_L2C TOTAL        ACCESS:     640671 HIT:     363328 MISS:     277343 MSHR_MERGE:          0
cpu1->cpu1_L2C LOAD         ACCESS:     316902 HIT:     164549 MISS:     152353 MSHR_MERGE:          0
cpu1->cpu1_L2C RFO          ACCESS:     131950 HIT:       7007 MISS:     124943 MSHR_MERGE:          0
cpu1->cpu1_L2C PREFETCH     ACCESS:          0 HIT:          0 MISS:          0 MSHR_MERGE:          0
cpu1->cpu1_L2C WRITE        ACCESS:     191819 HIT:     191772 MISS:         47 MSHR_MERGE:          0
cpu1->cpu1_L2C TRANSLATION  ACCESS:          0 HIT:          0 MISS:          0 MSHR_MERGE:          0
cpu1->cpu1_L2C PREFETCH REQUESTED:          0 ISSUED:          0 USEFUL:          0 USELESS:          0
cpu1->cpu1_L2C AVERAGE MISS LATENCY: 187.9 cycles
cpu1->cpu1_L1I TOTAL        ACCESS:    4819561 HIT:    4817971 MISS:       1590 MSHR_MERGE:       1088
cpu1->cpu1_L1I LOAD         ACCESS:    4819561 HIT:    4817971 MISS:       1590 MSHR_MERGE:       1088
cpu1->cpu1_L1I RFO          ACCESS:          0 HIT:          0 MISS:          0 MSHR_MERGE:          0
cpu1->cpu1_L1I PREFETCH     ACCESS:          0 HIT:          0 MISS:          0 MSHR_MERGE:          0
cpu1->cpu1_L1I WRITE        ACCESS:          0 HIT:          0 MISS:          0 MSHR_MERGE:          0
cpu1->cpu1_L1I TRANSLATION  ACCESS:          0 HIT:          0 MISS:          0 MSHR_MERGE:          0
cpu1->cpu1_L1I PREFETCH REQUESTED:          0 ISSUED:          0 USEFUL:          0 USELESS:          0
cpu1->cpu1_L1I AVERAGE MISS LATENCY: 427.2 cycles
cpu1->cpu1_L1D TOTAL        ACCESS:    5024321 HIT:    3677283 MISS:    1347038 MSHR_MERGE:     898688
cpu1->cpu1_L1D LOAD         ACCESS:    3362015 HIT:    2639159 MISS:     722856 MSHR_MERGE:     406456
cpu1->cpu1_L1D RFO          ACCESS:          0 HIT:          0 MISS:          0 MSHR_MERGE:          0
cpu1->cpu1_L1D PREFETCH     ACCESS:          0 HIT:          0 MISS:          0 MSHR_MERGE:          0
cpu1->cpu1_L1D WRITE        ACCESS:    1662306 HIT:    1038124 MISS:     624182 MSHR_MERGE:     492232
cpu1->cpu1_L1D TRANSLATION  ACCESS:          0 HIT:          0 MISS:          0 MSHR_MERGE:          0
cpu1->cpu1_L1D PREFETCH REQUESTED:          0 ISSUED:          0 USEFUL:          0 USELESS:          0
cpu1->cpu1_L1D AVERAGE MISS LATENCY: 124.5 cycles
cpu1->cpu1_ITLB TOTAL        ACCESS:    4232315 HIT:    4232315 MISS:          0 MSHR_MERGE:          0
cpu1->cpu1_ITLB LOAD         ACCESS:    4232315 HIT:    4232315 MISS:          0 MSHR_MERGE:          0
cpu1->cpu1_ITLB RFO          ACCESS:          0 HIT:          0 MISS:          0 MSHR_MERGE:          0
cpu1->cpu1_ITLB PREFETCH     ACCESS:          0 HIT:          0 MISS:          0 MSHR_MERGE:          0
cpu1->cpu1_ITLB WRITE        ACCESS:          0 HIT:          0 MISS:          0 MSHR_MERGE:          0
cpu1->cpu1_ITLB TRANSLATION  ACCESS:          0 HIT:          0 MISS:          0 MSHR_MERGE:          0
cpu1->cpu1_ITLB PREFETCH REQUESTED:          0 ISSUED:          0 USEFUL:          0 USELESS:          0
cpu1->cpu1_ITLB AVERAGE MISS LATENCY: - cycles
cpu1->cpu1_DTLB TOTAL        ACCESS:    4455525 HIT:    4455525 MISS:          0 MSHR_MERGE:          0
cpu1->cpu1_DTLB LOAD         ACCESS:    4455525 HIT:    4455525 MISS:          0 MSHR_MERGE:          0
cpu1->cpu1_DTLB RFO          ACCESS:          0 HIT:          0 MISS:          0 MSHR_MERGE:          0
cpu1->cpu1_DTLB PREFETCH     ACCESS:          0 HIT:          0 MISS:          0 MSHR_MERGE:          0
cpu1->cpu1_DTLB WRITE        ACCESS:          0 HIT:          0 MISS:          0 MSHR_MERGE:          0
cpu1->cpu1_DTLB TRANSLATION  ACCESS:          0 HIT:          0 MISS:          0 MSHR_MERGE:          0
cpu1->cpu1_DTLB PREFETCH REQUESTED:          0 ISSUED:          0 USEFUL:          0 USELESS:          0
cpu1->cpu1_DTLB AVERAGE MISS LATENCY: - cycles
cpu0->cpu0_L2C TOTAL        ACCESS:     654142 HIT:     374109 MISS:     280033 MSHR_MERGE:          0
cpu0->cpu0_L2C LOAD         ACCESS:     323341 HIT:     171354 MISS:     151987 MSHR_MERGE:          0
cpu0->cpu0_L2C RFO          ACCESS:     135009 HIT:       7011 MISS:     127998 MSHR_MERGE:          0
cpu0->cpu0_L2C PREFETCH     ACCESS:          0 HIT:          0 MISS:          0 MSHR_MERGE:          0
cpu0->cpu0_L2C WRITE        ACCESS:     195792 HIT:     195744 MISS:         48 MSHR_MERGE:          0
cpu0->cpu0_L2C TRANSLATION  ACCESS:          0 HIT:          0 MISS:          0 MSHR_MERGE:          0
cpu0->cpu0_L2C PREFETCH REQUESTED:          0 ISSUED:          0 USEFUL:          0 USELESS:          0
cpu0->cpu0_L2C AVERAGE MISS LATENCY: 188.4 cycles
cpu0->cpu0_L1I TOTAL        ACCESS:    4807881 HIT:    4806262 MISS:       1619 MSHR_MERGE:       1113
cpu0->cpu0_L1I LOAD         ACCESS:    4807881 HIT:    4806262 MISS:       1619 MSHR_MERGE:       1113
cpu0->cpu0_L1I RFO          ACCESS:          0 HIT:          0 MISS:          0 MSHR_MERGE:          0
cpu0->cpu0_L1I PREFETCH     ACCESS:          0 HIT:          0 MISS:          0 MSHR_MERGE:          0
cpu0->cpu0_L1I WRITE        ACCESS:          0 HIT:          0 MISS:          0 MSHR_MERGE:          0
cpu0->cpu0_L1I TRANSLATION  ACCESS:          0 HIT:          0 MISS:          0 MSHR_MERGE:          0
cpu0->cpu0_L1I PREFETCH REQUESTED:          0 ISSUED:          0 USEFUL:          0 USELESS:          0
cpu0->cpu0_L1I AVERAGE MISS LATENCY: 394.5 cycles
cpu0->cpu0_L1D TOTAL        ACCESS:    5032056 HIT:    3664185 MISS:    1367871 MSHR_MERGE:     910027
cpu0->cpu0_L1D LOAD         ACCESS:    3366294 HIT:    2631748 MISS:     734546 MSHR_MERGE:     411711
cpu0->cpu0_L1D RFO          ACCESS:          0 HIT:          0 MISS:          0 MSHR_MERGE:          0
cpu0->cpu0_L1D PREFETCH     ACCESS:          0 HIT:          0 MISS:          0 MSHR_MERGE:          0
cpu0->cpu0_L1D WRITE        ACCESS:    1665762 HIT:    1032437 MISS:     633325 MSHR_MERGE:     498316
cpu0->cpu0_L1D TRANSLATION  ACCESS:          0 HIT:          0 MISS:          0 MSHR_MERGE:          0
cpu0->cpu0_L1D PREFETCH REQUESTED:          0 ISSUED:          0 USEFUL:          0 USELESS:          0
cpu0->cpu0_L1D AVERAGE MISS LATENCY: 123.4 cycles
cpu0->cpu0_ITLB TOTAL        ACCESS:    4221562 HIT:    4221562 MISS:          0 MSHR_MERGE:          0
cpu0->cpu0_ITLB LOAD         ACCESS:    4221562 HIT:    4221562 MISS:          0 MSHR_MERGE:          0
cpu0->cpu0_ITLB RFO          ACCESS:          0 HIT:          0 MISS:          0 MSHR_MERGE:          0
cpu0->cpu0_ITLB PREFETCH     ACCESS:          0 HIT:          0 MISS:          0 MSHR_MERGE:          0
cpu0->cpu0_ITLB WRITE        ACCESS:          0 HIT:          0 MISS:          0 MSHR_MERGE:          0
cpu0->cpu0_ITLB TRANSLATION  ACCESS:          0 HIT:          0 MISS:          0 MSHR_MERGE:          0
cpu0->cpu0_ITLB PREFETCH REQUESTED:          0 ISSUED:          0 USEFUL:          0 USELESS:          0
cpu0->cpu0_ITLB AVERAGE MISS LATENCY: - cycles
cpu0->cpu0_DTLB TOTAL        ACCESS:    4461928 HIT:    4461928 MISS:          0 MSHR_MERGE:          0
cpu0->cpu0_DTLB LOAD         ACCESS:    4461928 HIT:    4461928 MISS:          0 MSHR_MERGE:          0
cpu0->cpu0_DTLB RFO          ACCESS:          0 HIT:          0 MISS:          0 MSHR_MERGE:          0
cpu0->cpu0_DTLB PREFETCH     ACCESS:          0 HIT:          0 MISS:          0 MSHR_MERGE:          0
cpu0->cpu0_DTLB WRITE        ACCESS:          0 HIT:          0 MISS:          0 MSHR_MERGE:          0
cpu0->cpu0_DTLB TRANSLATION  ACCESS:          0 HIT:          0 MISS:          0 MSHR_MERGE:          0
cpu0->cpu0_DTLB PREFETCH REQUESTED:          0 ISSUED:          0 USEFUL:          0 USELESS:          0
cpu0->cpu0_DTLB AVERAGE MISS LATENCY: - cycles
cpu0->LLC TOTAL        ACCESS:     432249 HIT:     282930 MISS:     149319 MSHR_MERGE:          0
cpu0->LLC LOAD         ACCESS:     151986 HIT:      77621 MISS:      74365 MSHR_MERGE:          0
cpu0->LLC RFO          ACCESS:     127998 HIT:      64262 MISS:      63736 MSHR_MERGE:          0
cpu0->LLC PREFETCH     ACCESS:          0 HIT:          0 MISS:          0 MSHR_MERGE:          0
cpu0->LLC WRITE        ACCESS:     152265 HIT:     141047 MISS:      11218 MSHR_MERGE:          0
cpu0->LLC TRANSLATION  ACCESS:          0 HIT:          0 MISS:          0 MSHR_MERGE:          0
cpu0->LLC PREFETCH REQUESTED:          0 ISSUED:          0 USEFUL:          0 USELESS:          0
cpu0->LLC AVERAGE MISS LATENCY: 2691 cycles
cpu1->LLC TOTAL        ACCESS:     428430 HIT:     280286 MISS:     148144 MSHR_MERGE:          0
cpu1->LLC LOAD         ACCESS:     152353 HIT:      76670 MISS:      75683 MSHR_MERGE:          0
cpu1->LLC RFO          ACCESS:     124943 HIT:      62355 MISS:      62588 MSHR_MERGE:          0
cpu1->LLC PREFETCH     ACCESS:          0 HIT:          0 MISS:          0 MSHR_MERGE:          0
cpu1->LLC WRITE        ACCESS:     151134 HIT:     141261 MISS:       9873 MSHR_MERGE:          0
cpu1->LLC TRANSLATION  ACCESS:          0 HIT:          0 MISS:          0 MSHR_MERGE:          0
cpu1->LLC PREFETCH REQUESTED:          0 ISSUED:          0 USEFUL:          0 USELESS:          0
cpu1->LLC AVERAGE MISS LATENCY: 2712 cycles
cpu2->LLC TOTAL        ACCESS:     431152 HIT:     286175 MISS:     144977 MSHR_MERGE:          0
cpu2->LLC LOAD         ACCESS:     153200 HIT:      76801 MISS:      76399 MSHR_MERGE:          0
cpu2->LLC RFO          ACCESS:     125838 HIT:      63588 MISS:      62250 MSHR_MERGE:          0
cpu2->LLC PREFETCH     ACCESS:          0 HIT:          0 MISS:          0 MSHR_MERGE:          0
cpu2->LLC WRITE        ACCESS:     152114 HIT:     145786 MISS:       6328 MSHR_MERGE:          0
cpu2->LLC TRANSLATION  ACCESS:          0 HIT:          0 MISS:          0 MSHR_MERGE:          0
cpu2->LLC PREFETCH REQUESTED:          0 ISSUED:          0 USEFUL:          0 USELESS:          0
cpu2->LLC AVERAGE MISS LATENCY: 2771 cycles
cpu3->LLC TOTAL        ACCESS:     431984 HIT:     288008 MISS:     143976 MSHR_MERGE:          0
cpu3->LLC LOAD         ACCESS:     153654 HIT:      78336 MISS:      75318 MSHR_MERGE:          0
cpu3->LLC RFO          ACCESS:     125884 HIT:      63841 MISS:      62043 MSHR_MERGE:          0
cpu3->LLC PREFETCH     ACCESS:          0 HIT:          0 MISS:          0 MSHR_MERGE:          0
cpu3->LLC WRITE        ACCESS:     152446 HIT:     145831 MISS:       6615 MSHR_MERGE:          0
cpu3->LLC TRANSLATION  ACCESS:          0 HIT:          0 MISS:          0 MSHR_MERGE:          0
cpu3->LLC PREFETCH REQUESTED:          0 ISSUED:          0 USEFUL:          0 USELESS:          0
cpu3->LLC AVERAGE MISS LATENCY: 2790 cycles
cpu4->LLC TOTAL        ACCESS:     445757 HIT:     299943 MISS:     145814 MSHR_MERGE:          0
cpu4->LLC LOAD         ACCESS:     157555 HIT:      86646 MISS:      70909 MSHR_MERGE:          0
cpu4->LLC RFO          ACCESS:     131645 HIT:      66213 MISS:      65432 MSHR_MERGE:          0
cpu4->LLC PREFETCH     ACCESS:          0 HIT:          0 MISS:          0 MSHR_MERGE:          0
cpu4->LLC WRITE        ACCESS:     156557 HIT:     147084 MISS:       9473 MSHR_MERGE:          0
cpu4->LLC TRANSLATION  ACCESS:          0 HIT:          0 MISS:          0 MSHR_MERGE:          0
cpu4->LLC PREFETCH REQUESTED:          0 ISSUED:          0 USEFUL:          0 USELESS:          0
cpu4->LLC AVERAGE MISS LATENCY: 2755 cycles
cpu5->LLC TOTAL        ACCESS:     440309 HIT:     297758 MISS:     142551 MSHR_MERGE:          0
cpu5->LLC LOAD         ACCESS:     157666 HIT:      84517 MISS:      73149 MSHR_MERGE:          0
cpu5->LLC RFO          ACCESS:     126609 HIT:      63345 MISS:      63264 MSHR_MERGE:          0
cpu5->LLC PREFETCH     ACCESS:          0 HIT:          0 MISS:          0 MSHR_MERGE:          0
cpu5->LLC WRITE        ACCESS:     156034 HIT:     149896 MISS:       6138 MSHR_MERGE:          0
cpu5->LLC TRANSLATION  ACCESS:          0 HIT:          0 MISS:          0 MSHR_MERGE:          0
cpu5->LLC PREFETCH REQUESTED:          0 ISSUED:          0 USEFUL:          0 USELESS:          0
cpu5->LLC AVERAGE MISS LATENCY: 2818 cycles
cpu6->LLC TOTAL        ACCESS:     447670 HIT:     305261 MISS:     142409 MSHR_MERGE:          0
cpu6->LLC LOAD         ACCESS:     160247 HIT:      85510 MISS:      74737 MSHR_MERGE:          0
cpu6->LLC RFO          ACCESS:     128636 HIT:      67523 MISS:      61113 MSHR_MERGE:          0
cpu6->LLC PREFETCH     ACCESS:          0 HIT:          0 MISS:          0 MSHR_MERGE:          0
cpu6->LLC WRITE        ACCESS:     158787 HIT:     152228 MISS:       6559 MSHR_MERGE:          0
cpu6->LLC TRANSLATION  ACCESS:          0 HIT:          0 MISS:          0 MSHR_MERGE:          0
cpu6->LLC PREFETCH REQUESTED:          0 ISSUED:          0 USEFUL:          0 USELESS:          0
cpu6->LLC AVERAGE MISS LATENCY: 2821 cycles
cpu7->LLC TOTAL        ACCESS:     449870 HIT:     309063 MISS:     140807 MSHR_MERGE:          0
cpu7->LLC LOAD         ACCESS:     161038 HIT:      88170 MISS:      72868 MSHR_MERGE:          0
cpu7->LLC RFO          ACCESS:     128881 HIT:      66295 MISS:      62586 MSHR_MERGE:          0
cpu7->LLC PREFETCH     ACCESS:          0 HIT:          0 MISS:          0 MSHR_MERGE:          0
cpu7->LLC WRITE        ACCESS:     159951 HIT:     154598 MISS:       5353 MSHR_MERGE:          0
cpu7->LLC TRANSLATION  ACCESS:          0 HIT:          0 MISS:          0 MSHR_MERGE:          0
cpu7->LLC PREFETCH REQUESTED:          0 ISSUED:          0 USEFUL:          0 USELESS:          0
cpu7->LLC AVERAGE MISS LATENCY: 2853 cycles

Region of Interest Statistics

CPU 7 cumulative IPC: 1.019 instructions: 25000002 cycles: 24528152
CPU 7 Branch Prediction Accuracy: 100% MPKI: 0 Average ROB Occupancy at Mispredict: -
Branch type MPKI
BRANCH_DIRECT_JUMP: 0
BRANCH_INDIRECT: 0
BRANCH_CONDITIONAL: 0
BRANCH_DIRECT_CALL: 0
BRANCH_INDIRECT_CALL: 0
BRANCH_RETURN: 0


CPU 6 cumulative IPC: 1.025 instructions: 25000001 cycles: 24401443
CPU 6 Branch Prediction Accuracy: 100% MPKI: 0 Average ROB Occupancy at Mispredict: -
Branch type MPKI
BRANCH_DIRECT_JUMP: 0
BRANCH_INDIRECT: 0
BRANCH_CONDITIONAL: 0
BRANCH_DIRECT_CALL: 0
BRANCH_INDIRECT_CALL: 0
BRANCH_RETURN: 0


CPU 5 cumulative IPC: 1.009 instructions: 25000002 cycles: 24782514
CPU 5 Branch Prediction Accuracy: 100% MPKI: 0 Average ROB Occupancy at Mispredict: -
Branch type MPKI
BRANCH_DIRECT_JUMP: 0
BRANCH_INDIRECT: 0
BRANCH_CONDITIONAL: 0
BRANCH_DIRECT_CALL: 0
BRANCH_INDIRECT_CALL: 0
BRANCH_RETURN: 0


CPU 4 cumulative IPC: 1.035 instructions: 25000002 cycles: 24153855
CPU 4 Branch Prediction Accuracy: 100% MPKI: 0 Average ROB Occupancy at Mispredict: -
Branch type MPKI
BRANCH_DIRECT_JUMP: 0
BRANCH_INDIRECT: 0
BRANCH_CONDITIONAL: 0
BRANCH_DIRECT_CALL: 0
BRANCH_INDIRECT_CALL: 0
BRANCH_RETURN: 0


CPU 3 cumulative IPC: 0.9834 instructions: 25000003 cycles: 25421261
CPU 3 Branch Prediction Accuracy: 100% MPKI: 0 Average ROB Occupancy at Mispredict: -
Branch type MPKI
BRANCH_DIRECT_JUMP: 0
BRANCH_INDIRECT: 0
BRANCH_CONDITIONAL: 0
BRANCH_DIRECT_CALL: 0
BRANCH_INDIRECT_CALL: 0
BRANCH_RETURN: 0


CPU 2 cumulative IPC: 0.9797 instructions: 25000002 cycles: 25516933
CPU 2 Branch Prediction Accuracy: 100% MPKI: 0 Average ROB Occupancy at Mispredict: -
Branch type MPKI
BRANCH_DIRECT_JUMP: 0
BRANCH_INDIRECT: 0
BRANCH_CONDITIONAL: 0
BRANCH_DIRECT_CALL: 0
BRANCH_INDIRECT_CALL: 0
BRANCH_RETURN: 0


CPU 1 cumulative IPC: 0.9838 instructions: 25000002 cycles: 25411409
CPU 1 Branch Prediction Accuracy: 100% MPKI: 0 Average ROB Occupancy at Mispredict: -
Branch type MPKI
BRANCH_DIRECT_JUMP: 0
BRANCH_INDIRECT: 0
BRANCH_CONDITIONAL: 0
BRANCH_DIRECT_CALL: 0
BRANCH_INDIRECT_CALL: 0
BRANCH_RETURN: 0


CPU 0 cumulative IPC: 0.9867 instructions: 25000000 cycles: 25337487
CPU 0 Branch Prediction Accuracy: 100% MPKI: 0 Average ROB Occupancy at Mispredict: -
Branch type MPKI
BRANCH_DIRECT_JUMP: 0
BRANCH_INDIRECT: 0
BRANCH_CONDITIONAL: 0
BRANCH_DIRECT_CALL: 0
BRANCH_INDIRECT_CALL: 0
BRANCH_RETURN: 0

cpu7->cpu7_L2C TOTAL        ACCESS:     660840 HIT:     370874 MISS:     289966 MSHR_MERGE:          0
cpu7->cpu7_L2C LOAD         ACCESS:     328550 HIT:     167512 MISS:     161038 MSHR_MERGE:          0
cpu7->cpu7_L2C RFO          ACCESS:     135896 HIT:       7015 MISS:     128881 MSHR_MERGE:          0
cpu7->cpu7_L2C PREFETCH     ACCESS:          0 HIT:          0 MISS:          0 MSHR_MERGE:          0
cpu7->cpu7_L2C WRITE        ACCESS:     196394 HIT:     196347 MISS:         47 MSHR_MERGE:          0
cpu7->cpu7_L2C TRANSLATION  ACCESS:          0 HIT:          0 MISS:          0 MSHR_MERGE:          0
cpu7->cpu7_L2C PREFETCH REQUESTED:          0 ISSUED:          0 USEFUL:          0 USELESS:          0
cpu7->cpu7_L2C AVERAGE MISS LATENCY: 195.4 cycles
cpu7->cpu7_L1I TOTAL        ACCESS:    4868008 HIT:    4866458 MISS:       1550 MSHR_MERGE:       1049
cpu7->cpu7_L1I LOAD         ACCESS:    4868008 HIT:    4866458 MISS:       1550 MSHR_MERGE:       1049
cpu7->cpu7_L1I RFO          ACCESS:          0 HIT:          0 MISS:          0 MSHR_MERGE:          0
cpu7->cpu7_L1I PREFETCH     ACCESS:          0 HIT:          0 MISS:          0 MSHR_MERGE:          0
cpu7->cpu7_L1I WRITE        ACCESS:          0 HIT:          0 MISS:          0 MSHR_MERGE:          0
cpu7->cpu7_L1I TRANSLATION  ACCESS:          0 HIT:          0 MISS:          0 MSHR_MERGE:          0
cpu7->cpu7_L1I PREFETCH REQUESTED:          0 ISSUED:          0 USEFUL:          0 USELESS:          0
cpu7->cpu7_L1I AVERAGE MISS LATENCY: 440.2 cycles
cpu7->cpu7_L1D TOTAL        ACCESS:    5158136 HIT:    3764471 MISS:    1393665 MSHR_MERGE:     929720
cpu7->cpu7_L1D LOAD         ACCESS:    3458695 HIT:    2700067 MISS:     758628 MSHR_MERGE:     430579
cpu7->cpu7_L1D RFO          ACCESS:          0 HIT:          0 MISS:          0 MSHR_MERGE:          0
cpu7->cpu7_L1D PREFETCH     ACCESS:          0 HIT:          0 MISS:          0 MSHR_MERGE:          0
cpu7->cpu7_L1D WRITE        ACCESS:    1699441 HIT:    1064404 MISS:     635037 MSHR_MERGE:     499141
cpu7->cpu7_L1D TRANSLATION  ACCESS:          0 HIT:          0 MISS:          0 MSHR_MERGE:          0
cpu7->cpu7_L1D PREFETCH REQUESTED:          0 ISSUED:          0 USEFUL:          0 USELESS:          0
cpu7->cpu7_L1D AVERAGE MISS LATENCY: 130.4 cycles
cpu7->cpu7_ITLB TOTAL        ACCESS:    4280482 HIT:    4280482 MISS:          0 MSHR_MERGE:          0
cpu7->cpu7_ITLB LOAD         ACCESS:    4280482 HIT:    4280482 MISS:          0 MSHR_MERGE:          0
cpu7->cpu7_ITLB RFO          ACCESS:          0 HIT:          0 MISS:          0 MSHR_MERGE:          0
cpu7->cpu7_ITLB PREFETCH     ACCESS:          0 HIT:          0 MISS:          0 MSHR_MERGE:          0
cpu7->cpu7_ITLB WRITE        ACCESS:          0 HIT:          0 MISS:          0 MSHR_MERGE:          0
cpu7->cpu7_ITLB TRANSLATION  ACCESS:          0 HIT:          0 MISS:          0 MSHR_MERGE:          0
cpu7->cpu7_ITLB PREFETCH REQUESTED:          0 ISSUED:          0 USEFUL:          0 USELESS:          0
cpu7->cpu7_ITLB AVERAGE MISS LATENCY: - cycles
cpu7->cpu7_DTLB TOTAL        ACCESS:    4584341 HIT:    4584341 MISS:          0 MSHR_MERGE:          0
cpu7->cpu7_DTLB LOAD         ACCESS:    4584341 HIT:    4584341 MISS:          0 MSHR_MERGE:          0
cpu7->cpu7_DTLB RFO          ACCESS:          0 HIT:          0 MISS:          0 MSHR_MERGE:          0
cpu7->cpu7_DTLB PREFETCH     ACCESS:          0 HIT:          0 MISS:          0 MSHR_MERGE:          0
cpu7->cpu7_DTLB WRITE        ACCESS:          0 HIT:          0 MISS:          0 MSHR_MERGE:          0
cpu7->cpu7_DTLB TRANSLATION  ACCESS:          0 HIT:          0 MISS:          0 MSHR_MERGE:          0
cpu7->cpu7_DTLB PREFETCH REQUESTED:          0 ISSUED:          0 USEFUL:          0 USELESS:          0
cpu7->cpu7_DTLB AVERAGE MISS LATENCY: - cycles
cpu6->cpu6_L2C TOTAL        ACCESS:     659692 HIT:     370762 MISS:     288930 MSHR_MERGE:          0
cpu6->cpu6_L2C LOAD         ACCESS:     327907 HIT:     167659 MISS:     160248 MSHR_MERGE:          0
cpu6->cpu6_L2C RFO          ACCESS:     135652 HIT:       7017 MISS:     128635 MSHR_MERGE:          0
cpu6->cpu6_L2C PREFETCH     ACCESS:          0 HIT:          0 MISS:          0 MSHR_MERGE:          0
cpu6->cpu6_L2C WRITE        ACCESS:     196133 HIT:     196086 MISS:         47 MSHR_MERGE:          0
cpu6->cpu6_L2C TRANSLATION  ACCESS:          0 HIT:          0 MISS:          0 MSHR_MERGE:          0
cpu6->cpu6_L2C PREFETCH REQUESTED:          0 ISSUED:          0 USEFUL:          0 USELESS:          0
cpu6->cpu6_L2C AVERAGE MISS LATENCY: 192.2 cycles
cpu6->cpu6_L1I TOTAL        ACCESS:    4886685 HIT:    4885082 MISS:       1603 MSHR_MERGE:       1089
cpu6->cpu6_L1I LOAD         ACCESS:    4886685 HIT:    4885082 MISS:       1603 MSHR_MERGE:       1089
cpu6->cpu6_L1I RFO          ACCESS:          0 HIT:          0 MISS:          0 MSHR_MERGE:          0
cpu6->cpu6_L1I PREFETCH     ACCESS:          0 HIT:          0 MISS:          0 MSHR_MERGE:          0
cpu6->cpu6_L1I WRITE        ACCESS:          0 HIT:          0 MISS:          0 MSHR_MERGE:          0
cpu6->cpu6_L1I TRANSLATION  ACCESS:          0 HIT:          0 MISS:          0 MSHR_MERGE:          0
cpu6->cpu6_L1I PREFETCH REQUESTED:          0 ISSUED:          0 USEFUL:          0 USELESS:          0
cpu6->cpu6_L1I AVERAGE MISS LATENCY: 416.1 cycles
cpu6->cpu6_L1D TOTAL        ACCESS:    5162633 HIT:    3778059 MISS:    1384574 MSHR_MERGE:     921530
cpu6->cpu6_L1D LOAD         ACCESS:    3464651 HIT:    2711469 MISS:     753182 MSHR_MERGE:     425790
cpu6->cpu6_L1D RFO          ACCESS:          0 HIT:          0 MISS:          0 MSHR_MERGE:          0
cpu6->cpu6_L1D PREFETCH     ACCESS:          0 HIT:          0 MISS:          0 MSHR_MERGE:          0
cpu6->cpu6_L1D WRITE        ACCESS:    1697982 HIT:    1066590 MISS:     631392 MSHR_MERGE:     495740
cpu6->cpu6_L1D TRANSLATION  ACCESS:          0 HIT:          0 MISS:          0 MSHR_MERGE:          0
cpu6->cpu6_L1D PREFETCH REQUESTED:          0 ISSUED:          0 USEFUL:          0 USELESS:          0
cpu6->cpu6_L1D AVERAGE MISS LATENCY: 128.1 cycles
cpu6->cpu6_ITLB TOTAL        ACCESS:    4298309 HIT:    4298309 MISS:          0 MSHR_MERGE:          0
cpu6->cpu6_ITLB LOAD         ACCESS:    4298309 HIT:    4298309 MISS:          0 MSHR_MERGE:          0
cpu6->cpu6_ITLB RFO          ACCESS:          0 HIT:          0 MISS:          0 MSHR_MERGE:          0
cpu6->cpu6_ITLB PREFETCH     ACCESS:          0 HIT:          0 MISS:          0 MSHR_MERGE:          0
cpu6->cpu6_ITLB WRITE        ACCESS:          0 HIT:          0 MISS:          0 MSHR_MERGE:          0
cpu6->cpu6_ITLB TRANSLATION  ACCESS:          0 HIT:          0 MISS:          0 MSHR_MERGE:          0
cpu6->cpu6_ITLB PREFETCH REQUESTED:          0 ISSUED:          0 USEFUL:          0 USELESS:          0
cpu6->cpu6_ITLB AVERAGE MISS LATENCY: - cycles
cpu6->cpu6_DTLB TOTAL        ACCESS:    4587212 HIT:    4587212 MISS:          0 MSHR_MERGE:          0
cpu6->cpu6_DTLB LOAD         ACCESS:    4587212 HIT:    4587212 MISS:          0 MSHR_MERGE:          0
cpu6->cpu6_DTLB RFO          ACCESS:          0 HIT:          0 MISS:          0 MSHR_MERGE:          0
cpu6->cpu6_DTLB PREFETCH     ACCESS:          0 HIT:          0 MISS:          0 MSHR_MERGE:          0
cpu6->cpu6_DTLB WRITE        ACCESS:          0 HIT:          0 MISS:          0 MSHR_MERGE:          0
cpu6->cpu6_DTLB TRANSLATION  ACCESS:          0 HIT:          0 MISS:          0 MSHR_MERGE:          0
cpu6->cpu6_DTLB PREFETCH REQUESTED:          0 ISSUED:          0 USEFUL:          0 USELESS:          0
cpu6->cpu6_DTLB AVERAGE MISS LATENCY: - cycles
cpu5->cpu5_L2C TOTAL        ACCESS:     650123 HIT:     365802 MISS:     284321 MSHR_MERGE:          0
cpu5->cpu5_L2C LOAD         ACCESS:     323067 HIT:     165401 MISS:     157666 MSHR_MERGE:          0
cpu5->cpu5_L2C RFO          ACCESS:     133624 HIT:       7015 MISS:     126609 MSHR_MERGE:          0
cpu5->cpu5_L2C PREFETCH     ACCESS:          0 HIT:          0 MISS:          0 MSHR_MERGE:          0
cpu5->cpu5_L2C WRITE        ACCESS:     193432 HIT:     193386 MISS:         46 MSHR_MERGE:          0
cpu5->cpu5_L2C TRANSLATION  ACCESS:          0 HIT:          0 MISS:          0 MSHR_MERGE:          0
cpu5->cpu5_L2C PREFETCH REQUESTED:          0 ISSUED:          0 USEFUL:          0 USELESS:          0
cpu5->cpu5_L2C AVERAGE MISS LATENCY: 196.7 cycles
cpu5->cpu5_L1I TOTAL        ACCESS:    4821970 HIT:    4820422 MISS:       1548 MSHR_MERGE:       1047
cpu5->cpu5_L1I LOAD         ACCESS:    4821970 HIT:    4820422 MISS:       1548 MSHR_MERGE:       1047
cpu5->cpu5_L1I RFO          ACCESS:          0 HIT:          0 MISS:          0 MSHR_MERGE:          0
cpu5->cpu5_L1I PREFETCH     ACCESS:          0 HIT:          0 MISS:          0 MSHR_MERGE:          0
cpu5->cpu5_L1I WRITE        ACCESS:          0 HIT:          0 MISS:          0 MSHR_MERGE:          0
cpu5->cpu5_L1I TRANSLATION  ACCESS:          0 HIT:          0 MISS:          0 MSHR_MERGE:          0
cpu5->cpu5_L1I PREFETCH REQUESTED:          0 ISSUED:          0 USEFUL:          0 USELESS:          0
cpu5->cpu5_L1I AVERAGE MISS LATENCY: 410.7 cycles
cpu5->cpu5_L1D TOTAL        ACCESS:    5103941 HIT:    3729612 MISS:    1374329 MSHR_MERGE:     918139
cpu5->cpu5_L1D LOAD         ACCESS:    3420504 HIT:    2675764 MISS:     744740 MSHR_MERGE:     422174
cpu5->cpu5_L1D RFO          ACCESS:          0 HIT:          0 MISS:          0 MSHR_MERGE:          0
cpu5->cpu5_L1D PREFETCH     ACCESS:          0 HIT:          0 MISS:          0 MSHR_MERGE:          0
cpu5->cpu5_L1D WRITE        ACCESS:    1683437 HIT:    1053848 MISS:     629589 MSHR_MERGE:     495965
cpu5->cpu5_L1D TRANSLATION  ACCESS:          0 HIT:          0 MISS:          0 MSHR_MERGE:          0
cpu5->cpu5_L1D PREFETCH REQUESTED:          0 ISSUED:          0 USEFUL:          0 USELESS:          0
cpu5->cpu5_L1D AVERAGE MISS LATENCY: 130.8 cycles
cpu5->cpu5_ITLB TOTAL        ACCESS:    4242388 HIT:    4242388 MISS:          0 MSHR_MERGE:          0
cpu5->cpu5_ITLB LOAD         ACCESS:    4242388 HIT:    4242388 MISS:          0 MSHR_MERGE:          0
cpu5->cpu5_ITLB RFO          ACCESS:          0 HIT:          0 MISS:          0 MSHR_MERGE:          0
cpu5->cpu5_ITLB PREFETCH     ACCESS:          0 HIT:          0 MISS:          0 MSHR_MERGE:          0
cpu5->cpu5_ITLB WRITE        ACCESS:          0 HIT:          0 MISS:          0 MSHR_MERGE:          0
cpu5->cpu5_ITLB TRANSLATION  ACCESS:          0 HIT:          0 MISS:          0 MSHR_MERGE:          0
cpu5->cpu5_ITLB PREFETCH REQUESTED:          0 ISSUED:          0 USEFUL:          0 USELESS:          0
cpu5->cpu5_ITLB AVERAGE MISS LATENCY: - cycles
cpu5->cpu5_DTLB TOTAL        ACCESS:    4531083 HIT:    4531083 MISS:          0 MSHR_MERGE:          0
cpu5->cpu5_DTLB LOAD         ACCESS:    4531083 HIT:    4531083 MISS:          0 MSHR_MERGE:          0
cpu5->cpu5_DTLB RFO          ACCESS:          0 HIT:          0 MISS:          0 MSHR_MERGE:          0
cpu5->cpu5_DTLB PREFETCH     ACCESS:          0 HIT:          0 MISS:          0 MSHR_MERGE:          0
cpu5->cpu5_DTLB WRITE        ACCESS:          0 HIT:          0 MISS:          0 MSHR_MERGE:          0
cpu5->cpu5_DTLB TRANSLATION  ACCESS:          0 HIT:          0 MISS:          0 MSHR_MERGE:          0
cpu5->cpu5_DTLB PREFETCH REQUESTED:          0 ISSUED:          0 USEFUL:          0 USELESS:          0
cpu5->cpu5_DTLB AVERAGE MISS LATENCY: - cycles
cpu4->cpu4_L2C TOTAL        ACCESS:     674039 HIT:     384791 MISS:     289248 MSHR_MERGE:          0
cpu4->cpu4_L2C LOAD         ACCESS:     333632 HIT:     176077 MISS:     157555 MSHR_MERGE:          0
cpu4->cpu4_L2C RFO          ACCESS:     138667 HIT:       7022 MISS:     131645 MSHR_MERGE:          0
cpu4->cpu4_L2C PREFETCH     ACCESS:          0 HIT:          0 MISS:          0 MSHR_MERGE:          0
cpu4->cpu4_L2C WRITE        ACCESS:     201740 HIT:     201692 MISS:         48 MSHR_MERGE:          0
cpu4->cpu4_L2C TRANSLATION  ACCESS:          0 HIT:          0 MISS:          0 MSHR_MERGE:          0
cpu4->cpu4_L2C PREFETCH REQUESTED:          0 ISSUED:          0 USEFUL:          0 USELESS:          0
cpu4->cpu4_L2C AVERAGE MISS LATENCY: 182.3 cycles
cpu4->cpu4_L1I TOTAL        ACCESS:    5025057 HIT:    5023344 MISS:       1713 MSHR_MERGE:       1195
cpu4->cpu4_L1I LOAD         ACCESS:    5025057 HIT:    5023344 MISS:       1713 MSHR_MERGE:       1195
cpu4->cpu4_L1I RFO          ACCESS:          0 HIT:          0 MISS:          0 MSHR_MERGE:          0
cpu4->cpu4_L1I PREFETCH     ACCESS:          0 HIT:          0 MISS:          0 MSHR_MERGE:          0
cpu4->cpu4_L1I WRITE        ACCESS:          0 HIT:          0 MISS:          0 MSHR_MERGE:          0
cpu4->cpu4_L1I TRANSLATION  ACCESS:          0 HIT:          0 MISS:          0 MSHR_MERGE:          0
cpu4->cpu4_L1I PREFETCH REQUESTED:          0 ISSUED:          0 USEFUL:          0 USELESS:          0
cpu4->cpu4_L1I AVERAGE MISS LATENCY: 377.1 cycles
cpu4->cpu4_L1D TOTAL        ACCESS:    5263395 HIT:    3851090 MISS:    1412305 MSHR_MERGE:     940524
cpu4->cpu4_L1D LOAD         ACCESS:    3524096 HIT:    2767503 MISS:     756593 MSHR_MERGE:     423479
cpu4->cpu4_L1D RFO          ACCESS:          0 HIT:          0 MISS:          0 MSHR_MERGE:          0
cpu4->cpu4_L1D PREFETCH     ACCESS:          0 HIT:          0 MISS:          0 MSHR_MERGE:          0
cpu4->cpu4_L1D WRITE        ACCESS:    1739299 HIT:    1083587 MISS:     655712 MSHR_MERGE:     517045
cpu4->cpu4_L1D TRANSLATION  ACCESS:          0 HIT:          0 MISS:          0 MSHR_MERGE:          0
cpu4->cpu4_L1D PREFETCH REQUESTED:          0 ISSUED:          0 USEFUL:          0 USELESS:          0
cpu4->cpu4_L1D AVERAGE MISS LATENCY: 120 cycles
cpu4->cpu4_ITLB TOTAL        ACCESS:    4412646 HIT:    4412646 MISS:          0 MSHR_MERGE:          0
cpu4->cpu4_ITLB LOAD         ACCESS:    4412646 HIT:    4412646 MISS:          0 MSHR_MERGE:          0
cpu4->cpu4_ITLB RFO          ACCESS:          0 HIT:          0 MISS:          0 MSHR_MERGE:          0
cpu4->cpu4_ITLB PREFETCH     ACCESS:          0 HIT:          0 MISS:          0 MSHR_MERGE:          0
cpu4->cpu4_ITLB WRITE        ACCESS:          0 HIT:          0 MISS:          0 MSHR_MERGE:          0
cpu4->cpu4_ITLB TRANSLATION  ACCESS:          0 HIT:          0 MISS:          0 MSHR_MERGE:          0
cpu4->cpu4_ITLB PREFETCH REQUESTED:          0 ISSUED:          0 USEFUL:          0 USELESS:          0
cpu4->cpu4_ITLB AVERAGE MISS LATENCY: - cycles
cpu4->cpu4_DTLB TOTAL        ACCESS:    4664282 HIT:    4664282 MISS:          0 MSHR_MERGE:          0
cpu4->cpu4_DTLB LOAD         ACCESS:    4664282 HIT:    4664282 MISS:          0 MSHR_MERGE:          0
cpu4->cpu4_DTLB RFO          ACCESS:          0 HIT:          0 MISS:          0 MSHR_MERGE:          0
cpu4->cpu4_DTLB PREFETCH     ACCESS:          0 HIT:          0 MISS:          0 MSHR_MERGE:          0
cpu4->cpu4_DTLB WRITE        ACCESS:          0 HIT:          0 MISS:          0 MSHR_MERGE:          0
cpu4->cpu4_DTLB TRANSLATION  ACCESS:          0 HIT:          0 MISS:          0 MSHR_MERGE:          0
cpu4->cpu4_DTLB PREFETCH REQUESTED:          0 ISSUED:          0 USEFUL:          0 USELESS:          0
cpu4->cpu4_DTLB AVERAGE MISS LATENCY: - cycles
cpu3->cpu3_L2C TOTAL        ACCESS:     639690 HIT:     360105 MISS:     279585 MSHR_MERGE:          0
cpu3->cpu3_L2C LOAD         ACCESS:     315631 HIT:     161977 MISS:     153654 MSHR_MERGE:          0
cpu3->cpu3_L2C RFO          ACCESS:     132896 HIT:       7012 MISS:     125884 MSHR_MERGE:          0
cpu3->cpu3_L2C PREFETCH     ACCESS:          0 HIT:          0 MISS:          0 MSHR_MERGE:          0
cpu3->cpu3_L2C WRITE        ACCESS:     191163 HIT:     191116 MISS:         47 MSHR_MERGE:          0
cpu3->cpu3_L2C TRANSLATION  ACCESS:          0 HIT:          0 MISS:          0 MSHR_MERGE:          0
cpu3->cpu3_L2C PREFETCH REQUESTED:          0 ISSUED:          0 USEFUL:          0 USELESS:          0
cpu3->cpu3_L2C AVERAGE MISS LATENCY: 200.3 cycles
cpu3->cpu3_L1I TOTAL        ACCESS:    4766618 HIT:    4765059 MISS:       1559 MSHR_MERGE:       1061
cpu3->cpu3_L1I LOAD         ACCESS:    4766618 HIT:    4765059 MISS:       1559 MSHR_MERGE:       1061
cpu3->cpu3_L1I RFO          ACCESS:          0 HIT:          0 MISS:          0 MSHR_MERGE:          0
cpu3->cpu3_L1I PREFETCH     ACCESS:          0 HIT:          0 MISS:          0 MSHR_MERGE:          0
cpu3->cpu3_L1I WRITE        ACCESS:          0 HIT:          0 MISS:          0 MSHR_MERGE:          0
cpu3->cpu3_L1I TRANSLATION  ACCESS:          0 HIT:          0 MISS:          0 MSHR_MERGE:          0
cpu3->cpu3_L1I PREFETCH REQUESTED:          0 ISSUED:          0 USEFUL:          0 USELESS:          0
cpu3->cpu3_L1I AVERAGE MISS LATENCY: 408.6 cycles
cpu3->cpu3_L1D TOTAL        ACCESS:    5029233 HIT:    3681568 MISS:    1347665 MSHR_MERGE:     899636
cpu3->cpu3_L1D LOAD         ACCESS:    3362107 HIT:    2636820 MISS:     725287 MSHR_MERGE:     410154
cpu3->cpu3_L1D RFO          ACCESS:          0 HIT:          0 MISS:          0 MSHR_MERGE:          0
cpu3->cpu3_L1D PREFETCH     ACCESS:          0 HIT:          0 MISS:          0 MSHR_MERGE:          0
cpu3->cpu3_L1D WRITE        ACCESS:    1667126 HIT:    1044748 MISS:     622378 MSHR_MERGE:     489482
cpu3->cpu3_L1D TRANSLATION  ACCESS:          0 HIT:          0 MISS:          0 MSHR_MERGE:          0
cpu3->cpu3_L1D PREFETCH REQUESTED:          0 ISSUED:          0 USEFUL:          0 USELESS:          0
cpu3->cpu3_L1D AVERAGE MISS LATENCY: 133.2 cycles
cpu3->cpu3_ITLB TOTAL        ACCESS:    4193622 HIT:    4193622 MISS:          0 MSHR_MERGE:          0
cpu3->cpu3_ITLB LOAD         ACCESS:    4193622 HIT:    4193622 MISS:          0 MSHR_MERGE:          0
cpu3->cpu3_ITLB RFO          ACCESS:          0 HIT:          0 MISS:          0 MSHR_MERGE:          0
cpu3->cpu3_ITLB PREFETCH     ACCESS:          0 HIT:          0 MISS:          0 MSHR_MERGE:          0
cpu3->cpu3_ITLB WRITE        ACCESS:          0 HIT:          0 MISS:          0 MSHR_MERGE:          0
cpu3->cpu3_ITLB TRANSLATION  ACCESS:          0 HIT:          0 MISS:          0 MSHR_MERGE:          0
cpu3->cpu3_ITLB PREFETCH REQUESTED:          0 ISSUED:          0 USEFUL:          0 USELESS:          0
cpu3->cpu3_ITLB AVERAGE MISS LATENCY: - cycles
cpu3->cpu3_DTLB TOTAL        ACCESS:    4463428 HIT:    4463428 MISS:          0 MSHR_MERGE:          0
cpu3->cpu3_DTLB LOAD         ACCESS:    4463428 HIT:    4463428 MISS:          0 MSHR_MERGE:          0
cpu3->cpu3_DTLB RFO          ACCESS:          0 HIT:          0 MISS:          0 MSHR_MERGE:          0
cpu3->cpu3_DTLB PREFETCH     ACCESS:          0 HIT:          0 MISS:          0 MSHR_MERGE:          0
cpu3->cpu3_DTLB WRITE        ACCESS:          0 HIT:          0 MISS:          0 MSHR_MERGE:          0
cpu3->cpu3_DTLB TRANSLATION  ACCESS:          0 HIT:          0 MISS:          0 MSHR_MERGE:          0
cpu3->cpu3_DTLB PREFETCH REQUESTED:          0 ISSUED:          0 USEFUL:          0 USELESS:          0
cpu3->cpu3_DTLB AVERAGE MISS LATENCY: - cycles
cpu2->cpu2_L2C TOTAL        ACCESS:     639470 HIT:     360384 MISS:     279086 MSHR_MERGE:          0
cpu2->cpu2_L2C LOAD         ACCESS:     315307 HIT:     162106 MISS:     153201 MSHR_MERGE:          0
cpu2->cpu2_L2C RFO          ACCESS:     132855 HIT:       7017 MISS:     125838 MSHR_MERGE:          0
cpu2->cpu2_L2C PREFETCH     ACCESS:          0 HIT:          0 MISS:          0 MSHR_MERGE:          0
cpu2->cpu2_L2C WRITE        ACCESS:     191308 HIT:     191261 MISS:         47 MSHR_MERGE:          0
cpu2->cpu2_L2C TRANSLATION  ACCESS:          0 HIT:          0 MISS:          0 MSHR_MERGE:          0
cpu2->cpu2_L2C PREFETCH REQUESTED:          0 ISSUED:          0 USEFUL:          0 USELESS:          0
cpu2->cpu2_L2C AVERAGE MISS LATENCY: 196.7 cycles
cpu2->cpu2_L1I TOTAL        ACCESS:    4762361 HIT:    4760764 MISS:       1597 MSHR_MERGE:       1086
cpu2->cpu2_L1I LOAD         ACCESS:    4762361 HIT:    4760764 MISS:       1597 MSHR_MERGE:       1086
cpu2->cpu2_L1I RFO          ACCESS:          0 HIT:          0 MISS:          0 MSHR_MERGE:          0
cpu2->cpu2_L1I PREFETCH     ACCESS:          0 HIT:          0 MISS:          0 MSHR_MERGE:          0
cpu2->cpu2_L1I WRITE        ACCESS:          0 HIT:          0 MISS:          0 MSHR_MERGE:          0
cpu2->cpu2_L1I TRANSLATION  ACCESS:          0 HIT:          0 MISS:          0 MSHR_MERGE:          0
cpu2->cpu2_L1I PREFETCH REQUESTED:          0 ISSUED:          0 USEFUL:          0 USELESS:          0
cpu2->cpu2_L1I AVERAGE MISS LATENCY: 452.2 cycles
cpu2->cpu2_L1D TOTAL        ACCESS:    5017989 HIT:    3670431 MISS:    1347558 MSHR_MERGE:     899907
cpu2->cpu2_L1D LOAD         ACCESS:    3351863 HIT:    2628474 MISS:     723389 MSHR_MERGE:     408593
cpu2->cpu2_L1D RFO          ACCESS:          0 HIT:          0 MISS:          0 MSHR_MERGE:          0
cpu2->cpu2_L1D PREFETCH     ACCESS:          0 HIT:          0 MISS:          0 MSHR_MERGE:          0
cpu2->cpu2_L1D WRITE        ACCESS:    1666126 HIT:    1041957 MISS:     624169 MSHR_MERGE:     491314
cpu2->cpu2_L1D TRANSLATION  ACCESS:          0 HIT:          0 MISS:          0 MSHR_MERGE:          0
cpu2->cpu2_L1D PREFETCH REQUESTED:          0 ISSUED:          0 USEFUL:          0 USELESS:          0
cpu2->cpu2_L1D AVERAGE MISS LATENCY: 130.8 cycles
cpu2->cpu2_ITLB TOTAL        ACCESS:    4184451 HIT:    4184451 MISS:          0 MSHR_MERGE:          0
cpu2->cpu2_ITLB LOAD         ACCESS:    4184451 HIT:    4184451 MISS:          0 MSHR_MERGE:          0
cpu2->cpu2_ITLB RFO          ACCESS:          0 HIT:          0 MISS:          0 MSHR_MERGE:          0
cpu2->cpu2_ITLB PREFETCH     ACCESS:          0 HIT:          0 MISS:          0 MSHR_MERGE:          0
cpu2->cpu2_ITLB WRITE        ACCESS:          0 HIT:          0 MISS:          0 MSHR_MERGE:          0
cpu2->cpu2_ITLB TRANSLATION  ACCESS:          0 HIT:          0 MISS:          0 MSHR_MERGE:          0
cpu2->cpu2_ITLB PREFETCH REQUESTED:          0 ISSUED:          0 USEFUL:          0 USELESS:          0
cpu2->cpu2_ITLB AVERAGE MISS LATENCY: - cycles
cpu2->cpu2_DTLB TOTAL        ACCESS:    4445172 HIT:    4445172 MISS:          0 MSHR_MERGE:          0
cpu2->cpu2_DTLB LOAD         ACCESS:    4445172 HIT:    4445172 MISS:          0 MSHR_MERGE:          0
cpu2->cpu2_DTLB RFO          ACCESS:          0 HIT:          0 MISS:          0 MSHR_MERGE:          0
cpu2->cpu2_DTLB PREFETCH     ACCESS:          0 HIT:          0 MISS:          0 MSHR_MERGE:          0
cpu2->cpu2_DTLB WRITE        ACCESS:          0 HIT:          0 MISS:          0 MSHR_MERGE:          0
cpu2->cpu2_DTLB TRANSLATION  ACCESS:          0 HIT:          0 MISS:          0 MSHR_MERGE:          0
cpu2->cpu2_DTLB PREFETCH REQUESTED:          0 ISSUED:          0 USEFUL:          0 USELESS:          0
cpu2->cpu2_DTLB AVERAGE MISS LATENCY: - cycles
cpu1->cpu1_L2C TOTAL        ACCESS:     640671 HIT:     363328 MISS:     277343 MSHR_MERGE:          0
cpu1->cpu1_L2C LOAD         ACCESS:     316902 HIT:     164549 MISS:     152353 MSHR_MERGE:          0
cpu1->cpu1_L2C RFO          ACCESS:     131950 HIT:       7007 MISS:     124943 MSHR_MERGE:          0
cpu1->cpu1_L2C PREFETCH     ACCESS:          0 HIT:          0 MISS:          0 MSHR_MERGE:          0
cpu1->cpu1_L2C WRITE        ACCESS:     191819 HIT:     191772 MISS:         47 MSHR_MERGE:          0
cpu1->cpu1_L2C TRANSLATION  ACCESS:          0 HIT:          0 MISS:          0 MSHR_MERGE:          0
cpu1->cpu1_L2C PREFETCH REQUESTED:          0 ISSUED:          0 USEFUL:          0 USELESS:          0
cpu1->cpu1_L2C AVERAGE MISS LATENCY: 187.9 cycles
cpu1->cpu1_L1I TOTAL        ACCESS:    4819561 HIT:    4817971 MISS:       1590 MSHR_MERGE:       1088
cpu1->cpu1_L1I LOAD         ACCESS:    4819561 HIT:    4817971 MISS:       1590 MSHR_MERGE:       1088
cpu1->cpu1_L1I RFO          ACCESS:          0 HIT:          0 MISS:          0 MSHR_MERGE:          0
cpu1->cpu1_L1I PREFETCH     ACCESS:          0 HIT:          0 MISS:          0 MSHR_MERGE:          0
cpu1->cpu1_L1I WRITE        ACCESS:          0 HIT:          0 MISS:          0 MSHR_MERGE:          0
cpu1->cpu1_L1I TRANSLATION  ACCESS:          0 HIT:          0 MISS:          0 MSHR_MERGE:          0
cpu1->cpu1_L1I PREFETCH REQUESTED:          0 ISSUED:          0 USEFUL:          0 USELESS:          0
cpu1->cpu1_L1I AVERAGE MISS LATENCY: 427.2 cycles
cpu1->cpu1_L1D TOTAL        ACCESS:    5024321 HIT:    3677283 MISS:    1347038 MSHR_MERGE:     898688
cpu1->cpu1_L1D LOAD         ACCESS:    3362015 HIT:    2639159 MISS:     722856 MSHR_MERGE:     406456
cpu1->cpu1_L1D RFO          ACCESS:          0 HIT:          0 MISS:          0 MSHR_MERGE:          0
cpu1->cpu1_L1D PREFETCH     ACCESS:          0 HIT:          0 MISS:          0 MSHR_MERGE:          0
cpu1->cpu1_L1D WRITE        ACCESS:    1662306 HIT:    1038124 MISS:     624182 MSHR_MERGE:     492232
cpu1->cpu1_L1D TRANSLATION  ACCESS:          0 HIT:          0 MISS:          0 MSHR_MERGE:          0
cpu1->cpu1_L1D PREFETCH REQUESTED:          0 ISSUED:          0 USEFUL:          0 USELESS:          0
cpu1->cpu1_L1D AVERAGE MISS LATENCY: 124.5 cycles
cpu1->cpu1_ITLB TOTAL        ACCESS:    4232315 HIT:    4232315 MISS:          0 MSHR_MERGE:          0
cpu1->cpu1_ITLB LOAD         ACCESS:    4232315 HIT:    4232315 MISS:          0 MSHR_MERGE:          0
cpu1->cpu1_ITLB RFO          ACCESS:          0 HIT:          0 MISS:          0 MSHR_MERGE:          0
cpu1->cpu1_ITLB PREFETCH     ACCESS:          0 HIT:          0 MISS:          0 MSHR_MERGE:          0
cpu1->cpu1_ITLB WRITE        ACCESS:          0 HIT:          0 MISS:          0 MSHR_MERGE:          0
cpu1->cpu1_ITLB TRANSLATION  ACCESS:          0 HIT:          0 MISS:          0 MSHR_MERGE:          0
cpu1->cpu1_ITLB PREFETCH REQUESTED:          0 ISSUED:          0 USEFUL:          0 USELESS:          0
cpu1->cpu1_ITLB AVERAGE MISS LATENCY: - cycles
cpu1->cpu1_DTLB TOTAL        ACCESS:    4455525 HIT:    4455525 MISS:          0 MSHR_MERGE:          0
cpu1->cpu1_DTLB LOAD         ACCESS:    4455525 HIT:    4455525 MISS:          0 MSHR_MERGE:          0
cpu1->cpu1_DTLB RFO          ACCESS:          0 HIT:          0 MISS:          0 MSHR_MERGE:          0
cpu1->cpu1_DTLB PREFETCH     ACCESS:          0 HIT:          0 MISS:          0 MSHR_MERGE:          0
cpu1->cpu1_DTLB WRITE        ACCESS:          0 HIT:          0 MISS:          0 MSHR_MERGE:          0
cpu1->cpu1_DTLB TRANSLATION  ACCESS:          0 HIT:          0 MISS:          0 MSHR_MERGE:          0
cpu1->cpu1_DTLB PREFETCH REQUESTED:          0 ISSUED:          0 USEFUL:          0 USELESS:          0
cpu1->cpu1_DTLB AVERAGE MISS LATENCY: - cycles
cpu0->cpu0_L2C TOTAL        ACCESS:     654142 HIT:     374109 MISS:     280033 MSHR_MERGE:          0
cpu0->cpu0_L2C LOAD         ACCESS:     323341 HIT:     171354 MISS:     151987 MSHR_MERGE:          0
cpu0->cpu0_L2C RFO          ACCESS:     135009 HIT:       7011 MISS:     127998 MSHR_MERGE:          0
cpu0->cpu0_L2C PREFETCH     ACCESS:          0 HIT:          0 MISS:          0 MSHR_MERGE:          0
cpu0->cpu0_L2C WRITE        ACCESS:     195792 HIT:     195744 MISS:         48 MSHR_MERGE:          0
cpu0->cpu0_L2C TRANSLATION  ACCESS:          0 HIT:          0 MISS:          0 MSHR_MERGE:          0
cpu0->cpu0_L2C PREFETCH REQUESTED:          0 ISSUED:          0 USEFUL:          0 USELESS:          0
cpu0->cpu0_L2C AVERAGE MISS LATENCY: 188.4 cycles
cpu0->cpu0_L1I TOTAL        ACCESS:    4807881 HIT:    4806262 MISS:       1619 MSHR_MERGE:       1113
cpu0->cpu0_L1I LOAD         ACCESS:    4807881 HIT:    4806262 MISS:       1619 MSHR_MERGE:       1113
cpu0->cpu0_L1I RFO          ACCESS:          0 HIT:          0 MISS:          0 MSHR_MERGE:          0
cpu0->cpu0_L1I PREFETCH     ACCESS:          0 HIT:          0 MISS:          0 MSHR_MERGE:          0
cpu0->cpu0_L1I WRITE        ACCESS:          0 HIT:          0 MISS:          0 MSHR_MERGE:          0
cpu0->cpu0_L1I TRANSLATION  ACCESS:          0 HIT:          0 MISS:          0 MSHR_MERGE:          0
cpu0->cpu0_L1I PREFETCH REQUESTED:          0 ISSUED:          0 USEFUL:          0 USELESS:          0
cpu0->cpu0_L1I AVERAGE MISS LATENCY: 394.5 cycles
cpu0->cpu0_L1D TOTAL        ACCESS:    5032056 HIT:    3664185 MISS:    1367871 MSHR_MERGE:     910027
cpu0->cpu0_L1D LOAD         ACCESS:    3366294 HIT:    2631748 MISS:     734546 MSHR_MERGE:     411711
cpu0->cpu0_L1D RFO          ACCESS:          0 HIT:          0 MISS:          0 MSHR_MERGE:          0
cpu0->cpu0_L1D PREFETCH     ACCESS:          0 HIT:          0 MISS:          0 MSHR_MERGE:          0
cpu0->cpu0_L1D WRITE        ACCESS:    1665762 HIT:    1032437 MISS:     633325 MSHR_MERGE:     498316
cpu0->cpu0_L1D TRANSLATION  ACCESS:          0 HIT:          0 MISS:          0 MSHR_MERGE:          0
cpu0->cpu0_L1D PREFETCH REQUESTED:          0 ISSUED:          0 USEFUL:          0 USELESS:          0
cpu0->cpu0_L1D AVERAGE MISS LATENCY: 123.4 cycles
cpu0->cpu0_ITLB TOTAL        ACCESS:    4221562 HIT:    4221562 MISS:          0 MSHR_MERGE:          0
cpu0->cpu0_ITLB LOAD         ACCESS:    4221562 HIT:    4221562 MISS:          0 MSHR_MERGE:          0
cpu0->cpu0_ITLB RFO          ACCESS:          0 HIT:          0 MISS:          0 MSHR_MERGE:          0
cpu0->cpu0_ITLB PREFETCH     ACCESS:          0 HIT:          0 MISS:          0 MSHR_MERGE:          0
cpu0->cpu0_ITLB WRITE        ACCESS:          0 HIT:          0 MISS:          0 MSHR_MERGE:          0
cpu0->cpu0_ITLB TRANSLATION  ACCESS:          0 HIT:          0 MISS:          0 MSHR_MERGE:          0
cpu0->cpu0_ITLB PREFETCH REQUESTED:          0 ISSUED:          0 USEFUL:          0 USELESS:          0
cpu0->cpu0_ITLB AVERAGE MISS LATENCY: - cycles
cpu0->cpu0_DTLB TOTAL        ACCESS:    4461928 HIT:    4461928 MISS:          0 MSHR_MERGE:          0
cpu0->cpu0_DTLB LOAD         ACCESS:    4461928 HIT:    4461928 MISS:          0 MSHR_MERGE:          0
cpu0->cpu0_DTLB RFO          ACCESS:          0 HIT:          0 MISS:          0 MSHR_MERGE:          0
cpu0->cpu0_DTLB PREFETCH     ACCESS:          0 HIT:          0 MISS:          0 MSHR_MERGE:          0
cpu0->cpu0_DTLB WRITE        ACCESS:          0 HIT:          0 MISS:          0 MSHR_MERGE:          0
cpu0->cpu0_DTLB TRANSLATION  ACCESS:          0 HIT:          0 MISS:          0 MSHR_MERGE:          0
cpu0->cpu0_DTLB PREFETCH REQUESTED:          0 ISSUED:          0 USEFUL:          0 USELESS:          0
cpu0->cpu0_DTLB AVERAGE MISS LATENCY: - cycles
cpu0->LLC TOTAL        ACCESS:     432249 HIT:     282930 MISS:     149319 MSHR_MERGE:          0
cpu0->LLC LOAD         ACCESS:     151986 HIT:      77621 MISS:      74365 MSHR_MERGE:          0
cpu0->LLC RFO          ACCESS:     127998 HIT:      64262 MISS:      63736 MSHR_MERGE:          0
cpu0->LLC PREFETCH     ACCESS:          0 HIT:          0 MISS:          0 MSHR_MERGE:          0
cpu0->LLC WRITE        ACCESS:     152265 HIT:     141047 MISS:      11218 MSHR_MERGE:          0
cpu0->LLC TRANSLATION  ACCESS:          0 HIT:          0 MISS:          0 MSHR_MERGE:          0
cpu0->LLC PREFETCH REQUESTED:          0 ISSUED:          0 USEFUL:          0 USELESS:          0
cpu0->LLC AVERAGE MISS LATENCY: 2691 cycles
cpu1->LLC TOTAL        ACCESS:     428430 HIT:     280286 MISS:     148144 MSHR_MERGE:          0
cpu1->LLC LOAD         ACCESS:     152353 HIT:      76670 MISS:      75683 MSHR_MERGE:          0
cpu1->LLC RFO          ACCESS:     124943 HIT:      62355 MISS:      62588 MSHR_MERGE:          0
cpu1->LLC PREFETCH     ACCESS:          0 HIT:          0 MISS:          0 MSHR_MERGE:          0
cpu1->LLC WRITE        ACCESS:     151134 HIT:     141261 MISS:       9873 MSHR_MERGE:          0
cpu1->LLC TRANSLATION  ACCESS:          0 HIT:          0 MISS:          0 MSHR_MERGE:          0
cpu1->LLC PREFETCH REQUESTED:          0 ISSUED:          0 USEFUL:          0 USELESS:          0
cpu1->LLC AVERAGE MISS LATENCY: 2712 cycles
cpu2->LLC TOTAL        ACCESS:     431152 HIT:     286175 MISS:     144977 MSHR_MERGE:          0
cpu2->LLC LOAD         ACCESS:     153200 HIT:      76801 MISS:      76399 MSHR_MERGE:          0
cpu2->LLC RFO          ACCESS:     125838 HIT:      63588 MISS:      62250 MSHR_MERGE:          0
cpu2->LLC PREFETCH     ACCESS:          0 HIT:          0 MISS:          0 MSHR_MERGE:          0
cpu2->LLC WRITE        ACCESS:     152114 HIT:     145786 MISS:       6328 MSHR_MERGE:          0
cpu2->LLC TRANSLATION  ACCESS:          0 HIT:          0 MISS:          0 MSHR_MERGE:          0
cpu2->LLC PREFETCH REQUESTED:          0 ISSUED:          0 USEFUL:          0 USELESS:          0
cpu2->LLC AVERAGE MISS LATENCY: 2771 cycles
cpu3->LLC TOTAL        ACCESS:     431984 HIT:     288008 MISS:     143976 MSHR_MERGE:          0
cpu3->LLC LOAD         ACCESS:     153654 HIT:      78336 MISS:      75318 MSHR_MERGE:          0
cpu3->LLC RFO          ACCESS:     125884 HIT:      63841 MISS:      62043 MSHR_MERGE:          0
cpu3->LLC PREFETCH     ACCESS:          0 HIT:          0 MISS:          0 MSHR_MERGE:          0
cpu3->LLC WRITE        ACCESS:     152446 HIT:     145831 MISS:       6615 MSHR_MERGE:          0
cpu3->LLC TRANSLATION  ACCESS:          0 HIT:          0 MISS:          0 MSHR_MERGE:          0
cpu3->LLC PREFETCH REQUESTED:          0 ISSUED:          0 USEFUL:          0 USELESS:          0
cpu3->LLC AVERAGE MISS LATENCY: 2790 cycles
cpu4->LLC TOTAL        ACCESS:     445757 HIT:     299943 MISS:     145814 MSHR_MERGE:          0
cpu4->LLC LOAD         ACCESS:     157555 HIT:      86646 MISS:      70909 MSHR_MERGE:          0
cpu4->LLC RFO          ACCESS:     131645 HIT:      66213 MISS:      65432 MSHR_MERGE:          0
cpu4->LLC PREFETCH     ACCESS:          0 HIT:          0 MISS:          0 MSHR_MERGE:          0
cpu4->LLC WRITE        ACCESS:     156557 HIT:     147084 MISS:       9473 MSHR_MERGE:          0
cpu4->LLC TRANSLATION  ACCESS:          0 HIT:          0 MISS:          0 MSHR_MERGE:          0
cpu4->LLC PREFETCH REQUESTED:          0 ISSUED:          0 USEFUL:          0 USELESS:          0
cpu4->LLC AVERAGE MISS LATENCY: 2755 cycles
cpu5->LLC TOTAL        ACCESS:     440309 HIT:     297758 MISS:     142551 MSHR_MERGE:          0
cpu5->LLC LOAD         ACCESS:     157666 HIT:      84517 MISS:      73149 MSHR_MERGE:          0
cpu5->LLC RFO          ACCESS:     126609 HIT:      63345 MISS:      63264 MSHR_MERGE:          0
cpu5->LLC PREFETCH     ACCESS:          0 HIT:          0 MISS:          0 MSHR_MERGE:          0
cpu5->LLC WRITE        ACCESS:     156034 HIT:     149896 MISS:       6138 MSHR_MERGE:          0
cpu5->LLC TRANSLATION  ACCESS:          0 HIT:          0 MISS:          0 MSHR_MERGE:          0
cpu5->LLC PREFETCH REQUESTED:          0 ISSUED:          0 USEFUL:          0 USELESS:          0
cpu5->LLC AVERAGE MISS LATENCY: 2818 cycles
cpu6->LLC TOTAL        ACCESS:     447670 HIT:     305261 MISS:     142409 MSHR_MERGE:          0
cpu6->LLC LOAD         ACCESS:     160247 HIT:      85510 MISS:      74737 MSHR_MERGE:          0
cpu6->LLC RFO          ACCESS:     128636 HIT:      67523 MISS:      61113 MSHR_MERGE:          0
cpu6->LLC PREFETCH     ACCESS:          0 HIT:          0 MISS:          0 MSHR_MERGE:          0
cpu6->LLC WRITE        ACCESS:     158787 HIT:     152228 MISS:       6559 MSHR_MERGE:          0
cpu6->LLC TRANSLATION  ACCESS:          0 HIT:          0 MISS:          0 MSHR_MERGE:          0
cpu6->LLC PREFETCH REQUESTED:          0 ISSUED:          0 USEFUL:          0 USELESS:          0
cpu6->LLC AVERAGE MISS LATENCY: 2821 cycles
cpu7->LLC TOTAL        ACCESS:     449870 HIT:     309063 MISS:     140807 MSHR_MERGE:          0
cpu7->LLC LOAD         ACCESS:     161038 HIT:      88170 MISS:      72868 MSHR_MERGE:          0
cpu7->LLC RFO          ACCESS:     128881 HIT:      66295 MISS:      62586 MSHR_MERGE:          0
cpu7->LLC PREFETCH     ACCESS:          0 HIT:          0 MISS:          0 MSHR_MERGE:          0
cpu7->LLC WRITE        ACCESS:     159951 HIT:     154598 MISS:       5353 MSHR_MERGE:          0
cpu7->LLC TRANSLATION  ACCESS:          0 HIT:          0 MISS:          0 MSHR_MERGE:          0
cpu7->LLC PREFETCH REQUESTED:          0 ISSUED:          0 USEFUL:          0 USELESS:          0
cpu7->LLC AVERAGE MISS LATENCY: 2853 cycles

DRAM Statistics

Channel 0 READ REQS:     548477	WRITE REQS:     373564
  READS:     548382	READ_HITS:          0
  WRITES:     373549	WRITE HITS:          0
  ACTIVATES:     921933	PRECHARGES:     921931
  RQ FULL:          0	WQ FULL:       3611
  WRITE DRAINS:      14339	FORCED:       7383
  MEAN WRITE IMBALANCE: 1.9105237464258316
  READ OCCU PRE DRAIN: 4.142060115768185	POST DRAIN: 9.222818885556872
  MEAN WLP: 16.256851942255388
  READ LATENCY: 87.68446812623317
  TIME IN WRITE MODE: 1981821504

Channel 1 READ REQS:     547963	WRITE REQS:     373225
  READS:     547842	READ_HITS:          0
  WRITES:     373219	WRITE HITS:          0
  ACTIVATES:     921065	PRECHARGES:     921061
  RQ FULL:       2715	WQ FULL:       3118
  WRITE DRAINS:      14404	FORCED:       7307
  MEAN WRITE IMBALANCE: 1.9093307414607052
  READ OCCU PRE DRAIN: 4.2296584282143845	POST DRAIN: 9.346709247431269
  MEAN WLP: 16.195778950291587
  READ LATENCY: 89.27661990135842
  TIME IN WRITE MODE: 1989781664
BARD NON LRU EVICTS: 3420	TOTAL EVICTS: 2144960	EAGER WB: 336662
