[VMEM] WARNING: physical memory size is smaller than virtual memory size.

*** ChampSim Multicore Out-of-Order Simulator ***
Warmup Instructions: 25000000
Simulation Instructions: 25000000
Number of CPUs: 8
Page size: 2097152

initializing BARD -- num sampled sets: 64, modulus = 256
CL :	 16.64 ns
CWL :	 15.808 ns
tRP :	 16.224 ns
tRCD :	 16.224 ns
tRAS :	 32.032000000000004 ns
tRTP :	 7.904 ns
tWR :	 30.368000000000002 ns

tCCD_S :	 3.3280000000000003 ns
tCCD_S_WR :	 3.3280000000000003 ns
tCCD_S_WTR :	 22.048000000000002 ns
tCCD_L :	 5.408 ns
tCCD_L_WR :	 20.384 ns
tCCD_L_WTR :	 29.536 ns
tRRD_S :	 3.3280000000000003 ns
tRRD_L :	 5.408 ns
tFAW :	 13.728 ns
Address mapping (perm = 1) 	ch co bg bg bg ba ba co co co co co co ro ro ro ro ro ro ro ro ro ro ro ro ro ro ro 
dram queue size: R = 64 W = 48 (low:high is 9:39)
num evicts: 0, p: 0, s: 0 	 max proactive lookup: 15, max shadow lookup: 16
current cycle = 16928, last update cycle = 0, delta = 16928
	load umon |	misses = 67, hits= 1 0 0 0 0 0 0 0 0 0 0 0 0 0 0 5
	write umon |	misses = 0, hits= 0 0 0 0 0 0 0 0 0 0 0 0 0 0 0 0
num evicts: 100000, p: 16186, s: 7528 	 max proactive lookup: 16, max shadow lookup: 16
current cycle = 551642, last update cycle = 0, delta = 551642
	load umon |	misses = 1313, hits= 1 0 0 0 0 0 0 0 0 0 0 0 0 0 0 5
	write umon |	misses = 224, hits= 0 0 0 0 0 0 0 0 0 0 0 0 0 0 0 0
num evicts: 200000, p: 36346, s: 15377 	 max proactive lookup: 16, max shadow lookup: 16
current cycle = 762165, last update cycle = 0, delta = 762165
	load umon |	misses = 1783, hits= 1 0 0 0 0 0 0 0 0 0 0 0 0 0 0 12
	write umon |	misses = 481, hits= 0 0 0 0 0 0 0 0 0 0 0 0 0 0 0 0
num evicts: 300000, p: 56856, s: 22269 	 max proactive lookup: 16, max shadow lookup: 16
current cycle = 937164, last update cycle = 0, delta = 937164
	load umon |	misses = 2170, hits= 1 0 0 0 0 0 0 0 0 0 0 0 0 0 0 12
	write umon |	misses = 767, hits= 0 0 0 0 0 0 0 0 0 0 0 0 0 0 0 0
num evicts: 400000, p: 77168, s: 31154 	 max proactive lookup: 16, max shadow lookup: 16
current cycle = 1112148, last update cycle = 0, delta = 1112148
	load umon |	misses = 2569, hits= 1 0 0 0 0 0 0 0 0 0 0 0 0 0 0 12
	write umon |	misses = 1070, hits= 0 0 0 0 0 0 0 0 0 0 0 0 0 0 0 0
num evicts: 500000, p: 97237, s: 41205 	 max proactive lookup: 16, max shadow lookup: 16
current cycle = 1287152, last update cycle = 0, delta = 1287152
	load umon |	misses = 2958, hits= 1 0 0 0 0 0 0 0 0 0 0 0 0 0 0 12
	write umon |	misses = 1363, hits= 0 0 0 0 0 0 0 0 0 0 0 0 0 0 0 0
num evicts: 600000, p: 116997, s: 51170 	 max proactive lookup: 16, max shadow lookup: 16
current cycle = 1462162, last update cycle = 0, delta = 1462162
	load umon |	misses = 3353, hits= 1 0 0 0 0 0 0 0 0 0 0 0 0 0 0 12
	write umon |	misses = 1661, hits= 0 0 0 0 0 0 0 0 0 0 0 0 0 0 0 0
num evicts: 700000, p: 137249, s: 61305 	 max proactive lookup: 16, max shadow lookup: 16
current cycle = 1637161, last update cycle = 0, delta = 1637161
	load umon |	misses = 3748, hits= 1 0 0 0 0 0 0 0 0 0 0 0 0 0 6 13
	write umon |	misses = 1953, hits= 0 0 0 0 0 0 0 0 0 0 0 0 0 0 0 0
num evicts: 800000, p: 156868, s: 71164 	 max proactive lookup: 16, max shadow lookup: 16
current cycle = 1812167, last update cycle = 0, delta = 1812167
	load umon |	misses = 4121, hits= 1 0 0 0 0 0 0 0 0 0 0 0 0 0 6 13
	write umon |	misses = 2229, hits= 0 0 0 0 0 0 0 0 0 0 0 0 0 0 0 0
num evicts: 900000, p: 177457, s: 81492 	 max proactive lookup: 16, max shadow lookup: 16
current cycle = 1987151, last update cycle = 0, delta = 1987151
	load umon |	misses = 4529, hits= 1 0 0 0 0 0 0 0 0 0 0 0 0 0 6 13
	write umon |	misses = 2541, hits= 0 0 0 0 0 0 0 0 0 0 0 0 0 0 0 0
num evicts: 1000000, p: 198349, s: 91897 	 max proactive lookup: 16, max shadow lookup: 16
current cycle = 2162155, last update cycle = 0, delta = 2162155
	load umon |	misses = 4928, hits= 1 0 0 0 0 0 0 0 0 0 0 0 0 0 6 13
	write umon |	misses = 2836, hits= 0 0 0 0 0 0 0 0 0 0 0 0 0 0 0 0
num evicts: 1100000, p: 219201, s: 102192 	 max proactive lookup: 16, max shadow lookup: 16
current cycle = 2337155, last update cycle = 0, delta = 2337155
	load umon |	misses = 5301, hits= 1 0 0 0 0 0 0 0 0 0 0 0 0 0 6 13
	write umon |	misses = 3120, hits= 0 0 0 0 0 0 0 0 0 0 0 0 0 0 0 0
num evicts: 1200000, p: 239765, s: 112613 	 max proactive lookup: 16, max shadow lookup: 16
current cycle = 2512149, last update cycle = 0, delta = 2512149
	load umon |	misses = 5705, hits= 1 0 0 0 0 0 0 0 0 0 0 0 0 0 6 13
	write umon |	misses = 3416, hits= 0 0 0 0 0 0 0 0 0 0 0 0 0 0 0 0
num evicts: 1300000, p: 259722, s: 122747 	 max proactive lookup: 16, max shadow lookup: 16
current cycle = 2687170, last update cycle = 0, delta = 2687170
	load umon |	misses = 6085, hits= 1 0 0 0 0 0 0 0 0 0 0 0 0 0 12 14
	write umon |	misses = 3704, hits= 0 0 0 0 0 0 0 0 0 0 0 0 0 0 0 0
num evicts: 1400000, p: 279793, s: 133130 	 max proactive lookup: 16, max shadow lookup: 16
current cycle = 2862153, last update cycle = 0, delta = 2862153
	load umon |	misses = 6478, hits= 1 0 0 0 0 0 0 0 0 0 0 0 0 0 12 14
	write umon |	misses = 4001, hits= 0 0 0 0 0 0 0 0 0 0 0 0 0 0 0 0
num evicts: 1500000, p: 300794, s: 143755 	 max proactive lookup: 16, max shadow lookup: 16
current cycle = 3037149, last update cycle = 0, delta = 3037149
	load umon |	misses = 6874, hits= 1 0 0 0 0 0 0 0 0 0 0 0 0 0 12 14
	write umon |	misses = 4300, hits= 0 0 0 0 0 0 0 0 0 0 0 0 0 0 0 0
num evicts: 1600000, p: 321716, s: 154144 	 max proactive lookup: 16, max shadow lookup: 16
current cycle = 3212153, last update cycle = 0, delta = 3212153
	load umon |	misses = 7256, hits= 1 0 0 0 0 0 0 0 0 0 0 0 0 0 12 14
	write umon |	misses = 4584, hits= 0 0 0 0 0 0 0 0 0 0 0 0 0 0 0 0
num evicts: 1700000, p: 342538, s: 164514 	 max proactive lookup: 16, max shadow lookup: 16
current cycle = 3387153, last update cycle = 0, delta = 3387153
	load umon |	misses = 7652, hits= 1 0 0 0 0 0 0 0 0 0 0 0 0 0 18 15
	write umon |	misses = 4881, hits= 0 0 0 0 0 0 0 0 0 0 0 0 0 0 0 0
num evicts: 1800000, p: 362863, s: 174670 	 max proactive lookup: 16, max shadow lookup: 16
current cycle = 3562136, last update cycle = 0, delta = 3562136
	load umon |	misses = 8054, hits= 1 0 0 0 0 0 0 0 0 0 0 0 0 0 18 15
	write umon |	misses = 5184, hits= 0 0 0 0 0 0 0 0 0 0 0 0 0 0 0 0
num evicts: 1900000, p: 382076, s: 184670 	 max proactive lookup: 16, max shadow lookup: 16
current cycle = 3737133, last update cycle = 0, delta = 3737133
	load umon |	misses = 8431, hits= 1 0 0 0 0 0 0 0 0 0 0 0 0 0 18 15
	write umon |	misses = 5465, hits= 0 0 0 0 0 0 0 0 0 0 0 0 0 0 0 0
num evicts: 2000000, p: 402498, s: 195103 	 max proactive lookup: 16, max shadow lookup: 16
current cycle = 3912127, last update cycle = 0, delta = 3912127
	load umon |	misses = 8827, hits= 1 0 0 0 0 0 0 0 0 0 0 0 0 0 18 15
	write umon |	misses = 5765, hits= 0 0 0 0 0 0 0 0 0 0 0 0 0 0 0 0
num evicts: 2100000, p: 422667, s: 205608 	 max proactive lookup: 16, max shadow lookup: 16
current cycle = 4087125, last update cycle = 0, delta = 4087125
	load umon |	misses = 9222, hits= 1 0 0 0 0 0 0 0 0 0 0 0 0 0 18 15
	write umon |	misses = 6056, hits= 0 0 0 0 0 0 0 0 0 0 0 0 0 0 0 0
num evicts: 2200000, p: 442896, s: 215662 	 max proactive lookup: 16, max shadow lookup: 16
current cycle = 4262130, last update cycle = 0, delta = 4262130
	load umon |	misses = 9598, hits= 1 0 0 0 0 0 0 0 0 0 0 0 0 0 18 15
	write umon |	misses = 6336, hits= 0 0 0 0 0 0 0 0 0 0 0 0 0 0 0 0
num evicts: 2300000, p: 462823, s: 225631 	 max proactive lookup: 16, max shadow lookup: 16
current cycle = 4437134, last update cycle = 0, delta = 4437134
	load umon |	misses = 10015, hits= 1 0 0 0 0 0 0 0 0 0 0 0 0 0 24 16
	write umon |	misses = 6648, hits= 0 0 0 0 0 0 0 0 0 0 0 0 0 0 0 0
num evicts: 2400000, p: 481975, s: 235063 	 max proactive lookup: 16, max shadow lookup: 16
current cycle = 4612124, last update cycle = 0, delta = 4612124
	load umon |	misses = 10392, hits= 1 0 0 0 0 0 0 0 0 0 0 0 0 0 24 16
	write umon |	misses = 6925, hits= 0 0 0 0 0 0 0 0 0 0 0 0 0 0 0 0
num evicts: 2500000, p: 502290, s: 245693 	 max proactive lookup: 16, max shadow lookup: 16
current cycle = 4787099, last update cycle = 0, delta = 4787099
	load umon |	misses = 10774, hits= 1 0 0 0 0 0 0 0 0 0 0 0 0 0 24 16
	write umon |	misses = 7222, hits= 0 0 0 0 0 0 0 0 0 0 0 0 0 0 0 0
num evicts: 2600000, p: 522695, s: 256331 	 max proactive lookup: 16, max shadow lookup: 16
current cycle = 4962132, last update cycle = 0, delta = 4962132
	load umon |	misses = 11178, hits= 1 0 0 0 0 0 0 0 0 0 0 0 0 0 24 16
	write umon |	misses = 7520, hits= 0 0 0 0 0 0 0 0 0 0 0 0 0 0 0 0
num evicts: 2700000, p: 543310, s: 266667 	 max proactive lookup: 16, max shadow lookup: 16
current cycle = 5137124, last update cycle = 5000000, delta = 137124
	load umon |	misses = 5928, hits= 0 0 0 0 0 0 0 0 0 0 0 0 0 0 12 8
	write umon |	misses = 4012, hits= 0 0 0 0 0 0 0 0 0 0 0 0 0 0 0 0
num evicts: 2800000, p: 563818, s: 277489 	 max proactive lookup: 16, max shadow lookup: 16
current cycle = 5312128, last update cycle = 5000000, delta = 312128
	load umon |	misses = 6321, hits= 0 0 0 0 0 0 0 0 0 0 0 0 0 1 17 9
	write umon |	misses = 4309, hits= 0 0 0 0 0 0 0 0 0 0 0 0 0 0 0 0
num evicts: 2900000, p: 583190, s: 287947 	 max proactive lookup: 16, max shadow lookup: 16
current cycle = 5487130, last update cycle = 5000000, delta = 487130
	load umon |	misses = 6725, hits= 0 0 0 0 0 0 0 0 0 0 0 0 0 1 17 9
	write umon |	misses = 4615, hits= 0 0 0 0 0 0 0 0 0 0 0 0 0 0 0 0
num evicts: 3000000, p: 603597, s: 299119 	 max proactive lookup: 16, max shadow lookup: 16
current cycle = 5662131, last update cycle = 5000000, delta = 662131
	load umon |	misses = 7106, hits= 0 0 0 0 0 0 0 0 0 0 0 0 0 1 17 9
	write umon |	misses = 4899, hits= 0 0 0 0 0 0 0 0 0 0 0 0 0 0 0 0
num evicts: 3100000, p: 624317, s: 310263 	 max proactive lookup: 16, max shadow lookup: 16
current cycle = 5837127, last update cycle = 5000000, delta = 837127
	load umon |	misses = 7501, hits= 0 0 0 0 0 0 0 0 0 0 0 0 0 1 17 9
	write umon |	misses = 5195, hits= 0 0 0 0 0 0 0 0 0 0 0 0 0 0 0 0
num evicts: 3200000, p: 644937, s: 321114 	 max proactive lookup: 16, max shadow lookup: 16
current cycle = 6012125, last update cycle = 5000000, delta = 1012125
	load umon |	misses = 7889, hits= 0 0 0 0 0 0 0 0 0 0 0 0 0 1 17 9
	write umon |	misses = 5484, hits= 0 0 0 0 0 0 0 0 0 0 0 0 0 0 0 0
num evicts: 3300000, p: 665639, s: 332126 	 max proactive lookup: 16, max shadow lookup: 16
current cycle = 6187136, last update cycle = 5000000, delta = 1187136
	load umon |	misses = 8275, hits= 0 0 0 0 0 0 0 0 0 0 0 0 0 1 17 9
	write umon |	misses = 5774, hits= 0 0 0 0 0 0 0 0 0 0 0 0 0 0 0 0
Heartbeat CPU 0 instructions: 10000003 cycles: 6236063 heartbeat IPC: 1.604 cumulative IPC: 1.604 (Simulation time: 00 hr 21 min 34 sec)
Heartbeat CPU 1 instructions: 10000003 cycles: 6237491 heartbeat IPC: 1.603 cumulative IPC: 1.603 (Simulation time: 00 hr 21 min 34 sec)
Heartbeat CPU 2 instructions: 10000003 cycles: 6237626 heartbeat IPC: 1.603 cumulative IPC: 1.603 (Simulation time: 00 hr 21 min 34 sec)
Heartbeat CPU 3 instructions: 10000003 cycles: 6238108 heartbeat IPC: 1.603 cumulative IPC: 1.603 (Simulation time: 00 hr 21 min 34 sec)
Heartbeat CPU 4 instructions: 10000003 cycles: 6239229 heartbeat IPC: 1.603 cumulative IPC: 1.603 (Simulation time: 00 hr 21 min 35 sec)
Heartbeat CPU 5 instructions: 10000003 cycles: 6239678 heartbeat IPC: 1.603 cumulative IPC: 1.603 (Simulation time: 00 hr 21 min 35 sec)
Heartbeat CPU 6 instructions: 10000003 cycles: 6240302 heartbeat IPC: 1.602 cumulative IPC: 1.602 (Simulation time: 00 hr 21 min 35 sec)
Heartbeat CPU 7 instructions: 10000003 cycles: 6240783 heartbeat IPC: 1.602 cumulative IPC: 1.602 (Simulation time: 00 hr 21 min 35 sec)
num evicts: 3400000, p: 685550, s: 342811 	 max proactive lookup: 16, max shadow lookup: 16
current cycle = 6362119, last update cycle = 5000000, delta = 1362119
	load umon |	misses = 8692, hits= 0 0 0 0 0 0 0 0 0 0 0 0 0 1 17 16
	write umon |	misses = 6086, hits= 0 0 0 0 0 0 0 0 0 0 0 0 0 0 0 0
num evicts: 3500000, p: 705100, s: 353662 	 max proactive lookup: 16, max shadow lookup: 16
current cycle = 6537119, last update cycle = 5000000, delta = 1537119
	load umon |	misses = 9073, hits= 0 0 0 0 0 0 0 0 0 0 0 0 0 1 17 16
	write umon |	misses = 6371, hits= 0 0 0 0 0 0 0 0 0 0 0 0 0 0 0 0
num evicts: 3600000, p: 724936, s: 364610 	 max proactive lookup: 16, max shadow lookup: 16
current cycle = 6712118, last update cycle = 5000000, delta = 1712118
	load umon |	misses = 9448, hits= 0 0 0 0 0 0 0 0 0 0 0 0 0 1 17 16
	write umon |	misses = 6651, hits= 0 0 0 0 0 0 0 0 0 0 0 0 0 0 0 0
num evicts: 3700000, p: 744745, s: 375561 	 max proactive lookup: 16, max shadow lookup: 16
current cycle = 6887118, last update cycle = 5000000, delta = 1887118
	load umon |	misses = 9849, hits= 0 0 0 0 0 0 0 0 0 0 0 0 0 1 17 16
	write umon |	misses = 6947, hits= 0 0 0 0 0 0 0 0 0 0 0 0 0 0 0 0
num evicts: 3800000, p: 764818, s: 386346 	 max proactive lookup: 16, max shadow lookup: 16
current cycle = 7062132, last update cycle = 5000000, delta = 2062132
	load umon |	misses = 10230, hits= 0 0 0 0 0 0 0 0 0 0 0 0 0 1 24 16
	write umon |	misses = 7240, hits= 0 0 0 0 0 0 0 0 0 0 0 0 0 0 0 0
num evicts: 3900000, p: 784405, s: 397162 	 max proactive lookup: 16, max shadow lookup: 16
current cycle = 7237117, last update cycle = 5000000, delta = 2237117
	load umon |	misses = 10625, hits= 0 0 0 0 0 0 0 0 0 0 0 0 0 1 24 16
	write umon |	misses = 7538, hits= 0 0 0 0 0 0 0 0 0 0 0 0 0 0 0 0
num evicts: 4000000, p: 803746, s: 407501 	 max proactive lookup: 16, max shadow lookup: 16
current cycle = 7412113, last update cycle = 5000000, delta = 2412113
	load umon |	misses = 11028, hits= 0 0 0 0 0 0 0 0 0 0 0 0 0 1 24 16
	write umon |	misses = 7835, hits= 0 0 0 0 0 0 0 0 0 0 0 0 0 0 0 0
num evicts: 4100000, p: 824147, s: 418267 	 max proactive lookup: 16, max shadow lookup: 16
current cycle = 7587121, last update cycle = 5000000, delta = 2587121
	load umon |	misses = 11402, hits= 0 0 0 0 0 0 0 0 0 0 0 0 0 1 24 16
	write umon |	misses = 8115, hits= 0 0 0 0 0 0 0 0 0 0 0 0 0 0 0 0
num evicts: 4200000, p: 844578, s: 428968 	 max proactive lookup: 16, max shadow lookup: 16
current cycle = 7762123, last update cycle = 5000000, delta = 2762123
	load umon |	misses = 11794, hits= 0 0 0 0 0 0 0 0 0 0 0 0 0 1 24 16
	write umon |	misses = 8411, hits= 0 0 0 0 0 0 0 0 0 0 0 0 0 0 0 0
num evicts: 4300000, p: 865029, s: 439424 	 max proactive lookup: 16, max shadow lookup: 16
current cycle = 7937118, last update cycle = 5000000, delta = 2937118
	load umon |	misses = 12189, hits= 0 0 0 0 0 0 0 0 0 0 0 0 0 1 24 16
	write umon |	misses = 8710, hits= 0 0 0 0 0 0 0 0 0 0 0 0 0 0 0 0
num evicts: 4400000, p: 885397, s: 450006 	 max proactive lookup: 16, max shadow lookup: 16
current cycle = 8112136, last update cycle = 5000000, delta = 3112136
	load umon |	misses = 12568, hits= 0 0 0 0 0 0 0 0 0 0 0 0 0 1 24 23
	write umon |	misses = 8993, hits= 0 0 0 0 0 0 0 0 0 0 0 0 0 0 0 0
num evicts: 4500000, p: 904418, s: 460218 	 max proactive lookup: 16, max shadow lookup: 16
current cycle = 8287129, last update cycle = 5000000, delta = 3287129
	load umon |	misses = 12984, hits= 0 0 0 0 0 0 0 0 0 0 0 0 0 1 24 23
	write umon |	misses = 9307, hits= 0 0 0 0 0 0 0 0 0 0 0 0 0 0 0 0
num evicts: 4600000, p: 925730, s: 471093 	 max proactive lookup: 16, max shadow lookup: 16
current cycle = 8462129, last update cycle = 5000000, delta = 3462129
	load umon |	misses = 13364, hits= 0 0 0 0 0 0 0 0 0 0 0 0 0 1 24 23
	write umon |	misses = 9588, hits= 0 0 0 0 0 0 0 0 0 0 0 0 0 0 0 0
num evicts: 4700000, p: 947010, s: 482196 	 max proactive lookup: 16, max shadow lookup: 16
current cycle = 8637130, last update cycle = 5000000, delta = 3637130
	load umon |	misses = 13748, hits= 0 0 0 0 0 0 0 0 0 0 0 0 0 1 24 23
	write umon |	misses = 9876, hits= 0 0 0 0 0 0 0 0 0 0 0 0 0 0 0 0
num evicts: 4800000, p: 968489, s: 493076 	 max proactive lookup: 16, max shadow lookup: 16
current cycle = 8812126, last update cycle = 5000000, delta = 3812126
	load umon |	misses = 14146, hits= 0 0 0 0 0 0 0 0 0 0 0 0 0 1 24 23
	write umon |	misses = 10170, hits= 0 0 0 0 0 0 0 0 0 0 0 0 0 0 0 0
num evicts: 4900000, p: 989363, s: 503907 	 max proactive lookup: 16, max shadow lookup: 16
current cycle = 8987140, last update cycle = 5000000, delta = 3987140
	load umon |	misses = 14532, hits= 0 0 0 0 0 0 0 0 0 0 0 0 0 3 27 25
	write umon |	misses = 10468, hits= 0 0 0 0 0 0 0 0 0 0 0 0 0 0 0 0
num evicts: 5000000, p: 1009220, s: 514103 	 max proactive lookup: 16, max shadow lookup: 16
current cycle = 9162137, last update cycle = 5000000, delta = 4162137
	load umon |	misses = 14931, hits= 0 0 0 0 0 0 0 0 0 0 0 0 0 3 27 25
	write umon |	misses = 10763, hits= 0 0 0 0 0 0 0 0 0 0 0 0 0 0 0 0
num evicts: 5100000, p: 1029251, s: 524695 	 max proactive lookup: 16, max shadow lookup: 16
current cycle = 9337135, last update cycle = 5000000, delta = 4337135
	load umon |	misses = 15324, hits= 0 0 0 0 0 0 0 0 0 0 0 0 0 3 27 25
	write umon |	misses = 11051, hits= 0 0 0 0 0 0 0 0 0 0 0 0 0 0 0 0
num evicts: 5200000, p: 1049347, s: 535391 	 max proactive lookup: 16, max shadow lookup: 16
current cycle = 9512139, last update cycle = 5000000, delta = 4512139
	load umon |	misses = 15702, hits= 0 0 0 0 0 0 0 0 0 0 0 0 0 3 27 25
	write umon |	misses = 11341, hits= 0 0 0 0 0 0 0 0 0 0 0 0 0 0 0 0
num evicts: 5300000, p: 1069487, s: 545897 	 max proactive lookup: 16, max shadow lookup: 16
current cycle = 9687140, last update cycle = 5000000, delta = 4687140
	load umon |	misses = 16093, hits= 0 0 0 0 0 0 0 0 0 0 0 0 0 3 27 25
	write umon |	misses = 11636, hits= 0 0 0 0 0 0 0 0 0 0 0 0 0 0 0 0
num evicts: 5400000, p: 1089545, s: 556451 	 max proactive lookup: 16, max shadow lookup: 16
current cycle = 9862142, last update cycle = 5000000, delta = 4862142
	load umon |	misses = 16484, hits= 0 0 0 0 0 0 0 0 0 0 0 0 0 3 27 25
	write umon |	misses = 11931, hits= 0 0 0 0 0 0 0 0 0 0 0 0 0 0 0 0
num evicts: 5500000, p: 1108942, s: 566223 	 max proactive lookup: 16, max shadow lookup: 16
current cycle = 10037145, last update cycle = 10000001, delta = 37144
	load umon |	misses = 8457, hits= 0 0 0 0 0 0 0 0 0 0 0 0 0 1 13 16
	write umon |	misses = 6125, hits= 0 0 0 0 0 0 0 0 0 0 0 0 0 0 0 0
num evicts: 5600000, p: 1128417, s: 576281 	 max proactive lookup: 16, max shadow lookup: 16
current cycle = 10212146, last update cycle = 10000001, delta = 212145
	load umon |	misses = 8866, hits= 0 0 0 0 0 0 0 0 0 0 0 0 0 1 13 16
	write umon |	misses = 6429, hits= 0 0 0 0 0 0 0 0 0 0 0 0 0 0 0 0
num evicts: 5700000, p: 1147808, s: 586645 	 max proactive lookup: 16, max shadow lookup: 16
current cycle = 10387129, last update cycle = 10000001, delta = 387128
	load umon |	misses = 9257, hits= 0 0 0 0 0 0 0 0 0 0 0 0 0 1 13 16
	write umon |	misses = 6724, hits= 0 0 0 0 0 0 0 0 0 0 0 0 0 0 0 0
num evicts: 5800000, p: 1167139, s: 596996 	 max proactive lookup: 16, max shadow lookup: 16
current cycle = 10562120, last update cycle = 10000001, delta = 562119
	load umon |	misses = 9649, hits= 0 0 0 0 0 0 0 0 0 0 0 0 0 1 13 16
	write umon |	misses = 7020, hits= 0 0 0 0 0 0 0 0 0 0 0 0 0 0 0 0
num evicts: 5900000, p: 1186938, s: 607547 	 max proactive lookup: 16, max shadow lookup: 16
current cycle = 10737126, last update cycle = 10000001, delta = 737125
	load umon |	misses = 10051, hits= 0 0 0 0 0 0 0 0 0 0 0 0 0 1 20 16
	write umon |	misses = 7318, hits= 0 0 0 0 0 0 0 0 0 0 0 0 0 0 0 0
num evicts: 6000000, p: 1207288, s: 617900 	 max proactive lookup: 16, max shadow lookup: 16
current cycle = 10912119, last update cycle = 10000001, delta = 912118
	load umon |	misses = 10415, hits= 0 0 0 0 0 0 0 0 0 0 0 0 0 1 20 16
	write umon |	misses = 7590, hits= 0 0 0 0 0 0 0 0 0 0 0 0 0 0 0 0
num evicts: 6100000, p: 1227481, s: 628249 	 max proactive lookup: 16, max shadow lookup: 16
current cycle = 11087118, last update cycle = 10000001, delta = 1087117
	load umon |	misses = 10818, hits= 0 0 0 0 0 0 0 0 0 0 0 0 0 1 20 16
	write umon |	misses = 7892, hits= 0 0 0 0 0 0 0 0 0 0 0 0 0 0 0 0
num evicts: 6200000, p: 1248268, s: 638848 	 max proactive lookup: 16, max shadow lookup: 16
current cycle = 11262117, last update cycle = 10000001, delta = 1262116
	load umon |	misses = 11216, hits= 0 0 0 0 0 0 0 0 0 0 0 0 0 1 20 16
	write umon |	misses = 8186, hits= 0 0 0 0 0 0 0 0 0 0 0 0 0 0 0 0
num evicts: 6300000, p: 1269274, s: 649714 	 max proactive lookup: 16, max shadow lookup: 16
current cycle = 11437122, last update cycle = 10000001, delta = 1437121
	load umon |	misses = 11596, hits= 0 0 0 0 0 0 0 0 0 0 0 0 0 1 20 16
	write umon |	misses = 8478, hits= 0 0 0 0 0 0 0 0 0 0 0 0 0 0 0 0
num evicts: 6400000, p: 1290099, s: 660391 	 max proactive lookup: 16, max shadow lookup: 16
current cycle = 11612121, last update cycle = 10000001, delta = 1612120
	load umon |	misses = 11998, hits= 0 0 0 0 0 0 0 0 0 0 0 0 0 1 20 16
	write umon |	misses = 8781, hits= 0 0 0 0 0 0 0 0 0 0 0 0 0 0 0 0
num evicts: 6500000, p: 1310447, s: 670557 	 max proactive lookup: 16, max shadow lookup: 16
current cycle = 11787141, last update cycle = 10000001, delta = 1787140
	load umon |	misses = 12384, hits= 0 0 0 0 0 0 0 0 0 0 0 0 0 1 27 16
	write umon |	misses = 9069, hits= 0 0 0 0 0 0 0 0 0 0 0 0 0 0 0 0
num evicts: 6600000, p: 1330299, s: 680625 	 max proactive lookup: 16, max shadow lookup: 16
current cycle = 11962099, last update cycle = 10000001, delta = 1962098
	load umon |	misses = 12764, hits= 0 0 0 0 0 0 0 0 0 0 0 0 0 1 27 16
	write umon |	misses = 9349, hits= 0 0 0 0 0 0 0 0 0 0 0 0 0 0 0 0
num evicts: 6700000, p: 1350756, s: 691185 	 max proactive lookup: 16, max shadow lookup: 16
current cycle = 12137088, last update cycle = 10000001, delta = 2137087
	load umon |	misses = 13163, hits= 0 0 0 0 0 0 0 0 0 0 0 0 0 1 27 16
	write umon |	misses = 9652, hits= 0 0 0 0 0 0 0 0 0 0 0 0 0 0 0 0
num evicts: 6800000, p: 1371243, s: 701910 	 max proactive lookup: 16, max shadow lookup: 16
current cycle = 12312091, last update cycle = 10000001, delta = 2312090
	load umon |	misses = 13551, hits= 0 0 0 0 0 0 0 0 0 0 0 0 0 1 27 16
	write umon |	misses = 9944, hits= 0 0 0 0 0 0 0 0 0 0 0 0 0 0 0 0
Heartbeat CPU 0 instructions: 20000007 cycles: 12382216 heartbeat IPC: 1.627 cumulative IPC: 1.615 (Simulation time: 00 hr 42 min 41 sec)
Heartbeat CPU 1 instructions: 20000007 cycles: 12383457 heartbeat IPC: 1.627 cumulative IPC: 1.615 (Simulation time: 00 hr 42 min 42 sec)
Heartbeat CPU 2 instructions: 20000007 cycles: 12384002 heartbeat IPC: 1.627 cumulative IPC: 1.615 (Simulation time: 00 hr 42 min 42 sec)
Heartbeat CPU 3 instructions: 20000007 cycles: 12384372 heartbeat IPC: 1.627 cumulative IPC: 1.615 (Simulation time: 00 hr 42 min 42 sec)
Heartbeat CPU 4 instructions: 20000007 cycles: 12385508 heartbeat IPC: 1.627 cumulative IPC: 1.615 (Simulation time: 00 hr 42 min 42 sec)
Heartbeat CPU 5 instructions: 20000007 cycles: 12385893 heartbeat IPC: 1.627 cumulative IPC: 1.615 (Simulation time: 00 hr 42 min 42 sec)
Heartbeat CPU 6 instructions: 20000007 cycles: 12386190 heartbeat IPC: 1.627 cumulative IPC: 1.615 (Simulation time: 00 hr 42 min 42 sec)
Heartbeat CPU 7 instructions: 20000007 cycles: 12387326 heartbeat IPC: 1.627 cumulative IPC: 1.615 (Simulation time: 00 hr 42 min 42 sec)
num evicts: 6900000, p: 1391784, s: 712302 	 max proactive lookup: 16, max shadow lookup: 16
current cycle = 12487092, last update cycle = 10000001, delta = 2487091
	load umon |	misses = 13948, hits= 0 0 0 0 0 0 0 0 0 0 0 0 0 1 27 16
	write umon |	misses = 10244, hits= 0 0 0 0 0 0 0 0 0 0 0 0 0 0 0 0
num evicts: 7000000, p: 1412608, s: 722708 	 max proactive lookup: 16, max shadow lookup: 16
current cycle = 12662093, last update cycle = 10000001, delta = 2662092
	load umon |	misses = 14341, hits= 0 0 0 0 0 0 0 0 0 0 0 0 0 1 34 16
	write umon |	misses = 10534, hits= 0 0 0 0 0 0 0 0 0 0 0 0 0 0 0 0
num evicts: 7100000, p: 1431933, s: 732558 	 max proactive lookup: 16, max shadow lookup: 16
current cycle = 12837094, last update cycle = 10000001, delta = 2837093
	load umon |	misses = 14715, hits= 0 0 0 0 0 0 0 0 0 0 0 0 0 1 34 16
	write umon |	misses = 10811, hits= 0 0 0 0 0 0 0 0 0 0 0 0 0 0 0 0
num evicts: 7200000, p: 1452485, s: 742909 	 max proactive lookup: 16, max shadow lookup: 16
current cycle = 13012092, last update cycle = 10000001, delta = 3012091
	load umon |	misses = 15123, hits= 0 0 0 0 0 0 0 0 0 0 0 0 0 1 34 16
	write umon |	misses = 11123, hits= 0 0 0 0 0 0 0 0 0 0 0 0 0 0 0 0
num evicts: 7300000, p: 1473393, s: 753551 	 max proactive lookup: 16, max shadow lookup: 16
current cycle = 13187102, last update cycle = 10000001, delta = 3187101
	load umon |	misses = 15520, hits= 0 0 0 0 0 0 0 0 0 0 0 0 0 1 34 16
	write umon |	misses = 11416, hits= 0 0 0 0 0 0 0 0 0 0 0 0 0 0 0 0
num evicts: 7400000, p: 1494371, s: 763894 	 max proactive lookup: 16, max shadow lookup: 16
current cycle = 13362100, last update cycle = 10000001, delta = 3362099
	load umon |	misses = 15894, hits= 0 0 0 0 0 0 0 0 0 0 0 0 0 1 34 16
	write umon |	misses = 11700, hits= 0 0 0 0 0 0 0 0 0 0 0 0 0 0 0 0
num evicts: 7500000, p: 1515168, s: 774354 	 max proactive lookup: 16, max shadow lookup: 16
current cycle = 13537096, last update cycle = 10000001, delta = 3537095
	load umon |	misses = 16298, hits= 0 0 0 0 0 0 0 0 0 0 0 0 0 1 34 16
	write umon |	misses = 11997, hits= 0 0 0 0 0 0 0 0 0 0 0 0 0 0 0 0
num evicts: 7600000, p: 1534867, s: 784231 	 max proactive lookup: 16, max shadow lookup: 16
current cycle = 13712098, last update cycle = 10000001, delta = 3712097
	load umon |	misses = 16686, hits= 0 0 0 0 0 0 0 0 0 0 0 0 0 2 39 17
	write umon |	misses = 12285, hits= 0 0 0 0 0 0 0 0 0 0 0 0 0 0 0 0
num evicts: 7700000, p: 1555331, s: 794414 	 max proactive lookup: 16, max shadow lookup: 16
current cycle = 13887067, last update cycle = 10000001, delta = 3887066
	load umon |	misses = 17071, hits= 0 0 0 0 0 0 0 0 0 0 0 0 0 2 39 17
	write umon |	misses = 12582, hits= 0 0 0 0 0 0 0 0 0 0 0 0 0 0 0 0
num evicts: 7800000, p: 1576412, s: 804920 	 max proactive lookup: 16, max shadow lookup: 16
current cycle = 14062063, last update cycle = 10000001, delta = 4062062
	load umon |	misses = 17467, hits= 0 0 0 0 0 0 0 0 0 0 0 0 0 2 39 17
	write umon |	misses = 12881, hits= 0 0 0 0 0 0 0 0 0 0 0 0 0 0 0 0
num evicts: 7900000, p: 1597448, s: 815189 	 max proactive lookup: 16, max shadow lookup: 16
current cycle = 14237068, last update cycle = 10000001, delta = 4237067
	load umon |	misses = 17850, hits= 0 0 0 0 0 0 0 0 0 0 0 0 0 2 39 17
	write umon |	misses = 13165, hits= 0 0 0 0 0 0 0 0 0 0 0 0 0 0 0 0
num evicts: 8000000, p: 1618336, s: 825555 	 max proactive lookup: 16, max shadow lookup: 16
current cycle = 14412080, last update cycle = 10000001, delta = 4412079
	load umon |	misses = 18246, hits= 0 0 0 0 0 0 0 0 0 0 0 0 0 3 44 18
	write umon |	misses = 13462, hits= 0 0 0 0 0 0 0 0 0 0 0 0 0 0 0 0
num evicts: 8100000, p: 1638475, s: 835582 	 max proactive lookup: 16, max shadow lookup: 16
current cycle = 14587075, last update cycle = 10000001, delta = 4587074
	load umon |	misses = 18647, hits= 0 0 0 0 0 0 0 0 0 0 0 0 0 3 44 18
	write umon |	misses = 13765, hits= 0 0 0 0 0 0 0 0 0 0 0 0 0 0 0 0
num evicts: 8200000, p: 1657822, s: 845552 	 max proactive lookup: 16, max shadow lookup: 16
current cycle = 14762072, last update cycle = 10000001, delta = 4762071
	load umon |	misses = 19025, hits= 0 0 0 0 0 0 0 0 0 0 0 0 0 3 44 18
	write umon |	misses = 14047, hits= 0 0 0 0 0 0 0 0 0 0 0 0 0 0 0 0
num evicts: 8300000, p: 1678389, s: 855643 	 max proactive lookup: 16, max shadow lookup: 16
current cycle = 14937071, last update cycle = 10000001, delta = 4937070
	load umon |	misses = 19422, hits= 0 0 0 0 0 0 0 0 0 0 0 0 0 3 44 18
	write umon |	misses = 14347, hits= 0 0 0 0 0 0 0 0 0 0 0 0 0 0 0 0
num evicts: 8400000, p: 1698938, s: 866072 	 max proactive lookup: 16, max shadow lookup: 16
current cycle = 15112087, last update cycle = 15000001, delta = 112086
	load umon |	misses = 10038, hits= 0 0 0 0 0 0 0 0 0 0 0 0 0 1 22 9
	write umon |	misses = 7417, hits= 0 0 0 0 0 0 0 0 0 0 0 0 0 0 0 0
num evicts: 8500000, p: 1719639, s: 876284 	 max proactive lookup: 16, max shadow lookup: 16
current cycle = 15287080, last update cycle = 15000001, delta = 287079
	load umon |	misses = 10415, hits= 0 0 0 0 0 0 0 0 0 0 0 0 0 1 22 9
	write umon |	misses = 7698, hits= 0 0 0 0 0 0 0 0 0 0 0 0 0 0 0 0
num evicts: 8600000, p: 1740245, s: 886468 	 max proactive lookup: 16, max shadow lookup: 16
current cycle = 15462090, last update cycle = 15000001, delta = 462089
	load umon |	misses = 10831, hits= 0 0 0 0 0 0 0 0 0 0 0 0 0 1 22 16
	write umon |	misses = 8009, hits= 0 0 0 0 0 0 0 0 0 0 0 0 0 0 0 0
Warmup finished CPU 0 instructions: 25000002 cycles: 15503511 cumulative IPC: 1.613 (Simulation time: 00 hr 53 min 06 sec)
Warmup finished CPU 1 instructions: 25000002 cycles: 15504881 cumulative IPC: 1.612 (Simulation time: 00 hr 53 min 06 sec)
Warmup finished CPU 2 instructions: 25000002 cycles: 15505178 cumulative IPC: 1.612 (Simulation time: 00 hr 53 min 06 sec)
Warmup finished CPU 3 instructions: 25000002 cycles: 15505722 cumulative IPC: 1.612 (Simulation time: 00 hr 53 min 06 sec)
Warmup finished CPU 4 instructions: 25000002 cycles: 15506924 cumulative IPC: 1.612 (Simulation time: 00 hr 53 min 07 sec)
Warmup finished CPU 5 instructions: 25000002 cycles: 15507365 cumulative IPC: 1.612 (Simulation time: 00 hr 53 min 07 sec)
Warmup finished CPU 6 instructions: 25000002 cycles: 15507477 cumulative IPC: 1.612 (Simulation time: 00 hr 53 min 07 sec)
Warmup finished CPU 7 instructions: 25000002 cycles: 15508630 cumulative IPC: 1.612 (Simulation time: 00 hr 53 min 07 sec)
Warmup complete CPU 7 instructions: 25000002 cycles: 15508630 cumulative IPC: 1.612 (Simulation time: 00 hr 53 min 07 sec)
Warmup complete CPU 6 instructions: 25003577 cycles: 15508630 cumulative IPC: 1.612 (Simulation time: 00 hr 53 min 07 sec)
Warmup complete CPU 5 instructions: 25003948 cycles: 15508630 cumulative IPC: 1.612 (Simulation time: 00 hr 53 min 07 sec)
Warmup complete CPU 4 instructions: 25004229 cycles: 15508630 cumulative IPC: 1.612 (Simulation time: 00 hr 53 min 07 sec)
Warmup complete CPU 3 instructions: 25004657 cycles: 15508630 cumulative IPC: 1.612 (Simulation time: 00 hr 53 min 07 sec)
Warmup complete CPU 2 instructions: 25004830 cycles: 15508630 cumulative IPC: 1.612 (Simulation time: 00 hr 53 min 07 sec)
Warmup complete CPU 1 instructions: 25005854 cycles: 15508630 cumulative IPC: 1.612 (Simulation time: 00 hr 53 min 07 sec)
Warmup complete CPU 0 instructions: 25010414 cycles: 15508630 cumulative IPC: 1.613 (Simulation time: 00 hr 53 min 07 sec)
num evicts: 8700000, p: 1759482, s: 896262 	 max proactive lookup: 16, max shadow lookup: 16
current cycle = 16510474, last update cycle = 15000001, delta = 1510473
	load umon |	misses = 11216, hits= 0 0 0 0 0 0 0 0 0 0 0 0 0 1 22 16
	write umon |	misses = 8297, hits= 0 0 0 0 0 0 0 0 0 0 0 0 0 0 0 0
num evicts: 8800000, p: 1779212, s: 906799 	 max proactive lookup: 16, max shadow lookup: 16
current cycle = 17871077, last update cycle = 15000001, delta = 2871076
	load umon |	misses = 11593, hits= 0 0 0 0 0 0 0 0 0 0 0 0 0 1 22 16
	write umon |	misses = 8584, hits= 0 0 0 0 0 0 0 0 0 0 0 0 0 0 0 0
num evicts: 8900000, p: 1798215, s: 920304 	 max proactive lookup: 16, max shadow lookup: 16
current cycle = 19233608, last update cycle = 15000001, delta = 4233607
	load umon |	misses = 11994, hits= 0 0 0 0 0 0 0 0 0 0 0 0 0 1 22 16
	write umon |	misses = 8881, hits= 0 0 0 0 0 0 0 0 0 0 0 0 0 0 0 0
num evicts: 9000000, p: 1817171, s: 935727 	 max proactive lookup: 16, max shadow lookup: 16
current cycle = 20591677, last update cycle = 20000579, delta = 591098
	load umon |	misses = 6269, hits= 0 0 0 0 0 0 0 0 0 0 0 0 0 0 12 8
	write umon |	misses = 4645, hits= 0 0 0 0 0 0 0 0 0 0 0 0 0 0 0 0
num evicts: 9100000, p: 1835792, s: 952355 	 max proactive lookup: 16, max shadow lookup: 16
current cycle = 21953039, last update cycle = 20000579, delta = 1952460
	load umon |	misses = 6666, hits= 0 0 0 0 0 0 0 0 0 0 0 0 0 1 16 9
	write umon |	misses = 4944, hits= 0 0 0 0 0 0 0 0 0 0 0 0 0 0 0 0
num evicts: 9200000, p: 1853796, s: 969320 	 max proactive lookup: 16, max shadow lookup: 16
current cycle = 23311660, last update cycle = 20000579, delta = 3311081
	load umon |	misses = 7063, hits= 0 0 0 0 0 0 0 0 0 0 0 0 0 1 16 9
	write umon |	misses = 5241, hits= 0 0 0 0 0 0 0 0 0 0 0 0 0 0 0 0
num evicts: 9300000, p: 1872260, s: 987755 	 max proactive lookup: 16, max shadow lookup: 16
current cycle = 24670384, last update cycle = 20000579, delta = 4669805
	load umon |	misses = 7445, hits= 0 0 0 0 0 0 0 0 0 0 0 0 0 1 16 9
	write umon |	misses = 5525, hits= 0 0 0 0 0 0 0 0 0 0 0 0 0 0 0 0
num evicts: 9400000, p: 1890774, s: 1006925 	 max proactive lookup: 16, max shadow lookup: 16
current cycle = 26027381, last update cycle = 25000788, delta = 1026593
	load umon |	misses = 4068, hits= 0 0 0 0 0 0 0 0 0 0 0 0 0 0 8 4
	write umon |	misses = 3022, hits= 0 0 0 0 0 0 0 0 0 0 0 0 0 0 0 0
num evicts: 9500000, p: 1909160, s: 1026812 	 max proactive lookup: 16, max shadow lookup: 16
current cycle = 27381904, last update cycle = 25000788, delta = 2381116
	load umon |	misses = 4452, hits= 0 0 0 0 0 0 0 0 0 0 0 0 0 0 8 4
	write umon |	misses = 3310, hits= 0 0 0 0 0 0 0 0 0 0 0 0 0 0 0 0
num evicts: 9600000, p: 1926639, s: 1048392 	 max proactive lookup: 16, max shadow lookup: 16
current cycle = 28734130, last update cycle = 25000788, delta = 3733342
	load umon |	misses = 4844, hits= 0 0 0 0 0 0 0 0 0 0 0 0 0 0 8 4
	write umon |	misses = 3605, hits= 0 0 0 0 0 0 0 0 0 0 0 0 0 0 0 0
num evicts: 9700000, p: 1943756, s: 1068906 	 max proactive lookup: 16, max shadow lookup: 16
current cycle = 30107363, last update cycle = 30001006, delta = 106357
	load umon |	misses = 2635, hits= 0 0 0 0 0 0 0 0 0 0 0 0 0 0 5 3
	write umon |	misses = 1961, hits= 0 0 0 0 0 0 0 0 0 0 0 0 0 0 0 0
num evicts: 9800000, p: 1960453, s: 1090966 	 max proactive lookup: 16, max shadow lookup: 16
current cycle = 31469187, last update cycle = 30001006, delta = 1468181
	load umon |	misses = 3024, hits= 0 0 0 0 0 0 0 0 0 0 0 0 0 0 5 3
	write umon |	misses = 2256, hits= 0 0 0 0 0 0 0 0 0 0 0 0 0 0 0 0
num evicts: 9900000, p: 1976941, s: 1114729 	 max proactive lookup: 16, max shadow lookup: 16
current cycle = 32816291, last update cycle = 30001006, delta = 2815285
	load umon |	misses = 3415, hits= 0 0 0 0 0 0 0 0 0 0 0 0 0 0 5 3
	write umon |	misses = 2547, hits= 0 0 0 0 0 0 0 0 0 0 0 0 0 0 0 0
num evicts: 10000000, p: 1993466, s: 1138258 	 max proactive lookup: 16, max shadow lookup: 16
current cycle = 34164902, last update cycle = 30001006, delta = 4163896
	load umon |	misses = 3802, hits= 0 0 0 0 0 0 0 0 0 0 0 0 0 0 5 3
	write umon |	misses = 2838, hits= 0 0 0 0 0 0 0 0 0 0 0 0 0 0 0 0
num evicts: 10100000, p: 2009792, s: 1161143 	 max proactive lookup: 16, max shadow lookup: 16
current cycle = 35514174, last update cycle = 35001013, delta = 513161
	load umon |	misses = 2165, hits= 0 0 0 0 0 0 0 0 0 0 0 0 0 0 7 1
	write umon |	misses = 1616, hits= 0 0 0 0 0 0 0 0 0 0 0 0 0 0 0 0
num evicts: 10200000, p: 2024922, s: 1184010 	 max proactive lookup: 16, max shadow lookup: 16
current cycle = 36866817, last update cycle = 35001013, delta = 1865804
	load umon |	misses = 2571, hits= 0 0 0 0 0 0 0 0 0 0 0 0 0 0 7 1
	write umon |	misses = 1919, hits= 0 0 0 0 0 0 0 0 0 0 0 0 0 0 0 0
Heartbeat CPU 0 instructions: 30000008 cycles: 37589120 heartbeat IPC: 0.3967 cumulative IPC: 0.226 (Simulation time: 01 hr 36 min 34 sec)
Heartbeat CPU 2 instructions: 30000008 cycles: 37663989 heartbeat IPC: 0.3956 cumulative IPC: 0.2255 (Simulation time: 01 hr 36 min 44 sec)
Heartbeat CPU 7 instructions: 30000008 cycles: 37743757 heartbeat IPC: 0.3944 cumulative IPC: 0.2249 (Simulation time: 01 hr 36 min 53 sec)
Heartbeat CPU 4 instructions: 30000008 cycles: 37756366 heartbeat IPC: 0.3942 cumulative IPC: 0.2246 (Simulation time: 01 hr 36 min 55 sec)
Heartbeat CPU 5 instructions: 30000008 cycles: 37842793 heartbeat IPC: 0.3928 cumulative IPC: 0.2237 (Simulation time: 01 hr 37 min 05 sec)
Heartbeat CPU 1 instructions: 30000008 cycles: 37853960 heartbeat IPC: 0.3926 cumulative IPC: 0.2235 (Simulation time: 01 hr 37 min 07 sec)
Heartbeat CPU 6 instructions: 30000008 cycles: 38086738 heartbeat IPC: 0.3891 cumulative IPC: 0.2213 (Simulation time: 01 hr 37 min 35 sec)
num evicts: 10300000, p: 2039358, s: 1206479 	 max proactive lookup: 16, max shadow lookup: 16
current cycle = 38223027, last update cycle = 35001013, delta = 3222014
	load umon |	misses = 2956, hits= 0 0 0 0 0 0 0 0 0 0 0 0 0 0 7 1
	write umon |	misses = 2211, hits= 0 0 0 0 0 0 0 0 0 0 0 0 0 0 0 0
Heartbeat CPU 3 instructions: 30000008 cycles: 38256210 heartbeat IPC: 0.3865 cumulative IPC: 0.2196 (Simulation time: 01 hr 37 min 55 sec)
num evicts: 10400000, p: 2054613, s: 1229996 	 max proactive lookup: 16, max shadow lookup: 16
current cycle = 39577736, last update cycle = 35001013, delta = 4576723
	load umon |	misses = 3342, hits= 0 0 0 0 0 0 0 0 0 0 0 0 0 0 7 1
	write umon |	misses = 2500, hits= 0 0 0 0 0 0 0 0 0 0 0 0 0 0 0 0
num evicts: 10500000, p: 2069835, s: 1254159 	 max proactive lookup: 16, max shadow lookup: 16
current cycle = 40927498, last update cycle = 40001042, delta = 926456
	load umon |	misses = 2003, hits= 0 0 0 0 0 0 0 0 0 0 0 0 0 0 3 0
	write umon |	misses = 1498, hits= 0 0 0 0 0 0 0 0 0 0 0 0 0 0 0 0
num evicts: 10600000, p: 2085040, s: 1277343 	 max proactive lookup: 16, max shadow lookup: 16
current cycle = 42278552, last update cycle = 40001042, delta = 2277510
	load umon |	misses = 2387, hits= 0 0 0 0 0 0 0 0 0 0 0 0 0 0 3 0
	write umon |	misses = 1788, hits= 0 0 0 0 0 0 0 0 0 0 0 0 0 0 0 0
num evicts: 10700000, p: 2099981, s: 1300639 	 max proactive lookup: 16, max shadow lookup: 16
current cycle = 43631476, last update cycle = 40001042, delta = 3630434
	load umon |	misses = 2779, hits= 0 0 0 0 0 0 0 0 0 0 1 0 0 0 4 4
	write umon |	misses = 2080, hits= 0 0 0 0 0 0 0 0 0 0 0 0 0 0 0 0
num evicts: 10800000, p: 2114070, s: 1323634 	 max proactive lookup: 16, max shadow lookup: 16
current cycle = 44990395, last update cycle = 40001042, delta = 4989353
	load umon |	misses = 3175, hits= 0 0 0 0 0 0 0 0 0 0 1 0 0 0 4 5
	write umon |	misses = 2377, hits= 0 0 0 0 0 0 0 0 0 0 0 0 0 0 0 0
num evicts: 10900000, p: 2129188, s: 1348213 	 max proactive lookup: 16, max shadow lookup: 16
current cycle = 46346069, last update cycle = 45001049, delta = 1345020
	load umon |	misses = 1973, hits= 0 0 0 0 0 0 0 0 0 0 0 0 0 0 2 2
	write umon |	misses = 1480, hits= 0 0 0 0 0 0 0 0 0 0 0 0 0 0 0 0
num evicts: 11000000, p: 2144159, s: 1373477 	 max proactive lookup: 16, max shadow lookup: 16
current cycle = 47697802, last update cycle = 45001049, delta = 2696753
	load umon |	misses = 2364, hits= 0 0 0 0 0 0 0 0 0 0 0 0 0 0 2 2
	write umon |	misses = 1768, hits= 0 0 0 0 0 0 0 0 0 0 0 0 0 0 0 0
num evicts: 11100000, p: 2159377, s: 1398306 	 max proactive lookup: 16, max shadow lookup: 16
current cycle = 49056317, last update cycle = 45001049, delta = 4055268
	load umon |	misses = 2754, hits= 0 0 0 0 0 0 0 0 0 0 0 0 0 0 6 2
	write umon |	misses = 2065, hits= 0 0 0 0 0 0 0 0 0 0 0 0 0 0 0 0
num evicts: 11200000, p: 2174584, s: 1424162 	 max proactive lookup: 16, max shadow lookup: 16
current cycle = 50413837, last update cycle = 50001050, delta = 412787
	load umon |	misses = 1629, hits= 0 0 0 0 0 0 0 0 0 0 0 0 0 0 4 1
	write umon |	misses = 1219, hits= 0 0 0 0 0 0 0 0 0 0 0 0 0 0 0 0
num evicts: 11300000, p: 2189926, s: 1449217 	 max proactive lookup: 16, max shadow lookup: 16
current cycle = 51766977, last update cycle = 50001050, delta = 1765927
	load umon |	misses = 2030, hits= 0 0 0 0 0 0 0 0 0 0 0 0 0 0 4 1
	write umon |	misses = 1521, hits= 0 0 0 0 0 0 0 0 0 0 0 0 0 0 0 0
num evicts: 11400000, p: 2205427, s: 1475898 	 max proactive lookup: 16, max shadow lookup: 16
current cycle = 53121243, last update cycle = 50001050, delta = 3120193
	load umon |	misses = 2416, hits= 0 0 0 0 0 0 0 0 0 0 0 0 0 0 4 1
	write umon |	misses = 1813, hits= 0 0 0 0 0 0 0 0 0 0 0 0 0 0 0 0
num evicts: 11500000, p: 2220606, s: 1503318 	 max proactive lookup: 16, max shadow lookup: 16
current cycle = 54472907, last update cycle = 50001050, delta = 4471857
	load umon |	misses = 2801, hits= 0 0 0 0 0 0 0 0 0 0 0 0 0 0 4 1
	write umon |	misses = 2098, hits= 0 0 0 0 0 0 0 0 0 0 0 0 0 0 0 0
num evicts: 11600000, p: 2235504, s: 1531555 	 max proactive lookup: 16, max shadow lookup: 16
current cycle = 55820323, last update cycle = 55001104, delta = 819219
	load umon |	misses = 1717, hits= 0 0 0 0 0 0 0 0 0 0 0 0 0 0 2 0
	write umon |	misses = 1287, hits= 0 0 0 0 0 0 0 0 0 0 0 0 0 0 0 0
num evicts: 11700000, p: 2250341, s: 1559590 	 max proactive lookup: 16, max shadow lookup: 16
current cycle = 57168682, last update cycle = 55001104, delta = 2167578
	load umon |	misses = 2106, hits= 0 0 0 0 0 0 0 0 0 0 0 0 0 0 2 0
	write umon |	misses = 1578, hits= 0 0 0 0 0 0 0 0 0 0 0 0 0 0 0 0
num evicts: 11800000, p: 2265243, s: 1587007 	 max proactive lookup: 16, max shadow lookup: 16
current cycle = 58514711, last update cycle = 55001104, delta = 3513607
	load umon |	misses = 2492, hits= 0 0 0 0 0 0 0 0 0 0 0 0 0 1 8 0
	write umon |	misses = 1870, hits= 0 0 0 0 0 0 0 0 0 0 0 0 0 0 0 0
num evicts: 11900000, p: 2279732, s: 1613930 	 max proactive lookup: 16, max shadow lookup: 16
current cycle = 59852146, last update cycle = 55001104, delta = 4851042
	load umon |	misses = 2891, hits= 0 0 0 0 0 0 0 0 0 0 0 0 0 1 8 0
	write umon |	misses = 2169, hits= 0 0 0 0 0 0 0 0 0 0 0 0 0 0 0 0
num evicts: 12000000, p: 2294365, s: 1640904 	 max proactive lookup: 16, max shadow lookup: 16
current cycle = 61189327, last update cycle = 60001642, delta = 1187685
	load umon |	misses = 1807, hits= 0 0 0 0 0 0 0 0 0 0 0 0 0 0 4 0
	write umon |	misses = 1354, hits= 0 0 0 0 0 0 0 0 0 0 0 0 0 0 0 0
num evicts: 12100000, p: 2309111, s: 1668758 	 max proactive lookup: 16, max shadow lookup: 16
current cycle = 62530822, last update cycle = 60001642, delta = 2529180
	load umon |	misses = 2196, hits= 0 0 0 0 0 0 0 0 0 0 0 0 0 0 4 0
	write umon |	misses = 1643, hits= 0 0 0 0 0 0 0 0 0 0 0 0 0 0 0 0
num evicts: 12200000, p: 2323761, s: 1694236 	 max proactive lookup: 16, max shadow lookup: 16
current cycle = 63862431, last update cycle = 60001642, delta = 3860789
	load umon |	misses = 2585, hits= 0 0 0 0 0 0 0 0 0 0 0 0 0 0 11 0
	write umon |	misses = 1938, hits= 0 0 0 0 0 0 0 0 0 0 0 0 0 0 0 0
num evicts: 12300000, p: 2338441, s: 1718422 	 max proactive lookup: 16, max shadow lookup: 16
current cycle = 65208221, last update cycle = 65001649, delta = 206572
	load umon |	misses = 1502, hits= 0 0 0 0 0 0 0 0 0 0 0 0 0 0 5 0
	write umon |	misses = 1124, hits= 0 0 0 0 0 0 0 0 0 0 0 0 0 0 0 0
num evicts: 12400000, p: 2353019, s: 1743796 	 max proactive lookup: 16, max shadow lookup: 16
current cycle = 66557517, last update cycle = 65001649, delta = 1555868
	load umon |	misses = 1906, hits= 0 0 0 0 0 0 0 0 0 0 0 0 0 0 5 0
	write umon |	misses = 1426, hits= 0 0 0 0 0 0 0 0 0 0 0 0 0 0 0 0
num evicts: 12500000, p: 2367735, s: 1768476 	 max proactive lookup: 16, max shadow lookup: 16
current cycle = 67890932, last update cycle = 65001649, delta = 2889283
	load umon |	misses = 2291, hits= 0 0 0 0 0 0 0 0 0 0 0 0 0 0 5 0
	write umon |	misses = 1717, hits= 0 0 0 0 0 0 0 0 0 0 0 0 0 0 0 0
num evicts: 12600000, p: 2382547, s: 1792402 	 max proactive lookup: 16, max shadow lookup: 16
current cycle = 69239729, last update cycle = 65001649, delta = 4238080
	load umon |	misses = 2674, hits= 0 0 0 0 0 0 0 0 0 0 0 0 0 0 5 0
	write umon |	misses = 2000, hits= 0 0 0 0 0 0 0 0 0 0 0 0 0 0 0 0
num evicts: 12700000, p: 2397848, s: 1816615 	 max proactive lookup: 16, max shadow lookup: 16
current cycle = 70594654, last update cycle = 70001649, delta = 593005
	load umon |	misses = 1623, hits= 0 0 0 0 0 0 0 0 0 0 0 0 0 0 2 0
	write umon |	misses = 1216, hits= 0 0 0 0 0 0 0 0 0 0 0 0 0 0 0 0
num evicts: 12800000, p: 2412286, s: 1840327 	 max proactive lookup: 16, max shadow lookup: 16
current cycle = 71941898, last update cycle = 70001649, delta = 1940249
	load umon |	misses = 2019, hits= 0 0 0 0 0 0 0 0 0 0 0 0 0 0 7 0
	write umon |	misses = 1512, hits= 0 0 0 0 0 0 0 0 0 0 0 0 0 0 0 0
num evicts: 12900000, p: 2426666, s: 1862322 	 max proactive lookup: 16, max shadow lookup: 16
current cycle = 73296877, last update cycle = 70001649, delta = 3295228
	load umon |	misses = 2399, hits= 0 0 0 0 0 0 0 0 0 0 0 0 0 0 9 0
	write umon |	misses = 1794, hits= 0 0 0 0 0 0 0 0 0 0 0 0 0 0 0 0
num evicts: 13000000, p: 2442212, s: 1884843 	 max proactive lookup: 16, max shadow lookup: 16
current cycle = 74660395, last update cycle = 70001649, delta = 4658746
	load umon |	misses = 2787, hits= 0 0 0 0 0 0 0 0 0 0 0 0 0 0 9 0
	write umon |	misses = 2089, hits= 0 0 0 0 0 0 0 0 0 0 0 0 0 0 0 0
num evicts: 13100000, p: 2458245, s: 1907545 	 max proactive lookup: 16, max shadow lookup: 16
current cycle = 76012357, last update cycle = 75001655, delta = 1010702
	load umon |	misses = 1739, hits= 0 0 0 0 0 0 0 0 0 0 0 0 0 0 4 0
	write umon |	misses = 1300, hits= 0 0 0 0 0 0 0 0 0 0 0 0 0 0 0 0
num evicts: 13200000, p: 2474773, s: 1928928 	 max proactive lookup: 16, max shadow lookup: 16
current cycle = 77364289, last update cycle = 75001655, delta = 2362634
	load umon |	misses = 2125, hits= 0 0 0 0 0 0 0 0 0 0 0 0 0 0 6 0
	write umon |	misses = 1594, hits= 0 0 0 0 0 0 0 0 0 0 0 0 0 0 0 0
num evicts: 13300000, p: 2490875, s: 1951108 	 max proactive lookup: 16, max shadow lookup: 16
current cycle = 78716290, last update cycle = 75001655, delta = 3714635
	load umon |	misses = 2519, hits= 0 0 0 0 0 0 0 0 0 0 0 0 0 0 11 0
	write umon |	misses = 1889, hits= 0 0 0 0 0 0 0 0 0 0 0 0 0 0 0 0
num evicts: 13400000, p: 2507017, s: 1972382 	 max proactive lookup: 16, max shadow lookup: 16
current cycle = 80072066, last update cycle = 80002036, delta = 70030
	load umon |	misses = 1460, hits= 0 0 0 0 0 0 0 0 0 0 0 0 0 0 5 0
	write umon |	misses = 1090, hits= 0 0 0 0 0 0 0 0 0 0 0 0 0 0 0 0
Heartbeat CPU 0 instructions: 40000010 cycles: 81314829 heartbeat IPC: 0.2287 cumulative IPC: 0.2278 (Simulation time: 02 hr 53 min 06 sec)
num evicts: 13500000, p: 2523007, s: 1996522 	 max proactive lookup: 16, max shadow lookup: 16
current cycle = 81427560, last update cycle = 80002036, delta = 1425524
	load umon |	misses = 1847, hits= 0 0 0 0 0 0 0 0 0 0 0 0 0 0 5 0
	write umon |	misses = 1383, hits= 0 0 0 0 0 0 0 0 0 0 0 0 0 0 0 0
Heartbeat CPU 7 instructions: 40000010 cycles: 81769956 heartbeat IPC: 0.2271 cumulative IPC: 0.2264 (Simulation time: 02 hr 53 min 51 sec)
Heartbeat CPU 4 instructions: 40000010 cycles: 81846278 heartbeat IPC: 0.2268 cumulative IPC: 0.2261 (Simulation time: 02 hr 53 min 58 sec)
Heartbeat CPU 1 instructions: 40000010 cycles: 81903834 heartbeat IPC: 0.227 cumulative IPC: 0.2258 (Simulation time: 02 hr 54 min 04 sec)
Heartbeat CPU 5 instructions: 40000010 cycles: 81914337 heartbeat IPC: 0.2269 cumulative IPC: 0.2258 (Simulation time: 02 hr 54 min 05 sec)
Heartbeat CPU 2 instructions: 40000010 cycles: 81988510 heartbeat IPC: 0.2256 cumulative IPC: 0.2256 (Simulation time: 02 hr 54 min 12 sec)
Heartbeat CPU 3 instructions: 40000010 cycles: 81999037 heartbeat IPC: 0.2286 cumulative IPC: 0.2255 (Simulation time: 02 hr 54 min 14 sec)
Heartbeat CPU 6 instructions: 40000010 cycles: 82392894 heartbeat IPC: 0.2257 cumulative IPC: 0.2242 (Simulation time: 02 hr 54 min 53 sec)
num evicts: 13600000, p: 2539097, s: 2021143 	 max proactive lookup: 16, max shadow lookup: 16
current cycle = 82784867, last update cycle = 80002036, delta = 2782831
	load umon |	misses = 2244, hits= 0 0 0 0 0 0 0 0 0 0 0 0 0 0 5 0
	write umon |	misses = 1683, hits= 0 0 0 0 0 0 0 0 0 0 0 0 0 0 0 0
num evicts: 13700000, p: 2555162, s: 2046096 	 max proactive lookup: 16, max shadow lookup: 16
current cycle = 84143624, last update cycle = 80002036, delta = 4141588
	load umon |	misses = 2626, hits= 0 0 0 0 0 0 0 0 0 0 0 0 0 0 5 0
	write umon |	misses = 1968, hits= 0 0 0 0 0 0 0 0 0 0 0 0 0 0 0 0
num evicts: 13800000, p: 2571052, s: 2072087 	 max proactive lookup: 16, max shadow lookup: 16
current cycle = 85501952, last update cycle = 85002090, delta = 499862
	load umon |	misses = 1579, hits= 0 0 0 0 0 0 0 0 0 0 0 0 0 0 2 0
	write umon |	misses = 1183, hits= 0 0 0 0 0 0 0 0 0 0 0 0 0 0 0 0
num evicts: 13900000, p: 2586050, s: 2098413 	 max proactive lookup: 16, max shadow lookup: 16
current cycle = 86853898, last update cycle = 85002090, delta = 1851808
	load umon |	misses = 1983, hits= 0 0 0 0 0 0 1 0 0 0 0 0 0 1 3 4
	write umon |	misses = 1483, hits= 0 0 0 0 0 0 0 0 0 0 0 0 0 0 0 0
num evicts: 14000000, p: 2600840, s: 2125392 	 max proactive lookup: 16, max shadow lookup: 16
current cycle = 88203897, last update cycle = 85002090, delta = 3201807
	load umon |	misses = 2361, hits= 0 0 0 0 0 0 1 0 0 0 0 0 0 1 3 4
	write umon |	misses = 1769, hits= 0 0 0 0 0 0 0 