[VMEM] WARNING: physical memory size is smaller than virtual memory size.

*** ChampSim Multicore Out-of-Order Simulator ***
Warmup Instructions: 25000000
Simulation Instructions: 25000000
Number of CPUs: 8
Page size: 2097152

initializing BARD -- num sampled sets: 64, modulus = 256
CL :	 16.64 ns
CWL :	 15.808 ns
tRP :	 16.224 ns
tRCD :	 16.224 ns
tRAS :	 32.032000000000004 ns
tRTP :	 7.904 ns
tWR :	 30.368000000000002 ns

tCCD_S :	 3.3280000000000003 ns
tCCD_S_WR :	 3.3280000000000003 ns
tCCD_S_WTR :	 22.048000000000002 ns
tCCD_L :	 5.408 ns
tCCD_L_WR :	 20.384 ns
tCCD_L_WTR :	 29.536 ns
tRRD_S :	 3.3280000000000003 ns
tRRD_L :	 5.408 ns
tFAW :	 13.728 ns
Address mapping (perm = 1) 	ch co bg bg bg ba ba co co co co co co ro ro ro ro ro ro ro ro ro ro ro ro ro ro ro 
dram queue size: R = 64 W = 48 (low:high is 9:39)
num evicts: 0, p: 0, s: 0 	 max proactive lookup: 16, max shadow lookup: 16
	evict counters: 128 128 128 128 128 128 128 128 128 128 128 128 128 128 128 128
	eager counters: 128 128 128 128 128 128 128 128 128 128 128 128 128 128 128 128
num evicts: 100000, p: 3577, s: 5436 	 max proactive lookup: 14, max shadow lookup: 16
	evict counters: 148 143 142 141 141 136 135 133 128 130 130 128 128 128 125 127
	eager counters: 133 130 130 130 129 131 128 128 128 129 129 129 128 128 128 128
num evicts: 200000, p: 7300, s: 13301 	 max proactive lookup: 15, max shadow lookup: 16
	evict counters: 162 169 161 159 161 146 154 137 139 133 136 132 131 133 130 125
	eager counters: 135 136 136 131 133 132 131 128 130 130 130 129 129 128 129 128
num evicts: 300000, p: 10844, s: 22193 	 max proactive lookup: 16, max shadow lookup: 16
	evict counters: 182 191 178 178 184 165 164 152 160 145 139 142 139 136 132 129
	eager counters: 142 143 141 136 139 136 134 130 131 131 130 134 131 129 130 128
num evicts: 400000, p: 14826, s: 34895 	 max proactive lookup: 16, max shadow lookup: 16
	evict counters: 200 207 202 198 203 183 173 162 172 147 151 153 142 136 135 132
	eager counters: 149 149 147 141 143 140 139 132 133 131 131 134 132 129 131 128
num evicts: 500000, p: 17645, s: 44977 	 max proactive lookup: 11, max shadow lookup: 16
	evict counters: 215 231 222 214 221 151 181 176 143 152 161 95 143 111 138 100
	eager counters: 154 151 154 147 151 144 140 134 134 133 133 137 134 130 131 128
num evicts: 600000, p: 20704, s: 55280 	 max proactive lookup: 11, max shadow lookup: 16
	evict counters: 233 249 242 232 233 168 200 191 151 157 170 94 150 114 138 104
	eager counters: 160 159 160 151 155 148 145 139 137 134 136 138 135 130 131 128
num evicts: 700000, p: 24448, s: 68098 	 max proactive lookup: 11, max shadow lookup: 16
	evict counters: 255 255 255 250 251 185 216 198 169 172 175 73 159 122 141 105
	eager counters: 165 161 166 154 157 151 150 141 140 134 136 140 137 132 131 128
num evicts: 800000, p: 29590, s: 96838 	 max proactive lookup: 11, max shadow lookup: 16
	evict counters: 255 255 255 255 255 202 238 209 186 182 191 79 165 123 148 112
	eager counters: 168 169 175 161 161 152 156 144 144 135 138 141 140 132 131 128
num evicts: 900000, p: 31107, s: 124233 	 max proactive lookup: 1, max shadow lookup: 10
	evict counters: 255 125 255 152 255 33 30 30 25 40 4 1 2 2 5 0
	eager counters: 180 186 186 171 164 162 143 152 153 143 123 111 141 133 131 129
num evicts: 1000000, p: 35859, s: 146777 	 max proactive lookup: 5, max shadow lookup: 5
	evict counters: 255 143 254 171 255 51 45 53 35 49 16 9 11 12 12 7
	eager counters: 191 196 194 178 174 121 138 115 112 148 113 100 144 135 116 129
num evicts: 1100000, p: 42182, s: 162987 	 max proactive lookup: 5, max shadow lookup: 7
	evict counters: 255 174 255 195 255 66 53 70 34 58 27 15 16 15 13 6
	eager counters: 214 215 211 189 185 128 151 125 119 151 119 104 146 135 119 131
num evicts: 1200000, p: 47458, s: 180077 	 max proactive lookup: 5, max shadow lookup: 8
	evict counters: 255 188 255 208 255 61 69 68 33 67 34 18 23 14 19 19
	eager counters: 229 224 225 196 191 131 159 133 123 154 123 108 148 136 120 132
num evicts: 1300000, p: 51461, s: 197274 	 max proactive lookup: 5, max shadow lookup: 10
	evict counters: 255 209 200 231 255 74 80 74 54 78 42 31 32 17 25 24
	eager counters: 235 234 232 206 203 138 164 136 132 159 127 111 152 136 121 133
num evicts: 1400000, p: 54846, s: 215482 	 max proactive lookup: 5, max shadow lookup: 11
	evict counters: 255 230 221 252 255 67 92 94 50 79 53 45 35 24 38 23
	eager counters: 245 242 242 211 208 143 169 145 137 168 128 113 153 136 121 133
num evicts: 1500000, p: 57638, s: 233216 	 max proactive lookup: 5, max shadow lookup: 11
	evict counters: 255 255 249 255 255 81 90 112 70 90 38 45 44 25 44 20
	eager counters: 252 246 250 219 212 147 175 146 137 168 128 116 156 137 121 133
num evicts: 1600000, p: 60086, s: 250299 	 max proactive lookup: 5, max shadow lookup: 11
	evict counters: 255 255 210 255 255 100 49 96 69 106 52 56 62 32 46 24
	eager counters: 255 253 255 221 214 151 177 150 140 170 131 116 158 137 121 133
num evicts: 1700000, p: 62370, s: 268291 	 max proactive lookup: 5, max shadow lookup: 11
	evict counters: 255 255 187 255 255 65 66 86 47 117 67 45 73 21 60 30
	eager counters: 255 255 255 231 223 154 181 155 143 175 134 117 159 140 122 133
num evicts: 1800000, p: 64113, s: 285105 	 max proactive lookup: 5, max shadow lookup: 11
	evict counters: 255 255 208 255 255 67 63 102 58 103 73 53 78 27 63 35
	eager counters: 255 255 255 236 225 156 185 158 144 177 136 118 159 141 122 134
num evicts: 1900000, p: 65808, s: 301836 	 max proactive lookup: 5, max shadow lookup: 11
	evict counters: 255 200 223 255 206 80 73 111 67 114 82 62 60 34 68 41
	eager counters: 255 255 255 240 227 157 186 159 145 179 138 119 159 141 122 135
num evicts: 2000000, p: 67445, s: 318486 	 max proactive lookup: 5, max shadow lookup: 11
	evict counters: 255 230 252 255 227 106 91 121 82 134 98 71 70 42 75 56
	eager counters: 255 255 255 243 230 161 188 160 149 184 140 122 161 143 123 135
num evicts: 2100000, p: 69028, s: 335901 	 max proactive lookup: 5, max shadow lookup: 11
	evict counters: 255 255 192 195 251 125 113 142 99 143 111 83 82 41 81 46
	eager counters: 255 255 255 255 235 169 196 166 153 184 143 125 161 144 125 136
num evicts: 2200000, p: 70631, s: 352695 	 max proactive lookup: 5, max shadow lookup: 11
	evict counters: 255 255 204 217 255 109 133 158 115 156 118 90 67 49 86 25
	eager counters: 255 255 255 255 239 173 203 173 160 185 144 125 161 144 126 137
num evicts: 2300000, p: 72001, s: 371310 	 max proactive lookup: 5, max shadow lookup: 11
	evict counters: 255 255 222 242 255 73 138 171 93 165 102 92 72 52 89 26
	eager counters: 255 255 255 255 240 177 205 176 161 185 145 125 162 144 126 137
num evicts: 2400000, p: 73605, s: 391913 	 max proactive lookup: 5, max shadow lookup: 11
	evict counters: 255 255 246 255 208 100 148 186 84 180 114 99 79 54 97 32
	eager counters: 255 255 255 255 242 182 206 178 164 188 147 125 165 144 128 137
num evicts: 2500000, p: 75168, s: 412526 	 max proactive lookup: 5, max shadow lookup: 11
	evict counters: 255 255 255 255 170 123 161 153 55 185 68 103 100 60 77 35
	eager counters: 255 255 255 255 246 190 207 181 167 189 149 125 167 144 128 138
num evicts: 2600000, p: 77163, s: 434055 	 max proactive lookup: 8, max shadow lookup: 11
	evict counters: 255 255 255 255 177 138 135 167 71 190 77 115 109 68 83 33
	eager counters: 255 255 255 255 247 190 211 184 170 190 150 126 168 145 130 138
Heartbeat CPU 0 instructions: 10000001 cycles: 4551706 heartbeat IPC: 2.197 cumulative IPC: 2.197 (Simulation time: 00 hr 19 min 56 sec)
Heartbeat CPU 3 instructions: 10000000 cycles: 4567376 heartbeat IPC: 2.189 cumulative IPC: 2.189 (Simulation time: 00 hr 20 min 01 sec)
Heartbeat CPU 1 instructions: 10000000 cycles: 4607988 heartbeat IPC: 2.17 cumulative IPC: 2.17 (Simulation time: 00 hr 20 min 15 sec)
Heartbeat CPU 4 instructions: 10000000 cycles: 4617985 heartbeat IPC: 2.165 cumulative IPC: 2.165 (Simulation time: 00 hr 20 min 19 sec)
Heartbeat CPU 2 instructions: 10000003 cycles: 4640671 heartbeat IPC: 2.155 cumulative IPC: 2.155 (Simulation time: 00 hr 20 min 26 sec)
Heartbeat CPU 5 instructions: 10000003 cycles: 4644817 heartbeat IPC: 2.153 cumulative IPC: 2.153 (Simulation time: 00 hr 20 min 27 sec)
num evicts: 2700000, p: 79309, s: 455818 	 max proactive lookup: 8, max shadow lookup: 11
	evict counters: 255 255 255 255 193 152 144 138 76 153 60 75 124 61 61 35
	eager counters: 255 255 255 255 250 195 189 184 170 192 150 126 170 147 130 138
Heartbeat CPU 6 instructions: 10000003 cycles: 4656985 heartbeat IPC: 2.147 cumulative IPC: 2.147 (Simulation time: 00 hr 20 min 32 sec)
Heartbeat CPU 7 instructions: 10000000 cycles: 4661266 heartbeat IPC: 2.145 cumulative IPC: 2.145 (Simulation time: 00 hr 20 min 33 sec)
num evicts: 2800000, p: 81653, s: 479375 	 max proactive lookup: 8, max shadow lookup: 16
	evict counters: 255 255 255 255 208 166 160 152 94 165 59 65 53 43 74 21
	eager counters: 255 255 255 255 255 196 193 162 172 168 154 128 172 152 133 139
num evicts: 2900000, p: 83880, s: 503983 	 max proactive lookup: 8, max shadow lookup: 16
	evict counters: 255 255 204 199 224 149 135 169 114 184 70 55 69 46 78 31
	eager counters: 255 255 255 255 255 203 152 164 176 173 155 131 177 153 133 140
num evicts: 3000000, p: 86038, s: 529374 	 max proactive lookup: 10, max shadow lookup: 16
	evict counters: 255 255 217 219 241 172 151 179 128 192 77 63 80 48 83 29
	eager counters: 255 255 228 255 255 209 156 167 181 174 156 132 179 153 133 140
num evicts: 3100000, p: 88326, s: 554940 	 max proactive lookup: 10, max shadow lookup: 16
	evict counters: 255 255 233 239 147 185 163 152 138 202 89 47 86 53 87 9
	eager counters: 255 255 233 255 255 214 158 172 183 176 158 133 181 153 134 140
num evicts: 3200000, p: 90560, s: 580122 	 max proactive lookup: 4, max shadow lookup: 15
	evict counters: 255 255 254 255 125 199 184 122 155 219 101 54 65 49 71 10
	eager counters: 255 255 242 255 255 220 165 176 192 177 160 135 182 154 134 123
num evicts: 3300000, p: 91954, s: 606023 	 max proactive lookup: 4, max shadow lookup: 15
	evict counters: 255 255 255 255 82 229 155 103 123 134 112 42 53 58 76 9
	eager counters: 255 255 249 255 227 226 171 178 194 182 163 138 183 155 134 123
num evicts: 3400000, p: 93204, s: 631967 	 max proactive lookup: 4, max shadow lookup: 15
	evict counters: 255 208 255 255 100 249 169 120 106 151 114 47 60 44 65 13
	eager counters: 255 255 255 255 231 230 174 182 199 188 164 139 183 156 135 123
num evicts: 3500000, p: 94514, s: 656926 	 max proactive lookup: 4, max shadow lookup: 15
	evict counters: 255 233 255 255 118 254 138 128 123 162 96 54 68 38 66 24
	eager counters: 255 255 255 255 237 233 181 185 202 192 165 140 184 156 135 123
num evicts: 3600000, p: 95825, s: 682905 	 max proactive lookup: 4, max shadow lookup: 15
	evict counters: 255 250 255 255 104 198 144 136 78 169 107 42 76 31 70 27
	eager counters: 255 255 255 255 248 242 183 189 207 195 166 140 186 156 135 124
num evicts: 3700000, p: 97182, s: 708754 	 max proactive lookup: 4, max shadow lookup: 15
	evict counters: 255 255 255 255 119 165 157 92 93 189 116 52 62 34 74 35
	eager counters: 255 255 255 255 254 248 189 194 211 199 169 141 188 157 135 125
num evicts: 3800000, p: 98629, s: 734092 	 max proactive lookup: 7, max shadow lookup: 15
	evict counters: 255 255 255 202 131 183 171 101 108 200 122 35 50 38 54 16
	eager counters: 255 255 255 255 255 252 192 195 218 202 171 144 188 157 135 126
num evicts: 3900000, p: 100512, s: 759685 	 max proactive lookup: 7, max shadow lookup: 15
	evict counters: 255 255 255 214 140 194 175 113 117 211 119 34 51 36 59 21
	eager counters: 255 255 255 255 255 254 194 198 220 206 171 144 190 157 135 127
num evicts: 4000000, p: 102290, s: 785875 	 max proactive lookup: 6, max shadow lookup: 15
	evict counters: 255 255 255 227 153 156 110 125 128 170 122 31 57 33 59 14
	eager counters: 255 255 255 255 255 255 196 200 224 209 171 145 190 157 135 127
num evicts: 4100000, p: 104004, s: 811414 	 max proactive lookup: 6, max shadow lookup: 15
	evict counters: 255 255 255 185 171 162 118 141 136 139 130 42 50 30 65 17
	eager counters: 255 255 255 255 255 255 173 201 226 213 174 146 190 158 135 127
num evicts: 4200000, p: 106091, s: 836816 	 max proactive lookup: 10, max shadow lookup: 16
	evict counters: 255 255 255 206 189 188 136 160 147 155 111 38 51 38 66 15
	eager counters: 255 255 255 255 255 255 180 209 229 221 178 150 190 159 136 128
num evicts: 4300000, p: 108367, s: 862360 	 max proactive lookup: 10, max shadow lookup: 16
	evict counters: 255 255 255 225 211 215 160 180 159 175 126 48 56 53 78 24
	eager counters: 255 255 255 255 255 255 189 212 231 225 180 154 191 160 137 128
num evicts: 4400000, p: 110604, s: 887997 	 max proactive lookup: 11, max shadow lookup: 16
	evict counters: 255 255 255 247 234 237 178 192 176 185 131 57 59 56 82 19
	eager counters: 255 255 255 255 255 255 195 216 238 228 184 156 171 161 137 128
num evicts: 4500000, p: 112966, s: 913494 	 max proactive lookup: 11, max shadow lookup: 16
	evict counters: 255 255 255 255 190 248 186 199 191 146 138 64 65 59 89 18
	eager counters: 255 255 255 255 255 255 198 219 245 231 188 158 171 165 139 130
num evicts: 4600000, p: 115355, s: 939214 	 max proactive lookup: 11, max shadow lookup: 16
	evict counters: 255 255 255 255 210 195 199 158 157 158 147 38 74 70 77 23
	eager counters: 255 255 255 255 255 255 201 223 247 233 190 161 173 166 141 131
num evicts: 4700000, p: 117260, s: 965765 	 max proactive lookup: 7, max shadow lookup: 16
	evict counters: 255 255 255 255 230 204 209 127 164 124 157 52 80 75 81 24
	eager counters: 255 255 255 255 255 255 205 224 249 236 193 162 173 166 142 131
num evicts: 4800000, p: 119251, s: 991841 	 max proactive lookup: 7, max shadow lookup: 16
	evict counters: 255 255 193 255 248 210 172 106 180 139 161 53 79 78 61 34
	eager counters: 255 255 255 255 255 255 210 226 251 238 195 162 173 167 142 131
num evicts: 4900000, p: 121223, s: 1017873 	 max proactive lookup: 7, max shadow lookup: 16
	evict counters: 255 255 208 255 255 225 195 119 182 154 169 60 86 76 31 32
	eager counters: 255 255 255 255 255 255 216 229 251 244 197 162 174 167 142 131
num evicts: 5000000, p: 123317, s: 1043936 	 max proactive lookup: 11, max shadow lookup: 16
	evict counters: 255 255 233 255 255 238 164 133 198 170 178 67 95 76 36 26
	eager counters: 255 255 255 255 255 255 221 231 252 248 198 163 175 168 144 131
num evicts: 5100000, p: 125773, s: 1069852 	 max proactive lookup: 11, max shadow lookup: 16
	evict counters: 255 255 247 255 255 255 179 145 205 178 179 55 104 83 39 29
	eager counters: 255 255 255 255 255 255 227 235 255 250 198 165 176 168 145 132
num evicts: 5200000, p: 128142, s: 1095836 	 max proactive lookup: 11, max shadow lookup: 16
	evict counters: 255 255 255 255 255 192 196 158 217 190 189 66 107 89 40 35
	eager counters: 255 255 255 255 255 255 233 238 255 253 199 167 176 168 145 132
num evicts: 5300000, p: 130502, s: 1121181 	 max proactive lookup: 11, max shadow lookup: 16
	evict counters: 255 255 255 255 255 202 161 166 222 194 198 69 114 96 44 27
	eager counters: 255 255 255 255 255 255 239 240 255 254 201 169 178 168 146 132
num evicts: 5400000, p: 132641, s: 1146921 	 max proactive lookup: 11, max shadow lookup: 16
	evict counters: 255 255 255 255 255 222 188 181 234 205 209 78 124 108 30 33
	eager counters: 255 255 255 255 255 255 251 248 255 255 205 169 180 170 147 132
num evicts: 5500000, p: 134945, s: 1172698 	 max proactive lookup: 11, max shadow lookup: 16
	evict counters: 255 255 255 205 255 233 203 195 248 162 219 98 133 94 36 43
	eager counters: 255 255 255 255 255 255 253 251 255 255 207 173 181 172 149 132
num evicts: 5600000, p: 137116, s: 1197972 	 max proactive lookup: 11, max shadow lookup: 16
	evict counters: 255 255 255 174 197 253 166 204 254 169 173 82 143 100 30 36
	eager counters: 255 255 255 255 255 255 255 252 255 255 210 176 182 174 149 132
num evicts: 5700000, p: 139339, s: 1223580 	 max proactive lookup: 11, max shadow lookup: 16
	evict counters: 255 255 255 192 206 255 140 161 255 180 175 98 146 100 27 39
	eager counters: 255 255 255 255 255 255 255 253 255 255 211 177 183 174 149 132
num evicts: 5800000, p: 141704, s: 1249998 	 max proactive lookup: 11, max shadow lookup: 16
	evict counters: 255 255 255 212 225 253 153 175 255 193 185 83 90 80 34 43
	eager counters: 255 255 255 255 255 255 255 254 255 255 213 177 188 174 149 132
num evicts: 5900000, p: 143985, s: 1275934 	 max proactive lookup: 11, max shadow lookup: 16
	evict counters: 255 255 255 232 188 255 165 183 255 202 195 84 105 82 37 42
	eager counters: 255 255 255 255 255 255 255 255 255 255 217 179 189 175 149 132
num evicts: 6000000, p: 145968, s: 1301049 	 max proactive lookup: 11, max shadow lookup: 16
	evict counters: 255 255 255 249 210 255 133 146 255 205 152 90 108 90 28 51
	eager counters: 255 255 255 255 255 255 255 255 255 255 219 182 189 178 149 133
num evicts: 6100000, p: 147919, s: 1325648 	 max proactive lookup: 11, max shadow lookup: 16
	evict counters: 255 255 255 198 175 155 145 163 192 170 160 103 88 94 33 59
	eager counters: 255 255 255 255 255 255 255 255 255 255 221 183 191 178 150 135
num evicts: 6200000, p: 149921, s: 1351215 	 max proactive lookup: 9, max shadow lookup: 16
	evict counters: 255 255 255 217 188 177 159 135 161 110 167 60 56 44 18 63
	eager counters: 255 255 255 255 255 255 227 227 255 231 226 185 192 179 151 135
num evicts: 6300000, p: 151667, s: 1377281 	 max proactive lookup: 7, max shadow lookup: 16
	evict counters: 255 255 194 180 163 152 179 122 131 96 132 65 32 52 21 64
	eager counters: 255 255 255 255 255 255 239 238 255 234 201 186 193 181 151 135
Heartbeat CPU 0 instructions: 20000003 cycles: 9578838 heartbeat IPC: 1.989 cumulative IPC: 2.088 (Simulation time: 00 hr 44 min 43 sec)
Heartbeat CPU 3 instructions: 20000003 cycles: 9619273 heartbeat IPC: 1.979 cumulative IPC: 2.079 (Simulation time: 00 hr 44 min 54 sec)
Heartbeat CPU 1 instructions: 20000003 cycles: 9664023 heartbeat IPC: 1.978 cumulative IPC: 2.07 (Simulation time: 00 hr 45 min 06 sec)
Heartbeat CPU 4 instructions: 20000003 cycles: 9683395 heartbeat IPC: 1.974 cumulative IPC: 2.065 (Simulation time: 00 hr 45 min 12 sec)
num evicts: 6400000, p: 153302, s: 1403765 	 max proactive lookup: 7, max shadow lookup: 16
	evict counters: 255 255 221 195 138 173 194 105 105 111 137 82 48 40 29 47
	eager counters: 255 255 255 255 255 255 241 247 226 241 204 186 195 181 151 135
Heartbeat CPU 2 instructions: 20000003 cycles: 9704800 heartbeat IPC: 1.975 cumulative IPC: 2.061 (Simulation time: 00 hr 45 min 18 sec)
Heartbeat CPU 5 instructions: 20000003 cycles: 9708579 heartbeat IPC: 1.975 cumulative IPC: 2.06 (Simulation time: 00 hr 45 min 19 sec)
Heartbeat CPU 6 instructions: 20000003 cycles: 9721474 heartbeat IPC: 1.975 cumulative IPC: 2.057 (Simulation time: 00 hr 45 min 22 sec)
Heartbeat CPU 7 instructions: 20000003 cycles: 9730204 heartbeat IPC: 1.973 cumulative IPC: 2.055 (Simulation time: 00 hr 45 min 25 sec)
num evicts: 6500000, p: 155113, s: 1430033 	 max proactive lookup: 7, max shadow lookup: 16
	evict counters: 255 255 231 214 151 188 211 115 123 123 145 88 56 42 30 49
	eager counters: 255 255 255 255 255 255 247 221 230 217 204 188 196 182 155 136
num evicts: 6600000, p: 157034, s: 1456108 	 max proactive lookup: 11, max shadow lookup: 16
	evict counters: 255 255 243 231 166 200 227 129 136 128 156 97 61 46 32 53
	eager counters: 255 255 255 255 255 255 253 223 233 218 207 193 172 184 155 137
num evicts: 6700000, p: 159313, s: 1481519 	 max proactive lookup: 11, max shadow lookup: 16
	evict counters: 255 255 255 251 185 213 242 142 156 143 165 107 71 48 39 63
	eager counters: 255 255 255 255 255 255 255 227 238 220 207 196 172 185 155 137
num evicts: 6800000, p: 161436, s: 1507976 	 max proactive lookup: 9, max shadow lookup: 16
	evict counters: 255 255 255 255 205 227 255 155 172 113 172 117 60 51 40 65
	eager counters: 255 255 255 255 255 255 255 230 241 221 210 199 175 185 155 137
num evicts: 6900000, p: 163574, s: 1534652 	 max proactive lookup: 12, max shadow lookup: 16
	evict counters: 255 255 255 255 224 242 255 163 188 130 143 131 63 50 47 63
	eager counters: 255 255 255 255 255 255 255 233 244 228 219 205 175 185 155 138
num evicts: 7000000, p: 165853, s: 1560640 	 max proactive lookup: 12, max shadow lookup: 16
	evict counters: 255 255 255 255 241 255 254 180 201 134 155 131 71 48 21 42
	eager counters: 255 255 255 255 255 255 255 238 248 229 219 206 178 185 155 138
num evicts: 7100000, p: 168029, s: 1586366 	 max proactive lookup: 12, max shadow lookup: 16
	evict counters: 255 255 205 255 255 255 255 200 205 144 171 142 37 45 25 35
	eager counters: 255 255 255 255 255 255 255 243 251 233 224 211 178 185 156 138
num evicts: 7200000, p: 170214, s: 1613256 	 max proactive lookup: 9, max shadow lookup: 16
	evict counters: 255 255 229 255 255 196 255 224 221 121 137 154 49 46 31 34
	eager counters: 255 255 255 255 255 255 255 251 255 237 226 213 180 185 156 138
num evicts: 7300000, p: 172533, s: 1640048 	 max proactive lookup: 12, max shadow lookup: 16
	evict counters: 255 196 253 195 255 223 207 137 176 134 142 167 63 50 30 37
	eager counters: 255 255 255 255 255 230 226 255 224 241 200 216 183 185 157 139
num evicts: 7400000, p: 174511, s: 1666760 	 max proactive lookup: 7, max shadow lookup: 16
	evict counters: 255 215 212 157 255 252 224 84 145 145 152 103 76 60 35 43
	eager counters: 255 224 255 255 255 238 231 197 228 246 202 218 188 165 158 139
num evicts: 7500000, p: 176289, s: 1694297 	 max proactive lookup: 7, max shadow lookup: 16
	evict counters: 255 240 230 177 255 255 239 99 153 123 171 107 82 62 32 47
	eager counters: 255 235 255 255 255 246 238 204 229 249 206 193 190 165 159 139
num evicts: 7600000, p: 177844, s: 1719231 	 max proactive lookup: 7, max shadow lookup: 16
	evict counters: 255 255 255 191 255 255 253 116 172 134 179 116 70 60 31 54
	eager counters: 255 240 255 255 255 252 244 206 229 252 208 195 192 166 159 139
Warmup finished CPU 0 instructions: 25000000 cycles: 11420582 cumulative IPC: 2.189 (Simulation time: 00 hr 53 min 15 sec)
Warmup finished CPU 1 instructions: 25000003 cycles: 11515239 cumulative IPC: 2.171 (Simulation time: 00 hr 53 min 39 sec)
Warmup finished CPU 3 instructions: 25000000 cycles: 11556181 cumulative IPC: 2.163 (Simulation time: 00 hr 53 min 50 sec)
Warmup finished CPU 2 instructions: 25000003 cycles: 11573582 cumulative IPC: 2.16 (Simulation time: 00 hr 53 min 55 sec)
num evicts: 7700000, p: 179297, s: 1744942 	 max proactive lookup: 11, max shadow lookup: 16
	evict counters: 255 255 255 206 255 255 254 133 184 142 194 127 75 68 43 58
	eager counters: 255 248 255 255 255 254 250 211 237 255 213 196 192 166 160 139
Warmup finished CPU 4 instructions: 25000000 cycles: 11601222 cumulative IPC: 2.155 (Simulation time: 00 hr 54 min 02 sec)
Warmup finished CPU 5 instructions: 25000003 cycles: 11619328 cumulative IPC: 2.152 (Simulation time: 00 hr 54 min 07 sec)
Warmup finished CPU 6 instructions: 25000000 cycles: 11635952 cumulative IPC: 2.149 (Simulation time: 00 hr 54 min 12 sec)
Warmup finished CPU 7 instructions: 25000000 cycles: 11648291 cumulative IPC: 2.146 (Simulation time: 00 hr 54 min 15 sec)
Warmup complete CPU 7 instructions: 25000000 cycles: 11648291 cumulative IPC: 2.146 (Simulation time: 00 hr 54 min 15 sec)
Warmup complete CPU 6 instructions: 25033849 cycles: 11648291 cumulative IPC: 2.149 (Simulation time: 00 hr 54 min 15 sec)
Warmup complete CPU 5 instructions: 25069360 cycles: 11648291 cumulative IPC: 2.152 (Simulation time: 00 hr 54 min 15 sec)
Warmup complete CPU 4 instructions: 25108402 cycles: 11648291 cumulative IPC: 2.156 (Simulation time: 00 hr 54 min 15 sec)
Warmup complete CPU 3 instructions: 25225533 cycles: 11648291 cumulative IPC: 2.166 (Simulation time: 00 hr 54 min 15 sec)
Warmup complete CPU 2 instructions: 25178054 cycles: 11648291 cumulative IPC: 2.162 (Simulation time: 00 hr 54 min 15 sec)
Warmup complete CPU 1 instructions: 25473497 cycles: 11648291 cumulative IPC: 2.187 (Simulation time: 00 hr 54 min 15 sec)
Warmup complete CPU 0 instructions: 25899515 cycles: 11648291 cumulative IPC: 2.223 (Simulation time: 00 hr 54 min 15 sec)
num evicts: 7800000, p: 181614, s: 1775070 	 max proactive lookup: 12, max shadow lookup: 16
	evict counters: 255 255 255 226 255 255 255 160 197 149 158 141 85 72 50 59
	eager counters: 255 255 255 255 255 255 255 219 242 255 215 199 194 166 161 139
num evicts: 7900000, p: 183783, s: 1803906 	 max proactive lookup: 11, max shadow lookup: 16
	evict counters: 255 255 255 246 255 255 255 177 209 164 170 114 69 79 57 61
	eager counters: 255 255 255 255 255 255 255 227 248 255 217 203 194 167 161 140
num evicts: 8000000, p: 185766, s: 1832403 	 max proactive lookup: 12, max shadow lookup: 16
	evict counters: 255 255 206 255 255 255 194 202 168 177 176 132 77 63 62 53
	eager counters: 255 255 255 255 255 255 255 238 249 255 220 209 196 169 164 141
num evicts: 8100000, p: 187641, s: 1860741 	 max proactive lookup: 12, max shadow lookup: 16
	evict counters: 255 255 228 255 255 254 217 216 174 183 193 140 83 66 65 58
	eager counters: 255 255 255 255 255 255 255 243 252 255 223 214 198 170 167 141
num evicts: 8200000, p: 189475, s: 1888787 	 max proactive lookup: 12, max shadow lookup: 16
	evict counters: 255 255 255 255 255 255 228 229 187 190 210 145 87 73 69 66
	eager counters: 255 255 255 255 255 255 255 246 255 255 229 215 200 171 167 141
num evicts: 8300000, p: 191195, s: 1916577 	 max proactive lookup: 12, max shadow lookup: 16
	evict counters: 255 255 255 255 255 255 249 186 201 208 217 152 96 79 59 65
	eager counters: 255 255 255 255 255 255 255 252 255 255 233 215 200 172 167 141
num evicts: 8400000, p: 192951, s: 1943974 	 max proactive lookup: 11, max shadow lookup: 16
	evict counters: 255 255 255 255 255 255 255 201 163 220 225 119 100 82 51 69
	eager counters: 255 255 255 255 255 255 255 254 255 255 237 215 201 172 167 141
num evicts: 8500000, p: 194647, s: 1971167 	 max proactive lookup: 11, max shadow lookup: 16
	evict counters: 255 255 255 255 255 199 255 219 174 239 185 126 101 87 54 70
	eager counters: 255 255 255 255 255 255 255 255 255 255 239 217 202 173 167 142
num evicts: 8600000, p: 196271, s: 1998004 	 max proactive lookup: 11, max shadow lookup: 16
	evict counters: 255 255 255 200 255 216 255 239 138 185 153 106 64 92 59 73
	eager counters: 255 255 255 255 255 255 227 255 255 255 242 217 204 175 167 142
num evicts: 8700000, p: 197708, s: 2023770 	 max proactive lookup: 8, max shadow lookup: 16
	evict counters: 255 255 255 166 255 184 255 193 115 147 117 88 68 76 66 79
	eager counters: 255 255 255 228 255 255 231 255 255 255 242 219 180 175 167 142
num evicts: 8800000, p: 198894, s: 2049938 	 max proactive lookup: 8, max shadow lookup: 15
	evict counters: 255 203 195 143 197 154 255 209 101 158 98 54 70 46 53 79
	eager counters: 255 255 255 238 255 224 210 255 255 255 244 173 181 176 167 110
num evicts: 8900000, p: 200047, s: 2074859 	 max proactive lookup: 8, max shadow lookup: 15
	evict counters: 255 226 213 163 217 169 255 223 115 133 105 39 59 51 45 63
	eager counters: 255 255 229 243 255 231 213 255 255 224 244 133 181 177 167 97
Heartbeat CPU 0 instructions: 30000007 cycles: 26633335 heartbeat IPC: 0.5864 cumulative IPC: 0.2736 (Simulation time: 01 hr 21 min 22 sec)
num evicts: 9000000, p: 201228, s: 2097876 	 max proactive lookup: 8, max shadow lookup: 11
	evict counters: 255 245 234 138 141 188 192 186 127 140 87 40 64 65 52 68
	eager counters: 255 255 234 247 255 234 214 255 255 224 215 118 181 178 167 98
Heartbeat CPU 1 instructions: 30000004 cycles: 28286814 heartbeat IPC: 0.537 cumulative IPC: 0.272 (Simulation time: 01 hr 24 min 27 sec)
num evicts: 9100000, p: 202541, s: 2121030 	 max proactive lookup: 9, max shadow lookup: 11
	evict counters: 255 255 255 158 170 155 213 201 145 118 103 48 60 69 45 77
	eager counters: 255 255 239 251 255 238 220 255 255 231 222 121 183 180 167 99
Heartbeat CPU 3 instructions: 30000007 cycles: 29237875 heartbeat IPC: 0.5097 cumulative IPC: 0.2714 (Simulation time: 01 hr 26 min 20 sec)
Heartbeat CPU 2 instructions: 30000004 cycles: 29502046 heartbeat IPC: 0.5051 cumulative IPC: 0.2701 (Simulation time: 01 hr 26 min 50 sec)
Heartbeat CPU 4 instructions: 30000007 cycles: 29782303 heartbeat IPC: 0.4975 cumulative IPC: 0.2697 (Simulation time: 01 hr 27 min 21 sec)
num evicts: 9200000, p: 203994, s: 2145128 	 max proactive lookup: 10, max shadow lookup: 11
	evict counters: 255 254 255 173 183 165 235 223 159 133 101 54 63 77 43 78
	eager counters: 255 255 248 255 255 240 226 255 255 234 223 123 183 182 169 87
Heartbeat CPU 5 instructions: 30000004 cycles: 29839352 heartbeat IPC: 0.4968 cumulative IPC: 0.271 (Simulation time: 01 hr 27 min 28 sec)
Heartbeat CPU 6 instructions: 30000007 cycles: 30000240 heartbeat IPC: 0.4931 cumulative IPC: 0.2706 (Simulation time: 01 hr 27 min 46 sec)
Heartbeat CPU 7 instructions: 30000007 cycles: 30089154 heartbeat IPC: 0.4912 cumulative IPC: 0.2711 (Simulation time: 01 hr 27 min 56 sec)
num evicts: 9300000, p: 205349, s: 2168350 	 max proactive lookup: 10, max shadow lookup: 11
	evict counters: 255 198 255 194 200 182 192 174 131 146 115 66 57 85 47 65
	eager counters: 255 255 255 255 255 245 231 255 255 235 227 125 183 184 169 77
num evicts: 9400000, p: 206847, s: 2191912 	 max proactive lookup: 8, max shadow lookup: 11
	evict counters: 255 227 206 219 217 203 208 188 111 122 122 78 69 59 48 69
	eager counters: 255 255 255 255 255 252 238 255 255 238 227 126 183 184 169 77
num evicts: 9500000, p: 208188, s: 2215242 	 max proactive lookup: 11, max shadow lookup: 11
	evict counters: 255 251 227 240 178 224 131 203 128 130 130 87 48 53 54 75
	eager counters: 255 255 255 255 255 255 247 255 255 241 231 127 183 142 169 77
num evicts: 9600000, p: 209179, s: 2240099 	 max proactive lookup: 4, max shadow lookup: 15
	evict counters: 255 255 252 255 114 243 112 220 143 145 142 70 54 31 44 73
	eager counters: 255 255 255 255 225 255 249 255 255 245 233 128 162 143 169 77
num evicts: 9700000, p: 210067, s: 2265394 	 max proactive lookup: 8, max shadow lookup: 15
	evict counters: 255 255 255 255 133 255 135 233 117 152 115 69 63 34 46 80
	eager counters: 255 255 255 255 230 255 253 255 255 246 233 128 162 143 169 78
num evicts: 9800000, p: 211309, s: 2289248 	 max proactive lookup: 10, max shadow lookup: 15
	evict counters: 255 255 202 255 151 255 149 186 132 163 97 75 72 36 55 91
	eager counters: 255 255 255 255 235 255 255 224 255 247 234 128 164 147 169 78
num evicts: 9900000, p: 212288, s: 2308793 	 max proactive lookup: 7, max shadow lookup: 11
	evict counters: 255 255 221 255 177 207 161 119 146 170 85 85 63 37 19 92
	eager counters: 255 255 228 255 244 224 255 226 255 217 237 113 164 114 169 78
num evicts: 10000000, p: 213291, s: 2326640 	 max proactive lookup: 10, max shadow lookup: 11
	evict counters: 255 255 239 255 193 225 175 132 167 188 102 97 74 44 21 101
	eager counters: 255 255 231 255 246 229 255 178 255 217 212 114 166 115 169 80
num evicts: 10100000, p: 213999, s: 2339273 	 max proactive lookup: 10, max shadow lookup: 11
	evict counters: 255 255 255 255 214 241 194 151 182 206 117 107 87 50 29 107
	eager counters: 255 255 239 255 251 233 255 186 255 221 218 114 167 115 169 80
num evicts: 10200000, p: 215005, s: 2352378 	 max proactive lookup: 11, max shadow lookup: 11
	evict counters: 255 255 255 255 241 254 206 165 195 225 133 115 100 57 43 109
	eager counters: 255 255 239 255 252 234 255 187 255 221 219 114 169 116 169 80
num evicts: 10300000, p: 218067, s: 2371482 	 max proactive lookup: 11, max shadow lookup: 11
	evict counters: 255 194 255 255 255 255 229 185 212 232 145 123 103 70 51 107
	eager counters: 255 255 239 255 252 234 255 187 255 221 219 114 169 116 169 80
Heartbeat CPU 0 instructions: 40000008 cycles: 51807981 heartbeat IPC: 0.3972 cumulative IPC: 0.3511 (Simulation time: 02 hr 05 min 16 sec)
num evicts: 10400000, p: 220335, s: 2386291 	 max proactive lookup: 10, max shadow lookup: 11
	evict counters: 255 169 255 255 255 255 241 149 222 250 95 81 87 41 31 79
	eager counters: 255 225 244 255 255 238 255 187 255 223 221 115 169 117 169 80
Heartbeat CPU 1 instructions: 40000008 cycles: 53282319 heartbeat IPC: 0.4001 cumulative IPC: 0.3489 (Simulation time: 02 hr 07 min 33 sec)
num evicts: 10500000, p: 221336, s: 2409731 	 max proactive lookup: 7, max shadow lookup: 11
	evict counters: 255 187 255 255 255 196 252 125 231 255 51 82 71 26 25 63
	eager counters: 255 228 247 255 255 242 255 192 255 224 224 117 171 118 171 80
Heartbeat CPU 3 instructions: 40000008 cycles: 54561165 heartbeat IPC: 0.3949 cumulative IPC: 0.3443 (Simulation time: 02 hr 09 min 23 sec)
num evicts: 10600000, p: 223061, s: 2443002 	 max proactive lookup: 7, max shadow lookup: 11
	evict counters: 255 213 255 255 192 207 255 104 235 149 44 92 74 21 29 43
	eager counters: 255 236 252 255 255 245 255 198 255 228 228 119 172 122 172 62
Heartbeat CPU 2 instructions: 40000008 cycles: 55139619 heartbeat IPC: 0.3901 cumulative IPC: 0.3408 (Simulation time: 02 hr 10 min 14 sec)
Heartbeat CPU 4 instructions: 40000008 cycles: 55634668 heartbeat IPC: 0.3868 cumulative IPC: 0.3386 (Simulation time: 02 hr 10 min 57 sec)
Heartbeat CPU 5 instructions: 40000008 cycles: 55759969 heartbeat IPC: 0.3858 cumulative IPC: 0.3385 (Simulation time: 02 hr 11 min 08 sec)
Heartbeat CPU 6 instructions: 40000008 cycles: 56224583 heartbeat IPC: 0.3813 cumulative IPC: 0.3357 (Simulation time: 02 hr 11 min 49 sec)
num evicts: 10700000, p: 224898, s: 2477954 	 max proactive lookup: 5, max shadow lookup: 11
	evict counters: 255 234 255 203 209 124 255 111 242 162 45 81 61 18 34 17
	eager counters: 255 248 255 255 255 253 255 201 255 237 235 125 179 125 176 58
Heartbeat CPU 7 instructions: 40000008 cycles: 56359582 heartbeat IPC: 0.3807 cumulative IPC: 0.3355 (Simulation time: 02 hr 12 min 01 sec)
num evicts: 10800000, p: 227091, s: 2517141 	 max proactive lookup: 10, max shadow lookup: 11
	evict counters: 255 193 255 215 230 142 255 133 198 178 54 66 45 12 36 11
	eager counters: 255 255 255 255 255 255 255 216 255 244 242 127 183 105 180 60
num evicts: 10900000, p: 229675, s: 2558226 	 max proactive lookup: 10, max shadow lookup: 11
	evict counters: 255 221 255 232 246 164 255 148 161 140 53 48 54 15 42 12
	eager counters: 255 255 255 255 255 255 255 225 255 219 250 114 188 107 182 62
num evicts: 11000000, p: 231954, s: 2598034 	 max proactive lookup: 10, max shadow lookup: 11
	evict counters: 255 245 255 255 255 134 152 163 138 152 49 64 68 19 30 6
	eager counters: 255 255 255 255 255 255 255 231 255 225 254 120 191 96 182 49
num evicts: 11100000, p: 234074, s: 2637838 	 max proactive lookup: 6, max shadow lookup: 11
	evict counters: 255 255 202 255 255 151 123 175 156 161 64 73 70 22 35 6
	eager counters: 255 255 255 255 255 232 229 236 255 230 255 124 191 99 184 51
num evicts: 11200000, p: 235759, s: 2677232 	 max proactive lookup: 8, max shadow lookup: 11
	evict counters: 255 255 220 255 255 175 135 187 125 136 78 81 59 22 37 3
	eager counters: 255 255 255 255 255 244 208 239 255 237 255 111 193 104 184 52
num evicts: 11300000, p: 237950, s: 2716413 	 max proactive lookup: 8, max shadow lookup: 11
	evict counters: 255 255 243 255 255 190 153 205 106 110 84 54 55 18 35 8
	eager counters: 255 255 255 255 255 251 216 248 255 211 255 118 193 104 184 52
num evicts: 11400000, p: 239949, s: 2755411 	 max proactive lookup: 8, max shadow lookup: 11
	evict counters: 255 255 255 255 255 207 166 215 71 92 75 57 58 21 31 7
	eager counters: 255 255 255 255 255 255 220 252 255 191 255 105 169 106 141 52
num evicts: 11500000, p: 242076, s: 2794250 	 max proactive lookup: 8, max shadow lookup: 11
	evict counters: 255 255 255 255 255 169 182 174 71 98 51 68 38 33 17 0
	eager counters: 255 255 255 255 255 255 229 255 234 197 255 97 171 94 125 52
num evicts: 11600000, p: 244155, s: 2832948 	 max proactive lookup: 8, max shadow lookup: 11
	evict counters: 255 255 255 255 254 189 197 188 63 118 60 77 21 35 6 6
	eager counters: 255 255 255 255 255 255 235 230 237 205 225 104 152 95 98 52
num evicts: 11700000, p: 245980, s: 2871631 	 max proactive lookup: 5, max shadow lookup: 11
	evict counters: 255 255 255 255 255 122 213 160 80 91 64 83 27 44 13 7
	eager counters: 255 255 255 255 255 255 242 238 245 208 227 106 154 100 98 52
num evicts: 11800000, p: 247899, s: 2910786 	 max proactive lookup: 8, max shadow lookup: 11
	evict counters: 255 255 255 255 255 142 229 172 69 103 85 64 26 32 8 1
	eager counters: 255 255 255 255 255 255 249 218 248 185 204 109 120 78 99 52
num evicts: 11900000, p: 250079, s: 2949501 	 max proactive lookup: 5, max shadow lookup: 11
	evict counters: 255 255 199 255 255 116 250 184 77 51 69 72 27 27 13 1
	eager counters: 255 255 255 255 255 255 255 224 253 190 208 114 108 71 89 52
num evicts: 12000000, p: 251374, s: 2988490 	 max proactive lookup: 5, max shadow lookup: 11
	evict counters: 255 255 224 255 255 126 255 198 88 61 83 79 37 30 11 2
	eager counters: 255 255 232 255 255 226 255 231 255 171 211 114 111 65 89 52
num evicts: 12100000, p: 253475, s: 3027594 	 max proactive lookup: 8, max shadow lookup: 11
	evict counters: 255 211 245 255 254 144 208 210 59 75 86 85 25 33 14 2
	eager counters: 255 224 243 255 255 234 232 233 255 178 213 119 98 67 79 52
num evicts: 12200000, p: 255672, s: 3066681 	 max proactive lookup: 8, max shadow lookup: 11
	evict counters: 255 236 204 255 255 159 227 170 72 70 55 78 25 27 16 7
	eager counters: 255 234 218 255 255 240 240 238 255 184 191 122 79 68 70 52
num evicts: 12300000, p: 257827, s: 3105514 	 max proactive lookup: 8, max shadow lookup: 11
	evict counters: 255 255 224 255 255 179 186 185 63 84 41 65 26 34 19 5
	eager counters: 255 245 226 255 255 250 249 246 224 193 173 125 70 70 72 53
num evicts: 12400000, p: 259858, s: 3145779 	 max proactive lookup: 8, max shadow lookup: 12
	evict counters: 255 255 242 255 255 199 203 194 72 97 40 50 21 42 23 6
	eager counters: 255 255 237 255 255 255 255 253 227 197 177 129 72 72 76 53
num evicts: 12500000, p: 261870, s: 3184162 	 max proactive lookup: 8, max shadow lookup: 11
	evict counters: 255 255 255 255 255 225 167 210 78 55 48 48 18 48 20 5
	eager counters: 255 255 245 255 255 255 255 255 233 179 184 116 75 76 77 53
num evicts: 12600000, p: 263888, s: 3221821 	 max proactive lookup: 8, max shadow lookup: 11
	evict counters: 255 255 255 194 255 239 178 228 70 66 59 56 23 47 8 8
	eager counters: 255 255 253 255 255 255 255 255 238 184 192 119 77 77 78 53
num evicts: 12700000, p: 265773, s: 3259330 	 max proactive lookup: 8, max shadow lookup: 11
	evict counters: 255 255 255 211 255 255 194 251 37 82 74 66 35 51 6 8
	eager counters: 255 255 255 255 255 255 255 255 243 193 201 124 82 70 69 53
num evicts: 12800000, p: 267815, s: 3298038 	 max proactive lookup: 8, max shadow lookup: 12
	evict counters: 255 255 255 227 197 152 164 255 59 94 67 75 26 37 17 1
	eager counters: 255 255 255 255 255 255 255 255 251 199 206 130 75 71 64 48
num evicts: 12900000, p: 269683, s: 3335687 	 max proactive lookup: 8, max shadow lookup: 11
	evict counters: 255 255 193 245 216 167 178 254 63 103 75 84 31 42 21 4
	eager counters: 255 255 255 255 255 255 255 255 255 156 212 117 78 71 66 37
num evicts: 13000000, p: 271624, s: 3372700 	 max proactive lookup: 8, max shadow lookup: 11
	evict counters: 255 255 218 202 235 146 194 255 67 118 86 70 34 49 17 6
	eager counters: 255 255 255 255 255 255 255 255 255 164 214 95 70 72 66 39
num evicts: 13100000, p: 273563, s: 3409025 	 max proactive lookup: 5, max shadow lookup: 11
	evict counters: 255 255 177 224 255 123 164 254 79 132 69 77 39 50 10 5
	eager counters: 255 255 255 255 255 255 255 255 255 170 216 100 72 72 68 39
num evicts: 13200000, p: 275210, s: 3444892 	 max proactive lookup: 8, max shadow lookup: 11
	evict counters: 255 255 201 239 208 139 192 255 86 109 65 87 55 37 13 6
	eager counters: 255 255 255 255 255 255 255 255 255 174 220 106 76 72 68 39
num evicts: 13300000, p: 277023, s: 3480955 	 max proactive lookup: 8, max shadow lookup: 11
	evict counters: 255 255 227 255 132 162 208 255 78 118 40 70 50 42 11 2
	eager counters: 255 255 255 255 224 255 255 255 255 181 196 108 76 74 68 39
num evicts: 13400000, p: 278759, s: 3513818 	 max proactive lookup: 8, max shadow lookup: 11
	evict counters: 255 255 242 255 153 180 173 254 86 129 45 77 53 59 10 3
	eager counters: 255 255 255 255 234 255 255 255 255 185 197 112 80 75 68 39
num evicts: 13500000, p: 280288, s: 3542863 	 max proactive lookup: 8, max shadow lookup: 11
	evict counters: 255 255 255 208 168 198 188 255 78 139 60 89 45 61 13 6
	eager counters: 255 255 255 255 240 255 255 255 255 187 201 113 81 75 68 39
num evicts: 13600000, p: 281474, s: 3568705 	 max proactive lookup: 8, max shadow lookup: 11
	evict counters: 255 255 255 232 186 211 213 255 73 150 84 99 51 66 14 13
	eager counters: 255 255 255 255 248 255 255 255 255 191 204 115 81 77 69 39
num evicts: 13700000, p: 282312, s: 3593744 	 max proactive lookup: 8, max shadow lookup: 11
	evict counters: 255 255 255 255 208 238 237 255 86 166 93 108 58 76 22 21
	eager counters: 255 255 255 255 253 255 255 255 255 196 204 118 82 77 69 39
num evicts: 13800000, p: 282962, s: 3619237 	 max proactive lookup: 8, max shadow lookup: 11
	evict counters: 255 255 255 255 231 255 255 255 109 176 103 117 69 85 21 22
	eager counters: 255 255 255 255 255 255 255 255 255 200 208 118 83 77 69 39
num evicts: 13900000, p: 283564, s: 3645572 	 max proactive lookup: 8, max shadow lookup: 11
	evict counters: 255 255 255 255 252 255 255 255 120 189 94 132 84 90 32 19
	eager counters: 255 255 255 255 255 255 255 255 255 202 209 120 83 77 69 39
num evicts: 14000000, p: 284146, s: 3672029 	 max proactive lookup: 10, max shadow lookup: 11
	evict counters: 255 255 255 255 255 255 255 255 131 204 78 109 95 107 34 24
	eager counters: 255 255 255 255 255 255 255 255 255 204 211 125 83 79 70 40
num evicts: 14100000, p: 284710, s: 3696378 	 max proactive lookup: 10, max shadow lookup: 11
	evict counters: 255 255 255 255 255 254 255 255 143 215 84 119 81 118 37 21
	eager counters: 255 255 255 255 255 255 255 255 255 206 213 127 84 80 72 40
num evicts: 14200000, p: 285293, s: 3722776 	 max proactive lookup: 10, max shadow lookup: 12
	evict counters: 255 255 255 255 255 255 255 255 156 221 93 132 64 99 38 28
	eager counters: 255 255 255 255 255 255 255 255 255 208 216 128 86 81 73 41
num evicts: 14300000, p: 285923, s: 3748096 	 max proactive lookup: 10, max shadow lookup: 12
	evict counters: 255 255 255 255 255 255 209 198 174 173 100 143 51 110 29 32
	eager counters: 255 255 255 255 255 255 255 255 255 209 216 129 87 83 73 41
num evicts: 14400000, p: 286588, s: 3774365 	 max proactive lookup: 10, max shadow lookup: 12
	evict counters: 255 255 255 255 255 209 230 206 189 184 111 152 55 113 42 32
	eager counters: 255 255 255 255 255 255 255 255 255 212 222 133 89 84 73 41
num evicts: 14500000, p: 287143, s: 3801432 	 max proactive lookup: 10, max shadow lookup: 12
	evict counters: 255 255 255 255 255 222 246 227 198 193 125 159 59 119 44 31
	eager counters: 255 255 255 255 255 255 255 255 255 212 224 134 90 85 73 41
num evicts: 14600000, p: 287795, s: 3828177 	 max proactive lookup: 12, max shadow lookup: 12
	evict counters: 255 255 255 255 255 243 255 243 212 214 141 168 64 125 47 37
	eager counters: 255 255 255 255 255 255 255 255 255 216 228 135 92 85 74 41
num evicts: 14700000, p: 288404, s: 3854014 	 max proactive lookup: 12, max shadow lookup: 12
	evict counters: 255 255 255 255 197 255 255 254 223 220 145 182 55 74 56 42
	eager counters: 255 255 255 255 255 255 255 255 255 219 228 137 93 85 75 41
num evicts: 14800000, p: 288957, s: 3879416 	 max proactive lookup: 12, max shadow lookup: 12
	evict counters: 255 255 255 255 226 255 255 255 234 234 157 153 47 84 59 42
	eager counters: 255 255 255 255 255 255 255 255 255 224 230 141 93 87 75 41
num evicts: 14900000, p: 289505, s: 3904590 	 max proactive lookup: 10, max shadow lookup: 12
	evict counters: 255 255 255 255 250 255 255 255 247 249 125 162 45 90 61 50
	eager counters: 255 255 255 255 255 255 255 255 255 224 231 143 94 88 76 41
num evicts: 15000000, p: 290063, s: 3930869 	 max proactive lookup: 11, max shadow lookup: 12
	evict counters: 255 255 255 255 255 255 255 255 255 255 133 127 49 96 66 53
	eager counters: 255 255 255 255 255 255 255 255 255 227 235 144 96 88 76 42
num evicts: 15100000, p: 290631, s: 3958056 	 max proactive lookup: 10, max shadow lookup: 12
	evict counters: 255 255 255 255 205 255 255 255 255 255 120 144 59 101 71 55
	eager counters: 255 255 255 255 255 255 255 255 255 231 242 152 102 88 78 42
num evicts: 15200000, p: 291199, s: 3985674 	 max proactive lookup: 12, max shadow lookup: 12
	evict counters: 255 255 255 255 227 255 255 255 255 255 134 156 69 105 72 56
	eager counters: 255 255 255 255 255 255 255 255 255 235 245 155 104 88 78 42
num evicts: 15300000, p: 291757, s: 4013050 	 max proactive lookup: 10, max shadow lookup: 12
	evict counters: 255 255 255 255 248 255 194 254 255 255 108 162 74 111 56 38
	eager counters: 255 255 255 255 255 255 255 255 255 240 247 155 104 90 79 42
num evicts: 15400000, p: 292226, s: 4038879 	 max proactive lookup: 10, max shadow lookup: 12
	evict counters: 255 255 255 255 255 255 207 255 255 255 120 123 84 113 57 41
	eager counters: 255 255 255 255 255 255 255 255 255 245 249 155 107 90 80 43
num evicts: 15500000, p: 292751, s: 4063997 	 max proactive lookup: 12, max shadow lookup: 12
	evict counters: 255 255 255 255 255 255 220 255 255 255 133 128 95 117 63 45
	eager counters: 255 255 255 255 255 255 255 255 255 251 253 155 109 91 81 43
num evicts: 15600000, p: 293329, s: 4089713 	 max proactive lookup: 12, max shadow lookup: 12
	evict counters: 255 255 255 255 255 255 237 255 255 255 143 142 109 129 68 42
	eager counters: 255 255 255 255 255 255 255 255 255 255 255 158 110 93 83 43
num evicts: 15700000, p: 294024, s: 4117943 	 max proactive lookup: 12, max shadow lookup: 12
	evict counters: 255 255 255 255 255 255 249 255 255 255 160 149 114 129 76 43
	eager counters: 255 255 255 255 255 255 255 255 255 255 255 160 111 94 83 43
num evicts: 15800000, p: 294654, s: 4144919 	 max proactive lookup: 12, max shadow lookup: 12
	evict counters: 255 255 255 255 255 255 255 255 255 255 178 159 117 139 82 40
	eager counters: 255 255 255 255 255 255 255 255 255 255 255 162 112 94 84 43
num evicts: 15900000, p: 295177, s: 4169405 	 max proactive lookup: 12, max shadow lookup: 12
	evict counters: 255 255 255 255 255 255 255 255 255 255 189 172 122 151 85 45
	eager counters: 255 255 255 255 255 255 255 255 255 255 255 165 114 94 84 43
num evicts: 16000000, p: 295869, s: 4192265 	 max proactive lookup: 14, max shadow lookup: 12
	evict counters: 255 255 255 255 255 255 212 254 255 254 196 174 136 155 94 56
	eager counters: 255 255 255 255 255 255 255 255 255 255 255 167 117 96 84 44
num evicts: 16100000, p: 296662, s: 4231116 	 max proactive lookup: 3, max shadow lookup: 12
	evict counters: 255 255 255 114 71 198 226 93 66 20 6 4 1 2 2 2
	eager counters: 255 255 255 255 255 255 255 255 255 255 255 168 118 97 86 44
num evicts: 16200000, p: 297698, s: 4273105 	 max proactive lookup: 4, max shadow lookup: 12
	evict counters: 255 255 255 131 88 221 244 104 76 33 18 13 5 6 10 4
	eager counters: 255 255 255 255 231 255 255 255 232 255 227 169 120 87 86 35
num evicts: 16300000, p: 299342, s: 4304677 	 max proactive lookup: 4, max shadow lookup: 12
	evict counters: 255 255 255 150 104 238 255 118 94 42 27 27 16 13 13 4
	eager counters: 255 255 255 255 239 255 255 255 241 255 232 174 109 90 86 35
num evicts: 16400000, p: 300812, s: 4331144 	 max proactive lookup: 4, max shadow lookup: 12
	evict counters: 255 255 255 165 96 255 204 124 101 42 34 34 27 17 13 6
	eager counters: 255 255 255 255 248 255 226 255 244 224 208 178 112 92 86 35
Heartbeat CPU 0 instructions: 50000011 cycles: 121435147 heartbeat IPC: 0.1436 cumulative IPC: 0.2195 (Simulation time: 03 hr 41 min 46 sec)
Heartbeat CPU 1 instructions: 50000009 cycles: 122260691 heartbeat IPC: 0.145 cumulative IPC: 0.2217 (Simulation time: 03 hr 42 min 56 sec)
num evicts: 16500000, p: 302106, s: 4353800 	 max proactive lookup: 4, max shadow lookup: 12
	evict counters: 255 255 146 142 111 255 170 143 111 29 46 39 42 22 15 13
	eager counters: 255 255 255 255 253 255 235 255 250 225 211 180 114 92 86 37
Heartbeat CPU 3 instructions: 50000008 cycles: 122616228 heartbeat IPC: 0.1469 cumulative IPC: 0.2233 (Simulation time: 03 hr 43 min 27 sec)
Heartbeat CPU 2 instructions: 50000011 cycles: 122831327 heartbeat IPC: 0.1477 cumulative IPC: 0.2233 (Simulation time: 03 hr 43 min 46 sec)
Heartbeat CPU 4 instructions: 50000011 cycles: 122944082 heartbeat IPC: 0.1486 cumulative IPC: 0.2237 (Simulation time: 03 hr 43 min 56 sec)
Heartbeat CPU 5 instructions: 50000008 cycles: 123037964 heartbeat IPC: 0.1486 cumulative IPC: 0.2238 (Simulation time: 03 hr 44 min 04 sec)
Heartbeat CPU 6 instructions: 50000012 cycl