[VMEM] WARNING: physical memory size is smaller than virtual memory size.
dram page policy: is open = 0	is close = 1	is soft close = 0	cmd arg = 1

*** ChampSim Multicore Out-of-Order Simulator ***
Warmup Instructions: 25000000
Simulation Instructions: 50000000
Number of CPUs: 8
Page size: 2097152

CL :	 16.64 ns
CWL :	 15.808 ns
tRP :	 16.224 ns
tRCD :	 16.224 ns
tRAS :	 32.032000000000004 ns
tRTP :	 7.904 ns
tWR :	 30.368000000000002 ns

tCCD_S :	 3.3280000000000003 ns
tCCD_S_WR :	 3.3280000000000003 ns
tCCD_S_WTR :	 22.048000000000002 ns
tCCD_L :	 5.408 ns
tCCD_L_WR :	 20.384 ns
tCCD_L_WTR :	 29.536 ns
tRRD_S :	 3.3280000000000003 ns
tRRD_L :	 5.408 ns
tFAW :	 13.728 ns
Address mapping (perm = 1) 	ch co bg bg bg ba ba co co co co co co ro ro ro ro ro ro ro ro ro ro ro ro ro ro ro 
dram queue size: R = 64 W = 48 (low:high is 9:39)
Heartbeat CPU 3 instructions: 10000000 cycles: 2516187 heartbeat IPC: 3.974 cumulative IPC: 3.974 (Simulation time: 00 hr 11 min 18 sec)
Heartbeat CPU 0 instructions: 10000000 cycles: 2516265 heartbeat IPC: 3.974 cumulative IPC: 3.974 (Simulation time: 00 hr 11 min 18 sec)
Heartbeat CPU 1 instructions: 10000001 cycles: 2516337 heartbeat IPC: 3.974 cumulative IPC: 3.974 (Simulation time: 00 hr 11 min 18 sec)
Heartbeat CPU 2 instructions: 10000000 cycles: 2516345 heartbeat IPC: 3.974 cumulative IPC: 3.974 (Simulation time: 00 hr 11 min 18 sec)
Heartbeat CPU 5 instructions: 10000001 cycles: 2516410 heartbeat IPC: 3.974 cumulative IPC: 3.974 (Simulation time: 00 hr 11 min 18 sec)
Heartbeat CPU 4 instructions: 10000001 cycles: 2516412 heartbeat IPC: 3.974 cumulative IPC: 3.974 (Simulation time: 00 hr 11 min 18 sec)
Heartbeat CPU 7 instructions: 10000001 cycles: 2516418 heartbeat IPC: 3.974 cumulative IPC: 3.974 (Simulation time: 00 hr 11 min 18 sec)
Heartbeat CPU 6 instructions: 10000004 cycles: 2516833 heartbeat IPC: 3.973 cumulative IPC: 3.973 (Simulation time: 00 hr 11 min 18 sec)
Heartbeat CPU 2 instructions: 20000001 cycles: 5030904 heartbeat IPC: 3.977 cumulative IPC: 3.975 (Simulation time: 00 hr 22 min 36 sec)
Heartbeat CPU 3 instructions: 20000001 cycles: 5031267 heartbeat IPC: 3.976 cumulative IPC: 3.975 (Simulation time: 00 hr 22 min 37 sec)
Heartbeat CPU 4 instructions: 20000001 cycles: 5031300 heartbeat IPC: 3.976 cumulative IPC: 3.975 (Simulation time: 00 hr 22 min 37 sec)
Heartbeat CPU 0 instructions: 20000001 cycles: 5031466 heartbeat IPC: 3.976 cumulative IPC: 3.975 (Simulation time: 00 hr 22 min 37 sec)
Heartbeat CPU 5 instructions: 20000003 cycles: 5031622 heartbeat IPC: 3.976 cumulative IPC: 3.975 (Simulation time: 00 hr 22 min 37 sec)
Heartbeat CPU 7 instructions: 20000001 cycles: 5031701 heartbeat IPC: 3.976 cumulative IPC: 3.975 (Simulation time: 00 hr 22 min 37 sec)
Heartbeat CPU 1 instructions: 20000001 cycles: 5031749 heartbeat IPC: 3.975 cumulative IPC: 3.975 (Simulation time: 00 hr 22 min 37 sec)
Heartbeat CPU 6 instructions: 20000006 cycles: 5032280 heartbeat IPC: 3.975 cumulative IPC: 3.974 (Simulation time: 00 hr 22 min 37 sec)
Warmup finished CPU 2 instructions: 25000004 cycles: 6288926 cumulative IPC: 3.975 (Simulation time: 00 hr 28 min 16 sec)
Warmup finished CPU 3 instructions: 25000003 cycles: 6288966 cumulative IPC: 3.975 (Simulation time: 00 hr 28 min 16 sec)
Warmup finished CPU 4 instructions: 25000000 cycles: 6289090 cumulative IPC: 3.975 (Simulation time: 00 hr 28 min 16 sec)
Warmup finished CPU 7 instructions: 25000003 cycles: 6289173 cumulative IPC: 3.975 (Simulation time: 00 hr 28 min 16 sec)
Warmup finished CPU 0 instructions: 25000003 cycles: 6289222 cumulative IPC: 3.975 (Simulation time: 00 hr 28 min 16 sec)
Warmup finished CPU 5 instructions: 25000003 cycles: 6289289 cumulative IPC: 3.975 (Simulation time: 00 hr 28 min 16 sec)
Warmup finished CPU 1 instructions: 25000003 cycles: 6289482 cumulative IPC: 3.975 (Simulation time: 00 hr 28 min 16 sec)
Warmup finished CPU 6 instructions: 25000000 cycles: 6289702 cumulative IPC: 3.975 (Simulation time: 00 hr 28 min 16 sec)
Warmup complete CPU 7 instructions: 25002219 cycles: 6289702 cumulative IPC: 3.975 (Simulation time: 00 hr 28 min 16 sec)
Warmup complete CPU 6 instructions: 25000000 cycles: 6289702 cumulative IPC: 3.975 (Simulation time: 00 hr 28 min 16 sec)
Warmup complete CPU 5 instructions: 25001679 cycles: 6289702 cumulative IPC: 3.975 (Simulation time: 00 hr 28 min 16 sec)
Warmup complete CPU 4 instructions: 25002470 cycles: 6289702 cumulative IPC: 3.975 (Simulation time: 00 hr 28 min 16 sec)
Warmup complete CPU 3 instructions: 25002979 cycles: 6289702 cumulative IPC: 3.975 (Simulation time: 00 hr 28 min 16 sec)
Warmup complete CPU 2 instructions: 25003109 cycles: 6289702 cumulative IPC: 3.975 (Simulation time: 00 hr 28 min 16 sec)
Warmup complete CPU 1 instructions: 25000822 cycles: 6289702 cumulative IPC: 3.975 (Simulation time: 00 hr 28 min 16 sec)
Warmup complete CPU 0 instructions: 25001971 cycles: 6289702 cumulative IPC: 3.975 (Simulation time: 00 hr 28 min 16 sec)
Heartbeat CPU 6 instructions: 30000006 cycles: 14511797 heartbeat IPC: 1.055 cumulative IPC: 0.6081 (Simulation time: 00 hr 43 min 55 sec)
Heartbeat CPU 7 instructions: 30000001 cycles: 14555140 heartbeat IPC: 1.05 cumulative IPC: 0.6047 (Simulation time: 00 hr 44 min 00 sec)
Heartbeat CPU 2 instructions: 30000005 cycles: 14557667 heartbeat IPC: 1.05 cumulative IPC: 0.6044 (Simulation time: 00 hr 44 min 01 sec)
Heartbeat CPU 1 instructions: 30000005 cycles: 14571066 heartbeat IPC: 1.048 cumulative IPC: 0.6037 (Simulation time: 00 hr 44 min 02 sec)
Heartbeat CPU 5 instructions: 30000004 cycles: 14572137 heartbeat IPC: 1.048 cumulative IPC: 0.6035 (Simulation time: 00 hr 44 min 02 sec)
Heartbeat CPU 3 instructions: 30000005 cycles: 14575153 heartbeat IPC: 1.048 cumulative IPC: 0.6031 (Simulation time: 00 hr 44 min 03 sec)
Heartbeat CPU 4 instructions: 30000001 cycles: 14596204 heartbeat IPC: 1.045 cumulative IPC: 0.6016 (Simulation time: 00 hr 44 min 05 sec)
Heartbeat CPU 0 instructions: 30000005 cycles: 14596316 heartbeat IPC: 1.045 cumulative IPC: 0.6017 (Simulation time: 00 hr 44 min 05 sec)
Heartbeat CPU 6 instructions: 40000008 cycles: 30920650 heartbeat IPC: 0.6094 cumulative IPC: 0.609 (Simulation time: 01 hr 15 min 01 sec)
Heartbeat CPU 5 instructions: 40000008 cycles: 30966536 heartbeat IPC: 0.61 cumulative IPC: 0.6078 (Simulation time: 01 hr 15 min 07 sec)
Heartbeat CPU 1 instructions: 40000008 cycles: 30977218 heartbeat IPC: 0.6095 cumulative IPC: 0.6076 (Simulation time: 01 hr 15 min 08 sec)
Heartbeat CPU 7 instructions: 40000003 cycles: 30992225 heartbeat IPC: 0.6084 cumulative IPC: 0.6071 (Simulation time: 01 hr 15 min 09 sec)
Heartbeat CPU 4 instructions: 40000003 cycles: 31037431 heartbeat IPC: 0.6082 cumulative IPC: 0.606 (Simulation time: 01 hr 15 min 15 sec)
Heartbeat CPU 2 instructions: 40000008 cycles: 31043504 heartbeat IPC: 0.6066 cumulative IPC: 0.6058 (Simulation time: 01 hr 15 min 15 sec)
Heartbeat CPU 0 instructions: 40000008 cycles: 31057682 heartbeat IPC: 0.6075 cumulative IPC: 0.6055 (Simulation time: 01 hr 15 min 17 sec)
Heartbeat CPU 3 instructions: 40000008 cycles: 31068863 heartbeat IPC: 0.6063 cumulative IPC: 0.6052 (Simulation time: 01 hr 15 min 18 sec)
Heartbeat CPU 1 instructions: 50000009 cycles: 47389743 heartbeat IPC: 0.6093 cumulative IPC: 0.6083 (Simulation time: 01 hr 45 min 34 sec)
Heartbeat CPU 6 instructions: 50000009 cycles: 47391051 heartbeat IPC: 0.6071 cumulative IPC: 0.6083 (Simulation time: 01 hr 45 min 34 sec)
Heartbeat CPU 5 instructions: 50000009 cycles: 47426314 heartbeat IPC: 0.6075 cumulative IPC: 0.6077 (Simulation time: 01 hr 45 min 38 sec)
Heartbeat CPU 3 instructions: 50000009 cycles: 47469190 heartbeat IPC: 0.6097 cumulative IPC: 0.607 (Simulation time: 01 hr 45 min 42 sec)
Heartbeat CPU 4 instructions: 50000004 cycles: 47479072 heartbeat IPC: 0.6082 cumulative IPC: 0.6069 (Simulation time: 01 hr 45 min 43 sec)
Heartbeat CPU 2 instructions: 50000009 cycles: 47488714 heartbeat IPC: 0.6081 cumulative IPC: 0.6067 (Simulation time: 01 hr 45 min 45 sec)
Heartbeat CPU 7 instructions: 50000004 cycles: 47510307 heartbeat IPC: 0.6054 cumulative IPC: 0.6064 (Simulation time: 01 hr 45 min 47 sec