[VMEM] WARNING: physical memory size is smaller than virtual memory size.
dram page policy: is open = 0	is close = 1	is soft close = 0	cmd arg = 1

*** ChampSim Multicore Out-of-Order Simulator ***
Warmup Instructions: 25000000
Simulation Instructions: 50000000
Number of CPUs: 8
Page size: 2097152

CL :	 16.64 ns
CWL :	 15.808 ns
tRP :	 16.224 ns
tRCD :	 16.224 ns
tRAS :	 32.032000000000004 ns
tRTP :	 7.904 ns
tWR :	 30.368000000000002 ns

tCCD_S :	 3.3280000000000003 ns
tCCD_S_WR :	 3.3280000000000003 ns
tCCD_S_WTR :	 22.048000000000002 ns
tCCD_L :	 5.408 ns
tCCD_L_WR :	 20.384 ns
tCCD_L_WTR :	 29.536 ns
tRRD_S :	 3.3280000000000003 ns
tRRD_L :	 5.408 ns
tFAW :	 13.728 ns
Address mapping (perm = 1) 	ch co bg bg bg ba ba co co co co co co ro ro ro ro ro ro ro ro ro ro ro ro ro ro ro 
dram queue size: R = 64 W = 48 (low:high is 9:39)
Heartbeat CPU 0 instructions: 10000001 cycles: 3254529 heartbeat IPC: 3.073 cumulative IPC: 3.073 (Simulation time: 00 hr 13 min 33 sec)
Heartbeat CPU 3 instructions: 10000004 cycles: 3254862 heartbeat IPC: 3.072 cumulative IPC: 3.072 (Simulation time: 00 hr 13 min 33 sec)
Heartbeat CPU 6 instructions: 10000000 cycles: 3255571 heartbeat IPC: 3.072 cumulative IPC: 3.072 (Simulation time: 00 hr 13 min 33 sec)
Heartbeat CPU 7 instructions: 10000002 cycles: 3255708 heartbeat IPC: 3.072 cumulative IPC: 3.072 (Simulation time: 00 hr 13 min 33 sec)
Heartbeat CPU 4 instructions: 10000004 cycles: 3256034 heartbeat IPC: 3.071 cumulative IPC: 3.071 (Simulation time: 00 hr 13 min 33 sec)
Heartbeat CPU 1 instructions: 10000004 cycles: 3256309 heartbeat IPC: 3.071 cumulative IPC: 3.071 (Simulation time: 00 hr 13 min 33 sec)
Heartbeat CPU 5 instructions: 10000000 cycles: 3256720 heartbeat IPC: 3.071 cumulative IPC: 3.071 (Simulation time: 00 hr 13 min 33 sec)
Heartbeat CPU 2 instructions: 10000004 cycles: 3256809 heartbeat IPC: 3.07 cumulative IPC: 3.07 (Simulation time: 00 hr 13 min 33 sec)
Heartbeat CPU 0 instructions: 20000004 cycles: 6508387 heartbeat IPC: 3.073 cumulative IPC: 3.073 (Simulation time: 00 hr 27 min 08 sec)
Heartbeat CPU 3 instructions: 20000007 cycles: 6508482 heartbeat IPC: 3.074 cumulative IPC: 3.073 (Simulation time: 00 hr 27 min 08 sec)
Heartbeat CPU 7 instructions: 20000005 cycles: 6508786 heartbeat IPC: 3.074 cumulative IPC: 3.073 (Simulation time: 00 hr 27 min 08 sec)
Heartbeat CPU 4 instructions: 20000008 cycles: 6509115 heartbeat IPC: 3.074 cumulative IPC: 3.073 (Simulation time: 00 hr 27 min 08 sec)
Heartbeat CPU 1 instructions: 20000004 cycles: 6509447 heartbeat IPC: 3.074 cumulative IPC: 3.072 (Simulation time: 00 hr 27 min 08 sec)
Heartbeat CPU 6 instructions: 20000001 cycles: 6510485 heartbeat IPC: 3.072 cumulative IPC: 3.072 (Simulation time: 00 hr 27 min 08 sec)
Heartbeat CPU 2 instructions: 20000005 cycles: 6510726 heartbeat IPC: 3.073 cumulative IPC: 3.072 (Simulation time: 00 hr 27 min 08 sec)
Heartbeat CPU 5 instructions: 20000004 cycles: 6511205 heartbeat IPC: 3.073 cumulative IPC: 3.072 (Simulation time: 00 hr 27 min 09 sec)
Warmup finished CPU 0 instructions: 25000002 cycles: 8134490 cumulative IPC: 3.073 (Simulation time: 00 hr 33 min 55 sec)
Warmup finished CPU 3 instructions: 25000003 cycles: 8135049 cumulative IPC: 3.073 (Simulation time: 00 hr 33 min 55 sec)
Warmup finished CPU 7 instructions: 25000002 cycles: 8135347 cumulative IPC: 3.073 (Simulation time: 00 hr 33 min 55 sec)
Warmup finished CPU 1 instructions: 25000000 cycles: 8136177 cumulative IPC: 3.073 (Simulation time: 00 hr 33 min 55 sec)
Warmup finished CPU 6 instructions: 25000000 cycles: 8136214 cumulative IPC: 3.073 (Simulation time: 00 hr 33 min 55 sec)
Warmup finished CPU 4 instructions: 25000000 cycles: 8136309 cumulative IPC: 3.073 (Simulation time: 00 hr 33 min 55 sec)
Warmup finished CPU 2 instructions: 25000002 cycles: 8137596 cumulative IPC: 3.072 (Simulation time: 00 hr 33 min 56 sec)
Warmup finished CPU 5 instructions: 25000002 cycles: 8138520 cumulative IPC: 3.072 (Simulation time: 00 hr 33 min 56 sec)
Warmup complete CPU 7 instructions: 25009781 cycles: 8138520 cumulative IPC: 3.073 (Simulation time: 00 hr 33 min 56 sec)
Warmup complete CPU 6 instructions: 25007246 cycles: 8138520 cumulative IPC: 3.073 (Simulation time: 00 hr 33 min 56 sec)
Warmup complete CPU 5 instructions: 25000002 cycles: 8138520 cumulative IPC: 3.072 (Simulation time: 00 hr 33 min 56 sec)
Warmup complete CPU 4 instructions: 25006788 cycles: 8138520 cumulative IPC: 3.073 (Simulation time: 00 hr 33 min 56 sec)
Warmup complete CPU 3 instructions: 25010816 cycles: 8138520 cumulative IPC: 3.073 (Simulation time: 00 hr 33 min 56 sec)
Warmup complete CPU 2 instructions: 25002829 cycles: 8138520 cumulative IPC: 3.072 (Simulation time: 00 hr 33 min 56 sec)
Warmup complete CPU 1 instructions: 25007246 cycles: 8138520 cumulative IPC: 3.073 (Simulation time: 00 hr 33 min 56 sec)
Warmup complete CPU 0 instructions: 25012444 cycles: 8138520 cumulative IPC: 3.073 (Simulation time: 00 hr 33 min 56 sec)
Heartbeat CPU 0 instructions: 30000004 cycles: 20607430 heartbeat IPC: 0.7093 cumulative IPC: 0.4 (Simulation time: 00 hr 54 min 51 sec)
Heartbeat CPU 2 instructions: 30000005 cycles: 20623724 heartbeat IPC: 0.7086 cumulative IPC: 0.4002 (Simulation time: 00 hr 54 min 53 sec)
Heartbeat CPU 4 instructions: 30000010 cycles: 20654993 heartbeat IPC: 0.7069 cumulative IPC: 0.3989 (Simulation time: 00 hr 54 min 56 sec)
Heartbeat CPU 1 instructions: 30000005 cycles: 20673874 heartbeat IPC: 0.706 cumulative IPC: 0.3983 (Simulation time: 00 hr 54 min 58 sec)
Heartbeat CPU 3 instructions: 30000010 cycles: 20680450 heartbeat IPC: 0.7056 cumulative IPC: 0.3978 (Simulation time: 00 hr 54 min 59 sec)
Heartbeat CPU 5 instructions: 30000005 cycles: 20701700 heartbeat IPC: 0.7047 cumulative IPC: 0.398 (Simulation time: 00 hr 55 min 01 sec)
Heartbeat CPU 7 instructions: 30000005 cycles: 20748645 heartbeat IPC: 0.7023 cumulative IPC: 0.3957 (Simulation time: 00 hr 55 min 06 sec)
Heartbeat CPU 6 instructions: 30000004 cycles: 20996351 heartbeat IPC: 0.6903 cumulative IPC: 0.3883 (Simulation time: 00 hr 55 min 31 sec)
Heartbeat CPU 2 instructions: 40000009 cycles: 45652009 heartbeat IPC: 0.3995 cumulative IPC: 0.3998 (Simulation time: 01 hr 36 min 24 sec)
Heartbeat CPU 0 instructions: 40000008 cycles: 45694660 heartbeat IPC: 0.3986 cumulative IPC: 0.3991 (Simulation time: 01 hr 36 min 28 sec)
Heartbeat CPU 4 instructions: 40000014 cycles: 45848410 heartbeat IPC: 0.3969 cumulative IPC: 0.3976 (Simulation time: 01 hr 36 min 43 sec)
Heartbeat CPU 1 instructions: 40000009 cycles: 45917394 heartbeat IPC: 0.3961 cumulative IPC: 0.3969 (Simulation time: 01 hr 36 min 50 sec)
Heartbeat CPU 5 instructions: 40000009 cycles: 45926513 heartbeat IPC: 0.3964 cumulative IPC: 0.397 (Simulation time: 01 hr 36 min 51 sec)
Heartbeat CPU 3 instructions: 40000010 cycles: 45961958 heartbeat IPC: 0.3955 cumulative IPC: 0.3963 (Simulation time: 01 hr 36 min 54 sec)
Heartbeat CPU 7 instructions: 40000008 cycles: 46309954 heartbeat IPC: 0.3912 cumulative IPC: 0.3927 (Simulation time: 01 hr 37 min 29 sec)
Heartbeat CPU 6 instructions: 40000004 cycles: 46327009 heartbeat IPC: 0.3948 cumulative IPC: 0.3926 (Simulation time: 01 hr 37 min 31 sec)
Heartbeat CPU 0 instructions: 50000010 cycles: 70870368 heartbeat IPC: 0.3972 cumulative IPC: 0.3983 (Simulation time: 02 hr 17 min 23 sec)
Heartbeat CPU 2 instructions: 50000010 cycles: 71042512 heartbeat IPC: 0.3938 cumulative IPC: 0.3974 (Simulation time: 02 hr 17 min 40 sec)
Heartbeat CPU 4 instructions: 50000014 cycles: 71120826 heartbeat IPC: 0.3957 cumulative IPC: 0.3968 (Simulation time: 02 hr 17 min 47 sec)
Heartbeat CPU 1 instructions: 50000010 cycles: 71169161 heartbeat IPC: 0.396 cumulative IPC: 0.3965 (Simulation time: 02 hr 17 min 52 sec)
Heartbeat CPU 5 instructions: 50000010 cycles: 71258172 heartbeat IPC: 0.3948 cumulative IPC: 0.3961 (Simulation time: 02 hr 18 min 01 sec)
Heartbeat CPU 7 instructions: 50000010 cycles: 71560761 heartbeat IPC: 0.396 cumulative IPC: 0.394 (Simulation time: 02 hr 18 min 30 sec)
Heartbeat CPU 6 instructions: 50000004 cycles: 71619199 heartbeat IPC: 0.3954 cumulative IPC: 0.3937 (Simulation time: 02 hr 18 min 35