[VMEM] WARNING: physical memory size is smaller than virtual memory size.
dram page policy: is open = 0	is close = 1	is soft close = 0	cmd arg = 1

*** ChampSim Multicore Out-of-Order Simulator ***
Warmup Instructions: 25000000
Simulation Instructions: 50000000
Number of CPUs: 8
Page size: 2097152

CL :	 16.64 ns
CWL :	 15.808 ns
tRP :	 16.224 ns
tRCD :	 16.224 ns
tRAS :	 32.032000000000004 ns
tRTP :	 7.904 ns
tWR :	 30.368000000000002 ns

tCCD_S :	 3.3280000000000003 ns
tCCD_S_WR :	 3.3280000000000003 ns
tCCD_S_WTR :	 22.048000000000002 ns
tCCD_L :	 5.408 ns
tCCD_L_WR :	 20.384 ns
tCCD_L_WTR :	 29.536 ns
tRRD_S :	 3.3280000000000003 ns
tRRD_L :	 5.408 ns
tFAW :	 13.728 ns
Address mapping (perm = 1) 	ch co bg bg bg ba ba co co co co co co ro ro ro ro ro ro ro ro ro ro ro ro ro ro ro 
dram queue size: R = 64 W = 48 (low:high is 9:39)
Heartbeat CPU 0 instructions: 10000002 cycles: 2502177 heartbeat IPC: 3.997 cumulative IPC: 3.997 (Simulation time: 00 hr 08 min 09 sec)
Heartbeat CPU 1 instructions: 10000002 cycles: 2502201 heartbeat IPC: 3.996 cumulative IPC: 3.996 (Simulation time: 00 hr 08 min 09 sec)
Heartbeat CPU 2 instructions: 10000002 cycles: 2502266 heartbeat IPC: 3.996 cumulative IPC: 3.996 (Simulation time: 00 hr 08 min 09 sec)
Heartbeat CPU 3 instructions: 10000002 cycles: 2502282 heartbeat IPC: 3.996 cumulative IPC: 3.996 (Simulation time: 00 hr 08 min 09 sec)
Heartbeat CPU 4 instructions: 10000002 cycles: 2502293 heartbeat IPC: 3.996 cumulative IPC: 3.996 (Simulation time: 00 hr 08 min 09 sec)
Heartbeat CPU 5 instructions: 10000002 cycles: 2502299 heartbeat IPC: 3.996 cumulative IPC: 3.996 (Simulation time: 00 hr 08 min 09 sec)
Heartbeat CPU 6 instructions: 10000002 cycles: 2502304 heartbeat IPC: 3.996 cumulative IPC: 3.996 (Simulation time: 00 hr 08 min 09 sec)
Heartbeat CPU 7 instructions: 10000000 cycles: 2502311 heartbeat IPC: 3.996 cumulative IPC: 3.996 (Simulation time: 00 hr 08 min 09 sec)
Heartbeat CPU 0 instructions: 20000002 cycles: 5002177 heartbeat IPC: 4 cumulative IPC: 3.998 (Simulation time: 00 hr 16 min 19 sec)
Heartbeat CPU 1 instructions: 20000002 cycles: 5002201 heartbeat IPC: 4 cumulative IPC: 3.998 (Simulation time: 00 hr 16 min 19 sec)
Heartbeat CPU 2 instructions: 20000002 cycles: 5002266 heartbeat IPC: 4 cumulative IPC: 3.998 (Simulation time: 00 hr 16 min 19 sec)
Heartbeat CPU 3 instructions: 20000002 cycles: 5002282 heartbeat IPC: 4 cumulative IPC: 3.998 (Simulation time: 00 hr 16 min 19 sec)
Heartbeat CPU 4 instructions: 20000002 cycles: 5002293 heartbeat IPC: 4 cumulative IPC: 3.998 (Simulation time: 00 hr 16 min 19 sec)
Heartbeat CPU 5 instructions: 20000002 cycles: 5002299 heartbeat IPC: 4 cumulative IPC: 3.998 (Simulation time: 00 hr 16 min 19 sec)
Heartbeat CPU 6 instructions: 20000002 cycles: 5002304 heartbeat IPC: 4 cumulative IPC: 3.998 (Simulation time: 00 hr 16 min 19 sec)
Heartbeat CPU 7 instructions: 20000000 cycles: 5002311 heartbeat IPC: 4 cumulative IPC: 3.998 (Simulation time: 00 hr 16 min 19 sec)
Warmup finished CPU 0 instructions: 25000002 cycles: 6252177 cumulative IPC: 3.999 (Simulation time: 00 hr 20 min 23 sec)
Warmup finished CPU 1 instructions: 25000002 cycles: 6252201 cumulative IPC: 3.999 (Simulation time: 00 hr 20 min 23 sec)
Warmup finished CPU 2 instructions: 25000002 cycles: 6252266 cumulative IPC: 3.999 (Simulation time: 00 hr 20 min 23 sec)
Warmup finished CPU 3 instructions: 25000002 cycles: 6252282 cumulative IPC: 3.999 (Simulation time: 00 hr 20 min 23 sec)
Warmup finished CPU 4 instructions: 25000002 cycles: 6252293 cumulative IPC: 3.999 (Simulation time: 00 hr 20 min 23 sec)
Warmup finished CPU 5 instructions: 25000002 cycles: 6252299 cumulative IPC: 3.999 (Simulation time: 00 hr 20 min 23 sec)
Warmup finished CPU 6 instructions: 25000002 cycles: 6252304 cumulative IPC: 3.999 (Simulation time: 00 hr 20 min 23 sec)
Warmup finished CPU 7 instructions: 25000000 cycles: 6252311 cumulative IPC: 3.999 (Simulation time: 00 hr 20 min 23 sec)
Warmup complete CPU 7 instructions: 25000000 cycles: 6252311 cumulative IPC: 3.999 (Simulation time: 00 hr 20 min 23 sec)
Warmup complete CPU 6 instructions: 25000030 cycles: 6252311 cumulative IPC: 3.999 (Simulation time: 00 hr 20 min 23 sec)
Warmup complete CPU 5 instructions: 25000050 cycles: 6252311 cumulative IPC: 3.999 (Simulation time: 00 hr 20 min 23 sec)
Warmup complete CPU 4 instructions: 25000074 cycles: 6252311 cumulative IPC: 3.999 (Simulation time: 00 hr 20 min 23 sec)
Warmup complete CPU 3 instructions: 25000118 cycles: 6252311 cumulative IPC: 3.999 (Simulation time: 00 hr 20 min 23 sec)
Warmup complete CPU 2 instructions: 25000182 cycles: 6252311 cumulative IPC: 3.999 (Simulation time: 00 hr 20 min 23 sec)
Warmup complete CPU 1 instructions: 25000442 cycles: 6252311 cumulative IPC: 3.999 (Simulation time: 00 hr 20 min 23 sec)
Warmup complete CPU 0 instructions: 25000538 cycles: 6252311 cumulative IPC: 3.999 (Simulation time: 00 hr 20 min 23 sec)
Heartbeat CPU 3 instructions: 30000005 cycles: 7698064 heartbeat IPC: 3.709 cumulative IPC: 3.458 (Simulation time: 00 hr 25 min 22 sec)
Heartbeat CPU 0 instructions: 30000005 cycles: 7700349 heartbeat IPC: 3.706 cumulative IPC: 3.453 (Simulation time: 00 hr 25 min 22 sec)
Heartbeat CPU 1 instructions: 30000005 cycles: 7700981 heartbeat IPC: 3.705 cumulative IPC: 3.451 (Simulation time: 00 hr 25 min 22 sec)
Heartbeat CPU 6 instructions: 30000005 cycles: 7702419 heartbeat IPC: 3.704 cumulative IPC: 3.448 (Simulation time: 00 hr 25 min 22 sec)
Heartbeat CPU 5 instructions: 30000005 cycles: 7702629 heartbeat IPC: 3.703 cumulative IPC: 3.447 (Simulation time: 00 hr 25 min 23 sec)
Heartbeat CPU 2 instructions: 30000005 cycles: 7702739 heartbeat IPC: 3.703 cumulative IPC: 3.447 (Simulation time: 00 hr 25 min 23 sec)
Heartbeat CPU 4 instructions: 30000005 cycles: 7702968 heartbeat IPC: 3.703 cumulative IPC: 3.447 (Simulation time: 00 hr 25 min 23 sec)
Heartbeat CPU 7 instructions: 30000004 cycles: 7704348 heartbeat IPC: 3.701 cumulative IPC: 3.443 (Simulation time: 00 hr 25 min 23 sec)
Heartbeat CPU 3 instructions: 40000007 cycles: 10596518 heartbeat IPC: 3.45 cumulative IPC: 3.453 (Simulation time: 00 hr 35 min 05 sec)
Heartbeat CPU 1 instructions: 40000007 cycles: 10598462 heartbeat IPC: 3.451 cumulative IPC: 3.451 (Simulation time: 00 hr 35 min 05 sec)
Heartbeat CPU 0 instructions: 40000007 cycles: 10598988 heartbeat IPC: 3.45 cumulative IPC: 3.451 (Simulation time: 00 hr 35 min 05 sec)
Heartbeat CPU 5 instructions: 40000007 cycles: 10600707 heartbeat IPC: 3.451 cumulative IPC: 3.45 (Simulation time: 00 hr 35 min 06 sec)
Heartbeat CPU 4 instructions: 40000007 cycles: 10600771 heartbeat IPC: 3.451 cumulative IPC: 3.449 (Simulation time: 00 hr 35 min 06 sec)
Heartbeat CPU 2 instructions: 40000007 cycles: 10601009 heartbeat IPC: 3.45 cumulative IPC: 3.449 (Simulation time: 00 hr 35 min 06 sec)
Heartbeat CPU 6 instructions: 40000007 cycles: 10601237 heartbeat IPC: 3.45 cumulative IPC: 3.449 (Simulation time: 00 hr 35 min 06 sec)
Heartbeat CPU 7 instructions: 40000007 cycles: 10603781 heartbeat IPC: 3.449 cumulative IPC: 3.447 (Simulation time: 00 hr 35 min 06 sec)
Heartbeat CPU 1 instructions: 50000007 cycles: 13495055 heartbeat IPC: 3.452 cumulative IPC: 3.452 (Simulation time: 00 hr 44 min 38 sec)
Heartbeat CPU 3 instructions: 50000007 cycles: 13495684 heartbeat IPC: 3.449 cumulative IPC: 3.451 (Simulation time: 00 hr 44 min 38 sec)
Heartbeat CPU 0 instructions: 50000007 cycles: 13498109 heartbeat IPC: 3.449 cumulative IPC: 3.45 (Simulation time: 00 hr 44 min 38 sec)
Heartbeat CPU 2 instructions: 50000007 cycles: 13499147 heartbeat IPC: 3.45 cumulative IPC: 3.45 (Simulation time: 00 hr 44 min 38 sec)
Heartbeat CPU 4 instructions: 50000007 cycles: 13499201 heartbeat IPC: 3.45 cumulative IPC: 3.45 (Simulation time: 00 hr 44 min 38 sec)
Heartbeat CPU 5 instructions: 50000007 cycles: 13500073 heartbeat IPC: 3.449 cumulative IPC: 3.449 (Simulation time: 00 hr 44 min 39 sec)
Heartbeat CPU 6 instructions: 50000007 cycles: 13500245 heartbeat IPC: 3.449 cumulative IPC: 3.449 (Simulation time: 00 hr 44 min 39 sec)
Heartbeat CPU 7 instructions: 50000007 cycles: 13503934 heartbeat IPC: 3.448 cumulative IPC: 3.448 (Simulation time: 00 hr 44 min 39 sec)
Heartbeat CPU 1 instructions: 60000010 cycles: 16392185 heartbeat IPC: 3.452 cumulative IPC: 3.452 (Simulation time: 00 hr 53 min 53 sec)
Heartbeat CPU 3 instructions: 60000010 cycles: 16394765 heartbeat IPC: 3.449 cumulative IPC: 3.451 (Simulation time: 00 hr 53 min 53 sec)
Heartbeat CPU 4 instructions: 60000010 cycles: 16397322 heartbeat IPC: 3.451 cumulative IPC: 3.45 (Simulation time: 00 hr 53 min 54 sec)
Heartbeat CPU 2 instructions: 60000010 cycles: 16397403 heartbeat IPC: 3.45 cumulative IPC: 3.45 (Simulation time: 00 hr 53 min 54 sec)
Heartbeat CPU 5 instructions: 60000010 cycles: 16397738 heartbeat IPC: 3.451 cumulative IPC: 3.45 (Simulation time: 00 hr 53 min 54 sec)
Heartbeat CPU 0 instructions: 60000010 cycles: 16397914 heartbeat IPC: 3.449 cumulative IPC: 3.45 (Simulation time: 00 hr 53 min 54 sec)
Heartbeat CPU 6 instructions: 60000010 cycles: 16399313 heartbeat IPC: 3.449 cumulative IPC: 3.449 (Simulation time: 00 hr 53 min 54 sec)
Heartbeat CPU 7 instructions: 60000010 cycles: 16402985 heartbeat IPC: 3.449 cumulative IPC: 3.448 (Simulation time: 00 hr 53 min 55 sec)
Heartbeat CPU 1 instructions: 70000014 cycles: 19289004 heartbeat IPC: 3.452 cumulative IPC: 3.452 (Simulation time: 01 hr 03 min 09 sec)
Heartbeat CPU 3 instructions: 70000014 cycles: 19293698 heartbeat IPC: 3.45 cumulative IPC: 3.451 (Simulation time: 01 hr 03 min 10 sec)
Heartbeat CPU 4 instructions: 70000014 cycles: 19294887 heartbeat IPC: 3.451 cumulative IPC: 3.45 (Simulation time: 01 hr 03 min 11 sec)
Heartbeat CPU 2 instructions: 70000014 cycles: 19295980 heartbeat IPC: 3.45 cumulative IPC: 3.45 (Simulation time: 01 hr 03 min 11 sec)
Heartbeat CPU 5 instructions: 70000014 cycles: 19296036 heartbeat IPC: 3.45 cumulative IPC: 3.45 (Simulation time: 01 hr 03 min 11 sec)
Heartbeat CPU 0 instructions: 70000014 cycles: 19297128 heartbeat IPC: 3.449 cumulative IPC: 3.45 (Simulation time: 01 hr 03 min 11 sec)
Heartbeat CPU 6 instructions: 70000014 cycles: 19297721 heartbeat IPC: 3.45 cumulative IPC: 3.449 (Simulation time: 01 hr 03 min 11 sec)
Heartbeat CPU 7 instructions: 70000014 cycles: 19302979 heartbeat IPC: 3.448 cumulative IPC: 3.448 (Simulation time: 01 hr 03 min 12 sec)
Simulation finished CPU 1 instructions: 50000000 cycles: 14484572 cumulative IPC: 3.452 (Simulation time: 01 hr 07 min 48 sec)
Simulation finished CPU 3 instructions: 50000003 cycles: 14490704 cumulative IPC: 3.45 (Simulation time: 01 hr 07 min 49 sec)
Simulation finished CPU 4 instructions: 50000003 cycles: 14491494 cumulative IPC: 3.45 (Simulation time: 01 hr 07 min 49 sec)
Simulation finished CPU 2 instructions: 50000002 cycles: 14492955 cumulative IPC: 3.45 (Simulation time: 01 hr 07 min 49 sec)
Simulation finished CPU 5 instructions: 50000000 cycles: 14492989 cumulative IPC: 3.45 (Simulation time: 01 hr 07 min 49 sec)
Simulation finished CPU 0 instructions: 50000003 cycles: 14494028 cumulative IPC: 3.45 (Simulation time: 01 hr 07 min 50 sec)
Simulation finished CPU 6 instructions: 50000000 cycles: 14494415 cumulative IPC: 3.45 (Simulation time: 01 hr 07 min 50 sec)
Simulation finished CPU 7 instructions: 50000000 cycles: 14500342 cumulative IPC: 3.448 (Simulation time: 01 hr 07 min 51 sec)
Simulation complete CPU 7 instructions: 50000000 cycles: 14500342 cumulative IPC: 3.448 (Simulation time: 01 hr 07 min 51 sec)
Simulation complete CPU 6 instructions: 50020727 cycles: 14500342 cumulative IPC: 3.45 (Simulation time: 01 hr 07 min 51 sec)
Simulation complete CPU 5 instructions: 50024983 cycles: 14500342 cumulative IPC: 3.45 (Simulation time: 01 hr 07 min 51 sec)
Simulation complete CPU 4 instructions: 50030152 cycles: 14500342 cumulative IPC: 3.45 (Simulation time: 01 hr 07 min 51 sec)
Simulation complete CPU 3 instructions: 50032976 cycles: 14500342 cumulative IPC: 3.45 (Simulation time: 01 hr 07 min 51 sec)
Simulation complete CPU 2 instructions: 50025236 cycles: 14500342 cumulative IPC: 3.45 (Simulation time: 01 hr 07 min 51 sec)
Simulation complete CPU 1 instructions: 50053646 cycles: 14500342 cumulative IPC: 3.452 (Simulation time: 01 hr 07 min 51 sec)
Simulation complete CPU 0 instructions: 50021933 cycles: 14500342 cumulative IPC: 3.45 (Simulation time: 01 hr 07 min 51 sec)

ChampSim completed all CPUs

=== Simulation ===
CPU 0 runs ../frost/TRACES/ctf/spec2017/638.imagick_s-10316B.champsimtrace.xz
CPU 1 runs ../frost/TRACES/ctf/spec2017/638.imagick_s-10316B.champsimtrace.xz
CPU 2 runs ../frost/TRACES/ctf/spec2017/638.imagick_s-10316B.champsimtrace.xz
CPU 3 runs ../frost/TRACES/ctf/spec2017/638.imagick_s-10316B.champsimtrace.xz
CPU 4 runs ../frost/TRACES/ctf/spec2017/638.imagick_s-10316B.champsimtrace.xz
CPU 5 runs ../frost/TRACES/ctf/spec2017/638.imagick_s-10316B.champsimtrace.xz
CPU 6 runs ../frost/TRACES/ctf/spec2017/638.imagick_s-10316B.champsimtrace.xz
CPU 7 runs ../frost/TRACES/ctf/spec2017/638.imagick_s-10316B.champsimtrace.xz

Total Simulation Statistics (not including warmup)

CPU 7 cumulative IPC: 3.448 instructions: 50000000 cycles: 14500342
CPU 7 Branch Prediction Accuracy: 100% MPKI: 0 Average ROB Occupancy at Mispredict: -
Branch type MPKI
BRANCH_DIRECT_JUMP: 0
BRANCH_INDIRECT: 0
BRANCH_CONDITIONAL: 0
BRANCH_DIRECT_CALL: 0
BRANCH_INDIRECT_CALL: 0
BRANCH_RETURN: 0


CPU 6 cumulative IPC: 3.45 instructions: 50020727 cycles: 14500342
CPU 6 Branch Prediction Accuracy: 100% MPKI: 0 Average ROB Occupancy at Mispredict: -
Branch type MPKI
BRANCH_DIRECT_JUMP: 0
BRANCH_INDIRECT: 0
BRANCH_CONDITIONAL: 0
BRANCH_DIRECT_CALL: 0
BRANCH_INDIRECT_CALL: 0
BRANCH_RETURN: 0


CPU 5 cumulative IPC: 3.45 instructions: 50024983 cycles: 14500342
CPU 5 Branch Prediction Accuracy: 100% MPKI: 0 Average ROB Occupancy at Mispredict: -
Branch type MPKI
BRANCH_DIRECT_JUMP: 0
BRANCH_INDIRECT: 0
BRANCH_CONDITIONAL: 0
BRANCH_DIRECT_CALL: 0
BRANCH_INDIRECT_CALL: 0
BRANCH_RETURN: 0


CPU 4 cumulative IPC: 3.45 instructions: 50030152 cycles: 14500342
CPU 4 Branch Prediction Accuracy: 100% MPKI: 0 Average ROB Occupancy at Mispredict: -
Branch type MPKI
BRANCH_DIRECT_JUMP: 0
BRANCH_INDIRECT: 0
BRANCH_CONDITIONAL: 0
BRANCH_DIRECT_CALL: 0
BRANCH_INDIRECT_CALL: 0
BRANCH_RETURN: 0


CPU 3 cumulative IPC: 3.45 instructions: 50032976 cycles: 14500342
CPU 3 Branch Prediction Accuracy: 100% MPKI: 0 Average ROB Occupancy at Mispredict: -
Branch type MPKI
BRANCH_DIRECT_JUMP: 0
BRANCH_INDIRECT: 0
BRANCH_CONDITIONAL: 0
BRANCH_DIRECT_CALL: 0
BRANCH_INDIRECT_CALL: 0
BRANCH_RETURN: 0


CPU 2 cumulative IPC: 3.45 instructions: 50025236 cycles: 14500342
CPU 2 Branch Prediction Accuracy: 100% MPKI: 0 Average ROB Occupancy at Mispredict: -
Branch type MPKI
BRANCH_DIRECT_JUMP: 0
BRANCH_INDIRECT: 0
BRANCH_CONDITIONAL: 0
BRANCH_DIRECT_CALL: 0
BRANCH_INDIRECT_CALL: 0
BRANCH_RETURN: 0


CPU 1 cumulative IPC: 3.452 instructions: 50053646 cycles: 14500342
CPU 1 Branch Prediction Accuracy: 100% MPKI: 0 Average ROB Occupancy at Mispredict: -
Branch type MPKI
BRANCH_DIRECT_JUMP: 0
BRANCH_INDIRECT: 0
BRANCH_CONDITIONAL: 0
BRANCH_DIRECT_CALL: 0
BRANCH_INDIRECT_CALL: 0
BRANCH_RETURN: 0


CPU 0 cumulative IPC: 3.45 instructions: 50021933 cycles: 14500342
CPU 0 Branch Prediction Accuracy: 100% MPKI: 0 Average ROB Occupancy at Mispredict: -
Branch type MPKI
BRANCH_DIRECT_JUMP: 0
BRANCH_INDIRECT: 0
BRANCH_CONDITIONAL: 0
BRANCH_DIRECT_CALL: 0
BRANCH_INDIRECT_CALL: 0
BRANCH_RETURN: 0

cpu7->cpu7_L2C TOTAL        ACCESS:     445706 HIT:     443753 MISS:       1953 MSHR_MERGE:          0
cpu7->cpu7_L2C LOAD         ACCESS:     444692 HIT:     442757 MISS:       1935 MSHR_MERGE:          0
cpu7->cpu7_L2C RFO          ACCESS:        296 HIT:        278 MISS:         18 MSHR_MERGE:          0
cpu7->cpu7_L2C PREFETCH     ACCESS:          0 HIT:          0 MISS:          0 MSHR_MERGE:          0
cpu7->cpu7_L2C WRITE        ACCESS:        718 HIT:        718 MISS:          0 MSHR_MERGE:          0
cpu7->cpu7_L2C TRANSLATION  ACCESS:          0 HIT:          0 MISS:          0 MSHR_MERGE:          0
cpu7->cpu7_L2C PREFETCH REQUESTED:          0 ISSUED:          0 USEFUL:          0 USELESS:          0
cpu7->cpu7_L2C AVERAGE MISS LATENCY: 171.7 cycles
cpu7->cpu7_L1I TOTAL        ACCESS:    9904114 HIT:    9904114 MISS:          0 MSHR_MERGE:          0
cpu7->cpu7_L1I LOAD         ACCESS:    9904114 HIT:    9904114 MISS:          0 MSHR_MERGE:          0
cpu7->cpu7_L1I RFO          ACCESS:          0 HIT:          0 MISS:          0 MSHR_MERGE:          0
cpu7->cpu7_L1I PREFETCH     ACCESS:          0 HIT:          0 MISS:          0 MSHR_MERGE:          0
cpu7->cpu7_L1I WRITE        ACCESS:          0 HIT:          0 MISS:          0 MSHR_MERGE:          0
cpu7->cpu7_L1I TRANSLATION  ACCESS:          0 HIT:          0 MISS:          0 MSHR_MERGE:          0
cpu7->cpu7_L1I PREFETCH REQUESTED:          0 ISSUED:          0 USEFUL:          0 USELESS:          0
cpu7->cpu7_L1I AVERAGE MISS LATENCY: - cycles
cpu7->cpu7_L1D TOTAL        ACCESS:    5563271 HIT:    4203874 MISS:    1359397 MSHR_MERGE:     914409
cpu7->cpu7_L1D LOAD         ACCESS:    5560806 HIT:    4201952 MISS:    1358854 MSHR_MERGE:     914162
cpu7->cpu7_L1D RFO          ACCESS:          0 HIT:          0 MISS:          0 MSHR_MERGE:          0
cpu7->cpu7_L1D PREFETCH     ACCESS:          0 HIT:          0 MISS:          0 MSHR_MERGE:          0
cpu7->cpu7_L1D WRITE        ACCESS:       2465 HIT:       1922 MISS:        543 MSHR_MERGE:        247
cpu7->cpu7_L1D TRANSLATION  ACCESS:          0 HIT:          0 MISS:          0 MSHR_MERGE:          0
cpu7->cpu7_L1D PREFETCH REQUESTED:          0 ISSUED:          0 USEFUL:          0 USELESS:          0
cpu7->cpu7_L1D AVERAGE MISS LATENCY: 8.759 cycles
cpu7->cpu7_ITLB TOTAL        ACCESS:    7676611 HIT:    7676611 MISS:          0 MSHR_MERGE:          0
cpu7->cpu7_ITLB LOAD         ACCESS:    7676611 HIT:    7676611 MISS:          0 MSHR_MERGE:          0
cpu7->cpu7_ITLB RFO          ACCESS:          0 HIT:          0 MISS:          0 MSHR_MERGE:          0
cpu7->cpu7_ITLB PREFETCH     ACCESS:          0 HIT:          0 MISS:          0 MSHR_MERGE:          0
cpu7->cpu7_ITLB WRITE        ACCESS:          0 HIT:          0 MISS:          0 MSHR_MERGE:          0
cpu7->cpu7_ITLB TRANSLATION  ACCESS:          0 HIT:          0 MISS:          0 MSHR_MERGE:          0
cpu7->cpu7_ITLB PREFETCH REQUESTED:          0 ISSUED:          0 USEFUL:          0 USELESS:          0
cpu7->cpu7_ITLB AVERAGE MISS LATENCY: - cycles
cpu7->cpu7_DTLB TOTAL        ACCESS:    5556639 HIT:    5556639 MISS:          0 MSHR_MERGE:          0
cpu7->cpu7_DTLB LOAD         ACCESS:    5556639 HIT:    5556639 MISS:          0 MSHR_MERGE:          0
cpu7->cpu7_DTLB RFO          ACCESS:          0 HIT:          0 MISS:          0 MSHR_MERGE:          0
cpu7->cpu7_DTLB PREFETCH     ACCESS:          0 HIT:          0 MISS:          0 MSHR_MERGE:          0
cpu7->cpu7_DTLB WRITE        ACCESS:          0 HIT:          0 MISS:          0 MSHR_MERGE:          0
cpu7->cpu7_DTLB TRANSLATION  ACCESS:          0 HIT:          0 MISS:          0 MSHR_MERGE:          0
cpu7->cpu7_DTLB PREFETCH REQUESTED:          0 ISSUED:          0 USEFUL:          0 USELESS:          0
cpu7->cpu7_DTLB AVERAGE MISS LATENCY: - cycles
cpu6->cpu6_L2C TOTAL        ACCESS:     445889 HIT:     443936 MISS:       1953 MSHR_MERGE:          0
cpu6->cpu6_L2C LOAD         ACCESS:     444875 HIT:     442940 MISS:       1935 MSHR_MERGE:          0
cpu6->cpu6_L2C RFO          ACCESS:        296 HIT:        278 MISS:         18 MSHR_MERGE:          0
cpu6->cpu6_L2C PREFETCH     ACCESS:          0 HIT:          0 MISS:          0 MSHR_MERGE:          0
cpu6->cpu6_L2C WRITE        ACCESS:        718 HIT:        718 MISS:          0 MSHR_MERGE:          0
cpu6->cpu6_L2C TRANSLATION  ACCESS:          0 HIT:          0 MISS:          0 MSHR_MERGE:          0
cpu6->cpu6_L2C PREFETCH REQUESTED:          0 ISSUED:          0 USEFUL:          0 USELESS:          0
cpu6->cpu6_L2C AVERAGE MISS LATENCY: 171.4 cycles
cpu6->cpu6_L1I TOTAL        ACCESS:    9899588 HIT:    9899588 MISS:          0 MSHR_MERGE:          0
cpu6->cpu6_L1I LOAD         ACCESS:    9899588 HIT:    9899588 MISS:          0 MSHR_MERGE:          0
cpu6->cpu6_L1I RFO          ACCESS:          0 HIT:          0 MISS:          0 MSHR_MERGE:          0
cpu6->cpu6_L1I PREFETCH     ACCESS:          0 HIT:          0 MISS:          0 MSHR_MERGE:          0
cpu6->cpu6_L1I WRITE        ACCESS:          0 HIT:          0 MISS:          0 MSHR_MERGE:          0
cpu6->cpu6_L1I TRANSLATION  ACCESS:          0 HIT:          0 MISS:          0 MSHR_MERGE:          0
cpu6->cpu6_L1I PREFETCH REQUESTED:          0 ISSUED:          0 USEFUL:          0 USELESS:          0
cpu6->cpu6_L1I AVERAGE MISS LATENCY: - cycles
cpu6->cpu6_L1D TOTAL        ACCESS:    5568150 HIT:    4206154 MISS:    1361996 MSHR_MERGE:     916824
cpu6->cpu6_L1D LOAD         ACCESS:    5565683 HIT:    4204227 MISS:    1361456 MSHR_MERGE:     916580
cpu6->cpu6_L1D RFO          ACCESS:          0 HIT:          0 MISS:          0 MSHR_MERGE:          0
cpu6->cpu6_L1D PREFETCH     ACCESS:          0 HIT:          0 MISS:          0 MSHR_MERGE:          0
cpu6->cpu6_L1D WRITE        ACCESS:       2467 HIT:       1927 MISS:        540 MSHR_MERGE:        244
cpu6->cpu6_L1D TRANSLATION  ACCESS:          0 HIT:          0 MISS:          0 MSHR_MERGE:          0
cpu6->cpu6_L1D PREFETCH REQUESTED:          0 ISSUED:          0 USEFUL:          0 USELESS:          0
cpu6->cpu6_L1D AVERAGE MISS LATENCY: 8.756 cycles
cpu6->cpu6_ITLB TOTAL        ACCESS:    7676544 HIT:    7676544 MISS:          0 MSHR_MERGE:          0
cpu6->cpu6_ITLB LOAD         ACCESS:    7676544 HIT:    7676544 MISS:          0 MSHR_MERGE:          0
cpu6->cpu6_ITLB RFO          ACCESS:          0 HIT:          0 MISS:          0 MSHR_MERGE:          0
cpu6->cpu6_ITLB PREFETCH     ACCESS:          0 HIT:          0 MISS:          0 MSHR_MERGE:          0
cpu6->cpu6_ITLB WRITE        ACCESS:          0 HIT:          0 MISS:          0 MSHR_MERGE:          0
cpu6->cpu6_ITLB TRANSLATION  ACCESS:          0 HIT:          0 MISS:          0 MSHR_MERGE:          0
cpu6->cpu6_ITLB PREFETCH REQUESTED:          0 ISSUED:          0 USEFUL:          0 USELESS:          0
cpu6->cpu6_ITLB AVERAGE MISS LATENCY: - cycles
cpu6->cpu6_DTLB TOTAL        ACCESS:    5567759 HIT:    5567759 MISS:          0 MSHR_MERGE:          0
cpu6->cpu6_DTLB LOAD         ACCESS:    5567759 HIT:    5567759 MISS:          0 MSHR_MERGE:          0
cpu6->cpu6_DTLB RFO          ACCESS:          0 HIT:          0 MISS:          0 MSHR_MERGE:          0
cpu6->cpu6_DTLB PREFETCH     ACCESS:          0 HIT:          0 MISS:          0 MSHR_MERGE:          0
cpu6->cpu6_DTLB WRITE        ACCESS:          0 HIT:          0 MISS:          0 MSHR_MERGE:          0
cpu6->cpu6_DTLB TRANSLATION  ACCESS:          0 HIT:          0 MISS:          0 MSHR_MERGE:          0
cpu6->cpu6_DTLB PREFETCH REQUESTED:          0 ISSUED:          0 USEFUL:          0 USELESS:          0
cpu6->cpu6_DTLB AVERAGE MISS LATENCY: - cycles
cpu5->cpu5_L2C TOTAL        ACCESS:     445928 HIT:     443974 MISS:       1954 MSHR_MERGE:          0
cpu5->cpu5_L2C LOAD         ACCESS:     444914 HIT:     442978 MISS:       1936 MSHR_MERGE:          0
cpu5->cpu5_L2C RFO          ACCESS:        296 HIT:        278 MISS:         18 MSHR_MERGE:          0
cpu5->cpu5_L2C PREFETCH     ACCESS:          0 HIT:          0 MISS:          0 MSHR_MERGE:          0
cpu5->cpu5_L2C WRITE        ACCESS:        718 HIT:        718 MISS:          0 MSHR_MERGE:          0
cpu5->cpu5_L2C TRANSLATION  ACCESS:          0 HIT:          0 MISS:          0 MSHR_MERGE:          0
cpu5->cpu5_L2C PREFETCH REQUESTED:          0 ISSUED:          0 USEFUL:          0 USELESS:          0
cpu5->cpu5_L2C AVERAGE MISS LATENCY: 171.5 cycles
cpu5->cpu5_L1I TOTAL        ACCESS:    9906250 HIT:    9906250 MISS:          0 MSHR_MERGE:          0
cpu5->cpu5_L1I LOAD         ACCESS:    9906250 HIT:    9906250 MISS:          0 MSHR_MERGE:          0
cpu5->cpu5_L1I RFO          ACCESS:          0 HIT:          0 MISS:          0 MSHR_MERGE:          0
cpu5->cpu5_L1I PREFETCH     ACCESS:          0 HIT:          0 MISS:          0 MSHR_MERGE:          0
cpu5->cpu5_L1I WRITE        ACCESS:          0 HIT:          0 MISS:          0 MSHR_MERGE:          0
cpu5->cpu5_L1I TRANSLATION  ACCESS:          0 HIT:          0 MISS:          0 MSHR_MERGE:          0
cpu5->cpu5_L1I PREFETCH REQUESTED:          0 ISSUED:          0 USEFUL:          0 USELESS:          0
cpu5->cpu5_L1I AVERAGE MISS LATENCY: - cycles
cpu5->cpu5_L1D TOTAL        ACCESS:    5575833 HIT:    4214441 MISS:    1361392 MSHR_MERGE:     916182
cpu5->cpu5_L1D LOAD         ACCESS:    5573370 HIT:    4212514 MISS:    1360856 MSHR_MERGE:     915942
cpu5->cpu5_L1D RFO          ACCESS:          0 HIT:          0 MISS:          0 MSHR_MERGE:          0
cpu5->cpu5_L1D PREFETCH     ACCESS:          0 HIT:          0 MISS:          0 MSHR_MERGE:          0
cpu5->cpu5_L1D WRITE        ACCESS:       2463 HIT:       1927 MISS:        536 MSHR_MERGE:        240
cpu5->cpu5_L1D TRANSLATION  ACCESS:          0 HIT:          0 MISS:          0 MSHR_MERGE:          0
cpu5->cpu5_L1D PREFETCH REQUESTED:          0 ISSUED:          0 USEFUL:          0 USELESS:          0
cpu5->cpu5_L1D AVERAGE MISS LATENCY: 8.753 cycles
cpu5->cpu5_ITLB TOTAL        ACCESS:    7679616 HIT:    7679616 MISS:          0 MSHR_MERGE:          0
cpu5->cpu5_ITLB LOAD         ACCESS:    7679616 HIT:    7679616 MISS:          0 MSHR_MERGE:          0
cpu5->cpu5_ITLB RFO          ACCESS:          0 HIT:          0 MISS:          0 MSHR_MERGE:          0
cpu5->cpu5_ITLB PREFETCH     ACCESS:          0 HIT:          0 MISS:          0 MSHR_MERGE:          0
cpu5->cpu5_ITLB WRITE        ACCESS:          0 HIT:          0 MISS:          0 MSHR_MERGE:          0
cpu5->cpu5_ITLB TRANSLATION  ACCESS:          0 HIT:          0 MISS:          0 MSHR_MERGE:          0
cpu5->cpu5_ITLB PREFETCH REQUESTED:          0 ISSUED:          0 USEFUL:          0 USELESS:          0
cpu5->cpu5_ITLB AVERAGE MISS LATENCY: - cycles
cpu5->cpu5_DTLB TOTAL        ACCESS:    5567003 HIT:    5567003 MISS:          0 MSHR_MERGE:          0
cpu5->cpu5_DTLB LOAD         ACCESS:    5567003 HIT:    5567003 MISS:          0 MSHR_MERGE:          0
cpu5->cpu5_DTLB RFO          ACCESS:          0 HIT:          0 MISS:          0 MSHR_MERGE:          0
cpu5->cpu5_DTLB PREFETCH     ACCESS:          0 HIT:          0 MISS:          0 MSHR_MERGE:          0
cpu5->cpu5_DTLB WRITE        ACCESS:          0 HIT:          0 MISS:          0 MSHR_MERGE:          0
cpu5->cpu5_DTLB TRANSLATION  ACCESS:          0 HIT:          0 MISS:          0 MSHR_MERGE:          0
cpu5->cpu5_DTLB PREFETCH REQUESTED:          0 ISSUED:          0 USEFUL:          0 USELESS:          0
cpu5->cpu5_DTLB AVERAGE MISS LATENCY: - cycles
cpu4->cpu4_L2C TOTAL        ACCESS:     445973 HIT:     444019 MISS:       1954 MSHR_MERGE:          0
cpu4->cpu4_L2C LOAD         ACCESS:     444959 HIT:     443023 MISS:       1936 MSHR_MERGE:          0
cpu4->cpu4_L2C RFO          ACCESS:        296 HIT:        278 MISS:         18 MSHR_MERGE:          0
cpu4->cpu4_L2C PREFETCH     ACCESS:          0 HIT:          0 MISS:          0 MSHR_MERGE:          0
cpu4->cpu4_L2C WRITE        ACCESS:        718 HIT:        718 MISS:          0 MSHR_MERGE:          0
cpu4->cpu4_L2C TRANSLATION  ACCESS:          0 HIT:          0 MISS:          0 MSHR_MERGE:          0
cpu4->cpu4_L2C PREFETCH REQUESTED:          0 ISSUED:          0 USEFUL:          0 USELESS:          0
cpu4->cpu4_L2C AVERAGE MISS LATENCY: 171.5 cycles
cpu4->cpu4_L1I TOTAL        ACCESS:    9906912 HIT:    9906912 MISS:          0 MSHR_MERGE:          0
cpu4->cpu4_L1I LOAD         ACCESS:    9906912 HIT:    9906912 MISS:          0 MSHR_MERGE:          0
cpu4->cpu4_L1I RFO          ACCESS:          0 HIT:          0 MISS:          0 MSHR_MERGE:          0
cpu4->cpu4_L1I PREFETCH     ACCESS:          0 HIT:          0 MISS:          0 MSHR_MERGE:          0
cpu4->cpu4_L1I WRITE        ACCESS:          0 HIT:          0 MISS:          0 MSHR_MERGE:          0
cpu4->cpu4_L1I TRANSLATION  ACCESS:          0 HIT:          0 MISS:          0 MSHR_MERGE:          0
cpu4->cpu4_L1I PREFETCH REQUESTED:          0 ISSUED:          0 USEFUL:          0 USELESS:          0
cpu4->cpu4_L1I AVERAGE MISS LATENCY: - cycles
cpu4->cpu4_L1D TOTAL        ACCESS:    5575432 HIT:    4215018 MISS:    1360414 MSHR_MERGE:     915159
cpu4->cpu4_L1D LOAD         ACCESS:    5572968 HIT:    4213096 MISS:    1359872 MSHR_MERGE:     914913
cpu4->cpu4_L1D RFO          ACCESS:          0 HIT:          0 MISS:          0 MSHR_MERGE:          0
cpu4->cpu4_L1D PREFETCH     ACCESS:          0 HIT:          0 MISS:          0 MSHR_MERGE:          0
cpu4->cpu4_L1D WRITE        ACCESS:       2464 HIT:       1922 MISS:        542 MSHR_MERGE:        246
cpu4->cpu4_L1D TRANSLATION  ACCESS:          0 HIT:          0 MISS:          0 MSHR_MERGE:          0
cpu4->cpu4_L1D PREFETCH REQUESTED:          0 ISSUED:          0 USEFUL:          0 USELESS:          0
cpu4->cpu4_L1D AVERAGE MISS LATENCY: 8.753 cycles
cpu4->cpu4_ITLB TOTAL        ACCESS:    7679946 HIT:    7679946 MISS:          0 MSHR_MERGE:          0
cpu4->cpu4_ITLB LOAD         ACCESS:    7679946 HIT:    7679946 MISS:          0 MSHR_MERGE:          0
cpu4->cpu4_ITLB RFO          ACCESS:          0 HIT:          0 MISS:          0 MSHR_MERGE:          0
cpu4->cpu4_ITLB PREFETCH     ACCESS:          0 HIT:          0 MISS:          0 MSHR_MERGE:          0
cpu4->cpu4_ITLB WRITE        ACCESS:          0 HIT:          0 MISS:          0 MSHR_MERGE:          0
cpu4->cpu4_ITLB TRANSLATION  ACCESS:          0 HIT:          0 MISS:          0 MSHR_MERGE:          0
cpu4->cpu4_ITLB PREFETCH REQUESTED:          0 ISSUED:          0 USEFUL:          0 USELESS:          0
cpu4->cpu4_ITLB AVERAGE MISS LATENCY: - cycles
cpu4->cpu4_DTLB TOTAL        ACCESS:    5566607 HIT:    5566607 MISS:          0 MSHR_MERGE:          0
cpu4->cpu4_DTLB LOAD         ACCESS:    5566607 HIT:    5566607 MISS:          0 MSHR_MERGE:          0
cpu4->cpu4_DTLB RFO          ACCESS:          0 HIT:          0 MISS:          0 MSHR_MERGE:          0
cpu4->cpu4_DTLB PREFETCH     ACCESS:          0 HIT:          0 MISS:          0 MSHR_MERGE:          0
cpu4->cpu4_DTLB WRITE        ACCESS:          0 HIT:          0 MISS:          0 MSHR_MERGE:          0
cpu4->cpu4_DTLB TRANSLATION  ACCESS:          0 HIT:          0 MISS:          0 MSHR_MERGE:          0
cpu4->cpu4_DTLB PREFETCH REQUESTED:          0 ISSUED:          0 USEFUL:          0 USELESS:          0
cpu4->cpu4_DTLB AVERAGE MISS LATENCY: - cycles
cpu3->cpu3_L2C TOTAL        ACCESS:     445997 HIT:     444043 MISS:       1954 MSHR_MERGE:          0
cpu3->cpu3_L2C LOAD         ACCESS:     444983 HIT:     443047 MISS:       1936 MSHR_MERGE:          0
cpu3->cpu3_L2C RFO          ACCESS:        296 HIT:        278 MISS:         18 MSHR_MERGE:          0
cpu3->cpu3_L2C PREFETCH     ACCESS:          0 HIT:          0 MISS:          0 MSHR_MERGE:          0
cpu3->cpu3_L2C WRITE        ACCESS:        718 HIT:        718 MISS:          0 MSHR_MERGE:          0
cpu3->cpu3_L2C TRANSLATION  ACCESS:          0 HIT:          0 MISS:          0 MSHR_MERGE:          0
cpu3->cpu3_L2C PREFETCH REQUESTED:          0 ISSUED:          0 USEFUL:          0 USELESS:          0
cpu3->cpu3_L2C AVERAGE MISS LATENCY: 171.2 cycles
cpu3->cpu3_L1I TOTAL        ACCESS:    9912025 HIT:    9912025 MISS:          0 MSHR_MERGE:          0
cpu3->cpu3_L1I LOAD         ACCESS:    9912025 HIT:    9912025 MISS:          0 MSHR_MERGE:          0
cpu3->cpu3_L1I RFO          ACCESS:          0 HIT:          0 MISS:          0 MSHR_MERGE:          0
cpu3->cpu3_L1I PREFETCH     ACCESS:          0 HIT:          0 MISS:          0 MSHR_MERGE:          0
cpu3->cpu3_L1I WRITE        ACCESS:          0 HIT:          0 MISS:          0 MSHR_MERGE:          0
cpu3->cpu3_L1I TRANSLATION  ACCESS:          0 HIT:          0 MISS:          0 MSHR_MERGE:          0
cpu3->cpu3_L1I PREFETCH REQUESTED:          0 ISSUED:          0 USEFUL:          0 USELESS:          0
cpu3->cpu3_L1I AVERAGE MISS LATENCY: - cycles
cpu3->cpu3_L1D TOTAL        ACCESS:    5577816 HIT:    4210116 MISS:    1367700 MSHR_MERGE:     922420
cpu3->cpu3_L1D LOAD         ACCESS:    5575359 HIT:    4208196 MISS:    1367163 MSHR_MERGE:     922179
cpu3->cpu3_L1D RFO          ACCESS:          0 HIT:          0 MISS:          0 MSHR_MERGE:          0
cpu3->cpu3_L1D PREFETCH     ACCESS:          0 HIT:          0 MISS:          0 MSHR_MERGE:          0
cpu3->cpu3_L1D WRITE        ACCESS:       2457 HIT:       1920 MISS:        537 MSHR_MERGE:        241
cpu3->cpu3_L1D TRANSLATION  ACCESS:          0 HIT:          0 MISS:          0 MSHR_MERGE:          0
cpu3->cpu3_L1D PREFETCH REQUESTED:          0 ISSUED:          0 USEFUL:          0 USELESS:          0
cpu3->cpu3_L1D AVERAGE MISS LATENCY: 8.756 cycles
cpu3->cpu3_ITLB TOTAL        ACCESS:    7699713 HIT:    7699713 MISS:          0 MSHR_MERGE:          0
cpu3->cpu3_ITLB LOAD         ACCESS:    7699713 HIT:    7699713 MISS:          0 MSHR_MERGE:          0
cpu3->cpu3_ITLB RFO          ACCESS:          0 HIT:          0 MISS:          0 MSHR_MERGE:          0
cpu3->cpu3_ITLB PREFETCH     ACCESS:          0 HIT:          0 MISS:          0 MSHR_MERGE:          0
cpu3->cpu3_ITLB WRITE        ACCESS:          0 HIT:          0 MISS:          0 MSHR_MERGE:          0
cpu3->cpu3_ITLB TRANSLATION  ACCESS:          0 HIT:          0 MISS:          0 MSHR_MERGE:          0
cpu3->cpu3_ITLB PREFETCH REQUESTED:          0 ISSUED:          0 USEFUL:          0 USELESS:          0
cpu3->cpu3_ITLB AVERAGE MISS LATENCY: - cycles
cpu3->cpu3_DTLB TOTAL        ACCESS:    5577416 HIT:    5577416 MISS:          0 MSHR_MERGE:          0
cpu3->cpu3_DTLB LOAD         ACCESS:    5577416 HIT:    5577416 MISS:          0 MSHR_MERGE:          0
cpu3->cpu3_DTLB RFO          ACCESS:          0 HIT:          0 MISS:          0 MSHR_MERGE:          0
cpu3->cpu3_DTLB PREFETCH     ACCESS:          0 HIT:          0 MISS:          0 MSHR_MERGE:          0
cpu3->cpu3_DTLB WRITE        ACCESS:          0 HIT:          0 MISS:          0 MSHR_MERGE:          0
cpu3->cpu3_DTLB TRANSLATION  ACCESS:          0 HIT:          0 MISS:          0 MSHR_MERGE:          0
cpu3->cpu3_DTLB PREFETCH REQUESTED:          0 ISSUED:          0 USEFUL:          0 USELESS:          0
cpu3->cpu3_DTLB AVERAGE MISS LATENCY: - cycles
cpu2->cpu2_L2C TOTAL        ACCESS:     445931 HIT:     443977 MISS:       1954 MSHR_MERGE:          0
cpu2->cpu2_L2C LOAD         ACCESS:     444917 HIT:     442981 MISS:       1936 MSHR_MERGE:          0
cpu2->cpu2_L2C RFO          ACCESS:        296 HIT:        278 MISS:         18 MSHR_MERGE:          0
cpu2->cpu2_L2C PREFETCH     ACCESS:          0 HIT:          0 MISS:          0 MSHR_MERGE:          0
cpu2->cpu2_L2C WRITE        ACCESS:        718 HIT:        718 MISS:          0 MSHR_MERGE:          0
cpu2->cpu2_L2C TRANSLATION  ACCESS:          0 HIT:          0 MISS:          0 MSHR_MERGE:          0
cpu2->cpu2_L2C PREFETCH REQUESTED:          0 ISSUED:          0 USEFUL:          0 USELESS:          0
cpu2->cpu2_L2C AVERAGE MISS LATENCY: 171.6 cycles
cpu2->cpu2_L1I TOTAL        ACCESS:    9905902 HIT:    9905902 MISS:          0 MSHR_MERGE:          0
cpu2->cpu2_L1I LOAD         ACCESS:    9905902 HIT:    9905902 MISS:          0 MSHR_MERGE:          0
cpu2->cpu2_L1I RFO          ACCESS:          0 HIT:          0 MISS:          0 MSHR_MERGE:          0
cpu2->cpu2_L1I PREFETCH     ACCESS:          0 HIT:          0 MISS:          0 MSHR_MERGE:          0
cpu2->cpu2_L1I WRITE        ACCESS:          0 HIT:          0 MISS:          0 MSHR_MERGE:          0
cpu2->cpu2_L1I TRANSLATION  ACCESS:          0 HIT:          0 MISS:          0 MSHR_MERGE:          0
cpu2->cpu2_L1I PREFETCH REQUESTED:          0 ISSUED:          0 USEFUL:          0 USELESS:          0
cpu2->cpu2_L1I AVERAGE MISS LATENCY: - cycles
cpu2->cpu2_L1D TOTAL        ACCESS:    5573698 HIT:    4213429 MISS:    1360269 MSHR_MERGE:     915056
cpu2->cpu2_L1D LOAD         ACCESS:    5571229 HIT:    4211502 MISS:    1359727 MSHR_MERGE:     914810
cpu2->cpu2_L1D RFO          ACCESS:          0 HIT:          0 MISS:          0 MSHR_MERGE:          0
cpu2->cpu2_L1D PREFETCH     ACCESS:          0 HIT:          0 MISS:          0 MSHR_MERGE:          0
cpu2->cpu2_L1D WRITE        ACCESS:       2469 HIT:       1927 MISS:        542 MSHR_MERGE:        246
cpu2->cpu2_L1D TRANSLATION  ACCESS:          0 HIT:          0 MISS:          0 MSHR_MERGE:          0
cpu2->cpu2_L1D PREFETCH REQUESTED:          0 ISSUED:          0 USEFUL:          0 USELESS:          0
cpu2->cpu2_L1D AVERAGE MISS LATENCY: 8.758 cycles
cpu2->cpu2_ITLB TOTAL        ACCESS:    7684839 HIT:    7684839 MISS:          0 MSHR_MERGE:          0
cpu2->cpu2_ITLB LOAD         ACCESS:    7684839 HIT:    7684839 MISS:          0 MSHR_MERGE:          0
cpu2->cpu2_ITLB RFO          ACCESS:          0 HIT:          0 MISS:          0 MSHR_MERGE:          0
cpu2->cpu2_ITLB PREFETCH     ACCESS:          0 HIT:          0 MISS:          0 MSHR_MERGE:          0
cpu2->cpu2_ITLB WRITE        ACCESS:          0 HIT:          0 MISS:          0 MSHR_MERGE:          0
cpu2->cpu2_ITLB TRANSLATION  ACCESS:          0 HIT:          0 MISS:          0 MSHR_MERGE:          0
cpu2->cpu2_ITLB PREFETCH REQUESTED:          0 ISSUED:          0 USEFUL:          0 USELESS:          0
cpu2->cpu2_ITLB AVERAGE MISS LATENCY: - cycles
cpu2->cpu2_DTLB TOTAL        ACCESS:    5564670 HIT:    5564670 MISS:          0 MSHR_MERGE:          0
cpu2->cpu2_DTLB LOAD         ACCESS:    5564670 HIT:    5564670 MISS:          0 MSHR_MERGE:          0
cpu2->cpu2_DTLB RFO          ACCESS:          0 HIT:          0 MISS:          0 MSHR_MERGE:          0
cpu2->cpu2_DTLB PREFETCH     ACCESS:          0 HIT:          0 MISS:          0 MSHR_MERGE:          0
cpu2->cpu2_DTLB WRITE        ACCESS:          0 HIT:          0 MISS:          0 MSHR_MERGE:          0
cpu2->cpu2_DTLB TRANSLATION  ACCESS:          0 HIT:          0 MISS:          0 MSHR_MERGE:          0
cpu2->cpu2_DTLB PREFETCH REQUESTED:          0 ISSUED:          0 USEFUL:          0 USELESS:          0
cpu2->cpu2_DTLB AVERAGE MISS LATENCY: - cycles
cpu1->cpu1_L2C TOTAL        ACCESS:     446183 HIT:     444228 MISS:       1955 MSHR_MERGE:          0
cpu1->cpu1_L2C LOAD         ACCESS:     445169 HIT:     443232 MISS:       1937 MSHR_MERGE:          0
cpu1->cpu1_L2C RFO          ACCESS:        296 HIT:        278 MISS:         18 MSHR_MERGE:          0
cpu1->cpu1_L2C PREFETCH     ACCESS:          0 HIT:          0 MISS:          0 MSHR_MERGE:          0
cpu1->cpu1_L2C WRITE        ACCESS:        718 HIT:        718 MISS:          0 MSHR_MERGE:          0
cpu1->cpu1_L2C TRANSLATION  ACCESS:          0 HIT:          0 MISS:          0 MSHR_MERGE:          0
cpu1->cpu1_L2C PREFETCH REQUESTED:          0 ISSUED:          0 USEFUL:          0 USELESS:          0
cpu1->cpu1_L2C AVERAGE MISS LATENCY: 171.3 cycles
cpu1->cpu1_L1I TOTAL        ACCESS:    9911834 HIT:    9911834 MISS:          0 MSHR_MERGE:          0
cpu1->cpu1_L1I LOAD         ACCESS:    9911834 HIT:    9911834 MISS:          0 MSHR_MERGE:          0
cpu1->cpu1_L1I RFO          ACCESS:          0 HIT:          0 MISS:          0 MSHR_MERGE:          0
cpu1->cpu1_L1I PREFETCH     ACCESS:          0 HIT:          0 MISS:          0 MSHR_MERGE:          0
cpu1->cpu1_L1I WRITE        ACCESS:          0 HIT:          0 MISS:          0 MSHR_MERGE:          0
cpu1->cpu1_L1I TRANSLATION  ACCESS:          0 HIT:          0 MISS:          0 MSHR_MERGE:          0
cpu1->cpu1_L1I PREFETCH REQUESTED:          0 ISSUED:          0 USEFUL:          0 USELESS:          0
cpu1->cpu1_L1I AVERAGE MISS LATENCY: - cycles
cpu1->cpu1_L1D TOTAL        ACCESS:    5579225 HIT:    4219644 MISS:    1359581 MSHR_MERGE:     914116
cpu1->cpu1_L1D LOAD         ACCESS:    5576758 HIT:    4217724 MISS:    1359034 MSHR_MERGE:     913865
cpu1->cpu1_L1D RFO          ACCESS:          0 HIT:          0 MISS:          0 MSHR_MERGE:          0
cpu1->cpu1_L1D PREFETCH     ACCESS:          0 HIT:          0 MISS:          0 MSHR_MERGE:          0
cpu1->cpu1_L1D WRITE        ACCESS:       2467 HIT:       1920 MISS:        547 MSHR_MERGE:        251
cpu1->cpu1_L1D TRANSLATION  ACCESS:          0 HIT:          0 MISS:          0 MSHR_MERGE:          0
cpu1->cpu1_L1D PREFETCH REQUESTED:          0 ISSUED:          0 USEFUL:          0 USELESS:          0
cpu1->cpu1_L1D AVERAGE MISS LATENCY: 8.756 cycles
cpu1->cpu1_ITLB TOTAL        ACCESS:    7695031 HIT:    7695031 MISS:          0 MSHR_MERGE:          0
cpu1->cpu1_ITLB LOAD         ACCESS:    7695031 HIT:    7695031 MISS:          0 MSHR_MERGE:          0
cpu1->cpu1_ITLB RFO          ACCESS:          0 HIT:          0 MISS:          0 MSHR_MERGE:          0
cpu1->cpu1_ITLB PREFETCH     ACCESS:          0 HIT:          0 MISS:          0 MSHR_MERGE:          0
cpu1->cpu1_ITLB WRITE        ACCESS:          0 HIT:          0 MISS:          0 MSHR_MERGE:          0
cpu1->cpu1_ITLB TRANSLATION  ACCESS:          0 HIT:          0 MISS:          0 MSHR_MERGE:          0
cpu1->cpu1_ITLB PREFETCH REQUESTED:          0 ISSUED:          0 USEFUL:          0 USELESS:          0
cpu1->cpu1_ITLB AVERAGE MISS LATENCY: - cycles
cpu1->cpu1_DTLB TOTAL        ACCESS:    5566304 HIT:    5566304 MISS:          0 MSHR_MERGE:          0
cpu1->cpu1_DTLB LOAD         ACCESS:    5566304 HIT:    5566304 MISS:          0 MSHR_MERGE:          0
cpu1->cpu1_DTLB RFO          ACCESS:          0 HIT:          0 MISS:          0 MSHR_MERGE:          0
cpu1->cpu1_DTLB PREFETCH     ACCESS:          0 HIT:          0 MISS:          0 MSHR_MERGE:          0
cpu1->cpu1_DTLB WRITE        ACCESS:          0 HIT:          0 MISS:          0 MSHR_MERGE:          0
cpu1->cpu1_DTLB TRANSLATION  ACCESS:          0 HIT:          0 MISS:          0 MSHR_MERGE:          0
cpu1->cpu1_DTLB PREFETCH REQUESTED:          0 ISSUED:          0 USEFUL:          0 USELESS:          0
cpu1->cpu1_DTLB AVERAGE MISS LATENCY: - cycles
cpu0->cpu0_L2C TOTAL        ACCESS:     445901 HIT:     443948 MISS:       1953 MSHR_MERGE:          0
cpu0->cpu0_L2C LOAD         ACCESS:     444887 HIT:     442952 MISS:       1935 MSHR_MERGE:          0
cpu0->cpu0_L2C RFO          ACCESS:        296 HIT:        278 MISS:         18 MSHR_MERGE:          0
cpu0->cpu0_L2C PREFETCH     ACCESS:          0 HIT:          0 MISS:          0 MSHR_MERGE:          0
cpu0->cpu0_L2C WRITE        ACCESS:        718 HIT:        718 MISS:          0 MSHR_MERGE:          0
cpu0->cpu0_L2C TRANSLATION  ACCESS:          0 HIT:          0 MISS:          0 MSHR_MERGE:          0
cpu0->cpu0_L2C PREFETCH REQUESTED:          0 ISSUED:          0 USEFUL:          0 USELESS:          0
cpu0->cpu0_L2C AVERAGE MISS LATENCY: 171.4 cycles
cpu0->cpu0_L1I TOTAL        ACCESS:    9910373 HIT:    9910373 MISS:          0 MSHR_MERGE:          0
cpu0->cpu0_L1I LOAD         ACCESS:    9910373 HIT:    9910373 MISS:          0 MSHR_MERGE:          0
cpu0->cpu0_L1I RFO          ACCESS:          0 HIT:          0 MISS:          0 MSHR_MERGE:          0
cpu0->cpu0_L1I PREFETCH     ACCESS:          0 HIT:          0 MISS:          0 MSHR_MERGE:          0
cpu0->cpu0_L1I WRITE        ACCESS:          0 HIT:          0 MISS:          0 MSHR_MERGE:          0
cpu0->cpu0_L1I TRANSLATION  ACCESS:          0 HIT:          0 MISS:          0 MSHR_MERGE:          0
cpu0->cpu0_L1I PREFETCH REQUESTED:          0 ISSUED:          0 USEFUL:          0 USELESS:          0
cpu0->cpu0_L1I AVERAGE MISS LATENCY: - cycles
cpu0->cpu0_L1D TOTAL        ACCESS:    5575636 HIT:    4207661 MISS:    1367975 MSHR_MERGE:     922792
cpu0->cpu0_L1D LOAD         ACCESS:    5573178 HIT:    4205740 MISS:    1367438 MSHR_MERGE:     922551
cpu0->cpu0_L1D RFO          ACCESS:          0 HIT:          0 MISS:          0 MSHR_MERGE:          0
cpu0->cpu0_L1D PREFETCH     ACCESS:          0 HIT:          0 MISS:          0 MSHR_MERGE:          0
cpu0->cpu0_L1D WRITE        ACCESS:       2458 HIT:       1921 MISS:        537 MSHR_MERGE:        241
cpu0->cpu0_L1D TRANSLATION  ACCESS:          0 HIT:          0 MISS:          0 MSHR_MERGE:          0
cpu0->cpu0_L1D PREFETCH REQUESTED:          0 ISSUED:          0 USEFUL:          0 USELESS:          0
cpu0->cpu0_L1D AVERAGE MISS LATENCY: 8.757 cycles
cpu0->cpu0_ITLB TOTAL        ACCESS:    7698614 HIT:    7698614 MISS:          0 MSHR_MERGE:          0
cpu0->cpu0_ITLB LOAD         ACCESS:    7698614 HIT:    7698614 MISS:          0 MSHR_MERGE:          0
cpu0->cpu0_ITLB RFO          ACCESS:          0 HIT:          0 MISS:          0 MSHR_MERGE:          0
cpu0->cpu0_ITLB PREFETCH     ACCESS:          0 HIT:          0 MISS:          0 MSHR_MERGE:          0
cpu0->cpu0_ITLB WRITE        ACCESS:          0 HIT:          0 MISS:          0 MSHR_MERGE:          0
cpu0->cpu0_ITLB TRANSLATION  ACCESS:          0 HIT:          0 MISS:          0 MSHR_MERGE:          0
cpu0->cpu0_ITLB PREFETCH REQUESTED:          0 ISSUED:          0 USEFUL:          0 USELESS:          0
cpu0->cpu0_ITLB AVERAGE MISS LATENCY: - cycles
cpu0->cpu0_DTLB TOTAL        ACCESS:    5575237 HIT:    5575237 MISS:          0 MSHR_MERGE:          0
cpu0->cpu0_DTLB LOAD         ACCESS:    5575237 HIT:    5575237 MISS:          0 MSHR_MERGE:          0
cpu0->cpu0_DTLB RFO          ACCESS:          0 HIT:          0 MISS:          0 MSHR_MERGE:          0
cpu0->cpu0_DTLB PREFETCH     ACCESS:          0 HIT:          0 MISS:          0 MSHR_MERGE:          0
cpu0->cpu0_DTLB WRITE        ACCESS:          0 HIT:          0 MISS:          0 MSHR_MERGE:          0
cpu0->cpu0_DTLB TRANSLATION  ACCESS:          0 HIT:          0 MISS:          0 MSHR_MERGE:          0
cpu0->cpu0_DTLB PREFETCH REQUESTED:          0 ISSUED:          0 USEFUL:          0 USELESS:          0
cpu0->cpu0_DTLB AVERAGE MISS LATENCY: - cycles
cpu0->LLC TOTAL        ACCESS:       1953 HIT:          0 MISS:       1953 MSHR_MERGE:          0
cpu0->LLC LOAD         ACCESS:       1935 HIT:          0 MISS:       1935 MSHR_MERGE:          0
cpu0->LLC RFO          ACCESS:         18 HIT:          0 MISS:         18 MSHR_MERGE:          0
cpu0->LLC PREFETCH     ACCESS:          0 HIT:          0 MISS:          0 MSHR_MERGE:          0
cpu0->LLC WRITE        ACCESS:          0 HIT:          0 MISS:          0 MSHR_MERGE:          0
cpu0->LLC TRANSLATION  ACCESS:          0 HIT:          0 MISS:          0 MSHR_MERGE:          0
cpu0->LLC PREFETCH REQUESTED:          0 ISSUED:          0 USEFUL:          0 USELESS:          0
cpu0->LLC AVERAGE MISS LATENCY: 1244 cycles
cpu1->LLC TOTAL        ACCESS:       1955 HIT:          0 MISS:       1955 MSHR_MERGE:          0
cpu1->LLC LOAD         ACCESS:       1937 HIT:          0 MISS:       1937 MSHR_MERGE:          0
cpu1->LLC RFO          ACCESS:         18 HIT:          0 MISS:         18 MSHR_MERGE:          0
cpu1->LLC PREFETCH     ACCESS:          0 HIT:          0 MISS:          0 MSHR_MERGE:          0
cpu1->LLC WRITE        ACCESS:          0 HIT:          0 MISS:          0 MSHR_MERGE:          0
cpu1->LLC TRANSLATION  ACCESS:          0 HIT:          0 MISS:          0 MSHR_MERGE:          0
cpu1->LLC PREFETCH REQUESTED:          0 ISSUED:          0 USEFUL:          0 USELESS:          0
cpu1->LLC AVERAGE MISS LATENCY: 1243 cycles
cpu2->LLC TOTAL        ACCESS:       1954 HIT:          0 MISS:       1954 MSHR_MERGE:          0
cpu2->LLC LOAD         ACCESS:       1936 HIT:          0 MISS:       1936 MSHR_MERGE:          0
cpu2->LLC RFO          ACCESS:         18 HIT:          0 MISS:         18 MSHR_MERGE:          0
cpu2->LLC PREFETCH     ACCESS:          0 HIT:          0 MISS:          0 MSHR_MERGE:          0
cpu2->LLC WRITE        ACCESS:          0 HIT:          0 MISS:          0 MSHR_MERGE:          0
cpu2->LLC TRANSLATION  ACCESS:          0 HIT:          0 MISS:          0 MSHR_MERGE:          0
cpu2->LLC PREFETCH REQUESTED:          0 ISSUED:          0 USEFUL:          0 USELESS:          0
cpu2->LLC AVERAGE MISS LATENCY: 1243 cycles
cpu3->LLC TOTAL        ACCESS:       1954 HIT:          0 MISS:       1954 MSHR_MERGE:          0
cpu3->LLC LOAD         ACCESS:       1936 HIT:          0 MISS:       1936 MSHR_MERGE:          0
cpu3->LLC RFO          ACCESS:         18 HIT:          0 MISS:         18 MSHR_MERGE:          0
cpu3->LLC PREFETCH     ACCESS:          0 HIT:          0 MISS:          0 MSHR_MERGE:          0
cpu3->LLC WRITE        ACCESS:          0 HIT:          0 MISS:          0 MSHR_MERGE:          0
cpu3->LLC TRANSLATION  ACCESS:          0 HIT:          0 MISS:          0 MSHR_MERGE:          0
cpu3->LLC PREFETCH REQUESTED:          0 ISSUED:          0 USEFUL:          0 USELESS:          0
cpu3->LLC AVERAGE MISS LATENCY: 1243 cycles
cpu4->LLC TOTAL        ACCESS:       1954 HIT:          0 MISS:       1954 MSHR_MERGE:          0
cpu4->LLC LOAD         ACCESS:       1936 HIT:          0 MISS:       1936 MSHR_MERGE:          0
cpu4->LLC RFO          ACCESS:         18 HIT:          0 MISS:         18 MSHR_MERGE:          0
cpu4->LLC PREFETCH     ACCESS:          0 HIT:          0 MISS:          0 MSHR_MERGE:          0
cpu4->LLC WRITE        ACCESS:          0 HIT:          0 MISS:          0 MSHR_MERGE:          0
cpu4->LLC TRANSLATION  ACCESS:          0 HIT:          0 MISS:          0 MSHR_MERGE:          0
cpu4->LLC PREFETCH REQUESTED:          0 ISSUED:          0 USEFUL:          0 USELESS:          0
cpu4->LLC AVERAGE MISS LATENCY: 1243 cycles
cpu5->LLC TOTAL        ACCESS:       1954 HIT:          0 MISS:       1954 MSHR_MERGE:          0
cpu5->LLC LOAD         ACCESS:       1936 HIT:          0 MISS:       1936 MSHR_MERGE:          0
cpu5->LLC RFO          ACCESS:         18 HIT:          0 MISS:         18 MSHR_MERGE:          0
cpu5->LLC PREFETCH     ACCESS:          0 HIT:          0 MISS:          0 MSHR_MERGE:          0
cpu5->LLC WRITE        ACCESS:          0 HIT:          0 MISS:          0 MSHR_MERGE:          0
cpu5->LLC TRANSLATION  ACCESS:          0 HIT:          0 MISS:          0 MSHR_MERGE:          0
cpu5->LLC PREFETCH REQUESTED:          0 ISSUED:          0 USEFUL:          0 USELESS:          0
cpu5->LLC AVERAGE MISS LATENCY: 1243 cycles
cpu6->LLC TOTAL        ACCESS:       1953 HIT:          0 MISS:       1953 MSHR_MERGE:          0
cpu6->LLC LOAD         ACCESS:       1935 HIT:          0 MISS:       1935 MSHR_MERGE:          0
cpu6->LLC RFO          ACCESS:         18 HIT:          0 MISS:         18 MSHR_MERGE:          0
cpu6->LLC PREFETCH     ACCESS:          0 HIT:          0 MISS:          0 MSHR_MERGE:          0
cpu6->LLC WRITE        ACCESS:          0 HIT:          0 MISS:          0 MSHR_MERGE:          0
cpu6->LLC TRANSLATION  ACCESS:          0 HIT:          0 MISS:          0 MSHR_MERGE:          0
cpu6->LLC PREFETCH REQUESTED:          0 ISSUED:          0 USEFUL:          0 USELESS:          0
cpu6->LLC AVERAGE MISS LATENCY: 1244 cycles
cpu7->LLC TOTAL        ACCESS:       1953 HIT:          0 MISS:       1953 MSHR_MERGE:          0
cpu7->LLC LOAD         ACCESS:       1935 HIT:          0 MISS:       1935 MSHR_MERGE:          0
cpu7->LLC RFO          ACCESS:         18 HIT:          0 MISS:         18 MSHR_MERGE:          0
cpu7->LLC PREFETCH     ACCESS:          0 HIT:          0 MISS:          0 MSHR_MERGE:          0
cpu7->LLC WRITE        ACCESS:          0 HIT:          0 MISS:          0 MSHR_MERGE:          0
cpu7->LLC TRANSLATION  ACCESS:          0 HIT:          0 MISS:          0 MSHR_MERGE:          0
cpu7->LLC PREFETCH REQUESTED:          0 ISSUED:          0 USEFUL:          0 USELESS:          0
cpu7->LLC AVERAGE MISS LATENCY: 1244 cycles

Region of Interest Statistics

CPU 7 cumulative IPC: 3.448 instructions: 50000000 cycles: 14500342
CPU 7 Branch Prediction Accuracy: 100% MPKI: 0 Average ROB Occupancy at Mispredict: -
Branch type MPKI
BRANCH_DIRECT_JUMP: 0
BRANCH_INDIRECT: 0
BRANCH_CONDITIONAL: 0
BRANCH_DIRECT_CALL: 0
BRANCH_INDIRECT_CALL: 0
BRANCH_RETURN: 0


CPU 6 cumulative IPC: 3.45 instructions: 50000000 cycles: 14494415
CPU 6 Branch Prediction Accuracy: 100% MPKI: 0 Average ROB Occupancy at Mispredict: -
Branch type MPKI
BRANCH_DIRECT_JUMP: 0
BRANCH_INDIRECT: 0
BRANCH_CONDITIONAL: 0
BRANCH_DIRECT_CALL: 0
BRANCH_INDIRECT_CALL: 0
BRANCH_RETURN: 0


CPU 5 cumulative IPC: 3.45 instructions: 50000000 cycles: 14492989
CPU 5 Branch Prediction Accuracy: 100% MPKI: 0 Average ROB Occupancy at Mispredict: -
Branch type MPKI
BRANCH_DIRECT_JUMP: 0
BRANCH_INDIRECT: 0
BRANCH_CONDITIONAL: 0
BRANCH_DIRECT_CALL: 0
BRANCH_INDIRECT_CALL: 0
BRANCH_RETURN: 0


CPU 4 cumulative IPC: 3.45 instructions: 50000003 cycles: 14491494
CPU 4 Branch Prediction Accuracy: 100% MPKI: 0 Average ROB Occupancy at Mispredict: -
Branch type MPKI
BRANCH_DIRECT_JUMP: 0
BRANCH_INDIRECT: 0
BRANCH_CONDITIONAL: 0
BRANCH_DIRECT_CALL: 0
BRANCH_INDIRECT_CALL: 0
BRANCH_RETURN: 0


CPU 3 cumulative IPC: 3.45 instructions: 50000003 cycles: 14490704
CPU 3 Branch Prediction Accuracy: 100% MPKI: 0 Average ROB Occupancy at Mispredict: -
Branch type MPKI
BRANCH_DIRECT_JUMP: 0
BRANCH_INDIRECT: 0
BRANCH_CONDITIONAL: 0
BRANCH_DIRECT_CALL: 0
BRANCH_INDIRECT_CALL: 0
BRANCH_RETURN: 0


CPU 2 cumulative IPC: 3.45 instructions: 50000002 cycles: 14492955
CPU 2 Branch Prediction Accuracy: 100% MPKI: 0 Average ROB Occupancy at Mispredict: -
Branch type MPKI
BRANCH_DIRECT_JUMP: 0
BRANCH_INDIRECT: 0
BRANCH_CONDITIONAL: 0
BRANCH_DIRECT_CALL: 0
BRANCH_INDIRECT_CALL: 0
BRANCH_RETURN: 0


CPU 1 cumulative IPC: 3.452 instructions: 50000000 cycles: 14484572
CPU 1 Branch Prediction Accuracy: 100% MPKI: 0 Average ROB Occupancy at Mispredict: -
Branch type MPKI
BRANCH_DIRECT_JUMP: 0
BRANCH_INDIRECT: 0
BRANCH_CONDITIONAL: 0
BRANCH_DIRECT_CALL: 0
BRANCH_INDIRECT_CALL: 0
BRANCH_RETURN: 0


CPU 0 cumulative IPC: 3.45 instructions: 50000003 cycles: 14494028
CPU 0 Branch Prediction Accuracy: 100% MPKI: 0 Average ROB Occupancy at Mispredict: -
Branch type MPKI
BRANCH_DIRECT_JUMP: 0
BRANCH_INDIRECT: 0
BRANCH_CONDITIONAL: 0
BRANCH_DIRECT_CALL: 0
BRANCH_INDIRECT_CALL: 0
BRANCH_RETURN: 0

cpu7->cpu7_L2C TOTAL        ACCESS:     445706 HIT:     443753 MISS:       1953 MSHR_MERGE:          0
cpu7->cpu7_L2C LOAD         ACCESS:     444692 HIT:     442757 MISS:       1935 MSHR_MERGE:          0
cpu7->cpu7_L2C RFO          ACCESS:        296 HIT:        278 MISS:         18 MSHR_MERGE:          0
cpu7->cpu7_L2C PREFETCH     ACCESS:          0 HIT:          0 MISS:          0 MSHR_MERGE:          0
cpu7->cpu7_L2C WRITE        ACCESS:        718 HIT:        718 MISS:          0 MSHR_MERGE:          0
cpu7->cpu7_L2C TRANSLATION  ACCESS:          0 HIT:          0 MISS:          0 MSHR_MERGE:          0
cpu7->cpu7_L2C PREFETCH REQUESTED:          0 ISSUED:          0 USEFUL:          0 USELESS:          0
cpu7->cpu7_L2C AVERAGE MISS LATENCY: 171.7 cycles
cpu7->cpu7_L1I TOTAL        ACCESS:    9904114 HIT:    9904114 MISS:          0 MSHR_MERGE:          0
cpu7->cpu7_L1I LOAD         ACCESS:    9904114 HIT:    9904114 MISS:          0 MSHR_MERGE:          0
cpu7->cpu7_L1I RFO          ACCESS:          0 HIT:          0 MISS:          0 MSHR_MERGE:          0
cpu7->cpu7_L1I PREFETCH     ACCESS:          0 HIT:          0 MISS:          0 MSHR_MERGE:          0
cpu7->cpu7_L1I WRITE        ACCESS:          0 HIT:          0 MISS:          0 MSHR_MERGE:          0
cpu7->cpu7_L1I TRANSLATION  ACCESS:          0 HIT:          0 MISS:          0 MSHR_MERGE:          0
cpu7->cpu7_L1I PREFETCH REQUESTED:          0 ISSUED:          0 USEFUL:          0 USELESS:          0
cpu7->cpu7_L1I AVERAGE MISS LATENCY: - cycles
cpu7->cpu7_L1D TOTAL        ACCESS:    5563271 HIT:    4203874 MISS:    1359397 MSHR_MERGE:     914409
cpu7->cpu7_L1D LOAD         ACCESS:    5560806 HIT:    4201952 MISS:    1358854 MSHR_MERGE:     914162
cpu7->cpu7_L1D RFO          ACCESS:          0 HIT:          0 MISS:          0 MSHR_MERGE:          0
cpu7->cpu7_L1D PREFETCH     ACCESS:          0 HIT:          0 MISS:          0 MSHR_MERGE:          0
cpu7->cpu7_L1D WRITE        ACCESS:       2465 HIT:       1922 MISS:        543 MSHR_MERGE:        247
cpu7->cpu7_L1D TRANSLATION  ACCESS:          0 HIT:          0 MISS:          0 MSHR_MERGE:          0
cpu7->cpu7_L1D PREFETCH REQUESTED:          0 ISSUED:          0 USEFUL:          0 USELESS:          0
cpu7->cpu7_L1D AVERAGE MISS LATENCY: 8.759 cycles
cpu7->cpu7_ITLB TOTAL        ACCESS:    7676611 HIT:    7676611 MISS:          0 MSHR_MERGE:          0
cpu7->cpu7_ITLB LOAD         ACCESS:    7676611 HIT:    7676611 MISS:          0 MSHR_MERGE:          0
cpu7->cpu7_ITLB RFO          ACCESS:          0 HIT:          0 MISS:          0 MSHR_MERGE:          0
cpu7->cpu7_ITLB PREFETCH     ACCESS:          0 HIT:          0 MISS:          0 MSHR_MERGE:          0
cpu7->cpu7_ITLB WRITE        ACCESS:          0 HIT:          0 MISS:          0 MSHR_MERGE:          0
cpu7->cpu7_ITLB TRANSLATION  ACCESS:          0 HIT:          0 MISS:          0 MSHR_MERGE:          0
cpu7->cpu7_ITLB PREFETCH REQUESTED:          0 ISSUED:          0 USEFUL:          0 USELESS:          0
cpu7->cpu7_ITLB AVERAGE MISS LATENCY: - cycles
cpu7->cpu7_DTLB TOTAL        ACCESS:    5556639 HIT:    5556639 MISS:          0 MSHR_MERGE:          0
cpu7->cpu7_DTLB LOAD         ACCESS:    5556639 HIT:    5556639 MISS:          0 MSHR_MERGE:          0
cpu7->cpu7_DTLB RFO          ACCESS:          0 HIT:          0 MISS:          0 MSHR_MERGE:          0
cpu7->cpu7_DTLB PREFETCH     ACCESS:          0 HIT:          0 MISS:          0 MSHR_MERGE:          0
cpu7->cpu7_DTLB WRITE        ACCESS:          0 HIT:          0 MISS:          0 MSHR_MERGE:          0
cpu7->cpu7_DTLB TRANSLATION  ACCESS:          0 HIT:          0 MISS:          0 MSHR_MERGE:          0
cpu7->cpu7_DTLB PREFETCH REQUESTED:          0 ISSUED:          0 USEFUL:          0 USELESS:          0
cpu7->cpu7_DTLB AVERAGE MISS LATENCY: - cycles
cpu6->cpu6_L2C TOTAL        ACCESS:     445889 HIT:     443936 MISS:       1953 MSHR_MERGE:          0
cpu6->cpu6_L2C LOAD         ACCESS:     444875 HIT:     442940 MISS:       1935 MSHR_MERGE:          0
cpu6->cpu6_L2C RFO          ACCESS:        296 HIT:        278 MISS:         18 MSHR_MERGE:          0
cpu6->cpu6_L2C PREFETCH     ACCESS:          0 HIT:          0 MISS:          0 MSHR_MERGE:          0
cpu6->cpu6_L2C WRITE        ACCESS:        718 HIT:        718 MISS:          0 MSHR_MERGE:          0
cpu6->cpu6_L2C TRANSLATION  ACCESS:          0 HIT:          0 MISS:          0 MSHR_MERGE:          0
cpu6->cpu6_L2C PREFETCH REQUESTED:          0 ISSUED:          0 USEFUL:          0 USELESS:          0
cpu6->cpu6_L2C AVERAGE MISS LATENCY: 171.4 cycles
cpu6->cpu6_L1I TOTAL        ACCESS:    9899588 HIT:    9899588 MISS:          0 MSHR_MERGE:          0
cpu6->cpu6_L1I LOAD         ACCESS:    9899588 HIT:    9899588 MISS:          0 MSHR_MERGE:          0
cpu6->cpu6_L1I RFO          ACCESS:          0 HIT:          0 MISS:          0 MSHR_MERGE:          0
cpu6->cpu6_L1I PREFETCH     ACCESS:          0 HIT:          0 MISS:          0 MSHR_MERGE:          0
cpu6->cpu6_L1I WRITE        ACCESS:          0 HIT:          0 MISS:          0 MSHR_MERGE:          0
cpu6->cpu6_L1I TRANSLATION  ACCESS:          0 HIT:          0 MISS:          0 MSHR_MERGE:          0
cpu6->cpu6_L1I PREFETCH REQUESTED:          0 ISSUED:          0 USEFUL:          0 USELESS:          0
cpu6->cpu6_L1I AVERAGE MISS LATENCY: - cycles
cpu6->cpu6_L1D TOTAL        ACCESS:    5568150 HIT:    4206154 MISS:    1361996 MSHR_MERGE:     916824
cpu6->cpu6_L1D LOAD         ACCESS:    5565683 HIT:    4204227 MISS:    1361456 MSHR_MERGE:     916580
cpu6->cpu6_L1D RFO          ACCESS:          0 HIT:          0 MISS:          0 MSHR_MERGE:          0
cpu6->cpu6_L1D PREFETCH     ACCESS:          0 HIT:          0 MISS:          0 MSHR_MERGE:          0
cpu6->cpu6_L1D WRITE        ACCESS:       2467 HIT:       1927 MISS:        540 MSHR_MERGE:        244
cpu6->cpu6_L1D TRANSLATION  ACCESS:          0 HIT:          0 MISS:          0 MSHR_MERGE:          0
cpu6->cpu6_L1D PREFETCH REQUESTED:          0 ISSUED:          0 USEFUL:          0 USELESS:          0
cpu6->cpu6_L1D AVERAGE MISS LATENCY: 8.756 cycles
cpu6->cpu6_ITLB TOTAL        ACCESS:    7676544 HIT:    7676544 MISS:          0 MSHR_MERGE:          0
cpu6->cpu6_ITLB LOAD         ACCESS:    7676544 HIT:    7676544 MISS:          0 MSHR_MERGE:          0
cpu6->cpu6_ITLB RFO          ACCESS:          0 HIT:          0 MISS:          0 MSHR_MERGE:          0
cpu6->cpu6_ITLB PREFETCH     ACCESS:          0 HIT:          0 MISS:          0 MSHR_MERGE:          0
cpu6->cpu6_ITLB WRITE        ACCESS:          0 HIT:          0 MISS:          0 MSHR_MERGE:          0
cpu6->cpu6_ITLB TRANSLATION  ACCESS:          0 HIT:          0 MISS:          0 MSHR_MERGE:          0
cpu6->cpu6_ITLB PREFETCH REQUESTED:          0 ISSUED:          0 USEFUL:          0 USELESS:          0
cpu6->cpu6_ITLB AVERAGE MISS LATENCY: - cycles
cpu6->cpu6_DTLB TOTAL        ACCESS:    5567759 HIT:    5567759 MISS:          0 MSHR_MERGE:          0
cpu6->cpu6_DTLB LOAD         ACCESS:    5567759 HIT:    5567759 MISS:          0 MSHR_MERGE:          0
cpu6->cpu6_DTLB RFO          ACCESS:          0 HIT:          0 MISS:          0 MSHR_MERGE:          0
cpu6->cpu6_DTLB PREFETCH     ACCESS:          0 HIT:          0 MISS:          0 MSHR_MERGE:          0
cpu6->cpu6_DTLB WRITE        ACCESS:          0 HIT:          0 MISS:          0 MSHR_MERGE:          0
cpu6->cpu6_DTLB TRANSLATION  ACCESS:          0 HIT:          0 MISS:          0 MSHR_MERGE:          0
cpu6->cpu6_DTLB PREFETCH REQUESTED:          0 ISSUED:          0 USEFUL:          0 USELESS:          0
cpu6->cpu6_DTLB AVERAGE MISS LATENCY: - cycles
cpu5->cpu5_L2C TOTAL        ACCESS:     445928 HIT:     443974 MISS:       1954 MSHR_MERGE:          0
cpu5->cpu5_L2C LOAD         ACCESS:     444914 HIT:     442978 MISS:       1936 MSHR_MERGE:          0
cpu5->cpu5_L2C RFO          ACCESS:        296 HIT:        278 MISS:         18 MSHR_MERGE:          0
cpu5->cpu5_L2C PREFETCH     ACCESS:          0 HIT:          0 MISS:          0 MSHR_MERGE:          0
cpu5->cpu5_L2C WRITE        ACCESS:        718 HIT:        718 MISS:          0 MSHR_MERGE:          0
cpu5->cpu5_L2C TRANSLATION  ACCESS:          0 HIT:          0 MISS:          0 MSHR_MERGE:          0
cpu5->cpu5_L2C PREFETCH REQUESTED:          0 ISSUED:          0 USEFUL:          0 USELESS:          0
cpu5->cpu5_L2C AVERAGE MISS LATENCY: 171.5 cycles
cpu5->cpu5_L1I TOTAL        ACCESS:    9906250 HIT:    9906250 MISS:          0 MSHR_MERGE:          0
cpu5->cpu5_L1I LOAD         ACCESS:    9906250 HIT:    9906250 MISS:          0 MSHR_MERGE:          0
cpu5->cpu5_L1I RFO          ACCESS:          0 HIT:          0 MISS:          0 MSHR_MERGE:          0
cpu5->cpu5_L1I PREFETCH     ACCESS:          0 HIT:          0 MISS:          0 MSHR_MERGE:          0
cpu5->cpu5_L1I WRITE        ACCESS:          0 HIT:          0 MISS:          0 MSHR_MERGE:          0
cpu5->cpu5_L1I TRANSLATION  ACCESS:          0 HIT:          0 MISS:          0 MSHR_MERGE:          0
cpu5->cpu5_L1I PREFETCH REQUESTED:          0 ISSUED:          0 USEFUL:          0 USELESS:          0
cpu5->cpu5_L1I AVERAGE MISS LATENCY: - cycles
cpu5->cpu5_L1D TOTAL        ACCESS:    5575833 HIT:    4214441 MISS:    1361392 MSHR_MERGE:     916182
cpu5->cpu5_L1D LOAD         ACCESS:    5573370 HIT:    4212514 MISS:    1360856 MSHR_MERGE:     915942
cpu5->cpu5_L1D RFO          ACCESS:          0 HIT:          0 MISS:          0 MSHR_MERGE:          0
cpu5->cpu5_L1D PREFETCH     ACCESS:          0 HIT:          0 MISS:          0 MSHR_MERGE:          0
cpu5->cpu5_L1D WRITE        ACCESS:       2463 HIT:       1927 MISS:        536 MSHR_MERGE:        240
cpu5->cpu5_L1D TRANSLATION  ACCESS:          0 HIT:          0 MISS:          0 MSHR_MERGE:          0
cpu5->cpu5_L1D PREFETCH REQUESTED:          0 ISSUED:          0 USEFUL:          0 USELESS:          0
cpu5->cpu5_L1D AVERAGE MISS LATENCY: 8.753 cycles
cpu5->cpu5_ITLB TOTAL        ACCESS:    7679616 HIT:    7679616 MISS:          0 MSHR_MERGE:          0
cpu5->cpu5_ITLB LOAD         ACCESS:    7679616 HIT:    7679616 MISS:          0 MSHR_MERGE:          0
cpu5->cpu5_ITLB RFO          ACCESS:          0 HIT:          0 MISS:          0 MSHR_MERGE:          0
cpu5->cpu5_ITLB PREFETCH     ACCESS:          0 HIT:          0 MISS:          0 MSHR_MERGE:          0
cpu5->cpu5_ITLB WRITE        ACCESS:          0 HIT:          0 MISS:          0 MSHR_MERGE:          0
cpu5->cpu5_ITLB TRANSLATION  ACCESS:          0 HIT:          0 MISS:          0 MSHR_MERGE:          0
cpu5->cpu5_ITLB PREFETCH REQUESTED:          0 ISSUED:          0 USEFUL:          0 USELESS:          0
cpu5->cpu5_ITLB AVERAGE MISS LATENCY: - cycles
cpu5->cpu5_DTLB TOTAL        ACCESS:    5567003 HIT:    5567003 MISS:          0 MSHR_MERGE:          0
cpu5->cpu5_DTLB LOAD         ACCESS:    5567003 HIT:    5567003 MISS:          0 MSHR_MERGE:          0
cpu5->cpu5_DTLB RFO          ACCESS:          0 HIT:          0 MISS:          0 MSHR_MERGE:          0
cpu5->cpu5_DTLB PREFETCH     ACCESS:          0 HIT:          0 MISS:          0 MSHR_MERGE:          0
cpu5->cpu5_DTLB WRITE        ACCESS:          0 HIT:          0 MISS:          0 MSHR_MERGE:          0
cpu5->cpu5_DTLB TRANSLATION  ACCESS:          0 HIT:          0 MISS:          0 MSHR_MERGE:          0
cpu5->cpu5_DTLB PREFETCH REQUESTED:          0 ISSUED:          0 USEFUL:          0 USELESS:          0
cpu5->cpu5_DTLB AVERAGE MISS LATENCY: - cycles
cpu4->cpu4_L2C TOTAL        ACCESS:     445973 HIT:     444019 MISS:       1954 MSHR_MERGE:          0
cpu4->cpu4_L2C LOAD         ACCESS:     444959 HIT:     443023 MISS:       1936 MSHR_MERGE:          0
cpu4->cpu4_L2C RFO          ACCESS:        296 HIT:        278 MISS:         18 MSHR_MERGE:          0
cpu4->cpu4_L2C PREFETCH     ACCESS:          0 HIT:          0 MISS:          0 MSHR_MERGE:          0
cpu4->cpu4_L2C WRITE        ACCESS:        718 HIT:        718 MISS:          0 MSHR_MERGE:          0
cpu4->cpu4_L2C TRANSLATION  ACCESS:          0 HIT:          0 MISS:          0 MSHR_MERGE:          0
cpu4->cpu4_L2C PREFETCH REQUESTED:          0 ISSUED:          0 USEFUL:          0 USELESS:          0
cpu4->cpu4_L2C AVERAGE MISS LATENCY: 171.5 cycles
cpu4->cpu4_L1I TOTAL        ACCESS:    9906912 HIT:    9906912 MISS:          0 MSHR_MERGE:          0
cpu4->cpu4_L1I LOAD         ACCESS:    9906912 HIT:    9906912 MISS:          0 MSHR_MERGE:          0
cpu4->cpu4_L1I RFO          ACCESS:          0 HIT:          0 MISS:          0 MSHR_MERGE:          0
cpu4->cpu4_L1I PREFETCH     ACCESS:          0 HIT:          0 MISS:          0 MSHR_MERGE:          0
cpu4->cpu4_L1I WRITE        ACCESS:          0 HIT:          0 MISS:          0 MSHR_MERGE:          0
cpu4->cpu4_L1I TRANSLATION  ACCESS:          0 HIT:          0 MISS:          0 MSHR_MERGE:          0
cpu4->cpu4_L1I PREFETCH REQUESTED:          0 ISSUED:          0 USEFUL:          0 USELESS:          0
cpu4->cpu4_L1I AVERAGE MISS LATENCY: - cycles
cpu4->cpu4_L1D TOTAL        ACCESS:    5575432 HIT:    4215018 MISS:    1360414 MSHR_MERGE:     915159
cpu4->cpu4_L1D LOAD         ACCESS:    5572968 HIT:    4213096 MISS:    1359872 MSHR_MERGE:     914913
cpu4->cpu4_L1D RFO          ACCESS:          0 HIT:          0 MISS:          0 MSHR_MERGE:          0
cpu4->cpu4_L1D PREFETCH     ACCESS:          0 HIT:          0 MISS:          0 MSHR_MERGE:          0
cpu4->cpu4_L1D WRITE        ACCESS:       2464 HIT:       1922 MISS:        542 MSHR_MERGE:        246
cpu4->cpu4_L1D TRANSLATION  ACCESS:          0 HIT:          0 MISS:          0 MSHR_MERGE:          0
cpu4->cpu4_L1D PREFETCH REQUESTED:          0 ISSUED:          0 USEFUL:          0 USELESS:          0
cpu4->cpu4_L1D AVERAGE MISS LATENCY: 8.753 cycles
cpu4->cpu4_ITLB TOTAL        ACCESS:    7679946 HIT:    7679946 MISS:          0 MSHR_MERGE:          0
cpu4->cpu4_ITLB LOAD         ACCESS:    7679946 HIT:    7679946 MISS:          0 MSHR_MERGE:          0
cpu4->cpu4_ITLB RFO          ACCESS:          0 HIT:          0 MISS:          0 MSHR_MERGE:          0
cpu4->cpu4_ITLB PREFETCH     ACCESS:          0 HIT:          0 MISS:          0 MSHR_MERGE:          0
cpu4->cpu4_ITLB WRITE        ACCESS:          0 HIT:          0 MISS:          0 MSHR_MERGE:          0
cpu4->cpu4_ITLB TRANSLATION  ACCESS:          0 HIT:          0 MISS:          0 MSHR_MERGE:          0
cpu4->cpu4_ITLB PREFETCH REQUESTED:          0 ISSUED:          0 USEFUL:          0 USELESS:          0
cpu4->cpu4_ITLB AVERAGE MISS LATENCY: - cycles
cpu4->cpu4_DTLB TOTAL        ACCESS:    5566607 HIT:    5566607 MISS:          0 MSHR_MERGE:          0
cpu4->cpu4_DTLB LOAD         ACCESS:    5566607 HIT:    5566607 MISS:          0 MSHR_MERGE:          0
cpu4->cpu4_DTLB RFO          ACCESS:          0 HIT:          0 MISS:          0 MSHR_MERGE:          0
cpu4->cpu4_DTLB PREFETCH     ACCESS:          0 HIT:          0 MISS:          0 MSHR_MERGE:          0
cpu4->cpu4_DTLB WRITE        ACCESS:          0 HIT:          0 MISS:          0 MSHR_MERGE:          0
cpu4->cpu4_DTLB TRANSLATION  ACCESS:          0 HIT:          0 MISS:          0 MSHR_MERGE:          0
cpu4->cpu4_DTLB PREFETCH REQUESTED:          0 ISSUED:          0 USEFUL:          0 USELESS:          0
cpu4->cpu4_DTLB AVERAGE MISS LATENCY: - cycles
cpu3->cpu3_L2C TOTAL        ACCESS:     445997 HIT:     444043 MISS:       1954 MSHR_MERGE:          0
cpu3->cpu3_L2C LOAD         ACCESS:     444983 HIT:     443047 MISS:       1936 MSHR_MERGE:          0
cpu3->cpu3_L2C RFO          ACCESS:        296 HIT:        278 MISS:         18 MSHR_MERGE:          0
cpu3->cpu3_L2C PREFETCH     ACCESS:          0 HIT:          0 MISS:          0 MSHR_MERGE:          0
cpu3->cpu3_L2C WRITE        ACCESS:        718 HIT:        718 MISS:          0 MSHR_MERGE:          0
cpu3->cpu3_L2C TRANSLATION  ACCESS:          0 HIT:          0 MISS:          0 MSHR_MERGE:          0
cpu3->cpu3_L2C PREFETCH REQUESTED:          0 ISSUED:          0 USEFUL:          0 USELESS:          0
cpu3->cpu3_L2C AVERAGE MISS LATENCY: 171.2 cycles
cpu3->cpu3_L1I TOTAL        ACCESS:    9912025 HIT:    9912025 MISS:          0 MSHR_MERGE:          0
cpu3->cpu3_L1I LOAD         ACCESS:    9912025 HIT:    9912025 MISS:          0 MSHR_MERGE:          0
cpu3->cpu3_L1I RFO          ACCESS:          0 HIT:          0 MISS:          0 MSHR_MERGE:          0
cpu3->cpu3_L1I PREFETCH     ACCESS:          0 HIT:          0 MISS:          0 MSHR_MERGE:          0
cpu3->cpu3_L1I WRITE        ACCESS:          0 HIT:          0 MISS:          0 MSHR_MERGE:          0
cpu3->cpu3_L1I TRANSLATION  ACCESS:          0 HIT:          0 MISS:          0 MSHR_MERGE:          0
cpu3->cpu3_L1I PREFETCH REQUESTED:          0 ISSUED:          0 USEFUL:          0 USELESS:          0
cpu3->cpu3_L1I AVERAGE MISS LATENCY: - cycles
cpu3->cpu3_L1D TOTAL        ACCESS:    5577816 HIT:    4210116 MISS:    1367700 MSHR_MERGE:     922420
cpu3->cpu3_L1D LOAD         ACCESS:    5575359 HIT:    4208196 MISS:    1367163 MSHR_MERGE:     922179
cpu3->cpu3_L1D RFO          ACCESS:          0 HIT:          0 MISS:          0 MSHR_MERGE:          0
cpu3->cpu3_L1D PREFETCH     ACCESS:          0 HIT:          0 MISS:          0 MSHR_MERGE:          0
cpu3->cpu3_L1D WRITE        ACCESS:       2457 HIT:       1920 MISS:        537 MSHR_MERGE:        241
cpu3->cpu3_L1D TRANSLATION  ACCESS:          0 HIT:          0 MISS:          0 MSHR_MERGE:          0
cpu3->cpu3_L1D PREFETCH REQUESTED:          0 ISSUED:          0 USEFUL:          0 USELESS:          0
cpu3->cpu3_L1D AVERAGE MISS LATENCY: 8.756 cycles
cpu3->cpu3_ITLB TOTAL        ACCESS:    7699713 HIT:    7699713 MISS:          0 MSHR_MERGE:          0
cpu3->cpu3_ITLB LOAD         ACCESS:    7699713 HIT:    7699713 MISS:          0 MSHR_MERGE:          0
cpu3->cpu3_ITLB RFO          ACCESS:          0 HIT:          0 MISS:          0 MSHR_MERGE:          0
cpu3->cpu3_ITLB PREFETCH     ACCESS:          0 HIT:          0 MISS:          0 MSHR_MERGE:          0
cpu3->cpu3_ITLB WRITE        ACCESS:          0 HIT:          0 MISS:          0 MSHR_MERGE:          0
cpu3->cpu3_ITLB TRANSLATION  ACCESS:          0 HIT:          0 MISS:          0 MSHR_MERGE:          0
cpu3->cpu3_ITLB PREFETCH REQUESTED:          0 ISSUED:          0 USEFUL:          0 USELESS:          0
cpu3->cpu3_ITLB AVERAGE MISS LATENCY: - cycles
cpu3->cpu3_DTLB TOTAL        ACCESS:    5577416 HIT:    5577416 MISS:          0 MSHR_MERGE:          0
cpu3->cpu3_DTLB LOAD         ACCESS:    5577416 HIT:    5577416 MISS:          0 MSHR_MERGE:          0
cpu3->cpu3_DTLB RFO          ACCESS:          0 HIT:          0 MISS:          0 MSHR_MERGE:          0
cpu3->cpu3_DTLB PREFETCH     ACCESS:          0 HIT:          0 MISS:          0 MSHR_MERGE:          0
cpu3->cpu3_DTLB WRITE        ACCESS:          0 HIT:          0 MISS:          0 MSHR_MERGE:          0
cpu3->cpu3_DTLB TRANSLATION  ACCESS:          0 HIT:          0 MISS:          0 MSHR_MERGE:          0
cpu3->cpu3_DTLB PREFETCH REQUESTED:          0 ISSUED:          0 USEFUL:          0 USELESS:          0
cpu3->cpu3_DTLB AVERAGE MISS LATENCY: - cycles
cpu2->cpu2_L2C TOTAL        ACCESS:     445931 HIT:     443977 MISS:       1954 MSHR_MERGE:          0
cpu2->cpu2_L2C LOAD         ACCESS:     444917 HIT:     442981 MISS:       1936 MSHR_MERGE:          0
cpu2->cpu2_L2C RFO          ACCESS:        296 HIT:        278 MISS:         18 MSHR_MERGE:          0
cpu2->cpu2_L2C PREFETCH     ACCESS:          0 HIT:          0 MISS:          0 MSHR_MERGE:          0
cpu2->cpu2_L2C WRITE        ACCESS:        718 HIT:        718 MISS:          0 MSHR_MERGE:          0
cpu2->cpu2_L2C TRANSLATION  ACCESS:          0 HIT:          0 MISS:          0 MSHR_MERGE:          0
cpu2->cpu2_L2C PREFETCH REQUESTED:          0 ISSUED:          0 USEFUL:          0 USELESS:          0
cpu2->cpu2_L2C AVERAGE MISS LATENCY: 171.6 cycles
cpu2->cpu2_L1I TOTAL        ACCESS:    9905902 HIT:    9905902 MISS:          0 MSHR_MERGE:          0
cpu2->cpu2_L1I LOAD         ACCESS:    9905902 HIT:    9905902 MISS:          0 MSHR_MERGE:          0
cpu2->cpu2_L1I RFO          ACCESS:          0 HIT:          0 MISS:          0 MSHR_MERGE:          0
cpu2->cpu2_L1I PREFETCH     ACCESS:          0 HIT:          0 MISS:          0 MSHR_MERGE:          0
cpu2->cpu2_L1I WRITE        ACCESS:          0 HIT:          0 MISS:          0 MSHR_MERGE:          0
cpu2->cpu2_L1I TRANSLATION  ACCESS:          0 HIT:          0 MISS:          0 MSHR_MERGE:          0
cpu2->cpu2_L1I PREFETCH REQUESTED:          0 ISSUED:          0 USEFUL:          0 USELESS:          0
cpu2->cpu2_L1I AVERAGE MISS LATENCY: - cycles
cpu2->cpu2_L1D TOTAL        ACCESS:    5573698 HIT:    4213429 MISS:    1360269 MSHR_MERGE:     915056
cpu2->cpu2_L1D LOAD         ACCESS:    5571229 HIT:    4211502 MISS:    1359727 MSHR_MERGE:     914810
cpu2->cpu2_L1D RFO          ACCESS:          0 HIT:          0 MISS:          0 MSHR_MERGE:          0
cpu2->cpu2_L1D PREFETCH     ACCESS:          0 HIT:          0 MISS:          0 MSHR_MERGE:          0
cpu2->cpu2_L1D WRITE        ACCESS:       2469 HIT:       1927 MISS:        542 MSHR_MERGE:        246
cpu2->cpu2_L1D TRANSLATION  ACCESS:          0 HIT:          0 MISS:          0 MSHR_MERGE:          0
cpu2->cpu2_L1D PREFETCH REQUESTED:          0 ISSUED:          0 USEFUL:          0 USELESS:          0
cpu2->cpu2_L1D AVERAGE MISS LATENCY: 8.758 cycles
cpu2->cpu2_ITLB TOTAL        ACCESS:    7684839 HIT:    7684839 MISS:          0 MSHR_MERGE:          0
cpu2->cpu2_ITLB LOAD         ACCESS:    7684839 HIT:    7684839 MISS:          0 MSHR_MERGE:          0
cpu2->cpu2_ITLB RFO          ACCESS:          0 HIT:          0 MISS:          0 MSHR_MERGE:          0
cpu2->cpu2_ITLB PREFETCH     ACCESS:          0 HIT:          0 MISS:          0 MSHR_MERGE:          0
cpu2->cpu2_ITLB WRITE        ACCESS:          0 HIT:          0 MISS:          0 MSHR_MERGE:          0
cpu2->cpu2_ITLB TRANSLATION  ACCESS:          0 HIT:          0 MISS:          0 MSHR_MERGE:          0
cpu2->cpu2_ITLB PREFETCH REQUESTED:          0 ISSUED:          0 USEFUL:          0 USELESS:          0
cpu2->cpu2_ITLB AVERAGE MISS LATENCY: - cycles
cpu2->cpu2_DTLB TOTAL        ACCESS:    5564670 HIT:    5564670 MISS:          0 MSHR_MERGE:          0
cpu2->cpu2_DTLB LOAD         ACCESS:    5564670 HIT:    5564670 MISS:          0 MSHR_MERGE:          0
cpu2->cpu2_DTLB RFO          ACCESS:          0 HIT:          0 MISS:          0 MSHR_MERGE:          0
cpu2->cpu2_DTLB PREFETCH     ACCESS:          0 HIT:          0 MISS:          0 MSHR_MERGE:          0
cpu2->cpu2_DTLB WRITE        ACCESS:          0 HIT:          0 MISS:          0 MSHR_MERGE:          0
cpu2->cpu2_DTLB TRANSLATION  ACCESS:          0 HIT:          0 MISS:          0 MSHR_MERGE:          0
cpu2->cpu2_DTLB PREFETCH REQUESTED:          0 ISSUED:          0 USEFUL:          0 USELESS:          0
cpu2->cpu2_DTLB AVERAGE MISS LATENCY: - cycles
cpu1->cpu1_L2C TOTAL        ACCESS:     446183 HIT:     444228 MISS:       1955 MSHR_MERGE:          0
cpu1->cpu1_L2C LOAD         ACCESS:     445169 HIT:     443232 MISS:       1937 MSHR_MERGE:          0
cpu1->cpu1_L2C RFO          ACCESS:        296 HIT:        278 MISS:         18 MSHR_MERGE:          0
cpu1->cpu1_L2C PREFETCH     ACCESS:          0 HIT:          0 MISS:          0 MSHR_MERGE:          0
cpu1->cpu1_L2C WRITE        ACCESS:        718 HIT:        718 MISS:          0 MSHR_MERGE:          0
cpu1->cpu1_L2C TRANSLATION  ACCESS:          0 HIT:          0 MISS:          0 MSHR_MERGE:          0
cpu1->cpu1_L2C PREFETCH REQUESTED:          0 ISSUED:          0 USEFUL:          0 USELESS:          0
cpu1->cpu1_L2C AVERAGE MISS LATENCY: 171.3 cycles
cpu1->cpu1_L1I TOTAL        ACCESS:    9911834 HIT:    9911834 MISS:          0 MSHR_MERGE:          0
cpu1->cpu1_L1I LOAD         ACCESS:    9911834 HIT:    9911834 MISS:          0 MSHR_MERGE:          0
cpu1->cpu1_L1I RFO          ACCESS:          0 HIT:          0 MISS:          0 MSHR_MERGE:          0
cpu1->cpu1_L1I PREFETCH     ACCESS:          0 HIT:          0 MISS:          0 MSHR_MERGE:          0
cpu1->cpu1_L1I WRITE        ACCESS:          0 HIT:          0 MISS:          0 MSHR_MERGE:          0
cpu1->cpu1_L1I TRANSLATION  ACCESS:          0 HIT:          0 MISS:          0 MSHR_MERGE:          0
cpu1->cpu1_L1I PREFETCH REQUESTED:          0 ISSUED:          0 USEFUL:          0 USELESS:          0
cpu1->cpu1_L1I AVERAGE MISS LATENCY: - cycles
cpu1->cpu1_L1D TOTAL        ACCESS:    5579225 HIT:    4219644 MISS:    1359581 MSHR_MERGE:     914116
cpu1->cpu1_L1D LOAD         ACCESS:    5576758 HIT:    4217724 MISS:    1359034 MSHR_MERGE:     913865
cpu1->cpu1_L1D RFO          ACCESS:          0 HIT:          0 MISS:          0 MSHR_MERGE:          0
cpu1->cpu1_L1D PREFETCH     ACCESS:          0 HIT:          0 MISS:          0 MSHR_MERGE:          0
cpu1->cpu1_L1D WRITE        ACCESS:       2467 HIT:       1920 MISS:        547 MSHR_MERGE:        251
cpu1->cpu1_L1D TRANSLATION  ACCESS:          0 HIT:          0 MISS:          0 MSHR_MERGE:          0
cpu1->cpu1_L1D PREFETCH REQUESTED:          0 ISSUED:          0 USEFUL:          0 USELESS:          0
cpu1->cpu1_L1D AVERAGE MISS LATENCY: 8.756 cycles
cpu1->cpu1_ITLB TOTAL        ACCESS:    7695031 HIT:    7695031 MISS:          0 MSHR_MERGE:          0
cpu1->cpu1_ITLB LOAD         ACCESS:    7695031 HIT:    7695031 MISS:          0 MSHR_MERGE:          0
cpu1->cpu1_ITLB RFO          ACCESS:          0 HIT:          0 MISS:          0 MSHR_MERGE:          0
cpu1->cpu1_ITLB PREFETCH     ACCESS:          0 HIT:          0 MISS:          0 MSHR_MERGE:          0
cpu1->cpu1_ITLB WRITE        ACCESS:          0 HIT:          0 MISS:          0 MSHR_MERGE:          0
cpu1->cpu1_ITLB TRANSLATION  ACCESS:          0 HIT:          0 MISS:          0 MSHR_MERGE:          0
cpu1->cpu1_ITLB PREFETCH REQUESTED:          0 ISSUED:          0 USEFUL:          0 USELESS:          0
cpu1->cpu1_ITLB AVERAGE MISS LATENCY: - cycles
cpu1->cpu1_DTLB TOTAL        ACCESS:    5566304 HIT:    5566304 MISS:          0 MSHR_MERGE:          0
cpu1->cpu1_DTLB LOAD         ACCESS:    5566304 HIT:    5566304 MISS:          0 MSHR_MERGE:          0
cpu1->cpu1_DTLB RFO          ACCESS:          0 HIT:          0 MISS:          0 MSHR_MERGE:          0
cpu1->cpu1_DTLB PREFETCH     ACCESS:          0 HIT:          0 MISS:          0 MSHR_MERGE:          0
cpu1->cpu1_DTLB WRITE        ACCESS:          0 HIT:          0 MISS:          0 MSHR_MERGE:          0
cpu1->cpu1_DTLB TRANSLATION  ACCESS:          0 HIT:          0 MISS:          0 MSHR_MERGE:          0
cpu1->cpu1_DTLB PREFETCH REQUESTED:          0 ISSUED:          0 USEFUL:          0 USELESS:          0
cpu1->cpu1_DTLB AVERAGE MISS LATENCY: - cycles
cpu0->cpu0_L2C TOTAL        ACCESS:     445901 HIT:     443948 MISS:       1953 MSHR_MERGE:          0
cpu0->cpu0_L2C LOAD         ACCESS:     444887 HIT:     442952 MISS:       1935 MSHR_MERGE:          0
cpu0->cpu0_L2C RFO          ACCESS:        296 HIT:        278 MISS:         18 MSHR_MERGE:          0
cpu0->cpu0_L2C PREFETCH     ACCESS:          0 HIT:          0 MISS:          0 MSHR_MERGE:          0
cpu0->cpu0_L2C WRITE        ACCESS:        718 HIT:        718 MISS:          0 MSHR_MERGE:          0
cpu0->cpu0_L2C TRANSLATION  ACCESS:          0 HIT:          0 MISS:          0 MSHR_MERGE:          0
cpu0->cpu0_L2C PREFETCH REQUESTED:          0 ISSUED:          0 USEFUL:          0 USELESS:          0
cpu0->cpu0_L2C AVERAGE MISS LATENCY: 171.4 cycles
cpu0->cpu0_L1I TOTAL        ACCESS:    9910373 HIT:    9910373 MISS:          0 MSHR_MERGE:          0
cpu0->cpu0_L1I LOAD         ACCESS:    9910373 HIT:    9910373 MISS:          0 MSHR_MERGE:          0
cpu0->cpu0_L1I RFO          ACCESS:          0 HIT:          0 MISS:          0 MSHR_MERGE:          0
cpu0->cpu0_L1I PREFETCH     ACCESS:          0 HIT:          0 MISS:          0 MSHR_MERGE:          0
cpu0->cpu0_L1I WRITE        ACCESS:          0 HIT:          0 MISS:          0 MSHR_MERGE:          0
cpu0->cpu0_L1I TRANSLATION  ACCESS:          0 HIT:          0 MISS:          0 MSHR_MERGE:          0
cpu0->cpu0_L1I PREFETCH REQUESTED:          0 ISSUED:          0 USEFUL:          0 USELESS:          0
cpu0->cpu0_L1I AVERAGE MISS LATENCY: - cycles
cpu0->cpu0_L1D TOTAL        ACCESS:    5575636 HIT:    4207661 MISS:    1367975 MSHR_MERGE:     922792
cpu0->cpu0_L1D LOAD         ACCESS:    5573178 HIT:    4205740 MISS:    1367438 MSHR_MERGE:     922551
cpu0->cpu0_L1D RFO          ACCESS:          0 HIT:          0 MISS:          0 MSHR_MERGE:          0
cpu0->cpu0_L1D PREFETCH     ACCESS:          0 HIT:          0 MISS:          0 MSHR_MERGE:          0
cpu0->cpu0_L1D WRITE        ACCESS:       2458 HIT:       1921 MISS:        537 MSHR_MERGE:        241
cpu0->cpu0_L1D TRANSLATION  ACCESS:          0 HIT:          0 MISS:          0 MSHR_MERGE:          0
cpu0->cpu0_L1D PREFETCH REQUESTED:          0 ISSUED:          0 USEFUL:          0 USELESS:          0
cpu0->cpu0_L1D AVERAGE MISS LATENCY: 8.757 cycles
cpu0->cpu0_ITLB TOTAL        ACCESS:    7698614 HIT:    7698614 MISS:          0 MSHR_MERGE:          0
cpu0->cpu0_ITLB LOAD         ACCESS:    7698614 HIT:    7698614 MISS:          0 MSHR_MERGE:          0
cpu0->cpu0_ITLB RFO          ACCESS:          0 HIT:          0 MISS:          0 MSHR_MERGE:          0
cpu0->cpu0_ITLB PREFETCH     ACCESS:          0 HIT:          0 MISS:          0 MSHR_MERGE:          0
cpu0->cpu0_ITLB WRITE        ACCESS:          0 HIT:          0 MISS:          0 MSHR_MERGE:          0
cpu0->cpu0_ITLB TRANSLATION  ACCESS:          0 HIT:          0 MISS:          0 MSHR_MERGE:          0
cpu0->cpu0_ITLB PREFETCH REQUESTED:          0 ISSUED:          0 USEFUL:          0 USELESS:          0
cpu0->cpu0_ITLB AVERAGE MISS LATENCY: - cycles
cpu0->cpu0_DTLB TOTAL        ACCESS:    5575237 HIT:    5575237 MISS:          0 MSHR_MERGE:          0
cpu0->cpu0_DTLB LOAD         ACCESS:    5575237 HIT:    5575237 MISS:          0 MSHR_MERGE:          0
cpu0->cpu0_DTLB RFO          ACCESS:          0 HIT:          0 MISS:          0 MSHR_MERGE:          0
cpu0->cpu0_DTLB PREFETCH     ACCESS:          0 HIT:          0 MISS:          0 MSHR_MERGE:          0
cpu0->cpu0_DTLB WRITE        ACCESS:          0 HIT:          0 MISS:          0 MSHR_MERGE:          0
cpu0->cpu0_DTLB TRANSLATION  ACCESS:          0 HIT:          0 MISS:          0 MSHR_MERGE:          0
cpu0->cpu0_DTLB PREFETCH REQUESTED:          0 ISSUED:          0 USEFUL:          0 USELESS:          0
cpu0->cpu0_DTLB AVERAGE MISS LATENCY: - cycles
cpu0->LLC TOTAL        ACCESS:       1953 HIT:          0 MISS:       1953 MSHR_MERGE:          0
cpu0->LLC LOAD         ACCESS:       1935 HIT:          0 MISS:       1935 MSHR_MERGE:          0
cpu0->LLC RFO          ACCESS:         18 HIT:          0 MISS:         18 MSHR_MERGE:          0
cpu0->LLC PREFETCH     ACCESS:          0 HIT:          0 MISS:          0 MSHR_MERGE:          0
cpu0->LLC WRITE        ACCESS:          0 HIT:          0 MISS:          0 MSHR_MERGE:          0
cpu0->LLC TRANSLATION  ACCESS:          0 HIT:          0 MISS:          0 MSHR_MERGE:          0
cpu0->LLC PREFETCH REQUESTED:          0 ISSUED:          0 USEFUL:          0 USELESS:          0
cpu0->LLC AVERAGE MISS LATENCY: 1244 cycles
cpu1->LLC TOTAL        ACCESS:       1955 HIT:          0 MISS:       1955 MSHR_MERGE:          0
cpu1->LLC LOAD         ACCESS:       1937 HIT:          0 MISS:       1937 MSHR_MERGE:          0
cpu1->LLC RFO          ACCESS:         18 HIT:          0 MISS:         18 MSHR_MERGE:          0
cpu1->LLC PREFETCH     ACCESS:          0 HIT:          0 MISS:          0 MSHR_MERGE:          0
cpu1->LLC WRITE        ACCESS:          0 HIT:          0 MISS:          0 MSHR_MERGE:          0
cpu1->LLC TRANSLATION  ACCESS:          0 HIT:          0 MISS:          0 MSHR_MERGE:          0
cpu1->LLC PREFETCH REQUESTED:          0 ISSUED:          0 USEFUL:          0 USELESS:          0
cpu1->LLC AVERAGE MISS LATENCY: 1243 cycles
cpu2->LLC TOTAL        ACCESS:       1954 HIT:          0 MISS:       1954 MSHR_MERGE:          0
cpu2->LLC LOAD         ACCESS:       1936 HIT:          0 MISS:       1936 MSHR_MERGE:          0
cpu2->LLC RFO          ACCESS:         18 HIT:          0 MISS:         18 MSHR_MERGE:          0
cpu2->LLC PREFETCH     ACCESS:          0 HIT:          0 MISS:          0 MSHR_MERGE:          0
cpu2->LLC WRITE        ACCESS:          0 HIT:          0 MISS:          0 MSHR_MERGE:          0
cpu2->LLC TRANSLATION  ACCESS:          0 HIT:          0 MISS:          0 MSHR_MERGE:          0
cpu2->LLC PREFETCH REQUESTED:          0 ISSUED:          0 USEFUL:          0 USELESS:          0
cpu2->LLC AVERAGE MISS LATENCY: 1243 cycles
cpu3->LLC TOTAL        ACCESS:       1954 HIT:          0 MISS:       1954 MSHR_MERGE:          0
cpu3->LLC LOAD         ACCESS:       1936 HIT:          0 MISS:       1936 MSHR_MERGE:          0
cpu3->LLC RFO          ACCESS:         18 HIT:          0 MISS:         18 MSHR_MERGE:          0
cpu3->LLC PREFETCH     ACCESS:          0 HIT:          0 MISS:          0 MSHR_MERGE:          0
cpu3->LLC WRITE        ACCESS:          0 HIT:          0 MISS:          0 MSHR_MERGE:          0
cpu3->LLC TRANSLATION  ACCESS:          0 HIT:          0 MISS:          0 MSHR_MERGE:          0
cpu3->LLC PREFETCH REQUESTED:          0 ISSUED:          0 USEFUL:          0 USELESS:          0
cpu3->LLC AVERAGE MISS LATENCY: 1243 cycles
cpu4->LLC TOTAL        ACCESS:       1954 HIT:          0 MISS:       1954 MSHR_MERGE:          0
cpu4->LLC LOAD         ACCESS:       1936 HIT:          0 MISS:       1936 MSHR_MERGE:          0
cpu4->LLC RFO          ACCESS:         18 HIT:          0 MISS:         18 MSHR_MERGE:          0
cpu4->LLC PREFETCH     ACCESS:          0 HIT:          0 MISS:          0 MSHR_MERGE:          0
cpu4->LLC WRITE        ACCESS:          0 HIT:          0 MISS:          0 MSHR_MERGE:          0
cpu4->LLC TRANSLATION  ACCESS:          0 HIT:          0 MISS:          0 MSHR_MERGE:          0
cpu4->LLC PREFETCH REQUESTED:          0 ISSUED:          0 USEFUL:          0 USELESS:          0
cpu4->LLC AVERAGE MISS LATENCY: 1243 cycles
cpu5->LLC TOTAL        ACCESS:       1954 HIT:          0 MISS:       1954 MSHR_MERGE:          0
cpu5->LLC LOAD         ACCESS:       1936 HIT:          0 MISS:       1936 MSHR_MERGE:          0
cpu5->LLC RFO          ACCESS:         18 HIT:          0 MISS:         18 MSHR_MERGE:          0
cpu5->LLC PREFETCH     ACCESS:          0 HIT:          0 MISS:          0 MSHR_MERGE:          0
cpu5->LLC WRITE        ACCESS:          0 HIT:          0 MISS:          0 MSHR_MERGE:          0
cpu5->LLC TRANSLATION  ACCESS:          0 HIT:          0 MISS:          0 MSHR_MERGE:          0
cpu5->LLC PREFETCH REQUESTED:          0 ISSUED:          0 USEFUL:          0 USELESS:          0
cpu5->LLC AVERAGE MISS LATENCY: 1243 cycles
cpu6->LLC TOTAL        ACCESS:       1953 HIT:          0 MISS:       1953 MSHR_MERGE:          0
cpu6->LLC LOAD         ACCESS:       1935 HIT:          0 MISS:       1935 MSHR_MERGE:          0
cpu6->LLC RFO          ACCESS:         18 HIT:          0 MISS:         18 MSHR_MERGE:          0
cpu6->LLC PREFETCH     ACCESS:          0 HIT:          0 MISS:          0 MSHR_MERGE:          0
cpu6->LLC WRITE        ACCESS:          0 HIT:          0 MISS:          0 MSHR_MERGE:          0
cpu6->LLC TRANSLATION  ACCESS:          0 HIT:          0 MISS:          0 MSHR_MERGE:          0
cpu6->LLC PREFETCH REQUESTED:          0 ISSUED:          0 USEFUL:          0 USELESS:          0
cpu6->LLC AVERAGE MISS LATENCY: 1244 cycles
cpu7->LLC TOTAL        ACCESS:       1953 HIT:          0 MISS:       1953 MSHR_MERGE:          0
cpu7->LLC LOAD         ACCESS:       1935 HIT:          0 MISS:       1935 MSHR_MERGE:          0
cpu7->LLC RFO          ACCESS:         18 HIT:          0 MISS:         18 MSHR_MERGE:          0
cpu7->LLC PREFETCH     ACCESS:          0 HIT:          0 MISS:          0 MSHR_MERGE:          0
cpu7->LLC WRITE        ACCESS:          0 HIT:          0 MISS:          0 MSHR_MERGE:          0
cpu7->LLC TRANSLATION  ACCESS:          0 HIT:          0 MISS:          0 MSHR_MERGE:          0
cpu7->LLC PREFETCH REQUESTED:          0 ISSUED:          0 USEFUL:          0 USELESS:          0
cpu7->LLC AVERAGE MISS LATENCY: 1244 cycles

DRAM Statistics

Channel 0 READ REQS:       7821	WRITE REQS:          0
  READS:       7821	READ_HITS:          0
  WRITES:          0	WRITE HITS:          0
  ACTIVATES:       7821	PRECHARGES:       7821
  RQ FULL:          0	WQ FULL:          0
  WRITE DRAINS:          0	FORCED:          0
  MEAN WRITE IMBALANCE: nan       
  READ OCCU PRE DRAIN: nan       	POST DRAIN: nan       
  MEAN WLP: nan       
  READ LATENCY: 36.083109576780465

Channel 1 READ REQS:       7809	WRITE REQS:          0
  READS:       7809	READ_HITS:          0
  WRITES:          0	WRITE HITS:          0
  ACTIVATES:       7809	PRECHARGES:       7809
  RQ FULL:          0	WQ FULL:          0
  WRITE DRAINS:          0	FORCED:          0
  MEAN WRITE IMBALANCE: nan       
  READ OCCU PRE DRAIN: nan       	POST DRAIN: nan       
  MEAN WLP: nan       
  READ LATENCY: 36.06825457805097
