[VMEM] WARNING: physical memory size is smaller than virtual memory size.
dram page policy: is open = 0	is close = 1	is soft close = 0	cmd arg = 1

*** ChampSim Multicore Out-of-Order Simulator ***
Warmup Instructions: 25000000
Simulation Instructions: 50000000
Number of CPUs: 8
Page size: 2097152

CL :	 16.64 ns
CWL :	 15.808 ns
tRP :	 16.224 ns
tRCD :	 16.224 ns
tRAS :	 32.032000000000004 ns
tRTP :	 7.904 ns
tWR :	 30.368000000000002 ns

tCCD_S :	 3.3280000000000003 ns
tCCD_S_WR :	 3.3280000000000003 ns
tCCD_S_WTR :	 22.048000000000002 ns
tCCD_L :	 5.408 ns
tCCD_L_WR :	 20.384 ns
tCCD_L_WTR :	 29.536 ns
tRRD_S :	 3.3280000000000003 ns
tRRD_L :	 5.408 ns
tFAW :	 13.728 ns
Address mapping (perm = 1) 	ch co bg bg bg ba ba co co co co co co ro ro ro ro ro ro ro ro ro ro ro ro ro ro ro 
dram queue size: R = 64 W = 48 (low:high is 9:39)
Heartbeat CPU 0 instructions: 10000001 cycles: 2957869 heartbeat IPC: 3.381 cumulative IPC: 3.381 (Simulation time: 00 hr 10 min 41 sec)
Heartbeat CPU 1 instructions: 10000004 cycles: 2964488 heartbeat IPC: 3.373 cumulative IPC: 3.373 (Simulation time: 00 hr 10 min 42 sec)
Heartbeat CPU 2 instructions: 10000004 cycles: 2969667 heartbeat IPC: 3.367 cumulative IPC: 3.367 (Simulation time: 00 hr 10 min 44 sec)
Heartbeat CPU 3 instructions: 10000001 cycles: 2976117 heartbeat IPC: 3.36 cumulative IPC: 3.36 (Simulation time: 00 hr 10 min 45 sec)
Heartbeat CPU 4 instructions: 10000001 cycles: 2978065 heartbeat IPC: 3.358 cumulative IPC: 3.358 (Simulation time: 00 hr 10 min 45 sec)
Heartbeat CPU 5 instructions: 10000004 cycles: 2981334 heartbeat IPC: 3.354 cumulative IPC: 3.354 (Simulation time: 00 hr 10 min 46 sec)
Heartbeat CPU 6 instructions: 10000001 cycles: 2982330 heartbeat IPC: 3.353 cumulative IPC: 3.353 (Simulation time: 00 hr 10 min 46 sec)
Heartbeat CPU 7 instructions: 10000001 cycles: 2983518 heartbeat IPC: 3.352 cumulative IPC: 3.352 (Simulation time: 00 hr 10 min 47 sec)
Heartbeat CPU 0 instructions: 20000005 cycles: 5931661 heartbeat IPC: 3.363 cumulative IPC: 3.372 (Simulation time: 00 hr 21 min 34 sec)
Heartbeat CPU 1 instructions: 20000005 cycles: 5948017 heartbeat IPC: 3.352 cumulative IPC: 3.362 (Simulation time: 00 hr 21 min 37 sec)
Heartbeat CPU 2 instructions: 20000006 cycles: 5994244 heartbeat IPC: 3.306 cumulative IPC: 3.337 (Simulation time: 00 hr 21 min 46 sec)
Heartbeat CPU 3 instructions: 20000005 cycles: 6043630 heartbeat IPC: 3.26 cumulative IPC: 3.309 (Simulation time: 00 hr 21 min 57 sec)
Heartbeat CPU 4 instructions: 20000001 cycles: 6057612 heartbeat IPC: 3.247 cumulative IPC: 3.302 (Simulation time: 00 hr 22 min 00 sec)
Heartbeat CPU 5 instructions: 20000005 cycles: 6071331 heartbeat IPC: 3.236 cumulative IPC: 3.294 (Simulation time: 00 hr 22 min 03 sec)
Heartbeat CPU 6 instructions: 20000005 cycles: 6082025 heartbeat IPC: 3.226 cumulative IPC: 3.288 (Simulation time: 00 hr 22 min 05 sec)
Heartbeat CPU 7 instructions: 20000005 cycles: 6094758 heartbeat IPC: 3.214 cumulative IPC: 3.282 (Simulation time: 00 hr 22 min 08 sec)
Warmup finished CPU 0 instructions: 25000000 cycles: 7207397 cumulative IPC: 3.469 (Simulation time: 00 hr 26 min 06 sec)
Warmup finished CPU 1 instructions: 25000003 cycles: 7228251 cumulative IPC: 3.459 (Simulation time: 00 hr 26 min 10 sec)
Warmup finished CPU 2 instructions: 25000003 cycles: 7327626 cumulative IPC: 3.412 (Simulation time: 00 hr 26 min 33 sec)
Warmup finished CPU 3 instructions: 25000003 cycles: 7421556 cumulative IPC: 3.369 (Simulation time: 00 hr 26 min 54 sec)
Warmup finished CPU 4 instructions: 25000003 cycles: 7443862 cumulative IPC: 3.358 (Simulation time: 00 hr 26 min 59 sec)
Warmup finished CPU 5 instructions: 25000003 cycles: 7459630 cumulative IPC: 3.351 (Simulation time: 00 hr 27 min 03 sec)
Warmup finished CPU 6 instructions: 25000003 cycles: 7470173 cumulative IPC: 3.347 (Simulation time: 00 hr 27 min 05 sec)
Warmup finished CPU 7 instructions: 25000003 cycles: 7483744 cumulative IPC: 3.341 (Simulation time: 00 hr 27 min 08 sec)
Warmup complete CPU 7 instructions: 25000003 cycles: 7483744 cumulative IPC: 3.341 (Simulation time: 00 hr 27 min 08 sec)
Warmup complete CPU 6 instructions: 25025865 cycles: 7483744 cumulative IPC: 3.344 (Simulation time: 00 hr 27 min 08 sec)
Warmup complete CPU 5 instructions: 25046343 cycles: 7483744 cumulative IPC: 3.347 (Simulation time: 00 hr 27 min 08 sec)
Warmup complete CPU 4 instructions: 25076663 cycles: 7483744 cumulative IPC: 3.351 (Simulation time: 00 hr 27 min 08 sec)
Warmup complete CPU 3 instructions: 25119710 cycles: 7483744 cumulative IPC: 3.357 (Simulation time: 00 hr 27 min 08 sec)
Warmup complete CPU 2 instructions: 25301582 cycles: 7483744 cumulative IPC: 3.381 (Simulation time: 00 hr 27 min 08 sec)
Warmup complete CPU 1 instructions: 25497643 cycles: 7483744 cumulative IPC: 3.407 (Simulation time: 00 hr 27 min 08 sec)
Warmup complete CPU 0 instructions: 25594846 cycles: 7483744 cumulative IPC: 3.42 (Simulation time: 00 hr 27 min 08 sec)
Heartbeat CPU 0 instructions: 30000007 cycles: 11728144 heartbeat IPC: 1.725 cumulative IPC: 1.038 (Simulation time: 00 hr 36 min 04 sec)
Heartbeat CPU 1 instructions: 30000007 cycles: 12086387 heartbeat IPC: 1.629 cumulative IPC: 0.9782 (Simulation time: 00 hr 37 min 08 sec)
Heartbeat CPU 2 instructions: 30000007 cycles: 12708521 heartbeat IPC: 1.489 cumulative IPC: 0.8993 (Simulation time: 00 hr 39 min 05 sec)
Heartbeat CPU 3 instructions: 30000007 cycles: 13330547 heartbeat IPC: 1.372 cumulative IPC: 0.8347 (Simulation time: 00 hr 40 min 37 sec)
Heartbeat CPU 4 instructions: 30000002 cycles: 13425198 heartbeat IPC: 1.357 cumulative IPC: 0.8286 (Simulation time: 00 hr 40 min 52 sec)
Heartbeat CPU 5 instructions: 30000007 cycles: 13493776 heartbeat IPC: 1.347 cumulative IPC: 0.8242 (Simulation time: 00 hr 41 min 05 sec)
Heartbeat CPU 6 instructions: 30000008 cycles: 13514159 heartbeat IPC: 1.346 cumulative IPC: 0.8248 (Simulation time: 00 hr 41 min 09 sec)
Heartbeat CPU 7 instructions: 30000007 cycles: 13558875 heartbeat IPC: 1.34 cumulative IPC: 0.823 (Simulation time: 00 hr 41 min 18 sec)
Heartbeat CPU 0 instructions: 40000008 cycles: 18750624 heartbeat IPC: 1.424 cumulative IPC: 1.279 (Simulation time: 00 hr 54 min 17 sec)
Heartbeat CPU 1 instructions: 40000008 cycles: 19240313 heartbeat IPC: 1.398 cumulative IPC: 1.234 (Simulation time: 00 hr 55 min 43 sec)
Heartbeat CPU 2 instructions: 40000009 cycles: 19958736 heartbeat IPC: 1.379 cumulative IPC: 1.178 (Simulation time: 00 hr 57 min 21 sec)
Heartbeat CPU 3 instructions: 40000008 cycles: 21117494 heartbeat IPC: 1.284 cumulative IPC: 1.091 (Simulation time: 01 hr 00 min 36 sec)
Heartbeat CPU 4 instructions: 40000003 cycles: 21231439 heartbeat IPC: 1.281 cumulative IPC: 1.086 (Simulation time: 01 hr 00 min 54 sec)
Heartbeat CPU 5 instructions: 40000008 cycles: 21271335 heartbeat IPC: 1.286 cumulative IPC: 1.085 (Simulation time: 01 hr 01 min 01 sec)
Heartbeat CPU 6 instructions: 40000008 cycles: 21293954 heartbeat IPC: 1.285 cumulative IPC: 1.084 (Simulation time: 01 hr 01 min 05 sec)
Heartbeat CPU 7 instructions: 40000011 cycles: 21314318 heartbeat IPC: 1.289 cumulative IPC: 1.085 (Simulation time: 01 hr 01 min 09 sec)
Heartbeat CPU 0 instructions: 50000008 cycles: 47873817 heartbeat IPC: 0.3434 cumulative IPC: 0.6042 (Simulation time: 01 hr 45 min 36 sec)
Heartbeat CPU 1 instructions: 50000010 cycles: 48561435 heartbeat IPC: 0.3411 cumulative IPC: 0.5965 (Simulation time: 01 hr 46 min 46 sec)
Heartbeat CPU 2 instructions: 50000013 cycles: 49563763 heartbeat IPC: 0.3378 cumulative IPC: 0.5869 (Simulation time: 01 hr 48 min 28 sec)
Heartbeat CPU 3 instructions: 50000010 cycles: 51078802 heartbeat IPC: 0.3338 cumulative IPC: 0.5707 (Simulation time: 01 hr 51 min 06 sec)
Heartbeat CPU 4 instructions: 50000003 cycles: 51220977 heartbeat IPC: 0.3334 cumulative IPC: 0.5698 (Simulation time: 01 hr 51 min 20 sec)
Heartbeat CPU 5 instructions: 50000010 cycles: 51293731 heartbeat IPC: 0.3331 cumulative IPC: 0.5696 (Simulation time: 01 hr 51 min 28 sec)
Heartbeat CPU 7 instructions: 50000013 cycles: 51309795 heartbeat IPC: 0.3334 cumulative IPC: 0.5704 (Simulation time: 01 hr 51 min 29 sec)
Heartbeat CPU 