[VMEM] WARNING: physical memory size is smaller than virtual memory size.
dram page policy: is open = 0	is close = 1	is soft close = 0	cmd arg = 1

*** ChampSim Multicore Out-of-Order Simulator ***
Warmup Instructions: 25000000
Simulation Instructions: 50000000
Number of CPUs: 8
Page size: 2097152

CL :	 16.64 ns
CWL :	 15.808 ns
tRP :	 16.224 ns
tRCD :	 16.224 ns
tRAS :	 32.032000000000004 ns
tRTP :	 7.904 ns
tWR :	 30.368000000000002 ns

tCCD_S :	 3.3280000000000003 ns
tCCD_S_WR :	 3.3280000000000003 ns
tCCD_S_WTR :	 22.048000000000002 ns
tCCD_L :	 5.408 ns
tCCD_L_WR :	 20.384 ns
tCCD_L_WTR :	 29.536 ns
tRRD_S :	 3.3280000000000003 ns
tRRD_L :	 5.408 ns
tFAW :	 13.728 ns
Address mapping (perm = 1) 	ch co bg bg bg ba ba co co co co co co ro ro ro ro ro ro ro ro ro ro ro ro ro ro ro 
dram queue size: R = 64 W = 48 (low:high is 9:39)
Heartbeat CPU 1 instructions: 10000002 cycles: 2714107 heartbeat IPC: 3.684 cumulative IPC: 3.684 (Simulation time: 00 hr 12 min 33 sec)
Heartbeat CPU 2 instructions: 10000002 cycles: 2720577 heartbeat IPC: 3.676 cumulative IPC: 3.676 (Simulation time: 00 hr 12 min 35 sec)
Heartbeat CPU 4 instructions: 10000002 cycles: 2723487 heartbeat IPC: 3.672 cumulative IPC: 3.672 (Simulation time: 00 hr 12 min 36 sec)
Heartbeat CPU 5 instructions: 10000002 cycles: 2724602 heartbeat IPC: 3.67 cumulative IPC: 3.67 (Simulation time: 00 hr 12 min 36 sec)
Heartbeat CPU 7 instructions: 10000002 cycles: 2726506 heartbeat IPC: 3.668 cumulative IPC: 3.668 (Simulation time: 00 hr 12 min 36 sec)
Heartbeat CPU 6 instructions: 10000002 cycles: 2740922 heartbeat IPC: 3.648 cumulative IPC: 3.648 (Simulation time: 00 hr 12 min 41 sec)
Heartbeat CPU 3 instructions: 10000002 cycles: 2743164 heartbeat IPC: 3.645 cumulative IPC: 3.645 (Simulation time: 00 hr 12 min 41 sec)
Heartbeat CPU 0 instructions: 10000002 cycles: 2744165 heartbeat IPC: 3.644 cumulative IPC: 3.644 (Simulation time: 00 hr 12 min 41 sec)
Heartbeat CPU 1 instructions: 20000003 cycles: 5411840 heartbeat IPC: 3.707 cumulative IPC: 3.696 (Simulation time: 00 hr 25 min 03 sec)
Heartbeat CPU 2 instructions: 20000005 cycles: 5419242 heartbeat IPC: 3.706 cumulative IPC: 3.691 (Simulation time: 00 hr 25 min 05 sec)
Heartbeat CPU 4 instructions: 20000003 cycles: 5422815 heartbeat IPC: 3.705 cumulative IPC: 3.688 (Simulation time: 00 hr 25 min 06 sec)
Heartbeat CPU 5 instructions: 20000005 cycles: 5425683 heartbeat IPC: 3.702 cumulative IPC: 3.686 (Simulation time: 00 hr 25 min 07 sec)
Heartbeat CPU 7 instructions: 20000003 cycles: 5431475 heartbeat IPC: 3.697 cumulative IPC: 3.682 (Simulation time: 00 hr 25 min 08 sec)
Heartbeat CPU 6 instructions: 20000005 cycles: 5460059 heartbeat IPC: 3.678 cumulative IPC: 3.663 (Simulation time: 00 hr 25 min 16 sec)
Heartbeat CPU 0 instructions: 20000005 cycles: 5466866 heartbeat IPC: 3.673 cumulative IPC: 3.658 (Simulation time: 00 hr 25 min 18 sec)
Heartbeat CPU 3 instructions: 20000003 cycles: 5468679 heartbeat IPC: 3.669 cumulative IPC: 3.657 (Simulation time: 00 hr 25 min 19 sec)
Warmup finished CPU 1 instructions: 25000004 cycles: 6755732 cumulative IPC: 3.701 (Simulation time: 00 hr 31 min 08 sec)
Warmup finished CPU 2 instructions: 25000002 cycles: 6763005 cumulative IPC: 3.697 (Simulation time: 00 hr 31 min 10 sec)
Warmup finished CPU 4 instructions: 25000002 cycles: 6766454 cumulative IPC: 3.695 (Simulation time: 00 hr 31 min 11 sec)
Warmup finished CPU 5 instructions: 25000002 cycles: 6770888 cumulative IPC: 3.692 (Simulation time: 00 hr 31 min 12 sec)
Warmup finished CPU 7 instructions: 25000002 cycles: 6775711 cumulative IPC: 3.69 (Simulation time: 00 hr 31 min 14 sec)
Warmup finished CPU 6 instructions: 25000002 cycles: 6815056 cumulative IPC: 3.668 (Simulation time: 00 hr 31 min 24 sec)
Warmup finished CPU 0 instructions: 25000002 cycles: 6820744 cumulative IPC: 3.665 (Simulation time: 00 hr 31 min 26 sec)
Warmup finished CPU 3 instructions: 25000002 cycles: 6825786 cumulative IPC: 3.663 (Simulation time: 00 hr 31 min 27 sec)
Warmup complete CPU 7 instructions: 25186687 cycles: 6825786 cumulative IPC: 3.69 (Simulation time: 00 hr 31 min 27 sec)
Warmup complete CPU 6 instructions: 25037865 cycles: 6825786 cumulative IPC: 3.668 (Simulation time: 00 hr 31 min 27 sec)
Warmup complete CPU 5 instructions: 25203460 cycles: 6825786 cumulative IPC: 3.692 (Simulation time: 00 hr 31 min 27 sec)
Warmup complete CPU 4 instructions: 25220785 cycles: 6825786 cumulative IPC: 3.695 (Simulation time: 00 hr 31 min 27 sec)
Warmup complete CPU 3 instructions: 25000002 cycles: 6825786 cumulative IPC: 3.663 (Simulation time: 00 hr 31 min 27 sec)
Warmup complete CPU 2 instructions: 25234266 cycles: 6825786 cumulative IPC: 3.697 (Simulation time: 00 hr 31 min 27 sec)
Warmup complete CPU 1 instructions: 25260330 cycles: 6825786 cumulative IPC: 3.701 (Simulation time: 00 hr 31 min 27 sec)
Warmup complete CPU 0 instructions: 25018792 cycles: 6825786 cumulative IPC: 3.665 (Simulation time: 00 hr 31 min 27 sec)
Heartbeat CPU 1 instructions: 30000003 cycles: 16352543 heartbeat IPC: 0.914 cumulative IPC: 0.4975 (Simulation time: 00 hr 48 min 51 sec)
Heartbeat CPU 2 instructions: 30000008 cycles: 16461331 heartbeat IPC: 0.9056 cumulative IPC: 0.4946 (Simulation time: 00 hr 49 min 03 sec)
Heartbeat CPU 4 instructions: 30000003 cycles: 16484462 heartbeat IPC: 0.904 cumulative IPC: 0.4948 (Simulation time: 00 hr 49 min 05 sec)
Heartbeat CPU 5 instructions: 30000008 cycles: 16532996 heartbeat IPC: 0.9003 cumulative IPC: 0.4941 (Simulation time: 00 hr 49 min 11 sec)
Heartbeat CPU 7 instructions: 30000003 cycles: 16536605 heartbeat IPC: 0.9005 cumulative IPC: 0.4957 (Simulation time: 00 hr 49 min 11 sec)
Heartbeat CPU 6 instructions: 30000008 cycles: 16860897 heartbeat IPC: 0.8771 cumulative IPC: 0.4945 (Simulation time: 00 hr 49 min 46 sec)
Heartbeat CPU 0 instructions: 30000008 cycles: 16886635 heartbeat IPC: 0.8757 cumulative IPC: 0.4951 (Simulation time: 00 hr 49 min 48 sec)
Heartbeat CPU 3 instructions: 30000003 cycles: 16936817 heartbeat IPC: 0.872 cumulative IPC: 0.4945 (Simulation time: 00 hr 49 min 54 sec)
Heartbeat CPU 1 instructions: 40000003 cycles: 37277067 heartbeat IPC: 0.4779 cumulative IPC: 0.484 (Simulation time: 01 hr 26 min 21 sec)
Heartbeat CPU 2 instructions: 40000008 cycles: 37340787 heartbeat IPC: 0.4789 cumulative IPC: 0.4839 (Simulation time: 01 hr 26 min 29 sec)
Heartbeat CPU 4 instructions: 40000003 cycles: 37391144 heartbeat IPC: 0.4783 cumulative IPC: 0.4835 (Simulation time: 01 hr 26 min 34 sec)
Heartbeat CPU 5 instructions: 40000008 cycles: 37459435 heartbeat IPC: 0.4779 cumulative IPC: 0.483 (Simulation time: 01 hr 26 min 42 sec)
Heartbeat CPU 7 instructions: 40000003 cycles: 37477085 heartbeat IPC: 0.4775 cumulative IPC: 0.4833 (Simulation time: 01 hr 26 min 44 sec)
Heartbeat CPU 0 instructions: 40000008 cycles: 37767181 heartbeat IPC: 0.4789 cumulative IPC: 0.4842 (Simulation time: 01 hr 27 min 17 sec)
Heartbeat CPU 6 instructions: 40000008 cycles: 37775420 heartbeat IPC: 0.4781 cumulative IPC: 0.4834 (Simulation time: 01 hr 27 min 18 sec)
Heartbeat CPU 3 instructions: 40000003 cycles: 37848300 heartbeat IPC: 0.4782 cumulative IPC: 0.4835 (Simulation time: 01 hr 27 min 26 sec)
Heartbeat CPU 1 instructions: 50000007 cycles: 58148351 heartbeat IPC: 0.4791 cumulative IPC: 0.482 (Simulation time: 02 hr 03 min 09 sec)
Heartbeat CPU 2 instructions: 50000010 cycles: 58238376 heartbeat IPC: 0.4785 cumulative IPC: 0.4817 (Simulation time: 02 hr 03 min 19 sec)
Heartbeat CPU 4 instructions: 50000007 cycles: 58273279 heartbeat IPC: 0.4789 cumulative IPC: 0.4816 (Simulation time: 02 hr 03 min 22 sec)
Heartbeat CPU 5 instructions: 50000010 cycles: 58367404 heartbeat IPC: 0.4783 cumulative IPC: 0.4811 (Simulation time: 02 hr 03 min 32 sec)
Heartbeat CPU 7 instructions: 50000007 cycles: 58389273 heartbeat IPC: 0.4782 cumulative IPC: 0.4812 (Simulation time: 02 hr 03 min 34 sec)
Heartbeat CPU 6 instructions: 50000010 cycles: 58654642 heartbeat IPC: 0.4789 cumulative IPC: 0.4816 (Simulation time: 02 hr 04 min 02 sec)
Heartbeat CPU 0 instructions: 50000010 cycles: 58681070 heartbeat IPC: 0.4782 cumulative IPC: 0.4817 (Simulation time: 02 hr 04 min 0