[VMEM] WARNING: physical memory size is smaller than virtual memory size.
dram page policy: is open = 0	is close = 1	is soft close = 0	cmd arg = 1

*** ChampSim Multicore Out-of-Order Simulator ***
Warmup Instructions: 25000000
Simulation Instructions: 50000000
Number of CPUs: 8
Page size: 2097152

CL :	 16.64 ns
CWL :	 15.808 ns
tRP :	 16.224 ns
tRCD :	 16.224 ns
tRAS :	 32.032000000000004 ns
tRTP :	 7.904 ns
tWR :	 30.368000000000002 ns

tCCD_S :	 3.3280000000000003 ns
tCCD_S_WR :	 3.3280000000000003 ns
tCCD_S_WTR :	 22.048000000000002 ns
tCCD_L :	 5.408 ns
tCCD_L_WR :	 20.384 ns
tCCD_L_WTR :	 29.536 ns
tRRD_S :	 3.3280000000000003 ns
tRRD_L :	 5.408 ns
tFAW :	 13.728 ns
Address mapping (perm = 1) 	ch co bg bg bg ba ba co co co co co co ro ro ro ro ro ro ro ro ro ro ro ro ro ro ro 
dram queue size: R = 64 W = 48 (low:high is 9:39)
max lookup for evict 0	evict = 16, eager = 16
Heartbeat CPU 0 instructions: 10000000 cycles: 2519606 heartbeat IPC: 3.969 cumulative IPC: 3.969 (Simulation time: 00 hr 13 min 46 sec)
Heartbeat CPU 1 instructions: 10000000 cycles: 2519856 heartbeat IPC: 3.968 cumulative IPC: 3.968 (Simulation time: 00 hr 13 min 47 sec)
Heartbeat CPU 2 instructions: 10000000 cycles: 2519960 heartbeat IPC: 3.968 cumulative IPC: 3.968 (Simulation time: 00 hr 13 min 47 sec)
Heartbeat CPU 3 instructions: 10000000 cycles: 2519985 heartbeat IPC: 3.968 cumulative IPC: 3.968 (Simulation time: 00 hr 13 min 47 sec)
Heartbeat CPU 5 instructions: 10000000 cycles: 2520118 heartbeat IPC: 3.968 cumulative IPC: 3.968 (Simulation time: 00 hr 13 min 47 sec)
Heartbeat CPU 6 instructions: 10000000 cycles: 2520153 heartbeat IPC: 3.968 cumulative IPC: 3.968 (Simulation time: 00 hr 13 min 47 sec)
Heartbeat CPU 4 instructions: 10000000 cycles: 2520178 heartbeat IPC: 3.968 cumulative IPC: 3.968 (Simulation time: 00 hr 13 min 47 sec)
Heartbeat CPU 7 instructions: 10000000 cycles: 2520214 heartbeat IPC: 3.968 cumulative IPC: 3.968 (Simulation time: 00 hr 13 min 47 sec)
Heartbeat CPU 0 instructions: 20000000 cycles: 5033412 heartbeat IPC: 3.978 cumulative IPC: 3.973 (Simulation time: 00 hr 27 min 38 sec)
Heartbeat CPU 3 instructions: 20000000 cycles: 5033791 heartbeat IPC: 3.978 cumulative IPC: 3.973 (Simulation time: 00 hr 27 min 38 sec)
Heartbeat CPU 1 instructions: 20000003 cycles: 5033799 heartbeat IPC: 3.978 cumulative IPC: 3.973 (Simulation time: 00 hr 27 min 38 sec)
Heartbeat CPU 5 instructions: 20000000 cycles: 5033922 heartbeat IPC: 3.978 cumulative IPC: 3.973 (Simulation time: 00 hr 27 min 38 sec)
Heartbeat CPU 6 instructions: 20000000 cycles: 5033965 heartbeat IPC: 3.978 cumulative IPC: 3.973 (Simulation time: 00 hr 27 min 38 sec)
Heartbeat CPU 7 instructions: 20000003 cycles: 5034034 heartbeat IPC: 3.978 cumulative IPC: 3.973 (Simulation time: 00 hr 27 min 38 sec)
Heartbeat CPU 4 instructions: 20000003 cycles: 5034215 heartbeat IPC: 3.978 cumulative IPC: 3.973 (Simulation time: 00 hr 27 min 38 sec)
Heartbeat CPU 2 instructions: 20000003 cycles: 5034467 heartbeat IPC: 3.977 cumulative IPC: 3.973 (Simulation time: 00 hr 27 min 38 sec)
Warmup finished CPU 0 instructions: 25000004 cycles: 6291313 cumulative IPC: 3.974 (Simulation time: 00 hr 34 min 30 sec)
Warmup finished CPU 3 instructions: 25000004 cycles: 6291692 cumulative IPC: 3.973 (Simulation time: 00 hr 34 min 30 sec)
Warmup finished CPU 1 instructions: 25000002 cycles: 6291735 cumulative IPC: 3.973 (Simulation time: 00 hr 34 min 30 sec)
Warmup finished CPU 6 instructions: 25000004 cycles: 6291867 cumulative IPC: 3.973 (Simulation time: 00 hr 34 min 30 sec)
Warmup finished CPU 5 instructions: 25000003 cycles: 6291874 cumulative IPC: 3.973 (Simulation time: 00 hr 34 min 30 sec)
Warmup finished CPU 7 instructions: 25000003 cycles: 6291930 cumulative IPC: 3.973 (Simulation time: 00 hr 34 min 30 sec)
Warmup finished CPU 4 instructions: 25000002 cycles: 6292151 cumulative IPC: 3.973 (Simulation time: 00 hr 34 min 30 sec)
Warmup finished CPU 2 instructions: 25000004 cycles: 6292381 cumulative IPC: 3.973 (Simulation time: 00 hr 34 min 30 sec)
Warmup complete CPU 7 instructions: 25001825 cycles: 6292381 cumulative IPC: 3.973 (Simulation time: 00 hr 34 min 30 sec)
Warmup complete CPU 6 instructions: 25002073 cycles: 6292381 cumulative IPC: 3.973 (Simulation time: 00 hr 34 min 30 sec)
Warmup complete CPU 5 instructions: 25002090 cycles: 6292381 cumulative IPC: 3.973 (Simulation time: 00 hr 34 min 30 sec)
Warmup complete CPU 4 instructions: 25000947 cycles: 6292381 cumulative IPC: 3.973 (Simulation time: 00 hr 34 min 30 sec)
Warmup complete CPU 3 instructions: 25002773 cycles: 6292381 cumulative IPC: 3.973 (Simulation time: 00 hr 34 min 30 sec)
Warmup complete CPU 2 instructions: 25000004 cycles: 6292381 cumulative IPC: 3.973 (Simulation time: 00 hr 34 min 30 sec)
Warmup complete CPU 1 instructions: 25002611 cycles: 6292381 cumulative IPC: 3.973 (Simulation time: 00 hr 34 min 30 sec)
Warmup complete CPU 0 instructions: 25004289 cycles: 6292381 cumulative IPC: 3.974 (Simulation time: 00 hr 34 min 30 sec)
Heartbeat CPU 0 instructions: 30000002 cycles: 8032654 heartbeat IPC: 3.334 cumulative IPC: 2.871 (Simulation time: 00 hr 42 min 57 sec)
Heartbeat CPU 3 instructions: 30000002 cycles: 8033400 heartbeat IPC: 3.334 cumulative IPC: 2.87 (Simulation time: 00 hr 42 min 58 sec)
Heartbeat CPU 6 instructions: 30000002 cycles: 8033686 heartbeat IPC: 3.334 cumulative IPC: 2.87 (Simulation time: 00 hr 42 min 58 sec)
Heartbeat CPU 4 instructions: 30000007 cycles: 8034291 heartbeat IPC: 3.333 cumulative IPC: 2.87 (Simulation time: 00 hr 42 min 58 sec)
Heartbeat CPU 7 instructions: 30000007 cycles: 8034483 heartbeat IPC: 3.333 cumulative IPC: 2.869 (Simulation time: 00 hr 42 min 58 sec)
Heartbeat CPU 5 instructions: 30000002 cycles: 8034614 heartbeat IPC: 3.333 cumulative IPC: 2.869 (Simulation time: 00 hr 42 min 58 sec)
Heartbeat CPU 2 instructions: 30000007 cycles: 8035139 heartbeat IPC: 3.333 cumulative IPC: 2.869 (Simulation time: 00 hr 42 min 58 sec)
Heartbeat CPU 1 instructions: 30000007 cycles: 8036109 heartbeat IPC: 3.331 cumulative IPC: 2.866 (Simulation time: 00 hr 42 min 58 sec)
Heartbeat CPU 0 instructions: 40000005 cycles: 11536438 heartbeat IPC: 2.854 cumulative IPC: 2.86 (Simulation time: 01 hr 00 min 10 sec)
Heartbeat CPU 6 instructions: 40000005 cycles: 11536846 heartbeat IPC: 2.855 cumulative IPC: 2.86 (Simulation time: 01 hr 00 min 10 sec)
Heartbeat CPU 3 instructions: 40000005 cycles: 11537166 heartbeat IPC: 2.854 cumulative IPC: 2.859 (Simulation time: 01 hr 00 min 10 sec)
Heartbeat CPU 4 instructions: 40000010 cycles: 11538518 heartbeat IPC: 2.854 cumulative IPC: 2.859 (Simulation time: 01 hr 00 min 11 sec)
Heartbeat CPU 5 instructions: 40000005 cycles: 11539738 heartbeat IPC: 2.853 cumulative IPC: 2.858 (Simulation time: 01 hr 00 min 11 sec)
Heartbeat CPU 2 instructions: 40000010 cycles: 11540291 heartbeat IPC: 2.853 cumulative IPC: 2.858 (Simulation time: 01 hr 00 min 11 sec)
Heartbeat CPU 7 instructions: 40000010 cycles: 11540433 heartbeat IPC: 2.852 cumulative IPC: 2.858 (Simulation time: 01 hr 00 min 11 sec)
Heartbeat CPU 1 instructions: 40000010 cycles: 11544685 heartbeat IPC: 2.85 cumulative IPC: 2.855 (Simulation time: 01 hr 00 min 12 sec)
Heartbeat CPU 0 instructions: 50000007 cycles: 15036521 heartbeat IPC: 2.857 cumulative IPC: 2.859 (Simulation time: 01 hr 16 min 54 sec)
Heartbeat CPU 6 instructions: 50000005 cycles: 15036645 heartbeat IPC: 2.857 cumulative IPC: 2.859 (Simulation time: 01 hr 16 min 54 sec)
Heartbeat CPU 3 instructions: 50000007 cycles: 15036745 heartbeat IPC: 2.857 cumulative IPC: 2.859 (Simulation time: 01 hr 16 min 54 sec)
Heartbeat CPU 4 instructions: 50000012 cycles: 15039359 heartbeat IPC: 2.856 cumulative IPC: 2.858 (Simulation time: 01 hr 16 min 55 sec)
Heartbeat CPU 5 instructions: 50000005 cycles: 15041209 heartbeat IPC: 2.856 cumulative IPC: 2.857 (Simulation time: 01 hr 16 min 55 sec)
Heartbeat CPU 2 instructions: 50000010 cycles: 15041520 heartbeat IPC: 2.856 cumulative IPC: 2.857 (Simulation time: 01 hr 16 min 56 sec)
Heartbeat CPU 7 instructions: 50000010 cycles: 15042315 heartbeat IPC: 2.856 cumulative IPC: 2.857 (Simulation time: 01 hr 16 min 56 sec)
Heartbeat CPU 1 instructions: 50000010 cycles: 15049507 heartbeat IPC: 2.853 cumulative IPC: 2.855 (Simulation time: 01 hr 16 min 58 sec)
Heartbeat CPU 0 instructions: 60000009 cycles: 18518163 heartbeat IPC: 2.872 cumulative IPC: 2.862 (Simulation time: 01 hr 33 min 42 sec)
Heartbeat CPU 6 instructions: 60000009 cycles: 18518448 heartbeat IPC: 2.872 cumulative IPC: 2.863 (Simulation time: 01 hr 33 min 42 sec)
Heartbeat CPU 3 instructions: 60000009 cycles: 18519092 heartbeat IPC: 2.872 cumulative IPC: 2.862 (Simulation time: 01 hr 33 min 42 sec)
Heartbeat CPU 4 instructions: 60000013 cycles: 18521912 heartbeat IPC: 2.871 cumulative IPC: 2.862 (Simulation time: 01 hr 33 min 43 sec)
Heartbeat CPU 5 instructions: 60000009 cycles: 18524034 heartbeat IPC: 2.871 cumulative IPC: 2.861 (Simulation time: 01 hr 33 min 44 sec)
Heartbeat CPU 2 instructions: 60000013 cycles: 18525025 heartbeat IPC: 2.871 cumulative IPC: 2.861 (Simulation time: 01 hr 33 min 44 sec)
Heartbeat CPU 7 instructions: 60000013 cycles: 18526878 heartbeat IPC: 2.87 cumulative IPC: 2.861 (Simulation time: 01 hr 33 min 45 sec)
Heartbeat CPU 1 instructions: 60000013 cycles: 18536775 heartbeat IPC: 2.868 cumulative IPC: 2.858 (Simulation time: 01 hr 33 min 48 sec)
Heartbeat CPU 6 instructions: 70000009 cycles: 22018871 heartbeat IPC: 2.857 cumulative IPC: 2.861 (Simulation time: 01 hr 50 min 15 sec)
Heartbeat CPU 0 instructions: 70000009 cycles: 22018974 heartbeat IPC: 2.856 cumulative IPC: 2.861 (Simulation time: 01 hr 50 min 15 sec)
Heartbeat CPU 3 instructions: 70000009 cycles: 22019663 heartbeat IPC: 2.857 cumulative IPC: 2.861 (Simulation time: 01 hr 50 min 15 sec)
Heartbeat CPU 4 instructions: 70000014 cycles: 22023850 heartbeat IPC: 2.856 cumulative IPC: 2.86 (Simulation time: 01 hr 50 min 16 sec)
Heartbeat CPU 5 instructions: 70000009 cycles: 22025892 heartbeat IPC: 2.856 cumulative IPC: 2.86 (Simulation time: 01 hr 50 min 17 sec)
Heartbeat CPU 2 instructions: 70000014 cycles: 22026953 heartbeat IPC: 2.856 cumulative IPC: 2.86 (Simulation time: 01 hr 50 min 17 sec)
Heartbeat CPU 7 instructions: 70000014 cycles: 22030203 heartbeat IPC: 2.854 cumulative IPC: 2.859 (Simulation time: 01 hr 50 min 18 sec)
Heartbeat CPU 1 instructions: 70000014 cycles: 22043050 heartbeat IPC: 2.852 cumulative IPC: 2.857 (Simulation time: 01 hr 50 min 22 sec)
Simulation finished CPU 6 instructions: 50000002 cycles: 17474112 cumulative IPC: 2.861 (Simulation time: 01 hr 58 min 17 sec)
Simulation finished CPU 3 instructions: 50000002 cycles: 17474854 cumulative IPC: 2.861 (Simulation time: 01 hr 58 min 17 sec)
Simulation finished CPU 0 instructions: 50000003 cycles: 17475199 cumulative IPC: 2.861 (Simulation time: 01 hr 58 min 17 sec)
Simulation finished CPU 4 instructions: 50000002 cycles: 17479012 cumulative IPC: 2.861 (Simulation time: 01 hr 58 min 18 sec)
Simulation finished CPU 5 instructions: 50000000 cycles: 17481624 cumulative IPC: 2.86 (Simulation time: 01 hr 58 min 19 sec)
Simulation finished CPU 2 instructions: 50000003 cycles: 17481771 cumulative IPC: 2.86 (Simulation time: 01 hr 58 min 19 sec)
Simulation finished CPU 7 instructions: 50000000 cycles: 17486265 cumulative IPC: 2.859 (Simulation time: 01 hr 58 min 20 sec)
Simulation finished CPU 1 instructions: 50000002 cycles: 17500641 cumulative IPC: 2.857 (Simulation time: 01 hr 58 min 24 sec)
Simulation complete CPU 7 instructions: 50042508 cycles: 17500641 cumulative IPC: 2.859 (Simulation time: 01 hr 58 min 24 sec)
Simulation complete CPU 6 instructions: 50078666 cycles: 17500641 cumulative IPC: 2.862 (Simulation time: 01 hr 58 min 24 sec)
Simulation complete CPU 5 instructions: 50056121 cycles: 17500641 cumulative IPC: 2.86 (Simulation time: 01 hr 58 min 24 sec)
Simulation complete CPU 4 instructions: 50063968 cycles: 17500641 cumulative IPC: 2.861 (Simulation time: 01 hr 58 min 24 sec)
Simulation complete CPU 3 instructions: 50076297 cycles: 17500641 cumulative IPC: 2.861 (Simulation time: 01 hr 58 min 24 sec)
Simulation complete CPU 2 instructions: 50055669 cycles: 17500641 cumulative IPC: 2.86 (Simulation time: 01 hr 58 min 24 sec)
Simulation complete CPU 1 instructions: 50000002 cycles: 17500641 cumulative IPC: 2.857 (Simulation time: 01 hr 58 min 24 sec)
Simulation complete CPU 0 instructions: 50075305 cycles: 17500641 cumulative IPC: 2.861 (Simulation time: 01 hr 58 min 24 sec)

ChampSim completed all CPUs

=== Simulation ===
CPU 0 runs ../frost/TRACES/ctf/spec2017/641.leela_s-1052B.champsimtrace.xz
CPU 1 runs ../frost/TRACES/ctf/spec2017/641.leela_s-1052B.champsimtrace.xz
CPU 2 runs ../frost/TRACES/ctf/spec2017/641.leela_s-1052B.champsimtrace.xz
CPU 3 runs ../frost/TRACES/ctf/spec2017/641.leela_s-1052B.champsimtrace.xz
CPU 4 runs ../frost/TRACES/ctf/spec2017/641.leela_s-1052B.champsimtrace.xz
CPU 5 runs ../frost/TRACES/ctf/spec2017/641.leela_s-1052B.champsimtrace.xz
CPU 6 runs ../frost/TRACES/ctf/spec2017/641.leela_s-1052B.champsimtrace.xz
CPU 7 runs ../frost/TRACES/ctf/spec2017/641.leela_s-1052B.champsimtrace.xz

Total Simulation Statistics (not including warmup)

CPU 7 cumulative IPC: 2.859 instructions: 50042508 cycles: 17500641
CPU 7 Branch Prediction Accuracy: 100% MPKI: 0 Average ROB Occupancy at Mispredict: -
Branch type MPKI
BRANCH_DIRECT_JUMP: 0
BRANCH_INDIRECT: 0
BRANCH_CONDITIONAL: 0
BRANCH_DIRECT_CALL: 0
BRANCH_INDIRECT_CALL: 0
BRANCH_RETURN: 0


CPU 6 cumulative IPC: 2.862 instructions: 50078666 cycles: 17500641
CPU 6 Branch Prediction Accuracy: 100% MPKI: 0 Average ROB Occupancy at Mispredict: -
Branch type MPKI
BRANCH_DIRECT_JUMP: 0
BRANCH_INDIRECT: 0
BRANCH_CONDITIONAL: 0
BRANCH_DIRECT_CALL: 0
BRANCH_INDIRECT_CALL: 0
BRANCH_RETURN: 0


CPU 5 cumulative IPC: 2.86 instructions: 50056121 cycles: 17500641
CPU 5 Branch Prediction Accuracy: 100% MPKI: 0 Average ROB Occupancy at Mispredict: -
Branch type MPKI
BRANCH_DIRECT_JUMP: 0
BRANCH_INDIRECT: 0
BRANCH_CONDITIONAL: 0
BRANCH_DIRECT_CALL: 0
BRANCH_INDIRECT_CALL: 0
BRANCH_RETURN: 0


CPU 4 cumulative IPC: 2.861 instructions: 50063968 cycles: 17500641
CPU 4 Branch Prediction Accuracy: 100% MPKI: 0 Average ROB Occupancy at Mispredict: -
Branch type MPKI
BRANCH_DIRECT_JUMP: 0
BRANCH_INDIRECT: 0
BRANCH_CONDITIONAL: 0
BRANCH_DIRECT_CALL: 0
BRANCH_INDIRECT_CALL: 0
BRANCH_RETURN: 0


CPU 3 cumulative IPC: 2.861 instructions: 50076297 cycles: 17500641
CPU 3 Branch Prediction Accuracy: 100% MPKI: 0 Average ROB Occupancy at Mispredict: -
Branch type MPKI
BRANCH_DIRECT_JUMP: 0
BRANCH_INDIRECT: 0
BRANCH_CONDITIONAL: 0
BRANCH_DIRECT_CALL: 0
BRANCH_INDIRECT_CALL: 0
BRANCH_RETURN: 0


CPU 2 cumulative IPC: 2.86 instructions: 50055669 cycles: 17500641
CPU 2 Branch Prediction Accuracy: 100% MPKI: 0 Average ROB Occupancy at Mispredict: -
Branch type MPKI
BRANCH_DIRECT_JUMP: 0
BRANCH_INDIRECT: 0
BRANCH_CONDITIONAL: 0
BRANCH_DIRECT_CALL: 0
BRANCH_INDIRECT_CALL: 0
BRANCH_RETURN: 0


CPU 1 cumulative IPC: 2.857 instructions: 50000002 cycles: 17500641
CPU 1 Branch Prediction Accuracy: 100% MPKI: 0 Average ROB Occupancy at Mispredict: -
Branch type MPKI
BRANCH_DIRECT_JUMP: 0
BRANCH_INDIRECT: 0
BRANCH_CONDITIONAL: 0
BRANCH_DIRECT_CALL: 0
BRANCH_INDIRECT_CALL: 0
BRANCH_RETURN: 0


CPU 0 cumulative IPC: 2.861 instructions: 50075305 cycles: 17500641
CPU 0 Branch Prediction Accuracy: 100% MPKI: 0 Average ROB Occupancy at Mispredict: -
Branch type MPKI
BRANCH_DIRECT_JUMP: 0
BRANCH_INDIRECT: 0
BRANCH_CONDITIONAL: 0
BRANCH_DIRECT_CALL: 0
BRANCH_INDIRECT_CALL: 0
BRANCH_RETURN: 0

cpu7->cpu7_L2C TOTAL        ACCESS:     156251 HIT:     155081 MISS:       1170 MSHR_MERGE:          0
cpu7->cpu7_L2C LOAD         ACCESS:     110271 HIT:     109101 MISS:       1170 MSHR_MERGE:          0
cpu7->cpu7_L2C RFO          ACCESS:      16183 HIT:      16183 MISS:          0 MSHR_MERGE:          0
cpu7->cpu7_L2C PREFETCH     ACCESS:          0 HIT:          0 MISS:          0 MSHR_MERGE:          0
cpu7->cpu7_L2C WRITE        ACCESS:      29797 HIT:      29797 MISS:          0 MSHR_MERGE:          0
cpu7->cpu7_L2C TRANSLATION  ACCESS:          0 HIT:          0 MISS:          0 MSHR_MERGE:          0
cpu7->cpu7_L2C PREFETCH REQUESTED:          0 ISSUED:          0 USEFUL:          0 USELESS:          0
cpu7->cpu7_L2C AVERAGE MISS LATENCY: 88.77 cycles
cpu7->cpu7_L1I TOTAL        ACCESS:   10524090 HIT:   10517330 MISS:       6760 MSHR_MERGE:       3351
cpu7->cpu7_L1I LOAD         ACCESS:   10524090 HIT:   10517330 MISS:       6760 MSHR_MERGE:       3351
cpu7->cpu7_L1I RFO          ACCESS:          0 HIT:          0 MISS:          0 MSHR_MERGE:          0
cpu7->cpu7_L1I PREFETCH     ACCESS:          0 HIT:          0 MISS:          0 MSHR_MERGE:          0
cpu7->cpu7_L1I WRITE        ACCESS:          0 HIT:          0 MISS:          0 MSHR_MERGE:          0
cpu7->cpu7_L1I TRANSLATION  ACCESS:          0 HIT:          0 MISS:          0 MSHR_MERGE:          0
cpu7->cpu7_L1I PREFETCH REQUESTED:          0 ISSUED:          0 USEFUL:          0 USELESS:          0
cpu7->cpu7_L1I AVERAGE MISS LATENCY: 7.396 cycles
cpu7->cpu7_L1D TOTAL        ACCESS:   12842076 HIT:   12625945 MISS:     216131 MSHR_MERGE:      93085
cpu7->cpu7_L1D LOAD         ACCESS:    7183482 HIT:    7012104 MISS:     171378 MSHR_MERGE:      64516
cpu7->cpu7_L1D RFO          ACCESS:          0 HIT:          0 MISS:          0 MSHR_MERGE:          0
cpu7->cpu7_L1D PREFETCH     ACCESS:          0 HIT:          0 MISS:          0 MSHR_MERGE:          0
cpu7->cpu7_L1D WRITE        ACCESS:    5658594 HIT:    5613841 MISS:      44753 MSHR_MERGE:      28569
cpu7->cpu7_L1D TRANSLATION  ACCESS:          0 HIT:          0 MISS:          0 MSHR_MERGE:          0
cpu7->cpu7_L1D PREFETCH REQUESTED:          0 ISSUED:          0 USEFUL:          0 USELESS:          0
cpu7->cpu7_L1D AVERAGE MISS LATENCY: 8.868 cycles
cpu7->cpu7_ITLB TOTAL        ACCESS:    9457415 HIT:    9457415 MISS:          0 MSHR_MERGE:          0
cpu7->cpu7_ITLB LOAD         ACCESS:    9457415 HIT:    9457415 MISS:          0 MSHR_MERGE:          0
cpu7->cpu7_ITLB RFO          ACCESS:          0 HIT:          0 MISS:          0 MSHR_MERGE:          0
cpu7->cpu7_ITLB PREFETCH     ACCESS:          0 HIT:          0 MISS:          0 MSHR_MERGE:          0
cpu7->cpu7_ITLB WRITE        ACCESS:          0 HIT:          0 MISS:          0 MSHR_MERGE:          0
cpu7->cpu7_ITLB TRANSLATION  ACCESS:          0 HIT:          0 MISS:          0 MSHR_MERGE:          0
cpu7->cpu7_ITLB PREFETCH REQUESTED:          0 ISSUED:          0 USEFUL:          0 USELESS:          0
cpu7->cpu7_ITLB AVERAGE MISS LATENCY: - cycles
cpu7->cpu7_DTLB TOTAL        ACCESS:   11144969 HIT:   11144969 MISS:          0 MSHR_MERGE:          0
cpu7->cpu7_DTLB LOAD         ACCESS:   11144969 HIT:   11144969 MISS:          0 MSHR_MERGE:          0
cpu7->cpu7_DTLB RFO          ACCESS:          0 HIT:          0 MISS:          0 MSHR_MERGE:          0
cpu7->cpu7_DTLB PREFETCH     ACCESS:          0 HIT:          0 MISS:          0 MSHR_MERGE:          0
cpu7->cpu7_DTLB WRITE        ACCESS:          0 HIT:          0 MISS:          0 MSHR_MERGE:          0
cpu7->cpu7_DTLB TRANSLATION  ACCESS:          0 HIT:          0 MISS:          0 MSHR_MERGE:          0
cpu7->cpu7_DTLB PREFETCH REQUESTED:          0 ISSUED:          0 USEFUL:          0 USELESS:          0
cpu7->cpu7_DTLB AVERAGE MISS LATENCY: - cycles
cpu6->cpu6_L2C TOTAL        ACCESS:     156306 HIT:     155135 MISS:       1171 MSHR_MERGE:          0
cpu6->cpu6_L2C LOAD         ACCESS:     110314 HIT:     109143 MISS:       1171 MSHR_MERGE:          0
cpu6->cpu6_L2C RFO          ACCESS:      16182 HIT:      16182 MISS:          0 MSHR_MERGE:          0
cpu6->cpu6_L2C PREFETCH     ACCESS:          0 HIT:          0 MISS:          0 MSHR_MERGE:          0
cpu6->cpu6_L2C WRITE        ACCESS:      29810 HIT:      29810 MISS:          0 MSHR_MERGE:          0
cpu6->cpu6_L2C TRANSLATION  ACCESS:          0 HIT:          0 MISS:          0 MSHR_MERGE:          0
cpu6->cpu6_L2C PREFETCH REQUESTED:          0 ISSUED:          0 USEFUL:          0 USELESS:          0
cpu6->cpu6_L2C AVERAGE MISS LATENCY: 89.73 cycles
cpu6->cpu6_L1I TOTAL        ACCESS:   10526268 HIT:   10519505 MISS:       6763 MSHR_MERGE:       3353
cpu6->cpu6_L1I LOAD         ACCESS:   10526268 HIT:   10519505 MISS:       6763 MSHR_MERGE:       3353
cpu6->cpu6_L1I RFO          ACCESS:          0 HIT:          0 MISS:          0 MSHR_MERGE:          0
cpu6->cpu6_L1I PREFETCH     ACCESS:          0 HIT:          0 MISS:          0 MSHR_MERGE:          0
cpu6->cpu6_L1I WRITE        ACCESS:          0 HIT:          0 MISS:          0 MSHR_MERGE:          0
cpu6->cpu6_L1I TRANSLATION  ACCESS:          0 HIT:          0 MISS:          0 MSHR_MERGE:          0
cpu6->cpu6_L1I PREFETCH REQUESTED:          0 ISSUED:          0 USEFUL:          0 USELESS:          0
cpu6->cpu6_L1I AVERAGE MISS LATENCY: 7.405 cycles
cpu6->cpu6_L1D TOTAL        ACCESS:   12853284 HIT:   12636771 MISS:     216513 MSHR_MERGE:      93426
cpu6->cpu6_L1D LOAD         ACCESS:    7189960 HIT:    7018276 MISS:     171684 MSHR_MERGE:      64780
cpu6->cpu6_L1D RFO          ACCESS:          0 HIT:          0 MISS:          0 MSHR_MERGE:          0
cpu6->cpu6_L1D PREFETCH     ACCESS:          0 HIT:          0 MISS:          0 MSHR_MERGE:          0
cpu6->cpu6_L1D WRITE        ACCESS:    5663324 HIT:    5618495 MISS:      44829 MSHR_MERGE:      28646
cpu6->cpu6_L1D TRANSLATION  ACCESS:          0 HIT:          0 MISS:          0 MSHR_MERGE:          0
cpu6->cpu6_L1D PREFETCH REQUESTED:          0 ISSUED:          0 USEFUL:          0 USELESS:          0
cpu6->cpu6_L1D AVERAGE MISS LATENCY: 8.877 cycles
cpu6->cpu6_ITLB TOTAL        ACCESS:    9460435 HIT:    9460435 MISS:          0 MSHR_MERGE:          0
cpu6->cpu6_ITLB LOAD         ACCESS:    9460435 HIT:    9460435 MISS:          0 MSHR_MERGE:          0
cpu6->cpu6_ITLB RFO          ACCESS:          0 HIT:          0 MISS:          0 MSHR_MERGE:          0
cpu6->cpu6_ITLB PREFETCH     ACCESS:          0 HIT:          0 MISS:          0 MSHR_MERGE:          0
cpu6->cpu6_ITLB WRITE        ACCESS:          0 HIT:          0 MISS:          0 MSHR_MERGE:          0
cpu6->cpu6_ITLB TRANSLATION  ACCESS:          0 HIT:          0 MISS:          0 MSHR_MERGE:          0
cpu6->cpu6_ITLB PREFETCH REQUESTED:          0 ISSUED:          0 USEFUL:          0 USELESS:          0
cpu6->cpu6_ITLB AVERAGE MISS LATENCY: - cycles
cpu6->cpu6_DTLB TOTAL        ACCESS:   11182841 HIT:   11182841 MISS:          0 MSHR_MERGE:          0
cpu6->cpu6_DTLB LOAD         ACCESS:   11182841 HIT:   11182841 MISS:          0 MSHR_MERGE:          0
cpu6->cpu6_DTLB RFO          ACCESS:          0 HIT:          0 MISS:          0 MSHR_MERGE:          0
cpu6->cpu6_DTLB PREFETCH     ACCESS:          0 HIT:          0 MISS:          0 MSHR_MERGE:          0
cpu6->cpu6_DTLB WRITE        ACCESS:          0 HIT:          0 MISS:          0 MSHR_MERGE:          0
cpu6->cpu6_DTLB TRANSLATION  ACCESS:          0 HIT:          0 MISS:          0 MSHR_MERGE:          0
cpu6->cpu6_DTLB PREFETCH REQUESTED:          0 ISSUED:          0 USEFUL:          0 USELESS:          0
cpu6->cpu6_DTLB AVERAGE MISS LATENCY: - cycles
cpu5->cpu5_L2C TOTAL        ACCESS:     156276 HIT:     155105 MISS:       1171 MSHR_MERGE:          0
cpu5->cpu5_L2C LOAD         ACCESS:     110293 HIT:     109122 MISS:       1171 MSHR_MERGE:          0
cpu5->cpu5_L2C RFO          ACCESS:      16179 HIT:      16179 MISS:          0 MSHR_MERGE:          0
cpu5->cpu5_L2C PREFETCH     ACCESS:          0 HIT:          0 MISS:          0 MSHR_MERGE:          0
cpu5->cpu5_L2C WRITE        ACCESS:      29804 HIT:      29804 MISS:          0 MSHR_MERGE:          0
cpu5->cpu5_L2C TRANSLATION  ACCESS:          0 HIT:          0 MISS:          0 MSHR_MERGE:          0
cpu5->cpu5_L2C PREFETCH REQUESTED:          0 ISSUED:          0 USEFUL:          0 USELESS:          0
cpu5->cpu5_L2C AVERAGE MISS LATENCY: 89.52 cycles
cpu5->cpu5_L1I TOTAL        ACCESS:   10525788 HIT:   10519031 MISS:       6757 MSHR_MERGE:       3349
cpu5->cpu5_L1I LOAD         ACCESS:   10525788 HIT:   10519031 MISS:       6757 MSHR_MERGE:       3349
cpu5->cpu5_L1I RFO          ACCESS:          0 HIT:          0 MISS:          0 MSHR_MERGE:          0
cpu5->cpu5_L1I PREFETCH     ACCESS:          0 HIT:          0 MISS:          0 MSHR_MERGE:          0
cpu5->cpu5_L1I WRITE        ACCESS:          0 HIT:          0 MISS:          0 MSHR_MERGE:          0
cpu5->cpu5_L1I TRANSLATION  ACCESS:          0 HIT:          0 MISS:          0 MSHR_MERGE:          0
cpu5->cpu5_L1I PREFETCH REQUESTED:          0 ISSUED:          0 USEFUL:          0 USELESS:          0
cpu5->cpu5_L1I AVERAGE MISS LATENCY: 7.399 cycles
cpu5->cpu5_L1D TOTAL        ACCESS:   12848560 HIT:   12632233 MISS:     216327 MSHR_MERGE:      93260
cpu5->cpu5_L1D LOAD         ACCESS:    7187171 HIT:    7015692 MISS:     171479 MSHR_MERGE:      64594
cpu5->cpu5_L1D RFO          ACCESS:          0 HIT:          0 MISS:          0 MSHR_MERGE:          0
cpu5->cpu5_L1D PREFETCH     ACCESS:          0 HIT:          0 MISS:          0 MSHR_MERGE:          0
cpu5->cpu5_L1D WRITE        ACCESS:    5661389 HIT:    5616541 MISS:      44848 MSHR_MERGE:      28666
cpu5->cpu5_L1D TRANSLATION  ACCESS:          0 HIT:          0 MISS:          0 MSHR_MERGE:          0
cpu5->cpu5_L1D PREFETCH REQUESTED:          0 ISSUED:          0 USEFUL:          0 USELESS:          0
cpu5->cpu5_L1D AVERAGE MISS LATENCY: 8.871 cycles
cpu5->cpu5_ITLB TOTAL        ACCESS:    9458446 HIT:    9458446 MISS:          0 MSHR_MERGE:          0
cpu5->cpu5_ITLB LOAD         ACCESS:    9458446 HIT:    9458446 MISS:          0 MSHR_MERGE:          0
cpu5->cpu5_ITLB RFO          ACCESS:          0 HIT:          0 MISS:          0 MSHR_MERGE:          0
cpu5->cpu5_ITLB PREFETCH     ACCESS:          0 HIT:          0 MISS:          0 MSHR_MERGE:          0
cpu5->cpu5_ITLB WRITE        ACCESS:          0 HIT:          0 MISS:          0 MSHR_MERGE:          0
cpu5->cpu5_ITLB TRANSLATION  ACCESS:          0 HIT:          0 MISS:          0 MSHR_MERGE:          0
cpu5->cpu5_ITLB PREFETCH REQUESTED:          0 ISSUED:          0 USEFUL:          0 USELESS:          0
cpu5->cpu5_ITLB AVERAGE MISS LATENCY: - cycles
cpu5->cpu5_DTLB TOTAL        ACCESS:   11146667 HIT:   11146667 MISS:          0 MSHR_MERGE:          0
cpu5->cpu5_DTLB LOAD         ACCESS:   11146667 HIT:   11146667 MISS:          0 MSHR_MERGE:          0
cpu5->cpu5_DTLB RFO          ACCESS:          0 HIT:          0 MISS:          0 MSHR_MERGE:          0
cpu5->cpu5_DTLB PREFETCH     ACCESS:          0 HIT:          0 MISS:          0 MSHR_MERGE:          0
cpu5->cpu5_DTLB WRITE        ACCESS:          0 HIT:          0 MISS:          0 MSHR_MERGE:          0
cpu5->cpu5_DTLB TRANSLATION  ACCESS:          0 HIT:          0 MISS:          0 MSHR_MERGE:          0
cpu5->cpu5_DTLB PREFETCH REQUESTED:          0 ISSUED:          0 USEFUL:          0 USELESS:          0
cpu5->cpu5_DTLB AVERAGE MISS LATENCY: - cycles
cpu4->cpu4_L2C TOTAL        ACCESS:     156285 HIT:     155114 MISS:       1171 MSHR_MERGE:          0
cpu4->cpu4_L2C LOAD         ACCESS:     110298 HIT:     109127 MISS:       1171 MSHR_MERGE:          0
cpu4->cpu4_L2C RFO          ACCESS:      16183 HIT:      16183 MISS:          0 MSHR_MERGE:          0
cpu4->cpu4_L2C PREFETCH     ACCESS:          0 HIT:          0 MISS:          0 MSHR_MERGE:          0
cpu4->cpu4_L2C WRITE        ACCESS:      29804 HIT:      29804 MISS:          0 MSHR_MERGE:          0
cpu4->cpu4_L2C TRANSLATION  ACCESS:          0 HIT:          0 MISS:          0 MSHR_MERGE:          0
cpu4->cpu4_L2C PREFETCH REQUESTED:          0 ISSUED:          0 USEFUL:          0 USELESS:          0
cpu4->cpu4_L2C AVERAGE MISS LATENCY: 88.59 cycles
cpu4->cpu4_L1I TOTAL        ACCESS:   10527656 HIT:   10520904 MISS:       6752 MSHR_MERGE:       3342
cpu4->cpu4_L1I LOAD         ACCESS:   10527656 HIT:   10520904 MISS:       6752 MSHR_MERGE:       3342
cpu4->cpu4_L1I RFO          ACCESS:          0 HIT:          0 MISS:          0 MSHR_MERGE:          0
cpu4->cpu4_L1I PREFETCH     ACCESS:          0 HIT:          0 MISS:          0 MSHR_MERGE:          0
cpu4->cpu4_L1I WRITE        ACCESS:          0 HIT:          0 MISS:          0 MSHR_MERGE:          0
cpu4->cpu4_L1I TRANSLATION  ACCESS:          0 HIT:          0 MISS:          0 MSHR_MERGE:          0
cpu4->cpu4_L1I PREFETCH REQUESTED:          0 ISSUED:          0 USEFUL:          0 USELESS:          0
cpu4->cpu4_L1I AVERAGE MISS LATENCY: 7.395 cycles
cpu4->cpu4_L1D TOTAL        ACCESS:   12851660 HIT:   12635183 MISS:     216477 MSHR_MERGE:      93404
cpu4->cpu4_L1D LOAD         ACCESS:    7189245 HIT:    7017592 MISS:     171653 MSHR_MERGE:      64765
cpu4->cpu4_L1D RFO          ACCESS:          0 HIT:          0 MISS:          0 MSHR_MERGE:          0
cpu4->cpu4_L1D PREFETCH     ACCESS:          0 HIT:          0 MISS:          0 MSHR_MERGE:          0
cpu4->cpu4_L1D WRITE        ACCESS:    5662415 HIT:    5617591 MISS:      44824 MSHR_MERGE:      28639
cpu4->cpu4_L1D TRANSLATION  ACCESS:          0 HIT:          0 MISS:          0 MSHR_MERGE:          0
cpu4->cpu4_L1D PREFETCH REQUESTED:          0 ISSUED:          0 USEFUL:          0 USELESS:          0
cpu4->cpu4_L1D AVERAGE MISS LATENCY: 8.862 cycles
cpu4->cpu4_ITLB TOTAL        ACCESS:    9460087 HIT:    9460087 MISS:          0 MSHR_MERGE:          0
cpu4->cpu4_ITLB LOAD         ACCESS:    9460087 HIT:    9460087 MISS:          0 MSHR_MERGE:          0
cpu4->cpu4_ITLB RFO          ACCESS:          0 HIT:          0 MISS:          0 MSHR_MERGE:          0
cpu4->cpu4_ITLB PREFETCH     ACCESS:          0 HIT:          0 MISS:          0 MSHR_MERGE:          0
cpu4->cpu4_ITLB WRITE        ACCESS:          0 HIT:          0 MISS:          0 MSHR_MERGE:          0
cpu4->cpu4_ITLB TRANSLATION  ACCESS:          0 HIT:          0 MISS:          0 MSHR_MERGE:          0
cpu4->cpu4_ITLB PREFETCH REQUESTED:          0 ISSUED:          0 USEFUL:          0 USELESS:          0
cpu4->cpu4_ITLB AVERAGE MISS LATENCY: - cycles
cpu4->cpu4_DTLB TOTAL        ACCESS:   11147910 HIT:   11147910 MISS:          0 MSHR_MERGE:          0
cpu4->cpu4_DTLB LOAD         ACCESS:   11147910 HIT:   11147910 MISS:          0 MSHR_MERGE:          0
cpu4->cpu4_DTLB RFO          ACCESS:          0 HIT:          0 MISS:          0 MSHR_MERGE:          0
cpu4->cpu4_DTLB PREFETCH     ACCESS:          0 HIT:          0 MISS:          0 MSHR_MERGE:          0
cpu4->cpu4_DTLB WRITE        ACCESS:          0 HIT:          0 MISS:          0 MSHR_MERGE:          0
cpu4->cpu4_DTLB TRANSLATION  ACCESS:          0 HIT:          0 MISS:          0 MSHR_MERGE:          0
cpu4->cpu4_DTLB PREFETCH REQUESTED:          0 ISSUED:          0 USEFUL:          0 USELESS:          0
cpu4->cpu4_DTLB AVERAGE MISS LATENCY: - cycles
cpu3->cpu3_L2C TOTAL        ACCESS:     156299 HIT:     155128 MISS:       1171 MSHR_MERGE:          0
cpu3->cpu3_L2C LOAD         ACCESS:     110308 HIT:     109137 MISS:       1171 MSHR_MERGE:          0
cpu3->cpu3_L2C RFO          ACCESS:      16183 HIT:      16183 MISS:          0 MSHR_MERGE:          0
cpu3->cpu3_L2C PREFETCH     ACCESS:          0 HIT:          0 MISS:          0 MSHR_MERGE:          0
cpu3->cpu3_L2C WRITE        ACCESS:      29808 HIT:      29808 MISS:          0 MSHR_MERGE:          0
cpu3->cpu3_L2C TRANSLATION  ACCESS:          0 HIT:          0 MISS:          0 MSHR_MERGE:          0
cpu3->cpu3_L2C PREFETCH REQUESTED:          0 ISSUED:          0 USEFUL:          0 USELESS:          0
cpu3->cpu3_L2C AVERAGE MISS LATENCY: 89.22 cycles
cpu3->cpu3_L1I TOTAL        ACCESS:   10528296 HIT:   10521527 MISS:       6769 MSHR_MERGE:       3362
cpu3->cpu3_L1I LOAD         ACCESS:   10528296 HIT:   10521527 MISS:       6769 MSHR_MERGE:       3362
cpu3->cpu3_L1I RFO          ACCESS:          0 HIT:          0 MISS:          0 MSHR_MERGE:          0
cpu3->cpu3_L1I PREFETCH     ACCESS:          0 HIT:          0 MISS:          0 MSHR_MERGE:          0
cpu3->cpu3_L1I WRITE        ACCESS:          0 HIT:          0 MISS:          0 MSHR_MERGE:          0
cpu3->cpu3_L1I TRANSLATION  ACCESS:          0 HIT:          0 MISS:          0 MSHR_MERGE:          0
cpu3->cpu3_L1I PREFETCH REQUESTED:          0 ISSUED:          0 USEFUL:          0 USELESS:          0
cpu3->cpu3_L1I AVERAGE MISS LATENCY: 7.398 cycles
cpu3->cpu3_L1D TOTAL        ACCESS:   12856084 HIT:   12639705 MISS:     216379 MSHR_MERGE:      93295
cpu3->cpu3_L1D LOAD         ACCESS:    7191982 HIT:    7020401 MISS:     171581 MSHR_MERGE:      64680
cpu3->cpu3_L1D RFO          ACCESS:          0 HIT:          0 MISS:          0 MSHR_MERGE:          0
cpu3->cpu3_L1D PREFETCH     ACCESS:          0 HIT:          0 MISS:          0 MSHR_MERGE:          0
cpu3->cpu3_L1D WRITE        ACCESS:    5664102 HIT:    5619304 MISS:      44798 MSHR_MERGE:      28615
cpu3->cpu3_L1D TRANSLATION  ACCESS:          0 HIT:          0 MISS:          0 MSHR_MERGE:          0
cpu3->cpu3_L1D PREFETCH REQUESTED:          0 ISSUED:          0 USEFUL:          0 USELESS:          0
cpu3->cpu3_L1D AVERAGE MISS LATENCY: 8.872 cycles
cpu3->cpu3_ITLB TOTAL        ACCESS:    9481996 HIT:    9481996 MISS:          0 MSHR_MERGE:          0
cpu3->cpu3_ITLB LOAD         ACCESS:    9481996 HIT:    9481996 MISS:          0 MSHR_MERGE:          0
cpu3->cpu3_ITLB RFO          ACCESS:          0 HIT:          0 MISS:          0 MSHR_MERGE:          0
cpu3->cpu3_ITLB PREFETCH     ACCESS:          0 HIT:          0 MISS:          0 MSHR_MERGE:          0
cpu3->cpu3_ITLB WRITE        ACCESS:          0 HIT:          0 MISS:          0 MSHR_MERGE:          0
cpu3->cpu3_ITLB TRANSLATION  ACCESS:          0 HIT:          0 MISS:          0 MSHR_MERGE:          0
cpu3->cpu3_ITLB PREFETCH REQUESTED:          0 ISSUED:          0 USEFUL:          0 USELESS:          0
cpu3->cpu3_ITLB AVERAGE MISS LATENCY: - cycles
cpu3->cpu3_DTLB TOTAL        ACCESS:   11190362 HIT:   11190362 MISS:          0 MSHR_MERGE:          0
cpu3->cpu3_DTLB LOAD         ACCESS:   11190362 HIT:   11190362 MISS:          0 MSHR_MERGE:          0
cpu3->cpu3_DTLB RFO          ACCESS:          0 HIT:          0 MISS:          0 MSHR_MERGE:          0
cpu3->cpu3_DTLB PREFETCH     ACCESS:          0 HIT:          0 MISS:          0 MSHR_MERGE:          0
cpu3->cpu3_DTLB WRITE        ACCESS:          0 HIT:          0 MISS:          0 MSHR_MERGE:          0
cpu3->cpu3_DTLB TRANSLATION  ACCESS:          0 HIT:          0 MISS:          0 MSHR_MERGE:          0
cpu3->cpu3_DTLB PREFETCH REQUESTED:          0 ISSUED:          0 USEFUL:          0 USELESS:          0
cpu3->cpu3_DTLB AVERAGE MISS LATENCY: - cycles
cpu2->cpu2_L2C TOTAL        ACCESS:     156275 HIT:     155104 MISS:       1171 MSHR_MERGE:          0
cpu2->cpu2_L2C LOAD         ACCESS:     110287 HIT:     109116 MISS:       1171 MSHR_MERGE:          0
cpu2->cpu2_L2C RFO          ACCESS:      16186 HIT:      16186 MISS:          0 MSHR_MERGE:          0
cpu2->cpu2_L2C PREFETCH     ACCESS:          0 HIT:          0 MISS:          0 MSHR_MERGE:          0
cpu2->cpu2_L2C WRITE        ACCESS:      29802 HIT:      29802 MISS:          0 MSHR_MERGE:          0
cpu2->cpu2_L2C TRANSLATION  ACCESS:          0 HIT:          0 MISS:          0 MSHR_MERGE:          0
cpu2->cpu2_L2C PREFETCH REQUESTED:          0 ISSUED:          0 USEFUL:          0 USELESS:          0
cpu2->cpu2_L2C AVERAGE MISS LATENCY: 88.64 cycles
cpu2->cpu2_L1I TOTAL        ACCESS:   10526255 HIT:   10519493 MISS:       6762 MSHR_MERGE:       3354
cpu2->cpu2_L1I LOAD         ACCESS:   10526255 HIT:   10519493 MISS:       6762 MSHR_MERGE:       3354
cpu2->cpu2_L1I RFO          ACCESS:          0 HIT:          0 MISS:          0 MSHR_MERGE:          0
cpu2->cpu2_L1I PREFETCH     ACCESS:          0 HIT:          0 MISS:          0 MSHR_MERGE:          0
cpu2->cpu2_L1I WRITE        ACCESS:          0 HIT:          0 MISS:          0 MSHR_MERGE:          0
cpu2->cpu2_L1I TRANSLATION  ACCESS:          0 HIT:          0 MISS:          0 MSHR_MERGE:          0
cpu2->cpu2_L1I PREFETCH REQUESTED:          0 ISSUED:          0 USEFUL:          0 USELESS:          0
cpu2->cpu2_L1I AVERAGE MISS LATENCY: 7.394 cycles
cpu2->cpu2_L1D TOTAL        ACCESS:   12848783 HIT:   12632552 MISS:     216231 MSHR_MERGE:      93165
cpu2->cpu2_L1D LOAD         ACCESS:    7187590 HIT:    7016158 MISS:     171432 MSHR_MERGE:      64553
cpu2->cpu2_L1D RFO          ACCESS:          0 HIT:          0 MISS:          0 MSHR_MERGE:          0
cpu2->cpu2_L1D PREFETCH     ACCESS:          0 HIT:          0 MISS:          0 MSHR_MERGE:          0
cpu2->cpu2_L1D WRITE        ACCESS:    5661193 HIT:    5616394 MISS:      44799 MSHR_MERGE:      28612
cpu2->cpu2_L1D TRANSLATION  ACCESS:          0 HIT:          0 MISS:          0 MSHR_MERGE:          0
cpu2->cpu2_L1D PREFETCH REQUESTED:          0 ISSUED:          0 USEFUL:          0 USELESS:          0
cpu2->cpu2_L1D AVERAGE MISS LATENCY: 8.867 cycles
cpu2->cpu2_ITLB TOTAL        ACCESS:    9460469 HIT:    9460469 MISS:          0 MSHR_MERGE:          0
cpu2->cpu2_ITLB LOAD         ACCESS:    9460469 HIT:    9460469 MISS:          0 MSHR_MERGE:          0
cpu2->cpu2_ITLB RFO          ACCESS:          0 HIT:          0 MISS:          0 MSHR_MERGE:          0
cpu2->cpu2_ITLB PREFETCH     ACCESS:          0 HIT:          0 MISS:          0 MSHR_MERGE:          0
cpu2->cpu2_ITLB WRITE        ACCESS:          0 HIT:          0 MISS:          0 MSHR_MERGE:          0
cpu2->cpu2_ITLB TRANSLATION  ACCESS:          0 HIT:          0 MISS:          0 MSHR_MERGE:          0
cpu2->cpu2_ITLB PREFETCH REQUESTED:          0 ISSUED:          0 USEFUL:          0 USELESS:          0
cpu2->cpu2_ITLB AVERAGE MISS LATENCY: - cycles
cpu2->cpu2_DTLB TOTAL        ACCESS:   11145831 HIT:   11145831 MISS:          0 MSHR_MERGE:          0
cpu2->cpu2_DTLB LOAD         ACCESS:   11145831 HIT:   11145831 MISS:          0 MSHR_MERGE:          0
cpu2->cpu2_DTLB RFO          ACCESS:          0 HIT:          0 MISS:          0 MSHR_MERGE:          0
cpu2->cpu2_DTLB PREFETCH     ACCESS:          0 HIT:          0 MISS:          0 MSHR_MERGE:          0
cpu2->cpu2_DTLB WRITE        ACCESS:          0 HIT:          0 MISS:          0 MSHR_MERGE:          0
cpu2->cpu2_DTLB TRANSLATION  ACCESS:          0 HIT:          0 MISS:          0 MSHR_MERGE:          0
cpu2->cpu2_DTLB PREFETCH REQUESTED:          0 ISSUED:          0 USEFUL:          0 USELESS:          0
cpu2->cpu2_DTLB AVERAGE MISS LATENCY: - cycles
cpu1->cpu1_L2C TOTAL        ACCESS:     156165 HIT:     154995 MISS:       1170 MSHR_MERGE:          0
cpu1->cpu1_L2C LOAD         ACCESS:     110207 HIT:     109037 MISS:       1170 MSHR_MERGE:          0
cpu1->cpu1_L2C RFO          ACCESS:      16178 HIT:      16178 MISS:          0 MSHR_MERGE:          0
cpu1->cpu1_L2C PREFETCH     ACCESS:          0 HIT:          0 MISS:          0 MSHR_MERGE:          0
cpu1->cpu1_L2C WRITE        ACCESS:      29780 HIT:      29780 MISS:          0 MSHR_MERGE:          0
cpu1->cpu1_L2C TRANSLATION  ACCESS:          0 HIT:          0 MISS:          0 MSHR_MERGE:          0
cpu1->cpu1_L2C PREFETCH REQUESTED:          0 ISSUED:          0 USEFUL:          0 USELESS:          0
cpu1->cpu1_L2C AVERAGE MISS LATENCY: 88.62 cycles
cpu1->cpu1_L1I TOTAL        ACCESS:   10517576 HIT:   10510811 MISS:       6765 MSHR_MERGE:       3357
cpu1->cpu1_L1I LOAD         ACCESS:   10517576 HIT:   10510811 MISS:       6765 MSHR_MERGE:       3357
cpu1->cpu1_L1I RFO          ACCESS:          0 HIT:          0 MISS:          0 MSHR_MERGE:          0
cpu1->cpu1_L1I PREFETCH     ACCESS:          0 HIT:          0 MISS:          0 MSHR_MERGE:          0
cpu1->cpu1_L1I WRITE        ACCESS:          0 HIT:          0 MISS:          0 MSHR_MERGE:          0
cpu1->cpu1_L1I TRANSLATION  ACCESS:          0 HIT:          0 MISS:          0 MSHR_MERGE:          0
cpu1->cpu1_L1I PREFETCH REQUESTED:          0 ISSUED:          0 USEFUL:          0 USELESS:          0
cpu1->cpu1_L1I AVERAGE MISS LATENCY: 7.395 cycles
cpu1->cpu1_L1D TOTAL        ACCESS:   12832567 HIT:   12616399 MISS:     216168 MSHR_MERGE:      93191
cpu1->cpu1_L1D LOAD         ACCESS:    7178315 HIT:    7006926 MISS:     171389 MSHR_MERGE:      64590
cpu1->cpu1_L1D RFO          ACCESS:          0 HIT:          0 MISS:          0 MSHR_MERGE:          0
cpu1->cpu1_L1D PREFETCH     ACCESS:          0 HIT:          0 MISS:          0 MSHR_MERGE:          0
cpu1->cpu1_L1D WRITE        ACCESS:    5654252 HIT:    5609473 MISS:      44779 MSHR_MERGE:      28601
cpu1->cpu1_L1D TRANSLATION  ACCESS:          0 HIT:          0 MISS:          0 MSHR_MERGE:          0
cpu1->cpu1_L1D PREFETCH REQUESTED:          0 ISSUED:          0 USEFUL:          0 USELESS:          0
cpu1->cpu1_L1D AVERAGE MISS LATENCY: 8.866 cycles
cpu1->cpu1_ITLB TOTAL        ACCESS:    9472088 HIT:    9472088 MISS:          0 MSHR_MERGE:          0
cpu1->cpu1_ITLB LOAD         ACCESS:    9472088 HIT:    9472088 MISS:          0 MSHR_MERGE:          0
cpu1->cpu1_ITLB RFO          ACCESS:          0 HIT:          0 MISS:          0 MSHR_MERGE:          0
cpu1->cpu1_ITLB PREFETCH     ACCESS:          0 HIT:          0 MISS:          0 MSHR_MERGE:          0
cpu1->cpu1_ITLB WRITE        ACCESS:          0 HIT:          0 MISS:          0 MSHR_MERGE:          0
cpu1->cpu1_ITLB TRANSLATION  ACCESS:          0 HIT:          0 MISS:          0 MSHR_MERGE:          0
cpu1->cpu1_ITLB PREFETCH REQUESTED:          0 ISSUED:          0 USEFUL:          0 USELESS:          0
cpu1->cpu1_ITLB AVERAGE MISS LATENCY: - cycles
cpu1->cpu1_DTLB TOTAL        ACCESS:   11133816 HIT:   11133816 MISS:          0 MSHR_MERGE:          0
cpu1->cpu1_DTLB LOAD         ACCESS:   11133816 HIT:   11133816 MISS:          0 MSHR_MERGE:          0
cpu1->cpu1_DTLB RFO          ACCESS:          0 HIT:          0 MISS:          0 MSHR_MERGE:          0
cpu1->cpu1_DTLB PREFETCH     ACCESS:          0 HIT:          0 MISS:          0 MSHR_MERGE:          0
cpu1->cpu1_DTLB WRITE        ACCESS:          0 HIT:          0 MISS:          0 MSHR_MERGE:          0
cpu1->cpu1_DTLB TRANSLATION  ACCESS:          0 HIT:          0 MISS:          0 MSHR_MERGE:          0
cpu1->cpu1_DTLB PREFETCH REQUESTED:          0 ISSUED:          0 USEFUL:          0 USELESS:          0
cpu1->cpu1_DTLB AVERAGE MISS LATENCY: - cycles
cpu0->cpu0_L2C TOTAL        ACCESS:     156299 HIT:     155130 MISS:       1169 MSHR_MERGE:          0
cpu0->cpu0_L2C LOAD         ACCESS:     110314 HIT:     109145 MISS:       1169 MSHR_MERGE:          0
cpu0->cpu0_L2C RFO          ACCESS:      16175 HIT:      16175 MISS:          0 MSHR_MERGE:          0
cpu0->cpu0_L2C PREFETCH     ACCESS:          0 HIT:          0 MISS:          0 MSHR_MERGE:          0
cpu0->cpu0_L2C WRITE        ACCESS:      29810 HIT:      29810 MISS:          0 MSHR_MERGE:          0
cpu0->cpu0_L2C TRANSLATION  ACCESS:          0 HIT:          0 MISS:          0 MSHR_MERGE:          0
cpu0->cpu0_L2C PREFETCH REQUESTED:          0 ISSUED:          0 USEFUL:          0 USELESS:          0
cpu0->cpu0_L2C AVERAGE MISS LATENCY: 89.14 cycles
cpu0->cpu0_L1I TOTAL        ACCESS:   10528491 HIT:   10521727 MISS:       6764 MSHR_MERGE:       3355
cpu0->cpu0_L1I LOAD         ACCESS:   10528491 HIT:   10521727 MISS:       6764 MSHR_MERGE:       3355
cpu0->cpu0_L1I RFO          ACCESS:          0 HIT:          0 MISS:          0 MSHR_MERGE:          0
cpu0->cpu0_L1I PREFETCH     ACCESS:          0 HIT:          0 MISS:          0 MSHR_MERGE:          0
cpu0->cpu0_L1I WRITE        ACCESS:          0 HIT:          0 MISS:          0 MSHR_MERGE:          0
cpu0->cpu0_L1I TRANSLATION  ACCESS:          0 HIT:          0 MISS:          0 MSHR_MERGE:          0
cpu0->cpu0_L1I PREFETCH REQUESTED:          0 ISSUED:          0 USEFUL:          0 USELESS:          0
cpu0->cpu0_L1I AVERAGE MISS LATENCY: 7.422 cycles
cpu0->cpu0_L1D TOTAL        ACCESS:   12855749 HIT:   12639400 MISS:     216349 MSHR_MERGE:      93266
cpu0->cpu0_L1D LOAD         ACCESS:    7191940 HIT:    7020421 MISS:     171519 MSHR_MERGE:      64614
cpu0->cpu0_L1D RFO          ACCESS:          0 HIT:          0 MISS:          0 MSHR_MERGE:          0
cpu0->cpu0_L1D PREFETCH     ACCESS:          0 HIT:          0 MISS:          0 MSHR_MERGE:          0
cpu0->cpu0_L1D WRITE        ACCESS:    5663809 HIT:    5618979 MISS:      44830 MSHR_MERGE:      28652
cpu0->cpu0_L1D TRANSLATION  ACCESS:          0 HIT:          0 MISS:          0 MSHR_MERGE:          0
cpu0->cpu0_L1D PREFETCH REQUESTED:          0 ISSUED:          0 USEFUL:          0 USELESS:          0
cpu0->cpu0_L1D AVERAGE MISS LATENCY: 8.87 cycles
cpu0->cpu0_ITLB TOTAL        ACCESS:    9481870 HIT:    9481870 MISS:          0 MSHR_MERGE:          0
cpu0->cpu0_ITLB LOAD         ACCESS:    9481870 HIT:    9481870 MISS:          0 MSHR_MERGE:          0
cpu0->cpu0_ITLB RFO          ACCESS:          0 HIT:          0 MISS:          0 MSHR_MERGE:          0
cpu0->cpu0_ITLB PREFETCH     ACCESS:          0 HIT:          0 MISS:          0 MSHR_MERGE:          0
cpu0->cpu0_ITLB WRITE        ACCESS:          0 HIT:          0 MISS:          0 MSHR_MERGE:          0
cpu0->cpu0_ITLB TRANSLATION  ACCESS:          0 HIT:          0 MISS:          0 MSHR_MERGE:          0
cpu0->cpu0_ITLB PREFETCH REQUESTED:          0 ISSUED:          0 USEFUL:          0 USELESS:          0
cpu0->cpu0_ITLB AVERAGE MISS LATENCY: - cycles
cpu0->cpu0_DTLB TOTAL        ACCESS:   11186031 HIT:   11186031 MISS:          0 MSHR_MERGE:          0
cpu0->cpu0_DTLB LOAD         ACCESS:   11186031 HIT:   11186031 MISS:          0 MSHR_MERGE:          0
cpu0->cpu0_DTLB RFO          ACCESS:          0 HIT:          0 MISS:          0 MSHR_MERGE:          0
cpu0->cpu0_DTLB PREFETCH     ACCESS:          0 HIT:          0 MISS:          0 MSHR_MERGE:          0
cpu0->cpu0_DTLB WRITE        ACCESS:          0 HIT:          0 MISS:          0 MSHR_MERGE:          0
cpu0->cpu0_DTLB TRANSLATION  ACCESS:          0 HIT:          0 MISS:          0 MSHR_MERGE:          0
cpu0->cpu0_DTLB PREFETCH REQUESTED:          0 ISSUED:          0 USEFUL:          0 USELESS:          0
cpu0->cpu0_DTLB AVERAGE MISS LATENCY: - cycles
cpu0->LLC TOTAL        ACCESS:       1195 HIT:        642 MISS:        553 MSHR_MERGE:          0
cpu0->LLC LOAD         ACCESS:       1169 HIT:        620 MISS:        549 MSHR_MERGE:          0
cpu0->LLC RFO          ACCESS:          0 HIT:          0 MISS:          0 MSHR_MERGE:          0
cpu0->LLC PREFETCH     ACCESS:          0 HIT:          0 MISS:          0 MSHR_MERGE:          0
cpu0->LLC WRITE        ACCESS:         26 HIT:         22 MISS:          4 MSHR_MERGE:          0
cpu0->LLC TRANSLATION  ACCESS:          0 HIT:          0 MISS:          0 MSHR_MERGE:          0
cpu0->LLC PREFETCH REQUESTED:          0 ISSUED:          0 USEFUL:          0 USELESS:          0
cpu0->LLC AVERAGE MISS LATENCY: 1246 cycles
cpu1->LLC TOTAL        ACCESS:       1196 HIT:        644 MISS:        552 MSHR_MERGE:          0
cpu1->LLC LOAD         ACCESS:       1170 HIT:        621 MISS:        549 MSHR_MERGE:          0
cpu1->LLC RFO          ACCESS:          0 HIT:          0 MISS:          0 MSHR_MERGE:          0
cpu1->LLC PREFETCH     ACCESS:          0 HIT:          0 MISS:          0 MSHR_MERGE:          0
cpu1->LLC WRITE        ACCESS:         26 HIT:         23 MISS:          3 MSHR_MERGE:          0
cpu1->LLC TRANSLATION  ACCESS:          0 HIT:          0 MISS:          0 MSHR_MERGE:          0
cpu1->LLC PREFETCH REQUESTED:          0 ISSUED:          0 USEFUL:          0 USELESS:          0
cpu1->LLC AVERAGE MISS LATENCY: 1248 cycles
cpu2->LLC TOTAL        ACCESS:       1197 HIT:        644 MISS:        553 MSHR_MERGE:          0
cpu2->LLC LOAD         ACCESS:       1171 HIT:        621 MISS:        550 MSHR_MERGE:          0
cpu2->LLC RFO          ACCESS:          0 HIT:          0 MISS:          0 MSHR_MERGE:          0
cpu2->LLC PREFETCH     ACCESS:          0 HIT:          0 MISS:          0 MSHR_MERGE:          0
cpu2->LLC WRITE        ACCESS:         26 HIT:         23 MISS:          3 MSHR_MERGE:          0
cpu2->LLC TRANSLATION  ACCESS:          0 HIT:          0 MISS:          0 MSHR_MERGE:          0
cpu2->LLC PREFETCH REQUESTED:          0 ISSUED:          0 USEFUL:          0 USELESS:          0
cpu2->LLC AVERAGE MISS LATENCY: 1246 cycles
cpu3->LLC TOTAL        ACCESS:       1197 HIT:        643 MISS:        554 MSHR_MERGE:          0
cpu3->LLC LOAD         ACCESS:       1171 HIT:        621 MISS:        550 MSHR_MERGE:          0
cpu3->LLC RFO          ACCESS:          0 HIT:          0 MISS:          0 MSHR_MERGE:          0
cpu3->LLC PREFETCH     ACCESS:          0 HIT:          0 MISS:          0 MSHR_MERGE:          0
cpu3->LLC WRITE        ACCESS:         26 HIT:         22 MISS:          4 MSHR_MERGE:          0
cpu3->LLC TRANSLATION  ACCESS:          0 HIT:          0 MISS:          0 MSHR_MERGE:          0
cpu3->LLC PREFETCH REQUESTED:          0 ISSUED:          0 USEFUL:          0 USELESS:          0
cpu3->LLC AVERAGE MISS LATENCY: 1244 cycles
cpu4->LLC TOTAL        ACCESS:       1197 HIT:        644 MISS:        553 MSHR_MERGE:          0
cpu4->LLC LOAD         ACCESS:       1171 HIT:        621 MISS:        550 MSHR_MERGE:          0
cpu4->LLC RFO          ACCESS:          0 HIT:          0 MISS:          0 MSHR_MERGE:          0
cpu4->LLC PREFETCH     ACCESS:          0 HIT:          0 MISS:          0 MSHR_MERGE:          0
cpu4->LLC WRITE        ACCESS:         26 HIT:         23 MISS:          3 MSHR_MERGE:          0
cpu4->LLC TRANSLATION  ACCESS:          0 HIT:          0 MISS:          0 MSHR_MERGE:          0
cpu4->LLC PREFETCH REQUESTED:          0 ISSUED:          0 USEFUL:          0 USELESS:          0
cpu4->LLC AVERAGE MISS LATENCY: 1246 cycles
cpu5->LLC TOTAL        ACCESS:       1197 HIT:        644 MISS:        553 MSHR_MERGE:          0
cpu5->LLC LOAD         ACCESS:       1171 HIT:        621 MISS:        550 MSHR_MERGE:          0
cpu5->LLC RFO          ACCESS:          0 HIT:          0 MISS:          0 MSHR_MERGE:          0
cpu5->LLC PREFETCH     ACCESS:          0 HIT:          0 MISS:          0 MSHR_MERGE:          0
cpu5->LLC WRITE        ACCESS:         26 HIT:         23 MISS:          3 MSHR_MERGE:          0
cpu5->LLC TRANSLATION  ACCESS:          0 HIT:          0 MISS:          0 MSHR_MERGE:          0
cpu5->LLC PREFETCH REQUESTED:          0 ISSUED:          0 USEFUL:          0 USELESS:          0
cpu5->LLC AVERAGE MISS LATENCY: 1246 cycles
cpu6->LLC TOTAL        ACCESS:       1197 HIT:        645 MISS:        552 MSHR_MERGE:          0
cpu6->LLC LOAD         ACCESS:       1171 HIT:        622 MISS:        549 MSHR_MERGE:          0
cpu6->LLC RFO          ACCESS:          0 HIT:          0 MISS:          0 MSHR_MERGE:          0
cpu6->LLC PREFETCH     ACCESS:          0 HIT:          0 MISS:          0 MSHR_MERGE:          0
cpu6->LLC WRITE        ACCESS:         26 HIT:         23 MISS:          3 MSHR_MERGE:          0
cpu6->LLC TRANSLATION  ACCESS:          0 HIT:          0 MISS:          0 MSHR_MERGE:          0
cpu6->LLC PREFETCH REQUESTED:          0 ISSUED:          0 USEFUL:          0 USELESS:          0
cpu6->LLC AVERAGE MISS LATENCY: 1248 cycles
cpu7->LLC TOTAL        ACCESS:       1196 HIT:        643 MISS:        553 MSHR_MERGE:          0
cpu7->LLC LOAD         ACCESS:       1170 HIT:        620 MISS:        550 MSHR_MERGE:          0
cpu7->LLC RFO          ACCESS:          0 HIT:          0 MISS:          0 MSHR_MERGE:          0
cpu7->LLC PREFETCH     ACCESS:          0 HIT:          0 MISS:          0 MSHR_MERGE:          0
cpu7->LLC WRITE        ACCESS:         26 HIT:         23 MISS:          3 MSHR_MERGE:          0
cpu7->LLC TRANSLATION  ACCESS:          0 HIT:          0 MISS:          0 MSHR_MERGE:          0
cpu7->LLC PREFETCH REQUESTED:          0 ISSUED:          0 USEFUL:          0 USELESS:          0
cpu7->LLC AVERAGE MISS LATENCY: 1246 cycles

Region of Interest Statistics

CPU 7 cumulative IPC: 2.859 instructions: 50000000 cycles: 17486265
CPU 7 Branch Prediction Accuracy: 100% MPKI: 0 Average ROB Occupancy at Mispredict: -
Branch type MPKI
BRANCH_DIRECT_JUMP: 0
BRANCH_INDIRECT: 0
BRANCH_CONDITIONAL: 0
BRANCH_DIRECT_CALL: 0
BRANCH_INDIRECT_CALL: 0
BRANCH_RETURN: 0


CPU 6 cumulative IPC: 2.861 instructions: 50000002 cycles: 17474112
CPU 6 Branch Prediction Accuracy: 100% MPKI: 0 Average ROB Occupancy at Mispredict: -
Branch type MPKI
BRANCH_DIRECT_JUMP: 0
BRANCH_INDIRECT: 0
BRANCH_CONDITIONAL: 0
BRANCH_DIRECT_CALL: 0
BRANCH_INDIRECT_CALL: 0
BRANCH_RETURN: 0


CPU 5 cumulative IPC: 2.86 instructions: 50000000 cycles: 17481624
CPU 5 Branch Prediction Accuracy: 100% MPKI: 0 Average ROB Occupancy at Mispredict: -
Branch type MPKI
BRANCH_DIRECT_JUMP: 0
BRANCH_INDIRECT: 0
BRANCH_CONDITIONAL: 0
BRANCH_DIRECT_CALL: 0
BRANCH_INDIRECT_CALL: 0
BRANCH_RETURN: 0


CPU 4 cumulative IPC: 2.861 instructions: 50000002 cycles: 17479012
CPU 4 Branch Prediction Accuracy: 100% MPKI: 0 Average ROB Occupancy at Mispredict: -
Branch type MPKI
BRANCH_DIRECT_JUMP: 0
BRANCH_INDIRECT: 0
BRANCH_CONDITIONAL: 0
BRANCH_DIRECT_CALL: 0
BRANCH_INDIRECT_CALL: 0
BRANCH_RETURN: 0


CPU 3 cumulative IPC: 2.861 instructions: 50000002 cycles: 17474854
CPU 3 Branch Prediction Accuracy: 100% MPKI: 0 Average ROB Occupancy at Mispredict: -
Branch type MPKI
BRANCH_DIRECT_JUMP: 0
BRANCH_INDIRECT: 0
BRANCH_CONDITIONAL: 0
BRANCH_DIRECT_CALL: 0
BRANCH_INDIRECT_CALL: 0
BRANCH_RETURN: 0


CPU 2 cumulative IPC: 2.86 instructions: 50000003 cycles: 17481771
CPU 2 Branch Prediction Accuracy: 100% MPKI: 0 Average ROB Occupancy at Mispredict: -
Branch type MPKI
BRANCH_DIRECT_JUMP: 0
BRANCH_INDIRECT: 0
BRANCH_CONDITIONAL: 0
BRANCH_DIRECT_CALL: 0
BRANCH_INDIRECT_CALL: 0
BRANCH_RETURN: 0


CPU 1 cumulative IPC: 2.857 instructions: 50000002 cycles: 17500641
CPU 1 Branch Prediction Accuracy: 100% MPKI: 0 Average ROB Occupancy at Mispredict: -
Branch type MPKI
BRANCH_DIRECT_JUMP: 0
BRANCH_INDIRECT: 0
BRANCH_CONDITIONAL: 0
BRANCH_DIRECT_CALL: 0
BRANCH_INDIRECT_CALL: 0
BRANCH_RETURN: 0


CPU 0 cumulative IPC: 2.861 instructions: 50000003 cycles: 17475199
CPU 0 Branch Prediction Accuracy: 100% MPKI: 0 Average ROB Occupancy at Mispredict: -
Branch type MPKI
BRANCH_DIRECT_JUMP: 0
BRANCH_INDIRECT: 0
BRANCH_CONDITIONAL: 0
BRANCH_DIRECT_CALL: 0
BRANCH_INDIRECT_CALL: 0
BRANCH_RETURN: 0

cpu7->cpu7_L2C TOTAL        ACCESS:     156251 HIT:     155081 MISS:       1170 MSHR_MERGE:          0
cpu7->cpu7_L2C LOAD         ACCESS:     110271 HIT:     109101 MISS:       1170 MSHR_MERGE:          0
cpu7->cpu7_L2C RFO          ACCESS:      16183 HIT:      16183 MISS:          0 MSHR_MERGE:          0
cpu7->cpu7_L2C PREFETCH     ACCESS:          0 HIT:          0 MISS:          0 MSHR_MERGE:          0
cpu7->cpu7_L2C WRITE        ACCESS:      29797 HIT:      29797 MISS:          0 MSHR_MERGE:          0
cpu7->cpu7_L2C TRANSLATION  ACCESS:          0 HIT:          0 MISS:          0 MSHR_MERGE:          0
cpu7->cpu7_L2C PREFETCH REQUESTED:          0 ISSUED:          0 USEFUL:          0 USELESS:          0
cpu7->cpu7_L2C AVERAGE MISS LATENCY: 88.77 cycles
cpu7->cpu7_L1I TOTAL        ACCESS:   10524090 HIT:   10517330 MISS:       6760 MSHR_MERGE:       3351
cpu7->cpu7_L1I LOAD         ACCESS:   10524090 HIT:   10517330 MISS:       6760 MSHR_MERGE:       3351
cpu7->cpu7_L1I RFO          ACCESS:          0 HIT:          0 MISS:          0 MSHR_MERGE:          0
cpu7->cpu7_L1I PREFETCH     ACCESS:          0 HIT:          0 MISS:          0 MSHR_MERGE:          0
cpu7->cpu7_L1I WRITE        ACCESS:          0 HIT:          0 MISS:          0 MSHR_MERGE:          0
cpu7->cpu7_L1I TRANSLATION  ACCESS:          0 HIT:          0 MISS:          0 MSHR_MERGE:          0
cpu7->cpu7_L1I PREFETCH REQUESTED:          0 ISSUED:          0 USEFUL:          0 USELESS:          0
cpu7->cpu7_L1I AVERAGE MISS LATENCY: 7.396 cycles
cpu7->cpu7_L1D TOTAL        ACCESS:   12842076 HIT:   12625945 MISS:     216131 MSHR_MERGE:      93085
cpu7->cpu7_L1D LOAD         ACCESS:    7183482 HIT:    7012104 MISS:     171378 MSHR_MERGE:      64516
cpu7->cpu7_L1D RFO          ACCESS:          0 HIT:          0 MISS:          0 MSHR_MERGE:          0
cpu7->cpu7_L1D PREFETCH     ACCESS:          0 HIT:          0 MISS:          0 MSHR_MERGE:          0
cpu7->cpu7_L1D WRITE        ACCESS:    5658594 HIT:    5613841 MISS:      44753 MSHR_MERGE:      28569
cpu7->cpu7_L1D TRANSLATION  ACCESS:          0 HIT:          0 MISS:          0 MSHR_MERGE:          0
cpu7->cpu7_L1D PREFETCH REQUESTED:          0 ISSUED:          0 USEFUL:          0 USELESS:          0
cpu7->cpu7_L1D AVERAGE MISS LATENCY: 8.868 cycles
cpu7->cpu7_ITLB TOTAL        ACCESS:    9457415 HIT:    9457415 MISS:          0 MSHR_MERGE:          0
cpu7->cpu7_ITLB LOAD         ACCESS:    9457415 HIT:    9457415 MISS:          0 MSHR_MERGE:          0
cpu7->cpu7_ITLB RFO          ACCESS:          0 HIT:          0 MISS:          0 MSHR_MERGE:          0
cpu7->cpu7_ITLB PREFETCH     ACCESS:          0 HIT:          0 MISS:          0 MSHR_MERGE:          0
cpu7->cpu7_ITLB WRITE        ACCESS:          0 HIT:          0 MISS:          0 MSHR_MERGE:          0
cpu7->cpu7_ITLB TRANSLATION  ACCESS:          0 HIT:          0 MISS:          0 MSHR_MERGE:          0
cpu7->cpu7_ITLB PREFETCH REQUESTED:          0 ISSUED:          0 USEFUL:          0 USELESS:          0
cpu7->cpu7_ITLB AVERAGE MISS LATENCY: - cycles
cpu7->cpu7_DTLB TOTAL        ACCESS:   11144969 HIT:   11144969 MISS:          0 MSHR_MERGE:          0
cpu7->cpu7_DTLB LOAD         ACCESS:   11144969 HIT:   11144969 MISS:          0 MSHR_MERGE:          0
cpu7->cpu7_DTLB RFO          ACCESS:          0 HIT:          0 MISS:          0 MSHR_MERGE:          0
cpu7->cpu7_DTLB PREFETCH     ACCESS:          0 HIT:          0 MISS:          0 MSHR_MERGE:          0
cpu7->cpu7_DTLB WRITE        ACCESS:          0 HIT:          0 MISS:          0 MSHR_MERGE:          0
cpu7->cpu7_DTLB TRANSLATION  ACCESS:          0 HIT:          0 MISS:          0 MSHR_MERGE:          0
cpu7->cpu7_DTLB PREFETCH REQUESTED:          0 ISSUED:          0 USEFUL:          0 USELESS:          0
cpu7->cpu7_DTLB AVERAGE MISS LATENCY: - cycles
cpu6->cpu6_L2C TOTAL        ACCESS:     156306 HIT:     155135 MISS:       1171 MSHR_MERGE:          0
cpu6->cpu6_L2C LOAD         ACCESS:     110314 HIT:     109143 MISS:       1171 MSHR_MERGE:          0
cpu6->cpu6_L2C RFO          ACCESS:      16182 HIT:      16182 MISS:          0 MSHR_MERGE:          0
cpu6->cpu6_L2C PREFETCH     ACCESS:          0 HIT:          0 MISS:          0 MSHR_MERGE:          0
cpu6->cpu6_L2C WRITE        ACCESS:      29810 HIT:      29810 MISS:          0 MSHR_MERGE:          0
cpu6->cpu6_L2C TRANSLATION  ACCESS:          0 HIT:          0 MISS:          0 MSHR_MERGE:          0
cpu6->cpu6_L2C PREFETCH REQUESTED:          0 ISSUED:          0 USEFUL:          0 USELESS:          0
cpu6->cpu6_L2C AVERAGE MISS LATENCY: 89.73 cycles
cpu6->cpu6_L1I TOTAL        ACCESS:   10526268 HIT:   10519505 MISS:       6763 MSHR_MERGE:       3353
cpu6->cpu6_L1I LOAD         ACCESS:   10526268 HIT:   10519505 MISS:       6763 MSHR_MERGE:       3353
cpu6->cpu6_L1I RFO          ACCESS:          0 HIT:          0 MISS:          0 MSHR_MERGE:          0
cpu6->cpu6_L1I PREFETCH     ACCESS:          0 HIT:          0 MISS:          0 MSHR_MERGE:          0
cpu6->cpu6_L1I WRITE        ACCESS:          0 HIT:          0 MISS:          0 MSHR_MERGE:          0
cpu6->cpu6_L1I TRANSLATION  ACCESS:          0 HIT:          0 MISS:          0 MSHR_MERGE:          0
cpu6->cpu6_L1I PREFETCH REQUESTED:          0 ISSUED:          0 USEFUL:          0 USELESS:          0
cpu6->cpu6_L1I AVERAGE MISS LATENCY: 7.405 cycles
cpu6->cpu6_L1D TOTAL        ACCESS:   12853284 HIT:   12636771 MISS:     216513 MSHR_MERGE:      93426
cpu6->cpu6_L1D LOAD         ACCESS:    7189960 HIT:    7018276 MISS:     171684 MSHR_MERGE:      64780
cpu6->cpu6_L1D RFO          ACCESS:          0 HIT:          0 MISS:          0 MSHR_MERGE:          0
cpu6->cpu6_L1D PREFETCH     ACCESS:          0 HIT:          0 MISS:          0 MSHR_MERGE:          0
cpu6->cpu6_L1D WRITE        ACCESS:    5663324 HIT:    5618495 MISS:      44829 MSHR_MERGE:      28646
cpu6->cpu6_L1D TRANSLATION  ACCESS:          0 HIT:          0 MISS:          0 MSHR_MERGE:          0
cpu6->cpu6_L1D PREFETCH REQUESTED:          0 ISSUED:          0 USEFUL:          0 USELESS:          0
cpu6->cpu6_L1D AVERAGE MISS LATENCY: 8.877 cycles
cpu6->cpu6_ITLB TOTAL        ACCESS:    9460435 HIT:    9460435 MISS:          0 MSHR_MERGE:          0
cpu6->cpu6_ITLB LOAD         ACCESS:    9460435 HIT:    9460435 MISS:          0 MSHR_MERGE:          0
cpu6->cpu6_ITLB RFO          ACCESS:          0 HIT:          0 MISS:          0 MSHR_MERGE:          0
cpu6->cpu6_ITLB PREFETCH     ACCESS:          0 HIT:          0 MISS:          0 MSHR_MERGE:          0
cpu6->cpu6_ITLB WRITE        ACCESS:          0 HIT:          0 MISS:          0 MSHR_MERGE:          0
cpu6->cpu6_ITLB TRANSLATION  ACCESS:          0 HIT:          0 MISS:          0 MSHR_MERGE:          0
cpu6->cpu6_ITLB PREFETCH REQUESTED:          0 ISSUED:          0 USEFUL:          0 USELESS:          0
cpu6->cpu6_ITLB AVERAGE MISS LATENCY: - cycles
cpu6->cpu6_DTLB TOTAL        ACCESS:   11182841 HIT:   11182841 MISS:          0 MSHR_MERGE:          0
cpu6->cpu6_DTLB LOAD         ACCESS:   11182841 HIT:   11182841 MISS:          0 MSHR_MERGE:          0
cpu6->cpu6_DTLB RFO          ACCESS:          0 HIT:          0 MISS:          0 MSHR_MERGE:          0
cpu6->cpu6_DTLB PREFETCH     ACCESS:          0 HIT:          0 MISS:          0 MSHR_MERGE:          0
cpu6->cpu6_DTLB WRITE        ACCESS:          0 HIT:          0 MISS:          0 MSHR_MERGE:          0
cpu6->cpu6_DTLB TRANSLATION  ACCESS:          0 HIT:          0 MISS:          0 MSHR_MERGE:          0
cpu6->cpu6_DTLB PREFETCH REQUESTED:          0 ISSUED:          0 USEFUL:          0 USELESS:          0
cpu6->cpu6_DTLB AVERAGE MISS LATENCY: - cycles
cpu5->cpu5_L2C TOTAL        ACCESS:     156276 HIT:     155105 MISS:       1171 MSHR_MERGE:          0
cpu5->cpu5_L2C LOAD         ACCESS:     110293 HIT:     109122 MISS:       1171 MSHR_MERGE:          0
cpu5->cpu5_L2C RFO          ACCESS:      16179 HIT:      16179 MISS:          0 MSHR_MERGE:          0
cpu5->cpu5_L2C PREFETCH     ACCESS:          0 HIT:          0 MISS:          0 MSHR_MERGE:          0
cpu5->cpu5_L2C WRITE        ACCESS:      29804 HIT:      29804 MISS:          0 MSHR_MERGE:          0
cpu5->cpu5_L2C TRANSLATION  ACCESS:          0 HIT:          0 MISS:          0 MSHR_MERGE:          0
cpu5->cpu5_L2C PREFETCH REQUESTED:          0 ISSUED:          0 USEFUL:          0 USELESS:          0
cpu5->cpu5_L2C AVERAGE MISS LATENCY: 89.52 cycles
cpu5->cpu5_L1I TOTAL        ACCESS:   10525788 HIT:   10519031 MISS:       6757 MSHR_MERGE:       3349
cpu5->cpu5_L1I LOAD         ACCESS:   10525788 HIT:   10519031 MISS:       6757 MSHR_MERGE:       3349
cpu5->cpu5_L1I RFO          ACCESS:          0 HIT:          0 MISS:          0 MSHR_MERGE:          0
cpu5->cpu5_L1I PREFETCH     ACCESS:          0 HIT:          0 MISS:          0 MSHR_MERGE:          0
cpu5->cpu5_L1I WRITE        ACCESS:          0 HIT:          0 MISS:          0 MSHR_MERGE:          0
cpu5->cpu5_L1I TRANSLATION  ACCESS:          0 HIT:          0 MISS:          0 MSHR_MERGE:          0
cpu5->cpu5_L1I PREFETCH REQUESTED:          0 ISSUED:          0 USEFUL:          0 USELESS:          0
cpu5->cpu5_L1I AVERAGE MISS LATENCY: 7.399 cycles
cpu5->cpu5_L1D TOTAL        ACCESS:   12848560 HIT:   12632233 MISS:     216327 MSHR_MERGE:      93260
cpu5->cpu5_L1D LOAD         ACCESS:    7187171 HIT:    7015692 MISS:     171479 MSHR_MERGE:      64594
cpu5->cpu5_L1D RFO          ACCESS:          0 HIT:          0 MISS:          0 MSHR_MERGE:          0
cpu5->cpu5_L1D PREFETCH     ACCESS:          0 HIT:          0 MISS:          0 MSHR_MERGE:          0
cpu5->cpu5_L1D WRITE        ACCESS:    5661389 HIT:    5616541 MISS:      44848 MSHR_MERGE:      28666
cpu5->cpu5_L1D TRANSLATION  ACCESS:          0 HIT:          0 MISS:          0 MSHR_MERGE:          0
cpu5->cpu5_L1D PREFETCH REQUESTED:          0 ISSUED:          0 USEFUL:          0 USELESS:          0
cpu5->cpu5_L1D AVERAGE MISS LATENCY: 8.871 cycles
cpu5->cpu5_ITLB TOTAL        ACCESS:    9458446 HIT:    9458446 MISS:          0 MSHR_MERGE:          0
cpu5->cpu5_ITLB LOAD         ACCESS:    9458446 HIT:    9458446 MISS:          0 MSHR_MERGE:          0
cpu5->cpu5_ITLB RFO          ACCESS:          0 HIT:          0 MISS:          0 MSHR_MERGE:          0
cpu5->cpu5_ITLB PREFETCH     ACCESS:          0 HIT:          0 MISS:          0 MSHR_MERGE:          0
cpu5->cpu5_ITLB WRITE        ACCESS:          0 HIT:          0 MISS:          0 MSHR_MERGE:          0
cpu5->cpu5_ITLB TRANSLATION  ACCESS:          0 HIT:          0 MISS:          0 MSHR_MERGE:          0
cpu5->cpu5_ITLB PREFETCH REQUESTED:          0 ISSUED:          0 USEFUL:          0 USELESS:          0
cpu5->cpu5_ITLB AVERAGE MISS LATENCY: - cycles
cpu5->cpu5_DTLB TOTAL        ACCESS:   11146667 HIT:   11146667 MISS:          0 MSHR_MERGE:          0
cpu5->cpu5_DTLB LOAD         ACCESS:   11146667 HIT:   11146667 MISS:          0 MSHR_MERGE:          0
cpu5->cpu5_DTLB RFO          ACCESS:          0 HIT:          0 MISS:          0 MSHR_MERGE:          0
cpu5->cpu5_DTLB PREFETCH     ACCESS:          0 HIT:          0 MISS:          0 MSHR_MERGE:          0
cpu5->cpu5_DTLB WRITE        ACCESS:          0 HIT:          0 MISS:          0 MSHR_MERGE:          0
cpu5->cpu5_DTLB TRANSLATION  ACCESS:          0 HIT:          0 MISS:          0 MSHR_MERGE:          0
cpu5->cpu5_DTLB PREFETCH REQUESTED:          0 ISSUED:          0 USEFUL:          0 USELESS:          0
cpu5->cpu5_DTLB AVERAGE MISS LATENCY: - cycles
cpu4->cpu4_L2C TOTAL        ACCESS:     156285 HIT:     155114 MISS:       1171 MSHR_MERGE:          0
cpu4->cpu4_L2C LOAD         ACCESS:     110298 HIT:     109127 MISS:       1171 MSHR_MERGE:          0
cpu4->cpu4_L2C RFO          ACCESS:      16183 HIT:      16183 MISS:          0 MSHR_MERGE:          0
cpu4->cpu4_L2C PREFETCH     ACCESS:          0 HIT:          0 MISS:          0 MSHR_MERGE:          0
cpu4->cpu4_L2C WRITE        ACCESS:      29804 HIT:      29804 MISS:          0 MSHR_MERGE:          0
cpu4->cpu4_L2C TRANSLATION  ACCESS:          0 HIT:          0 MISS:          0 MSHR_MERGE:          0
cpu4->cpu4_L2C PREFETCH REQUESTED:          0 ISSUED:          0 USEFUL:          0 USELESS:          0
cpu4->cpu4_L2C AVERAGE MISS LATENCY: 88.59 cycles
cpu4->cpu4_L1I TOTAL        ACCESS:   10527656 HIT:   10520904 MISS:       6752 MSHR_MERGE:       3342
cpu4->cpu4_L1I LOAD         ACCESS:   10527656 HIT:   10520904 MISS:       6752 MSHR_MERGE:       3342
cpu4->cpu4_L1I RFO          ACCESS:          0 HIT:          0 MISS:          0 MSHR_MERGE:          0
cpu4->cpu4_L1I PREFETCH     ACCESS:          0 HIT:          0 MISS:          0 MSHR_MERGE:          0
cpu4->cpu4_L1I WRITE        ACCESS:          0 HIT:          0 MISS:          0 MSHR_MERGE:          0
cpu4->cpu4_L1I TRANSLATION  ACCESS:          0 HIT:          0 MISS:          0 MSHR_MERGE:          0
cpu4->cpu4_L1I PREFETCH REQUESTED:          0 ISSUED:          0 USEFUL:          0 USELESS:          0
cpu4->cpu4_L1I AVERAGE MISS LATENCY: 7.395 cycles
cpu4->cpu4_L1D TOTAL        ACCESS:   12851660 HIT:   12635183 MISS:     216477 MSHR_MERGE:      93404
cpu4->cpu4_L1D LOAD         ACCESS:    7189245 HIT:    7017592 MISS:     171653 MSHR_MERGE:      64765
cpu4->cpu4_L1D RFO          ACCESS:          0 HIT:          0 MISS:          0 MSHR_MERGE:          0
cpu4->cpu4_L1D PREFETCH     ACCESS:          0 HIT:          0 MISS:          0 MSHR_MERGE:          0
cpu4->cpu4_L1D WRITE        ACCESS:    5662415 HIT:    5617591 MISS:      44824 MSHR_MERGE:      28639
cpu4->cpu4_L1D TRANSLATION  ACCESS:          0 HIT:          0 MISS:          0 MSHR_MERGE:          0
cpu4->cpu4_L1D PREFETCH REQUESTED:          0 ISSUED:          0 USEFUL:          0 USELESS:          0
cpu4->cpu4_L1D AVERAGE MISS LATENCY: 8.862 cycles
cpu4->cpu4_ITLB TOTAL        ACCESS:    9460087 HIT:    9460087 MISS:          0 MSHR_MERGE:          0
cpu4->cpu4_ITLB LOAD         ACCESS:    9460087 HIT:    9460087 MISS:          0 MSHR_MERGE:          0
cpu4->cpu4_ITLB RFO          ACCESS:          0 HIT:          0 MISS:          0 MSHR_MERGE:          0
cpu4->cpu4_ITLB PREFETCH     ACCESS:          0 HIT:          0 MISS:          0 MSHR_MERGE:          0
cpu4->cpu4_ITLB WRITE        ACCESS:          0 HIT:          0 MISS:          0 MSHR_MERGE:          0
cpu4->cpu4_ITLB TRANSLATION  ACCESS:          0 HIT:          0 MISS:          0 MSHR_MERGE:          0
cpu4->cpu4_ITLB PREFETCH REQUESTED:          0 ISSUED:          0 USEFUL:          0 USELESS:          0
cpu4->cpu4_ITLB AVERAGE MISS LATENCY: - cycles
cpu4->cpu4_DTLB TOTAL        ACCESS:   11147910 HIT:   11147910 MISS:          0 MSHR_MERGE:          0
cpu4->cpu4_DTLB LOAD         ACCESS:   11147910 HIT:   11147910 MISS:          0 MSHR_MERGE:          0
cpu4->cpu4_DTLB RFO          ACCESS:          0 HIT:          0 MISS:          0 MSHR_MERGE:          0
cpu4->cpu4_DTLB PREFETCH     ACCESS:          0 HIT:          0 MISS:          0 MSHR_MERGE:          0
cpu4->cpu4_DTLB WRITE        ACCESS:          0 HIT:          0 MISS:          0 MSHR_MERGE:          0
cpu4->cpu4_DTLB TRANSLATION  ACCESS:          0 HIT:          0 MISS:          0 MSHR_MERGE:          0
cpu4->cpu4_DTLB PREFETCH REQUESTED:          0 ISSUED:          0 USEFUL:          0 USELESS:          0
cpu4->cpu4_DTLB AVERAGE MISS LATENCY: - cycles
cpu3->cpu3_L2C TOTAL        ACCESS:     156299 HIT:     155128 MISS:       1171 MSHR_MERGE:          0
cpu3->cpu3_L2C LOAD         ACCESS:     110308 HIT:     109137 MISS:       1171 MSHR_MERGE:          0
cpu3->cpu3_L2C RFO          ACCESS:      16183 HIT:      16183 MISS:          0 MSHR_MERGE:          0
cpu3->cpu3_L2C PREFETCH     ACCESS:          0 HIT:          0 MISS:          0 MSHR_MERGE:          0
cpu3->cpu3_L2C WRITE        ACCESS:      29808 HIT:      29808 MISS:          0 MSHR_MERGE:          0
cpu3->cpu3_L2C TRANSLATION  ACCESS:          0 HIT:          0 MISS:          0 MSHR_MERGE:          0
cpu3->cpu3_L2C PREFETCH REQUESTED:          0 ISSUED:          0 USEFUL:          0 USELESS:          0
cpu3->cpu3_L2C AVERAGE MISS LATENCY: 89.22 cycles
cpu3->cpu3_L1I TOTAL        ACCESS:   10528296 HIT:   10521527 MISS:       6769 MSHR_MERGE:       3362
cpu3->cpu3_L1I LOAD         ACCESS:   10528296 HIT:   10521527 MISS:       6769 MSHR_MERGE:       3362
cpu3->cpu3_L1I RFO          ACCESS:          0 HIT:          0 MISS:          0 MSHR_MERGE:          0
cpu3->cpu3_L1I PREFETCH     ACCESS:          0 HIT:          0 MISS:          0 MSHR_MERGE:          0
cpu3->cpu3_L1I WRITE        ACCESS:          0 HIT:          0 MISS:          0 MSHR_MERGE:          0
cpu3->cpu3_L1I TRANSLATION  ACCESS:          0 HIT:          0 MISS:          0 MSHR_MERGE:          0
cpu3->cpu3_L1I PREFETCH REQUESTED:          0 ISSUED:          0 USEFUL:          0 USELESS:          0
cpu3->cpu3_L1I AVERAGE MISS LATENCY: 7.398 cycles
cpu3->cpu3_L1D TOTAL        ACCESS:   12856084 HIT:   12639705 MISS:     216379 MSHR_MERGE:      93295
cpu3->cpu3_L1D LOAD         ACCESS:    7191982 HIT:    7020401 MISS:     171581 MSHR_MERGE:      64680
cpu3->cpu3_L1D RFO          ACCESS:          0 HIT:          0 MISS:          0 MSHR_MERGE:          0
cpu3->cpu3_L1D PREFETCH     ACCESS:          0 HIT:          0 MISS:          0 MSHR_MERGE:          0
cpu3->cpu3_L1D WRITE        ACCESS:    5664102 HIT:    5619304 MISS:      44798 MSHR_MERGE:      28615
cpu3->cpu3_L1D TRANSLATION  ACCESS:          0 HIT:          0 MISS:          0 MSHR_MERGE:          0
cpu3->cpu3_L1D PREFETCH REQUESTED:          0 ISSUED:          0 USEFUL:          0 USELESS:          0
cpu3->cpu3_L1D AVERAGE MISS LATENCY: 8.872 cycles
cpu3->cpu3_ITLB TOTAL        ACCESS:    9481996 HIT:    9481996 MISS:          0 MSHR_MERGE:          0
cpu3->cpu3_ITLB LOAD         ACCESS:    9481996 HIT:    9481996 MISS:          0 MSHR_MERGE:          0
cpu3->cpu3_ITLB RFO          ACCESS:          0 HIT:          0 MISS:          0 MSHR_MERGE:          0
cpu3->cpu3_ITLB PREFETCH     ACCESS:          0 HIT:          0 MISS:          0 MSHR_MERGE:          0
cpu3->cpu3_ITLB WRITE        ACCESS:          0 HIT:          0 MISS:          0 MSHR_MERGE:          0
cpu3->cpu3_ITLB TRANSLATION  ACCESS:          0 HIT:          0 MISS:          0 MSHR_MERGE:          0
cpu3->cpu3_ITLB PREFETCH REQUESTED:          0 ISSUED:          0 USEFUL:          0 USELESS:          0
cpu3->cpu3_ITLB AVERAGE MISS LATENCY: - cycles
cpu3->cpu3_DTLB TOTAL        ACCESS:   11190362 HIT:   11190362 MISS:          0 MSHR_MERGE:          0
cpu3->cpu3_DTLB LOAD         ACCESS:   11190362 HIT:   11190362 MISS:          0 MSHR_MERGE:          0
cpu3->cpu3_DTLB RFO          ACCESS:          0 HIT:          0 MISS:          0 MSHR_MERGE:          0
cpu3->cpu3_DTLB PREFETCH     ACCESS:          0 HIT:          0 MISS:          0 MSHR_MERGE:          0
cpu3->cpu3_DTLB WRITE        ACCESS:          0 HIT:          0 MISS:          0 MSHR_MERGE:          0
cpu3->cpu3_DTLB TRANSLATION  ACCESS:          0 HIT:          0 MISS:          0 MSHR_MERGE:          0
cpu3->cpu3_DTLB PREFETCH REQUESTED:          0 ISSUED:          0 USEFUL:          0 USELESS:          0
cpu3->cpu3_DTLB AVERAGE MISS LATENCY: - cycles
cpu2->cpu2_L2C TOTAL        ACCESS:     156275 HIT:     155104 MISS:       1171 MSHR_MERGE:          0
cpu2->cpu2_L2C LOAD         ACCESS:     110287 HIT:     109116 MISS:       1171 MSHR_MERGE:          0
cpu2->cpu2_L2C RFO          ACCESS:      16186 HIT:      16186 MISS:          0 MSHR_MERGE:          0
cpu2->cpu2_L2C PREFETCH     ACCESS:          0 HIT:          0 MISS:          0 MSHR_MERGE:          0
cpu2->cpu2_L2C WRITE        ACCESS:      29802 HIT:      29802 MISS:          0 MSHR_MERGE:          0
cpu2->cpu2_L2C TRANSLATION  ACCESS:          0 HIT:          0 MISS:          0 MSHR_MERGE:          0
cpu2->cpu2_L2C PREFETCH REQUESTED:          0 ISSUED:          0 USEFUL:          0 USELESS:          0
cpu2->cpu2_L2C AVERAGE MISS LATENCY: 88.64 cycles
cpu2->cpu2_L1I TOTAL        ACCESS:   10526255 HIT:   10519493 MISS:       6762 MSHR_MERGE:       3354
cpu2->cpu2_L1I LOAD         ACCESS:   10526255 HIT:   10519493 MISS:       6762 MSHR_MERGE:       3354
cpu2->cpu2_L1I RFO          ACCESS:          0 HIT:          0 MISS:          0 MSHR_MERGE:          0
cpu2->cpu2_L1I PREFETCH     ACCESS:          0 HIT:          0 MISS:          0 MSHR_MERGE:          0
cpu2->cpu2_L1I WRITE        ACCESS:          0 HIT:          0 MISS:          0 MSHR_MERGE:          0
cpu2->cpu2_L1I TRANSLATION  ACCESS:          0 HIT:          0 MISS:          0 MSHR_MERGE:          0
cpu2->cpu2_L1I PREFETCH REQUESTED:          0 ISSUED:          0 USEFUL:          0 USELESS:          0
cpu2->cpu2_L1I AVERAGE MISS LATENCY: 7.394 cycles
cpu2->cpu2_L1D TOTAL        ACCESS:   12848783 HIT:   12632552 MISS:     216231 MSHR_MERGE:      93165
cpu2->cpu2_L1D LOAD         ACCESS:    7187590 HIT:    7016158 MISS:     171432 MSHR_MERGE:      64553
cpu2->cpu2_L1D RFO          ACCESS:          0 HIT:          0 MISS:          0 MSHR_MERGE:          0
cpu2->cpu2_L1D PREFETCH     ACCESS:          0 HIT:          0 MISS:          0 MSHR_MERGE:          0
cpu2->cpu2_L1D WRITE        ACCESS:    5661193 HIT:    5616394 MISS:      44799 MSHR_MERGE:      28612
cpu2->cpu2_L1D TRANSLATION  ACCESS:          0 HIT:          0 MISS:          0 MSHR_MERGE:          0
cpu2->cpu2_L1D PREFETCH REQUESTED:          0 ISSUED:          0 USEFUL:          0 USELESS:          0
cpu2->cpu2_L1D AVERAGE MISS LATENCY: 8.867 cycles
cpu2->cpu2_ITLB TOTAL        ACCESS:    9460469 HIT:    9460469 MISS:          0 MSHR_MERGE:          0
cpu2->cpu2_ITLB LOAD         ACCESS:    9460469 HIT:    9460469 MISS:          0 MSHR_MERGE:          0
cpu2->cpu2_ITLB RFO          ACCESS:          0 HIT:          0 MISS:          0 MSHR_MERGE:          0
cpu2->cpu2_ITLB PREFETCH     ACCESS:          0 HIT:          0 MISS:          0 MSHR_MERGE:          0
cpu2->cpu2_ITLB WRITE        ACCESS:          0 HIT:          0 MISS:          0 MSHR_MERGE:          0
cpu2->cpu2_ITLB TRANSLATION  ACCESS:          0 HIT:          0 MISS:          0 MSHR_MERGE:          0
cpu2->cpu2_ITLB PREFETCH REQUESTED:          0 ISSUED:          0 USEFUL:          0 USELESS:          0
cpu2->cpu2_ITLB AVERAGE MISS LATENCY: - cycles
cpu2->cpu2_DTLB TOTAL        ACCESS:   11145831 HIT:   11145831 MISS:          0 MSHR_MERGE:          0
cpu2->cpu2_DTLB LOAD         ACCESS:   11145831 HIT:   11145831 MISS:          0 MSHR_MERGE:          0
cpu2->cpu2_DTLB RFO          ACCESS:          0 HIT:          0 MISS:          0 MSHR_MERGE:          0
cpu2->cpu2_DTLB PREFETCH     ACCESS:          0 HIT:          0 MISS:          0 MSHR_MERGE:          0
cpu2->cpu2_DTLB WRITE        ACCESS:          0 HIT:          0 MISS:          0 MSHR_MERGE:          0
cpu2->cpu2_DTLB TRANSLATION  ACCESS:          0 HIT:          0 MISS:          0 MSHR_MERGE:          0
cpu2->cpu2_DTLB PREFETCH REQUESTED:          0 ISSUED:          0 USEFUL:          0 USELESS:          0
cpu2->cpu2_DTLB AVERAGE MISS LATENCY: - cycles
cpu1->cpu1_L2C TOTAL        ACCESS:     156165 HIT:     154995 MISS:       1170 MSHR_MERGE:          0
cpu1->cpu1_L2C LOAD         ACCESS:     110207 HIT:     109037 MISS:       1170 MSHR_MERGE:          0
cpu1->cpu1_L2C RFO          ACCESS:      16178 HIT:      16178 MISS:          0 MSHR_MERGE:          0
cpu1->cpu1_L2C PREFETCH     ACCESS:          0 HIT:          0 MISS:          0 MSHR_MERGE:          0
cpu1->cpu1_L2C WRITE        ACCESS:      29780 HIT:      29780 MISS:          0 MSHR_MERGE:          0
cpu1->cpu1_L2C TRANSLATION  ACCESS:          0 HIT:          0 MISS:          0 MSHR_MERGE:          0
cpu1->cpu1_L2C PREFETCH REQUESTED:          0 ISSUED:          0 USEFUL:          0 USELESS:          0
cpu1->cpu1_L2C AVERAGE MISS LATENCY: 88.62 cycles
cpu1->cpu1_L1I TOTAL        ACCESS:   10517576 HIT:   10510811 MISS:       6765 MSHR_MERGE:       3357
cpu1->cpu1_L1I LOAD         ACCESS:   10517576 HIT:   10510811 MISS:       6765 MSHR_MERGE:       3357
cpu1->cpu1_L1I RFO          ACCESS:          0 HIT:          0 MISS:          0 MSHR_MERGE:          0
cpu1->cpu1_L1I PREFETCH     ACCESS:          0 HIT:          0 MISS:          0 MSHR_MERGE:          0
cpu1->cpu1_L1I WRITE        ACCESS:          0 HIT:          0 MISS:          0 MSHR_MERGE:          0
cpu1->cpu1_L1I TRANSLATION  ACCESS:          0 HIT:          0 MISS:          0 MSHR_MERGE:          0
cpu1->cpu1_L1I PREFETCH REQUESTED:          0 ISSUED:          0 USEFUL:          0 USELESS:          0
cpu1->cpu1_L1I AVERAGE MISS LATENCY: 7.395 cycles
cpu1->cpu1_L1D TOTAL        ACCESS:   12832567 HIT:   12616399 MISS:     216168 MSHR_MERGE:      93191
cpu1->cpu1_L1D LOAD         ACCESS:    7178315 HIT:    7006926 MISS:     171389 MSHR_MERGE:      64590
cpu1->cpu1_L1D RFO          ACCESS:          0 HIT:          0 MISS:          0 MSHR_MERGE:          0
cpu1->cpu1_L1D PREFETCH     ACCESS:          0 HIT:          0 MISS:          0 MSHR_MERGE:          0
cpu1->cpu1_L1D WRITE        ACCESS:    5654252 HIT:    5609473 MISS:      44779 MSHR_MERGE:      28601
cpu1->cpu1_L1D TRANSLATION  ACCESS:          0 HIT:          0 MISS:          0 MSHR_MERGE:          0
cpu1->cpu1_L1D PREFETCH REQUESTED:          0 ISSUED:          0 USEFUL:          0 USELESS:          0
cpu1->cpu1_L1D AVERAGE MISS LATENCY: 8.866 cycles
cpu1->cpu1_ITLB TOTAL        ACCESS:    9472088 HIT:    9472088 MISS:          0 MSHR_MERGE:          0
cpu1->cpu1_ITLB LOAD         ACCESS:    9472088 HIT:    9472088 MISS:          0 MSHR_MERGE:          0
cpu1->cpu1_ITLB RFO          ACCESS:          0 HIT:          0 MISS:          0 MSHR_MERGE:          0
cpu1->cpu1_ITLB PREFETCH     ACCESS:          0 HIT:          0 MISS:          0 MSHR_MERGE:          0
cpu1->cpu1_ITLB WRITE        ACCESS:          0 HIT:          0 MISS:          0 MSHR_MERGE:          0
cpu1->cpu1_ITLB TRANSLATION  ACCESS:          0 HIT:          0 MISS:          0 MSHR_MERGE:          0
cpu1->cpu1_ITLB PREFETCH REQUESTED:          0 ISSUED:          0 USEFUL:          0 USELESS:          0
cpu1->cpu1_ITLB AVERAGE MISS LATENCY: - cycles
cpu1->cpu1_DTLB TOTAL        ACCESS:   11133816 HIT:   11133816 MISS:          0 MSHR_MERGE:          0
cpu1->cpu1_DTLB LOAD         ACCESS:   11133816 HIT:   11133816 MISS:          0 MSHR_MERGE:          0
cpu1->cpu1_DTLB RFO          ACCESS:          0 HIT:          0 MISS:          0 MSHR_MERGE:          0
cpu1->cpu1_DTLB PREFETCH     ACCESS:          0 HIT:          0 MISS:          0 MSHR_MERGE:          0
cpu1->cpu1_DTLB WRITE        ACCESS:          0 HIT:          0 MISS:          0 MSHR_MERGE:          0
cpu1->cpu1_DTLB TRANSLATION  ACCESS:          0 HIT:          0 MISS:          0 MSHR_MERGE:          0
cpu1->cpu1_DTLB PREFETCH REQUESTED:          0 ISSUED:          0 USEFUL:          0 USELESS:          0
cpu1->cpu1_DTLB AVERAGE MISS LATENCY: - cycles
cpu0->cpu0_L2C TOTAL        ACCESS:     156299 HIT:     155130 MISS:       1169 MSHR_MERGE:          0
cpu0->cpu0_L2C LOAD         ACCESS:     110314 HIT:     109145 MISS:       1169 MSHR_MERGE:          0
cpu0->cpu0_L2C RFO          ACCESS:      16175 HIT:      16175 MISS:          0 MSHR_MERGE:          0
cpu0->cpu0_L2C PREFETCH     ACCESS:          0 HIT:          0 MISS:          0 MSHR_MERGE:          0
cpu0->cpu0_L2C WRITE        ACCESS:      29810 HIT:      29810 MISS:          0 MSHR_MERGE:          0
cpu0->cpu0_L2C TRANSLATION  ACCESS:          0 HIT:          0 MISS:          0 MSHR_MERGE:          0
cpu0->cpu0_L2C PREFETCH REQUESTED:          0 ISSUED:          0 USEFUL:          0 USELESS:          0
cpu0->cpu0_L2C AVERAGE MISS LATENCY: 89.14 cycles
cpu0->cpu0_L1I TOTAL        ACCESS:   10528491 HIT:   10521727 MISS:       6764 MSHR_MERGE:       3355
cpu0->cpu0_L1I LOAD         ACCESS:   10528491 HIT:   10521727 MISS:       6764 MSHR_MERGE:       3355
cpu0->cpu0_L1I RFO          ACCESS:          0 HIT:          0 MISS:          0 MSHR_MERGE:          0
cpu0->cpu0_L1I PREFETCH     ACCESS:          0 HIT:          0 MISS:          0 MSHR_MERGE:          0
cpu0->cpu0_L1I WRITE        ACCESS:          0 HIT:          0 MISS:          0 MSHR_MERGE:          0
cpu0->cpu0_L1I TRANSLATION  ACCESS:          0 HIT:          0 MISS:          0 MSHR_MERGE:          0
cpu0->cpu0_L1I PREFETCH REQUESTED:          0 ISSUED:          0 USEFUL:          0 USELESS:          0
cpu0->cpu0_L1I AVERAGE MISS LATENCY: 7.422 cycles
cpu0->cpu0_L1D TOTAL        ACCESS:   12855749 HIT:   12639400 MISS:     216349 MSHR_MERGE:      93266
cpu0->cpu0_L1D LOAD         ACCESS:    7191940 HIT:    7020421 MISS:     171519 MSHR_MERGE:      64614
cpu0->cpu0_L1D RFO          ACCESS:          0 HIT:          0 MISS:          0 MSHR_MERGE:          0
cpu0->cpu0_L1D PREFETCH     ACCESS:          0 HIT:          0 MISS:          0 MSHR_MERGE:          0
cpu0->cpu0_L1D WRITE        ACCESS:    5663809 HIT:    5618979 MISS:      44830 MSHR_MERGE:      28652
cpu0->cpu0_L1D TRANSLATION  ACCESS:          0 HIT:          0 MISS:          0 MSHR_MERGE:          0
cpu0->cpu0_L1D PREFETCH REQUESTED:          0 ISSUED:          0 USEFUL:          0 USELESS:          0
cpu0->cpu0_L1D AVERAGE MISS LATENCY: 8.87 cycles
cpu0->cpu0_ITLB TOTAL        ACCESS:    9481870 HIT:    9481870 MISS:          0 MSHR_MERGE:          0
cpu0->cpu0_ITLB LOAD         ACCESS:    9481870 HIT:    9481870 MISS:          0 MSHR_MERGE:          0
cpu0->cpu0_ITLB RFO          ACCESS:          0 HIT:          0 MISS:          0 MSHR_MERGE:          0
cpu0->cpu0_ITLB PREFETCH     ACCESS:          0 HIT:          0 MISS:          0 MSHR_MERGE:          0
cpu0->cpu0_ITLB WRITE        ACCESS:          0 HIT:          0 MISS:          0 MSHR_MERGE:          0
cpu0->cpu0_ITLB TRANSLATION  ACCESS:          0 HIT:          0 MISS:          0 MSHR_MERGE:          0
cpu0->cpu0_ITLB PREFETCH REQUESTED:          0 ISSUED:          0 USEFUL:          0 USELESS:          0
cpu0->cpu0_ITLB AVERAGE MISS LATENCY: - cycles
cpu0->cpu0_DTLB TOTAL        ACCESS:   11186031 HIT:   11186031 MISS:          0 MSHR_MERGE:          0
cpu0->cpu0_DTLB LOAD         ACCESS:   11186031 HIT:   11186031 MISS:          0 MSHR_MERGE:          0
cpu0->cpu0_DTLB RFO          ACCESS:          0 HIT:          0 MISS:          0 MSHR_MERGE:          0
cpu0->cpu0_DTLB PREFETCH     ACCESS:          0 HIT:          0 MISS:          0 MSHR_MERGE:          0
cpu0->cpu0_DTLB WRITE        ACCESS:          0 HIT:          0 MISS:          0 MSHR_MERGE:          0
cpu0->cpu0_DTLB TRANSLATION  ACCESS:          0 HIT:          0 MISS:          0 MSHR_MERGE:          0
cpu0->cpu0_DTLB PREFETCH REQUESTED:          0 ISSUED:          0 USEFUL:          0 USELESS:          0
cpu0->cpu0_DTLB AVERAGE MISS LATENCY: - cycles
cpu0->LLC TOTAL        ACCESS:       1195 HIT:        642 MISS:        553 MSHR_MERGE:          0
cpu0->LLC LOAD         ACCESS:       1169 HIT:        620 MISS:        549 MSHR_MERGE:          0
cpu0->LLC RFO          ACCESS:          0 HIT:          0 MISS:          0 MSHR_MERGE:          0
cpu0->LLC PREFETCH     ACCESS:          0 HIT:          0 MISS:          0 MSHR_MERGE:          0
cpu0->LLC WRITE        ACCESS:         26 HIT:         22 MISS:          4 MSHR_MERGE:          0
cpu0->LLC TRANSLATION  ACCESS:          0 HIT:          0 MISS:          0 MSHR_MERGE:          0
cpu0->LLC PREFETCH REQUESTED:          0 ISSUED:          0 USEFUL:          0 USELESS:          0
cpu0->LLC AVERAGE MISS LATENCY: 1246 cycles
cpu1->LLC TOTAL        ACCESS:       1196 HIT:        644 MISS:        552 MSHR_MERGE:          0
cpu1->LLC LOAD         ACCESS:       1170 HIT:        621 MISS:        549 MSHR_MERGE:          0
cpu1->LLC RFO          ACCESS:          0 HIT:          0 MISS:          0 MSHR_MERGE:          0
cpu1->LLC PREFETCH     ACCESS:          0 HIT:          0 MISS:          0 MSHR_MERGE:          0
cpu1->LLC WRITE        ACCESS:         26 HIT:         23 MISS:          3 MSHR_MERGE:          0
cpu1->LLC TRANSLATION  ACCESS:          0 HIT:          0 MISS:          0 MSHR_MERGE:          0
cpu1->LLC PREFETCH REQUESTED:          0 ISSUED:          0 USEFUL:          0 USELESS:          0
cpu1->LLC AVERAGE MISS LATENCY: 1248 cycles
cpu2->LLC TOTAL        ACCESS:       1197 HIT:        644 MISS:        553 MSHR_MERGE:          0
cpu2->LLC LOAD         ACCESS:       1171 HIT:        621 MISS:        550 MSHR_MERGE:          0
cpu2->LLC RFO          ACCESS:          0 HIT:          0 MISS:          0 MSHR_MERGE:          0
cpu2->LLC PREFETCH     ACCESS:          0 HIT:          0 MISS:          0 MSHR_MERGE:          0
cpu2->LLC WRITE        ACCESS:         26 HIT:         23 MISS:          3 MSHR_MERGE:          0
cpu2->LLC TRANSLATION  ACCESS:          0 HIT:          0 MISS:          0 MSHR_MERGE:          0
cpu2->LLC PREFETCH REQUESTED:          0 ISSUED:          0 USEFUL:          0 USELESS:          0
cpu2->LLC AVERAGE MISS LATENCY: 1246 cycles
cpu3->LLC TOTAL        ACCESS:       1197 HIT:        643 MISS:        554 MSHR_MERGE:          0
cpu3->LLC LOAD         ACCESS:       1171 HIT:        621 MISS:        550 MSHR_MERGE:          0
cpu3->LLC RFO          ACCESS:          0 HIT:          0 MISS:          0 MSHR_MERGE:          0
cpu3->LLC PREFETCH     ACCESS:          0 HIT:          0 MISS:          0 MSHR_MERGE:          0
cpu3->LLC WRITE        ACCESS:         26 HIT:         22 MISS:          4 MSHR_MERGE:          0
cpu3->LLC TRANSLATION  ACCESS:          0 HIT:          0 MISS:          0 MSHR_MERGE:          0
cpu3->LLC PREFETCH REQUESTED:          0 ISSUED:          0 USEFUL:          0 USELESS:          0
cpu3->LLC AVERAGE MISS LATENCY: 1244 cycles
cpu4->LLC TOTAL        ACCESS:       1197 HIT:        644 MISS:        553 MSHR_MERGE:          0
cpu4->LLC LOAD         ACCESS:       1171 HIT:        621 MISS:        550 MSHR_MERGE:          0
cpu4->LLC RFO          ACCESS:          0 HIT:          0 MISS:          0 MSHR_MERGE:          0
cpu4->LLC PREFETCH     ACCESS:          0 HIT:          0 MISS:          0 MSHR_MERGE:          0
cpu4->LLC WRITE        ACCESS:         26 HIT:         23 MISS:          3 MSHR_MERGE:          0
cpu4->LLC TRANSLATION  ACCESS:          0 HIT:          0 MISS:          0 MSHR_MERGE:          0
cpu4->LLC PREFETCH REQUESTED:          0 ISSUED:          0 USEFUL:          0 USELESS:          0
cpu4->LLC AVERAGE MISS LATENCY: 1246 cycles
cpu5->LLC TOTAL        ACCESS:       1197 HIT:        644 MISS:        553 MSHR_MERGE:          0
cpu5->LLC LOAD         ACCESS:       1171 HIT:        621 MISS:        550 MSHR_MERGE:          0
cpu5->LLC RFO          ACCESS:          0 HIT:          0 MISS:          0 MSHR_MERGE:          0
cpu5->LLC PREFETCH     ACCESS:          0 HIT:          0 MISS:          0 MSHR_MERGE:          0
cpu5->LLC WRITE        ACCESS:         26 HIT:         23 MISS:          3 MSHR_MERGE:          0
cpu5->LLC TRANSLATION  ACCESS:          0 HIT:          0 MISS:          0 MSHR_MERGE:          0
cpu5->LLC PREFETCH REQUESTED:          0 ISSUED:          0 USEFUL:          0 USELESS:          0
cpu5->LLC AVERAGE MISS LATENCY: 1246 cycles
cpu6->LLC TOTAL        ACCESS:       1197 HIT:        645 MISS:        552 MSHR_MERGE:          0
cpu6->LLC LOAD         ACCESS:       1171 HIT:        622 MISS:        549 MSHR_MERGE:          0
cpu6->LLC RFO          ACCESS:          0 HIT:          0 MISS:          0 MSHR_MERGE:          0
cpu6->LLC PREFETCH     ACCESS:          0 HIT:          0 MISS:          0 MSHR_MERGE:          0
cpu6->LLC WRITE        ACCESS:         26 HIT:         23 MISS:          3 MSHR_MERGE:          0
cpu6->LLC TRANSLATION  ACCESS:          0 HIT:          0 MISS:          0 MSHR_MERGE:          0
cpu6->LLC PREFETCH REQUESTED:          0 ISSUED:          0 USEFUL:          0 USELESS:          0
cpu6->LLC AVERAGE MISS LATENCY: 1248 cycles
cpu7->LLC TOTAL        ACCESS:       1196 HIT:        643 MISS:        553 MSHR_MERGE:          0
cpu7->LLC LOAD         ACCESS:       1170 HIT:        620 MISS:        550 MSHR_MERGE:          0
cpu7->LLC RFO          ACCESS:          0 HIT:          0 MISS:          0 MSHR_MERGE:          0
cpu7->LLC PREFETCH     ACCESS:          0 HIT:          0 MISS:          0 MSHR_MERGE:          0
cpu7->LLC WRITE        ACCESS:         26 HIT:         23 MISS:          3 MSHR_MERGE:          0
cpu7->LLC TRANSLATION  ACCESS:          0 HIT:          0 MISS:          0 MSHR_MERGE:          0
cpu7->LLC PREFETCH REQUESTED:          0 ISSUED:          0 USEFUL:          0 USELESS:          0
cpu7->LLC AVERAGE MISS LATENCY: 1246 cycles

DRAM Statistics

Channel 0 READ REQS:       2088	WRITE REQS:          6
  READS:       2088	READ_HITS:          0
  WRITES:          6	WRITE HITS:          0
  ACTIVATES:       2094	PRECHARGES:       2094
  RQ FULL:          0	WQ FULL:          0
  WRITE DRAINS:          6	FORCED:          0
  MEAN WRITE IMBALANCE:          1
  READ OCCU PRE DRAIN:          0	POST DRAIN:          1
  MEAN WLP:          1
  READ LATENCY: 36.446360153256705

Channel 1 READ REQS:       2309	WRITE REQS:         18
  READS:       2309	READ_HITS:          0
  WRITES:         18	WRITE HITS:          0
  ACTIVATES:       2327	PRECHARGES:       2327
  RQ FULL:          0	WQ FULL:          0
  WRITE DRAINS:         11	FORCED:          0
  MEAN WRITE IMBALANCE:          1
  READ OCCU PRE DRAIN:          0	POST DRAIN:          1
  MEAN WLP: 1.4545454545454546
  READ LATENCY: 36.3005630142919
WCACHE NON LRU EVICTS: 21	TOTAL EVICTS: 930	EAGER WB: 0
