[VMEM] WARNING: physical memory size is smaller than virtual memory size.
dram page policy: is open = 0	is close = 1	is soft close = 0	cmd arg = 1

*** ChampSim Multicore Out-of-Order Simulator ***
Warmup Instructions: 25000000
Simulation Instructions: 50000000
Number of CPUs: 8
Page size: 2097152

CL :	 16.64 ns
CWL :	 15.808 ns
tRP :	 16.224 ns
tRCD :	 16.224 ns
tRAS :	 32.032000000000004 ns
tRTP :	 7.904 ns
tWR :	 30.368000000000002 ns

tCCD_S :	 3.3280000000000003 ns
tCCD_S_WR :	 3.3280000000000003 ns
tCCD_S_WTR :	 22.048000000000002 ns
tCCD_L :	 5.408 ns
tCCD_L_WR :	 20.384 ns
tCCD_L_WTR :	 29.536 ns
tRRD_S :	 3.3280000000000003 ns
tRRD_L :	 5.408 ns
tFAW :	 13.728 ns
Address mapping (perm = 1) 	ch co bg bg bg ba ba co co co co co co ro ro ro ro ro ro ro ro ro ro ro ro ro ro ro 
dram queue size: R = 64 W = 48 (low:high is 9:39)
max lookup for evict 0	evict = 16, eager = 16
Heartbeat CPU 7 instructions: 10000001 cycles: 2517532 heartbeat IPC: 3.972 cumulative IPC: 3.972 (Simulation time: 00 hr 12 min 31 sec)
Heartbeat CPU 0 instructions: 10000001 cycles: 2518221 heartbeat IPC: 3.971 cumulative IPC: 3.971 (Simulation time: 00 hr 12 min 32 sec)
Heartbeat CPU 3 instructions: 10000001 cycles: 2518302 heartbeat IPC: 3.971 cumulative IPC: 3.971 (Simulation time: 00 hr 12 min 32 sec)
Heartbeat CPU 6 instructions: 10000003 cycles: 2518344 heartbeat IPC: 3.971 cumulative IPC: 3.971 (Simulation time: 00 hr 12 min 32 sec)
Heartbeat CPU 1 instructions: 10000000 cycles: 2520642 heartbeat IPC: 3.967 cumulative IPC: 3.967 (Simulation time: 00 hr 12 min 32 sec)
Heartbeat CPU 5 instructions: 10000001 cycles: 2520738 heartbeat IPC: 3.967 cumulative IPC: 3.967 (Simulation time: 00 hr 12 min 32 sec)
Heartbeat CPU 4 instructions: 10000000 cycles: 2520850 heartbeat IPC: 3.967 cumulative IPC: 3.967 (Simulation time: 00 hr 12 min 32 sec)
Heartbeat CPU 2 instructions: 10000003 cycles: 2521116 heartbeat IPC: 3.966 cumulative IPC: 3.966 (Simulation time: 00 hr 12 min 32 sec)
Heartbeat CPU 0 instructions: 20000003 cycles: 5032357 heartbeat IPC: 3.978 cumulative IPC: 3.974 (Simulation time: 00 hr 25 min 08 sec)
Heartbeat CPU 7 instructions: 20000003 cycles: 5032490 heartbeat IPC: 3.976 cumulative IPC: 3.974 (Simulation time: 00 hr 25 min 08 sec)
Heartbeat CPU 3 instructions: 20000003 cycles: 5033270 heartbeat IPC: 3.976 cumulative IPC: 3.974 (Simulation time: 00 hr 25 min 08 sec)
Heartbeat CPU 6 instructions: 20000003 cycles: 5033275 heartbeat IPC: 3.976 cumulative IPC: 3.974 (Simulation time: 00 hr 25 min 08 sec)
Heartbeat CPU 5 instructions: 20000003 cycles: 5040987 heartbeat IPC: 3.968 cumulative IPC: 3.967 (Simulation time: 00 hr 25 min 11 sec)
Heartbeat CPU 1 instructions: 20000004 cycles: 5041080 heartbeat IPC: 3.968 cumulative IPC: 3.967 (Simulation time: 00 hr 25 min 11 sec)
Heartbeat CPU 2 instructions: 20000003 cycles: 5041551 heartbeat IPC: 3.968 cumulative IPC: 3.967 (Simulation time: 00 hr 25 min 11 sec)
Heartbeat CPU 4 instructions: 20000003 cycles: 5041552 heartbeat IPC: 3.967 cumulative IPC: 3.967 (Simulation time: 00 hr 25 min 11 sec)
Warmup finished CPU 0 instructions: 25000000 cycles: 6288759 cumulative IPC: 3.975 (Simulation time: 00 hr 31 min 30 sec)
Warmup finished CPU 6 instructions: 25000000 cycles: 6289638 cumulative IPC: 3.975 (Simulation time: 00 hr 31 min 30 sec)
Warmup finished CPU 3 instructions: 25000000 cycles: 6289680 cumulative IPC: 3.975 (Simulation time: 00 hr 31 min 30 sec)
Warmup finished CPU 7 instructions: 25000000 cycles: 6289693 cumulative IPC: 3.975 (Simulation time: 00 hr 31 min 30 sec)
Warmup finished CPU 5 instructions: 25000000 cycles: 6301069 cumulative IPC: 3.968 (Simulation time: 00 hr 31 min 34 sec)
Warmup finished CPU 1 instructions: 25000000 cycles: 6301608 cumulative IPC: 3.967 (Simulation time: 00 hr 31 min 34 sec)
Warmup finished CPU 4 instructions: 25000000 cycles: 6301693 cumulative IPC: 3.967 (Simulation time: 00 hr 31 min 34 sec)
Warmup finished CPU 2 instructions: 25000000 cycles: 6301887 cumulative IPC: 3.967 (Simulation time: 00 hr 31 min 34 sec)
Warmup complete CPU 7 instructions: 25048141 cycles: 6301887 cumulative IPC: 3.975 (Simulation time: 00 hr 31 min 34 sec)
Warmup complete CPU 6 instructions: 25048381 cycles: 6301887 cumulative IPC: 3.975 (Simulation time: 00 hr 31 min 34 sec)
Warmup complete CPU 5 instructions: 25002968 cycles: 6301887 cumulative IPC: 3.968 (Simulation time: 00 hr 31 min 34 sec)
Warmup complete CPU 4 instructions: 25000527 cycles: 6301887 cumulative IPC: 3.967 (Simulation time: 00 hr 31 min 34 sec)
Warmup complete CPU 3 instructions: 25048186 cycles: 6301887 cumulative IPC: 3.975 (Simulation time: 00 hr 31 min 34 sec)
Warmup complete CPU 2 instructions: 25000000 cycles: 6301887 cumulative IPC: 3.967 (Simulation time: 00 hr 31 min 34 sec)
Warmup complete CPU 1 instructions: 25000917 cycles: 6301887 cumulative IPC: 3.967 (Simulation time: 00 hr 31 min 34 sec)
Warmup complete CPU 0 instructions: 25051830 cycles: 6301887 cumulative IPC: 3.975 (Simulation time: 00 hr 31 min 34 sec)
Heartbeat CPU 0 instructions: 30000005 cycles: 7879459 heartbeat IPC: 3.512 cumulative IPC: 3.137 (Simulation time: 00 hr 39 min 25 sec)
Heartbeat CPU 6 instructions: 30000005 cycles: 7880262 heartbeat IPC: 3.512 cumulative IPC: 3.137 (Simulation time: 00 hr 39 min 25 sec)
Heartbeat CPU 3 instructions: 30000005 cycles: 7880627 heartbeat IPC: 3.512 cumulative IPC: 3.137 (Simulation time: 00 hr 39 min 25 sec)
Heartbeat CPU 7 instructions: 30000005 cycles: 7881148 heartbeat IPC: 3.51 cumulative IPC: 3.136 (Simulation time: 00 hr 39 min 25 sec)
Heartbeat CPU 5 instructions: 30000005 cycles: 7896779 heartbeat IPC: 3.502 cumulative IPC: 3.133 (Simulation time: 00 hr 39 min 30 sec)
Heartbeat CPU 2 instructions: 30000005 cycles: 7897902 heartbeat IPC: 3.501 cumulative IPC: 3.133 (Simulation time: 00 hr 39 min 30 sec)
Heartbeat CPU 4 instructions: 30000005 cycles: 7898284 heartbeat IPC: 3.501 cumulative IPC: 3.132 (Simulation time: 00 hr 39 min 30 sec)
Heartbeat CPU 1 instructions: 30000005 cycles: 7900165 heartbeat IPC: 3.498 cumulative IPC: 3.128 (Simulation time: 00 hr 39 min 31 sec)
Heartbeat CPU 0 instructions: 40000007 cycles: 11096439 heartbeat IPC: 3.109 cumulative IPC: 3.118 (Simulation time: 00 hr 55 min 46 sec)
Heartbeat CPU 6 instructions: 40000007 cycles: 11098077 heartbeat IPC: 3.108 cumulative IPC: 3.117 (Simulation time: 00 hr 55 min 46 sec)
Heartbeat CPU 7 instructions: 40000007 cycles: 11100095 heartbeat IPC: 3.107 cumulative IPC: 3.116 (Simulation time: 00 hr 55 min 47 sec)
Heartbeat CPU 3 instructions: 40000007 cycles: 11100712 heartbeat IPC: 3.106 cumulative IPC: 3.116 (Simulation time: 00 hr 55 min 47 sec)
Heartbeat CPU 5 instructions: 40000007 cycles: 11113588 heartbeat IPC: 3.109 cumulative IPC: 3.117 (Simulation time: 00 hr 55 min 51 sec)
Heartbeat CPU 2 instructions: 40000007 cycles: 11114631 heartbeat IPC: 3.109 cumulative IPC: 3.117 (Simulation time: 00 hr 55 min 51 sec)
Heartbeat CPU 4 instructions: 40000007 cycles: 11115164 heartbeat IPC: 3.109 cumulative IPC: 3.116 (Simulation time: 00 hr 55 min 51 sec)
Heartbeat CPU 1 instructions: 40000007 cycles: 11118818 heartbeat IPC: 3.107 cumulative IPC: 3.114 (Simulation time: 00 hr 55 min 53 sec)
Heartbeat CPU 0 instructions: 50000011 cycles: 14246164 heartbeat IPC: 3.175 cumulative IPC: 3.14 (Simulation time: 01 hr 12 min 18 sec)
Heartbeat CPU 6 instructions: 50000009 cycles: 14248852 heartbeat IPC: 3.174 cumulative IPC: 3.14 (Simulation time: 01 hr 12 min 19 sec)
Heartbeat CPU 7 instructions: 50000007 cycles: 14250459 heartbeat IPC: 3.174 cumulative IPC: 3.139 (Simulation time: 01 hr 12 min 19 sec)
Heartbeat CPU 3 instructions: 50000011 cycles: 14251341 heartbeat IPC: 3.174 cumulative IPC: 3.139 (Simulation time: 01 hr 12 min 20 sec)
Heartbeat CPU 5 instructions: 50000009 cycles: 14262935 heartbeat IPC: 3.175 cumulative IPC: 3.14 (Simulation time: 01 hr 12 min 23 sec)
Heartbeat CPU 2 instructions: 50000011 cycles: 14263172 heartbeat IPC: 3.176 cumulative IPC: 3.14 (Simulation time: 01 hr 12 min 24 sec)
Heartbeat CPU 4 instructions: 50000009 cycles: 14264144 heartbeat IPC: 3.176 cumulative IPC: 3.14 (Simulation time: 01 hr 12 min 24 sec)
Heartbeat CPU 1 instructions: 50000009 cycles: 14269821 heartbeat IPC: 3.174 cumulative IPC: 3.137 (Simulation time: 01 hr 12 min 26 sec)
Heartbeat CPU 0 instructions: 60000011 cycles: 17407716 heartbeat IPC: 3.163 cumulative IPC: 3.147 (Simulation time: 01 hr 28 min 51 sec)
Heartbeat CPU 6 instructions: 60000011 cycles: 17411232 heartbeat IPC: 3.162 cumulative IPC: 3.146 (Simulation time: 01 hr 28 min 53 sec)
Heartbeat CPU 7 instructions: 60000011 cycles: 17412432 heartbeat IPC: 3.163 cumulative IPC: 3.146 (Simulation time: 01 hr 28 min 53 sec)
Heartbeat CPU 3 instructions: 60000011 cycles: 17412899 heartbeat IPC: 3.163 cumulative IPC: 3.146 (Simulation time: 01 hr 28 min 53 sec)
Heartbeat CPU 4 instructions: 60000011 cycles: 17423657 heartbeat IPC: 3.165 cumulative IPC: 3.147 (Simulation time: 01 hr 28 min 56 sec)
Heartbeat CPU 5 instructions: 60000011 cycles: 17424615 heartbeat IPC: 3.163 cumulative IPC: 3.146 (Simulation time: 01 hr 28 min 57 sec)
Heartbeat CPU 2 instructions: 60000011 cycles: 17424656 heartbeat IPC: 3.163 cumulative IPC: 3.147 (Simulation time: 01 hr 28 min 57 sec)
Heartbeat CPU 1 instructions: 60000011 cycles: 17433053 heartbeat IPC: 3.161 cumulative IPC: 3.144 (Simulation time: 01 hr 28 min 59 sec)
Heartbeat CPU 0 instructions: 70000014 cycles: 20573336 heartbeat IPC: 3.159 cumulative IPC: 3.15 (Simulation time: 01 hr 44 min 40 sec)
Heartbeat CPU 6 instructions: 70000013 cycles: 20577161 heartbeat IPC: 3.159 cumulative IPC: 3.149 (Simulation time: 01 hr 44 min 42 sec)
Heartbeat CPU 7 instructions: 70000014 cycles: 20578610 heartbeat IPC: 3.158 cumulative IPC: 3.149 (Simulation time: 01 hr 44 min 42 sec)
Heartbeat CPU 3 instructions: 70000014 cycles: 20578974 heartbeat IPC: 3.158 cumulative IPC: 3.149 (Simulation time: 01 hr 44 min 42 sec)
Heartbeat CPU 4 instructions: 70000014 cycles: 20586902 heartbeat IPC: 3.161 cumulative IPC: 3.15 (Simulation time: 01 hr 44 min 44 sec)
Heartbeat CPU 2 instructions: 70000014 cycles: 20589813 heartbeat IPC: 3.159 cumulative IPC: 3.15 (Simulation time: 01 hr 44 min 45 sec)
Heartbeat CPU 5 instructions: 70000012 cycles: 20590265 heartbeat IPC: 3.159 cumulative IPC: 3.149 (Simulation time: 01 hr 44 min 45 sec)
Heartbeat CPU 1 instructions: 70000014 cycles: 20599855 heartbeat IPC: 3.158 cumulative IPC: 3.147 (Simulation time: 01 hr 44 min 48 sec)
Simulation finished CPU 4 instructions: 50000003 cycles: 15852339 cumulative IPC: 3.154 (Simulation time: 01 hr 52 min 14 sec)
Simulation finished CPU 0 instructions: 50000000 cycles: 15853825 cumulative IPC: 3.154 (Simulation time: 01 hr 52 min 15 sec)
Simulation finished CPU 2 instructions: 50000003 cycles: 15855810 cumulative IPC: 3.153 (Simulation time: 01 hr 52 min 15 sec)
Simulation finished CPU 5 instructions: 50000002 cycles: 15856175 cumulative IPC: 3.153 (Simulation time: 01 hr 52 min 16 sec)
Simulation finished CPU 6 instructions: 50000003 cycles: 15857183 cumulative IPC: 3.153 (Simulation time: 01 hr 52 min 16 sec)
Simulation finished CPU 3 instructions: 50000002 cycles: 15858336 cumulative IPC: 3.153 (Simulation time: 01 hr 52 min 16 sec)
Simulation finished CPU 7 instructions: 50000002 cycles: 15858989 cumulative IPC: 3.153 (Simulation time: 01 hr 52 min 16 sec)
Simulation finished CPU 1 instructions: 50000000 cycles: 15866632 cumulative IPC: 3.151 (Simulation time: 01 hr 52 min 19 sec)
Simulation complete CPU 7 instructions: 50026542 cycles: 15866632 cumulative IPC: 3.153 (Simulation time: 01 hr 52 min 19 sec)
Simulation complete CPU 6 instructions: 50032886 cycles: 15866632 cumulative IPC: 3.153 (Simulation time: 01 hr 52 min 19 sec)
Simulation complete CPU 5 instructions: 50036656 cycles: 15866632 cumulative IPC: 3.154 (Simulation time: 01 hr 52 min 19 sec)
Simulation complete CPU 4 instructions: 50050183 cycles: 15866632 cumulative IPC: 3.154 (Simulation time: 01 hr 52 min 19 sec)
Simulation complete CPU 3 instructions: 50028914 cycles: 15866632 cumulative IPC: 3.153 (Simulation time: 01 hr 52 min 19 sec)
Simulation complete CPU 2 instructions: 50038111 cycles: 15866632 cumulative IPC: 3.154 (Simulation time: 01 hr 52 min 19 sec)
Simulation complete CPU 1 instructions: 50000000 cycles: 15866632 cumulative IPC: 3.151 (Simulation time: 01 hr 52 min 19 sec)
Simulation complete CPU 0 instructions: 50044764 cycles: 15866632 cumulative IPC: 3.154 (Simulation time: 01 hr 52 min 19 sec)

ChampSim completed all CPUs

=== Simulation ===
CPU 0 runs ../frost/TRACES/ctf/spec2017/644.nab_s-12459B.champsimtrace.xz
CPU 1 runs ../frost/TRACES/ctf/spec2017/644.nab_s-12459B.champsimtrace.xz
CPU 2 runs ../frost/TRACES/ctf/spec2017/644.nab_s-12459B.champsimtrace.xz
CPU 3 runs ../frost/TRACES/ctf/spec2017/644.nab_s-12459B.champsimtrace.xz
CPU 4 runs ../frost/TRACES/ctf/spec2017/644.nab_s-12459B.champsimtrace.xz
CPU 5 runs ../frost/TRACES/ctf/spec2017/644.nab_s-12459B.champsimtrace.xz
CPU 6 runs ../frost/TRACES/ctf/spec2017/644.nab_s-12459B.champsimtrace.xz
CPU 7 runs ../frost/TRACES/ctf/spec2017/644.nab_s-12459B.champsimtrace.xz

Total Simulation Statistics (not including warmup)

CPU 7 cumulative IPC: 3.153 instructions: 50026542 cycles: 15866632
CPU 7 Branch Prediction Accuracy: 100% MPKI: 0 Average ROB Occupancy at Mispredict: -
Branch type MPKI
BRANCH_DIRECT_JUMP: 0
BRANCH_INDIRECT: 0
BRANCH_CONDITIONAL: 0
BRANCH_DIRECT_CALL: 0
BRANCH_INDIRECT_CALL: 0
BRANCH_RETURN: 0


CPU 6 cumulative IPC: 3.153 instructions: 50032886 cycles: 15866632
CPU 6 Branch Prediction Accuracy: 100% MPKI: 0 Average ROB Occupancy at Mispredict: -
Branch type MPKI
BRANCH_DIRECT_JUMP: 0
BRANCH_INDIRECT: 0
BRANCH_CONDITIONAL: 0
BRANCH_DIRECT_CALL: 0
BRANCH_INDIRECT_CALL: 0
BRANCH_RETURN: 0


CPU 5 cumulative IPC: 3.154 instructions: 50036656 cycles: 15866632
CPU 5 Branch Prediction Accuracy: 100% MPKI: 0 Average ROB Occupancy at Mispredict: -
Branch type MPKI
BRANCH_DIRECT_JUMP: 0
BRANCH_INDIRECT: 0
BRANCH_CONDITIONAL: 0
BRANCH_DIRECT_CALL: 0
BRANCH_INDIRECT_CALL: 0
BRANCH_RETURN: 0


CPU 4 cumulative IPC: 3.154 instructions: 50050183 cycles: 15866632
CPU 4 Branch Prediction Accuracy: 100% MPKI: 0 Average ROB Occupancy at Mispredict: -
Branch type MPKI
BRANCH_DIRECT_JUMP: 0
BRANCH_INDIRECT: 0
BRANCH_CONDITIONAL: 0
BRANCH_DIRECT_CALL: 0
BRANCH_INDIRECT_CALL: 0
BRANCH_RETURN: 0


CPU 3 cumulative IPC: 3.153 instructions: 50028914 cycles: 15866632
CPU 3 Branch Prediction Accuracy: 100% MPKI: 0 Average ROB Occupancy at Mispredict: -
Branch type MPKI
BRANCH_DIRECT_JUMP: 0
BRANCH_INDIRECT: 0
BRANCH_CONDITIONAL: 0
BRANCH_DIRECT_CALL: 0
BRANCH_INDIRECT_CALL: 0
BRANCH_RETURN: 0


CPU 2 cumulative IPC: 3.154 instructions: 50038111 cycles: 15866632
CPU 2 Branch Prediction Accuracy: 100% MPKI: 0 Average ROB Occupancy at Mispredict: -
Branch type MPKI
BRANCH_DIRECT_JUMP: 0
BRANCH_INDIRECT: 0
BRANCH_CONDITIONAL: 0
BRANCH_DIRECT_CALL: 0
BRANCH_INDIRECT_CALL: 0
BRANCH_RETURN: 0


CPU 1 cumulative IPC: 3.151 instructions: 50000000 cycles: 15866632
CPU 1 Branch Prediction Accuracy: 100% MPKI: 0 Average ROB Occupancy at Mispredict: -
Branch type MPKI
BRANCH_DIRECT_JUMP: 0
BRANCH_INDIRECT: 0
BRANCH_CONDITIONAL: 0
BRANCH_DIRECT_CALL: 0
BRANCH_INDIRECT_CALL: 0
BRANCH_RETURN: 0


CPU 0 cumulative IPC: 3.154 instructions: 50044764 cycles: 15866632
CPU 0 Branch Prediction Accuracy: 100% MPKI: 0 Average ROB Occupancy at Mispredict: -
Branch type MPKI
BRANCH_DIRECT_JUMP: 0
BRANCH_INDIRECT: 0
BRANCH_CONDITIONAL: 0
BRANCH_DIRECT_CALL: 0
BRANCH_INDIRECT_CALL: 0
BRANCH_RETURN: 0

cpu7->cpu7_L2C TOTAL        ACCESS:     342911 HIT:     322220 MISS:      20691 MSHR_MERGE:          0
cpu7->cpu7_L2C LOAD         ACCESS:     299682 HIT:     286507 MISS:      13175 MSHR_MERGE:          0
cpu7->cpu7_L2C RFO          ACCESS:      17481 HIT:       9994 MISS:       7487 MSHR_MERGE:          0
cpu7->cpu7_L2C PREFETCH     ACCESS:          0 HIT:          0 MISS:          0 MSHR_MERGE:          0
cpu7->cpu7_L2C WRITE        ACCESS:      25748 HIT:      25719 MISS:         29 MSHR_MERGE:          0
cpu7->cpu7_L2C TRANSLATION  ACCESS:          0 HIT:          0 MISS:          0 MSHR_MERGE:          0
cpu7->cpu7_L2C PREFETCH REQUESTED:          0 ISSUED:          0 USEFUL:          0 USELESS:          0
cpu7->cpu7_L2C AVERAGE MISS LATENCY: 111.8 cycles
cpu7->cpu7_L1I TOTAL        ACCESS:    8074832 HIT:    8074832 MISS:          0 MSHR_MERGE:          0
cpu7->cpu7_L1I LOAD         ACCESS:    8074832 HIT:    8074832 MISS:          0 MSHR_MERGE:          0
cpu7->cpu7_L1I RFO          ACCESS:          0 HIT:          0 MISS:          0 MSHR_MERGE:          0
cpu7->cpu7_L1I PREFETCH     ACCESS:          0 HIT:          0 MISS:          0 MSHR_MERGE:          0
cpu7->cpu7_L1I WRITE        ACCESS:          0 HIT:          0 MISS:          0 MSHR_MERGE:          0
cpu7->cpu7_L1I TRANSLATION  ACCESS:          0 HIT:          0 MISS:          0 MSHR_MERGE:          0
cpu7->cpu7_L1I PREFETCH REQUESTED:          0 ISSUED:          0 USEFUL:          0 USELESS:          0
cpu7->cpu7_L1I AVERAGE MISS LATENCY: - cycles
cpu7->cpu7_L1D TOTAL        ACCESS:   11373068 HIT:   10836295 MISS:     536773 MSHR_MERGE:     219608
cpu7->cpu7_L1D LOAD         ACCESS:    6311397 HIT:    5913433 MISS:     397964 MSHR_MERGE:      98282
cpu7->cpu7_L1D RFO          ACCESS:          0 HIT:          0 MISS:          0 MSHR_MERGE:          0
cpu7->cpu7_L1D PREFETCH     ACCESS:          0 HIT:          0 MISS:          0 MSHR_MERGE:          0
cpu7->cpu7_L1D WRITE        ACCESS:    5061671 HIT:    4922862 MISS:     138809 MSHR_MERGE:     121326
cpu7->cpu7_L1D TRANSLATION  ACCESS:          0 HIT:          0 MISS:          0 MSHR_MERGE:          0
cpu7->cpu7_L1D PREFETCH REQUESTED:          0 ISSUED:          0 USEFUL:          0 USELESS:          0
cpu7->cpu7_L1D AVERAGE MISS LATENCY: 15.37 cycles
cpu7->cpu7_ITLB TOTAL        ACCESS:    7157979 HIT:    7157979 MISS:          0 MSHR_MERGE:          0
cpu7->cpu7_ITLB LOAD         ACCESS:    7157979 HIT:    7157979 MISS:          0 MSHR_MERGE:          0
cpu7->cpu7_ITLB RFO          ACCESS:          0 HIT:          0 MISS:          0 MSHR_MERGE:          0
cpu7->cpu7_ITLB PREFETCH     ACCESS:          0 HIT:          0 MISS:          0 MSHR_MERGE:          0
cpu7->cpu7_ITLB WRITE        ACCESS:          0 HIT:          0 MISS:          0 MSHR_MERGE:          0
cpu7->cpu7_ITLB TRANSLATION  ACCESS:          0 HIT:          0 MISS:          0 MSHR_MERGE:          0
cpu7->cpu7_ITLB PREFETCH REQUESTED:          0 ISSUED:          0 USEFUL:          0 USELESS:          0
cpu7->cpu7_ITLB AVERAGE MISS LATENCY: - cycles
cpu7->cpu7_DTLB TOTAL        ACCESS:   10466441 HIT:   10466441 MISS:          0 MSHR_MERGE:          0
cpu7->cpu7_DTLB LOAD         ACCESS:   10466441 HIT:   10466441 MISS:          0 MSHR_MERGE:          0
cpu7->cpu7_DTLB RFO          ACCESS:          0 HIT:          0 MISS:          0 MSHR_MERGE:          0
cpu7->cpu7_DTLB PREFETCH     ACCESS:          0 HIT:          0 MISS:          0 MSHR_MERGE:          0
cpu7->cpu7_DTLB WRITE        ACCESS:          0 HIT:          0 MISS:          0 MSHR_MERGE:          0
cpu7->cpu7_DTLB TRANSLATION  ACCESS:          0 HIT:          0 MISS:          0 MSHR_MERGE:          0
cpu7->cpu7_DTLB PREFETCH REQUESTED:          0 ISSUED:          0 USEFUL:          0 USELESS:          0
cpu7->cpu7_DTLB AVERAGE MISS LATENCY: - cycles
cpu6->cpu6_L2C TOTAL        ACCESS:     342877 HIT:     322193 MISS:      20684 MSHR_MERGE:          0
cpu6->cpu6_L2C LOAD         ACCESS:     299683 HIT:     286518 MISS:      13165 MSHR_MERGE:          0
cpu6->cpu6_L2C RFO          ACCESS:      17462 HIT:       9977 MISS:       7485 MSHR_MERGE:          0
cpu6->cpu6_L2C PREFETCH     ACCESS:          0 HIT:          0 MISS:          0 MSHR_MERGE:          0
cpu6->cpu6_L2C WRITE        ACCESS:      25732 HIT:      25698 MISS:         34 MSHR_MERGE:          0
cpu6->cpu6_L2C TRANSLATION  ACCESS:          0 HIT:          0 MISS:          0 MSHR_MERGE:          0
cpu6->cpu6_L2C PREFETCH REQUESTED:          0 ISSUED:          0 USEFUL:          0 USELESS:          0
cpu6->cpu6_L2C AVERAGE MISS LATENCY: 111.1 cycles
cpu6->cpu6_L1I TOTAL        ACCESS:    8071973 HIT:    8071973 MISS:          0 MSHR_MERGE:          0
cpu6->cpu6_L1I LOAD         ACCESS:    8071973 HIT:    8071973 MISS:          0 MSHR_MERGE:          0
cpu6->cpu6_L1I RFO          ACCESS:          0 HIT:          0 MISS:          0 MSHR_MERGE:          0
cpu6->cpu6_L1I PREFETCH     ACCESS:          0 HIT:          0 MISS:          0 MSHR_MERGE:          0
cpu6->cpu6_L1I WRITE        ACCESS:          0 HIT:          0 MISS:          0 MSHR_MERGE:          0
cpu6->cpu6_L1I TRANSLATION  ACCESS:          0 HIT:          0 MISS:          0 MSHR_MERGE:          0
cpu6->cpu6_L1I PREFETCH REQUESTED:          0 ISSUED:          0 USEFUL:          0 USELESS:          0
cpu6->cpu6_L1I AVERAGE MISS LATENCY: - cycles
cpu6->cpu6_L1D TOTAL        ACCESS:   11376450 HIT:   10839737 MISS:     536713 MSHR_MERGE:     219568
cpu6->cpu6_L1D LOAD         ACCESS:    6314356 HIT:    5916377 MISS:     397979 MSHR_MERGE:      98296
cpu6->cpu6_L1D RFO          ACCESS:          0 HIT:          0 MISS:          0 MSHR_MERGE:          0
cpu6->cpu6_L1D PREFETCH     ACCESS:          0 HIT:          0 MISS:          0 MSHR_MERGE:          0
cpu6->cpu6_L1D WRITE        ACCESS:    5062094 HIT:    4923360 MISS:     138734 MSHR_MERGE:     121272
cpu6->cpu6_L1D TRANSLATION  ACCESS:          0 HIT:          0 MISS:          0 MSHR_MERGE:          0
cpu6->cpu6_L1D PREFETCH REQUESTED:          0 ISSUED:          0 USEFUL:          0 USELESS:          0
cpu6->cpu6_L1D AVERAGE MISS LATENCY: 15.32 cycles
cpu6->cpu6_ITLB TOTAL        ACCESS:    7157905 HIT:    7157905 MISS:          0 MSHR_MERGE:          0
cpu6->cpu6_ITLB LOAD         ACCESS:    7157905 HIT:    7157905 MISS:          0 MSHR_MERGE:          0
cpu6->cpu6_ITLB RFO          ACCESS:          0 HIT:          0 MISS:          0 MSHR_MERGE:          0
cpu6->cpu6_ITLB PREFETCH     ACCESS:          0 HIT:          0 MISS:          0 MSHR_MERGE:          0
cpu6->cpu6_ITLB WRITE        ACCESS:          0 HIT:          0 MISS:          0 MSHR_MERGE:          0
cpu6->cpu6_ITLB TRANSLATION  ACCESS:          0 HIT:          0 MISS:          0 MSHR_MERGE:          0
cpu6->cpu6_ITLB PREFETCH REQUESTED:          0 ISSUED:          0 USEFUL:          0 USELESS:          0
cpu6->cpu6_ITLB AVERAGE MISS LATENCY: - cycles
cpu6->cpu6_DTLB TOTAL        ACCESS:   10481785 HIT:   10481785 MISS:          0 MSHR_MERGE:          0
cpu6->cpu6_DTLB LOAD         ACCESS:   10481785 HIT:   10481785 MISS:          0 MSHR_MERGE:          0
cpu6->cpu6_DTLB RFO          ACCESS:          0 HIT:          0 MISS:          0 MSHR_MERGE:          0
cpu6->cpu6_DTLB PREFETCH     ACCESS:          0 HIT:          0 MISS:          0 MSHR_MERGE:          0
cpu6->cpu6_DTLB WRITE        ACCESS:          0 HIT:          0 MISS:          0 MSHR_MERGE:          0
cpu6->cpu6_DTLB TRANSLATION  ACCESS:          0 HIT:          0 MISS:          0 MSHR_MERGE:          0
cpu6->cpu6_DTLB PREFETCH REQUESTED:          0 ISSUED:          0 USEFUL:          0 USELESS:          0
cpu6->cpu6_DTLB AVERAGE MISS LATENCY: - cycles
cpu5->cpu5_L2C TOTAL        ACCESS:     343323 HIT:     322598 MISS:      20725 MSHR_MERGE:          0
cpu5->cpu5_L2C LOAD         ACCESS:     300104 HIT:     286896 MISS:      13208 MSHR_MERGE:          0
cpu5->cpu5_L2C RFO          ACCESS:      17473 HIT:       9985 MISS:       7488 MSHR_MERGE:          0
cpu5->cpu5_L2C PREFETCH     ACCESS:          0 HIT:          0 MISS:          0 MSHR_MERGE:          0
cpu5->cpu5_L2C WRITE        ACCESS:      25746 HIT:      25717 MISS:         29 MSHR_MERGE:          0
cpu5->cpu5_L2C TRANSLATION  ACCESS:          0 HIT:          0 MISS:          0 MSHR_MERGE:          0
cpu5->cpu5_L2C PREFETCH REQUESTED:          0 ISSUED:          0 USEFUL:          0 USELESS:          0
cpu5->cpu5_L2C AVERAGE MISS LATENCY: 107.9 cycles
cpu5->cpu5_L1I TOTAL        ACCESS:    8076277 HIT:    8076277 MISS:          0 MSHR_MERGE:          0
cpu5->cpu5_L1I LOAD         ACCESS:    8076277 HIT:    8076277 MISS:          0 MSHR_MERGE:          0
cpu5->cpu5_L1I RFO          ACCESS:          0 HIT:          0 MISS:          0 MSHR_MERGE:          0
cpu5->cpu5_L1I PREFETCH     ACCESS:          0 HIT:          0 MISS:          0 MSHR_MERGE:          0
cpu5->cpu5_L1I WRITE        ACCESS:          0 HIT:          0 MISS:          0 MSHR_MERGE:          0
cpu5->cpu5_L1I TRANSLATION  ACCESS:          0 HIT:          0 MISS:          0 MSHR_MERGE:          0
cpu5->cpu5_L1I PREFETCH REQUESTED:          0 ISSUED:          0 USEFUL:          0 USELESS:          0
cpu5->cpu5_L1I AVERAGE MISS LATENCY: - cycles
cpu5->cpu5_L1D TOTAL        ACCESS:   11382549 HIT:   10844897 MISS:     537652 MSHR_MERGE:     220075
cpu5->cpu5_L1D LOAD         ACCESS:    6317135 HIT:    5918170 MISS:     398965 MSHR_MERGE:      98861
cpu5->cpu5_L1D RFO          ACCESS:          0 HIT:          0 MISS:          0 MSHR_MERGE:          0
cpu5->cpu5_L1D PREFETCH     ACCESS:          0 HIT:          0 MISS:          0 MSHR_MERGE:          0
cpu5->cpu5_L1D WRITE        ACCESS:    5065414 HIT:    4926727 MISS:     138687 MSHR_MERGE:     121214
cpu5->cpu5_L1D TRANSLATION  ACCESS:          0 HIT:          0 MISS:          0 MSHR_MERGE:          0
cpu5->cpu5_L1D PREFETCH REQUESTED:          0 ISSUED:          0 USEFUL:          0 USELESS:          0
cpu5->cpu5_L1D AVERAGE MISS LATENCY: 15.11 cycles
cpu5->cpu5_ITLB TOTAL        ACCESS:    7158360 HIT:    7158360 MISS:          0 MSHR_MERGE:          0
cpu5->cpu5_ITLB LOAD         ACCESS:    7158360 HIT:    7158360 MISS:          0 MSHR_MERGE:          0
cpu5->cpu5_ITLB RFO          ACCESS:          0 HIT:          0 MISS:          0 MSHR_MERGE:          0
cpu5->cpu5_ITLB PREFETCH     ACCESS:          0 HIT:          0 MISS:          0 MSHR_MERGE:          0
cpu5->cpu5_ITLB WRITE        ACCESS:          0 HIT:          0 MISS:          0 MSHR_MERGE:          0
cpu5->cpu5_ITLB TRANSLATION  ACCESS:          0 HIT:          0 MISS:          0 MSHR_MERGE:          0
cpu5->cpu5_ITLB PREFETCH REQUESTED:          0 ISSUED:          0 USEFUL:          0 USELESS:          0
cpu5->cpu5_ITLB AVERAGE MISS LATENCY: - cycles
cpu5->cpu5_DTLB TOTAL        ACCESS:   10466668 HIT:   10466668 MISS:          0 MSHR_MERGE:          0
cpu5->cpu5_DTLB LOAD         ACCESS:   10466668 HIT:   10466668 MISS:          0 MSHR_MERGE:          0
cpu5->cpu5_DTLB RFO          ACCESS:          0 HIT:          0 MISS:          0 MSHR_MERGE:          0
cpu5->cpu5_DTLB PREFETCH     ACCESS:          0 HIT:          0 MISS:          0 MSHR_MERGE:          0
cpu5->cpu5_DTLB WRITE        ACCESS:          0 HIT:          0 MISS:          0 MSHR_MERGE:          0
cpu5->cpu5_DTLB TRANSLATION  ACCESS:          0 HIT:          0 MISS:          0 MSHR_MERGE:          0
cpu5->cpu5_DTLB PREFETCH REQUESTED:          0 ISSUED:          0 USEFUL:          0 USELESS:          0
cpu5->cpu5_DTLB AVERAGE MISS LATENCY: - cycles
cpu4->cpu4_L2C TOTAL        ACCESS:     343374 HIT:     322640 MISS:      20734 MSHR_MERGE:          0
cpu4->cpu4_L2C LOAD         ACCESS:     300121 HIT:     286905 MISS:      13216 MSHR_MERGE:          0
cpu4->cpu4_L2C RFO          ACCESS:      17492 HIT:      10003 MISS:       7489 MSHR_MERGE:          0
cpu4->cpu4_L2C PREFETCH     ACCESS:          0 HIT:          0 MISS:          0 MSHR_MERGE:          0
cpu4->cpu4_L2C WRITE        ACCESS:      25761 HIT:      25732 MISS:         29 MSHR_MERGE:          0
cpu4->cpu4_L2C TRANSLATION  ACCESS:          0 HIT:          0 MISS:          0 MSHR_MERGE:          0
cpu4->cpu4_L2C PREFETCH REQUESTED:          0 ISSUED:          0 USEFUL:          0 USELESS:          0
cpu4->cpu4_L2C AVERAGE MISS LATENCY: 105.5 cycles
cpu4->cpu4_L1I TOTAL        ACCESS:    8078239 HIT:    8078239 MISS:          0 MSHR_MERGE:          0
cpu4->cpu4_L1I LOAD         ACCESS:    8078239 HIT:    8078239 MISS:          0 MSHR_MERGE:          0
cpu4->cpu4_L1I RFO          ACCESS:          0 HIT:          0 MISS:          0 MSHR_MERGE:          0
cpu4->cpu4_L1I PREFETCH     ACCESS:          0 HIT:          0 MISS:          0 MSHR_MERGE:          0
cpu4->cpu4_L1I WRITE        ACCESS:          0 HIT:          0 MISS:          0 MSHR_MERGE:          0
cpu4->cpu4_L1I TRANSLATION  ACCESS:          0 HIT:          0 MISS:          0 MSHR_MERGE:          0
cpu4->cpu4_L1I PREFETCH REQUESTED:          0 ISSUED:          0 USEFUL:          0 USELESS:          0
cpu4->cpu4_L1I AVERAGE MISS LATENCY: - cycles
cpu4->cpu4_L1D TOTAL        ACCESS:   11385012 HIT:   10847120 MISS:     537892 MSHR_MERGE:     220279
cpu4->cpu4_L1D LOAD         ACCESS:    6318578 HIT:    5919503 MISS:     399075 MSHR_MERGE:      98954
cpu4->cpu4_L1D RFO          ACCESS:          0 HIT:          0 MISS:          0 MSHR_MERGE:          0
cpu4->cpu4_L1D PREFETCH     ACCESS:          0 HIT:          0 MISS:          0 MSHR_MERGE:          0
cpu4->cpu4_L1D WRITE        ACCESS:    5066434 HIT:    4927617 MISS:     138817 MSHR_MERGE:     121325
cpu4->cpu4_L1D TRANSLATION  ACCESS:          0 HIT:          0 MISS:          0 MSHR_MERGE:          0
cpu4->cpu4_L1D PREFETCH REQUESTED:          0 ISSUED:          0 USEFUL:          0 USELESS:          0
cpu4->cpu4_L1D AVERAGE MISS LATENCY: 14.96 cycles
cpu4->cpu4_ITLB TOTAL        ACCESS:    7160318 HIT:    7160318 MISS:          0 MSHR_MERGE:          0
cpu4->cpu4_ITLB LOAD         ACCESS:    7160318 HIT:    7160318 MISS:          0 MSHR_MERGE:          0
cpu4->cpu4_ITLB RFO          ACCESS:          0 HIT:          0 MISS:          0 MSHR_MERGE:          0
cpu4->cpu4_ITLB PREFETCH     ACCESS:          0 HIT:          0 MISS:          0 MSHR_MERGE:          0
cpu4->cpu4_ITLB WRITE        ACCESS:          0 HIT:          0 MISS:          0 MSHR_MERGE:          0
cpu4->cpu4_ITLB TRANSLATION  ACCESS:          0 HIT:          0 MISS:          0 MSHR_MERGE:          0
cpu4->cpu4_ITLB PREFETCH REQUESTED:          0 ISSUED:          0 USEFUL:          0 USELESS:          0
cpu4->cpu4_ITLB AVERAGE MISS LATENCY: - cycles
cpu4->cpu4_DTLB TOTAL        ACCESS:   10469409 HIT:   10469409 MISS:          0 MSHR_MERGE:          0
cpu4->cpu4_DTLB LOAD         ACCESS:   10469409 HIT:   10469409 MISS:          0 MSHR_MERGE:          0
cpu4->cpu4_DTLB RFO          ACCESS:          0 HIT:          0 MISS:          0 MSHR_MERGE:          0
cpu4->cpu4_DTLB PREFETCH     ACCESS:          0 HIT:          0 MISS:          0 MSHR_MERGE:          0
cpu4->cpu4_DTLB WRITE        ACCESS:          0 HIT:          0 MISS:          0 MSHR_MERGE:          0
cpu4->cpu4_DTLB TRANSLATION  ACCESS:          0 HIT:          0 MISS:          0 MSHR_MERGE:          0
cpu4->cpu4_DTLB PREFETCH REQUESTED:          0 ISSUED:          0 USEFUL:          0 USELESS:          0
cpu4->cpu4_DTLB AVERAGE MISS LATENCY: - cycles
cpu3->cpu3_L2C TOTAL        ACCESS:     342874 HIT:     322186 MISS:      20688 MSHR_MERGE:          0
cpu3->cpu3_L2C LOAD         ACCESS:     299683 HIT:     286514 MISS:      13169 MSHR_MERGE:          0
cpu3->cpu3_L2C RFO          ACCESS:      17460 HIT:       9972 MISS:       7488 MSHR_MERGE:          0
cpu3->cpu3_L2C PREFETCH     ACCESS:          0 HIT:          0 MISS:          0 MSHR_MERGE:          0
cpu3->cpu3_L2C WRITE        ACCESS:      25731 HIT:      25700 MISS:         31 MSHR_MERGE:          0
cpu3->cpu3_L2C TRANSLATION  ACCESS:          0 HIT:          0 MISS:          0 MSHR_MERGE:          0
cpu3->cpu3_L2C PREFETCH REQUESTED:          0 ISSUED:          0 USEFUL:          0 USELESS:          0
cpu3->cpu3_L2C AVERAGE MISS LATENCY: 116.4 cycles
cpu3->cpu3_L1I TOTAL        ACCESS:    8074441 HIT:    8074441 MISS:          0 MSHR_MERGE:          0
cpu3->cpu3_L1I LOAD         ACCESS:    8074441 HIT:    8074441 MISS:          0 MSHR_MERGE:          0
cpu3->cpu3_L1I RFO          ACCESS:          0 HIT:          0 MISS:          0 MSHR_MERGE:          0
cpu3->cpu3_L1I PREFETCH     ACCESS:          0 HIT:          0 MISS:          0 MSHR_MERGE:          0
cpu3->cpu3_L1I WRITE        ACCESS:          0 HIT:          0 MISS:          0 MSHR_MERGE:          0
cpu3->cpu3_L1I TRANSLATION  ACCESS:          0 HIT:          0 MISS:          0 MSHR_MERGE:          0
cpu3->cpu3_L1I PREFETCH REQUESTED:          0 ISSUED:          0 USEFUL:          0 USELESS:          0
cpu3->cpu3_L1I AVERAGE MISS LATENCY: - cycles
cpu3->cpu3_L1D TOTAL        ACCESS:   11377980 HIT:   10840583 MISS:     537397 MSHR_MERGE:     220253
cpu3->cpu3_L1D LOAD         ACCESS:    6316149 HIT:    5917442 MISS:     398707 MSHR_MERGE:      99024
cpu3->cpu3_L1D RFO          ACCESS:          0 HIT:          0 MISS:          0 MSHR_MERGE:          0
cpu3->cpu3_L1D PREFETCH     ACCESS:          0 HIT:          0 MISS:          0 MSHR_MERGE:          0
cpu3->cpu3_L1D WRITE        ACCESS:    5061831 HIT:    4923141 MISS:     138690 MSHR_MERGE:     121229
cpu3->cpu3_L1D TRANSLATION  ACCESS:          0 HIT:          0 MISS:          0 MSHR_MERGE:          0
cpu3->cpu3_L1D PREFETCH REQUESTED:          0 ISSUED:          0 USEFUL:          0 USELESS:          0
cpu3->cpu3_L1D AVERAGE MISS LATENCY: 15.66 cycles
cpu3->cpu3_ITLB TOTAL        ACCESS:    7164006 HIT:    7164006 MISS:          0 MSHR_MERGE:          0
cpu3->cpu3_ITLB LOAD         ACCESS:    7164006 HIT:    7164006 MISS:          0 MSHR_MERGE:          0
cpu3->cpu3_ITLB RFO          ACCESS:          0 HIT:          0 MISS:          0 MSHR_MERGE:          0
cpu3->cpu3_ITLB PREFETCH     ACCESS:          0 HIT:          0 MISS:          0 MSHR_MERGE:          0
cpu3->cpu3_ITLB WRITE        ACCESS:          0 HIT:          0 MISS:          0 MSHR_MERGE:          0
cpu3->cpu3_ITLB TRANSLATION  ACCESS:          0 HIT:          0 MISS:          0 MSHR_MERGE:          0
cpu3->cpu3_ITLB PREFETCH REQUESTED:          0 ISSUED:          0 USEFUL:          0 USELESS:          0
cpu3->cpu3_ITLB AVERAGE MISS LATENCY: - cycles
cpu3->cpu3_DTLB TOTAL        ACCESS:   10487963 HIT:   10487963 MISS:          0 MSHR_MERGE:          0
cpu3->cpu3_DTLB LOAD         ACCESS:   10487963 HIT:   10487963 MISS:          0 MSHR_MERGE:          0
cpu3->cpu3_DTLB RFO          ACCESS:          0 HIT:          0 MISS:          0 MSHR_MERGE:          0
cpu3->cpu3_DTLB PREFETCH     ACCESS:          0 HIT:          0 MISS:          0 MSHR_MERGE:          0
cpu3->cpu3_DTLB WRITE        ACCESS:          0 HIT:          0 MISS:          0 MSHR_MERGE:          0
cpu3->cpu3_DTLB TRANSLATION  ACCESS:          0 HIT:          0 MISS:          0 MSHR_MERGE:          0
cpu3->cpu3_DTLB PREFETCH REQUESTED:          0 ISSUED:          0 USEFUL:          0 USELESS:          0
cpu3->cpu3_DTLB AVERAGE MISS LATENCY: - cycles
cpu2->cpu2_L2C TOTAL        ACCESS:     343380 HIT:     322636 MISS:      20744 MSHR_MERGE:          0
cpu2->cpu2_L2C LOAD         ACCESS:     300137 HIT:     286914 MISS:      13223 MSHR_MERGE:          0
cpu2->cpu2_L2C RFO          ACCESS:      17483 HIT:       9992 MISS:       7491 MSHR_MERGE:          0
cpu2->cpu2_L2C PREFETCH     ACCESS:          0 HIT:          0 MISS:          0 MSHR_MERGE:          0
cpu2->cpu2_L2C WRITE        ACCESS:      25760 HIT:      25730 MISS:         30 MSHR_MERGE:          0
cpu2->cpu2_L2C TRANSLATION  ACCESS:          0 HIT:          0 MISS:          0 MSHR_MERGE:          0
cpu2->cpu2_L2C PREFETCH REQUESTED:          0 ISSUED:          0 USEFUL:          0 USELESS:          0
cpu2->cpu2_L2C AVERAGE MISS LATENCY: 108.7 cycles
cpu2->cpu2_L1I TOTAL        ACCESS:    8076673 HIT:    8076673 MISS:          0 MSHR_MERGE:          0
cpu2->cpu2_L1I LOAD         ACCESS:    8076673 HIT:    8076673 MISS:          0 MSHR_MERGE:          0
cpu2->cpu2_L1I RFO          ACCESS:          0 HIT:          0 MISS:          0 MSHR_MERGE:          0
cpu2->cpu2_L1I PREFETCH     ACCESS:          0 HIT:          0 MISS:          0 MSHR_MERGE:          0
cpu2->cpu2_L1I WRITE        ACCESS:          0 HIT:          0 MISS:          0 MSHR_MERGE:          0
cpu2->cpu2_L1I TRANSLATION  ACCESS:          0 HIT:          0 MISS:          0 MSHR_MERGE:          0
cpu2->cpu2_L1I PREFETCH REQUESTED:          0 ISSUED:          0 USEFUL:          0 USELESS:          0
cpu2->cpu2_L1I AVERAGE MISS LATENCY: - cycles
cpu2->cpu2_L1D TOTAL        ACCESS:   11383103 HIT:   10845248 MISS:     537855 MSHR_MERGE:     220232
cpu2->cpu2_L1D LOAD         ACCESS:    6317312 HIT:    5918241 MISS:     399071 MSHR_MERGE:      98934
cpu2->cpu2_L1D RFO          ACCESS:          0 HIT:          0 MISS:          0 MSHR_MERGE:          0
cpu2->cpu2_L1D PREFETCH     ACCESS:          0 HIT:          0 MISS:          0 MSHR_MERGE:          0
cpu2->cpu2_L1D WRITE        ACCESS:    5065791 HIT:    4927007 MISS:     138784 MSHR_MERGE:     121298
cpu2->cpu2_L1D TRANSLATION  ACCESS:          0 HIT:          0 MISS:          0 MSHR_MERGE:          0
cpu2->cpu2_L1D PREFETCH REQUESTED:          0 ISSUED:          0 USEFUL:          0 USELESS:          0
cpu2->cpu2_L1D AVERAGE MISS LATENCY: 15.17 cycles
cpu2->cpu2_ITLB TOTAL        ACCESS:    7159556 HIT:    7159556 MISS:          0 MSHR_MERGE:          0
cpu2->cpu2_ITLB LOAD         ACCESS:    7159556 HIT:    7159556 MISS:          0 MSHR_MERGE:          0
cpu2->cpu2_ITLB RFO          ACCESS:          0 HIT:          0 MISS:          0 MSHR_MERGE:          0
cpu2->cpu2_ITLB PREFETCH     ACCESS:          0 HIT:          0 MISS:          0 MSHR_MERGE:          0
cpu2->cpu2_ITLB WRITE        ACCESS:          0 HIT:          0 MISS:          0 MSHR_MERGE:          0
cpu2->cpu2_ITLB TRANSLATION  ACCESS:          0 HIT:          0 MISS:          0 MSHR_MERGE:          0
cpu2->cpu2_ITLB PREFETCH REQUESTED:          0 ISSUED:          0 USEFUL:          0 USELESS:          0
cpu2->cpu2_ITLB AVERAGE MISS LATENCY: - cycles
cpu2->cpu2_DTLB TOTAL        ACCESS:   10467298 HIT:   10467298 MISS:          0 MSHR_MERGE:          0
cpu2->cpu2_DTLB LOAD         ACCESS:   10467298 HIT:   10467298 MISS:          0 MSHR_MERGE:          0
cpu2->cpu2_DTLB RFO          ACCESS:          0 HIT:          0 MISS:          0 MSHR_MERGE:          0
cpu2->cpu2_DTLB PREFETCH     ACCESS:          0 HIT:          0 MISS:          0 MSHR_MERGE:          0
cpu2->cpu2_DTLB WRITE        ACCESS:          0 HIT:          0 MISS:          0 MSHR_MERGE:          0
cpu2->cpu2_DTLB TRANSLATION  ACCESS:          0 HIT:          0 MISS:          0 MSHR_MERGE:          0
cpu2->cpu2_DTLB PREFETCH REQUESTED:          0 ISSUED:          0 USEFUL:          0 USELESS:          0
cpu2->cpu2_DTLB AVERAGE MISS LATENCY: - cycles
cpu1->cpu1_L2C TOTAL        ACCESS:     343378 HIT:     322634 MISS:      20744 MSHR_MERGE:          0
cpu1->cpu1_L2C LOAD         ACCESS:     300117 HIT:     286890 MISS:      13227 MSHR_MERGE:          0
cpu1->cpu1_L2C RFO          ACCESS:      17495 HIT:      10008 MISS:       7487 MSHR_MERGE:          0
cpu1->cpu1_L2C PREFETCH     ACCESS:          0 HIT:          0 MISS:          0 MSHR_MERGE:          0
cpu1->cpu1_L2C WRITE        ACCESS:      25766 HIT:      25736 MISS:         30 MSHR_MERGE:          0
cpu1->cpu1_L2C TRANSLATION  ACCESS:          0 HIT:          0 MISS:          0 MSHR_MERGE:          0
cpu1->cpu1_L2C PREFETCH REQUESTED:          0 ISSUED:          0 USEFUL:          0 USELESS:          0
cpu1->cpu1_L2C AVERAGE MISS LATENCY: 99.16 cycles
cpu1->cpu1_L1I TOTAL        ACCESS:    8071414 HIT:    8071414 MISS:          0 MSHR_MERGE:          0
cpu1->cpu1_L1I LOAD         ACCESS:    8071414 HIT:    8071414 MISS:          0 MSHR_MERGE:          0
cpu1->cpu1_L1I RFO          ACCESS:          0 HIT:          0 MISS:          0 MSHR_MERGE:          0
cpu1->cpu1_L1I PREFETCH     ACCESS:          0 HIT:          0 MISS:          0 MSHR_MERGE:          0
cpu1->cpu1_L1I WRITE        ACCESS:          0 HIT:          0 MISS:          0 MSHR_MERGE:          0
cpu1->cpu1_L1I TRANSLATION  ACCESS:          0 HIT:          0 MISS:          0 MSHR_MERGE:          0
cpu1->cpu1_L1I PREFETCH REQUESTED:          0 ISSUED:          0 USEFUL:          0 USELESS:          0
cpu1->cpu1_L1I AVERAGE MISS LATENCY: - cycles
cpu1->cpu1_L1D TOTAL        ACCESS:   11376934 HIT:   10839437 MISS:     537497 MSHR_MERGE:     219883
cpu1->cpu1_L1D LOAD         ACCESS:    6313675 HIT:    5914974 MISS:     398701 MSHR_MERGE:      98582
cpu1->cpu1_L1D RFO          ACCESS:          0 HIT:          0 MISS:          0 MSHR_MERGE:          0
cpu1->cpu1_L1D PREFETCH     ACCESS:          0 HIT:          0 MISS:          0 MSHR_MERGE:          0
cpu1->cpu1_L1D WRITE        ACCESS:    5063259 HIT:    4924463 MISS:     138796 MSHR_MERGE:     121301
cpu1->cpu1_L1D TRANSLATION  ACCESS:          0 HIT:          0 MISS:          0 MSHR_MERGE:          0
cpu1->cpu1_L1D PREFETCH REQUESTED:          0 ISSUED:          0 USEFUL:          0 USELESS:          0
cpu1->cpu1_L1D AVERAGE MISS LATENCY: 14.55 cycles
cpu1->cpu1_ITLB TOTAL        ACCESS:    7160543 HIT:    7160543 MISS:          0 MSHR_MERGE:          0
cpu1->cpu1_ITLB LOAD         ACCESS:    7160543 HIT:    7160543 MISS:          0 MSHR_MERGE:          0
cpu1->cpu1_ITLB RFO          ACCESS:          0 HIT:          0 MISS:          0 MSHR_MERGE:          0
cpu1->cpu1_ITLB PREFETCH     ACCESS:          0 HIT:          0 MISS:          0 MSHR_MERGE:          0
cpu1->cpu1_ITLB WRITE        ACCESS:          0 HIT:          0 MISS:          0 MSHR_MERGE:          0
cpu1->cpu1_ITLB TRANSLATION  ACCESS:          0 HIT:          0 MISS:          0 MSHR_MERGE:          0
cpu1->cpu1_ITLB PREFETCH REQUESTED:          0 ISSUED:          0 USEFUL:          0 USELESS:          0
cpu1->cpu1_ITLB AVERAGE MISS LATENCY: - cycles
cpu1->cpu1_DTLB TOTAL        ACCESS:   10464189 HIT:   10464189 MISS:          0 MSHR_MERGE:          0
cpu1->cpu1_DTLB LOAD         ACCESS:   10464189 HIT:   10464189 MISS:          0 MSHR_MERGE:          0
cpu1->cpu1_DTLB RFO          ACCESS:          0 HIT:          0 MISS:          0 MSHR_MERGE:          0
cpu1->cpu1_DTLB PREFETCH     ACCESS:          0 HIT:          0 MISS:          0 MSHR_MERGE:          0
cpu1->cpu1_DTLB WRITE        ACCESS:          0 HIT:          0 MISS:          0 MSHR_MERGE:          0
cpu1->cpu1_DTLB TRANSLATION  ACCESS:          0 HIT:          0 MISS:          0 MSHR_MERGE:          0
cpu1->cpu1_DTLB PREFETCH REQUESTED:          0 ISSUED:          0 USEFUL:          0 USELESS:          0
cpu1->cpu1_DTLB AVERAGE MISS LATENCY: - cycles
cpu0->cpu0_L2C TOTAL        ACCESS:     342875 HIT:     322191 MISS:      20684 MSHR_MERGE:          0
cpu0->cpu0_L2C LOAD         ACCESS:     299640 HIT:     286473 MISS:      13167 MSHR_MERGE:          0
cpu0->cpu0_L2C RFO          ACCESS:      17484 HIT:       9997 MISS:       7487 MSHR_MERGE:          0
cpu0->cpu0_L2C PREFETCH     ACCESS:          0 HIT:          0 MISS:          0 MSHR_MERGE:          0
cpu0->cpu0_L2C WRITE        ACCESS:      25751 HIT:      25721 MISS:         30 MSHR_MERGE:          0
cpu0->cpu0_L2C TRANSLATION  ACCESS:          0 HIT:          0 MISS:          0 MSHR_MERGE:          0
cpu0->cpu0_L2C PREFETCH REQUESTED:          0 ISSUED:          0 USEFUL:          0 USELESS:          0
cpu0->cpu0_L2C AVERAGE MISS LATENCY: 102.4 cycles
cpu0->cpu0_L1I TOTAL        ACCESS:    8076577 HIT:    8076577 MISS:          0 MSHR_MERGE:          0
cpu0->cpu0_L1I LOAD         ACCESS:    8076577 HIT:    8076577 MISS:          0 MSHR_MERGE:          0
cpu0->cpu0_L1I RFO          ACCESS:          0 HIT:          0 MISS:          0 MSHR_MERGE:          0
cpu0->cpu0_L1I PREFETCH     ACCESS:          0 HIT:          0 MISS:          0 MSHR_MERGE:          0
cpu0->cpu0_L1I WRITE        ACCESS:          0 HIT:          0 MISS:          0 MSHR_MERGE:          0
cpu0->cpu0_L1I TRANSLATION  ACCESS:          0 HIT:          0 MISS:          0 MSHR_MERGE:          0
cpu0->cpu0_L1I PREFETCH REQUESTED:          0 ISSUED:          0 USEFUL:          0 USELESS:          0
cpu0->cpu0_L1I AVERAGE MISS LATENCY: - cycles
cpu0->cpu0_L1D TOTAL        ACCESS:   11379955 HIT:   10842636 MISS:     537319 MSHR_MERGE:     220194
cpu0->cpu0_L1D LOAD         ACCESS:    6317322 HIT:    5918812 MISS:     398510 MSHR_MERGE:      98869
cpu0->cpu0_L1D RFO          ACCESS:          0 HIT:          0 MISS:          0 MSHR_MERGE:          0
cpu0->cpu0_L1D PREFETCH     ACCESS:          0 HIT:          0 MISS:          0 MSHR_MERGE:          0
cpu0->cpu0_L1D WRITE        ACCESS:    5062633 HIT:    4923824 MISS:     138809 MSHR_MERGE:     121325
cpu0->cpu0_L1D TRANSLATION  ACCESS:          0 HIT:          0 MISS:          0 MSHR_MERGE:          0
cpu0->cpu0_L1D PREFETCH REQUESTED:          0 ISSUED:          0 USEFUL:          0 USELESS:          0
cpu0->cpu0_L1D AVERAGE MISS LATENCY: 14.75 cycles
cpu0->cpu0_ITLB TOTAL        ACCESS:    7166358 HIT:    7166358 MISS:          0 MSHR_MERGE:          0
cpu0->cpu0_ITLB LOAD         ACCESS:    7166358 HIT:    7166358 MISS:          0 MSHR_MERGE:          0
cpu0->cpu0_ITLB RFO          ACCESS:          0 HIT:          0 MISS:          0 MSHR_MERGE:          0
cpu0->cpu0_ITLB PREFETCH     ACCESS:          0 HIT:          0 MISS:          0 MSHR_MERGE:          0
cpu0->cpu0_ITLB WRITE        ACCESS:          0 HIT:          0 MISS:          0 MSHR_MERGE:          0
cpu0->cpu0_ITLB TRANSLATION  ACCESS:          0 HIT:          0 MISS:          0 MSHR_MERGE:          0
cpu0->cpu0_ITLB PREFETCH REQUESTED:          0 ISSUED:          0 USEFUL:          0 USELESS:          0
cpu0->cpu0_ITLB AVERAGE MISS LATENCY: - cycles
cpu0->cpu0_DTLB TOTAL        ACCESS:   10489314 HIT:   10489314 MISS:          0 MSHR_MERGE:          0
cpu0->cpu0_DTLB LOAD         ACCESS:   10489314 HIT:   10489314 MISS:          0 MSHR_MERGE:          0
cpu0->cpu0_DTLB RFO          ACCESS:          0 HIT:          0 MISS:          0 MSHR_MERGE:          0
cpu0->cpu0_DTLB PREFETCH     ACCESS:          0 HIT:          0 MISS:          0 MSHR_MERGE:          0
cpu0->cpu0_DTLB WRITE        ACCESS:          0 HIT:          0 MISS:          0 MSHR_MERGE:          0
cpu0->cpu0_DTLB TRANSLATION  ACCESS:          0 HIT:          0 MISS:          0 MSHR_MERGE:          0
cpu0->cpu0_DTLB PREFETCH REQUESTED:          0 ISSUED:          0 USEFUL:          0 USELESS:          0
cpu0->cpu0_DTLB AVERAGE MISS LATENCY: - cycles
cpu0->LLC TOTAL        ACCESS:      27465 HIT:      19096 MISS:       8369 MSHR_MERGE:          0
cpu0->LLC LOAD         ACCESS:      13167 HIT:      12201 MISS:        966 MSHR_MERGE:          0
cpu0->LLC RFO          ACCESS:       7487 HIT:        147 MISS:       7340 MSHR_MERGE:          0
cpu0->LLC PREFETCH     ACCESS:          0 HIT:          0 MISS:          0 MSHR_MERGE:          0
cpu0->LLC WRITE        ACCESS:       6811 HIT:       6748 MISS:         63 MSHR_MERGE:          0
cpu0->LLC TRANSLATION  ACCESS:          0 HIT:          0 MISS:          0 MSHR_MERGE:          0
cpu0->LLC PREFETCH REQUESTED:          0 ISSUED:          0 USEFUL:          0 USELESS:          0
cpu0->LLC AVERAGE MISS LATENCY: 1831 cycles
cpu1->LLC TOTAL        ACCESS:      27528 HIT:      19141 MISS:       8387 MSHR_MERGE:          0
cpu1->LLC LOAD         ACCESS:      13227 HIT:      12244 MISS:        983 MSHR_MERGE:          0
cpu1->LLC RFO          ACCESS:       7487 HIT:        147 MISS:       7340 MSHR_MERGE:          0
cpu1->LLC PREFETCH     ACCESS:          0 HIT:          0 MISS:          0 MSHR_MERGE:          0
cpu1->LLC WRITE        ACCESS:       6814 HIT:       6750 MISS:         64 MSHR_MERGE:          0
cpu1->LLC TRANSLATION  ACCESS:          0 HIT:          0 MISS:          0 MSHR_MERGE:          0
cpu1->LLC PREFETCH REQUESTED:          0 ISSUED:          0 USEFUL:          0 USELESS:          0
cpu1->LLC AVERAGE MISS LATENCY: 1827 cycles
cpu2->LLC TOTAL        ACCESS:      27532 HIT:      19157 MISS:       8375 MSHR_MERGE:          0
cpu2->LLC LOAD         ACCESS:      13223 HIT:      12253 MISS:        970 MSHR_MERGE:          0
cpu2->LLC RFO          ACCESS:       7491 HIT:        151 MISS:       7340 MSHR_MERGE:          0
cpu2->LLC PREFETCH     ACCESS:          0 HIT:          0 MISS:          0 MSHR_MERGE:          0
cpu2->LLC WRITE        ACCESS:       6818 HIT:       6753 MISS:         65 MSHR_MERGE:          0
cpu2->LLC TRANSLATION  ACCESS:          0 HIT:          0 MISS:          0 MSHR_MERGE:          0
cpu2->LLC PREFETCH REQUESTED:          0 ISSUED:          0 USEFUL:          0 USELESS:          0
cpu2->LLC AVERAGE MISS LATENCY: 1830 cycles
cpu3->LLC TOTAL        ACCESS:      27470 HIT:      19104 MISS:       8366 MSHR_MERGE:          0
cpu3->LLC LOAD         ACCESS:      13169 HIT:      12205 MISS:        964 MSHR_MERGE:          0
cpu3->LLC RFO          ACCESS:       7488 HIT:        148 MISS:       7340 MSHR_MERGE:          0
cpu3->LLC PREFETCH     ACCESS:          0 HIT:          0 MISS:          0 MSHR_MERGE:          0
cpu3->LLC WRITE        ACCESS:       6813 HIT:       6751 MISS:         62 MSHR_MERGE:          0
cpu3->LLC TRANSLATION  ACCESS:          0 HIT:          0 MISS:          0 MSHR_MERGE:          0
cpu3->LLC PREFETCH REQUESTED:          0 ISSUED:          0 USEFUL:          0 USELESS:          0
cpu3->LLC AVERAGE MISS LATENCY: 1832 cycles
cpu4->LLC TOTAL        ACCESS:      27520 HIT:      19133 MISS:       8387 MSHR_MERGE:          0
cpu4->LLC LOAD         ACCESS:      13216 HIT:      12235 MISS:        981 MSHR_MERGE:          0
cpu4->LLC RFO          ACCESS:       7489 HIT:        148 MISS:       7341 MSHR_MERGE:          0
cpu4->LLC PREFETCH     ACCESS:          0 HIT:          0 MISS:          0 MSHR_MERGE:          0
cpu4->LLC WRITE        ACCESS:       6815 HIT:       6750 MISS:         65 MSHR_MERGE:          0
cpu4->LLC TRANSLATION  ACCESS:          0 HIT:          0 MISS:          0 MSHR_MERGE:          0
cpu4->LLC PREFETCH REQUESTED:          0 ISSUED:          0 USEFUL:          0 USELESS:          0
cpu4->LLC AVERAGE MISS LATENCY: 1827 cycles
cpu5->LLC TOTAL        ACCESS:      27509 HIT:      19122 MISS:       8387 MSHR_MERGE:          0
cpu5->LLC LOAD         ACCESS:      13208 HIT:      12225 MISS:        983 MSHR_MERGE:          0
cpu5->LLC RFO          ACCESS:       7488 HIT:        148 MISS:       7340 MSHR_MERGE:          0
cpu5->LLC PREFETCH     ACCESS:          0 HIT:          0 MISS:          0 MSHR_MERGE:          0
cpu5->LLC WRITE        ACCESS:       6813 HIT:       6749 MISS:         64 MSHR_MERGE:          0
cpu5->LLC TRANSLATION  ACCESS:          0 HIT:          0 MISS:          0 MSHR_MERGE:          0
cpu5->LLC PREFETCH REQUESTED:          0 ISSUED:          0 USEFUL:          0 USELESS:          0
cpu5->LLC AVERAGE MISS LATENCY: 1827 cycles
cpu6->LLC TOTAL        ACCESS:      27463 HIT:      19094 MISS:       8369 MSHR_MERGE:          0
cpu6->LLC LOAD         ACCESS:      13165 HIT:      12200 MISS:        965 MSHR_MERGE:          0
cpu6->LLC RFO          ACCESS:       7485 HIT:        145 MISS:       7340 MSHR_MERGE:          0
cpu6->LLC PREFETCH     ACCESS:          0 HIT:          0 MISS:          0 MSHR_MERGE:          0
cpu6->LLC WRITE        ACCESS:       6813 HIT:       6749 MISS:         64 MSHR_MERGE:          0
cpu6->LLC TRANSLATION  ACCESS:          0 HIT:          0 MISS:          0 MSHR_MERGE:          0
cpu6->LLC PREFETCH REQUESTED:          0 ISSUED:          0 USEFUL:          0 USELESS:          0
cpu6->LLC AVERAGE MISS LATENCY: 1831 cycles
cpu7->LLC TOTAL        ACCESS:      27471 HIT:      19104 MISS:       8367 MSHR_MERGE:          0
cpu7->LLC LOAD         ACCESS:      13175 HIT:      12210 MISS:        965 MSHR_MERGE:          0
cpu7->LLC RFO          ACCESS:       7487 HIT:        147 MISS:       7340 MSHR_MERGE:          0
cpu7->LLC PREFETCH     ACCESS:          0 HIT:          0 MISS:          0 MSHR_MERGE:          0
cpu7->LLC WRITE        ACCESS:       6809 HIT:       6747 MISS:         62 MSHR_MERGE:          0
cpu7->LLC TRANSLATION  ACCESS:          0 HIT:          0 MISS:          0 MSHR_MERGE:          0
cpu7->LLC PREFETCH REQUESTED:          0 ISSUED:          0 USEFUL:          0 USELESS:          0
cpu7->LLC AVERAGE MISS LATENCY: 1832 cycles

Region of Interest Statistics

CPU 7 cumulative IPC: 3.153 instructions: 50000002 cycles: 15858989
CPU 7 Branch Prediction Accuracy: 100% MPKI: 0 Average ROB Occupancy at Mispredict: -
Branch type MPKI
BRANCH_DIRECT_JUMP: 0
BRANCH_INDIRECT: 0
BRANCH_CONDITIONAL: 0
BRANCH_DIRECT_CALL: 0
BRANCH_INDIRECT_CALL: 0
BRANCH_RETURN: 0


CPU 6 cumulative IPC: 3.153 instructions: 50000003 cycles: 15857183
CPU 6 Branch Prediction Accuracy: 100% MPKI: 0 Average ROB Occupancy at Mispredict: -
Branch type MPKI
BRANCH_DIRECT_JUMP: 0
BRANCH_INDIRECT: 0
BRANCH_CONDITIONAL: 0
BRANCH_DIRECT_CALL: 0
BRANCH_INDIRECT_CALL: 0
BRANCH_RETURN: 0


CPU 5 cumulative IPC: 3.153 instructions: 50000002 cycles: 15856175
CPU 5 Branch Prediction Accuracy: 100% MPKI: 0 Average ROB Occupancy at Mispredict: -
Branch type MPKI
BRANCH_DIRECT_JUMP: 0
BRANCH_INDIRECT: 0
BRANCH_CONDITIONAL: 0
BRANCH_DIRECT_CALL: 0
BRANCH_INDIRECT_CALL: 0
BRANCH_RETURN: 0


CPU 4 cumulative IPC: 3.154 instructions: 50000003 cycles: 15852339
CPU 4 Branch Prediction Accuracy: 100% MPKI: 0 Average ROB Occupancy at Mispredict: -
Branch type MPKI
BRANCH_DIRECT_JUMP: 0
BRANCH_INDIRECT: 0
BRANCH_CONDITIONAL: 0
BRANCH_DIRECT_CALL: 0
BRANCH_INDIRECT_CALL: 0
BRANCH_RETURN: 0


CPU 3 cumulative IPC: 3.153 instructions: 50000002 cycles: 15858336
CPU 3 Branch Prediction Accuracy: 100% MPKI: 0 Average ROB Occupancy at Mispredict: -
Branch type MPKI
BRANCH_DIRECT_JUMP: 0
BRANCH_INDIRECT: 0
BRANCH_CONDITIONAL: 0
BRANCH_DIRECT_CALL: 0
BRANCH_INDIRECT_CALL: 0
BRANCH_RETURN: 0


CPU 2 cumulative IPC: 3.153 instructions: 50000003 cycles: 15855810
CPU 2 Branch Prediction Accuracy: 100% MPKI: 0 Average ROB Occupancy at Mispredict: -
Branch type MPKI
BRANCH_DIRECT_JUMP: 0
BRANCH_INDIRECT: 0
BRANCH_CONDITIONAL: 0
BRANCH_DIRECT_CALL: 0
BRANCH_INDIRECT_CALL: 0
BRANCH_RETURN: 0


CPU 1 cumulative IPC: 3.151 instructions: 50000000 cycles: 15866632
CPU 1 Branch Prediction Accuracy: 100% MPKI: 0 Average ROB Occupancy at Mispredict: -
Branch type MPKI
BRANCH_DIRECT_JUMP: 0
BRANCH_INDIRECT: 0
BRANCH_CONDITIONAL: 0
BRANCH_DIRECT_CALL: 0
BRANCH_INDIRECT_CALL: 0
BRANCH_RETURN: 0


CPU 0 cumulative IPC: 3.154 instructions: 50000000 cycles: 15853825
CPU 0 Branch Prediction Accuracy: 100% MPKI: 0 Average ROB Occupancy at Mispredict: -
Branch type MPKI
BRANCH_DIRECT_JUMP: 0
BRANCH_INDIRECT: 0
BRANCH_CONDITIONAL: 0
BRANCH_DIRECT_CALL: 0
BRANCH_INDIRECT_CALL: 0
BRANCH_RETURN: 0

cpu7->cpu7_L2C TOTAL        ACCESS:     342911 HIT:     322220 MISS:      20691 MSHR_MERGE:          0
cpu7->cpu7_L2C LOAD         ACCESS:     299682 HIT:     286507 MISS:      13175 MSHR_MERGE:          0
cpu7->cpu7_L2C RFO          ACCESS:      17481 HIT:       9994 MISS:       7487 MSHR_MERGE:          0
cpu7->cpu7_L2C PREFETCH     ACCESS:          0 HIT:          0 MISS:          0 MSHR_MERGE:          0
cpu7->cpu7_L2C WRITE        ACCESS:      25748 HIT:      25719 MISS:         29 MSHR_MERGE:          0
cpu7->cpu7_L2C TRANSLATION  ACCESS:          0 HIT:          0 MISS:          0 MSHR_MERGE:          0
cpu7->cpu7_L2C PREFETCH REQUESTED:          0 ISSUED:          0 USEFUL:          0 USELESS:          0
cpu7->cpu7_L2C AVERAGE MISS LATENCY: 111.8 cycles
cpu7->cpu7_L1I TOTAL        ACCESS:    8074832 HIT:    8074832 MISS:          0 MSHR_MERGE:          0
cpu7->cpu7_L1I LOAD         ACCESS:    8074832 HIT:    8074832 MISS:          0 MSHR_MERGE:          0
cpu7->cpu7_L1I RFO          ACCESS:          0 HIT:          0 MISS:          0 MSHR_MERGE:          0
cpu7->cpu7_L1I PREFETCH     ACCESS:          0 HIT:          0 MISS:          0 MSHR_MERGE:          0
cpu7->cpu7_L1I WRITE        ACCESS:          0 HIT:          0 MISS:          0 MSHR_MERGE:          0
cpu7->cpu7_L1I TRANSLATION  ACCESS:          0 HIT:          0 MISS:          0 MSHR_MERGE:          0
cpu7->cpu7_L1I PREFETCH REQUESTED:          0 ISSUED:          0 USEFUL:          0 USELESS:          0
cpu7->cpu7_L1I AVERAGE MISS LATENCY: - cycles
cpu7->cpu7_L1D TOTAL        ACCESS:   11373068 HIT:   10836295 MISS:     536773 MSHR_MERGE:     219608
cpu7->cpu7_L1D LOAD         ACCESS:    6311397 HIT:    5913433 MISS:     397964 MSHR_MERGE:      98282
cpu7->cpu7_L1D RFO          ACCESS:          0 HIT:          0 MISS:          0 MSHR_MERGE:          0
cpu7->cpu7_L1D PREFETCH     ACCESS:          0 HIT:          0 MISS:          0 MSHR_MERGE:          0
cpu7->cpu7_L1D WRITE        ACCESS:    5061671 HIT:    4922862 MISS:     138809 MSHR_MERGE:     121326
cpu7->cpu7_L1D TRANSLATION  ACCESS:          0 HIT:          0 MISS:          0 MSHR_MERGE:          0
cpu7->cpu7_L1D PREFETCH REQUESTED:          0 ISSUED:          0 USEFUL:          0 USELESS:          0
cpu7->cpu7_L1D AVERAGE MISS LATENCY: 15.37 cycles
cpu7->cpu7_ITLB TOTAL        ACCESS:    7157979 HIT:    7157979 MISS:          0 MSHR_MERGE:          0
cpu7->cpu7_ITLB LOAD         ACCESS:    7157979 HIT:    7157979 MISS:          0 MSHR_MERGE:          0
cpu7->cpu7_ITLB RFO          ACCESS:          0 HIT:          0 MISS:          0 MSHR_MERGE:          0
cpu7->cpu7_ITLB PREFETCH     ACCESS:          0 HIT:          0 MISS:          0 MSHR_MERGE:          0
cpu7->cpu7_ITLB WRITE        ACCESS:          0 HIT:          0 MISS:          0 MSHR_MERGE:          0
cpu7->cpu7_ITLB TRANSLATION  ACCESS:          0 HIT:          0 MISS:          0 MSHR_MERGE:          0
cpu7->cpu7_ITLB PREFETCH REQUESTED:          0 ISSUED:          0 USEFUL:          0 USELESS:          0
cpu7->cpu7_ITLB AVERAGE MISS LATENCY: - cycles
cpu7->cpu7_DTLB TOTAL        ACCESS:   10466441 HIT:   10466441 MISS:          0 MSHR_MERGE:          0
cpu7->cpu7_DTLB LOAD         ACCESS:   10466441 HIT:   10466441 MISS:          0 MSHR_MERGE:          0
cpu7->cpu7_DTLB RFO          ACCESS:          0 HIT:          0 MISS:          0 MSHR_MERGE:          0
cpu7->cpu7_DTLB PREFETCH     ACCESS:          0 HIT:          0 MISS:          0 MSHR_MERGE:          0
cpu7->cpu7_DTLB WRITE        ACCESS:          0 HIT:          0 MISS:          0 MSHR_MERGE:          0
cpu7->cpu7_DTLB TRANSLATION  ACCESS:          0 HIT:          0 MISS:          0 MSHR_MERGE:          0
cpu7->cpu7_DTLB PREFETCH REQUESTED:          0 ISSUED:          0 USEFUL:          0 USELESS:          0
cpu7->cpu7_DTLB AVERAGE MISS LATENCY: - cycles
cpu6->cpu6_L2C TOTAL        ACCESS:     342877 HIT:     322193 MISS:      20684 MSHR_MERGE:          0
cpu6->cpu6_L2C LOAD         ACCESS:     299683 HIT:     286518 MISS:      13165 MSHR_MERGE:          0
cpu6->cpu6_L2C RFO          ACCESS:      17462 HIT:       9977 MISS:       7485 MSHR_MERGE:          0
cpu6->cpu6_L2C PREFETCH     ACCESS:          0 HIT:          0 MISS:          0 MSHR_MERGE:          0
cpu6->cpu6_L2C WRITE        ACCESS:      25732 HIT:      25698 MISS:         34 MSHR_MERGE:          0
cpu6->cpu6_L2C TRANSLATION  ACCESS:          0 HIT:          0 MISS:          0 MSHR_MERGE:          0
cpu6->cpu6_L2C PREFETCH REQUESTED:          0 ISSUED:          0 USEFUL:          0 USELESS:          0
cpu6->cpu6_L2C AVERAGE MISS LATENCY: 111.1 cycles
cpu6->cpu6_L1I TOTAL        ACCESS:    8071973 HIT:    8071973 MISS:          0 MSHR_MERGE:          0
cpu6->cpu6_L1I LOAD         ACCESS:    8071973 HIT:    8071973 MISS:          0 MSHR_MERGE:          0
cpu6->cpu6_L1I RFO          ACCESS:          0 HIT:          0 MISS:          0 MSHR_MERGE:          0
cpu6->cpu6_L1I PREFETCH     ACCESS:          0 HIT:          0 MISS:          0 MSHR_MERGE:          0
cpu6->cpu6_L1I WRITE        ACCESS:          0 HIT:          0 MISS:          0 MSHR_MERGE:          0
cpu6->cpu6_L1I TRANSLATION  ACCESS:          0 HIT:          0 MISS:          0 MSHR_MERGE:          0
cpu6->cpu6_L1I PREFETCH REQUESTED:          0 ISSUED:          0 USEFUL:          0 USELESS:          0
cpu6->cpu6_L1I AVERAGE MISS LATENCY: - cycles
cpu6->cpu6_L1D TOTAL        ACCESS:   11376450 HIT:   10839737 MISS:     536713 MSHR_MERGE:     219568
cpu6->cpu6_L1D LOAD         ACCESS:    6314356 HIT:    5916377 MISS:     397979 MSHR_MERGE:      98296
cpu6->cpu6_L1D RFO          ACCESS:          0 HIT:          0 MISS:          0 MSHR_MERGE:          0
cpu6->cpu6_L1D PREFETCH     ACCESS:          0 HIT:          0 MISS:          0 MSHR_MERGE:          0
cpu6->cpu6_L1D WRITE        ACCESS:    5062094 HIT:    4923360 MISS:     138734 MSHR_MERGE:     121272
cpu6->cpu6_L1D TRANSLATION  ACCESS:          0 HIT:          0 MISS:          0 MSHR_MERGE:          0
cpu6->cpu6_L1D PREFETCH REQUESTED:          0 ISSUED:          0 USEFUL:          0 USELESS:          0
cpu6->cpu6_L1D AVERAGE MISS LATENCY: 15.32 cycles
cpu6->cpu6_ITLB TOTAL        ACCESS:    7157905 HIT:    7157905 MISS:          0 MSHR_MERGE:          0
cpu6->cpu6_ITLB LOAD         ACCESS:    7157905 HIT:    7157905 MISS:          0 MSHR_MERGE:          0
cpu6->cpu6_ITLB RFO          ACCESS:          0 HIT:          0 MISS:          0 MSHR_MERGE:          0
cpu6->cpu6_ITLB PREFETCH     ACCESS:          0 HIT:          0 MISS:          0 MSHR_MERGE:          0
cpu6->cpu6_ITLB WRITE        ACCESS:          0 HIT:          0 MISS:          0 MSHR_MERGE:          0
cpu6->cpu6_ITLB TRANSLATION  ACCESS:          0 HIT:          0 MISS:          0 MSHR_MERGE:          0
cpu6->cpu6_ITLB PREFETCH REQUESTED:          0 ISSUED:          0 USEFUL:          0 USELESS:          0
cpu6->cpu6_ITLB AVERAGE MISS LATENCY: - cycles
cpu6->cpu6_DTLB TOTAL        ACCESS:   10481785 HIT:   10481785 MISS:          0 MSHR_MERGE:          0
cpu6->cpu6_DTLB LOAD         ACCESS:   10481785 HIT:   10481785 MISS:          0 MSHR_MERGE:          0
cpu6->cpu6_DTLB RFO          ACCESS:          0 HIT:          0 MISS:          0 MSHR_MERGE:          0
cpu6->cpu6_DTLB PREFETCH     ACCESS:          0 HIT:          0 MISS:          0 MSHR_MERGE:          0
cpu6->cpu6_DTLB WRITE        ACCESS:          0 HIT:          0 MISS:          0 MSHR_MERGE:          0
cpu6->cpu6_DTLB TRANSLATION  ACCESS:          0 HIT:          0 MISS:          0 MSHR_MERGE:          0
cpu6->cpu6_DTLB PREFETCH REQUESTED:          0 ISSUED:          0 USEFUL:          0 USELESS:          0
cpu6->cpu6_DTLB AVERAGE MISS LATENCY: - cycles
cpu5->cpu5_L2C TOTAL        ACCESS:     343323 HIT:     322598 MISS:      20725 MSHR_MERGE:          0
cpu5->cpu5_L2C LOAD         ACCESS:     300104 HIT:     286896 MISS:      13208 MSHR_MERGE:          0
cpu5->cpu5_L2C RFO          ACCESS:      17473 HIT:       9985 MISS:       7488 MSHR_MERGE:          0
cpu5->cpu5_L2C PREFETCH     ACCESS:          0 HIT:          0 MISS:          0 MSHR_MERGE:          0
cpu5->cpu5_L2C WRITE        ACCESS:      25746 HIT:      25717 MISS:         29 MSHR_MERGE:          0
cpu5->cpu5_L2C TRANSLATION  ACCESS:          0 HIT:          0 MISS:          0 MSHR_MERGE:          0
cpu5->cpu5_L2C PREFETCH REQUESTED:          0 ISSUED:          0 USEFUL:          0 USELESS:          0
cpu5->cpu5_L2C AVERAGE MISS LATENCY: 107.9 cycles
cpu5->cpu5_L1I TOTAL        ACCESS:    8076277 HIT:    8076277 MISS:          0 MSHR_MERGE:          0
cpu5->cpu5_L1I LOAD         ACCESS:    8076277 HIT:    8076277 MISS:          0 MSHR_MERGE:          0
cpu5->cpu5_L1I RFO          ACCESS:          0 HIT:          0 MISS:          0 MSHR_MERGE:          0
cpu5->cpu5_L1I PREFETCH     ACCESS:          0 HIT:          0 MISS:          0 MSHR_MERGE:          0
cpu5->cpu5_L1I WRITE        ACCESS:          0 HIT:          0 MISS:          0 MSHR_MERGE:          0
cpu5->cpu5_L1I TRANSLATION  ACCESS:          0 HIT:          0 MISS:          0 MSHR_MERGE:          0
cpu5->cpu5_L1I PREFETCH REQUESTED:          0 ISSUED:          0 USEFUL:          0 USELESS:          0
cpu5->cpu5_L1I AVERAGE MISS LATENCY: - cycles
cpu5->cpu5_L1D TOTAL        ACCESS:   11382549 HIT:   10844897 MISS:     537652 MSHR_MERGE:     220075
cpu5->cpu5_L1D LOAD         ACCESS:    6317135 HIT:    5918170 MISS:     398965 MSHR_MERGE:      98861
cpu5->cpu5_L1D RFO          ACCESS:          0 HIT:          0 MISS:          0 MSHR_MERGE:          0
cpu5->cpu5_L1D PREFETCH     ACCESS:          0 HIT:          0 MISS:          0 MSHR_MERGE:          0
cpu5->cpu5_L1D WRITE        ACCESS:    5065414 HIT:    4926727 MISS:     138687 MSHR_MERGE:     121214
cpu5->cpu5_L1D TRANSLATION  ACCESS:          0 HIT:          0 MISS:          0 MSHR_MERGE:          0
cpu5->cpu5_L1D PREFETCH REQUESTED:          0 ISSUED:          0 USEFUL:          0 USELESS:          0
cpu5->cpu5_L1D AVERAGE MISS LATENCY: 15.11 cycles
cpu5->cpu5_ITLB TOTAL        ACCESS:    7158360 HIT:    7158360 MISS:          0 MSHR_MERGE:          0
cpu5->cpu5_ITLB LOAD         ACCESS:    7158360 HIT:    7158360 MISS:          0 MSHR_MERGE:          0
cpu5->cpu5_ITLB RFO          ACCESS:          0 HIT:          0 MISS:          0 MSHR_MERGE:          0
cpu5->cpu5_ITLB PREFETCH     ACCESS:          0 HIT:          0 MISS:          0 MSHR_MERGE:          0
cpu5->cpu5_ITLB WRITE        ACCESS:          0 HIT:          0 MISS:          0 MSHR_MERGE:          0
cpu5->cpu5_ITLB TRANSLATION  ACCESS:          0 HIT:          0 MISS:          0 MSHR_MERGE:          0
cpu5->cpu5_ITLB PREFETCH REQUESTED:          0 ISSUED:          0 USEFUL:          0 USELESS:          0
cpu5->cpu5_ITLB AVERAGE MISS LATENCY: - cycles
cpu5->cpu5_DTLB TOTAL        ACCESS:   10466668 HIT:   10466668 MISS:          0 MSHR_MERGE:          0
cpu5->cpu5_DTLB LOAD         ACCESS:   10466668 HIT:   10466668 MISS:          0 MSHR_MERGE:          0
cpu5->cpu5_DTLB RFO          ACCESS:          0 HIT:          0 MISS:          0 MSHR_MERGE:          0
cpu5->cpu5_DTLB PREFETCH     ACCESS:          0 HIT:          0 MISS:          0 MSHR_MERGE:          0
cpu5->cpu5_DTLB WRITE        ACCESS:          0 HIT:          0 MISS:          0 MSHR_MERGE:          0
cpu5->cpu5_DTLB TRANSLATION  ACCESS:          0 HIT:          0 MISS:          0 MSHR_MERGE:          0
cpu5->cpu5_DTLB PREFETCH REQUESTED:          0 ISSUED:          0 USEFUL:          0 USELESS:          0
cpu5->cpu5_DTLB AVERAGE MISS LATENCY: - cycles
cpu4->cpu4_L2C TOTAL        ACCESS:     343374 HIT:     322640 MISS:      20734 MSHR_MERGE:          0
cpu4->cpu4_L2C LOAD         ACCESS:     300121 HIT:     286905 MISS:      13216 MSHR_MERGE:          0
cpu4->cpu4_L2C RFO          ACCESS:      17492 HIT:      10003 MISS:       7489 MSHR_MERGE:          0
cpu4->cpu4_L2C PREFETCH     ACCESS:          0 HIT:          0 MISS:          0 MSHR_MERGE:          0
cpu4->cpu4_L2C WRITE        ACCESS:      25761 HIT:      25732 MISS:         29 MSHR_MERGE:          0
cpu4->cpu4_L2C TRANSLATION  ACCESS:          0 HIT:          0 MISS:          0 MSHR_MERGE:          0
cpu4->cpu4_L2C PREFETCH REQUESTED:          0 ISSUED:          0 USEFUL:          0 USELESS:          0
cpu4->cpu4_L2C AVERAGE MISS LATENCY: 105.5 cycles
cpu4->cpu4_L1I TOTAL        ACCESS:    8078239 HIT:    8078239 MISS:          0 MSHR_MERGE:          0
cpu4->cpu4_L1I LOAD         ACCESS:    8078239 HIT:    8078239 MISS:          0 MSHR_MERGE:          0
cpu4->cpu4_L1I RFO          ACCESS:          0 HIT:          0 MISS:          0 MSHR_MERGE:          0
cpu4->cpu4_L1I PREFETCH     ACCESS:          0 HIT:          0 MISS:          0 MSHR_MERGE:          0
cpu4->cpu4_L1I WRITE        ACCESS:          0 HIT:          0 MISS:          0 MSHR_MERGE:          0
cpu4->cpu4_L1I TRANSLATION  ACCESS:          0 HIT:          0 MISS:          0 MSHR_MERGE:          0
cpu4->cpu4_L1I PREFETCH REQUESTED:          0 ISSUED:          0 USEFUL:          0 USELESS:          0
cpu4->cpu4_L1I AVERAGE MISS LATENCY: - cycles
cpu4->cpu4_L1D TOTAL        ACCESS:   11385012 HIT:   10847120 MISS:     537892 MSHR_MERGE:     220279
cpu4->cpu4_L1D LOAD         ACCESS:    6318578 HIT:    5919503 MISS:     399075 MSHR_MERGE:      98954
cpu4->cpu4_L1D RFO          ACCESS:          0 HIT:          0 MISS:          0 MSHR_MERGE:          0
cpu4->cpu4_L1D PREFETCH     ACCESS:          0 HIT:          0 MISS:          0 MSHR_MERGE:          0
cpu4->cpu4_L1D WRITE        ACCESS:    5066434 HIT:    4927617 MISS:     138817 MSHR_MERGE:     121325
cpu4->cpu4_L1D TRANSLATION  ACCESS:          0 HIT:          0 MISS:          0 MSHR_MERGE:          0
cpu4->cpu4_L1D PREFETCH REQUESTED:          0 ISSUED:          0 USEFUL:          0 USELESS:          0
cpu4->cpu4_L1D AVERAGE MISS LATENCY: 14.96 cycles
cpu4->cpu4_ITLB TOTAL        ACCESS:    7160318 HIT:    7160318 MISS:          0 MSHR_MERGE:          0
cpu4->cpu4_ITLB LOAD         ACCESS:    7160318 HIT:    7160318 MISS:          0 MSHR_MERGE:          0
cpu4->cpu4_ITLB RFO          ACCESS:          0 HIT:          0 MISS:          0 MSHR_MERGE:          0
cpu4->cpu4_ITLB PREFETCH     ACCESS:          0 HIT:          0 MISS:          0 MSHR_MERGE:          0
cpu4->cpu4_ITLB WRITE        ACCESS:          0 HIT:          0 MISS:          0 MSHR_MERGE:          0
cpu4->cpu4_ITLB TRANSLATION  ACCESS:          0 HIT:          0 MISS:          0 MSHR_MERGE:          0
cpu4->cpu4_ITLB PREFETCH REQUESTED:          0 ISSUED:          0 USEFUL:          0 USELESS:          0
cpu4->cpu4_ITLB AVERAGE MISS LATENCY: - cycles
cpu4->cpu4_DTLB TOTAL        ACCESS:   10469409 HIT:   10469409 MISS:          0 MSHR_MERGE:          0
cpu4->cpu4_DTLB LOAD         ACCESS:   10469409 HIT:   10469409 MISS:          0 MSHR_MERGE:          0
cpu4->cpu4_DTLB RFO          ACCESS:          0 HIT:          0 MISS:          0 MSHR_MERGE:          0
cpu4->cpu4_DTLB PREFETCH     ACCESS:          0 HIT:          0 MISS:          0 MSHR_MERGE:          0
cpu4->cpu4_DTLB WRITE        ACCESS:          0 HIT:          0 MISS:          0 MSHR_MERGE:          0
cpu4->cpu4_DTLB TRANSLATION  ACCESS:          0 HIT:          0 MISS:          0 MSHR_MERGE:          0
cpu4->cpu4_DTLB PREFETCH REQUESTED:          0 ISSUED:          0 USEFUL:          0 USELESS:          0
cpu4->cpu4_DTLB AVERAGE MISS LATENCY: - cycles
cpu3->cpu3_L2C TOTAL        ACCESS:     342874 HIT:     322186 MISS:      20688 MSHR_MERGE:          0
cpu3->cpu3_L2C LOAD         ACCESS:     299683 HIT:     286514 MISS:      13169 MSHR_MERGE:          0
cpu3->cpu3_L2C RFO          ACCESS:      17460 HIT:       9972 MISS:       7488 MSHR_MERGE:          0
cpu3->cpu3_L2C PREFETCH     ACCESS:          0 HIT:          0 MISS:          0 MSHR_MERGE:          0
cpu3->cpu3_L2C WRITE        ACCESS:      25731 HIT:      25700 MISS:         31 MSHR_MERGE:          0
cpu3->cpu3_L2C TRANSLATION  ACCESS:          0 HIT:          0 MISS:          0 MSHR_MERGE:          0
cpu3->cpu3_L2C PREFETCH REQUESTED:          0 ISSUED:          0 USEFUL:          0 USELESS:          0
cpu3->cpu3_L2C AVERAGE MISS LATENCY: 116.4 cycles
cpu3->cpu3_L1I TOTAL        ACCESS:    8074441 HIT:    8074441 MISS:          0 MSHR_MERGE:          0
cpu3->cpu3_L1I LOAD         ACCESS:    8074441 HIT:    8074441 MISS:          0 MSHR_MERGE:          0
cpu3->cpu3_L1I RFO          ACCESS:          0 HIT:          0 MISS:          0 MSHR_MERGE:          0
cpu3->cpu3_L1I PREFETCH     ACCESS:          0 HIT:          0 MISS:          0 MSHR_MERGE:          0
cpu3->cpu3_L1I WRITE        ACCESS:          0 HIT:          0 MISS:          0 MSHR_MERGE:          0
cpu3->cpu3_L1I TRANSLATION  ACCESS:          0 HIT:          0 MISS:          0 MSHR_MERGE:          0
cpu3->cpu3_L1I PREFETCH REQUESTED:          0 ISSUED:          0 USEFUL:          0 USELESS:          0
cpu3->cpu3_L1I AVERAGE MISS LATENCY: - cycles
cpu3->cpu3_L1D TOTAL        ACCESS:   11377980 HIT:   10840583 MISS:     537397 MSHR_MERGE:     220253
cpu3->cpu3_L1D LOAD         ACCESS:    6316149 HIT:    5917442 MISS:     398707 MSHR_MERGE:      99024
cpu3->cpu3_L1D RFO          ACCESS:          0 HIT:          0 MISS:          0 MSHR_MERGE:          0
cpu3->cpu3_L1D PREFETCH     ACCESS:          0 HIT:          0 MISS:          0 MSHR_MERGE:          0
cpu3->cpu3_L1D WRITE        ACCESS:    5061831 HIT:    4923141 MISS:     138690 MSHR_MERGE:     121229
cpu3->cpu3_L1D TRANSLATION  ACCESS:          0 HIT:          0 MISS:          0 MSHR_MERGE:          0
cpu3->cpu3_L1D PREFETCH REQUESTED:          0 ISSUED:          0 USEFUL:          0 USELESS:          0
cpu3->cpu3_L1D AVERAGE MISS LATENCY: 15.66 cycles
cpu3->cpu3_ITLB TOTAL        ACCESS:    7164006 HIT:    7164006 MISS:          0 MSHR_MERGE:          0
cpu3->cpu3_ITLB LOAD         ACCESS:    7164006 HIT:    7164006 MISS:          0 MSHR_MERGE:          0
cpu3->cpu3_ITLB RFO          ACCESS:          0 HIT:          0 MISS:          0 MSHR_MERGE:          0
cpu3->cpu3_ITLB PREFETCH     ACCESS:          0 HIT:          0 MISS:          0 MSHR_MERGE:          0
cpu3->cpu3_ITLB WRITE        ACCESS:          0 HIT:          0 MISS:          0 MSHR_MERGE:          0
cpu3->cpu3_ITLB TRANSLATION  ACCESS:          0 HIT:          0 MISS:          0 MSHR_MERGE:          0
cpu3->cpu3_ITLB PREFETCH REQUESTED:          0 ISSUED:          0 USEFUL:          0 USELESS:          0
cpu3->cpu3_ITLB AVERAGE MISS LATENCY: - cycles
cpu3->cpu3_DTLB TOTAL        ACCESS:   10487963 HIT:   10487963 MISS:          0 MSHR_MERGE:          0
cpu3->cpu3_DTLB LOAD         ACCESS:   10487963 HIT:   10487963 MISS:          0 MSHR_MERGE:          0
cpu3->cpu3_DTLB RFO          ACCESS:          0 HIT:          0 MISS:          0 MSHR_MERGE:          0
cpu3->cpu3_DTLB PREFETCH     ACCESS:          0 HIT:          0 MISS:          0 MSHR_MERGE:          0
cpu3->cpu3_DTLB WRITE        ACCESS:          0 HIT:          0 MISS:          0 MSHR_MERGE:          0
cpu3->cpu3_DTLB TRANSLATION  ACCESS:          0 HIT:          0 MISS:          0 MSHR_MERGE:          0
cpu3->cpu3_DTLB PREFETCH REQUESTED:          0 ISSUED:          0 USEFUL:          0 USELESS:          0
cpu3->cpu3_DTLB AVERAGE MISS LATENCY: - cycles
cpu2->cpu2_L2C TOTAL        ACCESS:     343380 HIT:     322636 MISS:      20744 MSHR_MERGE:          0
cpu2->cpu2_L2C LOAD         ACCESS:     300137 HIT:     286914 MISS:      13223 MSHR_MERGE:          0
cpu2->cpu2_L2C RFO          ACCESS:      17483 HIT:       9992 MISS:       7491 MSHR_MERGE:          0
cpu2->cpu2_L2C PREFETCH     ACCESS:          0 HIT:          0 MISS:          0 MSHR_MERGE:          0
cpu2->cpu2_L2C WRITE        ACCESS:      25760 HIT:      25730 MISS:         30 MSHR_MERGE:          0
cpu2->cpu2_L2C TRANSLATION  ACCESS:          0 HIT:          0 MISS:          0 MSHR_MERGE:          0
cpu2->cpu2_L2C PREFETCH REQUESTED:          0 ISSUED:          0 USEFUL:          0 USELESS:          0
cpu2->cpu2_L2C AVERAGE MISS LATENCY: 108.7 cycles
cpu2->cpu2_L1I TOTAL        ACCESS:    8076673 HIT:    8076673 MISS:          0 MSHR_MERGE:          0
cpu2->cpu2_L1I LOAD         ACCESS:    8076673 HIT:    8076673 MISS:          0 MSHR_MERGE:          0
cpu2->cpu2_L1I RFO          ACCESS:          0 HIT:          0 MISS:          0 MSHR_MERGE:          0
cpu2->cpu2_L1I PREFETCH     ACCESS:          0 HIT:          0 MISS:          0 MSHR_MERGE:          0
cpu2->cpu2_L1I WRITE        ACCESS:          0 HIT:          0 MISS:          0 MSHR_MERGE:          0
cpu2->cpu2_L1I TRANSLATION  ACCESS:          0 HIT:          0 MISS:          0 MSHR_MERGE:          0
cpu2->cpu2_L1I PREFETCH REQUESTED:          0 ISSUED:          0 USEFUL:          0 USELESS:          0
cpu2->cpu2_L1I AVERAGE MISS LATENCY: - cycles
cpu2->cpu2_L1D TOTAL        ACCESS:   11383103 HIT:   10845248 MISS:     537855 MSHR_MERGE:     220232
cpu2->cpu2_L1D LOAD         ACCESS:    6317312 HIT:    5918241 MISS:     399071 MSHR_MERGE:      98934
cpu2->cpu2_L1D RFO          ACCESS:          0 HIT:          0 MISS:          0 MSHR_MERGE:          0
cpu2->cpu2_L1D PREFETCH     ACCESS:          0 HIT:          0 MISS:          0 MSHR_MERGE:          0
cpu2->cpu2_L1D WRITE        ACCESS:    5065791 HIT:    4927007 MISS:     138784 MSHR_MERGE:     121298
cpu2->cpu2_L1D TRANSLATION  ACCESS:          0 HIT:          0 MISS:          0 MSHR_MERGE:          0
cpu2->cpu2_L1D PREFETCH REQUESTED:          0 ISSUED:          0 USEFUL:          0 USELESS:          0
cpu2->cpu2_L1D AVERAGE MISS LATENCY: 15.17 cycles
cpu2->cpu2_ITLB TOTAL        ACCESS:    7159556 HIT:    7159556 MISS:          0 MSHR_MERGE:          0
cpu2->cpu2_ITLB LOAD         ACCESS:    7159556 HIT:    7159556 MISS:          0 MSHR_MERGE:          0
cpu2->cpu2_ITLB RFO          ACCESS:          0 HIT:          0 MISS:          0 MSHR_MERGE:          0
cpu2->cpu2_ITLB PREFETCH     ACCESS:          0 HIT:          0 MISS:          0 MSHR_MERGE:          0
cpu2->cpu2_ITLB WRITE        ACCESS:          0 HIT:          0 MISS:          0 MSHR_MERGE:          0
cpu2->cpu2_ITLB TRANSLATION  ACCESS:          0 HIT:          0 MISS:          0 MSHR_MERGE:          0
cpu2->cpu2_ITLB PREFETCH REQUESTED:          0 ISSUED:          0 USEFUL:          0 USELESS:          0
cpu2->cpu2_ITLB AVERAGE MISS LATENCY: - cycles
cpu2->cpu2_DTLB TOTAL        ACCESS:   10467298 HIT:   10467298 MISS:          0 MSHR_MERGE:          0
cpu2->cpu2_DTLB LOAD         ACCESS:   10467298 HIT:   10467298 MISS:          0 MSHR_MERGE:          0
cpu2->cpu2_DTLB RFO          ACCESS:          0 HIT:          0 MISS:          0 MSHR_MERGE:          0
cpu2->cpu2_DTLB PREFETCH     ACCESS:          0 HIT:          0 MISS:          0 MSHR_MERGE:          0
cpu2->cpu2_DTLB WRITE        ACCESS:          0 HIT:          0 MISS:          0 MSHR_MERGE:          0
cpu2->cpu2_DTLB TRANSLATION  ACCESS:          0 HIT:          0 MISS:          0 MSHR_MERGE:          0
cpu2->cpu2_DTLB PREFETCH REQUESTED:          0 ISSUED:          0 USEFUL:          0 USELESS:          0
cpu2->cpu2_DTLB AVERAGE MISS LATENCY: - cycles
cpu1->cpu1_L2C TOTAL        ACCESS:     343378 HIT:     322634 MISS:      20744 MSHR_MERGE:          0
cpu1->cpu1_L2C LOAD         ACCESS:     300117 HIT:     286890 MISS:      13227 MSHR_MERGE:          0
cpu1->cpu1_L2C RFO          ACCESS:      17495 HIT:      10008 MISS:       7487 MSHR_MERGE:          0
cpu1->cpu1_L2C PREFETCH     ACCESS:          0 HIT:          0 MISS:          0 MSHR_MERGE:          0
cpu1->cpu1_L2C WRITE        ACCESS:      25766 HIT:      25736 MISS:         30 MSHR_MERGE:          0
cpu1->cpu1_L2C TRANSLATION  ACCESS:          0 HIT:          0 MISS:          0 MSHR_MERGE:          0
cpu1->cpu1_L2C PREFETCH REQUESTED:          0 ISSUED:          0 USEFUL:          0 USELESS:          0
cpu1->cpu1_L2C AVERAGE MISS LATENCY: 99.16 cycles
cpu1->cpu1_L1I TOTAL        ACCESS:    8071414 HIT:    8071414 MISS:          0 MSHR_MERGE:          0
cpu1->cpu1_L1I LOAD         ACCESS:    8071414 HIT:    8071414 MISS:          0 MSHR_MERGE:          0
cpu1->cpu1_L1I RFO          ACCESS:          0 HIT:          0 MISS:          0 MSHR_MERGE:          0
cpu1->cpu1_L1I PREFETCH     ACCESS:          0 HIT:          0 MISS:          0 MSHR_MERGE:          0
cpu1->cpu1_L1I WRITE        ACCESS:          0 HIT:          0 MISS:          0 MSHR_MERGE:          0
cpu1->cpu1_L1I TRANSLATION  ACCESS:          0 HIT:          0 MISS:          0 MSHR_MERGE:          0
cpu1->cpu1_L1I PREFETCH REQUESTED:          0 ISSUED:          0 USEFUL:          0 USELESS:          0
cpu1->cpu1_L1I AVERAGE MISS LATENCY: - cycles
cpu1->cpu1_L1D TOTAL        ACCESS:   11376934 HIT:   10839437 MISS:     537497 MSHR_MERGE:     219883
cpu1->cpu1_L1D LOAD         ACCESS:    6313675 HIT:    5914974 MISS:     398701 MSHR_MERGE:      98582
cpu1->cpu1_L1D RFO          ACCESS:          0 HIT:          0 MISS:          0 MSHR_MERGE:          0
cpu1->cpu1_L1D PREFETCH     ACCESS:          0 HIT:          0 MISS:          0 MSHR_MERGE:          0
cpu1->cpu1_L1D WRITE        ACCESS:    5063259 HIT:    4924463 MISS:     138796 MSHR_MERGE:     121301
cpu1->cpu1_L1D TRANSLATION  ACCESS:          0 HIT:          0 MISS:          0 MSHR_MERGE:          0
cpu1->cpu1_L1D PREFETCH REQUESTED:          0 ISSUED:          0 USEFUL:          0 USELESS:          0
cpu1->cpu1_L1D AVERAGE MISS LATENCY: 14.55 cycles
cpu1->cpu1_ITLB TOTAL        ACCESS:    7160543 HIT:    7160543 MISS:          0 MSHR_MERGE:          0
cpu1->cpu1_ITLB LOAD         ACCESS:    7160543 HIT:    7160543 MISS:          0 MSHR_MERGE:          0
cpu1->cpu1_ITLB RFO          ACCESS:          0 HIT:          0 MISS:          0 MSHR_MERGE:          0
cpu1->cpu1_ITLB PREFETCH     ACCESS:          0 HIT:          0 MISS:          0 MSHR_MERGE:          0
cpu1->cpu1_ITLB WRITE        ACCESS:          0 HIT:          0 MISS:          0 MSHR_MERGE:          0
cpu1->cpu1_ITLB TRANSLATION  ACCESS:          0 HIT:          0 MISS:          0 MSHR_MERGE:          0
cpu1->cpu1_ITLB PREFETCH REQUESTED:          0 ISSUED:          0 USEFUL:          0 USELESS:          0
cpu1->cpu1_ITLB AVERAGE MISS LATENCY: - cycles
cpu1->cpu1_DTLB TOTAL        ACCESS:   10464189 HIT:   10464189 MISS:          0 MSHR_MERGE:          0
cpu1->cpu1_DTLB LOAD         ACCESS:   10464189 HIT:   10464189 MISS:          0 MSHR_MERGE:          0
cpu1->cpu1_DTLB RFO          ACCESS:          0 HIT:          0 MISS:          0 MSHR_MERGE:          0
cpu1->cpu1_DTLB PREFETCH     ACCESS:          0 HIT:          0 MISS:          0 MSHR_MERGE:          0
cpu1->cpu1_DTLB WRITE        ACCESS:          0 HIT:          0 MISS:          0 MSHR_MERGE:          0
cpu1->cpu1_DTLB TRANSLATION  ACCESS:          0 HIT:          0 MISS:          0 MSHR_MERGE:          0
cpu1->cpu1_DTLB PREFETCH REQUESTED:          0 ISSUED:          0 USEFUL:          0 USELESS:          0
cpu1->cpu1_DTLB AVERAGE MISS LATENCY: - cycles
cpu0->cpu0_L2C TOTAL        ACCESS:     342875 HIT:     322191 MISS:      20684 MSHR_MERGE:          0
cpu0->cpu0_L2C LOAD         ACCESS:     299640 HIT:     286473 MISS:      13167 MSHR_MERGE:          0
cpu0->cpu0_L2C RFO          ACCESS:      17484 HIT:       9997 MISS:       7487 MSHR_MERGE:          0
cpu0->cpu0_L2C PREFETCH     ACCESS:          0 HIT:          0 MISS:          0 MSHR_MERGE:          0
cpu0->cpu0_L2C WRITE        ACCESS:      25751 HIT:      25721 MISS:         30 MSHR_MERGE:          0
cpu0->cpu0_L2C TRANSLATION  ACCESS:          0 HIT:          0 MISS:          0 MSHR_MERGE:          0
cpu0->cpu0_L2C PREFETCH REQUESTED:          0 ISSUED:          0 USEFUL:          0 USELESS:          0
cpu0->cpu0_L2C AVERAGE MISS LATENCY: 102.4 cycles
cpu0->cpu0_L1I TOTAL        ACCESS:    8076577 HIT:    8076577 MISS:          0 MSHR_MERGE:          0
cpu0->cpu0_L1I LOAD         ACCESS:    8076577 HIT:    8076577 MISS:          0 MSHR_MERGE:          0
cpu0->cpu0_L1I RFO          ACCESS:          0 HIT:          0 MISS:          0 MSHR_MERGE:          0
cpu0->cpu0_L1I PREFETCH     ACCESS:          0 HIT:          0 MISS:          0 MSHR_MERGE:          0
cpu0->cpu0_L1I WRITE        ACCESS:          0 HIT:          0 MISS:          0 MSHR_MERGE:          0
cpu0->cpu0_L1I TRANSLATION  ACCESS:          0 HIT:          0 MISS:          0 MSHR_MERGE:          0
cpu0->cpu0_L1I PREFETCH REQUESTED:          0 ISSUED:          0 USEFUL:          0 USELESS:          0
cpu0->cpu0_L1I AVERAGE MISS LATENCY: - cycles
cpu0->cpu0_L1D TOTAL        ACCESS:   11379955 HIT:   10842636 MISS:     537319 MSHR_MERGE:     220194
cpu0->cpu0_L1D LOAD         ACCESS:    6317322 HIT:    5918812 MISS:     398510 MSHR_MERGE:      98869
cpu0->cpu0_L1D RFO          ACCESS:          0 HIT:          0 MISS:          0 MSHR_MERGE:          0
cpu0->cpu0_L1D PREFETCH     ACCESS:          0 HIT:          0 MISS:          0 MSHR_MERGE:          0
cpu0->cpu0_L1D WRITE        ACCESS:    5062633 HIT:    4923824 MISS:     138809 MSHR_MERGE:     121325
cpu0->cpu0_L1D TRANSLATION  ACCESS:          0 HIT:          0 MISS:          0 MSHR_MERGE:          0
cpu0->cpu0_L1D PREFETCH REQUESTED:          0 ISSUED:          0 USEFUL:          0 USELESS:          0
cpu0->cpu0_L1D AVERAGE MISS LATENCY: 14.75 cycles
cpu0->cpu0_ITLB TOTAL        ACCESS:    7166358 HIT:    7166358 MISS:          0 MSHR_MERGE:          0
cpu0->cpu0_ITLB LOAD         ACCESS:    7166358 HIT:    7166358 MISS:          0 MSHR_MERGE:          0
cpu0->cpu0_ITLB RFO          ACCESS:          0 HIT:          0 MISS:          0 MSHR_MERGE:          0
cpu0->cpu0_ITLB PREFETCH     ACCESS:          0 HIT:          0 MISS:          0 MSHR_MERGE:          0
cpu0->cpu0_ITLB WRITE        ACCESS:          0 HIT:          0 MISS:          0 MSHR_MERGE:          0
cpu0->cpu0_ITLB TRANSLATION  ACCESS:          0 HIT:          0 MISS:          0 MSHR_MERGE:          0
cpu0->cpu0_ITLB PREFETCH REQUESTED:          0 ISSUED:          0 USEFUL:          0 USELESS:          0
cpu0->cpu0_ITLB AVERAGE MISS LATENCY: - cycles
cpu0->cpu0_DTLB TOTAL        ACCESS:   10489314 HIT:   10489314 MISS:          0 MSHR_MERGE:          0
cpu0->cpu0_DTLB LOAD         ACCESS:   10489314 HIT:   10489314 MISS:          0 MSHR_MERGE:          0
cpu0->cpu0_DTLB RFO          ACCESS:          0 HIT:          0 MISS:          0 MSHR_MERGE:          0
cpu0->cpu0_DTLB PREFETCH     ACCESS:          0 HIT:          0 MISS:          0 MSHR_MERGE:          0
cpu0->cpu0_DTLB WRITE        ACCESS:          0 HIT:          0 MISS:          0 MSHR_MERGE:          0
cpu0->cpu0_DTLB TRANSLATION  ACCESS:          0 HIT:          0 MISS:          0 MSHR_MERGE:          0
cpu0->cpu0_DTLB PREFETCH REQUESTED:          0 ISSUED:          0 USEFUL:          0 USELESS:          0
cpu0->cpu0_DTLB AVERAGE MISS LATENCY: - cycles
cpu0->LLC TOTAL        ACCESS:      27465 HIT:      19096 MISS:       8369 MSHR_MERGE:          0
cpu0->LLC LOAD         ACCESS:      13167 HIT:      12201 MISS:        966 MSHR_MERGE:          0
cpu0->LLC RFO          ACCESS:       7487 HIT:        147 MISS:       7340 MSHR_MERGE:          0
cpu0->LLC PREFETCH     ACCESS:          0 HIT:          0 MISS:          0 MSHR_MERGE:          0
cpu0->LLC WRITE        ACCESS:       6811 HIT:       6748 MISS:         63 MSHR_MERGE:          0
cpu0->LLC TRANSLATION  ACCESS:          0 HIT:          0 MISS:          0 MSHR_MERGE:          0
cpu0->LLC PREFETCH REQUESTED:          0 ISSUED:          0 USEFUL:          0 USELESS:          0
cpu0->LLC AVERAGE MISS LATENCY: 1831 cycles
cpu1->LLC TOTAL        ACCESS:      27528 HIT:      19141 MISS:       8387 MSHR_MERGE:          0
cpu1->LLC LOAD         ACCESS:      13227 HIT:      12244 MISS:        983 MSHR_MERGE:          0
cpu1->LLC RFO          ACCESS:       7487 HIT:        147 MISS:       7340 MSHR_MERGE:          0
cpu1->LLC PREFETCH     ACCESS:          0 HIT:          0 MISS:          0 MSHR_MERGE:          0
cpu1->LLC WRITE        ACCESS:       6814 HIT:       6750 MISS:         64 MSHR_MERGE:          0
cpu1->LLC TRANSLATION  ACCESS:          0 HIT:          0 MISS:          0 MSHR_MERGE:          0
cpu1->LLC PREFETCH REQUESTED:          0 ISSUED:          0 USEFUL:          0 USELESS:          0
cpu1->LLC AVERAGE MISS LATENCY: 1827 cycles
cpu2->LLC TOTAL        ACCESS:      27532 HIT:      19157 MISS:       8375 MSHR_MERGE:          0
cpu2->LLC LOAD         ACCESS:      13223 HIT:      12253 MISS:        970 MSHR_MERGE:          0
cpu2->LLC RFO          ACCESS:       7491 HIT:        151 MISS:       7340 MSHR_MERGE:          0
cpu2->LLC PREFETCH     ACCESS:          0 HIT:          0 MISS:          0 MSHR_MERGE:          0
cpu2->LLC WRITE        ACCESS:       6818 HIT:       6753 MISS:         65 MSHR_MERGE:          0
cpu2->LLC TRANSLATION  ACCESS:          0 HIT:          0 MISS:          0 MSHR_MERGE:          0
cpu2->LLC PREFETCH REQUESTED:          0 ISSUED:          0 USEFUL:          0 USELESS:          0
cpu2->LLC AVERAGE MISS LATENCY: 1830 cycles
cpu3->LLC TOTAL        ACCESS:      27470 HIT:      19104 MISS:       8366 MSHR_MERGE:          0
cpu3->LLC LOAD         ACCESS:      13169 HIT:      12205 MISS:        964 MSHR_MERGE:          0
cpu3->LLC RFO          ACCESS:       7488 HIT:        148 MISS:       7340 MSHR_MERGE:          0
cpu3->LLC PREFETCH     ACCESS:          0 HIT:          0 MISS:          0 MSHR_MERGE:          0
cpu3->LLC WRITE        ACCESS:       6813 HIT:       6751 MISS:         62 MSHR_MERGE:          0
cpu3->LLC TRANSLATION  ACCESS:          0 HIT:          0 MISS:          0 MSHR_MERGE:          0
cpu3->LLC PREFETCH REQUESTED:          0 ISSUED:          0 USEFUL:          0 USELESS:          0
cpu3->LLC AVERAGE MISS LATENCY: 1832 cycles
cpu4->LLC TOTAL        ACCESS:      27520 HIT:      19133 MISS:       8387 MSHR_MERGE:          0
cpu4->LLC LOAD         ACCESS:      13216 HIT:      12235 MISS:        981 MSHR_MERGE:          0
cpu4->LLC RFO          ACCESS:       7489 HIT:        148 MISS:       7341 MSHR_MERGE:          0
cpu4->LLC PREFETCH     ACCESS:          0 HIT:          0 MISS:          0 MSHR_MERGE:          0
cpu4->LLC WRITE        ACCESS:       6815 HIT:       6750 MISS:         65 MSHR_MERGE:          0
cpu4->LLC TRANSLATION  ACCESS:          0 HIT:          0 MISS:          0 MSHR_MERGE:          0
cpu4->LLC PREFETCH REQUESTED:          0 ISSUED:          0 USEFUL:          0 USELESS:          0
cpu4->LLC AVERAGE MISS LATENCY: 1827 cycles
cpu5->LLC TOTAL        ACCESS:      27509 HIT:      19122 MISS:       8387 MSHR_MERGE:          0
cpu5->LLC LOAD         ACCESS:      13208 HIT:      12225 MISS:        983 MSHR_MERGE:          0
cpu5->LLC RFO          ACCESS:       7488 HIT:        148 MISS:       7340 MSHR_MERGE:          0
cpu5->LLC PREFETCH     ACCESS:          0 HIT:          0 MISS:          0 MSHR_MERGE:          0
cpu5->LLC WRITE        ACCESS:       6813 HIT:       6749 MISS:         64 MSHR_MERGE:          0
cpu5->LLC TRANSLATION  ACCESS:          0 HIT:          0 MISS:          0 MSHR_MERGE:          0
cpu5->LLC PREFETCH REQUESTED:          0 ISSUED:          0 USEFUL:          0 USELESS:          0
cpu5->LLC AVERAGE MISS LATENCY: 1827 cycles
cpu6->LLC TOTAL        ACCESS:      27463 HIT:      19094 MISS:       8369 MSHR_MERGE:          0
cpu6->LLC LOAD         ACCESS:      13165 HIT:      12200 MISS:        965 MSHR_MERGE:          0
cpu6->LLC RFO          ACCESS:       7485 HIT:        145 MISS:       7340 MSHR_MERGE:          0
cpu6->LLC PREFETCH     ACCESS:          0 HIT:          0 MISS:          0 MSHR_MERGE:          0
cpu6->LLC WRITE        ACCESS:       6813 HIT:       6749 MISS:         64 MSHR_MERGE:          0
cpu6->LLC TRANSLATION  ACCESS:          0 HIT:          0 MISS:          0 MSHR_MERGE:          0
cpu6->LLC PREFETCH REQUESTED:          0 ISSUED:          0 USEFUL:          0 USELESS:          0
cpu6->LLC AVERAGE MISS LATENCY: 1831 cycles
cpu7->LLC TOTAL        ACCESS:      27471 HIT:      19104 MISS:       8367 MSHR_MERGE:          0
cpu7->LLC LOAD         ACCESS:      13175 HIT:      12210 MISS:        965 MSHR_MERGE:          0
cpu7->LLC RFO          ACCESS:       7487 HIT:        147 MISS:       7340 MSHR_MERGE:          0
cpu7->LLC PREFETCH     ACCESS:          0 HIT:          0 MISS:          0 MSHR_MERGE:          0
cpu7->LLC WRITE        ACCESS:       6809 HIT:       6747 MISS:         62 MSHR_MERGE:          0
cpu7->LLC TRANSLATION  ACCESS:          0 HIT:          0 MISS:          0 MSHR_MERGE:          0
cpu7->LLC PREFETCH REQUESTED:          0 ISSUED:          0 USEFUL:          0 USELESS:          0
cpu7->LLC AVERAGE MISS LATENCY: 1832 cycles

DRAM Statistics

Channel 0 READ REQS:      33079	WRITE REQS:       1373
  READS:      33078	READ_HITS:          0
  WRITES:       1373	WRITE HITS:          0
  ACTIVATES:      34451	PRECHARGES:      34451
  RQ FULL:          0	WQ FULL:          0
  WRITE DRAINS:        787	FORCED:          0
  MEAN WRITE IMBALANCE: 1.0025412960609912
  READ OCCU PRE DRAIN:          0	POST DRAIN: 1.008894536213469
  MEAN WLP: 1.2960609911054637
  READ LATENCY: 54.72604147771933

Channel 1 READ REQS:      33419	WRITE REQS:       1326
  READS:      33419	READ_HITS:          0
  WRITES:       1326	WRITE HITS:          0
  ACTIVATES:      34745	PRECHARGES:      34745
  RQ FULL:          0	WQ FULL:          0
  WRITE DRAINS:        734	FORCED:          0
  MEAN WRITE IMBALANCE: 1.005449591280654
  READ OCCU PRE DRAIN:          0	POST DRAIN: 1.0095367847411445
  MEAN WLP: 1.3596730245231607
  READ LATENCY: 54.522816361949786
WCACHE NON LRU EVICTS: 816	TOTAL EVICTS: 25978	EAGER WB: 1897
