---------------------------------------
Begin Slurm Prolog: Apr-07-2025 19:24:23
Job ID:    3599732
User ID:   svittal8
Account:   gts-mqureshi4-rg
Job name:  wrap
Partition: cpu-small
QOS:       inferno
---------------------------------------
[VMEM] WARNING: physical memory size is smaller than virtual memory size.

*** ChampSim Multicore Out-of-Order Simulator ***
Warmup Instructions: 25000000
Simulation Instructions: 100000000
Number of CPUs: 8
Page size: 2097152

CL :	 16.64 ns
CWL :	 15.808 ns
tRP :	 16.224 ns
tRCD :	 16.224 ns
tRAS :	 32.032000000000004 ns
tRTP :	 7.904 ns
tWR :	 30.368000000000002 ns

tCCD_S :	 3.3280000000000003 ns
tCCD_S_WR :	 3.3280000000000003 ns
tCCD_S_WTR :	 22.048000000000002 ns
tCCD_L :	 5.408 ns
tCCD_L_WR :	 20.384 ns
tCCD_L_WTR :	 29.536 ns
tRRD_S :	 3.3280000000000003 ns
tRRD_L :	 5.408 ns
tFAW :	 13.728 ns
Address mapping (perm = 1) 	ch co bg bg bg ba ba co co co co co co ro ro ro ro ro ro ro ro ro ro ro ro ro ro ro 
dram queue size: R = 64 W = 48 (low:high is 9:39)
Heartbeat CPU 3 instructions: 10000000 cycles: 3254016 heartbeat IPC: 3.073 cumulative IPC: 3.073 (Simulation time: 00 hr 09 min 21 sec)
Heartbeat CPU 6 instructions: 10000003 cycles: 3254969 heartbeat IPC: 3.072 cumulative IPC: 3.072 (Simulation time: 00 hr 09 min 21 sec)
Heartbeat CPU 0 instructions: 10000002 cycles: 3255221 heartbeat IPC: 3.072 cumulative IPC: 3.072 (Simulation time: 00 hr 09 min 21 sec)
Heartbeat CPU 5 instructions: 10000001 cycles: 3255397 heartbeat IPC: 3.072 cumulative IPC: 3.072 (Simulation time: 00 hr 09 min 21 sec)
Heartbeat CPU 7 instructions: 10000003 cycles: 3255425 heartbeat IPC: 3.072 cumulative IPC: 3.072 (Simulation time: 00 hr 09 min 21 sec)
Heartbeat CPU 2 instructions: 10000003 cycles: 3255488 heartbeat IPC: 3.072 cumulative IPC: 3.072 (Simulation time: 00 hr 09 min 21 sec)
Heartbeat CPU 4 instructions: 10000003 cycles: 3255616 heartbeat IPC: 3.072 cumulative IPC: 3.072 (Simulation time: 00 hr 09 min 21 sec)
Heartbeat CPU 1 instructions: 10000004 cycles: 3255853 heartbeat IPC: 3.071 cumulative IPC: 3.071 (Simulation time: 00 hr 09 min 21 sec)
Heartbeat CPU 3 instructions: 20000004 cycles: 6507358 heartbeat IPC: 3.074 cumulative IPC: 3.073 (Simulation time: 00 hr 18 min 25 sec)
Heartbeat CPU 0 instructions: 20000003 cycles: 6507685 heartbeat IPC: 3.075 cumulative IPC: 3.073 (Simulation time: 00 hr 18 min 25 sec)
Heartbeat CPU 6 instructions: 20000004 cycles: 6508061 heartbeat IPC: 3.074 cumulative IPC: 3.073 (Simulation time: 00 hr 18 min 25 sec)
Heartbeat CPU 5 instructions: 20000005 cycles: 6508090 heartbeat IPC: 3.074 cumulative IPC: 3.073 (Simulation time: 00 hr 18 min 25 sec)
Heartbeat CPU 7 instructions: 20000007 cycles: 6508550 heartbeat IPC: 3.074 cumulative IPC: 3.073 (Simulation time: 00 hr 18 min 25 sec)
Heartbeat CPU 2 instructions: 20000006 cycles: 6509145 heartbeat IPC: 3.073 cumulative IPC: 3.073 (Simulation time: 00 hr 18 min 25 sec)
Heartbeat CPU 1 instructions: 20000008 cycles: 6509322 heartbeat IPC: 3.074 cumulative IPC: 3.073 (Simulation time: 00 hr 18 min 25 sec)
Heartbeat CPU 4 instructions: 20000005 cycles: 6509558 heartbeat IPC: 3.073 cumulative IPC: 3.072 (Simulation time: 00 hr 18 min 25 sec)
Warmup finished CPU 3 instructions: 25000002 cycles: 8133629 cumulative IPC: 3.074 (Simulation time: 00 hr 23 min 02 sec)
Warmup finished CPU 0 instructions: 25000000 cycles: 8134205 cumulative IPC: 3.073 (Simulation time: 00 hr 23 min 02 sec)
Warmup finished CPU 5 instructions: 25000001 cycles: 8134402 cumulative IPC: 3.073 (Simulation time: 00 hr 23 min 02 sec)
Warmup finished CPU 6 instructions: 25000001 cycles: 8134468 cumulative IPC: 3.073 (Simulation time: 00 hr 23 min 02 sec)
Warmup finished CPU 7 instructions: 25000000 cycles: 8135550 cumulative IPC: 3.073 (Simulation time: 00 hr 23 min 02 sec)
Warmup finished CPU 2 instructions: 25000000 cycles: 8135596 cumulative IPC: 3.073 (Simulation time: 00 hr 23 min 02 sec)
Warmup finished CPU 1 instructions: 25000004 cycles: 8136295 cumulative IPC: 3.073 (Simulation time: 00 hr 23 min 02 sec)
Warmup finished CPU 4 instructions: 25000003 cycles: 8136504 cumulative IPC: 3.073 (Simulation time: 00 hr 23 min 03 sec)
Warmup complete CPU 7 instructions: 25002885 cycles: 8136504 cumulative IPC: 3.073 (Simulation time: 00 hr 23 min 03 sec)
Warmup complete CPU 6 instructions: 25006219 cycles: 8136504 cumulative IPC: 3.073 (Simulation time: 00 hr 23 min 03 sec)
Warmup complete CPU 5 instructions: 25006342 cycles: 8136504 cumulative IPC: 3.073 (Simulation time: 00 hr 23 min 03 sec)
Warmup complete CPU 4 instructions: 25000003 cycles: 8136504 cumulative IPC: 3.073 (Simulation time: 00 hr 23 min 03 sec)
Warmup complete CPU 3 instructions: 25009018 cycles: 8136504 cumulative IPC: 3.074 (Simulation time: 00 hr 23 min 03 sec)
Warmup complete CPU 2 instructions: 25002863 cycles: 8136504 cumulative IPC: 3.073 (Simulation time: 00 hr 23 min 03 sec)
Warmup complete CPU 1 instructions: 25000634 cycles: 8136504 cumulative IPC: 3.073 (Simulation time: 00 hr 23 min 03 sec)
Warmup complete CPU 0 instructions: 25007078 cycles: 8136504 cumulative IPC: 3.073 (Simulation time: 00 hr 23 min 03 sec)
Heartbeat CPU 0 instructions: 30000005 cycles: 21141519 heartbeat IPC: 0.6833 cumulative IPC: 0.3839 (Simulation time: 00 hr 38 min 52 sec)
Heartbeat CPU 2 instructions: 30000010 cycles: 21151180 heartbeat IPC: 0.683 cumulative IPC: 0.384 (Simulation time: 00 hr 38 min 52 sec)
Heartbeat CPU 4 instructions: 30000005 cycles: 21157935 heartbeat IPC: 0.6827 cumulative IPC: 0.384 (Simulation time: 00 hr 38 min 53 sec)
Heartbeat CPU 6 instructions: 30000005 cycles: 21158458 heartbeat IPC: 0.6826 cumulative IPC: 0.3835 (Simulation time: 00 hr 38 min 53 sec)
Heartbeat CPU 5 instructions: 30000005 cycles: 21186133 heartbeat IPC: 0.6813 cumulative IPC: 0.3827 (Simulation time: 00 hr 38 min 55 sec)
Heartbeat CPU 3 instructions: 30000004 cycles: 21201820 heartbeat IPC: 0.6805 cumulative IPC: 0.382 (Simulation time: 00 hr 38 min 56 sec)
Heartbeat CPU 1 instructions: 30000010 cycles: 21249861 heartbeat IPC: 0.6784 cumulative IPC: 0.3812 (Simulation time: 00 hr 39 min 00 sec)
Heartbeat CPU 7 instructions: 30000010 cycles: 21406731 heartbeat IPC: 0.6712 cumulative IPC: 0.3766 (Simulation time: 00 hr 39 min 11 sec)
Heartbeat CPU 0 instructions: 40000009 cycles: 47185060 heartbeat IPC: 0.384 cumulative IPC: 0.384 (Simulation time: 01 hr 10 min 44 sec)
Heartbeat CPU 3 instructions: 40000004 cycles: 47194944 heartbeat IPC: 0.3847 cumulative IPC: 0.3838 (Simulation time: 01 hr 10 min 45 sec)
Heartbeat CPU 4 instructions: 40000009 cycles: 47231870 heartbeat IPC: 0.3835 cumulative IPC: 0.3837 (Simulation time: 01 hr 10 min 48 sec)
Heartbeat CPU 6 instructions: 40000005 cycles: 47239018 heartbeat IPC: 0.3834 cumulative IPC: 0.3834 (Simulation time: 01 hr 10 min 48 sec)
Heartbeat CPU 5 instructions: 40000009 cycles: 47240695 heartbeat IPC: 0.3838 cumulative IPC: 0.3834 (Simulation time: 01 hr 10 min 48 sec)
Heartbeat CPU 2 instructions: 40000014 cycles: 47262751 heartbeat IPC: 0.383 cumulative IPC: 0.3833 (Simulation time: 01 hr 10 min 50 sec)
Heartbeat CPU 1 instructions: 40000014 cycles: 47526278 heartbeat IPC: 0.3806 cumulative IPC: 0.3808 (Simulation time: 01 hr 11 min 09 sec)
Heartbeat CPU 7 instructions: 40000014 cycles: 47545871 heartbeat IPC: 0.3826 cumulative IPC: 0.3805 (Simulation time: 01 hr 11 min 11 sec)
Heartbeat CPU 3 instructions: 50000004 cycles: 73227325 heartbeat IPC: 0.3841 cumulative IPC: 0.3839 (Simulation time: 01 hr 42 min 41 sec)
Heartbeat CPU 0 instructions: 50000010 cycles: 73281895 heartbeat IPC: 0.3832 cumulative IPC: 0.3836 (Simulation time: 01 hr 42 min 45 sec)
Heartbeat CPU 6 instructions: 50000008 cycles: 73335358 heartbeat IPC: 0.3832 cumulative IPC: 0.3833 (Simulation time: 01 hr 42 min 49 sec)
Heartbeat CPU 4 instructions: 50000010 cycles: 73353750 heartbeat IPC: 0.3828 cumulative IPC: 0.3833 (Simulation time: 01 hr 42 min 50 sec)
Heartbeat CPU 5 instructions: 50000010 cycles: 73400568 heartbeat IPC: 0.3823 cumulative IPC: 0.383 (Simulation time: 01 hr 42 min 54 sec)
Heartbeat CPU 2 instructions: 50000015 cycles: 73538525 heartbeat IPC: 0.3806 cumulative IPC: 0.3822 (Simulation time: 01 hr 43 min 04 sec)
Heartbeat CPU 1 instructions: 50000015 cycles: 73616606 heartbeat IPC: 0.3833 cumulative IPC: 0.3818 (Simulation time: 01 hr 43 min 09 sec)
Heartbeat CPU 7 instructions: 50000015 cycles: 73636293 heartbeslurmstepd: error: *** JOB 3599732 ON atl1-1-02-020-29-1 CANCELLED AT 2025-04-07T23:59:07 ***
---------------------------------------
Begin Slurm Epilog: Apr-07-2025 23:59:09
Job ID:        3599732
User ID:       svittal8
Account:       gts-mqureshi4-rg
Job name:      wrap
Resources:     cpu=1,mem=4G,node=1
Rsrc Used:     cput=04:34:45,vmem=0,walltime=04:34:45,mem=634388K,energy_used=0
Partition:     cpu-small
QOS:           inferno
Nodes:         atl1-1-02-020-29-1
---------------------------------------
