---------------------------------------
Begin Slurm Prolog: Apr-07-2025 19:24:23
Job ID:    3599733
User ID:   svittal8
Account:   gts-mqureshi4-rg
Job name:  wrap
Partition: cpu-small
QOS:       inferno
---------------------------------------
[VMEM] WARNING: physical memory size is smaller than virtual memory size.

*** ChampSim Multicore Out-of-Order Simulator ***
Warmup Instructions: 25000000
Simulation Instructions: 100000000
Number of CPUs: 8
Page size: 2097152

CL :	 16.64 ns
CWL :	 15.808 ns
tRP :	 16.224 ns
tRCD :	 16.224 ns
tRAS :	 32.032000000000004 ns
tRTP :	 7.904 ns
tWR :	 30.368000000000002 ns

tCCD_S :	 3.3280000000000003 ns
tCCD_S_WR :	 3.3280000000000003 ns
tCCD_S_WTR :	 22.048000000000002 ns
tCCD_L :	 5.408 ns
tCCD_L_WR :	 20.384 ns
tCCD_L_WTR :	 29.536 ns
tRRD_S :	 3.3280000000000003 ns
tRRD_L :	 5.408 ns
tFAW :	 13.728 ns
Address mapping (perm = 1) 	ch co bg bg bg ba ba co co co co co co ro ro ro ro ro ro ro ro ro ro ro ro ro ro ro 
dram queue size: R = 64 W = 48 (low:high is 9:39)
Heartbeat CPU 0 instructions: 10000004 cycles: 2569703 heartbeat IPC: 3.892 cumulative IPC: 3.892 (Simulation time: 00 hr 06 min 43 sec)
Heartbeat CPU 1 instructions: 10000004 cycles: 2570639 heartbeat IPC: 3.89 cumulative IPC: 3.89 (Simulation time: 00 hr 06 min 44 sec)
Heartbeat CPU 2 instructions: 10000004 cycles: 2571246 heartbeat IPC: 3.889 cumulative IPC: 3.889 (Simulation time: 00 hr 06 min 44 sec)
Heartbeat CPU 3 instructions: 10000004 cycles: 2571639 heartbeat IPC: 3.889 cumulative IPC: 3.889 (Simulation time: 00 hr 06 min 44 sec)
Heartbeat CPU 4 instructions: 10000004 cycles: 2571935 heartbeat IPC: 3.888 cumulative IPC: 3.888 (Simulation time: 00 hr 06 min 44 sec)
Heartbeat CPU 5 instructions: 10000004 cycles: 2572281 heartbeat IPC: 3.888 cumulative IPC: 3.888 (Simulation time: 00 hr 06 min 44 sec)
Heartbeat CPU 6 instructions: 10000004 cycles: 2572603 heartbeat IPC: 3.887 cumulative IPC: 3.887 (Simulation time: 00 hr 06 min 44 sec)
Heartbeat CPU 7 instructions: 10000003 cycles: 2572844 heartbeat IPC: 3.887 cumulative IPC: 3.887 (Simulation time: 00 hr 06 min 44 sec)
Heartbeat CPU 0 instructions: 20000006 cycles: 5081934 heartbeat IPC: 3.981 cumulative IPC: 3.936 (Simulation time: 00 hr 12 min 37 sec)
Heartbeat CPU 1 instructions: 20000004 cycles: 5087938 heartbeat IPC: 3.973 cumulative IPC: 3.931 (Simulation time: 00 hr 12 min 38 sec)
Heartbeat CPU 2 instructions: 20000006 cycles: 5090951 heartbeat IPC: 3.969 cumulative IPC: 3.929 (Simulation time: 00 hr 12 min 38 sec)
Heartbeat CPU 3 instructions: 20000007 cycles: 5092942 heartbeat IPC: 3.966 cumulative IPC: 3.927 (Simulation time: 00 hr 12 min 38 sec)
Heartbeat CPU 4 instructions: 20000007 cycles: 5093946 heartbeat IPC: 3.965 cumulative IPC: 3.926 (Simulation time: 00 hr 12 min 39 sec)
Heartbeat CPU 5 instructions: 20000006 cycles: 5095553 heartbeat IPC: 3.963 cumulative IPC: 3.925 (Simulation time: 00 hr 12 min 39 sec)
Heartbeat CPU 6 instructions: 20000004 cycles: 5096175 heartbeat IPC: 3.963 cumulative IPC: 3.925 (Simulation time: 00 hr 12 min 39 sec)
Heartbeat CPU 7 instructions: 20000007 cycles: 5096903 heartbeat IPC: 3.962 cumulative IPC: 3.924 (Simulation time: 00 hr 12 min 39 sec)
Warmup finished CPU 0 instructions: 25000002 cycles: 6332862 cumulative IPC: 3.948 (Simulation time: 00 hr 15 min 33 sec)
Warmup finished CPU 1 instructions: 25000000 cycles: 6339102 cumulative IPC: 3.944 (Simulation time: 00 hr 15 min 34 sec)
Warmup finished CPU 2 instructions: 25000001 cycles: 6341554 cumulative IPC: 3.942 (Simulation time: 00 hr 15 min 35 sec)
Warmup finished CPU 3 instructions: 25000000 cycles: 6343613 cumulative IPC: 3.941 (Simulation time: 00 hr 15 min 35 sec)
Warmup finished CPU 4 instructions: 25000000 cycles: 6344467 cumulative IPC: 3.94 (Simulation time: 00 hr 15 min 35 sec)
Warmup finished CPU 5 instructions: 25000000 cycles: 6346114 cumulative IPC: 3.939 (Simulation time: 00 hr 15 min 35 sec)
Warmup finished CPU 6 instructions: 25000002 cycles: 6346910 cumulative IPC: 3.939 (Simulation time: 00 hr 15 min 35 sec)
Warmup finished CPU 7 instructions: 25000003 cycles: 6347585 cumulative IPC: 3.939 (Simulation time: 00 hr 15 min 35 sec)
Warmup complete CPU 7 instructions: 25000003 cycles: 6347585 cumulative IPC: 3.939 (Simulation time: 00 hr 15 min 35 sec)
Warmup complete CPU 6 instructions: 25002702 cycles: 6347585 cumulative IPC: 3.939 (Simulation time: 00 hr 15 min 35 sec)
Warmup complete CPU 5 instructions: 25005884 cycles: 6347585 cumulative IPC: 3.939 (Simulation time: 00 hr 15 min 35 sec)
Warmup complete CPU 4 instructions: 25012472 cycles: 6347585 cumulative IPC: 3.94 (Simulation time: 00 hr 15 min 35 sec)
Warmup complete CPU 3 instructions: 25015888 cycles: 6347585 cumulative IPC: 3.941 (Simulation time: 00 hr 15 min 35 sec)
Warmup complete CPU 2 instructions: 25024125 cycles: 6347585 cumulative IPC: 3.942 (Simulation time: 00 hr 15 min 35 sec)
Warmup complete CPU 1 instructions: 25033932 cycles: 6347585 cumulative IPC: 3.944 (Simulation time: 00 hr 15 min 35 sec)
Warmup complete CPU 0 instructions: 25058894 cycles: 6347585 cumulative IPC: 3.948 (Simulation time: 00 hr 15 min 35 sec)
Heartbeat CPU 3 instructions: 30000010 cycles: 14605184 heartbeat IPC: 1.051 cumulative IPC: 0.6036 (Simulation time: 00 hr 25 min 33 sec)
Heartbeat CPU 1 instructions: 30000005 cycles: 14631160 heartbeat IPC: 1.048 cumulative IPC: 0.5995 (Simulation time: 00 hr 25 min 34 sec)
Heartbeat CPU 5 instructions: 30000010 cycles: 14636451 heartbeat IPC: 1.048 cumulative IPC: 0.6025 (Simulation time: 00 hr 25 min 35 sec)
Heartbeat CPU 4 instructions: 30000010 cycles: 14646969 heartbeat IPC: 1.047 cumulative IPC: 0.601 (Simulation time: 00 hr 25 min 36 sec)
Heartbeat CPU 6 instructions: 30000005 cycles: 14649869 heartbeat IPC: 1.047 cumulative IPC: 0.6019 (Simulation time: 00 hr 25 min 36 sec)
Heartbeat CPU 7 instructions: 30000010 cycles: 14677315 heartbeat IPC: 1.044 cumulative IPC: 0.6003 (Simulation time: 00 hr 25 min 38 sec)
Heartbeat CPU 2 instructions: 30000010 cycles: 14725042 heartbeat IPC: 1.038 cumulative IPC: 0.594 (Simulation time: 00 hr 25 min 41 sec)
Heartbeat CPU 0 instructions: 30000010 cycles: 15372466 heartbeat IPC: 0.9718 cumulative IPC: 0.5475 (Simulation time: 00 hr 26 min 27 sec)
Heartbeat CPU 7 instructions: 40000010 cycles: 53505828 heartbeat IPC: 0.2575 cumulative IPC: 0.3181 (Simulation time: 01 hr 07 min 19 sec)
Heartbeat CPU 3 instructions: 40000013 cycles: 53550765 heartbeat IPC: 0.2568 cumulative IPC: 0.3174 (Simulation time: 01 hr 07 min 23 sec)
Heartbeat CPU 6 instructions: 40000008 cycles: 53633913 heartbeat IPC: 0.2565 cumulative IPC: 0.3172 (Simulation time: 01 hr 07 min 29 sec)
Heartbeat CPU 1 instructions: 40000008 cycles: 53647529 heartbeat IPC: 0.2563 cumulative IPC: 0.3164 (Simulation time: 01 hr 07 min 30 sec)
Heartbeat CPU 5 instructions: 40000013 cycles: 53665176 heartbeat IPC: 0.2562 cumulative IPC: 0.3169 (Simulation time: 01 hr 07 min 32 sec)
Heartbeat CPU 2 instructions: 40000010 cycles: 53755936 heartbeat IPC: 0.2562 cumulative IPC: 0.3159 (Simulation time: 01 hr 07 min 39 sec)
Heartbeat CPU 4 instructions: 40000013 cycles: 53788704 heartbeat IPC: 0.2555 cumulative IPC: 0.3159 (Simulation time: 01 hr 07 min 41 sec)
Heartbeat CPU 0 instructions: 40000011 cycles: 56610570 heartbeat IPC: 0.2425 cumulative IPC: 0.2973 (Simulation time: 01 hr 11 min 25 sec)
Heartbeat CPU 7 instructions: 50000012 cycles: 73884511 heartbeat IPC: 0.4907 cumulative IPC: 0.3702 (Simulation time: 01 hr 31 min 33 sec)
Heartbeat CPU 6 instructions: 50000009 cycles: 73965612 heartbeat IPC: 0.4918 cumulative IPC: 0.3697 (Simulation time: 01 hr 31 min 39 sec)
Heartbeat CPU 5 instructions: 50000013 cycles: 73985667 heartbeat IPC: 0.4921 cumulative IPC: 0.3695 (Simulation time: 01 hr 31 min 40 sec)
Heartbeat CPU 2 instructions: 50000012 cycles: 74001070 heartbeat IPC: 0.4939 cumulative IPC: 0.3692 (Simulation time: 01 hr 31 min 41 sec)
Heartbeat CPU 3 instructions: 50000013 cycles: 74194231 heartbeat IPC: 0.4844 cumulative IPC: 0.3682 (Simulation time: 01 hr 31 min 55 sec)
Heartbeat CPU 1 instructions: 50000009 cycles: 74337657 heartbeat IPC: 0.4833 cumulative IPC: 0.3672 (Simulation time: 01 hr 32 min 07 sec)
Heartbeat CPU 4 instructions: 50000013 cycles: 74466866 heartbeat IPC: 0.4836 cumulative IPC: 0.3668 (Simulation time: 01 hr 32 min 17 sec)
Heartbeat CPU 0 instructions: 50000012 cycles: 77083974 heartbeat IPslurmstepd: error: *** JOB 3599733 ON atl1-1-02-020-29-1 CANCELLED AT 2025-04-07T23:59:07 ***
---------------------------------------
Begin Slurm Epilog: Apr-07-2025 23:59:09
Job ID:        3599733
User ID:       svittal8
Account:       gts-mqureshi4-rg
Job name:      wrap
Resources:     cpu=1,mem=4G,node=1
Rsrc Used:     cput=04:34:45,vmem=0,walltime=04:34:45,mem=636116K,energy_used=0
Partition:     cpu-small
QOS:           inferno
Nodes:         atl1-1-02-020-29-1
---------------------------------------
