[VMEM] WARNING: physical memory size is smaller than virtual memory size.

*** ChampSim Multicore Out-of-Order Simulator ***
Warmup Instructions: 25000000
Simulation Instructions: 25000000
Number of CPUs: 8
Page size: 2097152

initializing BARD -- num sampled sets: 64, modulus = 256
CL :	 16.64 ns
CWL :	 15.808 ns
tRP :	 16.224 ns
tRCD :	 16.224 ns
tRAS :	 32.032000000000004 ns
tRTP :	 7.904 ns
tWR :	 30.368000000000002 ns

tCCD_S :	 3.3280000000000003 ns
tCCD_S_WR :	 3.3280000000000003 ns
tCCD_S_WTR :	 22.048000000000002 ns
tCCD_L :	 5.408 ns
tCCD_L_WR :	 20.384 ns
tCCD_L_WTR :	 29.536 ns
tRRD_S :	 3.3280000000000003 ns
tRRD_L :	 5.408 ns
tFAW :	 13.728 ns
Address mapping (perm = 1) 	ch co bg bg bg ba ba co co co co co co ro ro ro ro ro ro ro ro ro ro ro ro ro ro ro 
dram queue size: R = 64 W = 48 (low:high is 9:39)
num evicts: 0, p: 0, s: 0 	 max proactive lookup: 16, max shadow lookup: 16
	evict counters: 128 128 128 128 128 128 128 128 128 128 128 128 128 128 128 128
	eager counters: 128 128 128 128 128 128 128 128 128 128 128 128 128 128 128 128
num evicts: 100000, p: 22592, s: 0 	 max proactive lookup: 8, max shadow lookup: 16
	evict counters: 149 148 146 143 139 134 132 129 126 124 125 127 127 127 128 128
	eager counters: 143 141 141 139 137 133 132 129 128 128 128 128 128 128 128 128
num evicts: 200000, p: 32945, s: 0 	 max proactive lookup: 9, max shadow lookup: 16
	evict counters: 174 179 177 154 161 155 143 139 132 127 124 127 125 118 123 124
	eager counters: 150 151 154 144 144 141 134 132 128 128 128 128 128 128 128 128
num evicts: 300000, p: 43194, s: 0 	 max proactive lookup: 10, max shadow lookup: 16
	evict counters: 203 201 203 168 189 178 161 159 130 129 127 133 124 123 127 125
	eager counters: 166 159 162 147 154 147 137 143 128 128 128 128 128 128 128 128
num evicts: 400000, p: 53473, s: 0 	 max proactive lookup: 12, max shadow lookup: 16
	evict counters: 227 221 231 188 204 196 169 174 131 138 128 134 126 128 136 127
	eager counters: 175 168 169 150 160 154 138 147 128 128 128 128 128 128 128 128
num evicts: 500000, p: 63681, s: 0 	 max proactive lookup: 12, max shadow lookup: 16
	evict counters: 254 249 248 208 219 214 194 184 138 145 135 138 122 134 147 131
	eager counters: 183 176 175 159 163 161 148 151 128 128 128 128 128 128 128 128
num evicts: 600000, p: 73378, s: 0 	 max proactive lookup: 12, max shadow lookup: 16
	evict counters: 255 255 255 226 238 235 211 203 139 144 142 141 126 141 150 134
	eager counters: 187 192 183 166 167 171 151 158 128 128 128 128 128 128 128 128
num evicts: 700000, p: 83809, s: 0 	 max proactive lookup: 15, max shadow lookup: 16
	evict counters: 255 255 255 242 255 250 221 217 146 153 157 148 133 141 152 57
	eager counters: 198 200 190 172 183 177 152 162 128 128 128 128 128 128 128 128
num evicts: 800000, p: 94114, s: 0 	 max proactive lookup: 15, max shadow lookup: 16
	evict counters: 255 255 255 255 255 255 246 229 153 157 158 156 136 142 155 57
	eager counters: 205 213 197 176 191 185 161 168 128 128 128 128 128 128 128 128
num evicts: 900000, p: 104505, s: 0 	 max proactive lookup: 15, max shadow lookup: 16
	evict counters: 255 255 255 255 255 255 255 249 161 157 169 158 144 142 153 60
	eager counters: 213 224 201 184 197 189 166 174 128 128 128 128 128 128 128 128
num evicts: 1000000, p: 114900, s: 0 	 max proactive lookup: 15, max shadow lookup: 16
	evict counters: 255 255 255 255 255 255 255 255 174 167 167 164 146 144 162 61
	eager counters: 218 235 206 190 202 195 170 176 128 128 128 128 128 128 128 128
num evicts: 1100000, p: 125260, s: 0 	 max proactive lookup: 15, max shadow lookup: 16
	evict counters: 255 255 255 255 255 255 255 255 182 176 174 171 143 150 163 61
	eager counters: 225 252 211 195 206 200 175 186 128 128 128 128 128 128 128 128
num evicts: 1200000, p: 135668, s: 0 	 max proactive lookup: 15, max shadow lookup: 16
	evict counters: 255 255 255 255 255 255 255 255 189 180 182 170 153 153 167 64
	eager counters: 236 255 218 200 210 206 181 190 128 128 128 128 128 128 128 128
num evicts: 1300000, p: 146103, s: 0 	 max proactive lookup: 15, max shadow lookup: 16
	evict counters: 255 255 255 255 255 255 255 255 194 186 186 169 156 156 175 71
	eager counters: 246 255 220 210 216 211 187 196 128 128 128 128 128 128 128 128
num evicts: 1400000, p: 156429, s: 0 	 max proactive lookup: 14, max shadow lookup: 16
	evict counters: 255 255 255 255 255 255 255 255 201 190 197 171 160 168 7 76
	eager counters: 255 255 224 216 223 215 193 197 128 128 128 128 128 128 128 128
num evicts: 1500000, p: 165653, s: 0 	 max proactive lookup: 14, max shadow lookup: 16
	evict counters: 255 255 255 255 255 255 255 255 206 198 212 180 170 172 3 75
	eager counters: 255 255 231 229 227 222 200 199 128 128 128 128 128 128 128 128
num evicts: 1600000, p: 174477, s: 0 	 max proactive lookup: 14, max shadow lookup: 16
	evict counters: 255 255 255 255 255 255 255 255 215 205 215 184 176 177 10 80
	eager counters: 255 255 237 233 232 231 206 203 128 128 128 128 128 128 128 128
num evicts: 1700000, p: 183201, s: 0 	 max proactive lookup: 14, max shadow lookup: 16
	evict counters: 255 255 255 255 255 255 255 255 217 212 226 189 184 181 19 84
	eager counters: 255 255 246 242 242 237 211 206 128 128 128 128 128 128 128 128
num evicts: 1800000, p: 191947, s: 0 	 max proactive lookup: 14, max shadow lookup: 16
	evict counters: 255 255 255 255 255 255 255 255 221 217 221 197 193 190 20 93
	eager counters: 255 255 254 249 250 246 216 209 128 128 128 128 128 128 128 128
num evicts: 1900000, p: 200572, s: 0 	 max proactive lookup: 14, max shadow lookup: 16
	evict counters: 255 255 255 255 255 255 255 255 233 212 227 203 197 191 29 102
	eager counters: 255 255 255 255 252 253 223 212 128 128 128 128 128 128 128 128
num evicts: 2000000, p: 209190, s: 0 	 max proactive lookup: 14, max shadow lookup: 16
	evict counters: 255 255 255 255 255 255 255 255 234 220 236 208 196 192 35 103
	eager counters: 255 255 255 255 255 255 226 218 128 128 128 128 128 128 128 128
num evicts: 2100000, p: 217930, s: 0 	 max proactive lookup: 14, max shadow lookup: 16
	evict counters: 255 255 255 255 255 255 255 255 239 224 242 212 202 197 37 107
	eager counters: 255 255 255 255 255 255 236 224 128 128 128 128 128 128 128 128
num evicts: 2200000, p: 227518, s: 0 	 max proactive lookup: 14, max shadow lookup: 16
	evict counters: 255 255 255 255 255 255 255 255 240 226 246 229 211 200 48 116
	eager counters: 255 255 255 255 255 255 243 230 128 128 128 128 128 128 128 128
num evicts: 2300000, p: 237945, s: 0 	 max proactive lookup: 14, max shadow lookup: 16
	evict counters: 255 255 255 255 255 255 255 255 242 230 246 232 218 209 55 27
	eager counters: 255 255 255 255 255 255 251 236 128 128 128 128 128 128 128 128
num evicts: 2400000, p: 248951, s: 0 	 max proactive lookup: 14, max shadow lookup: 16
	evict counters: 255 255 255 255 255 255 255 255 252 230 253 238 220 219 59 29
	eager counters: 255 255 255 255 255 255 255 239 128 128 128 128 128 128 128 128
num evicts: 2500000, p: 259980, s: 0 	 max proactive lookup: 14, max shadow lookup: 16
	evict counters: 255 255 255 255 255 255 255 255 251 234 253 243 232 225 65 36
	eager counters: 255 255 255 255 255 255 255 244 128 128 128 128 128 128 128 128
num evicts: 2600000, p: 270868, s: 0 	 max proactive lookup: 14, max shadow lookup: 16
	evict counters: 255 255 255 255 255 255 255 255 255 234 254 244 241 228 67 43
	eager counters: 255 255 255 255 255 255 255 246 128 128 128 128 128 128 128 128
num evicts: 2700000, p: 281707, s: 0 	 max proactive lookup: 14, max shadow lookup: 16
	evict counters: 255 255 255 255 255 255 255 255 252 243 255 253 250 239 78 50
	eager counters: 255 255 255 255 255 255 255 246 128 128 128 128 128 128 128 128
num evicts: 2800000, p: 292730, s: 0 	 max proactive lookup: 14, max shadow lookup: 16
	evict counters: 255 255 255 255 255 255 255 255 255 243 253 255 255 246 79 55
	eager counters: 255 255 255 255 255 255 255 251 128 128 128 128 128 128 128 128
num evicts: 2900000, p: 303610, s: 0 	 max proactive lookup: 14, max shadow lookup: 16
	evict counters: 255 255 255 255 255 255 255 255 255 251 254 254 253 255 83 55
	eager counters: 255 255 255 255 255 255 255 254 128 128 128 128 128 128 128 128
num evicts: 3000000, p: 314141, s: 0 	 max proactive lookup: 14, max shadow lookup: 16
	evict counters: 255 255 255 255 255 255 255 255 255 254 255 255 255 255 83 33
	eager counters: 255 255 255 255 255 255 255 255 128 128 128 128 128 128 128 128
num evicts: 3100000, p: 323592, s: 0 	 max proactive lookup: 14, max shadow lookup: 16
	evict counters: 255 255 255 255 255 255 255 255 255 254 255 254 253 254 83 7
	eager counters: 255 255 255 255 255 255 255 255 128 128 128 128 128 128 128 128
num evicts: 3200000, p: 332382, s: 0 	 max proactive lookup: 14, max shadow lookup: 16
	evict counters: 255 255 255 255 255 255 255 255 255 255 254 254 248 255 85 12
	eager counters: 255 255 255 255 255 255 255 255 128 128 128 128 128 128 128 128
num evicts: 3300000, p: 341209, s: 0 	 max proactive lookup: 14, max shadow lookup: 16
	evict counters: 255 255 255 255 255 255 255 255 255 255 253 254 255 252 89 17
	eager counters: 255 255 255 255 255 255 255 255 128 128 128 128 128 128 128 128
num evicts: 3400000, p: 350022, s: 0 	 max proactive lookup: 14, max shadow lookup: 16
	evict counters: 255 255 255 255 255 255 255 255 255 254 253 255 253 249 89 26
	eager counters: 255 255 255 255 255 255 255 255 128 128 128 128 128 128 128 128
num evicts: 3500000, p: 358784, s: 0 	 max proactive lookup: 14, max shadow lookup: 16
	evict counters: 255 255 255 255 255 255 255 255 255 254 253 254 254 250 96 28
	eager counters: 255 255 255 255 255 255 255 255 128 128 128 128 128 128 128 128
num evicts: 3600000, p: 367625, s: 0 	 max proactive lookup: 14, max shadow lookup: 16
	evict counters: 255 255 255 255 255 255 255 255 255 255 252 255 255 252 100 33
	eager counters: 255 255 255 255 255 255 255 255 128 128 128 128 128 128 128 128
num evicts: 3700000, p: 376440, s: 0 	 max proactive lookup: 14, max shadow lookup: 16
	evict counters: 255 255 255 255 255 255 255 255 255 255 250 254 251 253 106 34
	eager counters: 255 255 255 255 255 255 255 255 128 128 128 128 128 128 128 128
num evicts: 3800000, p: 385389, s: 0 	 max proactive lookup: 14, max shadow lookup: 16
	evict counters: 255 255 255 255 255 255 255 255 254 255 253 252 255 255 113 45
	eager counters: 255 255 255 255 255 255 255 255 128 128 128 128 128 128 128 128
num evicts: 3900000, p: 394754, s: 0 	 max proactive lookup: 14, max shadow lookup: 16
	evict counters: 255 255 255 255 255 255 255 255 255 253 254 255 254 254 119 50
	eager counters: 255 255 255 255 255 255 255 255 129 128 128 128 128 128 128 128
num evicts: 4000000, p: 404158, s: 0 	 max proactive lookup: 14, max shadow lookup: 16
	evict counters: 255 255 255 255 255 255 255 255 253 255 255 255 253 254 115 54
	eager counters: 255 255 255 255 255 255 255 255 129 128 128 128 128 128 128 128
num evicts: 4100000, p: 413618, s: 0 	 max proactive lookup: 14, max shadow lookup: 16
	evict counters: 255 255 255 255 255 255 255 255 255 255 255 251 253 253 119 56
	eager counters: 255 255 255 255 255 255 255 255 129 128 128 128 128 128 128 128
num evicts: 4200000, p: 423058, s: 0 	 max proactive lookup: 14, max shadow lookup: 16
	evict counters: 255 255 255 255 255 255 255 255 255 253 255 254 255 254 124 61
	eager counters: 255 255 255 255 255 255 255 255 129 128 128 128 128 128 128 128
num evicts: 4300000, p: 432502, s: 0 	 max proactive lookup: 15, max shadow lookup: 16
	evict counters: 255 255 255 255 255 255 255 255 255 252 253 254 255 255 133 67
	eager counters: 255 255 255 255 255 255 255 255 129 128 128 128 128 128 128 128
num evicts: 4400000, p: 442016, s: 0 	 max proactive lookup: 15, max shadow lookup: 16
	evict counters: 255 255 255 255 255 255 255 255 253 255 254 254 254 255 138 72
	eager counters: 255 255 255 255 255 255 255 255 129 128 128 128 128 128 128 128
num evicts: 4500000, p: 451530, s: 0 	 max proactive lookup: 14, max shadow lookup: 16
	evict counters: 255 255 255 255 255 255 255 255 255 254 255 255 254 253 45 80
	eager counters: 255 255 255 255 255 255 255 255 129 128 128 128 128 128 128 128
num evicts: 4600000, p: 461054, s: 0 	 max proactive lookup: 14, max shadow lookup: 16
	evict counters: 255 255 255 255 255 255 255 255 251 255 253 255 255 254 14 85
	eager counters: 255 255 255 255 255 255 255 255 129 128 128 128 128 128 128 128
num evicts: 4700000, p: 469373, s: 0 	 max proactive lookup: 14, max shadow lookup: 16
	evict counters: 255 255 255 255 255 255 255 255 255 254 254 251 254 254 9 42
	eager counters: 255 255 255 255 255 255 255 255 129 128 128 128 128 128 128 128
Heartbeat CPU 0 instructions: 10000003 cycles: 6643770 heartbeat IPC: 1.505 cumulative IPC: 1.505 (Simulation time: 00 hr 28 min 43 sec)
Heartbeat CPU 1 instructions: 10000003 cycles: 6644404 heartbeat IPC: 1.505 cumulative IPC: 1.505 (Simulation time: 00 hr 28 min 43 sec)
Heartbeat CPU 2 instructions: 10000003 cycles: 6644900 heartbeat IPC: 1.505 cumulative IPC: 1.505 (Simulation time: 00 hr 28 min 43 sec)
Heartbeat CPU 3 instructions: 10000003 cycles: 6645078 heartbeat IPC: 1.505 cumulative IPC: 1.505 (Simulation time: 00 hr 28 min 43 sec)
Heartbeat CPU 4 instructions: 10000003 cycles: 6645255 heartbeat IPC: 1.505 cumulative IPC: 1.505 (Simulation time: 00 hr 28 min 43 sec)
Heartbeat CPU 5 instructions: 10000003 cycles: 6645464 heartbeat IPC: 1.505 cumulative IPC: 1.505 (Simulation time: 00 hr 28 min 43 sec)
Heartbeat CPU 6 instructions: 10000003 cycles: 6645663 heartbeat IPC: 1.505 cumulative IPC: 1.505 (Simulation time: 00 hr 28 min 43 sec)
Heartbeat CPU 7 instructions: 10000003 cycles: 6645816 heartbeat IPC: 1.505 cumulative IPC: 1.505 (Simulation time: 00 hr 28 min 44 sec)
num evicts: 4800000, p: 477626, s: 0 	 max proactive lookup: 14, max shadow lookup: 16
	evict counters: 255 255 255 255 255 255 255 255 254 255 254 255 255 254 13 50
	eager counters: 255 255 255 255 255 255 255 255 129 128 128 128 128 128 128 128
num evicts: 4900000, p: 485862, s: 0 	 max proactive lookup: 14, max shadow lookup: 16
	evict counters: 255 255 255 255 255 255 255 255 251 255 255 255 254 254 16 51
	eager counters: 255 255 255 255 255 255 255 255 129 128 128 128 128 128 128 128
num evicts: 5000000, p: 494069, s: 0 	 max proactive lookup: 14, max shadow lookup: 16
	evict counters: 255 255 255 255 255 255 255 255 252 255 248 255 255 255 22 52
	eager counters: 255 255 255 255 255 255 255 255 129 128 128 128 128 128 128 128
num evicts: 5100000, p: 502285, s: 0 	 max proactive lookup: 14, max shadow lookup: 16
	evict counters: 255 255 255 255 255 255 255 255 253 251 254 254 255 255 22 64
	eager counters: 255 255 255 255 255 255 255 255 129 128 128 128 128 128 128 128
num evicts: 5200000, p: 510571, s: 0 	 max proactive lookup: 14, max shadow lookup: 16
	evict counters: 255 255 255 255 255 255 255 255 253 255 251 255 255 253 26 66
	eager counters: 255 255 255 255 255 255 255 255 129 128 128 128 128 128 128 128
num evicts: 5300000, p: 519078, s: 0 	 max proactive lookup: 14, max shadow lookup: 16
	evict counters: 255 255 255 255 255 255 255 255 254 254 253 254 254 254 9 65
	eager counters: 255 255 255 255 255 255 255 255 129 128 128 128 128 128 128 128
num evicts: 5400000, p: 528089, s: 0 	 max proactive lookup: 14, max shadow lookup: 16
	evict counters: 255 255 255 255 255 255 255 255 255 255 254 254 254 255 6 3
	eager counters: 255 255 255 255 255 255 255 255 129 128 128 128 128 128 128 128
num evicts: 5500000, p: 538769, s: 0 	 max proactive lookup: 14, max shadow lookup: 16
	evict counters: 255 255 255 255 255 255 255 255 255 253 253 254 255 254 11 12
	eager counters: 255 255 255 255 255 255 255 255 129 128 128 128 128 128 128 128
num evicts: 5600000, p: 549302, s: 0 	 max proactive lookup: 14, max shadow lookup: 16
	evict counters: 255 255 255 255 255 255 255 255 255 253 255 255 253 255 15 9
	eager counters: 255 255 255 255 255 255 255 255 129 128 128 128 128 128 128 128
num evicts: 5700000, p: 560006, s: 0 	 max proactive lookup: 14, max shadow lookup: 16
	evict counters: 255 255 255 255 255 255 255 255 255 254 254 255 255 252 18 19
	eager counters: 255 255 255 255 255 255 255 255 129 128 128 128 128 128 128 128
num evicts: 5800000, p: 570632, s: 0 	 max proactive lookup: 14, max shadow lookup: 16
	evict counters: 255 255 255 255 255 255 255 255 255 254 255 254 254 254 19 27
	eager counters: 255 255 255 255 255 255 255 255 129 128 128 128 128 128 128 128
num evicts: 5900000, p: 581230, s: 0 	 max proactive lookup: 14, max shadow lookup: 16
	evict counters: 255 255 255 255 255 255 255 255 254 255 253 255 255 255 22 27
	eager counters: 255 255 255 255 255 255 255 255 129 128 128 128 128 128 128 128
num evicts: 6000000, p: 591861, s: 0 	 max proactive lookup: 14, max shadow lookup: 16
	evict counters: 255 255 255 255 255 255 255 255 255 254 255 255 255 255 27 28
	eager counters: 255 255 255 255 255 255 255 255 129 128 128 128 128 128 128 128
num evicts: 6100000, p: 602222, s: 0 	 max proactive lookup: 14, max shadow lookup: 16
	evict counters: 255 255 255 255 255 255 255 255 255 253 251 255 255 255 17 33
	eager counters: 255 255 255 255 255 255 255 255 129 128 128 128 128 128 128 128
num evicts: 6200000, p: 611633, s: 0 	 max proactive lookup: 14, max shadow lookup: 16
	evict counters: 255 255 255 255 255 255 255 255 255 252 254 255 254 251 5 35
	eager counters: 255 255 255 255 255 255 255 255 130 128 128 128 128 128 128 128
num evicts: 6300000, p: 617817, s: 0 	 max proactive lookup: 14, max shadow lookup: 16
	evict counters: 255 255 255 255 255 255 255 255 255 255 255 252 255 255 11 36
	eager counters: 255 255 255 255 255 255 255 255 130 128 128 128 128 128 128 128
num evicts: 6400000, p: 623829, s: 0 	 max proactive lookup: 14, max shadow lookup: 16
	evict counters: 255 255 255 255 255 255 255 255 252 255 254 254 253 255 8 46
	eager counters: 255 255 255 255 255 255 255 255 130 128 128 128 128 128 128 128
num evicts: 6500000, p: 629953, s: 0 	 max proactive lookup: 14, max shadow lookup: 16
	evict counters: 255 255 255 255 255 255 255 255 250 252 255 251 255 252 21 53
	eager counters: 255 255 255 255 255 255 255 255 130 128 128 128 128 128 128 128
num evicts: 6600000, p: 636086, s: 0 	 max proactive lookup: 14, max shadow lookup: 16
	evict counters: 255 255 255 255 255 255 255 255 255 255 247 255 255 255 26 48
	eager counters: 255 255 255 255 255 255 255 255 130 128 128 128 128 128 128 128
num evicts: 6700000, p: 642199, s: 0 	 max proactive lookup: 14, max shadow lookup: 16
	evict counters: 255 255 255 255 255 255 255 255 255 255 255 254 249 255 29 50
	eager counters: 255 255 255 255 255 255 255 255 130 128 128 128 128 128 128 128
num evicts: 6800000, p: 648279, s: 0 	 max proactive lookup: 14, max shadow lookup: 16
	evict counters: 255 255 255 255 255 255 255 255 255 254 253 251 255 254 38 58
	eager counters: 255 255 255 255 255 255 255 255 130 128 128 128 128 128 128 128
num evicts: 6900000, p: 655212, s: 0 	 max proactive lookup: 14, max shadow lookup: 16
	evict counters: 255 255 255 255 255 255 255 255 252 255 255 255 253 254 37 63
	eager counters: 255 255 255 255 255 255 255 255 130 128 128 128 128 128 128 128
num evicts: 7000000, p: 662777, s: 0 	 max proactive lookup: 14, max shadow lookup: 16
	evict counters: 255 255 255 255 255 255 255 255 251 255 255 254 253 255 46 71
	eager counters: 255 255 255 255 255 255 255 255 130 128 128 128 128 128 128 128
num evicts: 7100000, p: 671651, s: 0 	 max proactive lookup: 14, max shadow lookup: 16
	evict counters: 255 255 255 255 255 255 255 255 253 254 255 255 252 255 50 78
	eager counters: 255 255 255 255 255 255 255 255 130 128 128 128 128 128 128 128
num evicts: 7200000, p: 680486, s: 0 	 max proactive lookup: 14, max shadow lookup: 16
	evict counters: 255 255 255 255 255 255 255 255 253 252 255 255 255 254 53 79
	eager counters: 255 255 255 255 255 255 255 255 130 128 128 128 128 128 128 128
num evicts: 7300000, p: 689331, s: 0 	 max proactive lookup: 14, max shadow lookup: 16
	evict counters: 255 255 255 255 255 255 255 255 254 253 255 255 254 255 55 84
	eager counters: 255 255 255 255 255 255 255 255 130 128 128 128 128 128 128 128
num evicts: 7400000, p: 698090, s: 0 	 max proactive lookup: 14, max shadow lookup: 16
	evict counters: 255 255 255 255 255 255 255 255 252 253 255 255 254 255 65 84
	eager counters: 255 255 255 255 255 255 255 255 130 128 128 128 128 128 128 128
num evicts: 7500000, p: 706933, s: 0 	 max proactive lookup: 14, max shadow lookup: 16
	evict counters: 255 255 255 255 255 255 255 255 255 254 254 255 254 252 70 87
	eager counters: 255 255 255 255 255 255 255 255 130 128 128 128 128 128 128 128
num evicts: 7600000, p: 715738, s: 0 	 max proactive lookup: 14, max shadow lookup: 16
	evict counters: 255 255 255 255 255 255 255 255 254 255 253 255 254 253 75 94
	eager counters: 255 255 255 255 255 255 255 255 130 128 128 128 128 128 128 128
num evicts: 7700000, p: 724868, s: 0 	 max proactive lookup: 14, max shadow lookup: 16
	evict counters: 255 255 255 255 255 255 255 255 255 255 253 255 255 251 79 98
	eager counters: 255 255 255 255 255 255 255 255 130 128 128 128 128 128 128 128
num evicts: 7800000, p: 733533, s: 0 	 max proactive lookup: 14, max shadow lookup: 16
	evict counters: 255 255 255 255 255 255 255 255 254 254 254 255 253 255 81 103
	eager counters: 255 255 255 255 255 255 255 255 130 128 128 128 128 128 128 128
num evicts: 7900000, p: 741350, s: 0 	 max proactive lookup: 14, max shadow lookup: 16
	evict counters: 255 255 255 255 255 255 255 255 253 253 255 255 254 252 87 100
	eager counters: 255 255 255 255 255 255 255 255 130 128 128 128 128 128 128 128
num evicts: 8000000, p: 749206, s: 0 	 max proactive lookup: 14, max shadow lookup: 16
	evict counters: 255 255 255 255 255 255 255 255 255 255 255 252 254 255 85 110
	eager counters: 255 255 255 255 255 255 255 255 130 128 128 128 128 128 128 128
num evicts: 8100000, p: 757123, s: 0 	 max proactive lookup: 14, max shadow lookup: 16
	evict counters: 255 255 255 255 255 255 255 255 255 255 254 255 253 253 88 111
	eager counters: 255 255 255 255 255 255 255 255 130 128 128 128 128 128 128 128
num evicts: 8200000, p: 765109, s: 0 	 max proactive lookup: 14, max shadow lookup: 16
	evict counters: 255 255 255 255 255 255 255 255 255 255 250 253 254 250 89 113
	eager counters: 255 255 255 255 255 255 255 255 130 128 128 128 128 128 128 128
num evicts: 8300000, p: 772975, s: 0 	 max proactive lookup: 14, max shadow lookup: 16
	evict counters: 255 255 255 255 255 255 255 255 254 255 255 255 254 244 91 113
	eager counters: 255 255 255 255 255 255 255 255 130 128 128 128 128 128 128 128
num evicts: 8400000, p: 781009, s: 0 	 max proactive lookup: 14, max shadow lookup: 16
	evict counters: 255 255 255 255 255 255 255 255 254 251 255 255 254 255 94 52
	eager counters: 255 255 255 255 255 255 255 255 130 128 128 128 128 128 128 128
num evicts: 8500000, p: 788678, s: 0 	 max proactive lookup: 14, max shadow lookup: 16
	evict counters: 255 255 255 255 255 255 255 255 254 252 253 248 253 255 97 6
	eager counters: 255 255 255 255 255 255 255 255 130 128 128 128 128 128 128 128
num evicts: 8600000, p: 797100, s: 0 	 max proactive lookup: 14, max shadow lookup: 16
	evict counters: 255 255 255 255 255 255 255 255 254 254 254 253 255 254 103 11
	eager counters: 255 255 255 255 255 255 255 255 130 128 128 128 128 128 128 128
num evicts: 8700000, p: 805985, s: 0 	 max proactive lookup: 14, max shadow lookup: 16
	evict counters: 255 255 255 255 255 255 255 255 253 255 254 255 254 255 101 22
	eager counters: 255 255 255 255 255 255 255 255 130 128 128 128 128 128 128 128
num evicts: 8800000, p: 814770, s: 0 	 max proactive lookup: 14, max shadow lookup: 16
	evict counters: 255 255 255 255 255 255 255 255 254 254 253 255 250 252 105 25
	eager counters: 255 255 255 255 255 255 255 255 130 128 128 128 128 128 128 128
num evicts: 8900000, p: 823664, s: 0 	 max proactive lookup: 14, max shadow lookup: 16
	evict counters: 255 255 255 255 255 255 255 255 255 252 255 254 255 253 106 31
	eager counters: 255 255 255 255 255 255 255 255 130 128 128 128 128 128 128 128
num evicts: 9000000, p: 832554, s: 0 	 max proactive lookup: 14, max shadow lookup: 16
	evict counters: 255 255 255 255 255 255 255 255 254 254 255 254 253 255 111 38
	eager counters: 255 255 255 255 255 255 255 255 130 128 128 128 128 128 128 128
num evicts: 9100000, p: 841408, s: 0 	 max proactive lookup: 14, max shadow lookup: 16
	evict counters: 255 255 255 255 255 255 255 255 255 255 255 255 254 254 115 37
	eager counters: 255 255 255 255 255 255 255 255 130 128 128 128 128 128 128 128
num evicts: 9200000, p: 850252, s: 0 	 max proactive lookup: 14, max shadow lookup: 16
	evict counters: 255 255 255 255 255 255 255 255 253 255 253 255 255 253 122 43
	eager counters: 255 255 255 255 255 255 255 255 130 128 128 128 128 128 128 128
num evicts: 9300000, p: 858701, s: 0 	 max proactive lookup: 14, max shadow lookup: 16
	evict counters: 255 255 255 255 255 255 255 255 255 253 254 254 250 254 120 27
	eager counters: 255 255 255 255 255 255 255 255 130 128 128 128 128 128 128 128
num evicts: 9400000, p: 868394, s: 0 	 max proactive lookup: 15, max shadow lookup: 16
	evict counters: 255 255 255 255 255 255 255 255 253 254 254 255 253 253 132 4
	eager counters: 255 255 255 255 255 255 255 255 130 128 128 128 128 128 128 128
num evicts: 9500000, p: 878215, s: 0 	 max proactive lookup: 15, max shadow lookup: 16
	evict counters: 255 255 255 255 255 255 255 255 255 253 255 255 255 255 136 8
	eager counters: 255 255 255 255 255 255 255 255 130 128 128 128 128 128 128 128
num evicts: 9600000, p: 887977, s: 0 	 max proactive lookup: 15, max shadow lookup: 16
	evict counters: 255 255 255 255 255 255 255 255 254 254 255 255 252 253 144 10
	eager counters: 255 255 255 255 255 255 255 255 130 128 128 128 128 128 128 128
num evicts: 9700000, p: 897798, s: 0 	 max proactive lookup: 15, max shadow lookup: 16
	evict counters: 255 255 255 255 255 255 255 255 255 255 255 255 252 253 142 15
	eager counters: 255 255 255 255 255 255 255 255 130 128 128 128 128 128 128 128
Heartbeat CPU 0 instructions: 20000004 cycles: 13310447 heartbeat IPC: 1.5 cumulative IPC: 1.503 (Simulation time: 00 hr 57 min 16 sec)
Heartbeat CPU 1 instructions: 20000004 cycles: 13310976 heartbeat IPC: 1.5 cumulative IPC: 1.503 (Simulation time: 00 hr 57 min 16 sec)
Heartbeat CPU 3 instructions: 20000004 cycles: 13311994 heartbeat IPC: 1.5 cumulative IPC: 1.502 (Simulation time: 00 hr 57 min 16 sec)
Heartbeat CPU 2 instructions: 20000004 cycles: 13312008 heartbeat IPC: 1.5 cumulative IPC: 1.502 (Simulation time: 00 hr 57 min 16 sec)
Heartbeat CPU 4 instructions: 20000004 cycles: 13312123 heartbeat IPC: 1.5 cumulative IPC: 1.502 (Simulation time: 00 hr 57 min 16 sec)
Heartbeat CPU 5 instructions: 20000004 cycles: 13312276 heartbeat IPC: 1.5 cumulative IPC: 1.502 (Simulation time: 00 hr 57 min 16 sec)
Heartbeat CPU 6 instructions: 20000004 cycles: 13312411 heartbeat IPC: 1.5 cumulative IPC: 1.502 (Simulation time: 00 hr 57 min 16 sec)
Heartbeat CPU 7 instructions: 20000004 cycles: 13312548 heartbeat IPC: 1.5 cumulative IPC: 1.502 (Simulation time: 00 hr 57 min 16 sec)
num evicts: 9800000, p: 907575, s: 0 	 max proactive lookup: 15, max shadow lookup: 16
	evict counters: 255 255 255 255 255 255 255 255 255 253 253 255 254 253 150 22
	eager counters: 255 255 255 255 255 255 255 255 130 128 128 128 128 128 128 128
num evicts: 9900000, p: 917421, s: 0 	 max proactive lookup: 15, max shadow lookup: 16
	evict counters: 255 255 255 255 255 255 255 255 255 255 252 254 255 255 149 27
	eager counters: 255 255 255 255 255 255 255 255 130 128 128 128 128 128 128 128
num evicts: 10000000, p: 927263, s: 0 	 max proactive lookup: 15, max shadow lookup: 16
	evict counters: 255 255 255 255 255 255 255 255 253 255 254 255 255 255 154 6
	eager counters: 255 255 255 255 255 255 255 255 130 128 128 128 128 128 128 128
num evicts: 10100000, p: 937926, s: 0 	 max proactive lookup: 15, max shadow lookup: 16
	evict counters: 255 255 255 255 255 255 255 255 255 251 255 253 254 254 162 9
	eager counters: 255 255 255 255 255 255 255 255 130 128 128 128 128 128 128 128
num evicts: 10200000, p: 947427, s: 0 	 max proactive lookup: 14, max shadow lookup: 16
	evict counters: 255 255 255 255 255 255 255 255 254 253 255 253 253 254 125 9
	eager counters: 255 255 255 255 255 255 255 255 130 128 128 128 128 128 128 128
num evicts: 10300000, p: 956582, s: 0 	 max proactive lookup: 15, max shadow lookup: 16
	evict counters: 255 255 255 255 255 255 255 255 255 253 255 253 252 253 134 11
	eager counters: 255 255 255 255 255 255 255 255 130 128 128 128 128 128 128 128
num evicts: 10400000, p: 965793, s: 0 	 max proactive lookup: 15, max shadow lookup: 16
	evict counters: 255 255 255 255 255 255 255 255 255 254 255 253 255 255 131 15
	eager counters: 255 255 255 255 255 255 255 255 130 128 128 128 128 128 128 128
num evicts: 10500000, p: 974982, s: 0 	 max proactive lookup: 15, max shadow lookup: 16
	evict counters: 255 255 255 255 255 255 255 255 252 255 255 255 253 253 142 20
	eager counters: 255 255 255 255 255 255 255 255 130 128 128 128 128 128 128 128
num evicts: 10600000, p: 984228, s: 0 	 max proactive lookup: 15, max shadow lookup: 16
	evict counters: 255 255 255 255 255 255 255 255 253 254 255 255 255 255 146 19
	eager counters: 255 255 255 255 255 255 255 255 130 128 128 128 128 128 128 128
num evicts: 10700000, p: 993456, s: 0 	 max proactive lookup: 15, max shadow lookup: 16
	evict counters: 255 255 255 255 255 255 255 255 255 253 253 255 255 254 154 23
	eager counters: 255 255 255 255 255 255 255 255 130 128 128 128 128 128 128 128
num evicts: 10800000, p: 1002242, s: 0 	 max proactive lookup: 15, max shadow lookup: 16
	evict counters: 255 255 255 255 255 255 255 255 253 252 255 255 255 254 159 26
	eager counters: 255 255 255 255 255 255 255 255 130 128 128 128 128 128 128 128
num evicts: 10900000, p: 1010188, s: 0 	 max proactive lookup: 15, max shadow lookup: 16
	evict counters: 255 255 255 255 255 255 255 255 255 255 252 255 255 254 162 32
	eager counters: 255 255 255 255 255 255 255 255 131 128 128 128 128 128 128 128
num evicts: 11000000, p: 1017501, s: 0 	 max proactive lookup: 15, max shadow lookup: 16
	evict counters: 255 255 255 255 255 255 255 255 255 252 252 254 255 253 171 30
	eager counters: 255 255 255 255 255 255 255 255 131 128 128 128 128 128 128 128
num evicts: 11100000, p: 1024379, s: 0 	 max proactive lookup: 15, max shadow lookup: 16
	evict counters: 255 255 255 255 255 255 255 255 247 255 254 255 255 255 178 39
	eager counters: 255 255 255 255 255 255 255 255 131 128 128 128 128 128 128 128
num evicts: 11200000, p: 1031242, s: 0 	 max proactive lookup: 15, max shadow lookup: 16
	evict counters: 255 255 255 255 255 255 255 255 253 253 255 250 254 255 190 45
	eager counters: 255 255 255 255 255 255 255 255 131 128 128 128 128 128 128 128
num evicts: 11300000, p: 1038154, s: 0 	 max proactive lookup: 15, max shadow lookup: 16
	evict counters: 255 255 255 255 255 255 255 255 254 252 254 255 252 255 191 50
	eager counters: 255 255 255 255 255 255 255 255 131 128 128 128 128 128 128 128
num evicts: 11400000, p: 1045109, s: 0 	 max proactive lookup: 15, max shadow lookup: 16
	evict counters: 255 255 255 255 255 255 255 255 255 255 255 255 253 255 193 53
	eager counters: 255 255 255 255 255 255 255 255 131 128 128 128 128 128 128 128
num evicts: 11500000, p: 1051995, s: 0 	 max proactive lookup: 15, max shadow lookup: 16
	evict counters: 255 255 255 255 255 255 255 255 255 251 251 253 253 255 196 59
	eager counters: 255 255 255 255 255 255 255 255 131 128 128 128 128 128 128 128
num evicts: 11600000, p: 1059092, s: 0 	 max proactive lookup: 15, max shadow lookup: 16
	evict counters: 255 255 255 255 255 255 255 255 251 254 249 254 253 255 198 62
	eager counters: 255 255 255 255 255 255 255 255 131 128 128 128 128 128 128 128
num evicts: 11700000, p: 1066373, s: 0 	 max proactive lookup: 15, max shadow lookup: 16
	evict counters: 255 255 255 255 255 255 255 255 255 253 254 254 148 255 203 5
	eager counters: 255 255 255 255 255 255 255 255 132 128 128 128 128 128 128 128
num evicts: 11800000, p: 1072857, s: 0 	 max proactive lookup: 15, max shadow lookup: 16
	evict counters: 255 255 255 255 255 255 255 255 254 255 254 255 164 253 205 9
	eager counters: 255 255 255 255 255 255 255 255 132 128 128 128 128 128 128 128
num evicts: 11900000, p: 1079290, s: 0 	 max proactive lookup: 15, max shadow lookup: 16
	evict counters: 255 255 255 255 255 255 255 255 255 251 255 253 171 254 203 3
	eager counters: 255 255 255 255 255 255 255 255 132 128 128 128 128 128 128 128
num evicts: 12000000, p: 1085737, s: 0 	 max proactive lookup: 15, max shadow lookup: 16
	evict counters: 255 255 255 255 255 255 255 255 251 254 254 255 176 255 206 4
	eager counters: 255 255 255 255 255 255 255 255 132 128 128 128 128 128 128 128
num evicts: 12100000, p: 1092185, s: 0 	 max proactive lookup: 15, max shadow lookup: 16
	evict counters: 255 255 255 255 255 255 255 255 255 253 250 255 180 253 209 12
	eager counters: 255 255 255 255 255 255 255 255 132 128 128 128 128 128 128 128
num evicts: 12200000, p: 1098657, s: 0 	 max proactive lookup: 15, max shadow lookup: 16
	evict counters: 255 255 255 255 255 255 255 255 254 253 255 255 193 255 212 17
	eager counters: 255 255 255 255 255 255 255 255 132 128 128 128 128 128 128 128
Warmup finished CPU 0 instructions: 25000003 cycles: 16643466 cumulative IPC: 1.502 (Simulation time: 01 hr 11 min 42 sec)
Warmup finished CPU 1 instructions: 25000003 cycles: 16644108 cumulative IPC: 1.502 (Simulation time: 01 hr 11 min 42 sec)
Warmup finished CPU 2 instructions: 25000003 cycles: 16645629 cumulative IPC: 1.502 (Simulation time: 01 hr 11 min 42 sec)
Warmup finished CPU 3 instructions: 25000003 cycles: 16645670 cumulative IPC: 1.502 (Simulation time: 01 hr 11 min 42 sec)
Warmup finished CPU 4 instructions: 25000003 cycles: 16645718 cumulative IPC: 1.502 (Simulation time: 01 hr 11 min 42 sec)
Warmup finished CPU 5 instructions: 25000003 cycles: 16645760 cumulative IPC: 1.502 (Simulation time: 01 hr 11 min 42 sec)
Warmup finished CPU 6 instructions: 25000003 cycles: 16645824 cumulative IPC: 1.502 (Simulation time: 01 hr 11 min 42 sec)
Warmup finished CPU 7 instructions: 25000003 cycles: 16645905 cumulative IPC: 1.502 (Simulation time: 01 hr 11 min 42 sec)
Warmup complete CPU 7 instructions: 25000003 cycles: 16645905 cumulative IPC: 1.502 (Simulation time: 01 hr 11 min 42 sec)
Warmup complete CPU 6 instructions: 25000116 cycles: 16645905 cumulative IPC: 1.502 (Simulation time: 01 hr 11 min 42 sec)
Warmup complete CPU 5 instructions: 25000212 cycles: 16645905 cumulative IPC: 1.502 (Simulation time: 01 hr 11 min 42 sec)
Warmup complete CPU 4 instructions: 25000261 cycles: 16645905 cumulative IPC: 1.502 (Simulation time: 01 hr 11 min 42 sec)
Warmup complete CPU 3 instructions: 25000356 cycles: 16645905 cumulative IPC: 1.502 (Simulation time: 01 hr 11 min 42 sec)
Warmup complete CPU 2 instructions: 25000405 cycles: 16645905 cumulative IPC: 1.502 (Simulation time: 01 hr 11 min 42 sec)
Warmup complete CPU 1 instructions: 25002708 cycles: 16645905 cumulative IPC: 1.502 (Simulation time: 01 hr 11 min 42 sec)
Warmup complete CPU 0 instructions: 25003668 cycles: 16645905 cumulative IPC: 1.502 (Simulation time: 01 hr 11 min 42 sec)
num evicts: 12300000, p: 1105517, s: 0 	 max proactive lookup: 15, max shadow lookup: 16
	evict counters: 255 255 255 254 255 255 253 255 255 253 255 253 198 255 219 19
	eager counters: 255 255 255 255 255 255 255 255 132 128 128 128 128 128 128 128
num evicts: 12400000, p: 1112831, s: 0 	 max proactive lookup: 14, max shadow lookup: 16
	evict counters: 255 255 255 255 255 255 255 253 255 252 254 255 206 255 95 23
	eager counters: 255 255 255 255 255 255 255 255 135 128 128 128 128 128 128 128
num evicts: 12500000, p: 1120386, s: 0 	 max proactive lookup: 14, max shadow lookup: 16
	evict counters: 255 255 255 255 255 255 255 255 255 255 253 252 215 255 74 2
	eager counters: 255 255 255 255 255 255 255 255 136 129 128 128 128 128 128 128
num evicts: 12600000, p: 1128409, s: 0 	 max proactive lookup: 14, max shadow lookup: 16
	evict counters: 255 255 255 255 255 255 255 255 254 254 253 255 228 253 86 8
	eager counters: 255 255 255 255 255 255 255 255 137 130 128 128 128 128 128 128
num evicts: 12700000, p: 1136212, s: 0 	 max proactive lookup: 14, max shadow lookup: 16
	evict counters: 255 255 255 255 255 255 255 255 255 253 254 255 228 255 87 7
	eager counters: 255 255 255 255 255 255 255 255 138 130 128 128 128 128 128 128
num evicts: 12800000, p: 1144237, s: 0 	 max proactive lookup: 14, max shadow lookup: 16
	evict counters: 255 255 255 255 255 255 255 254 255 255 255 254 238 255 95 16
	eager counters: 255 255 255 255 255 255 255 255 140 131 128 128 128 128 128 128
num evicts: 12900000, p: 1152025, s: 0 	 max proactive lookup: 14, max shadow lookup: 16
	evict counters: 255 255 255 255 255 255 255 255 255 255 251 255 241 255 98 16
	eager counters: 255 255 255 255 255 255 255 255 143 131 128 128 128 128 128 128
num evicts: 13000000, p: 1160168, s: 0 	 max proactive lookup: 14, max shadow lookup: 16
	evict counters: 255 255 255 255 255 255 255 255 255 252 255 253 247 254 100 19
	eager counters: 255 255 255 255 255 255 255 255 148 132 128 128 128 128 128 128
num evicts: 13100000, p: 1168196, s: 0 	 max proactive lookup: 14, max shadow lookup: 16
	evict counters: 255 255 255 255 255 255 255 255 254 255 255 251 253 253 103 26
	eager counters: 255 255 255 255 255 255 255 255 152 132 128 128 128 128 128 128
num evicts: 13200000, p: 1176211, s: 0 	 max proactive lookup: 14, max shadow lookup: 16
	evict counters: 255 255 255 255 255 255 255 255 254 253 253 255 254 253 105 6
	eager counters: 255 255 255 255 255 255 255 255 154 132 128 128 128 128 128 128
num evicts: 13300000, p: 1183748, s: 0 	 max proactive lookup: 14, max shadow lookup: 16
	evict counters: 255 255 255 255 255 255 255 255 254 255 254 252 255 254 115 3
	eager counters: 255 255 255 255 255 255 255 255 154 132 128 128 128 128 128 128
num evicts: 13400000, p: 1191086, s: 0 	 max proactive lookup: 14, max shadow lookup: 16
	evict counters: 255 255 255 255 255 255 255 255 255 253 255 253 254 253 127 7
	eager counters: 255 255 255 255 255 255 255 255 155 132 128 128 128 128 128 128
num evicts: 13500000, p: 1197932, s: 0 	 max proactive lookup: 15, max shadow lookup: 16
	evict counters: 255 255 255 255 255 255 255 254 255 254 255 255 252 255 131 11
	eager counters: 255 255 255 255 255 255 255 255 156 132 128 128 128 128 128 128
num evicts: 13600000, p: 1204786, s: 0 	 max proactive lookup: 15, max shadow lookup: 16
	evict counters: 255 255 255 255 255 255 255 255 255 253 253 252 255 254 135 9
	eager counters: 255 255 255 255 255 255 255 255 159 132 128 128 128 128 128 128
num evicts: 13700000, p: 1211060, s: 0 	 max proactive lookup: 15, max shadow lookup: 16
	evict counters: 255 255 255 255 255 255 255 255 255 255 254 255 254 255 138 13
	eager counters: 255 255 255 255 255 255 255 255 165 132 128 128 128 128 128 128
num evicts: 13800000, p: 1217975, s: 0 	 max proactive lookup: 15, max shadow lookup: 16
	evict counters: 255 255 255 255 255 255 255 255 252 255 254 255 254 255 145 16
	eager counters: 255 255 255 255 255 255 255 255 165 132 128 128 128 128 128 128
num evicts: 13900000, p: 1224790, s: 0 	 max proactive lookup: 15, max shadow lookup: 16
	evict counters: 255 255 255 255 255 255 255 255 253 254 252 251 253 255 153 20
	eager counters: 255 255 255 255 255 255 255 255 165 132 128 128 128 128 128 128
num evicts: 14000000, p: 1231241, s: 0 	 max proactive lookup: 15, max shadow lookup: 16
	evict counters: 255 255 255 255 255 255 255 255 255 253 254 250 254 252 154 26
	eager counters: 255 255 255 255 255 255 255 255 166 132 128 128 128 128 128 128
num evicts: 14100000, p: 1238843, s: 0 	 max proactive lookup: 15, max shadow lookup: 16
	evict counters: 255 255 255 255 255 255 255 255 254 255 254 253 255 254 159 32
	eager counters: 255 255 255 255 255 255 255 255 167 132 128 128 128 128 128 128
num evicts: 14200000, p: 1246078, s: 0 	 max proactive lookup: 15, max shadow lookup: 16
	evict counters: 255 255 255 255 255 255 255 255 253 254 254 255 251 253 165 38
	eager counters: 255 255 255 255 255 255 255 255 167 132 128 128 128 128 128 128
num evicts: 14300000, p: 1253320, s: 0 	 max proactive lookup: 15, max shadow lookup: 16
	evict counters: 255 255 255 255 255 255 255 255 254 253 255 248 255 254 171 45
	eager counters: 255 255 255 255 255 255 255 255 167 132 128 128 128 128 128 128
num evicts: 14400000, p: 1260580, s: 0 	 max proactive lookup: 15, max shadow lookup: 16
	evict counters: 255 255 255 255 255 255 255 255 253 254 254 254 254 253 175 44
	eager counters: 255 255 255 255 255 255 255 255 168 132 128 128 128 128 128 128
num evicts: 14500000, p: 1267483, s: 0 	 max p