[VMEM] WARNING: physical memory size is smaller than virtual memory size.

*** ChampSim Multicore Out-of-Order Simulator ***
Warmup Instructions: 25000000
Simulation Instructions: 25000000
Number of CPUs: 8
Page size: 2097152

initializing BARD -- num sampled sets: 64, modulus = 256
CL :	 16.64 ns
CWL :	 15.808 ns
tRP :	 16.224 ns
tRCD :	 16.224 ns
tRAS :	 32.032000000000004 ns
tRTP :	 7.904 ns
tWR :	 30.368000000000002 ns

tCCD_S :	 3.3280000000000003 ns
tCCD_S_WR :	 3.3280000000000003 ns
tCCD_S_WTR :	 22.048000000000002 ns
tCCD_L :	 5.408 ns
tCCD_L_WR :	 20.384 ns
tCCD_L_WTR :	 29.536 ns
tRRD_S :	 3.3280000000000003 ns
tRRD_L :	 5.408 ns
tFAW :	 13.728 ns
Address mapping (perm = 1) 	ch co bg bg bg ba ba co co co co co co ro ro ro ro ro ro ro ro ro ro ro ro ro ro ro 
dram queue size: R = 64 W = 48 (low:high is 9:39)
num evicts: 0, p: 0, s: 0 	 max proactive lookup: 16, max shadow lookup: 16
	evict counters: 128 128 128 128 128 128 128 128 128 128 128 128 128 128 128 128
	eager counters: 128 128 128 128 128 128 128 128 128 128 128 128 128 128 128 128
num evicts: 100000, p: 13851, s: 0 	 max proactive lookup: 9, max shadow lookup: 16
	evict counters: 150 145 146 146 140 136 132 128 128 127 128 128 127 128 121 125
	eager counters: 141 136 135 138 135 132 129 128 128 128 128 128 128 128 128 128
num evicts: 200000, p: 26365, s: 0 	 max proactive lookup: 12, max shadow lookup: 16
	evict counters: 172 172 178 152 161 151 141 139 138 135 130 130 121 123 111 116
	eager counters: 151 150 153 139 143 140 130 130 131 130 128 129 129 129 128 128
num evicts: 300000, p: 39032, s: 0 	 max proactive lookup: 12, max shadow lookup: 16
	evict counters: 191 199 200 174 179 171 165 157 156 145 136 134 122 115 109 111
	eager counters: 159 158 166 150 153 151 145 136 137 134 132 134 132 131 129 129
num evicts: 400000, p: 52833, s: 0 	 max proactive lookup: 12, max shadow lookup: 16
	evict counters: 216 221 236 184 202 185 180 169 170 157 147 135 119 122 112 112
	eager counters: 173 170 184 155 164 157 152 143 146 142 137 136 134 135 130 130
num evicts: 500000, p: 65478, s: 0 	 max proactive lookup: 12, max shadow lookup: 16
	evict counters: 242 241 255 199 221 203 188 190 192 163 159 147 124 130 11 113
	eager counters: 188 177 198 162 169 166 154 153 159 147 145 140 138 137 131 130
num evicts: 600000, p: 78272, s: 0 	 max proactive lookup: 13, max shadow lookup: 16
	evict counters: 255 255 255 219 233 219 212 202 208 179 164 153 133 127 16 118
	eager counters: 202 192 212 177 177 179 164 159 168 154 148 141 140 138 135 130
num evicts: 700000, p: 91327, s: 0 	 max proactive lookup: 14, max shadow lookup: 16
	evict counters: 255 255 255 238 252 229 225 223 227 198 180 159 136 131 21 117
	eager counters: 209 208 220 187 183 185 173 168 175 162 157 145 142 140 137 132
num evicts: 800000, p: 104524, s: 0 	 max proactive lookup: 14, max shadow lookup: 16
	evict counters: 255 255 255 255 255 251 247 239 243 214 194 165 145 136 16 112
	eager counters: 221 217 227 203 191 195 184 175 182 169 160 152 149 144 137 132
num evicts: 900000, p: 118348, s: 0 	 max proactive lookup: 14, max shadow lookup: 16
	evict counters: 255 255 255 255 255 255 255 255 254 221 203 169 153 136 29 116
	eager counters: 233 232 236 215 204 214 191 184 187 175 162 153 152 145 140 132
num evicts: 1000000, p: 131876, s: 0 	 max proactive lookup: 14, max shadow lookup: 16
	evict counters: 255 255 255 255 255 255 255 255 255 234 216 175 157 141 29 52
	eager counters: 251 244 246 226 211 220 204 191 194 182 171 154 155 148 141 133
num evicts: 1100000, p: 145539, s: 0 	 max proactive lookup: 14, max shadow lookup: 16
	evict counters: 255 255 255 255 255 255 255 255 255 248 224 194 159 144 32 43
	eager counters: 255 255 255 236 219 228 212 201 199 187 177 163 157 152 143 134
num evicts: 1200000, p: 162057, s: 0 	 max proactive lookup: 14, max shadow lookup: 16
	evict counters: 255 255 255 255 255 255 255 255 255 255 238 198 164 141 43 41
	eager counters: 255 255 255 248 231 243 222 208 205 194 180 166 158 152 145 135
num evicts: 1300000, p: 178512, s: 0 	 max proactive lookup: 14, max shadow lookup: 16
	evict counters: 255 255 255 255 255 255 255 255 255 255 253 208 169 135 51 41
	eager counters: 255 255 255 255 241 248 232 218 211 200 190 168 161 153 147 135
num evicts: 1400000, p: 194024, s: 0 	 max proactive lookup: 14, max shadow lookup: 16
	evict counters: 255 255 255 255 255 255 255 255 255 255 255 215 177 142 46 35
	eager counters: 255 255 255 255 254 255 245 226 219 206 194 171 164 157 147 135
num evicts: 1500000, p: 208248, s: 0 	 max proactive lookup: 14, max shadow lookup: 16
	evict counters: 255 255 255 255 255 255 255 255 255 255 254 225 177 154 41 8
	eager counters: 255 255 255 255 255 255 255 233 222 217 196 178 167 161 147 135
num evicts: 1600000, p: 222305, s: 0 	 max proactive lookup: 14, max shadow lookup: 16
	evict counters: 255 255 255 255 255 255 255 255 255 253 255 240 187 166 43 11
	eager counters: 255 255 255 255 255 255 255 239 228 224 196 184 171 166 147 136
num evicts: 1700000, p: 238654, s: 0 	 max proactive lookup: 14, max shadow lookup: 16
	evict counters: 255 255 255 255 255 255 255 255 255 255 255 241 194 168 45 10
	eager counters: 255 255 255 255 255 255 255 248 238 227 202 185 174 167 148 136
num evicts: 1800000, p: 255513, s: 0 	 max proactive lookup: 14, max shadow lookup: 16
	evict counters: 255 255 255 255 255 255 255 255 255 255 255 244 198 171 52 10
	eager counters: 255 255 255 255 255 255 255 251 242 233 209 189 177 167 150 136
num evicts: 1900000, p: 272183, s: 0 	 max proactive lookup: 14, max shadow lookup: 16
	evict counters: 255 255 255 255 255 255 255 255 255 255 255 255 208 170 59 8
	eager counters: 255 255 255 255 255 255 255 255 250 239 212 193 181 169 152 137
num evicts: 2000000, p: 287341, s: 0 	 max proactive lookup: 14, max shadow lookup: 16
	evict counters: 255 255 255 255 255 255 255 255 255 255 255 255 214 171 64 6
	eager counters: 255 255 255 255 255 255 255 255 255 248 217 195 183 170 154 137
num evicts: 2100000, p: 301660, s: 0 	 max proactive lookup: 14, max shadow lookup: 16
	evict counters: 255 255 255 255 255 255 255 255 255 255 255 254 208 174 72 0
	eager counters: 255 255 255 255 255 255 255 255 255 253 222 199 185 170 155 138
num evicts: 2200000, p: 315579, s: 0 	 max proactive lookup: 14, max shadow lookup: 16
	evict counters: 255 255 255 255 255 255 255 255 255 255 255 255 208 176 81 6
	eager counters: 255 255 255 255 255 255 255 255 255 255 225 210 189 172 155 139
num evicts: 2300000, p: 329292, s: 0 	 max proactive lookup: 14, max shadow lookup: 16
	evict counters: 255 255 255 255 255 255 255 255 255 255 255 255 216 180 77 5
	eager counters: 255 255 255 255 255 255 255 255 255 255 231 214 194 173 155 140
num evicts: 2400000, p: 342893, s: 0 	 max proactive lookup: 14, max shadow lookup: 16
	evict counters: 255 255 255 255 255 255 255 255 255 255 255 255 223 187 80 1
	eager counters: 255 255 255 255 255 255 255 255 255 255 237 218 198 175 157 140
num evicts: 2500000, p: 357199, s: 0 	 max proactive lookup: 14, max shadow lookup: 16
	evict counters: 255 255 255 255 255 255 255 255 255 255 255 255 233 187 59 3
	eager counters: 255 255 255 255 255 255 255 255 255 255 241 221 201 176 158 141
num evicts: 2600000, p: 370544, s: 0 	 max proactive lookup: 14, max shadow lookup: 16
	evict counters: 255 255 255 255 255 255 255 255 255 255 253 254 243 190 59 3
	eager counters: 255 255 255 255 255 255 255 255 255 255 243 223 202 177 161 141
num evicts: 2700000, p: 383959, s: 0 	 max proactive lookup: 14, max shadow lookup: 16
	evict counters: 255 255 255 255 255 255 255 255 255 255 255 255 247 195 64 3
	eager counters: 255 255 255 255 255 255 255 255 255 255 251 227 207 178 162 141
num evicts: 2800000, p: 397567, s: 0 	 max proactive lookup: 14, max shadow lookup: 16
	evict counters: 255 255 255 255 255 255 255 255 255 255 255 255 244 202 70 3
	eager counters: 255 255 255 255 255 255 255 255 255 255 255 230 210 180 162 142
num evicts: 2900000, p: 411222, s: 0 	 max proactive lookup: 14, max shadow lookup: 16
	evict counters: 255 255 255 255 255 255 255 255 255 255 255 253 250 206 77 7
	eager counters: 255 255 255 255 255 255 255 255 255 255 255 234 211 183 163 144
num evicts: 3000000, p: 425590, s: 0 	 max proactive lookup: 14, max shadow lookup: 16
	evict counters: 255 255 255 255 255 255 255 255 255 255 255 254 255 209 75 3
	eager counters: 255 255 255 255 255 255 255 255 255 255 255 236 214 184 163 144
num evicts: 3100000, p: 440393, s: 0 	 max proactive lookup: 14, max shadow lookup: 16
	evict counters: 255 255 255 255 255 255 255 255 255 255 255 255 255 215 70 5
	eager counters: 255 255 255 255 255 255 255 255 255 255 255 243 217 187 164 145
num evicts: 3200000, p: 455092, s: 0 	 max proactive lookup: 14, max shadow lookup: 16
	evict counters: 255 255 255 255 255 255 255 255 255 255 253 254 255 220 68 4
	eager counters: 255 255 255 255 255 255 255 255 255 255 255 248 219 189 164 145
num evicts: 3300000, p: 468391, s: 0 	 max proactive lookup: 14, max shadow lookup: 16
	evict counters: 255 255 255 255 255 255 255 255 255 255 255 254 255 231 68 7
	eager counters: 255 255 255 255 255 255 255 255 255 255 255 252 219 192 165 145
num evicts: 3400000, p: 481874, s: 0 	 max proactive lookup: 14, max shadow lookup: 16
	evict counters: 255 255 255 255 255 255 255 255 255 255 255 255 252 233 66 9
	eager counters: 255 255 255 255 255 255 255 255 255 255 255 255 220 193 167 145
num evicts: 3500000, p: 494507, s: 0 	 max proactive lookup: 14, max shadow lookup: 16
	evict counters: 255 255 255 255 255 255 255 255 255 255 255 255 253 235 71 10
	eager counters: 255 255 255 255 255 255 255 255 255 255 255 255 223 195 168 147
num evicts: 3600000, p: 506989, s: 0 	 max proactive lookup: 14, max shadow lookup: 16
	evict counters: 255 255 255 255 255 255 255 255 255 255 255 255 255 233 71 2
	eager counters: 255 255 255 255 255 255 255 255 255 255 255 255 228 196 170 147
num evicts: 3700000, p: 519924, s: 0 	 max proactive lookup: 14, max shadow lookup: 16
	evict counters: 255 255 255 255 255 255 255 255 255 255 255 255 255 237 66 1
	eager counters: 255 255 255 255 255 255 255 255 255 255 255 255 230 197 170 147
Heartbeat CPU 1 instructions: 10000003 cycles: 5967100 heartbeat IPC: 1.676 cumulative IPC: 1.676 (Simulation time: 00 hr 29 min 27 sec)
Heartbeat CPU 2 instructions: 10000003 cycles: 5968532 heartbeat IPC: 1.675 cumulative IPC: 1.675 (Simulation time: 00 hr 29 min 28 sec)
Heartbeat CPU 3 instructions: 10000003 cycles: 5969038 heartbeat IPC: 1.675 cumulative IPC: 1.675 (Simulation time: 00 hr 29 min 28 sec)
Heartbeat CPU 4 instructions: 10000003 cycles: 5969119 heartbeat IPC: 1.675 cumulative IPC: 1.675 (Simulation time: 00 hr 29 min 28 sec)
Heartbeat CPU 5 instructions: 10000003 cycles: 5969368 heartbeat IPC: 1.675 cumulative IPC: 1.675 (Simulation time: 00 hr 29 min 28 sec)
Heartbeat CPU 6 instructions: 10000003 cycles: 5969600 heartbeat IPC: 1.675 cumulative IPC: 1.675 (Simulation time: 00 hr 29 min 28 sec)
Heartbeat CPU 7 instructions: 10000003 cycles: 5969864 heartbeat IPC: 1.675 cumulative IPC: 1.675 (Simulation time: 00 hr 29 min 28 sec)
Heartbeat CPU 0 instructions: 10000003 cycles: 5970042 heartbeat IPC: 1.675 cumulative IPC: 1.675 (Simulation time: 00 hr 29 min 28 sec)
num evicts: 3800000, p: 533847, s: 0 	 max proactive lookup: 14, max shadow lookup: 16
	evict counters: 255 255 255 255 255 255 255 255 255 255 255 255 251 244 66 5
	eager counters: 255 255 255 255 255 255 255 255 255 255 255 255 231 200 171 147
num evicts: 3900000, p: 547860, s: 0 	 max proactive lookup: 14, max shadow lookup: 16
	evict counters: 255 255 255 255 255 255 255 255 255 255 255 255 255 245 80 3
	eager counters: 255 255 255 255 255 255 255 255 255 255 255 255 232 200 172 148
num evicts: 4000000, p: 562053, s: 0 	 max proactive lookup: 14, max shadow lookup: 16
	evict counters: 255 255 255 255 255 255 255 255 255 255 255 255 255 247 89 5
	eager counters: 255 255 255 255 255 255 255 255 255 255 255 255 236 203 175 149
num evicts: 4100000, p: 576589, s: 0 	 max proactive lookup: 14, max shadow lookup: 16
	evict counters: 255 255 255 255 255 255 255 255 255 255 254 254 255 248 89 4
	eager counters: 255 255 255 255 255 255 255 255 255 255 255 255 240 206 175 149
num evicts: 4200000, p: 590333, s: 0 	 max proactive lookup: 14, max shadow lookup: 16
	evict counters: 255 255 255 255 255 255 255 255 255 255 255 254 255 252 92 6
	eager counters: 255 255 255 255 255 255 255 255 255 255 255 255 243 210 176 150
num evicts: 4300000, p: 603668, s: 0 	 max proactive lookup: 14, max shadow lookup: 16
	evict counters: 255 255 255 255 255 255 255 255 255 255 254 255 254 253 94 6
	eager counters: 255 255 255 255 255 255 255 255 255 255 255 255 246 211 176 151
num evicts: 4400000, p: 616639, s: 0 	 max proactive lookup: 14, max shadow lookup: 16
	evict counters: 255 255 255 255 255 255 255 255 255 255 254 253 253 255 93 10
	eager counters: 255 255 255 255 255 255 255 255 255 255 255 255 252 211 178 152
num evicts: 4500000, p: 629646, s: 0 	 max proactive lookup: 14, max shadow lookup: 16
	evict counters: 255 255 255 255 255 255 255 255 255 254 255 252 254 254 102 6
	eager counters: 255 255 255 255 255 255 255 255 255 255 255 255 255 212 180 152
num evicts: 4600000, p: 642497, s: 0 	 max proactive lookup: 14, max shadow lookup: 16
	evict counters: 255 255 255 255 255 255 255 255 255 254 255 255 255 252 58 1
	eager counters: 255 255 255 255 255 255 255 255 255 255 255 255 255 214 180 153
num evicts: 4700000, p: 654466, s: 0 	 max proactive lookup: 14, max shadow lookup: 16
	evict counters: 255 255 255 255 255 255 255 255 255 255 255 255 255 251 54 0
	eager counters: 255 255 255 255 255 255 255 255 255 255 255 255 255 215 180 154
num evicts: 4800000, p: 667543, s: 0 	 max proactive lookup: 14, max shadow lookup: 16
	evict counters: 255 255 255 255 255 255 255 255 255 255 255 255 251 253 50 5
	eager counters: 255 255 255 255 255 255 255 255 255 255 255 255 255 216 181 154
num evicts: 4900000, p: 682850, s: 0 	 max proactive lookup: 14, max shadow lookup: 16
	evict counters: 255 255 255 255 255 255 255 255 255 255 255 255 254 251 47 11
	eager counters: 255 255 255 255 255 255 255 255 255 255 255 255 255 218 181 157
num evicts: 5000000, p: 698137, s: 0 	 max proactive lookup: 14, max shadow lookup: 16
	evict counters: 255 255 255 255 255 255 255 255 255 255 255 255 253 254 50 13
	eager counters: 255 255 255 255 255 255 255 255 255 255 255 255 255 221 182 157
num evicts: 5100000, p: 713570, s: 0 	 max proactive lookup: 14, max shadow lookup: 16
	evict counters: 255 255 255 255 255 255 255 255 255 254 255 254 254 255 49 17
	eager counters: 255 255 255 255 255 255 255 255 255 255 255 255 255 222 182 160
num evicts: 5200000, p: 729336, s: 0 	 max proactive lookup: 14, max shadow lookup: 16
	evict counters: 255 255 255 255 255 255 255 255 255 255 255 255 254 255 53 10
	eager counters: 255 255 255 255 255 255 255 255 255 255 255 255 255 223 182 160
num evicts: 5300000, p: 744948, s: 0 	 max proactive lookup: 14, max shadow lookup: 16
	evict counters: 255 255 255 255 255 255 255 255 255 255 255 253 255 255 56 3
	eager counters: 255 255 255 255 255 255 255 255 255 255 255 255 255 225 183 160
num evicts: 5400000, p: 760932, s: 0 	 max proactive lookup: 14, max shadow lookup: 16
	evict counters: 255 255 255 255 255 255 255 255 255 255 255 255 255 255 59 1
	eager counters: 255 255 255 255 255 255 255 255 255 255 255 255 255 227 185 162
num evicts: 5500000, p: 776972, s: 0 	 max proactive lookup: 14, max shadow lookup: 16
	evict counters: 255 255 255 255 255 255 255 255 255 255 255 255 255 254 58 4
	eager counters: 255 255 255 255 255 255 255 255 255 255 255 255 255 230 185 163
num evicts: 5600000, p: 793018, s: 0 	 max proactive lookup: 14, max shadow lookup: 16
	evict counters: 255 255 255 255 255 255 255 255 255 255 255 253 254 255 62 5
	eager counters: 255 255 255 255 255 255 255 255 255 255 255 255 255 234 186 163
num evicts: 5700000, p: 809048, s: 0 	 max proactive lookup: 14, max shadow lookup: 16
	evict counters: 255 255 255 255 255 255 255 255 255 255 255 255 253 254 66 7
	eager counters: 255 255 255 255 255 255 255 255 255 255 255 255 255 234 187 163
num evicts: 5800000, p: 825144, s: 0 	 max proactive lookup: 14, max shadow lookup: 16
	evict counters: 255 255 255 255 255 255 255 255 255 255 255 254 254 253 68 3
	eager counters: 255 255 255 255 255 255 255 255 255 255 255 255 255 236 188 164
num evicts: 5900000, p: 840862, s: 0 	 max proactive lookup: 14, max shadow lookup: 16
	evict counters: 255 255 255 255 255 255 255 255 255 255 255 253 254 250 69 1
	eager counters: 255 255 255 255 255 255 255 255 255 255 255 255 255 238 189 164
num evicts: 6000000, p: 856505, s: 0 	 max proactive lookup: 14, max shadow lookup: 16
	evict counters: 255 255 255 255 255 255 255 255 255 254 253 253 255 252 78 13
	eager counters: 255 255 255 255 255 255 255 255 255 255 255 255 255 241 189 165
num evicts: 6100000, p: 872192, s: 0 	 max proactive lookup: 14, max shadow lookup: 16
	evict counters: 255 255 255 255 255 255 255 255 255 255 255 252 255 254 78 5
	eager counters: 255 255 255 255 255 255 255 255 255 255 255 255 255 241 189 165
num evicts: 6200000, p: 888295, s: 0 	 max proactive lookup: 14, max shadow lookup: 16
	evict counters: 255 255 255 255 255 255 255 255 255 255 255 255 254 254 85 3
	eager counters: 255 255 255 255 255 255 255 255 255 255 255 255 255 242 190 166
num evicts: 6300000, p: 904313, s: 0 	 max proactive lookup: 14, max shadow lookup: 16
	evict counters: 255 255 255 255 255 255 255 255 255 255 255 255 254 254 88 0
	eager counters: 255 255 255 255 255 255 255 255 255 255 255 255 255 244 192 167
num evicts: 6400000, p: 919141, s: 0 	 max proactive lookup: 14, max shadow lookup: 16
	evict counters: 255 255 255 255 255 255 255 255 255 255 254 254 255 254 85 7
	eager counters: 255 255 255 255 255 255 255 255 255 255 255 255 255 244 192 168
num evicts: 6500000, p: 933335, s: 0 	 max proactive lookup: 14, max shadow lookup: 16
	evict counters: 255 255 255 255 255 255 255 255 255 255 255 254 255 254 86 9
	eager counters: 255 255 255 255 255 255 255 255 255 255 255 255 255 247 193 168
num evicts: 6600000, p: 947584, s: 0 	 max proactive lookup: 14, max shadow lookup: 16
	evict counters: 255 255 255 255 255 255 255 255 255 255 254 254 254 255 83 8
	eager counters: 255 255 255 255 255 255 255 255 255 255 255 255 255 248 196 169
num evicts: 6700000, p: 960978, s: 0 	 max proactive lookup: 14, max shadow lookup: 16
	evict counters: 255 255 255 255 255 255 255 255 255 255 255 255 254 250 86 10
	eager counters: 255 255 255 255 255 255 255 255 255 255 255 255 255 249 197 169
num evicts: 6800000, p: 973895, s: 0 	 max proactive lookup: 14, max shadow lookup: 16
	evict counters: 255 255 255 255 255 255 255 255 255 255 255 254 255 255 96 7
	eager counters: 255 255 255 255 255 255 255 255 255 255 255 255 255 251 200 169
num evicts: 6900000, p: 987367, s: 0 	 max proactive lookup: 14, max shadow lookup: 16
	evict counters: 255 255 255 255 255 255 255 255 255 255 255 255 255 255 101 7
	eager counters: 255 255 255 255 255 255 255 255 255 255 255 255 255 253 202 169
num evicts: 7000000, p: 1001638, s: 0 	 max proactive lookup: 14, max shadow lookup: 16
	evict counters: 255 255 255 255 255 255 255 255 255 255 254 253 255 254 97 2
	eager counters: 255 255 255 255 255 255 255 255 255 255 255 255 255 254 204 169
num evicts: 7100000, p: 1015854, s: 0 	 max proactive lookup: 14, max shadow lookup: 16
	evict counters: 255 255 255 255 255 255 255 255 255 254 255 252 253 255 93 3
	eager counters: 255 255 255 255 255 255 255 255 255 255 255 255 255 254 206 170
num evicts: 7200000, p: 1029821, s: 0 	 max proactive lookup: 14, max shadow lookup: 16
	evict counters: 255 255 255 255 255 255 255 255 255 255 255 255 252 254 95 7
	eager counters: 255 255 255 255 255 255 255 255 255 255 255 255 255 255 208 170
num evicts: 7300000, p: 1043525, s: 0 	 max proactive lookup: 14, max shadow lookup: 16
	evict counters: 255 255 255 255 255 255 255 255 255 255 255 255 253 252 97 5
	eager counters: 255 255 255 255 255 255 255 255 255 255 255 255 255 255 209 170
num evicts: 7400000, p: 1057265, s: 0 	 max proactive lookup: 14, max shadow lookup: 16
	evict counters: 255 255 255 255 255 255 255 255 255 255 254 255 255 253 102 5
	eager counters: 255 255 255 255 255 255 255 255 255 255 255 255 255 255 210 170
num evicts: 7500000, p: 1071234, s: 0 	 max proactive lookup: 14, max shadow lookup: 16
	evict counters: 255 255 255 255 255 255 255 255 255 255 254 255 254 255 105 3
	eager counters: 255 255 255 255 255 255 255 255 255 255 255 255 255 255 210 171
num evicts: 7600000, p: 1085339, s: 0 	 max proactive lookup: 14, max shadow lookup: 16
	evict counters: 255 255 255 255 255 255 255 255 255 255 255 255 255 254 112 9
	eager counters: 255 255 255 255 255 255 255 255 255 255 255 255 255 255 212 173
num evicts: 7700000, p: 1099185, s: 0 	 max proactive lookup: 14, max shadow lookup: 16
	evict counters: 255 255 255 255 255 255 255 255 255 254 255 255 254 253 112 6
	eager counters: 255 255 255 255 255 255 255 255 255 255 255 255 255 255 214 173
Heartbeat CPU 1 instructions: 20000003 cycles: 11967244 heartbeat IPC: 1.667 cumulative IPC: 1.671 (Simulation time: 00 hr 56 min 38 sec)
Heartbeat CPU 2 instructions: 20000003 cycles: 11968557 heartbeat IPC: 1.667 cumulative IPC: 1.671 (Simulation time: 00 hr 56 min 38 sec)
Heartbeat CPU 3 instructions: 20000003 cycles: 11968966 heartbeat IPC: 1.667 cumulative IPC: 1.671 (Simulation time: 00 hr 56 min 38 sec)
Heartbeat CPU 4 instructions: 20000003 cycles: 11969326 heartbeat IPC: 1.667 cumulative IPC: 1.671 (Simulation time: 00 hr 56 min 38 sec)
Heartbeat CPU 5 instructions: 20000003 cycles: 11969535 heartbeat IPC: 1.667 cumulative IPC: 1.671 (Simulation time: 00 hr 56 min 38 sec)
Heartbeat CPU 6 instructions: 20000003 cycles: 11969727 heartbeat IPC: 1.667 cumulative IPC: 1.671 (Simulation time: 00 hr 56 min 38 sec)
Heartbeat CPU 7 instructions: 20000003 cycles: 11970017 heartbeat IPC: 1.667 cumulative IPC: 1.671 (Simulation time: 00 hr 56 min 38 sec)
Heartbeat CPU 0 instructions: 20000003 cycles: 11970202 heartbeat IPC: 1.667 cumulative IPC: 1.671 (Simulation time: 00 hr 56 min 38 sec)
num evicts: 7800000, p: 1113333, s: 0 	 max proactive lookup: 14, max shadow lookup: 16
	evict counters: 255 255 255 255 255 255 255 255 255 254 255 252 255 254 112 0
	eager counters: 255 255 255 255 255 255 255 255 255 255 255 255 255 255 215 173
num evicts: 7900000, p: 1127811, s: 0 	 max proactive lookup: 14, max shadow lookup: 16
	evict counters: 255 255 255 255 255 255 255 255 255 255 255 254 254 254 116 5
	eager counters: 255 255 255 255 255 255 255 255 255 255 255 255 255 255 217 174
num evicts: 8000000, p: 1143210, s: 0 	 max proactive lookup: 14, max shadow lookup: 16
	evict counters: 255 255 255 255 255 255 255 255 255 255 255 255 255 253 122 1
	eager counters: 255 255 255 255 255 255 255 255 255 255 255 255 255 255 219 174
num evicts: 8100000, p: 1158876, s: 0 	 max proactive lookup: 14, max shadow lookup: 16
	evict counters: 255 255 255 255 255 255 255 255 255 255 255 253 255 255 121 0
	eager counters: 255 255 255 255 255 255 255 255 255 255 255 255 255 255 220 176
num evicts: 8200000, p: 1174420, s: 0 	 max proactive lookup: 14, max shadow lookup: 16
	evict counters: 255 255 255 255 255 255 255 255 255 254 254 255 255 254 124 0
	eager counters: 255 255 255 255 255 255 255 255 255 255 255 255 255 255 221 177
num evicts: 8300000, p: 1189716, s: 0 	 max proactive lookup: 15, max shadow lookup: 16
	evict counters: 255 255 255 255 255 255 255 255 255 255 255 255 255 253 133 1
	eager counters: 255 255 255 255 255 255 255 255 255 255 255 255 255 255 224 178
num evicts: 8400000, p: 1205313, s: 0 	 max proactive lookup: 14, max shadow lookup: 16
	evict counters: 255 255 255 255 255 255 255 255 255 255 255 254 255 255 124 2
	eager counters: 255 255 255 255 255 255 255 255 255 255 255 255 255 255 226 178
num evicts: 8500000, p: 1219354, s: 0 	 max proactive lookup: 14, max shadow lookup: 16
	evict counters: 255 255 255 255 255 255 255 255 255 255 255 254 253 250 125 5
	eager counters: 255 255 255 255 255 255 255 255 255 255 255 255 255 255 227 178
num evicts: 8600000, p: 1232387, s: 0 	 max proactive lookup: 15, max shadow lookup: 16
	evict counters: 255 255 255 255 255 255 255 255 255 255 254 253 254 252 135 5
	eager counters: 255 255 255 255 255 255 255 255 255 255 255 255 255 255 228 178
num evicts: 8700000, p: 1245487, s: 0 	 max proactive lookup: 15, max shadow lookup: 16
	evict counters: 255 255 255 255 255 255 255 255 255 254 255 253 255 254 132 2
	eager counters: 255 255 255 255 255 255 255 255 255 255 255 255 255 255 228 179
num evicts: 8800000, p: 1258609, s: 0 	 max proactive lookup: 15, max shadow lookup: 16
	evict counters: 255 255 255 255 255 255 255 255 255 255 254 255 255 252 135 0
	eager counters: 255 255 255 255 255 255 255 255 255 255 255 255 255 255 231 179
num evicts: 8900000, p: 1271648, s: 0 	 max proactive lookup: 15, max shadow lookup: 16
	evict counters: 255 255 255 255 255 255 255 255 255 255 255 254 255 254 130 4
	eager counters: 255 255 255 255 255 255 255 255 255 255 255 255 255 255 235 180
num evicts: 9000000, p: 1284918, s: 0 	 max proactive lookup: 15, max shadow lookup: 16
	evict counters: 255 255 255 255 255 255 255 255 255 255 255 255 254 253 138 1
	eager counters: 255 255 255 255 255 255 255 255 255 255 255 255 255 255 237 180
num evicts: 9100000, p: 1298294, s: 0 	 max proactive lookup: 15, max shadow lookup: 16
	evict counters: 255 255 255 255 255 255 255 255 255 255 255 255 255 255 146 5
	eager counters: 255 255 255 255 255 255 255 255 255 255 255 255 255 255 238 180
num evicts: 9200000, p: 1311621, s: 0 	 max proactive lookup: 15, max shadow lookup: 16
	evict counters: 255 255 255 255 255 255 255 255 255 255 254 255 255 255 145 7
	eager counters: 255 255 255 255 255 255 255 255 255 255 255 255 255 255 239 180
num evicts: 9300000, p: 1324370, s: 0 	 max proactive lookup: 15, max shadow lookup: 16
	evict counters: 255 255 255 255 255 255 255 255 255 255 254 255 255 255 149 7
	eager counters: 255 255 255 255 255 255 255 255 255 255 255 255 255 255 241 180
num evicts: 9400000, p: 1337556, s: 0 	 max proactive lookup: 15, max shadow lookup: 16
	evict counters: 255 255 255 255 255 255 255 255 255 255 254 254 251 255 154 6
	eager counters: 255 255 255 255 255 255 255 255 255 255 255 255 255 255 242 181
num evicts: 9500000, p: 1350103, s: 0 	 max proactive lookup: 15, max shadow lookup: 16
	evict counters: 255 255 255 255 255 255 255 255 255 255 255 254 253 255 160 1
	eager counters: 255 255 255 255 255 255 255 255 255 255 255 255 255 255 243 181
num evicts: 9600000, p: 1359366, s: 0 	 max proactive lookup: 15, max shadow lookup: 16
	evict counters: 255 255 255 255 255 255 255 255 255 255 255 255 254 255 157 1
	eager counters: 255 255 255 255 255 255 255 255 255 255 255 255 255 255 243 182
num evicts: 9700000, p: 1368712, s: 0 	 max proactive lookup: 15, max shadow lookup: 16
	evict counters: 255 255 255 255 255 255 255 255 255 255 255 255 255 250 164 2
	eager counters: 255 255 255 255 255 255 255 255 255 255 255 255 255 255 245 182
Warmup finished CPU 1 instructions: 25000003 cycles: 14967396 cumulative IPC: 1.67 (Simulation time: 01 hr 10 min 18 sec)
Warmup finished CPU 2 instructions: 25000003 cycles: 14968597 cumulative IPC: 1.67 (Simulation time: 01 hr 10 min 19 sec)
Warmup finished CPU 3 instructions: 25000003 cycles: 14968950 cumulative IPC: 1.67 (Simulation time: 01 hr 10 min 19 sec)
Warmup finished CPU 4 instructions: 25000003 cycles: 14969374 cumulative IPC: 1.67 (Simulation time: 01 hr 10 min 19 sec)
Warmup finished CPU 5 instructions: 25000003 cycles: 14969528 cumulative IPC: 1.67 (Simulation time: 01 hr 10 min 19 sec)
Warmup finished CPU 6 instructions: 25000003 cycles: 14969791 cumulative IPC: 1.67 (Simulation time: 01 hr 10 min 19 sec)
Warmup finished CPU 7 instructions: 25000003 cycles: 14970104 cumulative IPC: 1.67 (Simulation time: 01 hr 10 min 19 sec)
Warmup finished CPU 0 instructions: 25000003 cycles: 14970283 cumulative IPC: 1.67 (Simulation time: 01 hr 10 min 19 sec)
Warmup complete CPU 7 instructions: 25000293 cycles: 14970283 cumulative IPC: 1.67 (Simulation time: 01 hr 10 min 19 sec)
Warmup complete CPU 6 instructions: 25000813 cycles: 14970283 cumulative IPC: 1.67 (Simulation time: 01 hr 10 min 19 sec)
Warmup complete CPU 5 instructions: 25001253 cycles: 14970283 cumulative IPC: 1.67 (Simulation time: 01 hr 10 min 19 sec)
Warmup complete CPU 4 instructions: 25001503 cycles: 14970283 cumulative IPC: 1.67 (Simulation time: 01 hr 10 min 19 sec)
Warmup complete CPU 3 instructions: 25002213 cycles: 14970283 cumulative IPC: 1.67 (Simulation time: 01 hr 10 min 19 sec)
Warmup complete CPU 2 instructions: 25002813 cycles: 14970283 cumulative IPC: 1.67 (Simulation time: 01 hr 10 min 19 sec)
Warmup complete CPU 1 instructions: 25004813 cycles: 14970283 cumulative IPC: 1.67 (Simulation time: 01 hr 10 min 19 sec)
Warmup complete CPU 0 instructions: 25000003 cycles: 14970283 cumulative IPC: 1.67 (Simulation time: 01 hr 10 min 19 sec)
num evicts: 9800000, p: 1378809, s: 0 	 max proactive lookup: 15, max shadow lookup: 16
	evict counters: 255 255 255 255 255 255 255 255 255 255 255 255 255 255 164 6
	eager counters: 255 255 255 255 255 255 255 255 255 255 255 255 255 255 245 184
num evicts: 9900000, p: 1389490, s: 0 	 max proactive lookup: 15, max shadow lookup: 16
	evict counters: 255 255 255 255 255 255 255 255 255 255 255 255 254 254 172 4
	eager counters: 255 255 255 255 255 255 255 255 255 255 255 255 255 255 247 184
num evicts: 10000000, p: 1400581, s: 0 	 max proactive lookup: 15, max shadow lookup: 16
	evict counters: 255 255 255 255 255 255 255 255 255 255 255 255 254 252 180 3
	eager counters: 255 255 255 255 255 255 255 255 255 255 255 255 255 255 248 184
num evicts: 10100000, p: 1414477, s: 0 	 max proactive lookup: 15, max shadow lookup: 16
	evict counters: 255 255 255 255 255 255 255 255 255 255 255 255 255 252 181 5
	eager counters: 255 255 255 255 255 255 255 255 255 255 255 255 255 255 248 185
num evicts: 10200000, p: 1428842, s: 0 	 max proactive lookup: 15, max shadow lookup: 16
	evict counters: 255 255 255 255 255 255 255 255 255 255 255 255 255 252 184 5
	eager counters: 255 255 255 255 255 255 255 255 255 255 255 255 255 255 249 185
num evicts: 10300000, p: 1442434, s: 0 	 max proactive lookup: 15, max shadow lookup: 16
	evict counters: 255 255 255 255 255 255 255 255 255 255 255 255 255 255 180 1
	eager counters: 255 255 255 255 255 255 255 255 255 255 255 255 255 255 249 185
num evicts: 10400000, p: 1456516, s: 0 	 max proactive lookup: 15, max shadow lookup: 16
	evict counters: 255 255 255 255 255 255 255 255 255 255 254 255 255 255 180 5
	eager counters: 255 255 255 255 255 255 255 255 255 255 255 255 255 255 251 185
num evicts: 10500000, p: 1470085, s: 0 	 max proactive lookup: 15, max shadow lookup: 16
	evict counters: 255 255 255 255 255 255 255 255 255 255 255 254 254 255 182 2
	eager counters: 255 255 255 255 255 255 255 255 255 255 255 255 255 255 251 185
num evicts: 10600000, p: 1481918, s: 0 	 max proactive lookup: 15, max shadow lookup: 16
	evict counters: 255 255 255 255 255 255 255 255 255 255 255 254 255 252 186 9
	eager counters: 255 255 255 255 255 255 255 255 255 255 255 255 255 255 252 185
num evicts: 10700000, p: 1494078, s: 0 	 max proactive lookup: 15, max shadow lookup: 16
	evict counters: 255 255 255 255 255 255 255 255 255 255 255 255 253 253 181 17
	eager counters: 255 255 255 255 255 255 255 255 255 255 255 255 255 255 253 185
num evicts: 10800000, p: 1506486, s: 0 	 max proactive lookup: 15, max shadow lookup: 16
	evict counters: 255 255 255 255 255 255 255 255 255 255 255 254 255 255 177 17
	eager counters: 255 255 255 255 255 255 255 255 255 255 255 255 255 255 254 187
num evicts: 10900000, p: 1518669, s: 0 	 max proactive lookup: 15, max shadow lookup: 16
	evict counters: 255 255 255 255 255 255 255 255 255 255 254 255 252 254 189 18
	eager counters: 255 255 255 255 255 255 255 255 255 255 255 255 255 255 254 189
num evicts: 11000000, p: 1530832, s: 0 	 max proactive lookup: 15, max shadow lookup: 16
	evict counters: 255 255 255 255 255 255 255 255 255 255 255 251 254 252 190 20
	eager counters: 255 255 255 255 255 255 255 255 255 255 255 255 255 255 255 189
num evicts: 11100000, p: 1542703, s: 0 	 max proactive lookup: 15, max shadow lookup: 16
	evict counters: 255 255 255 255 255 255 255 255 255 255 254 251 254 254 186 25
	eager counters: 255 255 255 255 255 255 255 255 255 255 255 255 255 255 255 189
num evicts: 11200000, p: 1554669, s: 0 	 max proactive lookup: 15, max shadow lookup: 16
	evict counters: 255 255 255 255 255 255 255 255 255 255 255 255 255 255 187 18
	eager counters: 255 255 255 255 255 255 255 255 255 255 255 255 255 255 255 189
num evicts: 11300000, p: 1567437, s: 0 	 max proactive lookup: 15, max shadow lookup: 16
	evict counters: 255 255 255 255 255 255 255 255 255 255 255 254 251 254 189 12
	eager counters: 255 255 255 255 255 255 255 255 255 255 255 255 255 255 255 190
num evicts: 11400000, p: 1580693, s: 0 	 max proactive lookup: 15, max shadow lookup: 16
	evict counters: 255 255 255 255 255 255 255 255 255 255 255 255 254 252 191 9
	eager counters: 255 255 255 255 255 255 255 255 255 255 255 255 255 255 255 190
num evicts: 11500000, p: 1593491, s: 0 	 max proactive lookup: 15, max shadow lookup: 16
	evict counters: 255 255 255 255 255 255 255 255 255 255 255 255 254 252 189 6
	eager counters: 255 255 255 255 255 255 255 255 255 255 255 255 255 255 255 191
num evicts: 11600000, p: 1606512, s: 0 	 max proactive lookup: 15, max shadow lookup: 16
	evict counters: 255 255 255 255 255 255 255 255 255 255 253 255 255 255 188 4
	eager counters: 255 255 255 255 255 255 255 255 255 255 255 255 255 255 255 191
num evicts: 11700000, p: 1618544, s: 0 	 max proactive lookup: 15, max shadow lookup: 16
	evict counters: 255 255 255 255 255 255 255 255 255 255 255 255 255 255 192 2
	eager counters: 255 255 255 255 255 255 255 255 255 255 255 255 255 255 255 191
Heartbeat CPU 2 instructions: 30000004 cycles: 38754159 heartbeat IPC: 0.3733 cumulative IPC: 0.2101 (Simulation time: 01 hr 53 min 48 sec)
Heartbeat CPU 3 instructions: 30000004 cycles: 38790808 heartbeat IPC: 0.3728 cumulative IPC: 0.2098 (Simulation time: 01 hr 53 min 52 sec)
Heartbeat CPU 1 instructions: 30000004 cycles: 38827588 heartbeat IPC: 0.3723 cumulative IPC: 0.2094 (Simulation time: 01 hr 53 min 56 sec)
Heartbeat CPU 4 instructions: 30000004 cycles: 38832488 heartbeat IPC: 0.3723 cumulative IPC: 0.2095 (Simulation time: 01 hr 53 min 56 sec)
Heartbeat CPU 6 instructions: 30000004 cycles: 38855036 heartbeat IPC: 0.372 cumulative IPC: 0.2093 (Simulation time: 01 hr 53 min 59 sec)
Heartbeat CPU 0 instructions: 30000004 cycles: 38856537 heartbeat IPC: 0.3719 cumulative IPC: 0.2093 (Simulation time: 01 hr 53 min 59 sec)
Heartbeat CPU 5 instructions: 30000004 cycles: 38915882 heartbeat IPC: 0.3711 cumulative IPC: 0.2088 (Simulation time: 01 hr 54 min 05 sec)
Heartbeat CPU 7 instructions: 30000004 cycles: 38994466 heartbeat IPC: 0.37 cumulative IPC: 0.2081 (Simulation time: 01 hr 54 min 13 sec)
num evicts: 11800000, p: 1631307, s: 0 	 max proactive lookup: 15, max shadow lookup: 16
	evict counters: 255 255 255 255 255 255 255 255 255 254 255 255 255 254 192 6
	eager counters: 255 255 255 255 255 255 255 255 255 255 255 255 255 255 255 191
num evicts: 11900000, p: 1643808, s: 0 	 max proactive lookup: 15, max shadow lookup: 16
	evict counters: 255 255 255 255 255 255 255 255 255 255 255 255 255 255 188 2
	eager counters: 255 255 255 255 255 255 255 255 255 255 255 255 255 255 255 191
num evicts: 12000000, p: 1655950, s: 0 	 max proactive lookup: 15, max shadow lookup: 16
	evict counters: 255 255 255 255 255 255 255 255 255 255 254 254 255 255 195 6
	eager counters: 255 255 255 255 255 255 255 255 255 255 255 255 255 255 255 192
num evicts: 12100000, p: 1668151, s: 0 	 max proactive lookup: 15, max shadow lookup: 16
	evict counters: 255 255 255 255 255 255 255 255 255 255 255 255 253 255 193 16
	eager counters: 255 255 255 255 255 255 255 255 255 255 255 255 255 255 255 194
num evicts: 12200000, p: 1677945, s: 0 	 max proactive lookup: 15, max shadow lookup: 16
	evict counters: 255 255 255 255 255 255 255 255 255 255 255 255 254 254 193 20
	eager counters: 255 255 255 255 255 255 255 255 255 255 255 255 255 255 255 196
num evicts: 12300000, p: 1687739, s: 0 	 max proactive lookup: 15, max shadow lookup: 16
	evict counters: 255 255 255 255 255 255 255 255 255 255 254 254 253 252 199 22
	eager counters: 255 255 255 255 255 255 255 255 255 255 255 255 255 255 255 197
num evicts: 12400000, p: 1698151, s: 0 	 max proactive lookup: 15, max shadow lookup: 16
	evict counters: 255 255 255 255 255 255 255 255 255 255 255 255 254 255 196 24
	eager counters: 255 255 255 255 255 255 255 255 255 255 255 255 255 255 255 197
num evicts: 12500000, p: 1708344, s: 0 	 max proactive lookup: 15, max shadow lookup: 16
	evict counters: 255 255 255 255 255 255 255 255 255 255 254 255 255 254 202 16
	eager counters: 255 255 255 255 255 255 255 255 255 255 255 255 255 255 255 197
num evicts: 12600000, p: 1718478, s: 0 	 max proactive lookup: 15, max shadow lookup: 16
	evict counters: 255 255 255 255 255 255 255 255 255 255 255 255 254 252 206 16
	eager counters: 255 255 255 255 255 255 255 255 255 255 255 255 255 255 255 197
num evicts: 12700000, p: 1729954, s: 0 	 max proactive lookup: 15, max shadow lookup: 16
	evict counters: 255 255 255 255 255 255 255 255 255 255 254 250 254 255 208 19
	eager counters: 255 255 255 255 255 255 255 255 255 255 255 255 255 255 255 199
num evicts: 12800000, p: 1741916, s: 0 	 max proactive lookup: 15, max shadow lookup: 16
	evict counters: 255 255 255 255 255 255 255 255 255 253 255 253 255 254 214 20
	eager counters: 255 255 255 255 255 255 255 255 255 255 255 255 255 255 255 200
num evicts: 12900000, p: 1753764, s: 0 	 max proactive lookup: 15, max shadow lookup: 16
	evict counters: 255 255 255 255 255 255 255 255 255 255 255 255 255 255 219 7
	eager counters: 255 255 255 255 255 255 255 255 255 255 255 255 255 255 255 200
num evicts: 13000000, p: 1766178, s: 0 	 max proactive lookup: 15, max shadow lookup: 16
	evict counters: 255 255 255 255 255 255 255 255 255 255 255 255 255 254 220 2
	eager counters: 255 255 255 255 255 255 255 255 255 255 255 255 255 255 255 200
num evicts: 13100000, p: 1778915, s: 0 	 max proactive lookup: 15, max shadow lookup: 16
	evict counters: 255 255 255 255 255 255 255 255 255 255 255 253 253 255 216 4
	eager counters: 255 255 255 255 255 255 255 255 255 255 255 255 255 255 255 202
num evicts: 13200000, p: 1791785, s: 0 	 max proactive lookup: 15, max shadow lookup: 16
	evict counters: 255 255 255 255 255 255 255 255 255 255 254 253 252 251 219 1
	eager counters: 255 255 255 255 255 255 255 255 255 255 255 255 255 255 255 203
num evicts: 13300000, p: 1805498, s: 0 	 max proactive lookup: 15, max shadow lookup: 16
	evict counters: 255 255 255 255 255 255 255 255 255 255 255 254 255 250 229 4
	eager counters: 255 255 255 255 255 255 255 255 255 255 255 255 255 255 255 203
num evicts: 13400000, p: 1819461, s: 0 	 max proactive lookup: 15, max shadow lookup: 16
	evict counters: 255 255 255 255 255 255 255 255 255 255 254 255 255 252 222 3
	eager counters: 255 255 255 255 255 255 255 255 255 255 255 255 255 255 255 203
num evicts: 13500000, p: 1833620, s: 0 	 max proactive lookup: 15, max shadow lookup: 16
	evict counters: 255 255 255 255 255 255 255 255 255 254 255 255 255 255 220 3
	eager counters: 255 255 255 255 255 255 255 255 255 255 255 255 255 255 255 203
num evicts: 13600000, p: 1846955, s: 0 	 max proactive lookup: 15, max shadow lookup: 16
	evict counters: 255 255 255 255 255 255 255 255 255 255 255 255 254 254 225 0
	eager counters: 255 255 255 255 255 255 255 255 255 255 255 255 255 255 255 203
num evicts: 13700000, p: 1859106, s: 0 	 max proactive lookup: 15, max shadow lookup: 16
	evict counters: 255 255 255 255 255 255 255 255 255 255 255 255 255 249 230 0
	eager counters: 255 255 255 255 255 255 255 255 255 255 255 255 255 255 255 203
num evicts: 13800000, p: 1868566, s: 0 	 max proactive lookup: 15, max shadow lookup: 16
	evict counters: 255 255 255 255 255 255 255 255 255 255 254 255 254 248 232 0
	eager counters: 255 255 255 255 255 255 255 255 255 255 255 255 255 255 255 203
num evicts: 13900000, p: 1878277, s: 0 	 max proactive lookup: 15, max shadow lookup: 16
	evict counters: 255 255 255 255 255 255 255 255 255 255 255 255 255 246 236 6
	eager counters: 255 255 255 255 255 255 255 255 255 255 255 255 255 255 255 203
num evicts: 14000000, p: 1888576, s: 0 	 max proactive lookup: 15, max shadow lookup: 16
	evict counters: 255 255 255 255 255 255 255 255 255 255 255 255 254 239 237 5
	eager counters: 255 255 255 255 255 255 255 255