[VMEM] WARNING: physical memory size is smaller than virtual memory size.

*** ChampSim Multicore Out-of-Order Simulator ***
Warmup Instructions: 25000000
Simulation Instructions: 25000000
Number of CPUs: 8
Page size: 2097152

initializing BARD -- num sampled sets: 64, modulus = 256
CL :	 16.64 ns
CWL :	 15.808 ns
tRP :	 16.224 ns
tRCD :	 16.224 ns
tRAS :	 32.032000000000004 ns
tRTP :	 7.904 ns
tWR :	 30.368000000000002 ns

tCCD_S :	 3.3280000000000003 ns
tCCD_S_WR :	 3.3280000000000003 ns
tCCD_S_WTR :	 22.048000000000002 ns
tCCD_L :	 5.408 ns
tCCD_L_WR :	 20.384 ns
tCCD_L_WTR :	 29.536 ns
tRRD_S :	 3.3280000000000003 ns
tRRD_L :	 5.408 ns
tFAW :	 13.728 ns
Address mapping (perm = 1) 	ch co bg bg bg ba ba co co co co co co ro ro ro ro ro ro ro ro ro ro ro ro ro ro ro 
dram queue size: R = 64 W = 48 (low:high is 9:39)
num evicts: 0, p: 0, s: 0 	 max proactive lookup: 16, max shadow lookup: 16
	evict counters: 128 128 128 128 128 128 128 128 128 128 128 128 128 128 128 128
	eager counters: 128 128 128 128 128 128 128 128 128 128 128 128 128 128 128 128
num evicts: 100000, p: 6745, s: 0 	 max proactive lookup: 11, max shadow lookup: 16
	evict counters: 147 144 149 147 144 140 134 134 129 130 128 127 130 131 122 127
	eager counters: 137 135 138 139 141 137 131 134 129 131 128 128 131 132 128 129
num evicts: 200000, p: 14041, s: 0 	 max proactive lookup: 10, max shadow lookup: 16
	evict counters: 174 173 176 163 156 153 145 142 140 133 127 126 123 125 116 114
	eager counters: 152 153 154 147 147 145 141 141 140 137 130 130 132 132 129 129
num evicts: 300000, p: 25724, s: 0 	 max proactive lookup: 14, max shadow lookup: 16
	evict counters: 202 195 195 181 179 166 164 158 153 140 135 132 128 128 110 110
	eager counters: 168 160 161 160 158 151 149 151 147 138 135 137 135 136 130 129
num evicts: 400000, p: 37379, s: 0 	 max proactive lookup: 13, max shadow lookup: 16
	evict counters: 222 223 213 198 200 185 181 171 165 157 146 140 128 126 111 117
	eager counters: 178 175 172 166 167 159 157 154 153 148 143 144 135 137 130 129
num evicts: 500000, p: 50401, s: 0 	 max proactive lookup: 12, max shadow lookup: 16
	evict counters: 246 249 239 225 216 208 200 189 179 165 152 150 124 133 108 113
	eager counters: 190 182 186 181 174 171 170 166 158 152 146 150 137 139 132 129
num evicts: 600000, p: 64742, s: 0 	 max proactive lookup: 14, max shadow lookup: 16
	evict counters: 255 255 255 240 234 230 219 201 190 178 160 160 130 134 106 114
	eager counters: 204 192 198 187 182 181 179 173 166 159 151 152 138 141 133 130
num evicts: 700000, p: 78751, s: 0 	 max proactive lookup: 14, max shadow lookup: 16
	evict counters: 255 255 255 252 249 248 239 211 206 192 168 170 130 139 107 119
	eager counters: 213 207 213 194 196 191 189 179 173 166 156 157 139 146 134 131
num evicts: 800000, p: 93240, s: 0 	 max proactive lookup: 14, max shadow lookup: 16
	evict counters: 255 255 255 255 255 255 255 231 215 212 180 178 133 138 106 126
	eager counters: 225 217 223 200 206 199 198 190 177 171 163 161 141 148 134 132
num evicts: 900000, p: 108082, s: 0 	 max proactive lookup: 14, max shadow lookup: 16
	evict counters: 255 255 255 255 255 255 255 253 227 223 189 195 139 138 110 119
	eager counters: 238 228 238 203 218 205 206 201 183 176 169 168 144 151 138 132
num evicts: 1000000, p: 123055, s: 0 	 max proactive lookup: 14, max shadow lookup: 16
	evict counters: 255 255 255 255 255 255 255 255 241 230 198 207 143 137 110 118
	eager counters: 254 241 248 209 226 222 215 208 192 180 173 169 146 153 138 132
num evicts: 1100000, p: 137821, s: 0 	 max proactive lookup: 14, max shadow lookup: 16
	evict counters: 255 255 255 255 255 255 255 255 255 250 204 213 153 143 110 117
	eager counters: 255 248 255 218 238 232 225 214 200 188 176 172 149 158 138 132
num evicts: 1200000, p: 152713, s: 0 	 max proactive lookup: 14, max shadow lookup: 16
	evict counters: 255 255 255 255 255 255 255 255 255 255 219 219 164 151 117 18
	eager counters: 255 255 255 230 251 237 231 221 209 195 184 173 152 160 139 132
num evicts: 1300000, p: 169262, s: 0 	 max proactive lookup: 14, max shadow lookup: 16
	evict counters: 255 255 255 255 255 255 255 255 255 255 228 231 168 156 118 22
	eager counters: 255 255 255 241 255 247 240 224 214 201 191 177 154 160 140 133
num evicts: 1400000, p: 185904, s: 0 	 max proactive lookup: 14, max shadow lookup: 16
	evict counters: 255 255 255 255 255 255 255 255 255 255 236 240 170 158 121 19
	eager counters: 255 255 255 250 255 255 252 227 220 207 195 177 157 161 145 133
num evicts: 1500000, p: 202380, s: 0 	 max proactive lookup: 14, max shadow lookup: 16
	evict counters: 255 255 255 255 255 255 255 255 255 253 250 244 178 167 125 21
	eager counters: 255 255 255 255 255 255 255 234 233 209 201 179 160 164 146 133
num evicts: 1600000, p: 216354, s: 0 	 max proactive lookup: 15, max shadow lookup: 16
	evict counters: 255 255 255 255 255 255 255 255 255 254 255 247 181 169 136 31
	eager counters: 255 255 255 255 255 255 255 242 241 216 210 180 160 166 148 133
num evicts: 1700000, p: 230257, s: 0 	 max proactive lookup: 15, max shadow lookup: 16
	evict counters: 255 255 255 255 255 255 255 255 255 255 255 251 183 176 145 31
	eager counters: 255 255 255 255 255 255 255 247 245 219 216 186 165 167 150 133
num evicts: 1800000, p: 242984, s: 0 	 max proactive lookup: 15, max shadow lookup: 16
	evict counters: 255 255 255 255 255 255 255 255 255 255 255 255 187 178 147 24
	eager counters: 255 255 255 255 255 255 255 249 249 221 224 188 168 168 150 133
num evicts: 1900000, p: 255270, s: 0 	 max proactive lookup: 15, max shadow lookup: 16
	evict counters: 255 255 255 255 255 255 255 255 255 255 255 255 191 178 150 19
	eager counters: 255 255 255 255 255 255 255 255 255 229 229 190 169 168 151 133
num evicts: 2000000, p: 267526, s: 0 	 max proactive lookup: 15, max shadow lookup: 16
	evict counters: 255 255 255 255 255 255 255 255 255 255 255 254 202 184 157 21
	eager counters: 255 255 255 255 255 255 255 255 255 234 234 195 170 171 154 133
num evicts: 2100000, p: 282137, s: 0 	 max proactive lookup: 15, max shadow lookup: 16
	evict counters: 255 255 255 255 255 255 255 255 255 255 255 254 205 185 157 24
	eager counters: 255 255 255 255 255 255 255 255 255 242 236 197 173 175 155 134
num evicts: 2200000, p: 297731, s: 0 	 max proactive lookup: 15, max shadow lookup: 16
	evict counters: 255 255 255 255 255 255 255 255 255 255 254 255 205 190 167 28
	eager counters: 255 255 255 255 255 255 255 255 255 248 241 200 174 176 157 135
num evicts: 2300000, p: 312724, s: 0 	 max proactive lookup: 15, max shadow lookup: 16
	evict counters: 255 255 255 255 255 255 255 255 255 255 255 255 214 192 161 35
	eager counters: 255 255 255 255 255 255 255 255 255 255 247 203 174 177 157 135
num evicts: 2400000, p: 327969, s: 0 	 max proactive lookup: 15, max shadow lookup: 16
	evict counters: 255 255 255 255 255 255 255 255 255 255 255 255 227 195 160 39
	eager counters: 255 255 255 255 255 255 255 255 255 255 250 205 177 181 158 135
num evicts: 2500000, p: 343128, s: 0 	 max proactive lookup: 15, max shadow lookup: 16
	evict counters: 255 255 255 255 255 255 255 255 255 255 255 254 234 196 166 43
	eager counters: 255 255 255 255 255 255 255 255 255 255 251 209 180 181 159 135
num evicts: 2600000, p: 356510, s: 0 	 max proactive lookup: 15, max shadow lookup: 16
	evict counters: 255 255 255 255 255 255 255 255 255 255 255 255 241 196 170 46
	eager counters: 255 255 255 255 255 255 255 255 255 255 255 215 182 182 159 137
num evicts: 2700000, p: 368062, s: 0 	 max proactive lookup: 15, max shadow lookup: 16
	evict counters: 255 255 255 255 255 255 255 255 255 255 255 254 249 196 169 40
	eager counters: 255 255 255 255 255 255 255 255 255 255 255 218 184 184 159 138
num evicts: 2800000, p: 379778, s: 0 	 max proactive lookup: 15, max shadow lookup: 16
	evict counters: 255 255 255 255 255 255 255 255 255 255 255 254 253 203 171 41
	eager counters: 255 255 255 255 255 255 255 255 255 255 255 219 190 189 160 139
num evicts: 2900000, p: 391299, s: 0 	 max proactive lookup: 15, max shadow lookup: 16
	evict counters: 255 255 255 255 255 255 255 255 255 255 255 255 255 206 164 49
	eager counters: 255 255 255 255 255 255 255 255 255 255 255 224 196 189 160 139
num evicts: 3000000, p: 402966, s: 0 	 max proactive lookup: 15, max shadow lookup: 16
	evict counters: 255 255 255 255 255 255 255 255 255 255 252 255 255 206 161 51
	eager counters: 255 255 255 255 255 255 255 255 255 255 255 227 202 191 160 139
Heartbeat CPU 0 instructions: 10000002 cycles: 4966966 heartbeat IPC: 2.013 cumulative IPC: 2.013 (Simulation time: 00 hr 21 min 57 sec)
Heartbeat CPU 1 instructions: 10000002 cycles: 4968431 heartbeat IPC: 2.013 cumulative IPC: 2.013 (Simulation time: 00 hr 21 min 57 sec)
Heartbeat CPU 2 instructions: 10000002 cycles: 4969047 heartbeat IPC: 2.012 cumulative IPC: 2.012 (Simulation time: 00 hr 21 min 57 sec)
Heartbeat CPU 3 instructions: 10000002 cycles: 4969304 heartbeat IPC: 2.012 cumulative IPC: 2.012 (Simulation time: 00 hr 21 min 57 sec)
Heartbeat CPU 4 instructions: 10000002 cycles: 4969522 heartbeat IPC: 2.012 cumulative IPC: 2.012 (Simulation time: 00 hr 21 min 57 sec)
Heartbeat CPU 5 instructions: 10000002 cycles: 4969683 heartbeat IPC: 2.012 cumulative IPC: 2.012 (Simulation time: 00 hr 21 min 57 sec)
Heartbeat CPU 6 instructions: 10000002 cycles: 4969763 heartbeat IPC: 2.012 cumulative IPC: 2.012 (Simulation time: 00 hr 21 min 57 sec)
Heartbeat CPU 7 instructions: 10000002 cycles: 4969821 heartbeat IPC: 2.012 cumulative IPC: 2.012 (Simulation time: 00 hr 21 min 57 sec)
num evicts: 3100000, p: 415854, s: 0 	 max proactive lookup: 15, max shadow lookup: 16
	evict counters: 255 255 255 255 255 255 255 255 255 254 254 255 254 212 168 45
	eager counters: 255 255 255 255 255 255 255 255 255 255 255 229 206 196 163 139
num evicts: 3200000, p: 432550, s: 0 	 max proactive lookup: 15, max shadow lookup: 16
	evict counters: 255 255 255 255 255 255 255 255 255 255 255 253 255 219 171 40
	eager counters: 255 255 255 255 255 255 255 255 255 255 255 234 212 197 166 139
num evicts: 3300000, p: 448903, s: 0 	 max proactive lookup: 15, max shadow lookup: 16
	evict counters: 255 255 255 255 255 255 255 255 255 255 255 255 253 224 171 45
	eager counters: 255 255 255 255 255 255 255 255 255 255 255 237 215 202 166 139
num evicts: 3400000, p: 464871, s: 0 	 max proactive lookup: 15, max shadow lookup: 16
	evict counters: 255 255 255 255 255 255 255 255 255 255 255 255 255 224 170 47
	eager counters: 255 255 255 255 255 255 255 255 255 255 255 240 219 205 167 139
num evicts: 3500000, p: 481375, s: 0 	 max proactive lookup: 15, max shadow lookup: 16
	evict counters: 255 255 255 255 255 255 255 255 255 255 255 255 254 226 174 45
	eager counters: 255 255 255 255 255 255 255 255 255 255 255 242 224 210 168 139
num evicts: 3600000, p: 497913, s: 0 	 max proactive lookup: 15, max shadow lookup: 16
	evict counters: 255 255 255 255 255 255 255 255 255 255 255 255 255 233 175 45
	eager counters: 255 255 255 255 255 255 255 255 255 255 255 249 225 212 168 139
num evicts: 3700000, p: 511705, s: 0 	 max proactive lookup: 15, max shadow lookup: 16
	evict counters: 255 255 255 255 255 255 255 255 255 255 255 255 254 237 177 53
	eager counters: 255 255 255 255 255 255 255 255 255 255 255 254 226 214 169 139
num evicts: 3800000, p: 525469, s: 0 	 max proactive lookup: 15, max shadow lookup: 16
	evict counters: 255 255 255 255 255 255 255 255 255 255 255 253 255 245 178 51
	eager counters: 255 255 255 255 255 255 255 255 255 255 255 255 228 220 170 139
num evicts: 3900000, p: 538904, s: 0 	 max proactive lookup: 15, max shadow lookup: 16
	evict counters: 255 255 255 255 255 255 255 255 255 255 254 254 251 247 181 23
	eager counters: 255 255 255 255 255 255 255 255 255 255 255 255 230 222 173 140
num evicts: 4000000, p: 552059, s: 0 	 max proactive lookup: 15, max shadow lookup: 16
	evict counters: 255 255 255 255 255 255 255 255 255 254 255 254 254 248 187 27
	eager counters: 255 255 255 255 255 255 255 255 255 255 255 255 233 224 176 141
num evicts: 4100000, p: 565284, s: 0 	 max proactive lookup: 15, max shadow lookup: 16
	evict counters: 255 255 255 255 255 255 255 255 255 255 255 255 255 254 195 26
	eager counters: 255 255 255 255 255 255 255 255 255 255 255 255 236 227 178 141
num evicts: 4200000, p: 581515, s: 0 	 max proactive lookup: 15, max shadow lookup: 16
	evict counters: 255 255 255 255 255 255 255 255 255 255 255 255 255 252 192 24
	eager counters: 255 255 255 255 255 255 255 255 255 255 255 255 240 227 179 142
num evicts: 4300000, p: 598656, s: 0 	 max proactive lookup: 15, max shadow lookup: 16
	evict counters: 255 255 255 255 255 255 255 255 255 255 254 255 255 249 197 22
	eager counters: 255 255 255 255 255 255 255 255 255 255 255 255 245 227 181 143
num evicts: 4400000, p: 615512, s: 0 	 max proactive lookup: 15, max shadow lookup: 16
	evict counters: 255 255 255 255 255 255 255 255 255 255 255 255 255 254 198 12
	eager counters: 255 255 255 255 255 255 255 255 255 255 255 255 250 228 183 144
num evicts: 4500000, p: 632368, s: 0 	 max proactive lookup: 15, max shadow lookup: 16
	evict counters: 255 255 255 255 255 255 255 255 255 255 251 252 255 253 196 12
	eager counters: 255 255 255 255 255 255 255 255 255 255 255 255 255 230 183 144
num evicts: 4600000, p: 649417, s: 0 	 max proactive lookup: 15, max shadow lookup: 16
	evict counters: 255 255 255 255 255 255 255 255 255 255 255 254 255 255 201 7
	eager counters: 255 255 255 255 255 255 255 255 255 255 255 255 255 231 184 144
num evicts: 4700000, p: 664772, s: 0 	 max proactive lookup: 15, max shadow lookup: 16
	evict counters: 255 255 255 255 255 255 255 255 255 255 255 255 254 255 208 0
	eager counters: 255 255 255 255 255 255 255 255 255 255 255 255 255 235 185 145
num evicts: 4800000, p: 678545, s: 0 	 max proactive lookup: 15, max shadow lookup: 16
	evict counters: 255 255 255 255 255 255 255 255 255 255 254 255 255 253 211 2
	eager counters: 255 255 255 255 255 255 255 255 255 255 255 255 255 236 187 145
num evicts: 4900000, p: 692090, s: 0 	 max proactive lookup: 15, max shadow lookup: 16
	evict counters: 255 255 255 255 255 255 255 255 255 255 253 255 255 255 214 1
	eager counters: 255 255 255 255 255 255 255 255 255 255 255 255 255 237 187 146
num evicts: 5000000, p: 705164, s: 0 	 max proactive lookup: 15, max shadow lookup: 16
	evict counters: 255 255 255 255 255 255 255 255 255 255 255 255 255 253 213 7
	eager counters: 255 255 255 255 255 255 255 255 255 255 255 255 255 239 189 147
num evicts: 5100000, p: 718398, s: 0 	 max proactive lookup: 15, max shadow lookup: 16
	evict counters: 255 255 255 255 255 255 255 255 255 255 255 255 253 255 218 5
	eager counters: 255 255 255 255 255 255 255 255 255 255 255 255 255 244 190 149
num evicts: 5200000, p: 731100, s: 0 	 max proactive lookup: 15, max shadow lookup: 16
	evict counters: 255 255 255 255 255 255 255 255 255 255 254 254 255 253 220 6
	eager counters: 255 255 255 255 255 255 255 255 255 255 255 255 255 246 191 150
num evicts: 5300000, p: 742772, s: 0 	 max proactive lookup: 15, max shadow lookup: 16
	evict counters: 255 255 255 255 255 255 255 255 255 254 254 254 255 255 218 3
	eager counters: 255 255 255 255 255 255 255 255 255 255 255 255 255 250 192 150
num evicts: 5400000, p: 754339, s: 0 	 max proactive lookup: 15, max shadow lookup: 16
	evict counters: 255 255 255 255 255 255 255 255 255 255 255 254 255 253 225 5
	eager counters: 255 255 255 255 255 255 255 255 255 255 255 255 255 252 197 152
num evicts: 5500000, p: 766730, s: 0 	 max proactive lookup: 15, max shadow lookup: 16
	evict counters: 255 255 255 255 255 255 255 255 255 255 253 254 251 253 228 1
	eager counters: 255 255 255 255 255 255 255 255 255 255 255 255 255 255 198 153
num evicts: 5600000, p: 779160, s: 0 	 max proactive lookup: 15, max shadow lookup: 16
	evict counters: 255 255 255 255 255 255 255 255 255 255 253 255 255 254 227 6
	eager counters: 255 255 255 255 255 255 255 255 255 255 255 255 255 255 198 153
num evicts: 5700000, p: 791797, s: 0 	 max proactive lookup: 15, max shadow lookup: 16
	evict counters: 255 255 255 255 255 255 255 255 255 255 255 254 252 255 233 7
	eager counters: 255 255 255 255 255 255 255 255 255 255 255 255 255 255 201 153
num evicts: 5800000, p: 806414, s: 0 	 max proactive lookup: 15, max shadow lookup: 16
	evict counters: 255 255 255 255 255 255 255 255 255 255 255 255 253 254 235 1
	eager counters: 255 255 255 255 255 255 255 255 255 255 255 255 255 255 201 153
num evicts: 5900000, p: 821057, s: 0 	 max proactive lookup: 15, max shadow lookup: 16
	evict counters: 255 255 255 255 255 255 255 255 255 255 255 255 255 255 237 0
	eager counters: 255 255 255 255 255 255 255 255 255 255 255 255 255 255 202 153
num evicts: 6000000, p: 834821, s: 0 	 max proactive lookup: 15, max shadow lookup: 16
	evict counters: 255 255 255 255 255 255 255 255 255 255 251 252 255 254 240 2
	eager counters: 255 255 255 255 255 255 255 255 255 255 255 255 255 255 203 155
num evicts: 6100000, p: 848578, s: 0 	 max proactive lookup: 15, max shadow lookup: 16
	evict counters: 255 255 255 255 255 255 255 255 255 255 255 255 253 254 244 4
	eager counters: 255 255 255 255 255 255 255 255 255 255 255 255 255 255 204 157
num evicts: 6200000, p: 862482, s: 0 	 max proactive lookup: 15, max shadow lookup: 16
	evict counters: 255 255 255 255 255 255 255 255 255 254 255 255 255 252 244 6
	eager counters: 255 255 255 255 255 255 255 255 255 255 255 255 255 255 204 157
num evicts: 6300000, p: 873036, s: 0 	 max proactive lookup: 15, max shadow lookup: 16
	evict counters: 255 255 255 255 255 255 255 255 255 255 255 255 255 251 248 11
	eager counters: 255 255 255 255 255 255 255 255 255 255 255 255 255 255 204 157
num evicts: 6400000, p: 882860, s: 0 	 max proactive lookup: 15, max shadow lookup: 16
	evict counters: 255 255 255 255 255 255 255 255 255 255 254 254 255 253 251 9
	eager counters: 255 255 255 255 255 255 255 255 255 255 255 255 255 255 204 157
Heartbeat CPU 0 instructions: 20000006 cycles: 9966297 heartbeat IPC: 2 cumulative IPC: 2.007 (Simulation time: 00 hr 43 min 56 sec)
Heartbeat CPU 1 instructions: 20000006 cycles: 9968506 heartbeat IPC: 2 cumulative IPC: 2.006 (Simulation time: 00 hr 43 min 57 sec)
Heartbeat CPU 2 instructions: 20000006 cycles: 9969075 heartbeat IPC: 2 cumulative IPC: 2.006 (Simulation time: 00 hr 43 min 57 sec)
Heartbeat CPU 3 instructions: 20000006 cycles: 9969333 heartbeat IPC: 2 cumulative IPC: 2.006 (Simulation time: 00 hr 43 min 57 sec)
Heartbeat CPU 4 instructions: 20000006 cycles: 9969613 heartbeat IPC: 2 cumulative IPC: 2.006 (Simulation time: 00 hr 43 min 57 sec)
Heartbeat CPU 5 instructions: 20000006 cycles: 9969831 heartbeat IPC: 2 cumulative IPC: 2.006 (Simulation time: 00 hr 43 min 57 sec)
Heartbeat CPU 6 instructions: 20000006 cycles: 9970014 heartbeat IPC: 2 cumulative IPC: 2.006 (Simulation time: 00 hr 43 min 57 sec)
Heartbeat CPU 7 instructions: 20000006 cycles: 9970216 heartbeat IPC: 2 cumulative IPC: 2.006 (Simulation time: 00 hr 43 min 57 sec)
num evicts: 6500000, p: 892593, s: 0 	 max proactive lookup: 15, max shadow lookup: 16
	evict counters: 255 255 255 255 255 255 255 255 255 255 255 255 255 252 246 7
	eager counters: 255 255 255 255 255 255 255 255 255 255 255 255 255 255 205 157
num evicts: 6600000, p: 902491, s: 0 	 max proactive lookup: 15, max shadow lookup: 16
	evict counters: 255 255 255 255 255 255 255 255 255 255 255 255 255 255 249 1
	eager counters: 255 255 255 255 255 255 255 255 255 255 255 255 255 255 206 157
num evicts: 6700000, p: 912488, s: 0 	 max proactive lookup: 15, max shadow lookup: 16
	evict counters: 255 255 255 255 255 255 255 255 255 255 255 255 255 253 250 1
	eager counters: 255 255 255 255 255 255 255 255 255 255 255 255 255 255 206 157
num evicts: 6800000, p: 922240, s: 0 	 max proactive lookup: 15, max shadow lookup: 16
	evict counters: 255 255 255 255 255 255 255 255 255 255 255 254 255 255 251 6
	eager counters: 255 255 255 255 255 255 255 255 255 255 255 255 255 255 208 157
num evicts: 6900000, p: 931675, s: 0 	 max proactive lookup: 15, max shadow lookup: 16
	evict counters: 255 255 255 255 255 255 255 255 255 255 255 255 255 255 252 7
	eager counters: 255 255 255 255 255 255 255 255 255 255 255 255 255 255 208 158
num evicts: 7000000, p: 941195, s: 0 	 max proactive lookup: 15, max shadow lookup: 16
	evict counters: 255 255 255 255 255 255 255 255 255 255 255 255 253 255 255 6
	eager counters: 255 255 255 255 255 255 255 255 255 255 255 255 255 255 209 158
num evicts: 7100000, p: 951906, s: 0 	 max proactive lookup: 15, max shadow lookup: 16
	evict counters: 255 255 255 255 255 255 255 255 255 255 255 253 255 255 250 2
	eager counters: 255 255 255 255 255 255 255 255 255 255 255 255 255 255 210 160
num evicts: 7200000, p: 962637, s: 0 	 max proactive lookup: 15, max shadow lookup: 16
	evict counters: 255 255 255 255 255 255 255 255 255 255 255 255 253 255 246 0
	eager counters: 255 255 255 255 255 255 255 255 255 255 255 255 255 255 211 160
num evicts: 7300000, p: 973864, s: 0 	 max proactive lookup: 15, max shadow lookup: 16
	evict counters: 255 255 255 255 255 255 255 255 255 255 255 253 254 255 255 7
	eager counters: 255 255 255 255 255 255 255 255 255 255 255 255 255 255 211 160
num evicts: 7400000, p: 986975, s: 0 	 max proactive lookup: 15, max shadow lookup: 16
	evict counters: 255 255 255 255 255 255 255 255 255 254 255 255 255 253 255 8
	eager counters: 255 255 255 255 255 255 255 255 255 255 255 255 255 255 212 160
num evicts: 7500000, p: 999780, s: 0 	 max proactive lookup: 15, max shadow lookup: 16
	evict counters: 255 255 255 255 255 255 255 255 255 255 255 255 255 255 255 12
	eager counters: 255 255 255 255 255 255 255 255 255 255 255 255 255 255 213 160
num evicts: 7600000, p: 1012254, s: 0 	 max proactive lookup: 15, max shadow lookup: 16
	evict counters: 255 255 255 255 255 255 255 255 255 255 255 253 253 255 254 6
	eager counters: 255 255 255 255 255 255 255 255 255 255 255 255 255 255 213 160
num evicts: 7700000, p: 1024795, s: 0 	 max proactive lookup: 15, max shadow lookup: 16
	evict counters: 255 255 255 255 255 255 255 255 255 255 255 255 255 253 253 8
	eager counters: 255 255 255 255 255 255 255 255 255 255 255 255 255 255 216 161
num evicts: 7800000, p: 1037148, s: 0 	 max proactive lookup: 15, max shadow lookup: 16
	evict counters: 255 255 255 255 255 255 255 255 255 255 254 255 255 255 252 10
	eager counters: 255 255 255 255 255 255 255 255 255 255 255 255 255 255 218 161
num evicts: 7900000, p: 1047311, s: 0 	 max proactive lookup: 15, max shadow lookup: 16
	evict counters: 255 255 255 255 255 255 255 255 255 255 254 255 251 253 255 17
	eager counters: 255 255 255 255 255 255 255 255 255 255 255 255 255 255 219 161
num evicts: 8000000, p: 1057423, s: 0 	 max proactive lookup: 15, max shadow lookup: 16
	evict counters: 255 255 255 255 255 255 255 255 255 255 254 255 253 254 253 16
	eager counters: 255 255 255 255 255 255 255 255 255 255 255 255 255 255 219 162
Warmup finished CPU 0 instructions: 25000002 cycles: 12466126 cumulative IPC: 2.005 (Simulation time: 00 hr 54 min 59 sec)
Warmup finished CPU 1 instructions: 25000002 cycles: 12468542 cumulative IPC: 2.005 (Simulation time: 00 hr 55 min 00 sec)
Warmup finished CPU 2 instructions: 25000002 cycles: 12469128 cumulative IPC: 2.005 (Simulation time: 00 hr 55 min 00 sec)
Warmup finished CPU 3 instructions: 25000002 cycles: 12469369 cumulative IPC: 2.005 (Simulation time: 00 hr 55 min 00 sec)
Warmup finished CPU 4 instructions: 25000002 cycles: 12469602 cumulative IPC: 2.005 (Simulation time: 00 hr 55 min 00 sec)
Warmup finished CPU 5 instructions: 25000002 cycles: 12469963 cumulative IPC: 2.005 (Simulation time: 00 hr 55 min 00 sec)
Warmup finished CPU 6 instructions: 25000002 cycles: 12470122 cumulative IPC: 2.005 (Simulation time: 00 hr 55 min 00 sec)
Warmup finished CPU 7 instructions: 25000002 cycles: 12470341 cumulative IPC: 2.005 (Simulation time: 00 hr 55 min 00 sec)
Warmup complete CPU 7 instructions: 25000002 cycles: 12470341 cumulative IPC: 2.005 (Simulation time: 00 hr 55 min 00 sec)
Warmup complete CPU 6 instructions: 25000449 cycles: 12470341 cumulative IPC: 2.005 (Simulation time: 00 hr 55 min 00 sec)
Warmup complete CPU 5 instructions: 25000765 cycles: 12470341 cumulative IPC: 2.005 (Simulation time: 00 hr 55 min 00 sec)
Warmup complete CPU 4 instructions: 25001485 cycles: 12470341 cumulative IPC: 2.005 (Simulation time: 00 hr 55 min 00 sec)
Warmup complete CPU 3 instructions: 25001965 cycles: 12470341 cumulative IPC: 2.005 (Simulation time: 00 hr 55 min 00 sec)
Warmup complete CPU 2 instructions: 25002445 cycles: 12470341 cumulative IPC: 2.005 (Simulation time: 00 hr 55 min 00 sec)
Warmup complete CPU 1 instructions: 25003597 cycles: 12470341 cumulative IPC: 2.005 (Simulation time: 00 hr 55 min 00 sec)
Warmup complete CPU 0 instructions: 25008445 cycles: 12470341 cumulative IPC: 2.005 (Simulation time: 00 hr 55 min 00 sec)
num evicts: 8100000, p: 1067615, s: 0 	 max proactive lookup: 15, max shadow lookup: 16
	evict counters: 255 255 255 255 255 255 255 255 255 255 255 255 254 254 255 10
	eager counters: 255 255 255 255 255 255 255 255 255 255 255 255 255 255 219 163
num evicts: 8200000, p: 1077200, s: 0 	 max proactive lookup: 15, max shadow lookup: 16
	evict counters: 255 255 255 255 255 255 255 255 255 255 255 255 255 254 255 11
	eager counters: 255 255 255 255 255 255 255 255 255 255 255 255 255 255 222 164
num evicts: 8300000, p: 1086348, s: 0 	 max proactive lookup: 15, max shadow lookup: 16
	evict counters: 255 255 255 255 255 255 255 255 255 255 255 255 252 254 250 16
	eager counters: 255 255 255 255 255 255 255 255 255 255 255 255 255 255 223 166
num evicts: 8400000, p: 1098689, s: 0 	 max proactive lookup: 15, max shadow lookup: 16
	evict counters: 255 255 255 255 255 255 255 255 255 255 255 254 250 255 253 18
	eager counters: 255 255 255 255 255 255 255 255 255 255 255 255 255 255 223 167
num evicts: 8500000, p: 1112158, s: 0 	 max proactive lookup: 15, max shadow lookup: 16
	evict counters: 255 255 255 255 255 255 255 255 255 255 254 255 255 255 255 16
	eager counters: 255 255 255 255 255 255 255 255 255 255 255 255 255 255 227 168
num evicts: 8600000, p: 1126006, s: 0 	 max proactive lookup: 15, max shadow lookup: 16
	evict counters: 255 255 255 255 255 255 255 255 255 255 255 255 255 252 249 4
	eager counters: 255 255 255 255 255 255 255 255 255 255 255 255 255 255 227 170
num evicts: 8700000, p: 1139621, s: 0 	 max proactive lookup: 15, max shadow lookup: 16
	evict counters: 255 255 255 255 255 255 255 255 255 255 254 255 251 255 249 3
	eager counters: 255 255 255 255 255 255 255 255 255 255 255 255 255 255 228 170
num evicts: 8800000, p: 1152835, s: 0 	 max proactive lookup: 15, max shadow lookup: 16
	evict counters: 255 255 255 255 255 255 255 255 255 255 255 255 255 255 253 7
	eager counters: 255 255 255 255 255 255 255 255 255 255 255 255 255 255 228 171
num evicts: 8900000, p: 1165355, s: 0 	 max proactive lookup: 15, max shadow lookup: 16
	evict counters: 255 255 255 255 255 255 255 255 255 255 255 255 255 254 255 3
	eager counters: 255 255 255 255 255 255 255 255 255 255 255 255 255 255 228 171
num evicts: 9000000, p: 1176902, s: 0 	 max proactive lookup: 15, max shadow lookup: 16
	evict counters: 255 255 255 255 255 255 255 255 255 255 255 253 254 255 251 12
	eager counters: 255 255 255 255 255 255 255 255 255 255 255 255 255 255 228 171
num evicts: 9100000, p: 1188388, s: 0 	 max proactive lookup: 15, max shadow lookup: 16
	evict counters: 255 255 255 255 255 255 255 255 255 255 255 255 254 255 248 15
	eager counters: 255 255 255 255 255 255 255 255 255 255 255 255 255 255 231 172
num evicts: 9200000, p: 1198441, s: 0 	 max proactive lookup: 15, max shadow lookup: 16
	evict counters: 255 255 255 255 255 255 255 255 255 255 255 255 253 255 249 10
	eager counters: 255 255 255 255 255 255 255 255 255 255 255 255 255 255 232 173
num evicts: 9300000, p: 1208281, s: 0 	 max proactive lookup: 15, max shadow lookup: 16
	evict counters: 255 255 255 255 255 255 255 255 255 255 255 255 252 254 251 7
	eager counters: 255 255 255 255 255 255 255 255 255 255 255 255 255 255 233 174
num evicts: 9400000, p: 1219407, s: 0 	 max proactive lookup: 15, max shadow lookup: 16
	evict counters: 255 255 255 255 255 255 255 255 255 254 255 255 253 254 254 8
	eager counters: 255 255 255 255 255 255 255 255 255 255 255 255 255 255 233 175
num evicts: 9500000, p: 1233011, s: 0 	 max proactive lookup: 15, max shadow lookup: 16
	evict counters: 255 255 255 255 255 255 255 255 255 255 255 254 255 253 254 8
	eager counters: 255 255 255 255 255 255 255 255 255 255 255 255 255 255 234 175
num evicts: 9600000, p: 1246329, s: 0 	 max proactive lookup: 15, max shadow lookup: 16
	evict counters: 255 255 255 255 255 255 255 255 255 255 255 254 255 255 254 4
	eager counters: 255 255 255 255 255 255 255 255 255 255 255 255 255 255 236 175
num evicts: 9700000, p: 1259595, s: 0 	 max proactive lookup: 15, max shadow lookup: 16
	evict counters: 255 255 255 255 255 255 255 255 255 255 255 253 255 255 254 6
	eager counters: 255 255 255 255 255 255 255 255 255 255 255 255 255 255 239 176
Heartbeat CPU 1 instructions: 30000006 cycles: 33186072 heartbeat IPC: 0.4307 cumulative IPC: 0.2412 (Simulation time: 01 hr 32 min 13 sec)
Heartbeat CPU 3 instructions: 30000006 cycles: 33251337 heartbeat IPC: 0.4295 cumulative IPC: 0.2405 (Simulation time: 01 hr 32 min 20 sec)
Heartbeat CPU 4 instructions: 30000006 cycles: 33254612 heartbeat IPC: 0.4295 cumulative IPC: 0.2405 (Simulation time: 01 hr 32 min 21 sec)
Heartbeat CPU 2 instructions: 30000006 cycles: 33279190 heartbeat IPC: 0.429 cumulative IPC: 0.2402 (Simulation time: 01 hr 32 min 23 sec)
Heartbeat CPU 7 instructions: 30000006 cycles: 33283131 heartbeat IPC: 0.4289 cumulative IPC: 0.2402 (Simulation time: 01 hr 32 min 24 sec)
Heartbeat CPU 5 instructions: 30000006 cycles: 33316784 heartbeat IPC: 0.4283 cumulative IPC: 0.2398 (Simulation time: 01 hr 32 min 28 sec)
Heartbeat CPU 6 instructions: 30000006 cycles: 33331887 heartbeat IPC: 0.428 cumulative IPC: 0.2397 (Simulation time: 01 hr 32 min 29 sec)
Heartbeat CPU 0 instructions: 30000006 cycles: 33382062 heartbeat IPC: 0.4271 cumulative IPC: 0.2387 (Simulation time: 01 hr 32 min 35 sec)
num evicts: 9800000, p: 1273273, s: 0 	 max proactive lookup: 15, max shadow lookup: 16
	evict counters: 255 255 255 255 255 255 255 255 255 254 255 254 253 255 253 9
	eager counters: 255 255 255 255 255 255 255 255 255 255 255 255 255 255 241 178
num evicts: 9900000, p: 1286776, s: 0 	 max proactive lookup: 15, max shadow lookup: 16
	evict counters: 255 255 255 255 255 255 255 255 255 255 254 254 255 252 255 9
	eager counters: 255 255 255 255 255 255 255 255 255 255 255 255 255 255 243 178
num evicts: 10000000, p: 1300749, s: 0 	 max proactive lookup: 15, max shadow lookup: 16
	evict counters: 255 255 255 255 255 255 255 255 255 255 254 255 254 253 255 8
	eager counters: 255 255 255 255 255 255 255 255 255 255 255 255 255 255 244 178
num evicts: 10100000, p: 1314702, s: 0 	 max proactive lookup: 15, max shadow lookup: 16
	evict counters: 255 255 255 255 255 255 255 255 255 255 255 255 255 251 251 10
	eager counters: 255 255 255 255 255 255 255 255 255 255 255 255 255 255 245 178
num evicts: 10200000, p: 1328819, s: 0 	 max proactive lookup: 15, max shadow lookup: 16
	evict counters: 255 255 255 255 255 255 255 255 255 255 255 253 254 251 254 8
	eager counters: 255 255 255 255 255 255 255 255 255 255 255 255 255 255 247 178
num evicts: 10300000, p: 1343282, s: 0 	 max proactive lookup: 15, max shadow lookup: 16
	evict counters: 255 255 255 255 255 255 255 255 255 255 255 255 252 252 254 6
	eager counters: 255 255 255 255 255 255 255 255 255 255 255 255 255 255 250 178
num evicts: 10400000, p: 1357655, s: 0 	 max proactive lookup: 15, max shadow lookup: 16
	evict counters: 255 255 255 255 255 255 255 255 255 255 255 254 254 253 250 6
	eager counters: 255 255 255 255 255 255 255 255 255 255 255 255 255 255 252 179
num evicts: 10500000, p: 1371360, s: 0 	 max proactive lookup: 15, max shadow lookup: 16
	evict counters: 255 255 255 255 255 255 255 255 255 255 255 255 255 254 249 5
	eager counters: 255 255 255 255 255 255 255 255 255 255 255 255 255 255 253 179
num evicts: 10600000, p: 1384788, s: 0 	 max proactive lookup: 15, max shadow lookup: 16
	evict counters: 255 255 255 255 255 255 255 255 255 255 255 255 253 255 253 5
	eager counters: 255 255 255 255 255 255 255 255 255 255 255 255 255 255 253 179
num evicts: 10700000, p: 1398559, s: 0 	 max proactive lookup: 15, max shadow lookup: 16
	evict counters: 255 255 255 255 255 255 255 255 255 255 254 255 254 254 253 0
	eager counters