[VMEM] WARNING: physical memory size is smaller than virtual memory size.

*** ChampSim Multicore Out-of-Order Simulator ***
Warmup Instructions: 25000000
Simulation Instructions: 25000000
Number of CPUs: 8
Page size: 2097152

initializing BARD -- num sampled sets: 64, modulus = 256
CL :	 16.64 ns
CWL :	 15.808 ns
tRP :	 16.224 ns
tRCD :	 16.224 ns
tRAS :	 32.032000000000004 ns
tRTP :	 7.904 ns
tWR :	 30.368000000000002 ns

tCCD_S :	 3.3280000000000003 ns
tCCD_S_WR :	 3.3280000000000003 ns
tCCD_S_WTR :	 22.048000000000002 ns
tCCD_L :	 5.408 ns
tCCD_L_WR :	 20.384 ns
tCCD_L_WTR :	 29.536 ns
tRRD_S :	 3.3280000000000003 ns
tRRD_L :	 5.408 ns
tFAW :	 13.728 ns
Address mapping (perm = 1) 	ch co bg bg bg ba ba co co co co co co ro ro ro ro ro ro ro ro ro ro ro ro ro ro ro 
dram queue size: R = 64 W = 48 (low:high is 9:39)
num evicts: 0, p: 0, s: 0 	 max proactive lookup: 16, max shadow lookup: 16
	evict counters: 128 128 128 128 128 128 128 128 128 128 128 128 128 128 128 128
	eager counters: 128 128 128 128 128 128 128 128 128 128 128 128 128 128 128 128
num evicts: 100000, p: 2658, s: 0 	 max proactive lookup: 10, max shadow lookup: 16
	evict counters: 147 151 146 137 138 134 132 129 128 128 127 125 124 117 119 119
	eager counters: 131 133 129 129 129 128 128 128 128 128 128 128 128 128 128 128
num evicts: 200000, p: 10793, s: 0 	 max proactive lookup: 12, max shadow lookup: 16
	evict counters: 175 182 171 158 157 148 146 144 137 132 133 132 126 110 113 113
	eager counters: 141 145 139 135 133 135 132 133 129 131 129 133 128 128 128 128
num evicts: 300000, p: 19991, s: 0 	 max proactive lookup: 13, max shadow lookup: 16
	evict counters: 201 204 193 178 179 166 170 155 151 146 139 139 128 107 121 115
	eager counters: 145 155 149 140 138 139 141 136 137 137 131 134 129 128 130 131
num evicts: 400000, p: 29356, s: 0 	 max proactive lookup: 13, max shadow lookup: 16
	evict counters: 241 228 217 198 199 176 187 175 164 160 145 144 136 114 123 117
	eager counters: 157 160 154 150 145 141 146 143 143 139 135 137 130 131 131 131
num evicts: 500000, p: 38281, s: 0 	 max proactive lookup: 13, max shadow lookup: 16
	evict counters: 255 255 238 218 220 197 208 193 177 171 163 151 144 125 119 121
	eager counters: 163 170 163 160 152 147 153 147 147 143 141 138 131 132 131 132
num evicts: 600000, p: 48057, s: 0 	 max proactive lookup: 14, max shadow lookup: 16
	evict counters: 255 255 255 239 242 217 226 207 183 180 183 153 154 128 122 123
	eager counters: 173 174 169 168 159 155 161 152 150 144 147 138 131 132 131 132
num evicts: 700000, p: 57893, s: 0 	 max proactive lookup: 15, max shadow lookup: 16
	evict counters: 255 255 255 255 255 235 234 223 202 194 190 169 159 131 129 121
	eager counters: 178 179 176 173 170 160 163 156 157 148 150 140 131 133 131 132
num evicts: 800000, p: 67770, s: 0 	 max proactive lookup: 16, max shadow lookup: 16
	evict counters: 255 255 255 255 255 255 246 235 220 201 202 179 164 129 131 133
	eager counters: 183 186 185 179 174 167 167 162 165 152 151 142 134 133 132 132
num evicts: 900000, p: 78630, s: 0 	 max proactive lookup: 16, max shadow lookup: 16
	evict counters: 255 255 255 255 255 255 255 253 232 218 212 189 173 134 133 138
	eager counters: 191 197 193 183 181 175 170 167 171 157 154 148 137 133 132 133
num evicts: 1000000, p: 89684, s: 0 	 max proactive lookup: 16, max shadow lookup: 16
	evict counters: 255 255 255 255 255 255 255 255 248 232 222 196 187 146 135 133
	eager counters: 200 208 200 192 185 181 176 171 173 159 161 149 142 134 134 133
num evicts: 1100000, p: 100279, s: 0 	 max proactive lookup: 16, max shadow lookup: 16
	evict counters: 255 255 255 255 255 255 255 255 255 240 229 204 196 160 138 132
	eager counters: 207 215 212 196 191 190 182 176 179 160 162 153 143 135 135 133
num evicts: 1200000, p: 110974, s: 0 	 max proactive lookup: 16, max shadow lookup: 16
	evict counters: 255 255 255 255 255 255 255 255 255 250 236 208 204 173 144 133
	eager counters: 214 224 221 200 199 195 187 179 185 163 165 156 145 136 135 133
num evicts: 1300000, p: 121349, s: 0 	 max proactive lookup: 16, max shadow lookup: 16
	evict counters: 255 255 255 255 255 255 255 255 255 255 244 213 211 177 153 144
	eager counters: 222 229 230 205 207 198 190 187 192 164 168 158 146 137 136 134
num evicts: 1400000, p: 130964, s: 0 	 max proactive lookup: 16, max shadow lookup: 16
	evict counters: 255 255 255 255 255 255 255 255 255 255 255 229 213 182 166 146
	eager counters: 232 237 239 212 212 199 191 192 195 169 169 163 148 139 137 135
num evicts: 1500000, p: 140479, s: 0 	 max proactive lookup: 16, max shadow lookup: 16
	evict counters: 255 255 255 255 255 255 255 255 255 255 255 240 220 183 164 153
	eager counters: 237 249 247 221 215 203 197 194 199 172 173 167 148 139 138 136
num evicts: 1600000, p: 150069, s: 0 	 max proactive lookup: 16, max shadow lookup: 16
	evict counters: 255 255 255 255 255 255 255 255 255 255 254 255 220 191 171 160
	eager counters: 248 255 253 227 221 205 202 199 207 177 177 168 148 140 138 136
num evicts: 1700000, p: 161413, s: 0 	 max proactive lookup: 16, max shadow lookup: 16
	evict counters: 255 255 255 255 255 255 255 255 255 255 252 255 225 199 180 163
	eager counters: 255 255 255 236 226 211 206 204 209 180 178 172 151 141 138 136
num evicts: 1800000, p: 172490, s: 0 	 max proactive lookup: 16, max shadow lookup: 16
	evict counters: 255 255 255 255 255 255 255 255 255 255 255 254 231 205 187 173
	eager counters: 255 255 255 244 235 214 210 212 216 184 179 175 152 142 139 136
num evicts: 1900000, p: 183498, s: 0 	 max proactive lookup: 16, max shadow lookup: 16
	evict counters: 255 255 255 255 255 255 255 255 255 255 255 255 238 211 191 171
	eager counters: 255 255 255 251 244 219 213 218 225 188 181 179 153 144 140 137
num evicts: 2000000, p: 194574, s: 0 	 max proactive lookup: 16, max shadow lookup: 16
	evict counters: 255 255 255 255 255 255 255 255 255 255 255 255 241 214 196 177
	eager counters: 255 255 255 255 253 226 217 221 225 193 185 184 154 147 140 138
num evicts: 2100000, p: 204862, s: 0 	 max proactive lookup: 16, max shadow lookup: 16
	evict counters: 255 255 255 255 255 255 255 255 255 255 255 255 246 213 197 179
	eager counters: 255 255 255 255 255 230 223 226 231 198 190 185 158 148 140 140
num evicts: 2200000, p: 214218, s: 0 	 max proactive lookup: 16, max shadow lookup: 16
	evict counters: 255 255 255 255 255 255 255 255 255 255 255 255 255 225 202 184
	eager counters: 255 255 255 255 255 234 232 231 241 203 192 188 158 148 140 140
num evicts: 2300000, p: 223543, s: 0 	 max proactive lookup: 16, max shadow lookup: 16
	evict counters: 255 255 255 255 255 255 255 255 255 255 255 255 255 233 205 184
	eager counters: 255 255 255 255 255 245 236 235 248 210 195 192 163 148 141 140
num evicts: 2400000, p: 232890, s: 0 	 max proactive lookup: 16, max shadow lookup: 16
	evict counters: 255 255 255 255 255 255 255 255 255 255 255 255 255 248 204 189
	eager counters: 255 255 255 255 255 251 242 242 255 212 198 195 166 150 143 141
num evicts: 2500000, p: 242885, s: 0 	 max proactive lookup: 16, max shadow lookup: 16
	evict counters: 255 255 255 255 255 255 255 255 255 255 255 254 253 252 211 194
	eager counters: 255 255 255 255 255 255 253 246 255 216 200 196 168 150 144 141
num evicts: 2600000, p: 253174, s: 0 	 max proactive lookup: 16, max shadow lookup: 16
	evict counters: 255 255 255 255 255 255 255 255 255 255 255 255 255 254 211 198
	eager counters: 255 255 255 255 255 255 255 251 255 219 203 200 171 150 145 141
num evicts: 2700000, p: 263332, s: 0 	 max proactive lookup: 16, max shadow lookup: 16
	evict counters: 255 255 255 255 255 255 255 255 255 255 255 254 255 254 214 197
	eager counters: 255 255 255 255 255 255 255 255 255 223 204 202 172 152 146 141
num evicts: 2800000, p: 273682, s: 0 	 max proactive lookup: 16, max shadow lookup: 16
	evict counters: 255 255 255 255 255 255 255 255 255 254 255 255 255 254 219 202
	eager counters: 255 255 255 255 255 255 255 255 255 226 211 203 174 154 146 141
num evicts: 2900000, p: 282873, s: 0 	 max proactive lookup: 16, max shadow lookup: 16
	evict counters: 255 255 255 255 255 255 255 255 255 255 255 254 255 255 226 206
	eager counters: 255 255 255 255 255 255 255 255 255 235 215 205 175 155 146 143
num evicts: 3000000, p: 291159, s: 0 	 max proactive lookup: 16, max shadow lookup: 16
	evict counters: 255 255 255 255 255 255 255 255 255 255 255 254 255 252 231 209
	eager counters: 255 255 255 255 255 255 255 255 255 242 218 207 177 157 146 144
num evicts: 3100000, p: 299400, s: 0 	 max proactive lookup: 16, max shadow lookup: 16
	evict counters: 255 255 255 255 255 255 255 255 255 255 255 254 255 252 237 210
	eager counters: 255 255 255 255 255 255 255 255 255 245 219 209 178 157 148 144
num evicts: 3200000, p: 307554, s: 0 	 max proactive lookup: 16, max shadow lookup: 16
	evict counters: 255 255 255 255 255 255 255 255 255 255 255 254 254 254 236 212
	eager counters: 255 255 255 255 255 255 255 255 255 252 222 212 180 158 148 144
num evicts: 3300000, p: 315463, s: 0 	 max proactive lookup: 16, max shadow lookup: 16
	evict counters: 255 255 255 255 255 255 255 255 255 255 255 255 255 255 246 216
	eager counters: 255 255 255 255 255 255 255 255 255 255 224 214 184 160 150 144
num evicts: 3400000, p: 323458, s: 0 	 max proactive lookup: 15, max shadow lookup: 16
	evict counters: 255 255 255 255 255 255 255 255 255 255 255 255 254 253 250 43
	eager counters: 255 255 255 255 255 255 255 255 255 255 227 215 185 161 152 144
num evicts: 3500000, p: 331583, s: 0 	 max proactive lookup: 15, max shadow lookup: 16
	evict counters: 255 255 255 255 255 255 255 255 255 255 255 255 255 254 254 37
	eager counters: 255 255 255 255 255 255 255 255 255 255 231 218 188 162 152 144
num evicts: 3600000, p: 339653, s: 0 	 max proactive lookup: 15, max shadow lookup: 16
	evict counters: 255 255 255 255 255 255 255 255 255 255 254 255 255 255 255 39
	eager counters: 255 255 255 255 255 255 255 255 255 255 234 218 193 163 152 145
num evicts: 3700000, p: 349613, s: 0 	 max proactive lookup: 15, max shadow lookup: 16
	evict counters: 255 255 255 255 255 255 255 255 255 255 254 253 254 255 254 42
	eager counters: 255 255 255 255 255 255 255 255 255 255 242 219 195 165 152 146
num evicts: 3800000, p: 360391, s: 0 	 max proactive lookup: 15, max shadow lookup: 16
	evict counters: 255 255 255 255 255 255 255 255 255 255 255 255 255 255 255 52
	eager counters: 255 255 255 255 255 255 255 255 255 255 244 220 202 168 152 146
num evicts: 3900000, p: 371114, s: 0 	 max proactive lookup: 15, max shadow lookup: 16
	evict counters: 255 255 255 255 255 255 255 255 255 255 255 255 255 254 255 50
	eager counters: 255 255 255 255 255 255 255 255 255 255 248 221 205 170 152 146
num evicts: 4000000, p: 381807, s: 0 	 max proactive lookup: 15, max shadow lookup: 16
	evict counters: 255 255 255 255 255 255 255 255 255 255 255 252 255 251 254 40
	eager counters: 255 255 255 255 255 255 255 255 255 255 253 221 205 170 153 146
Heartbeat CPU 0 instructions: 10000002 cycles: 5695215 heartbeat IPC: 1.756 cumulative IPC: 1.756 (Simulation time: 00 hr 26 min 36 sec)
Heartbeat CPU 1 instructions: 10000002 cycles: 5697025 heartbeat IPC: 1.755 cumulative IPC: 1.755 (Simulation time: 00 hr 26 min 37 sec)
Heartbeat CPU 2 instructions: 10000002 cycles: 5697402 heartbeat IPC: 1.755 cumulative IPC: 1.755 (Simulation time: 00 hr 26 min 37 sec)
Heartbeat CPU 3 instructions: 10000002 cycles: 5697603 heartbeat IPC: 1.755 cumulative IPC: 1.755 (Simulation time: 00 hr 26 min 37 sec)
Heartbeat CPU 4 instructions: 10000002 cycles: 5697820 heartbeat IPC: 1.755 cumulative IPC: 1.755 (Simulation time: 00 hr 26 min 37 sec)
Heartbeat CPU 5 instructions: 10000002 cycles: 5698116 heartbeat IPC: 1.755 cumulative IPC: 1.755 (Simulation time: 00 hr 26 min 37 sec)
Heartbeat CPU 6 instructions: 10000002 cycles: 5698317 heartbeat IPC: 1.755 cumulative IPC: 1.755 (Simulation time: 00 hr 26 min 37 sec)
Heartbeat CPU 7 instructions: 10000002 cycles: 5698510 heartbeat IPC: 1.755 cumulative IPC: 1.755 (Simulation time: 00 hr 26 min 37 sec)
num evicts: 4100000, p: 392275, s: 0 	 max proactive lookup: 15, max shadow lookup: 16
	evict counters: 255 255 255 255 255 255 255 255 255 255 255 255 255 255 254 0
	eager counters: 255 255 255 255 255 255 255 255 255 255 255 221 207 172 155 147
num evicts: 4200000, p: 402884, s: 0 	 max proactive lookup: 15, max shadow lookup: 16
	evict counters: 255 255 255 255 255 255 255 255 255 254 255 255 254 253 255 12
	eager counters: 255 255 255 255 255 255 255 255 255 255 255 221 208 174 155 148
num evicts: 4300000, p: 413487, s: 0 	 max proactive lookup: 15, max shadow lookup: 16
	evict counters: 255 255 255 255 255 255 255 255 255 255 255 255 254 254 253 12
	eager counters: 255 255 255 255 255 255 255 255 255 255 255 223 211 176 155 148
num evicts: 4400000, p: 424053, s: 0 	 max proactive lookup: 15, max shadow lookup: 16
	evict counters: 255 255 255 255 255 255 255 255 255 255 255 255 255 254 255 19
	eager counters: 255 255 255 255 255 255 255 255 255 255 255 225 213 178 157 148
num evicts: 4500000, p: 433553, s: 0 	 max proactive lookup: 15, max shadow lookup: 16
	evict counters: 255 255 255 255 255 255 255 255 255 255 255 255 253 255 255 20
	eager counters: 255 255 255 255 255 255 255 255 255 255 255 227 216 179 158 148
num evicts: 4600000, p: 442787, s: 0 	 max proactive lookup: 15, max shadow lookup: 16
	evict counters: 255 255 255 255 255 255 255 255 255 255 255 255 254 255 254 19
	eager counters: 255 255 255 255 255 255 255 255 255 255 255 228 218 182 160 148
num evicts: 4700000, p: 452072, s: 0 	 max proactive lookup: 15, max shadow lookup: 16
	evict counters: 255 255 255 255 255 255 255 255 255 255 255 255 251 255 252 18
	eager counters: 255 255 255 255 255 255 255 255 255 255 255 228 219 184 160 148
num evicts: 4800000, p: 461464, s: 0 	 max proactive lookup: 15, max shadow lookup: 16
	evict counters: 255 255 255 255 255 255 255 255 255 255 255 255 255 254 255 18
	eager counters: 255 255 255 255 255 255 255 255 255 255 255 229 222 184 162 148
num evicts: 4900000, p: 470827, s: 0 	 max proactive lookup: 15, max shadow lookup: 16
	evict counters: 255 255 255 255 255 255 255 255 255 255 255 255 254 255 252 28
	eager counters: 255 255 255 255 255 255 255 255 255 255 255 232 223 187 163 148
num evicts: 5000000, p: 480226, s: 0 	 max proactive lookup: 15, max shadow lookup: 16
	evict counters: 255 255 255 255 255 255 255 255 255 255 254 254 255 255 255 29
	eager counters: 255 255 255 255 255 255 255 255 255 255 255 235 227 189 163 148
num evicts: 5100000, p: 489548, s: 0 	 max proactive lookup: 15, max shadow lookup: 16
	evict counters: 255 255 255 255 255 255 255 255 255 255 255 255 255 255 253 35
	eager counters: 255 255 255 255 255 255 255 255 255 255 255 240 227 190 163 148
num evicts: 5200000, p: 498749, s: 0 	 max proactive lookup: 15, max shadow lookup: 16
	evict counters: 255 255 255 255 255 255 255 255 255 255 254 254 255 255 253 38
	eager counters: 255 255 255 255 255 255 255 255 255 255 255 243 227 191 165 148
num evicts: 5300000, p: 507351, s: 0 	 max proactive lookup: 15, max shadow lookup: 16
	evict counters: 255 255 255 255 255 255 255 255 255 255 255 255 254 253 255 44
	eager counters: 255 255 255 255 255 255 255 255 255 255 255 245 232 193 165 148
num evicts: 5400000, p: 516103, s: 0 	 max proactive lookup: 15, max shadow lookup: 16
	evict counters: 255 255 255 255 255 255 255 255 255 255 255 255 254 254 253 46
	eager counters: 255 255 255 255 255 255 255 255 255 255 255 249 234 194 167 149
num evicts: 5500000, p: 524775, s: 0 	 max proactive lookup: 15, max shadow lookup: 16
	evict counters: 255 255 255 255 255 255 255 255 255 255 255 254 255 255 249 48
	eager counters: 255 255 255 255 255 255 255 255 255 255 255 252 235 195 168 149
num evicts: 5600000, p: 533285, s: 0 	 max proactive lookup: 15, max shadow lookup: 16
	evict counters: 255 255 255 255 255 255 255 255 255 255 255 255 255 255 251 6
	eager counters: 255 255 255 255 255 255 255 255 255 255 255 255 236 201 168 149
num evicts: 5700000, p: 542499, s: 0 	 max proactive lookup: 15, max shadow lookup: 16
	evict counters: 255 255 255 255 255 255 255 255 255 255 255 255 255 255 253 3
	eager counters: 255 255 255 255 255 255 255 255 255 255 255 255 239 203 168 150
num evicts: 5800000, p: 551461, s: 0 	 max proactive lookup: 15, max shadow lookup: 16
	evict counters: 255 255 255 255 255 255 255 255 255 255 255 255 255 255 254 9
	eager counters: 255 255 255 255 255 255 255 255 255 255 255 255 240 206 170 150
num evicts: 5900000, p: 560303, s: 0 	 max proactive lookup: 15, max shadow lookup: 16
	evict counters: 255 255 255 255 255 255 255 255 255 255 255 255 255 255 254 16
	eager counters: 255 255 255 255 255 255 255 255 255 255 255 255 242 207 170 150
num evicts: 6000000, p: 569291, s: 0 	 max proactive lookup: 15, max shadow lookup: 16
	evict counters: 255 255 255 255 255 255 255 255 255 255 254 255 255 255 250 21
	eager counters: 255 255 255 255 255 255 255 255 255 255 255 255 242 209 170 151
num evicts: 6100000, p: 579397, s: 0 	 max proactive lookup: 15, max shadow lookup: 16
	evict counters: 255 255 255 255 255 255 255 255 255 255 255 254 255 252 248 25
	eager counters: 255 255 255 255 255 255 255 255 255 255 255 255 243 211 170 151
num evicts: 6200000, p: 589303, s: 0 	 max proactive lookup: 15, max shadow lookup: 16
	evict counters: 255 255 255 255 255 255 255 255 255 255 255 255 255 254 248 33
	eager counters: 255 255 255 255 255 255 255 255 255 255 255 255 244 212 171 151
num evicts: 6300000, p: 599379, s: 0 	 max proactive lookup: 15, max shadow lookup: 16
	evict counters: 255 255 255 255 255 255 255 255 255 255 255 255 255 255 255 39
	eager counters: 255 255 255 255 255 255 255 255 255 255 255 255 248 214 173 151
num evicts: 6400000, p: 609552, s: 0 	 max proactive lookup: 15, max shadow lookup: 16
	evict counters: 255 255 255 255 255 255 255 255 255 254 255 255 253 255 191 34
	eager counters: 255 255 255 255 255 255 255 255 255 255 255 255 251 217 173 151
num evicts: 6500000, p: 619711, s: 0 	 max proactive lookup: 14, max shadow lookup: 16
	evict counters: 255 255 255 255 255 255 255 255 255 255 255 255 254 253 33 31
	eager counters: 255 255 255 255 255 255 255 255 255 255 255 255 252 219 173 152
num evicts: 6600000, p: 629910, s: 0 	 max proactive lookup: 14, max shadow lookup: 16
	evict counters: 255 255 255 255 255 255 255 255 255 255 255 255 255 255 43 30
	eager counters: 255 255 255 255 255 255 255 255 255 255 255 255 253 220 175 153
num evicts: 6700000, p: 640135, s: 0 	 max proactive lookup: 14, max shadow lookup: 16
	evict counters: 255 255 255 255 255 255 255 255 255 255 255 255 253 253 46 29
	eager counters: 255 255 255 255 255 255 255 255 255 255 255 255 253 220 176 154
num evicts: 6800000, p: 650214, s: 0 	 max proactive lookup: 14, max shadow lookup: 16
	evict counters: 255 255 255 255 255 255 255 255 255 255 255 255 255 254 49 27
	eager counters: 255 255 255 255 255 255 255 255 255 255 255 255 255 228 176 154
num evicts: 6900000, p: 659870, s: 0 	 max proactive lookup: 14, max shadow lookup: 16
	evict counters: 255 255 255 255 255 255 255 255 255 255 255 255 255 252 55 26
	eager counters: 255 255 255 255 255 255 255 255 255 255 255 255 255 229 177 154
num evicts: 7000000, p: 669477, s: 0 	 max proactive lookup: 14, max shadow lookup: 16
	evict counters: 255 255 255 255 255 255 255 255 255 255 255 255 254 255 56 32
	eager counters: 255 255 255 255 255 255 255 255 255 255 255 255 255 232 177 155
num evicts: 7100000, p: 679256, s: 0 	 max proactive lookup: 14, max shadow lookup: 16
	evict counters: 255 255 255 255 255 255 255 255 255 255 255 254 255 255 57 39
	eager counters: 255 255 255 255 255 255 255 255 255 255 255 255 255 232 178 156
num evicts: 7200000, p: 688862, s: 0 	 max proactive lookup: 14, max shadow lookup: 16
	evict counters: 255 255 255 255 255 255 255 255 255 255 255 254 255 255 61 45
	eager counters: 255 255 255 255 255 255 255 255 255 255 255 255 255 234 179 156
num evicts: 7300000, p: 698653, s: 0 	 max proactive lookup: 14, max shadow lookup: 16
	evict counters: 255 255 255 255 255 255 255 255 255 255 255 255 255 253 61 49
	eager counters: 255 255 255 255 255 255 255 255 255 255 255 255 255 235 180 156
num evicts: 7400000, p: 708451, s: 0 	 max proactive lookup: 14, max shadow lookup: 16
	evict counters: 255 255 255 255 255 255 255 255 255 255 255 255 255 254 70 56
	eager counters: 255 255 255 255 255 255 255 255 255 255 255 255 255 236 182 156
num evicts: 7500000, p: 718209, s: 0 	 max proactive lookup: 14, max shadow lookup: 16
	evict counters: 255 255 255 255 255 255 255 255 255 255 255 253 254 255 70 62
	eager counters: 255 255 255 255 255 255 255 255 255 255 255 255 255 238 182 157
num evicts: 7600000, p: 728249, s: 0 	 max proactive lookup: 14, max shadow lookup: 16
	evict counters: 255 255 255 255 255 255 255 255 255 255 255 255 254 255 72 65
	eager counters: 255 255 255 255 255 255 255 255 255 255 255 255 255 238 184 158
num evicts: 7700000, p: 738651, s: 0 	 max proactive lookup: 14, max shadow lookup: 16
	evict counters: 255 255 255 255 255 255 255 255 255 255 255 255 255 255 78 67
	eager counters: 255 255 255 255 255 255 255 255 255 255 255 255 255 240 185 158
num evicts: 7800000, p: 748912, s: 0 	 max proactive lookup: 14, max shadow lookup: 16
	evict counters: 255 255 255 255 255 255 255 255 255 255 255 255 255 255 79 73
	eager counters: 255 255 255 255 255 255 255 255 255 255 255 255 255 240 186 159
num evicts: 7900000, p: 759303, s: 0 	 max proactive lookup: 14, max shadow lookup: 16
	evict counters: 255 255 255 255 255 255 255 255 255 255 255 255 254 254 81 75
	eager counters: 255 255 255 255 255 255 255 255 255 255 255 255 255 241 187 159
num evicts: 8000000, p: 769802, s: 0 	 max proactive lookup: 14, max shadow lookup: 16
	evict counters: 255 255 255 255 255 255 255 255 255 255 255 255 251 255 82 12
	eager counters: 255 255 255 255 255 255 255 255 255 255 255 255 255 242 187 161
num evicts: 8100000, p: 780491, s: 0 	 max proactive lookup: 14, max shadow lookup: 16
	evict counters: 255 255 255 255 255 255 255 255 255 255 255 255 255 255 81 3
	eager counters: 255 255 255 255 255 255 255 255 255 255 255 255 255 244 187 163
num evicts: 8200000, p: 791208, s: 0 	 max proactive lookup: 14, max shadow lookup: 16
	evict counters: 255 255 255 255 255 255 255 255 255 255 255 255 255 255 82 9
	eager counters: 255 255 255 255 255 255 255 255 255 255 255 255 255 246 188 164
num evicts: 8300000, p: 801923, s: 0 	 max proactive lookup: 14, max shadow lookup: 16
	evict counters: 255 255 255 255 255 255 255 255 255 255 255 254 253 255 83 15
	eager counters: 255 255 255 255 255 255 255 255 255 255 255 255 255 250 189 164
Heartbeat CPU 0 instructions: 20000003 cycles: 11409580 heartbeat IPC: 1.75 cumulative IPC: 1.753 (Simulation time: 00 hr 53 min 07 sec)
Heartbeat CPU 1 instructions: 20000003 cycles: 11411414 heartbeat IPC: 1.75 cumulative IPC: 1.753 (Simulation time: 00 hr 53 min 08 sec)
Heartbeat CPU 2 instructions: 20000003 cycles: 11411935 heartbeat IPC: 1.75 cumulative IPC: 1.753 (Simulation time: 00 hr 53 min 08 sec)
Heartbeat CPU 3 instructions: 20000003 cycles: 11412111 heartbeat IPC: 1.75 cumulative IPC: 1.753 (Simulation time: 00 hr 53 min 08 sec)
Heartbeat CPU 4 instructions: 20000003 cycles: 11412298 heartbeat IPC: 1.75 cumulative IPC: 1.752 (Simulation time: 00 hr 53 min 08 sec)
Heartbeat CPU 5 instructions: 20000003 cycles: 11412474 heartbeat IPC: 1.75 cumulative IPC: 1.752 (Simulation time: 00 hr 53 min 08 sec)
Heartbeat CPU 6 instructions: 20000003 cycles: 11412625 heartbeat IPC: 1.75 cumulative IPC: 1.752 (Simulation time: 00 hr 53 min 08 sec)
Heartbeat CPU 7 instructions: 20000003 cycles: 11412899 heartbeat IPC: 1.75 cumulative IPC: 1.752 (Simulation time: 00 hr 53 min 08 sec)
num evicts: 8400000, p: 810496, s: 0 	 max proactive lookup: 14, max shadow lookup: 16
	evict counters: 255 255 255 255 255 255 255 255 255 255 255 255 255 253 93 11
	eager counters: 255 255 255 255 255 255 255 255 255 255 255 255 255 251 191 164
num evicts: 8500000, p: 816678, s: 0 	 max proactive lookup: 14, max shadow lookup: 16
	evict counters: 255 255 255 255 255 255 255 255 255 255 255 255 255 255 101 14
	eager counters: 255 255 255 255 255 255 255 255 255 255 255 255 255 253 192 164
num evicts: 8600000, p: 822931, s: 0 	 max proactive lookup: 14, max shadow lookup: 16
	evict counters: 255 255 255 255 255 255 255 255 255 255 255 254 255 255 106 22
	eager counters: 255 255 255 255 255 255 255 255 255 255 255 255 255 254 192 165
num evicts: 8700000, p: 829246, s: 0 	 max proactive lookup: 14, max shadow lookup: 16
	evict counters: 255 255 255 255 255 255 255 255 255 254 255 255 255 254 108 7
	eager counters: 255 255 255 255 255 255 255 255 255 255 255 255 255 254 193 166
num evicts: 8800000, p: 836014, s: 0 	 max proactive lookup: 14, max shadow lookup: 16
	evict counters: 255 255 255 255 255 255 255 255 255 255 255 254 255 254 109 7
	eager counters: 255 255 255 255 255 255 255 255 255 255 255 255 255 254 194 166
num evicts: 8900000, p: 842875, s: 0 	 max proactive lookup: 14, max shadow lookup: 16
	evict counters: 255 255 255 255 255 255 255 255 255 255 254 255 254 255 121 3
	eager counters: 255 255 255 255 255 255 255 255 255 255 255 255 255 255 195 166
num evicts: 9000000, p: 849726, s: 0 	 max proactive lookup: 14, max shadow lookup: 16
	evict counters: 255 255 255 255 255 255 255 255 255 255 255 255 253 255 121 11
	eager counters: 255 255 255 255 255 255 255 255 255 255 255 255 255 255 196 166
num evicts: 9100000, p: 856615, s: 0 	 max proactive lookup: 15, max shadow lookup: 16
	evict counters: 255 255 255 255 255 255 255 255 255 255 255 253 255 254 130 17
	eager counters: 255 255 255 255 255 255 255 255 255 255 255 255 255 255 198 166
num evicts: 9200000, p: 863203, s: 0 	 max proactive lookup: 15, max shadow lookup: 16
	evict counters: 255 255 255 255 255 255 255 255 255 255 255 255 251 254 135 23
	eager counters: 255 255 255 255 255 255 255 255 255 255 255 255 255 255 198 166
num evicts: 9300000, p: 869737, s: 0 	 max proactive lookup: 15, max shadow lookup: 16
	evict counters: 255 255 255 255 255 255 255 255 255 255 255 255 252 255 141 26
	eager counters: 255 255 255 255 255 255 255 255 255 255 255 255 255 255 198 166
num evicts: 9400000, p: 876354, s: 0 	 max proactive lookup: 15, max shadow lookup: 16
	evict counters: 255 255 255 255 255 255 255 255 255 255 255 255 253 255 150 28
	eager counters: 255 255 255 255 255 255 255 255 255 255 255 255 255 255 198 166
num evicts: 9500000, p: 883022, s: 0 	 max proactive lookup: 15, max shadow lookup: 16
	evict counters: 255 255 255 255 255 255 255 255 255 255 255 255 253 255 153 29
	eager counters: 255 255 255 255 255 255 255 255 255 255 255 255 255 255 198 166
num evicts: 9600000, p: 889784, s: 0 	 max proactive lookup: 15, max shadow lookup: 16
	evict counters: 255 255 255 255 255 255 255 255 255 255 255 255 255 255 159 34
	eager counters: 255 255 255 255 255 255 255 255 255 255 255 255 255 255 198 167
num evicts: 9700000, p: 896481, s: 0 	 max proactive lookup: 15, max shadow lookup: 16
	evict counters: 255 255 255 255 255 255 255 255 255 255 255 255 255 255 157 19
	eager counters: 255 255 255 255 255 255 255 255 255 255 255 255 255 255 200 167
num evicts: 9800000, p: 903122, s: 0 	 max proactive lookup: 15, max shadow lookup: 16
	evict counters: 255 255 255 255 255 255 255 255 255 255 255 255 255 255 159 21
	eager counters: 255 255 255 255 255 255 255 255 255 255 255 255 255 255 200 167
num evicts: 9900000, p: 909710, s: 0 	 max proactive lookup: 15, max shadow lookup: 16
	evict counters: 255 255 255 255 255 255 255 255 255 255 254 255 253 255 158 25
	eager counters: 255 255 255 255 255 255 255 255 255 255 255 255 255 255 200 168
num evicts: 10000000, p: 918499, s: 0 	 max proactive lookup: 15, max shadow lookup: 16
	evict counters: 255 255 255 255 255 255 255 255 255 255 255 255 255 254 162 31
	eager counters: 255 255 255 255 255 255 255 255 255 255 255 255 255 255 201 169
num evicts: 10100000, p: 927948, s: 0 	 max proactive lookup: 15, max shadow lookup: 16
	evict counters: 255 255 255 255 255 255 255 255 255 254 255 255 254 250 172 38
	eager counters: 255 255 255 255 255 255 255 255 255 255 255 255 255 255 203 170
num evicts: 10200000, p: 937457, s: 0 	 max proactive lookup: 15, max shadow lookup: 16
	evict counters: 255 255 255 255 255 255 255 255 255 255 255 255 253 255 180 42
	eager counters: 255 255 255 255 255 255 255 255 255 255 255 255 255 255 204 171
num evicts: 10300000, p: 946831, s: 0 	 max proactive lookup: 15, max shadow lookup: 16
	evict counters: 255 255 255 255 255 255 255 255 255 255 255 255 255 255 185 24
	eager counters: 255 255 255 255 255 255 255 255 255 255 255 255 255 255 205 171
num evicts: 10400000, p: 956271, s: 0 	 max proactive lookup: 15, max shadow lookup: 16
	evict counters: 255 255 255 255 255 255 255 255 255 255 255 254 255 255 185 3
	eager counters: 255 255 255 255 255 255 255 255 255 255 255 255 255 255 206 173
Warmup finished CPU 0 instructions: 25000004 cycles: 14266552 cumulative IPC: 1.752 (Simulation time: 01 hr 06 min 25 sec)
Warmup finished CPU 1 instructions: 25000004 cycles: 14268666 cumulative IPC: 1.752 (Simulation time: 01 hr 06 min 26 sec)
Warmup finished CPU 2 instructions: 25000004 cycles: 14269171 cumulative IPC: 1.752 (Simulation time: 01 hr 06 min 26 sec)
Warmup finished CPU 3 instructions: 25000004 cycles: 14269349 cumulative IPC: 1.752 (Simulation time: 01 hr 06 min 26 sec)
Warmup finished CPU 4 instructions: 25000004 cycles: 14269533 cumulative IPC: 1.752 (Simulation time: 01 hr 06 min 26 sec)
Warmup finished CPU 5 instructions: 25000004 cycles: 14269767 cumulative IPC: 1.752 (Simulation time: 01 hr 06 min 26 sec)
Warmup finished CPU 6 instructions: 25000004 cycles: 14269943 cumulative IPC: 1.752 (Simulation time: 01 hr 06 min 26 sec)
Warmup finished CPU 7 instructions: 25000004 cycles: 14270111 cumulative IPC: 1.752 (Simulation time: 01 hr 06 min 26 sec)
Warmup complete CPU 7 instructions: 25000004 cycles: 14270111 cumulative IPC: 1.752 (Simulation time: 01 hr 06 min 26 sec)
Warmup complete CPU 6 instructions: 25000314 cycles: 14270111 cumulative IPC: 1.752 (Simulation time: 01 hr 06 min 26 sec)
Warmup complete CPU 5 instructions: 25000595 cycles: 14270111 cumulative IPC: 1.752 (Simulation time: 01 hr 06 min 26 sec)
Warmup complete CPU 4 instructions: 25001022 cycles: 14270111 cumulative IPC: 1.752 (Simulation time: 01 hr 06 min 26 sec)
Warmup complete CPU 3 instructions: 25001323 cycles: 14270111 cumulative IPC: 1.752 (Simulation time: 01 hr 06 min 26 sec)
Warmup complete CPU 2 instructions: 25001658 cycles: 14270111 cumulative IPC: 1.752 (Simulation time: 01 hr 06 min 26 sec)
Warmup complete CPU 1 instructions: 25002544 cycles: 14270111 cumulative IPC: 1.752 (Simulation time: 01 hr 06 min 26 sec)
Warmup complete CPU 0 instructions: 25006250 cycles: 14270111 cumulative IPC: 1.752 (Simulation time: 01 hr 06 min 26 sec)
num evicts: 10500000, p: 965605, s: 0 	 max proactive lookup: 15, max shadow lookup: 16
	evict counters: 255 255 255 255 255 255 255 255 255 255 255 255 253 255 189 3
	eager counters: 255 255 255 255 255 255 255 255 255 255 255 255 255 255 206 173
num evicts: 10600000, p: 974946, s: 0 	 max proactive lookup: 15, max shadow lookup: 16
	evict counters: 255 255 255 255 255 255 255 255 255 255 255 255 253 255 193 1
	eager counters: 255 255 255 255 255 255 255 255 255 255 255 255 255 255 207 173
num evicts: 10700000, p: 984320, s: 0 	 max proactive lookup: 15, max shadow lookup: 16
	evict counters: 255 255 255 255 255 255 255 255 255 255 255 255 255 255 196 8
	eager counters: 255 255 255 255 255 255 255 255 255 255 255 255 255 255 208 173
num evicts: 10800000, p: 993028, s: 0 	 max proactive lookup: 15, max shadow lookup: 16
	evict counters: 255 255 255 255 255 255 255 255 255 255 255 254 255 254 198 11
	eager counters: 255 255 255 255 255 255 255 255 255 255 255 255 255 255 211 174
num evicts: 10900000, p: 1002605, s: 0 	 max proactive lookup: 15, max shadow lookup: 16
	evict counters: 255 255 255 255 255 255 255 255 255 255 255 255 255 255 202 19
	eager counters: 255 255 255 255 255 255 255 255 255 255 255 255 255 255 213 174
num evicts: 11000000, p: 1012132, s: 0 	 max proactive lookup: 15, max shadow lookup: 16
	evict counters: 255 255 255 255 255 255 255 255 255 255 254 255 253 254 207 25
	eager counters: 255 255 255 255 255 255 255 255 255 255 255 255 255 255 214 174
num evicts: 11100000, p: 1021654, s: 0 	 max proactive lookup: 15, max shadow lookup: 16
	evict counters: 255 255 255 255 255 255 255 255 255 255 254 255 255 254 209 28
	eager counters: 255 255 255 255 255 255 255 255 255 255 255 255 255 255 214 174
num evicts: 11200000, p: 1030757, s: 0 	 max proactive lookup: 15, max shadow lookup: 16
	evict counters: 255 255 255 255 255 255 255 255 255 255 255 254 255 255 216 31
	eager counters: 255 255 255 255 255 255 255 255 255 255 255 255 255 255 217 175
num evicts: 11300000, p: 1040261, s: 0 	 max proactive lookup: 15, max shadow lookup: 16
	evict counters: 255 255 255 255 255 255 255 255 255 255 255 255 255 254 223 37
	eager counters: 255 255 255 255 255 255 255 255 255 255 255 255 255 255 219 175
num evicts: 11400000, p: 1049875, s: 0 	 max proactive lookup: 15, max shadow lookup: 16
	evict counters: 255 255 255 255 255 255 255 255 255 255 255 254 255 255 230 41
	eager counters: 255 255 255 255 255 255 255 255 255 255 255 255 255 255 220 177
num evicts: 11500000, p: 1059054, s: 0 	 max proactive lookup: 15, max shadow lookup: 16
	evict counters: 255 255 255 255 255 255 255 255 255 255 255 255 255 253 241 48
	eager counters: 255 255 255 255 255 255 255 255 255 255 255 255 255 255 222 177
num evicts: 11600000, p: 1067770, s: 0 	 max proactive lookup: 15, max shadow lookup: 16
	evict counters: 255 255 255 255 255 255 255 255 255 255 253 255 255 255 255 47
	eager counters: 255 255 255 255 255 255 255 255 255 255 255 255 255 255 224 177
num evicts: 11700000, p: 1076383, s: 0 	 max proactive lookup: 15, max shadow lookup: 16
	evict counters: 255 255 255 255 255 255 255 255 255 255 255 255 253 252 255 54
	eager counters: 255 255 255 255 255 255 255 255 255 255 255 255 255 255 225 177
num evicts: 11800000, p: 1085179, s: 0 	 max proactive lookup: 15, max shadow lookup: 16
	evict counters: 255 255 255 255 255 255 255 255 255 255 255 255 254 255 253 56
	eager counters: 255 255 255 255 255 255 255 255 255 255 255 255 255 255 227 177
num evicts: 11900000, p: 1093670, s: 0 	 max proactive lookup: 15, max shadow lookup: 16
	evict counters: 255 255 255 255 255 255 255 255 255 255 255 255 255 255 254 58
	eager counters: 255 255 255 255 255 255 255 255 255 255 255 255 255 255 227 177
num evicts: 12000000, p: 1102050, s: 0 	 max proactive lookup: 15, max shadow lookup: 16
	evict counters: 255 255 255 255 255 255 255 255 255 255 255 255 255 254 255 61
	eager counters: 255 255 255 255 255 255 255 255 255 255 255 255 255 255 230 177
num evicts: 12100000, p: 1110537, s: 0 	 max proactive lookup: 15, max shadow lookup: 16
	evict counters: 255 255 255 255 255 255 255 255 255 255 252 255 255 255 253 56
	eager counters: 255 255 255 255 255 255 255 255 255 255 255 255 255 255 230 177
num evicts: 12200000, p: 1118970, s: 0 	 max proactive lookup: 15, max shadow lookup: 16
	evict counters: 255 255 255 255 255 255 255 255 255 255 255 255 255 255 252 58
	eager counters: 255 255 255 255 255 255 255 255 255 255 255 255 255 255 230 177
num evicts: 12300000, p: 1127171, s: 0 	 max proactive lookup: 15, max shadow lookup: 16
	evict counters: 255 255 255 255 255 255 255 255 255 255 255 254 253 254 254 63
	eager counters: 255 255 255 255 255 255 255 255 255 255 255 255 255 255 231 177
num evicts: 12400000, p: 1134974, s: 0 	 max proactive lookup: 15, max shadow lookup: 16
	evict counters: 255 255 255 255 255 255 255 255 255 255 255 255 254 252 255 68
	eager counters: 255 255 255 255 255 255 255 255 255 255 255 255 255 255 231 177
num evicts: 12500000, p: 1143745, s: 0 	 max proactive lookup: 15, max shadow lookup: 16
	evict counters: 255 255 255 255 255 255 255 255 255 254 255 255 255 255 255 69
	eager counters: 255 255 255 255 255 255 255 255 255 255 255 255 255 255 233 178
Heartbeat CPU 0 instructions: 30000006 cycles: 38241196 heartbeat IPC: 0.3727 cumulative IPC: 0.2083 (Simulation time: 01 hr 48 min 26 sec)
Heartbeat CPU 7 instructions: 30000006 cycles: 38248055 heartbeat IPC: 0.3726 cumulative IPC: 0.2085 (Simulation time: 01 hr 48 min 27 sec)
Heartbeat CPU 3 instructions: 30000005 cycles: 38285685 heartbeat IPC: 0.3721 cumulative IPC: 0.2081 (Simulation time: 01 hr 48 min 31 sec)
Heartbeat CPU 4 instructions: 30000006 cycles: 38310803 heartbeat IPC: 0.3718 cumulative IPC: 0.2079 (Simulation time: 01 hr 48 min 33 sec)
Heartbeat CPU 1 instructions: 30000006 cycles: 38342708 heartbeat IPC: 0.3713 cumulative IPC: 0.2076 (Simulation time: 01 hr 48 min 37 sec)
Heartbeat CPU 6 instructions: 30000005 cycles: 38348322 heartbeat IPC: 0.3713 cumulative IPC: 0.2076 (Simulation time: 01 hr 48 min 37 sec)
Heartbeat CPU 5 instructions: 30000006 cycles: 38401408 heartbeat IPC: 0.3705 cumulative IPC: 0.2072 (Simulation time: 01 hr 48 min 42 sec)
num evicts: 12600000, p: 1152262, s: 0 	 max proactive lookup: 15, max shadow lookup: 16
	evict counters: 255 255 255 255 255 255 255 255 255 255 255 252 254 255 255 74
	eager counters: 255 255 255 255 255 255 255 255 255 255 255 255 255 255 233 178
Heartbeat CPU 2 instructions: 30000004 cycles: 38635009 heartbeat IPC: 0.3673 cumulative IPC: 0.2051 (Simulation time: 01 hr 49 min 06 sec)
num evicts: 12700000, p: 1160338, s: 0 	 max proactive lookup: 15, max shadow lookup: 16
	evict counters: 255 255 255 255 255 255 255 255 255 255 254 255 253 255 255 14
	eager counters: 255 255 255 255 255 255 255 255 255 255 255 255 255 255 235 178
num evicts: 12800000, p: 1168419, s: 0 	 max proactive lookup: 15, max shadow lookup: 16
	evict counters: 255 255 255 255 255 255 255 255 255 255 254 254 255 255 252 6
	eager counters: 255 255 255 255 255 255 255 255 255 255 255 255 255 255 235 178
num evicts: 12900000, p: 1176755, s: 0 	 max proactive lookup: 15, max shadow lookup: 16
	evict counters: 255 255 255 255 255 255 255 255 255 255 254 255 255 253 255 9
	eager counters: 255 255 255 255 255 255 255 255 255 255 255 255 255 255 236 179
num evicts: 13000000, p: 1184807, s: 0 	 max proactive lookup: 15, max shadow lookup: 16
	evict counters: 255 255 255 255 255 255 255 255 255 254 255 255 254 255 255 8
	eager counters: 255 255 255 255 255 255 255 255 255 255 255 255 255 255 239 179
num evicts: 13100000, p: 1192453, s: 0 	 max proactive lookup: 15, max shadow lookup: 16
	evict counters: 255 255 255 255 255 255 255 255 255 255 255 254 254 255 255 8
	eager counters: 255 255 255 255 255 255 255 255 255 255 255 255 255 255 239 179
num evicts: 13200000, p: 1199302, s: 0 	 max proactive lookup: 15, max shadow lookup: 16
	evict counters: 255 255 255 255 255 255 255 255 255 255 255 255 255 255 255 12
	eager counters: 255 255 255 255 255 255 255 255 255 255 255 255 255 255 239 179
num evicts: 13300000, p: 1206608, s: 0 	 max proactive lookup: 15, max shadow lookup: 16
	evict counters: 255 255 255 255 255 255 255 255 255 255 255 255 254 254 255 16
	eager counters: 255 255 255 255 255 255 255 255 255 255 255 255 255 255 240 179
num evicts: 13400000, p: 1214211, s: 0 	 max proactive lookup: 15, max shadow lookup: 16
	evict counters: 255 255 255 255 255 255 255 255 255 255 254 255 255 255 255 24
	eager counters: 255 255 255 255 255 255 255 255 255 255 255 255 255 255 242 180
num evicts: 13500000, p: 1222056, s: 0 	 max proactive lookup: 15, max shadow lookup: 16
	evict counters: 255 255 255 255 255 255 255 255 255 255 255 255 255 254 253 1
	eager counters: 255 255 255 255 255 255 255 255 255 255 255 255 255 255 243 180
num evicts: 13600000, p: 1230558, s: 0 	 max proactive lookup: 15, max shadow lookup: 16
	evict counters: 255 255 255 255 255 255 255 255 255 255 255 255 254 253 255 1
	eager counters: 255 255 255 255 255 255 255 255 255 255 255 255 255 255 245 180
num evicts: 13700000, p: 1237752, s: 0 	 max proactive lookup: 15, max shadow lookup: 16
	evict counters: 255 255 255 255 255 255 255 255 255 255 255 255 254 255 255 0
	eager counters: 255 255 255 255 255 255 255 255 255 255 255 255 255 255 245 180
num evicts: 13800000, p: 1245262, s: 0 	 max proactive lookup: 15, max shadow lookup: 16
	evict counters: 255 255 255 255 255 255 255 255 255 255 255 255 255 255 255 1
	eager counters: 255 255 255 255 255 255 255 255 255 255 255 255 255 255 247 180
num evicts: 13900000, p: 1253680, s: 0 	 max proactive lookup: 15, max shadow lookup: 16
	evict counters: 255 255 255 255 255 255 255 255 255 255 254 255 255 254 252 6
	eager counters: 255 255 255 255 255 255 255 255 255 255 255 255 255 255 248 180
num evicts: 14000000, p: 1263289, s: 0 	 max proactive lookup: 15, max shadow lookup: 16
	evict cou