[VMEM] WARNING: physical memory size is smaller than virtual memory size.

*** ChampSim Multicore Out-of-Order Simulator ***
Warmup Instructions: 25000000
Simulation Instructions: 100000000
Number of CPUs: 8
Page size: 2097152

CL :	 16.64 ns
CWL :	 15.808 ns
tRP :	 16.224 ns
tRCD :	 16.224 ns
tRAS :	 32.032000000000004 ns
tRTP :	 7.904 ns
tWR :	 30.368000000000002 ns

tCCD_S :	 3.3280000000000003 ns
tCCD_S_WR :	 3.3280000000000003 ns
tCCD_S_WTR :	 22.048000000000002 ns
tCCD_L :	 5.408 ns
tCCD_L_WR :	 20.384 ns
tCCD_L_WTR :	 29.536 ns
tRRD_S :	 3.3280000000000003 ns
tRRD_L :	 5.408 ns
tFAW :	 13.728 ns
Address mapping (perm = 1) 	ch co bg bg bg ba ba co co co co co co ro ro ro ro ro ro ro ro ro ro ro ro ro ro ro 
dram queue size: R = 64 W = 48 (low:high is 9:39)
Heartbeat CPU 0 instructions: 10000003 cycles: 6236063 heartbeat IPC: 1.604 cumulative IPC: 1.604 (Simulation time: 00 hr 19 min 37 sec)
Heartbeat CPU 1 instructions: 10000003 cycles: 6237491 heartbeat IPC: 1.603 cumulative IPC: 1.603 (Simulation time: 00 hr 19 min 37 sec)
Heartbeat CPU 2 instructions: 10000003 cycles: 6237626 heartbeat IPC: 1.603 cumulative IPC: 1.603 (Simulation time: 00 hr 19 min 37 sec)
Heartbeat CPU 3 instructions: 10000003 cycles: 6238108 heartbeat IPC: 1.603 cumulative IPC: 1.603 (Simulation time: 00 hr 19 min 37 sec)
Heartbeat CPU 4 instructions: 10000003 cycles: 6239229 heartbeat IPC: 1.603 cumulative IPC: 1.603 (Simulation time: 00 hr 19 min 38 sec)
Heartbeat CPU 5 instructions: 10000003 cycles: 6239678 heartbeat IPC: 1.603 cumulative IPC: 1.603 (Simulation time: 00 hr 19 min 38 sec)
Heartbeat CPU 6 instructions: 10000003 cycles: 6240302 heartbeat IPC: 1.602 cumulative IPC: 1.602 (Simulation time: 00 hr 19 min 38 sec)
Heartbeat CPU 7 instructions: 10000003 cycles: 6240783 heartbeat IPC: 1.602 cumulative IPC: 1.602 (Simulation time: 00 hr 19 min 38 sec)
Heartbeat CPU 0 instructions: 20000007 cycles: 12382216 heartbeat IPC: 1.627 cumulative IPC: 1.615 (Simulation time: 00 hr 38 min 14 sec)
Heartbeat CPU 1 instructions: 20000007 cycles: 12383457 heartbeat IPC: 1.627 cumulative IPC: 1.615 (Simulation time: 00 hr 38 min 14 sec)
Heartbeat CPU 2 instructions: 20000007 cycles: 12384002 heartbeat IPC: 1.627 cumulative IPC: 1.615 (Simulation time: 00 hr 38 min 14 sec)
Heartbeat CPU 3 instructions: 20000007 cycles: 12384372 heartbeat IPC: 1.627 cumulative IPC: 1.615 (Simulation time: 00 hr 38 min 14 sec)
Heartbeat CPU 4 instructions: 20000007 cycles: 12385508 heartbeat IPC: 1.627 cumulative IPC: 1.615 (Simulation time: 00 hr 38 min 14 sec)
Heartbeat CPU 5 instructions: 20000007 cycles: 12385893 heartbeat IPC: 1.627 cumulative IPC: 1.615 (Simulation time: 00 hr 38 min 14 sec)
Heartbeat CPU 6 instructions: 20000007 cycles: 12386190 heartbeat IPC: 1.627 cumulative IPC: 1.615 (Simulation time: 00 hr 38 min 14 sec)
Heartbeat CPU 7 instructions: 20000007 cycles: 12387326 heartbeat IPC: 1.627 cumulative IPC: 1.615 (Simulation time: 00 hr 38 min 15 sec)
Warmup finished CPU 0 instructions: 25000002 cycles: 15503511 cumulative IPC: 1.613 (Simulation time: 00 hr 47 min 21 sec)
Warmup finished CPU 1 instructions: 25000002 cycles: 15504881 cumulative IPC: 1.612 (Simulation time: 00 hr 47 min 21 sec)
Warmup finished CPU 2 instructions: 25000002 cycles: 15505178 cumulative IPC: 1.612 (Simulation time: 00 hr 47 min 21 sec)
Warmup finished CPU 3 instructions: 25000002 cycles: 15505722 cumulative IPC: 1.612 (Simulation time: 00 hr 47 min 21 sec)
Warmup finished CPU 4 instructions: 25000002 cycles: 15506924 cumulative IPC: 1.612 (Simulation time: 00 hr 47 min 21 sec)
Warmup finished CPU 5 instructions: 25000002 cycles: 15507365 cumulative IPC: 1.612 (Simulation time: 00 hr 47 min 21 sec)
Warmup finished CPU 6 instructions: 25000002 cycles: 15507477 cumulative IPC: 1.612 (Simulation time: 00 hr 47 min 21 sec)
Warmup finished CPU 7 instructions: 25000002 cycles: 15508630 cumulative IPC: 1.612 (Simulation time: 00 hr 47 min 22 sec)
Warmup complete CPU 7 instructions: 25000002 cycles: 15508630 cumulative IPC: 1.612 (Simulation time: 00 hr 47 min 22 sec)
Warmup complete CPU 6 instructions: 25003577 cycles: 15508630 cumulative IPC: 1.612 (Simulation time: 00 hr 47 min 22 sec)
Warmup complete CPU 5 instructions: 25003948 cycles: 15508630 cumulative IPC: 1.612 (Simulation time: 00 hr 47 min 22 sec)
Warmup complete CPU 4 instructions: 25004229 cycles: 15508630 cumulative IPC: 1.612 (Simulation time: 00 hr 47 min 22 sec)
Warmup complete CPU 3 instructions: 25004657 cycles: 15508630 cumulative IPC: 1.612 (Simulation time: 00 hr 47 min 22 sec)
Warmup complete CPU 2 instructions: 25004830 cycles: 15508630 cumulative IPC: 1.612 (Simulation time: 00 hr 47 min 22 sec)
Warmup complete CPU 1 instructions: 25005854 cycles: 15508630 cumulative IPC: 1.612 (Simulation time: 00 hr 47 min 22 sec)
Warmup complete CPU 0 instructions: 25010414 cycles: 15508630 cumulative IPC: 1.613 (Simulation time: 00 hr 47 min 22 sec)
Heartbeat CPU 7 instructions: 30000008 cycles: 39291652 heartbeat IPC: 0.3717 cumulative IPC: 0.2102 (Simulation time: 01 hr 22 min 52 sec)
Heartbeat CPU 3 instructions: 30000008 cycles: 39319352 heartbeat IPC: 0.3713 cumulative IPC: 0.2098 (Simulation time: 01 hr 22 min 54 sec)
Heartbeat CPU 0 instructions: 30000008 cycles: 39336553 heartbeat IPC: 0.371 cumulative IPC: 0.2094 (Simulation time: 01 hr 22 min 56 sec)
Heartbeat CPU 2 instructions: 30000008 cycles: 39343777 heartbeat IPC: 0.3709 cumulative IPC: 0.2096 (Simulation time: 01 hr 22 min 56 sec)
Heartbeat CPU 5 instructions: 30000008 cycles: 39490709 heartbeat IPC: 0.3689 cumulative IPC: 0.2083 (Simulation time: 01 hr 23 min 09 sec)
Heartbeat CPU 4 instructions: 30000008 cycles: 39557275 heartbeat IPC: 0.368 cumulative IPC: 0.2077 (Simulation time: 01 hr 23 min 15 sec)
Heartbeat CPU 1 instructions: 30000008 cycles: 39565063 heartbeat IPC: 0.3679 cumulative IPC: 0.2076 (Simulation time: 01 hr 23 min 16 sec)
Heartbeat CPU 6 instructions: 30000008 cycles: 39732019 heartbeat IPC: 0.3657 cumulative IPC: 0.2063 (Simulation time: 01 hr 23 min 31 sec)
Heartbeat CPU 3 instructions: 40000010 cycles: 86554137 heartbeat IPC: 0.2117 cumulative IPC: 0.2111 (Simulation time: 02 hr 32 min 40 sec)
Heartbeat CPU 7 instructions: 40000010 cycles: 86712352 heartbeat IPC: 0.2109 cumulative IPC: 0.2107 (Simulation time: 02 hr 32 min 55 sec)
Heartbeat CPU 2 instructions: 40000010 cycles: 86807291 heartbeat IPC: 0.2107 cumulative IPC: 0.2103 (Simulation time: 02 hr 33 min 04 sec)
Heartbeat CPU 0 instructions: 40000010 cycles: 87069571 heartbeat IPC: 0.2095 cumulative IPC: 0.2095 (Simulation time: 02 hr 33 min 27 sec)
Heartbeat CPU 1 instructions: 40000010 cycles: 87218036 heartbeat IPC: 0.2099 cumulative IPC: 0.2091 (Simulation time: 02 hr 33 min 40 sec)
Heartbeat CPU 6 instructions: 40000010 cycles: 87413895 heartbeat IPC: 0.2097 cumulative IPC: 0.2086 (Simulation time: 02 hr 33 min 58 sec)
Heartbeat CPU 5 instructions: 40000010 cycles: 87514023 heartbeat IPC: 0.2082 cumulative IPC: 0.2083 (Simulation time: 02 hr 34 min 07 sec)
Heartbeat CPU 4 instructions: 40000010 cycles: 87523462 heartbeat IPC: 0.2085 cumulative IPC: 0.2082 (Simulation time: 02 hr 34 min 08 sec)
Heartbeat CPU 3 instructions: 50000010 cycles: 132097987 heartbeat IPC: 0.2196 cumulative IPC: 0.2144 (Simulation time: 03 hr 40 min 51 sec)
Heartbeat CPU 7 instructions: 50000011 cycles: 132123407 heartbeat IPC: 0.2202 cumulative IPC: 0.2144 (Simulation time: 03 hr 40 min 53 sec)
Heartbeat CPU 0 instructions: 50000011 cycles: 132129660 heartbeat IPC: 0.2219 cumulative IPC: 0.2143 (Simulation time: 03 hr 40 min 54 sec)
Heartbeat CPU 2 instructions: 50000010 cycles: 132134908 heartbeat IPC: 0.2206 cumulative IPC: 0.2143 (Simulation time: 03 hr 40 min 54 sec)
Heartbeat CPU 1 instructions: 50000011 cycles: 132330682 heartbeat IPC: 0.2217 cumulative IPC: 0.214 (Simulation time: 03 hr 41 min 12 sec)
Heartbeat CPU 6 instructions: 50000011 cycles: 132827773 heartbeat IPC: 0.2202 cumulative IPC: 0.2131 (Simulation time: 03 hr 41 min 58 sec)
Heartbeat CPU 4 instructions: 50000011 cycles: 133031390 heartbeat IPC: 0.2197 cumulative IPC: 0.2127 (Simulation time: 03 hr 42 min 17 sec)
Heartbeat CPU 5 instruction