[VMEM] WARNING: physical memory size is smaller than virtual memory size.

*** ChampSim Multicore Out-of-Order Simulator ***
Warmup Instructions: 25000000
Simulation Instructions: 25000000
Number of CPUs: 8
Page size: 2097152

initializing BARD -- num sampled sets: 64, modulus = 256
CL :	 16.64 ns
CWL :	 15.808 ns
tRP :	 16.224 ns
tRCD :	 16.224 ns
tRAS :	 32.032000000000004 ns
tRTP :	 7.904 ns
tWR :	 30.368000000000002 ns

tCCD_S :	 3.3280000000000003 ns
tCCD_S_WR :	 3.3280000000000003 ns
tCCD_S_WTR :	 22.048000000000002 ns
tCCD_L :	 5.408 ns
tCCD_L_WR :	 20.384 ns
tCCD_L_WTR :	 29.536 ns
tRRD_S :	 3.3280000000000003 ns
tRRD_L :	 5.408 ns
tFAW :	 13.728 ns
Address mapping (perm = 1) 	ch co bg bg bg ba ba co co co co co co ro ro ro ro ro ro ro ro ro ro ro ro ro ro ro 
dram queue size: R = 64 W = 48 (low:high is 9:39)
num evicts: 0, p: 0, s: 0 	 max proactive lookup: 16, max shadow lookup: 16
current cycle = 85249, last update cycle = 0, delta = 85249
	load umon |	misses = 322, hits= 1 0 0 0 0 0 0 1 0 0 0 0 0 0 3 9
	write umon |	misses = 0, hits= 0 0 0 0 0 0 0 0 0 0 0 0 0 0 0 0
num evicts: 100000, p: 0, s: 4091 	 max proactive lookup: 16, max shadow lookup: 16
current cycle = 461144, last update cycle = 0, delta = 461144
	load umon |	misses = 1418, hits= 1 0 0 0 0 0 0 1 0 0 1 0 0 0 5 14
	write umon |	misses = 288, hits= 0 0 0 0 0 0 0 0 0 0 0 0 0 0 0 0
num evicts: 200000, p: 0, s: 18945 	 max proactive lookup: 16, max shadow lookup: 16
current cycle = 594476, last update cycle = 0, delta = 594476
	load umon |	misses = 1803, hits= 1 0 0 0 0 0 0 1 0 0 1 0 0 0 5 14
	write umon |	misses = 416, hits= 0 0 0 0 0 0 0 0 0 0 0 0 0 0 0 0
num evicts: 300000, p: 0, s: 35768 	 max proactive lookup: 16, max shadow lookup: 16
current cycle = 727810, last update cycle = 0, delta = 727810
	load umon |	misses = 2202, hits= 1 0 0 0 0 0 0 1 0 0 1 0 0 0 5 14
	write umon |	misses = 552, hits= 0 0 0 0 0 0 0 0 0 0 0 0 0 0 0 0
num evicts: 400000, p: 0, s: 53747 	 max proactive lookup: 16, max shadow lookup: 16
current cycle = 861144, last update cycle = 0, delta = 861144
	load umon |	misses = 2587, hits= 1 0 0 0 0 0 0 1 0 0 1 0 0 0 5 14
	write umon |	misses = 680, hits= 0 0 0 0 0 0 0 0 0 0 0 0 0 0 0 0
num evicts: 500000, p: 0, s: 71618 	 max proactive lookup: 16, max shadow lookup: 16
current cycle = 994476, last update cycle = 0, delta = 994476
	load umon |	misses = 2978, hits= 1 0 0 0 0 0 0 1 0 0 1 0 0 0 5 14
	write umon |	misses = 808, hits= 0 0 0 0 0 0 0 0 0 0 0 0 0 0 0 0
num evicts: 600000, p: 0, s: 91107 	 max proactive lookup: 16, max shadow lookup: 16
current cycle = 1127817, last update cycle = 0, delta = 1127817
	load umon |	misses = 3371, hits= 1 0 0 0 0 0 0 1 0 0 1 0 0 1 7 18
	write umon |	misses = 936, hits= 0 0 0 0 0 0 0 0 0 0 0 0 0 0 0 0
num evicts: 700000, p: 0, s: 112043 	 max proactive lookup: 16, max shadow lookup: 16
current cycle = 1261175, last update cycle = 0, delta = 1261175
	load umon |	misses = 3763, hits= 1 0 0 0 0 0 0 1 0 0 1 2 0 1 14 25
	write umon |	misses = 1072, hits= 0 0 0 0 0 0 0 0 0 0 0 0 0 0 0 0
num evicts: 800000, p: 0, s: 134572 	 max proactive lookup: 16, max shadow lookup: 16
current cycle = 1394500, last update cycle = 0, delta = 1394500
	load umon |	misses = 4155, hits= 1 0 0 0 0 0 0 1 0 0 1 2 0 1 14 25
	write umon |	misses = 1200, hits= 0 0 0 0 0 0 0 0 0 0 0 0 0 0 0 0
num evicts: 900000, p: 0, s: 157034 	 max proactive lookup: 16, max shadow lookup: 16
current cycle = 1527833, last update cycle = 0, delta = 1527833
	load umon |	misses = 4540, hits= 1 0 0 0 0 0 0 1 0 0 1 2 0 1 14 25
	write umon |	misses = 1328, hits= 0 0 0 0 0 0 0 0 0 0 0 0 0 0 0 0
num evicts: 1000000, p: 0, s: 179239 	 max proactive lookup: 16, max shadow lookup: 16
current cycle = 1661168, last update cycle = 0, delta = 1661168
	load umon |	misses = 4931, hits= 1 0 0 0 0 0 0 1 0 0 1 2 0 1 14 25
	write umon |	misses = 1456, hits= 0 0 0 0 0 0 0 0 0 0 0 0 0 0 0 0
num evicts: 1100000, p: 0, s: 201910 	 max proactive lookup: 16, max shadow lookup: 16
current cycle = 1794500, last update cycle = 0, delta = 1794500
	load umon |	misses = 5324, hits= 1 0 0 0 0 0 0 1 0 0 1 2 0 1 14 25
	write umon |	misses = 1592, hits= 0 0 0 0 0 0 0 0 0 0 0 0 0 0 0 0
num evicts: 1200000, p: 0, s: 223945 	 max proactive lookup: 16, max shadow lookup: 16
current cycle = 1927833, last update cycle = 0, delta = 1927833
	load umon |	misses = 5715, hits= 1 0 0 0 0 0 0 1 0 0 1 2 0 1 14 25
	write umon |	misses = 1720, hits= 0 0 0 0 0 0 0 0 0 0 0 0 0 0 0 0
num evicts: 1300000, p: 0, s: 246546 	 max proactive lookup: 16, max shadow lookup: 16
current cycle = 2061168, last update cycle = 0, delta = 2061168
	load umon |	misses = 6107, hits= 1 0 0 0 0 0 0 1 0 0 1 2 0 1 14 25
	write umon |	misses = 1848, hits= 0 0 0 0 0 0 0 0 0 0 0 0 0 0 0 0
num evicts: 1400000, p: 0, s: 269781 	 max proactive lookup: 16, max shadow lookup: 16
current cycle = 2194513, last update cycle = 0, delta = 2194513
	load umon |	misses = 6492, hits= 1 0 0 0 0 0 0 1 0 0 1 2 1 2 22 30
	write umon |	misses = 1977, hits= 0 0 0 0 0 0 0 0 0 0 0 0 0 0 0 0
num evicts: 1500000, p: 0, s: 290749 	 max proactive lookup: 16, max shadow lookup: 16
current cycle = 2327856, last update cycle = 0, delta = 2327856
	load umon |	misses = 6892, hits= 1 0 0 0 0 0 0 1 0 0 1 2 2 2 26 33
	write umon |	misses = 2112, hits= 0 0 0 0 0 0 0 0 0 0 0 0 0 0 0 0
num evicts: 1600000, p: 0, s: 312175 	 max proactive lookup: 16, max shadow lookup: 16
current cycle = 2461191, last update cycle = 0, delta = 2461191
	load umon |	misses = 7277, hits= 1 0 0 0 0 0 0 1 0 0 1 2 2 2 26 33
	write umon |	misses = 2240, hits= 0 0 0 0 0 0 0 0 0 0 0 0 0 0 0 0
num evicts: 1700000, p: 0, s: 333682 	 max proactive lookup: 16, max shadow lookup: 16
current cycle = 2594521, last update cycle = 0, delta = 2594521
	load umon |	misses = 7668, hits= 1 0 0 0 0 0 0 1 0 0 1 2 2 2 26 33
	write umon |	misses = 2368, hits= 0 0 0 0 0 0 0 0 0 0 0 0 0 0 0 0
num evicts: 1800000, p: 0, s: 354765 	 max proactive lookup: 16, max shadow lookup: 16
current cycle = 2727856, last update cycle = 0, delta = 2727856
	load umon |	misses = 8056, hits= 1 0 0 0 0 0 0 1 0 0 1 2 2 2 26 33
	write umon |	misses = 2498, hits= 0 0 0 0 0 0 0 0 0 0 0 0 0 0 0 0
num evicts: 1900000, p: 0, s: 375804 	 max proactive lookup: 16, max shadow lookup: 16
current cycle = 2861191, last update cycle = 0, delta = 2861191
	load umon |	misses = 8452, hits= 1 0 0 0 0 0 0 1 0 0 1 2 2 2 26 33
	write umon |	misses = 2632, hits= 0 0 0 0 0 0 0 0 0 0 0 0 0 0 0 0
num evicts: 2000000, p: 0, s: 397343 	 max proactive lookup: 16, max shadow lookup: 16
current cycle = 2994521, last update cycle = 0, delta = 2994521
	load umon |	misses = 8841, hits= 1 0 0 0 0 0 0 1 0 0 1 2 2 2 26 33
	write umon |	misses = 2760, hits= 0 0 0 0 0 0 0 0 0 0 0 0 0 0 0 0
num evicts: 2100000, p: 0, s: 419173 	 max proactive lookup: 16, max shadow lookup: 16
current cycle = 3127856, last update cycle = 0, delta = 3127856
	load umon |	misses = 9228, hits= 1 0 0 0 0 0 0 1 0 0 1 2 2 2 26 33
	write umon |	misses = 2888, hits= 0 0 0 0 0 0 0 0 0 0 0 0 0 0 0 0
num evicts: 2200000, p: 0, s: 441761 	 max proactive lookup: 16, max shadow lookup: 16
current cycle = 3261210, last update cycle = 0, delta = 3261210
	load umon |	misses = 9626, hits= 1 0 0 0 0 0 0 1 0 0 1 2 2 4 35 37
	write umon |	misses = 3025, hits= 0 0 0 0 0 0 0 0 0 0 0 0 0 0 0 0
num evicts: 2300000, p: 0, s: 462656 	 max proactive lookup: 16, max shadow lookup: 16
current cycle = 3394550, last update cycle = 0, delta = 3394550
	load umon |	misses = 10014, hits= 1 0 0 0 0 0 0 1 0 0 1 2 3 4 40 39
	write umon |	misses = 3152, hits= 0 0 0 0 0 0 0 0 0 0 0 0 0 0 0 0
num evicts: 2400000, p: 0, s: 482269 	 max proactive lookup: 16, max shadow lookup: 16
current cycle = 3527878, last update cycle = 0, delta = 3527878
	load umon |	misses = 10405, hits= 1 0 0 0 0 0 0 1 0 0 1 2 3 4 40 39
	write umon |	misses = 3280, hits= 0 0 0 0 0 0 0 0 0 0 0 0 0 0 0 0
num evicts: 2500000, p: 0, s: 501940 	 max proactive lookup: 16, max shadow lookup: 16
current cycle = 3661211, last update cycle = 0, delta = 3661211
	load umon |	misses = 10792, hits= 1 0 0 0 0 0 0 1 0 0 1 2 3 4 40 39
	write umon |	misses = 3410, hits= 0 0 0 0 0 0 0 0 0 0 0 0 0 0 0 0
num evicts: 2600000, p: 0, s: 521501 	 max proactive lookup: 16, max shadow lookup: 16
current cycle = 3794545, last update cycle = 0, delta = 3794545
	load umon |	misses = 11189, hits= 1 0 0 0 0 0 0 1 0 0 1 2 3 4 40 39
	write umon |	misses = 3544, hits= 0 0 0 0 0 0 0 0 0 0 0 0 0 0 0 0
num evicts: 2700000, p: 0, s: 541242 	 max proactive lookup: 16, max shadow lookup: 16
current cycle = 3927878, last update cycle = 0, delta = 3927878
	load umon |	misses = 11578, hits= 1 0 0 0 0 0 0 1 0 0 1 2 3 4 40 39
	write umon |	misses = 3672, hits= 0 0 0 0 0 0 0 0 0 0 0 0 0 0 0 0
num evicts: 2800000, p: 0, s: 560556 	 max proactive lookup: 16, max shadow lookup: 16
current cycle = 4061211, last update cycle = 0, delta = 4061211
	load umon |	misses = 11965, hits= 1 0 0 0 0 0 0 1 0 0 1 2 3 4 40 39
	write umon |	misses = 3800, hits= 0 0 0 0 0 0 0 0 0 0 0 0 0 0 0 0
num evicts: 2900000, p: 0, s: 580159 	 max proactive lookup: 16, max shadow lookup: 16
current cycle = 4194551, last update cycle = 0, delta = 4194551
	load umon |	misses = 12361, hits= 1 0 0 0 0 0 0 1 0 0 1 2 3 5 43 42
	write umon |	misses = 3934, hits= 0 0 0 0 0 0 0 0 0 0 0 0 0 0 0 0
num evicts: 3000000, p: 0, s: 603522 	 max proactive lookup: 16, max shadow lookup: 16
current cycle = 4327893, last update cycle = 0, delta = 4327893
	load umon |	misses = 12751, hits= 1 0 0 0 0 0 0 1 0 0 1 2 4 5 49 43
	write umon |	misses = 4065, hits= 0 0 0 0 0 0 0 0 0 0 0 0 0 0 0 0
num evicts: 3100000, p: 0, s: 626698 	 max proactive lookup: 16, max shadow lookup: 16
current cycle = 4461235, last update cycle = 0, delta = 4461235
	load umon |	misses = 13142, hits= 1 0 0 0 0 0 0 1 0 0 1 2 4 6 54 45
	write umon |	misses = 4192, hits= 0 0 0 0 0 0 0 0 0 0 0 0 0 0 0 0
num evicts: 3200000, p: 0, s: 649719 	 max proactive lookup: 16, max shadow lookup: 16
current cycle = 4594567, last update cycle = 0, delta = 4594567
	load umon |	misses = 13528, hits= 1 0 0 0 0 0 0 1 0 0 1 2 4 6 54 45
	write umon |	misses = 4322, hits= 0 0 0 0 0 0 0 0 0 0 0 0 0 0 0 0
num evicts: 3300000, p: 0, s: 672681 	 max proactive lookup: 16, max shadow lookup: 16
current cycle = 4727902, last update cycle = 0, delta = 4727902
	load umon |	misses = 13926, hits= 1 0 0 0 0 0 0 1 0 0 1 2 4 6 54 45
	write umon |	misses = 4456, hits= 0 0 0 0 0 0 0 0 0 0 0 0 0 0 0 0
num evicts: 3400000, p: 0, s: 695755 	 max proactive lookup: 16, max shadow lookup: 16
current cycle = 4861235, last update cycle = 0, delta = 4861235
	load umon |	misses = 14314, hits= 1 0 0 0 0 0 0 1 0 0 1 2 4 6 54 45
	write umon |	misses = 4584, hits= 0 0 0 0 0 0 0 0 0 0 0 0 0 0 0 0
num evicts: 3500000, p: 0, s: 718581 	 max proactive lookup: 16, max shadow lookup: 16
current cycle = 4994567, last update cycle = 0, delta = 4994567
	load umon |	misses = 14702, hits= 1 0 0 0 0 0 0 1 0 0 1 2 4 6 54 45
	write umon |	misses = 4712, hits= 0 0 0 0 0 0 0 0 0 0 0 0 0 0 0 0
num evicts: 3600000, p: 0, s: 741718 	 max proactive lookup: 16, max shadow lookup: 16
current cycle = 5127902, last update cycle = 5000001, delta = 127901
	load umon |	misses = 7731, hits= 0 0 0 0 0 0 0 0 0 0 0 1 2 3 27 22
	write umon |	misses = 2485, hits= 0 0 0 0 0 0 0 0 0 0 0 0 0 0 0 0
num evicts: 3700000, p: 0, s: 764883 	 max proactive lookup: 16, max shadow lookup: 16
current cycle = 5261248, last update cycle = 5000001, delta = 261247
	load umon |	misses = 8127, hits= 0 0 0 0 0 0 0 0 0 0 0 1 2 5 29 25
	write umon |	misses = 2616, hits= 0 0 0 0 0 0 0 0 0 0 0 0 0 0 0 0
num evicts: 3800000, p: 0, s: 786913 	 max proactive lookup: 16, max shadow lookup: 16
current cycle = 5394585, last update cycle = 5000001, delta = 394584
	load umon |	misses = 8519, hits= 0 0 0 0 0 0 0 0 0 0 0 1 2 6 35 26
	write umon |	misses = 2745, hits= 0 0 0 0 0 0 0 0 0 0 0 0 0 0 0 0
num evicts: 3900000, p: 0, s: 804137 	 max proactive lookup: 16, max shadow lookup: 16
current cycle = 5527923, last update cycle = 5000001, delta = 527922
	load umon |	misses = 8905, hits= 0 0 0 0 0 0 0 0 0 0 0 1 2 7 41 27
	write umon |	misses = 2874, hits= 0 0 0 0 0 0 0 0 0 0 0 0 0 0 0 0
num evicts: 4000000, p: 0, s: 819756 	 max proactive lookup: 16, max shadow lookup: 16
current cycle = 5661257, last update cycle = 5000001, delta = 661256
	load umon |	misses = 9296, hits= 0 0 0 0 0 0 0 0 0 0 0 1 2 7 41 27
	write umon |	misses = 3008, hits= 0 0 0 0 0 0 0 0 0 0 0 0 0 0 0 0
num evicts: 4100000, p: 0, s: 835439 	 max proactive lookup: 16, max shadow lookup: 16
current cycle = 5794590, last update cycle = 5000001, delta = 794589
	load umon |	misses = 9687, hits= 0 0 0 0 0 0 0 0 0 0 0 1 2 7 41 27
	write umon |	misses = 3136, hits= 0 0 0 0 0 0 0 0 0 0 0 0 0 0 0 0
num evicts: 4200000, p: 0, s: 851220 	 max proactive lookup: 16, max shadow lookup: 16
current cycle = 5927922, last update cycle = 5000001, delta = 927921
	load umon |	misses = 10079, hits= 0 0 0 0 0 0 0 0 0 0 0 1 2 7 41 27
	write umon |	misses = 3264, hits= 0 0 0 0 0 0 0 0 0 0 0 0 0 0 0 0
num evicts: 4300000, p: 0, s: 866890 	 max proactive lookup: 16, max shadow lookup: 16
current cycle = 6061257, last update cycle = 5000001, delta = 1061256
	load umon |	misses = 10468, hits= 0 0 0 0 0 0 0 0 0 0 0 1 2 7 41 27
	write umon |	misses = 3397, hits= 0 0 0 0 0 0 0 0 0 0 0 0 0 0 0 0
num evicts: 4400000, p: 0, s: 882668 	 max proactive lookup: 16, max shadow lookup: 16
current cycle = 6194593, last update cycle = 5000001, delta = 1194592
	load umon |	misses = 10857, hits= 0 0 0 0 0 0 0 0 0 0 0 1 2 7 41 27
	write umon |	misses = 3528, hits= 0 0 0 0 0 0 0 0 0 0 0 0 0 0 0 0
num evicts: 4500000, p: 0, s: 898188 	 max proactive lookup: 16, max shadow lookup: 16
current cycle = 6327932, last update cycle = 5000001, delta = 1327931
	load umon |	misses = 11249, hits= 0 0 0 0 0 0 0 0 0 0 0 1 2 9 43 30
	write umon |	misses = 3656, hits= 0 0 0 0 0 0 0 0 0 0 0 0 0 0 0 0
num evicts: 4600000, p: 0, s: 914959 	 max proactive lookup: 16, max shadow lookup: 16
current cycle = 6461272, last update cycle = 5000001, delta = 1461271
	load umon |	misses = 11640, hits= 0 0 0 0 0 0 0 0 0 0 0 1 2 10 49 31
	write umon |	misses = 3785, hits= 0 0 0 0 0 0 0 0 0 0 0 0 0 0 0 0
num evicts: 4700000, p: 0, s: 938604 	 max proactive lookup: 16, max shadow lookup: 16
current cycle = 6594612, last update cycle = 5000001, delta = 1594611
	load umon |	misses = 12033, hits= 0 0 0 0 0 0 0 0 0 0 0 1 2 11 55 32
	write umon |	misses = 3920, hits= 0 0 0 0 0 0 0 0 0 0 0 0 0 0 0 0
Heartbeat CPU 0 instructions: 10000003 cycles: 6643770 heartbeat IPC: 1.505 cumulative IPC: 1.505 (Simulation time: 00 hr 29 min 35 sec)
Heartbeat CPU 1 instructions: 10000003 cycles: 6644404 heartbeat IPC: 1.505 cumulative IPC: 1.505 (Simulation time: 00 hr 29 min 35 sec)
Heartbeat CPU 2 instructions: 10000003 cycles: 6644900 heartbeat IPC: 1.505 cumulative IPC: 1.505 (Simulation time: 00 hr 29 min 35 sec)
Heartbeat CPU 3 instructions: 10000003 cycles: 6645078 heartbeat IPC: 1.505 cumulative IPC: 1.505 (Simulation time: 00 hr 29 min 36 sec)
Heartbeat CPU 4 instructions: 10000003 cycles: 6645255 heartbeat IPC: 1.505 cumulative IPC: 1.505 (Simulation time: 00 hr 29 min 36 sec)
Heartbeat CPU 5 instructions: 10000003 cycles: 6645464 heartbeat IPC: 1.505 cumulative IPC: 1.505 (Simulation time: 00 hr 29 min 36 sec)
Heartbeat CPU 6 instructions: 10000003 cycles: 6645663 heartbeat IPC: 1.505 cumulative IPC: 1.505 (Simulation time: 00 hr 29 min 36 sec)
Heartbeat CPU 7 instructions: 10000003 cycles: 6645816 heartbeat IPC: 1.505 cumulative IPC: 1.505 (Simulation time: 00 hr 29 min 36 sec)
num evicts: 4800000, p: 0, s: 962658 	 max proactive lookup: 16, max shadow lookup: 16
current cycle = 6727947, last update cycle = 5000001, delta = 1727946
	load umon |	misses = 12422, hits= 0 0 0 0 0 0 0 0 0 0 0 1 2 11 55 32
	write umon |	misses = 4048, hits= 0 0 0 0 0 0 0 0 0 0 0 0 0 0 0 0
num evicts: 4900000, p: 0, s: 986632 	 max proactive lookup: 16, max shadow lookup: 16
current cycle = 6861281, last update cycle = 5000001, delta = 1861280
	load umon |	misses = 12810, hits= 0 0 0 0 0 0 0 0 0 0 0 1 2 11 55 32
	write umon |	misses = 4176, hits= 0 0 0 0 0 0 0 0 0 0 0 0 0 0 0 0
num evicts: 5000000, p: 0, s: 1010596 	 max proactive lookup: 16, max shadow lookup: 16
current cycle = 6994611, last update cycle = 5000001, delta = 1994610
	load umon |	misses = 13204, hits= 0 0 0 0 0 0 0 0 0 0 0 1 2 11 55 32
	write umon |	misses = 4308, hits= 0 0 0 0 0 0 0 0 0 0 0 0 0 0 0 0
num evicts: 5100000, p: 0, s: 1035064 	 max proactive lookup: 16, max shadow lookup: 16
current cycle = 7127947, last update cycle = 5000001, delta = 2127946
	load umon |	misses = 13594, hits= 0 0 0 0 0 0 0 0 0 0 0 1 2 11 55 32
	write umon |	misses = 4440, hits= 0 0 0 0 0 0 0 0 0 0 0 0 0 0 0 0
num evicts: 5200000, p: 0, s: 1059325 	 max proactive lookup: 16, max shadow lookup: 16
current cycle = 7261280, last update cycle = 5000001, delta = 2261279
	load umon |	misses = 13984, hits= 0 0 0 0 0 0 0 0 0 0 0 1 2 11 55 32
	write umon |	misses = 4568, hits= 0 0 0 0 0 0 0 0 0 0 0 0 0 0 0 0
num evicts: 5300000, p: 0, s: 1083344 	 max proactive lookup: 16, max shadow lookup: 16
current cycle = 7394619, last update cycle = 5000001, delta = 2394618
	load umon |	misses = 14374, hits= 0 0 0 0 0 0 0 0 0 0 0 1 2 13 57 35
	write umon |	misses = 4696, hits= 0 0 0 0 0 0 0 0 0 0 0 0 0 0 0 0
num evicts: 5400000, p: 0, s: 1106560 	 max proactive lookup: 16, max shadow lookup: 16
current cycle = 7527968, last update cycle = 5000001, delta = 2527967
	load umon |	misses = 14769, hits= 0 0 0 0 0 0 0 0 0 0 0 1 2 16 67 38
	write umon |	misses = 4832, hits= 0 0 0 0 0 0 0 0 0 0 0 0 0 0 0 0
num evicts: 5500000, p: 0, s: 1129739 	 max proactive lookup: 16, max shadow lookup: 16
current cycle = 7661302, last update cycle = 5000001, delta = 2661301
	load umon |	misses = 15158, hits= 0 0 0 0 0 0 0 0 0 0 0 1 2 16 67 38
	write umon |	misses = 4960, hits= 0 0 0 0 0 0 0 0 0 0 0 0 0 0 0 0
num evicts: 5600000, p: 0, s: 1153219 	 max proactive lookup: 16, max shadow lookup: 16
current cycle = 7794637, last update cycle = 5000001, delta = 2794636
	load umon |	misses = 15547, hits= 0 0 0 0 0 0 0 0 0 0 0 1 2 16 67 38
	write umon |	misses = 5088, hits= 0 0 0 0 0 0 0 0 0 0 0 0 0 0 0 0
num evicts: 5700000, p: 0, s: 1176830 	 max proactive lookup: 16, max shadow lookup: 16
current cycle = 7927968, last update cycle = 5000001, delta = 2927967
	load umon |	misses = 15937, hits= 0 0 0 0 0 0 0 0 0 0 0 1 2 16 67 38
	write umon |	misses = 5216, hits= 0 0 0 0 0 0 0 0 0 0 0 0 0 0 0 0
num evicts: 5800000, p: 0, s: 1201329 	 max proactive lookup: 16, max shadow lookup: 16
current cycle = 8061303, last update cycle = 5000001, delta = 3061302
	load umon |	misses = 16331, hits= 0 0 0 0 0 0 0 0 0 0 0 1 2 16 67 38
	write umon |	misses = 5352, hits= 0 0 0 0 0 0 0 0 0 0 0 0 0 0 0 0
num evicts: 5900000, p: 0, s: 1224595 	 max proactive lookup: 16, max shadow lookup: 16
current cycle = 8194636, last update cycle = 5000001, delta = 3194635
	load umon |	misses = 16721, hits= 0 0 0 0 0 0 0 0 0 0 0 1 2 16 67 38
	write umon |	misses = 5480, hits= 0 0 0 0 0 0 0 0 0 0 0 0 0 0 0 0
num evicts: 6000000, p: 0, s: 1248231 	 max proactive lookup: 16, max shadow lookup: 16
current cycle = 8327968, last update cycle = 5000001, delta = 3327967
	load umon |	misses = 17110, hits= 0 0 0 0 0 0 0 0 0 0 0 1 2 16 67 38
	write umon |	misses = 5608, hits= 0 0 0 0 0 0 0 0 0 0 0 0 0 0 0 0
num evicts: 6100000, p: 0, s: 1271575 	 max proactive lookup: 16, max shadow lookup: 16
current cycle = 8461310, last update cycle = 5000001, delta = 3461309
	load umon |	misses = 17499, hits= 0 0 0 0 0 0 0 0 0 0 0 1 2 18 69 41
	write umon |	misses = 5737, hits= 0 0 0 0 0 0 0 0 0 0 0 0 0 0 0 0
num evicts: 6200000, p: 0, s: 1295166 	 max proactive lookup: 16, max shadow lookup: 16
current cycle = 8594656, last update cycle = 5000001, delta = 3594655
	load umon |	misses = 17895, hits= 0 0 0 0 0 0 0 0 0 0 0 1 2 22 77 45
	write umon |	misses = 5872, hits= 0 0 0 0 0 0 0 0 0 0 0 0 0 0 0 0
num evicts: 6300000, p: 0, s: 1317005 	 max proactive lookup: 16, max shadow lookup: 16
current cycle = 8727992, last update cycle = 5000001, delta = 3727991
	load umon |	misses = 18284, hits= 0 0 0 0 0 0 0 0 0 0 0 1 2 22 77 45
	write umon |	misses = 6000, hits= 0 0 0 0 0 0 0 0 0 0 0 0 0 0 0 0
num evicts: 6400000, p: 0, s: 1338778 	 max proactive lookup: 16, max shadow lookup: 16
current cycle = 8861328, last update cycle = 5000001, delta = 3861327
	load umon |	misses = 18674, hits= 0 0 0 0 0 0 0 0 0 0 0 1 2 22 77 45
	write umon |	misses = 6128, hits= 0 0 0 0 0 0 0 0 0 0 0 0 0 0 0 0
num evicts: 6500000, p: 0, s: 1360541 	 max proactive lookup: 16, max shadow lookup: 16
current cycle = 8994656, last update cycle = 5000001, delta = 3994655
	load umon |	misses = 19062, hits= 0 0 0 0 0 0 0 0 0 0 0 1 2 22 77 45
	write umon |	misses = 6258, hits= 0 0 0 0 0 0 0 0 0 0 0 0 0 0 0 0
num evicts: 6600000, p: 0, s: 1382519 	 max proactive lookup: 16, max shadow lookup: 16
current cycle = 9127992, last update cycle = 5000001, delta = 4127991
	load umon |	misses = 19458, hits= 0 0 0 0 0 0 0 0 0 0 0 1 2 22 77 45
	write umon |	misses = 6392, hits= 0 0 0 0 0 0 0 0 0 0 0 0 0 0 0 0
num evicts: 6700000, p: 0, s: 1404498 	 max proactive lookup: 16, max shadow lookup: 16
current cycle = 9261328, last update cycle = 5000001, delta = 4261327
	load umon |	misses = 19846, hits= 0 0 0 0 0 0 0 0 0 0 0 1 2 22 77 45
	write umon |	misses = 6520, hits= 0 0 0 0 0 0 0 0 0 0 0 0 0 0 0 0
num evicts: 6800000, p: 0, s: 1426286 	 max proactive lookup: 16, max shadow lookup: 16
current cycle = 9394656, last update cycle = 5000001, delta = 4394655
	load umon |	misses = 20235, hits= 0 0 0 0 0 0 0 0 0 0 0 1 2 22 77 45
	write umon |	misses = 6649, hits= 0 0 0 0 0 0 0 0 0 0 0 0 0 0 0 0
num evicts: 6900000, p: 0, s: 1447769 	 max proactive lookup: 16, max shadow lookup: 16
current cycle = 9528007, last update cycle = 5000001, delta = 4528006
	load umon |	misses = 20630, hits= 0 0 0 0 0 0 0 0 0 0 0 1 3 25 83 50
	write umon |	misses = 6783, hits= 0 0 0 0 0 0 0 0 0 0 0 0 0 0 0 0
num evicts: 7000000, p: 0, s: 1470720 	 max proactive lookup: 16, max shadow lookup: 16
current cycle = 9661347, last update cycle = 5000001, delta = 4661346
	load umon |	misses = 21021, hits= 0 0 0 0 0 0 0 0 0 0 0 1 3 26 88 52
	write umon |	misses = 6912, hits= 0 0 0 0 0 0 0 0 0 0 0 0 0 0 0 0
num evicts: 7100000, p: 0, s: 1496313 	 max proactive lookup: 16, max shadow lookup: 16
current cycle = 9794682, last update cycle = 5000001, delta = 4794681
	load umon |	misses = 21411, hits= 0 0 0 0 0 0 0 0 0 0 0 1 3 26 88 52
	write umon |	misses = 7040, hits= 0 0 0 0 0 0 0 0 0 0 0 0 0 0 0 0
num evicts: 7200000, p: 0, s: 1522241 	 max proactive lookup: 16, max shadow lookup: 16
current cycle = 9928015, last update cycle = 5000001, delta = 4928014
	load umon |	misses = 21797, hits= 0 0 0 0 0 0 0 0 0 0 0 1 3 26 88 52
	write umon |	misses = 7170, hits= 0 0 0 0 0 0 0 0 0 0 0 0 0 0 0 0
num evicts: 7300000, p: 0, s: 1547860 	 max proactive lookup: 16, max shadow lookup: 16
current cycle = 10061348, last update cycle = 10000001, delta = 61347
	load umon |	misses = 11190, hits= 0 0 0 0 0 0 0 0 0 0 0 0 1 13 44 26
	write umon |	misses = 3684, hits= 0 0 0 0 0 0 0 0 0 0 0 0 0 0 0 0
num evicts: 7400000, p: 0, s: 1573637 	 max proactive lookup: 16, max shadow lookup: 16
current cycle = 10194682, last update cycle = 10000001, delta = 194681
	load umon |	misses = 11577, hits= 0 0 0 0 0 0 0 0 0 0 0 0 1 13 44 26
	write umon |	misses = 3812, hits= 0 0 0 0 0 0 0 0 0 0 0 0 0 0 0 0
num evicts: 7500000, p: 0, s: 1599364 	 max proactive lookup: 16, max shadow lookup: 16
current cycle = 10328015, last update cycle = 10000001, delta = 328014
	load umon |	misses = 11966, hits= 0 0 0 0 0 0 0 0 0 0 0 0 1 13 44 26
	write umon |	misses = 3940, hits= 0 0 0 0 0 0 0 0 0 0 0 0 0 0 0 0
num evicts: 7600000, p: 0, s: 1624820 	 max proactive lookup: 16, max shadow lookup: 16
current cycle = 10461347, last update cycle = 10000001, delta = 461346
	load umon |	misses = 12355, hits= 0 0 0 0 0 0 0 0 0 0 0 0 1 13 44 26
	write umon |	misses = 4073, hits= 0 0 0 0 0 0 0 0 0 0 0 0 0 0 0 0
num evicts: 7700000, p: 0, s: 1648818 	 max proactive lookup: 16, max shadow lookup: 16
current cycle = 10594697, last update cycle = 10000001, delta = 594696
	load umon |	misses = 12752, hits= 0 0 0 0 0 0 0 0 0 0 0 0 1 19 47 32
	write umon |	misses = 4205, hits= 0 0 0 0 0 0 0 0 0 0 0 0 0 0 0 0
num evicts: 7800000, p: 0, s: 1667842 	 max proactive lookup: 16, max shadow lookup: 16
current cycle = 10728039, last update cycle = 10000001, delta = 728038
	load umon |	misses = 13143, hits= 0 0 0 0 0 0 0 0 0 0 0 0 1 20 52 34
	write umon |	misses = 4332, hits= 0 0 0 0 0 0 0 0 0 0 0 0 0 0 0 0
num evicts: 7900000, p: 0, s: 1685466 	 max proactive lookup: 16, max shadow lookup: 16
current cycle = 10861370, last update cycle = 10000001, delta = 861369
	load umon |	misses = 13529, hits= 0 0 0 0 0 0 0 0 0 0 0 0 1 20 52 34
	write umon |	misses = 4462, hits= 0 0 0 0 0 0 0 0 0 0 0 0 0 0 0 0
num evicts: 8000000, p: 0, s: 1702934 	 max proactive lookup: 16, max shadow lookup: 16
current cycle = 10994705, last update cycle = 10000001, delta = 994704
	load umon |	misses = 13920, hits= 0 0 0 0 0 0 0 0 0 0 0 0 1 20 52 34
	write umon |	misses = 4596, hits= 0 0 0 0 0 0 0 0 0 0 0 0 0 0 0 0
num evicts: 8100000, p: 0, s: 1720523 	 max proactive lookup: 16, max shadow lookup: 16
current cycle = 11128038, last update cycle = 10000001, delta = 1128037
	load umon |	misses = 14313, hits= 0 0 0 0 0 0 0 0 0 0 0 0 1 20 52 34
	write umon |	misses = 4724, hits= 0 0 0 0 0 0 0 0 0 0 0 0 0 0 0 0
num evicts: 8200000, p: 0, s: 1737789 	 max proactive lookup: 16, max shadow lookup: 16
current cycle = 11261370, last update cycle = 10000001, delta = 1261369
	load umon |	misses = 14703, hits= 0 0 0 0 0 0 0 0 0 0 0 0 1 20 52 34
	write umon |	misses = 4852, hits= 0 0 0 0 0 0 0 0 0 0 0 0 0 0 0 0
num evicts: 8300000, p: 0, s: 1755453 	 max proactive lookup: 16, max shadow lookup: 16
current cycle = 11394705, last update cycle = 10000001, delta = 1394704
	load umon |	misses = 15092, hits= 0 0 0 0 0 0 0 0 0 0 0 0 1 20 52 34
	write umon |	misses = 4985, hits= 0 0 0 0 0 0 0 0 0 0 0 0 0 0 0 0
num evicts: 8400000, p: 0, s: 1773102 	 max proactive lookup: 16, max shadow lookup: 16
current cycle = 11528044, last update cycle = 10000001, delta = 1528043
	load umon |	misses = 15488, hits= 0 0 0 0 0 0 0 0 0 0 0 0 1 21 56 36
	write umon |	misses = 5116, hits= 0 0 0 0 0 0 0 0 0 0 0 0 0 0 0 0
num evicts: 8500000, p: 0, s: 1790646 	 max proactive lookup: 16, max shadow lookup: 16
current cycle = 11661386, last update cycle = 10000001, delta = 1661385
	load umon |	misses = 15880, hits= 0 0 0 0 0 0 0 0 0 0 0 0 1 23 60 38
	write umon |	misses = 5245, hits= 0 0 0 0 0 0 0 0 0 0 0 0 0 0 0 0
num evicts: 8600000, p: 0, s: 1812592 	 max proactive lookup: 16, max shadow lookup: 16
current cycle = 11794726, last update cycle = 10000001, delta = 1794725
	load umon |	misses = 16266, hits= 0 0 0 0 0 0 0 0 0 0 0 0 1 25 64 40
	write umon |	misses = 5374, hits= 0 0 0 0 0 0 0 0 0 0 0 0 0 0 0 0
num evicts: 8700000, p: 0, s: 1836255 	 max proactive lookup: 16, max shadow lookup: 16
current cycle = 11928059, last update cycle = 10000001, delta = 1928058
	load umon |	misses = 16657, hits= 0 0 0 0 0 0 0 0 0 0 0 0 1 25 64 40
	write umon |	misses = 5508, hits= 0 0 0 0 0 0 0 0 0 0 0 0 0 0 0 0
num evicts: 8800000, p: 0, s: 1860074 	 max proactive lookup: 16, max shadow lookup: 16
current cycle = 12061394, last update cycle = 10000001, delta = 2061393
	load umon |	misses = 17048, hits= 0 0 0 0 0 0 0 0 0 0 0 0 1 25 64 40
	write umon |	misses = 5636, hits= 0 0 0 0 0 0 0 0 0 0 0 0 0 0 0 0
num evicts: 8900000, p: 0, s: 1883547 	 max proactive lookup: 16, max shadow lookup: 16
current cycle = 12194727, last update cycle = 10000001, delta = 2194726
	load umon |	misses = 17440, hits= 0 0 0 0 0 0 0 0 0 0 0 0 1 25 64 40
	write umon |	misses = 5764, hits= 0 0 0 0 0 0 0 0 0 0 0 0 0 0 0 0
num evicts: 9000000, p: 0, s: 1907036 	 max proactive lookup: 16, max shadow lookup: 16
current cycle = 12328059, last update cycle = 10000001, delta = 2328058
	load umon |	misses = 17827, hits= 0 0 0 0 0 0 0 0 0 0 0 0 1 25 64 40
	write umon |	misses = 5895, hits= 0 0 0 0 0 0 0 0 0 0 0 0 0 0 0 0
num evicts: 9100000, p: 0, s: 1930915 	 max proactive lookup: 16, max shadow lookup: 16
current cycle = 12461394, last update cycle = 10000001, delta = 2461393
	load umon |	misses = 18218, hits= 0 0 0 0 0 0 0 0 0 0 0 0 1 25 64 40
	write umon |	misses = 6028, hits= 0 0 0 0 0 0 0 0 0 0 0 0 0 0 0 0
num evicts: 9200000, p: 0, s: 1954562 	 max proactive lookup: 16, max shadow lookup: 16
current cycle = 12594733, last update cycle = 10000001, delta = 2594732
	load umon |	misses = 18609, hits= 0 0 0 0 0 0 0 0 0 0 0 0 1 26 68 42
	write umon |	misses = 6156, hits= 0 0 0 0 0 0 0 0 0 0 0 0 0 0 0 0
num evicts: 9300000, p: 0, s: 1976430 	 max proactive lookup: 16, max shadow lookup: 16
current cycle = 12728074, last update cycle = 10000001, delta = 2728073
	load umon |	misses = 19001, hits= 0 0 0 0 0 0 0 0 0 0 0 0 1 28 72 44
	write umon |	misses = 6285, hits= 0 0 0 0 0 0 0 0 0 0 0 0 0 0 0 0
num evicts: 9400000, p: 0, s: 1997583 	 max proactive lookup: 16, max shadow lookup: 16
current cycle = 12861416, last update cycle = 10000001, delta = 2861415
	load umon |	misses = 19394, hits= 0 0 0 0 0 0 0 0 0 0 0 0 1 30 76 46
	write umon |	misses = 6420, hits= 0 0 0 0 0 0 0 0 0 0 0 0 0 0 0 0
num evicts: 9500000, p: 0, s: 2018726 	 max proactive lookup: 16, max shadow lookup: 16
current cycle = 12994750, last update cycle = 10000001, delta = 2994749
	load umon |	misses = 19782, hits= 0 0 0 0 0 0 0 0 0 0 0 0 1 30 76 46
	write umon |	misses = 6548, hits= 0 0 0 0 0 0 0 0 0 0 0 0 0 0 0 0
num evicts: 9600000, p: 0, s: 2040149 	 max proactive lookup: 16, max shadow lookup: 16
current cycle = 13128082, last update cycle = 10000001, delta = 3128081
	load umon |	misses = 20171, hits= 0 0 0 0 0 0 0 0 0 0 0 0 1 30 76 46
	write umon |	misses = 6676, hits= 0 0 0 0 0 0 0 0 0 0 0 0 0 0 0 0
num evicts: 9700000, p: 0, s: 2061869 	 max proactive lookup: 16, max shadow lookup: 16
current cycle = 13261416, last update cycle = 10000001, delta = 3261415
	load umon |	misses = 20561, hits= 0 0 0 0 0 0 0 0 0 0 0 0 1 30 76 46
	write umon |	misses = 6804, hits= 0 0 0 0 0 0 0 0 0 0 0 0 0 0 0 0
Heartbeat CPU 0 instructions: 20000004 cycles: 13310447 heartbeat IPC: 1.5 cumulative IPC: 1.503 (Simulation time: 00 hr 58 min 34 sec)
Heartbeat CPU 1 instructions: 20000004 cycles: 13310976 heartbeat IPC: 1.5 cumulative IPC: 1.503 (Simulation time: 00 hr 58 min 34 sec)
Heartbeat CPU 3 instructions: 20000004 cycles: 13311994 heartbeat IPC: 1.5 cumulative IPC: 1.502 (Simulation time: 00 hr 58 min 35 sec)
Heartbeat CPU 2 instructions: 20000004 cycles: 13312008 heartbeat IPC: 1.5 cumulative IPC: 1.502 (Simulation time: 00 hr 58 min 35 sec)
Heartbeat CPU 4 instructions: 20000004 cycles: 13312123 heartbeat IPC: 1.5 cumulative IPC: 1.502 (Simulation time: 00 hr 58 min 35 sec)
Heartbeat CPU 5 instructions: 20000004 cycles: 13312276 heartbeat IPC: 1.5 cumulative IPC: 1.502 (Simulation time: 00 hr 58 min 35 sec)
Heartbeat CPU 6 instructions: 20000004 cycles: 13312411 heartbeat IPC: 1.5 cumulative IPC: 1.502 (Simulation time: 00 hr 58 min 35 sec)
Heartbeat CPU 7 instructions: 20000004 cycles: 13312548 heartbeat IPC: 1.5 cumulative IPC: 1.502 (Simulation time: 00 hr 58 min 35 sec)
num evicts: 9800000, p: 0, s: 2083699 	 max proactive lookup: 16, max shadow lookup: 16
current cycle = 13394750, last update cycle = 10000001, delta = 3394749
	load umon |	misses = 20955, hits= 0 0 0 0 0 0 0 0 0 0 0 0 1 30 76 46
	write umon |	misses = 6940, hits= 0 0 0 0 0 0 0 0 0 0 0 0 0 0 0 0
num evicts: 9900000, p: 0, s: 2105176 	 max proactive lookup: 16, max shadow lookup: 16
current cycle = 13528082, last update cycle = 10000001, delta = 3528081
	load umon |	misses = 21345, hits= 0 0 0 0 0 0 0 0 0 0 0 0 1 30 76 46
	write umon |	misses = 7068, hits= 0 0 0 0 0 0 0 0 0 0 0 0 0 0 0 0
num evicts: 10000000, p: 0, s: 2127113 	 max proactive lookup: 16, max shadow lookup: 16
current cycle = 13661422, last update cycle = 10000001, delta = 3661421
	load umon |	misses = 21734, hits= 0 0 0 0 0 0 0 0 0 0 0 0 1 30 82 47
	write umon |	misses = 7196, hits= 0 0 0 0 0 0 0 0 0 0 0 0 0 0 0 0
num evicts: 10100000, p: 0, s: 2148461 	 max proactive lookup: 16, max shadow lookup: 16
current cycle = 13794764, last update cycle = 10000001, delta = 3794763
	load umon |	misses = 22124, hits= 0 0 0 0 0 0 0 0 0 0 0 0 1 32 86 49
	write umon |	misses = 7326, hits= 0 0 0 0 0 0 0 0 0 0 0 0 0 0 0 0
num evicts: 10200000, p: 0, s: 2170271 	 max proactive lookup: 16, max shadow lookup: 16
current cycle = 13928104, last update cycle = 10000001, delta = 3928103
	load umon |	misses = 22518, hits= 0 0 0 0 0 0 0 0 0 0 0 0 1 35 88 52
	write umon |	misses = 7460, hits= 0 0 0 0 0 0 0 0 0 0 0 0 0 0 0 0
num evicts: 10300000, p: 0, s: 2192265 	 max proactive lookup: 16, max shadow lookup: 16
current cycle = 14061438, last update cycle = 10000001, delta = 4061437
	load umon |	misses = 22908, hits= 0 0 0 0 0 0 0 0 0 0 0 0 1 35 88 52
	write umon |	misses = 7588, hits= 0 0 0 0 0 0 0 0 0 0 0 0 0 0 0 0
num evicts: 10400000, p: 0, s: 2214421 	 max proactive lookup: 16, max shadow lookup: 16
current cycle = 14194772, last update cycle = 10000001, delta = 4194771
	load umon |	misses = 23298, hits= 0 0 0 0 0 0 0 0 0 0 0 0 1 35 88 52
	write umon |	misses = 7716, hits= 0 0 0 0 0 0 0 0 0 0 0 0 0 0 0 0
num evicts: 10500000, p: 0, s: 2236395 	 max proactive lookup: 16, max shadow lookup: 16
current cycle = 14328105, last update cycle = 10000001, delta = 4328104
	load umon |	misses = 23686, hits= 0 0 0 0 0 0 0 0 0 0 0 0 1 35 88 52
	write umon |	misses = 7846, hits= 0 0 0 0 0 0 0 0 0 0 0 0 0 0 0 0
num evicts: 10600000, p: 0, s: 2258555 	 max proactive lookup: 16, max shadow lookup: 16
current cycle = 14461438, last update cycle = 10000001, delta = 4461437
	load umon |	misses = 24082, hits= 0 0 0 0 0 0 0 0 0 0 0 0 1 35 88 52
	write umon |	misses = 7980, hits= 0 0 0 0 0 0 0 0 0 0 0 0 0 0 0 0
num evicts: 10700000, p: 0, s: 2280543 	 max proactive lookup: 16, max shadow lookup: 16
current cycle = 14594772, last update cycle = 10000001, delta = 4594771
	load umon |	misses = 24468, hits= 0 0 0 0 0 0 0 0 0 0 0 0 1 35 88 52
	write umon |	misses = 8108, hits= 0 0 0 0 0 0 0 0 0 0 0 0 0 0 0 0
num evicts: 10800000, p: 0, s: 2301270 	 max proactive lookup: 16, max shadow lookup: 16
current cycle = 14728113, last update cycle = 10000001, delta = 4728112
	load umon |	misses = 24860, hits= 0 0 0 0 0 0 0 0 0 0 0 0 1 37 90 55
	write umon |	misses = 8237, hits= 0 0 0 0 0 0 0 0 0 0 0 0 0 0 0 0
num evicts: 10900000, p: 0, s: 2319095 	 max proactive lookup: 16, max shadow lookup: 16
current cycle = 14861461, last update cycle = 10000001, delta = 4861460
	load umon |	misses = 25253, hits= 0 0 0 0 0 0 0 0 0 0 0 0 1 42 95 61
	write umon |	misses = 8372, hits= 0 0 0 0 0 0 0 0 0 0 0 0 0 0 0 0
num evicts: 11000000, p: 0, s: 2334180 	 max proactive lookup: 16, max shadow lookup: 16
current cycle = 14994794, last update cycle = 10000001, delta = 4994793
	load umon |	misses = 25645, hits= 0 0 0 0 0 0 0 0 0 0 0 0 1 42 95 61
	write umon |	misses = 8500, hits= 0 0 0 0 0 0 0 0 0 0 0 0 0 0 0 0
num evicts: 11100000, p: 0, s: 2348978 	 max proactive lookup: 16, max shadow lookup: 16
current cycle = 15128129, last update cycle = 15000001, delta = 128128
	load umon |	misses = 13205, hits= 0 0 0 0 0 0 0 0 0 0 0 0 0 21 47 30
	write umon |	misses = 4374, hits= 0 0 0 0 0 0 0 0 0 0 0 0 0 0 0 0
num evicts: 11200000, p: 0, s: 2363655 	 max proactive lookup: 16, max shadow lookup: 16
current cycle = 15261460, last update cycle = 15000001, delta = 261459
	load umon |	misses = 13593, hits= 0 0 0 0 0 0 0 0 0 0 0 0 0 21 47 30
	write umon |	misses = 4504, hits= 0 0 0 0 0 0 0 0 0 0 0 0 0 0 0 0
num evicts: 11300000, p: 0, s: 2378975 	 max proactive lookup: 16, max shadow lookup: 16
current cycle = 15394794, last update cycle = 15000001, delta = 394793
	load umon |	misses = 13989, hits= 0 0 0 0 0 0 0 0 0 0 0 0 0 21 47 30
	write umon |	misses = 4638, hits= 0 0 0 0 0 0 0 0 0 0 0 0 0 0 0 0
num evicts: 11400000, p: 0, s: 2393592 	 max proactive lookup: 16, max shadow lookup: 16
current cycle = 15528128, last update cycle = 15000001, delta = 528127
	load umon |	misses = 14375, hits= 0 0 0 0 0 0 0 0 0 0 0 0 0 21 47 30
	write umon |	misses = 4766, hits= 0 0 0 0 0 0 0 0 0 0 0 0 0 0 0 0
num evicts: 11500000, p: 0, s: 2408758 	 max proactive lookup: 16, max shadow lookup: 16
current cycle = 15661460, last update cycle = 15000001, delta = 661459
	load umon |	misses = 14766, hits= 0 0 0 0 0 0 0 0 0 0 0 0 0 21 47 30
	write umon |	misses = 4895, hits= 0 0 0 0 0 0 0 0 0 0 0 0 0 0 0 0
num evicts: 11600000, p: 0, s: 2424564 	 max proactive lookup: 16, max shadow lookup: 16
current cycle = 15794800, last update cycle = 15000001, delta = 794799
	load umon |	misses = 15154, hits= 0 0 0 0 0 0 0 0 0 0 0 0 0 21 51 33
	write umon |	misses = 5024, hits= 0 0 0 0 0 0 0 0 0 0 0 0 0 0 0 0
num evicts: 11700000, p: 0, s: 2437787 	 max proactive lookup: 16, max shadow lookup: 16
current cycle = 15928151, last update cycle = 15000001, delta = 928150
	load umon |	misses = 15552, hits= 0 0 0 0 0 0 0 0 0 0 0 2 0 22 56 41
	write umon |	misses = 5158, hits= 0 0 0 0 0 0 0 0 0 0 0 0 0 0 0 0
num evicts: 11800000, p: 0, s: 2450984 	 max proactive lookup: 16, max shadow lookup: 16
current cycle = 16061485, last update cycle = 15000001, delta = 1061484
	load umon |	misses = 15942, hits= 0 0 0 0 0 0 0 0 0 0 0 2 0 22 56 41
	write umon |	misses = 5286, hits= 0 0 0 0 0 0 0 0 0 0 0 0 0 0 0 0
num evicts: 11900000, p: 0, s: 2464555 	 max proactive lookup: 16, max shadow lookup: 16
current cycle = 16194818, last update cycle = 15000001, delta = 1194817
	load umon |	misses = 16328, hits= 0 0 0 0 0 0 0 0 0 0 0 2 0 22 56 41
	write umon |	misses = 5416, hits= 0 0 0 0 0 0 0 0 0 0 0 0 0 0 0 0
num evicts: 12000000, p: 0, s: 2478016 	 max proactive lookup: 16, max shadow lookup: 16
current cycle = 16328150, last update cycle = 15000001, delta = 1328149
	load umon |	misses = 16726, hits= 0 0 0 0 0 0 0 0 0 0 0 2 0 22 56 41
	write umon |	misses = 5550, hits= 0 0 0 0 0 0 0 0 0 0 0 0 0 0 0 0
num evicts: 12100000, p: 0, s: 2491316 	 max proactive lookup: 16, max shadow lookup: 16
current cycle = 16461484, last update cycle = 15000001, delta = 1461483
	load umon |	misses = 17112, hits= 0 0 0 0 0 0 0 0 0 0 0 2 0 22 56 41
	write umon |	misses = 5678, hits= 0 0 0 0 0 0 0 0 0 0 0 0 0 0 0 0
num evicts: 12200000, p: 0, s: 2504730 	 max proactive lookup: 16, max shadow lookup: 16
current cycle = 16594817, last update cycle = 15000001, delta = 1594816
	load umon |	misses = 17503, hits= 0 0 0 0 0 0 0 0 0 0 0 2 0 22 56 41
	write umon |	misses = 5807, hits= 0 0 0 0 0 0 0 0 0 0 0 0 0 0 0 0
Warmup finished CPU 0 instructions: 25000003 cycles: 16643466 cumulative IPC: 1.502 (Simulation time: 01 hr 13 min 15 sec)
Warmup finished CPU 1 instructions: 25000003 cycles: 16644108 cumulative IPC: 1.502 (Simulation time: 01 hr 13 min 15 sec)
Warmup finished CPU 2 instructions: 25000003 cycles: 16645629 cumulative IPC: 1.502 (Simulation time: 01 hr 13 min 16 sec)
Warmup finished CPU 3 instructions: 25000003 cycles: 16645670 cumulative IPC: 1.502 (Simulation time: 01 hr 13 min 16 sec)
Warmup finished CPU 4 instructions: 25000003 cycles: 16645718 cumulative IPC: 1.502 (Simulation time: 01 hr 13 min 16 sec)
Warmup finished CPU 5 instructions: 25000003 cycles: 16645760 cumulative IPC: 1.502 (Simulation time: 01 hr 13 min 16 sec)
Warmup finished CPU 6 instructions: 25000003 cycles: 16645824 cumulative IPC: 1.502 (Simulation time: 01 hr 13 min 16 sec)
Warmup finished CPU 7 instructions: 25000003 cycles: 16645905 cumulative IPC: 1.502 (Simulation time: 01 hr 13 min 16 sec)
Warmup complete CPU 7 instructions: 25000003 cycles: 16645905 cumulative IPC: 1.502 (Simulation time: 01 hr 13 min 16 sec)
Warmup complete CPU 6 instructions: 25000116 cycles: 16645905 cumulative IPC: 1.502 (Simulation time: 01 hr 13 min 16 sec)
Warmup complete CPU 5 instructions: 25000212 cycles: 16645905 cumulative IPC: 1.502 (Simulation time: 01 hr 13 min 16 sec)
Warmup complete CPU 4 instructions: 25000261 cycles: 16645905 cumulative IPC: 1.502 (Simulation time: 01 hr 13 min 16 sec)
Warmup complete CPU 3 instructions: 25000356 cycles: 16645905 cumulative IPC: 1.502 (Simulation time: 01 hr 13 min 16 sec)
Warmup complete CPU 2 instructions: 25000405 cycles: 16645905 cumulative IPC: 1.502 (Simulation time: 01 hr 13 min 16 sec)
Warmup complete CPU 1 instructions: 25002708 cycles: 16645905 cumulative IPC: 1.502 (Simulation time: 01 hr 13 min 16 sec)
Warmup complete CPU 0 instructions: 25003668 cycles: 16645905 cumulative IPC: 1.502 (Simulation time: 01 hr 13 min 16 sec)
num evicts: 12300000, p: 0, s: 2518506 	 max proactive lookup: 16, max shadow lookup: 16
current cycle = 17366895, last update cycle = 15000001, delta = 2366894
	load umon |	misses = 17890, hits= 0 0 0 0 0 0 0 0 0 0 0 2 0 22 56 41
	write umon |	misses = 5937, hits= 0 0 0 0 0 0 0 0 0 0 0 0 0 0 0 0
num evicts: 12400000, p: 0, s: 2535055 	 max proactive lookup: 16, max shadow lookup: 16
current cycle = 18519727, last update cycle = 15000001, delta = 3519726
	load umon |	misses = 18284, hits= 0 0 0 0 0 0 0 0 0 0 0 2 0 23 62 42
	write umon |	misses = 6068, hits= 0 0 0 0 0 0 0 0 0 0 0 0 0 0 0 0
num evicts: 12500000, p: 0, s: 2555514 	 max proactive lookup: 16, max shadow lookup: 16
current cycle = 19668976, last update cycle = 15000001, delta = 4668975
	load umon |	misses = 18676, hits= 0 0 0 0 0 0 0 0 0 0 0 2 0 23 77 42
	write umon |	misses = 6199, hits= 0 0 0 0 0 0 0 0 0 0 0 0 0 0 0 0
num evicts: 12600000, p: 0, s: 2578012 	 max proactive lookup: 16, max shadow lookup: 16
current cycle = 20788177, last update cycle = 20000012, delta = 788165
	load umon |	misses = 9669, hits= 0 0 0 0 0 0 0 0 0 0 0 1 0 11 38 21
	write umon |	misses = 3210, hits= 0 0 0 0 0 0 0 0 0 0 0 0 0 0 0 0
num evicts: 12700000, p: 0, s: 2601135 	 max proactive lookup: 16, max shadow lookup: 16
current cycle = 21884740, last update cycle = 20000012, delta = 1884728
	load umon |	misses = 10060, hits= 0 0 0 0 0 0 0 0 0 0 0 1 0 11 38 21
	write umon |	misses = 3341, hits= 0 0 0 0 0 0 0 0 0 0 0 0 0 0 0 0
num evicts: 12800000, p: 0, s: 2622990 	 max proactive lookup: 16, max shadow lookup: 16
current cycle = 23003362, last update cycle = 20000012, delta = 3003350
	load umon |	misses = 10453, hits= 0 0 0 0 0 0 0 0 0 0 0 1 0 11 38 21
	write umon |	misses = 3469, hits= 0 0 0 0 0 0 0 0 0 0 0 0 0 0 0 0
num evicts: 12900000, p: 0, s: 2643799 	 max proactive lookup: 16, max shadow lookup: 16
current cycle = 24124336, last update cycle = 20000012, delta = 4124324
	load umon |	misses = 10844, hits= 0 0 0 0 0 0 0 0 0 0 0 1 0 11 38 21
	write umon |	misses = 3603, hits= 0 0 0 0 0 0 0 0 0 0 0 0 0 0 0 0
num evicts: 13000000, p: 0, s: 2666899 	 max proactive lookup: 16, max shadow lookup: 16
current cycle = 25244216, last update cycle = 25000019, delta = 244197
	load umon |	misses = 5659, hits= 0 0 0 0 0 0 0 0 0 0 0 0 0 5 19 10
	write umon |	misses = 1879, hits= 0 0 0 0 0 0 0 0 0 0 0 0 0 0 0 0
num evicts: 13100000, p: 0, s: 2689169 	 max proactive lookup: 16, max shadow lookup: 16
current cycle = 26367513, last update cycle = 25000019, delta = 1367494
	load umon |	misses = 6046, hits= 0 0 0 0 0 0 0 0 0 0 0 0 0 5 19 10
	write umon |	misses = 2008, hits= 0 0 0 0 0 0 0 0 0 0 0 0 0 0 0 0
num evicts: 13200000, p: 0, s: 2711661 	 max proactive lookup: 16, max shadow lookup: 16
current cycle = 27503134, last update cycle = 25000019, delta = 2503115
	load umon |	misses = 6440, hits= 0 0 0 0 0 0 0 0 0 0 0 0 0 5 33 10
	write umon |	misses = 2138, hits= 0 0 0 0 0 0 0 0 0 0 0 0 0 0 0 0
num evicts: 13300000, p: 0, s: 2732513 	 max proactive lookup: 16, max shadow lookup: 16
current cycle = 28650865, last update cycle = 25000019, delta = 3650846
	load umon |	misses = 6832, hits= 0 0 0 0 0 0 0 0 0 0 0 0 0 5 42 10
	write umon |	misses = 2270, hits= 0 0 0 0 0 0 0 0 0 0 0 0 0 0 0 0
num evicts: 13400000, p: 0, s: 2753613 	 max proactive lookup: 16, max shadow lookup: 16
current cycle = 29786473, last update cycle = 25000019, delta = 4786454
	load umon |	misses = 7221, hits= 0 0 0 0 0 0 0 0 0 0 0 0 0 5 42 10
	write umon |	misses = 2400, hits= 0 0 0 0 0 0 0 0 0 0 0 0 0 0 0 0
num evicts: 13500000, p: 0, s: 2772828 	 max proactive lookup: 16, max shadow lookup: 16
current cycle = 30910938, last update cycle = 30000337, delta = 910601
	load umon |	misses = 3961, hits= 0 0 0 0 0 0 0 0 0 0 0 0 0 2 21 5
	write umon |	misses = 1316, hits= 0 0 0 0 0 0 0 0 0 0 0 0 0 0 0 0
num evicts: 13600000, p: 0, s: 2792723 	 max proactive lookup: 16, max shadow lookup: 16
current cycle = 32050190, last update cycle = 30000337, delta = 2049853
	load umon |	misses = 4355, hits= 0 0 0 0 0 0 0 0 0 0 0 0 0 2 21 5
	write umon |	misses = 1447, hits= 0 0 0 0 0 0 0 0 0 0 0 0 0 0 0 0
num evicts: 13700000, p: 0, s: 2811775 	 max proactive lookup: 16, max shadow lookup: 16
current cycle = 33179498, last update cycle = 30000337, delta = 3179161
	load umon |	misses = 4746, hits= 0 0 0 0 0 0 0 0 0 0 0 0 0 2 21 5
	write umon |	misses = 1579, hits= 0 0 0 0 0 0 0 0 0 0 0 0 0 0 0 0
num evicts: 13800000, p: 0, s: 2831120 	 max proactive lookup: 16, max shadow lookup: 16
current cycle = 34293238, last update cycle = 30000337, delta = 4292901
	load umon |	misses = 5135, hits= 0 0 0 0 0 0 0 0 0 0 0 0 0 2 21 5
	write umon |	misses = 1709, hits= 0 0 0 0 0 0 0 0 0 0 0 0 0 0 0 0
num evicts: 13900000, p: 0, s: 2849758 	 max proactive lookup: 16, max shadow lookup: 16
current cycle = 35420218, last update cycle = 35000340, delta = 419878
	load umon |	misses = 2836, hits= 0 0 0 0 0 0 0 0 0 0 0 0 0 1 12 2
	write umon |	misses = 943, hits= 0 0 0 0 0 0 0 0 0 0 0 0 0 0 0 0
num evicts: 14000000, p: 0, s: 2868379 	 max proactive lookup: 16, max shadow lookup: 16
current cycle = 36577174, last update cycle = 35000340, delta = 1576834
	load umon |	misses = 3228, hits= 0 0 0 0 0 0 0 0 0 0 0 0 0 1 25 2
	write umon |	misses = 1074, hits= 0 0 0 0 0 0 0 0 0 0 0 0 0 0 0 0
num evicts: 14100000, p: 0, s: 2890921 	 max proactive lookup: 16, max shadow lookup: 16
current cycle = 37719690, last update cycle = 35000340, delta = 2719350
	load umon |	misses = 3619, hits= 0 0 0 0 0 0 0 0 0 0 0 0 0 1 33 2
	write umon |	misses = 1205, hits= 0 0 0 0 0 0 0 0 0 0 0 0 0 0 0 0
num evicts: 14200000, p: 0, s: 2914153 	 max proactive lookup: 16, max shadow lookup: 16
current cycle = 38823072, last update cycle = 35000340, delta = 3822732
	load umon |	misses = 4007, hits= 0 0 0 0 0 0 0 0 0 0 0 0 0 1 33 2
	write umon |	misses = 1334, hits= 0 0 0 0 0 0 0 0 0 0 0 0 0 0 0 0
num evicts: 14300000, p: 0, s: 2936461 	 max proactive lookup: 16, max shadow lookup: 16
current cycle = 39954705, last update cycle = 35000340, delta = 4954365
	load umon |	misses = 4398, hits= 0 0 0 0 0 0 0 0 0 0 0 0 0 1 33 2
	write umon |	misses = 1464, hits= 0 0 0 0 0 0 0 0 0 0 0 0 0 0 0 0
num evicts: 14400000, p: 0, s: 2958199 	 max proactive lookup: 16, max shadow lookup: 16
current cycle = 41096833, last update cycle = 40000357, delta = 1096476
	load umon |	misses = 2587, hits= 0 0 0 0 0 0 0 0 0 0 0 0 0 0 16 1
	write umon |	misses = 859, hits= 0 0 0 0 0 0 0 0 0 0 0 0 0 0 0 0
num evicts: 14500000, p: 0, s: 2979939 	 max proactive lookup: 16, max shadow lookup: 16
current cycle = 42220451, last update cycle = 40000357, delta = 2220094
	load umon |	misses = 2974, hits= 0 0 0 0 0 0 0 0 0 0 0 0 0 0 16 1
	write umon |	misses = 991, hits= 0 0 0 0 0 0 0 0 0 0 0 0 0 0 0 0
num evicts: 14600000, p: 0, s: 3002165 	 max proactive lookup: 16, max shadow lookup: 16
current cycle = 43331621, last update cycle = 40000357, delta = 3331264
	load umon |	misses = 3363, hits= 0 0 0 0 0 0 0 0 0 0 0 0 0 0 16 1
	write umon |	misses = 1121, hits= 0 0 0 0 0 0 0 0 0 0 0 0 0 0 0 0
num evicts: 14700000, p: 0, s: 3024829 	 max proactive lookup: 16, max shadow lookup: 16
current cycle = 44449891, last update cycle = 40000357, delta = 4449534
	load umon |	misses = 3755, hits= 0 0 0 0 0 0 0 0 0 0 0 0 0 0 22 1
	write umon |	misses = 1250, hits= 0 0 0 0 0 0 0 0 0 0 0 0 0 0 0 0
Heartbeat CPU 3 instructions: 30000005 cycles: 44743259 heartbeat IPC: 0.3182 cumulative IPC: 0.1779 (Simulation time: 02 hr 02 min 24 sec)
Heartbeat CPU 4 instructions: 30000007 cycles: 44806408 heartbeat IPC: 0.3175 cumulative IPC: 0.1775 (Simulation time: 02 hr 02 min 30 sec)
Heartbeat CPU 7 instructions: 30000005 cycles: 44810294 heartbeat IPC: 0.3175 cumulative IPC: 0.1775 (Simulation time: 02 hr 02 min 31 sec)
Heartbeat CPU 0 instructions: 30000007 cycles: 44855332 heartbeat IPC: 0.317 cumulative IPC: 0.1771 (Simulation time: 02 hr 02 min 35 sec)
Heartbeat CPU 5 instructions: 30000007 cycles: 44901690 heartbeat IPC: 0.3166 cumulative IPC: 0.1769 (Simulation time: 02 hr 02 min 39 sec)
Heartbeat CPU 1 instructions: 30000005 cycles: 44952647 heartbeat IPC: 0.316 cumulative IPC: 0