[VMEM] WARNING: physical memory size is smaller than virtual memory size.

*** ChampSim Multicore Out-of-Order Simulator ***
Warmup Instructions: 25000000
Simulation Instructions: 25000000
Number of CPUs: 8
Page size: 2097152

initializing BARD -- num sampled sets: 64, modulus = 256
CL :	 16.64 ns
CWL :	 15.808 ns
tRP :	 16.224 ns
tRCD :	 16.224 ns
tRAS :	 32.032000000000004 ns
tRTP :	 7.904 ns
tWR :	 30.368000000000002 ns

tCCD_S :	 3.3280000000000003 ns
tCCD_S_WR :	 3.3280000000000003 ns
tCCD_S_WTR :	 22.048000000000002 ns
tCCD_L :	 5.408 ns
tCCD_L_WR :	 20.384 ns
tCCD_L_WTR :	 29.536 ns
tRRD_S :	 3.3280000000000003 ns
tRRD_L :	 5.408 ns
tFAW :	 13.728 ns
Address mapping (perm = 1) 	ch co bg bg bg ba ba co co co co co co ro ro ro ro ro ro ro ro ro ro ro ro ro ro ro 
dram queue size: R = 64 W = 48 (low:high is 9:39)
num evicts: 0, p: 0, s: 0 	 max proactive lookup: 16, max shadow lookup: 16
current cycle = 177608, last update cycle = 0, delta = 177608
	load umon |	misses = 554, hits= 1 0 0 0 0 0 0 1 0 0 0 0 0 1 0 11
	write umon |	misses = 0, hits= 0 0 0 0 0 0 0 0 0 0 0 0 0 0 0 0
num evicts: 100000, p: 0, s: 23610 	 max proactive lookup: 16, max shadow lookup: 16
current cycle = 512164, last update cycle = 0, delta = 512164
	load umon |	misses = 1426, hits= 1 0 0 0 0 0 0 1 0 0 0 0 0 1 0 11
	write umon |	misses = 200, hits= 0 0 0 0 0 0 0 0 0 0 0 0 0 0 0 0
num evicts: 200000, p: 0, s: 49654 	 max proactive lookup: 16, max shadow lookup: 16
current cycle = 662164, last update cycle = 0, delta = 662164
	load umon |	misses = 1810, hits= 1 0 0 0 0 0 0 1 0 0 0 0 0 1 0 11
	write umon |	misses = 392, hits= 0 0 0 0 0 0 0 0 0 0 0 0 0 0 0 0
num evicts: 300000, p: 0, s: 80413 	 max proactive lookup: 16, max shadow lookup: 16
current cycle = 812163, last update cycle = 0, delta = 812163
	load umon |	misses = 2202, hits= 1 0 0 0 0 0 0 1 0 0 0 0 0 1 0 11
	write umon |	misses = 584, hits= 0 0 0 0 0 0 0 0 0 0 0 0 0 0 0 0
num evicts: 400000, p: 0, s: 113032 	 max proactive lookup: 16, max shadow lookup: 16
current cycle = 962169, last update cycle = 0, delta = 962169
	load umon |	misses = 2595, hits= 1 0 0 0 0 0 0 1 0 0 0 0 0 1 4 14
	write umon |	misses = 784, hits= 0 0 0 0 0 0 0 0 0 0 0 0 0 0 0 0
num evicts: 500000, p: 0, s: 154865 	 max proactive lookup: 16, max shadow lookup: 16
current cycle = 1112179, last update cycle = 0, delta = 1112179
	load umon |	misses = 2987, hits= 1 0 0 0 0 0 0 1 0 0 0 1 0 1 8 17
	write umon |	misses = 977, hits= 0 0 0 0 0 0 0 0 0 0 0 0 0 0 0 0
num evicts: 600000, p: 0, s: 196227 	 max proactive lookup: 16, max shadow lookup: 16
current cycle = 1262180, last update cycle = 0, delta = 1262180
	load umon |	misses = 3379, hits= 1 0 0 0 0 0 0 1 0 0 0 1 0 1 8 17
	write umon |	misses = 1176, hits= 0 0 0 0 0 0 0 0 0 0 0 0 0 0 0 0
num evicts: 700000, p: 0, s: 237457 	 max proactive lookup: 16, max shadow lookup: 16
current cycle = 1412180, last update cycle = 0, delta = 1412180
	load umon |	misses = 3765, hits= 1 0 0 0 0 0 0 1 0 0 0 1 0 1 8 17
	write umon |	misses = 1368, hits= 0 0 0 0 0 0 0 0 0 0 0 0 0 0 0 0
num evicts: 800000, p: 0, s: 280752 	 max proactive lookup: 16, max shadow lookup: 16
current cycle = 1562180, last update cycle = 0, delta = 1562180
	load umon |	misses = 4159, hits= 1 0 0 0 0 0 0 1 0 0 0 1 0 1 8 17
	write umon |	misses = 1564, hits= 0 0 0 0 0 0 0 0 0 0 0 0 0 0 0 0
num evicts: 900000, p: 0, s: 324466 	 max proactive lookup: 16, max shadow lookup: 16
current cycle = 1712185, last update cycle = 0, delta = 1712185
	load umon |	misses = 4548, hits= 1 0 0 0 0 0 0 1 0 0 0 1 0 2 10 21
	write umon |	misses = 1760, hits= 0 0 0 0 0 0 0 0 0 0 0 0 0 0 0 0
num evicts: 1000000, p: 0, s: 369060 	 max proactive lookup: 16, max shadow lookup: 16
current cycle = 1862192, last update cycle = 0, delta = 1862192
	load umon |	misses = 4941, hits= 1 0 0 0 0 0 0 1 0 0 0 2 0 2 14 24
	write umon |	misses = 1954, hits= 0 0 0 0 0 0 0 0 0 0 0 0 0 0 0 0
num evicts: 1100000, p: 0, s: 414306 	 max proactive lookup: 16, max shadow lookup: 16
current cycle = 2012194, last update cycle = 0, delta = 2012194
	load umon |	misses = 5332, hits= 1 0 0 0 0 0 0 1 0 0 0 2 0 2 14 24
	write umon |	misses = 2152, hits= 0 0 0 0 0 0 0 0 0 0 0 0 0 0 0 0
num evicts: 1200000, p: 0, s: 460648 	 max proactive lookup: 16, max shadow lookup: 16
current cycle = 2162193, last update cycle = 0, delta = 2162193
	load umon |	misses = 5721, hits= 1 0 0 0 0 0 0 1 0 0 0 2 0 2 14 24
	write umon |	misses = 2344, hits= 0 0 0 0 0 0 0 0 0 0 0 0 0 0 0 0
num evicts: 1300000, p: 0, s: 506369 	 max proactive lookup: 16, max shadow lookup: 16
current cycle = 2312193, last update cycle = 0, delta = 2312193
	load umon |	misses = 6116, hits= 1 0 0 0 0 0 0 1 0 0 0 2 0 2 14 24
	write umon |	misses = 2544, hits= 0 0 0 0 0 0 0 0 0 0 0 0 0 0 0 0
num evicts: 1400000, p: 0, s: 552678 	 max proactive lookup: 16, max shadow lookup: 16
current cycle = 2462202, last update cycle = 0, delta = 2462202
	load umon |	misses = 6501, hits= 1 0 0 0 0 0 0 1 0 0 0 2 0 2 19 26
	write umon |	misses = 2736, hits= 0 0 0 0 0 0 0 0 0 0 0 0 0 0 0 0
num evicts: 1500000, p: 0, s: 601638 	 max proactive lookup: 16, max shadow lookup: 16
current cycle = 2612213, last update cycle = 0, delta = 2612213
	load umon |	misses = 6896, hits= 1 0 0 0 0 0 0 1 0 0 0 2 1 2 24 28
	write umon |	misses = 2932, hits= 0 0 0 0 0 0 0 0 0 0 0 0 0 0 0 0
num evicts: 1600000, p: 0, s: 650846 	 max proactive lookup: 16, max shadow lookup: 16
current cycle = 2762205, last update cycle = 0, delta = 2762205
	load umon |	misses = 7285, hits= 1 0 0 0 0 0 0 1 0 0 0 2 1 2 24 28
	write umon |	misses = 3129, hits= 0 0 0 0 0 0 0 0 0 0 0 0 0 0 0 0
num evicts: 1700000, p: 0, s: 697655 	 max proactive lookup: 16, max shadow lookup: 16
current cycle = 2912206, last update cycle = 0, delta = 2912206
	load umon |	misses = 7671, hits= 1 0 0 0 0 0 0 1 0 0 0 2 1 2 24 28
	write umon |	misses = 3321, hits= 0 0 0 0 0 0 0 0 0 0 0 0 0 0 0 0
num evicts: 1800000, p: 0, s: 744176 	 max proactive lookup: 16, max shadow lookup: 16
current cycle = 3062205, last update cycle = 0, delta = 3062205
	load umon |	misses = 8069, hits= 1 0 0 0 0 0 0 1 0 0 0 2 1 2 24 28
	write umon |	misses = 3520, hits= 0 0 0 0 0 0 0 0 0 0 0 0 0 0 0 0
num evicts: 1900000, p: 0, s: 790653 	 max proactive lookup: 16, max shadow lookup: 16
current cycle = 3212214, last update cycle = 0, delta = 3212214
	load umon |	misses = 8456, hits= 1 0 0 0 0 0 0 1 0 0 0 2 1 2 30 29
	write umon |	misses = 3713, hits= 0 0 0 0 0 0 0 0 0 0 0 0 0 0 0 0
num evicts: 2000000, p: 0, s: 837833 	 max proactive lookup: 16, max shadow lookup: 16
current cycle = 3362222, last update cycle = 0, delta = 3362222
	load umon |	misses = 8853, hits= 1 0 0 0 0 0 0 1 0 0 0 2 1 3 35 31
	write umon |	misses = 3912, hits= 0 0 0 0 0 0 0 0 0 0 0 0 0 0 0 0
num evicts: 2100000, p: 0, s: 882633 	 max proactive lookup: 16, max shadow lookup: 16
current cycle = 3512225, last update cycle = 0, delta = 3512225
	load umon |	misses = 9238, hits= 1 0 0 0 0 0 0 1 0 0 0 2 1 3 35 31
	write umon |	misses = 4105, hits= 0 0 0 0 0 0 0 0 0 0 0 0 0 0 0 0
num evicts: 2200000, p: 0, s: 925916 	 max proactive lookup: 16, max shadow lookup: 16
current cycle = 3662223, last update cycle = 0, delta = 3662223
	load umon |	misses = 9626, hits= 1 0 0 0 0 0 0 1 0 0 0 2 1 3 35 31
	write umon |	misses = 4298, hits= 0 0 0 0 0 0 0 0 0 0 0 0 0 0 0 0
num evicts: 2300000, p: 0, s: 970013 	 max proactive lookup: 16, max shadow lookup: 16
current cycle = 3812222, last update cycle = 0, delta = 3812222
	load umon |	misses = 10022, hits= 1 0 0 0 0 0 0 1 0 0 0 2 1 3 35 31
	write umon |	misses = 4496, hits= 0 0 0 0 0 0 0 0 0 0 0 0 0 0 0 0
num evicts: 2400000, p: 0, s: 1016017 	 max proactive lookup: 16, max shadow lookup: 16
current cycle = 3962222, last update cycle = 0, delta = 3962222
	load umon |	misses = 10407, hits= 1 0 0 0 0 0 0 1 0 0 0 2 1 3 35 31
	write umon |	misses = 4688, hits= 0 0 0 0 0 0 0 0 0 0 0 0 0 0 0 0
num evicts: 2500000, p: 0, s: 1062350 	 max proactive lookup: 16, max shadow lookup: 16
current cycle = 4112251, last update cycle = 0, delta = 4112251
	load umon |	misses = 10807, hits= 1 0 0 0 0 0 0 1 0 0 0 2 1 4 46 34
	write umon |	misses = 4889, hits= 0 0 0 0 0 0 0 0 0 0 0 0 0 0 0 0
num evicts: 2600000, p: 0, s: 1108406 	 max proactive lookup: 16, max shadow lookup: 16
current cycle = 4262236, last update cycle = 0, delta = 4262236
	load umon |	misses = 11192, hits= 1 0 0 0 0 0 0 1 0 0 0 2 1 4 46 34
	write umon |	misses = 5081, hits= 0 0 0 0 0 0 0 0 0 0 0 0 0 0 0 0
num evicts: 2700000, p: 0, s: 1153501 	 max proactive lookup: 16, max shadow lookup: 16
current cycle = 4412236, last update cycle = 0, delta = 4412236
	load umon |	misses = 11585, hits= 1 0 0 0 0 0 0 1 0 0 0 2 1 4 46 34
	write umon |	misses = 5277, hits= 0 0 0 0 0 0 0 0 0 0 0 0 0 0 0 0
num evicts: 2800000, p: 0, s: 1198995 	 max proactive lookup: 16, max shadow lookup: 16
current cycle = 4562237, last update cycle = 0, delta = 4562237
	load umon |	misses = 11975, hits= 1 0 0 0 0 0 0 1 0 0 0 2 1 4 46 34
	write umon |	misses = 5472, hits= 0 0 0 0 0 0 0 0 0 0 0 0 0 0 0 0
num evicts: 2900000, p: 0, s: 1244365 	 max proactive lookup: 16, max shadow lookup: 16
current cycle = 4712237, last update cycle = 0, delta = 4712237
	load umon |	misses = 12362, hits= 1 0 0 0 0 0 0 1 0 0 0 2 1 4 46 34
	write umon |	misses = 5665, hits= 0 0 0 0 0 0 0 0 0 0 0 0 0 0 0 0
num evicts: 3000000, p: 0, s: 1290705 	 max proactive lookup: 16, max shadow lookup: 16
current cycle = 4862246, last update cycle = 0, delta = 4862246
	load umon |	misses = 12760, hits= 1 0 0 0 0 0 0 1 0 0 0 2 1 4 52 35
	write umon |	misses = 5864, hits= 0 0 0 0 0 0 0 0 0 0 0 0 0 0 0 0
num evicts: 3100000, p: 0, s: 1332988 	 max proactive lookup: 16, max shadow lookup: 16
current cycle = 5012251, last update cycle = 5000000, delta = 12251
	load umon |	misses = 6588, hits= 0 0 0 0 0 0 0 0 0 0 0 1 0 3 28 18
	write umon |	misses = 3036, hits= 0 0 0 0 0 0 0 0 0 0 0 0 0 0 0 0
num evicts: 3200000, p: 0, s: 1373271 	 max proactive lookup: 16, max shadow lookup: 16
current cycle = 5162251, last update cycle = 5000000, delta = 162251
	load umon |	misses = 6987, hits= 0 0 0 0 0 0 0 0 0 0 0 1 0 3 28 18
	write umon |	misses = 3235, hits= 0 0 0 0 0 0 0 0 0 0 0 0 0 0 0 0
num evicts: 3300000, p: 0, s: 1415835 	 max proactive lookup: 16, max shadow lookup: 16
current cycle = 5312251, last update cycle = 5000000, delta = 312251
	load umon |	misses = 7372, hits= 0 0 0 0 0 0 0 0 0 0 0 1 0 3 28 18
	write umon |	misses = 3427, hits= 0 0 0 0 0 0 0 0 0 0 0 0 0 0 0 0
num evicts: 3400000, p: 0, s: 1458919 	 max proactive lookup: 16, max shadow lookup: 16
current cycle = 5462251, last update cycle = 5000000, delta = 462251
	load umon |	misses = 7760, hits= 0 0 0 0 0 0 0 0 0 0 0 1 0 3 28 18
	write umon |	misses = 3620, hits= 0 0 0 0 0 0 0 0 0 0 0 0 0 0 0 0
num evicts: 3500000, p: 0, s: 1501327 	 max proactive lookup: 16, max shadow lookup: 16
current cycle = 5612264, last update cycle = 5000000, delta = 612264
	load umon |	misses = 8156, hits= 0 0 0 0 0 0 0 0 0 0 0 1 0 4 32 20
	write umon |	misses = 3819, hits= 0 0 0 0 0 0 0 0 0 0 0 0 0 0 0 0
num evicts: 3600000, p: 0, s: 1543601 	 max proactive lookup: 16, max shadow lookup: 16
current cycle = 5762273, last update cycle = 5000000, delta = 762273
	load umon |	misses = 8543, hits= 0 0 0 0 0 0 0 0 0 0 0 1 0 7 34 23
	write umon |	misses = 4013, hits= 0 0 0 0 0 0 0 0 0 0 0 0 0 0 0 0
num evicts: 3700000, p: 0, s: 1586772 	 max proactive lookup: 16, max shadow lookup: 16
current cycle = 5912264, last update cycle = 5000000, delta = 912264
	load umon |	misses = 8936, hits= 0 0 0 0 0 0 0 0 0 0 0 1 0 7 34 23
	write umon |	misses = 4208, hits= 0 0 0 0 0 0 0 0 0 0 0 0 0 0 0 0
Heartbeat CPU 1 instructions: 10000003 cycles: 5967100 heartbeat IPC: 1.676 cumulative IPC: 1.676 (Simulation time: 00 hr 25 min 36 sec)
Heartbeat CPU 2 instructions: 10000003 cycles: 5968532 heartbeat IPC: 1.675 cumulative IPC: 1.675 (Simulation time: 00 hr 25 min 36 sec)
Heartbeat CPU 3 instructions: 10000003 cycles: 5969038 heartbeat IPC: 1.675 cumulative IPC: 1.675 (Simulation time: 00 hr 25 min 37 sec)
Heartbeat CPU 4 instructions: 10000003 cycles: 5969119 heartbeat IPC: 1.675 cumulative IPC: 1.675 (Simulation time: 00 hr 25 min 37 sec)
Heartbeat CPU 5 instructions: 10000003 cycles: 5969368 heartbeat IPC: 1.675 cumulative IPC: 1.675 (Simulation time: 00 hr 25 min 37 sec)
Heartbeat CPU 6 instructions: 10000003 cycles: 5969600 heartbeat IPC: 1.675 cumulative IPC: 1.675 (Simulation time: 00 hr 25 min 37 sec)
Heartbeat CPU 7 instructions: 10000003 cycles: 5969864 heartbeat IPC: 1.675 cumulative IPC: 1.675 (Simulation time: 00 hr 25 min 37 sec)
Heartbeat CPU 0 instructions: 10000003 cycles: 5970042 heartbeat IPC: 1.675 cumulative IPC: 1.675 (Simulation time: 00 hr 25 min 37 sec)
num evicts: 3800000, p: 0, s: 1631399 	 max proactive lookup: 16, max shadow lookup: 16
current cycle = 6062265, last update cycle = 5000000, delta = 1062265
	load umon |	misses = 9324, hits= 0 0 0 0 0 0 0 0 0 0 0 1 0 7 34 23
	write umon |	misses = 4403, hits= 0 0 0 0 0 0 0 0 0 0 0 0 0 0 0 0
num evicts: 3900000, p: 0, s: 1675793 	 max proactive lookup: 16, max shadow lookup: 16
current cycle = 6212264, last update cycle = 5000000, delta = 1212264
	load umon |	misses = 9716, hits= 0 0 0 0 0 0 0 0 0 0 0 1 0 7 34 23
	write umon |	misses = 4596, hits= 0 0 0 0 0 0 0 0 0 0 0 0 0 0 0 0
num evicts: 4000000, p: 0, s: 1720232 	 max proactive lookup: 16, max shadow lookup: 16
current cycle = 6362272, last update cycle = 5000000, delta = 1362272
	load umon |	misses = 10109, hits= 0 0 0 0 0 0 0 0 0 0 0 1 0 8 38 25
	write umon |	misses = 4795, hits= 0 0 0 0 0 0 0 0 0 0 0 0 0 0 0 0
num evicts: 4100000, p: 0, s: 1765424 	 max proactive lookup: 16, max shadow lookup: 16
current cycle = 6512280, last update cycle = 5000000, delta = 1512280
	load umon |	misses = 10498, hits= 0 0 0 0 0 0 0 0 0 0 0 1 0 10 43 26
	write umon |	misses = 4989, hits= 0 0 0 0 0 0 0 0 0 0 0 0 0 0 0 0
num evicts: 4200000, p: 0, s: 1811201 	 max proactive lookup: 16, max shadow lookup: 16
current cycle = 6662280, last update cycle = 5000000, delta = 1662280
	load umon |	misses = 10891, hits= 0 0 0 0 0 0 0 0 0 0 0 1 0 10 43 26
	write umon |	misses = 5186, hits= 0 0 0 0 0 0 0 0 0 0 0 0 0 0 0 0
num evicts: 4300000, p: 0, s: 1855893 	 max proactive lookup: 16, max shadow lookup: 16
current cycle = 6812281, last update cycle = 5000000, delta = 1812281
	load umon |	misses = 11277, hits= 0 0 0 0 0 0 0 0 0 0 0 1 0 10 43 26
	write umon |	misses = 5379, hits= 0 0 0 0 0 0 0 0 0 0 0 0 0 0 0 0
num evicts: 4400000, p: 0, s: 1900539 	 max proactive lookup: 16, max shadow lookup: 16
current cycle = 6962280, last update cycle = 5000000, delta = 1962280
	load umon |	misses = 11672, hits= 0 0 0 0 0 0 0 0 0 0 0 1 0 10 43 26
	write umon |	misses = 5574, hits= 0 0 0 0 0 0 0 0 0 0 0 0 0 0 0 0
num evicts: 4500000, p: 0, s: 1945401 	 max proactive lookup: 16, max shadow lookup: 16
current cycle = 7112280, last update cycle = 5000000, delta = 2112280
	load umon |	misses = 12061, hits= 0 0 0 0 0 0 0 0 0 0 0 1 0 10 43 26
	write umon |	misses = 5771, hits= 0 0 0 0 0 0 0 0 0 0 0 0 0 0 0 0
num evicts: 4600000, p: 0, s: 1990032 	 max proactive lookup: 16, max shadow lookup: 16
current cycle = 7262303, last update cycle = 5000000, delta = 2262303
	load umon |	misses = 12453, hits= 0 0 0 0 0 0 0 0 0 0 0 1 0 13 52 29
	write umon |	misses = 5965, hits= 0 0 0 0 0 0 0 0 0 0 0 0 0 0 0 0
num evicts: 4700000, p: 0, s: 2035831 	 max proactive lookup: 16, max shadow lookup: 16
current cycle = 7412294, last update cycle = 5000000, delta = 2412294
	load umon |	misses = 12846, hits= 0 0 0 0 0 0 0 0 0 0 0 1 0 13 52 29
	write umon |	misses = 6164, hits= 0 0 0 0 0 0 0 0 0 0 0 0 0 0 0 0
num evicts: 4800000, p: 0, s: 2082131 	 max proactive lookup: 16, max shadow lookup: 16
current cycle = 7562294, last update cycle = 5000000, delta = 2562294
	load umon |	misses = 13232, hits= 0 0 0 0 0 0 0 0 0 0 0 1 0 13 52 29
	write umon |	misses = 6356, hits= 0 0 0 0 0 0 0 0 0 0 0 0 0 0 0 0
num evicts: 4900000, p: 0, s: 2128602 	 max proactive lookup: 16, max shadow lookup: 16
current cycle = 7712294, last update cycle = 5000000, delta = 2712294
	load umon |	misses = 13628, hits= 0 0 0 0 0 0 0 0 0 0 0 1 0 13 52 29
	write umon |	misses = 6553, hits= 0 0 0 0 0 0 0 0 0 0 0 0 0 0 0 0
num evicts: 5000000, p: 0, s: 2175341 	 max proactive lookup: 16, max shadow lookup: 16
current cycle = 7862295, last update cycle = 5000000, delta = 2862295
	load umon |	misses = 14014, hits= 0 0 0 0 0 0 0 0 0 0 0 1 0 13 52 29
	write umon |	misses = 6747, hits= 0 0 0 0 0 0 0 0 0 0 0 0 0 0 0 0
num evicts: 5100000, p: 0, s: 2221368 	 max proactive lookup: 16, max shadow lookup: 16
current cycle = 8012301, last update cycle = 5000000, delta = 3012301
	load umon |	misses = 14403, hits= 0 0 0 0 0 0 0 0 0 0 0 1 0 14 57 30
	write umon |	misses = 6941, hits= 0 0 0 0 0 0 0 0 0 0 0 0 0 0 0 0
num evicts: 5200000, p: 0, s: 2268554 	 max proactive lookup: 16, max shadow lookup: 16
current cycle = 8162308, last update cycle = 5000000, delta = 3162308
	load umon |	misses = 14799, hits= 0 0 0 0 0 0 0 0 0 0 0 1 0 15 63 31
	write umon |	misses = 7140, hits= 0 0 0 0 0 0 0 0 0 0 0 0 0 0 0 0
num evicts: 5300000, p: 0, s: 2316061 	 max proactive lookup: 16, max shadow lookup: 16
current cycle = 8312307, last update cycle = 5000000, delta = 3312307
	load umon |	misses = 15185, hits= 0 0 0 0 0 0 0 0 0 0 0 1 0 15 63 31
	write umon |	misses = 7332, hits= 0 0 0 0 0 0 0 0 0 0 0 0 0 0 0 0
num evicts: 5400000, p: 0, s: 2363804 	 max proactive lookup: 16, max shadow lookup: 16
current cycle = 8462308, last update cycle = 5000000, delta = 3462308
	load umon |	misses = 15583, hits= 0 0 0 0 0 0 0 0 0 0 0 1 0 15 63 31
	write umon |	misses = 7531, hits= 0 0 0 0 0 0 0 0 0 0 0 0 0 0 0 0
num evicts: 5500000, p: 0, s: 2410397 	 max proactive lookup: 16, max shadow lookup: 16
current cycle = 8612308, last update cycle = 5000000, delta = 3612308
	load umon |	misses = 15968, hits= 0 0 0 0 0 0 0 0 0 0 0 1 0 15 63 31
	write umon |	misses = 7723, hits= 0 0 0 0 0 0 0 0 0 0 0 0 0 0 0 0
num evicts: 5600000, p: 0, s: 2457220 	 max proactive lookup: 16, max shadow lookup: 16
current cycle = 8762318, last update cycle = 5000000, delta = 3762318
	load umon |	misses = 16362, hits= 0 0 0 0 0 0 0 0 0 0 0 1 0 15 69 32
	write umon |	misses = 7920, hits= 0 0 0 0 0 0 0 0 0 0 0 0 0 0 0 0
num evicts: 5700000, p: 0, s: 2504663 	 max proactive lookup: 16, max shadow lookup: 16
current cycle = 8912322, last update cycle = 5000000, delta = 3912322
	load umon |	misses = 16752, hits= 0 0 0 0 0 0 0 0 0 0 0 1 0 17 74 33
	write umon |	misses = 8116, hits= 0 0 0 0 0 0 0 0 0 0 0 0 0 0 0 0
num evicts: 5800000, p: 0, s: 2551291 	 max proactive lookup: 16, max shadow lookup: 16
current cycle = 9062321, last update cycle = 5000000, delta = 4062321
	load umon |	misses = 17139, hits= 0 0 0 0 0 0 0 0 0 0 0 1 0 17 74 33
	write umon |	misses = 8309, hits= 0 0 0 0 0 0 0 0 0 0 0 0 0 0 0 0
num evicts: 5900000, p: 0, s: 2597784 	 max proactive lookup: 16, max shadow lookup: 16
current cycle = 9212321, last update cycle = 5000000, delta = 4212321
	load umon |	misses = 17536, hits= 0 0 0 0 0 0 0 0 0 0 0 1 0 17 74 33
	write umon |	misses = 8507, hits= 0 0 0 0 0 0 0 0 0 0 0 0 0 0 0 0
num evicts: 6000000, p: 0, s: 2645018 	 max proactive lookup: 16, max shadow lookup: 16
current cycle = 9362321, last update cycle = 5000000, delta = 4362321
	load umon |	misses = 17921, hits= 0 0 0 0 0 0 0 0 0 0 0 1 0 17 74 33
	write umon |	misses = 8699, hits= 0 0 0 0 0 0 0 0 0 0 0 0 0 0 0 0
num evicts: 6100000, p: 0, s: 2691792 	 max proactive lookup: 16, max shadow lookup: 16
current cycle = 9512331, last update cycle = 5000000, delta = 4512331
	load umon |	misses = 18321, hits= 0 0 0 0 0 0 0 0 0 0 0 1 0 17 80 34
	write umon |	misses = 8899, hits= 0 0 0 0 0 0 0 0 0 0 0 0 0 0 0 0
num evicts: 6200000, p: 0, s: 2738013 	 max proactive lookup: 16, max shadow lookup: 16
current cycle = 9662339, last update cycle = 5000000, delta = 4662339
	load umon |	misses = 18706, hits= 0 0 0 0 0 0 0 0 0 0 0 1 0 19 84 36
	write umon |	misses = 9092, hits= 0 0 0 0 0 0 0 0 0 0 0 0 0 0 0 0
num evicts: 6300000, p: 0, s: 2784425 	 max proactive lookup: 16, max shadow lookup: 16
current cycle = 9812336, last update cycle = 5000000, delta = 4812336
	load umon |	misses = 19094, hits= 0 0 0 0 0 0 0 0 0 0 0 1 0 19 84 36
	write umon |	misses = 9285, hits= 0 0 0 0 0 0 0 0 0 0 0 0 0 0 0 0
num evicts: 6400000, p: 0, s: 2831045 	 max proactive lookup: 16, max shadow lookup: 16
current cycle = 9962336, last update cycle = 5000000, delta = 4962336
	load umon |	misses = 19489, hits= 0 0 0 0 0 0 0 0 0 0 0 1 0 19 84 36
	write umon |	misses = 9483, hits= 0 0 0 0 0 0 0 0 0 0 0 0 0 0 0 0
num evicts: 6500000, p: 0, s: 2877513 	 max proactive lookup: 16, max shadow lookup: 16
current cycle = 10112336, last update cycle = 10000001, delta = 112335
	load umon |	misses = 10082, hits= 0 0 0 0 0 0 0 0 0 0 0 0 0 9 42 18
	write umon |	misses = 4909, hits= 0 0 0 0 0 0 0 0 0 0 0 0 0 0 0 0
num evicts: 6600000, p: 0, s: 2923381 	 max proactive lookup: 16, max shadow lookup: 16
current cycle = 10262362, last update cycle = 10000001, delta = 262361
	load umon |	misses = 10481, hits= 0 0 0 0 0 0 0 0 0 0 0 0 0 9 48 19
	write umon |	misses = 5109, hits= 0 0 0 0 0 0 0 0 0 0 0 0 0 0 0 0
num evicts: 6700000, p: 0, s: 2969554 	 max proactive lookup: 16, max shadow lookup: 16
current cycle = 10412353, last update cycle = 10000001, delta = 412352
	load umon |	misses = 10866, hits= 0 0 0 0 0 0 0 0 0 0 0 0 0 10 54 20
	write umon |	misses = 5302, hits= 0 0 0 0 0 0 0 0 0 0 0 0 0 0 0 0
num evicts: 6800000, p: 0, s: 3015251 	 max proactive lookup: 16, max shadow lookup: 16
current cycle = 10562352, last update cycle = 10000001, delta = 562351
	load umon |	misses = 11257, hits= 0 0 0 0 0 0 0 0 0 0 0 0 0 10 54 20
	write umon |	misses = 5495, hits= 0 0 0 0 0 0 0 0 0 0 0 0 0 0 0 0
num evicts: 6900000, p: 0, s: 3061089 	 max proactive lookup: 16, max shadow lookup: 16
current cycle = 10712352, last update cycle = 10000001, delta = 712351
	load umon |	misses = 11649, hits= 0 0 0 0 0 0 0 0 0 0 0 0 0 10 54 20
	write umon |	misses = 5693, hits= 0 0 0 0 0 0 0 0 0 0 0 0 0 0 0 0
num evicts: 7000000, p: 0, s: 3108186 	 max proactive lookup: 16, max shadow lookup: 16
current cycle = 10862352, last update cycle = 10000001, delta = 862351
	load umon |	misses = 12038, hits= 0 0 0 0 0 0 0 0 0 0 0 0 0 10 54 20
	write umon |	misses = 5886, hits= 0 0 0 0 0 0 0 0 0 0 0 0 0 0 0 0
num evicts: 7100000, p: 0, s: 3154605 	 max proactive lookup: 16, max shadow lookup: 16
current cycle = 11012352, last update cycle = 10000001, delta = 1012351
	load umon |	misses = 12431, hits= 0 0 0 0 0 0 0 0 0 0 0 0 0 10 54 20
	write umon |	misses = 6083, hits= 0 0 0 0 0 0 0 0 0 0 0 0 0 0 0 0
num evicts: 7200000, p: 0, s: 3200473 	 max proactive lookup: 16, max shadow lookup: 16
current cycle = 11162358, last update cycle = 10000001, delta = 1162357
	load umon |	misses = 12818, hits= 0 0 0 0 0 0 0 0 0 0 0 0 0 11 58 22
	write umon |	misses = 6277, hits= 0 0 0 0 0 0 0 0 0 0 0 0 0 0 0 0
num evicts: 7300000, p: 0, s: 3248162 	 max proactive lookup: 16, max shadow lookup: 16
current cycle = 11312367, last update cycle = 10000001, delta = 1312366
	load umon |	misses = 13213, hits= 0 0 0 0 0 0 0 0 0 0 0 0 0 12 64 23
	write umon |	misses = 6473, hits= 0 0 0 0 0 0 0 0 0 0 0 0 0 0 0 0
num evicts: 7400000, p: 0, s: 3296002 	 max proactive lookup: 16, max shadow lookup: 16
current cycle = 11462367, last update cycle = 10000001, delta = 1462366
	load umon |	misses = 13602, hits= 0 0 0 0 0 0 0 0 0 0 0 0 0 12 64 23
	write umon |	misses = 6669, hits= 0 0 0 0 0 0 0 0 0 0 0 0 0 0 0 0
num evicts: 7500000, p: 0, s: 3341957 	 max proactive lookup: 16, max shadow lookup: 16
current cycle = 11612369, last update cycle = 10000001, delta = 1612368
	load umon |	misses = 13993, hits= 0 0 0 0 0 0 0 0 0 0 0 0 0 12 64 23
	write umon |	misses = 6862, hits= 0 0 0 0 0 0 0 0 0 0 0 0 0 0 0 0
num evicts: 7600000, p: 0, s: 3388692 	 max proactive lookup: 16, max shadow lookup: 16
current cycle = 11762367, last update cycle = 10000001, delta = 1762366
	load umon |	misses = 14386, hits= 0 0 0 0 0 0 0 0 0 0 0 0 0 12 64 23
	write umon |	misses = 7061, hits= 0 0 0 0 0 0 0 0 0 0 0 0 0 0 0 0
num evicts: 7700000, p: 0, s: 3434455 	 max proactive lookup: 16, max shadow lookup: 16
current cycle = 11912373, last update cycle = 10000001, delta = 1912372
	load umon |	misses = 14773, hits= 0 0 0 0 0 0 0 0 0 0 0 0 0 13 68 25
	write umon |	misses = 7254, hits= 0 0 0 0 0 0 0 0 0 0 0 0 0 0 0 0
Heartbeat CPU 1 instructions: 20000003 cycles: 11967244 heartbeat IPC: 1.667 cumulative IPC: 1.671 (Simulation time: 00 hr 51 min 27 sec)
Heartbeat CPU 2 instructions: 20000003 cycles: 11968557 heartbeat IPC: 1.667 cumulative IPC: 1.671 (Simulation time: 00 hr 51 min 27 sec)
Heartbeat CPU 3 instructions: 20000003 cycles: 11968966 heartbeat IPC: 1.667 cumulative IPC: 1.671 (Simulation time: 00 hr 51 min 27 sec)
Heartbeat CPU 4 instructions: 20000003 cycles: 11969326 heartbeat IPC: 1.667 cumulative IPC: 1.671 (Simulation time: 00 hr 51 min 27 sec)
Heartbeat CPU 5 instructions: 20000003 cycles: 11969535 heartbeat IPC: 1.667 cumulative IPC: 1.671 (Simulation time: 00 hr 51 min 27 sec)
Heartbeat CPU 6 instructions: 20000003 cycles: 11969727 heartbeat IPC: 1.667 cumulative IPC: 1.671 (Simulation time: 00 hr 51 min 27 sec)
Heartbeat CPU 7 instructions: 20000003 cycles: 11970017 heartbeat IPC: 1.667 cumulative IPC: 1.671 (Simulation time: 00 hr 51 min 27 sec)
Heartbeat CPU 0 instructions: 20000003 cycles: 11970202 heartbeat IPC: 1.667 cumulative IPC: 1.671 (Simulation time: 00 hr 51 min 27 sec)
num evicts: 7800000, p: 0, s: 3480972 	 max proactive lookup: 16, max shadow lookup: 16
current cycle = 12062380, last update cycle = 10000001, delta = 2062379
	load umon |	misses = 15168, hits= 0 0 0 0 0 0 0 0 0 0 0 0 0 15 72 27
	write umon |	misses = 7451, hits= 0 0 0 0 0 0 0 0 0 0 0 0 0 0 0 0
num evicts: 7900000, p: 0, s: 3528724 	 max proactive lookup: 16, max shadow lookup: 16
current cycle = 12212380, last update cycle = 10000001, delta = 2212379
	load umon |	misses = 15555, hits= 0 0 0 0 0 0 0 0 0 0 0 0 0 15 72 27
	write umon |	misses = 7646, hits= 0 0 0 0 0 0 0 0 0 0 0 0 0 0 0 0
num evicts: 8000000, p: 0, s: 3575025 	 max proactive lookup: 16, max shadow lookup: 16
current cycle = 12362380, last update cycle = 10000001, delta = 2362379
	load umon |	misses = 15945, hits= 0 0 0 0 0 0 0 0 0 0 0 0 0 15 72 27
	write umon |	misses = 7840, hits= 0 0 0 0 0 0 0 0 0 0 0 0 0 0 0 0
num evicts: 8100000, p: 0, s: 3622270 	 max proactive lookup: 16, max shadow lookup: 16
current cycle = 12512380, last update cycle = 10000001, delta = 2512379
	load umon |	misses = 16339, hits= 0 0 0 0 0 0 0 0 0 0 0 0 0 15 72 27
	write umon |	misses = 8037, hits= 0 0 0 0 0 0 0 0 0 0 0 0 0 0 0 0
num evicts: 8200000, p: 0, s: 3669062 	 max proactive lookup: 16, max shadow lookup: 16
current cycle = 12662390, last update cycle = 10000001, delta = 2662389
	load umon |	misses = 16726, hits= 0 0 0 0 0 0 0 0 0 0 0 0 0 16 77 28
	write umon |	misses = 8230, hits= 0 0 0 0 0 0 0 0 0 0 0 0 0 0 0 0
num evicts: 8300000, p: 0, s: 3714744 	 max proactive lookup: 16, max shadow lookup: 16
current cycle = 12812404, last update cycle = 10000001, delta = 2812403
	load umon |	misses = 17124, hits= 0 0 0 0 0 0 0 0 0 0 0 0 0 17 82 30
	write umon |	misses = 8430, hits= 0 0 0 0 0 0 0 0 0 0 0 0 0 0 0 0
num evicts: 8400000, p: 0, s: 3762021 	 max proactive lookup: 16, max shadow lookup: 16
current cycle = 12962397, last update cycle = 10000001, delta = 2962396
	load umon |	misses = 17509, hits= 0 0 0 0 0 0 0 0 0 0 0 0 0 17 82 30
	write umon |	misses = 8622, hits= 0 0 0 0 0 0 0 0 0 0 0 0 0 0 0 0
num evicts: 8500000, p: 0, s: 3808845 	 max proactive lookup: 16, max shadow lookup: 16
current cycle = 13112396, last update cycle = 10000001, delta = 3112395
	load umon |	misses = 17900, hits= 0 0 0 0 0 0 0 0 0 0 0 0 0 17 82 30
	write umon |	misses = 8817, hits= 0 0 0 0 0 0 0 0 0 0 0 0 0 0 0 0
num evicts: 8600000, p: 0, s: 3855345 	 max proactive lookup: 16, max shadow lookup: 16
current cycle = 13262398, last update cycle = 10000001, delta = 3262397
	load umon |	misses = 18292, hits= 0 0 0 0 0 0 0 0 0 0 0 0 0 17 82 30
	write umon |	misses = 9013, hits= 0 0 0 0 0 0 0 0 0 0 0 0 0 0 0 0
num evicts: 8700000, p: 0, s: 3902442 	 max proactive lookup: 16, max shadow lookup: 16
current cycle = 13412407, last update cycle = 10000001, delta = 3412406
	load umon |	misses = 18681, hits= 0 0 0 0 0 0 0 0 0 0 0 0 0 18 86 32
	write umon |	misses = 9207, hits= 0 0 0 0 0 0 0 0 0 0 0 0 0 0 0 0
num evicts: 8800000, p: 0, s: 3948833 	 max proactive lookup: 16, max shadow lookup: 16
current cycle = 13562412, last update cycle = 10000001, delta = 3562411
	load umon |	misses = 19077, hits= 0 0 0 0 0 0 0 0 0 0 0 0 0 20 91 33
	write umon |	misses = 9406, hits= 0 0 0 0 0 0 0 0 0 0 0 0 0 0 0 0
num evicts: 8900000, p: 0, s: 3990905 	 max proactive lookup: 16, max shadow lookup: 16
current cycle = 13712411, last update cycle = 10000001, delta = 3712410
	load umon |	misses = 19462, hits= 0 0 0 0 0 0 0 0 0 0 0 0 0 20 91 33
	write umon |	misses = 9598, hits= 0 0 0 0 0 0 0 0 0 0 0 0 0 0 0 0
num evicts: 9000000, p: 0, s: 4034194 	 max proactive lookup: 16, max shadow lookup: 16
current cycle = 13862412, last update cycle = 10000001, delta = 3862411
	load umon |	misses = 19859, hits= 0 0 0 0 0 0 0 0 0 0 0 0 0 20 91 33
	write umon |	misses = 9796, hits= 0 0 0 0 0 0 0 0 0 0 0 0 0 0 0 0
num evicts: 9100000, p: 0, s: 4077995 	 max proactive lookup: 16, max shadow lookup: 16
current cycle = 14012411, last update cycle = 10000001, delta = 4012410
	load umon |	misses = 20246, hits= 0 0 0 0 0 0 0 0 0 0 0 0 0 20 91 33
	write umon |	misses = 9989, hits= 0 0 0 0 0 0 0 0 0 0 0 0 0 0 0 0
num evicts: 9200000, p: 0, s: 4119694 	 max proactive lookup: 16, max shadow lookup: 16
current cycle = 14162411, last update cycle = 10000001, delta = 4162410
	load umon |	misses = 20634, hits= 0 0 0 0 0 0 0 0 0 0 0 0 0 20 91 33
	write umon |	misses = 10182, hits= 0 0 0 0 0 0 0 0 0 0 0 0 0 0 0 0
num evicts: 9300000, p: 0, s: 4165895 	 max proactive lookup: 16, max shadow lookup: 16
current cycle = 14312416, last update cycle = 10000001, delta = 4312415
	load umon |	misses = 21030, hits= 0 0 0 0 0 0 0 0 0 0 0 0 0 21 95 35
	write umon |	misses = 10381, hits= 0 0 0 0 0 0 0 0 0 0 0 0 0 0 0 0
num evicts: 9400000, p: 0, s: 4208718 	 max proactive lookup: 16, max shadow lookup: 16
current cycle = 14462425, last update cycle = 10000001, delta = 4462424
	load umon |	misses = 21416, hits= 0 0 0 0 0 0 0 0 0 0 0 0 0 23 99 37
	write umon |	misses = 10574, hits= 0 0 0 0 0 0 0 0 0 0 0 0 0 0 0 0
num evicts: 9500000, p: 0, s: 4248041 	 max proactive lookup: 16, max shadow lookup: 16
current cycle = 14612425, last update cycle = 10000001, delta = 4612424
	load umon |	misses = 21814, hits= 0 0 0 0 0 0 0 0 0 0 0 0 0 23 99 37
	write umon |	misses = 10773, hits= 0 0 0 0 0 0 0 0 0 0 0 0 0 0 0 0
num evicts: 9600000, p: 0, s: 4287464 	 max proactive lookup: 16, max shadow lookup: 16
current cycle = 14762425, last update cycle = 10000001, delta = 4762424
	load umon |	misses = 22199, hits= 0 0 0 0 0 0 0 0 0 0 0 0 0 23 99 37
	write umon |	misses = 10965, hits= 0 0 0 0 0 0 0 0 0 0 0 0 0 0 0 0
num evicts: 9700000, p: 0, s: 4328438 	 max proactive lookup: 16, max shadow lookup: 16
current cycle = 14912426, last update cycle = 10000001, delta = 4912425
	load umon |	misses = 22589, hits= 0 0 0 0 0 0 0 0 0 0 0 0 0 23 99 37
	write umon |	misses = 11158, hits= 0 0 0 0 0 0 0 0 0 0 0 0 0 0 0 0
Warmup finished CPU 1 instructions: 25000003 cycles: 14967396 cumulative IPC: 1.67 (Simulation time: 01 hr 04 min 24 sec)
Warmup finished CPU 2 instructions: 25000003 cycles: 14968597 cumulative IPC: 1.67 (Simulation time: 01 hr 04 min 24 sec)
Warmup finished CPU 3 instructions: 25000003 cycles: 14968950 cumulative IPC: 1.67 (Simulation time: 01 hr 04 min 24 sec)
Warmup finished CPU 4 instructions: 25000003 cycles: 14969374 cumulative IPC: 1.67 (Simulation time: 01 hr 04 min 24 sec)
Warmup finished CPU 5 instructions: 25000003 cycles: 14969528 cumulative IPC: 1.67 (Simulation time: 01 hr 04 min 24 sec)
Warmup finished CPU 6 instructions: 25000003 cycles: 14969791 cumulative IPC: 1.67 (Simulation time: 01 hr 04 min 24 sec)
Warmup finished CPU 7 instructions: 25000003 cycles: 14970104 cumulative IPC: 1.67 (Simulation time: 01 hr 04 min 24 sec)
Warmup finished CPU 0 instructions: 25000003 cycles: 14970283 cumulative IPC: 1.67 (Simulation time: 01 hr 04 min 24 sec)
Warmup complete CPU 7 instructions: 25000293 cycles: 14970283 cumulative IPC: 1.67 (Simulation time: 01 hr 04 min 24 sec)
Warmup complete CPU 6 instructions: 25000813 cycles: 14970283 cumulative IPC: 1.67 (Simulation time: 01 hr 04 min 24 sec)
Warmup complete CPU 5 instructions: 25001253 cycles: 14970283 cumulative IPC: 1.67 (Simulation time: 01 hr 04 min 24 sec)
Warmup complete CPU 4 instructions: 25001503 cycles: 14970283 cumulative IPC: 1.67 (Simulation time: 01 hr 04 min 24 sec)
Warmup complete CPU 3 instructions: 25002213 cycles: 14970283 cumulative IPC: 1.67 (Simulation time: 01 hr 04 min 24 sec)
Warmup complete CPU 2 instructions: 25002813 cycles: 14970283 cumulative IPC: 1.67 (Simulation time: 01 hr 04 min 24 sec)
Warmup complete CPU 1 instructions: 25004813 cycles: 14970283 cumulative IPC: 1.67 (Simulation time: 01 hr 04 min 24 sec)
Warmup complete CPU 0 instructions: 25000003 cycles: 14970283 cumulative IPC: 1.67 (Simulation time: 01 hr 04 min 24 sec)
num evicts: 9800000, p: 0, s: 4368339 	 max proactive lookup: 16, max shadow lookup: 16
current cycle = 15693837, last update cycle = 15000008, delta = 693829
	load umon |	misses = 11606, hits= 0 0 0 0 0 0 0 0 0 0 0 0 0 14 50 21
	write umon |	misses = 5737, hits= 0 0 0 0 0 0 0 0 0 0 0 0 0 0 0 0
num evicts: 9900000, p: 0, s: 4409802 	 max proactive lookup: 16, max shadow lookup: 16
current cycle = 16885899, last update cycle = 15000008, delta = 1885891
	load umon |	misses = 11997, hits= 0 0 0 0 0 0 0 0 0 0 0 0 1 14 55 23
	write umon |	misses = 5932, hits= 0 0 0 0 0 0 0 0 0 0 0 0 0 0 0 0
num evicts: 10000000, p: 0, s: 4454369 	 max proactive lookup: 16, max shadow lookup: 16
current cycle = 18090753, last update cycle = 15000008, delta = 3090745
	load umon |	misses = 12385, hits= 0 0 0 0 0 0 0 0 0 0 0 0 1 14 55 23
	write umon |	misses = 6125, hits= 0 0 0 0 0 0 0 0 0 0 0 0 0 0 0 0
num evicts: 10100000, p: 0, s: 4498037 	 max proactive lookup: 16, max shadow lookup: 16
current cycle = 19277515, last update cycle = 15000008, delta = 4277507
	load umon |	misses = 12777, hits= 0 0 0 0 0 0 0 0 0 0 0 0 1 14 55 23
	write umon |	misses = 6321, hits= 0 0 0 0 0 0 0 0 0 0 0 0 0 0 0 0
num evicts: 10200000, p: 0, s: 4543570 	 max proactive lookup: 16, max shadow lookup: 16
current cycle = 20444954, last update cycle = 20000009, delta = 444945
	load umon |	misses = 6661, hits= 0 0 0 0 0 0 0 0 0 0 0 0 0 7 27 11
	write umon |	misses = 3297, hits= 0 0 0 0 0 0 0 0 0 0 0 0 0 0 0 0
num evicts: 10300000, p: 0, s: 4590049 	 max proactive lookup: 16, max shadow lookup: 16
current cycle = 21630204, last update cycle = 20000009, delta = 1630195
	load umon |	misses = 7050, hits= 0 0 0 0 0 0 0 0 0 0 0 0 0 7 34 11
	write umon |	misses = 3492, hits= 0 0 0 0 0 0 0 0 0 0 0 0 0 0 0 0
num evicts: 10400000, p: 0, s: 4633662 	 max proactive lookup: 16, max shadow lookup: 16
current cycle = 22792648, last update cycle = 20000009, delta = 2792639
	load umon |	misses = 7442, hits= 0 0 0 0 0 0 0 0 0 0 0 0 0 7 42 11
	write umon |	misses = 3687, hits= 0 0 0 0 0 0 0 0 0 0 0 0 0 0 0 0
num evicts: 10500000, p: 0, s: 4674866 	 max proactive lookup: 16, max shadow lookup: 16
current cycle = 23924972, last update cycle = 20000009, delta = 3924963
	load umon |	misses = 7831, hits= 0 0 0 0 0 0 0 0 0 0 0 0 0 7 42 11
	write umon |	misses = 3882, hits= 0 0 0 0 0 0 0 0 0 0 0 0 0 0 0 0
num evicts: 10600000, p: 0, s: 4716988 	 max proactive lookup: 16, max shadow lookup: 16
current cycle = 25089690, last update cycle = 25000169, delta = 89521
	load umon |	misses = 4128, hits= 0 0 0 0 0 0 0 0 0 0 0 0 0 3 21 5
	write umon |	misses = 2047, hits= 0 0 0 0 0 0 0 0 0 0 0 0 0 0 0 0
num evicts: 10700000, p: 0, s: 4759552 	 max proactive lookup: 16, max shadow lookup: 16
current cycle = 26267731, last update cycle = 25000169, delta = 1267562
	load umon |	misses = 4518, hits= 0 0 0 0 0 0 0 0 0 0 0 0 0 3 21 5
	write umon |	misses = 2239, hits= 0 0 0 0 0 0 0 0 0 0 0 0 0 0 0 0
num evicts: 10800000, p: 0, s: 4800683 	 max proactive lookup: 16, max shadow lookup: 16
current cycle = 27424605, last update cycle = 25000169, delta = 2424436
	load umon |	misses = 4909, hits= 0 0 0 0 0 0 0 0 0 0 0 0 0 3 27 5
	write umon |	misses = 2438, hits= 0 0 0 0 0 0 0 0 0 0 0 0 0 0 0 0
num evicts: 10900000, p: 0, s: 4843403 	 max proactive lookup: 16, max shadow lookup: 16
current cycle = 28605035, last update cycle = 25000169, delta = 3604866
	load umon |	misses = 5299, hits= 0 0 0 0 0 0 0 0 0 0 0 0 0 4 34 6
	write umon |	misses = 2633, hits= 0 0 0 0 0 0 0 0 0 0 0 0 0 0 0 0
num evicts: 11000000, p: 0, s: 4888866 	 max proactive lookup: 16, max shadow lookup: 16
current cycle = 29787978, last update cycle = 25000169, delta = 4787809
	load umon |	misses = 5689, hits= 0 0 0 0 0 0 0 0 0 0 0 0 0 4 34 6
	write umon |	misses = 2827, hits= 0 0 0 0 0 0 0 0 0 0 0 0 0 0 0 0
num evicts: 11100000, p: 0, s: 4933978 	 max proactive lookup: 16, max shadow lookup: 16
current cycle = 30963381, last update cycle = 30000169, delta = 963212
	load umon |	misses = 3198, hits= 0 0 0 0 0 0 0 0 0 0 0 0 0 2 17 3
	write umon |	misses = 1590, hits= 0 0 0 0 0 0 0 0 0 0 0 0 0 0 0 0
num evicts: 11200000, p: 0, s: 4978505 	 max proactive lookup: 16, max shadow lookup: 16
current cycle = 32135316, last update cycle = 30000169, delta = 2135147
	load umon |	misses = 3590, hits= 0 0 0 0 0 0 0 0 0 0 0 0 0 2 17 3
	write umon |	misses = 1785, hits= 0 0 0 0 0 0 0 0 0 0 0 0 0 0 0 0
num evicts: 11300000, p: 0, s: 5021924 	 max proactive lookup: 16, max shadow lookup: 16
current cycle = 33284707, last update cycle = 30000169, delta = 3284538
	load umon |	misses = 3982, hits= 0 0 0 0 0 0 0 0 0 0 0 0 0 2 17 3
	write umon |	misses = 1982, hits= 0 0 0 0 0 0 0 0 0 0 0 0 0 0 0 0
num evicts: 11400000, p: 0, s: 5066252 	 max proactive lookup: 16, max shadow lookup: 16
current cycle = 34448767, last update cycle = 30000169, delta = 4448598
	load umon |	misses = 4376, hits= 0 0 0 0 0 0 0 0 0 0 0 0 0 2 25 3
	write umon |	misses = 2178, hits= 0 0 0 0 0 0 0 0 0 0 0 0 0 0 0 0
num evicts: 11500000, p: 0, s: 5107826 	 max proactive lookup: 16, max shadow lookup: 16
current cycle = 35589213, last update cycle = 35000181, delta = 589032
	load umon |	misses = 2484, hits= 0 0 0 0 0 0 0 0 0 0 0 0 0 1 16 1
	write umon |	misses = 1238, hits= 0 0 0 0 0 0 0 0 0 0 0 0 0 0 0 0
num evicts: 11600000, p: 0, s: 5150696 	 max proactive lookup: 16, max shadow lookup: 16
current cycle = 36740559, last update cycle = 35000181, delta = 1740378
	load umon |	misses = 2874, hits= 0 0 0 0 0 0 0 0 0 0 0 0 0 1 16 1
	write umon |	misses = 1432, hits= 0 0 0 0 0 0 0 0 0 0 0 0 0 0 0 0
num evicts: 11700000, p: 0, s: 5194567 	 max proactive lookup: 16, max shadow lookup: 16
current cycle = 37917302, last update cycle = 35000181, delta = 2917121
	load umon |	misses = 3268, hits= 0 0 0 0 0 0 0 0 0 0 0 0 0 1 16 1
	write umon |	misses = 1628, hits= 0 0 0 0 0 0 0 0 0 0 0 0 0 0 0 0
Heartbeat CPU 5 instructions: 30000004 cycles: 38171509 heartbeat IPC: 0.3817 cumulative IPC: 0.2155 (Simulation time: 01 hr 46 min 42 sec)
Heartbeat CPU 1 instructions: 30000004 cycles: 38212570 heartbeat IPC: 0.381 cumulative IPC: 0.2149 (Simulation time: 01 hr 46 min 47 sec)
Heartbeat CPU 7 instructions: 30000004 cycles: 38354338 heartbeat IPC: 0.379 cumulative IPC: 0.2138 (Simulation time: 01 hr 47 min 03 sec)
Heartbeat CPU 3 instructions: 30000004 cycles: 38359601 heartbeat IPC: 0.3789 cumulative IPC: 0.2137 (Simulation time: 01 hr 47 min 03 sec)
Heartbeat CPU 4 instructions: 30000004 cycles: 38378884 heartbeat IPC: 0.3787 cumulative IPC: 0.2135 (Simulation time: 01 hr 47 min 05 sec)
Heartbeat CPU 0 instructions: 30000004 cycles: 38416237 heartbeat IPC: 0.3781 cumulative IPC: 0.2133 (Simulation time: 01 hr 47 min 09 sec)
Heartbeat CPU 2 instructions: 30000004 cycles: 38441376 heartbeat IPC: 0.3777 cumulative IPC: 0.2129 (Simulation time: 01 hr 47 min 12 sec)
Heartbeat CPU 6 instructions: 30000004 cycles: 38517662 heartbeat IPC: 0.3767 cumulative IPC: 0.2123 (Simulation time: 01 hr 47 min 20 sec)
num evicts: 11800000, p: 0, s: 5236892 	 max proactive lookup: 16, max shadow lookup: 16
current cycle = 39063876, last update cycle = 35000181, delta = 4063695
	load umon |	misses = 3654, hits= 0 0 0 0 0 0 0 0 0 0 0 0 0 1 16 1
	write umon |	misses = 1822, hits= 0 0 0 0 0 0 0 0 0 0 0 0 0 0 0 0
num evicts: 11900000, p: 0, s: 5278615 	 max proactive lookup: 16, max shadow lookup: 16
current cycle = 40230626, last update cycle = 40000185, delta = 230441
	load umon |	misses = 2059, hits= 0 0 0 0 0 0 0 0 0 0 0 0 0 0 11 0
	write umon |	misses = 1027, hits= 0 0 0 0 0 0 0 0 0 0 0 0 0 0 0 0
num evicts: 12000000, p: 0, s: 5317421 	 max proactive lookup: 16, max shadow lookup: 16
current cycle = 41379879, last update cycle = 40000185, delta = 1379694
	load umon |	misses = 2451, hits= 0 0 0 0 0 0 0 0 0 0 0 0 0 0 19 0
	write umon |	misses = 1224, hits= 0 0 0 0 0 0 0 0 0 0 0 0 0 0 0 0
num evicts: 12100000, p: 0, s: 5353745 	 max proactive lookup: 16, max shadow lookup: 16
current cycle = 42497696, last update cycle = 40000185, delta = 2497511
	load umon |	misses = 2842, hits= 0 0 0 0 0 0 0 0 0 0 0 0 0 0 19 0
	write umon |	misses = 1419, hits= 0 0 0 0 0 0 0 0 0 0 0 0 0 0 0 0
num evicts: 12200000, p: 0, s: 5390162 	 max proactive lookup: 16, max shadow lookup: 16
current cycle = 43672377, last update cycle = 40000185, delta = 3672192
	load umon |	misses = 3230, hits= 0 0 0 0 0 0 0 0 0 0 0 0 0 0 19 0
	write umon |	misses = 1612, hits= 0 0 0 0 0 0 0 0 0 0 0 0 0 0 0 0
num evicts: 12300000, p: 0, s: 5422633 	 max proactive lookup: 16, max shadow lookup: 16
current cycle = 44838051, last update cycle = 40000185, delta = 4837866
	load umon |	misses = 3622, hits= 0 0 0 0 0 0 0 0 0 0 0 0 0 0 19 0
	write umon |	misses = 1806, hits= 0 0 0 0 0 0 0 0 0 0 0 0 0 0 0 0
num evicts: 12400000, p: 0, s: 5454688 	 max proactive lookup: 16, max shadow lookup: 16
current cycle = 45991359, last update cycle = 45000188, delta = 991171
	load umon |	misses = 2175, hits= 0 0 0 0 0 0 0 0 0 0 0 0 0 0 16 0
	write umon |	misses = 1086, hits= 0 0 0 0 0 0 0 0 0 0 0 0 0 0 0 0
num evicts: 12500000, p: 0, s: 5488953 	 max proactive lookup: 16, max shadow lookup: 16
current cycle = 47188614, last update cycle = 45000188, delta = 2188426
	load umon |	misses = 2568, hits= 0 0 0 0 0 0 0 0 0 0 0 0 0 1 22 1
	write umon |	misses = 1282, hits= 0 0 0 0 0 0 0 0 0 0 0 0 0 0 0 0
num evicts: 12600000, p: 0, s: 5528133 	 max proactive lookup: 16, max shadow lookup: 16
current cycle = 48417819, last update cycle = 45000188, delta = 3417631
	load umon |	misses = 2954, hits= 0 0 0 0 0 0 0 0 0 0 0 0 0 1 22 1
	write umon |	misses = 1475, hits= 0 0 0 0 0 0 0 0 0 0 0 0 0 0 0 0
num evicts: 12700000, p: 0, s: 5569386 	 max proactive lookup: 16, max shadow lookup: 16
current cycle = 49616919, last update cycle = 45000188, delta = 4616731
	load umon |	misses = 3347, hits= 0 0 0 0 0 0 0 0 0 0 0 0 0 1 22 1
	write umon |	misses = 1672, hits= 0 0 0 0 0 0 0 0 0 0 0 0 0 0 0 0
num evicts: 12800000, p: 0, s: 5610183 	 max proactive lookup: 16, max shadow lookup: 16
current cycle = 50785336, last update cycle = 50000196, delta = 785140
	load umon |	misses = 1999, hits= 0 0 0 0 0 0 0 0 0 0 0 0 0 0 11 0
	write umon |	misses = 998, hits= 0 0 0 0 0 0 0 0 0 0 0 0 0 0 0 0
num evicts: 12900000, p: 0, s: 5649144 	 max proactive lookup: 16, max shadow lookup: 16
current cycle = 51949609, last update cycle = 50000196, delta = 1949413
	load umon |	misses = 2393, hits= 0 0 0 0 0 0 0 0 0 0 0 0 0 0 16 0
	write umon |	misses = 1196, hits= 0 0 0 0 0 0 0 0 0 0 0 0 0 0 0 0
num evicts: 13000000, p: 0, s: 5688964 	 max proactive lookup: 16, max shadow lookup: 16
current cycle = 53119825, last update cycle = 50000196, delta = 3119629
	load umon |	misses = 2785, hits= 0 0 0 0 0 0 0 0 0 0 0 0 0 0 25 0
	write umon |	misses = 1389, hits= 0 0 0 0 0 0 0 0 0 0 0 0 0 0 0 0
num evicts: 13100000, p: 0, s: 5735176 	 max proactive lookup: 16, max shadow lookup: 16
current cycle = 54315468, last update cycle = 50000196, delta = 4315272
	load umon |	misses = 3171, hits= 0 0 0 0 0 0 0 0 0 0 0 0 0 0 26 0
	write umon |	misses = 1584, hits= 0 0 0 0 0 0 0 0 0 0 0 0 0 0 0 0
num evicts: 13200000, p: 0, s: 5779872 	 max proactive lookup: 16, max shadow lookup: 16
current cycle = 55490305, last update cycle = 55000200, delta = 490105
	load umon |	misses = 1865, hits= 0 0 0 0 0 0 0 0 0 0 0 0 0 0 13 0
	write umon |	misses = 932, hits= 0 0 0 0 0 0 0 0 0 0 0 0 0 0 0 0
num evicts: 13300000, p: 0, s: 5824559 	 max proactive lookup: 16, max shadow lookup: 16
current cycle = 56656872, last update cycle = 55000200, delta = 1656672
	load umon |	misses = 2255, hits= 0 0 0 0 0 0 0 0 0 0 0 0 0 0 13 0
	write umon |	misses = 1126, hits= 0 0 0 0 0 0 0 0 0 0 0 0 0 0 0 0
num evicts: 13400000, p: 0, s: 5866136 	 max proactive lookup: 16, max shadow lookup: 16
current cycle = 57792229, last update cycle = 55000200, delta = 2792029
	load umon |	misses = 2647, hits= 0 0 0 0 0 0 0 0 0 0 0 0 0 0 13 0
	write umon |	misses = 1322, hits= 0 0 0 0 0 0 0 0 0 0 0 0 0 0 0 0
num evicts: 13500000, p: 0, s: 5910735 	 max proactive lookup: 16, max shadow lookup: 16
current cycle = 58965970, last update cycle = 55000200, delta = 3965770
	load umon |	misses = 3039, hits= 0 0 0 0 0 0 0 0 0 0 0 0 0 0 22 0
	write umon |	misses = 1518, hits= 0 0 0 0 0 0 0 0 0 0 0 0 0 0 0 0
num evicts: 13600000, p: 0, s: 5948368 	 max proactive lookup: 16, max shadow lookup: 16
current cycle = 60093029, last update cycle = 60000211, delta = 92818
	load umon |	misses = 1730, hits= 0 0 0 0 0 0 0 0 0 0 0 0 0 0 14 0
	write umon |	misses = 864, hits= 0 0 0 0 0 0 0 0 0 0 0 0 0 0 0 0
num evicts: 13700000, p: 0, s: 5984688 	 max proactive lookup: 16, max shadow lookup: 16
current cycle = 61207068, last update cycle = 60000211, delta = 1206857
	load umon |	misses = 2119, hits= 0 0 0 0 0 0 0 0 0 0 0 0 0 0 14 0
	write umon |	misses = 1059, hits= 0 0 0 0 0 0 0 0 0 0 0 0 0 0 0 0
num evicts: 13800000, p: 0, s: 6022752 	 max proactive lookup: 16, max shadow lookup: 16
current cycle = 62383571, last update cycle = 60000211, delta = 2383360
	load umon |	misses = 2513, hits= 0 0 0 0 0 0 0 0 0 0 0 0 0 0 14 0
	write umon |	misses = 1254, hits= 0 0 0 0 0 0 0 0 0 0 0 0 0 0 0 0
num evicts: 13900000, p: 0, s: 6061026 	 max proactive lookup: 16, max shadow lookup: 16
current cycle = 63566314, last update cycle = 60000211, delta = 3566103
	load umon |	misses = 2898, hits= 0 0 0 0 0 0 0 0 0 0 0 0 0 0 14 0
	write umon |	misses = 1446, hits= 0 0 0 0 0 0 0 0 0 0 0 0 0 0 0 0
num evicts: 14000000, p: 0, s: 6097766 	 max proactive lookup: 16, max shadow lookup: 16
current cycle = 64741998, last update cycle = 60000211, delta = 4741787
	load umon |	misses = 3295, hits= 0 0 0 0 0 0 0 0 0 0 0 0 0 0 21 0
	write umon |	misses = 1646, hits= 0 0 0 0 0 0 0 0 0 0 0 0 0 0 0 0
num evicts: 14100000, p: 0, s: 6139220 	 max proactive lookup: 16, max shadow lookup: 16
current cycle = 65939057, last update cycle = 65000213, delta = 938844
	load umon |	misses = 1992, hits= 0 0 0 0 0 0 0 0 0 0 0 0 0 0 17 0
	write umon |	misses = 996, hits= 0 0 0 0 0 0 0 0 0 0 0 0 0 0 0 0
num evicts: 14200000, p: 0, s: 6183032 	 max proactive lookup: 16, max shadow lookup: 16
current cycle = 67154276, last update cycle = 65000213, delta = 2154063
	load umon |	misses = 2386, hits= 0 0 0 0 0 0 0 0 0 0 0 0 0 0 17 0
	write umon |	misses = 1193, hits= 0 0 0 0 0 0 0 0 0 0 0 0 0 0 0 0
num evicts: 14300000, p: 0, s: 6226727 	 max proactive lookup: 16, max shadow lookup: 16
current cycle = 68321750, last update cycle = 65000213, delta = 3321537
	load umon |	misses = 2776, hits= 0 0 0 0 0 0 0 0 0 0 0 0 0 0 17 0
	write umon |	misses = 1386, hits= 0 0 0 0 0 0 0 0 0 0 0 0 0 0 0 0
num evicts: 14400000, p: 0, s: 6268549 	 max proactive lookup: 16, max shadow lookup: 16
current cycle = 69472161, last update cycle = 65000213, delta = 4471948
	load umon |	misses = 3163, hits= 0 0 0 0 0 0 0 0 0 0 0 0 0 0 17 0
	write umon |	misses = 1580, hits= 0 0 0 0 0 0 0 0 0 0 0 0 0 0 0 0
num evicts: 14500000, p: 0, s: 6311161 	 max proactive lookup: 16, max shadow lookup: 16
current cycle = 70631831, last update cycle = 70000217, delta = 631614
	load umon |	misses = 1886, hits= 0 0 0 0 0 0 0 0 0 0 0 0 0 1 13 0
	write umon |	misses = 942, hits= 0 0 0 0 0 0 0 0 0 0 0 0 0 0 0 0
num evicts: 14600000, p: 0, s: 6356188 	 max proactive lookup: 16, max shadow lookup: 16
current cycle = 71818806, last update cycle = 70000217, delta = 1818589
	load umon |	misses = 2274, hits= 0 0 0 0 0 0 0 0 0 0 0 0 0 1 21 0
	write umon |	misses = 1136, hits= 0 0