[VMEM] WARNING: physical memory size is smaller than virtual memory size.

*** ChampSim Multicore Out-of-Order Simulator ***
Warmup Instructions: 25000000
Simulation Instructions: 25000000
Number of CPUs: 8
Page size: 2097152

initializing BARD -- num sampled sets: 64, modulus = 256
CL :	 16.64 ns
CWL :	 15.808 ns
tRP :	 16.224 ns
tRCD :	 16.224 ns
tRAS :	 32.032000000000004 ns
tRTP :	 7.904 ns
tWR :	 30.368000000000002 ns

tCCD_S :	 3.3280000000000003 ns
tCCD_S_WR :	 3.3280000000000003 ns
tCCD_S_WTR :	 22.048000000000002 ns
tCCD_L :	 5.408 ns
tCCD_L_WR :	 20.384 ns
tCCD_L_WTR :	 29.536 ns
tRRD_S :	 3.3280000000000003 ns
tRRD_L :	 5.408 ns
tFAW :	 13.728 ns
Address mapping (perm = 1) 	ch co bg bg bg ba ba co co co co co co ro ro ro ro ro ro ro ro ro ro ro ro ro ro ro 
dram queue size: R = 64 W = 48 (low:high is 9:39)
num evicts: 0, p: 0, s: 0 	 max proactive lookup: 16, max shadow lookup: 16
current cycle = 146474, last update cycle = 0, delta = 146474
	load umon |	misses = 466, hits= 1 0 0 0 0 0 0 0 0 0 0 0 0 0 0 5
	write umon |	misses = 0, hits= 0 0 0 0 0 0 0 0 0 0 0 0 0 0 0 0
num evicts: 100000, p: 0, s: 16061 	 max proactive lookup: 16, max shadow lookup: 16
current cycle = 512106, last update cycle = 0, delta = 512106
	load umon |	misses = 1418, hits= 1 0 0 0 0 0 0 0 0 0 0 0 0 0 0 5
	write umon |	misses = 192, hits= 0 0 0 0 0 0 0 0 0 0 0 0 0 0 0 0
num evicts: 200000, p: 0, s: 34754 	 max proactive lookup: 16, max shadow lookup: 16
current cycle = 662199, last update cycle = 0, delta = 662199
	load umon |	misses = 1812, hits= 1 0 0 0 0 0 0 0 0 0 0 0 0 0 0 11
	write umon |	misses = 392, hits= 0 0 0 0 0 0 0 0 0 0 0 0 0 0 0 0
num evicts: 300000, p: 0, s: 62978 	 max proactive lookup: 16, max shadow lookup: 16
current cycle = 812191, last update cycle = 0, delta = 812191
	load umon |	misses = 2204, hits= 1 0 0 0 0 0 0 0 0 0 0 0 0 0 0 11
	write umon |	misses = 584, hits= 0 0 0 0 0 0 0 0 0 0 0 0 0 0 0 0
num evicts: 400000, p: 0, s: 91418 	 max proactive lookup: 16, max shadow lookup: 16
current cycle = 962191, last update cycle = 0, delta = 962191
	load umon |	misses = 2589, hits= 1 0 0 0 0 0 0 0 0 0 0 0 0 0 0 11
	write umon |	misses = 777, hits= 0 0 0 0 0 0 0 0 0 0 0 0 0 0 0 0
num evicts: 500000, p: 0, s: 132057 	 max proactive lookup: 16, max shadow lookup: 16
current cycle = 1112191, last update cycle = 0, delta = 1112191
	load umon |	misses = 2981, hits= 1 0 0 0 0 0 0 0 0 0 0 0 0 0 0 11
	write umon |	misses = 976, hits= 0 0 0 0 0 0 0 0 0 0 0 0 0 0 0 0
num evicts: 600000, p: 0, s: 169971 	 max proactive lookup: 16, max shadow lookup: 16
current cycle = 1262191, last update cycle = 0, delta = 1262191
	load umon |	misses = 3372, hits= 1 0 0 0 0 0 0 0 0 0 0 0 0 0 0 11
	write umon |	misses = 1168, hits= 0 0 0 0 0 0 0 0 0 0 0 0 0 0 0 0
num evicts: 700000, p: 0, s: 209474 	 max proactive lookup: 16, max shadow lookup: 16
current cycle = 1412195, last update cycle = 0, delta = 1412195
	load umon |	misses = 3765, hits= 1 0 0 0 0 0 0 0 0 0 0 0 0 0 3 15
	write umon |	misses = 1369, hits= 0 0 0 0 0 0 0 0 0 0 0 0 0 0 0 0
num evicts: 800000, p: 0, s: 253790 	 max proactive lookup: 16, max shadow lookup: 16
current cycle = 1562195, last update cycle = 0, delta = 1562195
	load umon |	misses = 4157, hits= 1 0 0 0 0 0 0 0 0 0 0 0 0 0 3 15
	write umon |	misses = 1560, hits= 0 0 0 0 0 0 0 0 0 0 0 0 0 0 0 0
num evicts: 900000, p: 0, s: 298372 	 max proactive lookup: 16, max shadow lookup: 16
current cycle = 1712194, last update cycle = 0, delta = 1712194
	load umon |	misses = 4549, hits= 1 0 0 0 0 0 0 0 0 0 0 0 0 0 3 15
	write umon |	misses = 1760, hits= 0 0 0 0 0 0 0 0 0 0 0 0 0 0 0 0
num evicts: 1000000, p: 0, s: 342601 	 max proactive lookup: 16, max shadow lookup: 16
current cycle = 1862194, last update cycle = 0, delta = 1862194
	load umon |	misses = 4941, hits= 1 0 0 0 0 0 0 0 0 0 0 0 0 0 3 15
	write umon |	misses = 1952, hits= 0 0 0 0 0 0 0 0 0 0 0 0 0 0 0 0
num evicts: 1100000, p: 0, s: 386410 	 max proactive lookup: 16, max shadow lookup: 16
current cycle = 2012195, last update cycle = 0, delta = 2012195
	load umon |	misses = 5326, hits= 1 0 0 0 0 0 0 0 0 0 0 0 0 0 3 15
	write umon |	misses = 2145, hits= 0 0 0 0 0 0 0 0 0 0 0 0 0 0 0 0
num evicts: 1200000, p: 0, s: 430395 	 max proactive lookup: 16, max shadow lookup: 16
current cycle = 2162210, last update cycle = 0, delta = 2162210
	load umon |	misses = 5720, hits= 1 0 0 0 0 0 0 0 0 0 0 0 0 0 6 19
	write umon |	misses = 2345, hits= 0 0 0 0 0 0 0 0 0 0 0 0 0 0 0 0
num evicts: 1300000, p: 0, s: 474698 	 max proactive lookup: 16, max shadow lookup: 16
current cycle = 2312202, last update cycle = 0, delta = 2312202
	load umon |	misses = 6111, hits= 1 0 0 0 0 0 0 0 0 0 0 0 0 0 6 19
	write umon |	misses = 2537, hits= 0 0 0 0 0 0 0 0 0 0 0 0 0 0 0 0
num evicts: 1400000, p: 0, s: 519191 	 max proactive lookup: 16, max shadow lookup: 16
current cycle = 2462205, last update cycle = 0, delta = 2462205
	load umon |	misses = 6502, hits= 1 0 0 0 0 0 0 0 0 0 0 0 0 0 6 19
	write umon |	misses = 2736, hits= 0 0 0 0 0 0 0 0 0 0 0 0 0 0 0 0
num evicts: 1500000, p: 0, s: 561467 	 max proactive lookup: 16, max shadow lookup: 16
current cycle = 2612202, last update cycle = 0, delta = 2612202
	load umon |	misses = 6894, hits= 1 0 0 0 0 0 0 0 0 0 0 0 0 0 6 19
	write umon |	misses = 2928, hits= 0 0 0 0 0 0 0 0 0 0 0 0 0 0 0 0
num evicts: 1600000, p: 0, s: 603475 	 max proactive lookup: 16, max shadow lookup: 16
current cycle = 2762203, last update cycle = 0, delta = 2762203
	load umon |	misses = 7282, hits= 1 0 0 0 0 0 0 0 0 0 0 0 0 0 6 19
	write umon |	misses = 3124, hits= 0 0 0 0 0 0 0 0 0 0 0 0 0 0 0 0
num evicts: 1700000, p: 0, s: 645675 	 max proactive lookup: 16, max shadow lookup: 16
current cycle = 2912202, last update cycle = 0, delta = 2912202
	load umon |	misses = 7670, hits= 1 0 0 0 0 0 0 0 0 0 0 0 0 0 6 19
	write umon |	misses = 3320, hits= 0 0 0 0 0 0 0 0 0 0 0 0 0 0 0 0
num evicts: 1800000, p: 0, s: 688517 	 max proactive lookup: 16, max shadow lookup: 16
current cycle = 3062217, last update cycle = 0, delta = 3062217
	load umon |	misses = 8065, hits= 1 0 0 0 0 0 0 0 0 0 0 0 0 0 10 22
	write umon |	misses = 3514, hits= 0 0 0 0 0 0 0 0 0 0 0 0 0 0 0 0
num evicts: 1900000, p: 0, s: 731896 	 max proactive lookup: 16, max shadow lookup: 16
current cycle = 3212210, last update cycle = 0, delta = 3212210
	load umon |	misses = 8455, hits= 1 0 0 0 0 0 0 0 0 0 0 0 0 0 10 22
	write umon |	misses = 3712, hits= 0 0 0 0 0 0 0 0 0 0 0 0 0 0 0 0
num evicts: 2000000, p: 0, s: 775200 	 max proactive lookup: 16, max shadow lookup: 16
current cycle = 3362211, last update cycle = 0, delta = 3362211
	load umon |	misses = 8847, hits= 1 0 0 0 0 0 0 0 0 0 0 0 0 0 10 22
	write umon |	misses = 3904, hits= 0 0 0 0 0 0 0 0 0 0 0 0 0 0 0 0
num evicts: 2100000, p: 0, s: 818983 	 max proactive lookup: 16, max shadow lookup: 16
current cycle = 3512210, last update cycle = 0, delta = 3512210
	load umon |	misses = 9239, hits= 1 0 0 0 0 0 0 0 0 0 0 0 0 0 10 22
	write umon |	misses = 4104, hits= 0 0 0 0 0 0 0 0 0 0 0 0 0 0 0 0
num evicts: 2200000, p: 0, s: 863029 	 max proactive lookup: 16, max shadow lookup: 16
current cycle = 3662209, last update cycle = 0, delta = 3662209
	load umon |	misses = 9624, hits= 1 0 0 0 0 0 0 0 0 0 0 0 0 0 10 22
	write umon |	misses = 4296, hits= 0 0 0 0 0 0 0 0 0 0 0 0 0 0 0 0
num evicts: 2300000, p: 0, s: 906593 	 max proactive lookup: 16, max shadow lookup: 16
current cycle = 3812222, last update cycle = 0, delta = 3812222
	load umon |	misses = 10019, hits= 1 0 0 0 0 0 0 0 0 0 0 0 0 0 14 25
	write umon |	misses = 4491, hits= 0 0 0 0 0 0 0 0 0 0 0 0 0 0 0 0
num evicts: 2400000, p: 0, s: 950714 	 max proactive lookup: 16, max shadow lookup: 16
current cycle = 3962214, last update cycle = 0, delta = 3962214
	load umon |	misses = 10409, hits= 1 0 0 0 0 0 0 0 0 0 0 0 0 0 14 25
	write umon |	misses = 4688, hits= 0 0 0 0 0 0 0 0 0 0 0 0 0 0 0 0
num evicts: 2500000, p: 0, s: 994917 	 max proactive lookup: 16, max shadow lookup: 16
current cycle = 4112214, last update cycle = 0, delta = 4112214
	load umon |	misses = 10797, hits= 1 0 0 0 0 0 0 0 0 0 0 0 0 0 14 25
	write umon |	misses = 4880, hits= 0 0 0 0 0 0 0 0 0 0 0 0 0 0 0 0
num evicts: 2600000, p: 0, s: 1036115 	 max proactive lookup: 16, max shadow lookup: 16
current cycle = 4262214, last update cycle = 0, delta = 4262214
	load umon |	misses = 11192, hits= 1 0 0 0 0 0 0 0 0 0 0 0 0 0 14 25
	write umon |	misses = 5080, hits= 0 0 0 0 0 0 0 0 0 0 0 0 0 0 0 0
num evicts: 2700000, p: 0, s: 1076940 	 max proactive lookup: 16, max shadow lookup: 16
current cycle = 4412214, last update cycle = 0, delta = 4412214
	load umon |	misses = 11578, hits= 1 0 0 0 0 0 0 0 0 0 0 0 0 0 14 25
	write umon |	misses = 5272, hits= 0 0 0 0 0 0 0 0 0 0 0 0 0 0 0 0
num evicts: 2800000, p: 0, s: 1117371 	 max proactive lookup: 16, max shadow lookup: 16
current cycle = 4562228, last update cycle = 0, delta = 4562228
	load umon |	misses = 11970, hits= 1 0 0 0 0 0 0 0 0 0 0 0 0 0 19 27
	write umon |	misses = 5466, hits= 0 0 0 0 0 0 0 0 0 0 0 0 0 0 0 0
num evicts: 2900000, p: 0, s: 1155461 	 max proactive lookup: 16, max shadow lookup: 16
current cycle = 4712222, last update cycle = 0, delta = 4712222
	load umon |	misses = 12362, hits= 1 0 0 0 0 0 0 0 0 0 0 0 0 0 19 27
	write umon |	misses = 5664, hits= 0 0 0 0 0 0 0 0 0 0 0 0 0 0 0 0
num evicts: 3000000, p: 0, s: 1193455 	 max proactive lookup: 16, max shadow lookup: 16
current cycle = 4862222, last update cycle = 0, delta = 4862222
	load umon |	misses = 12754, hits= 1 0 0 0 0 0 0 0 0 0 0 0 0 0 19 27
	write umon |	misses = 5857, hits= 0 0 0 0 0 0 0 0 0 0 0 0 0 0 0 0
Heartbeat CPU 0 instructions: 10000002 cycles: 4966966 heartbeat IPC: 2.013 cumulative IPC: 2.013 (Simulation time: 00 hr 21 min 09 sec)
Heartbeat CPU 1 instructions: 10000002 cycles: 4968431 heartbeat IPC: 2.013 cumulative IPC: 2.013 (Simulation time: 00 hr 21 min 09 sec)
Heartbeat CPU 2 instructions: 10000002 cycles: 4969047 heartbeat IPC: 2.012 cumulative IPC: 2.012 (Simulation time: 00 hr 21 min 09 sec)
Heartbeat CPU 3 instructions: 10000002 cycles: 4969304 heartbeat IPC: 2.012 cumulative IPC: 2.012 (Simulation time: 00 hr 21 min 09 sec)
Heartbeat CPU 4 instructions: 10000002 cycles: 4969522 heartbeat IPC: 2.012 cumulative IPC: 2.012 (Simulation time: 00 hr 21 min 09 sec)
Heartbeat CPU 5 instructions: 10000002 cycles: 4969683 heartbeat IPC: 2.012 cumulative IPC: 2.012 (Simulation time: 00 hr 21 min 09 sec)
Heartbeat CPU 6 instructions: 10000002 cycles: 4969763 heartbeat IPC: 2.012 cumulative IPC: 2.012 (Simulation time: 00 hr 21 min 09 sec)
Heartbeat CPU 7 instructions: 10000002 cycles: 4969821 heartbeat IPC: 2.012 cumulative IPC: 2.012 (Simulation time: 00 hr 21 min 09 sec)
num evicts: 3100000, p: 0, s: 1239081 	 max proactive lookup: 16, max shadow lookup: 16
current cycle = 5012222, last update cycle = 5000000, delta = 12222
	load umon |	misses = 6589, hits= 0 0 0 0 0 0 0 0 0 0 0 0 0 0 9 13
	write umon |	misses = 3036, hits= 0 0 0 0 0 0 0 0 0 0 0 0 0 0 0 0
num evicts: 3200000, p: 0, s: 1285199 	 max proactive lookup: 16, max shadow lookup: 16
current cycle = 5162224, last update cycle = 5000000, delta = 162224
	load umon |	misses = 6976, hits= 0 0 0 0 0 0 0 0 0 0 0 0 0 0 9 13
	write umon |	misses = 3228, hits= 0 0 0 0 0 0 0 0 0 0 0 0 0 0 0 0
num evicts: 3300000, p: 0, s: 1331384 	 max proactive lookup: 16, max shadow lookup: 16
current cycle = 5312235, last update cycle = 5000000, delta = 312235
	load umon |	misses = 7367, hits= 0 0 0 0 0 0 0 0 0 0 0 0 0 0 14 15
	write umon |	misses = 3423, hits= 0 0 0 0 0 0 0 0 0 0 0 0 0 0 0 0
num evicts: 3400000, p: 0, s: 1377399 	 max proactive lookup: 16, max shadow lookup: 16
current cycle = 5462229, last update cycle = 5000000, delta = 462229
	load umon |	misses = 7759, hits= 0 0 0 0 0 0 0 0 0 0 0 0 0 0 14 15
	write umon |	misses = 3620, hits= 0 0 0 0 0 0 0 0 0 0 0 0 0 0 0 0
num evicts: 3500000, p: 0, s: 1423571 	 max proactive lookup: 16, max shadow lookup: 16
current cycle = 5612229, last update cycle = 5000000, delta = 612229
	load umon |	misses = 8150, hits= 0 0 0 0 0 0 0 0 0 0 0 0 0 0 14 15
	write umon |	misses = 3813, hits= 0 0 0 0 0 0 0 0 0 0 0 0 0 0 0 0
num evicts: 3600000, p: 0, s: 1468077 	 max proactive lookup: 16, max shadow lookup: 16
current cycle = 5762229, last update cycle = 5000000, delta = 762229
	load umon |	misses = 8542, hits= 0 0 0 0 0 0 0 0 0 0 0 0 0 0 14 15
	write umon |	misses = 4012, hits= 0 0 0 0 0 0 0 0 0 0 0 0 0 0 0 0
num evicts: 3700000, p: 0, s: 1511439 	 max proactive lookup: 16, max shadow lookup: 16
current cycle = 5912228, last update cycle = 5000000, delta = 912228
	load umon |	misses = 8934, hits= 0 0 0 0 0 0 0 0 0 0 0 0 0 0 14 15
	write umon |	misses = 4205, hits= 0 0 0 0 0 0 0 0 0 0 0 0 0 0 0 0
num evicts: 3800000, p: 0, s: 1554849 	 max proactive lookup: 16, max shadow lookup: 16
current cycle = 6062229, last update cycle = 5000000, delta = 1062229
	load umon |	misses = 9321, hits= 0 0 0 0 0 0 0 0 0 0 0 0 0 0 14 15
	write umon |	misses = 4400, hits= 0 0 0 0 0 0 0 0 0 0 0 0 0 0 0 0
num evicts: 3900000, p: 0, s: 1599006 	 max proactive lookup: 16, max shadow lookup: 16
current cycle = 6212243, last update cycle = 5000000, delta = 1212243
	load umon |	misses = 9715, hits= 0 0 0 0 0 0 0 0 0 0 0 0 0 0 20 16
	write umon |	misses = 4597, hits= 0 0 0 0 0 0 0 0 0 0 0 0 0 0 0 0
num evicts: 4000000, p: 0, s: 1643498 	 max proactive lookup: 16, max shadow lookup: 16
current cycle = 6362235, last update cycle = 5000000, delta = 1362235
	load umon |	misses = 10104, hits= 0 0 0 0 0 0 0 0 0 0 0 0 0 0 20 16
	write umon |	misses = 4790, hits= 0 0 0 0 0 0 0 0 0 0 0 0 0 0 0 0
num evicts: 4100000, p: 0, s: 1688562 	 max proactive lookup: 16, max shadow lookup: 16
current cycle = 6512237, last update cycle = 5000000, delta = 1512237
	load umon |	misses = 10496, hits= 0 0 0 0 0 0 0 0 0 0 0 0 0 0 20 16
	write umon |	misses = 4988, hits= 0 0 0 0 0 0 0 0 0 0 0 0 0 0 0 0
num evicts: 4200000, p: 0, s: 1735525 	 max proactive lookup: 16, max shadow lookup: 16
current cycle = 6662235, last update cycle = 5000000, delta = 1662235
	load umon |	misses = 10887, hits= 0 0 0 0 0 0 0 0 0 0 0 0 0 0 20 16
	write umon |	misses = 5181, hits= 0 0 0 0 0 0 0 0 0 0 0 0 0 0 0 0
num evicts: 4300000, p: 0, s: 1781985 	 max proactive lookup: 16, max shadow lookup: 16
current cycle = 6812234, last update cycle = 5000000, delta = 1812234
	load umon |	misses = 11277, hits= 0 0 0 0 0 0 0 0 0 0 0 0 0 0 20 16
	write umon |	misses = 5379, hits= 0 0 0 0 0 0 0 0 0 0 0 0 0 0 0 0
num evicts: 4400000, p: 0, s: 1828389 	 max proactive lookup: 16, max shadow lookup: 16
current cycle = 6962250, last update cycle = 5000000, delta = 1962250
	load umon |	misses = 11670, hits= 0 0 0 0 0 0 0 0 0 0 0 0 0 0 26 17
	write umon |	misses = 5573, hits= 0 0 0 0 0 0 0 0 0 0 0 0 0 0 0 0
num evicts: 4500000, p: 0, s: 1874879 	 max proactive lookup: 16, max shadow lookup: 16
current cycle = 7112242, last update cycle = 5000000, delta = 2112242
	load umon |	misses = 12058, hits= 0 0 0 0 0 0 0 0 0 0 0 0 0 0 26 17
	write umon |	misses = 5767, hits= 0 0 0 0 0 0 0 0 0 0 0 0 0 0 0 0
num evicts: 4600000, p: 0, s: 1921286 	 max proactive lookup: 16, max shadow lookup: 16
current cycle = 7262242, last update cycle = 5000000, delta = 2262242
	load umon |	misses = 12450, hits= 0 0 0 0 0 0 0 0 0 0 0 0 0 0 26 17
	write umon |	misses = 5964, hits= 0 0 0 0 0 0 0 0 0 0 0 0 0 0 0 0
num evicts: 4700000, p: 0, s: 1963550 	 max proactive lookup: 16, max shadow lookup: 16
current cycle = 7412244, last update cycle = 5000000, delta = 2412244
	load umon |	misses = 12841, hits= 0 0 0 0 0 0 0 0 0 0 0 0 0 0 26 17
	write umon |	misses = 6158, hits= 0 0 0 0 0 0 0 0 0 0 0 0 0 0 0 0
num evicts: 4800000, p: 0, s: 2006792 	 max proactive lookup: 16, max shadow lookup: 16
current cycle = 7562243, last update cycle = 5000000, delta = 2562243
	load umon |	misses = 13232, hits= 0 0 0 0 0 0 0 0 0 0 0 0 0 0 26 17
	write umon |	misses = 6356, hits= 0 0 0 0 0 0 0 0 0 0 0 0 0 0 0 0
num evicts: 4900000, p: 0, s: 2049986 	 max proactive lookup: 16, max shadow lookup: 16
current cycle = 7712255, last update cycle = 5000000, delta = 2712255
	load umon |	misses = 13624, hits= 0 0 0 0 0 0 0 0 0 0 0 0 0 0 32 18
	write umon |	misses = 6549, hits= 0 0 0 0 0 0 0 0 0 0 0 0 0 0 0 0
num evicts: 5000000, p: 0, s: 2093940 	 max proactive lookup: 16, max shadow lookup: 16
current cycle = 7862250, last update cycle = 5000000, delta = 2862250
	load umon |	misses = 14014, hits= 0 0 0 0 0 0 0 0 0 0 0 0 0 0 32 18
	write umon |	misses = 6746, hits= 0 0 0 0 0 0 0 0 0 0 0 0 0 0 0 0
num evicts: 5100000, p: 0, s: 2137970 	 max proactive lookup: 16, max shadow lookup: 16
current cycle = 8012248, last update cycle = 5000000, delta = 3012248
	load umon |	misses = 14401, hits= 0 0 0 0 0 0 0 0 0 0 0 0 0 0 32 18
	write umon |	misses = 6940, hits= 0 0 0 0 0 0 0 0 0 0 0 0 0 0 0 0
num evicts: 5200000, p: 0, s: 2180264 	 max proactive lookup: 16, max shadow lookup: 16
current cycle = 8162248, last update cycle = 5000000, delta = 3162248
	load umon |	misses = 14795, hits= 0 0 0 0 0 0 0 0 0 0 0 0 0 0 32 18
	write umon |	misses = 7135, hits= 0 0 0 0 0 0 0 0 0 0 0 0 0 0 0 0
num evicts: 5300000, p: 0, s: 2219675 	 max proactive lookup: 16, max shadow lookup: 16
current cycle = 8312249, last update cycle = 5000000, delta = 3312249
	load umon |	misses = 15185, hits= 0 0 0 0 0 0 0 0 0 0 0 0 0 0 32 18
	write umon |	misses = 7332, hits= 0 0 0 0 0 0 0 0 0 0 0 0 0 0 0 0
num evicts: 5400000, p: 0, s: 2259421 	 max proactive lookup: 16, max shadow lookup: 16
current cycle = 8462262, last update cycle = 5000000, delta = 3462262
	load umon |	misses = 15578, hits= 0 0 0 0 0 0 0 0 0 0 0 0 0 0 38 19
	write umon |	misses = 7526, hits= 0 0 0 0 0 0 0 0 0 0 0 0 0 0 0 0
num evicts: 5500000, p: 0, s: 2298739 	 max proactive lookup: 16, max shadow lookup: 16
current cycle = 8612254, last update cycle = 5000000, delta = 3612254
	load umon |	misses = 15970, hits= 0 0 0 0 0 0 0 0 0 0 0 0 0 0 38 19
	write umon |	misses = 7724, hits= 0 0 0 0 0 0 0 0 0 0 0 0 0 0 0 0
num evicts: 5600000, p: 0, s: 2337819 	 max proactive lookup: 16, max shadow lookup: 16
current cycle = 8762254, last update cycle = 5000000, delta = 3762254
	load umon |	misses = 16355, hits= 0 0 0 0 0 0 0 0 0 0 0 0 0 0 38 19
	write umon |	misses = 7916, hits= 0 0 0 0 0 0 0 0 0 0 0 0 0 0 0 0
num evicts: 5700000, p: 0, s: 2381385 	 max proactive lookup: 16, max shadow lookup: 16
current cycle = 8912254, last update cycle = 5000000, delta = 3912254
	load umon |	misses = 16750, hits= 0 0 0 0 0 0 0 0 0 0 0 0 0 0 38 19
	write umon |	misses = 8113, hits= 0 0 0 0 0 0 0 0 0 0 0 0 0 0 0 0
num evicts: 5800000, p: 0, s: 2425927 	 max proactive lookup: 16, max shadow lookup: 16
current cycle = 9062254, last update cycle = 5000000, delta = 4062254
	load umon |	misses = 17138, hits= 0 0 0 0 0 0 0 0 0 0 0 0 0 0 38 19
	write umon |	misses = 8308, hits= 0 0 0 0 0 0 0 0 0 0 0 0 0 0 0 0
num evicts: 5900000, p: 0, s: 2470834 	 max proactive lookup: 16, max shadow lookup: 16
current cycle = 9212254, last update cycle = 5000000, delta = 4212254
	load umon |	misses = 17529, hits= 0 0 0 0 0 0 0 0 0 0 0 0 0 0 38 19
	write umon |	misses = 8501, hits= 0 0 0 0 0 0 0 0 0 0 0 0 0 0 0 0
num evicts: 6000000, p: 0, s: 2514729 	 max proactive lookup: 16, max shadow lookup: 16
current cycle = 9362270, last update cycle = 5000000, delta = 4362270
	load umon |	misses = 17923, hits= 0 0 0 0 0 0 0 0 0 0 0 0 0 0 44 20
	write umon |	misses = 8700, hits= 0 0 0 0 0 0 0 0 0 0 0 0 0 0 0 0
num evicts: 6100000, p: 0, s: 2559364 	 max proactive lookup: 16, max shadow lookup: 16
current cycle = 9512261, last update cycle = 5000000, delta = 4512261
	load umon |	misses = 18311, hits= 0 0 0 0 0 0 0 0 0 0 0 0 0 0 44 20
	write umon |	misses = 8893, hits= 0 0 0 0 0 0 0 0 0 0 0 0 0 0 0 0
num evicts: 6200000, p: 0, s: 2603742 	 max proactive lookup: 16, max shadow lookup: 16
current cycle = 9662262, last update cycle = 5000000, delta = 4662262
	load umon |	misses = 18701, hits= 0 0 0 0 0 0 0 0 0 0 0 0 0 0 44 20
	write umon |	misses = 9086, hits= 0 0 0 0 0 0 0 0 0 0 0 0 0 0 0 0
num evicts: 6300000, p: 0, s: 2649189 	 max proactive lookup: 16, max shadow lookup: 16
current cycle = 9812262, last update cycle = 5000000, delta = 4812262
	load umon |	misses = 19092, hits= 0 0 0 0 0 0 0 0 0 0 0 0 0 0 44 20
	write umon |	misses = 9284, hits= 0 0 0 0 0 0 0 0 0 0 0 0 0 0 0 0
num evicts: 6400000, p: 0, s: 2694249 	 max proactive lookup: 16, max shadow lookup: 16
current cycle = 9962262, last update cycle = 5000000, delta = 4962262
	load umon |	misses = 19483, hits= 0 0 0 0 0 0 0 0 0 0 0 0 0 0 44 20
	write umon |	misses = 9477, hits= 0 0 0 0 0 0 0 0 0 0 0 0 0 0 0 0
Heartbeat CPU 0 instructions: 20000006 cycles: 9966297 heartbeat IPC: 2 cumulative IPC: 2.007 (Simulation time: 00 hr 42 min 30 sec)
Heartbeat CPU 1 instructions: 20000006 cycles: 9968506 heartbeat IPC: 2 cumulative IPC: 2.006 (Simulation time: 00 hr 42 min 31 sec)
Heartbeat CPU 2 instructions: 20000006 cycles: 9969075 heartbeat IPC: 2 cumulative IPC: 2.006 (Simulation time: 00 hr 42 min 31 sec)
Heartbeat CPU 3 instructions: 20000006 cycles: 9969333 heartbeat IPC: 2 cumulative IPC: 2.006 (Simulation time: 00 hr 42 min 31 sec)
Heartbeat CPU 4 instructions: 20000006 cycles: 9969613 heartbeat IPC: 2 cumulative IPC: 2.006 (Simulation time: 00 hr 42 min 31 sec)
Heartbeat CPU 5 instructions: 20000006 cycles: 9969831 heartbeat IPC: 2 cumulative IPC: 2.006 (Simulation time: 00 hr 42 min 31 sec)
Heartbeat CPU 6 instructions: 20000006 cycles: 9970014 heartbeat IPC: 2 cumulative IPC: 2.006 (Simulation time: 00 hr 42 min 31 sec)
Heartbeat CPU 7 instructions: 20000006 cycles: 9970216 heartbeat IPC: 2 cumulative IPC: 2.006 (Simulation time: 00 hr 42 min 31 sec)
num evicts: 6500000, p: 0, s: 2738176 	 max proactive lookup: 16, max shadow lookup: 16
current cycle = 10112268, last update cycle = 10000001, delta = 112267
	load umon |	misses = 10086, hits= 0 0 0 0 0 0 0 0 0 0 0 0 0 0 28 11
	write umon |	misses = 4913, hits= 0 0 0 0 0 0 0 0 0 0 0 0 0 0 0 0
num evicts: 6600000, p: 0, s: 2783795 	 max proactive lookup: 16, max shadow lookup: 16
current cycle = 10262267, last update cycle = 10000001, delta = 262266
	load umon |	misses = 10476, hits= 0 0 0 0 0 0 0 0 0 0 0 0 0 0 28 11
	write umon |	misses = 5106, hits= 0 0 0 0 0 0 0 0 0 0 0 0 0 0 0 0
num evicts: 6700000, p: 0, s: 2828925 	 max proactive lookup: 16, max shadow lookup: 16
current cycle = 10412270, last update cycle = 10000001, delta = 412269
	load umon |	misses = 10866, hits= 0 0 0 0 0 0 0 0 0 0 0 0 0 0 28 11
	write umon |	misses = 5301, hits= 0 0 0 0 0 0 0 0 0 0 0 0 0 0 0 0
num evicts: 6800000, p: 0, s: 2868339 	 max proactive lookup: 16, max shadow lookup: 16
current cycle = 10562267, last update cycle = 10000001, delta = 562266
	load umon |	misses = 11257, hits= 0 0 0 0 0 0 0 0 0 0 0 0 0 0 28 11
	write umon |	misses = 5498, hits= 0 0 0 0 0 0 0 0 0 0 0 0 0 0 0 0
num evicts: 6900000, p: 0, s: 2907721 	 max proactive lookup: 16, max shadow lookup: 16
current cycle = 10712267, last update cycle = 10000001, delta = 712266
	load umon |	misses = 11647, hits= 0 0 0 0 0 0 0 0 0 0 0 0 0 0 28 11
	write umon |	misses = 5691, hits= 0 0 0 0 0 0 0 0 0 0 0 0 0 0 0 0
num evicts: 7000000, p: 0, s: 2947562 	 max proactive lookup: 16, max shadow lookup: 16
current cycle = 10862282, last update cycle = 10000001, delta = 862281
	load umon |	misses = 12040, hits= 0 0 0 0 0 0 0 0 0 0 0 0 0 0 34 12
	write umon |	misses = 5890, hits= 0 0 0 0 0 0 0 0 0 0 0 0 0 0 0 0
num evicts: 7100000, p: 0, s: 2986806 	 max proactive lookup: 16, max shadow lookup: 16
current cycle = 11012274, last update cycle = 10000001, delta = 1012273
	load umon |	misses = 12431, hits= 0 0 0 0 0 0 0 0 0 0 0 0 0 0 34 12
	write umon |	misses = 6082, hits= 0 0 0 0 0 0 0 0 0 0 0 0 0 0 0 0
num evicts: 7200000, p: 0, s: 3026429 	 max proactive lookup: 16, max shadow lookup: 16
current cycle = 11162275, last update cycle = 10000001, delta = 1162274
	load umon |	misses = 12821, hits= 0 0 0 0 0 0 0 0 0 0 0 0 0 0 34 12
	write umon |	misses = 6279, hits= 0 0 0 0 0 0 0 0 0 0 0 0 0 0 0 0
num evicts: 7300000, p: 0, s: 3071136 	 max proactive lookup: 16, max shadow lookup: 16
current cycle = 11312273, last update cycle = 10000001, delta = 1312272
	load umon |	misses = 13212, hits= 0 0 0 0 0 0 0 0 0 0 0 0 0 0 34 12
	write umon |	misses = 6474, hits= 0 0 0 0 0 0 0 0 0 0 0 0 0 0 0 0
num evicts: 7400000, p: 0, s: 3116178 	 max proactive lookup: 16, max shadow lookup: 16
current cycle = 11462273, last update cycle = 10000001, delta = 1462272
	load umon |	misses = 13601, hits= 0 0 0 0 0 0 0 0 0 0 0 0 0 0 34 12
	write umon |	misses = 6668, hits= 0 0 0 0 0 0 0 0 0 0 0 0 0 0 0 0
num evicts: 7500000, p: 0, s: 3161710 	 max proactive lookup: 16, max shadow lookup: 16
current cycle = 11612284, last update cycle = 10000001, delta = 1612283
	load umon |	misses = 13994, hits= 0 0 0 0 0 0 0 0 0 0 0 0 0 0 40 13
	write umon |	misses = 6866, hits= 0 0 0 0 0 0 0 0 0 0 0 0 0 0 0 0
num evicts: 7600000, p: 0, s: 3207235 	 max proactive lookup: 16, max shadow lookup: 16
current cycle = 11762280, last update cycle = 10000001, delta = 1762279
	load umon |	misses = 14385, hits= 0 0 0 0 0 0 0 0 0 0 0 0 0 0 40 13
	write umon |	misses = 7059, hits= 0 0 0 0 0 0 0 0 0 0 0 0 0 0 0 0
num evicts: 7700000, p: 0, s: 3252885 	 max proactive lookup: 16, max shadow lookup: 16
current cycle = 11912280, last update cycle = 10000001, delta = 1912279
	load umon |	misses = 14776, hits= 0 0 0 0 0 0 0 0 0 0 0 0 0 0 40 13
	write umon |	misses = 7257, hits= 0 0 0 0 0 0 0 0 0 0 0 0 0 0 0 0
num evicts: 7800000, p: 0, s: 3295382 	 max proactive lookup: 16, max shadow lookup: 16
current cycle = 12062281, last update cycle = 10000001, delta = 2062280
	load umon |	misses = 15168, hits= 0 0 0 0 0 0 0 0 0 0 0 0 0 0 40 13
	write umon |	misses = 7450, hits= 0 0 0 0 0 0 0 0 0 0 0 0 0 0 0 0
num evicts: 7900000, p: 0, s: 3336114 	 max proactive lookup: 16, max shadow lookup: 16
current cycle = 12212281, last update cycle = 10000001, delta = 2212280
	load umon |	misses = 15557, hits= 0 0 0 0 0 0 0 0 0 0 0 0 0 0 40 13
	write umon |	misses = 7646, hits= 0 0 0 0 0 0 0 0 0 0 0 0 0 0 0 0
num evicts: 8000000, p: 0, s: 3377154 	 max proactive lookup: 16, max shadow lookup: 16
current cycle = 12362280, last update cycle = 10000001, delta = 2362279
	load umon |	misses = 15944, hits= 0 0 0 0 0 0 0 0 0 0 0 0 0 0 40 13
	write umon |	misses = 7841, hits= 0 0 0 0 0 0 0 0 0 0 0 0 0 0 0 0
Warmup finished CPU 0 instructions: 25000002 cycles: 12466126 cumulative IPC: 2.005 (Simulation time: 00 hr 53 min 28 sec)
Warmup finished CPU 1 instructions: 25000002 cycles: 12468542 cumulative IPC: 2.005 (Simulation time: 00 hr 53 min 28 sec)
Warmup finished CPU 2 instructions: 25000002 cycles: 12469128 cumulative IPC: 2.005 (Simulation time: 00 hr 53 min 29 sec)
Warmup finished CPU 3 instructions: 25000002 cycles: 12469369 cumulative IPC: 2.005 (Simulation time: 00 hr 53 min 29 sec)
Warmup finished CPU 4 instructions: 25000002 cycles: 12469602 cumulative IPC: 2.005 (Simulation time: 00 hr 53 min 29 sec)
Warmup finished CPU 5 instructions: 25000002 cycles: 12469963 cumulative IPC: 2.005 (Simulation time: 00 hr 53 min 29 sec)
Warmup finished CPU 6 instructions: 25000002 cycles: 12470122 cumulative IPC: 2.005 (Simulation time: 00 hr 53 min 29 sec)
Warmup finished CPU 7 instructions: 25000002 cycles: 12470341 cumulative IPC: 2.005 (Simulation time: 00 hr 53 min 29 sec)
Warmup complete CPU 7 instructions: 25000002 cycles: 12470341 cumulative IPC: 2.005 (Simulation time: 00 hr 53 min 29 sec)
Warmup complete CPU 6 instructions: 25000449 cycles: 12470341 cumulative IPC: 2.005 (Simulation time: 00 hr 53 min 29 sec)
Warmup complete CPU 5 instructions: 25000765 cycles: 12470341 cumulative IPC: 2.005 (Simulation time: 00 hr 53 min 29 sec)
Warmup complete CPU 4 instructions: 25001485 cycles: 12470341 cumulative IPC: 2.005 (Simulation time: 00 hr 53 min 29 sec)
Warmup complete CPU 3 instructions: 25001965 cycles: 12470341 cumulative IPC: 2.005 (Simulation time: 00 hr 53 min 29 sec)
Warmup complete CPU 2 instructions: 25002445 cycles: 12470341 cumulative IPC: 2.005 (Simulation time: 00 hr 53 min 29 sec)
Warmup complete CPU 1 instructions: 25003597 cycles: 12470341 cumulative IPC: 2.005 (Simulation time: 00 hr 53 min 29 sec)
Warmup complete CPU 0 instructions: 25008445 cycles: 12470341 cumulative IPC: 2.005 (Simulation time: 00 hr 53 min 29 sec)
num evicts: 8100000, p: 0, s: 3417436 	 max proactive lookup: 16, max shadow lookup: 16
current cycle = 12819010, last update cycle = 10000001, delta = 2819009
	load umon |	misses = 16340, hits= 0 0 0 0 0 0 0 0 0 0 0 0 0 1 45 14
	write umon |	misses = 8037, hits= 0 0 0 0 0 0 0 0 0 0 0 0 0 0 0 0
num evicts: 8200000, p: 0, s: 3458398 	 max proactive lookup: 16, max shadow lookup: 16
current cycle = 14019687, last update cycle = 10000001, delta = 4019686
	load umon |	misses = 16729, hits= 0 0 0 0 0 0 0 0 0 0 0 0 0 1 45 14
	write umon |	misses = 8233, hits= 0 0 0 0 0 0 0 0 0 0 0 0 0 0 0 0
num evicts: 8300000, p: 0, s: 3500479 	 max proactive lookup: 16, max shadow lookup: 16
current cycle = 15238260, last update cycle = 15000003, delta = 238257
	load umon |	misses = 8599, hits= 0 0 0 0 0 0 0 0 0 0 0 0 0 0 22 7
	write umon |	misses = 4231, hits= 0 0 0 0 0 0 0 0 0 0 0 0 0 0 0 0
num evicts: 8400000, p: 0, s: 3543468 	 max proactive lookup: 16, max shadow lookup: 16
current cycle = 16460919, last update cycle = 15000003, delta = 1460916
	load umon |	misses = 8988, hits= 0 0 0 0 0 0 0 0 0 0 0 0 0 0 22 7
	write umon |	misses = 4427, hits= 0 0 0 0 0 0 0 0 0 0 0 0 0 0 0 0
num evicts: 8500000, p: 0, s: 3588028 	 max proactive lookup: 16, max shadow lookup: 16
current cycle = 17660287, last update cycle = 15000003, delta = 2660284
	load umon |	misses = 9378, hits= 0 0 0 0 0 0 0 0 0 0 0 0 0 0 22 7
	write umon |	misses = 4624, hits= 0 0 0 0 0 0 0 0 0 0 0 0 0 0 0 0
num evicts: 8600000, p: 0, s: 3631043 	 max proactive lookup: 16, max shadow lookup: 16
current cycle = 18858758, last update cycle = 15000003, delta = 3858755
	load umon |	misses = 9770, hits= 0 0 0 0 0 0 0 0 0 0 0 0 0 1 27 8
	write umon |	misses = 4819, hits= 0 0 0 0 0 0 0 0 0 0 0 0 0 0 0 0
num evicts: 8700000, p: 0, s: 3667967 	 max proactive lookup: 16, max shadow lookup: 16
current cycle = 20065760, last update cycle = 20000004, delta = 65756
	load umon |	misses = 5091, hits= 0 0 0 0 0 0 0 0 0 0 0 0 0 0 13 4
	write umon |	misses = 2513, hits= 0 0 0 0 0 0 0 0 0 0 0 0 0 0 0 0
num evicts: 8800000, p: 0, s: 3710050 	 max proactive lookup: 16, max shadow lookup: 16
current cycle = 21254227, last update cycle = 20000004, delta = 1254223
	load umon |	misses = 5483, hits= 0 0 0 0 0 0 0 0 0 0 0 0 0 0 13 4
	write umon |	misses = 2707, hits= 0 0 0 0 0 0 0 0 0 0 0 0 0 0 0 0
num evicts: 8900000, p: 0, s: 3745482 	 max proactive lookup: 16, max shadow lookup: 16
current cycle = 22446911, last update cycle = 20000004, delta = 2446907
	load umon |	misses = 5874, hits= 0 0 0 0 0 0 0 0 0 0 0 0 0 0 13 4
	write umon |	misses = 2904, hits= 0 0 0 0 0 0 0 0 0 0 0 0 0 0 0 0
num evicts: 9000000, p: 0, s: 3783467 	 max proactive lookup: 16, max shadow lookup: 16
current cycle = 23654797, last update cycle = 20000004, delta = 3654793
	load umon |	misses = 6263, hits= 0 0 0 0 0 0 0 0 0 0 0 0 0 0 13 4
	write umon |	misses = 3098, hits= 0 0 0 0 0 0 0 0 0 0 0 0 0 0 0 0
num evicts: 9100000, p: 0, s: 3823006 	 max proactive lookup: 16, max shadow lookup: 16
current cycle = 24872996, last update cycle = 20000004, delta = 4872992
	load umon |	misses = 6655, hits= 0 0 0 0 0 0 0 0 0 0 0 0 0 0 20 4
	write umon |	misses = 3293, hits= 0 0 0 0 0 0 0 0 0 0 0 0 0 0 0 0
num evicts: 9200000, p: 0, s: 3859072 	 max proactive lookup: 16, max shadow lookup: 16
current cycle = 26084697, last update cycle = 25000004, delta = 1084693
	load umon |	misses = 3697, hits= 0 0 0 0 0 0 0 0 0 0 0 0 0 0 10 2
	write umon |	misses = 1832, hits= 0 0 0 0 0 0 0 0 0 0 0 0 0 0 0 0
num evicts: 9300000, p: 0, s: 3894078 	 max proactive lookup: 16, max shadow lookup: 16
current cycle = 27315014, last update cycle = 25000004, delta = 2315010
	load umon |	misses = 4087, hits= 0 0 0 0 0 0 0 0 0 0 0 0 0 0 10 2
	write umon |	misses = 2026, hits= 0 0 0 0 0 0 0 0 0 0 0 0 0 0 0 0
num evicts: 9400000, p: 0, s: 3937758 	 max proactive lookup: 16, max shadow lookup: 16
current cycle = 28554193, last update cycle = 25000004, delta = 3554189
	load umon |	misses = 4478, hits= 0 0 0 0 0 0 0 0 0 0 0 0 0 0 10 2
	write umon |	misses = 2222, hits= 0 0 0 0 0 0 0 0 0 0 0 0 0 0 0 0
num evicts: 9500000, p: 0, s: 3982574 	 max proactive lookup: 16, max shadow lookup: 16
current cycle = 29757535, last update cycle = 25000004, delta = 4757531
	load umon |	misses = 4867, hits= 0 0 0 0 0 0 0 0 0 0 0 0 0 0 10 2
	write umon |	misses = 2417, hits= 0 0 0 0 0 0 0 0 0 0 0 0 0 0 0 0
num evicts: 9600000, p: 0, s: 4027276 	 max proactive lookup: 16, max shadow lookup: 16
current cycle = 30956934, last update cycle = 30000005, delta = 956929
	load umon |	misses = 2787, hits= 0 0 0 0 0 0 0 0 0 0 0 0 0 0 12 1
	write umon |	misses = 1384, hits= 0 0 0 0 0 0 0 0 0 0 0 0 0 0 0 0
num evicts: 9700000, p: 0, s: 4071952 	 max proactive lookup: 16, max shadow lookup: 16
current cycle = 32146866, last update cycle = 30000005, delta = 2146861
	load umon |	misses = 3178, hits= 0 0 0 0 0 0 0 0 0 0 0 0 0 0 12 1
	write umon |	misses = 1580, hits= 0 0 0 0 0 0 0 0 0 0 0 0 0 0 0 0
Heartbeat CPU 2 instructions: 30000006 cycles: 32567161 heartbeat IPC: 0.4425 cumulative IPC: 0.2487 (Simulation time: 01 hr 29 min 21 sec)
Heartbeat CPU 1 instructions: 30000006 cycles: 32569217 heartbeat IPC: 0.4425 cumulative IPC: 0.2486 (Simulation time: 01 hr 29 min 21 sec)
Heartbeat CPU 4 instructions: 30000006 cycles: 32587065 heartbeat IPC: 0.4421 cumulative IPC: 0.2485 (Simulation time: 01 hr 29 min 23 sec)
Heartbeat CPU 7 instructions: 30000006 cycles: 32587520 heartbeat IPC: 0.4421 cumulative IPC: 0.2485 (Simulation time: 01 hr 29 min 23 sec)
Heartbeat CPU 3 instructions: 30000006 cycles: 32589922 heartbeat IPC: 0.4421 cumulative IPC: 0.2484 (Simulation time: 01 hr 29 min 23 sec)
Heartbeat CPU 5 instructions: 30000008 cycles: 32610559 heartbeat IPC: 0.4417 cumulative IPC: 0.2482 (Simulation time: 01 hr 29 min 25 sec)
Heartbeat CPU 0 instructions: 30000006 cycles: 32627168 heartbeat IPC: 0.4413 cumulative IPC: 0.2476 (Simulation time: 01 hr 29 min 27 sec)
Heartbeat CPU 6 instructions: 30000006 cycles: 32634911 heartbeat IPC: 0.4412 cumulative IPC: 0.2479 (Simulation time: 01 hr 29 min 28 sec)
num evicts: 9800000, p: 0, s: 4115266 	 max proactive lookup: 16, max shadow lookup: 16
current cycle = 33326790, last update cycle = 30000005, delta = 3326785
	load umon |	misses = 3568, hits= 0 0 0 0 0 0 0 0 0 0 0 0 0 0 12 1
	write umon |	misses = 1776, hits= 0 0 0 0 0 0 0 0 0 0 0 0 0 0 0 0
num evicts: 9900000, p: 0, s: 4159093 	 max proactive lookup: 16, max shadow lookup: 16
current cycle = 34534188, last update cycle = 30000005, delta = 4534183
	load umon |	misses = 3961, hits= 0 0 0 0 0 0 0 0 0 0 0 0 0 0 12 1
	write umon |	misses = 1971, hits= 0 0 0 0 0 0 0 0 0 0 0 0 0 0 0 0
num evicts: 10000000, p: 0, s: 4204088 	 max proactive lookup: 16, max shadow lookup: 16
current cycle = 35737130, last update cycle = 35000012, delta = 737118
	load umon |	misses = 2297, hits= 0 0 0 0 0 0 0 0 0 0 0 0 0 0 6 0
	write umon |	misses = 1145, hits= 0 0 0 0 0 0 0 0 0 0 0 0 0 0 0 0
num evicts: 10100000, p: 0, s: 4246705 	 max proactive lookup: 16, max shadow lookup: 16
current cycle = 36923612, last update cycle = 35000012, delta = 1923600
	load umon |	misses = 2685, hits= 0 0 0 0 0 0 0 0 0 0 0 0 0 0 6 0
	write umon |	misses = 1338, hits= 0 0 0 0 0 0 0 0 0 0 0 0 0 0 0 0
num evicts: 10200000, p: 0, s: 4293809 	 max proactive lookup: 16, max shadow lookup: 16
current cycle = 38126060, last update cycle = 35000012, delta = 3126048
	load umon |	misses = 3080, hits= 0 0 0 0 0 0 0 0 0 0 0 0 0 0 13 0
	write umon |	misses = 1533, hits= 0 0 0 0 0 0 0 0 0 0 0 0 0 0 0 0
num evicts: 10300000, p: 0, s: 4340005 	 max proactive lookup: 16, max shadow lookup: 16
current cycle = 39333787, last update cycle = 35000012, delta = 4333775
	load umon |	misses = 3469, hits= 0 0 0 0 0 0 0 0 0 0 0 0 0 0 13 0
	write umon |	misses = 1731, hits= 0 0 0 0 0 0 0 0 0 0 0 0 0 0 0 0
num evicts: 10400000, p: 0, s: 4386044 	 max proactive lookup: 16, max shadow lookup: 16
current cycle = 40532341, last update cycle = 40000014, delta = 532327
	load umon |	misses = 2017, hits= 0 0 0 0 0 0 0 0 0 0 0 0 0 0 6 0
	write umon |	misses = 1005, hits= 0 0 0 0 0 0 0 0 0 0 0 0 0 0 0 0
num evicts: 10500000, p: 0, s: 4431111 	 max proactive lookup: 16, max shadow lookup: 16
current cycle = 41723048, last update cycle = 40000014, delta = 1723034
	load umon |	misses = 2408, hits= 0 0 0 0 0 0 0 0 0 0 0 0 0 0 6 0
	write umon |	misses = 1201, hits= 0 0 0 0 0 0 0 0 0 0 0 0 0 0 0 0
num evicts: 10600000, p: 0, s: 4473119 	 max proactive lookup: 16, max shadow lookup: 16
current cycle = 42904346, last update cycle = 40000014, delta = 2904332
	load umon |	misses = 2795, hits= 0 0 0 0 0 0 0 0 0 0 0 0 0 0 6 0
	write umon |	misses = 1395, hits= 0 0 0 0 0 0 0 0 0 0 0 0 0 0 0 0
num evicts: 10700000, p: 0, s: 4517482 	 max proactive lookup: 16, max shadow lookup: 16
current cycle = 44125203, last update cycle = 40000014, delta = 4125189
	load umon |	misses = 3191, hits= 0 0 0 0 0 0 0 0 0 0 0 0 0 0 13 0
	write umon |	misses = 1594, hits= 0 0 0 0 0 0 0 0 0 0 0 0 0 0 0 0
num evicts: 10800000, p: 0, s: 4562398 	 max proactive lookup: 16, max shadow lookup: 16
current cycle = 45327649, last update cycle = 45000031, delta = 327618
	load umon |	misses = 1841, hits= 0 0 0 0 0 0 0 0 0 0 0 0 0 0 6 0
	write umon |	misses = 918, hits= 0 0 0 0 0 0 0 0 0 0 0 0 0 0 0 0
num evicts: 10900000, p: 0, s: 4606693 	 max proactive lookup: 16, max shadow lookup: 16
current cycle = 46525623, last update cycle = 45000031, delta = 1525592
	load umon |	misses = 2234, hits= 0 0 0 0 0 0 0 0 0 0 0 0 0 0 6 0
	write umon |	misses = 1114, hits= 0 0 0 0 0 0 0 0 0 0 0 0 0 0 0 0
num evicts: 11000000, p: 0, s: 4644664 	 max proactive lookup: 16, max shadow lookup: 16
current cycle = 47731301, last update cycle = 45000031, delta = 2731270
	load umon |	misses = 2625, hits= 0 0 0 0 0 0 0 0 0 0 0 0 0 0 6 0
	write umon |	misses = 1311, hits= 0 0 0 0 0 0 0 0 0 0 0 0 0 0 0 0
num evicts: 11100000, p: 0, s: 4685040 	 max proactive lookup: 16, max shadow lookup: 16
current cycle = 48955339, last update cycle = 45000031, delta = 3955308
	load umon |	misses = 3013, hits= 0 0 0 0 0 0 0 0 0 0 0 0 0 0 6 0
	write umon |	misses = 1506, hits= 0 0 0 0 0 0 0 0 0 0 0 0 0 0 0 0
num evicts: 11200000, p: 0, s: 4725490 	 max proactive lookup: 16, max shadow lookup: 16
current cycle = 50166768, last update cycle = 50000042, delta = 166726
	load umon |	misses = 1728, hits= 0 0 0 0 0 0 0 0 0 0 0 0 0 0 6 0
	write umon |	misses = 862, hits= 0 0 0 0 0 0 0 0 0 0 0 0 0 0 0 0
num evicts: 11300000, p: 0, s: 4762682 	 max proactive lookup: 16, max shadow lookup: 16
current cycle = 51351787, last update cycle = 50000042, delta = 1351745
	load umon |	misses = 2120, hits= 0 0 0 0 0 0 0 0 0 0 0 0 0 0 6 0
	write umon |	misses = 1058, hits= 0 0 0 0 0 0 0 0 0 0 0 0 0 0 0 0
num evicts: 11400000, p: 0, s: 4800761 	 max proactive lookup: 16, max shadow lookup: 16
current cycle = 52578501, last update cycle = 50000042, delta = 2578459
	load umon |	misses = 2510, hits= 0 0 0 0 0 0 0 0 0 0 0 0 0 0 6 0
	write umon |	misses = 1253, hits= 0 0 0 0 0 0 0 0 0 0 0 0 0 0 0 0
num evicts: 11500000, p: 0, s: 4844526 	 max proactive lookup: 16, max shadow lookup: 16
current cycle = 53800969, last update cycle = 50000042, delta = 3800927
	load umon |	misses = 2902, hits= 0 0 0 0 0 0 0 0 0 0 0 0 0 0 6 0
	write umon |	misses = 1449, hits= 0 0 0 0 0 0 0 0 0 0 0 0 0 0 0 0
num evicts: 11600000, p: 0, s: 4888277 	 max proactive lookup: 16, max shadow lookup: 16
current cycle = 54999456, last update cycle = 50000042, delta = 4999414
	load umon |	misses = 3290, hits= 0 0 0 0 0 0 0 0 0 0 0 0 0 0 6 0
	write umon |	misses = 1642, hits= 0 0 0 0 0 0 0 0 0 0 0 0 0 0 0 0
num evicts: 11700000, p: 0, s: 4930605 	 max proactive lookup: 16, max shadow lookup: 16
current cycle = 56193097, last update cycle = 55000238, delta = 1192859
	load umon |	misses = 2038, hits= 0 0 0 0 0 0 0 0 0 0 0 0 0 0 10 0
	write umon |	misses = 1020, hits= 0 0 0 0 0 0 0 0 0 0 0 0 0 0 0 0
num evicts: 11800000, p: 0, s: 4973816 	 max proactive lookup: 16, max shadow lookup: 16
current cycle = 57448029, last update cycle = 55000238, delta = 2447791
	load umon |	misses = 2428, hits= 0 0 0 0 0 0 0 0 0 0 0 0 0 0 10 0
	write umon |	misses = 1213, hits= 0 0 0 0 0 0 0 0 0 0 0 0 0 0 0 0
num evicts: 11900000, p: 0, s: 5016605 	 max proactive lookup: 16, max shadow lookup: 16
current cycle = 58706888, last update cycle = 55000238, delta = 3706650
	load umon |	misses = 2817, 