[VMEM] WARNING: physical memory size is smaller than virtual memory size.

*** ChampSim Multicore Out-of-Order Simulator ***
Warmup Instructions: 25000000
Simulation Instructions: 25000000
Number of CPUs: 8
Page size: 2097152

initializing BARD -- num sampled sets: 64, modulus = 256
CL :	 16.64 ns
CWL :	 15.808 ns
tRP :	 16.224 ns
tRCD :	 16.224 ns
tRAS :	 32.032000000000004 ns
tRTP :	 7.904 ns
tWR :	 30.368000000000002 ns

tCCD_S :	 3.3280000000000003 ns
tCCD_S_WR :	 3.3280000000000003 ns
tCCD_S_WTR :	 22.048000000000002 ns
tCCD_L :	 5.408 ns
tCCD_L_WR :	 20.384 ns
tCCD_L_WTR :	 29.536 ns
tRRD_S :	 3.3280000000000003 ns
tRRD_L :	 5.408 ns
tFAW :	 13.728 ns
Address mapping (perm = 1) 	ch co bg bg bg ba ba co co co co co co ro ro ro ro ro ro ro ro ro ro ro ro ro ro ro 
dram queue size: R = 64 W = 48 (low:high is 9:39)
num evicts: 0, p: 0, s: 0 	 max proactive lookup: 16, max shadow lookup: 16
current cycle = 77572, last update cycle = 0, delta = 77572
	load umon |	misses = 274, hits= 1 0 0 0 0 0 0 0 0 0 0 0 0 0 0 5
	write umon |	misses = 0, hits= 0 0 0 0 0 0 0 0 0 0 0 0 0 0 0 0
num evicts: 100000, p: 0, s: 6275 	 max proactive lookup: 16, max shadow lookup: 16
current cycle = 465868, last update cycle = 0, delta = 465868
	load umon |	misses = 1414, hits= 1 0 0 0 0 0 0 1 0 1 0 0 0 1 3 15
	write umon |	misses = 52, hits= 0 0 0 0 0 0 0 0 0 0 0 0 0 0 0 0
num evicts: 200000, p: 0, s: 26434 	 max proactive lookup: 16, max shadow lookup: 16
current cycle = 599208, last update cycle = 0, delta = 599208
	load umon |	misses = 1802, hits= 1 0 0 0 0 0 0 1 0 1 1 0 0 2 5 19
	write umon |	misses = 184, hits= 0 0 0 0 0 0 0 0 0 0 0 0 0 0 0 0
num evicts: 300000, p: 0, s: 50206 	 max proactive lookup: 16, max shadow lookup: 16
current cycle = 732543, last update cycle = 0, delta = 732543
	load umon |	misses = 2190, hits= 1 0 0 0 0 0 0 1 0 1 1 0 0 2 5 19
	write umon |	misses = 312, hits= 0 0 0 0 0 0 0 0 0 0 0 0 0 0 0 0
num evicts: 400000, p: 0, s: 73059 	 max proactive lookup: 16, max shadow lookup: 16
current cycle = 865876, last update cycle = 0, delta = 865876
	load umon |	misses = 2586, hits= 1 0 0 0 0 0 0 1 0 1 1 0 0 2 5 19
	write umon |	misses = 440, hits= 0 0 0 0 0 0 0 0 0 0 0 0 0 0 0 0
num evicts: 500000, p: 0, s: 101805 	 max proactive lookup: 16, max shadow lookup: 16
current cycle = 999208, last update cycle = 0, delta = 999208
	load umon |	misses = 2978, hits= 1 0 0 0 0 0 0 1 0 1 1 0 0 2 5 19
	write umon |	misses = 576, hits= 0 0 0 0 0 0 0 0 0 0 0 0 0 0 0 0
num evicts: 600000, p: 0, s: 131579 	 max proactive lookup: 16, max shadow lookup: 16
current cycle = 1132542, last update cycle = 0, delta = 1132542
	load umon |	misses = 3363, hits= 1 0 0 0 0 0 0 1 0 1 1 0 0 2 5 19
	write umon |	misses = 704, hits= 0 0 0 0 0 0 0 0 0 0 0 0 0 0 0 0
num evicts: 700000, p: 0, s: 161391 	 max proactive lookup: 16, max shadow lookup: 16
current cycle = 1265875, last update cycle = 0, delta = 1265875
	load umon |	misses = 3756, hits= 1 0 0 0 0 0 0 1 0 1 1 0 0 2 5 19
	write umon |	misses = 832, hits= 0 0 0 0 0 0 0 0 0 0 0 0 0 0 0 0
num evicts: 800000, p: 0, s: 191298 	 max proactive lookup: 16, max shadow lookup: 16
current cycle = 1399208, last update cycle = 0, delta = 1399208
	load umon |	misses = 4146, hits= 1 0 0 0 0 0 0 1 0 1 1 0 0 2 5 19
	write umon |	misses = 960, hits= 0 0 0 0 0 0 0 0 0 0 0 0 0 0 0 0
num evicts: 900000, p: 0, s: 222908 	 max proactive lookup: 16, max shadow lookup: 16
current cycle = 1532558, last update cycle = 0, delta = 1532558
	load umon |	misses = 4539, hits= 1 0 0 0 0 0 0 1 0 1 1 0 1 2 15 23
	write umon |	misses = 1096, hits= 0 0 0 0 0 0 0 0 0 0 0 0 0 0 0 0
num evicts: 1000000, p: 0, s: 253503 	 max proactive lookup: 16, max shadow lookup: 16
current cycle = 1665900, last update cycle = 0, delta = 1665900
	load umon |	misses = 4928, hits= 1 0 0 0 0 0 0 1 0 1 1 0 2 2 20 25
	write umon |	misses = 1224, hits= 0 0 0 0 0 0 0 0 0 0 0 0 0 0 0 0
num evicts: 1100000, p: 0, s: 284515 	 max proactive lookup: 16, max shadow lookup: 16
current cycle = 1799231, last update cycle = 0, delta = 1799231
	load umon |	misses = 5320, hits= 1 0 0 0 0 0 0 1 0 1 1 0 2 2 20 25
	write umon |	misses = 1352, hits= 0 0 0 0 0 0 0 0 0 0 0 0 0 0 0 0
num evicts: 1200000, p: 0, s: 315428 	 max proactive lookup: 16, max shadow lookup: 16
current cycle = 1932565, last update cycle = 0, delta = 1932565
	load umon |	misses = 5708, hits= 1 0 0 0 0 0 0 1 0 1 1 0 2 2 20 25
	write umon |	misses = 1481, hits= 0 0 0 0 0 0 0 0 0 0 0 0 0 0 0 0
num evicts: 1300000, p: 0, s: 345590 	 max proactive lookup: 16, max shadow lookup: 16
current cycle = 2065899, last update cycle = 0, delta = 2065899
	load umon |	misses = 6099, hits= 1 0 0 0 0 0 0 1 0 1 1 0 2 2 20 25
	write umon |	misses = 1616, hits= 0 0 0 0 0 0 0 0 0 0 0 0 0 0 0 0
num evicts: 1400000, p: 0, s: 376484 	 max proactive lookup: 16, max shadow lookup: 16
current cycle = 2199232, last update cycle = 0, delta = 2199232
	load umon |	misses = 6493, hits= 1 0 0 0 0 0 0 1 0 1 1 0 2 2 20 25
	write umon |	misses = 1744, hits= 0 0 0 0 0 0 0 0 0 0 0 0 0 0 0 0
num evicts: 1500000, p: 0, s: 407099 	 max proactive lookup: 16, max shadow lookup: 16
current cycle = 2332565, last update cycle = 0, delta = 2332565
	load umon |	misses = 6883, hits= 1 0 0 0 0 0 0 1 0 1 1 0 2 2 20 25
	write umon |	misses = 1872, hits= 0 0 0 0 0 0 0 0 0 0 0 0 0 0 0 0
num evicts: 1600000, p: 0, s: 437845 	 max proactive lookup: 16, max shadow lookup: 16
current cycle = 2465905, last update cycle = 0, delta = 2465905
	load umon |	misses = 7270, hits= 1 0 0 0 0 0 0 1 0 1 1 0 2 2 26 26
	write umon |	misses = 2003, hits= 0 0 0 0 0 0 0 0 0 0 0 0 0 0 0 0
num evicts: 1700000, p: 0, s: 469858 	 max proactive lookup: 16, max shadow lookup: 16
current cycle = 2599248, last update cycle = 0, delta = 2599248
	load umon |	misses = 7661, hits= 1 0 0 0 0 0 0 1 0 1 1 0 2 3 32 27
	write umon |	misses = 2136, hits= 0 0 0 0 0 0 0 0 0 0 0 0 0 0 0 0
num evicts: 1800000, p: 0, s: 501476 	 max proactive lookup: 16, max shadow lookup: 16
current cycle = 2732586, last update cycle = 0, delta = 2732586
	load umon |	misses = 8056, hits= 1 0 0 0 0 0 0 1 0 1 1 0 2 4 38 28
	write umon |	misses = 2264, hits= 0 0 0 0 0 0 0 0 0 0 0 0 0 0 0 0
num evicts: 1900000, p: 0, s: 533406 	 max proactive lookup: 16, max shadow lookup: 16
current cycle = 2865920, last update cycle = 0, delta = 2865920
	load umon |	misses = 8445, hits= 1 0 0 0 0 0 0 1 0 1 1 0 2 4 38 28
	write umon |	misses = 2393, hits= 0 0 0 0 0 0 0 0 0 0 0 0 0 0 0 0
num evicts: 2000000, p: 0, s: 564699 	 max proactive lookup: 16, max shadow lookup: 16
current cycle = 2999256, last update cycle = 0, delta = 2999256
	load umon |	misses = 8834, hits= 1 0 0 0 0 0 0 1 0 1 1 0 2 4 38 28
	write umon |	misses = 2527, hits= 0 0 0 0 0 0 0 0 0 0 0 0 0 0 0 0
num evicts: 2100000, p: 0, s: 592807 	 max proactive lookup: 16, max shadow lookup: 16
current cycle = 3132586, last update cycle = 0, delta = 3132586
	load umon |	misses = 9222, hits= 1 0 0 0 0 0 0 1 0 1 1 0 2 4 38 28
	write umon |	misses = 2656, hits= 0 0 0 0 0 0 0 0 0 0 0 0 0 0 0 0
num evicts: 2200000, p: 0, s: 620872 	 max proactive lookup: 16, max shadow lookup: 16
current cycle = 3265920, last update cycle = 0, delta = 3265920
	load umon |	misses = 9620, hits= 1 0 0 0 0 0 0 1 0 1 1 0 2 4 38 28
	write umon |	misses = 2784, hits= 0 0 0 0 0 0 0 0 0 0 0 0 0 0 0 0
num evicts: 2300000, p: 0, s: 648916 	 max proactive lookup: 16, max shadow lookup: 16
current cycle = 3399256, last update cycle = 0, delta = 3399256
	load umon |	misses = 10006, hits= 1 0 0 0 0 0 0 1 0 1 1 0 2 4 38 28
	write umon |	misses = 2914, hits= 0 0 0 0 0 0 0 0 0 0 0 0 0 0 0 0
num evicts: 2400000, p: 0, s: 677142 	 max proactive lookup: 16, max shadow lookup: 16
current cycle = 3532594, last update cycle = 0, delta = 3532594
	load umon |	misses = 10398, hits= 1 0 0 0 0 0 0 1 0 1 1 0 2 5 42 30
	write umon |	misses = 3049, hits= 0 0 0 0 0 0 0 0 0 0 0 0 0 0 0 0
num evicts: 2500000, p: 0, s: 705152 	 max proactive lookup: 16, max shadow lookup: 16
current cycle = 3665937, last update cycle = 0, delta = 3665937
	load umon |	misses = 10787, hits= 1 0 0 0 0 0 0 1 0 1 1 0 2 7 46 32
	write umon |	misses = 3176, hits= 0 0 0 0 0 0 0 0 0 0 0 0 0 0 0 0
num evicts: 2600000, p: 0, s: 733186 	 max proactive lookup: 16, max shadow lookup: 16
current cycle = 3799277, last update cycle = 0, delta = 3799277
	load umon |	misses = 11182, hits= 1 0 0 0 0 0 0 1 0 1 1 0 2 9 50 34
	write umon |	misses = 3305, hits= 0 0 0 0 0 0 0 0 0 0 0 0 0 0 0 0
num evicts: 2700000, p: 0, s: 761082 	 max proactive lookup: 16, max shadow lookup: 16
current cycle = 3932611, last update cycle = 0, delta = 3932611
	load umon |	misses = 11570, hits= 1 0 0 0 0 0 0 1 0 1 1 0 2 9 50 34
	write umon |	misses = 3437, hits= 0 0 0 0 0 0 0 0 0 0 0 0 0 0 0 0
num evicts: 2800000, p: 0, s: 788570 	 max proactive lookup: 16, max shadow lookup: 16
current cycle = 4065942, last update cycle = 0, delta = 4065942
	load umon |	misses = 11959, hits= 1 0 0 0 0 0 0 1 0 1 1 0 2 9 50 34
	write umon |	misses = 3569, hits= 0 0 0 0 0 0 0 0 0 0 0 0 0 0 0 0
num evicts: 2900000, p: 0, s: 816509 	 max proactive lookup: 16, max shadow lookup: 16
current cycle = 4199277, last update cycle = 0, delta = 4199277
	load umon |	misses = 12354, hits= 1 0 0 0 0 0 0 1 0 1 1 0 2 9 50 34
	write umon |	misses = 3696, hits= 0 0 0 0 0 0 0 0 0 0 0 0 0 0 0 0
num evicts: 3000000, p: 0, s: 845337 	 max proactive lookup: 16, max shadow lookup: 16
current cycle = 4332611, last update cycle = 0, delta = 4332611
	load umon |	misses = 12743, hits= 1 0 0 0 0 0 0 1 0 1 1 0 2 9 50 34
	write umon |	misses = 3826, hits= 0 0 0 0 0 0 0 0 0 0 0 0 0 0 0 0
num evicts: 3100000, p: 0, s: 873967 	 max proactive lookup: 16, max shadow lookup: 16
current cycle = 4465943, last update cycle = 0, delta = 4465943
	load umon |	misses = 13133, hits= 1 0 0 0 0 0 0 1 0 1 1 0 2 9 50 34
	write umon |	misses = 3960, hits= 0 0 0 0 0 0 0 0 0 0 0 0 0 0 0 0
num evicts: 3200000, p: 0, s: 902536 	 max proactive lookup: 16, max shadow lookup: 16
current cycle = 4599284, last update cycle = 0, delta = 4599284
	load umon |	misses = 13524, hits= 1 0 0 0 0 0 0 1 0 1 1 0 2 9 56 35
	write umon |	misses = 4089, hits= 0 0 0 0 0 0 0 0 0 0 0 0 0 0 0 0
num evicts: 3300000, p: 0, s: 930439 	 max proactive lookup: 16, max shadow lookup: 16
current cycle = 4732624, last update cycle = 0, delta = 4732624
	load umon |	misses = 13919, hits= 1 0 0 0 0 0 0 1 0 1 1 0 2 11 60 37
	write umon |	misses = 4217, hits= 0 0 0 0 0 0 0 0 0 0 0 0 0 0 0 0
num evicts: 3400000, p: 0, s: 957963 	 max proactive lookup: 16, max shadow lookup: 16
current cycle = 4865965, last update cycle = 0, delta = 4865965
	load umon |	misses = 14307, hits= 1 0 0 0 0 0 0 1 0 1 1 0 2 13 64 39
	write umon |	misses = 4349, hits= 0 0 0 0 0 0 0 0 0 0 0 0 0 0 0 0
num evicts: 3500000, p: 0, s: 985185 	 max proactive lookup: 16, max shadow lookup: 16
current cycle = 4999300, last update cycle = 0, delta = 4999300
	load umon |	misses = 14695, hits= 1 0 0 0 0 0 0 1 0 1 1 0 2 13 64 39
	write umon |	misses = 4480, hits= 0 0 0 0 0 0 0 0 0 0 0 0 0 0 0 0
num evicts: 3600000, p: 0, s: 1015186 	 max proactive lookup: 16, max shadow lookup: 16
current cycle = 5132633, last update cycle = 5000000, delta = 132633
	load umon |	misses = 7742, hits= 0 0 0 0 0 0 0 0 0 0 0 0 1 6 32 19
	write umon |	misses = 2369, hits= 0 0 0 0 0 0 0 0 0 0 0 0 0 0 0 0
num evicts: 3700000, p: 0, s: 1048267 	 max proactive lookup: 16, max shadow lookup: 16
current cycle = 5265965, last update cycle = 5000000, delta = 265965
	load umon |	misses = 8131, hits= 0 0 0 0 0 0 0 0 0 0 0 0 1 6 32 19
	write umon |	misses = 2497, hits= 0 0 0 0 0 0 0 0 0 0 0 0 0 0 0 0
num evicts: 3800000, p: 0, s: 1079888 	 max proactive lookup: 16, max shadow lookup: 16
current cycle = 5399300, last update cycle = 5000000, delta = 399300
	load umon |	misses = 8523, hits= 0 0 0 0 0 0 0 0 0 0 0 0 1 6 32 19
	write umon |	misses = 2632, hits= 0 0 0 0 0 0 0 0 0 0 0 0 0 0 0 0
num evicts: 3900000, p: 0, s: 1111510 	 max proactive lookup: 16, max shadow lookup: 16
current cycle = 5532633, last update cycle = 5000000, delta = 532633
	load umon |	misses = 8908, hits= 0 0 0 0 0 0 0 0 0 0 0 0 1 6 32 19
	write umon |	misses = 2760, hits= 0 0 0 0 0 0 0 0 0 0 0 0 0 0 0 0
num evicts: 4000000, p: 0, s: 1143184 	 max proactive lookup: 16, max shadow lookup: 16
current cycle = 5665975, last update cycle = 5000000, delta = 665975
	load umon |	misses = 9307, hits= 0 0 0 0 0 0 0 0 0 0 0 0 1 7 36 21
	write umon |	misses = 2889, hits= 0 0 0 0 0 0 0 0 0 0 0 0 0 0 0 0
Heartbeat CPU 0 instructions: 10000002 cycles: 5695215 heartbeat IPC: 1.756 cumulative IPC: 1.756 (Simulation time: 00 hr 26 min 25 sec)
Heartbeat CPU 1 instructions: 10000002 cycles: 5697025 heartbeat IPC: 1.755 cumulative IPC: 1.755 (Simulation time: 00 hr 26 min 25 sec)
Heartbeat CPU 2 instructions: 10000002 cycles: 5697402 heartbeat IPC: 1.755 cumulative IPC: 1.755 (Simulation time: 00 hr 26 min 25 sec)
Heartbeat CPU 3 instructions: 10000002 cycles: 5697603 heartbeat IPC: 1.755 cumulative IPC: 1.755 (Simulation time: 00 hr 26 min 25 sec)
Heartbeat CPU 4 instructions: 10000002 cycles: 5697820 heartbeat IPC: 1.755 cumulative IPC: 1.755 (Simulation time: 00 hr 26 min 25 sec)
Heartbeat CPU 5 instructions: 10000002 cycles: 5698116 heartbeat IPC: 1.755 cumulative IPC: 1.755 (Simulation time: 00 hr 26 min 25 sec)
Heartbeat CPU 6 instructions: 10000002 cycles: 5698317 heartbeat IPC: 1.755 cumulative IPC: 1.755 (Simulation time: 00 hr 26 min 25 sec)
Heartbeat CPU 7 instructions: 10000002 cycles: 5698510 heartbeat IPC: 1.755 cumulative IPC: 1.755 (Simulation time: 00 hr 26 min 26 sec)
num evicts: 4100000, p: 0, s: 1174747 	 max proactive lookup: 16, max shadow lookup: 16
current cycle = 5799328, last update cycle = 5000000, delta = 799328
	load umon |	misses = 9695, hits= 0 0 0 0 0 0 0 0 0 0 0 0 1 11 44 25
	write umon |	misses = 3020, hits= 0 0 0 0 0 0 0 0 0 0 0 0 0 0 0 0
num evicts: 4200000, p: 0, s: 1206674 	 max proactive lookup: 16, max shadow lookup: 16
current cycle = 5932655, last update cycle = 5000000, delta = 932655
	load umon |	misses = 10084, hits= 0 0 0 0 0 0 0 0 0 0 0 0 1 11 44 25
	write umon |	misses = 3152, hits= 0 0 0 0 0 0 0 0 0 0 0 0 0 0 0 0
num evicts: 4300000, p: 0, s: 1238424 	 max proactive lookup: 16, max shadow lookup: 16
current cycle = 6065988, last update cycle = 5000000, delta = 1065988
	load umon |	misses = 10473, hits= 0 0 0 0 0 0 0 0 0 0 0 0 1 11 44 25
	write umon |	misses = 3280, hits= 0 0 0 0 0 0 0 0 0 0 0 0 0 0 0 0
num evicts: 4400000, p: 0, s: 1268041 	 max proactive lookup: 16, max shadow lookup: 16
current cycle = 6199323, last update cycle = 5000000, delta = 1199323
	load umon |	misses = 10867, hits= 0 0 0 0 0 0 0 0 0 0 0 0 1 11 44 25
	write umon |	misses = 3409, hits= 0 0 0 0 0 0 0 0 0 0 0 0 0 0 0 0
num evicts: 4500000, p: 0, s: 1298369 	 max proactive lookup: 16, max shadow lookup: 16
current cycle = 6332655, last update cycle = 5000000, delta = 1332655
	load umon |	misses = 11259, hits= 0 0 0 0 0 0 0 0 0 0 0 0 1 11 44 25
	write umon |	misses = 3544, hits= 0 0 0 0 0 0 0 0 0 0 0 0 0 0 0 0
num evicts: 4600000, p: 0, s: 1328266 	 max proactive lookup: 16, max shadow lookup: 16
current cycle = 6465988, last update cycle = 5000000, delta = 1465988
	load umon |	misses = 11645, hits= 0 0 0 0 0 0 0 0 0 0 0 0 1 11 44 25
	write umon |	misses = 3672, hits= 0 0 0 0 0 0 0 0 0 0 0 0 0 0 0 0
num evicts: 4700000, p: 0, s: 1358604 	 max proactive lookup: 16, max shadow lookup: 16
current cycle = 6599323, last update cycle = 5000000, delta = 1599323
	load umon |	misses = 12037, hits= 0 0 0 0 0 0 0 0 0 0 0 0 1 11 44 25
	write umon |	misses = 3800, hits= 0 0 0 0 0 0 0 0 0 0 0 0 0 0 0 0
num evicts: 4800000, p: 0, s: 1389222 	 max proactive lookup: 16, max shadow lookup: 16
current cycle = 6732665, last update cycle = 5000000, delta = 1732665
	load umon |	misses = 12429, hits= 0 0 0 0 0 0 0 0 0 0 0 0 1 12 48 27
	write umon |	misses = 3930, hits= 0 0 0 0 0 0 0 0 0 0 0 0 0 0 0 0
num evicts: 4900000, p: 0, s: 1419225 	 max proactive lookup: 16, max shadow lookup: 16
current cycle = 6866011, last update cycle = 5000000, delta = 1866011
	load umon |	misses = 12821, hits= 0 0 0 0 0 0 0 0 0 0 0 0 1 16 57 30
	write umon |	misses = 4064, hits= 0 0 0 0 0 0 0 0 0 0 0 0 0 0 0 0
num evicts: 5000000, p: 0, s: 1448916 	 max proactive lookup: 16, max shadow lookup: 16
current cycle = 6999345, last update cycle = 5000000, delta = 1999345
	load umon |	misses = 13209, hits= 0 0 0 0 0 0 0 0 0 0 0 0 1 16 57 30
	write umon |	misses = 4192, hits= 0 0 0 0 0 0 0 0 0 0 0 0 0 0 0 0
num evicts: 5100000, p: 0, s: 1478670 	 max proactive lookup: 16, max shadow lookup: 16
current cycle = 7132679, last update cycle = 5000000, delta = 2132679
	load umon |	misses = 13601, hits= 0 0 0 0 0 0 0 0 0 0 0 0 1 16 57 30
	write umon |	misses = 4320, hits= 0 0 0 0 0 0 0 0 0 0 0 0 0 0 0 0
num evicts: 5200000, p: 0, s: 1508651 	 max proactive lookup: 16, max shadow lookup: 16
current cycle = 7266011, last update cycle = 5000000, delta = 2266011
	load umon |	misses = 13989, hits= 0 0 0 0 0 0 0 0 0 0 0 0 1 16 57 30
	write umon |	misses = 4450, hits= 0 0 0 0 0 0 0 0 0 0 0 0 0 0 0 0
num evicts: 5300000, p: 0, s: 1538880 	 max proactive lookup: 16, max shadow lookup: 16
current cycle = 7399345, last update cycle = 5000000, delta = 2399345
	load umon |	misses = 14382, hits= 0 0 0 0 0 0 0 0 0 0 0 0 1 16 57 30
	write umon |	misses = 4584, hits= 0 0 0 0 0 0 0 0 0 0 0 0 0 0 0 0
num evicts: 5400000, p: 0, s: 1568791 	 max proactive lookup: 16, max shadow lookup: 16
current cycle = 7532680, last update cycle = 5000000, delta = 2532680
	load umon |	misses = 14772, hits= 0 0 0 0 0 0 0 0 0 0 0 0 1 16 57 30
	write umon |	misses = 4712, hits= 0 0 0 0 0 0 0 0 0 0 0 0 0 0 0 0
num evicts: 5500000, p: 0, s: 1598727 	 max proactive lookup: 16, max shadow lookup: 16
current cycle = 7666011, last update cycle = 5000000, delta = 2666011
	load umon |	misses = 15165, hits= 0 0 0 0 0 0 0 0 0 0 0 0 1 16 57 30
	write umon |	misses = 4841, hits= 0 0 0 0 0 0 0 0 0 0 0 0 0 0 0 0
num evicts: 5600000, p: 0, s: 1628918 	 max proactive lookup: 16, max shadow lookup: 16
current cycle = 7799368, last update cycle = 5000000, delta = 2799368
	load umon |	misses = 15557, hits= 0 0 0 0 0 0 0 0 0 0 0 0 1 20 64 34
	write umon |	misses = 4976, hits= 0 0 0 0 0 0 0 0 0 0 0 0 0 0 0 0
num evicts: 5700000, p: 0, s: 1658823 	 max proactive lookup: 16, max shadow lookup: 16
current cycle = 7932707, last update cycle = 5000000, delta = 2932707
	load umon |	misses = 15945, hits= 0 0 0 0 0 0 0 0 0 0 0 0 1 22 68 36
	write umon |	misses = 5104, hits= 0 0 0 0 0 0 0 0 0 0 0 0 0 0 0 0
num evicts: 5800000, p: 0, s: 1689020 	 max proactive lookup: 16, max shadow lookup: 16
current cycle = 8066035, last update cycle = 5000000, delta = 3066035
	load umon |	misses = 16337, hits= 0 0 0 0 0 0 0 0 0 0 0 0 1 22 68 36
	write umon |	misses = 5232, hits= 0 0 0 0 0 0 0 0 0 0 0 0 0 0 0 0
num evicts: 5900000, p: 0, s: 1719168 	 max proactive lookup: 16, max shadow lookup: 16
current cycle = 8199368, last update cycle = 5000000, delta = 3199368
	load umon |	misses = 16726, hits= 0 0 0 0 0 0 0 0 0 0 0 0 1 22 68 36
	write umon |	misses = 5361, hits= 0 0 0 0 0 0 0 0 0 0 0 0 0 0 0 0
num evicts: 6000000, p: 0, s: 1749912 	 max proactive lookup: 16, max shadow lookup: 16
current cycle = 8332699, last update cycle = 5000000, delta = 3332699
	load umon |	misses = 17117, hits= 0 0 0 0 0 0 0 0 0 0 0 0 1 22 68 36
	write umon |	misses = 5496, hits= 0 0 0 0 0 0 0 0 0 0 0 0 0 0 0 0
num evicts: 6100000, p: 0, s: 1781481 	 max proactive lookup: 16, max shadow lookup: 16
current cycle = 8466035, last update cycle = 5000000, delta = 3466035
	load umon |	misses = 17509, hits= 0 0 0 0 0 0 0 0 0 0 0 0 1 22 68 36
	write umon |	misses = 5624, hits= 0 0 0 0 0 0 0 0 0 0 0 0 0 0 0 0
num evicts: 6200000, p: 0, s: 1812894 	 max proactive lookup: 16, max shadow lookup: 16
current cycle = 8599368, last update cycle = 5000000, delta = 3599368
	load umon |	misses = 17902, hits= 0 0 0 0 0 0 0 0 0 0 0 0 1 22 68 36
	write umon |	misses = 5753, hits= 0 0 0 0 0 0 0 0 0 0 0 0 0 0 0 0
num evicts: 6300000, p: 0, s: 1843977 	 max proactive lookup: 16, max shadow lookup: 16
current cycle = 8732700, last update cycle = 5000000, delta = 3732700
	load umon |	misses = 18287, hits= 0 0 0 0 0 0 0 0 0 0 0 0 1 22 68 36
	write umon |	misses = 5882, hits= 0 0 0 0 0 0 0 0 0 0 0 0 0 0 0 0
num evicts: 6400000, p: 0, s: 1874745 	 max proactive lookup: 16, max shadow lookup: 16
current cycle = 8866048, last update cycle = 5000000, delta = 3866048
	load umon |	misses = 18680, hits= 0 0 0 0 0 0 0 0 0 0 0 0 1 24 79 38
	write umon |	misses = 6016, hits= 0 0 0 0 0 0 0 0 0 0 0 0 0 0 0 0
num evicts: 6500000, p: 0, s: 1905715 	 max proactive lookup: 16, max shadow lookup: 16
current cycle = 8999390, last update cycle = 5000000, delta = 3999390
	load umon |	misses = 19074, hits= 0 0 0 0 0 0 0 0 0 0 0 0 1 25 85 39
	write umon |	misses = 6144, hits= 0 0 0 0 0 0 0 0 0 0 0 0 0 0 0 0
num evicts: 6600000, p: 0, s: 1937061 	 max proactive lookup: 16, max shadow lookup: 16
current cycle = 9132724, last update cycle = 5000000, delta = 4132724
	load umon |	misses = 19463, hits= 0 0 0 0 0 0 0 0 0 0 0 0 1 25 85 39
	write umon |	misses = 6273, hits= 0 0 0 0 0 0 0 0 0 0 0 0 0 0 0 0
num evicts: 6700000, p: 0, s: 1968297 	 max proactive lookup: 16, max shadow lookup: 16
current cycle = 9266056, last update cycle = 5000000, delta = 4266056
	load umon |	misses = 19851, hits= 0 0 0 0 0 0 0 0 0 0 0 0 1 25 85 39
	write umon |	misses = 6405, hits= 0 0 0 0 0 0 0 0 0 0 0 0 0 0 0 0
num evicts: 6800000, p: 0, s: 2000034 	 max proactive lookup: 16, max shadow lookup: 16
current cycle = 9399390, last update cycle = 5000000, delta = 4399390
	load umon |	misses = 20240, hits= 0 0 0 0 0 0 0 0 0 0 0 0 1 25 85 39
	write umon |	misses = 6536, hits= 0 0 0 0 0 0 0 0 0 0 0 0 0 0 0 0
num evicts: 6900000, p: 0, s: 2031738 	 max proactive lookup: 16, max shadow lookup: 16
current cycle = 9532724, last update cycle = 5000000, delta = 4532724
	load umon |	misses = 20638, hits= 0 0 0 0 0 0 0 0 0 0 0 0 1 25 85 39
	write umon |	misses = 6665, hits= 0 0 0 0 0 0 0 0 0 0 0 0 0 0 0 0
num evicts: 7000000, p: 0, s: 2063835 	 max proactive lookup: 16, max shadow lookup: 16
current cycle = 9666056, last update cycle = 5000000, delta = 4666056
	load umon |	misses = 21023, hits= 0 0 0 0 0 0 0 0 0 0 0 0 1 25 85 39
	write umon |	misses = 6793, hits= 0 0 0 0 0 0 0 0 0 0 0 0 0 0 0 0
num evicts: 7100000, p: 0, s: 2095686 	 max proactive lookup: 16, max shadow lookup: 16
current cycle = 9799390, last update cycle = 5000000, delta = 4799390
	load umon |	misses = 21416, hits= 0 0 0 0 0 0 0 0 0 0 0 0 1 25 85 39
	write umon |	misses = 6928, hits= 0 0 0 0 0 0 0 0 0 0 0 0 0 0 0 0
num evicts: 7200000, p: 0, s: 2127507 	 max proactive lookup: 16, max shadow lookup: 16
current cycle = 9932739, last update cycle = 5000000, delta = 4932739
	load umon |	misses = 21804, hits= 0 0 0 0 0 0 0 0 0 0 0 0 1 28 94 42
	write umon |	misses = 7056, hits= 0 0 0 0 0 0 0 0 0 0 0 0 0 0 0 0
num evicts: 7300000, p: 0, s: 2159467 	 max proactive lookup: 16, max shadow lookup: 16
current cycle = 10066080, last update cycle = 10000000, delta = 66080
	load umon |	misses = 11196, hits= 0 0 0 0 0 0 0 0 0 0 0 0 0 14 50 21
	write umon |	misses = 3624, hits= 0 0 0 0 0 0 0 0 0 0 0 0 0 0 0 0
num evicts: 7400000, p: 0, s: 2191355 	 max proactive lookup: 16, max shadow lookup: 16
current cycle = 10199412, last update cycle = 10000000, delta = 199412
	load umon |	misses = 11583, hits= 0 0 0 0 0 0 0 0 0 0 0 0 0 14 50 21
	write umon |	misses = 3755, hits= 0 0 0 0 0 0 0 0 0 0 0 0 0 0 0 0
num evicts: 7500000, p: 0, s: 2223167 	 max proactive lookup: 16, max shadow lookup: 16
current cycle = 10332745, last update cycle = 10000000, delta = 332745
	load umon |	misses = 11973, hits= 0 0 0 0 0 0 0 0 0 0 0 0 0 14 50 21
	write umon |	misses = 3888, hits= 0 0 0 0 0 0 0 0 0 0 0 0 0 0 0 0
num evicts: 7600000, p: 0, s: 2253905 	 max proactive lookup: 16, max shadow lookup: 16
current cycle = 10466080, last update cycle = 10000000, delta = 466080
	load umon |	misses = 12367, hits= 0 0 0 0 0 0 0 0 0 0 0 0 0 14 50 21
	write umon |	misses = 4015, hits= 0 0 0 0 0 0 0 0 0 0 0 0 0 0 0 0
num evicts: 7700000, p: 0, s: 2285688 	 max proactive lookup: 16, max shadow lookup: 16
current cycle = 10599412, last update cycle = 10000000, delta = 599412
	load umon |	misses = 12756, hits= 0 0 0 0 0 0 0 0 0 0 0 0 0 14 50 21
	write umon |	misses = 4144, hits= 0 0 0 0 0 0 0 0 0 0 0 0 0 0 0 0
num evicts: 7800000, p: 0, s: 2316793 	 max proactive lookup: 16, max shadow lookup: 16
current cycle = 10732745, last update cycle = 10000000, delta = 732745
	load umon |	misses = 13148, hits= 0 0 0 0 0 0 0 0 0 0 0 0 0 14 50 21
	write umon |	misses = 4279, hits= 0 0 0 0 0 0 0 0 0 0 0 0 0 0 0 0
num evicts: 7900000, p: 0, s: 2347966 	 max proactive lookup: 16, max shadow lookup: 16
current cycle = 10866088, last update cycle = 10000000, delta = 866088
	load umon |	misses = 13535, hits= 0 0 0 0 0 0 0 0 0 0 0 0 0 15 55 22
	write umon |	misses = 4408, hits= 0 0 0 0 0 0 0 0 0 0 0 0 0 0 0 0
num evicts: 8000000, p: 0, s: 2379137 	 max proactive lookup: 16, max shadow lookup: 16
current cycle = 10999428, last update cycle = 10000000, delta = 999428
	load umon |	misses = 13933, hits= 0 0 0 0 0 0 0 0 0 0 0 0 0 16 61 23
	write umon |	misses = 4536, hits= 0 0 0 0 0 0 0 0 0 0 0 0 0 0 0 0
num evicts: 8100000, p: 0, s: 2410624 	 max proactive lookup: 16, max shadow lookup: 16
current cycle = 11132769, last update cycle = 10000000, delta = 1132769
	load umon |	misses = 14320, hits= 0 0 0 0 0 0 0 0 0 0 0 0 0 17 67 24
	write umon |	misses = 4667, hits= 0 0 0 0 0 0 0 0 0 0 0 0 0 0 0 0
num evicts: 8200000, p: 0, s: 2441829 	 max proactive lookup: 16, max shadow lookup: 16
current cycle = 11266101, last update cycle = 10000000, delta = 1266101
	load umon |	misses = 14709, hits= 0 0 0 0 0 0 0 0 0 0 0 0 0 17 67 24
	write umon |	misses = 4799, hits= 0 0 0 0 0 0 0 0 0 0 0 0 0 0 0 0
num evicts: 8300000, p: 0, s: 2472041 	 max proactive lookup: 16, max shadow lookup: 16
current cycle = 11399434, last update cycle = 10000000, delta = 1399434
	load umon |	misses = 15103, hits= 0 0 0 0 0 0 0 0 0 0 0 0 0 17 67 24
	write umon |	misses = 4928, hits= 0 0 0 0 0 0 0 0 0 0 0 0 0 0 0 0
Heartbeat CPU 0 instructions: 20000003 cycles: 11409580 heartbeat IPC: 1.75 cumulative IPC: 1.753 (Simulation time: 00 hr 52 min 38 sec)
Heartbeat CPU 1 instructions: 20000003 cycles: 11411414 heartbeat IPC: 1.75 cumulative IPC: 1.753 (Simulation time: 00 hr 52 min 38 sec)
Heartbeat CPU 2 instructions: 20000003 cycles: 11411935 heartbeat IPC: 1.75 cumulative IPC: 1.753 (Simulation time: 00 hr 52 min 39 sec)
Heartbeat CPU 3 instructions: 20000003 cycles: 11412111 heartbeat IPC: 1.75 cumulative IPC: 1.753 (Simulation time: 00 hr 52 min 39 sec)
Heartbeat CPU 4 instructions: 20000003 cycles: 11412298 heartbeat IPC: 1.75 cumulative IPC: 1.752 (Simulation time: 00 hr 52 min 39 sec)
Heartbeat CPU 5 instructions: 20000003 cycles: 11412474 heartbeat IPC: 1.75 cumulative IPC: 1.752 (Simulation time: 00 hr 52 min 39 sec)
Heartbeat CPU 6 instructions: 20000003 cycles: 11412625 heartbeat IPC: 1.75 cumulative IPC: 1.752 (Simulation time: 00 hr 52 min 39 sec)
Heartbeat CPU 7 instructions: 20000003 cycles: 11412899 heartbeat IPC: 1.75 cumulative IPC: 1.752 (Simulation time: 00 hr 52 min 39 sec)
num evicts: 8400000, p: 0, s: 2497464 	 max proactive lookup: 16, max shadow lookup: 16
current cycle = 11532768, last update cycle = 10000000, delta = 1532768
	load umon |	misses = 15493, hits= 0 0 0 0 0 0 0 0 0 0 0 0 0 17 67 24
	write umon |	misses = 5056, hits= 0 0 0 0 0 0 0 0 0 0 0 0 0 0 0 0
num evicts: 8500000, p: 0, s: 2522986 	 max proactive lookup: 16, max shadow lookup: 16
current cycle = 11666101, last update cycle = 10000000, delta = 1666101
	load umon |	misses = 15884, hits= 0 0 0 0 0 0 0 0 0 0 0 0 0 17 67 24
	write umon |	misses = 5191, hits= 0 0 0 0 0 0 0 0 0 0 0 0 0 0 0 0
num evicts: 8600000, p: 0, s: 2548239 	 max proactive lookup: 16, max shadow lookup: 16
current cycle = 11799436, last update cycle = 10000000, delta = 1799436
	load umon |	misses = 16270, hits= 0 0 0 0 0 0 0 0 0 0 0 0 0 17 67 24
	write umon |	misses = 5319, hits= 0 0 0 0 0 0 0 0 0 0 0 0 0 0 0 0
num evicts: 8700000, p: 0, s: 2573854 	 max proactive lookup: 16, max shadow lookup: 16
current cycle = 11932776, last update cycle = 10000000, delta = 1932776
	load umon |	misses = 16669, hits= 0 0 0 0 0 0 0 0 0 0 0 0 0 18 72 25
	write umon |	misses = 5448, hits= 0 0 0 0 0 0 0 0 0 0 0 0 0 0 0 0
num evicts: 8800000, p: 0, s: 2599603 	 max proactive lookup: 16, max shadow lookup: 16
current cycle = 12066118, last update cycle = 10000000, delta = 2066118
	load umon |	misses = 17056, hits= 0 0 0 0 0 0 0 0 0 0 0 0 0 18 79 26
	write umon |	misses = 5578, hits= 0 0 0 0 0 0 0 0 0 0 0 0 0 0 0 0
num evicts: 8900000, p: 0, s: 2624408 	 max proactive lookup: 16, max shadow lookup: 16
current cycle = 12199458, last update cycle = 10000000, delta = 2199458
	load umon |	misses = 17446, hits= 0 0 0 0 0 0 0 0 0 0 0 0 0 20 84 27
	write umon |	misses = 5711, hits= 0 0 0 0 0 0 0 0 0 0 0 0 0 0 0 0
num evicts: 9000000, p: 0, s: 2649511 	 max proactive lookup: 16, max shadow lookup: 16
current cycle = 12332792, last update cycle = 10000000, delta = 2332792
	load umon |	misses = 17833, hits= 0 0 0 0 0 0 0 0 0 0 0 0 0 20 84 27
	write umon |	misses = 5839, hits= 0 0 0 0 0 0 0 0 0 0 0 0 0 0 0 0
num evicts: 9100000, p: 0, s: 2674342 	 max proactive lookup: 16, max shadow lookup: 16
current cycle = 12466124, last update cycle = 10000000, delta = 2466124
	load umon |	misses = 18229, hits= 0 0 0 0 0 0 0 0 0 0 0 0 0 20 84 27
	write umon |	misses = 5968, hits= 0 0 0 0 0 0 0 0 0 0 0 0 0 0 0 0
num evicts: 9200000, p: 0, s: 2696183 	 max proactive lookup: 16, max shadow lookup: 16
current cycle = 12599458, last update cycle = 10000000, delta = 2599458
	load umon |	misses = 18621, hits= 0 0 0 0 0 0 0 0 0 0 0 0 0 20 84 27
	write umon |	misses = 6103, hits= 0 0 0 0 0 0 0 0 0 0 0 0 0 0 0 0
num evicts: 9300000, p: 0, s: 2717428 	 max proactive lookup: 16, max shadow lookup: 16
current cycle = 12732793, last update cycle = 10000000, delta = 2732793
	load umon |	misses = 19007, hits= 0 0 0 0 0 0 0 0 0 0 0 0 0 20 84 27
	write umon |	misses = 6231, hits= 0 0 0 0 0 0 0 0 0 0 0 0 0 0 0 0
num evicts: 9400000, p: 0, s: 2739033 	 max proactive lookup: 16, max shadow lookup: 16
current cycle = 12866124, last update cycle = 10000000, delta = 2866124
	load umon |	misses = 19398, hits= 0 0 0 0 0 0 0 0 0 0 0 0 0 20 84 27
	write umon |	misses = 6359, hits= 0 0 0 0 0 0 0 0 0 0 0 0 0 0 0 0
num evicts: 9500000, p: 0, s: 2760647 	 max proactive lookup: 16, max shadow lookup: 16
current cycle = 12999466, last update cycle = 10000000, delta = 2999466
	load umon |	misses = 19791, hits= 0 0 0 0 0 0 0 0 0 0 0 0 0 20 90 28
	write umon |	misses = 6489, hits= 0 0 0 0 0 0 0 0 0 0 0 0 0 0 0 0
num evicts: 9600000, p: 0, s: 2781445 	 max proactive lookup: 16, max shadow lookup: 16
current cycle = 13132807, last update cycle = 10000000, delta = 3132807
	load umon |	misses = 20183, hits= 0 0 0 0 0 0 0 0 0 0 0 0 0 23 94 30
	write umon |	misses = 6623, hits= 0 0 0 0 0 0 0 0 0 0 0 0 0 0 0 0
num evicts: 9700000, p: 0, s: 2802397 	 max proactive lookup: 16, max shadow lookup: 16
current cycle = 13266147, last update cycle = 10000000, delta = 3266147
	load umon |	misses = 20570, hits= 0 0 0 0 0 0 0 0 0 0 0 0 0 23 100 31
	write umon |	misses = 6751, hits= 0 0 0 0 0 0 0 0 0 0 0 0 0 0 0 0
num evicts: 9800000, p: 0, s: 2823327 	 max proactive lookup: 16, max shadow lookup: 16
current cycle = 13399480, last update cycle = 10000000, delta = 3399480
	load umon |	misses = 20962, hits= 0 0 0 0 0 0 0 0 0 0 0 0 0 23 100 31
	write umon |	misses = 6879, hits= 0 0 0 0 0 0 0 0 0 0 0 0 0 0 0 0
num evicts: 9900000, p: 0, s: 2847952 	 max proactive lookup: 16, max shadow lookup: 16
current cycle = 13532814, last update cycle = 10000000, delta = 3532814
	load umon |	misses = 21351, hits= 0 0 0 0 0 0 0 0 0 0 0 0 0 23 100 31
	write umon |	misses = 7009, hits= 0 0 0 0 0 0 0 0 0 0 0 0 0 0 0 0
num evicts: 10000000, p: 0, s: 2877731 	 max proactive lookup: 16, max shadow lookup: 16
current cycle = 13666147, last update cycle = 10000000, delta = 3666147
	load umon |	misses = 21744, hits= 0 0 0 0 0 0 0 0 0 0 0 0 0 23 100 31
	write umon |	misses = 7143, hits= 0 0 0 0 0 0 0 0 0 0 0 0 0 0 0 0
num evicts: 10100000, p: 0, s: 2907237 	 max proactive lookup: 16, max shadow lookup: 16
current cycle = 13799480, last update cycle = 10000000, delta = 3799480
	load umon |	misses = 22134, hits= 0 0 0 0 0 0 0 0 0 0 0 0 0 23 100 31
	write umon |	misses = 7271, hits= 0 0 0 0 0 0 0 0 0 0 0 0 0 0 0 0
num evicts: 10200000, p: 0, s: 2937039 	 max proactive lookup: 16, max shadow lookup: 16
current cycle = 13932814, last update cycle = 10000000, delta = 3932814
	load umon |	misses = 22527, hits= 0 0 0 0 0 0 0 0 0 0 0 0 0 23 100 31
	write umon |	misses = 7400, hits= 0 0 0 0 0 0 0 0 0 0 0 0 0 0 0 0
num evicts: 10300000, p: 0, s: 2967192 	 max proactive lookup: 16, max shadow lookup: 16
current cycle = 14066155, last update cycle = 10000000, delta = 4066155
	load umon |	misses = 22913, hits= 0 0 0 0 0 0 0 0 0 0 0 0 0 23 106 32
	write umon |	misses = 7530, hits= 0 0 0 0 0 0 0 0 0 0 0 0 0 0 0 0
num evicts: 10400000, p: 0, s: 2997412 	 max proactive lookup: 16, max shadow lookup: 16
current cycle = 14199504, last update cycle = 10000000, delta = 4199504
	load umon |	misses = 23306, hits= 0 0 0 0 0 0 0 0 0 0 0 0 0 27 114 36
	write umon |	misses = 7663, hits= 0 0 0 0 0 0 0 0 0 0 0 0 0 0 0 0
Warmup finished CPU 0 instructions: 25000004 cycles: 14266552 cumulative IPC: 1.752 (Simulation time: 01 hr 05 min 42 sec)
Warmup finished CPU 1 instructions: 25000004 cycles: 14268666 cumulative IPC: 1.752 (Simulation time: 01 hr 05 min 43 sec)
Warmup finished CPU 2 instructions: 25000004 cycles: 14269171 cumulative IPC: 1.752 (Simulation time: 01 hr 05 min 43 sec)
Warmup finished CPU 3 instructions: 25000004 cycles: 14269349 cumulative IPC: 1.752 (Simulation time: 01 hr 05 min 43 sec)
Warmup finished CPU 4 instructions: 25000004 cycles: 14269533 cumulative IPC: 1.752 (Simulation time: 01 hr 05 min 43 sec)
Warmup finished CPU 5 instructions: 25000004 cycles: 14269767 cumulative IPC: 1.752 (Simulation time: 01 hr 05 min 43 sec)
Warmup finished CPU 6 instructions: 25000004 cycles: 14269943 cumulative IPC: 1.752 (Simulation time: 01 hr 05 min 43 sec)
Warmup finished CPU 7 instructions: 25000004 cycles: 14270111 cumulative IPC: 1.752 (Simulation time: 01 hr 05 min 43 sec)
Warmup complete CPU 7 instructions: 25000004 cycles: 14270111 cumulative IPC: 1.752 (Simulation time: 01 hr 05 min 43 sec)
Warmup complete CPU 6 instructions: 25000314 cycles: 14270111 cumulative IPC: 1.752 (Simulation time: 01 hr 05 min 43 sec)
Warmup complete CPU 5 instructions: 25000595 cycles: 14270111 cumulative IPC: 1.752 (Simulation time: 01 hr 05 min 43 sec)
Warmup complete CPU 4 instructions: 25001022 cycles: 14270111 cumulative IPC: 1.752 (Simulation time: 01 hr 05 min 43 sec)
Warmup complete CPU 3 instructions: 25001323 cycles: 14270111 cumulative IPC: 1.752 (Simulation time: 01 hr 05 min 43 sec)
Warmup complete CPU 2 instructions: 25001658 cycles: 14270111 cumulative IPC: 1.752 (Simulation time: 01 hr 05 min 43 sec)
Warmup complete CPU 1 instructions: 25002544 cycles: 14270111 cumulative IPC: 1.752 (Simulation time: 01 hr 05 min 43 sec)
Warmup complete CPU 0 instructions: 25006250 cycles: 14270111 cumulative IPC: 1.752 (Simulation time: 01 hr 05 min 43 sec)
num evicts: 10500000, p: 0, s: 3024643 	 max proactive lookup: 16, max shadow lookup: 16
current cycle = 14759595, last update cycle = 10000000, delta = 4759595
	load umon |	misses = 23698, hits= 0 0 0 0 0 0 0 0 0 0 0 0 0 27 114 36
	write umon |	misses = 7791, hits= 0 0 0 0 0 0 0 0 0 0 0 0 0 0 0 0
num evicts: 10600000, p: 0, s: 3055550 	 max proactive lookup: 16, max shadow lookup: 16
current cycle = 15884111, last update cycle = 15000000, delta = 884111
	load umon |	misses = 12195, hits= 0 0 0 0 0 0 0 0 0 0 0 0 0 13 57 18
	write umon |	misses = 4009, hits= 0 0 0 0 0 0 0 0 0 0 0 0 0 0 0 0
num evicts: 10700000, p: 0, s: 3084791 	 max proactive lookup: 16, max shadow lookup: 16
current cycle = 16995701, last update cycle = 15000000, delta = 1995701
	load umon |	misses = 12586, hits= 0 0 0 0 0 0 0 0 0 0 0 0 0 13 57 18
	write umon |	misses = 4142, hits= 0 0 0 0 0 0 0 0 0 0 0 0 0 0 0 0
num evicts: 10800000, p: 0, s: 3113897 	 max proactive lookup: 16, max shadow lookup: 16
current cycle = 18130080, last update cycle = 15000000, delta = 3130080
	load umon |	misses = 12980, hits= 0 0 0 0 0 0 0 0 0 0 0 0 0 13 57 18
	write umon |	misses = 4272, hits= 0 0 0 0 0 0 0 0 0 0 0 0 0 0 0 0
num evicts: 10900000, p: 0, s: 3144409 	 max proactive lookup: 16, max shadow lookup: 16
current cycle = 19236687, last update cycle = 15000000, delta = 4236687
	load umon |	misses = 13368, hits= 0 0 0 0 0 0 0 0 0 0 0 0 0 13 57 18
	write umon |	misses = 4403, hits= 0 0 0 0 0 0 0 0 0 0 0 0 0 0 0 0
num evicts: 11000000, p: 0, s: 3174338 	 max proactive lookup: 16, max shadow lookup: 16
current cycle = 20343774, last update cycle = 20000004, delta = 343770
	load umon |	misses = 6938, hits= 0 0 0 0 0 0 0 0 0 0 0 0 0 6 28 9
	write umon |	misses = 2286, hits= 0 0 0 0 0 0 0 0 0 0 0 0 0 0 0 0
num evicts: 11100000, p: 0, s: 3204156 	 max proactive lookup: 16, max shadow lookup: 16
current cycle = 21456593, last update cycle = 20000004, delta = 1456589
	load umon |	misses = 7330, hits= 0 0 0 0 0 0 0 0 0 0 0 0 0 6 37 9
	write umon |	misses = 2418, hits= 0 0 0 0 0 0 0 0 0 0 0 0 0 0 0 0
num evicts: 11200000, p: 0, s: 3234308 	 max proactive lookup: 16, max shadow lookup: 16
current cycle = 22587317, last update cycle = 20000004, delta = 2587313
	load umon |	misses = 7724, hits= 0 0 0 0 0 0 0 0 0 0 0 0 0 6 51 9
	write umon |	misses = 2547, hits= 0 0 0 0 0 0 0 0 0 0 0 0 0 0 0 0
num evicts: 11300000, p: 0, s: 3263854 	 max proactive lookup: 16, max shadow lookup: 16
current cycle = 23703821, last update cycle = 20000004, delta = 3703817
	load umon |	misses = 8112, hits= 0 0 0 0 0 0 0 0 0 0 0 0 0 6 51 9
	write umon |	misses = 2677, hits= 0 0 0 0 0 0 0 0 0 0 0 0 0 0 0 0
num evicts: 11400000, p: 0, s: 3293535 	 max proactive lookup: 16, max shadow lookup: 16
current cycle = 24830253, last update cycle = 20000004, delta = 4830249
	load umon |	misses = 8501, hits= 0 0 0 0 0 0 0 0 0 0 0 0 0 6 51 9
	write umon |	misses = 2806, hits= 0 0 0 0 0 0 0 0 0 0 0 0 0 0 0 0
num evicts: 11500000, p: 0, s: 3321814 	 max proactive lookup: 16, max shadow lookup: 16
current cycle = 25932624, last update cycle = 25000069, delta = 932555
	load umon |	misses = 4615, hits= 0 0 0 0 0 0 0 0 0 0 0 0 0 3 25 4
	write umon |	misses = 1526, hits= 0 0 0 0 0 0 0 0 0 0 0 0 0 0 0 0
num evicts: 11600000, p: 0, s: 3352662 	 max proactive lookup: 16, max shadow lookup: 16
current cycle = 27059267, last update cycle = 25000069, delta = 2059198
	load umon |	misses = 5007, hits= 0 0 0 0 0 0 0 0 0 0 0 0 0 3 25 4
	write umon |	misses = 1655, hits= 0 0 0 0 0 0 0 0 0 0 0 0 0 0 0 0
num evicts: 11700000, p: 0, s: 3382790 	 max proactive lookup: 16, max shadow lookup: 16
current cycle = 28177349, last update cycle = 25000069, delta = 3177280
	load umon |	misses = 5395, hits= 0 0 0 0 0 0 0 0 0 0 0 0 0 3 25 4
	write umon |	misses = 1785, hits= 0 0 0 0 0 0 0 0 0 0 0 0 0 0 0 0
num evicts: 11800000, p: 0, s: 3413762 	 max proactive lookup: 16, max shadow lookup: 16
current cycle = 29295920, last update cycle = 25000069, delta = 4295851
	load umon |	misses = 5784, hits= 0 0 0 0 0 0 0 0 0 0 0 0 0 3 25 4
	write umon |	misses = 1913, hits= 0 0 0 0 0 0 0 0 0 0 0 0 0 0 0 0
num evicts: 11900000, p: 0, s: 3443454 	 max proactive lookup: 16, max shadow lookup: 16
current cycle = 30419128, last update cycle = 30000081, delta = 419047
	load umon |	misses = 3161, hits= 0 0 0 0 0 0 0 0 0 0 0 0 0 1 22 2
	write umon |	misses = 1047, hits= 0 0 0 0 0 0 0 0 0 0 0 0 0 0 0 0
num evicts: 12000000, p: 0, s: 3473227 	 max proactive lookup: 16, max shadow lookup: 16
current cycle = 31558044, last update cycle = 30000081, delta = 1557963
	load umon |	misses = 3553, hits= 0 0 0 0 0 0 0 0 0 0 0 0 0 1 32 2
	write umon |	misses = 1176, hits= 0 0 0 0 0 0 0 0 0 0 0 0 0 0 0 0
num evicts: 12100000, p: 0, s: 3503849 	 max proactive lookup: 16, max shadow lookup: 16
current cycle = 32679068, last update cycle = 30000081, delta = 2678987
	load umon |	misses = 3942, hits= 0 0 0 0 0 0 0 0 0 0 0 0 0 1 32 2
	write umon |	misses = 1304, hits= 0 0 0 0 0 0 0 0 0 0 0 0 0 0 0 0
num evicts: 12200000, p: 0, s: 3533569 	 max proactive lookup: 16, max shadow lookup: 16
current cycle = 33783967, last update cycle = 30000081, delta = 3783886
	load umon |	misses = 4332, hits= 0 0 0 0 0 0 0 0 0 0 0 0 0 1 32 2
	write umon |	misses = 1434, hits= 0 0 0 0 0 0 0 0 0 0 0 0 0 0 0 0
num evicts: 12300000, p: 0, s: 3560919 	 max proactive lookup: 16, max shadow lookup: 16
current cycle = 34911793, last update cycle = 30000081, delta = 4911712
	load umon |	misses = 4722, hits= 0 0 0 0 0 0 0 0 0 0 0 0 0 1 32 2
	write umon |	misses = 1567, hits= 0 0 0 0 0 0 0 0 0 0 0 0 0 0 0 0
num evicts: 12400000, p: 0, s: 3590119 	 max proactive lookup: 16, max shadow lookup: 16
current cycle = 36060436, last update cycle = 35000082, delta = 1060354
	load umon |	misses = 2737, hits= 0 0 0 0 0 0 0 0 0 0 0 0 0 0 16 1
	write umon |	misses = 910, hits= 0 0 0 0 0 0 0 0 0 0 0 0 0 0 0 0
num evicts: 12500000, p: 0, s: 3619860 	 max proactive lookup: 16, max shadow lookup: 16
current cycle = 37181351, last update cycle = 35000082, delta = 2181269
	load umon |	misses = 3128, hits= 0 0 0 0 0 0 0 0 0 0 0 0 0 0 16 1
	write umon |	misses = 1037, hits= 0 0 0 0 0 0 0 0 0 0 0 0 0 0 0 0
Heartbeat CPU 3 instructions: 30000006 cycles: 37922479 heartbeat IPC: 0.3772 cumulative IPC: 0.2113 (Simulation time: 01 hr 47 min 15 sec)
Heartbeat CPU 2 instructions: 30000005 cycles: 38124320 heartbeat IPC: 0.3744 cumulative IPC: 0.2095 (Simulation time: 01 hr 47 min 36 sec)
Heartbeat CPU 5 instructions: 30000006 cycles: 38133650 heartbeat IPC: 0.3742 cumulative IPC: 0.2095 (Simulation time: 01 hr 47 min 37 sec)
Heartbeat CPU 6 instructions: 30000006 cycles: 38155852 heartbeat IPC: 0.3739 cumulative IPC: 0.2093 (Simulation time: 01 hr 47 min 39 sec)
Heartbeat CPU 1 instructions: 30000006 cycles: 38205843 heartbeat IPC: 0.3732 cumulative IPC: 0.2088 (Simulation time: 01 hr 47 min 44 sec)
Heartbeat CPU 4 instructions: 30000006 cycles: 38306293 heartbeat IPC: 0.3718 cumulative IPC: 0.208 (Simulation time: 01 hr 47 min 55 sec)
num evicts: 12600000, p: 0, s: 3649643 	 max proactive lookup: 16, max shadow lookup: 16
current cycle = 38316038, last update cycle = 35000082, delta = 3315956
	load umon |	misses = 3518, hits= 0 0 0 0 0 0 0 0 0 0 0 0 0 0 19 1
	write umon |	misses = 1169, hits= 0 0 0 0 0 0 0 0 0 0 0 0 0 0 0 0
Heartbeat CPU 7 instructions: 30000005 cycles: 38604396 heartbeat IPC: 0.3678 cumulative IPC: 0.2055 (Simulation time: 01 hr 48 min 25 sec)
Heartbeat CPU 0 instructions: 30000004 cycles: 38649157 heartbeat IPC: 0.3671 cumulative IPC: 0.2048 (Simulation time: 01 hr 48 min 30 sec)
num evicts: 12700000, p: 0, s: 3678511 	 max proactive lookup: 16, max shadow lookup: 16
current cycle = 39452005, last update cycle = 35000082, delta = 4451923
	load umon |	misses = 3910, hits= 0 0 0 0 0 0 0 0 0 0 0 0 0 0 29 1
	write umon |	misses = 1301, hits= 0 0 0 0 0 0 0 0 0 0 0 0 0 0 0 0
num evicts: 12800000, p: 0, s: 3707396 	 max proactive lookup: 16, max shadow lookup: 16
current cycle = 40595596, last update cycle = 40000090, delta = 595506
	load umon |	misses = 2252, hits= 0 0 0 0 0 0 0 0 0 0 0 0 0 0 20 1
	write umon |	misses = 748, hits= 0 0 0 0 0 0 0 0 0 0 0 0 0 0 0 0
num evicts: 12900000, p: 0, s: 3735413 	 max proactive lookup: 16, max shadow lookup: 16
current cycle = 41701506, last update cycle = 40000090, delta = 1701416
	load umon |	misses = 2641, hits= 0 0 0 0 0 0 0 0 0 0 0 0 0 0 20 1
	write umon |	misses = 878, hits= 0 0 0 0 0 0 0 0 0 0 0 0 0 0 0 0
num evicts: 13000000, p: 0, s: 3763663 	 max proactive lookup: 16, max shadow lookup: 16
current cycle = 42831135, last update cycle = 40000090, delta = 2831045
	load umon |	misses = 3031, hits= 0 0 0 0 0 0 0 0 0 0 0 0 0 0 20 1
	write umon |	misses = 1007, hits= 0 0 0 0 0 0 0 0 0 0 0 0 0 0 0 0
num evicts: 13100000, p: 0, s: 3791147 	 max proactive lookup: 16, max shadow lookup: 16
current cycle = 43951114, last update cycle = 40000090, delta = 3951024
	load umon |	misses = 3425, hits= 0 0 0 0 0 0 0 0 0 0 0 0 0 0 20 1
	write umon |	misses = 1140, hits= 0 0 0 0 0 0 0 0 0 0 0 0 0 0 0 0
num evicts: 13200000, p: 0, s: 3819828 	 max proactive lookup: 16, max shadow lookup: 16
current cycle = 45073683, last update cycle = 45000635, delta = 73048
	load umon |	misses = 1920, hits= 0 0 0 0 0 0 0 0 0 0 0 0 0 0 10 0
	write umon |	misses = 638, hits= 0 0 0 0 0 0 0 0 0 0 0 0 0 0 0 0
num evicts: 13300000, p: 0, s: 3849430 	 max proactive lookup: 16, max shadow lookup: 16
current cycle = 46191778, last update cycle = 45000635, delta = 1191143
	load umon |	misses = 2308, hits= 0 0 0 0 0 0 0 0 0 0 0 0 0 0 10 0
	write umon |	misses = 767, hits= 0 0 0 0 0 0 0 0 0 0 0 0 0 0 0 0
num evicts: 13400000, p: 0, s: 3877951 	 max proactive lookup: 16, max shadow lookup: 16
current cycle = 47307553, last update cycle = 45000635, delta = 2306918
	load umon |	misses = 2701, hits= 0 0 0 0 0 0 0 0 0 0 0 0 0 0 15 0
	write umon |	misses = 897, hits= 0 0 0 0 0 0 0 0 0 0 0 0 0 0 0 0
num evicts: 13500000, p: 0, s: 3907027 	 max proactive lookup: 16, max shadow lookup: 16
current cycle = 48434567, last update cycle = 45000635, delta = 3433932
	load umon |	misses = 3092, hits= 0 0 0 0 0 0 0 0 0 0 0 0 0 0 24 0
	write umon |	misses = 1030, hits= 0 0 0 0 0 0 0 0 0 0 0 0 0 0 0 0
num evicts: 13600000, p: 0, s: 3935800 	 max proactive lookup: 16, max shadow lookup: 16
current cycle = 49553597, last update cycle = 45000635, delta = 4552962
	load umon |	misses = 3484, hits= 0 0 0 0 0 0 0 0 0 0 0 0 0 0 33 0
	write umon |	misses = 1160, hits= 0 0 0 0 0 0 0 0 0 0 0 0 0 0 0 0
num evicts: 13700000, p: 0, s: 3964135 	 max proactive lookup: 16, max shadow lookup: 16
current cycle = 50695670, last update cycle = 50000662, delta = 695008
	load umon |	misses = 2056, hits= 0 0 0 0 0 0 0 0 0 0 0 0 0 0 16 0
	write umon |	misses = 684, hits= 0 0 0 0 0 0 0 0 0 0 0 0 0 0 0 0
num evicts: 13800000, p: 0, s: 3993359 	 max proactive lookup: 16, max shadow lookup: 16
current cycle = 51840174, last update cycle = 50000662, delta = 1839512
	load umon |	misses = 2445, hits= 0 0 0 0 0 0 0 0 0 0 0 0 0 0 16 0
	write umon |	misses = 816, hits= 0 0 0 0 0 0 0 0 0 0 0 0 0 0 0 0
num evicts: 13900000, p: 0, s: 4022499 	 max proactive lookup: 16, max shadow lookup: 16
current cycle = 52978775, last update cycle = 50000662, delta = 2978113
	load umon |	misses = 2837, hits= 0 0 0 0 0 0 0 0 0 0 0 0 0 0 16 0
	write umon |	misses = 944, hits= 0 0 0 0 0 0 0 0 0 0 0 0 0 0 0 0
num evicts: 14000000, p: 0, s: 4052118 	 max proactive lookup: 16, max shadow lookup: 16
current cycle = 54103559, last update cycle = 50000662, delta = 4102897
	load umon |	misses = 3228, hits= 0 0 0 0 0 0 0 0 0 0 0 0 0 0 16 0
	write umon |	misses = 1075, hits= 0 0 0 0 0 0 0 0 0 0 0 0 0 0 0 0
num evicts: 14100000, p: 0, s: 4081871 	 max proactive lookup: 16, max shadow lookup: 16
current cycle = 55231488, last update cycle = 55000673, delta = 230815
	load umon |	misses = 1850, hits= 0 0 0 0 0 0 0 0 0 0 0 0 0 0 8 0
	write umon |	misses = 616, hits= 0 0 0 0 0 0 0 0 0 0 0 0 0 0 0 0
num evicts: 14200000, p: 0, s: 4112830 	 max proactive lookup: 16, max shadow lookup: 16
current cycle = 56364236, last update cycle = 55000673, delta = 1363563
	load umon |	misses = 2240, hits= 0 0 0 0 0 0 0 0 0 0 0 0 0 0 13 0
	write umon |	misses = 745, hits= 0 0 0 0 0 0 0 0 0 0 0 0 0 0 0 0
num evicts: 14300000, p: 0, s: 4142845 	 max proactive lookup: 16, max shadow lookup: 16
current cycle = 57491739, last update cycle = 55000673, delta = 2491066
	load umon |	misses = 2634, hits= 0 0 0 0 0 0 0 0 0 0 0 0 0 0 24 0
	write umon |	misses = 876, hits= 0 0 0 0 0 0 0 0 0 0 0 0 0 0 0 0
num evicts: 14400000, p: 0, s: 4173033 	 max proactive lookup: 16, max shadow lookup: 16
current cycle = 58613220, last update cycle = 55000673, delta = 3612547
	load umon |	misses = 3023, hits= 0 0 0 0 0 0 0 0 0 0 0 0 0 0 31 0
	write umon |	misses = 1007, hits= 0 0 0 0 0 0 0 0 0 0 0 0 0 0 0 0
num evicts: 14500000, p: 0, s: 4202983 	 max proactive lookup: 16, max shadow lookup: 16
current cycle = 59718737, last update cycle = 55000673, delta = 4718064
	load umon |	misses = 3412, hits= 0 0 0 0 0 0 0 0 0 0 0 0 0 0 31 0
	write umon |	misses = 1135, hits= 0 0 0 0 0 0 0 0 0 0 0 0 0 0 0 0
num evicts: 14600000, p: 0, s: 4232199 	 max proactive lookup: 16, max shadow lookup: 16
current cycle = 60824072, last update cycle = 60000675, delta = 823397
	load umon |	misses = 2047, hits= 0 0 0 0 0 0 0 0 0 0 0 0 0 0 15 0
	write umon |	misses = 680, hits= 0 0 0 0 0 0 0 0 0 0 0 0 0 0 0 0
num evi