[VMEM] WARNING: physical memory size is smaller than virtual memory size.
dram page policy: is open = 0	is close = 0	is soft close = 1	cmd arg = 2

*** ChampSim Multicore Out-of-Order Simulator ***
Warmup Instructions: 25000000
Simulation Instructions: 100000000
Number of CPUs: 8
Page size: 2097152

CL :	 16.64 ns
CWL :	 15.808 ns
tRP :	 16.224 ns
tRCD :	 16.224 ns
tRAS :	 32.032000000000004 ns
tRTP :	 7.904 ns
tWR :	 30.368000000000002 ns

tCCD_S :	 3.3280000000000003 ns
tCCD_S_WR :	 3.3280000000000003 ns
tCCD_S_WTR :	 22.048000000000002 ns
tCCD_L :	 5.408 ns
tCCD_L_WR :	 20.384 ns
tCCD_L_WTR :	 29.536 ns
tRRD_S :	 3.3280000000000003 ns
tRRD_L :	 5.408 ns
tFAW :	 13.728 ns
Address mapping (perm = 1) 	ch co bg bg bg ba ba co co co co co co ro ro ro ro ro ro ro ro ro ro ro ro ro ro ro 
dram queue size: R = 64 W = 64 (low:high is 16:48)
Heartbeat CPU 0 instructions: 10000002 cycles: 2502177 heartbeat IPC: 3.997 cumulative IPC: 3.997 (Simulation time: 00 hr 10 min 11 sec)
Heartbeat CPU 1 instructions: 10000002 cycles: 2502201 heartbeat IPC: 3.996 cumulative IPC: 3.996 (Simulation time: 00 hr 10 min 11 sec)
Heartbeat CPU 2 instructions: 10000002 cycles: 2502266 heartbeat IPC: 3.996 cumulative IPC: 3.996 (Simulation time: 00 hr 10 min 11 sec)
Heartbeat CPU 3 instructions: 10000002 cycles: 2502282 heartbeat IPC: 3.996 cumulative IPC: 3.996 (Simulation time: 00 hr 10 min 11 sec)
Heartbeat CPU 4 instructions: 10000002 cycles: 2502293 heartbeat IPC: 3.996 cumulative IPC: 3.996 (Simulation time: 00 hr 10 min 11 sec)
Heartbeat CPU 5 instructions: 10000002 cycles: 2502299 heartbeat IPC: 3.996 cumulative IPC: 3.996 (Simulation time: 00 hr 10 min 11 sec)
Heartbeat CPU 6 instructions: 10000002 cycles: 2502304 heartbeat IPC: 3.996 cumulative IPC: 3.996 (Simulation time: 00 hr 10 min 11 sec)
Heartbeat CPU 7 instructions: 10000000 cycles: 2502311 heartbeat IPC: 3.996 cumulative IPC: 3.996 (Simulation time: 00 hr 10 min 11 sec)
Heartbeat CPU 0 instructions: 20000002 cycles: 5002177 heartbeat IPC: 4 cumulative IPC: 3.998 (Simulation time: 00 hr 20 min 26 sec)
Heartbeat CPU 1 instructions: 20000002 cycles: 5002201 heartbeat IPC: 4 cumulative IPC: 3.998 (Simulation time: 00 hr 20 min 26 sec)
Heartbeat CPU 2 instructions: 20000002 cycles: 5002266 heartbeat IPC: 4 cumulative IPC: 3.998 (Simulation time: 00 hr 20 min 26 sec)
Heartbeat CPU 3 instructions: 20000002 cycles: 5002282 heartbeat IPC: 4 cumulative IPC: 3.998 (Simulation time: 00 hr 20 min 26 sec)
Heartbeat CPU 4 instructions: 20000002 cycles: 5002293 heartbeat IPC: 4 cumulative IPC: 3.998 (Simulation time: 00 hr 20 min 26 sec)
Heartbeat CPU 5 instructions: 20000002 cycles: 5002299 heartbeat IPC: 4 cumulative IPC: 3.998 (Simulation time: 00 hr 20 min 26 sec)
Heartbeat CPU 6 instructions: 20000002 cycles: 5002304 heartbeat IPC: 4 cumulative IPC: 3.998 (Simulation time: 00 hr 20 min 26 sec)
Heartbeat CPU 7 instructions: 20000000 cycles: 5002311 heartbeat IPC: 4 cumulative IPC: 3.998 (Simulation time: 00 hr 20 min 26 sec)
Warmup finished CPU 0 instructions: 25000002 cycles: 6252177 cumulative IPC: 3.999 (Simulation time: 00 hr 25 min 33 sec)
Warmup finished CPU 1 instructions: 25000002 cycles: 6252201 cumulative IPC: 3.999 (Simulation time: 00 hr 25 min 33 sec)
Warmup finished CPU 2 instructions: 25000002 cycles: 6252266 cumulative IPC: 3.999 (Simulation time: 00 hr 25 min 33 sec)
Warmup finished CPU 3 instructions: 25000002 cycles: 6252282 cumulative IPC: 3.999 (Simulation time: 00 hr 25 min 33 sec)
Warmup finished CPU 4 instructions: 25000002 cycles: 6252293 cumulative IPC: 3.999 (Simulation time: 00 hr 25 min 33 sec)
Warmup finished CPU 5 instructions: 25000002 cycles: 6252299 cumulative IPC: 3.999 (Simulation time: 00 hr 25 min 33 sec)
Warmup finished CPU 6 instructions: 25000002 cycles: 6252304 cumulative IPC: 3.999 (Simulation time: 00 hr 25 min 33 sec)
Warmup finished CPU 7 instructions: 25000000 cycles: 6252311 cumulative IPC: 3.999 (Simulation time: 00 hr 25 min 33 sec)
Warmup complete CPU 7 instructions: 25000000 cycles: 6252311 cumulative IPC: 3.999 (Simulation time: 00 hr 25 min 33 sec)
Warmup complete CPU 6 instructions: 25000030 cycles: 6252311 cumulative IPC: 3.999 (Simulation time: 00 hr 25 min 33 sec)
Warmup complete CPU 5 instructions: 25000050 cycles: 6252311 cumulative IPC: 3.999 (Simulation time: 00 hr 25 min 33 sec)
Warmup complete CPU 4 instructions: 25000074 cycles: 6252311 cumulative IPC: 3.999 (Simulation time: 00 hr 25 min 33 sec)
Warmup complete CPU 3 instructions: 25000118 cycles: 6252311 cumulative IPC: 3.999 (Simulation time: 00 hr 25 min 33 sec)
Warmup complete CPU 2 instructions: 25000182 cycles: 6252311 cumulative IPC: 3.999 (Simulation time: 00 hr 25 min 33 sec)
Warmup complete CPU 1 instructions: 25000442 cycles: 6252311 cumulative IPC: 3.999 (Simulation time: 00 hr 25 min 33 sec)
Warmup complete CPU 0 instructions: 25000538 cycles: 6252311 cumulative IPC: 3.999 (Simulation time: 00 hr 25 min 33 sec)
Heartbeat CPU 3 instructions: 30000005 cycles: 7698064 heartbeat IPC: 3.709 cumulative IPC: 3.458 (Simulation time: 00 hr 32 min 03 sec)
Heartbeat CPU 0 instructions: 30000005 cycles: 7700349 heartbeat IPC: 3.706 cumulative IPC: 3.453 (Simulation time: 00 hr 32 min 04 sec)
Heartbeat CPU 1 instructions: 30000005 cycles: 7700981 heartbeat IPC: 3.705 cumulative IPC: 3.451 (Simulation time: 00 hr 32 min 04 sec)
Heartbeat CPU 6 instructions: 30000005 cycles: 7702419 heartbeat IPC: 3.704 cumulative IPC: 3.448 (Simulation time: 00 hr 32 min 05 sec)
Heartbeat CPU 5 instructions: 30000005 cycles: 7702629 heartbeat IPC: 3.703 cumulative IPC: 3.447 (Simulation time: 00 hr 32 min 05 sec)
Heartbeat CPU 2 instructions: 30000005 cycles: 7702739 heartbeat IPC: 3.703 cumulative IPC: 3.447 (Simulation time: 00 hr 32 min 05 sec)
Heartbeat CPU 4 instructions: 30000005 cycles: 7702968 heartbeat IPC: 3.703 cumulative IPC: 3.447 (Simulation time: 00 hr 32 min 05 sec)
Heartbeat CPU 7 instructions: 30000004 cycles: 7704348 heartbeat IPC: 3.701 cumulative IPC: 3.443 (Simulation time: 00 hr 32 min 05 sec)
Heartbeat CPU 3 instructions: 40000007 cycles: 10596518 heartbeat IPC: 3.45 cumulative IPC: 3.453 (Simulation time: 00 hr 44 min 21 sec)
Heartbeat CPU 1 instructions: 40000007 cycles: 10598462 heartbeat IPC: 3.451 cumulative IPC: 3.451 (Simulation time: 00 hr 44 min 22 sec)
Heartbeat CPU 0 instructions: 40000007 cycles: 10598988 heartbeat IPC: 3.45 cumulative IPC: 3.451 (Simulation time: 00 hr 44 min 22 sec)
Heartbeat CPU 5 instructions: 40000007 cycles: 10600707 heartbeat IPC: 3.451 cumulative IPC: 3.45 (Simulation time: 00 hr 44 min 22 sec)
Heartbeat CPU 4 instructions: 40000007 cycles: 10600771 heartbeat IPC: 3.451 cumulative IPC: 3.449 (Simulation time: 00 hr 44 min 22 sec)
Heartbeat CPU 2 instructions: 40000007 cycles: 10601009 heartbeat IPC: 3.45 cumulative IPC: 3.449 (Simulation time: 00 hr 44 min 22 sec)
Heartbeat CPU 6 instructions: 40000007 cycles: 10601237 heartbeat IPC: 3.45 cumulative IPC: 3.449 (Simulation time: 00 hr 44 min 22 sec)
Heartbeat CPU 7 instructions: 40000007 cycles: 10603781 heartbeat IPC: 3.449 cumulative IPC: 3.447 (Simulation time: 00 hr 44 min 23 sec)
Heartbeat CPU 1 instructions: 50000007 cycles: 13495055 heartbeat IPC: 3.452 cumulative IPC: 3.452 (Simulation time: 00 hr 55 min 46 sec)
Heartbeat CPU 3 instructions: 50000007 cycles: 13495684 heartbeat IPC: 3.449 cumulative IPC: 3.451 (Simulation time: 00 hr 55 min 47 sec)
Heartbeat CPU 0 instructions: 50000007 cycles: 13498109 heartbeat IPC: 3.449 cumulative IPC: 3.45 (Simulation time: 00 hr 55 min 47 sec)
Heartbeat CPU 2 instructions: 50000007 cycles: 13499147 heartbeat IPC: 3.45 cumulative IPC: 3.45 (Simulation time: 00 hr 55 min 47 sec)
Heartbeat CPU 4 instructions: 50000007 cycles: 13499201 heartbeat IPC: 3.45 cumulative IPC: 3.45 (Simulation time: 00 hr 55 min 47 sec)
Heartbeat CPU 5 instructions: 50000007 cycles: 13500073 heartbeat IPC: 3.449 cumulative IPC: 3.449 (Simulation time: 00 hr 55 min 48 sec)
Heartbeat CPU 6 instructions: 50000007 cycles: 13500245 heartbeat IPC: 3.449 cumulative IPC: 3.449 (Simulation time: 00 hr 55 min 48 sec)
Heartbeat CPU 7 instructions: 50000007 cycles: 13503934 heartbeat IPC: 3.448 cumulative IPC: 3.448 (Simulation time: 00 hr 55 min 48 sec)
Heartbeat CPU 1 instructions: 60000010 cycles: 16392185 heartbeat IPC: 3.452 cumulative IPC: 3.452 (Simulation time: 01 hr 06 min 51 sec)
Heartbeat CPU 3 instructions: 60000010 cycles: 16394765 heartbeat IPC: 3.449 cumulative IPC: 3.451 (Simulation time: 01 hr 06 min 51 sec)
Heartbeat CPU 4 instructions: 60000010 cycles: 16397322 heartbeat IPC: 3.451 cumulative IPC: 3.45 (Simulation time: 01 hr 06 min 52 sec)
Heartbeat CPU 2 instructions: 60000010 cycles: 16397403 heartbeat IPC: 3.45 cumulative IPC: 3.45 (Simulation time: 01 hr 06 min 52 sec)
Heartbeat CPU 5 instructions: 60000010 cycles: 16397738 heartbeat IPC: 3.451 cumulative IPC: 3.45 (Simulation time: 01 hr 06 min 52 sec)
Heartbeat CPU 0 instructions: 60000010 cycles: 16397914 heartbeat IPC: 3.449 cumulative IPC: 3.45 (Simulation time: 01 hr 06 min 52 sec)
Heartbeat CPU 6 instructions: 60000010 cycles: 16399313 heartbeat IPC: 3.449 cumulative IPC: 3.449 (Simulation time: 01 hr 06 min 52 sec)
Heartbeat CPU 7 instructions: 60000010 cycles: 16402985 heartbeat IPC: 3.449 cumulative IPC: 3.448 (Simulation time: 01 hr 06 min 53 sec)
Heartbeat CPU 1 instructions: 70000014 cycles: 19289004 heartbeat IPC: 3.452 cumulative IPC: 3.452 (Simulation time: 01 hr 17 min 48 sec)
Heartbeat CPU 3 instructions: 70000014 cycles: 19293698 heartbeat IPC: 3.45 cumulative IPC: 3.451 (Simulation time: 01 hr 17 min 49 sec)
Heartbeat CPU 4 instructions: 70000014 cycles: 19294887 heartbeat IPC: 3.451 cumulative IPC: 3.45 (Simulation time: 01 hr 17 min 50 sec)
Heartbeat CPU 2 instructions: 70000014 cycles: 19295980 heartbeat IPC: 3.45 cumulative IPC: 3.45 (Simulation time: 01 hr 17 min 50 sec)
Heartbeat CPU 5 instructions: 70000014 cycles: 19296036 heartbeat IPC: 3.45 cumulative IPC: 3.45 (Simulation time: 01 hr 17 min 50 sec)
Heartbeat CPU 0 instructions: 70000014 cycles: 19297128 heartbeat IPC: 3.449 cumulative IPC: 3.45 (Simulation time: 01 hr 17 min 50 sec)
Heartbeat CPU 6 instructions: 70000014 cycles: 19297721 heartbeat IPC: 3.45 cumulative IPC: 3.449 (Simulation time: 01 hr 17 min 50 sec)
Heartbeat CPU 7 instructions: 70000014 cycles: 19302979 heartbeat IPC: 3.448 cumulative IPC: 3.448 (Simulation time: 01 hr 17 min 51 sec)
Heartbeat CPU 1 instructions: 80000014 cycles: 22185895 heartbeat IPC: 3.452 cumulative IPC: 3.452 (Simulation time: 01 hr 28 min 46 sec)
Heartbeat CPU 3 instructions: 80000014 cycles: 22193236 heartbeat IPC: 3.449 cumulative IPC: 3.45 (Simulation time: 01 hr 28 min 48 sec)
Heartbeat CPU 4 instructions: 80000014 cycles: 22193782 heartbeat IPC: 3.45 cumulative IPC: 3.45 (Simulation time: 01 hr 28 min 48 sec)
Heartbeat CPU 2 instructions: 80000014 cycles: 22194316 heartbeat IPC: 3.45 cumulative IPC: 3.45 (Simulation time: 01 hr 28 min 48 sec)
Heartbeat CPU 5 instructions: 80000014 cycles: 22195384 heartbeat IPC: 3.449 cumulative IPC: 3.45 (Simulation time: 01 hr 28 min 48 sec)
Heartbeat CPU 6 instructions: 80000014 cycles: 22195755 heartbeat IPC: 3.451 cumulative IPC: 3.45 (Simulation time: 01 hr 28 min 49 sec)
Heartbeat CPU 0 instructions: 80000014 cycles: 22196435 heartbeat IPC: 3.449 cumulative IPC: 3.45 (Simulation time: 01 hr 28 min 49 sec)
Heartbeat CPU 7 instructions: 80000014 cycles: 22202788 heartbeat IPC: 3.449 cumulative IPC: 3.448 (Simulation time: 01 hr 28 min 50 sec)
Heartbeat CPU 1 instructions: 90000016 cycles: 25083065 heartbeat IPC: 3.452 cumulative IPC: 3.452 (Simulation time: 01 hr 39 min 44 sec)
Heartbeat CPU 4 instructions: 90000016 cycles: 25092054 heartbeat IPC: 3.45 cumulative IPC: 3.45 (Simulation time: 01 hr 39 min 46 sec)
Heartbeat CPU 2 instructions: 90000016 cycles: 25092187 heartbeat IPC: 3.451 cumulative IPC: 3.45 (Simulation time: 01 hr 39 min 46 sec)
Heartbeat CPU 3 instructions: 90000016 cycles: 25092379 heartbeat IPC: 3.449 cumulative IPC: 3.45 (Simulation time: 01 hr 39 min 46 sec)
Heartbeat CPU 5 instructions: 90000016 cycles: 25093502 heartbeat IPC: 3.451 cumulative IPC: 3.45 (Simulation time: 01 hr 39 min 46 sec)
Heartbeat CPU 6 instructions: 90000016 cycles: 25094633 heartbeat IPC: 3.45 cumulative IPC: 3.45 (Simulation time: 01 hr 39 min 46 sec)
Heartbeat CPU 0 instructions: 90000016 cycles: 25094997 heartbeat IPC: 3.45 cumulative IPC: 3.45 (Simulation time: 01 hr 39 min 46 sec)
Heartbeat CPU 7 instructions: 90000016 cycles: 25102658 heartbeat IPC: 3.448 cumulative IPC: 3.448 (Simulation time: 01 hr 39 min 48 sec)
Heartbeat CPU 1 instructions: 100000020 cycles: 27980426 heartbeat IPC: 3.451 cumulative IPC: 3.452 (Simulation time: 01 hr 50 min 39 sec)
Heartbeat CPU 4 instructions: 100000019 cycles: 27990695 heartbeat IPC: 3.45 cumulative IPC: 3.45 (Simulation time: 01 hr 50 min 42 sec)
Heartbeat CPU 2 instructions: 100000019 cycles: 27991329 heartbeat IPC: 3.449 cumulative IPC: 3.45 (Simulation time: 01 hr 50 min 42 sec)
Heartbeat CPU 3 instructions: 100000019 cycles: 27992298 heartbeat IPC: 3.448 cumulative IPC: 3.45 (Simulation time: 01 hr 50 min 42 sec)
Heartbeat CPU 5 instructions: 100000019 cycles: 27992359 heartbeat IPC: 3.45 cumulative IPC: 3.45 (Simulation time: 01 hr 50 min 42 sec)
Heartbeat CPU 6 instructions: 100000019 cycles: 27993303 heartbeat IPC: 3.45 cumulative IPC: 3.45 (Simulation time: 01 hr 50 min 42 sec)
Heartbeat CPU 0 instructions: 100000019 cycles: 27994803 heartbeat IPC: 3.449 cumulative IPC: 3.449 (Simulation time: 01 hr 50 min 42 sec)
Heartbeat CPU 7 instructions: 100000019 cycles: 28002492 heartbeat IPC: 3.448 cumulative IPC: 3.448 (Simulation time: 01 hr 50 min 44 sec)
Heartbeat CPU 1 instructions: 110000020 cycles: 30878294 heartbeat IPC: 3.451 cumulative IPC: 3.452 (Simulation time: 02 hr 01 min 31 sec)
Heartbeat CPU 4 instructions: 110000020 cycles: 30888916 heartbeat IPC: 3.45 cumulative IPC: 3.45 (Simulation time: 02 hr 01 min 33 sec)
Heartbeat CPU 2 instructions: 110000020 cycles: 30888971 heartbeat IPC: 3.451 cumulative IPC: 3.45 (Simulation time: 02 hr 01 min 33 sec)
Heartbeat CPU 5 instructions: 110000020 cycles: 30890460 heartbeat IPC: 3.451 cumulative IPC: 3.45 (Simulation time: 02 hr 01 min 34 sec)
Heartbeat CPU 3 instructions: 110000020 cycles: 30890694 heartbeat IPC: 3.45 cumulative IPC: 3.45 (Simulation time: 02 hr 01 min 34 sec)
Heartbeat CPU 6 instructions: 110000020 cycles: 30892133 heartbeat IPC: 3.45 cumulative IPC: 3.45 (Simulation time: 02 hr 01 min 34 sec)
Heartbeat CPU 0 instructions: 110000020 cycles: 30893160 heartbeat IPC: 3.45 cumulative IPC: 3.45 (Simulation time: 02 hr 01 min 34 sec)
Heartbeat CPU 7 instructions: 110000020 cycles: 30902337 heartbeat IPC: 3.448 cumulative IPC: 3.448 (Simulation time: 02 hr 01 min 36 sec)
Heartbeat CPU 1 instructions: 120000024 cycles: 33776845 heartbeat IPC: 3.45 cumulative IPC: 3.451 (Simulation time: 02 hr 12 min 03 sec)
Heartbeat CPU 4 instructions: 120000024 cycles: 33786772 heartbeat IPC: 3.451 cumulative IPC: 3.45 (Simulation time: 02 hr 12 min 05 sec)
Heartbeat CPU 2 instructions: 120000024 cycles: 33788068 heartbeat IPC: 3.449 cumulative IPC: 3.45 (Simulation time: 02 hr 12 min 05 sec)
Heartbeat CPU 5 instructions: 120000024 cycles: 33788228 heartbeat IPC: 3.451 cumulative IPC: 3.45 (Simulation time: 02 hr 12 min 05 sec)
Heartbeat CPU 3 instructions: 120000024 cycles: 33790857 heartbeat IPC: 3.448 cumulative IPC: 3.45 (Simulation time: 02 hr 12 min 06 sec)
Heartbeat CPU 6 instructions: 120000024 cycles: 33792625 heartbeat IPC: 3.448 cumulative IPC: 3.449 (Simulation time: 02 hr 12 min 06 sec)
Heartbeat CPU 0 instructions: 120000024 cycles: 33793392 heartbeat IPC: 3.448 cumulative IPC: 3.449 (Simulation time: 02 hr 12 min 06 sec)
Heartbeat CPU 7 instructions: 120000024 cycles: 33802572 heartbeat IPC: 3.448 cumulative IPC: 3.448 (Simulation time: 02 hr 12 min 08 sec)
Simulation finished CPU 1 instructions: 100000001 cycles: 28973295 cumulative IPC: 3.451 (Simulation time: 02 hr 17 min 21 sec)
Simulation finished CPU 4 instructions: 100000000 cycles: 28983671 cumulative IPC: 3.45 (Simulation time: 02 hr 17 min 23 sec)
Simulation finished CPU 5 instructions: 100000004 cycles: 28984901 cumulative IPC: 3.45 (Simulation time: 02 hr 17 min 24 sec)
Simulation finished CPU 2 instructions: 100000000 cycles: 28985429 cumulative IPC: 3.45 (Simulation time: 02 hr 17 min 24 sec)
Simulation finished CPU 3 instructions: 100000003 cycles: 28988024 cumulative IPC: 3.45 (Simulation time: 02 hr 17 min 24 sec)
Simulation finished CPU 6 instructions: 100000004 cycles: 28989676 cumulative IPC: 3.45 (Simulation time: 02 hr 17 min 25 sec)
Simulation finished CPU 0 instructions: 100000003 cycles: 28990836 cumulative IPC: 3.449 (Simulation time: 02 hr 17 min 25 sec)
Simulation finished CPU 7 instructions: 100000004 cycles: 29000963 cumulative IPC: 3.448 (Simulation time: 02 hr 17 min 27 sec)
Simulation complete CPU 7 instructions: 100000004 cycles: 29000963 cumulative IPC: 3.448 (Simulation time: 02 hr 17 min 27 sec)
Simulation complete CPU 6 instructions: 100038725 cycles: 29000963 cumulative IPC: 3.449 (Simulation time: 02 hr 17 min 27 sec)
Simulation complete CPU 5 instructions: 100054424 cycles: 29000963 cumulative IPC: 3.45 (Simulation time: 02 hr 17 min 27 sec)
Simulation complete CPU 4 instructions: 100059276 cycles: 29000963 cumulative IPC: 3.45 (Simulation time: 02 hr 17 min 27 sec)
Simulation complete CPU 3 instructions: 100043814 cycles: 29000963 cumulative IPC: 3.45 (Simulation time: 02 hr 17 min 27 sec)
Simulation complete CPU 2 instructions: 100052622 cycles: 29000963 cumulative IPC: 3.45 (Simulation time: 02 hr 17 min 27 sec)
Simulation complete CPU 1 instructions: 100093978 cycles: 29000963 cumulative IPC: 3.451 (Simulation time: 02 hr 17 min 27 sec)
Simulation complete CPU 0 instructions: 100034449 cycles: 29000963 cumulative IPC: 3.449 (Simulation time: 02 hr 17 min 27 sec)

ChampSim completed all CPUs

=== Simulation ===
CPU 0 runs ../frost/TRACES/ctf/spec2017/638.imagick_s-10316B.champsimtrace.xz
CPU 1 runs ../frost/TRACES/ctf/spec2017/638.imagick_s-10316B.champsimtrace.xz
CPU 2 runs ../frost/TRACES/ctf/spec2017/638.imagick_s-10316B.champsimtrace.xz
CPU 3 runs ../frost/TRACES/ctf/spec2017/638.imagick_s-10316B.champsimtrace.xz
CPU 4 runs ../frost/TRACES/ctf/spec2017/638.imagick_s-10316B.champsimtrace.xz
CPU 5 runs ../frost/TRACES/ctf/spec2017/638.imagick_s-10316B.champsimtrace.xz
CPU 6 runs ../frost/TRACES/ctf/spec2017/638.imagick_s-10316B.champsimtrace.xz
CPU 7 runs ../frost/TRACES/ctf/spec2017/638.imagick_s-10316B.champsimtrace.xz

Total Simulation Statistics (not including warmup)

CPU 7 cumulative IPC: 3.448 instructions: 100000004 cycles: 29000963
CPU 7 Branch Prediction Accuracy: 100% MPKI: 0 Average ROB Occupancy at Mispredict: -
Branch type MPKI
BRANCH_DIRECT_JUMP: 0
BRANCH_INDIRECT: 0
BRANCH_CONDITIONAL: 0
BRANCH_DIRECT_CALL: 0
BRANCH_INDIRECT_CALL: 0
BRANCH_RETURN: 0


CPU 6 cumulative IPC: 3.449 instructions: 100038725 cycles: 29000963
CPU 6 Branch Prediction Accuracy: 100% MPKI: 0 Average ROB Occupancy at Mispredict: -
Branch type MPKI
BRANCH_DIRECT_JUMP: 0
BRANCH_INDIRECT: 0
BRANCH_CONDITIONAL: 0
BRANCH_DIRECT_CALL: 0
BRANCH_INDIRECT_CALL: 0
BRANCH_RETURN: 0


CPU 5 cumulative IPC: 3.45 instructions: 100054424 cycles: 29000963
CPU 5 Branch Prediction Accuracy: 100% MPKI: 0 Average ROB Occupancy at Mispredict: -
Branch type MPKI
BRANCH_DIRECT_JUMP: 0
BRANCH_INDIRECT: 0
BRANCH_CONDITIONAL: 0
BRANCH_DIRECT_CALL: 0
BRANCH_INDIRECT_CALL: 0
BRANCH_RETURN: 0


CPU 4 cumulative IPC: 3.45 instructions: 100059276 cycles: 29000963
CPU 4 Branch Prediction Accuracy: 100% MPKI: 0 Average ROB Occupancy at Mispredict: -
Branch type MPKI
BRANCH_DIRECT_JUMP: 0
BRANCH_INDIRECT: 0
BRANCH_CONDITIONAL: 0
BRANCH_DIRECT_CALL: 0
BRANCH_INDIRECT_CALL: 0
BRANCH_RETURN: 0


CPU 3 cumulative IPC: 3.45 instructions: 100043814 cycles: 29000963
CPU 3 Branch Prediction Accuracy: 100% MPKI: 0 Average ROB Occupancy at Mispredict: -
Branch type MPKI
BRANCH_DIRECT_JUMP: 0
BRANCH_INDIRECT: 0
BRANCH_CONDITIONAL: 0
BRANCH_DIRECT_CALL: 0
BRANCH_INDIRECT_CALL: 0
BRANCH_RETURN: 0


CPU 2 cumulative IPC: 3.45 instructions: 100052622 cycles: 29000963
CPU 2 Branch Prediction Accuracy: 100% MPKI: 0 Average ROB Occupancy at Mispredict: -
Branch type MPKI
BRANCH_DIRECT_JUMP: 0
BRANCH_INDIRECT: 0
BRANCH_CONDITIONAL: 0
BRANCH_DIRECT_CALL: 0
BRANCH_INDIRECT_CALL: 0
BRANCH_RETURN: 0


CPU 1 cumulative IPC: 3.451 instructions: 100093978 cycles: 29000963
CPU 1 Branch Prediction Accuracy: 100% MPKI: 0 Average ROB Occupancy at Mispredict: -
Branch type MPKI
BRANCH_DIRECT_JUMP: 0
BRANCH_INDIRECT: 0
BRANCH_CONDITIONAL: 0
BRANCH_DIRECT_CALL: 0
BRANCH_INDIRECT_CALL: 0
BRANCH_RETURN: 0


CPU 0 cumulative IPC: 3.449 instructions: 100034449 cycles: 29000963
CPU 0 Branch Prediction Accuracy: 100% MPKI: 0 Average ROB Occupancy at Mispredict: -
Branch type MPKI
BRANCH_DIRECT_JUMP: 0
BRANCH_INDIRECT: 0
BRANCH_CONDITIONAL: 0
BRANCH_DIRECT_CALL: 0
BRANCH_INDIRECT_CALL: 0
BRANCH_RETURN: 0

cpu7->cpu7_L2C TOTAL        ACCESS:     891427 HIT:     887521 MISS:       3906 MSHR_MERGE:          0
cpu7->cpu7_L2C LOAD         ACCESS:     889404 HIT:     885533 MISS:       3871 MSHR_MERGE:          0
cpu7->cpu7_L2C RFO          ACCESS:        593 HIT:        558 MISS:         35 MSHR_MERGE:          0
cpu7->cpu7_L2C PREFETCH     ACCESS:          0 HIT:          0 MISS:          0 MSHR_MERGE:          0
cpu7->cpu7_L2C WRITE        ACCESS:       1430 HIT:       1430 MISS:          0 MSHR_MERGE:          0
cpu7->cpu7_L2C TRANSLATION  ACCESS:          0 HIT:          0 MISS:          0 MSHR_MERGE:          0
cpu7->cpu7_L2C PREFETCH REQUESTED:          0 ISSUED:          0 USEFUL:          0 USELESS:          0
cpu7->cpu7_L2C AVERAGE MISS LATENCY: 171.5 cycles
cpu7->cpu7_L1I TOTAL        ACCESS:   19808602 HIT:   19808602 MISS:          0 MSHR_MERGE:          0
cpu7->cpu7_L1I LOAD         ACCESS:   19808602 HIT:   19808602 MISS:          0 MSHR_MERGE:          0
cpu7->cpu7_L1I RFO          ACCESS:          0 HIT:          0 MISS:          0 MSHR_MERGE:          0
cpu7->cpu7_L1I PREFETCH     ACCESS:          0 HIT:          0 MISS:          0 MSHR_MERGE:          0
cpu7->cpu7_L1I WRITE        ACCESS:          0 HIT:          0 MISS:          0 MSHR_MERGE:          0
cpu7->cpu7_L1I TRANSLATION  ACCESS:          0 HIT:          0 MISS:          0 MSHR_MERGE:          0
cpu7->cpu7_L1I PREFETCH REQUESTED:          0 ISSUED:          0 USEFUL:          0 USELESS:          0
cpu7->cpu7_L1I AVERAGE MISS LATENCY: - cycles
cpu7->cpu7_L1D TOTAL        ACCESS:   11127344 HIT:    8407555 MISS:    2719789 MSHR_MERGE:    1829791
cpu7->cpu7_L1D LOAD         ACCESS:   11122398 HIT:    8403663 MISS:    2718735 MSHR_MERGE:    1829330
cpu7->cpu7_L1D RFO          ACCESS:          0 HIT:          0 MISS:          0 MSHR_MERGE:          0
cpu7->cpu7_L1D PREFETCH     ACCESS:          0 HIT:          0 MISS:          0 MSHR_MERGE:          0
cpu7->cpu7_L1D WRITE        ACCESS:       4946 HIT:       3892 MISS:       1054 MSHR_MERGE:        461
cpu7->cpu7_L1D TRANSLATION  ACCESS:          0 HIT:          0 MISS:          0 MSHR_MERGE:          0
cpu7->cpu7_L1D PREFETCH REQUESTED:          0 ISSUED:          0 USEFUL:          0 USELESS:          0
cpu7->cpu7_L1D AVERAGE MISS LATENCY: 8.757 cycles
cpu7->cpu7_ITLB TOTAL        ACCESS:   15353754 HIT:   15353754 MISS:          0 MSHR_MERGE:          0
cpu7->cpu7_ITLB LOAD         ACCESS:   15353754 HIT:   15353754 MISS:          0 MSHR_MERGE:          0
cpu7->cpu7_ITLB RFO          ACCESS:          0 HIT:          0 MISS:          0 MSHR_MERGE:          0
cpu7->cpu7_ITLB PREFETCH     ACCESS:          0 HIT:          0 MISS:          0 MSHR_MERGE:          0
cpu7->cpu7_ITLB WRITE        ACCESS:          0 HIT:          0 MISS:          0 MSHR_MERGE:          0
cpu7->cpu7_ITLB TRANSLATION  ACCESS:          0 HIT:          0 MISS:          0 MSHR_MERGE:          0
cpu7->cpu7_ITLB PREFETCH REQUESTED:          0 ISSUED:          0 USEFUL:          0 USELESS:          0
cpu7->cpu7_ITLB AVERAGE MISS LATENCY: - cycles
cpu7->cpu7_DTLB TOTAL        ACCESS:   11113935 HIT:   11113935 MISS:          0 MSHR_MERGE:          0
cpu7->cpu7_DTLB LOAD         ACCESS:   11113935 HIT:   11113935 MISS:          0 MSHR_MERGE:          0
cpu7->cpu7_DTLB RFO          ACCESS:          0 HIT:          0 MISS:          0 MSHR_MERGE:          0
cpu7->cpu7_DTLB PREFETCH     ACCESS:          0 HIT:          0 MISS:          0 MSHR_MERGE:          0
cpu7->cpu7_DTLB WRITE        ACCESS:          0 HIT:          0 MISS:          0 MSHR_MERGE:          0
cpu7->cpu7_DTLB TRANSLATION  ACCESS:          0 HIT:          0 MISS:          0 MSHR_MERGE:          0
cpu7->cpu7_DTLB PREFETCH REQUESTED:          0 ISSUED:          0 USEFUL:          0 USELESS:          0
cpu7->cpu7_DTLB AVERAGE MISS LATENCY: - cycles
cpu6->cpu6_L2C TOTAL        ACCESS:     891771 HIT:     887863 MISS:       3908 MSHR_MERGE:          0
cpu6->cpu6_L2C LOAD         ACCESS:     889748 HIT:     885875 MISS:       3873 MSHR_MERGE:          0
cpu6->cpu6_L2C RFO          ACCESS:        593 HIT:        558 MISS:         35 MSHR_MERGE:          0
cpu6->cpu6_L2C PREFETCH     ACCESS:          0 HIT:          0 MISS:          0 MSHR_MERGE:          0
cpu6->cpu6_L2C WRITE        ACCESS:       1430 HIT:       1430 MISS:          0 MSHR_MERGE:          0
cpu6->cpu6_L2C TRANSLATION  ACCESS:          0 HIT:          0 MISS:          0 MSHR_MERGE:          0
cpu6->cpu6_L2C PREFETCH REQUESTED:          0 ISSUED:          0 USEFUL:          0 USELESS:          0
cpu6->cpu6_L2C AVERAGE MISS LATENCY: 171.3 cycles
cpu6->cpu6_L1I TOTAL        ACCESS:   19799657 HIT:   19799657 MISS:          0 MSHR_MERGE:          0
cpu6->cpu6_L1I LOAD         ACCESS:   19799657 HIT:   19799657 MISS:          0 MSHR_MERGE:          0
cpu6->cpu6_L1I RFO          ACCESS:          0 HIT:          0 MISS:          0 MSHR_MERGE:          0
cpu6->cpu6_L1I PREFETCH     ACCESS:          0 HIT:          0 MISS:          0 MSHR_MERGE:          0
cpu6->cpu6_L1I WRITE        ACCESS:          0 HIT:          0 MISS:          0 MSHR_MERGE:          0
cpu6->cpu6_L1I TRANSLATION  ACCESS:          0 HIT:          0 MISS:          0 MSHR_MERGE:          0
cpu6->cpu6_L1I PREFETCH REQUESTED:          0 ISSUED:          0 USEFUL:          0 USELESS:          0
cpu6->cpu6_L1I AVERAGE MISS LATENCY: - cycles
cpu6->cpu6_L1D TOTAL        ACCESS:   11136450 HIT:    8413430 MISS:    2723020 MSHR_MERGE:    1832679
cpu6->cpu6_L1D LOAD         ACCESS:   11131505 HIT:    8409534 MISS:    2721971 MSHR_MERGE:    1832223
cpu6->cpu6_L1D RFO          ACCESS:          0 HIT:          0 MISS:          0 MSHR_MERGE:          0
cpu6->cpu6_L1D PREFETCH     ACCESS:          0 HIT:          0 MISS:          0 MSHR_MERGE:          0
cpu6->cpu6_L1D WRITE        ACCESS:       4945 HIT:       3896 MISS:       1049 MSHR_MERGE:        456
cpu6->cpu6_L1D TRANSLATION  ACCESS:          0 HIT:          0 MISS:          0 MSHR_MERGE:          0
cpu6->cpu6_L1D PREFETCH REQUESTED:          0 ISSUED:          0 USEFUL:          0 USELESS:          0
cpu6->cpu6_L1D AVERAGE MISS LATENCY: 8.756 cycles
cpu6->cpu6_ITLB TOTAL        ACCESS:   15353160 HIT:   15353160 MISS:          0 MSHR_MERGE:          0
cpu6->cpu6_ITLB LOAD         ACCESS:   15353160 HIT:   15353160 MISS:          0 MSHR_MERGE:          0
cpu6->cpu6_ITLB RFO          ACCESS:          0 HIT:          0 MISS:          0 MSHR_MERGE:          0
cpu6->cpu6_ITLB PREFETCH     ACCESS:          0 HIT:          0 MISS:          0 MSHR_MERGE:          0
cpu6->cpu6_ITLB WRITE        ACCESS:          0 HIT:          0 MISS:          0 MSHR_MERGE:          0
cpu6->cpu6_ITLB TRANSLATION  ACCESS:          0 HIT:          0 MISS:          0 MSHR_MERGE:          0
cpu6->cpu6_ITLB PREFETCH REQUESTED:          0 ISSUED:          0 USEFUL:          0 USELESS:          0
cpu6->cpu6_ITLB AVERAGE MISS LATENCY: - cycles
cpu6->cpu6_DTLB TOTAL        ACCESS:   11135563 HIT:   11135563 MISS:          0 MSHR_MERGE:          0
cpu6->cpu6_DTLB LOAD         ACCESS:   11135563 HIT:   11135563 MISS:          0 MSHR_MERGE:          0
cpu6->cpu6_DTLB RFO          ACCESS:          0 HIT:          0 MISS:          0 MSHR_MERGE:          0
cpu6->cpu6_DTLB PREFETCH     ACCESS:          0 HIT:          0 MISS:          0 MSHR_MERGE:          0
cpu6->cpu6_DTLB WRITE        ACCESS:          0 HIT:          0 MISS:          0 MSHR_MERGE:          0
cpu6->cpu6_DTLB TRANSLATION  ACCESS:          0 HIT:          0 MISS:          0 MSHR_MERGE:          0
cpu6->cpu6_DTLB PREFETCH REQUESTED:          0 ISSUED:          0 USEFUL:          0 USELESS:          0
cpu6->cpu6_DTLB AVERAGE MISS LATENCY: - cycles
cpu5->cpu5_L2C TOTAL        ACCESS:     891910 HIT:     888002 MISS:       3908 MSHR_MERGE:          0
cpu5->cpu5_L2C LOAD         ACCESS:     889887 HIT:     886014 MISS:       3873 MSHR_MERGE:          0
cpu5->cpu5_L2C RFO          ACCESS:        593 HIT:        558 MISS:         35 MSHR_MERGE:          0
cpu5->cpu5_L2C PREFETCH     ACCESS:          0 HIT:          0 MISS:          0 MSHR_MERGE:          0
cpu5->cpu5_L2C WRITE        ACCESS:       1430 HIT:       1430 MISS:          0 MSHR_MERGE:          0
cpu5->cpu5_L2C TRANSLATION  ACCESS:          0 HIT:          0 MISS:          0 MSHR_MERGE:          0
cpu5->cpu5_L2C PREFETCH REQUESTED:          0 ISSUED:          0 USEFUL:          0 USELESS:          0
cpu5->cpu5_L2C AVERAGE MISS LATENCY: 171.3 cycles
cpu5->cpu5_L1I TOTAL        ACCESS:   19814249 HIT:   19814249 MISS:          0 MSHR_MERGE:          0
cpu5->cpu5_L1I LOAD         ACCESS:   19814249 HIT:   19814249 MISS:          0 MSHR_MERGE:          0
cpu5->cpu5_L1I RFO          ACCESS:          0 HIT:          0 MISS:          0 MSHR_MERGE:          0
cpu5->cpu5_L1I PREFETCH     ACCESS:          0 HIT:          0 MISS:          0 MSHR_MERGE:          0
cpu5->cpu5_L1I WRITE        ACCESS:          0 HIT:          0 MISS:          0 MSHR_MERGE:          0
cpu5->cpu5_L1I TRANSLATION  ACCESS:          0 HIT:          0 MISS:          0 MSHR_MERGE:          0
cpu5->cpu5_L1I PREFETCH REQUESTED:          0 ISSUED:          0 USEFUL:          0 USELESS:          0
cpu5->cpu5_L1I AVERAGE MISS LATENCY: - cycles
cpu5->cpu5_L1D TOTAL        ACCESS:   11152514 HIT:    8430756 MISS:    2721758 MSHR_MERGE:    1831278
cpu5->cpu5_L1D LOAD         ACCESS:   11147576 HIT:    8426857 MISS:    2720719 MSHR_MERGE:    1830832
cpu5->cpu5_L1D RFO          ACCESS:          0 HIT:          0 MISS:          0 MSHR_MERGE:          0
cpu5->cpu5_L1D PREFETCH     ACCESS:          0 HIT:          0 MISS:          0 MSHR_MERGE:          0
cpu5->cpu5_L1D WRITE        ACCESS:       4938 HIT:       3899 MISS:       1039 MSHR_MERGE:        446
cpu5->cpu5_L1D TRANSLATION  ACCESS:          0 HIT:          0 MISS:          0 MSHR_MERGE:          0
cpu5->cpu5_L1D PREFETCH REQUESTED:          0 ISSUED:          0 USEFUL:          0 USELESS:          0
cpu5->cpu5_L1D AVERAGE MISS LATENCY: 8.752 cycles
cpu5->cpu5_ITLB TOTAL        ACCESS:   15360429 HIT:   15360429 MISS:          0 MSHR_MERGE:          0
cpu5->cpu5_ITLB LOAD         ACCESS:   15360429 HIT:   15360429 MISS:          0 MSHR_MERGE:          0
cpu5->cpu5_ITLB RFO          ACCESS:          0 HIT:          0 MISS:          0 MSHR_MERGE:          0
cpu5->cpu5_ITLB PREFETCH     ACCESS:          0 HIT:          0 MISS:          0 MSHR_MERGE:          0
cpu5->cpu5_ITLB WRITE        ACCESS:          0 HIT:          0 MISS:          0 MSHR_MERGE:          0
cpu5->cpu5_ITLB TRANSLATION  ACCESS:          0 HIT:          0 MISS:          0 MSHR_MERGE:          0
cpu5->cpu5_ITLB PREFETCH REQUESTED:          0 ISSUED:          0 USEFUL:          0 USELESS:          0
cpu5->cpu5_ITLB AVERAGE MISS LATENCY: - cycles
cpu5->cpu5_DTLB TOTAL        ACCESS:   11134639 HIT:   11134639 MISS:          0 MSHR_MERGE:          0
cpu5->cpu5_DTLB LOAD         ACCESS:   11134639 HIT:   11134639 MISS:          0 MSHR_MERGE:          0
cpu5->cpu5_DTLB RFO          ACCESS:          0 HIT:          0 MISS:          0 MSHR_MERGE:          0
cpu5->cpu5_DTLB PREFETCH     ACCESS:          0 HIT:          0 MISS:          0 MSHR_MERGE:          0
cpu5->cpu5_DTLB WRITE        ACCESS:          0 HIT:          0 MISS:          0 MSHR_MERGE:          0
cpu5->cpu5_DTLB TRANSLATION  ACCESS:          0 HIT:          0 MISS:          0 MSHR_MERGE:          0
cpu5->cpu5_DTLB PREFETCH REQUESTED:          0 ISSUED:          0 USEFUL:          0 USELESS:          0
cpu5->cpu5_DTLB AVERAGE MISS LATENCY: - cycles
cpu4->cpu4_L2C TOTAL        ACCESS:     891954 HIT:     888046 MISS:       3908 MSHR_MERGE:          0
cpu4->cpu4_L2C LOAD         ACCESS:     889931 HIT:     886058 MISS:       3873 MSHR_MERGE:          0
cpu4->cpu4_L2C RFO          ACCESS:        593 HIT:        558 MISS:         35 MSHR_MERGE:          0
cpu4->cpu4_L2C PREFETCH     ACCESS:          0 HIT:          0 MISS:          0 MSHR_MERGE:          0
cpu4->cpu4_L2C WRITE        ACCESS:       1430 HIT:       1430 MISS:          0 MSHR_MERGE:          0
cpu4->cpu4_L2C TRANSLATION  ACCESS:          0 HIT:          0 MISS:          0 MSHR_MERGE:          0
cpu4->cpu4_L2C PREFETCH REQUESTED:          0 ISSUED:          0 USEFUL:          0 USELESS:          0
cpu4->cpu4_L2C AVERAGE MISS LATENCY: 171.4 cycles
cpu4->cpu4_L1I TOTAL        ACCESS:   19813928 HIT:   19813928 MISS:          0 MSHR_MERGE:          0
cpu4->cpu4_L1I LOAD         ACCESS:   19813928 HIT:   19813928 MISS:          0 MSHR_MERGE:          0
cpu4->cpu4_L1I RFO          ACCESS:          0 HIT:          0 MISS:          0 MSHR_MERGE:          0
cpu4->cpu4_L1I PREFETCH     ACCESS:          0 HIT:          0 MISS:          0 MSHR_MERGE:          0
cpu4->cpu4_L1I WRITE        ACCESS:          0 HIT:          0 MISS:          0 MSHR_MERGE:          0
cpu4->cpu4_L1I TRANSLATION  ACCESS:          0 HIT:          0 MISS:          0 MSHR_MERGE:          0
cpu4->cpu4_L1I PREFETCH REQUESTED:          0 ISSUED:          0 USEFUL:          0 USELESS:          0
cpu4->cpu4_L1I AVERAGE MISS LATENCY: - cycles
cpu4->cpu4_L1D TOTAL        ACCESS:   11153488 HIT:    8432043 MISS:    2721445 MSHR_MERGE:    1830921
cpu4->cpu4_L1D LOAD         ACCESS:   11148544 HIT:    8428149 MISS:    2720395 MSHR_MERGE:    1830464
cpu4->cpu4_L1D RFO          ACCESS:          0 HIT:          0 MISS:          0 MSHR_MERGE:          0
cpu4->cpu4_L1D PREFETCH     ACCESS:          0 HIT:          0 MISS:          0 MSHR_MERGE:          0
cpu4->cpu4_L1D WRITE        ACCESS:       4944 HIT:       3894 MISS:       1050 MSHR_MERGE:        457
cpu4->cpu4_L1D TRANSLATION  ACCESS:          0 HIT:          0 MISS:          0 MSHR_MERGE:          0
cpu4->cpu4_L1D PREFETCH REQUESTED:          0 ISSUED:          0 USEFUL:          0 USELESS:          0
cpu4->cpu4_L1D AVERAGE MISS LATENCY: 8.753 cycles
cpu4->cpu4_ITLB TOTAL        ACCESS:   15359833 HIT:   15359833 MISS:          0 MSHR_MERGE:          0
cpu4->cpu4_ITLB LOAD         ACCESS:   15359833 HIT:   15359833 MISS:          0 MSHR_MERGE:          0
cpu4->cpu4_ITLB RFO          ACCESS:          0 HIT:          0 MISS:          0 MSHR_MERGE:          0
cpu4->cpu4_ITLB PREFETCH     ACCESS:          0 HIT:          0 MISS:          0 MSHR_MERGE:          0
cpu4->cpu4_ITLB WRITE        ACCESS:          0 HIT:          0 MISS:          0 MSHR_MERGE:          0
cpu4->cpu4_ITLB TRANSLATION  ACCESS:          0 HIT:          0 MISS:          0 MSHR_MERGE:          0
cpu4->cpu4_ITLB PREFETCH REQUESTED:          0 ISSUED:          0 USEFUL:          0 USELESS:          0
cpu4->cpu4_ITLB AVERAGE MISS LATENCY: - cycles
cpu4->cpu4_DTLB TOTAL        ACCESS:   11135664 HIT:   11135664 MISS:          0 MSHR_MERGE:          0
cpu4->cpu4_DTLB LOAD         ACCESS:   11135664 HIT:   11135664 MISS:          0 MSHR_MERGE:          0
cpu4->cpu4_DTLB RFO          ACCESS:          0 HIT:          0 MISS:          0 MSHR_MERGE:          0
cpu4->cpu4_DTLB PREFETCH     ACCESS:          0 HIT:          0 MISS:          0 MSHR_MERGE:          0
cpu4->cpu4_DTLB WRITE        ACCESS:          0 HIT:          0 MISS:          0 MSHR_MERGE:          0
cpu4->cpu4_DTLB TRANSLATION  ACCESS:          0 HIT:          0 MISS:          0 MSHR_MERGE:          0
cpu4->cpu4_DTLB PREFETCH REQUESTED:          0 ISSUED:          0 USEFUL:          0 USELESS:          0
cpu4->cpu4_DTLB AVERAGE MISS LATENCY: - cycles
cpu3->cpu3_L2C TOTAL        ACCESS:     891815 HIT:     887907 MISS:       3908 MSHR_MERGE:          0
cpu3->cpu3_L2C LOAD         ACCESS:     889792 HIT:     885919 MISS:       3873 MSHR_MERGE:          0
cpu3->cpu3_L2C RFO          ACCESS:        593 HIT:        558 MISS:         35 MSHR_MERGE:          0
cpu3->cpu3_L2C PREFETCH     ACCESS:          0 HIT:          0 MISS:          0 MSHR_MERGE:          0
cpu3->cpu3_L2C WRITE        ACCESS:       1430 HIT:       1430 MISS:          0 MSHR_MERGE:          0
cpu3->cpu3_L2C TRANSLATION  ACCESS:          0 HIT:          0 MISS:          0 MSHR_MERGE:          0
cpu3->cpu3_L2C PREFETCH REQUESTED:          0 ISSUED:          0 USEFUL:          0 USELESS:          0
cpu3->cpu3_L2C AVERAGE MISS LATENCY: 171.3 cycles
cpu3->cpu3_L1I TOTAL        ACCESS:   19821456 HIT:   19821456 MISS:          0 MSHR_MERGE:          0
cpu3->cpu3_L1I LOAD         ACCESS:   19821456 HIT:   19821456 MISS:          0 MSHR_MERGE:          0
cpu3->cpu3_L1I RFO          ACCESS:          0 HIT:          0 MISS:          0 MSHR_MERGE:          0
cpu3->cpu3_L1I PREFETCH     ACCESS:          0 HIT:          0 MISS:          0 MSHR_MERGE:          0
cpu3->cpu3_L1I WRITE        ACCESS:          0 HIT:          0 MISS:          0 MSHR_MERGE:          0
cpu3->cpu3_L1I TRANSLATION  ACCESS:          0 HIT:          0 MISS:          0 MSHR_MERGE:          0
cpu3->cpu3_L1I PREFETCH REQUESTED:          0 ISSUED:          0 USEFUL:          0 USELESS:          0
cpu3->cpu3_L1I AVERAGE MISS LATENCY: - cycles
cpu3->cpu3_L1D TOTAL        ACCESS:   11152577 HIT:    8417683 MISS:    2734894 MSHR_MERGE:    1844509
cpu3->cpu3_L1D LOAD         ACCESS:   11147650 HIT:    8413799 MISS:    2733851 MSHR_MERGE:    1844059
cpu3->cpu3_L1D RFO          ACCESS:          0 HIT:          0 MISS:          0 MSHR_MERGE:          0
cpu3->cpu3_L1D PREFETCH     ACCESS:          0 HIT:          0 MISS:          0 MSHR_MERGE:          0
cpu3->cpu3_L1D WRITE        ACCESS:       4927 HIT:       3884 MISS:       1043 MSHR_MERGE:        450
cpu3->cpu3_L1D TRANSLATION  ACCESS:          0 HIT:          0 MISS:          0 MSHR_MERGE:          0
cpu3->cpu3_L1D PREFETCH REQUESTED:          0 ISSUED:          0 USEFUL:          0 USELESS:          0
cpu3->cpu3_L1D AVERAGE MISS LATENCY: 8.756 cycles
cpu3->cpu3_ITLB TOTAL        ACCESS:   15397274 HIT:   15397274 MISS:          0 MSHR_MERGE:          0
cpu3->cpu3_ITLB LOAD         ACCESS:   15397274 HIT:   15397274 MISS:          0 MSHR_MERGE:          0
cpu3->cpu3_ITLB RFO          ACCESS:          0 HIT:          0 MISS:          0 MSHR_MERGE:          0
cpu3->cpu3_ITLB PREFETCH     ACCESS:          0 HIT:          0 MISS:          0 MSHR_MERGE:          0
cpu3->cpu3_ITLB WRITE        ACCESS:          0 HIT:          0 MISS:          0 MSHR_MERGE:          0
cpu3->cpu3_ITLB TRANSLATION  ACCESS:          0 HIT:          0 MISS:          0 MSHR_MERGE:          0
cpu3->cpu3_ITLB PREFETCH REQUESTED:          0 ISSUED:          0 USEFUL:          0 USELESS:          0
cpu3->cpu3_ITLB AVERAGE MISS LATENCY: - cycles
cpu3->cpu3_DTLB TOTAL        ACCESS:   11151688 HIT:   11151688 MISS:          0 MSHR_MERGE:          0
cpu3->cpu3_DTLB LOAD         ACCESS:   11151688 HIT:   11151688 MISS:          0 MSHR_MERGE:          0
cpu3->cpu3_DTLB RFO          ACCESS:          0 HIT:          0 MISS:          0 MSHR_MERGE:          0
cpu3->cpu3_DTLB PREFETCH     ACCESS:          0 HIT:          0 MISS:          0 MSHR_MERGE:          0
cpu3->cpu3_DTLB WRITE        ACCESS:          0 HIT:          0 MISS:          0 MSHR_MERGE:          0
cpu3->cpu3_DTLB TRANSLATION  ACCESS:          0 HIT:          0 MISS:          0 MSHR_MERGE:          0
cpu3->cpu3_DTLB PREFETCH REQUESTED:          0 ISSUED:          0 USEFUL:          0 USELESS:          0
cpu3->cpu3_DTLB AVERAGE MISS LATENCY: - cycles
cpu2->cpu2_L2C TOTAL        ACCESS:     891895 HIT:     887987 MISS:       3908 MSHR_MERGE:          0
cpu2->cpu2_L2C LOAD         ACCESS:     889872 HIT:     885999 MISS:       3873 MSHR_MERGE:          0
cpu2->cpu2_L2C RFO          ACCESS:        593 HIT:        558 MISS:         35 MSHR_MERGE:          0
cpu2->cpu2_L2C PREFETCH     ACCESS:          0 HIT:          0 MISS:          0 MSHR_MERGE:          0
cpu2->cpu2_L2C WRITE        ACCESS:       1430 HIT:       1430 MISS:          0 MSHR_MERGE:          0
cpu2->cpu2_L2C TRANSLATION  ACCESS:          0 HIT:          0 MISS:          0 MSHR_MERGE:          0
cpu2->cpu2_L2C PREFETCH REQUESTED:          0 ISSUED:          0 USEFUL:          0 USELESS:          0
cpu2->cpu2_L2C AVERAGE MISS LATENCY: 171.4 cycles
cpu2->cpu2_L1I TOTAL        ACCESS:   19813324 HIT:   19813324 MISS:          0 MSHR_MERGE:          0
cpu2->cpu2_L1I LOAD         ACCESS:   19813324 HIT:   19813324 MISS:          0 MSHR_MERGE:          0
cpu2->cpu2_L1I RFO          ACCESS:          0 HIT:          0 MISS:          0 MSHR_MERGE:          0
cpu2->cpu2_L1I PREFETCH     ACCESS:          0 HIT:          0 MISS:          0 MSHR_MERGE:          0
cpu2->cpu2_L1I WRITE        ACCESS:          0 HIT:          0 MISS:          0 MSHR_MERGE:          0
cpu2->cpu2_L1I TRANSLATION  ACCESS:          0 HIT:          0 MISS:          0 MSHR_MERGE:          0
cpu2->cpu2_L1I PREFETCH REQUESTED:          0 ISSUED:          0 USEFUL:          0 USELESS:          0
cpu2->cpu2_L1I AVERAGE MISS LATENCY: - cycles
cpu2->cpu2_L1D TOTAL        ACCESS:   11149803 HIT:    8429295 MISS:    2720508 MSHR_MERGE:    1830043
cpu2->cpu2_L1D LOAD         ACCESS:   11144855 HIT:    8425396 MISS:    2719459 MSHR_MERGE:    1829587
cpu2->cpu2_L1D RFO          ACCESS:          0 HIT:          0 MISS:          0 MSHR_MERGE:          0
cpu2->cpu2_L1D PREFETCH     ACCESS:          0 HIT:          0 MISS:          0 MSHR_MERGE:          0
cpu2->cpu2_L1D WRITE        ACCESS:       4948 HIT:       3899 MISS:       1049 MSHR_MERGE:        456
cpu2->cpu2_L1D TRANSLATION  ACCESS:          0 HIT:          0 MISS:          0 MSHR_MERGE:          0
cpu2->cpu2_L1D PREFETCH REQUESTED:          0 ISSUED:          0 USEFUL:          0 USELESS:          0
cpu2->cpu2_L1D AVERAGE MISS LATENCY: 8.757 cycles
cpu2->cpu2_ITLB TOTAL        ACCESS:   15370239 HIT:   15370239 MISS:          0 MSHR_MERGE:          0
cpu2->cpu2_ITLB LOAD         ACCESS:   15370239 HIT:   15370239 MISS:          0 MSHR_MERGE:          0
cpu2->cpu2_ITLB RFO          ACCESS:          0 HIT:          0 MISS:          0 MSHR_MERGE:          0
cpu2->cpu2_ITLB PREFETCH     ACCESS:          0 HIT:          0 MISS:          0 MSHR_MERGE:          0
cpu2->cpu2_ITLB WRITE        ACCESS:          0 HIT:          0 MISS:          0 MSHR_MERGE:          0
cpu2->cpu2_ITLB TRANSLATION  ACCESS:          0 HIT:          0 MISS:          0 MSHR_MERGE:          0
cpu2->cpu2_ITLB PREFETCH REQUESTED:          0 ISSUED:          0 USEFUL:          0 USELESS:          0
cpu2->cpu2_ITLB AVERAGE MISS LATENCY: - cycles
cpu2->cpu2_DTLB TOTAL        ACCESS:   11131722 HIT:   11131722 MISS:          0 MSHR_MERGE:          0
cpu2->cpu2_DTLB LOAD         ACCESS:   11131722 HIT:   11131722 MISS:          0 MSHR_MERGE:          0
cpu2->cpu2_DTLB RFO          ACCESS:          0 HIT:          0 MISS:          0 MSHR_MERGE:          0
cpu2->cpu2_DTLB PREFETCH     ACCESS:          0 HIT:          0 MISS:          0 MSHR_MERGE:          0
cpu2->cpu2_DTLB WRITE        ACCESS:          0 HIT:          0 MISS:          0 MSHR_MERGE:          0
cpu2->cpu2_DTLB TRANSLATION  ACCESS:          0 HIT:          0 MISS:          0 MSHR_MERGE:          0
cpu2->cpu2_DTLB PREFETCH REQUESTED:          0 ISSUED:          0 USEFUL:          0 USELESS:          0
cpu2->cpu2_DTLB AVERAGE MISS LATENCY: - cycles
cpu1->cpu1_L2C TOTAL        ACCESS:     892266 HIT:     888356 MISS:       3910 MSHR_MERGE:          0
cpu1->cpu1_L2C LOAD         ACCESS:     890238 HIT:     886363 MISS:       3875 MSHR_MERGE:          0
cpu1->cpu1_L2C RFO          ACCESS:        593 HIT:        558 MISS:         35 MSHR_MERGE:          0
cpu1->cpu1_L2C PREFETCH     ACCESS:          0 HIT:          0 MISS:          0 MSHR_MERGE:          0
cpu1->cpu1_L2C WRITE        ACCESS:       1435 HIT:       1435 MISS:          0 MSHR_MERGE:          0
cpu1->cpu1_L2C TRANSLATION  ACCESS:          0 HIT:          0 MISS:          0 MSHR_MERGE:          0
cpu1->cpu1_L2C PREFETCH REQUESTED:          0 ISSUED:          0 USEFUL:          0 USELESS:          0
cpu1->cpu1_L2C AVERAGE MISS LATENCY: 171.3 cycles
cpu1->cpu1_L1I TOTAL        ACCESS:   19821610 HIT:   19821610 MISS:          0 MSHR_MERGE:          0
cpu1->cpu1_L1I LOAD         ACCESS:   19821610 HIT:   19821610 MISS:          0 MSHR_MERGE:          0
cpu1->cpu1_L1I RFO          ACCESS:          0 HIT:          0 MISS:          0 MSHR_MERGE:          0
cpu1->cpu1_L1I PREFETCH     ACCESS:          0 HIT:          0 MISS:          0 MSHR_MERGE:          0
cpu1->cpu1_L1I WRITE        ACCESS:          0 HIT:          0 MISS:          0 MSHR_MERGE:          0
cpu1->cpu1_L1I TRANSLATION  ACCESS:          0 HIT:          0 MISS:          0 MSHR_MERGE:          0
cpu1->cpu1_L1I PREFETCH REQUESTED:          0 ISSUED:          0 USEFUL:          0 USELESS:          0
cpu1->cpu1_L1I AVERAGE MISS LATENCY: - cycles
cpu1->cpu1_L1D TOTAL        ACCESS:   11157889 HIT:    8438358 MISS:    2719531 MSHR_MERGE:    1828700
cpu1->cpu1_L1D LOAD         ACCESS:   11152939 HIT:    8434471 MISS:    2718468 MSHR_MERGE:    1828230
cpu1->cpu1_L1D RFO          ACCESS:          0 HIT:          0 MISS:          0 MSHR_MERGE:          0
cpu1->cpu1_L1D PREFETCH     ACCESS:          0 HIT:          0 MISS:          0 MSHR_MERGE:          0
cpu1->cpu1_L1D WRITE        ACCESS:       4950 HIT:       3887 MISS:       1063 MSHR_MERGE:        470
cpu1->cpu1_L1D TRANSLATION  ACCESS:          0 HIT:          0 MISS:          0 MSHR_MERGE:          0
cpu1->cpu1_L1D PREFETCH REQUESTED:          0 ISSUED:          0 USEFUL:          0 USELESS:          0
cpu1->cpu1_L1D AVERAGE MISS LATENCY: 8.756 cycles
cpu1->cpu1_ITLB TOTAL        ACCESS:   15388251 HIT:   15388251 MISS:          0 MSHR_MERGE:          0
cpu1->cpu1_ITLB LOAD         ACCESS:   15388251 HIT:   15388251 MISS:          0 MSHR_MERGE:          0
cpu1->cpu1_ITLB RFO          ACCESS:          0 HIT:          0 MISS:          0 MSHR_MERGE:          0
cpu1->cpu1_ITLB PREFETCH     ACCESS:          0 HIT:          0 MISS:          0 MSHR_MERGE:          0
cpu1->cpu1_ITLB WRITE        ACCESS:          0 HIT:          0 MISS:          0 MSHR_MERGE:          0
cpu1->cpu1_ITLB TRANSLATION  ACCESS:          0 HIT:          0 MISS:          0 MSHR_MERGE:          0
cpu1->cpu1_ITLB PREFETCH REQUESTED:          0 ISSUED:          0 USEFUL:          0 USELESS:          0
cpu1->cpu1_ITLB AVERAGE MISS LATENCY: - cycles
cpu1->cpu1_DTLB TOTAL        ACCESS:   11131911 HIT:   11131911 MISS:          0 MSHR_MERGE:          0
cpu1->cpu1_DTLB LOAD         ACCESS:   11131911 HIT:   11131911 MISS:          0 MSHR_MERGE:          0
cpu1->cpu1_DTLB RFO          ACCESS:          0 HIT:          0 MISS:          0 MSHR_MERGE:          0
cpu1->cpu1_DTLB PREFETCH     ACCESS:          0 HIT:          0 MISS:          0 MSHR_MERGE:          0
cpu1->cpu1_DTLB WRITE        ACCESS:          0 HIT:          0 MISS:          0 MSHR_MERGE:          0
cpu1->cpu1_DTLB TRANSLATION  ACCESS:          0 HIT:          0 MISS:          0 MSHR_MERGE:          0
cpu1->cpu1_DTLB PREFETCH REQUESTED:          0 ISSUED:          0 USEFUL:          0 USELESS:          0
cpu1->cpu1_DTLB AVERAGE MISS LATENCY: - cycles
cpu0->cpu0_L2C TOTAL        ACCESS:     891733 HIT:     887826 MISS:       3907 MSHR_MERGE:          0
cpu0->cpu0_L2C LOAD         ACCESS:     889710 HIT:     885838 MISS:       3872 MSHR_MERGE:          0
cpu0->cpu0_L2C RFO          ACCESS:        593 HIT:        558 MISS:         35 MSHR_MERGE:          0
cpu0->cpu0_L2C PREFETCH     ACCESS:          0 HIT:          0 MISS:          0 MSHR_MERGE:          0
cpu0->cpu0_L2C WRITE        ACCESS:       1430 HIT:       1430 MISS:          0 MSHR_MERGE:          0
cpu0->cpu0_L2C TRANSLATION  ACCESS:          0 HIT:          0 MISS:          0 MSHR_MERGE:          0
cpu0->cpu0_L2C PREFETCH REQUESTED:          0 ISSUED:          0 USEFUL:          0 USELESS:          0
cpu0->cpu0_L2C AVERAGE MISS LATENCY: 171.4 cycles
cpu0->cpu0_L1I TOTAL        ACCESS:   19820274 HIT:   19820274 MISS:          0 MSHR_MERGE:          0
cpu0->cpu0_L1I LOAD         ACCESS:   19820274 HIT:   19820274 MISS:          0 MSHR_MERGE:          0
cpu0->cpu0_L1I RFO          ACCESS:          0 HIT:          0 MISS:          0 MSHR_MERGE:          0
cpu0->cpu0_L1I PREFETCH     ACCESS:          0 HIT:          0 MISS:          0 MSHR_MERGE:          0
cpu0->cpu0_L1I WRITE        ACCESS:          0 HIT:          0 MISS:          0 MSHR_MERGE:          0
cpu0->cpu0_L1I TRANSLATION  ACCESS:          0 HIT:          0 MISS:          0 MSHR_MERGE:          0
cpu0->cpu0_L1I PREFETCH REQUESTED:          0 ISSUED:          0 USEFUL:          0 USELESS:          0
cpu0->cpu0_L1I AVERAGE MISS LATENCY: - cycles
cpu0->cpu0_L1D TOTAL        ACCESS:   11151023 HIT:    8415634 MISS:    2735389 MSHR_MERGE:    1845086
cpu0->cpu0_L1D LOAD         ACCESS:   11146093 HIT:    8411748 MISS:    2734345 MSHR_MERGE:    1844635
cpu0->cpu0_L1D RFO          ACCESS:          0 HIT:          0 MISS:          0 MSHR_MERGE:          0
cpu0->cpu0_L1D PREFETCH     ACCESS:          0 HIT:          0 MISS:          0 MSHR_MERGE:          0
cpu0->cpu0_L1D WRITE        ACCESS:       4930 HIT:       3886 MISS:       1044 MSHR_MERGE:        451
cpu0->cpu0_L1D TRANSLATION  ACCESS:          0 HIT:          0 MISS:          0 MSHR_MERGE:          0
cpu0->cpu0_L1D PREFETCH REQUESTED:          0 ISSUED:          0 USEFUL:          0 USELESS:          0
cpu0->cpu0_L1D AVERAGE MISS LATENCY: 8.756 cycles
cpu0->cpu0_ITLB TOTAL        ACCESS:   15396439 HIT:   15396439 MISS:          0 MSHR_MERGE:          0
cpu0->cpu0_ITLB LOAD         ACCESS:   15396439 HIT:   15396439 MISS:          0 MSHR_MERGE:          0
cpu0->cpu0_ITLB RFO          ACCESS:          0 HIT:          0 MISS:          0 MSHR_MERGE:          0
cpu0->cpu0_ITLB PREFETCH     ACCESS:          0 HIT:          0 MISS:          0 MSHR_MERGE:          0
cpu0->cpu0_ITLB WRITE        ACCESS:          0 HIT:          0 MISS:          0 MSHR_MERGE:          0
cpu0->cpu0_ITLB TRANSLATION  ACCESS:          0 HIT:          0 MISS:          0 MSHR_MERGE:          0
cpu0->cpu0_ITLB PREFETCH REQUESTED:          0 ISSUED:          0 USEFUL:          0 USELESS:          0
cpu0->cpu0_ITLB AVERAGE MISS LATENCY: - cycles
cpu0->cpu0_DTLB TOTAL        ACCESS:   11150129 HIT:   11150129 MISS:          0 MSHR_MERGE:          0
cpu0->cpu0_DTLB LOAD         ACCESS:   11150129 HIT:   11150129 MISS:          0 MSHR_MERGE:          0
cpu0->cpu0_DTLB RFO          ACCESS:          0 HIT:          0 MISS:          0 MSHR_MERGE:          0
cpu0->cpu0_DTLB PREFETCH     ACCESS:          0 HIT:          0 MISS:          0 MSHR_MERGE:          0
cpu0->cpu0_DTLB WRITE        ACCESS:          0 HIT:          0 MISS:          0 MSHR_MERGE:          0
cpu0->cpu0_DTLB TRANSLATION  ACCESS:          0 HIT:          0 MISS:          0 MSHR_MERGE:          0
cpu0->cpu0_DTLB PREFETCH REQUESTED:          0 ISSUED:          0 USEFUL:          0 USELESS:          0
cpu0->cpu0_DTLB AVERAGE MISS LATENCY: - cycles
cpu0->LLC TOTAL        ACCESS:       3916 HIT:          9 MISS:       3907 MSHR_MERGE:          0
cpu0->LLC LOAD         ACCESS:       3872 HIT:          0 MISS:       3872 MSHR_MERGE:          0
cpu0->LLC RFO          ACCESS:         35 HIT:          0 MISS:         35 MSHR_MERGE:          0
cpu0->LLC PREFETCH     ACCESS:          0 HIT:          0 MISS:          0 MSHR_MERGE:          0
cpu0->LLC WRITE        ACCESS:          9 HIT:          9 MISS:          0 MSHR_MERGE:          0
cpu0->LLC TRANSLATION  ACCESS:          0 HIT:          0 MISS:          0 MSHR_MERGE:          0
cpu0->LLC PREFETCH REQUESTED:          0 ISSUED:          0 USEFUL:          0 USELESS:          0
cpu0->LLC AVERAGE MISS LATENCY: 1243 cycles
cpu1->LLC TOTAL        ACCESS:       3919 HIT:          9 MISS:       3910 MSHR_MERGE:          0
cpu1->LLC LOAD         ACCESS:       3875 HIT:          0 MISS:       3875 MSHR_MERGE:          0
cpu1->LLC RFO          ACCESS:         35 HIT:          0 MISS:         35 MSHR_MERGE:          0
cpu1->LLC PREFETCH     ACCESS:          0 HIT:          0 MISS:          0 MSHR_MERGE:          0
cpu1->LLC WRITE        ACCESS:          9 HIT:          9 MISS:          0 MSHR_MERGE:          0
cpu1->LLC TRANSLATION  ACCESS:          0 HIT:          0 MISS:          0 MSHR_MERGE:          0
cpu1->LLC PREFETCH REQUESTED:          0 ISSUED:          0 USEFUL:          0 USELESS:          0
cpu1->LLC AVERAGE MISS LATENCY: 1242 cycles
cpu2->LLC TOTAL        ACCESS:       3917 HIT:          9 MISS:       3908 MSHR_MERGE:          0
cpu2->LLC LOAD         ACCESS:       3873 HIT:          0 MISS:       3873 MSHR_MERGE:          0
cpu2->LLC RFO          ACCESS:         35 HIT:          0 MISS:         35 MSHR_MERGE:          0
cpu2->LLC PREFETCH     ACCESS:          0 HIT:          0 MISS:          0 MSHR_MERGE:          0
cpu2->LLC WRITE        ACCESS:          9 HIT:          9 MISS:          0 MSHR_MERGE:          0
cpu2->LLC TRANSLATION  ACCESS:          0 HIT:          0 MISS:          0 MSHR_MERGE:          0
cpu2->LLC PREFETCH REQUESTED:          0 ISSUED:          0 USEFUL:          0 USELESS:          0
cpu2->LLC AVERAGE MISS LATENCY: 1243 cycles
cpu3->LLC TOTAL        ACCESS:       3917 HIT:          9 MISS:       3908 MSHR_MERGE:          0
cpu3->LLC LOAD         ACCESS:       3873 HIT:          0 MISS:       3873 MSHR_MERGE:          0
cpu3->LLC RFO          ACCESS:         35 HIT:          0 MISS:         35 MSHR_MERGE:          0
cpu3->LLC PREFETCH     ACCESS:          0 HIT:          0 MISS:          0 MSHR_MERGE:          0
cpu3->LLC WRITE        ACCESS:          9 HIT:          9 MISS:          0 MSHR_MERGE:          0
cpu3->LLC TRANSLATION  ACCESS:          0 HIT:          0 MISS:          0 MSHR_MERGE:          0
cpu3->LLC PREFETCH REQUESTED:          0 ISSUED:          0 USEFUL:          0 USELESS:          0
cpu3->LLC AVERAGE MISS LATENCY: 1243 cycles
cpu4->LLC TOTAL        ACCESS:       3917 HIT:          9 MISS:       3908 MSHR_MERGE:          0
cpu4->LLC LOAD         ACCESS:       3873 HIT:          0 MISS:       3873 MSHR_MERGE:          0
cpu4->LLC RFO          ACCESS:         35 HIT:          0 MISS:         35 MSHR_MERGE:          0
cpu4->LLC PREFETCH     ACCESS:          0 HIT:          0 MISS:          0 MSHR_MERGE:          0
cpu4->LLC WRITE        ACCESS:          9 HIT:          9 MISS:          0 MSHR_MERGE:          0
cpu4->LLC TRANSLATION  ACCESS:          0 HIT:          0 MISS:          0 MSHR_MERGE:          0
cpu4->LLC PREFETCH REQUESTED:          0 ISSUED:          0 USEFUL:          0 USELESS:          0
cpu4->LLC AVERAGE MISS LATENCY: 1243 cycles
cpu5->LLC TOTAL        ACCESS:       3917 HIT:          9 MISS:       3908 MSHR_MERGE:          0
cpu5->LLC LOAD         ACCESS:       3873 HIT:          0 MISS:       3873 MSHR_MERGE:          0
cpu5->LLC RFO          ACCESS:         35 HIT:          0 MISS:         35 MSHR_MERGE:          0
cpu5->LLC PREFETCH     ACCESS:          0 HIT:          0 MISS:          0 MSHR_MERGE:          0
cpu5->LLC WRITE        ACCESS:          9 HIT:          9 MISS:          0 MSHR_MERGE:          0
cpu5->LLC TRANSLATION  ACCESS:          0 HIT:          0 MISS:          0 MSHR_MERGE:          0
cpu5->LLC PREFETCH REQUESTED:          0 ISSUED:          0 USEFUL:          0 USELESS:          0
cpu5->LLC AVERAGE MISS LATENCY: 1243 cycles
cpu6->LLC TOTAL        ACCESS:       3917 HIT:          9 MISS:       3908 MSHR_MERGE:          0
cpu6->LLC LOAD         ACCESS:       3873 HIT:          0 MISS:       3873 MSHR_MERGE:          0
cpu6->LLC RFO          ACCESS:         35 HIT:          0 MISS:         35 MSHR_MERGE:          0
cpu6->LLC PREFETCH     ACCESS:          0 HIT:          0 MISS:          0 MSHR_MERGE:          0
cpu6->LLC WRITE        ACCESS:          9 HIT:          9 MISS:          0 MSHR_MERGE:          0
cpu6->LLC TRANSLATION  ACCESS:          0 HIT:          0 MISS:          0 MSHR_MERGE:          0
cpu6->LLC PREFETCH REQUESTED:          0 ISSUED:          0 USEFUL:          0 USELESS:          0
cpu6->LLC AVERAGE MISS LATENCY: 1243 cycles
cpu7->LLC TOTAL        ACCESS:       3915 HIT:          9 MISS:       3906 MSHR_MERGE:          0
cpu7->LLC LOAD         ACCESS:       3871 HIT:          0 MISS:       3871 MSHR_MERGE:          0
cpu7->LLC RFO          ACCESS:         35 HIT:          0 MISS:         35 MSHR_MERGE:          0
cpu7->LLC PREFETCH     ACCESS:          0 HIT:          0 MISS:          0 MSHR_MERGE:          0
cpu7->LLC WRITE        ACCESS:          9 HIT:          9 MISS:          0 MSHR_MERGE:          0
cpu7->LLC TRANSLATION  ACCESS:          0 HIT:          0 MISS:          0 MSHR_MERGE:          0
cpu7->LLC PREFETCH REQUESTED:          0 ISSUED:          0 USEFUL:          0 USELESS:          0
cpu7->LLC AVERAGE MISS LATENCY: 1243 cycles

Region of Interest Statistics

CPU 7 cumulative IPC: 3.448 instructions: 100000004 cycles: 29000963
CPU 7 Branch Prediction Accuracy: 100% MPKI: 0 Average ROB Occupancy at Mispredict: -
Branch type MPKI
BRANCH_DIRECT_JUMP: 0
BRANCH_INDIRECT: 0
BRANCH_CONDITIONAL: 0
BRANCH_DIRECT_CALL: 0
BRANCH_INDIRECT_CALL: 0
BRANCH_RETURN: 0


CPU 6 cumulative IPC: 3.45 instructions: 100000004 cycles: 28989676
CPU 6 Branch Prediction Accuracy: 100% MPKI: 0 Average ROB Occupancy at Mispredict: -
Branch type MPKI
BRANCH_DIRECT_JUMP: 0
BRANCH_INDIRECT: 0
BRANCH_CONDITIONAL: 0
BRANCH_DIRECT_CALL: 0
BRANCH_INDIRECT_CALL: 0
BRANCH_RETURN: 0


CPU 5 cumulative IPC: 3.45 instructions: 100000004 cycles: 28984901
CPU 5 Branch Prediction Accuracy: 100% MPKI: 0 Average ROB Occupancy at Mispredict: -
Branch type MPKI
BRANCH_DIRECT_JUMP: 0
BRANCH_INDIRECT: 0
BRANCH_CONDITIONAL: 0
BRANCH_DIRECT_CALL: 0
BRANCH_INDIRECT_CALL: 0
BRANCH_RETURN: 0


CPU 4 cumulative IPC: 3.45 instructions: 100000000 cycles: 28983671
CPU 4 Branch Prediction Accuracy: 100% MPKI: 0 Average ROB Occupancy at Mispredict: -
Branch type MPKI
BRANCH_DIRECT_JUMP: 0
BRANCH_INDIRECT: 0
BRANCH_CONDITIONAL: 0
BRANCH_DIRECT_CALL: 0
BRANCH_INDIRECT_CALL: 0
BRANCH_RETURN: 0


CPU 3 cumulative IPC: 3.45 instructions: 100000003 cycles: 28988024
CPU 3 Branch Prediction Accuracy: 100% MPKI: 0 Average ROB Occupancy at Mispredict: -
Branch type MPKI
BRANCH_DIRECT_JUMP: 0
BRANCH_INDIRECT: 0
BRANCH_CONDITIONAL: 0
BRANCH_DIRECT_CALL: 0
BRANCH_INDIRECT_CALL: 0
BRANCH_RETURN: 0


CPU 2 cumulative IPC: 3.45 instructions: 100000000 cycles: 28985429
CPU 2 Branch Prediction Accuracy: 100% MPKI: 0 Average ROB Occupancy at Mispredict: -
Branch type MPKI
BRANCH_DIRECT_JUMP: 0
BRANCH_INDIRECT: 0
BRANCH_CONDITIONAL: 0
BRANCH_DIRECT_CALL: 0
BRANCH_INDIRECT_CALL: 0
BRANCH_RETURN: 0


CPU 1 cumulative IPC: 3.451 instructions: 100000001 cycles: 28973295
CPU 1 Branch Prediction Accuracy: 100% MPKI: 0 Average ROB Occupancy at Mispredict: -
Branch type MPKI
BRANCH_DIRECT_JUMP: 0
BRANCH_INDIRECT: 0
BRANCH_CONDITIONAL: 0
BRANCH_DIRECT_CALL: 0
BRANCH_INDIRECT_CALL: 0
BRANCH_RETURN: 0


CPU 0 cumulative IPC: 3.449 instructions: 100000003 cycles: 28990836
CPU 0 Branch Prediction Accuracy: 100% MPKI: 0 Average ROB Occupancy at Mispredict: -
Branch type MPKI
BRANCH_DIRECT_JUMP: 0
BRANCH_INDIRECT: 0
BRANCH_CONDITIONAL: 0
BRANCH_DIRECT_CALL: 0
BRANCH_INDIRECT_CALL: 0
BRANCH_RETURN: 0

cpu7->cpu7_L2C TOTAL        ACCESS:     891427 HIT:     887521 MISS:       3906 MSHR_MERGE:          0
cpu7->cpu7_L2C LOAD         ACCESS:     889404 HIT:     885533 MISS:       3871 MSHR_MERGE:          0
cpu7->cpu7_L2C RFO          ACCESS:        593 HIT:        558 MISS:         35 MSHR_MERGE:          0
cpu7->cpu7_L2C PREFETCH     ACCESS:          0 HIT:          0 MISS:          0 MSHR_MERGE:          0
cpu7->cpu7_L2C WRITE        ACCESS:       1430 HIT:       1430 MISS:          0 MSHR_MERGE:          0
cpu7->cpu7_L2C TRANSLATION  ACCESS:          0 HIT:          0 MISS:          0 MSHR_MERGE:          0
cpu7->cpu7_L2C PREFETCH REQUESTED:          0 ISSUED:          0 USEFUL:          0 USELESS:          0
cpu7->cpu7_L2C AVERAGE MISS LATENCY: 171.5 cycles
cpu7->cpu7_L1I TOTAL        ACCESS:   19808602 HIT:   19808602 MISS:          0 MSHR_MERGE:          0
cpu7->cpu7_L1I LOAD         ACCESS:   19808602 HIT:   19808602 MISS:          0 MSHR_MERGE:          0
cpu7->cpu7_L1I RFO          ACCESS:          0 HIT:          0 MISS:          0 MSHR_MERGE:          0
cpu7->cpu7_L1I PREFETCH     ACCESS:          0 HIT:          0 MISS:          0 MSHR_MERGE:          0
cpu7->cpu7_L1I WRITE        ACCESS:          0 HIT:          0 MISS:          0 MSHR_MERGE:          0
cpu7->cpu7_L1I TRANSLATION  ACCESS:          0 HIT:          0 MISS:          0 MSHR_MERGE:          0
cpu7->cpu7_L1I PREFETCH REQUESTED:          0 ISSUED:          0 USEFUL:          0 USELESS:          0
cpu7->cpu7_L1I AVERAGE MISS LATENCY: - cycles
cpu7->cpu7_L1D TOTAL        ACCESS:   11127344 HIT:    8407555 MISS:    2719789 MSHR_MERGE:    1829791
cpu7->cpu7_L1D LOAD         ACCESS:   11122398 HIT:    8403663 MISS:    2718735 MSHR_MERGE:    1829330
cpu7->cpu7_L1D RFO          ACCESS:          0 HIT:          0 MISS:          0 MSHR_MERGE:          0
cpu7->cpu7_L1D PREFETCH     ACCESS:          0 HIT:          0 MISS:          0 MSHR_MERGE:          0
cpu7->cpu7_L1D WRITE        ACCESS:       4946 HIT:       3892 MISS:       1054 MSHR_MERGE:        461
cpu7->cpu7_L1D TRANSLATION  ACCESS:          0 HIT:          0 MISS:          0 MSHR_MERGE:          0
cpu7->cpu7_L1D PREFETCH REQUESTED:          0 ISSUED:          0 USEFUL:          0 USELESS:          0
cpu7->cpu7_L1D AVERAGE MISS LATENCY: 8.757 cycles
cpu7->cpu7_ITLB TOTAL        ACCESS:   15353754 HIT:   15353754 MISS:          0 MSHR_MERGE:          0
cpu7->cpu7_ITLB LOAD         ACCESS:   15353754 HIT:   15353754 MISS:          0 MSHR_MERGE:          0
cpu7->cpu7_ITLB RFO          ACCESS:          0 HIT:          0 MISS:          0 MSHR_MERGE:          0
cpu7->cpu7_ITLB PREFETCH     ACCESS:          0 HIT:          0 MISS:          0 MSHR_MERGE:          0
cpu7->cpu7_ITLB WRITE        ACCESS:          0 HIT:          0 MISS:          0 MSHR_MERGE:          0
cpu7->cpu7_ITLB TRANSLATION  ACCESS:          0 HIT:          0 MISS:          0 MSHR_MERGE:          0
cpu7->cpu7_ITLB PREFETCH REQUESTED:          0 ISSUED:          0 USEFUL:          0 USELESS:          0
cpu7->cpu7_ITLB AVERAGE MISS LATENCY: - cycles
cpu7->cpu7_DTLB TOTAL        ACCESS:   11113935 HIT:   11113935 MISS:          0 MSHR_MERGE:          0
cpu7->cpu7_DTLB LOAD         ACCESS:   11113935 HIT:   11113935 MISS:          0 MSHR_MERGE:          0
cpu7->cpu7_DTLB RFO          ACCESS:          0 HIT:          0 MISS:          0 MSHR_MERGE:          0
cpu7->cpu7_DTLB PREFETCH     ACCESS:          0 HIT:          0 MISS:          0 MSHR_MERGE:          0
cpu7->cpu7_DTLB WRITE        ACCESS:          0 HIT:          0 MISS:          0 MSHR_MERGE:          0
cpu7->cpu7_DTLB TRANSLATION  ACCESS:          0 HIT:          0 MISS:          0 MSHR_MERGE:          0
cpu7->cpu7_DTLB PREFETCH REQUESTED:          0 ISSUED:          0 USEFUL:          0 USELESS:          0
cpu7->cpu7_DTLB AVERAGE MISS LATENCY: - cycles
cpu6->cpu6_L2C TOTAL        ACCESS:     891771 HIT:     887863 MISS:       3908 MSHR_MERGE:          0
cpu6->cpu6_L2C LOAD         ACCESS:     889748 HIT:     885875 MISS:       3873 MSHR_MERGE:          0
cpu6->cpu6_L2C RFO          ACCESS:        593 HIT:        558 MISS:         35 MSHR_MERGE:          0
cpu6->cpu6_L2C PREFETCH     ACCESS:          0 HIT:          0 MISS:          0 MSHR_MERGE:          0
cpu6->cpu6_L2C WRITE        ACCESS:       1430 HIT:       1430 MISS:          0 MSHR_MERGE:          0
cpu6->cpu6_L2C TRANSLATION  ACCESS:          0 HIT:          0 MISS:          0 MSHR_MERGE:          0
cpu6->cpu6_L2C PREFETCH REQUESTED:          0 ISSUED:          0 USEFUL:          0 USELESS:          0
cpu6->cpu6_L2C AVERAGE MISS LATENCY: 171.3 cycles
cpu6->cpu6_L1I TOTAL        ACCESS:   19799657 HIT:   19799657 MISS:          0 MSHR_MERGE:          0
cpu6->cpu6_L1I LOAD         ACCESS:   19799657 HIT:   19799657 MISS:          0 MSHR_MERGE:          0
cpu6->cpu6_L1I RFO          ACCESS:          0 HIT:          0 MISS:          0 MSHR_MERGE:          0
cpu6->cpu6_L1I PREFETCH     ACCESS:          0 HIT:          0 MISS:          0 MSHR_MERGE:          0
cpu6->cpu6_L1I WRITE        ACCESS:          0 HIT:          0 MISS:          0 MSHR_MERGE:          0
cpu6->cpu6_L1I TRANSLATION  ACCESS:          0 HIT:          0 MISS:          0 MSHR_MERGE:          0
cpu6->cpu6_L1I PREFETCH REQUESTED:          0 ISSUED:          0 USEFUL:          0 USELESS:          0
cpu6->cpu6_L1I AVERAGE MISS LATENCY: - cycles
cpu6->cpu6_L1D TOTAL        ACCESS:   11136450 HIT:    8413430 MISS:    2723020 MSHR_MERGE:    1832679
cpu6->cpu6_L1D LOAD         ACCESS:   11131505 HIT:    8409534 MISS:    2721971 MSHR_MERGE:    1832223
cpu6->cpu6_L1D RFO          ACCESS:          0 HIT:          0 MISS:          0 MSHR_MERGE:          0
cpu6->cpu6_L1D PREFETCH     ACCESS:          0 HIT:          0 MISS:          0 MSHR_MERGE:          0
cpu6->cpu6_L1D WRITE        ACCESS:       4945 HIT:       3896 MISS:       1049 MSHR_MERGE:        456
cpu6->cpu6_L1D TRANSLATION  ACCESS:          0 HIT:          0 MISS:          0 MSHR_MERGE:          0
cpu6->cpu6_L1D PREFETCH REQUESTED:          0 ISSUED:          0 USEFUL:          0 USELESS:          0
cpu6->cpu6_L1D AVERAGE MISS LATENCY: 8.756 cycles
cpu6->cpu6_ITLB TOTAL        ACCESS:   15353160 HIT:   15353160 MISS:          0 MSHR_MERGE:          0
cpu6->cpu6_ITLB LOAD         ACCESS:   15353160 HIT:   15353160 MISS:          0 MSHR_MERGE:          0
cpu6->cpu6_ITLB RFO          ACCESS:          0 HIT:          0 MISS:          0 MSHR_MERGE:          0
cpu6->cpu6_ITLB PREFETCH     ACCESS:          0 HIT:          0 MISS:          0 MSHR_MERGE:          0
cpu6->cpu6_ITLB WRITE        ACCESS:          0 HIT:          0 MISS:          0 MSHR_MERGE:          0
cpu6->cpu6_ITLB TRANSLATION  ACCESS:          0 HIT:          0 MISS:          0 MSHR_MERGE:          0
cpu6->cpu6_ITLB PREFETCH REQUESTED:          0 ISSUED:          0 USEFUL:          0 USELESS:          0
cpu6->cpu6_ITLB AVERAGE MISS LATENCY: - cycles
cpu6->cpu6_DTLB TOTAL        ACCESS:   11135563 HIT:   11135563 MISS:          0 MSHR_MERGE:          0
cpu6->cpu6_DTLB LOAD         ACCESS:   11135563 HIT:   11135563 MISS:          0 MSHR_MERGE:          0
cpu6->cpu6_DTLB RFO          ACCESS:          0 HIT:          0 MISS:          0 MSHR_MERGE:          0
cpu6->cpu6_DTLB PREFETCH     ACCESS:          0 HIT:          0 MISS:          0 MSHR_MERGE:          0
cpu6->cpu6_DTLB WRITE        ACCESS:          0 HIT:          0 MISS:          0 MSHR_MERGE:          0
cpu6->cpu6_DTLB TRANSLATION  ACCESS:          0 HIT:          0 MISS:          0 MSHR_MERGE:          0
cpu6->cpu6_DTLB PREFETCH REQUESTED:          0 ISSUED:          0 USEFUL:          0 USELESS:          0
cpu6->cpu6_DTLB AVERAGE MISS LATENCY: - cycles
cpu5->cpu5_L2C TOTAL        ACCESS:     891910 HIT:     888002 MISS:       3908 MSHR_MERGE:          0
cpu5->cpu5_L2C LOAD         ACCESS:     889887 HIT:     886014 MISS:       3873 MSHR_MERGE:          0
cpu5->cpu5_L2C RFO          ACCESS:        593 HIT:        558 MISS:         35 MSHR_MERGE:          0
cpu5->cpu5_L2C PREFETCH     ACCESS:          0 HIT:          0 MISS:          0 MSHR_MERGE:          0
cpu5->cpu5_L2C WRITE        ACCESS:       1430 HIT:       1430 MISS:          0 MSHR_MERGE:          0
cpu5->cpu5_L2C TRANSLATION  ACCESS:          0 HIT:          0 MISS:          0 MSHR_MERGE:          0
cpu5->cpu5_L2C PREFETCH REQUESTED:          0 ISSUED:          0 USEFUL:          0 USELESS:          0
cpu5->cpu5_L2C AVERAGE MISS LATENCY: 171.3 cycles
cpu5->cpu5_L1I TOTAL        ACCESS:   19814249 HIT:   19814249 MISS:          0 MSHR_MERGE:          0
cpu5->cpu5_L1I LOAD         ACCESS:   19814249 HIT:   19814249 MISS:          0 MSHR_MERGE:          0
cpu5->cpu5_L1I RFO          ACCESS:          0 HIT:          0 MISS:          0 MSHR_MERGE:          0
cpu5->cpu5_L1I PREFETCH     ACCESS:          0 HIT:          0 MISS:          0 MSHR_MERGE:          0
cpu5->cpu5_L1I WRITE        ACCESS:          0 HIT:          0 MISS:          0 MSHR_MERGE:          0
cpu5->cpu5_L1I TRANSLATION  ACCESS:          0 HIT:          0 MISS:          0 MSHR_MERGE:          0
cpu5->cpu5_L1I PREFETCH REQUESTED:          0 ISSUED:          0 USEFUL:          0 USELESS:          0
cpu5->cpu5_L1I AVERAGE MISS LATENCY: - cycles
cpu5->cpu5_L1D TOTAL        ACCESS:   11152514 HIT:    8430756 MISS:    2721758 MSHR_MERGE:    1831278
cpu5->cpu5_L1D LOAD         ACCESS:   11147576 HIT:    8426857 MISS:    2720719 MSHR_MERGE:    1830832
cpu5->cpu5_L1D RFO          ACCESS:          0 HIT:          0 MISS:          0 MSHR_MERGE:          0
cpu5->cpu5_L1D PREFETCH     ACCESS:          0 HIT:          0 MISS:          0 MSHR_MERGE:          0
cpu5->cpu5_L1D WRITE        ACCESS:       4938 HIT:       3899 MISS:       1039 MSHR_MERGE:        446
cpu5->cpu5_L1D TRANSLATION  ACCESS:          0 HIT:          0 MISS:          0 MSHR_MERGE:          0
cpu5->cpu5_L1D PREFETCH REQUESTED:          0 ISSUED:          0 USEFUL:          0 USELESS:          0
cpu5->cpu5_L1D AVERAGE MISS LATENCY: 8.752 cycles
cpu5->cpu5_ITLB TOTAL        ACCESS:   15360429 HIT:   15360429 MISS:          0 MSHR_MERGE:          0
cpu5->cpu5_ITLB LOAD         ACCESS:   15360429 HIT:   15360429 MISS:          0 MSHR_MERGE:          0
cpu5->cpu5_ITLB RFO          ACCESS:          0 HIT:          0 MISS:          0 MSHR_MERGE:          0
cpu5->cpu5_ITLB PREFETCH     ACCESS:          0 HIT:          0 MISS:          0 MSHR_MERGE:          0
cpu5->cpu5_ITLB WRITE        ACCESS:          0 HIT:          0 MISS:          0 MSHR_MERGE:          0
cpu5->cpu5_ITLB TRANSLATION  ACCESS:          0 HIT:          0 MISS:          0 MSHR_MERGE:          0
cpu5->cpu5_ITLB PREFETCH REQUESTED:          0 ISSUED:          0 USEFUL:          0 USELESS:          0
cpu5->cpu5_ITLB AVERAGE MISS LATENCY: - cycles
cpu5->cpu5_DTLB TOTAL        ACCESS:   11134639 HIT:   11134639 MISS:          0 MSHR_MERGE:          0
cpu5->cpu5_DTLB LOAD         ACCESS:   11134639 HIT:   11134639 MISS:          0 MSHR_MERGE:          0
cpu5->cpu5_DTLB RFO          ACCESS:          0 HIT:          0 MISS:          0 MSHR_MERGE:          0
cpu5->cpu5_DTLB PREFETCH     ACCESS:          0 HIT:          0 MISS:          0 MSHR_MERGE:          0
cpu5->cpu5_DTLB WRITE        ACCESS:          0 HIT:          0 MISS:          0 MSHR_MERGE:          0
cpu5->cpu5_DTLB TRANSLATION  ACCESS:          0 HIT:          0 MISS:          0 MSHR_MERGE:          0
cpu5->cpu5_DTLB PREFETCH REQUESTED:          0 ISSUED:          0 USEFUL:          0 USELESS:          0
cpu5->cpu5_DTLB AVERAGE MISS LATENCY: - cycles
cpu4->cpu4_L2C TOTAL        ACCESS:     891954 HIT:     888046 MISS:       3908 MSHR_MERGE:          0
cpu4->cpu4_L2C LOAD         ACCESS:     889931 HIT:     886058 MISS:       3873 MSHR_MERGE:          0
cpu4->cpu4_L2C RFO          ACCESS:        593 HIT:        558 MISS:         35 MSHR_MERGE:          0
cpu4->cpu4_L2C PREFETCH     ACCESS:          0 HIT:          0 MISS:          0 MSHR_MERGE:          0
cpu4->cpu4_L2C WRITE        ACCESS:       1430 HIT:       1430 MISS:          0 MSHR_MERGE:          0
cpu4->cpu4_L2C TRANSLATION  ACCESS:          0 HIT:          0 MISS:          0 MSHR_MERGE:          0
cpu4->cpu4_L2C PREFETCH REQUESTED:          0 ISSUED:          0 USEFUL:          0 USELESS:          0
cpu4->cpu4_L2C AVERAGE MISS LATENCY: 171.4 cycles
cpu4->cpu4_L1I TOTAL        ACCESS:   19813928 HIT:   19813928 MISS:          0 MSHR_MERGE:          0
cpu4->cpu4_L1I LOAD         ACCESS:   19813928 HIT:   19813928 MISS:          0 MSHR_MERGE:          0
cpu4->cpu4_L1I RFO          ACCESS:          0 HIT:          0 MISS:          0 MSHR_MERGE:          0
cpu4->cpu4_L1I PREFETCH     ACCESS:          0 HIT:          0 MISS:          0 MSHR_MERGE:          0
cpu4->cpu4_L1I WRITE        ACCESS:          0 HIT:          0 MISS:          0 MSHR_MERGE:          0
cpu4->cpu4_L1I TRANSLATION  ACCESS:          0 HIT:          0 MISS:          0 MSHR_MERGE:          0
cpu4->cpu4_L1I PREFETCH REQUESTED:          0 ISSUED:          0 USEFUL:          0 USELESS:          0
cpu4->cpu4_L1I AVERAGE MISS LATENCY: - cycles
cpu4->cpu4_L1D TOTAL        ACCESS:   11153488 HIT:    8432043 MISS:    2721445 MSHR_MERGE:    1830921
cpu4->cpu4_L1D LOAD         ACCESS:   11148544 HIT:    8428149 MISS:    2720395 MSHR_MERGE:    1830464
cpu4->cpu4_L1D RFO          ACCESS:          0 HIT:          0 MISS:          0 MSHR_MERGE:          0
cpu4->cpu4_L1D PREFETCH     ACCESS:          0 HIT:          0 MISS:          0 MSHR_MERGE:          0
cpu4->cpu4_L1D WRITE        ACCESS:       4944 HIT:       3894 MISS:       1050 MSHR_MERGE:        457
cpu4->cpu4_L1D TRANSLATION  ACCESS:          0 HIT:          0 MISS:          0 MSHR_MERGE:          0
cpu4->cpu4_L1D PREFETCH REQUESTED:          0 ISSUED:          0 USEFUL:          0 USELESS:          0
cpu4->cpu4_L1D AVERAGE MISS LATENCY: 8.753 cycles
cpu4->cpu4_ITLB TOTAL        ACCESS:   15359833 HIT:   15359833 MISS:          0 MSHR_MERGE:          0
cpu4->cpu4_ITLB LOAD         ACCESS:   15359833 HIT:   15359833 MISS:          0 MSHR_MERGE:          0
cpu4->cpu4_ITLB RFO          ACCESS:          0 HIT:          0 MISS:          0 MSHR_MERGE:          0
cpu4->cpu4_ITLB PREFETCH     ACCESS:          0 HIT:          0 MISS:          0 MSHR_MERGE:          0
cpu4->cpu4_ITLB WRITE        ACCESS:          0 HIT:          0 MISS:          0 MSHR_MERGE:          0
cpu4->cpu4_ITLB TRANSLATION  ACCESS:          0 HIT:          0 MISS:          0 MSHR_MERGE:          0
cpu4->cpu4_ITLB PREFETCH REQUESTED:          0 ISSUED:          0 USEFUL:          0 USELESS:          0
cpu4->cpu4_ITLB AVERAGE MISS LATENCY: - cycles
cpu4->cpu4_DTLB TOTAL        ACCESS:   11135664 HIT:   11135664 MISS:          0 MSHR_MERGE:          0
cpu4->cpu4_DTLB LOAD         ACCESS:   11135664 HIT:   11135664 MISS:          0 MSHR_MERGE:          0
cpu4->cpu4_DTLB RFO          ACCESS:          0 HIT:          0 MISS:          0 MSHR_MERGE:          0
cpu4->cpu4_DTLB PREFETCH     ACCESS:          0 HIT:          0 MISS:          0 MSHR_MERGE:          0
cpu4->cpu4_DTLB WRITE        ACCESS:          0 HIT:          0 MISS:          0 MSHR_MERGE:          0
cpu4->cpu4_DTLB TRANSLATION  ACCESS:          0 HIT:          0 MISS:          0 MSHR_MERGE:          0
cpu4->cpu4_DTLB PREFETCH REQUESTED:          0 ISSUED:          0 USEFUL:          0 USELESS:          0
cpu4->cpu4_DTLB AVERAGE MISS LATENCY: - cycles
cpu3->cpu3_L2C TOTAL        ACCESS:     891815 HIT:     887907 MISS:       3908 MSHR_MERGE:          0
cpu3->cpu3_L2C LOAD         ACCESS:     889792 HIT:     885919 MISS:       3873 MSHR_MERGE:          0
cpu3->cpu3_L2C RFO          ACCESS:        593 HIT:        558 MISS:         35 MSHR_MERGE:          0
cpu3->cpu3_L2C PREFETCH     ACCESS:          0 HIT:          0 MISS:          0 MSHR_MERGE:          0
cpu3->cpu3_L2C WRITE        ACCESS:       1430 HIT:       1430 MISS:          0 MSHR_MERGE:          0
cpu3->cpu3_L2C TRANSLATION  ACCESS:          0 HIT:          0 MISS:          0 MSHR_MERGE:          0
cpu3->cpu3_L2C PREFETCH REQUESTED:          0 ISSUED:          0 USEFUL:          0 USELESS:          0
cpu3->cpu3_L2C AVERAGE MISS LATENCY: 171.3 cycles
cpu3->cpu3_L1I TOTAL        ACCESS:   19821456 HIT:   19821456 MISS:          0 MSHR_MERGE:          0
cpu3->cpu3_L1I LOAD         ACCESS:   19821456 HIT:   19821456 MISS:          0 MSHR_MERGE:          0
cpu3->cpu3_L1I RFO          ACCESS:          0 HIT:          0 MISS:          0 MSHR_MERGE:          0
cpu3->cpu3_L1I PREFETCH     ACCESS:          0 HIT:          0 MISS:          0 MSHR_MERGE:          0
cpu3->cpu3_L1I WRITE        ACCESS:          0 HIT:          0 MISS:          0 MSHR_MERGE:          0
cpu3->cpu3_L1I TRANSLATION  ACCESS:          0 HIT:          0 MISS:          0 MSHR_MERGE:          0
cpu3->cpu3_L1I PREFETCH REQUESTED:          0 ISSUED:          0 USEFUL:          0 USELESS:          0
cpu3->cpu3_L1I AVERAGE MISS LATENCY: - cycles
cpu3->cpu3_L1D TOTAL        ACCESS:   11152577 HIT:    8417683 MISS:    2734894 MSHR_MERGE:    1844509
cpu3->cpu3_L1D LOAD         ACCESS:   11147650 HIT:    8413799 MISS:    2733851 MSHR_MERGE:    1844059
cpu3->cpu3_L1D RFO          ACCESS:          0 HIT:          0 MISS:          0 MSHR_MERGE:          0
cpu3->cpu3_L1D PREFETCH     ACCESS:          0 HIT:          0 MISS:          0 MSHR_MERGE:          0
cpu3->cpu3_L1D WRITE        ACCESS:       4927 HIT:       3884 MISS:       1043 MSHR_MERGE:        450
cpu3->cpu3_L1D TRANSLATION  ACCESS:          0 HIT:          0 MISS:          0 MSHR_MERGE:          0
cpu3->cpu3_L1D PREFETCH REQUESTED:          0 ISSUED:          0 USEFUL:          0 USELESS:          0
cpu3->cpu3_L1D AVERAGE MISS LATENCY: 8.756 cycles
cpu3->cpu3_ITLB TOTAL        ACCESS:   15397274 HIT:   15397274 MISS:          0 MSHR_MERGE:          0
cpu3->cpu3_ITLB LOAD         ACCESS:   15397274 HIT:   15397274 MISS:          0 MSHR_MERGE:          0
cpu3->cpu3_ITLB RFO          ACCESS:          0 HIT:          0 MISS:          0 MSHR_MERGE:          0
cpu3->cpu3_ITLB PREFETCH     ACCESS:          0 HIT:          0 MISS:          0 MSHR_MERGE:          0
cpu3->cpu3_ITLB WRITE        ACCESS:          0 HIT:          0 MISS:          0 MSHR_MERGE:          0
cpu3->cpu3_ITLB TRANSLATION  ACCESS:          0 HIT:          0 MISS:          0 MSHR_MERGE:          0
cpu3->cpu3_ITLB PREFETCH REQUESTED:          0 ISSUED:          0 USEFUL:          0 USELESS:          0
cpu3->cpu3_ITLB AVERAGE MISS LATENCY: - cycles
cpu3->cpu3_DTLB TOTAL        ACCESS:   11151688 HIT:   11151688 MISS:          0 MSHR_MERGE:          0
cpu3->cpu3_DTLB LOAD         ACCESS:   11151688 HIT:   11151688 MISS:          0 MSHR_MERGE:          0
cpu3->cpu3_DTLB RFO          ACCESS:          0 HIT:          0 MISS:          0 MSHR_MERGE:          0
cpu3->cpu3_DTLB PREFETCH     ACCESS:          0 HIT:          0 MISS:          0 MSHR_MERGE:          0
cpu3->cpu3_DTLB WRITE        ACCESS:          0 HIT:          0 MISS:          0 MSHR_MERGE:          0
cpu3->cpu3_DTLB TRANSLATION  ACCESS:          0 HIT:          0 MISS:          0 MSHR_MERGE:          0
cpu3->cpu3_DTLB PREFETCH REQUESTED:          0 ISSUED:          0 USEFUL:          0 USELESS:          0
cpu3->cpu3_DTLB AVERAGE MISS LATENCY: - cycles
cpu2->cpu2_L2C TOTAL        ACCESS:     891895 HIT:     887987 MISS:       3908 MSHR_MERGE:          0
cpu2->cpu2_L2C LOAD         ACCESS:     889872 HIT:     885999 MISS:       3873 MSHR_MERGE:          0
cpu2->cpu2_L2C RFO          ACCESS:        593 HIT:        558 MISS:         35 MSHR_MERGE:          0
cpu2->cpu2_L2C PREFETCH     ACCESS:          0 HIT:          0 MISS:          0 MSHR_MERGE:          0
cpu2->cpu2_L2C WRITE        ACCESS:       1430 HIT:       1430 MISS:          0 MSHR_MERGE:          0
cpu2->cpu2_L2C TRANSLATION  ACCESS:          0 HIT:          0 MISS:          0 MSHR_MERGE:          0
cpu2->cpu2_L2C PREFETCH REQUESTED:          0 ISSUED:          0 USEFUL:          0 USELESS:          0
cpu2->cpu2_L2C AVERAGE MISS LATENCY: 171.4 cycles
cpu2->cpu2_L1I TOTAL        ACCESS:   19813324 HIT:   19813324 MISS:          0 MSHR_MERGE:          0
cpu2->cpu2_L1I LOAD         ACCESS:   19813324 HIT:   19813324 MISS:          0 MSHR_MERGE:          0
cpu2->cpu2_L1I RFO          ACCESS:          0 HIT:          0 MISS:          0 MSHR_MERGE:          0
cpu2->cpu2_L1I PREFETCH     ACCESS:          0 HIT:          0 MISS:          0 MSHR_MERGE:          0
cpu2->cpu2_L1I WRITE        ACCESS:          0 HIT:          0 MISS:          0 MSHR_MERGE:          0
cpu2->cpu2_L1I TRANSLATION  ACCESS:          0 HIT:          0 MISS:          0 MSHR_MERGE:          0
cpu2->cpu2_L1I PREFETCH REQUESTED:          0 ISSUED:          0 USEFUL:          0 USELESS:          0
cpu2->cpu2_L1I AVERAGE MISS LATENCY: - cycles
cpu2->cpu2_L1D TOTAL        ACCESS:   11149803 HIT:    8429295 MISS:    2720508 MSHR_MERGE:    1830043
cpu2->cpu2_L1D LOAD         ACCESS:   11144855 HIT:    8425396 MISS:    2719459 MSHR_MERGE:    1829587
cpu2->cpu2_L1D RFO          ACCESS:          0 HIT:          0 MISS:          0 MSHR_MERGE:          0
cpu2->cpu2_L1D PREFETCH     ACCESS:          0 HIT:          0 MISS:          0 MSHR_MERGE:          0
cpu2->cpu2_L1D WRITE        ACCESS:       4948 HIT:       3899 MISS:       1049 MSHR_MERGE:        456
cpu2->cpu2_L1D TRANSLATION  ACCESS:          0 HIT:          0 MISS:          0 MSHR_MERGE:          0
cpu2->cpu2_L1D PREFETCH REQUESTED:          0 ISSUED:          0 USEFUL:          0 USELESS:          0
cpu2->cpu2_L1D AVERAGE MISS LATENCY: 8.757 cycles
cpu2->cpu2_ITLB TOTAL        ACCESS:   15370239 HIT:   15370239 MISS:          0 MSHR_MERGE:          0
cpu2->cpu2_ITLB LOAD         ACCESS:   15370239 HIT:   15370239 MISS:          0 MSHR_MERGE:          0
cpu2->cpu2_ITLB RFO          ACCESS:          0 HIT:          0 MISS:          0 MSHR_MERGE:          0
cpu2->cpu2_ITLB PREFETCH     ACCESS:          0 HIT:          0 MISS:          0 MSHR_MERGE:          0
cpu2->cpu2_ITLB WRITE        ACCESS:          0 HIT:          0 MISS:          0 MSHR_MERGE:          0
cpu2->cpu2_ITLB TRANSLATION  ACCESS:          0 HIT:          0 MISS:          0 MSHR_MERGE:          0
cpu2->cpu2_ITLB PREFETCH REQUESTED:          0 ISSUED:          0 USEFUL:          0 USELESS:          0
cpu2->cpu2_ITLB AVERAGE MISS LATENCY: - cycles
cpu2->cpu2_DTLB TOTAL        ACCESS:   11131722 HIT:   11131722 MISS:          0 MSHR_MERGE:          0
cpu2->cpu2_DTLB LOAD         ACCESS:   11131722 HIT:   11131722 MISS:          0 MSHR_MERGE:          0
cpu2->cpu2_DTLB RFO          ACCESS:          0 HIT:          0 MISS:          0 MSHR_MERGE:          0
cpu2->cpu2_DTLB PREFETCH     ACCESS:          0 HIT:          0 MISS:          0 MSHR_MERGE:          0
cpu2->cpu2_DTLB WRITE        ACCESS:          0 HIT:          0 MISS:          0 MSHR_MERGE:          0
cpu2->cpu2_DTLB TRANSLATION  ACCESS:          0 HIT:          0 MISS:          0 MSHR_MERGE:          0
cpu2->cpu2_DTLB PREFETCH REQUESTED:          0 ISSUED:          0 USEFUL:          0 USELESS:          0
cpu2->cpu2_DTLB AVERAGE MISS LATENCY: - cycles
cpu1->cpu1_L2C TOTAL        ACCESS:     892266 HIT:     888356 MISS:       3910 MSHR_MERGE:          0
cpu1->cpu1_L2C LOAD         ACCESS:     890238 HIT:     886363 MISS:       3875 MSHR_MERGE:          0
cpu1->cpu1_L2C RFO          ACCESS:        593 HIT:        558 MISS:         35 MSHR_MERGE:          0
cpu1->cpu1_L2C PREFETCH     ACCESS:          0 HIT:          0 MISS:          0 MSHR_MERGE:          0
cpu1->cpu1_L2C WRITE        ACCESS:       1435 HIT:       1435 MISS:          0 MSHR_MERGE:          0
cpu1->cpu1_L2C TRANSLATION  ACCESS:          0 HIT:          0 MISS:          0 MSHR_MERGE:          0
cpu1->cpu1_L2C PREFETCH REQUESTED:          0 ISSUED:          0 USEFUL:          0 USELESS:          0
cpu1->cpu1_L2C AVERAGE MISS LATENCY: 171.3 cycles
cpu1->cpu1_L1I TOTAL        ACCESS:   19821610 HIT:   19821610 MISS:          0 MSHR_MERGE:          0
cpu1->cpu1_L1I LOAD         ACCESS:   19821610 HIT:   19821610 MISS:          0 MSHR_MERGE:          0
cpu1->cpu1_L1I RFO          ACCESS:          0 HIT:          0 MISS:          0 MSHR_MERGE:          0
cpu1->cpu1_L1I PREFETCH     ACCESS:          0 HIT:          0 MISS:          0 MSHR_MERGE:          0
cpu1->cpu1_L1I WRITE        ACCESS:          0 HIT:          0 MISS:          0 MSHR_MERGE:          0
cpu1->cpu1_L1I TRANSLATION  ACCESS:          0 HIT:          0 MISS:          0 MSHR_MERGE:          0
cpu1->cpu1_L1I PREFETCH REQUESTED:          0 ISSUED:          0 USEFUL:          0 USELESS:          0
cpu1->cpu1_L1I AVERAGE MISS LATENCY: - cycles
cpu1->cpu1_L1D TOTAL        ACCESS:   11157889 HIT:    8438358 MISS:    2719531 MSHR_MERGE:    1828700
cpu1->cpu1_L1D LOAD         ACCESS:   11152939 HIT:    8434471 MISS:    2718468 MSHR_MERGE:    1828230
cpu1->cpu1_L1D RFO          ACCESS:          0 HIT:          0 MISS:          0 MSHR_MERGE:          0
cpu1->cpu1_L1D PREFETCH     ACCESS:          0 HIT:          0 MISS:          0 MSHR_MERGE:          0
cpu1->cpu1_L1D WRITE        ACCESS:       4950 HIT:       3887 MISS:       1063 MSHR_MERGE:        470
cpu1->cpu1_L1D TRANSLATION  ACCESS:          0 HIT:          0 MISS:          0 MSHR_MERGE:          0
cpu1->cpu1_L1D PREFETCH REQUESTED:          0 ISSUED:          0 USEFUL:          0 USELESS:          0
cpu1->cpu1_L1D AVERAGE MISS LATENCY: 8.756 cycles
cpu1->cpu1_ITLB TOTAL        ACCESS:   15388251 HIT:   15388251 MISS:          0 MSHR_MERGE:          0
cpu1->cpu1_ITLB LOAD         ACCESS:   15388251 HIT:   15388251 MISS:          0 MSHR_MERGE:          0
cpu1->cpu1_ITLB RFO          ACCESS:          0 HIT:          0 MISS:          0 MSHR_MERGE:          0
cpu1->cpu1_ITLB PREFETCH     ACCESS:          0 HIT:          0 MISS:          0 MSHR_MERGE:          0
cpu1->cpu1_ITLB WRITE        ACCESS:          0 HIT:          0 MISS:          0 MSHR_MERGE:          0
cpu1->cpu1_ITLB TRANSLATION  ACCESS:          0 HIT:          0 MISS:          0 MSHR_MERGE:          0
cpu1->cpu1_ITLB PREFETCH REQUESTED:          0 ISSUED:          0 USEFUL:          0 USELESS:          0
cpu1->cpu1_ITLB AVERAGE MISS LATENCY: - cycles
cpu1->cpu1_DTLB TOTAL        ACCESS:   11131911 HIT:   11131911 MISS:          0 MSHR_MERGE:          0
cpu1->cpu1_DTLB LOAD         ACCESS:   11131911 HIT:   11131911 MISS:          0 MSHR_MERGE:          0
cpu1->cpu1_DTLB RFO          ACCESS:          0 HIT:          0 MISS:          0 MSHR_MERGE:          0
cpu1->cpu1_DTLB PREFETCH     ACCESS:          0 HIT:          0 MISS:          0 MSHR_MERGE:          0
cpu1->cpu1_DTLB WRITE        ACCESS:          0 HIT:          0 MISS:          0 MSHR_MERGE:          0
cpu1->cpu1_DTLB TRANSLATION  ACCESS:          0 HIT:          0 MISS:          0 MSHR_MERGE:          0
cpu1->cpu1_DTLB PREFETCH REQUESTED:          0 ISSUED:          0 USEFUL:          0 USELESS:          0
cpu1->cpu1_DTLB AVERAGE MISS LATENCY: - cycles
cpu0->cpu0_L2C TOTAL        ACCESS:     891733 HIT:     887826 MISS:       3907 MSHR_MERGE:          0
cpu0->cpu0_L2C LOAD         ACCESS:     889710 HIT:     885838 MISS:       3872 MSHR_MERGE:          0
cpu0->cpu0_L2C RFO          ACCESS:        593 HIT:        558 MISS:         35 MSHR_MERGE:          0
cpu0->cpu0_L2C PREFETCH     ACCESS:          0 HIT:          0 MISS:          0 MSHR_MERGE:          0
cpu0->cpu0_L2C WRITE        ACCESS:       1430 HIT:       1430 MISS:          0 MSHR_MERGE:          0
cpu0->cpu0_L2C TRANSLATION  ACCESS:          0 HIT:          0 MISS:          0 MSHR_MERGE:          0
cpu0->cpu0_L2C PREFETCH REQUESTED:          0 ISSUED:          0 USEFUL:          0 USELESS:          0
cpu0->cpu0_L2C AVERAGE MISS LATENCY: 171.4 cycles
cpu0->cpu0_L1I TOTAL        ACCESS:   19820274 HIT:   19820274 MISS:          0 MSHR_MERGE:          0
cpu0->cpu0_L1I LOAD         ACCESS:   19820274 HIT:   19820274 MISS:          0 MSHR_MERGE:          0
cpu0->cpu0_L1I RFO          ACCESS:          0 HIT:          0 MISS:          0 MSHR_MERGE:          0
cpu0->cpu0_L1I PREFETCH     ACCESS:          0 HIT:          0 MISS:          0 MSHR_MERGE:          0
cpu0->cpu0_L1I WRITE        ACCESS:          0 HIT:          0 MISS:          0 MSHR_MERGE:          0
cpu0->cpu0_L1I TRANSLATION  ACCESS:          0 HIT:          0 MISS:          0 MSHR_MERGE:          0
cpu0->cpu0_L1I PREFETCH REQUESTED:          0 ISSUED:          0 USEFUL:          0 USELESS:          0
cpu0->cpu0_L1I AVERAGE MISS LATENCY: - cycles
cpu0->cpu0_L1D TOTAL        ACCESS:   11151023 HIT:    8415634 MISS:    2735389 MSHR_MERGE:    1845086
cpu0->cpu0_L1D LOAD         ACCESS:   11146093 HIT:    8411748 MISS:    2734345 MSHR_MERGE:    1844635
cpu0->cpu0_L1D RFO          ACCESS:          0 HIT:          0 MISS:          0 MSHR_MERGE:          0
cpu0->cpu0_L1D PREFETCH     ACCESS:          0 HIT:          0 MISS:          0 MSHR_MERGE:          0
cpu0->cpu0_L1D WRITE        ACCESS:       4930 HIT:       3886 MISS:       1044 MSHR_MERGE:        451
cpu0->cpu0_L1D TRANSLATION  ACCESS:          0 HIT:          0 MISS:          0 MSHR_MERGE:          0
cpu0->cpu0_L1D PREFETCH REQUESTED:          0 ISSUED:          0 USEFUL:          0 USELESS:          0
cpu0->cpu0_L1D AVERAGE MISS LATENCY: 8.756 cycles
cpu0->cpu0_ITLB TOTAL        ACCESS:   15396439 HIT:   15396439 MISS:          0 MSHR_MERGE:          0
cpu0->cpu0_ITLB LOAD         ACCESS:   15396439 HIT:   15396439 MISS:          0 MSHR_MERGE:          0
cpu0->cpu0_ITLB RFO          ACCESS:          0 HIT:          0 MISS:          0 MSHR_MERGE:          0
cpu0->cpu0_ITLB PREFETCH     ACCESS:          0 HIT:          0 MISS:          0 MSHR_MERGE:          0
cpu0->cpu0_ITLB WRITE        ACCESS:          0 HIT:          0 MISS:          0 MSHR_MERGE:          0
cpu0->cpu0_ITLB TRANSLATION  ACCESS:          0 HIT:          0 MISS:          0 MSHR_MERGE:          0
cpu0->cpu0_ITLB PREFETCH REQUESTED:          0 ISSUED:          0 USEFUL:          0 USELESS:          0
cpu0->cpu0_ITLB AVERAGE MISS LATENCY: - cycles
cpu0->cpu0_DTLB TOTAL        ACCESS:   11150129 HIT:   11150129 MISS:          0 MSHR_MERGE:          0
cpu0->cpu0_DTLB LOAD         ACCESS:   11150129 HIT:   11150129 MISS:          0 MSHR_MERGE:          0
cpu0->cpu0_DTLB RFO          ACCESS:          0 HIT:          0 MISS:          0 MSHR_MERGE:          0
cpu0->cpu0_DTLB PREFETCH     ACCESS:          0 HIT:          0 MISS:          0 MSHR_MERGE:          0
cpu0->cpu0_DTLB WRITE        ACCESS:          0 HIT:          0 MISS:          0 MSHR_MERGE:          0
cpu0->cpu0_DTLB TRANSLATION  ACCESS:          0 HIT:          0 MISS:          0 MSHR_MERGE:          0
cpu0->cpu0_DTLB PREFETCH REQUESTED:          0 ISSUED:          0 USEFUL:          0 USELESS:          0
cpu0->cpu0_DTLB AVERAGE MISS LATENCY: - cycles
cpu0->LLC TOTAL        ACCESS:       3916 HIT:          9 MISS:       3907 MSHR_MERGE:          0
cpu0->LLC LOAD         ACCESS:       3872 HIT:          0 MISS:       3872 MSHR_MERGE:          0
cpu0->LLC RFO          ACCESS:         35 HIT:          0 MISS:         35 MSHR_MERGE:          0
cpu0->LLC PREFETCH     ACCESS:          0 HIT:          0 MISS:          0 MSHR_MERGE:          0
cpu0->LLC WRITE        ACCESS:          9 HIT:          9 MISS:          0 MSHR_MERGE:          0
cpu0->LLC TRANSLATION  ACCESS:          0 HIT:          0 MISS:          0 MSHR_MERGE:          0
cpu0->LLC PREFETCH REQUESTED:          0 ISSUED:          0 USEFUL:          0 USELESS:          0
cpu0->LLC AVERAGE MISS LATENCY: 1243 cycles
cpu1->LLC TOTAL        ACCESS:       3919 HIT:          9 MISS:       3910 MSHR_MERGE:          0
cpu1->LLC LOAD         ACCESS:       3875 HIT:          0 MISS:       3875 MSHR_MERGE:          0
cpu1->LLC RFO          ACCESS:         35 HIT:          0 MISS:         35 MSHR_MERGE:          0
cpu1->LLC PREFETCH     ACCESS:          0 HIT:          0 MISS:          0 MSHR_MERGE:          0
cpu1->LLC WRITE        ACCESS:          9 HIT:          9 MISS:          0 MSHR_MERGE:          0
cpu1->LLC TRANSLATION  ACCESS:          0 HIT:          0 MISS:          0 MSHR_MERGE:          0
cpu1->LLC PREFETCH REQUESTED:          0 ISSUED:          0 USEFUL:          0 USELESS:          0
cpu1->LLC AVERAGE MISS LATENCY: 1242 cycles
cpu2->LLC TOTAL        ACCESS:       3917 HIT:          9 MISS:       3908 MSHR_MERGE:          0
cpu2->LLC LOAD         ACCESS:       3873 HIT:          0 MISS:       3873 MSHR_MERGE:          0
cpu2->LLC RFO          ACCESS:         35 HIT:          0 MISS:         35 MSHR_MERGE:          0
cpu2->LLC PREFETCH     ACCESS:          0 HIT:          0 MISS:          0 MSHR_MERGE:          0
cpu2->LLC WRITE        ACCESS:          9 HIT:          9 MISS:          0 MSHR_MERGE:          0
cpu2->LLC TRANSLATION  ACCESS:          0 HIT:          0 MISS:          0 MSHR_MERGE:          0
cpu2->LLC PREFETCH REQUESTED:          0 ISSUED:          0 USEFUL:          0 USELESS:          0
cpu2->LLC AVERAGE MISS LATENCY: 1243 cycles
cpu3->LLC TOTAL        ACCESS:       3917 HIT:          9 MISS:       3908 MSHR_MERGE:          0
cpu3->LLC LOAD         ACCESS:       3873 HIT:          0 MISS:       3873 MSHR_MERGE:          0
cpu3->LLC RFO          ACCESS:         35 HIT:          0 MISS:         35 MSHR_MERGE:          0
cpu3->LLC PREFETCH     ACCESS:          0 HIT:          0 MISS:          0 MSHR_MERGE:          0
cpu3->LLC WRITE        ACCESS:          9 HIT:          9 MISS:          0 MSHR_MERGE:          0
cpu3->LLC TRANSLATION  ACCESS:          0 HIT:          0 MISS:          0 MSHR_MERGE:          0
cpu3->LLC PREFETCH REQUESTED:          0 ISSUED:          0 USEFUL:          0 USELESS:          0
cpu3->LLC AVERAGE MISS LATENCY: 1243 cycles
cpu4->LLC TOTAL        ACCESS:       3917 HIT:          9 MISS:       3908 MSHR_MERGE:          0
cpu4->LLC LOAD         ACCESS:       3873 HIT:          0 MISS:       3873 MSHR_MERGE:          0
cpu4->LLC RFO          ACCESS:         35 HIT:          0 MISS:         35 MSHR_MERGE:          0
cpu4->LLC PREFETCH     ACCESS:          0 HIT:          0 MISS:          0 MSHR_MERGE:          0
cpu4->LLC WRITE        ACCESS:          9 HIT:          9 MISS:          0 MSHR_MERGE:          0
cpu4->LLC TRANSLATION  ACCESS:          0 HIT:          0 MISS:          0 MSHR_MERGE:          0
cpu4->LLC PREFETCH REQUESTED:          0 ISSUED:          0 USEFUL:          0 USELESS:          0
cpu4->LLC AVERAGE MISS LATENCY: 1243 cycles
cpu5->LLC TOTAL        ACCESS:       3917 HIT:          9 MISS:       3908 MSHR_MERGE:          0
cpu5->LLC LOAD         ACCESS:       3873 HIT:          0 MISS:       3873 MSHR_MERGE:          0
cpu5->LLC RFO          ACCESS:         35 HIT:          0 MISS:         35 MSHR_MERGE:          0
cpu5->LLC PREFETCH     ACCESS:          0 HIT:          0 MISS:          0 MSHR_MERGE:          0
cpu5->LLC WRITE        ACCESS:          9 HIT:          9 MISS:          0 MSHR_MERGE:          0
cpu5->LLC TRANSLATION  ACCESS:          0 HIT:          0 MISS:          0 MSHR_MERGE:          0
cpu5->LLC PREFETCH REQUESTED:          0 ISSUED:          0 USEFUL:          0 USELESS:          0
cpu5->LLC AVERAGE MISS LATENCY: 1243 cycles
cpu6->LLC TOTAL        ACCESS:       3917 HIT:          9 MISS:       3908 MSHR_MERGE:          0
cpu6->LLC LOAD         ACCESS:       3873 HIT:          0 MISS:       3873 MSHR_MERGE:          0
cpu6->LLC RFO          ACCESS:         35 HIT:          0 MISS:         35 MSHR_MERGE:          0
cpu6->LLC PREFETCH     ACCESS:          0 HIT:          0 MISS:          0 MSHR_MERGE:          0
cpu6->LLC WRITE        ACCESS:          9 HIT:          9 MISS:          0 MSHR_MERGE:          0
cpu6->LLC TRANSLATION  ACCESS:          0 HIT:          0 MISS:          0 MSHR_MERGE:          0
cpu6->LLC PREFETCH REQUESTED:          0 ISSUED:          0 USEFUL:          0 USELESS:          0
cpu6->LLC AVERAGE MISS LATENCY: 1243 cycles
cpu7->LLC TOTAL        ACCESS:       3915 HIT:          9 MISS:       3906 MSHR_MERGE:          0
cpu7->LLC LOAD         ACCESS:       3871 HIT:          0 MISS:       3871 MSHR_MERGE:          0
cpu7->LLC RFO          ACCESS:         35 HIT:          0 MISS:         35 MSHR_MERGE:          0
cpu7->LLC PREFETCH     ACCESS:          0 HIT:          0 MISS:          0 MSHR_MERGE:          0
cpu7->LLC WRITE        ACCESS:          9 HIT:          9 MISS:          0 MSHR_MERGE:          0
cpu7->LLC TRANSLATION  ACCESS:          0 HIT:          0 MISS:          0 MSHR_MERGE:          0
cpu7->LLC PREFETCH REQUESTED:          0 ISSUED:          0 USEFUL:          0 USELESS:          0
cpu7->LLC AVERAGE MISS LATENCY: 1243 cycles

DRAM Statistics

Channel 0 READ REQS:      15647	WRITE REQS:          0
  READS:      15646	READ_HITS:          0
  WRITES:          0	WRITE HITS:          0
  ACTIVATES:      15647	PRECHARGES:      15646
  RQ FULL:          0	WQ FULL:          0
  WRITE DRAINS:          0	FORCED:          0
  MEAN WRITE IMBALANCE: nan       
  READ OCCU PRE DRAIN: nan       	POST DRAIN: nan       
  MEAN WLP: nan       
  READ LATENCY: 36.06378627125144

Channel 1 READ REQS:      15616	WRITE REQS:          0
  READS:      15616	READ_HITS:          0
  WRITES:          0	WRITE HITS:          0
  ACTIVATES:      15616	PRECHARGES:      15616
  RQ FULL:          0	WQ FULL:          0
  WRITE DRAINS:          0	FORCED:          0
  MEAN WRITE IMBALANCE: nan       
  READ OCCU PRE DRAIN: nan       	POST DRAIN: nan       
  MEAN WLP: nan       
  READ LATENCY:  36.046875
