[VMEM] WARNING: physical memory size is smaller than virtual memory size.
dram page policy: is open = 0	is close = 0	is soft close = 1	cmd arg = 2

*** ChampSim Multicore Out-of-Order Simulator ***
Warmup Instructions: 25000000
Simulation Instructions: 50000000
Number of CPUs: 8
Page size: 2097152

CL :	 16.64 ns
CWL :	 15.808 ns
tRP :	 16.224 ns
tRCD :	 16.224 ns
tRAS :	 32.032000000000004 ns
tRTP :	 7.904 ns
tWR :	 30.368000000000002 ns

tCCD_S :	 3.3280000000000003 ns
tCCD_S_WR :	 3.3280000000000003 ns
tCCD_S_WTR :	 22.048000000000002 ns
tCCD_L :	 5.408 ns
tCCD_L_WR :	 20.384 ns
tCCD_L_WTR :	 29.536 ns
tRRD_S :	 3.3280000000000003 ns
tRRD_L :	 5.408 ns
tFAW :	 13.728 ns
Address mapping (perm = 1) 	ch co bg bg bg ba ba co co co co co co ro ro ro ro ro ro ro ro ro ro ro ro ro ro ro 
dram queue size: R = 64 W = 64 (low:high is 16:48)
Heartbeat CPU 0 instructions: 10000000 cycles: 2519606 heartbeat IPC: 3.969 cumulative IPC: 3.969 (Simulation time: 00 hr 12 min 29 sec)
Heartbeat CPU 1 instructions: 10000000 cycles: 2519856 heartbeat IPC: 3.968 cumulative IPC: 3.968 (Simulation time: 00 hr 12 min 29 sec)
Heartbeat CPU 2 instructions: 10000000 cycles: 2519960 heartbeat IPC: 3.968 cumulative IPC: 3.968 (Simulation time: 00 hr 12 min 29 sec)
Heartbeat CPU 3 instructions: 10000000 cycles: 2519985 heartbeat IPC: 3.968 cumulative IPC: 3.968 (Simulation time: 00 hr 12 min 29 sec)
Heartbeat CPU 5 instructions: 10000000 cycles: 2520118 heartbeat IPC: 3.968 cumulative IPC: 3.968 (Simulation time: 00 hr 12 min 29 sec)
Heartbeat CPU 6 instructions: 10000000 cycles: 2520153 heartbeat IPC: 3.968 cumulative IPC: 3.968 (Simulation time: 00 hr 12 min 29 sec)
Heartbeat CPU 4 instructions: 10000000 cycles: 2520178 heartbeat IPC: 3.968 cumulative IPC: 3.968 (Simulation time: 00 hr 12 min 29 sec)
Heartbeat CPU 7 instructions: 10000000 cycles: 2520214 heartbeat IPC: 3.968 cumulative IPC: 3.968 (Simulation time: 00 hr 12 min 30 sec)
Heartbeat CPU 0 instructions: 20000000 cycles: 5033412 heartbeat IPC: 3.978 cumulative IPC: 3.973 (Simulation time: 00 hr 25 min 13 sec)
Heartbeat CPU 3 instructions: 20000000 cycles: 5033791 heartbeat IPC: 3.978 cumulative IPC: 3.973 (Simulation time: 00 hr 25 min 13 sec)
Heartbeat CPU 1 instructions: 20000003 cycles: 5033799 heartbeat IPC: 3.978 cumulative IPC: 3.973 (Simulation time: 00 hr 25 min 13 sec)
Heartbeat CPU 5 instructions: 20000000 cycles: 5033922 heartbeat IPC: 3.978 cumulative IPC: 3.973 (Simulation time: 00 hr 25 min 13 sec)
Heartbeat CPU 6 instructions: 20000000 cycles: 5033965 heartbeat IPC: 3.978 cumulative IPC: 3.973 (Simulation time: 00 hr 25 min 13 sec)
Heartbeat CPU 7 instructions: 20000003 cycles: 5034034 heartbeat IPC: 3.978 cumulative IPC: 3.973 (Simulation time: 00 hr 25 min 13 sec)
Heartbeat CPU 4 instructions: 20000003 cycles: 5034215 heartbeat IPC: 3.978 cumulative IPC: 3.973 (Simulation time: 00 hr 25 min 13 sec)
Heartbeat CPU 2 instructions: 20000003 cycles: 5034467 heartbeat IPC: 3.977 cumulative IPC: 3.973 (Simulation time: 00 hr 25 min 13 sec)
Warmup finished CPU 0 instructions: 25000004 cycles: 6291313 cumulative IPC: 3.974 (Simulation time: 00 hr 31 min 32 sec)
Warmup finished CPU 3 instructions: 25000004 cycles: 6291692 cumulative IPC: 3.973 (Simulation time: 00 hr 31 min 32 sec)
Warmup finished CPU 1 instructions: 25000002 cycles: 6291735 cumulative IPC: 3.973 (Simulation time: 00 hr 31 min 32 sec)
Warmup finished CPU 6 instructions: 25000004 cycles: 6291867 cumulative IPC: 3.973 (Simulation time: 00 hr 31 min 32 sec)
Warmup finished CPU 5 instructions: 25000003 cycles: 6291874 cumulative IPC: 3.973 (Simulation time: 00 hr 31 min 32 sec)
Warmup finished CPU 7 instructions: 25000003 cycles: 6291930 cumulative IPC: 3.973 (Simulation time: 00 hr 31 min 32 sec)
Warmup finished CPU 4 instructions: 25000002 cycles: 6292151 cumulative IPC: 3.973 (Simulation time: 00 hr 31 min 33 sec)
Warmup finished CPU 2 instructions: 25000004 cycles: 6292381 cumulative IPC: 3.973 (Simulation time: 00 hr 31 min 33 sec)
Warmup complete CPU 7 instructions: 25001825 cycles: 6292381 cumulative IPC: 3.973 (Simulation time: 00 hr 31 min 33 sec)
Warmup complete CPU 6 instructions: 25002073 cycles: 6292381 cumulative IPC: 3.973 (Simulation time: 00 hr 31 min 33 sec)
Warmup complete CPU 5 instructions: 25002090 cycles: 6292381 cumulative IPC: 3.973 (Simulation time: 00 hr 31 min 33 sec)
Warmup complete CPU 4 instructions: 25000947 cycles: 6292381 cumulative IPC: 3.973 (Simulation time: 00 hr 31 min 33 sec)
Warmup complete CPU 3 instructions: 25002773 cycles: 6292381 cumulative IPC: 3.973 (Simulation time: 00 hr 31 min 33 sec)
Warmup complete CPU 2 instructions: 25000004 cycles: 6292381 cumulative IPC: 3.973 (Simulation time: 00 hr 31 min 33 sec)
Warmup complete CPU 1 instructions: 25002611 cycles: 6292381 cumulative IPC: 3.973 (Simulation time: 00 hr 31 min 33 sec)
Warmup complete CPU 0 instructions: 25004289 cycles: 6292381 cumulative IPC: 3.974 (Simulation time: 00 hr 31 min 33 sec)
Heartbeat CPU 0 instructions: 30000002 cycles: 8032654 heartbeat IPC: 3.334 cumulative IPC: 2.871 (Simulation time: 00 hr 38 min 53 sec)
Heartbeat CPU 3 instructions: 30000002 cycles: 8033400 heartbeat IPC: 3.334 cumulative IPC: 2.87 (Simulation time: 00 hr 38 min 54 sec)
Heartbeat CPU 6 instructions: 30000002 cycles: 8033686 heartbeat IPC: 3.334 cumulative IPC: 2.87 (Simulation time: 00 hr 38 min 54 sec)
Heartbeat CPU 4 instructions: 30000007 cycles: 8034291 heartbeat IPC: 3.333 cumulative IPC: 2.87 (Simulation time: 00 hr 38 min 54 sec)
Heartbeat CPU 7 instructions: 30000007 cycles: 8034483 heartbeat IPC: 3.333 cumulative IPC: 2.869 (Simulation time: 00 hr 38 min 54 sec)
Heartbeat CPU 5 instructions: 30000002 cycles: 8034614 heartbeat IPC: 3.333 cumulative IPC: 2.869 (Simulation time: 00 hr 38 min 54 sec)
Heartbeat CPU 2 instructions: 30000007 cycles: 8035139 heartbeat IPC: 3.333 cumulative IPC: 2.869 (Simulation time: 00 hr 38 min 54 sec)
Heartbeat CPU 1 instructions: 30000007 cycles: 8036109 heartbeat IPC: 3.331 cumulative IPC: 2.866 (Simulation time: 00 hr 38 min 54 sec)
Heartbeat CPU 0 instructions: 40000005 cycles: 11536438 heartbeat IPC: 2.854 cumulative IPC: 2.86 (Simulation time: 00 hr 52 min 42 sec)
Heartbeat CPU 6 instructions: 40000005 cycles: 11536846 heartbeat IPC: 2.855 cumulative IPC: 2.86 (Simulation time: 00 hr 52 min 42 sec)
Heartbeat CPU 3 instructions: 40000005 cycles: 11537166 heartbeat IPC: 2.854 cumulative IPC: 2.859 (Simulation time: 00 hr 52 min 42 sec)
Heartbeat CPU 4 instructions: 40000010 cycles: 11538518 heartbeat IPC: 2.854 cumulative IPC: 2.859 (Simulation time: 00 hr 52 min 42 sec)
Heartbeat CPU 5 instructions: 40000005 cycles: 11539738 heartbeat IPC: 2.853 cumulative IPC: 2.858 (Simulation time: 00 hr 52 min 42 sec)
Heartbeat CPU 2 instructions: 40000010 cycles: 11540291 heartbeat IPC: 2.853 cumulative IPC: 2.858 (Simulation time: 00 hr 52 min 42 sec)
Heartbeat CPU 7 instructions: 40000010 cycles: 11540433 heartbeat IPC: 2.852 cumulative IPC: 2.858 (Simulation time: 00 hr 52 min 42 sec)
Heartbeat CPU 1 instructions: 40000010 cycles: 11544685 heartbeat IPC: 2.85 cumulative IPC: 2.855 (Simulation time: 00 hr 52 min 43 sec)
Heartbeat CPU 0 instructions: 50000007 cycles: 15036296 heartbeat IPC: 2.857 cumulative IPC: 2.859 (Simulation time: 01 hr 06 min 02 sec)
Heartbeat CPU 3 instructions: 50000007 cycles: 15036489 heartbeat IPC: 2.858 cumulative IPC: 2.859 (Simulation time: 01 hr 06 min 02 sec)
Heartbeat CPU 6 instructions: 50000005 cycles: 15036515 heartbeat IPC: 2.857 cumulative IPC: 2.859 (Simulation time: 01 hr 06 min 02 sec)
Heartbeat CPU 4 instructions: 50000012 cycles: 15039302 heartbeat IPC: 2.857 cumulative IPC: 2.858 (Simulation time: 01 hr 06 min 03 sec)
Heartbeat CPU 5 instructions: 50000005 cycles: 15040920 heartbeat IPC: 2.856 cumulative IPC: 2.857 (Simulation time: 01 hr 06 min 03 sec)
Heartbeat CPU 2 instructions: 50000010 cycles: 15041104 heartbeat IPC: 2.856 cumulative IPC: 2.858 (Simulation time: 01 hr 06 min 03 sec)
Heartbeat CPU 7 instructions: 50000010 cycles: 15042315 heartbeat IPC: 2.856 cumulative IPC: 2.857 (Simulation time: 01 hr 06 min 04 sec)
Heartbeat CPU 1 instructions: 50000010 cycles: 15049299 heartbeat IPC: 2.853 cumulative IPC: 2.855 (Simulation time: 01 hr 06 min 05 sec)
Heartbeat CPU 0 instructions: 60000009 cycles: 18517936 heartbeat IPC: 2.872 cumulative IPC: 2.863 (Simulation time: 01 hr 19 min 18 sec)
Heartbeat CPU 6 instructions: 60000009 cycles: 18518448 heartbeat IPC: 2.872 cumulative IPC: 2.863 (Simulation time: 01 hr 19 min 18 sec)
Heartbeat CPU 3 instructions: 60000009 cycles: 18518726 heartbeat IPC: 2.872 cumulative IPC: 2.862 (Simulation time: 01 hr 19 min 18 sec)
Heartbeat CPU 4 instructions: 60000013 cycles: 18521912 heartbeat IPC: 2.871 cumulative IPC: 2.862 (Simulation time: 01 hr 19 min 19 sec)
Heartbeat CPU 5 instructions: 60000009 cycles: 18523618 heartbeat IPC: 2.871 cumulative IPC: 2.861 (Simulation time: 01 hr 19 min 19 sec)
Heartbeat CPU 2 instructions: 60000013 cycles: 18524609 heartbeat IPC: 2.871 cumulative IPC: 2.861 (Simulation time: 01 hr 19 min 19 sec)
Heartbeat CPU 7 instructions: 60000013 cycles: 18526878 heartbeat IPC: 2.87 cumulative IPC: 2.861 (Simulation time: 01 hr 19 min 20 sec)
Heartbeat CPU 1 instructions: 60000013 cycles: 18536567 heartbeat IPC: 2.868 cumulative IPC: 2.858 (Simulation time: 01 hr 19 min 22 sec)
Heartbeat CPU 0 instructions: 70000009 cycles: 22018756 heartbeat IPC: 2.856 cumulative IPC: 2.861 (Simulation time: 01 hr 32 min 40 sec)
Heartbeat CPU 6 instructions: 70000009 cycles: 22018798 heartbeat IPC: 2.857 cumulative IPC: 2.861 (Simulation time: 01 hr 32 min 40 sec)
Heartbeat CPU 3 instructions: 70000009 cycles: 22019497 heartbeat IPC: 2.857 cumulative IPC: 2.861 (Simulation time: 01 hr 32 min 40 sec)
Heartbeat CPU 4 instructions: 70000014 cycles: 22023850 heartbeat IPC: 2.856 cumulative IPC: 2.86 (Simulation time: 01 hr 32 min 41 sec)
Heartbeat CPU 5 instructions: 70000009 cycles: 22025476 heartbeat IPC: 2.856 cumulative IPC: 2.86 (Simulation time: 01 hr 32 min 41 sec)
Heartbeat CPU 2 instructions: 70000014 cycles: 22026537 heartbeat IPC: 2.856 cumulative IPC: 2.86 (Simulation time: 01 hr 32 min 42 sec)
Heartbeat CPU 7 instructions: 70000014 cycles: 22030203 heartbeat IPC: 2.854 cumulative IPC: 2.859 (Simulation time: 01 hr 32 min 43 sec)
Heartbeat CPU 1 instructions: 70000014 cycles: 22043050 heartbeat IPC: 2.852 cumulative IPC: 2.857 (Simulation time: 01 hr 32 min 46 sec)
Simulation finished CPU 6 instructions: 50000002 cycles: 17473997 cumulative IPC: 2.861 (Simulation time: 01 hr 39 min 21 sec)
Simulation finished CPU 0 instructions: 50000003 cycles: 17474695 cumulative IPC: 2.861 (Simulation time: 01 hr 39 min 21 sec)
Simulation finished CPU 3 instructions: 50000002 cycles: 17474696 cumulative IPC: 2.861 (Simulation time: 01 hr 39 min 21 sec)
Simulation finished CPU 4 instructions: 50000002 cycles: 17478804 cumulative IPC: 2.861 (Simulation time: 01 hr 39 min 22 sec)
Simulation finished CPU 5 instructions: 50000000 cycles: 17481208 cumulative IPC: 2.86 (Simulation time: 01 hr 39 min 23 sec)
Simulation finished CPU 2 instructions: 50000003 cycles: 17481355 cumulative IPC: 2.86 (Simulation time: 01 hr 39 min 23 sec)
Simulation finished CPU 7 instructions: 50000000 cycles: 17486265 cumulative IPC: 2.859 (Simulation time: 01 hr 39 min 24 sec)
Simulation finished CPU 1 instructions: 50000002 cycles: 17500641 cumulative IPC: 2.857 (Simulation time: 01 hr 39 min 27 sec)
Simulation complete CPU 7 instructions: 50042508 cycles: 17500641 cumulative IPC: 2.859 (Simulation time: 01 hr 39 min 27 sec)
Simulation complete CPU 6 instructions: 50078901 cycles: 17500641 cumulative IPC: 2.862 (Simulation time: 01 hr 39 min 27 sec)
Simulation complete CPU 5 instructions: 50057341 cycles: 17500641 cumulative IPC: 2.86 (Simulation time: 01 hr 39 min 27 sec)
Simulation complete CPU 4 instructions: 50064576 cycles: 17500641 cumulative IPC: 2.861 (Simulation time: 01 hr 39 min 27 sec)
Simulation complete CPU 3 instructions: 50076745 cycles: 17500641 cumulative IPC: 2.861 (Simulation time: 01 hr 39 min 27 sec)
Simulation complete CPU 2 instructions: 50056924 cycles: 17500641 cumulative IPC: 2.86 (Simulation time: 01 hr 39 min 27 sec)
Simulation complete CPU 1 instructions: 50000002 cycles: 17500641 cumulative IPC: 2.857 (Simulation time: 01 hr 39 min 27 sec)
Simulation complete CPU 0 instructions: 50076740 cycles: 17500641 cumulative IPC: 2.861 (Simulation time: 01 hr 39 min 27 sec)

ChampSim completed all CPUs

=== Simulation ===
CPU 0 runs ../frost/TRACES/ctf/spec2017/641.leela_s-1052B.champsimtrace.xz
CPU 1 runs ../frost/TRACES/ctf/spec2017/641.leela_s-1052B.champsimtrace.xz
CPU 2 runs ../frost/TRACES/ctf/spec2017/641.leela_s-1052B.champsimtrace.xz
CPU 3 runs ../frost/TRACES/ctf/spec2017/641.leela_s-1052B.champsimtrace.xz
CPU 4 runs ../frost/TRACES/ctf/spec2017/641.leela_s-1052B.champsimtrace.xz
CPU 5 runs ../frost/TRACES/ctf/spec2017/641.leela_s-1052B.champsimtrace.xz
CPU 6 runs ../frost/TRACES/ctf/spec2017/641.leela_s-1052B.champsimtrace.xz
CPU 7 runs ../frost/TRACES/ctf/spec2017/641.leela_s-1052B.champsimtrace.xz

Total Simulation Statistics (not including warmup)

CPU 7 cumulative IPC: 2.859 instructions: 50042508 cycles: 17500641
CPU 7 Branch Prediction Accuracy: 100% MPKI: 0 Average ROB Occupancy at Mispredict: -
Branch type MPKI
BRANCH_DIRECT_JUMP: 0
BRANCH_INDIRECT: 0
BRANCH_CONDITIONAL: 0
BRANCH_DIRECT_CALL: 0
BRANCH_INDIRECT_CALL: 0
BRANCH_RETURN: 0


CPU 6 cumulative IPC: 2.862 instructions: 50078901 cycles: 17500641
CPU 6 Branch Prediction Accuracy: 100% MPKI: 0 Average ROB Occupancy at Mispredict: -
Branch type MPKI
BRANCH_DIRECT_JUMP: 0
BRANCH_INDIRECT: 0
BRANCH_CONDITIONAL: 0
BRANCH_DIRECT_CALL: 0
BRANCH_INDIRECT_CALL: 0
BRANCH_RETURN: 0


CPU 5 cumulative IPC: 2.86 instructions: 50057341 cycles: 17500641
CPU 5 Branch Prediction Accuracy: 100% MPKI: 0 Average ROB Occupancy at Mispredict: -
Branch type MPKI
BRANCH_DIRECT_JUMP: 0
BRANCH_INDIRECT: 0
BRANCH_CONDITIONAL: 0
BRANCH_DIRECT_CALL: 0
BRANCH_INDIRECT_CALL: 0
BRANCH_RETURN: 0


CPU 4 cumulative IPC: 2.861 instructions: 50064576 cycles: 17500641
CPU 4 Branch Prediction Accuracy: 100% MPKI: 0 Average ROB Occupancy at Mispredict: -
Branch type MPKI
BRANCH_DIRECT_JUMP: 0
BRANCH_INDIRECT: 0
BRANCH_CONDITIONAL: 0
BRANCH_DIRECT_CALL: 0
BRANCH_INDIRECT_CALL: 0
BRANCH_RETURN: 0


CPU 3 cumulative IPC: 2.861 instructions: 50076745 cycles: 17500641
CPU 3 Branch Prediction Accuracy: 100% MPKI: 0 Average ROB Occupancy at Mispredict: -
Branch type MPKI
BRANCH_DIRECT_JUMP: 0
BRANCH_INDIRECT: 0
BRANCH_CONDITIONAL: 0
BRANCH_DIRECT_CALL: 0
BRANCH_INDIRECT_CALL: 0
BRANCH_RETURN: 0


CPU 2 cumulative IPC: 2.86 instructions: 50056924 cycles: 17500641
CPU 2 Branch Prediction Accuracy: 100% MPKI: 0 Average ROB Occupancy at Mispredict: -
Branch type MPKI
BRANCH_DIRECT_JUMP: 0
BRANCH_INDIRECT: 0
BRANCH_CONDITIONAL: 0
BRANCH_DIRECT_CALL: 0
BRANCH_INDIRECT_CALL: 0
BRANCH_RETURN: 0


CPU 1 cumulative IPC: 2.857 instructions: 50000002 cycles: 17500641
CPU 1 Branch Prediction Accuracy: 100% MPKI: 0 Average ROB Occupancy at Mispredict: -
Branch type MPKI
BRANCH_DIRECT_JUMP: 0
BRANCH_INDIRECT: 0
BRANCH_CONDITIONAL: 0
BRANCH_DIRECT_CALL: 0
BRANCH_INDIRECT_CALL: 0
BRANCH_RETURN: 0


CPU 0 cumulative IPC: 2.861 instructions: 50076740 cycles: 17500641
CPU 0 Branch Prediction Accuracy: 100% MPKI: 0 Average ROB Occupancy at Mispredict: -
Branch type MPKI
BRANCH_DIRECT_JUMP: 0
BRANCH_INDIRECT: 0
BRANCH_CONDITIONAL: 0
BRANCH_DIRECT_CALL: 0
BRANCH_INDIRECT_CALL: 0
BRANCH_RETURN: 0

cpu7->cpu7_L2C TOTAL        ACCESS:     156251 HIT:     155081 MISS:       1170 MSHR_MERGE:          0
cpu7->cpu7_L2C LOAD         ACCESS:     110271 HIT:     109101 MISS:       1170 MSHR_MERGE:          0
cpu7->cpu7_L2C RFO          ACCESS:      16183 HIT:      16183 MISS:          0 MSHR_MERGE:          0
cpu7->cpu7_L2C PREFETCH     ACCESS:          0 HIT:          0 MISS:          0 MSHR_MERGE:          0
cpu7->cpu7_L2C WRITE        ACCESS:      29797 HIT:      29797 MISS:          0 MSHR_MERGE:          0
cpu7->cpu7_L2C TRANSLATION  ACCESS:          0 HIT:          0 MISS:          0 MSHR_MERGE:          0
cpu7->cpu7_L2C PREFETCH REQUESTED:          0 ISSUED:          0 USEFUL:          0 USELESS:          0
cpu7->cpu7_L2C AVERAGE MISS LATENCY: 88.52 cycles
cpu7->cpu7_L1I TOTAL        ACCESS:   10524002 HIT:   10517242 MISS:       6760 MSHR_MERGE:       3351
cpu7->cpu7_L1I LOAD         ACCESS:   10524002 HIT:   10517242 MISS:       6760 MSHR_MERGE:       3351
cpu7->cpu7_L1I RFO          ACCESS:          0 HIT:          0 MISS:          0 MSHR_MERGE:          0
cpu7->cpu7_L1I PREFETCH     ACCESS:          0 HIT:          0 MISS:          0 MSHR_MERGE:          0
cpu7->cpu7_L1I WRITE        ACCESS:          0 HIT:          0 MISS:          0 MSHR_MERGE:          0
cpu7->cpu7_L1I TRANSLATION  ACCESS:          0 HIT:          0 MISS:          0 MSHR_MERGE:          0
cpu7->cpu7_L1I PREFETCH REQUESTED:          0 ISSUED:          0 USEFUL:          0 USELESS:          0
cpu7->cpu7_L1I AVERAGE MISS LATENCY: 7.355 cycles
cpu7->cpu7_L1D TOTAL        ACCESS:   12842092 HIT:   12625952 MISS:     216140 MSHR_MERGE:      93094
cpu7->cpu7_L1D LOAD         ACCESS:    7183488 HIT:    7012104 MISS:     171384 MSHR_MERGE:      64522
cpu7->cpu7_L1D RFO          ACCESS:          0 HIT:          0 MISS:          0 MSHR_MERGE:          0
cpu7->cpu7_L1D PREFETCH     ACCESS:          0 HIT:          0 MISS:          0 MSHR_MERGE:          0
cpu7->cpu7_L1D WRITE        ACCESS:    5658604 HIT:    5613848 MISS:      44756 MSHR_MERGE:      28572
cpu7->cpu7_L1D TRANSLATION  ACCESS:          0 HIT:          0 MISS:          0 MSHR_MERGE:          0
cpu7->cpu7_L1D PREFETCH REQUESTED:          0 ISSUED:          0 USEFUL:          0 USELESS:          0
cpu7->cpu7_L1D AVERAGE MISS LATENCY: 8.867 cycles
cpu7->cpu7_ITLB TOTAL        ACCESS:    9457391 HIT:    9457391 MISS:          0 MSHR_MERGE:          0
cpu7->cpu7_ITLB LOAD         ACCESS:    9457391 HIT:    9457391 MISS:          0 MSHR_MERGE:          0
cpu7->cpu7_ITLB RFO          ACCESS:          0 HIT:          0 MISS:          0 MSHR_MERGE:          0
cpu7->cpu7_ITLB PREFETCH     ACCESS:          0 HIT:          0 MISS:          0 MSHR_MERGE:          0
cpu7->cpu7_ITLB WRITE        ACCESS:          0 HIT:          0 MISS:          0 MSHR_MERGE:          0
cpu7->cpu7_ITLB TRANSLATION  ACCESS:          0 HIT:          0 MISS:          0 MSHR_MERGE:          0
cpu7->cpu7_ITLB PREFETCH REQUESTED:          0 ISSUED:          0 USEFUL:          0 USELESS:          0
cpu7->cpu7_ITLB AVERAGE MISS LATENCY: - cycles
cpu7->cpu7_DTLB TOTAL        ACCESS:   11144961 HIT:   11144961 MISS:          0 MSHR_MERGE:          0
cpu7->cpu7_DTLB LOAD         ACCESS:   11144961 HIT:   11144961 MISS:          0 MSHR_MERGE:          0
cpu7->cpu7_DTLB RFO          ACCESS:          0 HIT:          0 MISS:          0 MSHR_MERGE:          0
cpu7->cpu7_DTLB PREFETCH     ACCESS:          0 HIT:          0 MISS:          0 MSHR_MERGE:          0
cpu7->cpu7_DTLB WRITE        ACCESS:          0 HIT:          0 MISS:          0 MSHR_MERGE:          0
cpu7->cpu7_DTLB TRANSLATION  ACCESS:          0 HIT:          0 MISS:          0 MSHR_MERGE:          0
cpu7->cpu7_DTLB PREFETCH REQUESTED:          0 ISSUED:          0 USEFUL:          0 USELESS:          0
cpu7->cpu7_DTLB AVERAGE MISS LATENCY: - cycles
cpu6->cpu6_L2C TOTAL        ACCESS:     156307 HIT:     155136 MISS:       1171 MSHR_MERGE:          0
cpu6->cpu6_L2C LOAD         ACCESS:     110314 HIT:     109143 MISS:       1171 MSHR_MERGE:          0
cpu6->cpu6_L2C RFO          ACCESS:      16183 HIT:      16183 MISS:          0 MSHR_MERGE:          0
cpu6->cpu6_L2C PREFETCH     ACCESS:          0 HIT:          0 MISS:          0 MSHR_MERGE:          0
cpu6->cpu6_L2C WRITE        ACCESS:      29810 HIT:      29810 MISS:          0 MSHR_MERGE:          0
cpu6->cpu6_L2C TRANSLATION  ACCESS:          0 HIT:          0 MISS:          0 MSHR_MERGE:          0
cpu6->cpu6_L2C PREFETCH REQUESTED:          0 ISSUED:          0 USEFUL:          0 USELESS:          0
cpu6->cpu6_L2C AVERAGE MISS LATENCY: 89.52 cycles
cpu6->cpu6_L1I TOTAL        ACCESS:   10526211 HIT:   10519453 MISS:       6758 MSHR_MERGE:       3348
cpu6->cpu6_L1I LOAD         ACCESS:   10526211 HIT:   10519453 MISS:       6758 MSHR_MERGE:       3348
cpu6->cpu6_L1I RFO          ACCESS:          0 HIT:          0 MISS:          0 MSHR_MERGE:          0
cpu6->cpu6_L1I PREFETCH     ACCESS:          0 HIT:          0 MISS:          0 MSHR_MERGE:          0
cpu6->cpu6_L1I WRITE        ACCESS:          0 HIT:          0 MISS:          0 MSHR_MERGE:          0
cpu6->cpu6_L1I TRANSLATION  ACCESS:          0 HIT:          0 MISS:          0 MSHR_MERGE:          0
cpu6->cpu6_L1I PREFETCH REQUESTED:          0 ISSUED:          0 USEFUL:          0 USELESS:          0
cpu6->cpu6_L1I AVERAGE MISS LATENCY: 7.354 cycles
cpu6->cpu6_L1D TOTAL        ACCESS:   12853205 HIT:   12636703 MISS:     216502 MSHR_MERGE:      93414
cpu6->cpu6_L1D LOAD         ACCESS:    7189879 HIT:    7018185 MISS:     171694 MSHR_MERGE:      64790
cpu6->cpu6_L1D RFO          ACCESS:          0 HIT:          0 MISS:          0 MSHR_MERGE:          0
cpu6->cpu6_L1D PREFETCH     ACCESS:          0 HIT:          0 MISS:          0 MSHR_MERGE:          0
cpu6->cpu6_L1D WRITE        ACCESS:    5663326 HIT:    5618518 MISS:      44808 MSHR_MERGE:      28624
cpu6->cpu6_L1D TRANSLATION  ACCESS:          0 HIT:          0 MISS:          0 MSHR_MERGE:          0
cpu6->cpu6_L1D PREFETCH REQUESTED:          0 ISSUED:          0 USEFUL:          0 USELESS:          0
cpu6->cpu6_L1D AVERAGE MISS LATENCY: 8.877 cycles
cpu6->cpu6_ITLB TOTAL        ACCESS:    9460572 HIT:    9460572 MISS:          0 MSHR_MERGE:          0
cpu6->cpu6_ITLB LOAD         ACCESS:    9460572 HIT:    9460572 MISS:          0 MSHR_MERGE:          0
cpu6->cpu6_ITLB RFO          ACCESS:          0 HIT:          0 MISS:          0 MSHR_MERGE:          0
cpu6->cpu6_ITLB PREFETCH     ACCESS:          0 HIT:          0 MISS:          0 MSHR_MERGE:          0
cpu6->cpu6_ITLB WRITE        ACCESS:          0 HIT:          0 MISS:          0 MSHR_MERGE:          0
cpu6->cpu6_ITLB TRANSLATION  ACCESS:          0 HIT:          0 MISS:          0 MSHR_MERGE:          0
cpu6->cpu6_ITLB PREFETCH REQUESTED:          0 ISSUED:          0 USEFUL:          0 USELESS:          0
cpu6->cpu6_ITLB AVERAGE MISS LATENCY: - cycles
cpu6->cpu6_DTLB TOTAL        ACCESS:   11182970 HIT:   11182970 MISS:          0 MSHR_MERGE:          0
cpu6->cpu6_DTLB LOAD         ACCESS:   11182970 HIT:   11182970 MISS:          0 MSHR_MERGE:          0
cpu6->cpu6_DTLB RFO          ACCESS:          0 HIT:          0 MISS:          0 MSHR_MERGE:          0
cpu6->cpu6_DTLB PREFETCH     ACCESS:          0 HIT:          0 MISS:          0 MSHR_MERGE:          0
cpu6->cpu6_DTLB WRITE        ACCESS:          0 HIT:          0 MISS:          0 MSHR_MERGE:          0
cpu6->cpu6_DTLB TRANSLATION  ACCESS:          0 HIT:          0 MISS:          0 MSHR_MERGE:          0
cpu6->cpu6_DTLB PREFETCH REQUESTED:          0 ISSUED:          0 USEFUL:          0 USELESS:          0
cpu6->cpu6_DTLB AVERAGE MISS LATENCY: - cycles
cpu5->cpu5_L2C TOTAL        ACCESS:     156279 HIT:     155108 MISS:       1171 MSHR_MERGE:          0
cpu5->cpu5_L2C LOAD         ACCESS:     110294 HIT:     109123 MISS:       1171 MSHR_MERGE:          0
cpu5->cpu5_L2C RFO          ACCESS:      16180 HIT:      16180 MISS:          0 MSHR_MERGE:          0
cpu5->cpu5_L2C PREFETCH     ACCESS:          0 HIT:          0 MISS:          0 MSHR_MERGE:          0
cpu5->cpu5_L2C WRITE        ACCESS:      29805 HIT:      29805 MISS:          0 MSHR_MERGE:          0
cpu5->cpu5_L2C TRANSLATION  ACCESS:          0 HIT:          0 MISS:          0 MSHR_MERGE:          0
cpu5->cpu5_L2C PREFETCH REQUESTED:          0 ISSUED:          0 USEFUL:          0 USELESS:          0
cpu5->cpu5_L2C AVERAGE MISS LATENCY: 89.27 cycles
cpu5->cpu5_L1I TOTAL        ACCESS:   10525890 HIT:   10519135 MISS:       6755 MSHR_MERGE:       3347
cpu5->cpu5_L1I LOAD         ACCESS:   10525890 HIT:   10519135 MISS:       6755 MSHR_MERGE:       3347
cpu5->cpu5_L1I RFO          ACCESS:          0 HIT:          0 MISS:          0 MSHR_MERGE:          0
cpu5->cpu5_L1I PREFETCH     ACCESS:          0 HIT:          0 MISS:          0 MSHR_MERGE:          0
cpu5->cpu5_L1I WRITE        ACCESS:          0 HIT:          0 MISS:          0 MSHR_MERGE:          0
cpu5->cpu5_L1I TRANSLATION  ACCESS:          0 HIT:          0 MISS:          0 MSHR_MERGE:          0
cpu5->cpu5_L1I PREFETCH REQUESTED:          0 ISSUED:          0 USEFUL:          0 USELESS:          0
cpu5->cpu5_L1I AVERAGE MISS LATENCY: 7.357 cycles
cpu5->cpu5_L1D TOTAL        ACCESS:   12848899 HIT:   12632564 MISS:     216335 MSHR_MERGE:      93266
cpu5->cpu5_L1D LOAD         ACCESS:    7187363 HIT:    7015866 MISS:     171497 MSHR_MERGE:      64611
cpu5->cpu5_L1D RFO          ACCESS:          0 HIT:          0 MISS:          0 MSHR_MERGE:          0
cpu5->cpu5_L1D PREFETCH     ACCESS:          0 HIT:          0 MISS:          0 MSHR_MERGE:          0
cpu5->cpu5_L1D WRITE        ACCESS:    5661536 HIT:    5616698 MISS:      44838 MSHR_MERGE:      28655
cpu5->cpu5_L1D TRANSLATION  ACCESS:          0 HIT:          0 MISS:          0 MSHR_MERGE:          0
cpu5->cpu5_L1D PREFETCH REQUESTED:          0 ISSUED:          0 USEFUL:          0 USELESS:          0
cpu5->cpu5_L1D AVERAGE MISS LATENCY: 8.87 cycles
cpu5->cpu5_ITLB TOTAL        ACCESS:    9458607 HIT:    9458607 MISS:          0 MSHR_MERGE:          0
cpu5->cpu5_ITLB LOAD         ACCESS:    9458607 HIT:    9458607 MISS:          0 MSHR_MERGE:          0
cpu5->cpu5_ITLB RFO          ACCESS:          0 HIT:          0 MISS:          0 MSHR_MERGE:          0
cpu5->cpu5_ITLB PREFETCH     ACCESS:          0 HIT:          0 MISS:          0 MSHR_MERGE:          0
cpu5->cpu5_ITLB WRITE        ACCESS:          0 HIT:          0 MISS:          0 MSHR_MERGE:          0
cpu5->cpu5_ITLB TRANSLATION  ACCESS:          0 HIT:          0 MISS:          0 MSHR_MERGE:          0
cpu5->cpu5_ITLB PREFETCH REQUESTED:          0 ISSUED:          0 USEFUL:          0 USELESS:          0
cpu5->cpu5_ITLB AVERAGE MISS LATENCY: - cycles
cpu5->cpu5_DTLB TOTAL        ACCESS:   11146867 HIT:   11146867 MISS:          0 MSHR_MERGE:          0
cpu5->cpu5_DTLB LOAD         ACCESS:   11146867 HIT:   11146867 MISS:          0 MSHR_MERGE:          0
cpu5->cpu5_DTLB RFO          ACCESS:          0 HIT:          0 MISS:          0 MSHR_MERGE:          0
cpu5->cpu5_DTLB PREFETCH     ACCESS:          0 HIT:          0 MISS:          0 MSHR_MERGE:          0
cpu5->cpu5_DTLB WRITE        ACCESS:          0 HIT:          0 MISS:          0 MSHR_MERGE:          0
cpu5->cpu5_DTLB TRANSLATION  ACCESS:          0 HIT:          0 MISS:          0 MSHR_MERGE:          0
cpu5->cpu5_DTLB PREFETCH REQUESTED:          0 ISSUED:          0 USEFUL:          0 USELESS:          0
cpu5->cpu5_DTLB AVERAGE MISS LATENCY: - cycles
cpu4->cpu4_L2C TOTAL        ACCESS:     156286 HIT:     155115 MISS:       1171 MSHR_MERGE:          0
cpu4->cpu4_L2C LOAD         ACCESS:     110298 HIT:     109127 MISS:       1171 MSHR_MERGE:          0
cpu4->cpu4_L2C RFO          ACCESS:      16184 HIT:      16184 MISS:          0 MSHR_MERGE:          0
cpu4->cpu4_L2C PREFETCH     ACCESS:          0 HIT:          0 MISS:          0 MSHR_MERGE:          0
cpu4->cpu4_L2C WRITE        ACCESS:      29804 HIT:      29804 MISS:          0 MSHR_MERGE:          0
cpu4->cpu4_L2C TRANSLATION  ACCESS:          0 HIT:          0 MISS:          0 MSHR_MERGE:          0
cpu4->cpu4_L2C PREFETCH REQUESTED:          0 ISSUED:          0 USEFUL:          0 USELESS:          0
cpu4->cpu4_L2C AVERAGE MISS LATENCY: 88.34 cycles
cpu4->cpu4_L1I TOTAL        ACCESS:   10527802 HIT:   10521046 MISS:       6756 MSHR_MERGE:       3346
cpu4->cpu4_L1I LOAD         ACCESS:   10527802 HIT:   10521046 MISS:       6756 MSHR_MERGE:       3346
cpu4->cpu4_L1I RFO          ACCESS:          0 HIT:          0 MISS:          0 MSHR_MERGE:          0
cpu4->cpu4_L1I PREFETCH     ACCESS:          0 HIT:          0 MISS:          0 MSHR_MERGE:          0
cpu4->cpu4_L1I WRITE        ACCESS:          0 HIT:          0 MISS:          0 MSHR_MERGE:          0
cpu4->cpu4_L1I TRANSLATION  ACCESS:          0 HIT:          0 MISS:          0 MSHR_MERGE:          0
cpu4->cpu4_L1I PREFETCH REQUESTED:          0 ISSUED:          0 USEFUL:          0 USELESS:          0
cpu4->cpu4_L1I AVERAGE MISS LATENCY: 7.356 cycles
cpu4->cpu4_L1D TOTAL        ACCESS:   12851720 HIT:   12635231 MISS:     216489 MSHR_MERGE:      93416
cpu4->cpu4_L1D LOAD         ACCESS:    7189234 HIT:    7017571 MISS:     171663 MSHR_MERGE:      64775
cpu4->cpu4_L1D RFO          ACCESS:          0 HIT:          0 MISS:          0 MSHR_MERGE:          0
cpu4->cpu4_L1D PREFETCH     ACCESS:          0 HIT:          0 MISS:          0 MSHR_MERGE:          0
cpu4->cpu4_L1D WRITE        ACCESS:    5662486 HIT:    5617660 MISS:      44826 MSHR_MERGE:      28641
cpu4->cpu4_L1D TRANSLATION  ACCESS:          0 HIT:          0 MISS:          0 MSHR_MERGE:          0
cpu4->cpu4_L1D PREFETCH REQUESTED:          0 ISSUED:          0 USEFUL:          0 USELESS:          0
cpu4->cpu4_L1D AVERAGE MISS LATENCY: 8.861 cycles
cpu4->cpu4_ITLB TOTAL        ACCESS:    9460386 HIT:    9460386 MISS:          0 MSHR_MERGE:          0
cpu4->cpu4_ITLB LOAD         ACCESS:    9460386 HIT:    9460386 MISS:          0 MSHR_MERGE:          0
cpu4->cpu4_ITLB RFO          ACCESS:          0 HIT:          0 MISS:          0 MSHR_MERGE:          0
cpu4->cpu4_ITLB PREFETCH     ACCESS:          0 HIT:          0 MISS:          0 MSHR_MERGE:          0
cpu4->cpu4_ITLB WRITE        ACCESS:          0 HIT:          0 MISS:          0 MSHR_MERGE:          0
cpu4->cpu4_ITLB TRANSLATION  ACCESS:          0 HIT:          0 MISS:          0 MSHR_MERGE:          0
cpu4->cpu4_ITLB PREFETCH REQUESTED:          0 ISSUED:          0 USEFUL:          0 USELESS:          0
cpu4->cpu4_ITLB AVERAGE MISS LATENCY: - cycles
cpu4->cpu4_DTLB TOTAL        ACCESS:   11148019 HIT:   11148019 MISS:          0 MSHR_MERGE:          0
cpu4->cpu4_DTLB LOAD         ACCESS:   11148019 HIT:   11148019 MISS:          0 MSHR_MERGE:          0
cpu4->cpu4_DTLB RFO          ACCESS:          0 HIT:          0 MISS:          0 MSHR_MERGE:          0
cpu4->cpu4_DTLB PREFETCH     ACCESS:          0 HIT:          0 MISS:          0 MSHR_MERGE:          0
cpu4->cpu4_DTLB WRITE        ACCESS:          0 HIT:          0 MISS:          0 MSHR_MERGE:          0
cpu4->cpu4_DTLB TRANSLATION  ACCESS:          0 HIT:          0 MISS:          0 MSHR_MERGE:          0
cpu4->cpu4_DTLB PREFETCH REQUESTED:          0 ISSUED:          0 USEFUL:          0 USELESS:          0
cpu4->cpu4_DTLB AVERAGE MISS LATENCY: - cycles
cpu3->cpu3_L2C TOTAL        ACCESS:     156301 HIT:     155130 MISS:       1171 MSHR_MERGE:          0
cpu3->cpu3_L2C LOAD         ACCESS:     110310 HIT:     109139 MISS:       1171 MSHR_MERGE:          0
cpu3->cpu3_L2C RFO          ACCESS:      16182 HIT:      16182 MISS:          0 MSHR_MERGE:          0
cpu3->cpu3_L2C PREFETCH     ACCESS:          0 HIT:          0 MISS:          0 MSHR_MERGE:          0
cpu3->cpu3_L2C WRITE        ACCESS:      29809 HIT:      29809 MISS:          0 MSHR_MERGE:          0
cpu3->cpu3_L2C TRANSLATION  ACCESS:          0 HIT:          0 MISS:          0 MSHR_MERGE:          0
cpu3->cpu3_L2C PREFETCH REQUESTED:          0 ISSUED:          0 USEFUL:          0 USELESS:          0
cpu3->cpu3_L2C AVERAGE MISS LATENCY: 89.04 cycles
cpu3->cpu3_L1I TOTAL        ACCESS:   10528473 HIT:   10521704 MISS:       6769 MSHR_MERGE:       3362
cpu3->cpu3_L1I LOAD         ACCESS:   10528473 HIT:   10521704 MISS:       6769 MSHR_MERGE:       3362
cpu3->cpu3_L1I RFO          ACCESS:          0 HIT:          0 MISS:          0 MSHR_MERGE:          0
cpu3->cpu3_L1I PREFETCH     ACCESS:          0 HIT:          0 MISS:          0 MSHR_MERGE:          0
cpu3->cpu3_L1I WRITE        ACCESS:          0 HIT:          0 MISS:          0 MSHR_MERGE:          0
cpu3->cpu3_L1I TRANSLATION  ACCESS:          0 HIT:          0 MISS:          0 MSHR_MERGE:          0
cpu3->cpu3_L1I PREFETCH REQUESTED:          0 ISSUED:          0 USEFUL:          0 USELESS:          0
cpu3->cpu3_L1I AVERAGE MISS LATENCY: 7.354 cycles
cpu3->cpu3_L1D TOTAL        ACCESS:   12856213 HIT:   12639810 MISS:     216403 MSHR_MERGE:      93318
cpu3->cpu3_L1D LOAD         ACCESS:    7192060 HIT:    7020469 MISS:     171591 MSHR_MERGE:      64688
cpu3->cpu3_L1D RFO          ACCESS:          0 HIT:          0 MISS:          0 MSHR_MERGE:          0
cpu3->cpu3_L1D PREFETCH     ACCESS:          0 HIT:          0 MISS:          0 MSHR_MERGE:          0
cpu3->cpu3_L1D WRITE        ACCESS:    5664153 HIT:    5619341 MISS:      44812 MSHR_MERGE:      28630
cpu3->cpu3_L1D TRANSLATION  ACCESS:          0 HIT:          0 MISS:          0 MSHR_MERGE:          0
cpu3->cpu3_L1D PREFETCH REQUESTED:          0 ISSUED:          0 USEFUL:          0 USELESS:          0
cpu3->cpu3_L1D AVERAGE MISS LATENCY: 8.871 cycles
cpu3->cpu3_ITLB TOTAL        ACCESS:    9482130 HIT:    9482130 MISS:          0 MSHR_MERGE:          0
cpu3->cpu3_ITLB LOAD         ACCESS:    9482130 HIT:    9482130 MISS:          0 MSHR_MERGE:          0
cpu3->cpu3_ITLB RFO          ACCESS:          0 HIT:          0 MISS:          0 MSHR_MERGE:          0
cpu3->cpu3_ITLB PREFETCH     ACCESS:          0 HIT:          0 MISS:          0 MSHR_MERGE:          0
cpu3->cpu3_ITLB WRITE        ACCESS:          0 HIT:          0 MISS:          0 MSHR_MERGE:          0
cpu3->cpu3_ITLB TRANSLATION  ACCESS:          0 HIT:          0 MISS:          0 MSHR_MERGE:          0
cpu3->cpu3_ITLB PREFETCH REQUESTED:          0 ISSUED:          0 USEFUL:          0 USELESS:          0
cpu3->cpu3_ITLB AVERAGE MISS LATENCY: - cycles
cpu3->cpu3_DTLB TOTAL        ACCESS:   11190434 HIT:   11190434 MISS:          0 MSHR_MERGE:          0
cpu3->cpu3_DTLB LOAD         ACCESS:   11190434 HIT:   11190434 MISS:          0 MSHR_MERGE:          0
cpu3->cpu3_DTLB RFO          ACCESS:          0 HIT:          0 MISS:          0 MSHR_MERGE:          0
cpu3->cpu3_DTLB PREFETCH     ACCESS:          0 HIT:          0 MISS:          0 MSHR_MERGE:          0
cpu3->cpu3_DTLB WRITE        ACCESS:          0 HIT:          0 MISS:          0 MSHR_MERGE:          0
cpu3->cpu3_DTLB TRANSLATION  ACCESS:          0 HIT:          0 MISS:          0 MSHR_MERGE:          0
cpu3->cpu3_DTLB PREFETCH REQUESTED:          0 ISSUED:          0 USEFUL:          0 USELESS:          0
cpu3->cpu3_DTLB AVERAGE MISS LATENCY: - cycles
cpu2->cpu2_L2C TOTAL        ACCESS:     156276 HIT:     155105 MISS:       1171 MSHR_MERGE:          0
cpu2->cpu2_L2C LOAD         ACCESS:     110288 HIT:     109117 MISS:       1171 MSHR_MERGE:          0
cpu2->cpu2_L2C RFO          ACCESS:      16186 HIT:      16186 MISS:          0 MSHR_MERGE:          0
cpu2->cpu2_L2C PREFETCH     ACCESS:          0 HIT:          0 MISS:          0 MSHR_MERGE:          0
cpu2->cpu2_L2C WRITE        ACCESS:      29802 HIT:      29802 MISS:          0 MSHR_MERGE:          0
cpu2->cpu2_L2C TRANSLATION  ACCESS:          0 HIT:          0 MISS:          0 MSHR_MERGE:          0
cpu2->cpu2_L2C PREFETCH REQUESTED:          0 ISSUED:          0 USEFUL:          0 USELESS:          0
cpu2->cpu2_L2C AVERAGE MISS LATENCY: 88.35 cycles
cpu2->cpu2_L1I TOTAL        ACCESS:   10526558 HIT:   10519792 MISS:       6766 MSHR_MERGE:       3357
cpu2->cpu2_L1I LOAD         ACCESS:   10526558 HIT:   10519792 MISS:       6766 MSHR_MERGE:       3357
cpu2->cpu2_L1I RFO          ACCESS:          0 HIT:          0 MISS:          0 MSHR_MERGE:          0
cpu2->cpu2_L1I PREFETCH     ACCESS:          0 HIT:          0 MISS:          0 MSHR_MERGE:          0
cpu2->cpu2_L1I WRITE        ACCESS:          0 HIT:          0 MISS:          0 MSHR_MERGE:          0
cpu2->cpu2_L1I TRANSLATION  ACCESS:          0 HIT:          0 MISS:          0 MSHR_MERGE:          0
cpu2->cpu2_L1I PREFETCH REQUESTED:          0 ISSUED:          0 USEFUL:          0 USELESS:          0
cpu2->cpu2_L1I AVERAGE MISS LATENCY: 7.353 cycles
cpu2->cpu2_L1D TOTAL        ACCESS:   12849209 HIT:   12632966 MISS:     216243 MSHR_MERGE:      93176
cpu2->cpu2_L1D LOAD         ACCESS:    7187841 HIT:    7016396 MISS:     171445 MSHR_MERGE:      64565
cpu2->cpu2_L1D RFO          ACCESS:          0 HIT:          0 MISS:          0 MSHR_MERGE:          0
cpu2->cpu2_L1D PREFETCH     ACCESS:          0 HIT:          0 MISS:          0 MSHR_MERGE:          0
cpu2->cpu2_L1D WRITE        ACCESS:    5661368 HIT:    5616570 MISS:      44798 MSHR_MERGE:      28611
cpu2->cpu2_L1D TRANSLATION  ACCESS:          0 HIT:          0 MISS:          0 MSHR_MERGE:          0
cpu2->cpu2_L1D PREFETCH REQUESTED:          0 ISSUED:          0 USEFUL:          0 USELESS:          0
cpu2->cpu2_L1D AVERAGE MISS LATENCY: 8.866 cycles
cpu2->cpu2_ITLB TOTAL        ACCESS:    9460729 HIT:    9460729 MISS:          0 MSHR_MERGE:          0
cpu2->cpu2_ITLB LOAD         ACCESS:    9460729 HIT:    9460729 MISS:          0 MSHR_MERGE:          0
cpu2->cpu2_ITLB RFO          ACCESS:          0 HIT:          0 MISS:          0 MSHR_MERGE:          0
cpu2->cpu2_ITLB PREFETCH     ACCESS:          0 HIT:          0 MISS:          0 MSHR_MERGE:          0
cpu2->cpu2_ITLB WRITE        ACCESS:          0 HIT:          0 MISS:          0 MSHR_MERGE:          0
cpu2->cpu2_ITLB TRANSLATION  ACCESS:          0 HIT:          0 MISS:          0 MSHR_MERGE:          0
cpu2->cpu2_ITLB PREFETCH REQUESTED:          0 ISSUED:          0 USEFUL:          0 USELESS:          0
cpu2->cpu2_ITLB AVERAGE MISS LATENCY: - cycles
cpu2->cpu2_DTLB TOTAL        ACCESS:   11145957 HIT:   11145957 MISS:          0 MSHR_MERGE:          0
cpu2->cpu2_DTLB LOAD         ACCESS:   11145957 HIT:   11145957 MISS:          0 MSHR_MERGE:          0
cpu2->cpu2_DTLB RFO          ACCESS:          0 HIT:          0 MISS:          0 MSHR_MERGE:          0
cpu2->cpu2_DTLB PREFETCH     ACCESS:          0 HIT:          0 MISS:          0 MSHR_MERGE:          0
cpu2->cpu2_DTLB WRITE        ACCESS:          0 HIT:          0 MISS:          0 MSHR_MERGE:          0
cpu2->cpu2_DTLB TRANSLATION  ACCESS:          0 HIT:          0 MISS:          0 MSHR_MERGE:          0
cpu2->cpu2_DTLB PREFETCH REQUESTED:          0 ISSUED:          0 USEFUL:          0 USELESS:          0
cpu2->cpu2_DTLB AVERAGE MISS LATENCY: - cycles
cpu1->cpu1_L2C TOTAL        ACCESS:     156165 HIT:     154995 MISS:       1170 MSHR_MERGE:          0
cpu1->cpu1_L2C LOAD         ACCESS:     110207 HIT:     109037 MISS:       1170 MSHR_MERGE:          0
cpu1->cpu1_L2C RFO          ACCESS:      16178 HIT:      16178 MISS:          0 MSHR_MERGE:          0
cpu1->cpu1_L2C PREFETCH     ACCESS:          0 HIT:          0 MISS:          0 MSHR_MERGE:          0
cpu1->cpu1_L2C WRITE        ACCESS:      29780 HIT:      29780 MISS:          0 MSHR_MERGE:          0
cpu1->cpu1_L2C TRANSLATION  ACCESS:          0 HIT:          0 MISS:          0 MSHR_MERGE:          0
cpu1->cpu1_L2C PREFETCH REQUESTED:          0 ISSUED:          0 USEFUL:          0 USELESS:          0
cpu1->cpu1_L2C AVERAGE MISS LATENCY: 88.48 cycles
cpu1->cpu1_L1I TOTAL        ACCESS:   10517669 HIT:   10510903 MISS:       6766 MSHR_MERGE:       3358
cpu1->cpu1_L1I LOAD         ACCESS:   10517669 HIT:   10510903 MISS:       6766 MSHR_MERGE:       3358
cpu1->cpu1_L1I RFO          ACCESS:          0 HIT:          0 MISS:          0 MSHR_MERGE:          0
cpu1->cpu1_L1I PREFETCH     ACCESS:          0 HIT:          0 MISS:          0 MSHR_MERGE:          0
cpu1->cpu1_L1I WRITE        ACCESS:          0 HIT:          0 MISS:          0 MSHR_MERGE:          0
cpu1->cpu1_L1I TRANSLATION  ACCESS:          0 HIT:          0 MISS:          0 MSHR_MERGE:          0
cpu1->cpu1_L1I PREFETCH REQUESTED:          0 ISSUED:          0 USEFUL:          0 USELESS:          0
cpu1->cpu1_L1I AVERAGE MISS LATENCY: 7.353 cycles
cpu1->cpu1_L1D TOTAL        ACCESS:   12832595 HIT:   12616432 MISS:     216163 MSHR_MERGE:      93186
cpu1->cpu1_L1D LOAD         ACCESS:    7178367 HIT:    7006970 MISS:     171397 MSHR_MERGE:      64598
cpu1->cpu1_L1D RFO          ACCESS:          0 HIT:          0 MISS:          0 MSHR_MERGE:          0
cpu1->cpu1_L1D PREFETCH     ACCESS:          0 HIT:          0 MISS:          0 MSHR_MERGE:          0
cpu1->cpu1_L1D WRITE        ACCESS:    5654228 HIT:    5609462 MISS:      44766 MSHR_MERGE:      28588
cpu1->cpu1_L1D TRANSLATION  ACCESS:          0 HIT:          0 MISS:          0 MSHR_MERGE:          0
cpu1->cpu1_L1D PREFETCH REQUESTED:          0 ISSUED:          0 USEFUL:          0 USELESS:          0
cpu1->cpu1_L1D AVERAGE MISS LATENCY: 8.866 cycles
cpu1->cpu1_ITLB TOTAL        ACCESS:    9472243 HIT:    9472243 MISS:          0 MSHR_MERGE:          0
cpu1->cpu1_ITLB LOAD         ACCESS:    9472243 HIT:    9472243 MISS:          0 MSHR_MERGE:          0
cpu1->cpu1_ITLB RFO          ACCESS:          0 HIT:          0 MISS:          0 MSHR_MERGE:          0
cpu1->cpu1_ITLB PREFETCH     ACCESS:          0 HIT:          0 MISS:          0 MSHR_MERGE:          0
cpu1->cpu1_ITLB WRITE        ACCESS:          0 HIT:          0 MISS:          0 MSHR_MERGE:          0
cpu1->cpu1_ITLB TRANSLATION  ACCESS:          0 HIT:          0 MISS:          0 MSHR_MERGE:          0
cpu1->cpu1_ITLB PREFETCH REQUESTED:          0 ISSUED:          0 USEFUL:          0 USELESS:          0
cpu1->cpu1_ITLB AVERAGE MISS LATENCY: - cycles
cpu1->cpu1_DTLB TOTAL        ACCESS:   11133889 HIT:   11133889 MISS:          0 MSHR_MERGE:          0
cpu1->cpu1_DTLB LOAD         ACCESS:   11133889 HIT:   11133889 MISS:          0 MSHR_MERGE:          0
cpu1->cpu1_DTLB RFO          ACCESS:          0 HIT:          0 MISS:          0 MSHR_MERGE:          0
cpu1->cpu1_DTLB PREFETCH     ACCESS:          0 HIT:          0 MISS:          0 MSHR_MERGE:          0
cpu1->cpu1_DTLB WRITE        ACCESS:          0 HIT:          0 MISS:          0 MSHR_MERGE:          0
cpu1->cpu1_DTLB TRANSLATION  ACCESS:          0 HIT:          0 MISS:          0 MSHR_MERGE:          0
cpu1->cpu1_DTLB PREFETCH REQUESTED:          0 ISSUED:          0 USEFUL:          0 USELESS:          0
cpu1->cpu1_DTLB AVERAGE MISS LATENCY: - cycles
cpu0->cpu0_L2C TOTAL        ACCESS:     156301 HIT:     155132 MISS:       1169 MSHR_MERGE:          0
cpu0->cpu0_L2C LOAD         ACCESS:     110317 HIT:     109148 MISS:       1169 MSHR_MERGE:          0
cpu0->cpu0_L2C RFO          ACCESS:      16174 HIT:      16174 MISS:          0 MSHR_MERGE:          0
cpu0->cpu0_L2C PREFETCH     ACCESS:          0 HIT:          0 MISS:          0 MSHR_MERGE:          0
cpu0->cpu0_L2C WRITE        ACCESS:      29810 HIT:      29810 MISS:          0 MSHR_MERGE:          0
cpu0->cpu0_L2C TRANSLATION  ACCESS:          0 HIT:          0 MISS:          0 MSHR_MERGE:          0
cpu0->cpu0_L2C PREFETCH REQUESTED:          0 ISSUED:          0 USEFUL:          0 USELESS:          0
cpu0->cpu0_L2C AVERAGE MISS LATENCY: 88.48 cycles
cpu0->cpu0_L1I TOTAL        ACCESS:   10528848 HIT:   10522082 MISS:       6766 MSHR_MERGE:       3357
cpu0->cpu0_L1I LOAD         ACCESS:   10528848 HIT:   10522082 MISS:       6766 MSHR_MERGE:       3357
cpu0->cpu0_L1I RFO          ACCESS:          0 HIT:          0 MISS:          0 MSHR_MERGE:          0
cpu0->cpu0_L1I PREFETCH     ACCESS:          0 HIT:          0 MISS:          0 MSHR_MERGE:          0
cpu0->cpu0_L1I WRITE        ACCESS:          0 HIT:          0 MISS:          0 MSHR_MERGE:          0
cpu0->cpu0_L1I TRANSLATION  ACCESS:          0 HIT:          0 MISS:          0 MSHR_MERGE:          0
cpu0->cpu0_L1I PREFETCH REQUESTED:          0 ISSUED:          0 USEFUL:          0 USELESS:          0
cpu0->cpu0_L1I AVERAGE MISS LATENCY: 7.38 cycles
cpu0->cpu0_L1D TOTAL        ACCESS:   12856115 HIT:   12639760 MISS:     216355 MSHR_MERGE:      93270
cpu0->cpu0_L1D LOAD         ACCESS:    7192117 HIT:    7020596 MISS:     171521 MSHR_MERGE:      64613
cpu0->cpu0_L1D RFO          ACCESS:          0 HIT:          0 MISS:          0 MSHR_MERGE:          0
cpu0->cpu0_L1D PREFETCH     ACCESS:          0 HIT:          0 MISS:          0 MSHR_MERGE:          0
cpu0->cpu0_L1D WRITE        ACCESS:    5663998 HIT:    5619164 MISS:      44834 MSHR_MERGE:      28657
cpu0->cpu0_L1D TRANSLATION  ACCESS:          0 HIT:          0 MISS:          0 MSHR_MERGE:          0
cpu0->cpu0_L1D PREFETCH REQUESTED:          0 ISSUED:          0 USEFUL:          0 USELESS:          0
cpu0->cpu0_L1D AVERAGE MISS LATENCY: 8.865 cycles
cpu0->cpu0_ITLB TOTAL        ACCESS:    9482196 HIT:    9482196 MISS:          0 MSHR_MERGE:          0
cpu0->cpu0_ITLB LOAD         ACCESS:    9482196 HIT:    9482196 MISS:          0 MSHR_MERGE:          0
cpu0->cpu0_ITLB RFO          ACCESS:          0 HIT:          0 MISS:          0 MSHR_MERGE:          0
cpu0->cpu0_ITLB PREFETCH     ACCESS:          0 HIT:          0 MISS:          0 MSHR_MERGE:          0
cpu0->cpu0_ITLB WRITE        ACCESS:          0 HIT:          0 MISS:          0 MSHR_MERGE:          0
cpu0->cpu0_ITLB TRANSLATION  ACCESS:          0 HIT:          0 MISS:          0 MSHR_MERGE:          0
cpu0->cpu0_ITLB PREFETCH REQUESTED:          0 ISSUED:          0 USEFUL:          0 USELESS:          0
cpu0->cpu0_ITLB AVERAGE MISS LATENCY: - cycles
cpu0->cpu0_DTLB TOTAL        ACCESS:   11186317 HIT:   11186317 MISS:          0 MSHR_MERGE:          0
cpu0->cpu0_DTLB LOAD         ACCESS:   11186317 HIT:   11186317 MISS:          0 MSHR_MERGE:          0
cpu0->cpu0_DTLB RFO          ACCESS:          0 HIT:          0 MISS:          0 MSHR_MERGE:          0
cpu0->cpu0_DTLB PREFETCH     ACCESS:          0 HIT:          0 MISS:          0 MSHR_MERGE:          0
cpu0->cpu0_DTLB WRITE        ACCESS:          0 HIT:          0 MISS:          0 MSHR_MERGE:          0
cpu0->cpu0_DTLB TRANSLATION  ACCESS:          0 HIT:          0 MISS:          0 MSHR_MERGE:          0
cpu0->cpu0_DTLB PREFETCH REQUESTED:          0 ISSUED:          0 USEFUL:          0 USELESS:          0
cpu0->cpu0_DTLB AVERAGE MISS LATENCY: - cycles
cpu0->LLC TOTAL        ACCESS:       1195 HIT:        644 MISS:        551 MSHR_MERGE:          0
cpu0->LLC LOAD         ACCESS:       1169 HIT:        621 MISS:        548 MSHR_MERGE:          0
cpu0->LLC RFO          ACCESS:          0 HIT:          0 MISS:          0 MSHR_MERGE:          0
cpu0->LLC PREFETCH     ACCESS:          0 HIT:          0 MISS:          0 MSHR_MERGE:          0
cpu0->LLC WRITE        ACCESS:         26 HIT:         23 MISS:          3 MSHR_MERGE:          0
cpu0->LLC TRANSLATION  ACCESS:          0 HIT:          0 MISS:          0 MSHR_MERGE:          0
cpu0->LLC PREFETCH REQUESTED:          0 ISSUED:          0 USEFUL:          0 USELESS:          0
cpu0->LLC AVERAGE MISS LATENCY: 1246 cycles
cpu1->LLC TOTAL        ACCESS:       1196 HIT:        644 MISS:        552 MSHR_MERGE:          0
cpu1->LLC LOAD         ACCESS:       1170 HIT:        621 MISS:        549 MSHR_MERGE:          0
cpu1->LLC RFO          ACCESS:          0 HIT:          0 MISS:          0 MSHR_MERGE:          0
cpu1->LLC PREFETCH     ACCESS:          0 HIT:          0 MISS:          0 MSHR_MERGE:          0
cpu1->LLC WRITE        ACCESS:         26 HIT:         23 MISS:          3 MSHR_MERGE:          0
cpu1->LLC TRANSLATION  ACCESS:          0 HIT:          0 MISS:          0 MSHR_MERGE:          0
cpu1->LLC PREFETCH REQUESTED:          0 ISSUED:          0 USEFUL:          0 USELESS:          0
cpu1->LLC AVERAGE MISS LATENCY: 1244 cycles
cpu2->LLC TOTAL        ACCESS:       1197 HIT:        645 MISS:        552 MSHR_MERGE:          0
cpu2->LLC LOAD         ACCESS:       1171 HIT:        622 MISS:        549 MSHR_MERGE:          0
cpu2->LLC RFO          ACCESS:          0 HIT:          0 MISS:          0 MSHR_MERGE:          0
cpu2->LLC PREFETCH     ACCESS:          0 HIT:          0 MISS:          0 MSHR_MERGE:          0
cpu2->LLC WRITE        ACCESS:         26 HIT:         23 MISS:          3 MSHR_MERGE:          0
cpu2->LLC TRANSLATION  ACCESS:          0 HIT:          0 MISS:          0 MSHR_MERGE:          0
cpu2->LLC PREFETCH REQUESTED:          0 ISSUED:          0 USEFUL:          0 USELESS:          0
cpu2->LLC AVERAGE MISS LATENCY: 1244 cycles
cpu3->LLC TOTAL        ACCESS:       1197 HIT:        645 MISS:        552 MSHR_MERGE:          0
cpu3->LLC LOAD         ACCESS:       1171 HIT:        622 MISS:        549 MSHR_MERGE:          0
cpu3->LLC RFO          ACCESS:          0 HIT:          0 MISS:          0 MSHR_MERGE:          0
cpu3->LLC PREFETCH     ACCESS:          0 HIT:          0 MISS:          0 MSHR_MERGE:          0
cpu3->LLC WRITE        ACCESS:         26 HIT:         23 MISS:          3 MSHR_MERGE:          0
cpu3->LLC TRANSLATION  ACCESS:          0 HIT:          0 MISS:          0 MSHR_MERGE:          0
cpu3->LLC PREFETCH REQUESTED:          0 ISSUED:          0 USEFUL:          0 USELESS:          0
cpu3->LLC AVERAGE MISS LATENCY: 1244 cycles
cpu4->LLC TOTAL        ACCESS:       1197 HIT:        645 MISS:        552 MSHR_MERGE:          0
cpu4->LLC LOAD         ACCESS:       1171 HIT:        622 MISS:        549 MSHR_MERGE:          0
cpu4->LLC RFO          ACCESS:          0 HIT:          0 MISS:          0 MSHR_MERGE:          0
cpu4->LLC PREFETCH     ACCESS:          0 HIT:          0 MISS:          0 MSHR_MERGE:          0
cpu4->LLC WRITE        ACCESS:         26 HIT:         23 MISS:          3 MSHR_MERGE:          0
cpu4->LLC TRANSLATION  ACCESS:          0 HIT:          0 MISS:          0 MSHR_MERGE:          0
cpu4->LLC PREFETCH REQUESTED:          0 ISSUED:          0 USEFUL:          0 USELESS:          0
cpu4->LLC AVERAGE MISS LATENCY: 1244 cycles
cpu5->LLC TOTAL        ACCESS:       1197 HIT:        645 MISS:        552 MSHR_MERGE:          0
cpu5->LLC LOAD         ACCESS:       1171 HIT:        622 MISS:        549 MSHR_MERGE:          0
cpu5->LLC RFO          ACCESS:          0 HIT:          0 MISS:          0 MSHR_MERGE:          0
cpu5->LLC PREFETCH     ACCESS:          0 HIT:          0 MISS:          0 MSHR_MERGE:          0
cpu5->LLC WRITE        ACCESS:         26 HIT:         23 MISS:          3 MSHR_MERGE:          0
cpu5->LLC TRANSLATION  ACCESS:          0 HIT:          0 MISS:          0 MSHR_MERGE:          0
cpu5->LLC PREFETCH REQUESTED:          0 ISSUED:          0 USEFUL:          0 USELESS:          0
cpu5->LLC AVERAGE MISS LATENCY: 1244 cycles
cpu6->LLC TOTAL        ACCESS:       1197 HIT:        645 MISS:        552 MSHR_MERGE:          0
cpu6->LLC LOAD         ACCESS:       1171 HIT:        622 MISS:        549 MSHR_MERGE:          0
cpu6->LLC RFO          ACCESS:          0 HIT:          0 MISS:          0 MSHR_MERGE:          0
cpu6->LLC PREFETCH     ACCESS:          0 HIT:          0 MISS:          0 MSHR_MERGE:          0
cpu6->LLC WRITE        ACCESS:         26 HIT:         23 MISS:          3 MSHR_MERGE:          0
cpu6->LLC TRANSLATION  ACCESS:          0 HIT:          0 MISS:          0 MSHR_MERGE:          0
cpu6->LLC PREFETCH REQUESTED:          0 ISSUED:          0 USEFUL:          0 USELESS:          0
cpu6->LLC AVERAGE MISS LATENCY: 1244 cycles
cpu7->LLC TOTAL        ACCESS:       1196 HIT:        644 MISS:        552 MSHR_MERGE:          0
cpu7->LLC LOAD         ACCESS:       1170 HIT:        621 MISS:        549 MSHR_MERGE:          0
cpu7->LLC RFO          ACCESS:          0 HIT:          0 MISS:          0 MSHR_MERGE:          0
cpu7->LLC PREFETCH     ACCESS:          0 HIT:          0 MISS:          0 MSHR_MERGE:          0
cpu7->LLC WRITE        ACCESS:         26 HIT:         23 MISS:          3 MSHR_MERGE:          0
cpu7->LLC TRANSLATION  ACCESS:          0 HIT:          0 MISS:          0 MSHR_MERGE:          0
cpu7->LLC PREFETCH REQUESTED:          0 ISSUED:          0 USEFUL:          0 USELESS:          0
cpu7->LLC AVERAGE MISS LATENCY: 1244 cycles

Region of Interest Statistics

CPU 7 cumulative IPC: 2.859 instructions: 50000000 cycles: 17486265
CPU 7 Branch Prediction Accuracy: 100% MPKI: 0 Average ROB Occupancy at Mispredict: -
Branch type MPKI
BRANCH_DIRECT_JUMP: 0
BRANCH_INDIRECT: 0
BRANCH_CONDITIONAL: 0
BRANCH_DIRECT_CALL: 0
BRANCH_INDIRECT_CALL: 0
BRANCH_RETURN: 0


CPU 6 cumulative IPC: 2.861 instructions: 50000002 cycles: 17473997
CPU 6 Branch Prediction Accuracy: 100% MPKI: 0 Average ROB Occupancy at Mispredict: -
Branch type MPKI
BRANCH_DIRECT_JUMP: 0
BRANCH_INDIRECT: 0
BRANCH_CONDITIONAL: 0
BRANCH_DIRECT_CALL: 0
BRANCH_INDIRECT_CALL: 0
BRANCH_RETURN: 0


CPU 5 cumulative IPC: 2.86 instructions: 50000000 cycles: 17481208
CPU 5 Branch Prediction Accuracy: 100% MPKI: 0 Average ROB Occupancy at Mispredict: -
Branch type MPKI
BRANCH_DIRECT_JUMP: 0
BRANCH_INDIRECT: 0
BRANCH_CONDITIONAL: 0
BRANCH_DIRECT_CALL: 0
BRANCH_INDIRECT_CALL: 0
BRANCH_RETURN: 0


CPU 4 cumulative IPC: 2.861 instructions: 50000002 cycles: 17478804
CPU 4 Branch Prediction Accuracy: 100% MPKI: 0 Average ROB Occupancy at Mispredict: -
Branch type MPKI
BRANCH_DIRECT_JUMP: 0
BRANCH_INDIRECT: 0
BRANCH_CONDITIONAL: 0
BRANCH_DIRECT_CALL: 0
BRANCH_INDIRECT_CALL: 0
BRANCH_RETURN: 0


CPU 3 cumulative IPC: 2.861 instructions: 50000002 cycles: 17474696
CPU 3 Branch Prediction Accuracy: 100% MPKI: 0 Average ROB Occupancy at Mispredict: -
Branch type MPKI
BRANCH_DIRECT_JUMP: 0
BRANCH_INDIRECT: 0
BRANCH_CONDITIONAL: 0
BRANCH_DIRECT_CALL: 0
BRANCH_INDIRECT_CALL: 0
BRANCH_RETURN: 0


CPU 2 cumulative IPC: 2.86 instructions: 50000003 cycles: 17481355
CPU 2 Branch Prediction Accuracy: 100% MPKI: 0 Average ROB Occupancy at Mispredict: -
Branch type MPKI
BRANCH_DIRECT_JUMP: 0
BRANCH_INDIRECT: 0
BRANCH_CONDITIONAL: 0
BRANCH_DIRECT_CALL: 0
BRANCH_INDIRECT_CALL: 0
BRANCH_RETURN: 0


CPU 1 cumulative IPC: 2.857 instructions: 50000002 cycles: 17500641
CPU 1 Branch Prediction Accuracy: 100% MPKI: 0 Average ROB Occupancy at Mispredict: -
Branch type MPKI
BRANCH_DIRECT_JUMP: 0
BRANCH_INDIRECT: 0
BRANCH_CONDITIONAL: 0
BRANCH_DIRECT_CALL: 0
BRANCH_INDIRECT_CALL: 0
BRANCH_RETURN: 0


CPU 0 cumulative IPC: 2.861 instructions: 50000003 cycles: 17474695
CPU 0 Branch Prediction Accuracy: 100% MPKI: 0 Average ROB Occupancy at Mispredict: -
Branch type MPKI
BRANCH_DIRECT_JUMP: 0
BRANCH_INDIRECT: 0
BRANCH_CONDITIONAL: 0
BRANCH_DIRECT_CALL: 0
BRANCH_INDIRECT_CALL: 0
BRANCH_RETURN: 0

cpu7->cpu7_L2C TOTAL        ACCESS:     156251 HIT:     155081 MISS:       1170 MSHR_MERGE:          0
cpu7->cpu7_L2C LOAD         ACCESS:     110271 HIT:     109101 MISS:       1170 MSHR_MERGE:          0
cpu7->cpu7_L2C RFO          ACCESS:      16183 HIT:      16183 MISS:          0 MSHR_MERGE:          0
cpu7->cpu7_L2C PREFETCH     ACCESS:          0 HIT:          0 MISS:          0 MSHR_MERGE:          0
cpu7->cpu7_L2C WRITE        ACCESS:      29797 HIT:      29797 MISS:          0 MSHR_MERGE:          0
cpu7->cpu7_L2C TRANSLATION  ACCESS:          0 HIT:          0 MISS:          0 MSHR_MERGE:          0
cpu7->cpu7_L2C PREFETCH REQUESTED:          0 ISSUED:          0 USEFUL:          0 USELESS:          0
cpu7->cpu7_L2C AVERAGE MISS LATENCY: 88.52 cycles
cpu7->cpu7_L1I TOTAL        ACCESS:   10524002 HIT:   10517242 MISS:       6760 MSHR_MERGE:       3351
cpu7->cpu7_L1I LOAD         ACCESS:   10524002 HIT:   10517242 MISS:       6760 MSHR_MERGE:       3351
cpu7->cpu7_L1I RFO          ACCESS:          0 HIT:          0 MISS:          0 MSHR_MERGE:          0
cpu7->cpu7_L1I PREFETCH     ACCESS:          0 HIT:          0 MISS:          0 MSHR_MERGE:          0
cpu7->cpu7_L1I WRITE        ACCESS:          0 HIT:          0 MISS:          0 MSHR_MERGE:          0
cpu7->cpu7_L1I TRANSLATION  ACCESS:          0 HIT:          0 MISS:          0 MSHR_MERGE:          0
cpu7->cpu7_L1I PREFETCH REQUESTED:          0 ISSUED:          0 USEFUL:          0 USELESS:          0
cpu7->cpu7_L1I AVERAGE MISS LATENCY: 7.355 cycles
cpu7->cpu7_L1D TOTAL        ACCESS:   12842092 HIT:   12625952 MISS:     216140 MSHR_MERGE:      93094
cpu7->cpu7_L1D LOAD         ACCESS:    7183488 HIT:    7012104 MISS:     171384 MSHR_MERGE:      64522
cpu7->cpu7_L1D RFO          ACCESS:          0 HIT:          0 MISS:          0 MSHR_MERGE:          0
cpu7->cpu7_L1D PREFETCH     ACCESS:          0 HIT:          0 MISS:          0 MSHR_MERGE:          0
cpu7->cpu7_L1D WRITE        ACCESS:    5658604 HIT:    5613848 MISS:      44756 MSHR_MERGE:      28572
cpu7->cpu7_L1D TRANSLATION  ACCESS:          0 HIT:          0 MISS:          0 MSHR_MERGE:          0
cpu7->cpu7_L1D PREFETCH REQUESTED:          0 ISSUED:          0 USEFUL:          0 USELESS:          0
cpu7->cpu7_L1D AVERAGE MISS LATENCY: 8.867 cycles
cpu7->cpu7_ITLB TOTAL        ACCESS:    9457391 HIT:    9457391 MISS:          0 MSHR_MERGE:          0
cpu7->cpu7_ITLB LOAD         ACCESS:    9457391 HIT:    9457391 MISS:          0 MSHR_MERGE:          0
cpu7->cpu7_ITLB RFO          ACCESS:          0 HIT:          0 MISS:          0 MSHR_MERGE:          0
cpu7->cpu7_ITLB PREFETCH     ACCESS:          0 HIT:          0 MISS:          0 MSHR_MERGE:          0
cpu7->cpu7_ITLB WRITE        ACCESS:          0 HIT:          0 MISS:          0 MSHR_MERGE:          0
cpu7->cpu7_ITLB TRANSLATION  ACCESS:          0 HIT:          0 MISS:          0 MSHR_MERGE:          0
cpu7->cpu7_ITLB PREFETCH REQUESTED:          0 ISSUED:          0 USEFUL:          0 USELESS:          0
cpu7->cpu7_ITLB AVERAGE MISS LATENCY: - cycles
cpu7->cpu7_DTLB TOTAL        ACCESS:   11144961 HIT:   11144961 MISS:          0 MSHR_MERGE:          0
cpu7->cpu7_DTLB LOAD         ACCESS:   11144961 HIT:   11144961 MISS:          0 MSHR_MERGE:          0
cpu7->cpu7_DTLB RFO          ACCESS:          0 HIT:          0 MISS:          0 MSHR_MERGE:          0
cpu7->cpu7_DTLB PREFETCH     ACCESS:          0 HIT:          0 MISS:          0 MSHR_MERGE:          0
cpu7->cpu7_DTLB WRITE        ACCESS:          0 HIT:          0 MISS:          0 MSHR_MERGE:          0
cpu7->cpu7_DTLB TRANSLATION  ACCESS:          0 HIT:          0 MISS:          0 MSHR_MERGE:          0
cpu7->cpu7_DTLB PREFETCH REQUESTED:          0 ISSUED:          0 USEFUL:          0 USELESS:          0
cpu7->cpu7_DTLB AVERAGE MISS LATENCY: - cycles
cpu6->cpu6_L2C TOTAL        ACCESS:     156307 HIT:     155136 MISS:       1171 MSHR_MERGE:          0
cpu6->cpu6_L2C LOAD         ACCESS:     110314 HIT:     109143 MISS:       1171 MSHR_MERGE:          0
cpu6->cpu6_L2C RFO          ACCESS:      16183 HIT:      16183 MISS:          0 MSHR_MERGE:          0
cpu6->cpu6_L2C PREFETCH     ACCESS:          0 HIT:          0 MISS:          0 MSHR_MERGE:          0
cpu6->cpu6_L2C WRITE        ACCESS:      29810 HIT:      29810 MISS:          0 MSHR_MERGE:          0
cpu6->cpu6_L2C TRANSLATION  ACCESS:          0 HIT:          0 MISS:          0 MSHR_MERGE:          0
cpu6->cpu6_L2C PREFETCH REQUESTED:          0 ISSUED:          0 USEFUL:          0 USELESS:          0
cpu6->cpu6_L2C AVERAGE MISS LATENCY: 89.52 cycles
cpu6->cpu6_L1I TOTAL        ACCESS:   10526211 HIT:   10519453 MISS:       6758 MSHR_MERGE:       3348
cpu6->cpu6_L1I LOAD         ACCESS:   10526211 HIT:   10519453 MISS:       6758 MSHR_MERGE:       3348
cpu6->cpu6_L1I RFO          ACCESS:          0 HIT:          0 MISS:          0 MSHR_MERGE:          0
cpu6->cpu6_L1I PREFETCH     ACCESS:          0 HIT:          0 MISS:          0 MSHR_MERGE:          0
cpu6->cpu6_L1I WRITE        ACCESS:          0 HIT:          0 MISS:          0 MSHR_MERGE:          0
cpu6->cpu6_L1I TRANSLATION  ACCESS:          0 HIT:          0 MISS:          0 MSHR_MERGE:          0
cpu6->cpu6_L1I PREFETCH REQUESTED:          0 ISSUED:          0 USEFUL:          0 USELESS:          0
cpu6->cpu6_L1I AVERAGE MISS LATENCY: 7.354 cycles
cpu6->cpu6_L1D TOTAL        ACCESS:   12853205 HIT:   12636703 MISS:     216502 MSHR_MERGE:      93414
cpu6->cpu6_L1D LOAD         ACCESS:    7189879 HIT:    7018185 MISS:     171694 MSHR_MERGE:      64790
cpu6->cpu6_L1D RFO          ACCESS:          0 HIT:          0 MISS:          0 MSHR_MERGE:          0
cpu6->cpu6_L1D PREFETCH     ACCESS:          0 HIT:          0 MISS:          0 MSHR_MERGE:          0
cpu6->cpu6_L1D WRITE        ACCESS:    5663326 HIT:    5618518 MISS:      44808 MSHR_MERGE:      28624
cpu6->cpu6_L1D TRANSLATION  ACCESS:          0 HIT:          0 MISS:          0 MSHR_MERGE:          0
cpu6->cpu6_L1D PREFETCH REQUESTED:          0 ISSUED:          0 USEFUL:          0 USELESS:          0
cpu6->cpu6_L1D AVERAGE MISS LATENCY: 8.877 cycles
cpu6->cpu6_ITLB TOTAL        ACCESS:    9460572 HIT:    9460572 MISS:          0 MSHR_MERGE:          0
cpu6->cpu6_ITLB LOAD         ACCESS:    9460572 HIT:    9460572 MISS:          0 MSHR_MERGE:          0
cpu6->cpu6_ITLB RFO          ACCESS:          0 HIT:          0 MISS:          0 MSHR_MERGE:          0
cpu6->cpu6_ITLB PREFETCH     ACCESS:          0 HIT:          0 MISS:          0 MSHR_MERGE:          0
cpu6->cpu6_ITLB WRITE        ACCESS:          0 HIT:          0 MISS:          0 MSHR_MERGE:          0
cpu6->cpu6_ITLB TRANSLATION  ACCESS:          0 HIT:          0 MISS:          0 MSHR_MERGE:          0
cpu6->cpu6_ITLB PREFETCH REQUESTED:          0 ISSUED:          0 USEFUL:          0 USELESS:          0
cpu6->cpu6_ITLB AVERAGE MISS LATENCY: - cycles
cpu6->cpu6_DTLB TOTAL        ACCESS:   11182970 HIT:   11182970 MISS:          0 MSHR_MERGE:          0
cpu6->cpu6_DTLB LOAD         ACCESS:   11182970 HIT:   11182970 MISS:          0 MSHR_MERGE:          0
cpu6->cpu6_DTLB RFO          ACCESS:          0 HIT:          0 MISS:          0 MSHR_MERGE:          0
cpu6->cpu6_DTLB PREFETCH     ACCESS:          0 HIT:          0 MISS:          0 MSHR_MERGE:          0
cpu6->cpu6_DTLB WRITE        ACCESS:          0 HIT:          0 MISS:          0 MSHR_MERGE:          0
cpu6->cpu6_DTLB TRANSLATION  ACCESS:          0 HIT:          0 MISS:          0 MSHR_MERGE:          0
cpu6->cpu6_DTLB PREFETCH REQUESTED:          0 ISSUED:          0 USEFUL:          0 USELESS:          0
cpu6->cpu6_DTLB AVERAGE MISS LATENCY: - cycles
cpu5->cpu5_L2C TOTAL        ACCESS:     156279 HIT:     155108 MISS:       1171 MSHR_MERGE:          0
cpu5->cpu5_L2C LOAD         ACCESS:     110294 HIT:     109123 MISS:       1171 MSHR_MERGE:          0
cpu5->cpu5_L2C RFO          ACCESS:      16180 HIT:      16180 MISS:          0 MSHR_MERGE:          0
cpu5->cpu5_L2C PREFETCH     ACCESS:          0 HIT:          0 MISS:          0 MSHR_MERGE:          0
cpu5->cpu5_L2C WRITE        ACCESS:      29805 HIT:      29805 MISS:          0 MSHR_MERGE:          0
cpu5->cpu5_L2C TRANSLATION  ACCESS:          0 HIT:          0 MISS:          0 MSHR_MERGE:          0
cpu5->cpu5_L2C PREFETCH REQUESTED:          0 ISSUED:          0 USEFUL:          0 USELESS:          0
cpu5->cpu5_L2C AVERAGE MISS LATENCY: 89.27 cycles
cpu5->cpu5_L1I TOTAL        ACCESS:   10525890 HIT:   10519135 MISS:       6755 MSHR_MERGE:       3347
cpu5->cpu5_L1I LOAD         ACCESS:   10525890 HIT:   10519135 MISS:       6755 MSHR_MERGE:       3347
cpu5->cpu5_L1I RFO          ACCESS:          0 HIT:          0 MISS:          0 MSHR_MERGE:          0
cpu5->cpu5_L1I PREFETCH     ACCESS:          0 HIT:          0 MISS:          0 MSHR_MERGE:          0
cpu5->cpu5_L1I WRITE        ACCESS:          0 HIT:          0 MISS:          0 MSHR_MERGE:          0
cpu5->cpu5_L1I TRANSLATION  ACCESS:          0 HIT:          0 MISS:          0 MSHR_MERGE:          0
cpu5->cpu5_L1I PREFETCH REQUESTED:          0 ISSUED:          0 USEFUL:          0 USELESS:          0
cpu5->cpu5_L1I AVERAGE MISS LATENCY: 7.357 cycles
cpu5->cpu5_L1D TOTAL        ACCESS:   12848899 HIT:   12632564 MISS:     216335 MSHR_MERGE:      93266
cpu5->cpu5_L1D LOAD         ACCESS:    7187363 HIT:    7015866 MISS:     171497 MSHR_MERGE:      64611
cpu5->cpu5_L1D RFO          ACCESS:          0 HIT:          0 MISS:          0 MSHR_MERGE:          0
cpu5->cpu5_L1D PREFETCH     ACCESS:          0 HIT:          0 MISS:          0 MSHR_MERGE:          0
cpu5->cpu5_L1D WRITE        ACCESS:    5661536 HIT:    5616698 MISS:      44838 MSHR_MERGE:      28655
cpu5->cpu5_L1D TRANSLATION  ACCESS:          0 HIT:          0 MISS:          0 MSHR_MERGE:          0
cpu5->cpu5_L1D PREFETCH REQUESTED:          0 ISSUED:          0 USEFUL:          0 USELESS:          0
cpu5->cpu5_L1D AVERAGE MISS LATENCY: 8.87 cycles
cpu5->cpu5_ITLB TOTAL        ACCESS:    9458607 HIT:    9458607 MISS:          0 MSHR_MERGE:          0
cpu5->cpu5_ITLB LOAD         ACCESS:    9458607 HIT:    9458607 MISS:          0 MSHR_MERGE:          0
cpu5->cpu5_ITLB RFO          ACCESS:          0 HIT:          0 MISS:          0 MSHR_MERGE:          0
cpu5->cpu5_ITLB PREFETCH     ACCESS:          0 HIT:          0 MISS:          0 MSHR_MERGE:          0
cpu5->cpu5_ITLB WRITE        ACCESS:          0 HIT:          0 MISS:          0 MSHR_MERGE:          0
cpu5->cpu5_ITLB TRANSLATION  ACCESS:          0 HIT:          0 MISS:          0 MSHR_MERGE:          0
cpu5->cpu5_ITLB PREFETCH REQUESTED:          0 ISSUED:          0 USEFUL:          0 USELESS:          0
cpu5->cpu5_ITLB AVERAGE MISS LATENCY: - cycles
cpu5->cpu5_DTLB TOTAL        ACCESS:   11146867 HIT:   11146867 MISS:          0 MSHR_MERGE:          0
cpu5->cpu5_DTLB LOAD         ACCESS:   11146867 HIT:   11146867 MISS:          0 MSHR_MERGE:          0
cpu5->cpu5_DTLB RFO          ACCESS:          0 HIT:          0 MISS:          0 MSHR_MERGE:          0
cpu5->cpu5_DTLB PREFETCH     ACCESS:          0 HIT:          0 MISS:          0 MSHR_MERGE:          0
cpu5->cpu5_DTLB WRITE        ACCESS:          0 HIT:          0 MISS:          0 MSHR_MERGE:          0
cpu5->cpu5_DTLB TRANSLATION  ACCESS:          0 HIT:          0 MISS:          0 MSHR_MERGE:          0
cpu5->cpu5_DTLB PREFETCH REQUESTED:          0 ISSUED:          0 USEFUL:          0 USELESS:          0
cpu5->cpu5_DTLB AVERAGE MISS LATENCY: - cycles
cpu4->cpu4_L2C TOTAL        ACCESS:     156286 HIT:     155115 MISS:       1171 MSHR_MERGE:          0
cpu4->cpu4_L2C LOAD         ACCESS:     110298 HIT:     109127 MISS:       1171 MSHR_MERGE:          0
cpu4->cpu4_L2C RFO          ACCESS:      16184 HIT:      16184 MISS:          0 MSHR_MERGE:          0
cpu4->cpu4_L2C PREFETCH     ACCESS:          0 HIT:          0 MISS:          0 MSHR_MERGE:          0
cpu4->cpu4_L2C WRITE        ACCESS:      29804 HIT:      29804 MISS:          0 MSHR_MERGE:          0
cpu4->cpu4_L2C TRANSLATION  ACCESS:          0 HIT:          0 MISS:          0 MSHR_MERGE:          0
cpu4->cpu4_L2C PREFETCH REQUESTED:          0 ISSUED:          0 USEFUL:          0 USELESS:          0
cpu4->cpu4_L2C AVERAGE MISS LATENCY: 88.34 cycles
cpu4->cpu4_L1I TOTAL        ACCESS:   10527802 HIT:   10521046 MISS:       6756 MSHR_MERGE:       3346
cpu4->cpu4_L1I LOAD         ACCESS:   10527802 HIT:   10521046 MISS:       6756 MSHR_MERGE:       3346
cpu4->cpu4_L1I RFO          ACCESS:          0 HIT:          0 MISS:          0 MSHR_MERGE:          0
cpu4->cpu4_L1I PREFETCH     ACCESS:          0 HIT:          0 MISS:          0 MSHR_MERGE:          0
cpu4->cpu4_L1I WRITE        ACCESS:          0 HIT:          0 MISS:          0 MSHR_MERGE:          0
cpu4->cpu4_L1I TRANSLATION  ACCESS:          0 HIT:          0 MISS:          0 MSHR_MERGE:          0
cpu4->cpu4_L1I PREFETCH REQUESTED:          0 ISSUED:          0 USEFUL:          0 USELESS:          0
cpu4->cpu4_L1I AVERAGE MISS LATENCY: 7.356 cycles
cpu4->cpu4_L1D TOTAL        ACCESS:   12851720 HIT:   12635231 MISS:     216489 MSHR_MERGE:      93416
cpu4->cpu4_L1D LOAD         ACCESS:    7189234 HIT:    7017571 MISS:     171663 MSHR_MERGE:      64775
cpu4->cpu4_L1D RFO          ACCESS:          0 HIT:          0 MISS:          0 MSHR_MERGE:          0
cpu4->cpu4_L1D PREFETCH     ACCESS:          0 HIT:          0 MISS:          0 MSHR_MERGE:          0
cpu4->cpu4_L1D WRITE        ACCESS:    5662486 HIT:    5617660 MISS:      44826 MSHR_MERGE:      28641
cpu4->cpu4_L1D TRANSLATION  ACCESS:          0 HIT:          0 MISS:          0 MSHR_MERGE:          0
cpu4->cpu4_L1D PREFETCH REQUESTED:          0 ISSUED:          0 USEFUL:          0 USELESS:          0
cpu4->cpu4_L1D AVERAGE MISS LATENCY: 8.861 cycles
cpu4->cpu4_ITLB TOTAL        ACCESS:    9460386 HIT:    9460386 MISS:          0 MSHR_MERGE:          0
cpu4->cpu4_ITLB LOAD         ACCESS:    9460386 HIT:    9460386 MISS:          0 MSHR_MERGE:          0
cpu4->cpu4_ITLB RFO          ACCESS:          0 HIT:          0 MISS:          0 MSHR_MERGE:          0
cpu4->cpu4_ITLB PREFETCH     ACCESS:          0 HIT:          0 MISS:          0 MSHR_MERGE:          0
cpu4->cpu4_ITLB WRITE        ACCESS:          0 HIT:          0 MISS:          0 MSHR_MERGE:          0
cpu4->cpu4_ITLB TRANSLATION  ACCESS:          0 HIT:          0 MISS:          0 MSHR_MERGE:          0
cpu4->cpu4_ITLB PREFETCH REQUESTED:          0 ISSUED:          0 USEFUL:          0 USELESS:          0
cpu4->cpu4_ITLB AVERAGE MISS LATENCY: - cycles
cpu4->cpu4_DTLB TOTAL        ACCESS:   11148019 HIT:   11148019 MISS:          0 MSHR_MERGE:          0
cpu4->cpu4_DTLB LOAD         ACCESS:   11148019 HIT:   11148019 MISS:          0 MSHR_MERGE:          0
cpu4->cpu4_DTLB RFO          ACCESS:          0 HIT:          0 MISS:          0 MSHR_MERGE:          0
cpu4->cpu4_DTLB PREFETCH     ACCESS:          0 HIT:          0 MISS:          0 MSHR_MERGE:          0
cpu4->cpu4_DTLB WRITE        ACCESS:          0 HIT:          0 MISS:          0 MSHR_MERGE:          0
cpu4->cpu4_DTLB TRANSLATION  ACCESS:          0 HIT:          0 MISS:          0 MSHR_MERGE:          0
cpu4->cpu4_DTLB PREFETCH REQUESTED:          0 ISSUED:          0 USEFUL:          0 USELESS:          0
cpu4->cpu4_DTLB AVERAGE MISS LATENCY: - cycles
cpu3->cpu3_L2C TOTAL        ACCESS:     156301 HIT:     155130 MISS:       1171 MSHR_MERGE:          0
cpu3->cpu3_L2C LOAD         ACCESS:     110310 HIT:     109139 MISS:       1171 MSHR_MERGE:          0
cpu3->cpu3_L2C RFO          ACCESS:      16182 HIT:      16182 MISS:          0 MSHR_MERGE:          0
cpu3->cpu3_L2C PREFETCH     ACCESS:          0 HIT:          0 MISS:          0 MSHR_MERGE:          0
cpu3->cpu3_L2C WRITE        ACCESS:      29809 HIT:      29809 MISS:          0 MSHR_MERGE:          0
cpu3->cpu3_L2C TRANSLATION  ACCESS:          0 HIT:          0 MISS:          0 MSHR_MERGE:          0
cpu3->cpu3_L2C PREFETCH REQUESTED:          0 ISSUED:          0 USEFUL:          0 USELESS:          0
cpu3->cpu3_L2C AVERAGE MISS LATENCY: 89.04 cycles
cpu3->cpu3_L1I TOTAL        ACCESS:   10528473 HIT:   10521704 MISS:       6769 MSHR_MERGE:       3362
cpu3->cpu3_L1I LOAD         ACCESS:   10528473 HIT:   10521704 MISS:       6769 MSHR_MERGE:       3362
cpu3->cpu3_L1I RFO          ACCESS:          0 HIT:          0 MISS:          0 MSHR_MERGE:          0
cpu3->cpu3_L1I PREFETCH     ACCESS:          0 HIT:          0 MISS:          0 MSHR_MERGE:          0
cpu3->cpu3_L1I WRITE        ACCESS:          0 HIT:          0 MISS:          0 MSHR_MERGE:          0
cpu3->cpu3_L1I TRANSLATION  ACCESS:          0 HIT:          0 MISS:          0 MSHR_MERGE:          0
cpu3->cpu3_L1I PREFETCH REQUESTED:          0 ISSUED:          0 USEFUL:          0 USELESS:          0
cpu3->cpu3_L1I AVERAGE MISS LATENCY: 7.354 cycles
cpu3->cpu3_L1D TOTAL        ACCESS:   12856213 HIT:   12639810 MISS:     216403 MSHR_MERGE:      93318
cpu3->cpu3_L1D LOAD         ACCESS:    7192060 HIT:    7020469 MISS:     171591 MSHR_MERGE:      64688
cpu3->cpu3_L1D RFO          ACCESS:          0 HIT:          0 MISS:          0 MSHR_MERGE:          0
cpu3->cpu3_L1D PREFETCH     ACCESS:          0 HIT:          0 MISS:          0 MSHR_MERGE:          0
cpu3->cpu3_L1D WRITE        ACCESS:    5664153 HIT:    5619341 MISS:      44812 MSHR_MERGE:      28630
cpu3->cpu3_L1D TRANSLATION  ACCESS:          0 HIT:          0 MISS:          0 MSHR_MERGE:          0
cpu3->cpu3_L1D PREFETCH REQUESTED:          0 ISSUED:          0 USEFUL:          0 USELESS:          0
cpu3->cpu3_L1D AVERAGE MISS LATENCY: 8.871 cycles
cpu3->cpu3_ITLB TOTAL        ACCESS:    9482130 HIT:    9482130 MISS:          0 MSHR_MERGE:          0
cpu3->cpu3_ITLB LOAD         ACCESS:    9482130 HIT:    9482130 MISS:          0 MSHR_MERGE:          0
cpu3->cpu3_ITLB RFO          ACCESS:          0 HIT:          0 MISS:          0 MSHR_MERGE:          0
cpu3->cpu3_ITLB PREFETCH     ACCESS:          0 HIT:          0 MISS:          0 MSHR_MERGE:          0
cpu3->cpu3_ITLB WRITE        ACCESS:          0 HIT:          0 MISS:          0 MSHR_MERGE:          0
cpu3->cpu3_ITLB TRANSLATION  ACCESS:          0 HIT:          0 MISS:          0 MSHR_MERGE:          0
cpu3->cpu3_ITLB PREFETCH REQUESTED:          0 ISSUED:          0 USEFUL:          0 USELESS:          0
cpu3->cpu3_ITLB AVERAGE MISS LATENCY: - cycles
cpu3->cpu3_DTLB TOTAL        ACCESS:   11190434 HIT:   11190434 MISS:          0 MSHR_MERGE:          0
cpu3->cpu3_DTLB LOAD         ACCESS:   11190434 HIT:   11190434 MISS:          0 MSHR_MERGE:          0
cpu3->cpu3_DTLB RFO          ACCESS:          0 HIT:          0 MISS:          0 MSHR_MERGE:          0
cpu3->cpu3_DTLB PREFETCH     ACCESS:          0 HIT:          0 MISS:          0 MSHR_MERGE:          0
cpu3->cpu3_DTLB WRITE        ACCESS:          0 HIT:          0 MISS:          0 MSHR_MERGE:          0
cpu3->cpu3_DTLB TRANSLATION  ACCESS:          0 HIT:          0 MISS:          0 MSHR_MERGE:          0
cpu3->cpu3_DTLB PREFETCH REQUESTED:          0 ISSUED:          0 USEFUL:          0 USELESS:          0
cpu3->cpu3_DTLB AVERAGE MISS LATENCY: - cycles
cpu2->cpu2_L2C TOTAL        ACCESS:     156276 HIT:     155105 MISS:       1171 MSHR_MERGE:          0
cpu2->cpu2_L2C LOAD         ACCESS:     110288 HIT:     109117 MISS:       1171 MSHR_MERGE:          0
cpu2->cpu2_L2C RFO          ACCESS:      16186 HIT:      16186 MISS:          0 MSHR_MERGE:          0
cpu2->cpu2_L2C PREFETCH     ACCESS:          0 HIT:          0 MISS:          0 MSHR_MERGE:          0
cpu2->cpu2_L2C WRITE        ACCESS:      29802 HIT:      29802 MISS:          0 MSHR_MERGE:          0
cpu2->cpu2_L2C TRANSLATION  ACCESS:          0 HIT:          0 MISS:          0 MSHR_MERGE:          0
cpu2->cpu2_L2C PREFETCH REQUESTED:          0 ISSUED:          0 USEFUL:          0 USELESS:          0
cpu2->cpu2_L2C AVERAGE MISS LATENCY: 88.35 cycles
cpu2->cpu2_L1I TOTAL        ACCESS:   10526558 HIT:   10519792 MISS:       6766 MSHR_MERGE:       3357
cpu2->cpu2_L1I LOAD         ACCESS:   10526558 HIT:   10519792 MISS:       6766 MSHR_MERGE:       3357
cpu2->cpu2_L1I RFO          ACCESS:          0 HIT:          0 MISS:          0 MSHR_MERGE:          0
cpu2->cpu2_L1I PREFETCH     ACCESS:          0 HIT:          0 MISS:          0 MSHR_MERGE:          0
cpu2->cpu2_L1I WRITE        ACCESS:          0 HIT:          0 MISS:          0 MSHR_MERGE:          0
cpu2->cpu2_L1I TRANSLATION  ACCESS:          0 HIT:          0 MISS:          0 MSHR_MERGE:          0
cpu2->cpu2_L1I PREFETCH REQUESTED:          0 ISSUED:          0 USEFUL:          0 USELESS:          0
cpu2->cpu2_L1I AVERAGE MISS LATENCY: 7.353 cycles
cpu2->cpu2_L1D TOTAL        ACCESS:   12849209 HIT:   12632966 MISS:     216243 MSHR_MERGE:      93176
cpu2->cpu2_L1D LOAD         ACCESS:    7187841 HIT:    7016396 MISS:     171445 MSHR_MERGE:      64565
cpu2->cpu2_L1D RFO          ACCESS:          0 HIT:          0 MISS:          0 MSHR_MERGE:          0
cpu2->cpu2_L1D PREFETCH     ACCESS:          0 HIT:          0 MISS:          0 MSHR_MERGE:          0
cpu2->cpu2_L1D WRITE        ACCESS:    5661368 HIT:    5616570 MISS:      44798 MSHR_MERGE:      28611
cpu2->cpu2_L1D TRANSLATION  ACCESS:          0 HIT:          0 MISS:          0 MSHR_MERGE:          0
cpu2->cpu2_L1D PREFETCH REQUESTED:          0 ISSUED:          0 USEFUL:          0 USELESS:          0
cpu2->cpu2_L1D AVERAGE MISS LATENCY: 8.866 cycles
cpu2->cpu2_ITLB TOTAL        ACCESS:    9460729 HIT:    9460729 MISS:          0 MSHR_MERGE:          0
cpu2->cpu2_ITLB LOAD         ACCESS:    9460729 HIT:    9460729 MISS:          0 MSHR_MERGE:          0
cpu2->cpu2_ITLB RFO          ACCESS:          0 HIT:          0 MISS:          0 MSHR_MERGE:          0
cpu2->cpu2_ITLB PREFETCH     ACCESS:          0 HIT:          0 MISS:          0 MSHR_MERGE:          0
cpu2->cpu2_ITLB WRITE        ACCESS:          0 HIT:          0 MISS:          0 MSHR_MERGE:          0
cpu2->cpu2_ITLB TRANSLATION  ACCESS:          0 HIT:          0 MISS:          0 MSHR_MERGE:          0
cpu2->cpu2_ITLB PREFETCH REQUESTED:          0 ISSUED:          0 USEFUL:          0 USELESS:          0
cpu2->cpu2_ITLB AVERAGE MISS LATENCY: - cycles
cpu2->cpu2_DTLB TOTAL        ACCESS:   11145957 HIT:   11145957 MISS:          0 MSHR_MERGE:          0
cpu2->cpu2_DTLB LOAD         ACCESS:   11145957 HIT:   11145957 MISS:          0 MSHR_MERGE:          0
cpu2->cpu2_DTLB RFO          ACCESS:          0 HIT:          0 MISS:          0 MSHR_MERGE:          0
cpu2->cpu2_DTLB PREFETCH     ACCESS:          0 HIT:          0 MISS:          0 MSHR_MERGE:          0
cpu2->cpu2_DTLB WRITE        ACCESS:          0 HIT:          0 MISS:          0 MSHR_MERGE:          0
cpu2->cpu2_DTLB TRANSLATION  ACCESS:          0 HIT:          0 MISS:          0 MSHR_MERGE:          0
cpu2->cpu2_DTLB PREFETCH REQUESTED:          0 ISSUED:          0 USEFUL:          0 USELESS:          0
cpu2->cpu2_DTLB AVERAGE MISS LATENCY: - cycles
cpu1->cpu1_L2C TOTAL        ACCESS:     156165 HIT:     154995 MISS:       1170 MSHR_MERGE:          0
cpu1->cpu1_L2C LOAD         ACCESS:     110207 HIT:     109037 MISS:       1170 MSHR_MERGE:          0
cpu1->cpu1_L2C RFO          ACCESS:      16178 HIT:      16178 MISS:          0 MSHR_MERGE:          0
cpu1->cpu1_L2C PREFETCH     ACCESS:          0 HIT:          0 MISS:          0 MSHR_MERGE:          0
cpu1->cpu1_L2C WRITE        ACCESS:      29780 HIT:      29780 MISS:          0 MSHR_MERGE:          0
cpu1->cpu1_L2C TRANSLATION  ACCESS:          0 HIT:          0 MISS:          0 MSHR_MERGE:          0
cpu1->cpu1_L2C PREFETCH REQUESTED:          0 ISSUED:          0 USEFUL:          0 USELESS:          0
cpu1->cpu1_L2C AVERAGE MISS LATENCY: 88.48 cycles
cpu1->cpu1_L1I TOTAL        ACCESS:   10517669 HIT:   10510903 MISS:       6766 MSHR_MERGE:       3358
cpu1->cpu1_L1I LOAD         ACCESS:   10517669 HIT:   10510903 MISS:       6766 MSHR_MERGE:       3358
cpu1->cpu1_L1I RFO          ACCESS:          0 HIT:          0 MISS:          0 MSHR_MERGE:          0
cpu1->cpu1_L1I PREFETCH     ACCESS:          0 HIT:          0 MISS:          0 MSHR_MERGE:          0
cpu1->cpu1_L1I WRITE        ACCESS:          0 HIT:          0 MISS:          0 MSHR_MERGE:          0
cpu1->cpu1_L1I TRANSLATION  ACCESS:          0 HIT:          0 MISS:          0 MSHR_MERGE:          0
cpu1->cpu1_L1I PREFETCH REQUESTED:          0 ISSUED:          0 USEFUL:          0 USELESS:          0
cpu1->cpu1_L1I AVERAGE MISS LATENCY: 7.353 cycles
cpu1->cpu1_L1D TOTAL        ACCESS:   12832595 HIT:   12616432 MISS:     216163 MSHR_MERGE:      93186
cpu1->cpu1_L1D LOAD         ACCESS:    7178367 HIT:    7006970 MISS:     171397 MSHR_MERGE:      64598
cpu1->cpu1_L1D RFO          ACCESS:          0 HIT:          0 MISS:          0 MSHR_MERGE:          0
cpu1->cpu1_L1D PREFETCH     ACCESS:          0 HIT:          0 MISS:          0 MSHR_MERGE:          0
cpu1->cpu1_L1D WRITE        ACCESS:    5654228 HIT:    5609462 MISS:      44766 MSHR_MERGE:      28588
cpu1->cpu1_L1D TRANSLATION  ACCESS:          0 HIT:          0 MISS:          0 MSHR_MERGE:          0
cpu1->cpu1_L1D PREFETCH REQUESTED:          0 ISSUED:          0 USEFUL:          0 USELESS:          0
cpu1->cpu1_L1D AVERAGE MISS LATENCY: 8.866 cycles
cpu1->cpu1_ITLB TOTAL        ACCESS:    9472243 HIT:    9472243 MISS:          0 MSHR_MERGE:          0
cpu1->cpu1_ITLB LOAD         ACCESS:    9472243 HIT:    9472243 MISS:          0 MSHR_MERGE:          0
cpu1->cpu1_ITLB RFO          ACCESS:          0 HIT:          0 MISS:          0 MSHR_MERGE:          0
cpu1->cpu1_ITLB PREFETCH     ACCESS:          0 HIT:          0 MISS:          0 MSHR_MERGE:          0
cpu1->cpu1_ITLB WRITE        ACCESS:          0 HIT:          0 MISS:          0 MSHR_MERGE:          0
cpu1->cpu1_ITLB TRANSLATION  ACCESS:          0 HIT:          0 MISS:          0 MSHR_MERGE:          0
cpu1->cpu1_ITLB PREFETCH REQUESTED:          0 ISSUED:          0 USEFUL:          0 USELESS:          0
cpu1->cpu1_ITLB AVERAGE MISS LATENCY: - cycles
cpu1->cpu1_DTLB TOTAL        ACCESS:   11133889 HIT:   11133889 MISS:          0 MSHR_MERGE:          0
cpu1->cpu1_DTLB LOAD         ACCESS:   11133889 HIT:   11133889 MISS:          0 MSHR_MERGE:          0
cpu1->cpu1_DTLB RFO          ACCESS:          0 HIT:          0 MISS:          0 MSHR_MERGE:          0
cpu1->cpu1_DTLB PREFETCH     ACCESS:          0 HIT:          0 MISS:          0 MSHR_MERGE:          0
cpu1->cpu1_DTLB WRITE        ACCESS:          0 HIT:          0 MISS:          0 MSHR_MERGE:          0
cpu1->cpu1_DTLB TRANSLATION  ACCESS:          0 HIT:          0 MISS:          0 MSHR_MERGE:          0
cpu1->cpu1_DTLB PREFETCH REQUESTED:          0 ISSUED:          0 USEFUL:          0 USELESS:          0
cpu1->cpu1_DTLB AVERAGE MISS LATENCY: - cycles
cpu0->cpu0_L2C TOTAL        ACCESS:     156301 HIT:     155132 MISS:       1169 MSHR_MERGE:          0
cpu0->cpu0_L2C LOAD         ACCESS:     110317 HIT:     109148 MISS:       1169 MSHR_MERGE:          0
cpu0->cpu0_L2C RFO          ACCESS:      16174 HIT:      16174 MISS:          0 MSHR_MERGE:          0
cpu0->cpu0_L2C PREFETCH     ACCESS:          0 HIT:          0 MISS:          0 MSHR_MERGE:          0
cpu0->cpu0_L2C WRITE        ACCESS:      29810 HIT:      29810 MISS:          0 MSHR_MERGE:          0
cpu0->cpu0_L2C TRANSLATION  ACCESS:          0 HIT:          0 MISS:          0 MSHR_MERGE:          0
cpu0->cpu0_L2C PREFETCH REQUESTED:          0 ISSUED:          0 USEFUL:          0 USELESS:          0
cpu0->cpu0_L2C AVERAGE MISS LATENCY: 88.48 cycles
cpu0->cpu0_L1I TOTAL        ACCESS:   10528848 HIT:   10522082 MISS:       6766 MSHR_MERGE:       3357
cpu0->cpu0_L1I LOAD         ACCESS:   10528848 HIT:   10522082 MISS:       6766 MSHR_MERGE:       3357
cpu0->cpu0_L1I RFO          ACCESS:          0 HIT:          0 MISS:          0 MSHR_MERGE:          0
cpu0->cpu0_L1I PREFETCH     ACCESS:          0 HIT:          0 MISS:          0 MSHR_MERGE:          0
cpu0->cpu0_L1I WRITE        ACCESS:          0 HIT:          0 MISS:          0 MSHR_MERGE:          0
cpu0->cpu0_L1I TRANSLATION  ACCESS:          0 HIT:          0 MISS:          0 MSHR_MERGE:          0
cpu0->cpu0_L1I PREFETCH REQUESTED:          0 ISSUED:          0 USEFUL:          0 USELESS:          0
cpu0->cpu0_L1I AVERAGE MISS LATENCY: 7.38 cycles
cpu0->cpu0_L1D TOTAL        ACCESS:   12856115 HIT:   12639760 MISS:     216355 MSHR_MERGE:      93270
cpu0->cpu0_L1D LOAD         ACCESS:    7192117 HIT:    7020596 MISS:     171521 MSHR_MERGE:      64613
cpu0->cpu0_L1D RFO          ACCESS:          0 HIT:          0 MISS:          0 MSHR_MERGE:          0
cpu0->cpu0_L1D PREFETCH     ACCESS:          0 HIT:          0 MISS:          0 MSHR_MERGE:          0
cpu0->cpu0_L1D WRITE        ACCESS:    5663998 HIT:    5619164 MISS:      44834 MSHR_MERGE:      28657
cpu0->cpu0_L1D TRANSLATION  ACCESS:          0 HIT:          0 MISS:          0 MSHR_MERGE:          0
cpu0->cpu0_L1D PREFETCH REQUESTED:          0 ISSUED:          0 USEFUL:          0 USELESS:          0
cpu0->cpu0_L1D AVERAGE MISS LATENCY: 8.865 cycles
cpu0->cpu0_ITLB TOTAL        ACCESS:    9482196 HIT:    9482196 MISS:          0 MSHR_MERGE:          0
cpu0->cpu0_ITLB LOAD         ACCESS:    9482196 HIT:    9482196 MISS:          0 MSHR_MERGE:          0
cpu0->cpu0_ITLB RFO          ACCESS:          0 HIT:          0 MISS:          0 MSHR_MERGE:          0
cpu0->cpu0_ITLB PREFETCH     ACCESS:          0 HIT:          0 MISS:          0 MSHR_MERGE:          0
cpu0->cpu0_ITLB WRITE        ACCESS:          0 HIT:          0 MISS:          0 MSHR_MERGE:          0
cpu0->cpu0_ITLB TRANSLATION  ACCESS:          0 HIT:          0 MISS:          0 MSHR_MERGE:          0
cpu0->cpu0_ITLB PREFETCH REQUESTED:          0 ISSUED:          0 USEFUL:          0 USELESS:          0
cpu0->cpu0_ITLB AVERAGE MISS LATENCY: - cycles
cpu0->cpu0_DTLB TOTAL        ACCESS:   11186317 HIT:   11186317 MISS:          0 MSHR_MERGE:          0
cpu0->cpu0_DTLB LOAD         ACCESS:   11186317 HIT:   11186317 MISS:          0 MSHR_MERGE:          0
cpu0->cpu0_DTLB RFO          ACCESS:          0 HIT:          0 MISS:          0 MSHR_MERGE:          0
cpu0->cpu0_DTLB PREFETCH     ACCESS:          0 HIT:          0 MISS:          0 MSHR_MERGE:          0
cpu0->cpu0_DTLB WRITE        ACCESS:          0 HIT:          0 MISS:          0 MSHR_MERGE:          0
cpu0->cpu0_DTLB TRANSLATION  ACCESS:          0 HIT:          0 MISS:          0 MSHR_MERGE:          0
cpu0->cpu0_DTLB PREFETCH REQUESTED:          0 ISSUED:          0 USEFUL:          0 USELESS:          0
cpu0->cpu0_DTLB AVERAGE MISS LATENCY: - cycles
cpu0->LLC TOTAL        ACCESS:       1195 HIT:        644 MISS:        551 MSHR_MERGE:          0
cpu0->LLC LOAD         ACCESS:       1169 HIT:        621 MISS:        548 MSHR_MERGE:          0
cpu0->LLC RFO          ACCESS:          0 HIT:          0 MISS:          0 MSHR_MERGE:          0
cpu0->LLC PREFETCH     ACCESS:          0 HIT:          0 MISS:          0 MSHR_MERGE:          0
cpu0->LLC WRITE        ACCESS:         26 HIT:         23 MISS:          3 MSHR_MERGE:          0
cpu0->LLC TRANSLATION  ACCESS:          0 HIT:          0 MISS:          0 MSHR_MERGE:          0
cpu0->LLC PREFETCH REQUESTED:          0 ISSUED:          0 USEFUL:          0 USELESS:          0
cpu0->LLC AVERAGE MISS LATENCY: 1246 cycles
cpu1->LLC TOTAL        ACCESS:       1196 HIT:        644 MISS:        552 MSHR_MERGE:          0
cpu1->LLC LOAD         ACCESS:       1170 HIT:        621 MISS:        549 MSHR_MERGE:          0
cpu1->LLC RFO          ACCESS:          0 HIT:          0 MISS:          0 MSHR_MERGE:          0
cpu1->LLC PREFETCH     ACCESS:          0 HIT:          0 MISS:          0 MSHR_MERGE:          0
cpu1->LLC WRITE        ACCESS:         26 HIT:         23 MISS:          3 MSHR_MERGE:          0
cpu1->LLC TRANSLATION  ACCESS:          0 HIT:          0 MISS:          0 MSHR_MERGE:          0
cpu1->LLC PREFETCH REQUESTED:          0 ISSUED:          0 USEFUL:          0 USELESS:          0
cpu1->LLC AVERAGE MISS LATENCY: 1244 cycles
cpu2->LLC TOTAL        ACCESS:       1197 HIT:        645 MISS:        552 MSHR_MERGE:          0
cpu2->LLC LOAD         ACCESS:       1171 HIT:        622 MISS:        549 MSHR_MERGE:          0
cpu2->LLC RFO          ACCESS:          0 HIT:          0 MISS:          0 MSHR_MERGE:          0
cpu2->LLC PREFETCH     ACCESS:          0 HIT:          0 MISS:          0 MSHR_MERGE:          0
cpu2->LLC WRITE        ACCESS:         26 HIT:         23 MISS:          3 MSHR_MERGE:          0
cpu2->LLC TRANSLATION  ACCESS:          0 HIT:          0 MISS:          0 MSHR_MERGE:          0
cpu2->LLC PREFETCH REQUESTED:          0 ISSUED:          0 USEFUL:          0 USELESS:          0
cpu2->LLC AVERAGE MISS LATENCY: 1244 cycles
cpu3->LLC TOTAL        ACCESS:       1197 HIT:        645 MISS:        552 MSHR_MERGE:          0
cpu3->LLC LOAD         ACCESS:       1171 HIT:        622 MISS:        549 MSHR_MERGE:          0
cpu3->LLC RFO          ACCESS:          0 HIT:          0 MISS:          0 MSHR_MERGE:          0
cpu3->LLC PREFETCH     ACCESS:          0 HIT:          0 MISS:          0 MSHR_MERGE:          0
cpu3->LLC WRITE        ACCESS:         26 HIT:         23 MISS:          3 MSHR_MERGE:          0
cpu3->LLC TRANSLATION  ACCESS:          0 HIT:          0 MISS:          0 MSHR_MERGE:          0
cpu3->LLC PREFETCH REQUESTED:          0 ISSUED:          0 USEFUL:          0 USELESS:          0
cpu3->LLC AVERAGE MISS LATENCY: 1244 cycles
cpu4->LLC TOTAL        ACCESS:       1197 HIT:        645 MISS:        552 MSHR_MERGE:          0
cpu4->LLC LOAD         ACCESS:       1171 HIT:        622 MISS:        549 MSHR_MERGE:          0
cpu4->LLC RFO          ACCESS:          0 HIT:          0 MISS:          0 MSHR_MERGE:          0
cpu4->LLC PREFETCH     ACCESS:          0 HIT:          0 MISS:          0 MSHR_MERGE:          0
cpu4->LLC WRITE        ACCESS:         26 HIT:         23 MISS:          3 MSHR_MERGE:          0
cpu4->LLC TRANSLATION  ACCESS:          0 HIT:          0 MISS:          0 MSHR_MERGE:          0
cpu4->LLC PREFETCH REQUESTED:          0 ISSUED:          0 USEFUL:          0 USELESS:          0
cpu4->LLC AVERAGE MISS LATENCY: 1244 cycles
cpu5->LLC TOTAL        ACCESS:       1197 HIT:        645 MISS:        552 MSHR_MERGE:          0
cpu5->LLC LOAD         ACCESS:       1171 HIT:        622 MISS:        549 MSHR_MERGE:          0
cpu5->LLC RFO          ACCESS:          0 HIT:          0 MISS:          0 MSHR_MERGE:          0
cpu5->LLC PREFETCH     ACCESS:          0 HIT:          0 MISS:          0 MSHR_MERGE:          0
cpu5->LLC WRITE        ACCESS:         26 HIT:         23 MISS:          3 MSHR_MERGE:          0
cpu5->LLC TRANSLATION  ACCESS:          0 HIT:          0 MISS:          0 MSHR_MERGE:          0
cpu5->LLC PREFETCH REQUESTED:          0 ISSUED:          0 USEFUL:          0 USELESS:          0
cpu5->LLC AVERAGE MISS LATENCY: 1244 cycles
cpu6->LLC TOTAL        ACCESS:       1197 HIT:        645 MISS:        552 MSHR_MERGE:          0
cpu6->LLC LOAD         ACCESS:       1171 HIT:        622 MISS:        549 MSHR_MERGE:          0
cpu6->LLC RFO          ACCESS:          0 HIT:          0 MISS:          0 MSHR_MERGE:          0
cpu6->LLC PREFETCH     ACCESS:          0 HIT:          0 MISS:          0 MSHR_MERGE:          0
cpu6->LLC WRITE        ACCESS:         26 HIT:         23 MISS:          3 MSHR_MERGE:          0
cpu6->LLC TRANSLATION  ACCESS:          0 HIT:          0 MISS:          0 MSHR_MERGE:          0
cpu6->LLC PREFETCH REQUESTED:          0 ISSUED:          0 USEFUL:          0 USELESS:          0
cpu6->LLC AVERAGE MISS LATENCY: 1244 cycles
cpu7->LLC TOTAL        ACCESS:       1196 HIT:        644 MISS:        552 MSHR_MERGE:          0
cpu7->LLC LOAD         ACCESS:       1170 HIT:        621 MISS:        549 MSHR_MERGE:          0
cpu7->LLC RFO          ACCESS:          0 HIT:          0 MISS:          0 MSHR_MERGE:          0
cpu7->LLC PREFETCH     ACCESS:          0 HIT:          0 MISS:          0 MSHR_MERGE:          0
cpu7->LLC WRITE        ACCESS:         26 HIT:         23 MISS:          3 MSHR_MERGE:          0
cpu7->LLC TRANSLATION  ACCESS:          0 HIT:          0 MISS:          0 MSHR_MERGE:          0
cpu7->LLC PREFETCH REQUESTED:          0 ISSUED:          0 USEFUL:          0 USELESS:          0
cpu7->LLC AVERAGE MISS LATENCY: 1244 cycles

DRAM Statistics

Channel 0 READ REQS:       2088	WRITE REQS:          0
  READS:       2088	READ_HITS:          8
  WRITES:          0	WRITE HITS:          0
  ACTIVATES:       2080	PRECHARGES:       2080
  RQ FULL:          0	WQ FULL:          0
  WRITE DRAINS:          0	FORCED:          0
  MEAN WRITE IMBALANCE: nan       
  READ OCCU PRE DRAIN: nan       	POST DRAIN: nan       
  MEAN WLP: nan       
  READ LATENCY: 36.26580459770115

Channel 1 READ REQS:       2303	WRITE REQS:         16
  READS:       2303	READ_HITS:          0
  WRITES:         16	WRITE HITS:          0
  ACTIVATES:       2319	PRECHARGES:       2319
  RQ FULL:          0	WQ FULL:          0
  WRITE DRAINS:         12	FORCED:          0
  MEAN WRITE IMBALANCE: 1.0833333333333333
  READ OCCU PRE DRAIN:          0	POST DRAIN:          1
  MEAN WLP:          1
  READ LATENCY: 36.28831958315241
