[VMEM] WARNING: physical memory size is smaller than virtual memory size.

*** ChampSim Multicore Out-of-Order Simulator ***
Warmup Instructions: 25000000
Simulation Instructions: 100000000
Number of CPUs: 8
Page size: 2097152

CL :	 16.64 ns
CWL :	 15.808 ns
tRP :	 16.224 ns
tRCD :	 16.224 ns
tRAS :	 32.032000000000004 ns
tRTP :	 7.904 ns
tWR :	 30.368000000000002 ns

tCCD_S :	 3.3280000000000003 ns
tCCD_S_WR :	 3.3280000000000003 ns
tCCD_S_WTR :	 22.048000000000002 ns
tCCD_L :	 5.408 ns
tCCD_L_WR :	 20.384 ns
tCCD_L_WTR :	 29.536 ns
tRRD_S :	 3.3280000000000003 ns
tRRD_L :	 5.408 ns
tFAW :	 13.728 ns
Address mapping (perm = 1) 	ch co bg bg bg ba ba co co co co co co ro ro ro ro ro ro ro ro ro ro ro ro ro ro ro 
dram queue size: R = 64 W = 48 (low:high is 12:36)
Heartbeat CPU 0 instructions: 10000002 cycles: 2509069 heartbeat IPC: 3.986 cumulative IPC: 3.986 (Simulation time: 00 hr 08 min 28 sec)
Heartbeat CPU 1 instructions: 10000001 cycles: 2509348 heartbeat IPC: 3.985 cumulative IPC: 3.985 (Simulation time: 00 hr 08 min 28 sec)
Heartbeat CPU 2 instructions: 10000002 cycles: 2509592 heartbeat IPC: 3.985 cumulative IPC: 3.985 (Simulation time: 00 hr 08 min 28 sec)
Heartbeat CPU 3 instructions: 10000002 cycles: 2509599 heartbeat IPC: 3.985 cumulative IPC: 3.985 (Simulation time: 00 hr 08 min 28 sec)
Heartbeat CPU 4 instructions: 10000001 cycles: 2509716 heartbeat IPC: 3.985 cumulative IPC: 3.985 (Simulation time: 00 hr 08 min 28 sec)
Heartbeat CPU 5 instructions: 10000002 cycles: 2509840 heartbeat IPC: 3.984 cumulative IPC: 3.984 (Simulation time: 00 hr 08 min 28 sec)
Heartbeat CPU 6 instructions: 10000000 cycles: 2509910 heartbeat IPC: 3.984 cumulative IPC: 3.984 (Simulation time: 00 hr 08 min 28 sec)
Heartbeat CPU 7 instructions: 10000000 cycles: 2509953 heartbeat IPC: 3.984 cumulative IPC: 3.984 (Simulation time: 00 hr 08 min 28 sec)
Heartbeat CPU 0 instructions: 20000004 cycles: 5011098 heartbeat IPC: 3.997 cumulative IPC: 3.991 (Simulation time: 00 hr 17 min 13 sec)
Heartbeat CPU 1 instructions: 20000002 cycles: 5011652 heartbeat IPC: 3.996 cumulative IPC: 3.991 (Simulation time: 00 hr 17 min 13 sec)
Heartbeat CPU 2 instructions: 20000004 cycles: 5012405 heartbeat IPC: 3.996 cumulative IPC: 3.99 (Simulation time: 00 hr 17 min 13 sec)
Heartbeat CPU 3 instructions: 20000004 cycles: 5012510 heartbeat IPC: 3.995 cumulative IPC: 3.99 (Simulation time: 00 hr 17 min 13 sec)
Heartbeat CPU 4 instructions: 20000003 cycles: 5012916 heartbeat IPC: 3.995 cumulative IPC: 3.99 (Simulation time: 00 hr 17 min 13 sec)
Heartbeat CPU 5 instructions: 20000003 cycles: 5013109 heartbeat IPC: 3.995 cumulative IPC: 3.99 (Simulation time: 00 hr 17 min 13 sec)
Heartbeat CPU 6 instructions: 20000004 cycles: 5013266 heartbeat IPC: 3.995 cumulative IPC: 3.989 (Simulation time: 00 hr 17 min 13 sec)
Heartbeat CPU 7 instructions: 20000001 cycles: 5013425 heartbeat IPC: 3.994 cumulative IPC: 3.989 (Simulation time: 00 hr 17 min 13 sec)
Warmup finished CPU 0 instructions: 25000001 cycles: 6283647 cumulative IPC: 3.979 (Simulation time: 00 hr 21 min 48 sec)
Warmup finished CPU 1 instructions: 25000001 cycles: 6284324 cumulative IPC: 3.978 (Simulation time: 00 hr 21 min 48 sec)
Warmup finished CPU 2 instructions: 25000002 cycles: 6285773 cumulative IPC: 3.977 (Simulation time: 00 hr 21 min 48 sec)
Warmup finished CPU 3 instructions: 25000001 cycles: 6286198 cumulative IPC: 3.977 (Simulation time: 00 hr 21 min 48 sec)
Warmup finished CPU 4 instructions: 25000003 cycles: 6286876 cumulative IPC: 3.977 (Simulation time: 00 hr 21 min 48 sec)
Warmup finished CPU 5 instructions: 25000003 cycles: 6287382 cumulative IPC: 3.976 (Simulation time: 00 hr 21 min 48 sec)
Warmup finished CPU 6 instructions: 25000001 cycles: 6287919 cumulative IPC: 3.976 (Simulation time: 00 hr 21 min 49 sec)
Warmup finished CPU 7 instructions: 25000003 cycles: 6288361 cumulative IPC: 3.976 (Simulation time: 00 hr 21 min 49 sec)
Warmup complete CPU 7 instructions: 25000003 cycles: 6288361 cumulative IPC: 3.976 (Simulation time: 00 hr 21 min 49 sec)
Warmup complete CPU 6 instructions: 25001706 cycles: 6288361 cumulative IPC: 3.976 (Simulation time: 00 hr 21 min 49 sec)
Warmup complete CPU 5 instructions: 25003892 cycles: 6288361 cumulative IPC: 3.976 (Simulation time: 00 hr 21 min 49 sec)
Warmup complete CPU 4 instructions: 25005943 cycles: 6288361 cumulative IPC: 3.977 (Simulation time: 00 hr 21 min 49 sec)
Warmup complete CPU 3 instructions: 25008653 cycles: 6288361 cumulative IPC: 3.977 (Simulation time: 00 hr 21 min 49 sec)
Warmup complete CPU 2 instructions: 25010354 cycles: 6288361 cumulative IPC: 3.977 (Simulation time: 00 hr 21 min 49 sec)
Warmup complete CPU 1 instructions: 25016149 cycles: 6288361 cumulative IPC: 3.978 (Simulation time: 00 hr 21 min 49 sec)
Warmup complete CPU 0 instructions: 25018853 cycles: 6288361 cumulative IPC: 3.979 (Simulation time: 00 hr 21 min 49 sec)
Heartbeat CPU 0 instructions: 30000004 cycles: 9007083 heartbeat IPC: 2.503 cumulative IPC: 1.832 (Simulation time: 00 hr 28 min 14 sec)
Heartbeat CPU 3 instructions: 30000004 cycles: 9010270 heartbeat IPC: 2.501 cumulative IPC: 1.834 (Simulation time: 00 hr 28 min 14 sec)
Heartbeat CPU 4 instructions: 30000004 cycles: 9018327 heartbeat IPC: 2.497 cumulative IPC: 1.829 (Simulation time: 00 hr 28 min 16 sec)
Heartbeat CPU 1 instructions: 30000004 cycles: 9018967 heartbeat IPC: 2.495 cumulative IPC: 1.825 (Simulation time: 00 hr 28 min 16 sec)
Heartbeat CPU 7 instructions: 30000004 cycles: 9020143 heartbeat IPC: 2.496 cumulative IPC: 1.83 (Simulation time: 00 hr 28 min 16 sec)
Heartbeat CPU 2 instructions: 30000004 cycles: 9024568 heartbeat IPC: 2.492 cumulative IPC: 1.824 (Simulation time: 00 hr 28 min 17 sec)
Heartbeat CPU 6 instructions: 30000004 cycles: 9024633 heartbeat IPC: 2.493 cumulative IPC: 1.827 (Simulation time: 00 hr 28 min 17 sec)
Heartbeat CPU 5 instructions: 30000004 cycles: 9030167 heartbeat IPC: 2.489 cumulative IPC: 1.822 (Simulation time: 00 hr 28 min 18 sec)
Heartbeat CPU 3 instructions: 40000005 cycles: 14524249 heartbeat IPC: 1.814 cumulative IPC: 1.82 (Simulation time: 00 hr 40 min 23 sec)
Heartbeat CPU 7 instructions: 40000004 cycles: 14529700 heartbeat IPC: 1.815 cumulative IPC: 1.82 (Simulation time: 00 hr 40 min 24 sec)
Heartbeat CPU 0 instructions: 40000005 cycles: 14536048 heartbeat IPC: 1.809 cumulative IPC: 1.816 (Simulation time: 00 hr 40 min 25 sec)
Heartbeat CPU 2 instructions: 40000004 cycles: 14542477 heartbeat IPC: 1.812 cumulative IPC: 1.816 (Simulation time: 00 hr 40 min 26 sec)
Heartbeat CPU 4 instructions: 40000008 cycles: 14549910 heartbeat IPC: 1.808 cumulative IPC: 1.815 (Simulation time: 00 hr 40 min 27 sec)
Heartbeat CPU 1 instructions: 40000004 cycles: 14551453 heartbeat IPC: 1.808 cumulative IPC: 1.813 (Simulation time: 00 hr 40 min 27 sec)
Heartbeat CPU 6 instructions: 40000005 cycles: 14560148 heartbeat IPC: 1.807 cumulative IPC: 1.813 (Simulation time: 00 hr 40 min 28 sec)
Heartbeat CPU 5 instructions: 40000004 cycles: 14569448 heartbeat IPC: 1.805 cumulative IPC: 1.811 (Simulation time: 00 hr 40 min 30 sec)
Heartbeat CPU 3 instructions: 50000005 cycles: 20113257 heartbeat IPC: 1.789 cumulative IPC: 1.808 (Simulation time: 00 hr 52 min 12 sec)
Heartbeat CPU 7 instructions: 50000007 cycles: 20121511 heartbeat IPC: 1.788 cumulative IPC: 1.807 (Simulation time: 00 hr 52 min 13 sec)
Heartbeat CPU 0 instructions: 50000005 cycles: 20125404 heartbeat IPC: 1.789 cumulative IPC: 1.805 (Simulation time: 00 hr 52 min 14 sec)
Heartbeat CPU 1 instructions: 50000005 cycles: 20149092 heartbeat IPC: 1.786 cumulative IPC: 1.802 (Simulation time: 00 hr 52 min 16 sec)
Heartbeat CPU 2 instructions: 50000005 cycles: 20162711 heartbeat IPC: 1.779 cumulative IPC: 1.801 (Simulation time: 00 hr 52 min 18 sec)
Heartbeat CPU 4 instructions: 50000010 cycles: 20167271 heartbeat IPC: 1.78 cumulative IPC: 1.801 (Simulation time: 00 hr 52 min 19 sec)
Heartbeat CPU 6 instructions: 50000005 cycles: 20176962 heartbeat IPC: 1.78 cumulative IPC: 1.8 (Simulation time: 00 hr 52 min 20 sec)
Heartbeat CPU 5 instructions: 50000005 cycles: 20203475 heartbeat IPC: 1.775 cumulative IPC: 1.796 (Simulation time: 00 hr 52 min 23 sec)
Heartbeat CPU 3 instructions: 60000007 cycles: 26052225 heartbeat IPC: 1.684 cumulative IPC: 1.77 (Simulation time: 01 hr 03 min 51 sec)
Heartbeat CPU 7 instructions: 60000007 cycles: 26061334 heartbeat IPC: 1.684 cumulative IPC: 1.77 (Simulation time: 01 hr 03 min 52 sec)
Heartbeat CPU 0 instructions: 60000007 cycles: 26070744 heartbeat IPC: 1.682 cumulative IPC: 1.768 (Simulation time: 01 hr 03 min 53 sec)
Heartbeat CPU 1 instructions: 60000007 cycles: 26088237 heartbeat IPC: 1.684 cumulative IPC: 1.767 (Simulation time: 01 hr 03 min 56 sec)
Heartbeat CPU 4 instructions: 60000012 cycles: 26099383 heartbeat IPC: 1.686 cumulative IPC: 1.766 (Simulation time: 01 hr 03 min 57 sec)
Heartbeat CPU 2 instructions: 60000007 cycles: 26123550 heartbeat IPC: 1.678 cumulative IPC: 1.764 (Simulation time: 01 hr 04 min 00 sec)
Heartbeat CPU 6 instructions: 60000007 cycles: 26126905 heartbeat IPC: 1.681 cumulative IPC: 1.764 (Simulation time: 01 hr 04 min 01 sec)
Heartbeat CPU 5 instructions: 60000007 cycles: 26147943 heartbeat IPC: 1.682 cumulative IPC: 1.762 (Simulation time: 01 hr 04 min 04 sec)
Heartbeat CPU 3 instructions: 70000010 cycles: 31381470 heartbeat IPC: 1.876 cumulative IPC: 1.793 (Simulation time: 01 hr 15 min 11 sec)
Heartbeat CPU 7 instructions: 70000010 cycles: 31422296 heartbeat IPC: 1.865 cumulative IPC: 1.79 (Simulation time: 01 hr 15 min 17 sec)
Heartbeat CPU 0 instructions: 70000010 cycles: 31430207 heartbeat IPC: 1.866 cumulative IPC: 1.789 (Simulation time: 01 hr 15 min 18 sec)
Heartbeat CPU 1 instructions: 70000010 cycles: 31437020 heartbeat IPC: 1.87 cumulative IPC: 1.789 (Simulation time: 01 hr 15 min 19 sec)
Heartbeat CPU 6 instructions: 70000010 cycles: 31455127 heartbeat IPC: 1.877 cumulative IPC: 1.788 (Simulation time: 01 hr 15 min 21 sec)
Heartbeat CPU 4 instructions: 70000015 cycles: 31458612 heartbeat IPC: 1.866 cumulative IPC: 1.788 (Simulation time: 01 hr 15 min 22 sec)
Heartbeat CPU 2 instructions: 70000010 cycles: 31485347 heartbeat IPC: 1.865 cumulative IPC: 1.786 (Simulation time: 01 hr 15 min 26 sec)
Heartbeat CPU 5 instructions: 70000010 cycles: 31495006 heartbeat IPC: 1.87 cumulative IPC: 1.785 (Simulation time: 01 hr 15 min 27 sec)
Heartbeat CPU 3 instructions: 80000014 cycles: 37092209 heartbeat IPC: 1.751 cumulative IPC: 1.785 (Simulation time: 01 hr 26 min 55 sec)
Heartbeat CPU 7 instructions: 80000014 cycles: 37126183 heartbeat IPC: 1.753 cumulative IPC: 1.784 (Simulation time: 01 hr 26 min 59 sec)
Heartbeat CPU 0 instructions: 80000010 cycles: 37170729 heartbeat IPC: 1.742 cumulative IPC: 1.78 (Simulation time: 01 hr 27 min 04 sec)
Heartbeat CPU 1 instructions: 80000014 cycles: 37178091 heartbeat IPC: 1.742 cumulative IPC: 1.78 (Simulation time: 01 hr 27 min 05 sec)
Heartbeat CPU 6 instructions: 80000014 cycles: 37192892 heartbeat IPC: 1.743 cumulative IPC: 1.78 (Simulation time: 01 hr 27 min 06 sec)
Heartbeat CPU 4 instructions: 80000019 cycles: 37198507 heartbeat IPC: 1.742 cumulative IPC: 1.779 (Simulation time: 01 hr 27 min 07 sec)
Heartbeat CPU 2 instructions: 80000010 cycles: 37226850 heartbeat IPC: 1.742 cumulative IPC: 1.777 (Simulation time: 01 hr 27 min 10 sec)
Heartbeat CPU 5 instructions: 80000014 cycles: 37254262 heartbeat IPC: 1.736 cumulative IPC: 1.776 (Simulation time: 01 hr 27 min 13 sec)
Heartbeat CPU 3 instructions: 90000017 cycles: 43015597 heartbeat IPC: 1.688 cumulative IPC: 1.77 (Simulation time: 01 hr 38 min 36 sec)
Heartbeat CPU 7 instructions: 90000017 cycles: 43076695 heartbeat IPC: 1.681 cumulative IPC: 1.767 (Simulation time: 01 hr 38 min 44 sec)
Heartbeat CPU 0 instructions: 90000012 cycles: 43125215 heartbeat IPC: 1.679 cumulative IPC: 1.764 (Simulation time: 01 hr 38 min 51 sec)
Heartbeat CPU 1 instructions: 90000017 cycles: 43136740 heartbeat IPC: 1.678 cumulative IPC: 1.764 (Simulation time: 01 hr 38 min 53 sec)
Heartbeat CPU 6 instructions: 90000017 cycles: 43142353 heartbeat IPC: 1.681 cumulative IPC: 1.764 (Simulation time: 01 hr 38 min 54 sec)
Heartbeat CPU 2 instructions: 90000012 cycles: 43146525 heartbeat IPC: 1.689 cumulative IPC: 1.763 (Simulation time: 01 hr 38 min 54 sec)
Heartbeat CPU 4 instructions: 90000022 cycles: 43146586 heartbeat IPC: 1.681 cumulative IPC: 1.763 (Simulation time: 01 hr 38 min 54 sec)
Heartbeat CPU 5 instructions: 90000017 cycles: 43205432 heartbeat IPC: 1.68 cumulative IPC: 1.761 (Simulation time: 01 hr 39 min 03 sec)
Heartbeat CPU 3 instructions: 100000021 cycles: 48606592 heartbeat IPC: 1.789 cumulative IPC: 1.772 (Simulation time: 01 hr 50 min 08 sec)
Heartbeat CPU 7 instructions: 100000021 cycles: 48680141 heartbeat IPC: 1.785 cumulative IPC: 1.769 (Simulation time: 01 hr 50 min 17 sec)
Heartbeat CPU 0 instructions: 100000016 cycles: 48710951 heartbeat IPC: 1.79 cumulative IPC: 1.767 (Simulation time: 01 hr 50 min 21 sec)
Heartbeat CPU 2 instructions: 100000016 cycles: 48741390 heartbeat IPC: 1.787 cumulative IPC: 1.766 (Simulation time: 01 hr 50 min 25 sec)
Heartbeat CPU 6 instructions: 100000021 cycles: 48747186 heartbeat IPC: 1.784 cumulative IPC: 1.766 (Simulation time: 01 hr 50 min 26 sec)
Heartbeat CPU 1 instructions: 100000021 cycles: 48748006 heartbeat IPC: 1.782 cumulative IPC: 1.766 (Simulation time: 01 hr 50 min 26 sec)
Heartbeat CPU 4 instructions: 100000026 cycles: 48761889 heartbeat IPC: 1.781 cumulative IPC: 1.766 (Simulation time: 01 hr 50 min 28 sec)
Heartbeat CPU 5 instructions: 100000021 cycles: 48786106 heartbeat IPC: 1.792 cumulative IPC: 1.765 (Simulation time: 01 hr 50 min 31 sec)
Heartbeat CPU 3 instructions: 110000023 cycles: 55026672 heartbeat IPC: 1.558 cumulative IPC: 1.744 (Simulation time: 02 hr 02 min 07 sec)
Heartbeat CPU 7 instructions: 110000023 cycles: 55115621 heartbeat IPC: 1.554 cumulative IPC: 1.741 (Simulation time: 02 hr 02 min 18 sec)
Heartbeat CPU 0 instructions: 110000018 cycles: 55147975 heartbeat IPC: 1.554 cumulative IPC: 1.739 (Simulation time: 02 hr 02 min 22 sec)
Heartbeat CPU 4 instructions: 110000028 cycles: 55176500 heartbeat IPC: 1.559 cumulative IPC: 1.739 (Simulation time: 02 hr 02 min 25 sec)
Heartbeat CPU 6 instructions: 110000023 cycles: 55183729 heartbeat IPC: 1.554 cumulative IPC: 1.738 (Simulation time: 02 hr 02 min 26 sec)
Heartbeat CPU 2 instructions: 110000018 cycles: 55187311 heartbeat IPC: 1.551 cumulative IPC: 1.738 (Simulation time: 02 hr 02 min 26 sec)
Heartbeat CPU 1 instructions: 110000023 cycles: 55197840 heartbeat IPC: 1.55 cumulative IPC: 1.738 (Simulation time: 02 hr 02 min 27 sec)
Heartbeat CPU 5 instructions: 110000023 cycles: 55239111 heartbeat IPC: 1.55 cumulative IPC: 1.736 (Simulation time: 02 hr 02 min 32 sec)
Heartbeat CPU 3 instructions: 120000026 cycles: 61337500 heartbeat IPC: 1.585 cumulative IPC: 1.726 (Simulation time: 02 hr 13 min 13 sec)
Heartbeat CPU 7 instructions: 120000026 cycles: 61443263 heartbeat IPC: 1.58 cumulative IPC: 1.722 (Simulation time: 02 hr 13 min 25 sec)
Heartbeat CPU 0 instructions: 120000022 cycles: 61460114 heartbeat IPC: 1.584 cumulative IPC: 1.722 (Simulation time: 02 hr 13 min 27 sec)
Heartbeat CPU 6 instructions: 120000027 cycles: 61507195 heartbeat IPC: 1.581 cumulative IPC: 1.72 (Simulation time: 02 hr 13 min 32 sec)
Heartbeat CPU 4 instructions: 120000029 cycles: 61511036 heartbeat IPC: 1.579 cumulative IPC: 1.72 (Simulation time: 02 hr 13 min 32 sec)
Heartbeat CPU 2 instructions: 120000018 cycles: 61521078 heartbeat IPC: 1.579 cumulative IPC: 1.72 (Simulation time: 02 hr 13 min 34 sec)
Heartbeat CPU 1 instructions: 120000027 cycles: 61541811 heartbeat IPC: 1.576 cumulative IPC: 1.719 (Simulation time: 02 hr 13 min 36 sec)
Heartbeat CPU 5 instructions: 120000026 cycles: 61576086 heartbeat IPC: 1.578 cumulative IPC: 1.718 (Simulation time: 02 hr 13 min 40 sec)
Simulation finished CPU 3 instructions: 100000004 cycles: 58443732 cumulative IPC: 1.711 (Simulation time: 02 hr 18 min 44 sec)
Simulation finished CPU 7 instructions: 100000000 cycles: 58565065 cumulative IPC: 1.708 (Simulation time: 02 hr 18 min 55 sec)
Simulation finished CPU 0 instructions: 100000002 cycles: 58605866 cumulative IPC: 1.706 (Simulation time: 02 hr 18 min 59 sec)
Simulation finished CPU 2 instructions: 100000000 cycles: 58642889 cumulative IPC: 1.705 (Simulation time: 02 hr 19 min 03 sec)
Simulation finished CPU 6 instructions: 100000004 cycles: 58648266 cumulative IPC: 1.705 (Simulation time: 02 hr 19 min 03 sec)
Simulation finished CPU 4 instructions: 100000003 cycles: 58659138 cumulative IPC: 1.705 (Simulation time: 02 hr 19 min 04 sec)
Simulation finished CPU 1 instructions: 100000001 cycles: 58675380 cumulative IPC: 1.704 (Simulation time: 02 hr 19 min 06 sec)
Simulation finished CPU 5 instructions: 100000003 cycles: 58730642 cumulative IPC: 1.703 (Simulation time: 02 hr 19 min 11 sec)
Simulation complete CPU 7 instructions: 100300891 cycles: 58730642 cumulative IPC: 1.708 (Simulation time: 02 hr 19 min 11 sec)
Simulation complete CPU 6 instructions: 100134870 cycles: 58730642 cumulative IPC: 1.705 (Simulation time: 02 hr 19 min 11 sec)
Simulation complete CPU 5 instructions: 100000003 cycles: 58730642 cumulative IPC: 1.703 (Simulation time: 02 hr 19 min 11 sec)
Simulation complete CPU 4 instructions: 100121191 cycles: 58730642 cumulative IPC: 1.705 (Simulation time: 02 hr 19 min 11 sec)
Simulation complete CPU 3 instructions: 100471294 cycles: 58730642 cumulative IPC: 1.711 (Simulation time: 02 hr 19 min 11 sec)
Simulation complete CPU 2 instructions: 100135330 cycles: 58730642 cumulative IPC: 1.705 (Simulation time: 02 hr 19 min 11 sec)
Simulation complete CPU 1 instructions: 100088525 cycles: 58730642 cumulative IPC: 1.704 (Simulation time: 02 hr 19 min 11 sec)
Simulation complete CPU 0 instructions: 100214313 cycles: 58730642 cumulative IPC: 1.706 (Simulation time: 02 hr 19 min 11 sec)

ChampSim completed all CPUs

=== Simulation ===
CPU 0 runs ../frost/TRACES/ctf/spec2017/657.xz_s-2302B.champsimtrace.xz
CPU 1 runs ../frost/TRACES/ctf/spec2017/657.xz_s-2302B.champsimtrace.xz
CPU 2 runs ../frost/TRACES/ctf/spec2017/657.xz_s-2302B.champsimtrace.xz
CPU 3 runs ../frost/TRACES/ctf/spec2017/657.xz_s-2302B.champsimtrace.xz
CPU 4 runs ../frost/TRACES/ctf/spec2017/657.xz_s-2302B.champsimtrace.xz
CPU 5 runs ../frost/TRACES/ctf/spec2017/657.xz_s-2302B.champsimtrace.xz
CPU 6 runs ../frost/TRACES/ctf/spec2017/657.xz_s-2302B.champsimtrace.xz
CPU 7 runs ../frost/TRACES/ctf/spec2017/657.xz_s-2302B.champsimtrace.xz

Total Simulation Statistics (not including warmup)

CPU 7 cumulative IPC: 1.708 instructions: 100300891 cycles: 58730642
CPU 7 Branch Prediction Accuracy: 100% MPKI: 0 Average ROB Occupancy at Mispredict: -
Branch type MPKI
BRANCH_DIRECT_JUMP: 0
BRANCH_INDIRECT: 0
BRANCH_CONDITIONAL: 0
BRANCH_DIRECT_CALL: 0
BRANCH_INDIRECT_CALL: 0
BRANCH_RETURN: 0


CPU 6 cumulative IPC: 1.705 instructions: 100134870 cycles: 58730642
CPU 6 Branch Prediction Accuracy: 100% MPKI: 0 Average ROB Occupancy at Mispredict: -
Branch type MPKI
BRANCH_DIRECT_JUMP: 0
BRANCH_INDIRECT: 0
BRANCH_CONDITIONAL: 0
BRANCH_DIRECT_CALL: 0
BRANCH_INDIRECT_CALL: 0
BRANCH_RETURN: 0


CPU 5 cumulative IPC: 1.703 instructions: 100000003 cycles: 58730642
CPU 5 Branch Prediction Accuracy: 100% MPKI: 0 Average ROB Occupancy at Mispredict: -
Branch type MPKI
BRANCH_DIRECT_JUMP: 0
BRANCH_INDIRECT: 0
BRANCH_CONDITIONAL: 0
BRANCH_DIRECT_CALL: 0
BRANCH_INDIRECT_CALL: 0
BRANCH_RETURN: 0


CPU 4 cumulative IPC: 1.705 instructions: 100121191 cycles: 58730642
CPU 4 Branch Prediction Accuracy: 100% MPKI: 0 Average ROB Occupancy at Mispredict: -
Branch type MPKI
BRANCH_DIRECT_JUMP: 0
BRANCH_INDIRECT: 0
BRANCH_CONDITIONAL: 0
BRANCH_DIRECT_CALL: 0
BRANCH_INDIRECT_CALL: 0
BRANCH_RETURN: 0


CPU 3 cumulative IPC: 1.711 instructions: 100471294 cycles: 58730642
CPU 3 Branch Prediction Accuracy: 100% MPKI: 0 Average ROB Occupancy at Mispredict: -
Branch type MPKI
BRANCH_DIRECT_JUMP: 0
BRANCH_INDIRECT: 0
BRANCH_CONDITIONAL: 0
BRANCH_DIRECT_CALL: 0
BRANCH_INDIRECT_CALL: 0
BRANCH_RETURN: 0


CPU 2 cumulative IPC: 1.705 instructions: 100135330 cycles: 58730642
CPU 2 Branch Prediction Accuracy: 100% MPKI: 0 Average ROB Occupancy at Mispredict: -
Branch type MPKI
BRANCH_DIRECT_JUMP: 0
BRANCH_INDIRECT: 0
BRANCH_CONDITIONAL: 0
BRANCH_DIRECT_CALL: 0
BRANCH_INDIRECT_CALL: 0
BRANCH_RETURN: 0


CPU 1 cumulative IPC: 1.704 instructions: 100088525 cycles: 58730642
CPU 1 Branch Prediction Accuracy: 100% MPKI: 0 Average ROB Occupancy at Mispredict: -
Branch type MPKI
BRANCH_DIRECT_JUMP: 0
BRANCH_INDIRECT: 0
BRANCH_CONDITIONAL: 0
BRANCH_DIRECT_CALL: 0
BRANCH_INDIRECT_CALL: 0
BRANCH_RETURN: 0


CPU 0 cumulative IPC: 1.706 instructions: 100214313 cycles: 58730642
CPU 0 Branch Prediction Accuracy: 100% MPKI: 0 Average ROB Occupancy at Mispredict: -
Branch type MPKI
BRANCH_DIRECT_JUMP: 0
BRANCH_INDIRECT: 0
BRANCH_CONDITIONAL: 0
BRANCH_DIRECT_CALL: 0
BRANCH_INDIRECT_CALL: 0
BRANCH_RETURN: 0

cpu7->cpu7_L2C TOTAL        ACCESS:    1153983 HIT:     804080 MISS:     349903 MSHR_MERGE:          0
cpu7->cpu7_L2C LOAD         ACCESS:     617085 HIT:     293213 MISS:     323872 MSHR_MERGE:          0
cpu7->cpu7_L2C RFO          ACCESS:      82104 HIT:      56788 MISS:      25316 MSHR_MERGE:          0
cpu7->cpu7_L2C PREFETCH     ACCESS:          0 HIT:          0 MISS:          0 MSHR_MERGE:          0
cpu7->cpu7_L2C WRITE        ACCESS:     454794 HIT:     454079 MISS:        715 MSHR_MERGE:          0
cpu7->cpu7_L2C TRANSLATION  ACCESS:          0 HIT:          0 MISS:          0 MSHR_MERGE:          0
cpu7->cpu7_L2C PREFETCH REQUESTED:          0 ISSUED:          0 USEFUL:          0 USELESS:          0
cpu7->cpu7_L2C AVERAGE MISS LATENCY: 135 cycles
cpu7->cpu7_L1I TOTAL        ACCESS:   17228810 HIT:   17228195 MISS:        615 MSHR_MERGE:        435
cpu7->cpu7_L1I LOAD         ACCESS:   17228810 HIT:   17228195 MISS:        615 MSHR_MERGE:        435
cpu7->cpu7_L1I RFO          ACCESS:          0 HIT:          0 MISS:          0 MSHR_MERGE:          0
cpu7->cpu7_L1I PREFETCH     ACCESS:          0 HIT:          0 MISS:          0 MSHR_MERGE:          0
cpu7->cpu7_L1I WRITE        ACCESS:          0 HIT:          0 MISS:          0 MSHR_MERGE:          0
cpu7->cpu7_L1I TRANSLATION  ACCESS:          0 HIT:          0 MISS:          0 MSHR_MERGE:          0
cpu7->cpu7_L1I PREFETCH REQUESTED:          0 ISSUED:          0 USEFUL:          0 USELESS:          0
cpu7->cpu7_L1I AVERAGE MISS LATENCY: 137.9 cycles
cpu7->cpu7_L1D TOTAL        ACCESS:   22604207 HIT:   21594612 MISS:    1009595 MSHR_MERGE:     310582
cpu7->cpu7_L1D LOAD         ACCESS:   15025429 HIT:   14144549 MISS:     880880 MSHR_MERGE:     263972
cpu7->cpu7_L1D RFO          ACCESS:          0 HIT:          0 MISS:          0 MSHR_MERGE:          0
cpu7->cpu7_L1D PREFETCH     ACCESS:          0 HIT:          0 MISS:          0 MSHR_MERGE:          0
cpu7->cpu7_L1D WRITE        ACCESS:    7578778 HIT:    7450063 MISS:     128715 MSHR_MERGE:      46610
cpu7->cpu7_L1D TRANSLATION  ACCESS:          0 HIT:          0 MISS:          0 MSHR_MERGE:          0
cpu7->cpu7_L1D PREFETCH REQUESTED:          0 ISSUED:          0 USEFUL:          0 USELESS:          0
cpu7->cpu7_L1D AVERAGE MISS LATENCY: 76.06 cycles
cpu7->cpu7_ITLB TOTAL        ACCESS:   15225409 HIT:   15225409 MISS:          0 MSHR_MERGE:          0
cpu7->cpu7_ITLB LOAD         ACCESS:   15225409 HIT:   15225409 MISS:          0 MSHR_MERGE:          0
cpu7->cpu7_ITLB RFO          ACCESS:          0 HIT:          0 MISS:          0 MSHR_MERGE:          0
cpu7->cpu7_ITLB PREFETCH     ACCESS:          0 HIT:          0 MISS:          0 MSHR_MERGE:          0
cpu7->cpu7_ITLB WRITE        ACCESS:          0 HIT:          0 MISS:          0 MSHR_MERGE:          0
cpu7->cpu7_ITLB TRANSLATION  ACCESS:          0 HIT:          0 MISS:          0 MSHR_MERGE:          0
cpu7->cpu7_ITLB PREFETCH REQUESTED:          0 ISSUED:          0 USEFUL:          0 USELESS:          0
cpu7->cpu7_ITLB AVERAGE MISS LATENCY: - cycles
cpu7->cpu7_DTLB TOTAL        ACCESS:   20815014 HIT:   20815014 MISS:          0 MSHR_MERGE:          0
cpu7->cpu7_DTLB LOAD         ACCESS:   20815014 HIT:   20815014 MISS:          0 MSHR_MERGE:          0
cpu7->cpu7_DTLB RFO          ACCESS:          0 HIT:          0 MISS:          0 MSHR_MERGE:          0
cpu7->cpu7_DTLB PREFETCH     ACCESS:          0 HIT:          0 MISS:          0 MSHR_MERGE:          0
cpu7->cpu7_DTLB WRITE        ACCESS:          0 HIT:          0 MISS:          0 MSHR_MERGE:          0
cpu7->cpu7_DTLB TRANSLATION  ACCESS:          0 HIT:          0 MISS:          0 MSHR_MERGE:          0
cpu7->cpu7_DTLB PREFETCH REQUESTED:          0 ISSUED:          0 USEFUL:          0 USELESS:          0
cpu7->cpu7_DTLB AVERAGE MISS LATENCY: - cycles
cpu6->cpu6_L2C TOTAL        ACCESS:    1151780 HIT:     802311 MISS:     349469 MSHR_MERGE:          0
cpu6->cpu6_L2C LOAD         ACCESS:     616110 HIT:     292601 MISS:     323509 MSHR_MERGE:          0
cpu6->cpu6_L2C RFO          ACCESS:      81753 HIT:      56509 MISS:      25244 MSHR_MERGE:          0
cpu6->cpu6_L2C PREFETCH     ACCESS:          0 HIT:          0 MISS:          0 MSHR_MERGE:          0
cpu6->cpu6_L2C WRITE        ACCESS:     453917 HIT:     453201 MISS:        716 MSHR_MERGE:          0
cpu6->cpu6_L2C TRANSLATION  ACCESS:          0 HIT:          0 MISS:          0 MSHR_MERGE:          0
cpu6->cpu6_L2C PREFETCH REQUESTED:          0 ISSUED:          0 USEFUL:          0 USELESS:          0
cpu6->cpu6_L2C AVERAGE MISS LATENCY: 135.6 cycles
cpu6->cpu6_L1I TOTAL        ACCESS:   17194506 HIT:   17193911 MISS:        595 MSHR_MERGE:        420
cpu6->cpu6_L1I LOAD         ACCESS:   17194506 HIT:   17193911 MISS:        595 MSHR_MERGE:        420
cpu6->cpu6_L1I RFO          ACCESS:          0 HIT:          0 MISS:          0 MSHR_MERGE:          0
cpu6->cpu6_L1I PREFETCH     ACCESS:          0 HIT:          0 MISS:          0 MSHR_MERGE:          0
cpu6->cpu6_L1I WRITE        ACCESS:          0 HIT:          0 MISS:          0 MSHR_MERGE:          0
cpu6->cpu6_L1I TRANSLATION  ACCESS:          0 HIT:          0 MISS:          0 MSHR_MERGE:          0
cpu6->cpu6_L1I PREFETCH REQUESTED:          0 ISSUED:          0 USEFUL:          0 USELESS:          0
cpu6->cpu6_L1I AVERAGE MISS LATENCY: 166.6 cycles
cpu6->cpu6_L1D TOTAL        ACCESS:   22575848 HIT:   21568210 MISS:    1007638 MSHR_MERGE:     309946
cpu6->cpu6_L1D LOAD         ACCESS:   15006097 HIT:   14126401 MISS:     879696 MSHR_MERGE:     263758
cpu6->cpu6_L1D RFO          ACCESS:          0 HIT:          0 MISS:          0 MSHR_MERGE:          0
cpu6->cpu6_L1D PREFETCH     ACCESS:          0 HIT:          0 MISS:          0 MSHR_MERGE:          0
cpu6->cpu6_L1D WRITE        ACCESS:    7569751 HIT:    7441809 MISS:     127942 MSHR_MERGE:      46188
cpu6->cpu6_L1D TRANSLATION  ACCESS:          0 HIT:          0 MISS:          0 MSHR_MERGE:          0
cpu6->cpu6_L1D PREFETCH REQUESTED:          0 ISSUED:          0 USEFUL:          0 USELESS:          0
cpu6->cpu6_L1D AVERAGE MISS LATENCY: 76.41 cycles
cpu6->cpu6_ITLB TOTAL        ACCESS:   15202388 HIT:   15202388 MISS:          0 MSHR_MERGE:          0
cpu6->cpu6_ITLB LOAD         ACCESS:   15202388 HIT:   15202388 MISS:          0 MSHR_MERGE:          0
cpu6->cpu6_ITLB RFO          ACCESS:          0 HIT:          0 MISS:          0 MSHR_MERGE:          0
cpu6->cpu6_ITLB PREFETCH     ACCESS:          0 HIT:          0 MISS:          0 MSHR_MERGE:          0
cpu6->cpu6_ITLB WRITE        ACCESS:          0 HIT:          0 MISS:          0 MSHR_MERGE:          0
cpu6->cpu6_ITLB TRANSLATION  ACCESS:          0 HIT:          0 MISS:          0 MSHR_MERGE:          0
cpu6->cpu6_ITLB PREFETCH REQUESTED:          0 ISSUED:          0 USEFUL:          0 USELESS:          0
cpu6->cpu6_ITLB AVERAGE MISS LATENCY: - cycles
cpu6->cpu6_DTLB TOTAL        ACCESS:   20810269 HIT:   20810269 MISS:          0 MSHR_MERGE:          0
cpu6->cpu6_DTLB LOAD         ACCESS:   20810269 HIT:   20810269 MISS:          0 MSHR_MERGE:          0
cpu6->cpu6_DTLB RFO          ACCESS:          0 HIT:          0 MISS:          0 MSHR_MERGE:          0
cpu6->cpu6_DTLB PREFETCH     ACCESS:          0 HIT:          0 MISS:          0 MSHR_MERGE:          0
cpu6->cpu6_DTLB WRITE        ACCESS:          0 HIT:          0 MISS:          0 MSHR_MERGE:          0
cpu6->cpu6_DTLB TRANSLATION  ACCESS:          0 HIT:          0 MISS:          0 MSHR_MERGE:          0
cpu6->cpu6_DTLB PREFETCH REQUESTED:          0 ISSUED:          0 USEFUL:          0 USELESS:          0
cpu6->cpu6_DTLB AVERAGE MISS LATENCY: - cycles
cpu5->cpu5_L2C TOTAL        ACCESS:    1149958 HIT:     801012 MISS:     348946 MSHR_MERGE:          0
cpu5->cpu5_L2C LOAD         ACCESS:     615118 HIT:     292109 MISS:     323009 MSHR_MERGE:          0
cpu5->cpu5_L2C RFO          ACCESS:      81646 HIT:      56424 MISS:      25222 MSHR_MERGE:          0
cpu5->cpu5_L2C PREFETCH     ACCESS:          0 HIT:          0 MISS:          0 MSHR_MERGE:          0
cpu5->cpu5_L2C WRITE        ACCESS:     453194 HIT:     452479 MISS:        715 MSHR_MERGE:          0
cpu5->cpu5_L2C TRANSLATION  ACCESS:          0 HIT:          0 MISS:          0 MSHR_MERGE:          0
cpu5->cpu5_L2C PREFETCH REQUESTED:          0 ISSUED:          0 USEFUL:          0 USELESS:          0
cpu5->cpu5_L2C AVERAGE MISS LATENCY: 135.7 cycles
cpu5->cpu5_L1I TOTAL        ACCESS:   17179412 HIT:   17178817 MISS:        595 MSHR_MERGE:        420
cpu5->cpu5_L1I LOAD         ACCESS:   17179412 HIT:   17178817 MISS:        595 MSHR_MERGE:        420
cpu5->cpu5_L1I RFO          ACCESS:          0 HIT:          0 MISS:          0 MSHR_MERGE:          0
cpu5->cpu5_L1I PREFETCH     ACCESS:          0 HIT:          0 MISS:          0 MSHR_MERGE:          0
cpu5->cpu5_L1I WRITE        ACCESS:          0 HIT:          0 MISS:          0 MSHR_MERGE:          0
cpu5->cpu5_L1I TRANSLATION  ACCESS:          0 HIT:          0 MISS:          0 MSHR_MERGE:          0
cpu5->cpu5_L1I PREFETCH REQUESTED:          0 ISSUED:          0 USEFUL:          0 USELESS:          0
cpu5->cpu5_L1I AVERAGE MISS LATENCY: 186.1 cycles
cpu5->cpu5_L1D TOTAL        ACCESS:   22549275 HIT:   21542595 MISS:    1006680 MSHR_MERGE:     310085
cpu5->cpu5_L1D LOAD         ACCESS:   14989327 HIT:   14110621 MISS:     878706 MSHR_MERGE:     263758
cpu5->cpu5_L1D RFO          ACCESS:          0 HIT:          0 MISS:          0 MSHR_MERGE:          0
cpu5->cpu5_L1D PREFETCH     ACCESS:          0 HIT:          0 MISS:          0 MSHR_MERGE:          0
cpu5->cpu5_L1D WRITE        ACCESS:    7559948 HIT:    7431974 MISS:     127974 MSHR_MERGE:      46327
cpu5->cpu5_L1D TRANSLATION  ACCESS:          0 HIT:          0 MISS:          0 MSHR_MERGE:          0
cpu5->cpu5_L1D PREFETCH REQUESTED:          0 ISSUED:          0 USEFUL:          0 USELESS:          0
cpu5->cpu5_L1D AVERAGE MISS LATENCY: 76.44 cycles
cpu5->cpu5_ITLB TOTAL        ACCESS:   15183006 HIT:   15183006 MISS:          0 MSHR_MERGE:          0
cpu5->cpu5_ITLB LOAD         ACCESS:   15183006 HIT:   15183006 MISS:          0 MSHR_MERGE:          0
cpu5->cpu5_ITLB RFO          ACCESS:          0 HIT:          0 MISS:          0 MSHR_MERGE:          0
cpu5->cpu5_ITLB PREFETCH     ACCESS:          0 HIT:          0 MISS:          0 MSHR_MERGE:          0
cpu5->cpu5_ITLB WRITE        ACCESS:          0 HIT:          0 MISS:          0 MSHR_MERGE:          0
cpu5->cpu5_ITLB TRANSLATION  ACCESS:          0 HIT:          0 MISS:          0 MSHR_MERGE:          0
cpu5->cpu5_ITLB PREFETCH REQUESTED:          0 ISSUED:          0 USEFUL:          0 USELESS:          0
cpu5->cpu5_ITLB AVERAGE MISS LATENCY: - cycles
cpu5->cpu5_DTLB TOTAL        ACCESS:   20754204 HIT:   20754204 MISS:          0 MSHR_MERGE:          0
cpu5->cpu5_DTLB LOAD         ACCESS:   20754204 HIT:   20754204 MISS:          0 MSHR_MERGE:          0
cpu5->cpu5_DTLB RFO          ACCESS:          0 HIT:          0 MISS:          0 MSHR_MERGE:          0
cpu5->cpu5_DTLB PREFETCH     ACCESS:          0 HIT:          0 MISS:          0 MSHR_MERGE:          0
cpu5->cpu5_DTLB WRITE        ACCESS:          0 HIT:          0 MISS:          0 MSHR_MERGE:          0
cpu5->cpu5_DTLB TRANSLATION  ACCESS:          0 HIT:          0 MISS:          0 MSHR_MERGE:          0
cpu5->cpu5_DTLB PREFETCH REQUESTED:          0 ISSUED:          0 USEFUL:          0 USELESS:          0
cpu5->cpu5_DTLB AVERAGE MISS LATENCY: - cycles
cpu4->cpu4_L2C TOTAL        ACCESS:    1151668 HIT:     802256 MISS:     349412 MSHR_MERGE:          0
cpu4->cpu4_L2C LOAD         ACCESS:     616032 HIT:     292577 MISS:     323455 MSHR_MERGE:          0
cpu4->cpu4_L2C RFO          ACCESS:      81765 HIT:      56524 MISS:      25241 MSHR_MERGE:          0
cpu4->cpu4_L2C PREFETCH     ACCESS:          0 HIT:          0 MISS:          0 MSHR_MERGE:          0
cpu4->cpu4_L2C WRITE        ACCESS:     453871 HIT:     453155 MISS:        716 MSHR_MERGE:          0
cpu4->cpu4_L2C TRANSLATION  ACCESS:          0 HIT:          0 MISS:          0 MSHR_MERGE:          0
cpu4->cpu4_L2C PREFETCH REQUESTED:          0 ISSUED:          0 USEFUL:          0 USELESS:          0
cpu4->cpu4_L2C AVERAGE MISS LATENCY: 135.6 cycles
cpu4->cpu4_L1I TOTAL        ACCESS:   17199032 HIT:   17198417 MISS:        615 MSHR_MERGE:        436
cpu4->cpu4_L1I LOAD         ACCESS:   17199032 HIT:   17198417 MISS:        615 MSHR_MERGE:        436
cpu4->cpu4_L1I RFO          ACCESS:          0 HIT:          0 MISS:          0 MSHR_MERGE:          0
cpu4->cpu4_L1I PREFETCH     ACCESS:          0 HIT:          0 MISS:          0 MSHR_MERGE:          0
cpu4->cpu4_L1I WRITE        ACCESS:          0 HIT:          0 MISS:          0 MSHR_MERGE:          0
cpu4->cpu4_L1I TRANSLATION  ACCESS:          0 HIT:          0 MISS:          0 MSHR_MERGE:          0
cpu4->cpu4_L1I PREFETCH REQUESTED:          0 ISSUED:          0 USEFUL:          0 USELESS:          0
cpu4->cpu4_L1I AVERAGE MISS LATENCY: 187 cycles
cpu4->cpu4_L1D TOTAL        ACCESS:   22575217 HIT:   21567667 MISS:    1007550 MSHR_MERGE:     309929
cpu4->cpu4_L1D LOAD         ACCESS:   15006428 HIT:   14126814 MISS:     879614 MSHR_MERGE:     263758
cpu4->cpu4_L1D RFO          ACCESS:          0 HIT:          0 MISS:          0 MSHR_MERGE:          0
cpu4->cpu4_L1D PREFETCH     ACCESS:          0 HIT:          0 MISS:          0 MSHR_MERGE:          0
cpu4->cpu4_L1D WRITE        ACCESS:    7568789 HIT:    7440853 MISS:     127936 MSHR_MERGE:      46171
cpu4->cpu4_L1D TRANSLATION  ACCESS:          0 HIT:          0 MISS:          0 MSHR_MERGE:          0
cpu4->cpu4_L1D PREFETCH REQUESTED:          0 ISSUED:          0 USEFUL:          0 USELESS:          0
cpu4->cpu4_L1D AVERAGE MISS LATENCY: 76.39 cycles
cpu4->cpu4_ITLB TOTAL        ACCESS:   15199695 HIT:   15199695 MISS:          0 MSHR_MERGE:          0
cpu4->cpu4_ITLB LOAD         ACCESS:   15199695 HIT:   15199695 MISS:          0 MSHR_MERGE:          0
cpu4->cpu4_ITLB RFO          ACCESS:          0 HIT:          0 MISS:          0 MSHR_MERGE:          0
cpu4->cpu4_ITLB PREFETCH     ACCESS:          0 HIT:          0 MISS:          0 MSHR_MERGE:          0
cpu4->cpu4_ITLB WRITE        ACCESS:          0 HIT:          0 MISS:          0 MSHR_MERGE:          0
cpu4->cpu4_ITLB TRANSLATION  ACCESS:          0 HIT:          0 MISS:          0 MSHR_MERGE:          0
cpu4->cpu4_ITLB PREFETCH REQUESTED:          0 ISSUED:          0 USEFUL:          0 USELESS:          0
cpu4->cpu4_ITLB AVERAGE MISS LATENCY: - cycles
cpu4->cpu4_DTLB TOTAL        ACCESS:   20778766 HIT:   20778766 MISS:          0 MSHR_MERGE:          0
cpu4->cpu4_DTLB LOAD         ACCESS:   20778766 HIT:   20778766 MISS:          0 MSHR_MERGE:          0
cpu4->cpu4_DTLB RFO          ACCESS:          0 HIT:          0 MISS:          0 MSHR_MERGE:          0
cpu4->cpu4_DTLB PREFETCH     ACCESS:          0 HIT:          0 MISS:          0 MSHR_MERGE:          0
cpu4->cpu4_DTLB WRITE        ACCESS:          0 HIT:          0 MISS:          0 MSHR_MERGE:          0
cpu4->cpu4_DTLB TRANSLATION  ACCESS:          0 HIT:          0 MISS:          0 MSHR_MERGE:          0
cpu4->cpu4_DTLB PREFETCH REQUESTED:          0 ISSUED:          0 USEFUL:          0 USELESS:          0
cpu4->cpu4_DTLB AVERAGE MISS LATENCY: - cycles
cpu3->cpu3_L2C TOTAL        ACCESS:    1157189 HIT:     806389 MISS:     350800 MSHR_MERGE:          0
cpu3->cpu3_L2C LOAD         ACCESS:     618603 HIT:     293931 MISS:     324672 MSHR_MERGE:          0
cpu3->cpu3_L2C RFO          ACCESS:      82451 HIT:      57045 MISS:      25406 MSHR_MERGE:          0
cpu3->cpu3_L2C PREFETCH     ACCESS:          0 HIT:          0 MISS:          0 MSHR_MERGE:          0
cpu3->cpu3_L2C WRITE        ACCESS:     456135 HIT:     455413 MISS:        722 MSHR_MERGE:          0
cpu3->cpu3_L2C TRANSLATION  ACCESS:          0 HIT:          0 MISS:          0 MSHR_MERGE:          0
cpu3->cpu3_L2C PREFETCH REQUESTED:          0 ISSUED:          0 USEFUL:          0 USELESS:          0
cpu3->cpu3_L2C AVERAGE MISS LATENCY: 134.5 cycles
cpu3->cpu3_L1I TOTAL        ACCESS:   17253284 HIT:   17252689 MISS:        595 MSHR_MERGE:        420
cpu3->cpu3_L1I LOAD         ACCESS:   17253284 HIT:   17252689 MISS:        595 MSHR_MERGE:        420
cpu3->cpu3_L1I RFO          ACCESS:          0 HIT:          0 MISS:          0 MSHR_MERGE:          0
cpu3->cpu3_L1I PREFETCH     ACCESS:          0 HIT:          0 MISS:          0 MSHR_MERGE:          0
cpu3->cpu3_L1I WRITE        ACCESS:          0 HIT:          0 MISS:          0 MSHR_MERGE:          0
cpu3->cpu3_L1I TRANSLATION  ACCESS:          0 HIT:          0 MISS:          0 MSHR_MERGE:          0
cpu3->cpu3_L1I PREFETCH REQUESTED:          0 ISSUED:          0 USEFUL:          0 USELESS:          0
cpu3->cpu3_L1I AVERAGE MISS LATENCY: 161.6 cycles
cpu3->cpu3_L1D TOTAL        ACCESS:   22648068 HIT:   21635359 MISS:    1012709 MSHR_MERGE:     311827
cpu3->cpu3_L1D LOAD         ACCESS:   15059255 HIT:   14175800 MISS:     883455 MSHR_MERGE:     265024
cpu3->cpu3_L1D RFO          ACCESS:          0 HIT:          0 MISS:          0 MSHR_MERGE:          0
cpu3->cpu3_L1D PREFETCH     ACCESS:          0 HIT:          0 MISS:          0 MSHR_MERGE:          0
cpu3->cpu3_L1D WRITE        ACCESS:    7588813 HIT:    7459559 MISS:     129254 MSHR_MERGE:      46803
cpu3->cpu3_L1D TRANSLATION  ACCESS:          0 HIT:          0 MISS:          0 MSHR_MERGE:          0
cpu3->cpu3_L1D PREFETCH REQUESTED:          0 ISSUED:          0 USEFUL:          0 USELESS:          0
cpu3->cpu3_L1D AVERAGE MISS LATENCY: 75.82 cycles
cpu3->cpu3_ITLB TOTAL        ACCESS:   15269180 HIT:   15269180 MISS:          0 MSHR_MERGE:          0
cpu3->cpu3_ITLB LOAD         ACCESS:   15269180 HIT:   15269180 MISS:          0 MSHR_MERGE:          0
cpu3->cpu3_ITLB RFO          ACCESS:          0 HIT:          0 MISS:          0 MSHR_MERGE:          0
cpu3->cpu3_ITLB PREFETCH     ACCESS:          0 HIT:          0 MISS:          0 MSHR_MERGE:          0
cpu3->cpu3_ITLB WRITE        ACCESS:          0 HIT:          0 MISS:          0 MSHR_MERGE:          0
cpu3->cpu3_ITLB TRANSLATION  ACCESS:          0 HIT:          0 MISS:          0 MSHR_MERGE:          0
cpu3->cpu3_ITLB PREFETCH REQUESTED:          0 ISSUED:          0 USEFUL:          0 USELESS:          0
cpu3->cpu3_ITLB AVERAGE MISS LATENCY: - cycles
cpu3->cpu3_DTLB TOTAL        ACCESS:   20880630 HIT:   20880630 MISS:          0 MSHR_MERGE:          0
cpu3->cpu3_DTLB LOAD         ACCESS:   20880630 HIT:   20880630 MISS:          0 MSHR_MERGE:          0
cpu3->cpu3_DTLB RFO          ACCESS:          0 HIT:          0 MISS:          0 MSHR_MERGE:          0
cpu3->cpu3_DTLB PREFETCH     ACCESS:          0 HIT:          0 MISS:          0 MSHR_MERGE:          0
cpu3->cpu3_DTLB WRITE        ACCESS:          0 HIT:          0 MISS:          0 MSHR_MERGE:          0
cpu3->cpu3_DTLB TRANSLATION  ACCESS:          0 HIT:          0 MISS:          0 MSHR_MERGE:          0
cpu3->cpu3_DTLB PREFETCH REQUESTED:          0 ISSUED:          0 USEFUL:          0 USELESS:          0
cpu3->cpu3_DTLB AVERAGE MISS LATENCY: - cycles
cpu2->cpu2_L2C TOTAL        ACCESS:    1151909 HIT:     802400 MISS:     349509 MSHR_MERGE:          0
cpu2->cpu2_L2C LOAD         ACCESS:     616168 HIT:     292623 MISS:     323545 MSHR_MERGE:          0
cpu2->cpu2_L2C RFO          ACCESS:      81772 HIT:      56525 MISS:      25247 MSHR_MERGE:          0
cpu2->cpu2_L2C PREFETCH     ACCESS:          0 HIT:          0 MISS:          0 MSHR_MERGE:          0
cpu2->cpu2_L2C WRITE        ACCESS:     453969 HIT:     453252 MISS:        717 MSHR_MERGE:          0
cpu2->cpu2_L2C TRANSLATION  ACCESS:          0 HIT:          0 MISS:          0 MSHR_MERGE:          0
cpu2->cpu2_L2C PREFETCH REQUESTED:          0 ISSUED:          0 USEFUL:          0 USELESS:          0
cpu2->cpu2_L2C AVERAGE MISS LATENCY: 135.5 cycles
cpu2->cpu2_L1I TOTAL        ACCESS:   17201423 HIT:   17200820 MISS:        603 MSHR_MERGE:        426
cpu2->cpu2_L1I LOAD         ACCESS:   17201423 HIT:   17200820 MISS:        603 MSHR_MERGE:        426
cpu2->cpu2_L1I RFO          ACCESS:          0 HIT:          0 MISS:          0 MSHR_MERGE:          0
cpu2->cpu2_L1I PREFETCH     ACCESS:          0 HIT:          0 MISS:          0 MSHR_MERGE:          0
cpu2->cpu2_L1I WRITE        ACCESS:          0 HIT:          0 MISS:          0 MSHR_MERGE:          0
cpu2->cpu2_L1I TRANSLATION  ACCESS:          0 HIT:          0 MISS:          0 MSHR_MERGE:          0
cpu2->cpu2_L1I PREFETCH REQUESTED:          0 ISSUED:          0 USEFUL:          0 USELESS:          0
cpu2->cpu2_L1I AVERAGE MISS LATENCY: 172.4 cycles
cpu2->cpu2_L1D TOTAL        ACCESS:   22577913 HIT:   21569605 MISS:    1008308 MSHR_MERGE:     310542
cpu2->cpu2_L1D LOAD         ACCESS:   15007970 HIT:   14127852 MISS:     880118 MSHR_MERGE:     264124
cpu2->cpu2_L1D RFO          ACCESS:          0 HIT:          0 MISS:          0 MSHR_MERGE:          0
cpu2->cpu2_L1D PREFETCH     ACCESS:          0 HIT:          0 MISS:          0 MSHR_MERGE:          0
cpu2->cpu2_L1D WRITE        ACCESS:    7569943 HIT:    7441753 MISS:     128190 MSHR_MERGE:      46418
cpu2->cpu2_L1D TRANSLATION  ACCESS:          0 HIT:          0 MISS:          0 MSHR_MERGE:          0
cpu2->cpu2_L1D PREFETCH REQUESTED:          0 ISSUED:          0 USEFUL:          0 USELESS:          0
cpu2->cpu2_L1D AVERAGE MISS LATENCY: 76.36 cycles
cpu2->cpu2_ITLB TOTAL        ACCESS:   15204765 HIT:   15204765 MISS:          0 MSHR_MERGE:          0
cpu2->cpu2_ITLB LOAD         ACCESS:   15204765 HIT:   15204765 MISS:          0 MSHR_MERGE:          0
cpu2->cpu2_ITLB RFO          ACCESS:          0 HIT:          0 MISS:          0 MSHR_MERGE:          0
cpu2->cpu2_ITLB PREFETCH     ACCESS:          0 HIT:          0 MISS:          0 MSHR_MERGE:          0
cpu2->cpu2_ITLB WRITE        ACCESS:          0 HIT:          0 MISS:          0 MSHR_MERGE:          0
cpu2->cpu2_ITLB TRANSLATION  ACCESS:          0 HIT:          0 MISS:          0 MSHR_MERGE:          0
cpu2->cpu2_ITLB PREFETCH REQUESTED:          0 ISSUED:          0 USEFUL:          0 USELESS:          0
cpu2->cpu2_ITLB AVERAGE MISS LATENCY: - cycles
cpu2->cpu2_DTLB TOTAL        ACCESS:   20781019 HIT:   20781019 MISS:          0 MSHR_MERGE:          0
cpu2->cpu2_DTLB LOAD         ACCESS:   20781019 HIT:   20781019 MISS:          0 MSHR_MERGE:          0
cpu2->cpu2_DTLB RFO          ACCESS:          0 HIT:          0 MISS:          0 MSHR_MERGE:          0
cpu2->cpu2_DTLB PREFETCH     ACCESS:          0 HIT:          0 MISS:          0 MSHR_MERGE:          0
cpu2->cpu2_DTLB WRITE        ACCESS:          0 HIT:          0 MISS:          0 MSHR_MERGE:          0
cpu2->cpu2_DTLB TRANSLATION  ACCESS:          0 HIT:          0 MISS:          0 MSHR_MERGE:          0
cpu2->cpu2_DTLB PREFETCH REQUESTED:          0 ISSUED:          0 USEFUL:          0 USELESS:          0
cpu2->cpu2_DTLB AVERAGE MISS LATENCY: - cycles
cpu1->cpu1_L2C TOTAL        ACCESS:    1151335 HIT:     802020 MISS:     349315 MSHR_MERGE:          0
cpu1->cpu1_L2C LOAD         ACCESS:     615840 HIT:     292481 MISS:     323359 MSHR_MERGE:          0
cpu1->cpu1_L2C RFO          ACCESS:      81753 HIT:      56513 MISS:      25240 MSHR_MERGE:          0
cpu1->cpu1_L2C PREFETCH     ACCESS:          0 HIT:          0 MISS:          0 MSHR_MERGE:          0
cpu1->cpu1_L2C WRITE        ACCESS:     453742 HIT:     453026 MISS:        716 MSHR_MERGE:          0
cpu1->cpu1_L2C TRANSLATION  ACCESS:          0 HIT:          0 MISS:          0 MSHR_MERGE:          0
cpu1->cpu1_L2C PREFETCH REQUESTED:          0 ISSUED:          0 USEFUL:          0 USELESS:          0
cpu1->cpu1_L2C AVERAGE MISS LATENCY: 135.5 cycles
cpu1->cpu1_L1I TOTAL        ACCESS:   17195106 HIT:   17194477 MISS:        629 MSHR_MERGE:        446
cpu1->cpu1_L1I LOAD         ACCESS:   17195106 HIT:   17194477 MISS:        629 MSHR_MERGE:        446
cpu1->cpu1_L1I RFO          ACCESS:          0 HIT:          0 MISS:          0 MSHR_MERGE:          0
cpu1->cpu1_L1I PREFETCH     ACCESS:          0 HIT:          0 MISS:          0 MSHR_MERGE:          0
cpu1->cpu1_L1I WRITE        ACCESS:          0 HIT:          0 MISS:          0 MSHR_MERGE:          0
cpu1->cpu1_L1I TRANSLATION  ACCESS:          0 HIT:          0 MISS:          0 MSHR_MERGE:          0
cpu1->cpu1_L1I PREFETCH REQUESTED:          0 ISSUED:          0 USEFUL:          0 USELESS:          0
cpu1->cpu1_L1I AVERAGE MISS LATENCY: 128.3 cycles
cpu1->cpu1_L1D TOTAL        ACCESS:   22563258 HIT:   21555979 MISS:    1007279 MSHR_MERGE:     309865
cpu1->cpu1_L1D LOAD         ACCESS:   14996776 HIT:   14117655 MISS:     879121 MSHR_MERGE:     263460
cpu1->cpu1_L1D RFO          ACCESS:          0 HIT:          0 MISS:          0 MSHR_MERGE:          0
cpu1->cpu1_L1D PREFETCH     ACCESS:          0 HIT:          0 MISS:          0 MSHR_MERGE:          0
cpu1->cpu1_L1D WRITE        ACCESS:    7566482 HIT:    7438324 MISS:     128158 MSHR_MERGE:      46405
cpu1->cpu1_L1D TRANSLATION  ACCESS:          0 HIT:          0 MISS:          0 MSHR_MERGE:          0
cpu1->cpu1_L1D PREFETCH REQUESTED:          0 ISSUED:          0 USEFUL:          0 USELESS:          0
cpu1->cpu1_L1D AVERAGE MISS LATENCY: 76.36 cycles
cpu1->cpu1_ITLB TOTAL        ACCESS:   15217527 HIT:   15217527 MISS:          0 MSHR_MERGE:          0
cpu1->cpu1_ITLB LOAD         ACCESS:   15217527 HIT:   15217527 MISS:          0 MSHR_MERGE:          0
cpu1->cpu1_ITLB RFO          ACCESS:          0 HIT:          0 MISS:          0 MSHR_MERGE:          0
cpu1->cpu1_ITLB PREFETCH     ACCESS:          0 HIT:          0 MISS:          0 MSHR_MERGE:          0
cpu1->cpu1_ITLB WRITE        ACCESS:          0 HIT:          0 MISS:          0 MSHR_MERGE:          0
cpu1->cpu1_ITLB TRANSLATION  ACCESS:          0 HIT:          0 MISS:          0 MSHR_MERGE:          0
cpu1->cpu1_ITLB PREFETCH REQUESTED:          0 ISSUED:          0 USEFUL:          0 USELESS:          0
cpu1->cpu1_ITLB AVERAGE MISS LATENCY: - cycles
cpu1->cpu1_DTLB TOTAL        ACCESS:   20769796 HIT:   20769796 MISS:          0 MSHR_MERGE:          0
cpu1->cpu1_DTLB LOAD         ACCESS:   20769796 HIT:   20769796 MISS:          0 MSHR_MERGE:          0
cpu1->cpu1_DTLB RFO          ACCESS:          0 HIT:          0 MISS:          0 MSHR_MERGE:          0
cpu1->cpu1_DTLB PREFETCH     ACCESS:          0 HIT:          0 MISS:          0 MSHR_MERGE:          0
cpu1->cpu1_DTLB WRITE        ACCESS:          0 HIT:          0 MISS:          0 MSHR_MERGE:          0
cpu1->cpu1_DTLB TRANSLATION  ACCESS:          0 HIT:          0 MISS:          0 MSHR_MERGE:          0
cpu1->cpu1_DTLB PREFETCH REQUESTED:          0 ISSUED:          0 USEFUL:          0 USELESS:          0
cpu1->cpu1_DTLB AVERAGE MISS LATENCY: - cycles
cpu0->cpu0_L2C TOTAL        ACCESS:    1152563 HIT:     802917 MISS:     349646 MSHR_MERGE:          0
cpu0->cpu0_L2C LOAD         ACCESS:     616451 HIT:     292805 MISS:     323646 MSHR_MERGE:          0
cpu0->cpu0_L2C RFO          ACCESS:      81893 HIT:      56609 MISS:      25284 MSHR_MERGE:          0
cpu0->cpu0_L2C PREFETCH     ACCESS:          0 HIT:          0 MISS:          0 MSHR_MERGE:          0
cpu0->cpu0_L2C WRITE        ACCESS:     454219 HIT:     453503 MISS:        716 MSHR_MERGE:          0
cpu0->cpu0_L2C TRANSLATION  ACCESS:          0 HIT:          0 MISS:          0 MSHR_MERGE:          0
cpu0->cpu0_L2C PREFETCH REQUESTED:          0 ISSUED:          0 USEFUL:          0 USELESS:          0
cpu0->cpu0_L2C AVERAGE MISS LATENCY: 135.4 cycles
cpu0->cpu0_L1I TOTAL        ACCESS:   17213315 HIT:   17212718 MISS:        597 MSHR_MERGE:        422
cpu0->cpu0_L1I LOAD         ACCESS:   17213315 HIT:   17212718 MISS:        597 MSHR_MERGE:        422
cpu0->cpu0_L1I RFO          ACCESS:          0 HIT:          0 MISS:          0 MSHR_MERGE:          0
cpu0->cpu0_L1I PREFETCH     ACCESS:          0 HIT:          0 MISS:          0 MSHR_MERGE:          0
cpu0->cpu0_L1I WRITE        ACCESS:          0 HIT:          0 MISS:          0 MSHR_MERGE:          0
cpu0->cpu0_L1I TRANSLATION  ACCESS:          0 HIT:          0 MISS:          0 MSHR_MERGE:          0
cpu0->cpu0_L1I PREFETCH REQUESTED:          0 ISSUED:          0 USEFUL:          0 USELESS:          0
cpu0->cpu0_L1I AVERAGE MISS LATENCY: 177.2 cycles
cpu0->cpu0_L1D TOTAL        ACCESS:   22596188 HIT:   21587224 MISS:    1008964 MSHR_MERGE:     310792
cpu0->cpu0_L1D LOAD         ACCESS:   15022116 HIT:   14141570 MISS:     880546 MSHR_MERGE:     264267
cpu0->cpu0_L1D RFO          ACCESS:          0 HIT:          0 MISS:          0 MSHR_MERGE:          0
cpu0->cpu0_L1D PREFETCH     ACCESS:          0 HIT:          0 MISS:          0 MSHR_MERGE:          0
cpu0->cpu0_L1D WRITE        ACCESS:    7574072 HIT:    7445654 MISS:     128418 MSHR_MERGE:      46525
cpu0->cpu0_L1D TRANSLATION  ACCESS:          0 HIT:          0 MISS:          0 MSHR_MERGE:          0
cpu0->cpu0_L1D PREFETCH REQUESTED:          0 ISSUED:          0 USEFUL:          0 USELESS:          0
cpu0->cpu0_L1D AVERAGE MISS LATENCY: 76.28 cycles
cpu0->cpu0_ITLB TOTAL        ACCESS:   15233420 HIT:   15233420 MISS:          0 MSHR_MERGE:          0
cpu0->cpu0_ITLB LOAD         ACCESS:   15233420 HIT:   15233420 MISS:          0 MSHR_MERGE:          0
cpu0->cpu0_ITLB RFO          ACCESS:          0 HIT:          0 MISS:          0 MSHR_MERGE:          0
cpu0->cpu0_ITLB PREFETCH     ACCESS:          0 HIT:          0 MISS:          0 MSHR_MERGE:          0
cpu0->cpu0_ITLB WRITE        ACCESS:          0 HIT:          0 MISS:          0 MSHR_MERGE:          0
cpu0->cpu0_ITLB TRANSLATION  ACCESS:          0 HIT:          0 MISS:          0 MSHR_MERGE:          0
cpu0->cpu0_ITLB PREFETCH REQUESTED:          0 ISSUED:          0 USEFUL:          0 USELESS:          0
cpu0->cpu0_ITLB AVERAGE MISS LATENCY: - cycles
cpu0->cpu0_DTLB TOTAL        ACCESS:   20832754 HIT:   20832754 MISS:          0 MSHR_MERGE:          0
cpu0->cpu0_DTLB LOAD         ACCESS:   20832754 HIT:   20832754 MISS:          0 MSHR_MERGE:          0
cpu0->cpu0_DTLB RFO          ACCESS:          0 HIT:          0 MISS:          0 MSHR_MERGE:          0
cpu0->cpu0_DTLB PREFETCH     ACCESS:          0 HIT:          0 MISS:          0 MSHR_MERGE:          0
cpu0->cpu0_DTLB WRITE        ACCESS:          0 HIT:          0 MISS:          0 MSHR_MERGE:          0
cpu0->cpu0_DTLB TRANSLATION  ACCESS:          0 HIT:          0 MISS:          0 MSHR_MERGE:          0
cpu0->cpu0_DTLB PREFETCH REQUESTED:          0 ISSUED:          0 USEFUL:          0 USELESS:          0
cpu0->cpu0_DTLB AVERAGE MISS LATENCY: - cycles
cpu0->LLC TOTAL        ACCESS:     594887 HIT:     386110 MISS:     208777 MSHR_MERGE:          0
cpu0->LLC LOAD         ACCESS:     323646 HIT:     155999 MISS:     167647 MSHR_MERGE:          0
cpu0->LLC RFO          ACCESS:      25284 HIT:       8397 MISS:      16887 MSHR_MERGE:          0
cpu0->LLC PREFETCH     ACCESS:          0 HIT:          0 MISS:          0 MSHR_MERGE:          0
cpu0->LLC WRITE        ACCESS:     245957 HIT:     221714 MISS:      24243 MSHR_MERGE:          0
cpu0->LLC TRANSLATION  ACCESS:          0 HIT:          0 MISS:          0 MSHR_MERGE:          0
cpu0->LLC PREFETCH REQUESTED:          0 ISSUED:          0 USEFUL:          0 USELESS:          0
cpu0->LLC AVERAGE MISS LATENCY: 1613 cycles
cpu1->LLC TOTAL        ACCESS:     594317 HIT:     385810 MISS:     208507 MSHR_MERGE:          0
cpu1->LLC LOAD         ACCESS:     323359 HIT:     155713 MISS:     167646 MSHR_MERGE:          0
cpu1->LLC RFO          ACCESS:      25240 HIT:       8368 MISS:      16872 MSHR_MERGE:          0
cpu1->LLC PREFETCH     ACCESS:          0 HIT:          0 MISS:          0 MSHR_MERGE:          0
cpu1->LLC WRITE        ACCESS:     245718 HIT:     221729 MISS:      23989 MSHR_MERGE:          0
cpu1->LLC TRANSLATION  ACCESS:          0 HIT:          0 MISS:          0 MSHR_MERGE:          0
cpu1->LLC PREFETCH REQUESTED:          0 ISSUED:          0 USEFUL:          0 USELESS:          0
cpu1->LLC AVERAGE MISS LATENCY: 1615 cycles
cpu2->LLC TOTAL        ACCESS:     594645 HIT:     386416 MISS:     208229 MSHR_MERGE:          0
cpu2->LLC LOAD         ACCESS:     323545 HIT:     156029 MISS:     167516 MSHR_MERGE:          0
cpu2->LLC RFO          ACCESS:      25247 HIT:       8382 MISS:      16865 MSHR_MERGE:          0
cpu2->LLC PREFETCH     ACCESS:          0 HIT:          0 MISS:          0 MSHR_MERGE:          0
cpu2->LLC WRITE        ACCESS:     245853 HIT:     222005 MISS:      23848 MSHR_MERGE:          0
cpu2->LLC TRANSLATION  ACCESS:          0 HIT:          0 MISS:          0 MSHR_MERGE:          0
cpu2->LLC PREFETCH REQUESTED:          0 ISSUED:          0 USEFUL:          0 USELESS:          0
cpu2->LLC AVERAGE MISS LATENCY: 1618 cycles
cpu3->LLC TOTAL        ACCESS:     596824 HIT:     387646 MISS:     209178 MSHR_MERGE:          0
cpu3->LLC LOAD         ACCESS:     324672 HIT:     156911 MISS:     167761 MSHR_MERGE:          0
cpu3->LLC RFO          ACCESS:      25406 HIT:       8477 MISS:      16929 MSHR_MERGE:          0
cpu3->LLC PREFETCH     ACCESS:          0 HIT:          0 MISS:          0 MSHR_MERGE:          0
cpu3->LLC WRITE        ACCESS:     246746 HIT:     222258 MISS:      24488 MSHR_MERGE:          0
cpu3->LLC TRANSLATION  ACCESS:          0 HIT:          0 MISS:          0 MSHR_MERGE:          0
cpu3->LLC PREFETCH REQUESTED:          0 ISSUED:          0 USEFUL:          0 USELESS:          0
cpu3->LLC AVERAGE MISS LATENCY: 1610 cycles
cpu4->LLC TOTAL        ACCESS:     594481 HIT:     386302 MISS:     208179 MSHR_MERGE:          0
cpu4->LLC LOAD         ACCESS:     323455 HIT:     155974 MISS:     167481 MSHR_MERGE:          0
cpu4->LLC RFO          ACCESS:      25241 HIT:       8395 MISS:      16846 MSHR_MERGE:          0
cpu4->LLC PREFETCH     ACCESS:          0 HIT:          0 MISS:          0 MSHR_MERGE:          0
cpu4->LLC WRITE        ACCESS:     245785 HIT:     221933 MISS:      23852 MSHR_MERGE:          0
cpu4->LLC TRANSLATION  ACCESS:          0 HIT:          0 MISS:          0 MSHR_MERGE:          0
cpu4->LLC PREFETCH REQUESTED:          0 ISSUED:          0 USEFUL:          0 USELESS:          0
cpu4->LLC AVERAGE MISS LATENCY: 1618 cycles
cpu5->LLC TOTAL        ACCESS:     593685 HIT:     385910 MISS:     207775 MSHR_MERGE:          0
cpu5->LLC LOAD         ACCESS:     323009 HIT:     155443 MISS:     167566 MSHR_MERGE:          0
cpu5->LLC RFO          ACCESS:      25222 HIT:       8375 MISS:      16847 MSHR_MERGE:          0
cpu5->LLC PREFETCH     ACCESS:          0 HIT:          0 MISS:          0 MSHR_MERGE:          0
cpu5->LLC WRITE        ACCESS:     245454 HIT:     222092 MISS:      23362 MSHR_MERGE:          0
cpu5->LLC TRANSLATION  ACCESS:          0 HIT:          0 MISS:          0 MSHR_MERGE:          0
cpu5->LLC PREFETCH REQUESTED:          0 ISSUED:          0 USEFUL:          0 USELESS:          0
cpu5->LLC AVERAGE MISS LATENCY: 1621 cycles
cpu6->LLC TOTAL        ACCESS:     594582 HIT:     386579 MISS:     208003 MSHR_MERGE:          0
cpu6->LLC LOAD         ACCESS:     323509 HIT:     156186 MISS:     167323 MSHR_MERGE:          0
cpu6->LLC RFO          ACCESS:      25244 HIT:       8392 MISS:      16852 MSHR_MERGE:          0
cpu6->LLC PREFETCH     ACCESS:          0 HIT:          0 MISS:          0 MSHR_MERGE:          0
cpu6->LLC WRITE        ACCESS:     245829 HIT:     222001 MISS:      23828 MSHR_MERGE:          0
cpu6->LLC TRANSLATION  ACCESS:          0 HIT:          0 MISS:          0 MSHR_MERGE:          0
cpu6->LLC PREFETCH REQUESTED:          0 ISSUED:          0 USEFUL:          0 USELESS:          0
cpu6->LLC AVERAGE MISS LATENCY: 1619 cycles
cpu7->LLC TOTAL        ACCESS:     595315 HIT:     386470 MISS:     208845 MSHR_MERGE:          0
cpu7->LLC LOAD         ACCESS:     323872 HIT:     156244 MISS:     167628 MSHR_MERGE:          0
cpu7->LLC RFO          ACCESS:      25316 HIT:       8403 MISS:      16913 MSHR_MERGE:          0
cpu7->LLC PREFETCH     ACCESS:          0 HIT:          0 MISS:          0 MSHR_MERGE:          0
cpu7->LLC WRITE        ACCESS:     246127 HIT:     221823 MISS:      24304 MSHR_MERGE:          0
cpu7->LLC TRANSLATION  ACCESS:          0 HIT:          0 MISS:          0 MSHR_MERGE:          0
cpu7->LLC PREFETCH REQUESTED:          0 ISSUED:          0 USEFUL:          0 USELESS:          0
cpu7->LLC AVERAGE MISS LATENCY: 1613 cycles

Region of Interest Statistics

CPU 7 cumulative IPC: 1.708 instructions: 100000000 cycles: 58565065
CPU 7 Branch Prediction Accuracy: 100% MPKI: 0 Average ROB Occupancy at Mispredict: -
Branch type MPKI
BRANCH_DIRECT_JUMP: 0
BRANCH_INDIRECT: 0
BRANCH_CONDITIONAL: 0
BRANCH_DIRECT_CALL: 0
BRANCH_INDIRECT_CALL: 0
BRANCH_RETURN: 0


CPU 6 cumulative IPC: 1.705 instructions: 100000004 cycles: 58648266
CPU 6 Branch Prediction Accuracy: 100% MPKI: 0 Average ROB Occupancy at Mispredict: -
Branch type MPKI
BRANCH_DIRECT_JUMP: 0
BRANCH_INDIRECT: 0
BRANCH_CONDITIONAL: 0
BRANCH_DIRECT_CALL: 0
BRANCH_INDIRECT_CALL: 0
BRANCH_RETURN: 0


CPU 5 cumulative IPC: 1.703 instructions: 100000003 cycles: 58730642
CPU 5 Branch Prediction Accuracy: 100% MPKI: 0 Average ROB Occupancy at Mispredict: -
Branch type MPKI
BRANCH_DIRECT_JUMP: 0
BRANCH_INDIRECT: 0
BRANCH_CONDITIONAL: 0
BRANCH_DIRECT_CALL: 0
BRANCH_INDIRECT_CALL: 0
BRANCH_RETURN: 0


CPU 4 cumulative IPC: 1.705 instructions: 100000003 cycles: 58659138
CPU 4 Branch Prediction Accuracy: 100% MPKI: 0 Average ROB Occupancy at Mispredict: -
Branch type MPKI
BRANCH_DIRECT_JUMP: 0
BRANCH_INDIRECT: 0
BRANCH_CONDITIONAL: 0
BRANCH_DIRECT_CALL: 0
BRANCH_INDIRECT_CALL: 0
BRANCH_RETURN: 0


CPU 3 cumulative IPC: 1.711 instructions: 100000004 cycles: 58443732
CPU 3 Branch Prediction Accuracy: 100% MPKI: 0 Average ROB Occupancy at Mispredict: -
Branch type MPKI
BRANCH_DIRECT_JUMP: 0
BRANCH_INDIRECT: 0
BRANCH_CONDITIONAL: 0
BRANCH_DIRECT_CALL: 0
BRANCH_INDIRECT_CALL: 0
BRANCH_RETURN: 0


CPU 2 cumulative IPC: 1.705 instructions: 100000000 cycles: 58642889
CPU 2 Branch Prediction Accuracy: 100% MPKI: 0 Average ROB Occupancy at Mispredict: -
Branch type MPKI
BRANCH_DIRECT_JUMP: 0
BRANCH_INDIRECT: 0
BRANCH_CONDITIONAL: 0
BRANCH_DIRECT_CALL: 0
BRANCH_INDIRECT_CALL: 0
BRANCH_RETURN: 0


CPU 1 cumulative IPC: 1.704 instructions: 100000001 cycles: 58675380
CPU 1 Branch Prediction Accuracy: 100% MPKI: 0 Average ROB Occupancy at Mispredict: -
Branch type MPKI
BRANCH_DIRECT_JUMP: 0
BRANCH_INDIRECT: 0
BRANCH_CONDITIONAL: 0
BRANCH_DIRECT_CALL: 0
BRANCH_INDIRECT_CALL: 0
BRANCH_RETURN: 0


CPU 0 cumulative IPC: 1.706 instructions: 100000002 cycles: 58605866
CPU 0 Branch Prediction Accuracy: 100% MPKI: 0 Average ROB Occupancy at Mispredict: -
Branch type MPKI
BRANCH_DIRECT_JUMP: 0
BRANCH_INDIRECT: 0
BRANCH_CONDITIONAL: 0
BRANCH_DIRECT_CALL: 0
BRANCH_INDIRECT_CALL: 0
BRANCH_RETURN: 0

cpu7->cpu7_L2C TOTAL        ACCESS:    1153983 HIT:     804080 MISS:     349903 MSHR_MERGE:          0
cpu7->cpu7_L2C LOAD         ACCESS:     617085 HIT:     293213 MISS:     323872 MSHR_MERGE:          0
cpu7->cpu7_L2C RFO          ACCESS:      82104 HIT:      56788 MISS:      25316 MSHR_MERGE:          0
cpu7->cpu7_L2C PREFETCH     ACCESS:          0 HIT:          0 MISS:          0 MSHR_MERGE:          0
cpu7->cpu7_L2C WRITE        ACCESS:     454794 HIT:     454079 MISS:        715 MSHR_MERGE:          0
cpu7->cpu7_L2C TRANSLATION  ACCESS:          0 HIT:          0 MISS:          0 MSHR_MERGE:          0
cpu7->cpu7_L2C PREFETCH REQUESTED:          0 ISSUED:          0 USEFUL:          0 USELESS:          0
cpu7->cpu7_L2C AVERAGE MISS LATENCY: 135 cycles
cpu7->cpu7_L1I TOTAL        ACCESS:   17228810 HIT:   17228195 MISS:        615 MSHR_MERGE:        435
cpu7->cpu7_L1I LOAD         ACCESS:   17228810 HIT:   17228195 MISS:        615 MSHR_MERGE:        435
cpu7->cpu7_L1I RFO          ACCESS:          0 HIT:          0 MISS:          0 MSHR_MERGE:          0
cpu7->cpu7_L1I PREFETCH     ACCESS:          0 HIT:          0 MISS:          0 MSHR_MERGE:          0
cpu7->cpu7_L1I WRITE        ACCESS:          0 HIT:          0 MISS:          0 MSHR_MERGE:          0
cpu7->cpu7_L1I TRANSLATION  ACCESS:          0 HIT:          0 MISS:          0 MSHR_MERGE:          0
cpu7->cpu7_L1I PREFETCH REQUESTED:          0 ISSUED:          0 USEFUL:          0 USELESS:          0
cpu7->cpu7_L1I AVERAGE MISS LATENCY: 137.9 cycles
cpu7->cpu7_L1D TOTAL        ACCESS:   22604207 HIT:   21594612 MISS:    1009595 MSHR_MERGE:     310582
cpu7->cpu7_L1D LOAD         ACCESS:   15025429 HIT:   14144549 MISS:     880880 MSHR_MERGE:     263972
cpu7->cpu7_L1D RFO          ACCESS:          0 HIT:          0 MISS:          0 MSHR_MERGE:          0
cpu7->cpu7_L1D PREFETCH     ACCESS:          0 HIT:          0 MISS:          0 MSHR_MERGE:          0
cpu7->cpu7_L1D WRITE        ACCESS:    7578778 HIT:    7450063 MISS:     128715 MSHR_MERGE:      46610
cpu7->cpu7_L1D TRANSLATION  ACCESS:          0 HIT:          0 MISS:          0 MSHR_MERGE:          0
cpu7->cpu7_L1D PREFETCH REQUESTED:          0 ISSUED:          0 USEFUL:          0 USELESS:          0
cpu7->cpu7_L1D AVERAGE MISS LATENCY: 76.06 cycles
cpu7->cpu7_ITLB TOTAL        ACCESS:   15225409 HIT:   15225409 MISS:          0 MSHR_MERGE:          0
cpu7->cpu7_ITLB LOAD         ACCESS:   15225409 HIT:   15225409 MISS:          0 MSHR_MERGE:          0
cpu7->cpu7_ITLB RFO          ACCESS:          0 HIT:          0 MISS:          0 MSHR_MERGE:          0
cpu7->cpu7_ITLB PREFETCH     ACCESS:          0 HIT:          0 MISS:          0 MSHR_MERGE:          0
cpu7->cpu7_ITLB WRITE        ACCESS:          0 HIT:          0 MISS:          0 MSHR_MERGE:          0
cpu7->cpu7_ITLB TRANSLATION  ACCESS:          0 HIT:          0 MISS:          0 MSHR_MERGE:          0
cpu7->cpu7_ITLB PREFETCH REQUESTED:          0 ISSUED:          0 USEFUL:          0 USELESS:          0
cpu7->cpu7_ITLB AVERAGE MISS LATENCY: - cycles
cpu7->cpu7_DTLB TOTAL        ACCESS:   20815014 HIT:   20815014 MISS:          0 MSHR_MERGE:          0
cpu7->cpu7_DTLB LOAD         ACCESS:   20815014 HIT:   20815014 MISS:          0 MSHR_MERGE:          0
cpu7->cpu7_DTLB RFO          ACCESS:          0 HIT:          0 MISS:          0 MSHR_MERGE:          0
cpu7->cpu7_DTLB PREFETCH     ACCESS:          0 HIT:          0 MISS:          0 MSHR_MERGE:          0
cpu7->cpu7_DTLB WRITE        ACCESS:          0 HIT:          0 MISS:          0 MSHR_MERGE:          0
cpu7->cpu7_DTLB TRANSLATION  ACCESS:          0 HIT:          0 MISS:          0 MSHR_MERGE:          0
cpu7->cpu7_DTLB PREFETCH REQUESTED:          0 ISSUED:          0 USEFUL:          0 USELESS:          0
cpu7->cpu7_DTLB AVERAGE MISS LATENCY: - cycles
cpu6->cpu6_L2C TOTAL        ACCESS:    1151780 HIT:     802311 MISS:     349469 MSHR_MERGE:          0
cpu6->cpu6_L2C LOAD         ACCESS:     616110 HIT:     292601 MISS:     323509 MSHR_MERGE:          0
cpu6->cpu6_L2C RFO          ACCESS:      81753 HIT:      56509 MISS:      25244 MSHR_MERGE:          0
cpu6->cpu6_L2C PREFETCH     ACCESS:          0 HIT:          0 MISS:          0 MSHR_MERGE:          0
cpu6->cpu6_L2C WRITE        ACCESS:     453917 HIT:     453201 MISS:        716 MSHR_MERGE:          0
cpu6->cpu6_L2C TRANSLATION  ACCESS:          0 HIT:          0 MISS:          0 MSHR_MERGE:          0
cpu6->cpu6_L2C PREFETCH REQUESTED:          0 ISSUED:          0 USEFUL:          0 USELESS:          0
cpu6->cpu6_L2C AVERAGE MISS LATENCY: 135.6 cycles
cpu6->cpu6_L1I TOTAL        ACCESS:   17194506 HIT:   17193911 MISS:        595 MSHR_MERGE:        420
cpu6->cpu6_L1I LOAD         ACCESS:   17194506 HIT:   17193911 MISS:        595 MSHR_MERGE:        420
cpu6->cpu6_L1I RFO          ACCESS:          0 HIT:          0 MISS:          0 MSHR_MERGE:          0
cpu6->cpu6_L1I PREFETCH     ACCESS:          0 HIT:          0 MISS:          0 MSHR_MERGE:          0
cpu6->cpu6_L1I WRITE        ACCESS:          0 HIT:          0 MISS:          0 MSHR_MERGE:          0
cpu6->cpu6_L1I TRANSLATION  ACCESS:          0 HIT:          0 MISS:          0 MSHR_MERGE:          0
cpu6->cpu6_L1I PREFETCH REQUESTED:          0 ISSUED:          0 USEFUL:          0 USELESS:          0
cpu6->cpu6_L1I AVERAGE MISS LATENCY: 166.6 cycles
cpu6->cpu6_L1D TOTAL        ACCESS:   22575848 HIT:   21568210 MISS:    1007638 MSHR_MERGE:     309946
cpu6->cpu6_L1D LOAD         ACCESS:   15006097 HIT:   14126401 MISS:     879696 MSHR_MERGE:     263758
cpu6->cpu6_L1D RFO          ACCESS:          0 HIT:          0 MISS:          0 MSHR_MERGE:          0
cpu6->cpu6_L1D PREFETCH     ACCESS:          0 HIT:          0 MISS:          0 MSHR_MERGE:          0
cpu6->cpu6_L1D WRITE        ACCESS:    7569751 HIT:    7441809 MISS:     127942 MSHR_MERGE:      46188
cpu6->cpu6_L1D TRANSLATION  ACCESS:          0 HIT:          0 MISS:          0 MSHR_MERGE:          0
cpu6->cpu6_L1D PREFETCH REQUESTED:          0 ISSUED:          0 USEFUL:          0 USELESS:          0
cpu6->cpu6_L1D AVERAGE MISS LATENCY: 76.41 cycles
cpu6->cpu6_ITLB TOTAL        ACCESS:   15202388 HIT:   15202388 MISS:          0 MSHR_MERGE:          0
cpu6->cpu6_ITLB LOAD         ACCESS:   15202388 HIT:   15202388 MISS:          0 MSHR_MERGE:          0
cpu6->cpu6_ITLB RFO          ACCESS:          0 HIT:          0 MISS:          0 MSHR_MERGE:          0
cpu6->cpu6_ITLB PREFETCH     ACCESS:          0 HIT:          0 MISS:          0 MSHR_MERGE:          0
cpu6->cpu6_ITLB WRITE        ACCESS:          0 HIT:          0 MISS:          0 MSHR_MERGE:          0
cpu6->cpu6_ITLB TRANSLATION  ACCESS:          0 HIT:          0 MISS:          0 MSHR_MERGE:          0
cpu6->cpu6_ITLB PREFETCH REQUESTED:          0 ISSUED:          0 USEFUL:          0 USELESS:          0
cpu6->cpu6_ITLB AVERAGE MISS LATENCY: - cycles
cpu6->cpu6_DTLB TOTAL        ACCESS:   20810269 HIT:   20810269 MISS:          0 MSHR_MERGE:          0
cpu6->cpu6_DTLB LOAD         ACCESS:   20810269 HIT:   20810269 MISS:          0 MSHR_MERGE:          0
cpu6->cpu6_DTLB RFO          ACCESS:          0 HIT:          0 MISS:          0 MSHR_MERGE:          0
cpu6->cpu6_DTLB PREFETCH     ACCESS:          0 HIT:          0 MISS:          0 MSHR_MERGE:          0
cpu6->cpu6_DTLB WRITE        ACCESS:          0 HIT:          0 MISS:          0 MSHR_MERGE:          0
cpu6->cpu6_DTLB TRANSLATION  ACCESS:          0 HIT:          0 MISS:          0 MSHR_MERGE:          0
cpu6->cpu6_DTLB PREFETCH REQUESTED:          0 ISSUED:          0 USEFUL:          0 USELESS:          0
cpu6->cpu6_DTLB AVERAGE MISS LATENCY: - cycles
cpu5->cpu5_L2C TOTAL        ACCESS:    1149958 HIT:     801012 MISS:     348946 MSHR_MERGE:          0
cpu5->cpu5_L2C LOAD         ACCESS:     615118 HIT:     292109 MISS:     323009 MSHR_MERGE:          0
cpu5->cpu5_L2C RFO          ACCESS:      81646 HIT:      56424 MISS:      25222 MSHR_MERGE:          0
cpu5->cpu5_L2C PREFETCH     ACCESS:          0 HIT:          0 MISS:          0 MSHR_MERGE:          0
cpu5->cpu5_L2C WRITE        ACCESS:     453194 HIT:     452479 MISS:        715 MSHR_MERGE:          0
cpu5->cpu5_L2C TRANSLATION  ACCESS:          0 HIT:          0 MISS:          0 MSHR_MERGE:          0
cpu5->cpu5_L2C PREFETCH REQUESTED:          0 ISSUED:          0 USEFUL:          0 USELESS:          0
cpu5->cpu5_L2C AVERAGE MISS LATENCY: 135.7 cycles
cpu5->cpu5_L1I TOTAL        ACCESS:   17179412 HIT:   17178817 MISS:        595 MSHR_MERGE:        420
cpu5->cpu5_L1I LOAD         ACCESS:   17179412 HIT:   17178817 MISS:        595 MSHR_MERGE:        420
cpu5->cpu5_L1I RFO          ACCESS:          0 HIT:          0 MISS:          0 MSHR_MERGE:          0
cpu5->cpu5_L1I PREFETCH     ACCESS:          0 HIT:          0 MISS:          0 MSHR_MERGE:          0
cpu5->cpu5_L1I WRITE        ACCESS:          0 HIT:          0 MISS:          0 MSHR_MERGE:          0
cpu5->cpu5_L1I TRANSLATION  ACCESS:          0 HIT:          0 MISS:          0 MSHR_MERGE:          0
cpu5->cpu5_L1I PREFETCH REQUESTED:          0 ISSUED:          0 USEFUL:          0 USELESS:          0
cpu5->cpu5_L1I AVERAGE MISS LATENCY: 186.1 cycles
cpu5->cpu5_L1D TOTAL        ACCESS:   22549275 HIT:   21542595 MISS:    1006680 MSHR_MERGE:     310085
cpu5->cpu5_L1D LOAD         ACCESS:   14989327 HIT:   14110621 MISS:     878706 MSHR_MERGE:     263758
cpu5->cpu5_L1D RFO          ACCESS:          0 HIT:          0 MISS:          0 MSHR_MERGE:          0
cpu5->cpu5_L1D PREFETCH     ACCESS:          0 HIT:          0 MISS:          0 MSHR_MERGE:          0
cpu5->cpu5_L1D WRITE        ACCESS:    7559948 HIT:    7431974 MISS:     127974 MSHR_MERGE:      46327
cpu5->cpu5_L1D TRANSLATION  ACCESS:          0 HIT:          0 MISS:          0 MSHR_MERGE:          0
cpu5->cpu5_L1D PREFETCH REQUESTED:          0 ISSUED:          0 USEFUL:          0 USELESS:          0
cpu5->cpu5_L1D AVERAGE MISS LATENCY: 76.44 cycles
cpu5->cpu5_ITLB TOTAL        ACCESS:   15183006 HIT:   15183006 MISS:          0 MSHR_MERGE:          0
cpu5->cpu5_ITLB LOAD         ACCESS:   15183006 HIT:   15183006 MISS:          0 MSHR_MERGE:          0
cpu5->cpu5_ITLB RFO          ACCESS:          0 HIT:          0 MISS:          0 MSHR_MERGE:          0
cpu5->cpu5_ITLB PREFETCH     ACCESS:          0 HIT:          0 MISS:          0 MSHR_MERGE:          0
cpu5->cpu5_ITLB WRITE        ACCESS:          0 HIT:          0 MISS:          0 MSHR_MERGE:          0
cpu5->cpu5_ITLB TRANSLATION  ACCESS:          0 HIT:          0 MISS:          0 MSHR_MERGE:          0
cpu5->cpu5_ITLB PREFETCH REQUESTED:          0 ISSUED:          0 USEFUL:          0 USELESS:          0
cpu5->cpu5_ITLB AVERAGE MISS LATENCY: - cycles
cpu5->cpu5_DTLB TOTAL        ACCESS:   20754204 HIT:   20754204 MISS:          0 MSHR_MERGE:          0
cpu5->cpu5_DTLB LOAD         ACCESS:   20754204 HIT:   20754204 MISS:          0 MSHR_MERGE:          0
cpu5->cpu5_DTLB RFO          ACCESS:          0 HIT:          0 MISS:          0 MSHR_MERGE:          0
cpu5->cpu5_DTLB PREFETCH     ACCESS:          0 HIT:          0 MISS:          0 MSHR_MERGE:          0
cpu5->cpu5_DTLB WRITE        ACCESS:          0 HIT:          0 MISS:          0 MSHR_MERGE:          0
cpu5->cpu5_DTLB TRANSLATION  ACCESS:          0 HIT:          0 MISS:          0 MSHR_MERGE:          0
cpu5->cpu5_DTLB PREFETCH REQUESTED:          0 ISSUED:          0 USEFUL:          0 USELESS:          0
cpu5->cpu5_DTLB AVERAGE MISS LATENCY: - cycles
cpu4->cpu4_L2C TOTAL        ACCESS:    1151668 HIT:     802256 MISS:     349412 MSHR_MERGE:          0
cpu4->cpu4_L2C LOAD         ACCESS:     616032 HIT:     292577 MISS:     323455 MSHR_MERGE:          0
cpu4->cpu4_L2C RFO          ACCESS:      81765 HIT:      56524 MISS:      25241 MSHR_MERGE:          0
cpu4->cpu4_L2C PREFETCH     ACCESS:          0 HIT:          0 MISS:          0 MSHR_MERGE:          0
cpu4->cpu4_L2C WRITE        ACCESS:     453871 HIT:     453155 MISS:        716 MSHR_MERGE:          0
cpu4->cpu4_L2C TRANSLATION  ACCESS:          0 HIT:          0 MISS:          0 MSHR_MERGE:          0
cpu4->cpu4_L2C PREFETCH REQUESTED:          0 ISSUED:          0 USEFUL:          0 USELESS:          0
cpu4->cpu4_L2C AVERAGE MISS LATENCY: 135.6 cycles
cpu4->cpu4_L1I TOTAL        ACCESS:   17199032 HIT:   17198417 MISS:        615 MSHR_MERGE:        436
cpu4->cpu4_L1I LOAD         ACCESS:   17199032 HIT:   17198417 MISS:        615 MSHR_MERGE:        436
cpu4->cpu4_L1I RFO          ACCESS:          0 HIT:          0 MISS:          0 MSHR_MERGE:          0
cpu4->cpu4_L1I PREFETCH     ACCESS:          0 HIT:          0 MISS:          0 MSHR_MERGE:          0
cpu4->cpu4_L1I WRITE        ACCESS:          0 HIT:          0 MISS:          0 MSHR_MERGE:          0
cpu4->cpu4_L1I TRANSLATION  ACCESS:          0 HIT:          0 MISS:          0 MSHR_MERGE:          0
cpu4->cpu4_L1I PREFETCH REQUESTED:          0 ISSUED:          0 USEFUL:          0 USELESS:          0
cpu4->cpu4_L1I AVERAGE MISS LATENCY: 187 cycles
cpu4->cpu4_L1D TOTAL        ACCESS:   22575217 HIT:   21567667 MISS:    1007550 MSHR_MERGE:     309929
cpu4->cpu4_L1D LOAD         ACCESS:   15006428 HIT:   14126814 MISS:     879614 MSHR_MERGE:     263758
cpu4->cpu4_L1D RFO          ACCESS:          0 HIT:          0 MISS:          0 MSHR_MERGE:          0
cpu4->cpu4_L1D PREFETCH     ACCESS:          0 HIT:          0 MISS:          0 MSHR_MERGE:          0
cpu4->cpu4_L1D WRITE        ACCESS:    7568789 HIT:    7440853 MISS:     127936 MSHR_MERGE:      46171
cpu4->cpu4_L1D TRANSLATION  ACCESS:          0 HIT:          0 MISS:          0 MSHR_MERGE:          0
cpu4->cpu4_L1D PREFETCH REQUESTED:          0 ISSUED:          0 USEFUL:          0 USELESS:          0
cpu4->cpu4_L1D AVERAGE MISS LATENCY: 76.39 cycles
cpu4->cpu4_ITLB TOTAL        ACCESS:   15199695 HIT:   15199695 MISS:          0 MSHR_MERGE:          0
cpu4->cpu4_ITLB LOAD         ACCESS:   15199695 HIT:   15199695 MISS:          0 MSHR_MERGE:          0
cpu4->cpu4_ITLB RFO          ACCESS:          0 HIT:          0 MISS:          0 MSHR_MERGE:          0
cpu4->cpu4_ITLB PREFETCH     ACCESS:          0 HIT:          0 MISS:          0 MSHR_MERGE:          0
cpu4->cpu4_ITLB WRITE        ACCESS:          0 HIT:          0 MISS:          0 MSHR_MERGE:          0
cpu4->cpu4_ITLB TRANSLATION  ACCESS:          0 HIT:          0 MISS:          0 MSHR_MERGE:          0
cpu4->cpu4_ITLB PREFETCH REQUESTED:          0 ISSUED:          0 USEFUL:          0 USELESS:          0
cpu4->cpu4_ITLB AVERAGE MISS LATENCY: - cycles
cpu4->cpu4_DTLB TOTAL        ACCESS:   20778766 HIT:   20778766 MISS:          0 MSHR_MERGE:          0
cpu4->cpu4_DTLB LOAD         ACCESS:   20778766 HIT:   20778766 MISS:          0 MSHR_MERGE:          0
cpu4->cpu4_DTLB RFO          ACCESS:          0 HIT:          0 MISS:          0 MSHR_MERGE:          0
cpu4->cpu4_DTLB PREFETCH     ACCESS:          0 HIT:          0 MISS:          0 MSHR_MERGE:          0
cpu4->cpu4_DTLB WRITE        ACCESS:          0 HIT:          0 MISS:          0 MSHR_MERGE:          0
cpu4->cpu4_DTLB TRANSLATION  ACCESS:          0 HIT:          0 MISS:          0 MSHR_MERGE:          0
cpu4->cpu4_DTLB PREFETCH REQUESTED:          0 ISSUED:          0 USEFUL:          0 USELESS:          0
cpu4->cpu4_DTLB AVERAGE MISS LATENCY: - cycles
cpu3->cpu3_L2C TOTAL        ACCESS:    1157189 HIT:     806389 MISS:     350800 MSHR_MERGE:          0
cpu3->cpu3_L2C LOAD         ACCESS:     618603 HIT:     293931 MISS:     324672 MSHR_MERGE:          0
cpu3->cpu3_L2C RFO          ACCESS:      82451 HIT:      57045 MISS:      25406 MSHR_MERGE:          0
cpu3->cpu3_L2C PREFETCH     ACCESS:          0 HIT:          0 MISS:          0 MSHR_MERGE:          0
cpu3->cpu3_L2C WRITE        ACCESS:     456135 HIT:     455413 MISS:        722 MSHR_MERGE:          0
cpu3->cpu3_L2C TRANSLATION  ACCESS:          0 HIT:          0 MISS:          0 MSHR_MERGE:          0
cpu3->cpu3_L2C PREFETCH REQUESTED:          0 ISSUED:          0 USEFUL:          0 USELESS:          0
cpu3->cpu3_L2C AVERAGE MISS LATENCY: 134.5 cycles
cpu3->cpu3_L1I TOTAL        ACCESS:   17253284 HIT:   17252689 MISS:        595 MSHR_MERGE:        420
cpu3->cpu3_L1I LOAD         ACCESS:   17253284 HIT:   17252689 MISS:        595 MSHR_MERGE:        420
cpu3->cpu3_L1I RFO          ACCESS:          0 HIT:          0 MISS:          0 MSHR_MERGE:          0
cpu3->cpu3_L1I PREFETCH     ACCESS:          0 HIT:          0 MISS:          0 MSHR_MERGE:          0
cpu3->cpu3_L1I WRITE        ACCESS:          0 HIT:          0 MISS:          0 MSHR_MERGE:          0
cpu3->cpu3_L1I TRANSLATION  ACCESS:          0 HIT:          0 MISS:          0 MSHR_MERGE:          0
cpu3->cpu3_L1I PREFETCH REQUESTED:          0 ISSUED:          0 USEFUL:          0 USELESS:          0
cpu3->cpu3_L1I AVERAGE MISS LATENCY: 161.6 cycles
cpu3->cpu3_L1D TOTAL        ACCESS:   22648068 HIT:   21635359 MISS:    1012709 MSHR_MERGE:     311827
cpu3->cpu3_L1D LOAD         ACCESS:   15059255 HIT:   14175800 MISS:     883455 MSHR_MERGE:     265024
cpu3->cpu3_L1D RFO          ACCESS:          0 HIT:          0 MISS:          0 MSHR_MERGE:          0
cpu3->cpu3_L1D PREFETCH     ACCESS:          0 HIT:          0 MISS:          0 MSHR_MERGE:          0
cpu3->cpu3_L1D WRITE        ACCESS:    7588813 HIT:    7459559 MISS:     129254 MSHR_MERGE:      46803
cpu3->cpu3_L1D TRANSLATION  ACCESS:          0 HIT:          0 MISS:          0 MSHR_MERGE:          0
cpu3->cpu3_L1D PREFETCH REQUESTED:          0 ISSUED:          0 USEFUL:          0 USELESS:          0
cpu3->cpu3_L1D AVERAGE MISS LATENCY: 75.82 cycles
cpu3->cpu3_ITLB TOTAL        ACCESS:   15269180 HIT:   15269180 MISS:          0 MSHR_MERGE:          0
cpu3->cpu3_ITLB LOAD         ACCESS:   15269180 HIT:   15269180 MISS:          0 MSHR_MERGE:          0
cpu3->cpu3_ITLB RFO          ACCESS:          0 HIT:          0 MISS:          0 MSHR_MERGE:          0
cpu3->cpu3_ITLB PREFETCH     ACCESS:          0 HIT:          0 MISS:          0 MSHR_MERGE:          0
cpu3->cpu3_ITLB WRITE        ACCESS:          0 HIT:          0 MISS:          0 MSHR_MERGE:          0
cpu3->cpu3_ITLB TRANSLATION  ACCESS:          0 HIT:          0 MISS:          0 MSHR_MERGE:          0
cpu3->cpu3_ITLB PREFETCH REQUESTED:          0 ISSUED:          0 USEFUL:          0 USELESS:          0
cpu3->cpu3_ITLB AVERAGE MISS LATENCY: - cycles
cpu3->cpu3_DTLB TOTAL        ACCESS:   20880630 HIT:   20880630 MISS:          0 MSHR_MERGE:          0
cpu3->cpu3_DTLB LOAD         ACCESS:   20880630 HIT:   20880630 MISS:          0 MSHR_MERGE:          0
cpu3->cpu3_DTLB RFO          ACCESS:          0 HIT:          0 MISS:          0 MSHR_MERGE:          0
cpu3->cpu3_DTLB PREFETCH     ACCESS:          0 HIT:          0 MISS:          0 MSHR_MERGE:          0
cpu3->cpu3_DTLB WRITE        ACCESS:          0 HIT:          0 MISS:          0 MSHR_MERGE:          0
cpu3->cpu3_DTLB TRANSLATION  ACCESS:          0 HIT:          0 MISS:          0 MSHR_MERGE:          0
cpu3->cpu3_DTLB PREFETCH REQUESTED:          0 ISSUED:          0 USEFUL:          0 USELESS:          0
cpu3->cpu3_DTLB AVERAGE MISS LATENCY: - cycles
cpu2->cpu2_L2C TOTAL        ACCESS:    1151909 HIT:     802400 MISS:     349509 MSHR_MERGE:          0
cpu2->cpu2_L2C LOAD         ACCESS:     616168 HIT:     292623 MISS:     323545 MSHR_MERGE:          0
cpu2->cpu2_L2C RFO          ACCESS:      81772 HIT:      56525 MISS:      25247 MSHR_MERGE:          0
cpu2->cpu2_L2C PREFETCH     ACCESS:          0 HIT:          0 MISS:          0 MSHR_MERGE:          0
cpu2->cpu2_L2C WRITE        ACCESS:     453969 HIT:     453252 MISS:        717 MSHR_MERGE:          0
cpu2->cpu2_L2C TRANSLATION  ACCESS:          0 HIT:          0 MISS:          0 MSHR_MERGE:          0
cpu2->cpu2_L2C PREFETCH REQUESTED:          0 ISSUED:          0 USEFUL:          0 USELESS:          0
cpu2->cpu2_L2C AVERAGE MISS LATENCY: 135.5 cycles
cpu2->cpu2_L1I TOTAL        ACCESS:   17201423 HIT:   17200820 MISS:        603 MSHR_MERGE:        426
cpu2->cpu2_L1I LOAD         ACCESS:   17201423 HIT:   17200820 MISS:        603 MSHR_MERGE:        426
cpu2->cpu2_L1I RFO          ACCESS:          0 HIT:          0 MISS:          0 MSHR_MERGE:          0
cpu2->cpu2_L1I PREFETCH     ACCESS:          0 HIT:          0 MISS:          0 MSHR_MERGE:          0
cpu2->cpu2_L1I WRITE        ACCESS:          0 HIT:          0 MISS:          0 MSHR_MERGE:          0
cpu2->cpu2_L1I TRANSLATION  ACCESS:          0 HIT:          0 MISS:          0 MSHR_MERGE:          0
cpu2->cpu2_L1I PREFETCH REQUESTED:          0 ISSUED:          0 USEFUL:          0 USELESS:          0
cpu2->cpu2_L1I AVERAGE MISS LATENCY: 172.4 cycles
cpu2->cpu2_L1D TOTAL        ACCESS:   22577913 HIT:   21569605 MISS:    1008308 MSHR_MERGE:     310542
cpu2->cpu2_L1D LOAD         ACCESS:   15007970 HIT:   14127852 MISS:     880118 MSHR_MERGE:     264124
cpu2->cpu2_L1D RFO          ACCESS:          0 HIT:          0 MISS:          0 MSHR_MERGE:          0
cpu2->cpu2_L1D PREFETCH     ACCESS:          0 HIT:          0 MISS:          0 MSHR_MERGE:          0
cpu2->cpu2_L1D WRITE        ACCESS:    7569943 HIT:    7441753 MISS:     128190 MSHR_MERGE:      46418
cpu2->cpu2_L1D TRANSLATION  ACCESS:          0 HIT:          0 MISS:          0 MSHR_MERGE:          0
cpu2->cpu2_L1D PREFETCH REQUESTED:          0 ISSUED:          0 USEFUL:          0 USELESS:          0
cpu2->cpu2_L1D AVERAGE MISS LATENCY: 76.36 cycles
cpu2->cpu2_ITLB TOTAL        ACCESS:   15204765 HIT:   15204765 MISS:          0 MSHR_MERGE:          0
cpu2->cpu2_ITLB LOAD         ACCESS:   15204765 HIT:   15204765 MISS:          0 MSHR_MERGE:          0
cpu2->cpu2_ITLB RFO          ACCESS:          0 HIT:          0 MISS:          0 MSHR_MERGE:          0
cpu2->cpu2_ITLB PREFETCH     ACCESS:          0 HIT:          0 MISS:          0 MSHR_MERGE:          0
cpu2->cpu2_ITLB WRITE        ACCESS:          0 HIT:          0 MISS:          0 MSHR_MERGE:          0
cpu2->cpu2_ITLB TRANSLATION  ACCESS:          0 HIT:          0 MISS:          0 MSHR_MERGE:          0
cpu2->cpu2_ITLB PREFETCH REQUESTED:          0 ISSUED:          0 USEFUL:          0 USELESS:          0
cpu2->cpu2_ITLB AVERAGE MISS LATENCY: - cycles
cpu2->cpu2_DTLB TOTAL        ACCESS:   20781019 HIT:   20781019 MISS:          0 MSHR_MERGE:          0
cpu2->cpu2_DTLB LOAD         ACCESS:   20781019 HIT:   20781019 MISS:          0 MSHR_MERGE:          0
cpu2->cpu2_DTLB RFO          ACCESS:          0 HIT:          0 MISS:          0 MSHR_MERGE:          0
cpu2->cpu2_DTLB PREFETCH     ACCESS:          0 HIT:          0 MISS:          0 MSHR_MERGE:          0
cpu2->cpu2_DTLB WRITE        ACCESS:          0 HIT:          0 MISS:          0 MSHR_MERGE:          0
cpu2->cpu2_DTLB TRANSLATION  ACCESS:          0 HIT:          0 MISS:          0 MSHR_MERGE:          0
cpu2->cpu2_DTLB PREFETCH REQUESTED:          0 ISSUED:          0 USEFUL:          0 USELESS:          0
cpu2->cpu2_DTLB AVERAGE MISS LATENCY: - cycles
cpu1->cpu1_L2C TOTAL        ACCESS:    1151335 HIT:     802020 MISS:     349315 MSHR_MERGE:          0
cpu1->cpu1_L2C LOAD         ACCESS:     615840 HIT:     292481 MISS:     323359 MSHR_MERGE:          0
cpu1->cpu1_L2C RFO          ACCESS:      81753 HIT:      56513 MISS:      25240 MSHR_MERGE:          0
cpu1->cpu1_L2C PREFETCH     ACCESS:          0 HIT:          0 MISS:          0 MSHR_MERGE:          0
cpu1->cpu1_L2C WRITE        ACCESS:     453742 HIT:     453026 MISS:        716 MSHR_MERGE:          0
cpu1->cpu1_L2C TRANSLATION  ACCESS:          0 HIT:          0 MISS:          0 MSHR_MERGE:          0
cpu1->cpu1_L2C PREFETCH REQUESTED:          0 ISSUED:          0 USEFUL:          0 USELESS:          0
cpu1->cpu1_L2C AVERAGE MISS LATENCY: 135.5 cycles
cpu1->cpu1_L1I TOTAL        ACCESS:   17195106 HIT:   17194477 MISS:        629 MSHR_MERGE:        446
cpu1->cpu1_L1I LOAD         ACCESS:   17195106 HIT:   17194477 MISS:        629 MSHR_MERGE:        446
cpu1->cpu1_L1I RFO          ACCESS:          0 HIT:          0 MISS:          0 MSHR_MERGE:          0
cpu1->cpu1_L1I PREFETCH     ACCESS:          0 HIT:          0 MISS:          0 MSHR_MERGE:          0
cpu1->cpu1_L1I WRITE        ACCESS:          0 HIT:          0 MISS:          0 MSHR_MERGE:          0
cpu1->cpu1_L1I TRANSLATION  ACCESS:          0 HIT:          0 MISS:          0 MSHR_MERGE:          0
cpu1->cpu1_L1I PREFETCH REQUESTED:          0 ISSUED:          0 USEFUL:          0 USELESS:          0
cpu1->cpu1_L1I AVERAGE MISS LATENCY: 128.3 cycles
cpu1->cpu1_L1D TOTAL        ACCESS:   22563258 HIT:   21555979 MISS:    1007279 MSHR_MERGE:     309865
cpu1->cpu1_L1D LOAD         ACCESS:   14996776 HIT:   14117655 MISS:     879121 MSHR_MERGE:     263460
cpu1->cpu1_L1D RFO          ACCESS:          0 HIT:          0 MISS:          0 MSHR_MERGE:          0
cpu1->cpu1_L1D PREFETCH     ACCESS:          0 HIT:          0 MISS:          0 MSHR_MERGE:          0
cpu1->cpu1_L1D WRITE        ACCESS:    7566482 HIT:    7438324 MISS:     128158 MSHR_MERGE:      46405
cpu1->cpu1_L1D TRANSLATION  ACCESS:          0 HIT:          0 MISS:          0 MSHR_MERGE:          0
cpu1->cpu1_L1D PREFETCH REQUESTED:          0 ISSUED:          0 USEFUL:          0 USELESS:          0
cpu1->cpu1_L1D AVERAGE MISS LATENCY: 76.36 cycles
cpu1->cpu1_ITLB TOTAL        ACCESS:   15217527 HIT:   15217527 MISS:          0 MSHR_MERGE:          0
cpu1->cpu1_ITLB LOAD         ACCESS:   15217527 HIT:   15217527 MISS:          0 MSHR_MERGE:          0
cpu1->cpu1_ITLB RFO          ACCESS:          0 HIT:          0 MISS:          0 MSHR_MERGE:          0
cpu1->cpu1_ITLB PREFETCH     ACCESS:          0 HIT:          0 MISS:          0 MSHR_MERGE:          0
cpu1->cpu1_ITLB WRITE        ACCESS:          0 HIT:          0 MISS:          0 MSHR_MERGE:          0
cpu1->cpu1_ITLB TRANSLATION  ACCESS:          0 HIT:          0 MISS:          0 MSHR_MERGE:          0
cpu1->cpu1_ITLB PREFETCH REQUESTED:          0 ISSUED:          0 USEFUL:          0 USELESS:          0
cpu1->cpu1_ITLB AVERAGE MISS LATENCY: - cycles
cpu1->cpu1_DTLB TOTAL        ACCESS:   20769796 HIT:   20769796 MISS:          0 MSHR_MERGE:          0
cpu1->cpu1_DTLB LOAD         ACCESS:   20769796 HIT:   20769796 MISS:          0 MSHR_MERGE:          0
cpu1->cpu1_DTLB RFO          ACCESS:          0 HIT:          0 MISS:          0 MSHR_MERGE:          0
cpu1->cpu1_DTLB PREFETCH     ACCESS:          0 HIT:          0 MISS:          0 MSHR_MERGE:          0
cpu1->cpu1_DTLB WRITE        ACCESS:          0 HIT:          0 MISS:          0 MSHR_MERGE:          0
cpu1->cpu1_DTLB TRANSLATION  ACCESS:          0 HIT:          0 MISS:          0 MSHR_MERGE:          0
cpu1->cpu1_DTLB PREFETCH REQUESTED:          0 ISSUED:          0 USEFUL:          0 USELESS:          0
cpu1->cpu1_DTLB AVERAGE MISS LATENCY: - cycles
cpu0->cpu0_L2C TOTAL        ACCESS:    1152563 HIT:     802917 MISS:     349646 MSHR_MERGE:          0
cpu0->cpu0_L2C LOAD         ACCESS:     616451 HIT:     292805 MISS:     323646 MSHR_MERGE:          0
cpu0->cpu0_L2C RFO          ACCESS:      81893 HIT:      56609 MISS:      25284 MSHR_MERGE:          0
cpu0->cpu0_L2C PREFETCH     ACCESS:          0 HIT:          0 MISS:          0 MSHR_MERGE:          0
cpu0->cpu0_L2C WRITE        ACCESS:     454219 HIT:     453503 MISS:        716 MSHR_MERGE:          0
cpu0->cpu0_L2C TRANSLATION  ACCESS:          0 HIT:          0 MISS:          0 MSHR_MERGE:          0
cpu0->cpu0_L2C PREFETCH REQUESTED:          0 ISSUED:          0 USEFUL:          0 USELESS:          0
cpu0->cpu0_L2C AVERAGE MISS LATENCY: 135.4 cycles
cpu0->cpu0_L1I TOTAL        ACCESS:   17213315 HIT:   17212718 MISS:        597 MSHR_MERGE:        422
cpu0->cpu0_L1I LOAD         ACCESS:   17213315 HIT:   17212718 MISS:        597 MSHR_MERGE:        422
cpu0->cpu0_L1I RFO          ACCESS:          0 HIT:          0 MISS:          0 MSHR_MERGE:          0
cpu0->cpu0_L1I PREFETCH     ACCESS:          0 HIT:          0 MISS:          0 MSHR_MERGE:          0
cpu0->cpu0_L1I WRITE        ACCESS:          0 HIT:          0 MISS:          0 MSHR_MERGE:          0
cpu0->cpu0_L1I TRANSLATION  ACCESS:          0 HIT:          0 MISS:          0 MSHR_MERGE:          0
cpu0->cpu0_L1I PREFETCH REQUESTED:          0 ISSUED:          0 USEFUL:          0 USELESS:          0
cpu0->cpu0_L1I AVERAGE MISS LATENCY: 177.2 cycles
cpu0->cpu0_L1D TOTAL        ACCESS:   22596188 HIT:   21587224 MISS:    1008964 MSHR_MERGE:     310792
cpu0->cpu0_L1D LOAD         ACCESS:   15022116 HIT:   14141570 MISS:     880546 MSHR_MERGE:     264267
cpu0->cpu0_L1D RFO          ACCESS:          0 HIT:          0 MISS:          0 MSHR_MERGE:          0
cpu0->cpu0_L1D PREFETCH     ACCESS:          0 HIT:          0 MISS:          0 MSHR_MERGE:          0
cpu0->cpu0_L1D WRITE        ACCESS:    7574072 HIT:    7445654 MISS:     128418 MSHR_MERGE:      46525
cpu0->cpu0_L1D TRANSLATION  ACCESS:          0 HIT:          0 MISS:          0 MSHR_MERGE:          0
cpu0->cpu0_L1D PREFETCH REQUESTED:          0 ISSUED:          0 USEFUL:          0 USELESS:          0
cpu0->cpu0_L1D AVERAGE MISS LATENCY: 76.28 cycles
cpu0->cpu0_ITLB TOTAL        ACCESS:   15233420 HIT:   15233420 MISS:          0 MSHR_MERGE:          0
cpu0->cpu0_ITLB LOAD         ACCESS:   15233420 HIT:   15233420 MISS:          0 MSHR_MERGE:          0
cpu0->cpu0_ITLB RFO          ACCESS:          0 HIT:          0 MISS:          0 MSHR_MERGE:          0
cpu0->cpu0_ITLB PREFETCH     ACCESS:          0 HIT:          0 MISS:          0 MSHR_MERGE:          0
cpu0->cpu0_ITLB WRITE        ACCESS:          0 HIT:          0 MISS:          0 MSHR_MERGE:          0
cpu0->cpu0_ITLB TRANSLATION  ACCESS:          0 HIT:          0 MISS:          0 MSHR_MERGE:          0
cpu0->cpu0_ITLB PREFETCH REQUESTED:          0 ISSUED:          0 USEFUL:          0 USELESS:          0
cpu0->cpu0_ITLB AVERAGE MISS LATENCY: - cycles
cpu0->cpu0_DTLB TOTAL        ACCESS:   20832754 HIT:   20832754 MISS:          0 MSHR_MERGE:          0
cpu0->cpu0_DTLB LOAD         ACCESS:   20832754 HIT:   20832754 MISS:          0 MSHR_MERGE:          0
cpu0->cpu0_DTLB RFO          ACCESS:          0 HIT:          0 MISS:          0 MSHR_MERGE:          0
cpu0->cpu0_DTLB PREFETCH     ACCESS:          0 HIT:          0 MISS:          0 MSHR_MERGE:          0
cpu0->cpu0_DTLB WRITE        ACCESS:          0 HIT:          0 MISS:          0 MSHR_MERGE:          0
cpu0->cpu0_DTLB TRANSLATION  ACCESS:          0 HIT:          0 MISS:          0 MSHR_MERGE:          0
cpu0->cpu0_DTLB PREFETCH REQUESTED:          0 ISSUED:          0 USEFUL:          0 USELESS:          0
cpu0->cpu0_DTLB AVERAGE MISS LATENCY: - cycles
cpu0->LLC TOTAL        ACCESS:     594887 HIT:     386110 MISS:     208777 MSHR_MERGE:          0
cpu0->LLC LOAD         ACCESS:     323646 HIT:     155999 MISS:     167647 MSHR_MERGE:          0
cpu0->LLC RFO          ACCESS:      25284 HIT:       8397 MISS:      16887 MSHR_MERGE:          0
cpu0->LLC PREFETCH     ACCESS:          0 HIT:          0 MISS:          0 MSHR_MERGE:          0
cpu0->LLC WRITE        ACCESS:     245957 HIT:     221714 MISS:      24243 MSHR_MERGE:          0
cpu0->LLC TRANSLATION  ACCESS:          0 HIT:          0 MISS:          0 MSHR_MERGE:          0
cpu0->LLC PREFETCH REQUESTED:          0 ISSUED:          0 USEFUL:          0 USELESS:          0
cpu0->LLC AVERAGE MISS LATENCY: 1613 cycles
cpu1->LLC TOTAL        ACCESS:     594317 HIT:     385810 MISS:     208507 MSHR_MERGE:          0
cpu1->LLC LOAD         ACCESS:     323359 HIT:     155713 MISS:     167646 MSHR_MERGE:          0
cpu1->LLC RFO          ACCESS:      25240 HIT:       8368 MISS:      16872 MSHR_MERGE:          0
cpu1->LLC PREFETCH     ACCESS:          0 HIT:          0 MISS:          0 MSHR_MERGE:          0
cpu1->LLC WRITE        ACCESS:     245718 HIT:     221729 MISS:      23989 MSHR_MERGE:          0
cpu1->LLC TRANSLATION  ACCESS:          0 HIT:          0 MISS:          0 MSHR_MERGE:          0
cpu1->LLC PREFETCH REQUESTED:          0 ISSUED:          0 USEFUL:          0 USELESS:          0
cpu1->LLC AVERAGE MISS LATENCY: 1615 cycles
cpu2->LLC TOTAL        ACCESS:     594645 HIT:     386416 MISS:     208229 MSHR_MERGE:          0
cpu2->LLC LOAD         ACCESS:     323545 HIT:     156029 MISS:     167516 MSHR_MERGE:          0
cpu2->LLC RFO          ACCESS:      25247 HIT:       8382 MISS:      16865 MSHR_MERGE:          0
cpu2->LLC PREFETCH     ACCESS:          0 HIT:          0 MISS:          0 MSHR_MERGE:          0
cpu2->LLC WRITE        ACCESS:     245853 HIT:     222005 MISS:      23848 MSHR_MERGE:          0
cpu2->LLC TRANSLATION  ACCESS:          0 HIT:          0 MISS:          0 MSHR_MERGE:          0
cpu2->LLC PREFETCH REQUESTED:          0 ISSUED:          0 USEFUL:          0 USELESS:          0
cpu2->LLC AVERAGE MISS LATENCY: 1618 cycles
cpu3->LLC TOTAL        ACCESS:     596824 HIT:     387646 MISS:     209178 MSHR_MERGE:          0
cpu3->LLC LOAD         ACCESS:     324672 HIT:     156911 MISS:     167761 MSHR_MERGE:          0
cpu3->LLC RFO          ACCESS:      25406 HIT:       8477 MISS:      16929 MSHR_MERGE:          0
cpu3->LLC PREFETCH     ACCESS:          0 HIT:          0 MISS:          0 MSHR_MERGE:          0
cpu3->LLC WRITE        ACCESS:     246746 HIT:     222258 MISS:      24488 MSHR_MERGE:          0
cpu3->LLC TRANSLATION  ACCESS:          0 HIT:          0 MISS:          0 MSHR_MERGE:          0
cpu3->LLC PREFETCH REQUESTED:          0 ISSUED:          0 USEFUL:          0 USELESS:          0
cpu3->LLC AVERAGE MISS LATENCY: 1610 cycles
cpu4->LLC TOTAL        ACCESS:     594481 HIT:     386302 MISS:     208179 MSHR_MERGE:          0
cpu4->LLC LOAD         ACCESS:     323455 HIT:     155974 MISS:     167481 MSHR_MERGE:          0
cpu4->LLC RFO          ACCESS:      25241 HIT:       8395 MISS:      16846 MSHR_MERGE:          0
cpu4->LLC PREFETCH     ACCESS:          0 HIT:          0 MISS:          0 MSHR_MERGE:          0
cpu4->LLC WRITE        ACCESS:     245785 HIT:     221933 MISS:      23852 MSHR_MERGE:          0
cpu4->LLC TRANSLATION  ACCESS:          0 HIT:          0 MISS:          0 MSHR_MERGE:          0
cpu4->LLC PREFETCH REQUESTED:          0 ISSUED:          0 USEFUL:          0 USELESS:          0
cpu4->LLC AVERAGE MISS LATENCY: 1618 cycles
cpu5->LLC TOTAL        ACCESS:     593685 HIT:     385910 MISS:     207775 MSHR_MERGE:          0
cpu5->LLC LOAD         ACCESS:     323009 HIT:     155443 MISS:     167566 MSHR_MERGE:          0
cpu5->LLC RFO          ACCESS:      25222 HIT:       8375 MISS:      16847 MSHR_MERGE:          0
cpu5->LLC PREFETCH     ACCESS:          0 HIT:          0 MISS:          0 MSHR_MERGE:          0
cpu5->LLC WRITE        ACCESS:     245454 HIT:     222092 MISS:      23362 MSHR_MERGE:          0
cpu5->LLC TRANSLATION  ACCESS:          0 HIT:          0 MISS:          0 MSHR_MERGE:          0
cpu5->LLC PREFETCH REQUESTED:          0 ISSUED:          0 USEFUL:          0 USELESS:          0
cpu5->LLC AVERAGE MISS LATENCY: 1621 cycles
cpu6->LLC TOTAL        ACCESS:     594582 HIT:     386579 MISS:     208003 MSHR_MERGE:          0
cpu6->LLC LOAD         ACCESS:     323509 HIT:     156186 MISS:     167323 MSHR_MERGE:          0
cpu6->LLC RFO          ACCESS:      25244 HIT:       8392 MISS:      16852 MSHR_MERGE:          0
cpu6->LLC PREFETCH     ACCESS:          0 HIT:          0 MISS:          0 MSHR_MERGE:          0
cpu6->LLC WRITE        ACCESS:     245829 HIT:     222001 MISS:      23828 MSHR_MERGE:          0
cpu6->LLC TRANSLATION  ACCESS:          0 HIT:          0 MISS:          0 MSHR_MERGE:          0
cpu6->LLC PREFETCH REQUESTED:          0 ISSUED:          0 USEFUL:          0 USELESS:          0
cpu6->LLC AVERAGE MISS LATENCY: 1619 cycles
cpu7->LLC TOTAL        ACCESS:     595315 HIT:     386470 MISS:     208845 MSHR_MERGE:          0
cpu7->LLC LOAD         ACCESS:     323872 HIT:     156244 MISS:     167628 MSHR_MERGE:          0
cpu7->LLC RFO          ACCESS:      25316 HIT:       8403 MISS:      16913 MSHR_MERGE:          0
cpu7->LLC PREFETCH     ACCESS:          0 HIT:          0 MISS:          0 MSHR_MERGE:          0
cpu7->LLC WRITE        ACCESS:     246127 HIT:     221823 MISS:      24304 MSHR_MERGE:          0
cpu7->LLC TRANSLATION  ACCESS:          0 HIT:          0 MISS:          0 MSHR_MERGE:          0
cpu7->LLC PREFETCH REQUESTED:          0 ISSUED:          0 USEFUL:          0 USELESS:          0
cpu7->LLC AVERAGE MISS LATENCY: 1613 cycles

DRAM Statistics

Channel 0 READ REQS:     747589	WRITE REQS:     588898
  READS:     747513	READ_HITS:          0
  WRITES:     588898	WRITE HITS:          0
  ACTIVATES:    1336412	PRECHARGES:    1336411
  RQ FULL:          0	WQ FULL:          0
  WRITE DRAINS:      46753	FORCED:       1242
  MEAN WRITE IMBALANCE: 1.0818984877975746
  READ OCCU PRE DRAIN: 0.08923491540649797	POST DRAIN: 2.5656749299510193
  READ LATENCY: 54.230952505173825

Channel 1 READ REQS:     727990	WRITE REQS:     568547
  READS:     727916	READ_HITS:          0
  WRITES:     568527	WRITE HITS:          0
  ACTIVATES:    1296443	PRECHARGES:    1296443
  RQ FULL:          0	WQ FULL:          0
  WRITE DRAINS:      47230	FORCED:       1049
  MEAN WRITE IMBALANCE: 1.0711623967817065
  READ OCCU PRE DRAIN: 0.0770696591149693	POST DRAIN: 2.3458606817700614
  READ LATENCY: 53.40481456651592
