---------------------------------------
Begin Slurm Prolog: Apr-07-2025 19:24:23
Job ID:    3599726
User ID:   svittal8
Account:   gts-mqureshi4-rg
Job name:  wrap
Partition: cpu-small
QOS:       inferno
---------------------------------------
[VMEM] WARNING: physical memory size is smaller than virtual memory size.

*** ChampSim Multicore Out-of-Order Simulator ***
Warmup Instructions: 25000000
Simulation Instructions: 100000000
Number of CPUs: 8
Page size: 2097152

CL :	 16.64 ns
CWL :	 15.808 ns
tRP :	 16.224 ns
tRCD :	 16.224 ns
tRAS :	 32.032000000000004 ns
tRTP :	 7.904 ns
tWR :	 30.368000000000002 ns

tCCD_S :	 3.3280000000000003 ns
tCCD_S_WR :	 3.3280000000000003 ns
tCCD_S_WTR :	 22.048000000000002 ns
tCCD_L :	 5.408 ns
tCCD_L_WR :	 20.384 ns
tCCD_L_WTR :	 29.536 ns
tRRD_S :	 3.3280000000000003 ns
tRRD_L :	 5.408 ns
tFAW :	 13.728 ns
Address mapping (perm = 1) 	ch co bg bg bg ba ba co co co co co co ro ro ro ro ro ro ro ro ro ro ro ro ro ro ro 
dram queue size: R = 64 W = 48 (low:high is 9:39)
Heartbeat CPU 1 instructions: 10000003 cycles: 5967100 heartbeat IPC: 1.676 cumulative IPC: 1.676 (Simulation time: 00 hr 12 min 59 sec)
Heartbeat CPU 2 instructions: 10000003 cycles: 5968532 heartbeat IPC: 1.675 cumulative IPC: 1.675 (Simulation time: 00 hr 12 min 59 sec)
Heartbeat CPU 3 instructions: 10000003 cycles: 5969038 heartbeat IPC: 1.675 cumulative IPC: 1.675 (Simulation time: 00 hr 12 min 59 sec)
Heartbeat CPU 4 instructions: 10000003 cycles: 5969119 heartbeat IPC: 1.675 cumulative IPC: 1.675 (Simulation time: 00 hr 12 min 59 sec)
Heartbeat CPU 5 instructions: 10000003 cycles: 5969368 heartbeat IPC: 1.675 cumulative IPC: 1.675 (Simulation time: 00 hr 12 min 59 sec)
Heartbeat CPU 6 instructions: 10000003 cycles: 5969600 heartbeat IPC: 1.675 cumulative IPC: 1.675 (Simulation time: 00 hr 12 min 59 sec)
Heartbeat CPU 7 instructions: 10000003 cycles: 5969864 heartbeat IPC: 1.675 cumulative IPC: 1.675 (Simulation time: 00 hr 12 min 59 sec)
Heartbeat CPU 0 instructions: 10000003 cycles: 5970042 heartbeat IPC: 1.675 cumulative IPC: 1.675 (Simulation time: 00 hr 12 min 59 sec)
Heartbeat CPU 1 instructions: 20000003 cycles: 11967244 heartbeat IPC: 1.667 cumulative IPC: 1.671 (Simulation time: 00 hr 26 min 00 sec)
Heartbeat CPU 2 instructions: 20000003 cycles: 11968557 heartbeat IPC: 1.667 cumulative IPC: 1.671 (Simulation time: 00 hr 26 min 00 sec)
Heartbeat CPU 3 instructions: 20000003 cycles: 11968966 heartbeat IPC: 1.667 cumulative IPC: 1.671 (Simulation time: 00 hr 26 min 00 sec)
Heartbeat CPU 4 instructions: 20000003 cycles: 11969326 heartbeat IPC: 1.667 cumulative IPC: 1.671 (Simulation time: 00 hr 26 min 00 sec)
Heartbeat CPU 5 instructions: 20000003 cycles: 11969535 heartbeat IPC: 1.667 cumulative IPC: 1.671 (Simulation time: 00 hr 26 min 00 sec)
Heartbeat CPU 6 instructions: 20000003 cycles: 11969727 heartbeat IPC: 1.667 cumulative IPC: 1.671 (Simulation time: 00 hr 26 min 00 sec)
Heartbeat CPU 7 instructions: 20000003 cycles: 11970017 heartbeat IPC: 1.667 cumulative IPC: 1.671 (Simulation time: 00 hr 26 min 00 sec)
Heartbeat CPU 0 instructions: 20000003 cycles: 11970202 heartbeat IPC: 1.667 cumulative IPC: 1.671 (Simulation time: 00 hr 26 min 00 sec)
Warmup finished CPU 1 instructions: 25000003 cycles: 14967396 cumulative IPC: 1.67 (Simulation time: 00 hr 32 min 27 sec)
Warmup finished CPU 2 instructions: 25000003 cycles: 14968597 cumulative IPC: 1.67 (Simulation time: 00 hr 32 min 27 sec)
Warmup finished CPU 3 instructions: 25000003 cycles: 14968950 cumulative IPC: 1.67 (Simulation time: 00 hr 32 min 27 sec)
Warmup finished CPU 4 instructions: 25000003 cycles: 14969374 cumulative IPC: 1.67 (Simulation time: 00 hr 32 min 27 sec)
Warmup finished CPU 5 instructions: 25000003 cycles: 14969528 cumulative IPC: 1.67 (Simulation time: 00 hr 32 min 27 sec)
Warmup finished CPU 6 instructions: 25000003 cycles: 14969791 cumulative IPC: 1.67 (Simulation time: 00 hr 32 min 27 sec)
Warmup finished CPU 7 instructions: 25000003 cycles: 14970104 cumulative IPC: 1.67 (Simulation time: 00 hr 32 min 27 sec)
Warmup finished CPU 0 instructions: 25000003 cycles: 14970283 cumulative IPC: 1.67 (Simulation time: 00 hr 32 min 27 sec)
Warmup complete CPU 7 instructions: 25000293 cycles: 14970283 cumulative IPC: 1.67 (Simulation time: 00 hr 32 min 27 sec)
Warmup complete CPU 6 instructions: 25000813 cycles: 14970283 cumulative IPC: 1.67 (Simulation time: 00 hr 32 min 27 sec)
Warmup complete CPU 5 instructions: 25001253 cycles: 14970283 cumulative IPC: 1.67 (Simulation time: 00 hr 32 min 27 sec)
Warmup complete CPU 4 instructions: 25001503 cycles: 14970283 cumulative IPC: 1.67 (Simulation time: 00 hr 32 min 27 sec)
Warmup complete CPU 3 instructions: 25002213 cycles: 14970283 cumulative IPC: 1.67 (Simulation time: 00 hr 32 min 27 sec)
Warmup complete CPU 2 instructions: 25002813 cycles: 14970283 cumulative IPC: 1.67 (Simulation time: 00 hr 32 min 27 sec)
Warmup complete CPU 1 instructions: 25004813 cycles: 14970283 cumulative IPC: 1.67 (Simulation time: 00 hr 32 min 27 sec)
Warmup complete CPU 0 instructions: 25000003 cycles: 14970283 cumulative IPC: 1.67 (Simulation time: 00 hr 32 min 27 sec)
Heartbeat CPU 1 instructions: 30000004 cycles: 41121707 heartbeat IPC: 0.343 cumulative IPC: 0.191 (Simulation time: 01 hr 00 min 03 sec)
Heartbeat CPU 5 instructions: 30000004 cycles: 41148092 heartbeat IPC: 0.3427 cumulative IPC: 0.191 (Simulation time: 01 hr 00 min 05 sec)
Heartbeat CPU 4 instructions: 30000004 cycles: 41153803 heartbeat IPC: 0.3426 cumulative IPC: 0.1909 (Simulation time: 01 hr 00 min 05 sec)
Heartbeat CPU 7 instructions: 30000004 cycles: 41173645 heartbeat IPC: 0.3424 cumulative IPC: 0.1908 (Simulation time: 01 hr 00 min 06 sec)
Heartbeat CPU 6 instructions: 30000004 cycles: 41222158 heartbeat IPC: 0.3419 cumulative IPC: 0.1904 (Simulation time: 01 hr 00 min 10 sec)
Heartbeat CPU 2 instructions: 30000004 cycles: 41240121 heartbeat IPC: 0.3416 cumulative IPC: 0.1902 (Simulation time: 01 hr 00 min 11 sec)
Heartbeat CPU 3 instructions: 30000004 cycles: 41269968 heartbeat IPC: 0.3413 cumulative IPC: 0.19 (Simulation time: 01 hr 00 min 13 sec)
Heartbeat CPU 0 instructions: 30000004 cycles: 41355005 heartbeat IPC: 0.3403 cumulative IPC: 0.1895 (Simulation time: 01 hr 00 min 18 sec)
Heartbeat CPU 5 instructions: 40000004 cycles: 93032587 heartbeat IPC: 0.1927 cumulative IPC: 0.1921 (Simulation time: 01 hr 54 min 31 sec)
Heartbeat CPU 4 instructions: 40000004 cycles: 93090769 heartbeat IPC: 0.1925 cumulative IPC: 0.192 (Simulation time: 01 hr 54 min 35 sec)
Heartbeat CPU 1 instructions: 40000004 cycles: 93126973 heartbeat IPC: 0.1923 cumulative IPC: 0.1919 (Simulation time: 01 hr 54 min 37 sec)
Heartbeat CPU 7 instructions: 40000004 cycles: 93221129 heartbeat IPC: 0.1921 cumulative IPC: 0.1917 (Simulation time: 01 hr 54 min 43 sec)
Heartbeat CPU 6 instructions: 40000004 cycles: 93251479 heartbeat IPC: 0.1922 cumulative IPC: 0.1916 (Simulation time: 01 hr 54 min 45 sec)
Heartbeat CPU 3 instructions: 40000004 cycles: 93340639 heartbeat IPC: 0.192 cumulative IPC: 0.1914 (Simulation time: 01 hr 54 min 50 sec)
Heartbeat CPU 2 instructions: 40000004 cycles: 93391364 heartbeat IPC: 0.1917 cumulative IPC: 0.1912 (Simulation time: 01 hr 54 min 53 sec)
Heartbeat CPU 0 instructions: 40000004 cycles: 93495576 heartbeat IPC: 0.1918 cumulative IPC: 0.191 (Simulation time: 01 hr 55 min 00 sec)
Heartbeat CPU 5 instructions: 50000004 cycles: 144817077 heartbeat IPC: 0.1931 cumulative IPC: 0.1925 (Simulation time: 02 hr 48 min 55 sec)
Heartbeat CPU 1 instructions: 50000004 cycles: 144843226 heartbeat IPC: 0.1934 cumulative IPC: 0.1925 (Simulation time: 02 hr 48 min 56 sec)
Heartbeat CPU 4 instructions: 50000004 cycles: 144881386 heartbeat IPC: 0.1931 cumulative IPC: 0.1924 (Simulation time: 02 hr 48 min 59 sec)
Heartbeat CPU 7 instructions: 50000004 cycles: 144970960 heartbeat IPC: 0.1932 cumulative IPC: 0.1923 (Simulation time: 02 hr 49 min 04 sec)
Heartbeat CPU 6 instructions: 50000004 cycles: 145120194 heartbeat IPC: 0.1928 cumulative IPC: 0.1921 (Simulation time: 02 hr 49 min 14 sec)
Heartbeat CPU 3 instructions: 50000004 cycles: 145319403 heartbeat IPC: 0.1924 cumulative IPC: 0.1918 (Simulation time: 02 hr 49 min 26 sec)
Heartbeat CPU 2 instructions: 50000004 cycles: 145346073 heartbeat IPC: 0.1925 cumulative IPC: 0.1917 (Simulation time: 02 hr 49 min 28 sec)
Heartbeat CPU 0 instructions: 50000004 cycles: 1slurmstepd: error: *** JOB 3599726 ON atl1-1-02-020-12-2 CANCELLED AT 2025-04-07T23:59:07 ***
---------------------------------------
Begin Slurm Epilog: Apr-07-2025 23:59:09
Job ID:        3599726
User ID:       svittal8
Account:       gts-mqureshi4-rg
Job name:      wrap
Resources:     cpu=1,mem=4G,node=1
Rsrc Used:     cput=04:34:45,vmem=0,walltime=04:34:45,mem=112168K,energy_used=0
Partition:     cpu-small
QOS:           inferno
Nodes:         atl1-1-02-020-12-2
---------------------------------------
