---------------------------------------
Begin Slurm Prolog: Apr-07-2025 19:24:23
Job ID:    3599727
User ID:   svittal8
Account:   gts-mqureshi4-rg
Job name:  wrap
Partition: cpu-small
QOS:       inferno
---------------------------------------
[VMEM] WARNING: physical memory size is smaller than virtual memory size.

*** ChampSim Multicore Out-of-Order Simulator ***
Warmup Instructions: 25000000
Simulation Instructions: 100000000
Number of CPUs: 8
Page size: 2097152

CL :	 16.64 ns
CWL :	 15.808 ns
tRP :	 16.224 ns
tRCD :	 16.224 ns
tRAS :	 32.032000000000004 ns
tRTP :	 7.904 ns
tWR :	 30.368000000000002 ns

tCCD_S :	 3.3280000000000003 ns
tCCD_S_WR :	 3.3280000000000003 ns
tCCD_S_WTR :	 22.048000000000002 ns
tCCD_L :	 5.408 ns
tCCD_L_WR :	 20.384 ns
tCCD_L_WTR :	 29.536 ns
tRRD_S :	 3.3280000000000003 ns
tRRD_L :	 5.408 ns
tFAW :	 13.728 ns
Address mapping (perm = 1) 	ch co bg bg bg ba ba co co co co co co ro ro ro ro ro ro ro ro ro ro ro ro ro ro ro 
dram queue size: R = 64 W = 48 (low:high is 9:39)
Heartbeat CPU 0 instructions: 10000002 cycles: 4967029 heartbeat IPC: 2.013 cumulative IPC: 2.013 (Simulation time: 00 hr 11 min 15 sec)
Heartbeat CPU 1 instructions: 10000002 cycles: 4968510 heartbeat IPC: 2.013 cumulative IPC: 2.013 (Simulation time: 00 hr 11 min 15 sec)
Heartbeat CPU 2 instructions: 10000002 cycles: 4969016 heartbeat IPC: 2.012 cumulative IPC: 2.012 (Simulation time: 00 hr 11 min 15 sec)
Heartbeat CPU 3 instructions: 10000002 cycles: 4969272 heartbeat IPC: 2.012 cumulative IPC: 2.012 (Simulation time: 00 hr 11 min 15 sec)
Heartbeat CPU 4 instructions: 10000002 cycles: 4969482 heartbeat IPC: 2.012 cumulative IPC: 2.012 (Simulation time: 00 hr 11 min 15 sec)
Heartbeat CPU 5 instructions: 10000002 cycles: 4969627 heartbeat IPC: 2.012 cumulative IPC: 2.012 (Simulation time: 00 hr 11 min 15 sec)
Heartbeat CPU 6 instructions: 10000002 cycles: 4969747 heartbeat IPC: 2.012 cumulative IPC: 2.012 (Simulation time: 00 hr 11 min 15 sec)
Heartbeat CPU 7 instructions: 10000002 cycles: 4969852 heartbeat IPC: 2.012 cumulative IPC: 2.012 (Simulation time: 00 hr 11 min 15 sec)
Heartbeat CPU 0 instructions: 20000003 cycles: 9966490 heartbeat IPC: 2 cumulative IPC: 2.007 (Simulation time: 00 hr 22 min 32 sec)
Heartbeat CPU 1 instructions: 20000006 cycles: 9968586 heartbeat IPC: 2 cumulative IPC: 2.006 (Simulation time: 00 hr 22 min 33 sec)
Heartbeat CPU 2 instructions: 20000006 cycles: 9969027 heartbeat IPC: 2 cumulative IPC: 2.006 (Simulation time: 00 hr 22 min 33 sec)
Heartbeat CPU 3 instructions: 20000006 cycles: 9969285 heartbeat IPC: 2 cumulative IPC: 2.006 (Simulation time: 00 hr 22 min 33 sec)
Heartbeat CPU 4 instructions: 20000006 cycles: 9969606 heartbeat IPC: 2 cumulative IPC: 2.006 (Simulation time: 00 hr 22 min 33 sec)
Heartbeat CPU 5 instructions: 20000006 cycles: 9969814 heartbeat IPC: 2 cumulative IPC: 2.006 (Simulation time: 00 hr 22 min 33 sec)
Heartbeat CPU 6 instructions: 20000006 cycles: 9969975 heartbeat IPC: 2 cumulative IPC: 2.006 (Simulation time: 00 hr 22 min 33 sec)
Heartbeat CPU 7 instructions: 20000006 cycles: 9970119 heartbeat IPC: 2 cumulative IPC: 2.006 (Simulation time: 00 hr 22 min 33 sec)
Warmup finished CPU 0 instructions: 25000002 cycles: 12466158 cumulative IPC: 2.005 (Simulation time: 00 hr 28 min 09 sec)
Warmup finished CPU 1 instructions: 25000002 cycles: 12468670 cumulative IPC: 2.005 (Simulation time: 00 hr 28 min 09 sec)
Warmup finished CPU 2 instructions: 25000002 cycles: 12469081 cumulative IPC: 2.005 (Simulation time: 00 hr 28 min 09 sec)
Warmup finished CPU 3 instructions: 25000002 cycles: 12469288 cumulative IPC: 2.005 (Simulation time: 00 hr 28 min 09 sec)
Warmup finished CPU 4 instructions: 25000002 cycles: 12469689 cumulative IPC: 2.005 (Simulation time: 00 hr 28 min 09 sec)
Warmup finished CPU 5 instructions: 25000002 cycles: 12469898 cumulative IPC: 2.005 (Simulation time: 00 hr 28 min 09 sec)
Warmup finished CPU 6 instructions: 25000002 cycles: 12470100 cumulative IPC: 2.005 (Simulation time: 00 hr 28 min 09 sec)
Warmup finished CPU 7 instructions: 25000002 cycles: 12470276 cumulative IPC: 2.005 (Simulation time: 00 hr 28 min 09 sec)
Warmup complete CPU 7 instructions: 25000002 cycles: 12470276 cumulative IPC: 2.005 (Simulation time: 00 hr 28 min 09 sec)
Warmup complete CPU 6 instructions: 25000381 cycles: 12470276 cumulative IPC: 2.005 (Simulation time: 00 hr 28 min 09 sec)
Warmup complete CPU 5 instructions: 25000765 cycles: 12470276 cumulative IPC: 2.005 (Simulation time: 00 hr 28 min 09 sec)
Warmup complete CPU 4 instructions: 25001197 cycles: 12470276 cumulative IPC: 2.005 (Simulation time: 00 hr 28 min 09 sec)
Warmup complete CPU 3 instructions: 25001985 cycles: 12470276 cumulative IPC: 2.005 (Simulation time: 00 hr 28 min 09 sec)
Warmup complete CPU 2 instructions: 25002397 cycles: 12470276 cumulative IPC: 2.005 (Simulation time: 00 hr 28 min 09 sec)
Warmup complete CPU 1 instructions: 25003213 cycles: 12470276 cumulative IPC: 2.005 (Simulation time: 00 hr 28 min 09 sec)
Warmup complete CPU 0 instructions: 25008250 cycles: 12470276 cumulative IPC: 2.005 (Simulation time: 00 hr 28 min 09 sec)
Heartbeat CPU 3 instructions: 30000006 cycles: 34833627 heartbeat IPC: 0.4022 cumulative IPC: 0.2235 (Simulation time: 00 hr 52 min 19 sec)
Heartbeat CPU 5 instructions: 30000006 cycles: 34854235 heartbeat IPC: 0.4019 cumulative IPC: 0.2233 (Simulation time: 00 hr 52 min 21 sec)
Heartbeat CPU 1 instructions: 30000006 cycles: 34865101 heartbeat IPC: 0.4017 cumulative IPC: 0.2231 (Simulation time: 00 hr 52 min 21 sec)
Heartbeat CPU 2 instructions: 30000006 cycles: 34906224 heartbeat IPC: 0.401 cumulative IPC: 0.2228 (Simulation time: 00 hr 52 min 24 sec)
Heartbeat CPU 6 instructions: 30000008 cycles: 34917167 heartbeat IPC: 0.4008 cumulative IPC: 0.2227 (Simulation time: 00 hr 52 min 25 sec)
Heartbeat CPU 7 instructions: 30000006 cycles: 34923440 heartbeat IPC: 0.4007 cumulative IPC: 0.2227 (Simulation time: 00 hr 52 min 25 sec)
Heartbeat CPU 4 instructions: 30000008 cycles: 34932009 heartbeat IPC: 0.4006 cumulative IPC: 0.2225 (Simulation time: 00 hr 52 min 26 sec)
Heartbeat CPU 0 instructions: 30000006 cycles: 34972007 heartbeat IPC: 0.3999 cumulative IPC: 0.2218 (Simulation time: 00 hr 52 min 28 sec)
Heartbeat CPU 5 instructions: 40000008 cycles: 79018567 heartbeat IPC: 0.2264 cumulative IPC: 0.2254 (Simulation time: 01 hr 39 min 27 sec)
Heartbeat CPU 1 instructions: 40000008 cycles: 79110552 heartbeat IPC: 0.226 cumulative IPC: 0.225 (Simulation time: 01 hr 39 min 33 sec)
Heartbeat CPU 4 instructions: 40000010 cycles: 79155542 heartbeat IPC: 0.2261 cumulative IPC: 0.2249 (Simulation time: 01 hr 39 min 36 sec)
Heartbeat CPU 3 instructions: 40000008 cycles: 79241153 heartbeat IPC: 0.2252 cumulative IPC: 0.2246 (Simulation time: 01 hr 39 min 41 sec)
Heartbeat CPU 6 instructions: 40000008 cycles: 79293161 heartbeat IPC: 0.2253 cumulative IPC: 0.2245 (Simulation time: 01 hr 39 min 45 sec)
Heartbeat CPU 0 instructions: 40000008 cycles: 79321427 heartbeat IPC: 0.2255 cumulative IPC: 0.2243 (Simulation time: 01 hr 39 min 47 sec)
Heartbeat CPU 7 instructions: 40000008 cycles: 79748636 heartbeat IPC: 0.2231 cumulative IPC: 0.223 (Simulation time: 01 hr 40 min 14 sec)
Heartbeat CPU 2 instructions: 40000010 cycles: 79832758 heartbeat IPC: 0.2226 cumulative IPC: 0.2226 (Simulation time: 01 hr 40 min 19 sec)
Heartbeat CPU 4 instructions: 50000014 cycles: 123886522 heartbeat IPC: 0.2236 cumulative IPC: 0.2244 (Simulation time: 02 hr 26 min 58 sec)
Heartbeat CPU 3 instructions: 50000009 cycles: 123950422 heartbeat IPC: 0.2237 cumulative IPC: 0.2242 (Simulation time: 02 hr 27 min 02 sec)
Heartbeat CPU 5 instructions: 50000012 cycles: 123967615 heartbeat IPC: 0.2225 cumulative IPC: 0.2242 (Simulation time: 02 hr 27 min 04 sec)
Heartbeat CPU 1 instructions: 50000012 cycles: 124036092 heartbeat IPC: 0.2226 cumulative IPC: 0.2241 (Simulation time: 02 hr 27 min 08 sec)
Heartbeat CPU 0 instructions: 50000012 cycles: 124160470 heartbeat IPC: 0.223 cumulative IPC: 0.2238 (Simulation time: 02 hr 27 min 16 sec)
Heartbeat CPU 6 instructions: 50000012 cycles: 124356945 heartbeat IPC: 0.2219 cumulative IPC: 0.2234 (Simulation time: 02 hr 27 min 28 sec)
Heartbeat CPU 2 instructions: 50000012 cycles: 124536939 heartbeat IPC: 0.2237 cumulative IPC: 0.2231 (Simulation time: 02 hr 27 min 40 sec)
Heartbeat CPU 7 instructions: 50000009 cycles: 125045419 heartbeat IPslurmstepd: error: *** JOB 3599727 ON atl1-1-02-020-12-2 CANCELLED AT 2025-04-07T23:59:07 ***
---------------------------------------
Begin Slurm Epilog: Apr-07-2025 23:59:09
Job ID:        3599727
User ID:       svittal8
Account:       gts-mqureshi4-rg
Job name:      wrap
Resources:     cpu=1,mem=4G,node=1
Rsrc Used:     cput=04:34:45,vmem=0,walltime=04:34:45,mem=112876K,energy_used=0
Partition:     cpu-small
QOS:           inferno
Nodes:         atl1-1-02-020-12-2
---------------------------------------
