[VMEM] WARNING: physical memory size is smaller than virtual memory size.
dram page policy: is open = 1	is close = 0	is soft close = 0	cmd arg = 0

*** ChampSim Multicore Out-of-Order Simulator ***
Warmup Instructions: 25000000
Simulation Instructions: 50000000
Number of CPUs: 8
Page size: 2097152

CL :	 16.64 ns
CWL :	 15.808 ns
tRP :	 16.224 ns
tRCD :	 16.224 ns
tRAS :	 32.032000000000004 ns
tRTP :	 7.904 ns
tWR :	 30.368000000000002 ns

tCCD_S :	 3.3280000000000003 ns
tCCD_S_WR :	 3.3280000000000003 ns
tCCD_S_WTR :	 22.048000000000002 ns
tCCD_L :	 5.408 ns
tCCD_L_WR :	 20.384 ns
tCCD_L_WTR :	 29.536 ns
tRRD_S :	 3.3280000000000003 ns
tRRD_L :	 5.408 ns
tFAW :	 13.728 ns
Address mapping (perm = 1) 	ch co bg bg bg ba ba co co co co co co ro ro ro ro ro ro ro ro ro ro ro ro ro ro ro 
dram queue size: R = 64 W = 48 (low:high is 9:39)
Heartbeat CPU 1 instructions: 10000004 cycles: 2698355 heartbeat IPC: 3.706 cumulative IPC: 3.706 (Simulation time: 00 hr 15 min 15 sec)
Heartbeat CPU 2 instructions: 10000004 cycles: 2698512 heartbeat IPC: 3.706 cumulative IPC: 3.706 (Simulation time: 00 hr 15 min 15 sec)
Heartbeat CPU 7 instructions: 10000004 cycles: 2698569 heartbeat IPC: 3.706 cumulative IPC: 3.706 (Simulation time: 00 hr 15 min 15 sec)
Heartbeat CPU 5 instructions: 10000004 cycles: 2698608 heartbeat IPC: 3.706 cumulative IPC: 3.706 (Simulation time: 00 hr 15 min 15 sec)
Heartbeat CPU 0 instructions: 10000004 cycles: 2698697 heartbeat IPC: 3.705 cumulative IPC: 3.705 (Simulation time: 00 hr 15 min 15 sec)
Heartbeat CPU 4 instructions: 10000004 cycles: 2698816 heartbeat IPC: 3.705 cumulative IPC: 3.705 (Simulation time: 00 hr 15 min 15 sec)
Heartbeat CPU 6 instructions: 10000004 cycles: 2698978 heartbeat IPC: 3.705 cumulative IPC: 3.705 (Simulation time: 00 hr 15 min 16 sec)
Heartbeat CPU 3 instructions: 10000004 cycles: 2699034 heartbeat IPC: 3.705 cumulative IPC: 3.705 (Simulation time: 00 hr 15 min 16 sec)
[VMEM] WARNING: Out of physical memory, freeing ppages
Heartbeat CPU 1 instructions: 20000006 cycles: 5320563 heartbeat IPC: 3.814 cumulative IPC: 3.759 (Simulation time: 00 hr 31 min 29 sec)
Heartbeat CPU 2 instructions: 20000006 cycles: 5320769 heartbeat IPC: 3.814 cumulative IPC: 3.759 (Simulation time: 00 hr 31 min 29 sec)
Heartbeat CPU 4 instructions: 20000006 cycles: 5320795 heartbeat IPC: 3.814 cumulative IPC: 3.759 (Simulation time: 00 hr 31 min 29 sec)
Heartbeat CPU 7 instructions: 20000007 cycles: 5320871 heartbeat IPC: 3.813 cumulative IPC: 3.759 (Simulation time: 00 hr 31 min 29 sec)
Heartbeat CPU 5 instructions: 20000006 cycles: 5320877 heartbeat IPC: 3.813 cumulative IPC: 3.759 (Simulation time: 00 hr 31 min 29 sec)
Heartbeat CPU 0 instructions: 20000006 cycles: 5321018 heartbeat IPC: 3.813 cumulative IPC: 3.759 (Simulation time: 00 hr 31 min 29 sec)
Heartbeat CPU 6 instructions: 20000006 cycles: 5321299 heartbeat IPC: 3.813 cumulative IPC: 3.758 (Simulation time: 00 hr 31 min 29 sec)
Heartbeat CPU 3 instructions: 20000006 cycles: 5321372 heartbeat IPC: 3.813 cumulative IPC: 3.758 (Simulation time: 00 hr 31 min 29 sec)
Warmup finished CPU 1 instructions: 25000002 cycles: 6610342 cumulative IPC: 3.782 (Simulation time: 00 hr 39 min 41 sec)
Warmup finished CPU 2 instructions: 25000002 cycles: 6610510 cumulative IPC: 3.782 (Simulation time: 00 hr 39 min 41 sec)
Warmup finished CPU 7 instructions: 25000002 cycles: 6610566 cumulative IPC: 3.782 (Simulation time: 00 hr 39 min 41 sec)
Warmup finished CPU 4 instructions: 25000002 cycles: 6610608 cumulative IPC: 3.782 (Simulation time: 00 hr 39 min 41 sec)
Warmup finished CPU 5 instructions: 25000002 cycles: 6610748 cumulative IPC: 3.782 (Simulation time: 00 hr 39 min 41 sec)
Warmup finished CPU 0 instructions: 25000002 cycles: 6610875 cumulative IPC: 3.782 (Simulation time: 00 hr 39 min 41 sec)
Warmup finished CPU 6 instructions: 25000002 cycles: 6611126 cumulative IPC: 3.782 (Simulation time: 00 hr 39 min 42 sec)
Warmup finished CPU 3 instructions: 25000002 cycles: 6611244 cumulative IPC: 3.781 (Simulation time: 00 hr 39 min 42 sec)
Warmup complete CPU 7 instructions: 25002706 cycles: 6611244 cumulative IPC: 3.782 (Simulation time: 00 hr 39 min 42 sec)
Warmup complete CPU 6 instructions: 25000397 cycles: 6611244 cumulative IPC: 3.781 (Simulation time: 00 hr 39 min 42 sec)
Warmup complete CPU 5 instructions: 25001950 cycles: 6611244 cumulative IPC: 3.782 (Simulation time: 00 hr 39 min 42 sec)
Warmup complete CPU 4 instructions: 25002538 cycles: 6611244 cumulative IPC: 3.782 (Simulation time: 00 hr 39 min 42 sec)
Warmup complete CPU 3 instructions: 25000002 cycles: 6611244 cumulative IPC: 3.781 (Simulation time: 00 hr 39 min 42 sec)
Warmup complete CPU 2 instructions: 25002930 cycles: 6611244 cumulative IPC: 3.782 (Simulation time: 00 hr 39 min 42 sec)
Warmup complete CPU 1 instructions: 25003544 cycles: 6611244 cumulative IPC: 3.782 (Simulation time: 00 hr 39 min 42 sec)
Warmup complete CPU 0 instructions: 25001380 cycles: 6611244 cumulative IPC: 3.782 (Simulation time: 00 hr 39 min 42 sec)
Heartbeat CPU 1 instructions: 30000008 cycles: 8691068 heartbeat IPC: 2.967 cumulative IPC: 2.402 (Simulation time: 00 hr 49 min 57 sec)
Heartbeat CPU 0 instructions: 30000008 cycles: 8691166 heartbeat IPC: 2.967 cumulative IPC: 2.403 (Simulation time: 00 hr 49 min 57 sec)
Heartbeat CPU 7 instructions: 30000008 cycles: 8691382 heartbeat IPC: 2.967 cumulative IPC: 2.402 (Simulation time: 00 hr 49 min 57 sec)
Heartbeat CPU 2 instructions: 30000008 cycles: 8691606 heartbeat IPC: 2.967 cumulative IPC: 2.402 (Simulation time: 00 hr 49 min 57 sec)
Heartbeat CPU 6 instructions: 30000008 cycles: 8692146 heartbeat IPC: 2.967 cumulative IPC: 2.403 (Simulation time: 00 hr 49 min 58 sec)
Heartbeat CPU 4 instructions: 30000008 cycles: 8692942 heartbeat IPC: 2.965 cumulative IPC: 2.401 (Simulation time: 00 hr 49 min 58 sec)
Heartbeat CPU 3 instructions: 30000008 cycles: 8693364 heartbeat IPC: 2.966 cumulative IPC: 2.401 (Simulation time: 00 hr 49 min 58 sec)
Heartbeat CPU 5 instructions: 30000008 cycles: 8693715 heartbeat IPC: 2.965 cumulative IPC: 2.4 (Simulation time: 00 hr 49 min 58 sec)
Heartbeat CPU 0 instructions: 40000008 cycles: 12827556 heartbeat IPC: 2.418 cumulative IPC: 2.413 (Simulation time: 01 hr 09 min 29 sec)
Heartbeat CPU 2 instructions: 40000008 cycles: 12829542 heartbeat IPC: 2.417 cumulative IPC: 2.412 (Simulation time: 01 hr 09 min 30 sec)
Heartbeat CPU 6 instructions: 40000008 cycles: 12830098 heartbeat IPC: 2.417 cumulative IPC: 2.412 (Simulation time: 01 hr 09 min 30 sec)
Heartbeat CPU 4 instructions: 40000008 cycles: 12832899 heartbeat IPC: 2.415 cumulative IPC: 2.411 (Simulation time: 01 hr 09 min 31 sec)
Heartbeat CPU 3 instructions: 40000008 cycles: 12833157 heartbeat IPC: 2.416 cumulative IPC: 2.411 (Simulation time: 01 hr 09 min 31 sec)
Heartbeat CPU 1 instructions: 40000008 cycles: 12833350 heartbeat IPC: 2.414 cumulative IPC: 2.41 (Simulation time: 01 hr 09 min 31 sec)
Heartbeat CPU 7 instructions: 40000008 cycles: 12833844 heartbeat IPC: 2.414 cumulative IPC: 2.41 (Simulation time: 01 hr 09 min 31 sec)
Heartbeat CPU 5 instructions: 40000008 cycles: 12834158 heartbeat IPC: 2.415 cumulative IPC: 2.41 (Simulation time: 01 hr 09 min 31 sec)
Heartbeat CPU 0 instructions: 50000009 cycles: 16916475 heartbeat IPC: 2.446 cumulative IPC: 2.426 (Simulation time: 01 hr 28 min 46 sec)
Heartbeat CPU 6 instructions: 50000009 cycles: 16919855 heartbeat IPC: 2.445 cumulative IPC: 2.425 (Simulation time: 01 hr 28 min 47 sec)
Heartbeat CPU 2 instructions: 50000009 cycles: 16921115 heartbeat IPC: 2.444 cumulative IPC: 2.425 (Simulation time: 01 hr 28 min 48 sec)
Heartbeat CPU 4 instructions: 50000009 cycles: 16922743 heartbeat IPC: 2.445 cumulative IPC: 2.424 (Simulation time: 01 hr 28 min 48 sec)
Heartbeat CPU 3 instructions: 50000009 cycles: 16923059 heartbeat IPC: 2.445 cumulative IPC: 2.424 (Simulation time: 01 hr 28 min 48 sec)
Heartbeat CPU 1 instructions: 50000009 cycles: 16925627 heartbeat IPC: 2.444 cumulative IPC: 2.423 (Simulation time: 01 hr 28 min 49 sec)
Heartbeat CPU 7 instructions: 50000009 cycles: 16926295 heartbeat IPC: 2.444 cumulative IPC: 2.423 (Simulation time: 01 hr 28