[VMEM] WARNING: physical memory size is smaller than virtual memory size.
dram page policy: is open = 1	is close = 0	is soft close = 0	cmd arg = 0

*** ChampSim Multicore Out-of-Order Simulator ***
Warmup Instructions: 25000000
Simulation Instructions: 50000000
Number of CPUs: 8
Page size: 2097152

CL :	 16.64 ns
CWL :	 15.808 ns
tRP :	 16.224 ns
tRCD :	 16.224 ns
tRAS :	 32.032000000000004 ns
tRTP :	 7.904 ns
tWR :	 30.368000000000002 ns

tCCD_S :	 3.3280000000000003 ns
tCCD_S_WR :	 3.3280000000000003 ns
tCCD_S_WTR :	 22.048000000000002 ns
tCCD_L :	 5.408 ns
tCCD_L_WR :	 20.384 ns
tCCD_L_WTR :	 29.536 ns
tRRD_S :	 3.3280000000000003 ns
tRRD_L :	 5.408 ns
tFAW :	 13.728 ns
Address mapping (perm = 1) 	ch co bg bg bg ba ba co co co co co co ro ro ro ro ro ro ro ro ro ro ro ro ro ro ro 
dram queue size: R = 64 W = 48 (low:high is 9:39)
Heartbeat CPU 1 instructions: 10000000 cycles: 2512116 heartbeat IPC: 3.981 cumulative IPC: 3.981 (Simulation time: 00 hr 13 min 35 sec)
Heartbeat CPU 2 instructions: 10000001 cycles: 2512172 heartbeat IPC: 3.981 cumulative IPC: 3.981 (Simulation time: 00 hr 13 min 35 sec)
Heartbeat CPU 4 instructions: 10000001 cycles: 2512173 heartbeat IPC: 3.981 cumulative IPC: 3.981 (Simulation time: 00 hr 13 min 35 sec)
Heartbeat CPU 5 instructions: 10000001 cycles: 2512381 heartbeat IPC: 3.98 cumulative IPC: 3.98 (Simulation time: 00 hr 13 min 35 sec)
Heartbeat CPU 7 instructions: 10000003 cycles: 2512499 heartbeat IPC: 3.98 cumulative IPC: 3.98 (Simulation time: 00 hr 13 min 35 sec)
Heartbeat CPU 0 instructions: 10000000 cycles: 2513595 heartbeat IPC: 3.978 cumulative IPC: 3.978 (Simulation time: 00 hr 13 min 36 sec)
Heartbeat CPU 3 instructions: 10000000 cycles: 2513950 heartbeat IPC: 3.978 cumulative IPC: 3.978 (Simulation time: 00 hr 13 min 36 sec)
Heartbeat CPU 6 instructions: 10000000 cycles: 2514128 heartbeat IPC: 3.978 cumulative IPC: 3.978 (Simulation time: 00 hr 13 min 36 sec)
Heartbeat CPU 1 instructions: 20000001 cycles: 5020814 heartbeat IPC: 3.986 cumulative IPC: 3.983 (Simulation time: 00 hr 26 min 54 sec)
Heartbeat CPU 2 instructions: 20000001 cycles: 5021164 heartbeat IPC: 3.986 cumulative IPC: 3.983 (Simulation time: 00 hr 26 min 54 sec)
Heartbeat CPU 4 instructions: 20000001 cycles: 5021165 heartbeat IPC: 3.986 cumulative IPC: 3.983 (Simulation time: 00 hr 26 min 54 sec)
Heartbeat CPU 5 instructions: 20000001 cycles: 5021373 heartbeat IPC: 3.986 cumulative IPC: 3.983 (Simulation time: 00 hr 26 min 54 sec)
Heartbeat CPU 7 instructions: 20000005 cycles: 5021752 heartbeat IPC: 3.985 cumulative IPC: 3.983 (Simulation time: 00 hr 26 min 54 sec)
Heartbeat CPU 0 instructions: 20000001 cycles: 5024119 heartbeat IPC: 3.983 cumulative IPC: 3.981 (Simulation time: 00 hr 26 min 55 sec)
Heartbeat CPU 3 instructions: 20000001 cycles: 5024474 heartbeat IPC: 3.983 cumulative IPC: 3.981 (Simulation time: 00 hr 26 min 55 sec)
Heartbeat CPU 6 instructions: 20000001 cycles: 5024578 heartbeat IPC: 3.983 cumulative IPC: 3.98 (Simulation time: 00 hr 26 min 55 sec)
Warmup finished CPU 1 instructions: 25000000 cycles: 6277767 cumulative IPC: 3.982 (Simulation time: 00 hr 34 min 35 sec)
Warmup finished CPU 2 instructions: 25000000 cycles: 6278161 cumulative IPC: 3.982 (Simulation time: 00 hr 34 min 35 sec)
Warmup finished CPU 4 instructions: 25000000 cycles: 6278162 cumulative IPC: 3.982 (Simulation time: 00 hr 34 min 35 sec)
Warmup finished CPU 5 instructions: 25000000 cycles: 6278370 cumulative IPC: 3.982 (Simulation time: 00 hr 34 min 35 sec)
Warmup finished CPU 7 instructions: 25000002 cycles: 6278776 cumulative IPC: 3.982 (Simulation time: 00 hr 34 min 35 sec)
Warmup finished CPU 0 instructions: 25000003 cycles: 6283176 cumulative IPC: 3.979 (Simulation time: 00 hr 34 min 37 sec)
Warmup finished CPU 3 instructions: 25000003 cycles: 6283531 cumulative IPC: 3.979 (Simulation time: 00 hr 34 min 37 sec)
Warmup finished CPU 6 instructions: 25000002 cycles: 6283642 cumulative IPC: 3.979 (Simulation time: 00 hr 34 min 37 sec)
Warmup complete CPU 7 instructions: 25019313 cycles: 6283642 cumulative IPC: 3.982 (Simulation time: 00 hr 34 min 37 sec)
Warmup complete CPU 6 instructions: 25000002 cycles: 6283642 cumulative IPC: 3.979 (Simulation time: 00 hr 34 min 37 sec)
Warmup complete CPU 5 instructions: 25020836 cycles: 6283642 cumulative IPC: 3.982 (Simulation time: 00 hr 34 min 37 sec)
Warmup complete CPU 4 instructions: 25021648 cycles: 6283642 cumulative IPC: 3.982 (Simulation time: 00 hr 34 min 37 sec)
Warmup complete CPU 3 instructions: 25000447 cycles: 6283642 cumulative IPC: 3.979 (Simulation time: 00 hr 34 min 37 sec)
Warmup complete CPU 2 instructions: 25021653 cycles: 6283642 cumulative IPC: 3.982 (Simulation time: 00 hr 34 min 37 sec)
Warmup complete CPU 1 instructions: 25022863 cycles: 6283642 cumulative IPC: 3.982 (Simulation time: 00 hr 34 min 37 sec)
Warmup complete CPU 0 instructions: 25001730 cycles: 6283642 cumulative IPC: 3.979 (Simulation time: 00 hr 34 min 37 sec)
Heartbeat CPU 4 instructions: 30000001 cycles: 7669224 heartbeat IPC: 3.776 cumulative IPC: 3.593 (Simulation time: 00 hr 42 min 58 sec)
Heartbeat CPU 5 instructions: 30000001 cycles: 7669248 heartbeat IPC: 3.777 cumulative IPC: 3.593 (Simulation time: 00 hr 42 min 58 sec)
Heartbeat CPU 2 instructions: 30000001 cycles: 7669407 heartbeat IPC: 3.776 cumulative IPC: 3.592 (Simulation time: 00 hr 42 min 58 sec)
Heartbeat CPU 1 instructions: 30000001 cycles: 7669855 heartbeat IPC: 3.775 cumulative IPC: 3.59 (Simulation time: 00 hr 42 min 59 sec)
Heartbeat CPU 7 instructions: 30000006 cycles: 7671018 heartbeat IPC: 3.775 cumulative IPC: 3.59 (Simulation time: 00 hr 42 min 59 sec)
Heartbeat CPU 0 instructions: 30000001 cycles: 7674747 heartbeat IPC: 3.773 cumulative IPC: 3.593 (Simulation time: 00 hr 43 min 00 sec)
Heartbeat CPU 6 instructions: 30000001 cycles: 7674859 heartbeat IPC: 3.773 cumulative IPC: 3.594 (Simulation time: 00 hr 43 min 00 sec)
Heartbeat CPU 3 instructions: 30000001 cycles: 7675501 heartbeat IPC: 3.772 cumulative IPC: 3.592 (Simulation time: 00 hr 43 min 01 sec)
Heartbeat CPU 4 instructions: 40000002 cycles: 10525704 heartbeat IPC: 3.501 cumulative IPC: 3.531 (Simulation time: 00 hr 58 min 38 sec)
Heartbeat CPU 2 instructions: 40000002 cycles: 10525884 heartbeat IPC: 3.501 cumulative IPC: 3.531 (Simulation time: 00 hr 58 min 38 sec)
Heartbeat CPU 5 instructions: 40000002 cycles: 10526535 heartbeat IPC: 3.5 cumulative IPC: 3.53 (Simulation time: 00 hr 58 min 38 sec)
Heartbeat CPU 1 instructions: 40000002 cycles: 10528496 heartbeat IPC: 3.498 cumulative IPC: 3.528 (Simulation time: 00 hr 58 min 39 sec)
Heartbeat CPU 7 instructions: 40000009 cycles: 10528984 heartbeat IPC: 3.499 cumulative IPC: 3.529 (Simulation time: 00 hr 58 min 39 sec)
Heartbeat CPU 6 instructions: 40000002 cycles: 10530968 heartbeat IPC: 3.501 cumulative IPC: 3.532 (Simulation time: 00 hr 58 min 39 sec)
Heartbeat CPU 0 instructions: 40000002 cycles: 10531109 heartbeat IPC: 3.501 cumulative IPC: 3.531 (Simulation time: 00 hr 58 min 39 sec)
Heartbeat CPU 3 instructions: 40000002 cycles: 10531797 heartbeat IPC: 3.501 cumulative IPC: 3.531 (Simulation time: 00 hr 58 min 40 sec)
Heartbeat CPU 5 instructions: 50000002 cycles: 13320525 heartbeat IPC: 3.579 cumulative IPC: 3.55 (Simulation time: 01 hr 13 min 31 sec)
Heartbeat CPU 4 instructions: 50000002 cycles: 13320534 heartbeat IPC: 3.578 cumulative IPC: 3.55 (Simulation time: 01 hr 13 min 31 sec)
Heartbeat CPU 2 instructions: 50000002 cycles: 13320917 heartbeat IPC: 3.578 cumulative IPC: 3.549 (Simulation time: 01 hr 13 min 31 sec)
Heartbeat CPU 0 instructions: 50000002 cycles: 13324444 heartbeat IPC: 3.58 cumulative IPC: 3.55 (Simulation time: 01 hr 13 min 32 sec)
Heartbeat CPU 1 instructions: 50000002 cycles: 13324855 heartbeat IPC: 3.576 cumulative IPC: 3.547 (Simulation time: 01 hr 13 min 33 sec)
Heartbeat CPU 6 instructions: 50000002 cycles: 13324862 heartbeat IPC: 3.579 cumulative IPC: 3.551 (Simulation time: 01 hr 13 min 33 sec)
Heartbeat CPU 7 instructions: 50000012 cycles: 13324896 heartbeat IPC: 3.577 cumulative IPC: 3.548 (Simulation time: 01 hr 13 min 33 sec)
Heartbeat CPU 3 instructions: 50000002 cycles: 1332