[VMEM] WARNING: physical memory size is smaller than virtual memory size.
dram page policy: is open = 1	is close = 0	is soft close = 0	cmd arg = 0

*** ChampSim Multicore Out-of-Order Simulator ***
Warmup Instructions: 25000000
Simulation Instructions: 50000000
Number of CPUs: 8
Page size: 2097152

CL :	 16.64 ns
CWL :	 15.808 ns
tRP :	 16.224 ns
tRCD :	 16.224 ns
tRAS :	 32.032000000000004 ns
tRTP :	 7.904 ns
tWR :	 30.368000000000002 ns

tCCD_S :	 3.3280000000000003 ns
tCCD_S_WR :	 3.3280000000000003 ns
tCCD_S_WTR :	 22.048000000000002 ns
tCCD_L :	 5.408 ns
tCCD_L_WR :	 20.384 ns
tCCD_L_WTR :	 29.536 ns
tRRD_S :	 3.3280000000000003 ns
tRRD_L :	 5.408 ns
tFAW :	 13.728 ns
Address mapping (perm = 1) 	ch co bg bg bg ba ba co co co co co co ro ro ro ro ro ro ro ro ro ro ro ro ro ro ro 
dram queue size: R = 64 W = 48 (low:high is 9:39)
Heartbeat CPU 0 instructions: 10000000 cycles: 2519606 heartbeat IPC: 3.969 cumulative IPC: 3.969 (Simulation time: 00 hr 13 min 35 sec)
Heartbeat CPU 1 instructions: 10000000 cycles: 2519856 heartbeat IPC: 3.968 cumulative IPC: 3.968 (Simulation time: 00 hr 13 min 36 sec)
Heartbeat CPU 2 instructions: 10000000 cycles: 2519960 heartbeat IPC: 3.968 cumulative IPC: 3.968 (Simulation time: 00 hr 13 min 36 sec)
Heartbeat CPU 3 instructions: 10000000 cycles: 2519985 heartbeat IPC: 3.968 cumulative IPC: 3.968 (Simulation time: 00 hr 13 min 36 sec)
Heartbeat CPU 5 instructions: 10000000 cycles: 2520118 heartbeat IPC: 3.968 cumulative IPC: 3.968 (Simulation time: 00 hr 13 min 36 sec)
Heartbeat CPU 6 instructions: 10000000 cycles: 2520153 heartbeat IPC: 3.968 cumulative IPC: 3.968 (Simulation time: 00 hr 13 min 36 sec)
Heartbeat CPU 4 instructions: 10000000 cycles: 2520178 heartbeat IPC: 3.968 cumulative IPC: 3.968 (Simulation time: 00 hr 13 min 36 sec)
Heartbeat CPU 7 instructions: 10000000 cycles: 2520214 heartbeat IPC: 3.968 cumulative IPC: 3.968 (Simulation time: 00 hr 13 min 36 sec)
Heartbeat CPU 0 instructions: 20000000 cycles: 5033412 heartbeat IPC: 3.978 cumulative IPC: 3.973 (Simulation time: 00 hr 27 min 22 sec)
Heartbeat CPU 3 instructions: 20000000 cycles: 5033791 heartbeat IPC: 3.978 cumulative IPC: 3.973 (Simulation time: 00 hr 27 min 22 sec)
Heartbeat CPU 1 instructions: 20000003 cycles: 5033799 heartbeat IPC: 3.978 cumulative IPC: 3.973 (Simulation time: 00 hr 27 min 22 sec)
Heartbeat CPU 5 instructions: 20000000 cycles: 5033922 heartbeat IPC: 3.978 cumulative IPC: 3.973 (Simulation time: 00 hr 27 min 22 sec)
Heartbeat CPU 6 instructions: 20000000 cycles: 5033965 heartbeat IPC: 3.978 cumulative IPC: 3.973 (Simulation time: 00 hr 27 min 22 sec)
Heartbeat CPU 7 instructions: 20000003 cycles: 5034034 heartbeat IPC: 3.978 cumulative IPC: 3.973 (Simulation time: 00 hr 27 min 22 sec)
Heartbeat CPU 4 instructions: 20000003 cycles: 5034215 heartbeat IPC: 3.978 cumulative IPC: 3.973 (Simulation time: 00 hr 27 min 22 sec)
Heartbeat CPU 2 instructions: 20000003 cycles: 5034467 heartbeat IPC: 3.977 cumulative IPC: 3.973 (Simulation time: 00 hr 27 min 22 sec)
Warmup finished CPU 0 instructions: 25000004 cycles: 6291313 cumulative IPC: 3.974 (Simulation time: 00 hr 34 min 15 sec)
Warmup finished CPU 3 instructions: 25000004 cycles: 6291692 cumulative IPC: 3.973 (Simulation time: 00 hr 34 min 15 sec)
Warmup finished CPU 1 instructions: 25000002 cycles: 6291735 cumulative IPC: 3.973 (Simulation time: 00 hr 34 min 15 sec)
Warmup finished CPU 6 instructions: 25000004 cycles: 6291867 cumulative IPC: 3.973 (Simulation time: 00 hr 34 min 15 sec)
Warmup finished CPU 5 instructions: 25000003 cycles: 6291874 cumulative IPC: 3.973 (Simulation time: 00 hr 34 min 15 sec)
Warmup finished CPU 7 instructions: 25000003 cycles: 6291930 cumulative IPC: 3.973 (Simulation time: 00 hr 34 min 15 sec)
Warmup finished CPU 4 instructions: 25000002 cycles: 6292151 cumulative IPC: 3.973 (Simulation time: 00 hr 34 min 16 sec)
Warmup finished CPU 2 instructions: 25000004 cycles: 6292381 cumulative IPC: 3.973 (Simulation time: 00 hr 34 min 16 sec)
Warmup complete CPU 7 instructions: 25001825 cycles: 6292381 cumulative IPC: 3.973 (Simulation time: 00 hr 34 min 16 sec)
Warmup complete CPU 6 instructions: 25002073 cycles: 6292381 cumulative IPC: 3.973 (Simulation time: 00 hr 34 min 16 sec)
Warmup complete CPU 5 instructions: 25002090 cycles: 6292381 cumulative IPC: 3.973 (Simulation time: 00 hr 34 min 16 sec)
Warmup complete CPU 4 instructions: 25000947 cycles: 6292381 cumulative IPC: 3.973 (Simulation time: 00 hr 34 min 16 sec)
Warmup complete CPU 3 instructions: 25002773 cycles: 6292381 cumulative IPC: 3.973 (Simulation time: 00 hr 34 min 16 sec)
Warmup complete CPU 2 instructions: 25000004 cycles: 6292381 cumulative IPC: 3.973 (Simulation time: 00 hr 34 min 16 sec)
Warmup complete CPU 1 instructions: 25002611 cycles: 6292381 cumulative IPC: 3.973 (Simulation time: 00 hr 34 min 16 sec)
Warmup complete CPU 0 instructions: 25004289 cycles: 6292381 cumulative IPC: 3.974 (Simulation time: 00 hr 34 min 16 sec)
Heartbeat CPU 0 instructions: 30000002 cycles: 8037004 heartbeat IPC: 3.329 cumulative IPC: 2.863 (Simulation time: 00 hr 42 min 49 sec)
Heartbeat CPU 3 instructions: 30000002 cycles: 8037471 heartbeat IPC: 3.329 cumulative IPC: 2.864 (Simulation time: 00 hr 42 min 49 sec)
Heartbeat CPU 6 instructions: 30000002 cycles: 8037914 heartbeat IPC: 3.329 cumulative IPC: 2.863 (Simulation time: 00 hr 42 min 49 sec)
Heartbeat CPU 4 instructions: 30000007 cycles: 8038838 heartbeat IPC: 3.328 cumulative IPC: 2.862 (Simulation time: 00 hr 42 min 49 sec)
Heartbeat CPU 7 instructions: 30000007 cycles: 8039120 heartbeat IPC: 3.328 cumulative IPC: 2.861 (Simulation time: 00 hr 42 min 49 sec)
Heartbeat CPU 2 instructions: 30000007 cycles: 8039465 heartbeat IPC: 3.328 cumulative IPC: 2.862 (Simulation time: 00 hr 42 min 50 sec)
Heartbeat CPU 5 instructions: 30000002 cycles: 8040114 heartbeat IPC: 3.326 cumulative IPC: 2.86 (Simulation time: 00 hr 42 min 50 sec)
Heartbeat CPU 1 instructions: 30000007 cycles: 8040744 heartbeat IPC: 3.326 cumulative IPC: 2.858 (Simulation time: 00 hr 42 min 50 sec)
Heartbeat CPU 0 instructions: 40000005 cycles: 11547601 heartbeat IPC: 2.849 cumulative IPC: 2.853 (Simulation time: 00 hr 59 min 26 sec)
Heartbeat CPU 6 instructions: 40000005 cycles: 11547856 heartbeat IPC: 2.849 cumulative IPC: 2.854 (Simulation time: 00 hr 59 min 26 sec)
Heartbeat CPU 3 instructions: 40000005 cycles: 11547910 heartbeat IPC: 2.849 cumulative IPC: 2.854 (Simulation time: 00 hr 59 min 26 sec)
Heartbeat CPU 4 instructions: 40000010 cycles: 11550767 heartbeat IPC: 2.847 cumulative IPC: 2.852 (Simulation time: 00 hr 59 min 27 sec)
Heartbeat CPU 2 instructions: 40000010 cycles: 11551133 heartbeat IPC: 2.848 cumulative IPC: 2.852 (Simulation time: 00 hr 59 min 27 sec)
Heartbeat CPU 7 instructions: 40000010 cycles: 11551443 heartbeat IPC: 2.847 cumulative IPC: 2.852 (Simulation time: 00 hr 59 min 27 sec)
Heartbeat CPU 5 instructions: 40000005 cycles: 11551594 heartbeat IPC: 2.848 cumulative IPC: 2.852 (Simulation time: 00 hr 59 min 27 sec)
Heartbeat CPU 1 instructions: 40000010 cycles: 11556282 heartbeat IPC: 2.845 cumulative IPC: 2.849 (Simulation time: 00 hr 59 min 28 sec)
Heartbeat CPU 3 instructions: 50000007 cycles: 15054515 heartbeat IPC: 2.852 cumulative IPC: 2.853 (Simulation time: 01 hr 15 min 24 sec)
Heartbeat CPU 6 instructions: 50000005 cycles: 15054899 heartbeat IPC: 2.851 cumulative IPC: 2.853 (Simulation time: 01 hr 15 min 25 sec)
Heartbeat CPU 0 instructions: 50000007 cycles: 15054920 heartbeat IPC: 2.851 cumulative IPC: 2.853 (Simulation time: 01 hr 15 min 25 sec)
Heartbeat CPU 4 instructions: 50000012 cycles: 15058528 heartbeat IPC: 2.851 cumulative IPC: 2.852 (Simulation time: 01 hr 15 min 26 sec)
Heartbeat CPU 2 instructions: 50000010 cycles: 15059200 heartbeat IPC: 2.851 cumulative IPC: 2.852 (Simulation time: 01 hr 15 min 26 sec)
Heartbeat CPU 5 instructions: 50000005 cycles: 15060761 heartbeat IPC: 2.85 cumulative IPC: 2.851 (Simulation time: 01 hr 15 min 26 sec)
Heartbeat CPU 7 instructions: 50000010 cycles: 15061013 heartbeat IPC: 2.849 cumulative IPC: 2.851 (Simulation time: 01 hr 15 min 26 sec)
Heartbeat CPU 1 instructions: 50000010 