[VMEM] WARNING: physical memory size is smaller than virtual memory size.
dram page policy: is open = 1	is close = 0	is soft close = 0	cmd arg = 0

*** ChampSim Multicore Out-of-Order Simulator ***
Warmup Instructions: 25000000
Simulation Instructions: 50000000
Number of CPUs: 8
Page size: 2097152

CL :	 16.64 ns
CWL :	 15.808 ns
tRP :	 16.224 ns
tRCD :	 16.224 ns
tRAS :	 32.032000000000004 ns
tRTP :	 7.904 ns
tWR :	 30.368000000000002 ns

tCCD_S :	 3.3280000000000003 ns
tCCD_S_WR :	 3.3280000000000003 ns
tCCD_S_WTR :	 22.048000000000002 ns
tCCD_L :	 5.408 ns
tCCD_L_WR :	 20.384 ns
tCCD_L_WTR :	 29.536 ns
tRRD_S :	 3.3280000000000003 ns
tRRD_L :	 5.408 ns
tFAW :	 13.728 ns
Address mapping (perm = 1) 	ch co bg bg bg ba ba co co co co co co ro ro ro ro ro ro ro ro ro ro ro ro ro ro ro 
dram queue size: R = 64 W = 48 (low:high is 9:39)
Heartbeat CPU 0 instructions: 10000000 cycles: 2521081 heartbeat IPC: 3.967 cumulative IPC: 3.967 (Simulation time: 00 hr 12 min 36 sec)
Heartbeat CPU 1 instructions: 10000000 cycles: 2522312 heartbeat IPC: 3.965 cumulative IPC: 3.965 (Simulation time: 00 hr 12 min 36 sec)
Heartbeat CPU 2 instructions: 10000002 cycles: 2522857 heartbeat IPC: 3.964 cumulative IPC: 3.964 (Simulation time: 00 hr 12 min 36 sec)
Heartbeat CPU 3 instructions: 10000000 cycles: 2523154 heartbeat IPC: 3.963 cumulative IPC: 3.963 (Simulation time: 00 hr 12 min 36 sec)
Heartbeat CPU 4 instructions: 10000000 cycles: 2523362 heartbeat IPC: 3.963 cumulative IPC: 3.963 (Simulation time: 00 hr 12 min 36 sec)
Heartbeat CPU 5 instructions: 10000000 cycles: 2523505 heartbeat IPC: 3.963 cumulative IPC: 3.963 (Simulation time: 00 hr 12 min 36 sec)
Heartbeat CPU 6 instructions: 10000000 cycles: 2523627 heartbeat IPC: 3.963 cumulative IPC: 3.963 (Simulation time: 00 hr 12 min 36 sec)
Heartbeat CPU 7 instructions: 10000003 cycles: 2523696 heartbeat IPC: 3.962 cumulative IPC: 3.962 (Simulation time: 00 hr 12 min 36 sec)
Heartbeat CPU 0 instructions: 20000000 cycles: 5021081 heartbeat IPC: 4 cumulative IPC: 3.983 (Simulation time: 00 hr 25 min 13 sec)
Heartbeat CPU 1 instructions: 20000000 cycles: 5022312 heartbeat IPC: 4 cumulative IPC: 3.982 (Simulation time: 00 hr 25 min 13 sec)
Heartbeat CPU 2 instructions: 20000002 cycles: 5022857 heartbeat IPC: 4 cumulative IPC: 3.982 (Simulation time: 00 hr 25 min 14 sec)
Heartbeat CPU 3 instructions: 20000000 cycles: 5023154 heartbeat IPC: 4 cumulative IPC: 3.982 (Simulation time: 00 hr 25 min 14 sec)
Heartbeat CPU 4 instructions: 20000003 cycles: 5023363 heartbeat IPC: 4 cumulative IPC: 3.981 (Simulation time: 00 hr 25 min 14 sec)
Heartbeat CPU 5 instructions: 20000000 cycles: 5023505 heartbeat IPC: 4 cumulative IPC: 3.981 (Simulation time: 00 hr 25 min 14 sec)
Heartbeat CPU 6 instructions: 20000000 cycles: 5023627 heartbeat IPC: 4 cumulative IPC: 3.981 (Simulation time: 00 hr 25 min 14 sec)
Heartbeat CPU 7 instructions: 20000003 cycles: 5023696 heartbeat IPC: 4 cumulative IPC: 3.981 (Simulation time: 00 hr 25 min 14 sec)
Warmup finished CPU 0 instructions: 25000004 cycles: 6297448 cumulative IPC: 3.97 (Simulation time: 00 hr 32 min 15 sec)
Warmup finished CPU 1 instructions: 25000004 cycles: 6303086 cumulative IPC: 3.966 (Simulation time: 00 hr 32 min 17 sec)
Warmup finished CPU 2 instructions: 25000004 cycles: 6305873 cumulative IPC: 3.965 (Simulation time: 00 hr 32 min 18 sec)
Warmup finished CPU 3 instructions: 25000004 cycles: 6308276 cumulative IPC: 3.963 (Simulation time: 00 hr 32 min 19 sec)
Warmup finished CPU 4 instructions: 25000004 cycles: 6308384 cumulative IPC: 3.963 (Simulation time: 00 hr 32 min 19 sec)
Warmup finished CPU 5 instructions: 25000004 cycles: 6309742 cumulative IPC: 3.962 (Simulation time: 00 hr 32 min 19 sec)
Warmup finished CPU 7 instructions: 25000004 cycles: 6311716 cumulative IPC: 3.961 (Simulation time: 00 hr 32 min 20 sec)
Warmup finished CPU 6 instructions: 25000004 cycles: 6312236 cumulative IPC: 3.961 (Simulation time: 00 hr 32 min 20 sec)
Warmup complete CPU 7 instructions: 25001934 cycles: 6312236 cumulative IPC: 3.961 (Simulation time: 00 hr 32 min 20 sec)
Warmup complete CPU 6 instructions: 25000004 cycles: 6312236 cumulative IPC: 3.961 (Simulation time: 00 hr 32 min 20 sec)
Warmup complete CPU 5 instructions: 25009823 cycles: 6312236 cumulative IPC: 3.962 (Simulation time: 00 hr 32 min 20 sec)
Warmup complete CPU 4 instructions: 25014901 cycles: 6312236 cumulative IPC: 3.963 (Simulation time: 00 hr 32 min 20 sec)
Warmup complete CPU 3 instructions: 25015206 cycles: 6312236 cumulative IPC: 3.963 (Simulation time: 00 hr 32 min 20 sec)
Warmup complete CPU 2 instructions: 25024580 cycles: 6312236 cumulative IPC: 3.964 (Simulation time: 00 hr 32 min 20 sec)
Warmup complete CPU 1 instructions: 25035573 cycles: 6312236 cumulative IPC: 3.966 (Simulation time: 00 hr 32 min 20 sec)
Warmup complete CPU 0 instructions: 25057666 cycles: 6312236 cumulative IPC: 3.97 (Simulation time: 00 hr 32 min 20 sec)
Heartbeat CPU 0 instructions: 30000001 cycles: 9875903 heartbeat IPC: 2.06 cumulative IPC: 1.387 (Simulation time: 00 hr 44 min 25 sec)
Heartbeat CPU 1 instructions: 30000001 cycles: 9903615 heartbeat IPC: 2.049 cumulative IPC: 1.382 (Simulation time: 00 hr 44 min 30 sec)
Heartbeat CPU 3 instructions: 30000001 cycles: 9909035 heartbeat IPC: 2.047 cumulative IPC: 1.386 (Simulation time: 00 hr 44 min 32 sec)
Heartbeat CPU 5 instructions: 30000001 cycles: 9912638 heartbeat IPC: 2.045 cumulative IPC: 1.386 (Simulation time: 00 hr 44 min 33 sec)
Heartbeat CPU 4 instructions: 30000004 cycles: 9912663 heartbeat IPC: 2.045 cumulative IPC: 1.385 (Simulation time: 00 hr 44 min 33 sec)
Heartbeat CPU 2 instructions: 30000004 cycles: 9912678 heartbeat IPC: 2.045 cumulative IPC: 1.382 (Simulation time: 00 hr 44 min 33 sec)
Heartbeat CPU 7 instructions: 30000004 cycles: 9917845 heartbeat IPC: 2.043 cumulative IPC: 1.386 (Simulation time: 00 hr 44 min 34 sec)
Heartbeat CPU 6 instructions: 30000001 cycles: 9921062 heartbeat IPC: 2.042 cumulative IPC: 1.385 (Simulation time: 00 hr 44 min 35 sec)
Heartbeat CPU 0 instructions: 40000001 cycles: 16223354 heartbeat IPC: 1.575 cumulative IPC: 1.508 (Simulation time: 01 hr 07 min 28 sec)
Heartbeat CPU 1 instructions: 40000001 cycles: 16256636 heartbeat IPC: 1.574 cumulative IPC: 1.505 (Simulation time: 01 hr 07 min 35 sec)
Heartbeat CPU 5 instructions: 40000001 cycles: 16262168 heartbeat IPC: 1.575 cumulative IPC: 1.507 (Simulation time: 01 hr 07 min 36 sec)
Heartbeat CPU 4 instructions: 40000006 cycles: 16266532 heartbeat IPC: 1.574 cumulative IPC: 1.505 (Simulation time: 01 hr 07 min 37 sec)
Heartbeat CPU 3 instructions: 40000001 cycles: 16274866 heartbeat IPC: 1.571 cumulative IPC: 1.504 (Simulation time: 01 hr 07 min 39 sec)
Heartbeat CPU 7 instructions: 40000006 cycles: 16294937 heartbeat IPC: 1.568 cumulative IPC: 1.502 (Simulation time: 01 hr 07 min 43 sec)
Heartbeat CPU 6 instructions: 40000001 cycles: 16298393 heartbeat IPC: 1.568 cumulative IPC: 1.502 (Simulation time: 01 hr 07 min 44 sec)
Heartbeat CPU 2 instructions: 40000006 cycles: 16305110 heartbeat IPC: 1.564 cumulative IPC: 1.499 (Simulation time: 01 hr 07 min 45 sec)
Heartbeat CPU 0 instructions: 50000004 cycles: 22510563 heartbeat IPC: 1.591 cumulative IPC: 1.54 (Simulation time: 01 hr 30 min 13 sec)
Heartbeat CPU 1 instructions: 50000004 cycles: 22534457 heartbeat IPC: 1.593 cumulative IPC: 1.539 (Simulation time: 01 hr 30 min 18 sec)
Heartbeat CPU 3 instructions: 50000004 cycles: 22556855 heartbeat IPC: 1.592 cumulative IPC: 1.538 (Simulation time: 01 hr 30 min 23 sec)
Heartbeat CPU 5 instructions: 50000004 cycles: 22558015 heartbeat IPC: 1.588 cumulative IPC: 1.538 (Simulation time: 01 hr 30 min 23 sec)
Heartbeat CPU 4 instructions: 50000009 cycles: 22560641 heartbeat IPC: 1.589 cumulative IPC: 1.538 (Simulation time: 01 hr 30 min 23 sec)
Heartbeat CPU 2 instructions: 50000009 cycles: 22587454 heartbeat IPC: 1.592 cumulative IPC: 1.535 (Simulation time: 01 hr 30 min 29 sec)
Heartbeat CPU 7 instructions: 50000009 cycles: 22593276 heartbeat IPC: 1.588 cumulative IPC: 1.535 (Simulation time: 01 hr 30 min 31 sec)
Heartbeat CPU 6 instructions: 50000004 cycles: 22593283 heartbeat IPC: 1.589 cumulative IPC: 1.536 (Simulation time: 01 hr 30 min 31 sec)
Heartbeat CPU 0 instructions: 60000005 cycles: 28636957 heartbeat IPC: 1.632 cumulative IPC: 1.565 (Simulation time: 01 hr 52 min 44 sec)
Heartbeat CPU 1 instructions: 60000005 cycles: 28643705 heartbeat IPC: 1.637 cumulative IPC: 1.566 (Simulation time: 01 hr 52 min 46 sec)
Heartbeat CPU 5 instructions: 60000005 cycles: 28655887 heartbeat IPC: 1.64 cumulative IPC: 1.566 (Simulation time: 01 hr 52 min 48 sec)
Heartbeat CPU 4 instructions: 60000010 cycles: 28662179 heartbeat IPC: 1.639 cumulative IPC: 1.565 (Simulation time: 01 hr 52 min 50 sec)
Heartbeat CPU 3 instructions: 60000005 cycles: 28668513 heartbeat IPC: 1.636 cumulative IPC: 1.565 (Simulation time: 01 hr 52 min 51 sec)
Heartbeat CPU 7 instructions: 60000010 cycles: 28681506 heartbeat IPC: 1.643 cumulative IPC: 1.565 (Simulation time: 01 hr 52 min 54 sec)
Heartbeat CPU 6 instructions: 60000005 cycles: 28689379 heartbeat IPC: 1.64 cumulative IPC: 1.564 (Simulation time: 01 hr 52 min 56 sec)
Heartbeat CPU 2 instructions: 60000010 cycles: 28705716 heartbeat IPC: 1.634 cumulative IPC: 1.562 (Simulation time: 01 hr 53 min 00 sec)
Heartbeat CPU 0 instructions: 70000005 cycles: 34642516 heartbeat IPC: 1.665 cumulative IPC: 1.586 (Simulation time: 02 hr 15 min 01 sec)
Heartbeat CPU 1 instructions: 70000005 cycles: 34651469 heartbeat IPC: 1.665 cumulative IPC: 1.587 (Simulation time: 02 hr 15 min 03 sec)
Heartbeat CPU 5 instructions: 70000005 cycles: 34658983 heartbeat IPC: 1.666 cumulative IPC: 1.587 (Simulation time: 02 hr 15 min 05 sec)
Heartbeat CPU 4 instructions: 70000012 cycles: 34669745 heartbeat IPC: 1.665 cumulative IPC: 1.586 (Simulation time: 02 hr 15 min 07 sec)
Heartbeat CPU 7 instructions: 70000012 cycles: 34689682 heartbeat IPC: 1.664 cumulative IPC: 1.586 (Simulation time: 02 hr 15 min 11 sec)
Heartbeat CPU 2 instructions: 70000012 cycles: 34697626 heartbeat IPC: 1.669 cumulative IPC: 1.584 (Simulation time: 02 hr 15 min 13 sec)
Heartbeat CPU 3 instructions: 70000005 cycles: 34701088 heartbeat IPC: 1.658 cumulative IPC: 1.585 (Simulation time: 02 hr 15 min 14 sec)
Heartbeat CPU 6 instructions: 70000005 cycles: 34704595 heartbeat IPC: 1.662 cumulative IPC: 1.585 (Simulation time: 02 hr 15 min 15 sec)
Simulation finished CPU 5 instructions: 50000001 cycles: 31470810 cumulative IPC: 1.589 (Simulation time: 02 hr 26 min 01 sec)
Simulation finished CPU 4 instructions: 50000000 cycles: 31477134 cumulative IPC: 1.588 (Simulation time: 02 hr 26 min 02 sec)
Simulation finished CPU 1 instructions: 50000001 cycles: 31479884 cumulative IPC: 1.588 (Simulation time: 02 hr 26 min 03 sec)
Simulation finished CPU 0 instructions: 50000000 cycles: 31489254 cumulative IPC: 1.588 (Simulation time: 02 hr 26 min 05 sec)
Simulation finished CPU 7 instructions: 50000001 cycles: 31494857 cumulative IPC: 1.588 (Simulation time: 02 hr 26 min 06 sec)
Simulation finished CPU 2 instructions: 50000000 cycles: 31505994 cumulative IPC: 1.587 (Simulation time: 02 hr 26 min 09 sec)
Simulation finished CPU 3 instructions: 50000000 cycles: 31508358 cumulative IPC: 1.587 (Simulation time: 02 hr 26 min 09 sec)
Simulation finished CPU 6 instructions: 50000004 cycles: 31509822 cumulative IPC: 1.587 (Simulation time: 02 hr 26 min 10 sec)
Simulation complete CPU 7 instructions: 50035962 cycles: 31509822 cumulative IPC: 1.588 (Simulation time: 02 hr 26 min 10 sec)
Simulation complete CPU 6 instructions: 50000004 cycles: 31509822 cumulative IPC: 1.587 (Simulation time: 02 hr 26 min 10 sec)
Simulation complete CPU 5 instructions: 50095379 cycles: 31509822 cumulative IPC: 1.59 (Simulation time: 02 hr 26 min 10 sec)
Simulation complete CPU 4 instructions: 50080525 cycles: 31509822 cumulative IPC: 1.589 (Simulation time: 02 hr 26 min 10 sec)
Simulation complete CPU 3 instructions: 50003807 cycles: 31509822 cumulative IPC: 1.587 (Simulation time: 02 hr 26 min 10 sec)
Simulation complete CPU 2 instructions: 50009850 cycles: 31509822 cumulative IPC: 1.587 (Simulation time: 02 hr 26 min 10 sec)
Simulation complete CPU 1 instructions: 50073672 cycles: 31509822 cumulative IPC: 1.589 (Simulation time: 02 hr 26 min 10 sec)
Simulation complete CPU 0 instructions: 50050821 cycles: 31509822 cumulative IPC: 1.588 (Simulation time: 02 hr 26 min 10 sec)

ChampSim completed all CPUs

=== Simulation ===
CPU 0 runs ../frost/TRACES/ctf/spec2017/623.xalancbmk_s-592B.champsimtrace.xz
CPU 1 runs ../frost/TRACES/ctf/spec2017/623.xalancbmk_s-592B.champsimtrace.xz
CPU 2 runs ../frost/TRACES/ctf/spec2017/623.xalancbmk_s-592B.champsimtrace.xz
CPU 3 runs ../frost/TRACES/ctf/spec2017/623.xalancbmk_s-592B.champsimtrace.xz
CPU 4 runs ../frost/TRACES/ctf/spec2017/623.xalancbmk_s-592B.champsimtrace.xz
CPU 5 runs ../frost/TRACES/ctf/spec2017/623.xalancbmk_s-592B.champsimtrace.xz
CPU 6 runs ../frost/TRACES/ctf/spec2017/623.xalancbmk_s-592B.champsimtrace.xz
CPU 7 runs ../frost/TRACES/ctf/spec2017/623.xalancbmk_s-592B.champsimtrace.xz

Total Simulation Statistics (not including warmup)

CPU 7 cumulative IPC: 1.588 instructions: 50035962 cycles: 31509822
CPU 7 Branch Prediction Accuracy: 100% MPKI: 0 Average ROB Occupancy at Mispredict: -
Branch type MPKI
BRANCH_DIRECT_JUMP: 0
BRANCH_INDIRECT: 0
BRANCH_CONDITIONAL: 0
BRANCH_DIRECT_CALL: 0
BRANCH_INDIRECT_CALL: 0
BRANCH_RETURN: 0


CPU 6 cumulative IPC: 1.587 instructions: 50000004 cycles: 31509822
CPU 6 Branch Prediction Accuracy: 100% MPKI: 0 Average ROB Occupancy at Mispredict: -
Branch type MPKI
BRANCH_DIRECT_JUMP: 0
BRANCH_INDIRECT: 0
BRANCH_CONDITIONAL: 0
BRANCH_DIRECT_CALL: 0
BRANCH_INDIRECT_CALL: 0
BRANCH_RETURN: 0


CPU 5 cumulative IPC: 1.59 instructions: 50095379 cycles: 31509822
CPU 5 Branch Prediction Accuracy: 100% MPKI: 0 Average ROB Occupancy at Mispredict: -
Branch type MPKI
BRANCH_DIRECT_JUMP: 0
BRANCH_INDIRECT: 0
BRANCH_CONDITIONAL: 0
BRANCH_DIRECT_CALL: 0
BRANCH_INDIRECT_CALL: 0
BRANCH_RETURN: 0


CPU 4 cumulative IPC: 1.589 instructions: 50080525 cycles: 31509822
CPU 4 Branch Prediction Accuracy: 100% MPKI: 0 Average ROB Occupancy at Mispredict: -
Branch type MPKI
BRANCH_DIRECT_JUMP: 0
BRANCH_INDIRECT: 0
BRANCH_CONDITIONAL: 0
BRANCH_DIRECT_CALL: 0
BRANCH_INDIRECT_CALL: 0
BRANCH_RETURN: 0


CPU 3 cumulative IPC: 1.587 instructions: 50003807 cycles: 31509822
CPU 3 Branch Prediction Accuracy: 100% MPKI: 0 Average ROB Occupancy at Mispredict: -
Branch type MPKI
BRANCH_DIRECT_JUMP: 0
BRANCH_INDIRECT: 0
BRANCH_CONDITIONAL: 0
BRANCH_DIRECT_CALL: 0
BRANCH_INDIRECT_CALL: 0
BRANCH_RETURN: 0


CPU 2 cumulative IPC: 1.587 instructions: 50009850 cycles: 31509822
CPU 2 Branch Prediction Accuracy: 100% MPKI: 0 Average ROB Occupancy at Mispredict: -
Branch type MPKI
BRANCH_DIRECT_JUMP: 0
BRANCH_INDIRECT: 0
BRANCH_CONDITIONAL: 0
BRANCH_DIRECT_CALL: 0
BRANCH_INDIRECT_CALL: 0
BRANCH_RETURN: 0


CPU 1 cumulative IPC: 1.589 instructions: 50073672 cycles: 31509822
CPU 1 Branch Prediction Accuracy: 100% MPKI: 0 Average ROB Occupancy at Mispredict: -
Branch type MPKI
BRANCH_DIRECT_JUMP: 0
BRANCH_INDIRECT: 0
BRANCH_CONDITIONAL: 0
BRANCH_DIRECT_CALL: 0
BRANCH_INDIRECT_CALL: 0
BRANCH_RETURN: 0


CPU 0 cumulative IPC: 1.588 instructions: 50050821 cycles: 31509822
CPU 0 Branch Prediction Accuracy: 100% MPKI: 0 Average ROB Occupancy at Mispredict: -
Branch type MPKI
BRANCH_DIRECT_JUMP: 0
BRANCH_INDIRECT: 0
BRANCH_CONDITIONAL: 0
BRANCH_DIRECT_CALL: 0
BRANCH_INDIRECT_CALL: 0
BRANCH_RETURN: 0

cpu7->cpu7_L2C TOTAL        ACCESS:    2522910 HIT:    2317393 MISS:     205517 MSHR_MERGE:          0
cpu7->cpu7_L2C LOAD         ACCESS:    2209074 HIT:    2118037 MISS:      91037 MSHR_MERGE:          0
cpu7->cpu7_L2C RFO          ACCESS:     134341 HIT:      19861 MISS:     114480 MSHR_MERGE:          0
cpu7->cpu7_L2C PREFETCH     ACCESS:          0 HIT:          0 MISS:          0 MSHR_MERGE:          0
cpu7->cpu7_L2C WRITE        ACCESS:     179495 HIT:     179495 MISS:          0 MSHR_MERGE:          0
cpu7->cpu7_L2C TRANSLATION  ACCESS:          0 HIT:          0 MISS:          0 MSHR_MERGE:          0
cpu7->cpu7_L2C PREFETCH REQUESTED:          0 ISSUED:          0 USEFUL:          0 USELESS:          0
cpu7->cpu7_L2C AVERAGE MISS LATENCY: 210.5 cycles
cpu7->cpu7_L1I TOTAL        ACCESS:   11408708 HIT:   11131009 MISS:     277699 MSHR_MERGE:     100628
cpu7->cpu7_L1I LOAD         ACCESS:   11408708 HIT:   11131009 MISS:     277699 MSHR_MERGE:     100628
cpu7->cpu7_L1I RFO          ACCESS:          0 HIT:          0 MISS:          0 MSHR_MERGE:          0
cpu7->cpu7_L1I PREFETCH     ACCESS:          0 HIT:          0 MISS:          0 MSHR_MERGE:          0
cpu7->cpu7_L1I WRITE        ACCESS:          0 HIT:          0 MISS:          0 MSHR_MERGE:          0
cpu7->cpu7_L1I TRANSLATION  ACCESS:          0 HIT:          0 MISS:          0 MSHR_MERGE:          0
cpu7->cpu7_L1I PREFETCH REQUESTED:          0 ISSUED:          0 USEFUL:          0 USELESS:          0
cpu7->cpu7_L1I AVERAGE MISS LATENCY: 8.097 cycles
cpu7->cpu7_L1D TOTAL        ACCESS:   12679440 HIT:    9361299 MISS:    3318141 MSHR_MERGE:    1151792
cpu7->cpu7_L1D LOAD         ACCESS:    7918217 HIT:    5119451 MISS:    2798766 MSHR_MERGE:     766760
cpu7->cpu7_L1D RFO          ACCESS:          0 HIT:          0 MISS:          0 MSHR_MERGE:          0
cpu7->cpu7_L1D PREFETCH     ACCESS:          0 HIT:          0 MISS:          0 MSHR_MERGE:          0
cpu7->cpu7_L1D WRITE        ACCESS:    4761223 HIT:    4241848 MISS:     519375 MSHR_MERGE:     385032
cpu7->cpu7_L1D TRANSLATION  ACCESS:          0 HIT:          0 MISS:          0 MSHR_MERGE:          0
cpu7->cpu7_L1D PREFETCH REQUESTED:          0 ISSUED:          0 USEFUL:          0 USELESS:          0
cpu7->cpu7_L1D AVERAGE MISS LATENCY: 27.99 cycles
cpu7->cpu7_ITLB TOTAL        ACCESS:   10607983 HIT:   10607983 MISS:          0 MSHR_MERGE:          0
cpu7->cpu7_ITLB LOAD         ACCESS:   10607983 HIT:   10607983 MISS:          0 MSHR_MERGE:          0
cpu7->cpu7_ITLB RFO          ACCESS:          0 HIT:          0 MISS:          0 MSHR_MERGE:          0
cpu7->cpu7_ITLB PREFETCH     ACCESS:          0 HIT:          0 MISS:          0 MSHR_MERGE:          0
cpu7->cpu7_ITLB WRITE        ACCESS:          0 HIT:          0 MISS:          0 MSHR_MERGE:          0
cpu7->cpu7_ITLB TRANSLATION  ACCESS:          0 HIT:          0 MISS:          0 MSHR_MERGE:          0
cpu7->cpu7_ITLB PREFETCH REQUESTED:          0 ISSUED:          0 USEFUL:          0 USELESS:          0
cpu7->cpu7_ITLB AVERAGE MISS LATENCY: - cycles
cpu7->cpu7_DTLB TOTAL        ACCESS:   11772954 HIT:   11772954 MISS:          0 MSHR_MERGE:          0
cpu7->cpu7_DTLB LOAD         ACCESS:   11772954 HIT:   11772954 MISS:          0 MSHR_MERGE:          0
cpu7->cpu7_DTLB RFO          ACCESS:          0 HIT:          0 MISS:          0 MSHR_MERGE:          0
cpu7->cpu7_DTLB PREFETCH     ACCESS:          0 HIT:          0 MISS:          0 MSHR_MERGE:          0
cpu7->cpu7_DTLB WRITE        ACCESS:          0 HIT:          0 MISS:          0 MSHR_MERGE:          0
cpu7->cpu7_DTLB TRANSLATION  ACCESS:          0 HIT:          0 MISS:          0 MSHR_MERGE:          0
cpu7->cpu7_DTLB PREFETCH REQUESTED:          0 ISSUED:          0 USEFUL:          0 USELESS:          0
cpu7->cpu7_DTLB AVERAGE MISS LATENCY: - cycles
cpu6->cpu6_L2C TOTAL        ACCESS:    2522366 HIT:    2316864 MISS:     205502 MSHR_MERGE:          0
cpu6->cpu6_L2C LOAD         ACCESS:    2208524 HIT:    2117507 MISS:      91017 MSHR_MERGE:          0
cpu6->cpu6_L2C RFO          ACCESS:     134347 HIT:      19862 MISS:     114485 MSHR_MERGE:          0
cpu6->cpu6_L2C PREFETCH     ACCESS:          0 HIT:          0 MISS:          0 MSHR_MERGE:          0
cpu6->cpu6_L2C WRITE        ACCESS:     179495 HIT:     179495 MISS:          0 MSHR_MERGE:          0
cpu6->cpu6_L2C TRANSLATION  ACCESS:          0 HIT:          0 MISS:          0 MSHR_MERGE:          0
cpu6->cpu6_L2C PREFETCH REQUESTED:          0 ISSUED:          0 USEFUL:          0 USELESS:          0
cpu6->cpu6_L2C AVERAGE MISS LATENCY: 213.9 cycles
cpu6->cpu6_L1I TOTAL        ACCESS:   11396776 HIT:   11119165 MISS:     277611 MSHR_MERGE:     100519
cpu6->cpu6_L1I LOAD         ACCESS:   11396776 HIT:   11119165 MISS:     277611 MSHR_MERGE:     100519
cpu6->cpu6_L1I RFO          ACCESS:          0 HIT:          0 MISS:          0 MSHR_MERGE:          0
cpu6->cpu6_L1I PREFETCH     ACCESS:          0 HIT:          0 MISS:          0 MSHR_MERGE:          0
cpu6->cpu6_L1I WRITE        ACCESS:          0 HIT:          0 MISS:          0 MSHR_MERGE:          0
cpu6->cpu6_L1I TRANSLATION  ACCESS:          0 HIT:          0 MISS:          0 MSHR_MERGE:          0
cpu6->cpu6_L1I PREFETCH REQUESTED:          0 ISSUED:          0 USEFUL:          0 USELESS:          0
cpu6->cpu6_L1I AVERAGE MISS LATENCY: 8.065 cycles
cpu6->cpu6_L1D TOTAL        ACCESS:   12675995 HIT:    9358961 MISS:    3317034 MSHR_MERGE:    1151250
cpu6->cpu6_L1D LOAD         ACCESS:    7914107 HIT:    5116548 MISS:    2797559 MSHR_MERGE:     766124
cpu6->cpu6_L1D RFO          ACCESS:          0 HIT:          0 MISS:          0 MSHR_MERGE:          0
cpu6->cpu6_L1D PREFETCH     ACCESS:          0 HIT:          0 MISS:          0 MSHR_MERGE:          0
cpu6->cpu6_L1D WRITE        ACCESS:    4761888 HIT:    4242413 MISS:     519475 MSHR_MERGE:     385126
cpu6->cpu6_L1D TRANSLATION  ACCESS:          0 HIT:          0 MISS:          0 MSHR_MERGE:          0
cpu6->cpu6_L1D PREFETCH REQUESTED:          0 ISSUED:          0 USEFUL:          0 USELESS:          0
cpu6->cpu6_L1D AVERAGE MISS LATENCY: 28.31 cycles
cpu6->cpu6_ITLB TOTAL        ACCESS:   10603762 HIT:   10603762 MISS:          0 MSHR_MERGE:          0
cpu6->cpu6_ITLB LOAD         ACCESS:   10603762 HIT:   10603762 MISS:          0 MSHR_MERGE:          0
cpu6->cpu6_ITLB RFO          ACCESS:          0 HIT:          0 MISS:          0 MSHR_MERGE:          0
cpu6->cpu6_ITLB PREFETCH     ACCESS:          0 HIT:          0 MISS:          0 MSHR_MERGE:          0
cpu6->cpu6_ITLB WRITE        ACCESS:          0 HIT:          0 MISS:          0 MSHR_MERGE:          0
cpu6->cpu6_ITLB TRANSLATION  ACCESS:          0 HIT:          0 MISS:          0 MSHR_MERGE:          0
cpu6->cpu6_ITLB PREFETCH REQUESTED:          0 ISSUED:          0 USEFUL:          0 USELESS:          0
cpu6->cpu6_ITLB AVERAGE MISS LATENCY: - cycles
cpu6->cpu6_DTLB TOTAL        ACCESS:   11776743 HIT:   11776743 MISS:          0 MSHR_MERGE:          0
cpu6->cpu6_DTLB LOAD         ACCESS:   11776743 HIT:   11776743 MISS:          0 MSHR_MERGE:          0
cpu6->cpu6_DTLB RFO          ACCESS:          0 HIT:          0 MISS:          0 MSHR_MERGE:          0
cpu6->cpu6_DTLB PREFETCH     ACCESS:          0 HIT:          0 MISS:          0 MSHR_MERGE:          0
cpu6->cpu6_DTLB WRITE        ACCESS:          0 HIT:          0 MISS:          0 MSHR_MERGE:          0
cpu6->cpu6_DTLB TRANSLATION  ACCESS:          0 HIT:          0 MISS:          0 MSHR_MERGE:          0
cpu6->cpu6_DTLB PREFETCH REQUESTED:          0 ISSUED:          0 USEFUL:          0 USELESS:          0
cpu6->cpu6_DTLB AVERAGE MISS LATENCY: - cycles
cpu5->cpu5_L2C TOTAL        ACCESS:    2522824 HIT:    2317288 MISS:     205536 MSHR_MERGE:          0
cpu5->cpu5_L2C LOAD         ACCESS:    2209017 HIT:    2117954 MISS:      91063 MSHR_MERGE:          0
cpu5->cpu5_L2C RFO          ACCESS:     134332 HIT:      19859 MISS:     114473 MSHR_MERGE:          0
cpu5->cpu5_L2C PREFETCH     ACCESS:          0 HIT:          0 MISS:          0 MSHR_MERGE:          0
cpu5->cpu5_L2C WRITE        ACCESS:     179475 HIT:     179475 MISS:          0 MSHR_MERGE:          0
cpu5->cpu5_L2C TRANSLATION  ACCESS:          0 HIT:          0 MISS:          0 MSHR_MERGE:          0
cpu5->cpu5_L2C PREFETCH REQUESTED:          0 ISSUED:          0 USEFUL:          0 USELESS:          0
cpu5->cpu5_L2C AVERAGE MISS LATENCY: 207.9 cycles
cpu5->cpu5_L1I TOTAL        ACCESS:   11422005 HIT:   11144335 MISS:     277670 MSHR_MERGE:     100627
cpu5->cpu5_L1I LOAD         ACCESS:   11422005 HIT:   11144335 MISS:     277670 MSHR_MERGE:     100627
cpu5->cpu5_L1I RFO          ACCESS:          0 HIT:          0 MISS:          0 MSHR_MERGE:          0
cpu5->cpu5_L1I PREFETCH     ACCESS:          0 HIT:          0 MISS:          0 MSHR_MERGE:          0
cpu5->cpu5_L1I WRITE        ACCESS:          0 HIT:          0 MISS:          0 MSHR_MERGE:          0
cpu5->cpu5_L1I TRANSLATION  ACCESS:          0 HIT:          0 MISS:          0 MSHR_MERGE:          0
cpu5->cpu5_L1I PREFETCH REQUESTED:          0 ISSUED:          0 USEFUL:          0 USELESS:          0
cpu5->cpu5_L1I AVERAGE MISS LATENCY: 8.086 cycles
cpu5->cpu5_L1D TOTAL        ACCESS:   12695466 HIT:    9375558 MISS:    3319908 MSHR_MERGE:    1153598
cpu5->cpu5_L1D LOAD         ACCESS:    7932263 HIT:    5131460 MISS:    2800803 MSHR_MERGE:     768826
cpu5->cpu5_L1D RFO          ACCESS:          0 HIT:          0 MISS:          0 MSHR_MERGE:          0
cpu5->cpu5_L1D PREFETCH     ACCESS:          0 HIT:          0 MISS:          0 MSHR_MERGE:          0
cpu5->cpu5_L1D WRITE        ACCESS:    4763203 HIT:    4244098 MISS:     519105 MSHR_MERGE:     384772
cpu5->cpu5_L1D TRANSLATION  ACCESS:          0 HIT:          0 MISS:          0 MSHR_MERGE:          0
cpu5->cpu5_L1D PREFETCH REQUESTED:          0 ISSUED:          0 USEFUL:          0 USELESS:          0
cpu5->cpu5_L1D AVERAGE MISS LATENCY: 27.74 cycles
cpu5->cpu5_ITLB TOTAL        ACCESS:   10620940 HIT:   10620940 MISS:          0 MSHR_MERGE:          0
cpu5->cpu5_ITLB LOAD         ACCESS:   10620940 HIT:   10620940 MISS:          0 MSHR_MERGE:          0
cpu5->cpu5_ITLB RFO          ACCESS:          0 HIT:          0 MISS:          0 MSHR_MERGE:          0
cpu5->cpu5_ITLB PREFETCH     ACCESS:          0 HIT:          0 MISS:          0 MSHR_MERGE:          0
cpu5->cpu5_ITLB WRITE        ACCESS:          0 HIT:          0 MISS:          0 MSHR_MERGE:          0
cpu5->cpu5_ITLB TRANSLATION  ACCESS:          0 HIT:          0 MISS:          0 MSHR_MERGE:          0
cpu5->cpu5_ITLB PREFETCH REQUESTED:          0 ISSUED:          0 USEFUL:          0 USELESS:          0
cpu5->cpu5_ITLB AVERAGE MISS LATENCY: - cycles
cpu5->cpu5_DTLB TOTAL        ACCESS:   11775159 HIT:   11775159 MISS:          0 MSHR_MERGE:          0
cpu5->cpu5_DTLB LOAD         ACCESS:   11775159 HIT:   11775159 MISS:          0 MSHR_MERGE:          0
cpu5->cpu5_DTLB RFO          ACCESS:          0 HIT:          0 MISS:          0 MSHR_MERGE:          0
cpu5->cpu5_DTLB PREFETCH     ACCESS:          0 HIT:          0 MISS:          0 MSHR_MERGE:          0
cpu5->cpu5_DTLB WRITE        ACCESS:          0 HIT:          0 MISS:          0 MSHR_MERGE:          0
cpu5->cpu5_DTLB TRANSLATION  ACCESS:          0 HIT:          0 MISS:          0 MSHR_MERGE:          0
cpu5->cpu5_DTLB PREFETCH REQUESTED:          0 ISSUED:          0 USEFUL:          0 USELESS:          0
cpu5->cpu5_DTLB AVERAGE MISS LATENCY: - cycles
cpu4->cpu4_L2C TOTAL        ACCESS:    2522759 HIT:    2317239 MISS:     205520 MSHR_MERGE:          0
cpu4->cpu4_L2C LOAD         ACCESS:    2208950 HIT:    2117898 MISS:      91052 MSHR_MERGE:          0
cpu4->cpu4_L2C RFO          ACCESS:     134328 HIT:      19860 MISS:     114468 MSHR_MERGE:          0
cpu4->cpu4_L2C PREFETCH     ACCESS:          0 HIT:          0 MISS:          0 MSHR_MERGE:          0
cpu4->cpu4_L2C WRITE        ACCESS:     179481 HIT:     179481 MISS:          0 MSHR_MERGE:          0
cpu4->cpu4_L2C TRANSLATION  ACCESS:          0 HIT:          0 MISS:          0 MSHR_MERGE:          0
cpu4->cpu4_L2C PREFETCH REQUESTED:          0 ISSUED:          0 USEFUL:          0 USELESS:          0
cpu4->cpu4_L2C AVERAGE MISS LATENCY: 206.5 cycles
cpu4->cpu4_L1I TOTAL        ACCESS:   11418363 HIT:   11140921 MISS:     277442 MSHR_MERGE:     100446
cpu4->cpu4_L1I LOAD         ACCESS:   11418363 HIT:   11140921 MISS:     277442 MSHR_MERGE:     100446
cpu4->cpu4_L1I RFO          ACCESS:          0 HIT:          0 MISS:          0 MSHR_MERGE:          0
cpu4->cpu4_L1I PREFETCH     ACCESS:          0 HIT:          0 MISS:          0 MSHR_MERGE:          0
cpu4->cpu4_L1I WRITE        ACCESS:          0 HIT:          0 MISS:          0 MSHR_MERGE:          0
cpu4->cpu4_L1I TRANSLATION  ACCESS:          0 HIT:          0 MISS:          0 MSHR_MERGE:          0
cpu4->cpu4_L1I PREFETCH REQUESTED:          0 ISSUED:          0 USEFUL:          0 USELESS:          0
cpu4->cpu4_L1I AVERAGE MISS LATENCY: 8.068 cycles
cpu4->cpu4_L1D TOTAL        ACCESS:   12690372 HIT:    9370408 MISS:    3319964 MSHR_MERGE:    1153676
cpu4->cpu4_L1D LOAD         ACCESS:    7929027 HIT:    5128057 MISS:    2800970 MSHR_MERGE:     769012
cpu4->cpu4_L1D RFO          ACCESS:          0 HIT:          0 MISS:          0 MSHR_MERGE:          0
cpu4->cpu4_L1D PREFETCH     ACCESS:          0 HIT:          0 MISS:          0 MSHR_MERGE:          0
cpu4->cpu4_L1D WRITE        ACCESS:    4761345 HIT:    4242351 MISS:     518994 MSHR_MERGE:     384664
cpu4->cpu4_L1D TRANSLATION  ACCESS:          0 HIT:          0 MISS:          0 MSHR_MERGE:          0
cpu4->cpu4_L1D PREFETCH REQUESTED:          0 ISSUED:          0 USEFUL:          0 USELESS:          0
cpu4->cpu4_L1D AVERAGE MISS LATENCY: 27.61 cycles
cpu4->cpu4_ITLB TOTAL        ACCESS:   10617663 HIT:   10617663 MISS:          0 MSHR_MERGE:          0
cpu4->cpu4_ITLB LOAD         ACCESS:   10617663 HIT:   10617663 MISS:          0 MSHR_MERGE:          0
cpu4->cpu4_ITLB RFO          ACCESS:          0 HIT:          0 MISS:          0 MSHR_MERGE:          0
cpu4->cpu4_ITLB PREFETCH     ACCESS:          0 HIT:          0 MISS:          0 MSHR_MERGE:          0
cpu4->cpu4_ITLB WRITE        ACCESS:          0 HIT:          0 MISS:          0 MSHR_MERGE:          0
cpu4->cpu4_ITLB TRANSLATION  ACCESS:          0 HIT:          0 MISS:          0 MSHR_MERGE:          0
cpu4->cpu4_ITLB PREFETCH REQUESTED:          0 ISSUED:          0 USEFUL:          0 USELESS:          0
cpu4->cpu4_ITLB AVERAGE MISS LATENCY: - cycles
cpu4->cpu4_DTLB TOTAL        ACCESS:   11768598 HIT:   11768598 MISS:          0 MSHR_MERGE:          0
cpu4->cpu4_DTLB LOAD         ACCESS:   11768598 HIT:   11768598 MISS:          0 MSHR_MERGE:          0
cpu4->cpu4_DTLB RFO          ACCESS:          0 HIT:          0 MISS:          0 MSHR_MERGE:          0
cpu4->cpu4_DTLB PREFETCH     ACCESS:          0 HIT:          0 MISS:          0 MSHR_MERGE:          0
cpu4->cpu4_DTLB WRITE        ACCESS:          0 HIT:          0 MISS:          0 MSHR_MERGE:          0
cpu4->cpu4_DTLB TRANSLATION  ACCESS:          0 HIT:          0 MISS:          0 MSHR_MERGE:          0
cpu4->cpu4_DTLB PREFETCH REQUESTED:          0 ISSUED:          0 USEFUL:          0 USELESS:          0
cpu4->cpu4_DTLB AVERAGE MISS LATENCY: - cycles
cpu3->cpu3_L2C TOTAL        ACCESS:    2522684 HIT:    2317188 MISS:     205496 MSHR_MERGE:          0
cpu3->cpu3_L2C LOAD         ACCESS:    2208866 HIT:    2117835 MISS:      91031 MSHR_MERGE:          0
cpu3->cpu3_L2C RFO          ACCESS:     134316 HIT:      19851 MISS:     114465 MSHR_MERGE:          0
cpu3->cpu3_L2C PREFETCH     ACCESS:          0 HIT:          0 MISS:          0 MSHR_MERGE:          0
cpu3->cpu3_L2C WRITE        ACCESS:     179502 HIT:     179502 MISS:          0 MSHR_MERGE:          0
cpu3->cpu3_L2C TRANSLATION  ACCESS:          0 HIT:          0 MISS:          0 MSHR_MERGE:          0
cpu3->cpu3_L2C PREFETCH REQUESTED:          0 ISSUED:          0 USEFUL:          0 USELESS:          0
cpu3->cpu3_L2C AVERAGE MISS LATENCY: 210.7 cycles
cpu3->cpu3_L1I TOTAL        ACCESS:   11399888 HIT:   11122634 MISS:     277254 MSHR_MERGE:     100262
cpu3->cpu3_L1I LOAD         ACCESS:   11399888 HIT:   11122634 MISS:     277254 MSHR_MERGE:     100262
cpu3->cpu3_L1I RFO          ACCESS:          0 HIT:          0 MISS:          0 MSHR_MERGE:          0
cpu3->cpu3_L1I PREFETCH     ACCESS:          0 HIT:          0 MISS:          0 MSHR_MERGE:          0
cpu3->cpu3_L1I WRITE        ACCESS:          0 HIT:          0 MISS:          0 MSHR_MERGE:          0
cpu3->cpu3_L1I TRANSLATION  ACCESS:          0 HIT:          0 MISS:          0 MSHR_MERGE:          0
cpu3->cpu3_L1I PREFETCH REQUESTED:          0 ISSUED:          0 USEFUL:          0 USELESS:          0
cpu3->cpu3_L1I AVERAGE MISS LATENCY: 8.039 cycles
cpu3->cpu3_L1D TOTAL        ACCESS:   12682405 HIT:    9361231 MISS:    3321174 MSHR_MERGE:    1154980
cpu3->cpu3_L1D LOAD         ACCESS:    7920181 HIT:    5118307 MISS:    2801874 MSHR_MERGE:     769997
cpu3->cpu3_L1D RFO          ACCESS:          0 HIT:          0 MISS:          0 MSHR_MERGE:          0
cpu3->cpu3_L1D PREFETCH     ACCESS:          0 HIT:          0 MISS:          0 MSHR_MERGE:          0
cpu3->cpu3_L1D WRITE        ACCESS:    4762224 HIT:    4242924 MISS:     519300 MSHR_MERGE:     384983
cpu3->cpu3_L1D TRANSLATION  ACCESS:          0 HIT:          0 MISS:          0 MSHR_MERGE:          0
cpu3->cpu3_L1D PREFETCH REQUESTED:          0 ISSUED:          0 USEFUL:          0 USELESS:          0
cpu3->cpu3_L1D AVERAGE MISS LATENCY: 28.01 cycles
cpu3->cpu3_ITLB TOTAL        ACCESS:   10612587 HIT:   10612587 MISS:          0 MSHR_MERGE:          0
cpu3->cpu3_ITLB LOAD         ACCESS:   10612587 HIT:   10612587 MISS:          0 MSHR_MERGE:          0
cpu3->cpu3_ITLB RFO          ACCESS:          0 HIT:          0 MISS:          0 MSHR_MERGE:          0
cpu3->cpu3_ITLB PREFETCH     ACCESS:          0 HIT:          0 MISS:          0 MSHR_MERGE:          0
cpu3->cpu3_ITLB WRITE        ACCESS:          0 HIT:          0 MISS:          0 MSHR_MERGE:          0
cpu3->cpu3_ITLB TRANSLATION  ACCESS:          0 HIT:          0 MISS:          0 MSHR_MERGE:          0
cpu3->cpu3_ITLB PREFETCH REQUESTED:          0 ISSUED:          0 USEFUL:          0 USELESS:          0
cpu3->cpu3_ITLB AVERAGE MISS LATENCY: - cycles
cpu3->cpu3_DTLB TOTAL        ACCESS:   11782863 HIT:   11782863 MISS:          0 MSHR_MERGE:          0
cpu3->cpu3_DTLB LOAD         ACCESS:   11782863 HIT:   11782863 MISS:          0 MSHR_MERGE:          0
cpu3->cpu3_DTLB RFO          ACCESS:          0 HIT:          0 MISS:          0 MSHR_MERGE:          0
cpu3->cpu3_DTLB PREFETCH     ACCESS:          0 HIT:          0 MISS:          0 MSHR_MERGE:          0
cpu3->cpu3_DTLB WRITE        ACCESS:          0 HIT:          0 MISS:          0 MSHR_MERGE:          0
cpu3->cpu3_DTLB TRANSLATION  ACCESS:          0 HIT:          0 MISS:          0 MSHR_MERGE:          0
cpu3->cpu3_DTLB PREFETCH REQUESTED:          0 ISSUED:          0 USEFUL:          0 USELESS:          0
cpu3->cpu3_DTLB AVERAGE MISS LATENCY: - cycles
cpu2->cpu2_L2C TOTAL        ACCESS:    2522531 HIT:    2317043 MISS:     205488 MSHR_MERGE:          0
cpu2->cpu2_L2C LOAD         ACCESS:    2208757 HIT:    2117726 MISS:      91031 MSHR_MERGE:          0
cpu2->cpu2_L2C RFO          ACCESS:     134294 HIT:      19837 MISS:     114457 MSHR_MERGE:          0
cpu2->cpu2_L2C PREFETCH     ACCESS:          0 HIT:          0 MISS:          0 MSHR_MERGE:          0
cpu2->cpu2_L2C WRITE        ACCESS:     179480 HIT:     179480 MISS:          0 MSHR_MERGE:          0
cpu2->cpu2_L2C TRANSLATION  ACCESS:          0 HIT:          0 MISS:          0 MSHR_MERGE:          0
cpu2->cpu2_L2C PREFETCH REQUESTED:          0 ISSUED:          0 USEFUL:          0 USELESS:          0
cpu2->cpu2_L2C AVERAGE MISS LATENCY: 215.4 cycles
cpu2->cpu2_L1I TOTAL        ACCESS:   11403233 HIT:   11125937 MISS:     277296 MSHR_MERGE:     100369
cpu2->cpu2_L1I LOAD         ACCESS:   11403233 HIT:   11125937 MISS:     277296 MSHR_MERGE:     100369
cpu2->cpu2_L1I RFO          ACCESS:          0 HIT:          0 MISS:          0 MSHR_MERGE:          0
cpu2->cpu2_L1I PREFETCH     ACCESS:          0 HIT:          0 MISS:          0 MSHR_MERGE:          0
cpu2->cpu2_L1I WRITE        ACCESS:          0 HIT:          0 MISS:          0 MSHR_MERGE:          0
cpu2->cpu2_L1I TRANSLATION  ACCESS:          0 HIT:          0 MISS:          0 MSHR_MERGE:          0
cpu2->cpu2_L1I PREFETCH REQUESTED:          0 ISSUED:          0 USEFUL:          0 USELESS:          0
cpu2->cpu2_L1I AVERAGE MISS LATENCY: 8.093 cycles
cpu2->cpu2_L1D TOTAL        ACCESS:   12676239 HIT:    9355922 MISS:    3320317 MSHR_MERGE:    1154191
cpu2->cpu2_L1D LOAD         ACCESS:    7918010 HIT:    5116908 MISS:    2801102 MSHR_MERGE:     769270
cpu2->cpu2_L1D RFO          ACCESS:          0 HIT:          0 MISS:          0 MSHR_MERGE:          0
cpu2->cpu2_L1D PREFETCH     ACCESS:          0 HIT:          0 MISS:          0 MSHR_MERGE:          0
cpu2->cpu2_L1D WRITE        ACCESS:    4758229 HIT:    4239014 MISS:     519215 MSHR_MERGE:     384921
cpu2->cpu2_L1D TRANSLATION  ACCESS:          0 HIT:          0 MISS:          0 MSHR_MERGE:          0
cpu2->cpu2_L1D PREFETCH REQUESTED:          0 ISSUED:          0 USEFUL:          0 USELESS:          0
cpu2->cpu2_L1D AVERAGE MISS LATENCY: 28.45 cycles
cpu2->cpu2_ITLB TOTAL        ACCESS:   10602955 HIT:   10602955 MISS:          0 MSHR_MERGE:          0
cpu2->cpu2_ITLB LOAD         ACCESS:   10602955 HIT:   10602955 MISS:          0 MSHR_MERGE:          0
cpu2->cpu2_ITLB RFO          ACCESS:          0 HIT:          0 MISS:          0 MSHR_MERGE:          0
cpu2->cpu2_ITLB PREFETCH     ACCESS:          0 HIT:          0 MISS:          0 MSHR_MERGE:          0
cpu2->cpu2_ITLB WRITE        ACCESS:          0 HIT:          0 MISS:          0 MSHR_MERGE:          0
cpu2->cpu2_ITLB TRANSLATION  ACCESS:          0 HIT:          0 MISS:          0 MSHR_MERGE:          0
cpu2->cpu2_ITLB PREFETCH REQUESTED:          0 ISSUED:          0 USEFUL:          0 USELESS:          0
cpu2->cpu2_ITLB AVERAGE MISS LATENCY: - cycles
cpu2->cpu2_DTLB TOTAL        ACCESS:   11754787 HIT:   11754787 MISS:          0 MSHR_MERGE:          0
cpu2->cpu2_DTLB LOAD         ACCESS:   11754787 HIT:   11754787 MISS:          0 MSHR_MERGE:          0
cpu2->cpu2_DTLB RFO          ACCESS:          0 HIT:          0 MISS:          0 MSHR_MERGE:          0
cpu2->cpu2_DTLB PREFETCH     ACCESS:          0 HIT:          0 MISS:          0 MSHR_MERGE:          0
cpu2->cpu2_DTLB WRITE        ACCESS:          0 HIT:          0 MISS:          0 MSHR_MERGE:          0
cpu2->cpu2_DTLB TRANSLATION  ACCESS:          0 HIT:          0 MISS:          0 MSHR_MERGE:          0
cpu2->cpu2_DTLB PREFETCH REQUESTED:          0 ISSUED:          0 USEFUL:          0 USELESS:          0
cpu2->cpu2_DTLB AVERAGE MISS LATENCY: - cycles
cpu1->cpu1_L2C TOTAL        ACCESS:    2522692 HIT:    2317185 MISS:     205507 MSHR_MERGE:          0
cpu1->cpu1_L2C LOAD         ACCESS:    2208884 HIT:    2117821 MISS:      91063 MSHR_MERGE:          0
cpu1->cpu1_L2C RFO          ACCESS:     134312 HIT:      19868 MISS:     114444 MSHR_MERGE:          0
cpu1->cpu1_L2C PREFETCH     ACCESS:          0 HIT:          0 MISS:          0 MSHR_MERGE:          0
cpu1->cpu1_L2C WRITE        ACCESS:     179496 HIT:     179496 MISS:          0 MSHR_MERGE:          0
cpu1->cpu1_L2C TRANSLATION  ACCESS:          0 HIT:          0 MISS:          0 MSHR_MERGE:          0
cpu1->cpu1_L2C PREFETCH REQUESTED:          0 ISSUED:          0 USEFUL:          0 USELESS:          0
cpu1->cpu1_L2C AVERAGE MISS LATENCY: 205.5 cycles
cpu1->cpu1_L1I TOTAL        ACCESS:   11417668 HIT:   11140352 MISS:     277316 MSHR_MERGE:     100427
cpu1->cpu1_L1I LOAD         ACCESS:   11417668 HIT:   11140352 MISS:     277316 MSHR_MERGE:     100427
cpu1->cpu1_L1I RFO          ACCESS:          0 HIT:          0 MISS:          0 MSHR_MERGE:          0
cpu1->cpu1_L1I PREFETCH     ACCESS:          0 HIT:          0 MISS:          0 MSHR_MERGE:          0
cpu1->cpu1_L1I WRITE        ACCESS:          0 HIT:          0 MISS:          0 MSHR_MERGE:          0
cpu1->cpu1_L1I TRANSLATION  ACCESS:          0 HIT:          0 MISS:          0 MSHR_MERGE:          0
cpu1->cpu1_L1I PREFETCH REQUESTED:          0 ISSUED:          0 USEFUL:          0 USELESS:          0
cpu1->cpu1_L1I AVERAGE MISS LATENCY: 8.123 cycles
cpu1->cpu1_L1D TOTAL        ACCESS:   12686699 HIT:    9365578 MISS:    3321121 MSHR_MERGE:    1154813
cpu1->cpu1_L1D LOAD         ACCESS:    7928709 HIT:    5127005 MISS:    2801704 MSHR_MERGE:     769708
cpu1->cpu1_L1D RFO          ACCESS:          0 HIT:          0 MISS:          0 MSHR_MERGE:          0
cpu1->cpu1_L1D PREFETCH     ACCESS:          0 HIT:          0 MISS:          0 MSHR_MERGE:          0
cpu1->cpu1_L1D WRITE        ACCESS:    4757990 HIT:    4238573 MISS:     519417 MSHR_MERGE:     385105
cpu1->cpu1_L1D TRANSLATION  ACCESS:          0 HIT:          0 MISS:          0 MSHR_MERGE:          0
cpu1->cpu1_L1D PREFETCH REQUESTED:          0 ISSUED:          0 USEFUL:          0 USELESS:          0
cpu1->cpu1_L1D AVERAGE MISS LATENCY: 27.51 cycles
cpu1->cpu1_ITLB TOTAL        ACCESS:   10630100 HIT:   10630100 MISS:          0 MSHR_MERGE:          0
cpu1->cpu1_ITLB LOAD         ACCESS:   10630100 HIT:   10630100 MISS:          0 MSHR_MERGE:          0
cpu1->cpu1_ITLB RFO          ACCESS:          0 HIT:          0 MISS:          0 MSHR_MERGE:          0
cpu1->cpu1_ITLB PREFETCH     ACCESS:          0 HIT:          0 MISS:          0 MSHR_MERGE:          0
cpu1->cpu1_ITLB WRITE        ACCESS:          0 HIT:          0 MISS:          0 MSHR_MERGE:          0
cpu1->cpu1_ITLB TRANSLATION  ACCESS:          0 HIT:          0 MISS:          0 MSHR_MERGE:          0
cpu1->cpu1_ITLB PREFETCH REQUESTED:          0 ISSUED:          0 USEFUL:          0 USELESS:          0
cpu1->cpu1_ITLB AVERAGE MISS LATENCY: - cycles
cpu1->cpu1_DTLB TOTAL        ACCESS:   11771829 HIT:   11771829 MISS:          0 MSHR_MERGE:          0
cpu1->cpu1_DTLB LOAD         ACCESS:   11771829 HIT:   11771829 MISS:          0 MSHR_MERGE:          0
cpu1->cpu1_DTLB RFO          ACCESS:          0 HIT:          0 MISS:          0 MSHR_MERGE:          0
cpu1->cpu1_DTLB PREFETCH     ACCESS:          0 HIT:          0 MISS:          0 MSHR_MERGE:          0
cpu1->cpu1_DTLB WRITE        ACCESS:          0 HIT:          0 MISS:          0 MSHR_MERGE:          0
cpu1->cpu1_DTLB TRANSLATION  ACCESS:          0 HIT:          0 MISS:          0 MSHR_MERGE:          0
cpu1->cpu1_DTLB PREFETCH REQUESTED:          0 ISSUED:          0 USEFUL:          0 USELESS:          0
cpu1->cpu1_DTLB AVERAGE MISS LATENCY: - cycles
cpu0->cpu0_L2C TOTAL        ACCESS:    2520350 HIT:    2314933 MISS:     205417 MSHR_MERGE:          0
cpu0->cpu0_L2C LOAD         ACCESS:    2206696 HIT:    2115713 MISS:      90983 MSHR_MERGE:          0
cpu0->cpu0_L2C RFO          ACCESS:     134296 HIT:      19862 MISS:     114434 MSHR_MERGE:          0
cpu0->cpu0_L2C PREFETCH     ACCESS:          0 HIT:          0 MISS:          0 MSHR_MERGE:          0
cpu0->cpu0_L2C WRITE        ACCESS:     179358 HIT:     179358 MISS:          0 MSHR_MERGE:          0
cpu0->cpu0_L2C TRANSLATION  ACCESS:          0 HIT:          0 MISS:          0 MSHR_MERGE:          0
cpu0->cpu0_L2C PREFETCH REQUESTED:          0 ISSUED:          0 USEFUL:          0 USELESS:          0
cpu0->cpu0_L2C AVERAGE MISS LATENCY: 211 cycles
cpu0->cpu0_L1I TOTAL        ACCESS:   11411826 HIT:   11134761 MISS:     277065 MSHR_MERGE:     100237
cpu0->cpu0_L1I LOAD         ACCESS:   11411826 HIT:   11134761 MISS:     277065 MSHR_MERGE:     100237
cpu0->cpu0_L1I RFO          ACCESS:          0 HIT:          0 MISS:          0 MSHR_MERGE:          0
cpu0->cpu0_L1I PREFETCH     ACCESS:          0 HIT:          0 MISS:          0 MSHR_MERGE:          0
cpu0->cpu0_L1I WRITE        ACCESS:          0 HIT:          0 MISS:          0 MSHR_MERGE:          0
cpu0->cpu0_L1I TRANSLATION  ACCESS:          0 HIT:          0 MISS:          0 MSHR_MERGE:          0
cpu0->cpu0_L1I PREFETCH REQUESTED:          0 ISSUED:          0 USEFUL:          0 USELESS:          0
cpu0->cpu0_L1I AVERAGE MISS LATENCY: 8.106 cycles
cpu0->cpu0_L1D TOTAL        ACCESS:   12685131 HIT:    9366302 MISS:    3318829 MSHR_MERGE:    1154663
cpu0->cpu0_L1D LOAD         ACCESS:    7926990 HIT:    5127345 MISS:    2799645 MSHR_MERGE:     769775
cpu0->cpu0_L1D RFO          ACCESS:          0 HIT:          0 MISS:          0 MSHR_MERGE:          0
cpu0->cpu0_L1D PREFETCH     ACCESS:          0 HIT:          0 MISS:          0 MSHR_MERGE:          0
cpu0->cpu0_L1D WRITE        ACCESS:    4758141 HIT:    4238957 MISS:     519184 MSHR_MERGE:     384888
cpu0->cpu0_L1D TRANSLATION  ACCESS:          0 HIT:          0 MISS:          0 MSHR_MERGE:          0
cpu0->cpu0_L1D PREFETCH REQUESTED:          0 ISSUED:          0 USEFUL:          0 USELESS:          0
cpu0->cpu0_L1D AVERAGE MISS LATENCY: 28.05 cycles
cpu0->cpu0_ITLB TOTAL        ACCESS:   10624707 HIT:   10624707 MISS:          0 MSHR_MERGE:          0
cpu0->cpu0_ITLB LOAD         ACCESS:   10624707 HIT:   10624707 MISS:          0 MSHR_MERGE:          0
cpu0->cpu0_ITLB RFO          ACCESS:          0 HIT:          0 MISS:          0 MSHR_MERGE:          0
cpu0->cpu0_ITLB PREFETCH     ACCESS:          0 HIT:          0 MISS:          0 MSHR_MERGE:          0
cpu0->cpu0_ITLB WRITE        ACCESS:          0 HIT:          0 MISS:          0 MSHR_MERGE:          0
cpu0->cpu0_ITLB TRANSLATION  ACCESS:          0 HIT:          0 MISS:          0 MSHR_MERGE:          0
cpu0->cpu0_ITLB PREFETCH REQUESTED:          0 ISSUED:          0 USEFUL:          0 USELESS:          0
cpu0->cpu0_ITLB AVERAGE MISS LATENCY: - cycles
cpu0->cpu0_DTLB TOTAL        ACCESS:   11786114 HIT:   11786114 MISS:          0 MSHR_MERGE:          0
cpu0->cpu0_DTLB LOAD         ACCESS:   11786114 HIT:   11786114 MISS:          0 MSHR_MERGE:          0
cpu0->cpu0_DTLB RFO          ACCESS:          0 HIT:          0 MISS:          0 MSHR_MERGE:          0
cpu0->cpu0_DTLB PREFETCH     ACCESS:          0 HIT:          0 MISS:          0 MSHR_MERGE:          0
cpu0->cpu0_DTLB WRITE        ACCESS:          0 HIT:          0 MISS:          0 MSHR_MERGE:          0
cpu0->cpu0_DTLB TRANSLATION  ACCESS:          0 HIT:          0 MISS:          0 MSHR_MERGE:          0
cpu0->cpu0_DTLB PREFETCH REQUESTED:          0 ISSUED:          0 USEFUL:          0 USELESS:          0
cpu0->cpu0_DTLB AVERAGE MISS LATENCY: - cycles
cpu0->LLC TOTAL        ACCESS:     327403 HIT:     196231 MISS:     131172 MSHR_MERGE:          0
cpu0->LLC LOAD         ACCESS:      90983 HIT:      80431 MISS:      10552 MSHR_MERGE:          0
cpu0->LLC RFO          ACCESS:     114434 HIT:       4788 MISS:     109646 MSHR_MERGE:          0
cpu0->LLC PREFETCH     ACCESS:          0 HIT:          0 MISS:          0 MSHR_MERGE:          0
cpu0->LLC WRITE        ACCESS:     121986 HIT:     111012 MISS:      10974 MSHR_MERGE:          0
cpu0->LLC TRANSLATION  ACCESS:          0 HIT:          0 MISS:          0 MSHR_MERGE:          0
cpu0->LLC PREFETCH REQUESTED:          0 ISSUED:          0 USEFUL:          0 USELESS:          0
cpu0->LLC AVERAGE MISS LATENCY: 2444 cycles
cpu1->LLC TOTAL        ACCESS:     327500 HIT:     196227 MISS:     131273 MSHR_MERGE:          0
cpu1->LLC LOAD         ACCESS:      91063 HIT:      80463 MISS:      10600 MSHR_MERGE:          0
cpu1->LLC RFO          ACCESS:     114444 HIT:       4777 MISS:     109667 MSHR_MERGE:          0
cpu1->LLC PREFETCH     ACCESS:          0 HIT:          0 MISS:          0 MSHR_MERGE:          0
cpu1->LLC WRITE        ACCESS:     121993 HIT:     110987 MISS:      11006 MSHR_MERGE:          0
cpu1->LLC TRANSLATION  ACCESS:          0 HIT:          0 MISS:          0 MSHR_MERGE:          0
cpu1->LLC PREFETCH REQUESTED:          0 ISSUED:          0 USEFUL:          0 USELESS:          0
cpu1->LLC AVERAGE MISS LATENCY: 2442 cycles
cpu2->LLC TOTAL        ACCESS:     327453 HIT:     196446 MISS:     131007 MSHR_MERGE:          0
cpu2->LLC LOAD         ACCESS:      91031 HIT:      80626 MISS:      10405 MSHR_MERGE:          0
cpu2->LLC RFO          ACCESS:     114457 HIT:       4774 MISS:     109683 MSHR_MERGE:          0
cpu2->LLC PREFETCH     ACCESS:          0 HIT:          0 MISS:          0 MSHR_MERGE:          0
cpu2->LLC WRITE        ACCESS:     121965 HIT:     111046 MISS:      10919 MSHR_MERGE:          0
cpu2->LLC TRANSLATION  ACCESS:          0 HIT:          0 MISS:          0 MSHR_MERGE:          0
cpu2->LLC PREFETCH REQUESTED:          0 ISSUED:          0 USEFUL:          0 USELESS:          0
cpu2->LLC AVERAGE MISS LATENCY: 2447 cycles
cpu3->LLC TOTAL        ACCESS:     327467 HIT:     196257 MISS:     131210 MSHR_MERGE:          0
cpu3->LLC LOAD         ACCESS:      91031 HIT:      80506 MISS:      10525 MSHR_MERGE:          0
cpu3->LLC RFO          ACCESS:     114465 HIT:       4792 MISS:     109673 MSHR_MERGE:          0
cpu3->LLC PREFETCH     ACCESS:          0 HIT:          0 MISS:          0 MSHR_MERGE:          0
cpu3->LLC WRITE        ACCESS:     121971 HIT:     110959 MISS:      11012 MSHR_MERGE:          0
cpu3->LLC TRANSLATION  ACCESS:          0 HIT:          0 MISS:          0 MSHR_MERGE:          0
cpu3->LLC PREFETCH REQUESTED:          0 ISSUED:          0 USEFUL:          0 USELESS:          0
cpu3->LLC AVERAGE MISS LATENCY: 2443 cycles
cpu4->LLC TOTAL        ACCESS:     327506 HIT:     196286 MISS:     131220 MSHR_MERGE:          0
cpu4->LLC LOAD         ACCESS:      91052 HIT:      80516 MISS:      10536 MSHR_MERGE:          0
cpu4->LLC RFO          ACCESS:     114468 HIT:       4800 MISS:     109668 MSHR_MERGE:          0
cpu4->LLC PREFETCH     ACCESS:          0 HIT:          0 MISS:          0 MSHR_MERGE:          0
cpu4->LLC WRITE        ACCESS:     121986 HIT:     110970 MISS:      11016 MSHR_MERGE:          0
cpu4->LLC TRANSLATION  ACCESS:          0 HIT:          0 MISS:          0 MSHR_MERGE:          0
cpu4->LLC PREFETCH REQUESTED:          0 ISSUED:          0 USEFUL:          0 USELESS:          0
cpu4->LLC AVERAGE MISS LATENCY: 2443 cycles
cpu5->LLC TOTAL        ACCESS:     327534 HIT:     196324 MISS:     131210 MSHR_MERGE:          0
cpu5->LLC LOAD         ACCESS:      91063 HIT:      80518 MISS:      10545 MSHR_MERGE:          0
cpu5->LLC RFO          ACCESS:     114473 HIT:       4801 MISS:     109672 MSHR_MERGE:          0
cpu5->LLC PREFETCH     ACCESS:          0 HIT:          0 MISS:          0 MSHR_MERGE:          0
cpu5->LLC WRITE        ACCESS:     121998 HIT:     111005 MISS:      10993 MSHR_MERGE:          0
cpu5->LLC TRANSLATION  ACCESS:          0 HIT:          0 MISS:          0 MSHR_MERGE:          0
cpu5->LLC PREFETCH REQUESTED:          0 ISSUED:          0 USEFUL:          0 USELESS:          0
cpu5->LLC AVERAGE MISS LATENCY: 2443 cycles
cpu6->LLC TOTAL        ACCESS:     327483 HIT:     196542 MISS:     130941 MSHR_MERGE:          0
cpu6->LLC LOAD         ACCESS:      91017 HIT:      80612 MISS:      10405 MSHR_MERGE:          0
cpu6->LLC RFO          ACCESS:     114485 HIT:       4795 MISS:     109690 MSHR_MERGE:          0
cpu6->LLC PREFETCH     ACCESS:          0 HIT:          0 MISS:          0 MSHR_MERGE:          0
cpu6->LLC WRITE        ACCESS:     121981 HIT:     111135 MISS:      10846 MSHR_MERGE:          0
cpu6->LLC TRANSLATION  ACCESS:          0 HIT:          0 MISS:          0 MSHR_MERGE:          0
cpu6->LLC PREFETCH REQUESTED:          0 ISSUED:          0 USEFUL:          0 USELESS:          0
cpu6->LLC AVERAGE MISS LATENCY: 2448 cycles
cpu7->LLC TOTAL        ACCESS:     327508 HIT:     196471 MISS:     131037 MSHR_MERGE:          0
cpu7->LLC LOAD         ACCESS:      91037 HIT:      80582 MISS:      10455 MSHR_MERGE:          0
cpu7->LLC RFO          ACCESS:     114480 HIT:       4792 MISS:     109688 MSHR_MERGE:          0
cpu7->LLC PREFETCH     ACCESS:          0 HIT:          0 MISS:          0 MSHR_MERGE:          0
cpu7->LLC WRITE        ACCESS:     121991 HIT:     111097 MISS:      10894 MSHR_MERGE:          0
cpu7->LLC TRANSLATION  ACCESS:          0 HIT:          0 MISS:          0 MSHR_MERGE:          0
cpu7->LLC PREFETCH REQUESTED:          0 ISSUED:          0 USEFUL:          0 USELESS:          0
cpu7->LLC AVERAGE MISS LATENCY: 2446 cycles

Region of Interest Statistics

CPU 7 cumulative IPC: 1.588 instructions: 50000001 cycles: 31494857
CPU 7 Branch Prediction Accuracy: 100% MPKI: 0 Average ROB Occupancy at Mispredict: -
Branch type MPKI
BRANCH_DIRECT_JUMP: 0
BRANCH_INDIRECT: 0
BRANCH_CONDITIONAL: 0
BRANCH_DIRECT_CALL: 0
BRANCH_INDIRECT_CALL: 0
BRANCH_RETURN: 0


CPU 6 cumulative IPC: 1.587 instructions: 50000004 cycles: 31509822
CPU 6 Branch Prediction Accuracy: 100% MPKI: 0 Average ROB Occupancy at Mispredict: -
Branch type MPKI
BRANCH_DIRECT_JUMP: 0
BRANCH_INDIRECT: 0
BRANCH_CONDITIONAL: 0
BRANCH_DIRECT_CALL: 0
BRANCH_INDIRECT_CALL: 0
BRANCH_RETURN: 0


CPU 5 cumulative IPC: 1.589 instructions: 50000001 cycles: 31470810
CPU 5 Branch Prediction Accuracy: 100% MPKI: 0 Average ROB Occupancy at Mispredict: -
Branch type MPKI
BRANCH_DIRECT_JUMP: 0
BRANCH_INDIRECT: 0
BRANCH_CONDITIONAL: 0
BRANCH_DIRECT_CALL: 0
BRANCH_INDIRECT_CALL: 0
BRANCH_RETURN: 0


CPU 4 cumulative IPC: 1.588 instructions: 50000000 cycles: 31477134
CPU 4 Branch Prediction Accuracy: 100% MPKI: 0 Average ROB Occupancy at Mispredict: -
Branch type MPKI
BRANCH_DIRECT_JUMP: 0
BRANCH_INDIRECT: 0
BRANCH_CONDITIONAL: 0
BRANCH_DIRECT_CALL: 0
BRANCH_INDIRECT_CALL: 0
BRANCH_RETURN: 0


CPU 3 cumulative IPC: 1.587 instructions: 50000000 cycles: 31508358
CPU 3 Branch Prediction Accuracy: 100% MPKI: 0 Average ROB Occupancy at Mispredict: -
Branch type MPKI
BRANCH_DIRECT_JUMP: 0
BRANCH_INDIRECT: 0
BRANCH_CONDITIONAL: 0
BRANCH_DIRECT_CALL: 0
BRANCH_INDIRECT_CALL: 0
BRANCH_RETURN: 0


CPU 2 cumulative IPC: 1.587 instructions: 50000000 cycles: 31505994
CPU 2 Branch Prediction Accuracy: 100% MPKI: 0 Average ROB Occupancy at Mispredict: -
Branch type MPKI
BRANCH_DIRECT_JUMP: 0
BRANCH_INDIRECT: 0
BRANCH_CONDITIONAL: 0
BRANCH_DIRECT_CALL: 0
BRANCH_INDIRECT_CALL: 0
BRANCH_RETURN: 0


CPU 1 cumulative IPC: 1.588 instructions: 50000001 cycles: 31479884
CPU 1 Branch Prediction Accuracy: 100% MPKI: 0 Average ROB Occupancy at Mispredict: -
Branch type MPKI
BRANCH_DIRECT_JUMP: 0
BRANCH_INDIRECT: 0
BRANCH_CONDITIONAL: 0
BRANCH_DIRECT_CALL: 0
BRANCH_INDIRECT_CALL: 0
BRANCH_RETURN: 0


CPU 0 cumulative IPC: 1.588 instructions: 50000000 cycles: 31489254
CPU 0 Branch Prediction Accuracy: 100% MPKI: 0 Average ROB Occupancy at Mispredict: -
Branch type MPKI
BRANCH_DIRECT_JUMP: 0
BRANCH_INDIRECT: 0
BRANCH_CONDITIONAL: 0
BRANCH_DIRECT_CALL: 0
BRANCH_INDIRECT_CALL: 0
BRANCH_RETURN: 0

cpu7->cpu7_L2C TOTAL        ACCESS:    2522910 HIT:    2317393 MISS:     205517 MSHR_MERGE:          0
cpu7->cpu7_L2C LOAD         ACCESS:    2209074 HIT:    2118037 MISS:      91037 MSHR_MERGE:          0
cpu7->cpu7_L2C RFO          ACCESS:     134341 HIT:      19861 MISS:     114480 MSHR_MERGE:          0
cpu7->cpu7_L2C PREFETCH     ACCESS:          0 HIT:          0 MISS:          0 MSHR_MERGE:          0
cpu7->cpu7_L2C WRITE        ACCESS:     179495 HIT:     179495 MISS:          0 MSHR_MERGE:          0
cpu7->cpu7_L2C TRANSLATION  ACCESS:          0 HIT:          0 MISS:          0 MSHR_MERGE:          0
cpu7->cpu7_L2C PREFETCH REQUESTED:          0 ISSUED:          0 USEFUL:          0 USELESS:          0
cpu7->cpu7_L2C AVERAGE MISS LATENCY: 210.5 cycles
cpu7->cpu7_L1I TOTAL        ACCESS:   11408708 HIT:   11131009 MISS:     277699 MSHR_MERGE:     100628
cpu7->cpu7_L1I LOAD         ACCESS:   11408708 HIT:   11131009 MISS:     277699 MSHR_MERGE:     100628
cpu7->cpu7_L1I RFO          ACCESS:          0 HIT:          0 MISS:          0 MSHR_MERGE:          0
cpu7->cpu7_L1I PREFETCH     ACCESS:          0 HIT:          0 MISS:          0 MSHR_MERGE:          0
cpu7->cpu7_L1I WRITE        ACCESS:          0 HIT:          0 MISS:          0 MSHR_MERGE:          0
cpu7->cpu7_L1I TRANSLATION  ACCESS:          0 HIT:          0 MISS:          0 MSHR_MERGE:          0
cpu7->cpu7_L1I PREFETCH REQUESTED:          0 ISSUED:          0 USEFUL:          0 USELESS:          0
cpu7->cpu7_L1I AVERAGE MISS LATENCY: 8.097 cycles
cpu7->cpu7_L1D TOTAL        ACCESS:   12679440 HIT:    9361299 MISS:    3318141 MSHR_MERGE:    1151792
cpu7->cpu7_L1D LOAD         ACCESS:    7918217 HIT:    5119451 MISS:    2798766 MSHR_MERGE:     766760
cpu7->cpu7_L1D RFO          ACCESS:          0 HIT:          0 MISS:          0 MSHR_MERGE:          0
cpu7->cpu7_L1D PREFETCH     ACCESS:          0 HIT:          0 MISS:          0 MSHR_MERGE:          0
cpu7->cpu7_L1D WRITE        ACCESS:    4761223 HIT:    4241848 MISS:     519375 MSHR_MERGE:     385032
cpu7->cpu7_L1D TRANSLATION  ACCESS:          0 HIT:          0 MISS:          0 MSHR_MERGE:          0
cpu7->cpu7_L1D PREFETCH REQUESTED:          0 ISSUED:          0 USEFUL:          0 USELESS:          0
cpu7->cpu7_L1D AVERAGE MISS LATENCY: 27.99 cycles
cpu7->cpu7_ITLB TOTAL        ACCESS:   10607983 HIT:   10607983 MISS:          0 MSHR_MERGE:          0
cpu7->cpu7_ITLB LOAD         ACCESS:   10607983 HIT:   10607983 MISS:          0 MSHR_MERGE:          0
cpu7->cpu7_ITLB RFO          ACCESS:          0 HIT:          0 MISS:          0 MSHR_MERGE:          0
cpu7->cpu7_ITLB PREFETCH     ACCESS:          0 HIT:          0 MISS:          0 MSHR_MERGE:          0
cpu7->cpu7_ITLB WRITE        ACCESS:          0 HIT:          0 MISS:          0 MSHR_MERGE:          0
cpu7->cpu7_ITLB TRANSLATION  ACCESS:          0 HIT:          0 MISS:          0 MSHR_MERGE:          0
cpu7->cpu7_ITLB PREFETCH REQUESTED:          0 ISSUED:          0 USEFUL:          0 USELESS:          0
cpu7->cpu7_ITLB AVERAGE MISS LATENCY: - cycles
cpu7->cpu7_DTLB TOTAL        ACCESS:   11772954 HIT:   11772954 MISS:          0 MSHR_MERGE:          0
cpu7->cpu7_DTLB LOAD         ACCESS:   11772954 HIT:   11772954 MISS:          0 MSHR_MERGE:          0
cpu7->cpu7_DTLB RFO          ACCESS:          0 HIT:          0 MISS:          0 MSHR_MERGE:          0
cpu7->cpu7_DTLB PREFETCH     ACCESS:          0 HIT:          0 MISS:          0 MSHR_MERGE:          0
cpu7->cpu7_DTLB WRITE        ACCESS:          0 HIT:          0 MISS:          0 MSHR_MERGE:          0
cpu7->cpu7_DTLB TRANSLATION  ACCESS:          0 HIT:          0 MISS:          0 MSHR_MERGE:          0
cpu7->cpu7_DTLB PREFETCH REQUESTED:          0 ISSUED:          0 USEFUL:          0 USELESS:          0
cpu7->cpu7_DTLB AVERAGE MISS LATENCY: - cycles
cpu6->cpu6_L2C TOTAL        ACCESS:    2522366 HIT:    2316864 MISS:     205502 MSHR_MERGE:          0
cpu6->cpu6_L2C LOAD         ACCESS:    2208524 HIT:    2117507 MISS:      91017 MSHR_MERGE:          0
cpu6->cpu6_L2C RFO          ACCESS:     134347 HIT:      19862 MISS:     114485 MSHR_MERGE:          0
cpu6->cpu6_L2C PREFETCH     ACCESS:          0 HIT:          0 MISS:          0 MSHR_MERGE:          0
cpu6->cpu6_L2C WRITE        ACCESS:     179495 HIT:     179495 MISS:          0 MSHR_MERGE:          0
cpu6->cpu6_L2C TRANSLATION  ACCESS:          0 HIT:          0 MISS:          0 MSHR_MERGE:          0
cpu6->cpu6_L2C PREFETCH REQUESTED:          0 ISSUED:          0 USEFUL:          0 USELESS:          0
cpu6->cpu6_L2C AVERAGE MISS LATENCY: 213.9 cycles
cpu6->cpu6_L1I TOTAL        ACCESS:   11396776 HIT:   11119165 MISS:     277611 MSHR_MERGE:     100519
cpu6->cpu6_L1I LOAD         ACCESS:   11396776 HIT:   11119165 MISS:     277611 MSHR_MERGE:     100519
cpu6->cpu6_L1I RFO          ACCESS:          0 HIT:          0 MISS:          0 MSHR_MERGE:          0
cpu6->cpu6_L1I PREFETCH     ACCESS:          0 HIT:          0 MISS:          0 MSHR_MERGE:          0
cpu6->cpu6_L1I WRITE        ACCESS:          0 HIT:          0 MISS:          0 MSHR_MERGE:          0
cpu6->cpu6_L1I TRANSLATION  ACCESS:          0 HIT:          0 MISS:          0 MSHR_MERGE:          0
cpu6->cpu6_L1I PREFETCH REQUESTED:          0 ISSUED:          0 USEFUL:          0 USELESS:          0
cpu6->cpu6_L1I AVERAGE MISS LATENCY: 8.065 cycles
cpu6->cpu6_L1D TOTAL        ACCESS:   12675995 HIT:    9358961 MISS:    3317034 MSHR_MERGE:    1151250
cpu6->cpu6_L1D LOAD         ACCESS:    7914107 HIT:    5116548 MISS:    2797559 MSHR_MERGE:     766124
cpu6->cpu6_L1D RFO          ACCESS:          0 HIT:          0 MISS:          0 MSHR_MERGE:          0
cpu6->cpu6_L1D PREFETCH     ACCESS:          0 HIT:          0 MISS:          0 MSHR_MERGE:          0
cpu6->cpu6_L1D WRITE        ACCESS:    4761888 HIT:    4242413 MISS:     519475 MSHR_MERGE:     385126
cpu6->cpu6_L1D TRANSLATION  ACCESS:          0 HIT:          0 MISS:          0 MSHR_MERGE:          0
cpu6->cpu6_L1D PREFETCH REQUESTED:          0 ISSUED:          0 USEFUL:          0 USELESS:          0
cpu6->cpu6_L1D AVERAGE MISS LATENCY: 28.31 cycles
cpu6->cpu6_ITLB TOTAL        ACCESS:   10603762 HIT:   10603762 MISS:          0 MSHR_MERGE:          0
cpu6->cpu6_ITLB LOAD         ACCESS:   10603762 HIT:   10603762 MISS:          0 MSHR_MERGE:          0
cpu6->cpu6_ITLB RFO          ACCESS:          0 HIT:          0 MISS:          0 MSHR_MERGE:          0
cpu6->cpu6_ITLB PREFETCH     ACCESS:          0 HIT:          0 MISS:          0 MSHR_MERGE:          0
cpu6->cpu6_ITLB WRITE        ACCESS:          0 HIT:          0 MISS:          0 MSHR_MERGE:          0
cpu6->cpu6_ITLB TRANSLATION  ACCESS:          0 HIT:          0 MISS:          0 MSHR_MERGE:          0
cpu6->cpu6_ITLB PREFETCH REQUESTED:          0 ISSUED:          0 USEFUL:          0 USELESS:          0
cpu6->cpu6_ITLB AVERAGE MISS LATENCY: - cycles
cpu6->cpu6_DTLB TOTAL        ACCESS:   11776743 HIT:   11776743 MISS:          0 MSHR_MERGE:          0
cpu6->cpu6_DTLB LOAD         ACCESS:   11776743 HIT:   11776743 MISS:          0 MSHR_MERGE:          0
cpu6->cpu6_DTLB RFO          ACCESS:          0 HIT:          0 MISS:          0 MSHR_MERGE:          0
cpu6->cpu6_DTLB PREFETCH     ACCESS:          0 HIT:          0 MISS:          0 MSHR_MERGE:          0
cpu6->cpu6_DTLB WRITE        ACCESS:          0 HIT:          0 MISS:          0 MSHR_MERGE:          0
cpu6->cpu6_DTLB TRANSLATION  ACCESS:          0 HIT:          0 MISS:          0 MSHR_MERGE:          0
cpu6->cpu6_DTLB PREFETCH REQUESTED:          0 ISSUED:          0 USEFUL:          0 USELESS:          0
cpu6->cpu6_DTLB AVERAGE MISS LATENCY: - cycles
cpu5->cpu5_L2C TOTAL        ACCESS:    2522824 HIT:    2317288 MISS:     205536 MSHR_MERGE:          0
cpu5->cpu5_L2C LOAD         ACCESS:    2209017 HIT:    2117954 MISS:      91063 MSHR_MERGE:          0
cpu5->cpu5_L2C RFO          ACCESS:     134332 HIT:      19859 MISS:     114473 MSHR_MERGE:          0
cpu5->cpu5_L2C PREFETCH     ACCESS:          0 HIT:          0 MISS:          0 MSHR_MERGE:          0
cpu5->cpu5_L2C WRITE        ACCESS:     179475 HIT:     179475 MISS:          0 MSHR_MERGE:          0
cpu5->cpu5_L2C TRANSLATION  ACCESS:          0 HIT:          0 MISS:          0 MSHR_MERGE:          0
cpu5->cpu5_L2C PREFETCH REQUESTED:          0 ISSUED:          0 USEFUL:          0 USELESS:          0
cpu5->cpu5_L2C AVERAGE MISS LATENCY: 207.9 cycles
cpu5->cpu5_L1I TOTAL        ACCESS:   11422005 HIT:   11144335 MISS:     277670 MSHR_MERGE:     100627
cpu5->cpu5_L1I LOAD         ACCESS:   11422005 HIT:   11144335 MISS:     277670 MSHR_MERGE:     100627
cpu5->cpu5_L1I RFO          ACCESS:          0 HIT:          0 MISS:          0 MSHR_MERGE:          0
cpu5->cpu5_L1I PREFETCH     ACCESS:          0 HIT:          0 MISS:          0 MSHR_MERGE:          0
cpu5->cpu5_L1I WRITE        ACCESS:          0 HIT:          0 MISS:          0 MSHR_MERGE:          0
cpu5->cpu5_L1I TRANSLATION  ACCESS:          0 HIT:          0 MISS:          0 MSHR_MERGE:          0
cpu5->cpu5_L1I PREFETCH REQUESTED:          0 ISSUED:          0 USEFUL:          0 USELESS:          0
cpu5->cpu5_L1I AVERAGE MISS LATENCY: 8.086 cycles
cpu5->cpu5_L1D TOTAL        ACCESS:   12695466 HIT:    9375558 MISS:    3319908 MSHR_MERGE:    1153598
cpu5->cpu5_L1D LOAD         ACCESS:    7932263 HIT:    5131460 MISS:    2800803 MSHR_MERGE:     768826
cpu5->cpu5_L1D RFO          ACCESS:          0 HIT:          0 MISS:          0 MSHR_MERGE:          0
cpu5->cpu5_L1D PREFETCH     ACCESS:          0 HIT:          0 MISS:          0 MSHR_MERGE:          0
cpu5->cpu5_L1D WRITE        ACCESS:    4763203 HIT:    4244098 MISS:     519105 MSHR_MERGE:     384772
cpu5->cpu5_L1D TRANSLATION  ACCESS:          0 HIT:          0 MISS:          0 MSHR_MERGE:          0
cpu5->cpu5_L1D PREFETCH REQUESTED:          0 ISSUED:          0 USEFUL:          0 USELESS:          0
cpu5->cpu5_L1D AVERAGE MISS LATENCY: 27.74 cycles
cpu5->cpu5_ITLB TOTAL        ACCESS:   10620940 HIT:   10620940 MISS:          0 MSHR_MERGE:          0
cpu5->cpu5_ITLB LOAD         ACCESS:   10620940 HIT:   10620940 MISS:          0 MSHR_MERGE:          0
cpu5->cpu5_ITLB RFO          ACCESS:          0 HIT:          0 MISS:          0 MSHR_MERGE:          0
cpu5->cpu5_ITLB PREFETCH     ACCESS:          0 HIT:          0 MISS:          0 MSHR_MERGE:          0
cpu5->cpu5_ITLB WRITE        ACCESS:          0 HIT:          0 MISS:          0 MSHR_MERGE:          0
cpu5->cpu5_ITLB TRANSLATION  ACCESS:          0 HIT:          0 MISS:          0 MSHR_MERGE:          0
cpu5->cpu5_ITLB PREFETCH REQUESTED:          0 ISSUED:          0 USEFUL:          0 USELESS:          0
cpu5->cpu5_ITLB AVERAGE MISS LATENCY: - cycles
cpu5->cpu5_DTLB TOTAL        ACCESS:   11775159 HIT:   11775159 MISS:          0 MSHR_MERGE:          0
cpu5->cpu5_DTLB LOAD         ACCESS:   11775159 HIT:   11775159 MISS:          0 MSHR_MERGE:          0
cpu5->cpu5_DTLB RFO          ACCESS:          0 HIT:          0 MISS:          0 MSHR_MERGE:          0
cpu5->cpu5_DTLB PREFETCH     ACCESS:          0 HIT:          0 MISS:          0 MSHR_MERGE:          0
cpu5->cpu5_DTLB WRITE        ACCESS:          0 HIT:          0 MISS:          0 MSHR_MERGE:          0
cpu5->cpu5_DTLB TRANSLATION  ACCESS:          0 HIT:          0 MISS:          0 MSHR_MERGE:          0
cpu5->cpu5_DTLB PREFETCH REQUESTED:          0 ISSUED:          0 USEFUL:          0 USELESS:          0
cpu5->cpu5_DTLB AVERAGE MISS LATENCY: - cycles
cpu4->cpu4_L2C TOTAL        ACCESS:    2522759 HIT:    2317239 MISS:     205520 MSHR_MERGE:          0
cpu4->cpu4_L2C LOAD         ACCESS:    2208950 HIT:    2117898 MISS:      91052 MSHR_MERGE:          0
cpu4->cpu4_L2C RFO          ACCESS:     134328 HIT:      19860 MISS:     114468 MSHR_MERGE:          0
cpu4->cpu4_L2C PREFETCH     ACCESS:          0 HIT:          0 MISS:          0 MSHR_MERGE:          0
cpu4->cpu4_L2C WRITE        ACCESS:     179481 HIT:     179481 MISS:          0 MSHR_MERGE:          0
cpu4->cpu4_L2C TRANSLATION  ACCESS:          0 HIT:          0 MISS:          0 MSHR_MERGE:          0
cpu4->cpu4_L2C PREFETCH REQUESTED:          0 ISSUED:          0 USEFUL:          0 USELESS:          0
cpu4->cpu4_L2C AVERAGE MISS LATENCY: 206.5 cycles
cpu4->cpu4_L1I TOTAL        ACCESS:   11418363 HIT:   11140921 MISS:     277442 MSHR_MERGE:     100446
cpu4->cpu4_L1I LOAD         ACCESS:   11418363 HIT:   11140921 MISS:     277442 MSHR_MERGE:     100446
cpu4->cpu4_L1I RFO          ACCESS:          0 HIT:          0 MISS:          0 MSHR_MERGE:          0
cpu4->cpu4_L1I PREFETCH     ACCESS:          0 HIT:          0 MISS:          0 MSHR_MERGE:          0
cpu4->cpu4_L1I WRITE        ACCESS:          0 HIT:          0 MISS:          0 MSHR_MERGE:          0
cpu4->cpu4_L1I TRANSLATION  ACCESS:          0 HIT:          0 MISS:          0 MSHR_MERGE:          0
cpu4->cpu4_L1I PREFETCH REQUESTED:          0 ISSUED:          0 USEFUL:          0 USELESS:          0
cpu4->cpu4_L1I AVERAGE MISS LATENCY: 8.068 cycles
cpu4->cpu4_L1D TOTAL        ACCESS:   12690372 HIT:    9370408 MISS:    3319964 MSHR_MERGE:    1153676
cpu4->cpu4_L1D LOAD         ACCESS:    7929027 HIT:    5128057 MISS:    2800970 MSHR_MERGE:     769012
cpu4->cpu4_L1D RFO          ACCESS:          0 HIT:          0 MISS:          0 MSHR_MERGE:          0
cpu4->cpu4_L1D PREFETCH     ACCESS:          0 HIT:          0 MISS:          0 MSHR_MERGE:          0
cpu4->cpu4_L1D WRITE        ACCESS:    4761345 HIT:    4242351 MISS:     518994 MSHR_MERGE:     384664
cpu4->cpu4_L1D TRANSLATION  ACCESS:          0 HIT:          0 MISS:          0 MSHR_MERGE:          0
cpu4->cpu4_L1D PREFETCH REQUESTED:          0 ISSUED:          0 USEFUL:          0 USELESS:          0
cpu4->cpu4_L1D AVERAGE MISS LATENCY: 27.61 cycles
cpu4->cpu4_ITLB TOTAL        ACCESS:   10617663 HIT:   10617663 MISS:          0 MSHR_MERGE:          0
cpu4->cpu4_ITLB LOAD         ACCESS:   10617663 HIT:   10617663 MISS:          0 MSHR_MERGE:          0
cpu4->cpu4_ITLB RFO          ACCESS:          0 HIT:          0 MISS:          0 MSHR_MERGE:          0
cpu4->cpu4_ITLB PREFETCH     ACCESS:          0 HIT:          0 MISS:          0 MSHR_MERGE:          0
cpu4->cpu4_ITLB WRITE        ACCESS:          0 HIT:          0 MISS:          0 MSHR_MERGE:          0
cpu4->cpu4_ITLB TRANSLATION  ACCESS:          0 HIT:          0 MISS:          0 MSHR_MERGE:          0
cpu4->cpu4_ITLB PREFETCH REQUESTED:          0 ISSUED:          0 USEFUL:          0 USELESS:          0
cpu4->cpu4_ITLB AVERAGE MISS LATENCY: - cycles
cpu4->cpu4_DTLB TOTAL        ACCESS:   11768598 HIT:   11768598 MISS:          0 MSHR_MERGE:          0
cpu4->cpu4_DTLB LOAD         ACCESS:   11768598 HIT:   11768598 MISS:          0 MSHR_MERGE:          0
cpu4->cpu4_DTLB RFO          ACCESS:          0 HIT:          0 MISS:          0 MSHR_MERGE:          0
cpu4->cpu4_DTLB PREFETCH     ACCESS:          0 HIT:          0 MISS:          0 MSHR_MERGE:          0
cpu4->cpu4_DTLB WRITE        ACCESS:          0 HIT:          0 MISS:          0 MSHR_MERGE:          0
cpu4->cpu4_DTLB TRANSLATION  ACCESS:          0 HIT:          0 MISS:          0 MSHR_MERGE:          0
cpu4->cpu4_DTLB PREFETCH REQUESTED:          0 ISSUED:          0 USEFUL:          0 USELESS:          0
cpu4->cpu4_DTLB AVERAGE MISS LATENCY: - cycles
cpu3->cpu3_L2C TOTAL        ACCESS:    2522684 HIT:    2317188 MISS:     205496 MSHR_MERGE:          0
cpu3->cpu3_L2C LOAD         ACCESS:    2208866 HIT:    2117835 MISS:      91031 MSHR_MERGE:          0
cpu3->cpu3_L2C RFO          ACCESS:     134316 HIT:      19851 MISS:     114465 MSHR_MERGE:          0
cpu3->cpu3_L2C PREFETCH     ACCESS:          0 HIT:          0 MISS:          0 MSHR_MERGE:          0
cpu3->cpu3_L2C WRITE        ACCESS:     179502 HIT:     179502 MISS:          0 MSHR_MERGE:          0
cpu3->cpu3_L2C TRANSLATION  ACCESS:          0 HIT:          0 MISS:          0 MSHR_MERGE:          0
cpu3->cpu3_L2C PREFETCH REQUESTED:          0 ISSUED:          0 USEFUL:          0 USELESS:          0
cpu3->cpu3_L2C AVERAGE MISS LATENCY: 210.7 cycles
cpu3->cpu3_L1I TOTAL        ACCESS:   11399888 HIT:   11122634 MISS:     277254 MSHR_MERGE:     100262
cpu3->cpu3_L1I LOAD         ACCESS:   11399888 HIT:   11122634 MISS:     277254 MSHR_MERGE:     100262
cpu3->cpu3_L1I RFO          ACCESS:          0 HIT:          0 MISS:          0 MSHR_MERGE:          0
cpu3->cpu3_L1I PREFETCH     ACCESS:          0 HIT:          0 MISS:          0 MSHR_MERGE:          0
cpu3->cpu3_L1I WRITE        ACCESS:          0 HIT:          0 MISS:          0 MSHR_MERGE:          0
cpu3->cpu3_L1I TRANSLATION  ACCESS:          0 HIT:          0 MISS:          0 MSHR_MERGE:          0
cpu3->cpu3_L1I PREFETCH REQUESTED:          0 ISSUED:          0 USEFUL:          0 USELESS:          0
cpu3->cpu3_L1I AVERAGE MISS LATENCY: 8.039 cycles
cpu3->cpu3_L1D TOTAL        ACCESS:   12682405 HIT:    9361231 MISS:    3321174 MSHR_MERGE:    1154980
cpu3->cpu3_L1D LOAD         ACCESS:    7920181 HIT:    5118307 MISS:    2801874 MSHR_MERGE:     769997
cpu3->cpu3_L1D RFO          ACCESS:          0 HIT:          0 MISS:          0 MSHR_MERGE:          0
cpu3->cpu3_L1D PREFETCH     ACCESS:          0 HIT:          0 MISS:          0 MSHR_MERGE:          0
cpu3->cpu3_L1D WRITE        ACCESS:    4762224 HIT:    4242924 MISS:     519300 MSHR_MERGE:     384983
cpu3->cpu3_L1D TRANSLATION  ACCESS:          0 HIT:          0 MISS:          0 MSHR_MERGE:          0
cpu3->cpu3_L1D PREFETCH REQUESTED:          0 ISSUED:          0 USEFUL:          0 USELESS:          0
cpu3->cpu3_L1D AVERAGE MISS LATENCY: 28.01 cycles
cpu3->cpu3_ITLB TOTAL        ACCESS:   10612587 HIT:   10612587 MISS:          0 MSHR_MERGE:          0
cpu3->cpu3_ITLB LOAD         ACCESS:   10612587 HIT:   10612587 MISS:          0 MSHR_MERGE:          0
cpu3->cpu3_ITLB RFO          ACCESS:          0 HIT:          0 MISS:          0 MSHR_MERGE:          0
cpu3->cpu3_ITLB PREFETCH     ACCESS:          0 HIT:          0 MISS:          0 MSHR_MERGE:          0
cpu3->cpu3_ITLB WRITE        ACCESS:          0 HIT:          0 MISS:          0 MSHR_MERGE:          0
cpu3->cpu3_ITLB TRANSLATION  ACCESS:          0 HIT:          0 MISS:          0 MSHR_MERGE:          0
cpu3->cpu3_ITLB PREFETCH REQUESTED:          0 ISSUED:          0 USEFUL:          0 USELESS:          0
cpu3->cpu3_ITLB AVERAGE MISS LATENCY: - cycles
cpu3->cpu3_DTLB TOTAL        ACCESS:   11782863 HIT:   11782863 MISS:          0 MSHR_MERGE:          0
cpu3->cpu3_DTLB LOAD         ACCESS:   11782863 HIT:   11782863 MISS:          0 MSHR_MERGE:          0
cpu3->cpu3_DTLB RFO          ACCESS:          0 HIT:          0 MISS:          0 MSHR_MERGE:          0
cpu3->cpu3_DTLB PREFETCH     ACCESS:          0 HIT:          0 MISS:          0 MSHR_MERGE:          0
cpu3->cpu3_DTLB WRITE        ACCESS:          0 HIT:          0 MISS:          0 MSHR_MERGE:          0
cpu3->cpu3_DTLB TRANSLATION  ACCESS:          0 HIT:          0 MISS:          0 MSHR_MERGE:          0
cpu3->cpu3_DTLB PREFETCH REQUESTED:          0 ISSUED:          0 USEFUL:          0 USELESS:          0
cpu3->cpu3_DTLB AVERAGE MISS LATENCY: - cycles
cpu2->cpu2_L2C TOTAL        ACCESS:    2522531 HIT:    2317043 MISS:     205488 MSHR_MERGE:          0
cpu2->cpu2_L2C LOAD         ACCESS:    2208757 HIT:    2117726 MISS:      91031 MSHR_MERGE:          0
cpu2->cpu2_L2C RFO          ACCESS:     134294 HIT:      19837 MISS:     114457 MSHR_MERGE:          0
cpu2->cpu2_L2C PREFETCH     ACCESS:          0 HIT:          0 MISS:          0 MSHR_MERGE:          0
cpu2->cpu2_L2C WRITE        ACCESS:     179480 HIT:     179480 MISS:          0 MSHR_MERGE:          0
cpu2->cpu2_L2C TRANSLATION  ACCESS:          0 HIT:          0 MISS:          0 MSHR_MERGE:          0
cpu2->cpu2_L2C PREFETCH REQUESTED:          0 ISSUED:          0 USEFUL:          0 USELESS:          0
cpu2->cpu2_L2C AVERAGE MISS LATENCY: 215.4 cycles
cpu2->cpu2_L1I TOTAL        ACCESS:   11403233 HIT:   11125937 MISS:     277296 MSHR_MERGE:     100369
cpu2->cpu2_L1I LOAD         ACCESS:   11403233 HIT:   11125937 MISS:     277296 MSHR_MERGE:     100369
cpu2->cpu2_L1I RFO          ACCESS:          0 HIT:          0 MISS:          0 MSHR_MERGE:          0
cpu2->cpu2_L1I PREFETCH     ACCESS:          0 HIT:          0 MISS:          0 MSHR_MERGE:          0
cpu2->cpu2_L1I WRITE        ACCESS:          0 HIT:          0 MISS:          0 MSHR_MERGE:          0
cpu2->cpu2_L1I TRANSLATION  ACCESS:          0 HIT:          0 MISS:          0 MSHR_MERGE:          0
cpu2->cpu2_L1I PREFETCH REQUESTED:          0 ISSUED:          0 USEFUL:          0 USELESS:          0
cpu2->cpu2_L1I AVERAGE MISS LATENCY: 8.093 cycles
cpu2->cpu2_L1D TOTAL        ACCESS:   12676239 HIT:    9355922 MISS:    3320317 MSHR_MERGE:    1154191
cpu2->cpu2_L1D LOAD         ACCESS:    7918010 HIT:    5116908 MISS:    2801102 MSHR_MERGE:     769270
cpu2->cpu2_L1D RFO          ACCESS:          0 HIT:          0 MISS:          0 MSHR_MERGE:          0
cpu2->cpu2_L1D PREFETCH     ACCESS:          0 HIT:          0 MISS:          0 MSHR_MERGE:          0
cpu2->cpu2_L1D WRITE        ACCESS:    4758229 HIT:    4239014 MISS:     519215 MSHR_MERGE:     384921
cpu2->cpu2_L1D TRANSLATION  ACCESS:          0 HIT:          0 MISS:          0 MSHR_MERGE:          0
cpu2->cpu2_L1D PREFETCH REQUESTED:          0 ISSUED:          0 USEFUL:          0 USELESS:          0
cpu2->cpu2_L1D AVERAGE MISS LATENCY: 28.45 cycles
cpu2->cpu2_ITLB TOTAL        ACCESS:   10602955 HIT:   10602955 MISS:          0 MSHR_MERGE:          0
cpu2->cpu2_ITLB LOAD         ACCESS:   10602955 HIT:   10602955 MISS:          0 MSHR_MERGE:          0
cpu2->cpu2_ITLB RFO          ACCESS:          0 HIT:          0 MISS:          0 MSHR_MERGE:          0
cpu2->cpu2_ITLB PREFETCH     ACCESS:          0 HIT:          0 MISS:          0 MSHR_MERGE:          0
cpu2->cpu2_ITLB WRITE        ACCESS:          0 HIT:          0 MISS:          0 MSHR_MERGE:          0
cpu2->cpu2_ITLB TRANSLATION  ACCESS:          0 HIT:          0 MISS:          0 MSHR_MERGE:          0
cpu2->cpu2_ITLB PREFETCH REQUESTED:          0 ISSUED:          0 USEFUL:          0 USELESS:          0
cpu2->cpu2_ITLB AVERAGE MISS LATENCY: - cycles
cpu2->cpu2_DTLB TOTAL        ACCESS:   11754787 HIT:   11754787 MISS:          0 MSHR_MERGE:          0
cpu2->cpu2_DTLB LOAD         ACCESS:   11754787 HIT:   11754787 MISS:          0 MSHR_MERGE:          0
cpu2->cpu2_DTLB RFO          ACCESS:          0 HIT:          0 MISS:          0 MSHR_MERGE:          0
cpu2->cpu2_DTLB PREFETCH     ACCESS:          0 HIT:          0 MISS:          0 MSHR_MERGE:          0
cpu2->cpu2_DTLB WRITE        ACCESS:          0 HIT:          0 MISS:          0 MSHR_MERGE:          0
cpu2->cpu2_DTLB TRANSLATION  ACCESS:          0 HIT:          0 MISS:          0 MSHR_MERGE:          0
cpu2->cpu2_DTLB PREFETCH REQUESTED:          0 ISSUED:          0 USEFUL:          0 USELESS:          0
cpu2->cpu2_DTLB AVERAGE MISS LATENCY: - cycles
cpu1->cpu1_L2C TOTAL        ACCESS:    2522692 HIT:    2317185 MISS:     205507 MSHR_MERGE:          0
cpu1->cpu1_L2C LOAD         ACCESS:    2208884 HIT:    2117821 MISS:      91063 MSHR_MERGE:          0
cpu1->cpu1_L2C RFO          ACCESS:     134312 HIT:      19868 MISS:     114444 MSHR_MERGE:          0
cpu1->cpu1_L2C PREFETCH     ACCESS:          0 HIT:          0 MISS:          0 MSHR_MERGE:          0
cpu1->cpu1_L2C WRITE        ACCESS:     179496 HIT:     179496 MISS:          0 MSHR_MERGE:          0
cpu1->cpu1_L2C TRANSLATION  ACCESS:          0 HIT:          0 MISS:          0 MSHR_MERGE:          0
cpu1->cpu1_L2C PREFETCH REQUESTED:          0 ISSUED:          0 USEFUL:          0 USELESS:          0
cpu1->cpu1_L2C AVERAGE MISS LATENCY: 205.5 cycles
cpu1->cpu1_L1I TOTAL        ACCESS:   11417668 HIT:   11140352 MISS:     277316 MSHR_MERGE:     100427
cpu1->cpu1_L1I LOAD         ACCESS:   11417668 HIT:   11140352 MISS:     277316 MSHR_MERGE:     100427
cpu1->cpu1_L1I RFO          ACCESS:          0 HIT:          0 MISS:          0 MSHR_MERGE:          0
cpu1->cpu1_L1I PREFETCH     ACCESS:          0 HIT:          0 MISS:          0 MSHR_MERGE:          0
cpu1->cpu1_L1I WRITE        ACCESS:          0 HIT:          0 MISS:          0 MSHR_MERGE:          0
cpu1->cpu1_L1I TRANSLATION  ACCESS:          0 HIT:          0 MISS:          0 MSHR_MERGE:          0
cpu1->cpu1_L1I PREFETCH REQUESTED:          0 ISSUED:          0 USEFUL:          0 USELESS:          0
cpu1->cpu1_L1I AVERAGE MISS LATENCY: 8.123 cycles
cpu1->cpu1_L1D TOTAL        ACCESS:   12686699 HIT:    9365578 MISS:    3321121 MSHR_MERGE:    1154813
cpu1->cpu1_L1D LOAD         ACCESS:    7928709 HIT:    5127005 MISS:    2801704 MSHR_MERGE:     769708
cpu1->cpu1_L1D RFO          ACCESS:          0 HIT:          0 MISS:          0 MSHR_MERGE:          0
cpu1->cpu1_L1D PREFETCH     ACCESS:          0 HIT:          0 MISS:          0 MSHR_MERGE:          0
cpu1->cpu1_L1D WRITE        ACCESS:    4757990 HIT:    4238573 MISS:     519417 MSHR_MERGE:     385105
cpu1->cpu1_L1D TRANSLATION  ACCESS:          0 HIT:          0 MISS:          0 MSHR_MERGE:          0
cpu1->cpu1_L1D PREFETCH REQUESTED:          0 ISSUED:          0 USEFUL:          0 USELESS:          0
cpu1->cpu1_L1D AVERAGE MISS LATENCY: 27.51 cycles
cpu1->cpu1_ITLB TOTAL        ACCESS:   10630100 HIT:   10630100 MISS:          0 MSHR_MERGE:          0
cpu1->cpu1_ITLB LOAD         ACCESS:   10630100 HIT:   10630100 MISS:          0 MSHR_MERGE:          0
cpu1->cpu1_ITLB RFO          ACCESS:          0 HIT:          0 MISS:          0 MSHR_MERGE:          0
cpu1->cpu1_ITLB PREFETCH     ACCESS:          0 HIT:          0 MISS:          0 MSHR_MERGE:          0
cpu1->cpu1_ITLB WRITE        ACCESS:          0 HIT:          0 MISS:          0 MSHR_MERGE:          0
cpu1->cpu1_ITLB TRANSLATION  ACCESS:          0 HIT:          0 MISS:          0 MSHR_MERGE:          0
cpu1->cpu1_ITLB PREFETCH REQUESTED:          0 ISSUED:          0 USEFUL:          0 USELESS:          0
cpu1->cpu1_ITLB AVERAGE MISS LATENCY: - cycles
cpu1->cpu1_DTLB TOTAL        ACCESS:   11771829 HIT:   11771829 MISS:          0 MSHR_MERGE:          0
cpu1->cpu1_DTLB LOAD         ACCESS:   11771829 HIT:   11771829 MISS:          0 MSHR_MERGE:          0
cpu1->cpu1_DTLB RFO          ACCESS:          0 HIT:          0 MISS:          0 MSHR_MERGE:          0
cpu1->cpu1_DTLB PREFETCH     ACCESS:          0 HIT:          0 MISS:          0 MSHR_MERGE:          0
cpu1->cpu1_DTLB WRITE        ACCESS:          0 HIT:          0 MISS:          0 MSHR_MERGE:          0
cpu1->cpu1_DTLB TRANSLATION  ACCESS:          0 HIT:          0 MISS:          0 MSHR_MERGE:          0
cpu1->cpu1_DTLB PREFETCH REQUESTED:          0 ISSUED:          0 USEFUL:          0 USELESS:          0
cpu1->cpu1_DTLB AVERAGE MISS LATENCY: - cycles
cpu0->cpu0_L2C TOTAL        ACCESS:    2520350 HIT:    2314933 MISS:     205417 MSHR_MERGE:          0
cpu0->cpu0_L2C LOAD         ACCESS:    2206696 HIT:    2115713 MISS:      90983 MSHR_MERGE:          0
cpu0->cpu0_L2C RFO          ACCESS:     134296 HIT:      19862 MISS:     114434 MSHR_MERGE:          0
cpu0->cpu0_L2C PREFETCH     ACCESS:          0 HIT:          0 MISS:          0 MSHR_MERGE:          0
cpu0->cpu0_L2C WRITE        ACCESS:     179358 HIT:     179358 MISS:          0 MSHR_MERGE:          0
cpu0->cpu0_L2C TRANSLATION  ACCESS:          0 HIT:          0 MISS:          0 MSHR_MERGE:          0
cpu0->cpu0_L2C PREFETCH REQUESTED:          0 ISSUED:          0 USEFUL:          0 USELESS:          0
cpu0->cpu0_L2C AVERAGE MISS LATENCY: 211 cycles
cpu0->cpu0_L1I TOTAL        ACCESS:   11411826 HIT:   11134761 MISS:     277065 MSHR_MERGE:     100237
cpu0->cpu0_L1I LOAD         ACCESS:   11411826 HIT:   11134761 MISS:     277065 MSHR_MERGE:     100237
cpu0->cpu0_L1I RFO          ACCESS:          0 HIT:          0 MISS:          0 MSHR_MERGE:          0
cpu0->cpu0_L1I PREFETCH     ACCESS:          0 HIT:          0 MISS:          0 MSHR_MERGE:          0
cpu0->cpu0_L1I WRITE        ACCESS:          0 HIT:          0 MISS:          0 MSHR_MERGE:          0
cpu0->cpu0_L1I TRANSLATION  ACCESS:          0 HIT:          0 MISS:          0 MSHR_MERGE:          0
cpu0->cpu0_L1I PREFETCH REQUESTED:          0 ISSUED:          0 USEFUL:          0 USELESS:          0
cpu0->cpu0_L1I AVERAGE MISS LATENCY: 8.106 cycles
cpu0->cpu0_L1D TOTAL        ACCESS:   12685131 HIT:    9366302 MISS:    3318829 MSHR_MERGE:    1154663
cpu0->cpu0_L1D LOAD         ACCESS:    7926990 HIT:    5127345 MISS:    2799645 MSHR_MERGE:     769775
cpu0->cpu0_L1D RFO          ACCESS:          0 HIT:          0 MISS:          0 MSHR_MERGE:          0
cpu0->cpu0_L1D PREFETCH     ACCESS:          0 HIT:          0 MISS:          0 MSHR_MERGE:          0
cpu0->cpu0_L1D WRITE        ACCESS:    4758141 HIT:    4238957 MISS:     519184 MSHR_MERGE:     384888
cpu0->cpu0_L1D TRANSLATION  ACCESS:          0 HIT:          0 MISS:          0 MSHR_MERGE:          0
cpu0->cpu0_L1D PREFETCH REQUESTED:          0 ISSUED:          0 USEFUL:          0 USELESS:          0
cpu0->cpu0_L1D AVERAGE MISS LATENCY: 28.05 cycles
cpu0->cpu0_ITLB TOTAL        ACCESS:   10624707 HIT:   10624707 MISS:          0 MSHR_MERGE:          0
cpu0->cpu0_ITLB LOAD         ACCESS:   10624707 HIT:   10624707 MISS:          0 MSHR_MERGE:          0
cpu0->cpu0_ITLB RFO          ACCESS:          0 HIT:          0 MISS:          0 MSHR_MERGE:          0
cpu0->cpu0_ITLB PREFETCH     ACCESS:          0 HIT:          0 MISS:          0 MSHR_MERGE:          0
cpu0->cpu0_ITLB WRITE        ACCESS:          0 HIT:          0 MISS:          0 MSHR_MERGE:          0
cpu0->cpu0_ITLB TRANSLATION  ACCESS:          0 HIT:          0 MISS:          0 MSHR_MERGE:          0
cpu0->cpu0_ITLB PREFETCH REQUESTED:          0 ISSUED:          0 USEFUL:          0 USELESS:          0
cpu0->cpu0_ITLB AVERAGE MISS LATENCY: - cycles
cpu0->cpu0_DTLB TOTAL        ACCESS:   11786114 HIT:   11786114 MISS:          0 MSHR_MERGE:          0
cpu0->cpu0_DTLB LOAD         ACCESS:   11786114 HIT:   11786114 MISS:          0 MSHR_MERGE:          0
cpu0->cpu0_DTLB RFO          ACCESS:          0 HIT:          0 MISS:          0 MSHR_MERGE:          0
cpu0->cpu0_DTLB PREFETCH     ACCESS:          0 HIT:          0 MISS:          0 MSHR_MERGE:          0
cpu0->cpu0_DTLB WRITE        ACCESS:          0 HIT:          0 MISS:          0 MSHR_MERGE:          0
cpu0->cpu0_DTLB TRANSLATION  ACCESS:          0 HIT:          0 MISS:          0 MSHR_MERGE:          0
cpu0->cpu0_DTLB PREFETCH REQUESTED:          0 ISSUED:          0 USEFUL:          0 USELESS:          0
cpu0->cpu0_DTLB AVERAGE MISS LATENCY: - cycles
cpu0->LLC TOTAL        ACCESS:     327403 HIT:     196231 MISS:     131172 MSHR_MERGE:          0
cpu0->LLC LOAD         ACCESS:      90983 HIT:      80431 MISS:      10552 MSHR_MERGE:          0
cpu0->LLC RFO          ACCESS:     114434 HIT:       4788 MISS:     109646 MSHR_MERGE:          0
cpu0->LLC PREFETCH     ACCESS:          0 HIT:          0 MISS:          0 MSHR_MERGE:          0
cpu0->LLC WRITE        ACCESS:     121986 HIT:     111012 MISS:      10974 MSHR_MERGE:          0
cpu0->LLC TRANSLATION  ACCESS:          0 HIT:          0 MISS:          0 MSHR_MERGE:          0
cpu0->LLC PREFETCH REQUESTED:          0 ISSUED:          0 USEFUL:          0 USELESS:          0
cpu0->LLC AVERAGE MISS LATENCY: 2444 cycles
cpu1->LLC TOTAL        ACCESS:     327500 HIT:     196227 MISS:     131273 MSHR_MERGE:          0
cpu1->LLC LOAD         ACCESS:      91063 HIT:      80463 MISS:      10600 MSHR_MERGE:          0
cpu1->LLC RFO          ACCESS:     114444 HIT:       4777 MISS:     109667 MSHR_MERGE:          0
cpu1->LLC PREFETCH     ACCESS:          0 HIT:          0 MISS:          0 MSHR_MERGE:          0
cpu1->LLC WRITE        ACCESS:     121993 HIT:     110987 MISS:      11006 MSHR_MERGE:          0
cpu1->LLC TRANSLATION  ACCESS:          0 HIT:          0 MISS:          0 MSHR_MERGE:          0
cpu1->LLC PREFETCH REQUESTED:          0 ISSUED:          0 USEFUL:          0 USELESS:          0
cpu1->LLC AVERAGE MISS LATENCY: 2442 cycles
cpu2->LLC TOTAL        ACCESS:     327453 HIT:     196446 MISS:     131007 MSHR_MERGE:          0
cpu2->LLC LOAD         ACCESS:      91031 HIT:      80626 MISS:      10405 MSHR_MERGE:          0
cpu2->LLC RFO          ACCESS:     114457 HIT:       4774 MISS:     109683 MSHR_MERGE:          0
cpu2->LLC PREFETCH     ACCESS:          0 HIT:          0 MISS:          0 MSHR_MERGE:          0
cpu2->LLC WRITE        ACCESS:     121965 HIT:     111046 MISS:      10919 MSHR_MERGE:          0
cpu2->LLC TRANSLATION  ACCESS:          0 HIT:          0 MISS:          0 MSHR_MERGE:          0
cpu2->LLC PREFETCH REQUESTED:          0 ISSUED:          0 USEFUL:          0 USELESS:          0
cpu2->LLC AVERAGE MISS LATENCY: 2447 cycles
cpu3->LLC TOTAL        ACCESS:     327467 HIT:     196257 MISS:     131210 MSHR_MERGE:          0
cpu3->LLC LOAD         ACCESS:      91031 HIT:      80506 MISS:      10525 MSHR_MERGE:          0
cpu3->LLC RFO          ACCESS:     114465 HIT:       4792 MISS:     109673 MSHR_MERGE:          0
cpu3->LLC PREFETCH     ACCESS:          0 HIT:          0 MISS:          0 MSHR_MERGE:          0
cpu3->LLC WRITE        ACCESS:     121971 HIT:     110959 MISS:      11012 MSHR_MERGE:          0
cpu3->LLC TRANSLATION  ACCESS:          0 HIT:          0 MISS:          0 MSHR_MERGE:          0
cpu3->LLC PREFETCH REQUESTED:          0 ISSUED:          0 USEFUL:          0 USELESS:          0
cpu3->LLC AVERAGE MISS LATENCY: 2443 cycles
cpu4->LLC TOTAL        ACCESS:     327506 HIT:     196286 MISS:     131220 MSHR_MERGE:          0
cpu4->LLC LOAD         ACCESS:      91052 HIT:      80516 MISS:      10536 MSHR_MERGE:          0
cpu4->LLC RFO          ACCESS:     114468 HIT:       4800 MISS:     109668 MSHR_MERGE:          0
cpu4->LLC PREFETCH     ACCESS:          0 HIT:          0 MISS:          0 MSHR_MERGE:          0
cpu4->LLC WRITE        ACCESS:     121986 HIT:     110970 MISS:      11016 MSHR_MERGE:          0
cpu4->LLC TRANSLATION  ACCESS:          0 HIT:          0 MISS:          0 MSHR_MERGE:          0
cpu4->LLC PREFETCH REQUESTED:          0 ISSUED:          0 USEFUL:          0 USELESS:          0
cpu4->LLC AVERAGE MISS LATENCY: 2443 cycles
cpu5->LLC TOTAL        ACCESS:     327534 HIT:     196324 MISS:     131210 MSHR_MERGE:          0
cpu5->LLC LOAD         ACCESS:      91063 HIT:      80518 MISS:      10545 MSHR_MERGE:          0
cpu5->LLC RFO          ACCESS:     114473 HIT:       4801 MISS:     109672 MSHR_MERGE:          0
cpu5->LLC PREFETCH     ACCESS:          0 HIT:          0 MISS:          0 MSHR_MERGE:          0
cpu5->LLC WRITE        ACCESS:     121998 HIT:     111005 MISS:      10993 MSHR_MERGE:          0
cpu5->LLC TRANSLATION  ACCESS:          0 HIT:          0 MISS:          0 MSHR_MERGE:          0
cpu5->LLC PREFETCH REQUESTED:          0 ISSUED:          0 USEFUL:          0 USELESS:          0
cpu5->LLC AVERAGE MISS LATENCY: 2443 cycles
cpu6->LLC TOTAL        ACCESS:     327483 HIT:     196542 MISS:     130941 MSHR_MERGE:          0
cpu6->LLC LOAD         ACCESS:      91017 HIT:      80612 MISS:      10405 MSHR_MERGE:          0
cpu6->LLC RFO          ACCESS:     114485 HIT:       4795 MISS:     109690 MSHR_MERGE:          0
cpu6->LLC PREFETCH     ACCESS:          0 HIT:          0 MISS:          0 MSHR_MERGE:          0
cpu6->LLC WRITE        ACCESS:     121981 HIT:     111135 MISS:      10846 MSHR_MERGE:          0
cpu6->LLC TRANSLATION  ACCESS:          0 HIT:          0 MISS:          0 MSHR_MERGE:          0
cpu6->LLC PREFETCH REQUESTED:          0 ISSUED:          0 USEFUL:          0 USELESS:          0
cpu6->LLC AVERAGE MISS LATENCY: 2448 cycles
cpu7->LLC TOTAL        ACCESS:     327508 HIT:     196471 MISS:     131037 MSHR_MERGE:          0
cpu7->LLC LOAD         ACCESS:      91037 HIT:      80582 MISS:      10455 MSHR_MERGE:          0
cpu7->LLC RFO          ACCESS:     114480 HIT:       4792 MISS:     109688 MSHR_MERGE:          0
cpu7->LLC PREFETCH     ACCESS:          0 HIT:          0 MISS:          0 MSHR_MERGE:          0
cpu7->LLC WRITE        ACCESS:     121991 HIT:     111097 MISS:      10894 MSHR_MERGE:          0
cpu7->LLC TRANSLATION  ACCESS:          0 HIT:          0 MISS:          0 MSHR_MERGE:          0
cpu7->LLC PREFETCH REQUESTED:          0 ISSUED:          0 USEFUL:          0 USELESS:          0
cpu7->LLC AVERAGE MISS LATENCY: 2446 cycles

DRAM Statistics

Channel 0 READ REQS:     484452	WRITE REQS:     379926
  READS:     484429	READ_HITS:     186552
  WRITES:     379926	WRITE HITS:     108187
  ACTIVATES:     569616	PRECHARGES:     569584
  RQ FULL:          0	WQ FULL:       3302
  WRITE DRAINS:      21708	FORCED:       3963
  MEAN WRITE IMBALANCE: 1.9969135802469136
  READ OCCU PRE DRAIN: 1.6233646581905288	POST DRAIN: 4.577667219458264
  MEAN WLP: 10.751520176893312
  READ LATENCY: 80.17383558787769

Channel 1 READ REQS:     476958	WRITE REQS:     380393
  READS:     476932	READ_HITS:     186293
  WRITES:     380393	WRITE HITS:     108234
  ACTIVATES:     562798	PRECHARGES:     562766
  RQ FULL:          0	WQ FULL:       4046
  WRITE DRAINS:      21788	FORCED:       3909
  MEAN WRITE IMBALANCE: 2.0089498806682577
  READ OCCU PRE DRAIN: 1.6044152744630071	POST DRAIN: 4.428859922893336
  MEAN WLP: 10.709105929869652
  READ LATENCY: 79.92329933827044
