---------------------------------------
Begin Slurm Prolog: Apr-07-2025 19:26:26
Job ID:    3599778
User ID:   svittal8
Account:   gts-mqureshi4-rg
Job name:  wrap
Partition: cpu-small
QOS:       inferno
---------------------------------------
/var/lib/slurm/slurmd/job3599778/slurm_script: line 4: 2519391 Floating point exception./bin/bard_close TRACES/ctf/stream/copy.champsimtrace.xz TRACES/ctf/stream/copy.champsimtrace.xz TRACES/ctf/stream/copy.champsimtrace.xz TRACES/ctf/stream/copy.champsimtrace.xz TRACES/ctf/stream/copy.champsimtrace.xz TRACES/ctf/stream/copy.champsimtrace.xz TRACES/ctf/stream/copy.champsimtrace.xz TRACES/ctf/stream/copy.champsimtrace.xz --warmup-instructions 25000000 --simulation-instructions 100000000 --dram-page-policy 1
---------------------------------------
Begin Slurm Epilog: Apr-07-2025 19:26:26
Job ID:        3599778
User ID:       svittal8
Account:       gts-mqureshi4-rg
Job name:      wrap
Resources:     cpu=1,mem=4G,node=1
Rsrc Used:     cput=00:00:01,vmem=0,walltime=00:00:01,mem=22916K,energy_used=0
Partition:     cpu-small
QOS:           inferno
Nodes:         atl1-1-02-019-21-1
---------------------------------------
