[VMEM] WARNING: physical memory size is smaller than virtual memory size.

*** ChampSim Multicore Out-of-Order Simulator ***
Warmup Instructions: 25000000
Simulation Instructions: 25000000
Number of CPUs: 8
Page size: 2097152

initializing BARD -- num sampled sets: 64, modulus = 256
CL :	 16.64 ns
CWL :	 15.808 ns
tRP :	 16.224 ns
tRCD :	 16.224 ns
tRAS :	 32.032000000000004 ns
tRTP :	 7.904 ns
tWR :	 30.368000000000002 ns

tCCD_S :	 3.3280000000000003 ns
tCCD_S_WR :	 3.3280000000000003 ns
tCCD_S_WTR :	 22.048000000000002 ns
tCCD_L :	 5.408 ns
tCCD_L_WR :	 20.384 ns
tCCD_L_WTR :	 29.536 ns
tRRD_S :	 3.3280000000000003 ns
tRRD_L :	 5.408 ns
tFAW :	 13.728 ns
Address mapping (perm = 1) 	ch co bg bg bg ba ba co co co co co co ro ro ro ro ro ro ro ro ro ro ro ro ro ro ro 
dram queue size: R = 64 W = 48 (low:high is 9:39)
num evicts: 0, p: 0, s: 0 	 max proactive lookup: 16, max shadow lookup: 16
	evict counters: 128 128 128 128 128 128 128 128 128 128 128 128 128 128 128 128
	eager counters: 128 128 128 128 128 128 128 128 128 128 128 128 128 128 128 128
num evicts: 100000, p: 2615, s: 5396 	 max proactive lookup: 10, max shadow lookup: 16
	evict counters: 147 151 146 137 138 134 132 129 128 128 127 125 124 117 119 119
	eager counters: 131 133 129 129 129 128 128 128 128 128 128 128 128 128 128 128
num evicts: 200000, p: 5467, s: 25444 	 max proactive lookup: 12, max shadow lookup: 16
	evict counters: 175 182 171 158 157 148 146 144 137 132 133 132 126 110 113 113
	eager counters: 141 145 139 135 133 135 132 133 129 131 129 133 128 128 128 128
num evicts: 300000, p: 6367, s: 48916 	 max proactive lookup: 13, max shadow lookup: 16
	evict counters: 201 204 193 178 179 166 170 155 151 146 139 139 128 107 121 115
	eager counters: 145 155 149 140 138 139 141 136 137 137 131 134 129 128 130 131
num evicts: 400000, p: 7440, s: 71538 	 max proactive lookup: 13, max shadow lookup: 16
	evict counters: 241 228 217 198 199 176 187 175 164 160 145 144 136 114 123 117
	eager counters: 157 160 154 150 145 141 146 143 143 139 135 137 130 131 131 131
num evicts: 500000, p: 8443, s: 99856 	 max proactive lookup: 13, max shadow lookup: 16
	evict counters: 255 255 238 218 220 197 208 193 177 171 163 151 144 125 119 121
	eager counters: 163 170 163 160 152 147 153 147 147 143 141 138 131 132 131 132
num evicts: 600000, p: 8781, s: 129653 	 max proactive lookup: 14, max shadow lookup: 16
	evict counters: 255 255 255 239 242 217 226 207 183 180 183 153 154 128 122 123
	eager counters: 173 174 169 168 159 155 161 152 150 144 147 138 131 132 131 132
num evicts: 700000, p: 9117, s: 159493 	 max proactive lookup: 15, max shadow lookup: 16
	evict counters: 255 255 255 255 255 235 234 223 202 194 190 169 159 131 129 121
	eager counters: 178 179 176 173 170 160 163 156 157 148 150 140 131 133 131 132
num evicts: 800000, p: 9486, s: 189125 	 max proactive lookup: 16, max shadow lookup: 16
	evict counters: 255 255 255 255 255 255 246 235 220 201 202 179 164 129 131 133
	eager counters: 183 186 185 179 174 167 167 162 165 152 151 142 134 133 132 132
num evicts: 900000, p: 9804, s: 220894 	 max proactive lookup: 16, max shadow lookup: 16
	evict counters: 255 255 255 255 255 255 255 253 232 218 212 189 173 134 133 138
	eager counters: 191 197 193 183 181 175 170 167 171 157 154 148 137 133 132 133
num evicts: 1000000, p: 10019, s: 251356 	 max proactive lookup: 16, max shadow lookup: 16
	evict counters: 255 255 255 255 255 255 255 255 248 232 222 196 187 146 135 133
	eager counters: 200 208 200 192 185 181 176 171 173 159 161 149 142 134 134 133
num evicts: 1100000, p: 10208, s: 282313 	 max proactive lookup: 16, max shadow lookup: 16
	evict counters: 255 255 255 255 255 255 255 255 255 240 229 204 196 160 138 132
	eager counters: 207 215 212 196 191 190 182 176 179 160 162 153 143 135 135 133
num evicts: 1200000, p: 10396, s: 313100 	 max proactive lookup: 16, max shadow lookup: 16
	evict counters: 255 255 255 255 255 255 255 255 255 250 236 208 204 173 144 133
	eager counters: 214 224 221 200 199 195 187 179 185 163 165 156 145 136 135 133
num evicts: 1300000, p: 10634, s: 343395 	 max proactive lookup: 16, max shadow lookup: 16
	evict counters: 255 255 255 255 255 255 255 255 255 255 244 213 211 177 153 144
	eager counters: 222 229 230 205 207 198 190 187 192 164 168 158 146 137 136 134
num evicts: 1400000, p: 11021, s: 374035 	 max proactive lookup: 16, max shadow lookup: 16
	evict counters: 255 255 255 255 255 255 255 255 255 255 255 229 213 182 166 146
	eager counters: 232 237 239 212 212 199 191 192 195 169 169 163 148 139 137 135
num evicts: 1500000, p: 11359, s: 404896 	 max proactive lookup: 16, max shadow lookup: 16
	evict counters: 255 255 255 255 255 255 255 255 255 255 255 240 220 183 164 153
	eager counters: 237 249 247 221 215 203 197 194 199 172 173 167 148 139 138 136
num evicts: 1600000, p: 11678, s: 435485 	 max proactive lookup: 16, max shadow lookup: 16
	evict counters: 255 255 255 255 255 255 255 255 255 255 254 255 220 191 171 160
	eager counters: 248 255 253 227 221 205 202 199 207 177 177 168 148 140 138 136
num evicts: 1700000, p: 11888, s: 467557 	 max proactive lookup: 16, max shadow lookup: 16
	evict counters: 255 255 255 255 255 255 255 255 255 255 252 255 225 199 180 163
	eager counters: 255 255 255 236 226 211 206 204 209 180 178 172 151 141 138 136
num evicts: 1800000, p: 12107, s: 499139 	 max proactive lookup: 16, max shadow lookup: 16
	evict counters: 255 255 255 255 255 255 255 255 255 255 255 254 231 205 187 173
	eager counters: 255 255 255 244 235 214 210 212 216 184 179 175 152 142 139 136
num evicts: 1900000, p: 12262, s: 530855 	 max proactive lookup: 16, max shadow lookup: 16
	evict counters: 255 255 255 255 255 255 255 255 255 255 255 255 238 211 191 171
	eager counters: 255 255 255 251 244 219 213 218 225 188 181 179 153 144 140 137
num evicts: 2000000, p: 12405, s: 562101 	 max proactive lookup: 16, max shadow lookup: 16
	evict counters: 255 255 255 255 255 255 255 255 255 255 255 255 241 214 196 177
	eager counters: 255 255 255 255 253 226 217 221 225 193 185 184 154 147 140 138
num evicts: 2100000, p: 12616, s: 590109 	 max proactive lookup: 16, max shadow lookup: 16
	evict counters: 255 255 255 255 255 255 255 255 255 255 255 255 246 213 197 179
	eager counters: 255 255 255 255 255 230 223 226 231 198 190 185 158 148 140 140
num evicts: 2200000, p: 12910, s: 617759 	 max proactive lookup: 16, max shadow lookup: 16
	evict counters: 255 255 255 255 255 255 255 255 255 255 255 255 255 225 202 184
	eager counters: 255 255 255 255 255 234 232 231 241 203 192 188 158 148 140 140
num evicts: 2300000, p: 13245, s: 645736 	 max proactive lookup: 16, max shadow lookup: 16
	evict counters: 255 255 255 255 255 255 255 255 255 255 255 255 255 233 205 184
	eager counters: 255 255 255 255 255 245 236 235 248 210 195 192 163 148 141 140
num evicts: 2400000, p: 13587, s: 673800 	 max proactive lookup: 16, max shadow lookup: 16
	evict counters: 255 255 255 255 255 255 255 255 255 255 255 255 255 248 204 189
	eager counters: 255 255 255 255 255 251 242 242 255 212 198 195 166 150 143 141
num evicts: 2500000, p: 13859, s: 701732 	 max proactive lookup: 16, max shadow lookup: 16
	evict counters: 255 255 255 255 255 255 255 255 255 255 255 254 253 252 211 194
	eager counters: 255 255 255 255 255 255 253 246 255 216 200 196 168 150 144 141
num evicts: 2600000, p: 14262, s: 729797 	 max proactive lookup: 16, max shadow lookup: 16
	evict counters: 255 255 255 255 255 255 255 255 255 255 255 255 255 254 211 198
	eager counters: 255 255 255 255 255 255 255 251 255 219 203 200 171 150 145 141
num evicts: 2700000, p: 14623, s: 757511 	 max proactive lookup: 16, max shadow lookup: 16
	evict counters: 255 255 255 255 255 255 255 255 255 255 255 254 255 254 214 197
	eager counters: 255 255 255 255 255 255 255 255 255 223 204 202 172 152 146 141
num evicts: 2800000, p: 14993, s: 785009 	 max proactive lookup: 16, max shadow lookup: 16
	evict counters: 255 255 255 255 255 255 255 255 255 254 255 255 255 254 219 202
	eager counters: 255 255 255 255 255 255 255 255 255 226 211 203 174 154 146 141
num evicts: 2900000, p: 15413, s: 812670 	 max proactive lookup: 16, max shadow lookup: 16
	evict counters: 255 255 255 255 255 255 255 255 255 255 255 254 255 255 226 206
	eager counters: 255 255 255 255 255 255 255 255 255 235 215 205 175 155 146 143
num evicts: 3000000, p: 15805, s: 841212 	 max proactive lookup: 16, max shadow lookup: 16
	evict counters: 255 255 255 255 255 255 255 255 255 255 255 254 255 252 231 209
	eager counters: 255 255 255 255 255 255 255 255 255 242 218 207 177 157 146 144
num evicts: 3100000, p: 16153, s: 869901 	 max proactive lookup: 16, max shadow lookup: 16
	evict counters: 255 255 255 255 255 255 255 255 255 255 255 254 255 252 237 210
	eager counters: 255 255 255 255 255 255 255 255 255 245 219 209 178 157 148 144
num evicts: 3200000, p: 16521, s: 897977 	 max proactive lookup: 16, max shadow lookup: 16
	evict counters: 255 255 255 255 255 255 255 255 255 255 255 254 254 254 236 212
	eager counters: 255 255 255 255 255 255 255 255 255 252 222 212 180 158 148 144
num evicts: 3300000, p: 16959, s: 925751 	 max proactive lookup: 16, max shadow lookup: 16
	evict counters: 255 255 255 255 255 255 255 255 255 255 255 255 255 255 246 216
	eager counters: 255 255 255 255 255 255 255 255 255 255 224 214 184 160 150 144
num evicts: 3400000, p: 17350, s: 952935 	 max proactive lookup: 15, max shadow lookup: 16
	evict counters: 255 255 255 255 255 255 255 255 255 255 255 255 254 253 250 43
	eager counters: 255 255 255 255 255 255 255 255 255 255 227 215 185 161 152 144
num evicts: 3500000, p: 17774, s: 980078 	 max proactive lookup: 15, max shadow lookup: 16
	evict counters: 255 255 255 255 255 255 255 255 255 255 255 255 255 254 254 37
	eager counters: 255 255 255 255 255 255 255 255 255 255 231 218 188 162 152 144
num evicts: 3600000, p: 18167, s: 1010248 	 max proactive lookup: 15, max shadow lookup: 16
	evict counters: 255 255 255 255 255 255 255 255 255 255 254 255 255 255 255 39
	eager counters: 255 255 255 255 255 255 255 255 255 255 234 218 193 163 152 145
num evicts: 3700000, p: 18361, s: 1043233 	 max proactive lookup: 15, max shadow lookup: 16
	evict counters: 255 255 255 255 255 255 255 255 255 255 254 253 254 255 254 42
	eager counters: 255 255 255 255 255 255 255 255 255 255 242 219 195 165 152 146
num evicts: 3800000, p: 18457, s: 1074978 	 max proactive lookup: 15, max shadow lookup: 16
	evict counters: 255 255 255 255 255 255 255 255 255 255 255 255 255 255 255 52
	eager counters: 255 255 255 255 255 255 255 255 255 255 244 220 202 168 152 146
num evicts: 3900000, p: 18556, s: 1106369 	 max proactive lookup: 15, max shadow lookup: 16
	evict counters: 255 255 255 255 255 255 255 255 255 255 255 255 255 254 255 50
	eager counters: 255 255 255 255 255 255 255 255 255 255 248 221 205 170 152 146
num evicts: 4000000, p: 18645, s: 1138226 	 max proactive lookup: 15, max shadow lookup: 16
	evict counters: 255 255 255 255 255 255 255 255 255 255 255 252 255 251 254 40
	eager counters: 255 255 255 255 255 255 255 255 255 255 253 221 205 170 153 146
Heartbeat CPU 0 instructions: 10000002 cycles: 5695215 heartbeat IPC: 1.756 cumulative IPC: 1.756 (Simulation time: 00 hr 27 min 32 sec)
Heartbeat CPU 1 instructions: 10000002 cycles: 5697025 heartbeat IPC: 1.755 cumulative IPC: 1.755 (Simulation time: 00 hr 27 min 33 sec)
Heartbeat CPU 2 instructions: 10000002 cycles: 5697402 heartbeat IPC: 1.755 cumulative IPC: 1.755 (Simulation time: 00 hr 27 min 33 sec)
Heartbeat CPU 3 instructions: 10000002 cycles: 5697603 heartbeat IPC: 1.755 cumulative IPC: 1.755 (Simulation time: 00 hr 27 min 33 sec)
Heartbeat CPU 4 instructions: 10000002 cycles: 5697820 heartbeat IPC: 1.755 cumulative IPC: 1.755 (Simulation time: 00 hr 27 min 33 sec)
Heartbeat CPU 5 instructions: 10000002 cycles: 5698116 heartbeat IPC: 1.755 cumulative IPC: 1.755 (Simulation time: 00 hr 27 min 33 sec)
Heartbeat CPU 6 instructions: 10000002 cycles: 5698317 heartbeat IPC: 1.755 cumulative IPC: 1.755 (Simulation time: 00 hr 27 min 33 sec)
Heartbeat CPU 7 instructions: 10000002 cycles: 5698510 heartbeat IPC: 1.755 cumulative IPC: 1.755 (Simulation time: 00 hr 27 min 33 sec)
num evicts: 4100000, p: 18754, s: 1169696 	 max proactive lookup: 15, max shadow lookup: 16
	evict counters: 255 255 255 255 255 255 255 255 255 255 255 255 255 255 254 0
	eager counters: 255 255 255 255 255 255 255 255 255 255 255 221 207 172 155 147
num evicts: 4200000, p: 18882, s: 1201546 	 max proactive lookup: 15, max shadow lookup: 16
	evict counters: 255 255 255 255 255 255 255 255 255 254 255 255 254 253 255 12
	eager counters: 255 255 255 255 255 255 255 255 255 255 255 221 208 174 155 148
num evicts: 4300000, p: 18963, s: 1233159 	 max proactive lookup: 15, max shadow lookup: 16
	evict counters: 255 255 255 255 255 255 255 255 255 255 255 255 254 254 253 12
	eager counters: 255 255 255 255 255 255 255 255 255 255 255 223 211 176 155 148
num evicts: 4400000, p: 19071, s: 1262627 	 max proactive lookup: 15, max shadow lookup: 16
	evict counters: 255 255 255 255 255 255 255 255 255 255 255 255 255 254 255 19
	eager counters: 255 255 255 255 255 255 255 255 255 255 255 225 213 178 157 148
num evicts: 4500000, p: 19284, s: 1292812 	 max proactive lookup: 15, max shadow lookup: 16
	evict counters: 255 255 255 255 255 255 255 255 255 255 255 255 253 255 255 20
	eager counters: 255 255 255 255 255 255 255 255 255 255 255 227 216 179 158 148
num evicts: 4600000, p: 19496, s: 1322726 	 max proactive lookup: 15, max shadow lookup: 16
	evict counters: 255 255 255 255 255 255 255 255 255 255 255 255 254 255 254 19
	eager counters: 255 255 255 255 255 255 255 255 255 255 255 228 218 182 160 148
num evicts: 4700000, p: 19711, s: 1352919 	 max proactive lookup: 15, max shadow lookup: 16
	evict counters: 255 255 255 255 255 255 255 255 255 255 255 255 251 255 252 18
	eager counters: 255 255 255 255 255 255 255 255 255 255 255 228 219 184 160 148
num evicts: 4800000, p: 19969, s: 1383316 	 max proactive lookup: 15, max shadow lookup: 16
	evict counters: 255 255 255 255 255 255 255 255 255 255 255 255 255 254 255 18
	eager counters: 255 255 255 255 255 255 255 255 255 255 255 229 222 184 162 148
num evicts: 4900000, p: 20239, s: 1413254 	 max proactive lookup: 15, max shadow lookup: 16
	evict counters: 255 255 255 255 255 255 255 255 255 255 255 255 254 255 252 28
	eager counters: 255 255 255 255 255 255 255 255 255 255 255 232 223 187 163 148
num evicts: 5000000, p: 20516, s: 1443022 	 max proactive lookup: 15, max shadow lookup: 16
	evict counters: 255 255 255 255 255 255 255 255 255 255 254 254 255 255 255 29
	eager counters: 255 255 255 255 255 255 255 255 255 255 255 235 227 189 163 148
num evicts: 5100000, p: 20777, s: 1472628 	 max proactive lookup: 15, max shadow lookup: 16
	evict counters: 255 255 255 255 255 255 255 255 255 255 255 255 255 255 253 35
	eager counters: 255 255 255 255 255 255 255 255 255 255 255 240 227 190 163 148
num evicts: 5200000, p: 21059, s: 1502687 	 max proactive lookup: 15, max shadow lookup: 16
	evict counters: 255 255 255 255 255 255 255 255 255 255 254 254 255 255 253 38
	eager counters: 255 255 255 255 255 255 255 255 255 255 255 243 227 191 165 148
num evicts: 5300000, p: 21339, s: 1532348 	 max proactive lookup: 15, max shadow lookup: 16
	evict counters: 255 255 255 255 255 255 255 255 255 255 255 255 254 253 255 44
	eager counters: 255 255 255 255 255 255 255 255 255 255 255 245 232 193 165 148
num evicts: 5400000, p: 21625, s: 1562212 	 max proactive lookup: 15, max shadow lookup: 16
	evict counters: 255 255 255 255 255 255 255 255 255 255 255 255 254 254 253 46
	eager counters: 255 255 255 255 255 255 255 255 255 255 255 249 234 194 167 149
num evicts: 5500000, p: 21888, s: 1591979 	 max proactive lookup: 15, max shadow lookup: 16
	evict counters: 255 255 255 255 255 255 255 255 255 255 255 254 255 255 249 48
	eager counters: 255 255 255 255 255 255 255 255 255 255 255 252 235 195 168 149
num evicts: 5600000, p: 22117, s: 1622053 	 max proactive lookup: 15, max shadow lookup: 16
	evict counters: 255 255 255 255 255 255 255 255 255 255 255 255 255 255 251 6
	eager counters: 255 255 255 255 255 255 255 255 255 255 255 255 236 201 168 149
num evicts: 5700000, p: 22384, s: 1651821 	 max proactive lookup: 15, max shadow lookup: 16
	evict counters: 255 255 255 255 255 255 255 255 255 255 255 255 255 255 253 3
	eager counters: 255 255 255 255 255 255 255 255 255 255 255 255 239 203 168 150
num evicts: 5800000, p: 22643, s: 1681851 	 max proactive lookup: 15, max shadow lookup: 16
	evict counters: 255 255 255 255 255 255 255 255 255 255 255 255 255 255 254 9
	eager counters: 255 255 255 255 255 255 255 255 255 255 255 255 240 206 170 150
num evicts: 5900000, p: 22902, s: 1711572 	 max proactive lookup: 15, max shadow lookup: 16
	evict counters: 255 255 255 255 255 255 255 255 255 255 255 255 255 255 254 16
	eager counters: 255 255 255 255 255 255 255 255 255 255 255 255 242 207 170 150
num evicts: 6000000, p: 23212, s: 1742305 	 max proactive lookup: 15, max shadow lookup: 16
	evict counters: 255 255 255 255 255 255 255 255 255 255 254 255 255 255 250 21
	eager counters: 255 255 255 255 255 255 255 255 255 255 255 255 242 209 170 151
num evicts: 6100000, p: 23445, s: 1773539 	 max proactive lookup: 15, max shadow lookup: 16
	evict counters: 255 255 255 255 255 255 255 255 255 255 255 254 255 252 248 25
	eager counters: 255 255 255 255 255 255 255 255 255 255 255 255 243 211 170 151
num evicts: 6200000, p: 23639, s: 1804603 	 max proactive lookup: 15, max shadow lookup: 16
	evict counters: 255 255 255 255 255 255 255 255 255 255 255 255 255 254 248 33
	eager counters: 255 255 255 255 255 255 255 255 255 255 255 255 244 212 171 151
num evicts: 6300000, p: 23829, s: 1836002 	 max proactive lookup: 15, max shadow lookup: 16
	evict counters: 255 255 255 255 255 255 255 255 255 255 255 255 255 255 255 39
	eager counters: 255 255 255 255 255 255 255 255 255 255 255 255 248 214 173 151
num evicts: 6400000, p: 24026, s: 1866178 	 max proactive lookup: 15, max shadow lookup: 16
	evict counters: 255 255 255 255 255 255 255 255 255 254 255 255 253 255 191 34
	eager counters: 255 255 255 255 255 255 255 255 255 255 255 255 251 217 173 151
num evicts: 6500000, p: 24241, s: 1897439 	 max proactive lookup: 14, max shadow lookup: 16
	evict counters: 255 255 255 255 255 255 255 255 255 255 255 255 254 253 33 31
	eager counters: 255 255 255 255 255 255 255 255 255 255 255 255 252 219 173 152
num evicts: 6600000, p: 24395, s: 1928505 	 max proactive lookup: 14, max shadow lookup: 16
	evict counters: 255 255 255 255 255 255 255 255 255 255 255 255 255 255 43 30
	eager counters: 255 255 255 255 255 255 255 255 255 255 255 255 253 220 175 153
num evicts: 6700000, p: 24540, s: 1959692 	 max proactive lookup: 14, max shadow lookup: 16
	evict counters: 255 255 255 255 255 255 255 255 255 255 255 255 253 253 46 29
	eager counters: 255 255 255 255 255 255 255 255 255 255 255 255 253 220 176 154
num evicts: 6800000, p: 24731, s: 1991289 	 max proactive lookup: 14, max shadow lookup: 16
	evict counters: 255 255 255 255 255 255 255 255 255 255 255 255 255 254 49 27
	eager counters: 255 255 255 255 255 255 255 255 255 255 255 255 255 228 176 154
num evicts: 6900000, p: 24854, s: 2023077 	 max proactive lookup: 14, max shadow lookup: 16
	evict counters: 255 255 255 255 255 255 255 255 255 255 255 255 255 252 55 26
	eager counters: 255 255 255 255 255 255 255 255 255 255 255 255 255 229 177 154
num evicts: 7000000, p: 25008, s: 2054755 	 max proactive lookup: 14, max shadow lookup: 16
	evict counters: 255 255 255 255 255 255 255 255 255 255 255 255 254 255 56 32
	eager counters: 255 255 255 255 255 255 255 255 255 255 255 255 255 232 177 155
num evicts: 7100000, p: 25119, s: 2086802 	 max proactive lookup: 14, max shadow lookup: 16
	evict counters: 255 255 255 255 255 255 255 255 255 255 255 254 255 255 57 39
	eager counters: 255 255 255 255 255 255 255 255 255 255 255 255 255 232 178 156
num evicts: 7200000, p: 25211, s: 2118456 	 max proactive lookup: 14, max shadow lookup: 16
	evict counters: 255 255 255 255 255 255 255 255 255 255 255 254 255 255 61 45
	eager counters: 255 255 255 255 255 255 255 255 255 255 255 255 255 234 179 156
num evicts: 7300000, p: 25334, s: 2150385 	 max proactive lookup: 14, max shadow lookup: 16
	evict counters: 255 255 255 255 255 255 255 255 255 255 255 255 255 253 61 49
	eager counters: 255 255 255 255 255 255 255 255 255 255 255 255 255 235 180 156
num evicts: 7400000, p: 25450, s: 2182233 	 max proactive lookup: 14, max shadow lookup: 16
	evict counters: 255 255 255 255 255 255 255 255 255 255 255 255 255 254 70 56
	eager counters: 255 255 255 255 255 255 255 255 255 255 255 255 255 236 182 156
num evicts: 7500000, p: 25532, s: 2214092 	 max proactive lookup: 14, max shadow lookup: 16
	evict counters: 255 255 255 255 255 255 255 255 255 255 255 253 254 255 70 62
	eager counters: 255 255 255 255 255 255 255 255 255 255 255 255 255 238 182 157
num evicts: 7600000, p: 25704, s: 2245026 	 max proactive lookup: 14, max shadow lookup: 16
	evict counters: 255 255 255 255 255 255 255 255 255 255 255 255 254 255 72 65
	eager counters: 255 255 255 255 255 255 255 255 255 255 255 255 255 238 184 158
num evicts: 7700000, p: 25919, s: 2276218 	 max proactive lookup: 14, max shadow lookup: 16
	evict counters: 255 255 255 255 255 255 255 255 255 255 255 255 255 255 78 67
	eager counters: 255 255 255 255 255 255 255 255 255 255 255 255 255 240 185 158
num evicts: 7800000, p: 26148, s: 2307287 	 max proactive lookup: 14, max shadow lookup: 16
	evict counters: 255 255 255 255 255 255 255 255 255 255 255 255 255 255 79 73
	eager counters: 255 255 255 255 255 255 255 255 255 255 255 255 255 240 186 159
num evicts: 7900000, p: 26363, s: 2338327 	 max proactive lookup: 14, max shadow lookup: 16
	evict counters: 255 255 255 255 255 255 255 255 255 255 255 255 254 254 81 75
	eager counters: 255 255 255 255 255 255 255 255 255 255 255 255 255 241 187 159
num evicts: 8000000, p: 26561, s: 2369214 	 max proactive lookup: 14, max shadow lookup: 16
	evict counters: 255 255 255 255 255 255 255 255 255 255 255 255 251 255 82 12
	eager counters: 255 255 255 255 255 255 255 255 255 255 255 255 255 242 187 161
num evicts: 8100000, p: 26795, s: 2400753 	 max proactive lookup: 14, max shadow lookup: 16
	evict counters: 255 255 255 255 255 255 255 255 255 255 255 255 255 255 81 3
	eager counters: 255 255 255 255 255 255 255 255 255 255 255 255 255 244 187 163
num evicts: 8200000, p: 26996, s: 2431816 	 max proactive lookup: 14, max shadow lookup: 16
	evict counters: 255 255 255 255 255 255 255 255 255 255 255 255 255 255 82 9
	eager counters: 255 255 255 255 255 255 255 255 255 255 255 255 255 246 188 164
num evicts: 8300000, p: 27189, s: 2461874 	 max proactive lookup: 14, max shadow lookup: 16
	evict counters: 255 255 255 255 255 255 255 255 255 255 255 254 253 255 83 15
	eager counters: 255 255 255 255 255 255 255 255 255 255 255 255 255 250 189 164
Heartbeat CPU 0 instructions: 20000003 cycles: 11409580 heartbeat IPC: 1.75 cumulative IPC: 1.753 (Simulation time: 00 hr 53 min 54 sec)
Heartbeat CPU 1 instructions: 20000003 cycles: 11411414 heartbeat IPC: 1.75 cumulative IPC: 1.753 (Simulation time: 00 hr 53 min 55 sec)
Heartbeat CPU 2 instructions: 20000003 cycles: 11411935 heartbeat IPC: 1.75 cumulative IPC: 1.753 (Simulation time: 00 hr 53 min 55 sec)
Heartbeat CPU 3 instructions: 20000003 cycles: 11412111 heartbeat IPC: 1.75 cumulative IPC: 1.753 (Simulation time: 00 hr 53 min 55 sec)
Heartbeat CPU 4 instructions: 20000003 cycles: 11412298 heartbeat IPC: 1.75 cumulative IPC: 1.752 (Simulation time: 00 hr 53 min 55 sec)
Heartbeat CPU 5 instructions: 20000003 cycles: 11412474 heartbeat IPC: 1.75 cumulative IPC: 1.752 (Simulation time: 00 hr 53 min 55 sec)
Heartbeat CPU 6 instructions: 20000003 cycles: 11412625 heartbeat IPC: 1.75 cumulative IPC: 1.752 (Simulation time: 00 hr 53 min 55 sec)
Heartbeat CPU 7 instructions: 20000003 cycles: 11412899 heartbeat IPC: 1.75 cumulative IPC: 1.752 (Simulation time: 00 hr 53 min 55 sec)
num evicts: 8400000, p: 27471, s: 2487095 	 max proactive lookup: 14, max shadow lookup: 16
	evict counters: 255 255 255 255 255 255 255 255 255 255 255 255 255 253 93 11
	eager counters: 255 255 255 255 255 255 255 255 255 255 255 255 255 251 191 164
num evicts: 8500000, p: 27940, s: 2512400 	 max proactive lookup: 14, max shadow lookup: 16
	evict counters: 255 255 255 255 255 255 255 255 255 255 255 255 255 255 101 14
	eager counters: 255 255 255 255 255 255 255 255 255 255 255 255 255 253 192 164
num evicts: 8600000, p: 28443, s: 2537559 	 max proactive lookup: 14, max shadow lookup: 16
	evict counters: 255 255 255 255 255 255 255 255 255 255 255 254 255 255 106 22
	eager counters: 255 255 255 255 255 255 255 255 255 255 255 255 255 254 192 165
num evicts: 8700000, p: 28897, s: 2562844 	 max proactive lookup: 14, max shadow lookup: 16
	evict counters: 255 255 255 255 255 255 255 255 255 254 255 255 255 254 108 7
	eager counters: 255 255 255 255 255 255 255 255 255 255 255 255 255 254 193 166
num evicts: 8800000, p: 29417, s: 2588075 	 max proactive lookup: 14, max shadow lookup: 16
	evict counters: 255 255 255 255 255 255 255 255 255 255 255 254 255 254 109 7
	eager counters: 255 255 255 255 255 255 255 255 255 255 255 255 255 254 194 166
num evicts: 8900000, p: 29842, s: 2613065 	 max proactive lookup: 14, max shadow lookup: 16
	evict counters: 255 255 255 255 255 255 255 255 255 255 254 255 254 255 121 3
	eager counters: 255 255 255 255 255 255 255 255 255 255 255 255 255 255 195 166
num evicts: 9000000, p: 30289, s: 2637804 	 max proactive lookup: 14, max shadow lookup: 16
	evict counters: 255 255 255 255 255 255 255 255 255 255 255 255 253 255 121 11
	eager counters: 255 255 255 255 255 255 255 255 255 255 255 255 255 255 196 166
num evicts: 9100000, p: 30785, s: 2662688 	 max proactive lookup: 15, max shadow lookup: 16
	evict counters: 255 255 255 255 255 255 255 255 255 255 255 253 255 254 130 17
	eager counters: 255 255 255 255 255 255 255 255 255 255 255 255 255 255 198 166
num evicts: 9200000, p: 31339, s: 2684653 	 max proactive lookup: 15, max shadow lookup: 16
	evict counters: 255 255 255 255 255 255 255 255 255 255 255 255 251 254 135 23
	eager counters: 255 255 255 255 255 255 255 255 255 255 255 255 255 255 198 166
num evicts: 9300000, p: 32195, s: 2705606 	 max proactive lookup: 15, max shadow lookup: 16
	evict counters: 255 255 255 255 255 255 255 255 255 255 255 255 252 255 141 26
	eager counters: 255 255 255 255 255 255 255 255 255 255 255 255 255 255 198 166
num evicts: 9400000, p: 33017, s: 2726578 	 max proactive lookup: 15, max shadow lookup: 16
	evict counters: 255 255 255 255 255 255 255 255 255 255 255 255 253 255 150 28
	eager counters: 255 255 255 255 255 255 255 255 255 255 255 255 255 255 198 166
num evicts: 9500000, p: 33754, s: 2748027 	 max proactive lookup: 15, max shadow lookup: 16
	evict counters: 255 255 255 255 255 255 255 255 255 255 255 255 253 255 153 29
	eager counters: 255 255 255 255 255 255 255 255 255 255 255 255 255 255 198 166
num evicts: 9600000, p: 34458, s: 2768817 	 max proactive lookup: 15, max shadow lookup: 16
	evict counters: 255 255 255 255 255 255 255 255 255 255 255 255 255 255 159 34
	eager counters: 255 255 255 255 255 255 255 255 255 255 255 255 255 255 198 167
num evicts: 9700000, p: 35205, s: 2789399 	 max proactive lookup: 15, max shadow lookup: 16
	evict counters: 255 255 255 255 255 255 255 255 255 255 255 255 255 255 157 19
	eager counters: 255 255 255 255 255 255 255 255 255 255 255 255 255 255 200 167
num evicts: 9800000, p: 36000, s: 2809685 	 max proactive lookup: 15, max shadow lookup: 16
	evict counters: 255 255 255 255 255 255 255 255 255 255 255 255 255 255 159 21
	eager counters: 255 255 255 255 255 255 255 255 255 255 255 255 255 255 200 167
num evicts: 9900000, p: 36769, s: 2834341 	 max proactive lookup: 15, max shadow lookup: 16
	evict counters: 255 255 255 255 255 255 255 255 255 255 254 255 253 255 158 25
	eager counters: 255 255 255 255 255 255 255 255 255 255 255 255 255 255 200 168
num evicts: 10000000, p: 37276, s: 2864032 	 max proactive lookup: 15, max shadow lookup: 16
	evict counters: 255 255 255 255 255 255 255 255 255 255 255 255 255 254 162 31
	eager counters: 255 255 255 255 255 255 255 255 255 255 255 255 255 255 201 169
num evicts: 10100000, p: 37590, s: 2893652 	 max proactive lookup: 15, max shadow lookup: 16
	evict counters: 255 255 255 255 255 255 255 255 255 254 255 255 254 250 172 38
	eager counters: 255 255 255 255 255 255 255 255 255 255 255 255 255 255 203 170
num evicts: 10200000, p: 37910, s: 2923080 	 max proactive lookup: 15, max shadow lookup: 16
	evict counters: 255 255 255 255 255 255 255 255 255 255 255 255 253 255 180 42
	eager counters: 255 255 255 255 255 255 255 255 255 255 255 255 255 255 204 171
num evicts: 10300000, p: 38234, s: 2953156 	 max proactive lookup: 15, max shadow lookup: 16
	evict counters: 255 255 255 255 255 255 255 255 255 255 255 255 255 255 185 24
	eager counters: 255 255 255 255 255 255 255 255 255 255 255 255 255 255 205 171
num evicts: 10400000, p: 38609, s: 2983050 	 max proactive lookup: 15, max shadow lookup: 16
	evict counters: 255 255 255 255 255 255 255 255 255 255 255 254 255 255 185 3
	eager counters: 255 255 255 255 255 255 255 255 255 255 255 255 255 255 206 173
Warmup finished CPU 0 instructions: 25000004 cycles: 14266552 cumulative IPC: 1.752 (Simulation time: 01 hr 06 min 08 sec)
Warmup finished CPU 1 instructions: 25000004 cycles: 14268666 cumulative IPC: 1.752 (Simulation time: 01 hr 06 min 09 sec)
Warmup finished CPU 2 instructions: 25000004 cycles: 14269171 cumulative IPC: 1.752 (Simulation time: 01 hr 06 min 09 sec)
Warmup finished CPU 3 instructions: 25000004 cycles: 14269349 cumulative IPC: 1.752 (Simulation time: 01 hr 06 min 09 sec)
Warmup finished CPU 4 instructions: 25000004 cycles: 14269533 cumulative IPC: 1.752 (Simulation time: 01 hr 06 min 09 sec)
Warmup finished CPU 5 instructions: 25000004 cycles: 14269767 cumulative IPC: 1.752 (Simulation time: 01 hr 06 min 09 sec)
Warmup finished CPU 6 instructions: 25000004 cycles: 14269943 cumulative IPC: 1.752 (Simulation time: 01 hr 06 min 09 sec)
Warmup finished CPU 7 instructions: 25000004 cycles: 14270111 cumulative IPC: 1.752 (Simulation time: 01 hr 06 min 09 sec)
Warmup complete CPU 7 instructions: 25000004 cycles: 14270111 cumulative IPC: 1.752 (Simulation time: 01 hr 06 min 09 sec)
Warmup complete CPU 6 instructions: 25000314 cycles: 14270111 cumulative IPC: 1.752 (Simulation time: 01 hr 06 min 09 sec)
Warmup complete CPU 5 instructions: 25000595 cycles: 14270111 cumulative IPC: 1.752 (Simulation time: 01 hr 06 min 09 sec)
Warmup complete CPU 4 instructions: 25001022 cycles: 14270111 cumulative IPC: 1.752 (Simulation time: 01 hr 06 min 09 sec)
Warmup complete CPU 3 instructions: 25001323 cycles: 14270111 cumulative IPC: 1.752 (Simulation time: 01 hr 06 min 09 sec)
Warmup complete CPU 2 instructions: 25001658 cycles: 14270111 cumulative IPC: 1.752 (Simulation time: 01 hr 06 min 09 sec)
Warmup complete CPU 1 instructions: 25002544 cycles: 14270111 cumulative IPC: 1.752 (Simulation time: 01 hr 06 min 09 sec)
Warmup complete CPU 0 instructions: 25006250 cycles: 14270111 cumulative IPC: 1.752 (Simulation time: 01 hr 06 min 09 sec)
num evicts: 10500000, p: 38863, s: 3010682 	 max proactive lookup: 15, max shadow lookup: 16
	evict counters: 255 255 255 255 255 255 255 255 255 255 255 255 253 255 189 2
	eager counters: 255 255 255 255 255 255 255 255 255 255 255 255 255 255 206 173
num evicts: 10600000, p: 39490, s: 3039950 	 max proactive lookup: 15, max shadow lookup: 16
	evict counters: 255 255 255 255 255 255 255 255 255 255 255 255 252 255 192 5
	eager counters: 255 255 255 255 255 255 255 255 255 255 255 255 255 255 206 174
num evicts: 10700000, p: 39786, s: 3069162 	 max proactive lookup: 15, max shadow lookup: 16
	evict counters: 255 255 255 255 255 255 255 255 255 254 255 254 255 255 196 11
	eager counters: 255 255 255 255 255 255 255 255 255 255 255 255 255 255 206 174
num evicts: 10800000, p: 40116, s: 3096298 	 max proactive lookup: 15, max shadow lookup: 16
	evict counters: 255 255 255 255 255 255 255 255 255 255 255 255 255 255 199 17
	eager counters: 255 255 255 255 255 255 255 255 255 255 255 255 255 255 207 174
num evicts: 10900000, p: 40552, s: 3126015 	 max proactive lookup: 15, max shadow lookup: 16
	evict counters: 255 255 255 255 255 255 255 255 255 255 255 254 255 255 204 20
	eager counters: 255 255 255 255 255 255 255 255 255 255 255 255 255 255 208 176
num evicts: 11000000, p: 40873, s: 3155404 	 max proactive lookup: 15, max shadow lookup: 16
	evict counters: 255 255 255 255 255 255 255 255 255 255 255 255 255 254 205 23
	eager counters: 255 255 255 255 255 255 255 255 255 255 255 255 255 255 211 176
num evicts: 11100000, p: 41323, s: 3184522 	 max proactive lookup: 14, max shadow lookup: 16
	evict counters: 255 255 255 255 255 255 255 255 255 255 254 254 255 255 89 31
	eager counters: 255 255 255 255 255 255 255 255 255 255 255 255 255 255 212 176
num evicts: 11200000, p: 41614, s: 3214606 	 max proactive lookup: 14, max shadow lookup: 16
	evict counters: 255 255 255 255 255 255 255 255 255 255 255 254 255 255 60 5
	eager counters: 255 255 255 255 255 255 255 255 255 255 255 255 255 255 214 176
num evicts: 11300000, p: 41918, s: 3243464 	 max proactive lookup: 14, max shadow lookup: 16
	evict counters: 255 255 255 255 255 255 255 255 255 255 255 255 254 255 66 6
	eager counters: 255 255 255 255 255 255 255 255 255 255 255 255 255 255 214 176
num evicts: 11400000, p: 42282, s: 3273558 	 max proactive lookup: 14, max shadow lookup: 16
	evict counters: 255 255 255 255 255 255 255 255 255 255 255 255 255 255 68 10
	eager counters: 255 255 255 255 255 255 255 255 255 255 255 255 255 255 214 176
num evicts: 11500000, p: 42610, s: 3302927 	 max proactive lookup: 14, max shadow lookup: 16
	evict counters: 255 255 255 255 255 255 255 255 255 255 255 254 255 255 70 11
	eager counters: 255 255 255 255 255 255 255 255 255 255 255 255 255 255 214 176
num evicts: 11600000, p: 42940, s: 3333509 	 max proactive lookup: 14, max shadow lookup: 16
	evict counters: 255 255 255 255 255 255 255 255 255 254 255 254 255 254 72 10
	eager counters: 255 255 255 255 255 255 255 255 255 255 255 255 255 255 214 176
num evicts: 11700000, p: 43229, s: 3363246 	 max proactive lookup: 14, max shadow lookup: 16
	evict counters: 255 255 255 255 255 255 255 255 255 255 255 255 255 254 80 16
	eager counters: 255 255 255 255 255 255 255 255 255 255 255 255 255 255 214 176
num evicts: 11800000, p: 43587, s: 3393201 	 max proactive lookup: 14, max shadow lookup: 16
	evict counters: 255 255 255 255 255 255 255 255 255 255 255 255 254 255 85 19
	eager counters: 255 255 255 255 255 255 255 255 255 255 255 255 255 255 215 176
num evicts: 11900000, p: 43876, s: 3422803 	 max proactive lookup: 14, max shadow lookup: 16
	evict counters: 255 255 255 255 255 255 255 255 255 255 255 254 255 255 91 19
	eager counters: 255 255 255 255 255 255 255 255 255 255 255 255 255 255 216 177
num evicts: 12000000, p: 44210, s: 3453241 	 max proactive lookup: 14, max shadow lookup: 16
	evict counters: 255 255 255 255 255 255 255 255 255 255 253 255 255 254 94 21
	eager counters: 255 255 255 255 255 255 255 255 255 255 255 255 255 255 217 177
num evicts: 12100000, p: 44503, s: 3483551 	 max proactive lookup: 14, max shadow lookup: 16
	evict counters: 255 255 255 255 255 255 255 255 255 255 253 255 255 255 107 20
	eager counters: 255 255 255 255 255 255 255 255 255 255 255 255 255 255 218 178
num evicts: 12200000, p: 44767, s: 3513588 	 max proactive lookup: 14, max shadow lookup: 16
	evict counters: 255 255 255 255 255 255 255 255 255 255 255 255 254 255 117 21
	eager counters: 255 255 255 255 255 255 255 255 255 255 255 255 255 255 219 178
num evicts: 12300000, p: 45101, s: 3541128 	 max proactive lookup: 14, max shadow lookup: 16
	evict counters: 255 255 255 255 255 255 255 255 255 254 255 254 255 254 116 25
	eager counters: 255 255 255 255 255 255 255 255 255 255 255 255 255 255 219 178
num evicts: 12400000, p: 45702, s: 3569573 	 max proactive lookup: 14, max shadow lookup: 16
	evict counters: 255 255 255 255 255 255 255 255 255 255 255 255 255 255 123 27
	eager counters: 255 255 255 255 255 255 255 255 255 255 255 255 255 255 219 178
num evicts: 12500000, p: 46320, s: 3597436 	 max proactive lookup: 14, max shadow lookup: 16
	evict counters: 255 255 255 255 255 255 255 255 255 255 255 255 255 255 124 24
	eager counters: 255 255 255 255 255 255 255 255 255 255 255 255 255 255 219 179
Heartbeat CPU 4 instructions: 30000006 cycles: 38103649 heartbeat IPC: 0.3747 cumulative IPC: 0.2097 (Simulation time: 01 hr 46 min 34 sec)
Heartbeat CPU 6 instructions: 30000006 cycles: 38139387 heartbeat IPC: 0.3742 cumulative IPC: 0.2095 (Simulation time: 01 hr 46 min 37 sec)
Heartbeat CPU 7 instructions: 30000005 cycles: 38174776 heartbeat IPC: 0.3737 cumulative IPC: 0.2092 (Simulation time: 01 hr 46 min 41 sec)
Heartbeat CPU 0 instructions: 30000005 cycles: 38216732 heartbeat IPC: 0.373 cumulative IPC: 0.2085 (Simulation time: 01 hr 46 min 45 sec)
Heartbeat CPU 3 instructions: 30000006 cycles: 38239449 heartbeat IPC: 0.3728 cumulative IPC: 0.2085 (Simulation time: 01 hr 46 min 47 sec)
Heartbeat CPU 2 instructions: 30000006 cycles: 38271702 heartbeat IPC: 0.3723 cumulative IPC: 0.2083 (Simulation time: 01 hr 46 min 50 sec)
num evicts: 12600000, p: 46839, s: 3625691 	 max proactive lookup: 15, max shadow lookup: 16
	evict counters: 255 255 255 255 255 255 255 255 255 255 255 254 255 255 132 14
	eager counters: 255 255 255 255 255 255 255 255 255 255 255 255 255 255 221 179
Heartbeat CPU 5 instructions: 30000005 cycles: 38566941 heartbeat IPC: 0.3683 cumulative IPC: 0.2058 (Simulation time: 01 hr 47 min 19 sec)
Heartbeat CPU 1 instructions: 30000006 cycles: 38583996 heartbeat IPC: 0.368 cumulative IPC: 0.2055 (Simulation time: 01 hr 47 min 21 sec)
num evicts: 12700000, p: 47344, s: 3654238 	 max proactive lookup: 15, max shadow lookup: 16
	evict counters: 255 255 255 255 255 255 255 255 255 254 255 253 255 254 134 6
	eager counters: 255 255 255 255 255 255 255 255 255 255 255 255 255 255 222 179
num evicts: 12800000, p: 47783, s: 3683357 	 max proactive lookup: 15, max shadow lookup: 16
	evict counters: 255 255 255 255 255 255 255 255 255 255 255 255 253 254 138 3
	eager counters: 255 255 255 255 255 255 255 255 255 255 255 255 255 255 222 179
num evicts: 12900000, p: 48235, s: 3712666 	 max proactive lookup: 15, max shadow lookup: 16
	evict counters: 255 255 255 255 255 255 255 255 255 255 255 254 255 254 138 13
	eager counters: 255 255 255 255 255 255 255 255 255 255 255 255 255 255 222 180
num evicts: 13000000, p: 48619, s: 3742151 	 max proactive lookup: 15, max shadow lookup: 16
	evict counters: 255 255 255 255 255 255 255 255 255 255 255 255 255 255 142 11
	eager counters: 255 255 255 255 255 255 255 255 255 255 255 255 255 255 222 180
num evicts: 13100000, p: 49166, s: 3769308 	 max proactive lookup: 15, max shadow lookup: 16
	evict counters: 255 255 255 255 255 255 255 255 255 255 255 255 252 254 149 17
	eager counters: 255 255 255 255 255 255 255 255 255 255 255 255 255 255 223 180
num evicts: 13200000, p: 49703, s: 3796699 	 max proactive lookup: 15, max shadow lookup: 16
	evict counters: 255 255 255 255 255 255 255 255 255 255 254 255 254 253 147 21
	eager counters: 255 255 255 255 255 255 255 255 255 255 255 255 255 255 224 180
num evicts: 13300000, p: 50239, s: 3824314 	 max proactive lookup: 15, max shadow lookup: 16
	evict counters: 255 255 255 255 255 255 255 255 255 255 255 255 255 255 146 25
	eager counters: 255 255 255 255 255 255 255 255 255 255 255 255 255 255 224 180
num evicts: 13400000, p: 50743, s: 3851647 	 max proactive lookup: 15, max shadow lookup: 16
	evict counters: 255 255 255 255 255 255 255 255 255 255 255 255 255 255 157 24
	eager counters: 255 255 255 255 255 255 255 255 255 255 255 255 255 255 226 182
num evicts: 13500000, p: 51371, s: 3878372 	 max proactive lookup: 15, max shadow lookup: 16
	evict counters: 255 255 255 255 255 255 255 255 255 255 254 255 254 255 159 29
	eager counters: 255 255 255 255 255 255 255 255 255 255 255 255 255 255 228 182
num evicts: 13600000, p: 51898, s: 3906551 	 max proactive lookup: 15, max shadow lookup: 16
	evict counters: 255 255 255 255 255 255 255 255 255 255 255 255 255 254 166 5
	eager counters: 255 255 255 255 255 255 255 255 255 255 255 255 255 255 228 182
num evicts: 13700000, p: 52443, s: 3934975 	 max proactive lookup: 15, max shadow lookup: 16
	evict counters: 255 255 255 255 255 255 255 255 255 255 255 255 253 255 172 8
	eager counters: 255 255 255 255 255 255 255 255 255 255 255 255 255 255 231 182
num evicts: 13800000, p: 52948, s: 3964046 	 max proactive lookup: 15, max shadow lookup: 16
	evict counters: 255 255 255 255 255 255 255 255 255 255 255 255 255 255 174 10
	eager counters: 255 255 255 255 255 255 255 255 255 255 255 255 255 255 231 183
num evicts: 13900000, p: 53411, s: 3993267 	 max proactive lookup: 15, max shadow lookup: 16
	evict counters: 255 255 255 255 255 255 255 255 255 255 255 255 255 255 185 10
	eager counters: 255 255 255 255 255 255 255 255 255 255 255 255 255 255 231 183
num evicts: 14000000, p: 53791, s: 4023305 	 max proactive lookup: 15, max shadow lookup: 16
	evict counters: 255 255 255 255 255 255 255 255 255 255 255 255 254 254 187 11
	eager counters: 255 255 255 255 255 255 255 255 255 255 255 255 255 255 232 183
num evicts: 14100000, p: 54146, s: 4053573 	 max proactive lookup: 15, max shadow lookup: 16
	evict counters: 255 255 255 255 255 255 255 255 255 255 255 255 255 255 184 14
	eager counters: 255 255 255 255 255 255 255 255 255 255 255 255 255 255 232 183
num evicts: 14200000, p: 54473, s: 4083433 	 max proactive lookup: 15, max shadow lookup: 16
	evict counters: 255 255 255 255 255 255 255 255 255 255 255 255 255 252 193 22
	eager counters: 255 255 255 255 255 255 255 255 255 255 255 255 255 255 233 183
num evicts: 14300000, p: 54840, s: 4112863 	 max proactive lookup: 15, max shadow lookup: 16
	evict counters: 255 255 255 255 255 255 255 255 255 255 255 254 255 255 196 4
	eager counters: 255 255 255 255 255 255 255 255 255 255 255 255 255 255 233 184
num evicts: 14400000, p: 55142, s: 4142278 	 max proactive lookup: 15, max shadow lookup: 16
	evict counters: 255 255 255 255 255 255 255 255 255 255 255 255 255 255 204 4
	eager counters: 255 255 255 255 255 255 255 255 255 255 255 255 255 255 235 184
num evicts: 14500000, p: 55468, s: 4172888 	 max proactive lookup: 15, max shadow lookup: 16
	evict counters: 255 255 255 255 255 255 255 255 255 255 255 254 253 255 207 4
	eager counters: 255 255 255 255 255 255 255 255 255 255 255 255 255 255 236 185
num evicts: 14600000, p: 55760, s: 4203687 	 max proactive lookup: 15, max shadow lookup: 16
	evict counters: 255 255 255 255 255 255 255 255 255 255 254 255 255 254 210 3
	eager counters: 255 255 255 255 255 255 255 255 255 255 255 255 255 255 236 186
num evicts: 14700000, p: 56072, s: 4234504 	 max proactive lookup: 15, max shadow lookup: 16
	evict counters: 255 255 255 255 255 255 255 255 255 255 255 254 255 255 216 5
	eager counters: 255 255 255 255 255 255 255 255 255 255 255 255 255 255 237 187
num evicts: 14800000, p: 56309, s: 4265551 	 max proactive lookup: 15, max shadow lookup: 16
	evict counters: 255 255 255 255 255 255 255 255 255 255 255 255 255 255 218 5
	eager counters: 255 255 255 255 255 255 255 255 255 255 255 255 255 255 237 188
num evicts: 14900000, p: 56466, s: 4296595 	 max proactive lookup: 15, max shadow lookup: 16
	evict counters: 255 255 255 255 255 255 255 255 255 255 254 255 255 255 222 15
	eager counters: 255 255 255 255 255 255 255 255 255 255 255 255 255 255 237 189
num evicts: 15000000, p: 56667, s: 4327518 	 max proactive lookup: 15, max shadow lookup: 16
	evict counters: 255 255 255 255 255 255 255 255 255 255 255 255 253 254 228 21
	eager counters: 255 255 255 255 255 255 255 255 255 255 255 255 255 255 238 189
num evicts: 15100000, p: 56856, s: 4357906 	 max proactive lookup: 15, max shadow lookup: 16
	evict counters: 255 255 255 255 255 255 255 255 255 255 255 253 254 253 237 8
	eager counters: 255 255 255 255 255 255 255 255 255 255 255 255 255 255 238 190
num evicts: 15200000, p: 57103, s: 4387193 	 max proactive lookup: 15, max shadow lookup: 16
	evict counters: 255 255 255 255 255 255 255 255 255 255 255 255 255 254 247 7
	eager counters: 255 255 255 255 255 255 255 255 255 255 255 255 255 255 239 192
num evicts: 15300000, p: 57344, s: 4417585 	 max proactive lookup: 15, max shadow lookup: 16
	evict counters: 255 255 255 255 255 255 255 255 255 255 255 255 255 253 253 6
	eager counters: 255 255 255 255 255 255 255 255 255 255 255 255 255 255 241 193
num evicts: 15400000, p: 57570, s: 4446478 	 max proactive lookup: 15, max shadow lookup: 16
	evict counters: 255 255 255 255 255 255 255 255 255 255 255 254 255 255 254 11
	eager counters: 255 255 255 255 255 255 255 255 255 255 255 255 255 255 243 194
num evicts: 15500000, p: 57849, s: 4474378 	 max proactive lookup: 15, max shadow lookup: 16
	evict counters: 255 255 255 255 255 255 255 255 255 255 255 255 253 255 253 11
	eager counters: 255 255 255 255 255 255 255 255 255 255 255 255 255 255 243 194
num evicts: 15600000, p: 58104, s: 4503512 	 max proactive lookup: 15, max shadow lookup: 16
	evict counters: 255 255 255 255 255 255 255 255 255 255 255 255 255 255 251 19
	eager counters: 255 255 255 255 255 255 255 255 255 255 255 255 255 255 243 194
num evicts: 15700000, p: 58350, s: 4532844 	 max proactive lookup: 15, max shadow lookup: 16
	evict counters: 255 255 255 255 255 255 255 255 255 255 255 255 255 254 254 22
	eager counters: 255 255 255 255 255 255 255 255 255 255 255 255 255 255 243 194
num evicts: 15800000, p: 58615, s: 4561653 	 max proactive lookup: 15, max shadow lookup: 16
	evict counters: 255 255 255 255 255 255 255 255 255 255 255 253 255 252 255 16
	eager counters: 255 255 255 255 255 255 255 255 255 255 255 255 255 255 243 194
num evicts: 15900000, p: 58875, s: 4590034 	 max proactive lookup: 15, max shadow lookup: 16
	evict counters: 255 255 255 255 255 255 255 255 255 255 255 255 255 255 245 2
	eager counters: 255 255 255 255 255 255 255 255 255 255 255 255 255 255 243 194
num evicts: 16000000, p: 59173, s: 4618841 	 max proactive lookup: 15, max shadow lookup: 16
	evict counters: 255 255 255 255 255 255 255 255 255 255 255 254 254 253 248 6
	eager counters: 255 255 255 255 255 255 255 255 255 255 255 255 255 255 244 194
num evicts: 16100000, p: 59417, s: 4648163 	 max proactive lookup: 15, max shadow lookup: 16
	evict counters: 255 255 255 255 255 255 255 255 255 255 255 255 255 255 251 9
	eager counters: 255 255 255 255 255 255 255 255 255 255 255 255 255 255 245 194
num evicts: 16200000, p: 59657, s: 4677340 	 max proactive lookup: 15, max shadow lookup: 16
	evict counters: 255 255 255 255 255 255 255 255 255 255 255 255 255 255 255 8
	eager counters: 255 255 255 255 255 255 255 255 255 255 255 255 255 255 245 195
num evicts: 16300000, p: 59952, s: 4705238 	 max proactive lookup: 15, max shadow lookup: 16
	evict counters: 255 255 255 255 255 255 255 255 255 255 255 255 254 255 254 15
	eager counters: 255 255 255 255 255 255 255 255 255 255 255 255 255 255 249 195
num evicts: 16400000, p: 60232, s: 4733501 	 max proactive lookup: 15, max shadow lookup: 16
	evict counters: 255 255 255 255 255 255 255 255 255 255 255 255 254 255 254 17
	eager counters: 255 255 255 255 255 255 255 255 255 255 255 255 255 255 249 195
num evicts: 16500000, p: 60561, s: 4763426 	 max proactive lookup: 15, max shadow lookup: 16
	evict counters: 255 255 255 255 255 255 255 255 255 255 255 255 255 252 255 18
	eager counters: 255 255 255 255 255 255 255 255 255 255 255 255 255 255 249 195
num evicts: 16600000, p: 60904, s: 4790827 	 max proactive lookup: 15, max shadow lookup: 16
	evict counters: 255 255 255 255 255 255 255 255 255 255 255 255 255 255 254 22
	eager counters: 255 255 255 255 255 255 255 255 255 255 255 255 255 255 250 195
num evicts: 16700000, p: 61342, s: 4820820 	 max proactive lookup: 15, max shadow lookup: 16
	evict counters: 255 255 255 255 255 255 255 255 255 255 255 255 254 253 252 7
	eager counters: 255 255 255 255 255 255 255 255 255 255 255 255 255 255 250 196
num evicts: 16800000, p: 61788, s: 4846464 	 max proactive lookup: 15, max shadow lookup: 16
	evict counters: 255 255 255 255 255 255 255 255 255 255 254 255 255 255 254 8
	eager counters: 255 255 255 255 255 255 255 255 255 255 255 255 255 255 252 196
Heartbeat CPU 0 instructions: 40000007 cycles: 86068885 heartbeat IPC: 0.209 cumulative IPC: 0.2088 (Simulation time: 02 hr 58 min 37 sec)
Heartbeat CPU 4 instructions: 40000007 cycles: 86195152 heartbeat IPC: 0.2079 cumulative IPC: 0.2085 (Simulation time: 02 hr 58 min 48 sec)
Heartbeat CPU 6 instructions: 40000007 cycle