---------------------------------------
Begin Slurm Prolog: Apr-07-2025 19:29:00
Job ID:    3599832
User ID:   svittal8
Account:   gts-mqureshi4-rg
Job name:  wrap
Partition: cpu-small
QOS:       inferno
---------------------------------------
/var/lib/slurm/slurmd/job3599832/slurm_script: line 4: 2221443 Floating point exception./bin/bard_close TRACES/ctf/google/charlie.champsim.trace.gz TRACES/ctf/google/charlie.champsim.trace.gz TRACES/ctf/google/charlie.champsim.trace.gz TRACES/ctf/google/charlie.champsim.trace.gz TRACES/ctf/google/charlie.champsim.trace.gz TRACES/ctf/google/charlie.champsim.trace.gz TRACES/ctf/google/charlie.champsim.trace.gz TRACES/ctf/google/charlie.champsim.trace.gz --warmup-instructions 25000000 --simulation-instructions 100000000 --dram-page-policy 1 --bard-use-bitvector --bard-max-lookup 2
---------------------------------------
Begin Slurm Epilog: Apr-07-2025 19:29:01
Job ID:        3599832
User ID:       svittal8
Account:       gts-mqureshi4-rg
Job name:      wrap
Resources:     cpu=1,mem=4G,node=1
Rsrc Used:     cput=00:00:00,vmem=0,walltime=00:00:00,mem=22548K,energy_used=0
Partition:     cpu-small
QOS:           inferno
Nodes:         atl1-1-02-008-2-1
---------------------------------------
