[VMEM] WARNING: physical memory size is smaller than virtual memory size.
dram page policy: is open = 0	is close = 1	is soft close = 0	cmd arg = 1

*** ChampSim Multicore Out-of-Order Simulator ***
Warmup Instructions: 25000000
Simulation Instructions: 50000000
Number of CPUs: 8
Page size: 2097152

CL :	 16.64 ns
CWL :	 15.808 ns
tRP :	 16.224 ns
tRCD :	 16.224 ns
tRAS :	 32.032000000000004 ns
tRTP :	 7.904 ns
tWR :	 30.368000000000002 ns

tCCD_S :	 3.3280000000000003 ns
tCCD_S_WR :	 3.3280000000000003 ns
tCCD_S_WTR :	 22.048000000000002 ns
tCCD_L :	 5.408 ns
tCCD_L_WR :	 20.384 ns
tCCD_L_WTR :	 29.536 ns
tRRD_S :	 3.3280000000000003 ns
tRRD_L :	 5.408 ns
tFAW :	 13.728 ns
Address mapping (perm = 1) 	ch co bg bg bg ba ba co co co co co co ro ro ro ro ro ro ro ro ro ro ro ro ro ro ro 
dram queue size: R = 64 W = 48 (low:high is 9:39)
max lookup for evict 0	evict = 16, eager = 16
max lookup for evict 0	evict = 16, eager = 16
max lookup for evict 100000	evict = 8, eager = 16
max lookup for evict 200000	evict = 10, eager = 16
max lookup for evict 300000	evict = 10, eager = 16
max lookup for evict 400000	evict = 12, eager = 16
max lookup for evict 500000	evict = 12, eager = 16
max lookup for evict 600000	evict = 12, eager = 16
max lookup for evict 700000	evict = 15, eager = 16
max lookup for evict 800000	evict = 15, eager = 16
max lookup for evict 900000	evict = 15, eager = 16
max lookup for evict 1000000	evict = 15, eager = 16
max lookup for evict 1100000	evict = 15, eager = 16
max lookup for evict 1200000	evict = 15, eager = 16
max lookup for evict 1300000	evict = 15, eager = 16
max lookup for evict 1400000	evict = 14, eager = 16
max lookup for evict 1500000	evict = 14, eager = 16
max lookup for evict 1600000	evict = 14, eager = 16
max lookup for evict 1700000	evict = 14, eager = 16
max lookup for evict 1800000	evict = 14, eager = 16
max lookup for evict 1900000	evict = 14, eager = 16
max lookup for evict 2000000	evict = 14, eager = 16
max lookup for evict 2100000	evict = 14, eager = 16
max lookup for evict 2200000	evict = 14, eager = 16
max lookup for evict 2300000	evict = 14, eager = 16
max lookup for evict 2400000	evict = 14, eager = 16
max lookup for evict 2500000	evict = 14, eager = 16
max lookup for evict 2600000	evict = 14, eager = 16
max lookup for evict 2700000	evict = 14, eager = 16
max lookup for evict 2800000	evict = 14, eager = 16
max lookup for evict 2900000	evict = 14, eager = 16
max lookup for evict 3000000	evict = 14, eager = 16
max lookup for evict 3100000	evict = 14, eager = 16
max lookup for evict 3200000	evict = 14, eager = 16
max lookup for evict 3300000	evict = 14, eager = 16
max lookup for evict 3400000	evict = 14, eager = 16
max lookup for evict 3500000	evict = 14, eager = 16
max lookup for evict 3600000	evict = 14, eager = 16
max lookup for evict 3700000	evict = 14, eager = 16
max lookup for evict 3800000	evict = 14, eager = 16
max lookup for evict 3900000	evict = 14, eager = 16
max lookup for evict 4000000	evict = 14, eager = 16
max lookup for evict 4100000	evict = 14, eager = 16
max lookup for evict 4200000	evict = 14, eager = 16
max lookup for evict 4300000	evict = 15, eager = 16
max lookup for evict 4400000	evict = 15, eager = 16
max lookup for evict 4500000	evict = 14, eager = 16
max lookup for evict 4600000	evict = 14, eager = 16
max lookup for evict 4700000	evict = 14, eager = 16
Heartbeat CPU 0 instructions: 10000003 cycles: 6643770 heartbeat IPC: 1.505 cumulative IPC: 1.505 (Simulation time: 00 hr 31 min 17 sec)
Heartbeat CPU 1 instructions: 10000003 cycles: 6644404 heartbeat IPC: 1.505 cumulative IPC: 1.505 (Simulation time: 00 hr 31 min 18 sec)
Heartbeat CPU 2 instructions: 10000003 cycles: 6644900 heartbeat IPC: 1.505 cumulative IPC: 1.505 (Simulation time: 00 hr 31 min 18 sec)
Heartbeat CPU 3 instructions: 10000003 cycles: 6645078 heartbeat IPC: 1.505 cumulative IPC: 1.505 (Simulation time: 00 hr 31 min 18 sec)
Heartbeat CPU 4 instructions: 10000003 cycles: 6645255 heartbeat IPC: 1.505 cumulative IPC: 1.505 (Simulation time: 00 hr 31 min 18 sec)
Heartbeat CPU 5 instructions: 10000003 cycles: 6645464 heartbeat IPC: 1.505 cumulative IPC: 1.505 (Simulation time: 00 hr 31 min 18 sec)
Heartbeat CPU 6 instructions: 10000003 cycles: 6645663 heartbeat IPC: 1.505 cumulative IPC: 1.505 (Simulation time: 00 hr 31 min 18 sec)
Heartbeat CPU 7 instructions: 10000003 cycles: 6645816 heartbeat IPC: 1.505 cumulative IPC: 1.505 (Simulation time: 00 hr 31 min 18 sec)
max lookup for evict 4800000	evict = 14, eager = 16
max lookup for evict 4900000	evict = 14, eager = 16
max lookup for evict 5000000	evict = 14, eager = 16
max lookup for evict 5100000	evict = 14, eager = 16
max lookup for evict 5200000	evict = 14, eager = 16
max lookup for evict 5300000	evict = 14, eager = 16
max lookup for evict 5400000	evict = 14, eager = 16
max lookup for evict 5500000	evict = 14, eager = 16
max lookup for evict 5600000	evict = 14, eager = 16
max lookup for evict 5700000	evict = 14, eager = 16
max lookup for evict 5800000	evict = 14, eager = 16
max lookup for evict 5900000	evict = 14, eager = 16
max lookup for evict 6000000	evict = 14, eager = 16
max lookup for evict 6100000	evict = 14, eager = 16
max lookup for evict 6200000	evict = 14, eager = 16
max lookup for evict 6300000	evict = 14, eager = 16
max lookup for evict 6400000	evict = 14, eager = 16
max lookup for evict 6500000	evict = 14, eager = 16
max lookup for evict 6600000	evict = 14, eager = 16
max lookup for evict 6700000	evict = 14, eager = 16
max lookup for evict 6800000	evict = 14, eager = 16
max lookup for evict 6900000	evict = 14, eager = 16
max lookup for evict 7000000	evict = 14, eager = 16
max lookup for evict 7100000	evict = 14, eager = 16
max lookup for evict 7200000	evict = 14, eager = 16
max lookup for evict 7300000	evict = 14, eager = 16
max lookup for evict 7400000	evict = 14, eager = 16
max lookup for evict 7500000	evict = 14, eager = 16
max lookup for evict 7600000	evict = 14, eager = 16
max lookup for evict 7700000	evict = 14, eager = 16
max lookup for evict 7800000	evict = 14, eager = 16
max lookup for evict 7900000	evict = 14, eager = 16
max lookup for evict 8000000	evict = 14, eager = 16
max lookup for evict 8100000	evict = 14, eager = 16
max lookup for evict 8200000	evict = 14, eager = 16
max lookup for evict 8300000	evict = 14, eager = 16
max lookup for evict 8400000	evict = 14, eager = 16
max lookup for evict 8500000	evict = 14, eager = 16
max lookup for evict 8600000	evict = 14, eager = 16
max lookup for evict 8700000	evict = 14, eager = 16
max lookup for evict 8800000	evict = 14, eager = 16
max lookup for evict 8900000	evict = 14, eager = 16
max lookup for evict 9000000	evict = 14, eager = 16
max lookup for evict 9100000	evict = 14, eager = 16
max lookup for evict 9200000	evict = 14, eager = 16
max lookup for evict 9300000	evict = 14, eager = 16
max lookup for evict 9400000	evict = 15, eager = 16
max lookup for evict 9500000	evict = 15, eager = 16
max lookup for evict 9600000	evict = 15, eager = 16
Heartbeat CPU 0 instructions: 20000004 cycles: 13310447 heartbeat IPC: 1.5 cumulative IPC: 1.503 (Simulation time: 00 hr 59 min 25 sec)
Heartbeat CPU 1 instructions: 20000004 cycles: 13310976 heartbeat IPC: 1.5 cumulative IPC: 1.503 (Simulation time: 00 hr 59 min 25 sec)
Heartbeat CPU 3 instructions: 20000004 cycles: 13311994 heartbeat IPC: 1.5 cumulative IPC: 1.502 (Simulation time: 00 hr 59 min 26 sec)
Heartbeat CPU 2 instructions: 20000004 cycles: 13312008 heartbeat IPC: 1.5 cumulative IPC: 1.502 (Simulation time: 00 hr 59 min 26 sec)
Heartbeat CPU 4 instructions: 20000004 cycles: 13312123 heartbeat IPC: 1.5 cumulative IPC: 1.502 (Simulation time: 00 hr 59 min 26 sec)
max lookup for evict 9700000	evict = 15, eager = 16
Heartbeat CPU 5 instructions: 20000004 cycles: 13312276 heartbeat IPC: 1.5 cumulative IPC: 1.502 (Simulation time: 00 hr 59 min 26 sec)
Heartbeat CPU 6 instructions: 20000004 cycles: 13312411 heartbeat IPC: 1.5 cumulative IPC: 1.502 (Simulation time: 00 hr 59 min 26 sec)
Heartbeat CPU 7 instructions: 20000004 cycles: 13312548 heartbeat IPC: 1.5 cumulative IPC: 1.502 (Simulation time: 00 hr 59 min 26 sec)
max lookup for evict 9800000	evict = 15, eager = 16
max lookup for evict 9900000	evict = 15, eager = 16
max lookup for evict 10000000	evict = 15, eager = 16
max lookup for evict 10100000	evict = 14, eager = 16
max lookup for evict 10200000	evict = 14, eager = 16
max lookup for evict 10300000	evict = 15, eager = 16
max lookup for evict 10400000	evict = 15, eager = 16
max lookup for evict 10500000	evict = 15, eager = 16
max lookup for evict 10600000	evict = 15, eager = 16
max lookup for evict 10700000	evict = 15, eager = 16
max lookup for evict 10800000	evict = 15, eager = 16
max lookup for evict 10900000	evict = 15, eager = 16
max lookup for evict 11000000	evict = 15, eager = 16
max lookup for evict 11100000	evict = 15, eager = 16
max lookup for evict 11200000	evict = 15, eager = 16
max lookup for evict 11300000	evict = 15, eager = 16
max lookup for evict 11400000	evict = 15, eager = 16
max lookup for evict 11500000	evict = 15, eager = 16
max lookup for evict 11600000	evict = 15, eager = 16
max lookup for evict 11700000	evict = 15, eager = 16
max lookup for evict 11800000	evict = 15, eager = 16
max lookup for evict 11900000	evict = 15, eager = 16
max lookup for evict 12000000	evict = 15, eager = 16
max lookup for evict 12100000	evict = 15, eager = 16
Warmup finished CPU 0 instructions: 25000003 cycles: 16643466 cumulative IPC: 1.502 (Simulation time: 01 hr 12 min 26 sec)
Warmup finished CPU 1 instructions: 25000003 cycles: 16644108 cumulative IPC: 1.502 (Simulation time: 01 hr 12 min 26 sec)
Warmup finished CPU 2 instructions: 25000003 cycles: 16645629 cumulative IPC: 1.502 (Simulation time: 01 hr 12 min 27 sec)
Warmup finished CPU 3 instructions: 25000003 cycles: 16645670 cumulative IPC: 1.502 (Simulation time: 01 hr 12 min 27 sec)
Warmup finished CPU 4 instructions: 25000003 cycles: 16645718 cumulative IPC: 1.502 (Simulation time: 01 hr 12 min 27 sec)
Warmup finished CPU 5 instructions: 25000003 cycles: 16645760 cumulative IPC: 1.502 (Simulation time: 01 hr 12 min 27 sec)
Warmup finished CPU 6 instructions: 25000003 cycles: 16645824 cumulative IPC: 1.502 (Simulation time: 01 hr 12 min 27 sec)
Warmup finished CPU 7 instructions: 25000003 cycles: 16645905 cumulative IPC: 1.502 (Simulation time: 01 hr 12 min 27 sec)
Warmup complete CPU 7 instructions: 25000003 cycles: 16645905 cumulative IPC: 1.502 (Simulation time: 01 hr 12 min 27 sec)
Warmup complete CPU 6 instructions: 25000116 cycles: 16645905 cumulative IPC: 1.502 (Simulation time: 01 hr 12 min 27 sec)
Warmup complete CPU 5 instructions: 25000212 cycles: 16645905 cumulative IPC: 1.502 (Simulation time: 01 hr 12 min 27 sec)
Warmup complete CPU 4 instructions: 25000261 cycles: 16645905 cumulative IPC: 1.502 (Simulation time: 01 hr 12 min 27 sec)
Warmup complete CPU 3 instructions: 25000356 cycles: 16645905 cumulative IPC: 1.502 (Simulation time: 01 hr 12 min 27 sec)
Warmup complete CPU 2 instructions: 25000405 cycles: 16645905 cumulative IPC: 1.502 (Simulation time: 01 hr 12 min 27 sec)
Warmup complete CPU 1 instructions: 25002708 cycles: 16645905 cumulative IPC: 1.502 (Simulation time: 01 hr 12 min 27 sec)
Warmup complete CPU 0 instructions: 25003668 cycles: 16645905 cumulative IPC: 1.502 (Simulation time: 01 hr 12 min 27 sec)
max lookup for evict 12200000	evict = 15, eager = 16
max lookup for evict 12300000	evict = 15, eager = 16
max lookup for evict 12400000	evict = 15, eager = 16
max lookup for evict 12500000	evict = 15, eager = 16
max lookup for evict 12600000	evict = 15, eager = 16
max lookup for evict 12700000	evict = 15, eager = 16
max lookup for evict 12800000	evict = 15, eager = 16
max lookup for evict 12900000	evict = 15, eager = 16
max lookup for evict 13000000	evict = 15, eager = 16
max lookup for evict 13100000	evict = 15, eager = 16
max lookup for evict 13200000	evict = 15, eager = 16
max lookup for evict 13300000	evict = 15, eager = 16
max lookup for evict 13400000	evict = 15, eager = 16
max lookup for evict 13500000	evict = 15, eager = 16
max lookup for evict 13600000	evict = 15, eager = 16
max lookup for evict 13700000	evict = 15, eager = 16
max lookup for evict 13800000	evict = 15, eager = 16
max lookup for evict 13900000	evict = 15, eager = 16
max lookup for evict 14000000	evict = 15, eager = 16
max lookup for evict 14100000	evict = 15, eager = 16
max lookup for evict 14200000	evict = 15, eager = 16
max lookup for evict 14300000	evict = 15, eager = 16
max lookup for evict 14400000	evict = 15, eager = 16
max lookup for evict 14500000	evict = 15, eager = 16
max lookup for evict 14600000	evict = 15, eager = 16
Heartbeat CPU 5 instructions: 30000005 cycles: 44465005 heartbeat IPC: 0.321 cumulative IPC: 0.1797 (Simulation time: 01 hr 56 min 34 sec)
Heartbeat CPU 7 instructions: 30000005 cycles: 44571916 heartbeat IPC: 0.3199 cumulative IPC: 0.179 (Simulation time: 01 hr 56 min 44 sec)
Heartbeat CPU 4 instructions: 30000007 cycles: 44598794 heartbeat IPC: 0.3196 cumulative IPC: 0.1789 (Simulation time: 01 hr 56 min 47 sec)
Heartbeat CPU 3 instructions: 30000005 cycles: 44724068 heartbeat IPC: 0.3183 cumulative IPC: 0.1781 (Simulation time: 01 hr 56 min 58 sec)
Heartbeat CPU 6 instructions: 30000005 cycles: 44759241 heartbeat IPC: 0.318 cumulative IPC: 0.1778 (Simulation time: 01 hr 57 min 02 sec)
Heartbeat CPU 1 instructions: 30000007 cycles: 44840500 heartbeat IPC: 0.3172 cumulative IPC: 0.1772 (Simulation time: 01 hr 57 min 09 sec)
Heartbeat CPU 2 instructions: 30000007 cycles: 44898674 heartbeat IPC: 0.3166 cumulative IPC: 0.177 (Simulation time: 01 hr 57 min 15 sec)
Heartbeat CPU 0 instructions: 30000005 cycles: 44946912 heartbeat IPC: 0.3161 cumulative IPC: 0.1765 (Simulation time: 01 hr 57 min 19 sec)
max lookup for evict 14700000	evict = 15, eager = 16
max lookup for evict 14800000	evict = 15, eager = 16
max lookup for evict 14800000	evict = 15, eager = 16
max lookup for evict 14900000	evict = 15, eager = 16
max lookup for evict 15000000	evict = 15, eager = 16
max lookup for evict 15100000	evict = 15, eager = 16
max lookup for evict 15200000	evict = 15, eager = 16
max lookup for evict 15300000	evict = 15, eager = 16
max lookup for evict 15400000	evict = 15, eager = 16
max lookup for evict 15500000	evict = 15, eager = 16
max lookup for evict 15600000	evict = 15, eager = 16
max lookup for evict 15700000	evict = 15, eager = 16
max lookup for evict 15800000	evict = 15, eager = 16
max lookup for evict 15900000	evict = 15, eager = 16
max lookup for evict 16000000	evict = 15, eager = 16
max lookup for evict 16100000	evict = 15, eager = 16
max lookup for evict 16200000	evict = 15, eager = 16
max lookup for evict 16300000	evict = 15, eager = 16
max lookup for evict 16400000	evict = 15, eager = 16
max lookup for evict 16500000	evict = 15, eager = 16
max lookup for evict 16600000	evict = 15, eager = 16
max lookup for evict 16700000	evict = 15, eager = 16
max lookup for evict 16800000	evict = 15, eager = 16
max lookup for evict 16900000	evict = 15, eager = 16
max lookup for evict 17000000	evict = 15, eager = 16
max lookup for evict 17100000	evict = 15, eager = 16
max lookup for evict 17200000	evict = 15, eager = 16
max lookup for evict 17300000	evict = 15, eager = 16
max lookup for evict 17400000	evict = 15, eager = 16
max lookup for evict 17500000	evict = 15, eager = 16
max lookup for evict 17600000	evict = 15, eager = 16
max lookup for evict 17700000	evict = 15, eager = 16
max lookup for evict 17800000	evict = 15, eager = 16
max lookup for evict 17900000	evict = 15, eager = 16
max lookup for evict 18000000	evict = 15, eager = 16
max lookup for evict 18100000	evict = 15, eager = 16
max lookup for evict 18200000	evict = 15, eager = 16
max lookup for evict 18300000	evict = 15, eager = 16
max lookup for evict 18400000	evict = 15, eager = 16
max lookup for evict 18500000	evict = 15, eager = 16
max lookup for evict 18600000	evict = 15, eager = 16
max lookup for evict 18700000	evict = 15, eager = 16
max lookup for evict 18800000	evict = 15, eager = 16
max lookup for evict 18900000	evict = 15, eager = 16
max lookup for evict 19000000	evict = 15, eager = 16
max lookup for evict 19100000	evict = 15, eager = 16
max lookup for evict 19200000	evict = 15, eager = 16
max lookup for evict 19300000	evict = 15, eager = 16
max lookup for evict 19400000	evict = 15, eager = 16
max lookup for evict 19500000	evict = 15, eager = 16
max lookup for evict 19600000	evict = 15, eager = 16
Heartbeat CPU 5 instructions: 40000008 cycles: 100099302 heartbeat IPC: 0.1797 cumulative IPC: 0.1797 (Simulation time: 03 hr 19 min 15 sec)
Heartbeat CPU 7 instructions: 40000009 cycles: 100196938 heartbeat IPC: 0.1798 cumulative IPC: 0.1795 (Simulation time: 03 hr 19 min 23 sec)
Heartbeat CPU 6 instructions: 40000009 cycles: 100316875 heartbeat IPC: 0.18 cumulative IPC: 0.1793 (Simulation time: 03 hr 19 min 34 sec)
Heartbeat CPU 0 instructions: 40000009 cycles: 100532475 heartbeat IPC: 0.1799 cumulative IPC: 0.1788 (Simulation time: 03 hr 19 min 52 sec)
Heartbeat CPU 3 instructions: 40000009 cycles: 100645265 heartbeat IPC: 0.1788 cumulative IPC: 0.1786 (Simulation time: 03 hr 20 min 02 sec)
Heartbeat CPU 2 instructions: 40000011 cycles: 100665772 heartbeat IPC: 0.1793 cumulative IPC: 0.1785 (Simulation time: 03 hr 20 min 04 sec)
Heartbeat CPU 4 instructions: 40000009 cycles: 100696370 heartbeat IPC: 0.1783 cumulative IPC: 0.1785 (Simulation time: 03 hr 20 min 07 sec)
Heartbeat CPU 1 instructions: 40000011 cycles: 100816745 heartbeat IPC: 0.1786 cumulative IPC: 0.1782 (Simulation time: 03 hr 20 min 17 sec)
max lookup for evict 19700000	evict = 15, eager = 16
max lookup for evict 19800000	evict = 15, eager = 16
max lookup for evict 19900000	evict = 15, eager = 16
max lookup for evict 20000000	evict = 15, eager = 16
max lookup for evict 20100000	evict = 15, eager = 16
max lookup for evict 20200000	evict = 15, eager = 16
max lookup for evict 20300000	evict = 15, eager = 16
max lookup for evict 20400000	evict = 15, eager = 16
max lookup for evict 20500000	evict = 15, eager = 16
max lookup for evict 20600000	evict = 15, eager = 16
max lookup for evict 20700000	evict = 15, eager = 16
max lookup for evict 20800000	evict = 15, eager = 16
max lookup for evict 20900000	evict = 15, eager = 16
max lookup for evict 21000000	evict = 15, eager = 16
max lookup for evict 21100000	evict = 15, eager = 16
max lookup for evict 21200000	evict = 15, eager = 16
max lookup for evict 21300000	evict = 15, eager = 16
max lookup for evict 21400000	evict = 15, eager = 16
max lookup for evict 21500000	evict = 15, eager = 16
max lookup for evict 21600000	evict = 15, eager = 16
max lookup for evict 21700000	evict = 15, eager = 16
max lookup for evict 21800000	evict = 15, eager = 16
max lookup for evict 21900000	evict = 15, eager = 16
max lookup for evict 22000000	evict = 15, eager = 16
max lookup for evict 22100000	evict = 15, eager = 16
max lookup for evict 22200000	evict = 15, eager = 16
max lookup for evict 22300000	evict = 15, eager = 16
max lookup for evict 22400000	evict = 15, eager = 16
max lookup for evict 22500000	evict = 15, eager = 16
max lookup for evict 22600000	evict = 15, eager = 16
max lookup for evict 22700000	evict = 15, eager = 16
max lookup for evict 22800000	evict = 15, eager = 16
max lookup for evict 22900000	evict = 15, eager = 16
max lookup for evict 23000000	evict = 15, eager = 16
max lookup for evict 23100000	evict = 15, eager = 16
max lookup for evict 23200000	evict = 15, eager = 16
max lookup for evict 23300000	evict = 15, eager = 16
max lookup for evict 23400000	evict = 15, eager = 16
max lookup for evict 23500000	evict = 15, eager = 16
max lookup for evict 23600000	evict = 15, eager = 16
max lookup for evict 23700000	evict = 15, eager = 16
max lookup for evict 23800000	evict = 15, eager = 16
max lookup for evict 23900000	evict = 15, eager = 16
max lookup for evict 24000000	evict = 15, eager = 16
max lookup for evict 24100000	evict = 15, eager = 16
max lookup for evict 24200000	evict = 15, eager = 16
max lookup for evict 24300000	evict = 15, eager = 16
max lookup for evict 24400000	evict = 15, eager = 16
max lookup for evict 24500000	evict = 15, eager = 16
max lookup for evict 24600000	evict = 15, eager = 16
Heartbeat CPU 7 instructions: 50000011 cycles: 155897320 heartbeat IPC: 0.1795 cumulative IPC: 0.1795 (Simulation time: 04 hr 38 min 58 sec)
Heartbeat CPU 5 instructions: 50000011 cycles: 156071789 heartbeat IPC: 0.1787 cumulative IPC: 0.1793 (Simulation time: 04 hr 39 min 13 sec)
Heartbeat CPU 4 instructions: 50000011 cycles: 156099623 heartbeat IPC: 0.1805 cumulative IPC: 0.1793 (Simulation time: 04 hr 39 min 15 sec)
Heartbeat CPU 0 instructions: 50000013 cycles: 156270622 heartbeat IPC: 0.1794 cumulative IPC: 0.179 (Simulation time: 04 hr 39 min 30 sec)
Heartbeat CPU 3 instructions: 50000013 cycles: 156272137 heartbeat IPC: 0.1798 cumulative IPC: 0.179 (Simulation time: 04 hr 39 min 30 sec)
Heartbeat CPU 2 instructions: 50000011 cycles: 156366552 heartbeat IPC: 0.1795 cumulative IPC: 0.1789 (Simulation time: 04 hr 39 min 38 sec)
Heartbeat CPU 6 instructions: 50000011 cycles: 156375305 heartbeat IPC: 0.1784 cumulative IPC: 0.1789 (Simulation time: 04 hr 39 min 38 sec)
Heartbeat CPU 1 instructions: 50000011 cycles: 156633559 heartbeat IPC: 0.1792 cumulative IPC: 0.1786 (Simulation time: 04 hr 40 min 00 sec)
max lookup for evict 24700000	evict = 15, eager = 16
max lookup for evict 24800000	evict = 15, eager = 16
max lookup for evict 24900000	evict = 15, eager = 16
max lookup for evict 25000000	evict = 14, eager = 16
max lookup for evict 25100000	evict = 14, eager = 16
max lookup for evict 25200000	evict = 14, eager = 16
max lookup for evict 25300000	evict = 14, eager = 16
max lookup for evict 25400000	evict = 14, eager = 16
max lookup for evict 25500000	evict = 15, eager = 16
max lookup for evict 25600000	evict = 15, eager = 16
max lookup for evict 25700000	evict = 15, eager = 16
max lookup for evict 25800000	evict = 15, eager = 16
max lookup for evict 25900000	evict = 15, eager = 16
max lookup for evict 26000000	evict = 15, eager = 16
max lookup for evict 26100000	evict = 15, eager = 16
max lookup for evict 26200000	evict = 15, eager = 16
max lookup for evict 26300000	evict = 15, eager = 16
max lookup for evict 26400000	evict = 15, eager = 16
max lookup for evict 26500000	evict = 15, eager = 16
max lookup for evict 26600000	evict = 15, eager = 16
max lookup for evict 26700000	evict = 15, eager = 16
max lookup for evict 26800000	evict = 15, eager = 16
max lookup for evict 26900000	evict = 15, eager = 16
max lookup for evict 27000000	evict = 15, eager = 16
max lookup for evict 27100000	evict = 15, eager = 16
max lookup for evict 27200000	evict = 15, eager = 16
max lookup for evict 27300000	evict = 15, eager = 16
max lookup for evict 27400000	evict = 15, eager = 16
max lookup for evict 27500000	evict = 15, eager = 16
max lookup for evict 27600000	evict = 15, eager = 16
max lookup for evict 27700000	evict = 15, eager = 16
max lookup for evict 27800000	evict = 15, eager = 16
max lookup for evict 27900000	evict = 15, eager = 16
max lookup for evict 28000000	evict = 15, eager = 16
max lookup for evict 28100000	evict = 15, eager = 16
max lookup for evict 28200000	evict = 15, eager = 16
max lookup for evict 28300000	evict = 15, eager = 16
max lookup for evict 28400000	evict = 15, eager = 16
max lookup for evict 28500000	evict = 15, eager = 16
max lookup for evict 28600000	evict = 15, eager = 16
max lookup for evict 28700000	evict = 15, eager = 16
max lookup for evict 28800000	evict = 15, eager = 16
max lookup for evict 28900000	evict = 15, eager = 16
max lookup for evict 29000000	evict = 15, eager = 16
max lookup for evict 29100000	evict = 15, eager = 16
max lookup for evict 29200000	evict = 15, eager = 16
max lookup for evict 29300000	evict = 15, eager = 16
max lookup for evict 29400000	evict = 15, eager = 16
max lookup for evict 29500000	evict = 15, eager = 16
Heartbeat CPU 7 instructions: 60000015 cycles: 211313075 heartbeat IPC: 0.1805 cumulative IPC: 0.1798 (Simulation time: 05 hr 59 min 28 sec)
Heartbeat CPU 4 instructions: 60000012 cycles: 211731880 heartbeat IPC: 0.1798 cumulative IPC: 0.1794 (Simulation time: 06 hr 00 min 05 sec)
max lookup for evict 29600000	evict = 15, eager = 16
Heartbeat CPU 5 instructions: 60000012 cycles: 212075065 heartbeat IPC: 0.1786 cumulative IPC: 0.1791 (Simulation time: 06 hr 00 min 35 sec)
Heartbeat CPU 0 instructions: 60000015 cycles: 212089296 heartbe