[VMEM] WARNING: physical memory size is smaller than virtual memory size.
dram page policy: is open = 0	is close = 0	is soft close = 1	cmd arg = 2

*** ChampSim Multicore Out-of-Order Simulator ***
Warmup Instructions: 25000000
Simulation Instructions: 100000000
Number of CPUs: 8
Page size: 2097152

CL :	 16.64 ns
CWL :	 15.808 ns
tRP :	 16.224 ns
tRCD :	 16.224 ns
tRAS :	 32.032000000000004 ns
tRTP :	 7.904 ns
tWR :	 30.368000000000002 ns

tCCD_S :	 3.3280000000000003 ns
tCCD_S_WR :	 3.3280000000000003 ns
tCCD_S_WTR :	 22.048000000000002 ns
tCCD_L :	 5.408 ns
tCCD_L_WR :	 20.384 ns
tCCD_L_WTR :	 29.536 ns
tRRD_S :	 3.3280000000000003 ns
tRRD_L :	 5.408 ns
tFAW :	 13.728 ns
Address mapping (perm = 1) 	ch co bg bg bg ba ba co co co co co co ro ro ro ro ro ro ro ro ro ro ro ro ro ro ro 
dram queue size: R = 64 W = 64 (low:high is 16:48)
max lookup for evict 0	evict = 16, eager = 16
Heartbeat CPU 7 instructions: 10000001 cycles: 2517532 heartbeat IPC: 3.972 cumulative IPC: 3.972 (Simulation time: 00 hr 07 min 39 sec)
Heartbeat CPU 0 instructions: 10000001 cycles: 2518221 heartbeat IPC: 3.971 cumulative IPC: 3.971 (Simulation time: 00 hr 07 min 39 sec)
Heartbeat CPU 3 instructions: 10000001 cycles: 2518302 heartbeat IPC: 3.971 cumulative IPC: 3.971 (Simulation time: 00 hr 07 min 39 sec)
Heartbeat CPU 6 instructions: 10000003 cycles: 2518344 heartbeat IPC: 3.971 cumulative IPC: 3.971 (Simulation time: 00 hr 07 min 39 sec)
Heartbeat CPU 1 instructions: 10000000 cycles: 2520642 heartbeat IPC: 3.967 cumulative IPC: 3.967 (Simulation time: 00 hr 07 min 39 sec)
Heartbeat CPU 5 instructions: 10000001 cycles: 2520738 heartbeat IPC: 3.967 cumulative IPC: 3.967 (Simulation time: 00 hr 07 min 39 sec)
Heartbeat CPU 4 instructions: 10000000 cycles: 2520850 heartbeat IPC: 3.967 cumulative IPC: 3.967 (Simulation time: 00 hr 07 min 39 sec)
Heartbeat CPU 2 instructions: 10000003 cycles: 2521116 heartbeat IPC: 3.966 cumulative IPC: 3.966 (Simulation time: 00 hr 07 min 40 sec)
Heartbeat CPU 7 instructions: 20000003 cycles: 5032522 heartbeat IPC: 3.976 cumulative IPC: 3.974 (Simulation time: 00 hr 15 min 19 sec)
Heartbeat CPU 0 instructions: 20000003 cycles: 5033194 heartbeat IPC: 3.976 cumulative IPC: 3.974 (Simulation time: 00 hr 15 min 19 sec)
Heartbeat CPU 3 instructions: 20000003 cycles: 5033270 heartbeat IPC: 3.976 cumulative IPC: 3.974 (Simulation time: 00 hr 15 min 19 sec)
Heartbeat CPU 6 instructions: 20000003 cycles: 5033275 heartbeat IPC: 3.976 cumulative IPC: 3.974 (Simulation time: 00 hr 15 min 19 sec)
Heartbeat CPU 1 instructions: 20000003 cycles: 5041093 heartbeat IPC: 3.968 cumulative IPC: 3.967 (Simulation time: 00 hr 15 min 21 sec)
Heartbeat CPU 4 instructions: 20000004 cycles: 5041288 heartbeat IPC: 3.968 cumulative IPC: 3.967 (Simulation time: 00 hr 15 min 21 sec)
Heartbeat CPU 5 instructions: 20000003 cycles: 5041326 heartbeat IPC: 3.967 cumulative IPC: 3.967 (Simulation time: 00 hr 15 min 21 sec)
Heartbeat CPU 2 instructions: 20000003 cycles: 5041967 heartbeat IPC: 3.967 cumulative IPC: 3.967 (Simulation time: 00 hr 15 min 21 sec)
Warmup finished CPU 0 instructions: 25000000 cycles: 6289589 cumulative IPC: 3.975 (Simulation time: 00 hr 19 min 10 sec)
Warmup finished CPU 3 instructions: 25000000 cycles: 6289680 cumulative IPC: 3.975 (Simulation time: 00 hr 19 min 10 sec)
Warmup finished CPU 7 instructions: 25000003 cycles: 6289748 cumulative IPC: 3.975 (Simulation time: 00 hr 19 min 10 sec)
Warmup finished CPU 6 instructions: 25000000 cycles: 6290533 cumulative IPC: 3.974 (Simulation time: 00 hr 19 min 10 sec)
Warmup finished CPU 1 instructions: 25000000 cycles: 6301401 cumulative IPC: 3.967 (Simulation time: 00 hr 19 min 13 sec)
Warmup finished CPU 5 instructions: 25000000 cycles: 6301549 cumulative IPC: 3.967 (Simulation time: 00 hr 19 min 13 sec)
Warmup finished CPU 4 instructions: 25000000 cycles: 6301816 cumulative IPC: 3.967 (Simulation time: 00 hr 19 min 13 sec)
Warmup finished CPU 2 instructions: 25000000 cycles: 6301966 cumulative IPC: 3.967 (Simulation time: 00 hr 19 min 13 sec)
Warmup complete CPU 7 instructions: 25048151 cycles: 6301966 cumulative IPC: 3.975 (Simulation time: 00 hr 19 min 13 sec)
Warmup complete CPU 6 instructions: 25045231 cycles: 6301966 cumulative IPC: 3.974 (Simulation time: 00 hr 19 min 13 sec)
Warmup complete CPU 5 instructions: 25001580 cycles: 6301966 cumulative IPC: 3.967 (Simulation time: 00 hr 19 min 13 sec)
Warmup complete CPU 4 instructions: 25000357 cycles: 6301966 cumulative IPC: 3.967 (Simulation time: 00 hr 19 min 13 sec)
Warmup complete CPU 3 instructions: 25048581 cycles: 6301966 cumulative IPC: 3.975 (Simulation time: 00 hr 19 min 13 sec)
Warmup complete CPU 2 instructions: 25000000 cycles: 6301966 cumulative IPC: 3.967 (Simulation time: 00 hr 19 min 13 sec)
Warmup complete CPU 1 instructions: 25002132 cycles: 6301966 cumulative IPC: 3.967 (Simulation time: 00 hr 19 min 13 sec)
Warmup complete CPU 0 instructions: 25048964 cycles: 6301966 cumulative IPC: 3.975 (Simulation time: 00 hr 19 min 13 sec)
Heartbeat CPU 0 instructions: 30000005 cycles: 7879741 heartbeat IPC: 3.513 cumulative IPC: 3.138 (Simulation time: 00 hr 23 min 49 sec)
Heartbeat CPU 3 instructions: 30000005 cycles: 7879891 heartbeat IPC: 3.513 cumulative IPC: 3.138 (Simulation time: 00 hr 23 min 49 sec)
Heartbeat CPU 7 instructions: 30000005 cycles: 7880502 heartbeat IPC: 3.511 cumulative IPC: 3.137 (Simulation time: 00 hr 23 min 49 sec)
Heartbeat CPU 6 instructions: 30000005 cycles: 7882252 heartbeat IPC: 3.51 cumulative IPC: 3.135 (Simulation time: 00 hr 23 min 50 sec)
Heartbeat CPU 5 instructions: 30000005 cycles: 7896789 heartbeat IPC: 3.502 cumulative IPC: 3.134 (Simulation time: 00 hr 23 min 52 sec)
Heartbeat CPU 4 instructions: 30000005 cycles: 7897883 heartbeat IPC: 3.501 cumulative IPC: 3.133 (Simulation time: 00 hr 23 min 52 sec)
Heartbeat CPU 2 instructions: 30000005 cycles: 7898817 heartbeat IPC: 3.5 cumulative IPC: 3.131 (Simulation time: 00 hr 23 min 52 sec)
Heartbeat CPU 1 instructions: 30000005 cycles: 7899926 heartbeat IPC: 3.498 cumulative IPC: 3.128 (Simulation time: 00 hr 23 min 53 sec)
Heartbeat CPU 0 instructions: 40000007 cycles: 11097138 heartbeat IPC: 3.108 cumulative IPC: 3.118 (Simulation time: 00 hr 32 min 56 sec)
Heartbeat CPU 3 instructions: 40000007 cycles: 11098326 heartbeat IPC: 3.107 cumulative IPC: 3.117 (Simulation time: 00 hr 32 min 56 sec)
Heartbeat CPU 7 instructions: 40000007 cycles: 11100500 heartbeat IPC: 3.106 cumulative IPC: 3.116 (Simulation time: 00 hr 32 min 56 sec)
Heartbeat CPU 6 instructions: 40000007 cycles: 11100960 heartbeat IPC: 3.107 cumulative IPC: 3.116 (Simulation time: 00 hr 32 min 56 sec)
Heartbeat CPU 5 instructions: 40000007 cycles: 11111130 heartbeat IPC: 3.111 cumulative IPC: 3.119 (Simulation time: 00 hr 32 min 58 sec)
Heartbeat CPU 4 instructions: 40000007 cycles: 11114583 heartbeat IPC: 3.109 cumulative IPC: 3.117 (Simulation time: 00 hr 32 min 59 sec)
Heartbeat CPU 2 instructions: 40000007 cycles: 11114792 heartbeat IPC: 3.109 cumulative IPC: 3.117 (Simulation time: 00 hr 32 min 59 sec)
Heartbeat CPU 1 instructions: 40000007 cycles: 11117301 heartbeat IPC: 3.108 cumulative IPC: 3.115 (Simulation time: 00 hr 32 min 59 sec)
Heartbeat CPU 0 instructions: 50000011 cycles: 14246240 heartbeat IPC: 3.176 cumulative IPC: 3.141 (Simulation time: 00 hr 41 min 43 sec)
Heartbeat CPU 3 instructions: 50000011 cycles: 14247710 heartbeat IPC: 3.175 cumulative IPC: 3.14 (Simulation time: 00 hr 41 min 43 sec)
Heartbeat CPU 7 instructions: 50000008 cycles: 14250030 heartbeat IPC: 3.175 cumulative IPC: 3.139 (Simulation time: 00 hr 41 min 43 sec)
Heartbeat CPU 6 instructions: 50000008 cycles: 14250902 heartbeat IPC: 3.175 cumulative IPC: 3.139 (Simulation time: 00 hr 41 min 43 sec)
Heartbeat CPU 5 instructions: 50000007 cycles: 14258583 heartbeat IPC: 3.177 cumulative IPC: 3.142 (Simulation time: 00 hr 41 min 45 sec)
Heartbeat CPU 2 instructions: 50000007 cycles: 14261986 heartbeat IPC: 3.177 cumulative IPC: 3.141 (Simulation time: 00 hr 41 min 45 sec)
Heartbeat CPU 4 instructions: 50000009 cycles: 14262935 heartbeat IPC: 3.176 cumulative IPC: 3.14 (Simulation time: 00 hr 41 min 45 sec)
Heartbeat CPU 1 instructions: 50000009 cycles: 14267741 heartbeat IPC: 3.174 cumulative IPC: 3.138 (Simulation time: 00 hr 41 min 46 sec)
Heartbeat CPU 0 instructions: 60000011 cycles: 17408814 heartbeat IPC: 3.162 cumulative IPC: 3.147 (Simulation time: 00 hr 50 min 27 sec)
Heartbeat CPU 3 instructions: 60000011 cycles: 17409214 heartbeat IPC: 3.163 cumulative IPC: 3.147 (Simulation time: 00 hr 50 min 27 sec)
Heartbeat CPU 7 instructions: 60000011 cycles: 17412421 heartbeat IPC: 3.162 cumulative IPC: 3.146 (Simulation time: 00 hr 50 min 28 sec)
Heartbeat CPU 6 instructions: 60000011 cycles: 17412448 heartbeat IPC: 3.163 cumulative IPC: 3.146 (Simulation time: 00 hr 50 min 28 sec)
Heartbeat CPU 5 instructions: 60000011 cycles: 17419141 heartbeat IPC: 3.164 cumulative IPC: 3.148 (Simulation time: 00 hr 50 min 29 sec)
Heartbeat CPU 2 instructions: 60000011 cycles: 17422996 heartbeat IPC: 3.164 cumulative IPC: 3.147 (Simulation time: 00 hr 50 min 30 sec)
Heartbeat CPU 4 instructions: 60000011 cycles: 17423025 heartbeat IPC: 3.164 cumulative IPC: 3.147 (Simulation time: 00 hr 50 min 30 sec)
Heartbeat CPU 1 instructions: 60000011 cycles: 17431290 heartbeat IPC: 3.161 cumulative IPC: 3.145 (Simulation time: 00 hr 50 min 31 sec)
Heartbeat CPU 0 instructions: 70000012 cycles: 20573979 heartbeat IPC: 3.159 cumulative IPC: 3.15 (Simulation time: 00 hr 59 min 13 sec)
Heartbeat CPU 3 instructions: 70000014 cycles: 20574500 heartbeat IPC: 3.159 cumulative IPC: 3.15 (Simulation time: 00 hr 59 min 13 sec)
Heartbeat CPU 6 instructions: 70000014 cycles: 20578639 heartbeat IPC: 3.158 cumulative IPC: 3.149 (Simulation time: 00 hr 59 min 14 sec)
Heartbeat CPU 7 instructions: 70000012 cycles: 20579000 heartbeat IPC: 3.158 cumulative IPC: 3.149 (Simulation time: 00 hr 59 min 14 sec)
Heartbeat CPU 5 instructions: 70000014 cycles: 20583443 heartbeat IPC: 3.16 cumulative IPC: 3.151 (Simulation time: 00 hr 59 min 15 sec)
Heartbeat CPU 2 instructions: 70000014 cycles: 20586723 heartbeat IPC: 3.161 cumulative IPC: 3.15 (Simulation time: 00 hr 59 min 15 sec)
Heartbeat CPU 4 instructions: 70000014 cycles: 20587023 heartbeat IPC: 3.161 cumulative IPC: 3.15 (Simulation time: 00 hr 59 min 15 sec)
Heartbeat CPU 1 instructions: 70000014 cycles: 20598626 heartbeat IPC: 3.157 cumulative IPC: 3.147 (Simulation time: 00 hr 59 min 17 sec)
Heartbeat CPU 0 instructions: 80000014 cycles: 23714102 heartbeat IPC: 3.185 cumulative IPC: 3.156 (Simulation time: 01 hr 07 min 57 sec)
Heartbeat CPU 3 instructions: 80000014 cycles: 23715103 heartbeat IPC: 3.184 cumulative IPC: 3.156 (Simulation time: 01 hr 07 min 57 sec)
Heartbeat CPU 6 instructions: 80000014 cycles: 23719165 heartbeat IPC: 3.184 cumulative IPC: 3.155 (Simulation time: 01 hr 07 min 58 sec)
Heartbeat CPU 7 instructions: 80000014 cycles: 23720041 heartbeat IPC: 3.184 cumulative IPC: 3.155 (Simulation time: 01 hr 07 min 58 sec)
Heartbeat CPU 5 instructions: 80000014 cycles: 23723592 heartbeat IPC: 3.185 cumulative IPC: 3.157 (Simulation time: 01 hr 07 min 58 sec)
Heartbeat CPU 2 instructions: 80000014 cycles: 23725267 heartbeat IPC: 3.186 cumulative IPC: 3.157 (Simulation time: 01 hr 07 min 59 sec)
Heartbeat CPU 4 instructions: 80000014 cycles: 23725966 heartbeat IPC: 3.186 cumulative IPC: 3.157 (Simulation time: 01 hr 07 min 59 sec)
Heartbeat CPU 1 instructions: 80000014 cycles: 23741279 heartbeat IPC: 3.182 cumulative IPC: 3.154 (Simulation time: 01 hr 08 min 01 sec)
Heartbeat CPU 0 instructions: 90000015 cycles: 26845894 heartbeat IPC: 3.193 cumulative IPC: 3.162 (Simulation time: 01 hr 16 min 38 sec)
Heartbeat CPU 3 instructions: 90000015 cycles: 26846761 heartbeat IPC: 3.193 cumulative IPC: 3.161 (Simulation time: 01 hr 16 min 39 sec)
Heartbeat CPU 6 instructions: 90000015 cycles: 26851313 heartbeat IPC: 3.193 cumulative IPC: 3.161 (Simulation time: 01 hr 16 min 39 sec)
Heartbeat CPU 7 instructions: 90000015 cycles: 26852977 heartbeat IPC: 3.192 cumulative IPC: 3.161 (Simulation time: 01 hr 16 min 40 sec)
Heartbeat CPU 5 instructions: 90000015 cycles: 26854772 heartbeat IPC: 3.194 cumulative IPC: 3.163 (Simulation time: 01 hr 16 min 40 sec)
Heartbeat CPU 2 instructions: 90000015 cycles: 26855869 heartbeat IPC: 3.194 cumulative IPC: 3.162 (Simulation time: 01 hr 16 min 40 sec)
Heartbeat CPU 4 instructions: 90000015 cycles: 26856644 heartbeat IPC: 3.194 cumulative IPC: 3.162 (Simulation time: 01 hr 16 min 40 sec)
Heartbeat CPU 1 instructions: 90000015 cycles: 26875686 heartbeat IPC: 3.19 cumulative IPC: 3.159 (Simulation time: 01 hr 16 min 43 sec)
Heartbeat CPU 0 instructions: 100000015 cycles: 30017063 heartbeat IPC: 3.153 cumulative IPC: 3.16 (Simulation time: 01 hr 25 min 21 sec)
Heartbeat CPU 3 instructions: 100000016 cycles: 30018315 heartbeat IPC: 3.153 cumulative IPC: 3.16 (Simulation time: 01 hr 25 min 22 sec)
Heartbeat CPU 6 instructions: 100000017 cycles: 30022338 heartbeat IPC: 3.154 cumulative IPC: 3.16 (Simulation time: 01 hr 25 min 22 sec)
Heartbeat CPU 7 instructions: 100000018 cycles: 30025296 heartbeat IPC: 3.152 cumulative IPC: 3.159 (Simulation time: 01 hr 25 min 23 sec)
Heartbeat CPU 5 instructions: 100000016 cycles: 30025975 heartbeat IPC: 3.153 cumulative IPC: 3.161 (Simulation time: 01 hr 25 min 23 sec)
Heartbeat CPU 2 instructions: 100000016 cycles: 30026125 heartbeat IPC: 3.154 cumulative IPC: 3.161 (Simulation time: 01 hr 25 min 23 sec)
Heartbeat CPU 4 instructions: 100000018 cycles: 30026642 heartbeat IPC: 3.155 cumulative IPC: 3.161 (Simulation time: 01 hr 25 min 23 sec)
Heartbeat CPU 1 instructions: 100000017 cycles: 30045545 heartbeat IPC: 3.155 cumulative IPC: 3.159 (Simulation time: 01 hr 25 min 26 sec)
Heartbeat CPU 0 instructions: 110000019 cycles: 33191891 heartbeat IPC: 3.15 cumulative IPC: 3.159 (Simulation time: 01 hr 34 min 08 sec)
Heartbeat CPU 3 instructions: 110000019 cycles: 33193653 heartbeat IPC: 3.149 cumulative IPC: 3.159 (Simulation time: 01 hr 34 min 08 sec)
Heartbeat CPU 6 instructions: 110000019 cycles: 33196734 heartbeat IPC: 3.15 cumulative IPC: 3.159 (Simulation time: 01 hr 34 min 08 sec)
Heartbeat CPU 4 instructions: 110000019 cycles: 33201342 heartbeat IPC: 3.15 cumulative IPC: 3.16 (Simulation time: 01 hr 34 min 09 sec)
Heartbeat CPU 5 instructions: 110000019 cycles: 33201534 heartbeat IPC: 3.149 cumulative IPC: 3.16 (Simulation time: 01 hr 34 min 09 sec)
Heartbeat CPU 2 instructions: 110000019 cycles: 33202987 heartbeat IPC: 3.148 cumulative IPC: 3.16 (Simulation time: 01 hr 34 min 09 sec)
Heartbeat CPU 7 instructions: 110000019 cycles: 33203397 heartbeat IPC: 3.147 cumulative IPC: 3.158 (Simulation time: 01 hr 34 min 10 sec)
Heartbeat CPU 1 instructions: 110000019 cycles: 33221601 heartbeat IPC: 3.149 cumulative IPC: 3.157 (Simulation time: 01 hr 34 min 13 sec)
Heartbeat CPU 0 instructions: 120000023 cycles: 36371771 heartbeat IPC: 3.145 cumulative IPC: 3.158 (Simulation time: 01 hr 42 min 55 sec)
Heartbeat CPU 3 instructions: 120000023 cycles: 36373628 heartbeat IPC: 3.145 cumulative IPC: 3.158 (Simulation time: 01 hr 42 min 55 sec)
Heartbeat CPU 6 instructions: 120000023 cycles: 36376265 heartbeat IPC: 3.145 cumulative IPC: 3.157 (Simulation time: 01 hr 42 min 55 sec)
Heartbeat CPU 4 instructions: 120000023 cycles: 36380389 heartbeat IPC: 3.146 cumulative IPC: 3.158 (Simulation time: 01 hr 42 min 56 sec)
Heartbeat CPU 5 instructions: 120000023 cycles: 36381136 heartbeat IPC: 3.145 cumulative IPC: 3.158 (Simulation time: 01 hr 42 min 56 sec)
Heartbeat CPU 2 instructions: 120000023 cycles: 36381624 heartbeat IPC: 3.146 cumulative IPC: 3.158 (Simulation time: 01 hr 42 min 56 sec)
Heartbeat CPU 7 instructions: 120000023 cycles: 36383800 heartbeat IPC: 3.144 cumulative IPC: 3.156 (Simulation time: 01 hr 42 min 57 sec)
Heartbeat CPU 1 instructions: 120000023 cycles: 36400762 heartbeat IPC: 3.145 cumulative IPC: 3.156 (Simulation time: 01 hr 42 min 59 sec)
Simulation finished CPU 4 instructions: 100000000 cycles: 31653506 cumulative IPC: 3.159 (Simulation time: 01 hr 47 min 16 sec)
Simulation finished CPU 5 instructions: 100000004 cycles: 31654799 cumulative IPC: 3.159 (Simulation time: 01 hr 47 min 16 sec)
Simulation finished CPU 2 instructions: 100000001 cycles: 31655396 cumulative IPC: 3.159 (Simulation time: 01 hr 47 min 16 sec)
Simulation finished CPU 0 instructions: 100000001 cycles: 31660791 cumulative IPC: 3.158 (Simulation time: 01 hr 47 min 17 sec)
Simulation finished CPU 3 instructions: 100000004 cycles: 31662438 cumulative IPC: 3.158 (Simulation time: 01 hr 47 min 17 sec)
Simulation finished CPU 6 instructions: 100000000 cycles: 31664602 cumulative IPC: 3.158 (Simulation time: 01 hr 47 min 17 sec)
Simulation finished CPU 7 instructions: 100000000 cycles: 31673968 cumulative IPC: 3.157 (Simulation time: 01 hr 47 min 19 sec)
Simulation finished CPU 1 instructions: 100000001 cycles: 31674539 cumulative IPC: 3.157 (Simulation time: 01 hr 47 min 19 sec)
Simulation complete CPU 7 instructions: 100001743 cycles: 31674539 cumulative IPC: 3.157 (Simulation time: 01 hr 47 min 19 sec)
Simulation complete CPU 6 instructions: 100030318 cycles: 31674539 cumulative IPC: 3.158 (Simulation time: 01 hr 47 min 19 sec)
Simulation complete CPU 5 instructions: 100059411 cycles: 31674539 cumulative IPC: 3.159 (Simulation time: 01 hr 47 min 19 sec)
Simulation complete CPU 4 instructions: 100062979 cycles: 31674539 cumulative IPC: 3.159 (Simulation time: 01 hr 47 min 19 sec)
Simulation complete CPU 3 instructions: 100036854 cycles: 31674539 cumulative IPC: 3.158 (Simulation time: 01 hr 47 min 19 sec)
Simulation complete CPU 2 instructions: 100057522 cycles: 31674539 cumulative IPC: 3.159 (Simulation time: 01 hr 47 min 19 sec)
Simulation complete CPU 1 instructions: 100000001 cycles: 31674539 cumulative IPC: 3.157 (Simulation time: 01 hr 47 min 19 sec)
Simulation complete CPU 0 instructions: 100041720 cycles: 31674539 cumulative IPC: 3.158 (Simulation time: 01 hr 47 min 19 sec)

ChampSim completed all CPUs

=== Simulation ===
CPU 0 runs ../frost/TRACES/ctf/spec2017/644.nab_s-12459B.champsimtrace.xz
CPU 1 runs ../frost/TRACES/ctf/spec2017/644.nab_s-12459B.champsimtrace.xz
CPU 2 runs ../frost/TRACES/ctf/spec2017/644.nab_s-12459B.champsimtrace.xz
CPU 3 runs ../frost/TRACES/ctf/spec2017/644.nab_s-12459B.champsimtrace.xz
CPU 4 runs ../frost/TRACES/ctf/spec2017/644.nab_s-12459B.champsimtrace.xz
CPU 5 runs ../frost/TRACES/ctf/spec2017/644.nab_s-12459B.champsimtrace.xz
CPU 6 runs ../frost/TRACES/ctf/spec2017/644.nab_s-12459B.champsimtrace.xz
CPU 7 runs ../frost/TRACES/ctf/spec2017/644.nab_s-12459B.champsimtrace.xz

Total Simulation Statistics (not including warmup)

CPU 7 cumulative IPC: 3.157 instructions: 100001743 cycles: 31674539
CPU 7 Branch Prediction Accuracy: 100% MPKI: 0 Average ROB Occupancy at Mispredict: -
Branch type MPKI
BRANCH_DIRECT_JUMP: 0
BRANCH_INDIRECT: 0
BRANCH_CONDITIONAL: 0
BRANCH_DIRECT_CALL: 0
BRANCH_INDIRECT_CALL: 0
BRANCH_RETURN: 0


CPU 6 cumulative IPC: 3.158 instructions: 100030318 cycles: 31674539
CPU 6 Branch Prediction Accuracy: 100% MPKI: 0 Average ROB Occupancy at Mispredict: -
Branch type MPKI
BRANCH_DIRECT_JUMP: 0
BRANCH_INDIRECT: 0
BRANCH_CONDITIONAL: 0
BRANCH_DIRECT_CALL: 0
BRANCH_INDIRECT_CALL: 0
BRANCH_RETURN: 0


CPU 5 cumulative IPC: 3.159 instructions: 100059411 cycles: 31674539
CPU 5 Branch Prediction Accuracy: 100% MPKI: 0 Average ROB Occupancy at Mispredict: -
Branch type MPKI
BRANCH_DIRECT_JUMP: 0
BRANCH_INDIRECT: 0
BRANCH_CONDITIONAL: 0
BRANCH_DIRECT_CALL: 0
BRANCH_INDIRECT_CALL: 0
BRANCH_RETURN: 0


CPU 4 cumulative IPC: 3.159 instructions: 100062979 cycles: 31674539
CPU 4 Branch Prediction Accuracy: 100% MPKI: 0 Average ROB Occupancy at Mispredict: -
Branch type MPKI
BRANCH_DIRECT_JUMP: 0
BRANCH_INDIRECT: 0
BRANCH_CONDITIONAL: 0
BRANCH_DIRECT_CALL: 0
BRANCH_INDIRECT_CALL: 0
BRANCH_RETURN: 0


CPU 3 cumulative IPC: 3.158 instructions: 100036854 cycles: 31674539
CPU 3 Branch Prediction Accuracy: 100% MPKI: 0 Average ROB Occupancy at Mispredict: -
Branch type MPKI
BRANCH_DIRECT_JUMP: 0
BRANCH_INDIRECT: 0
BRANCH_CONDITIONAL: 0
BRANCH_DIRECT_CALL: 0
BRANCH_INDIRECT_CALL: 0
BRANCH_RETURN: 0


CPU 2 cumulative IPC: 3.159 instructions: 100057522 cycles: 31674539
CPU 2 Branch Prediction Accuracy: 100% MPKI: 0 Average ROB Occupancy at Mispredict: -
Branch type MPKI
BRANCH_DIRECT_JUMP: 0
BRANCH_INDIRECT: 0
BRANCH_CONDITIONAL: 0
BRANCH_DIRECT_CALL: 0
BRANCH_INDIRECT_CALL: 0
BRANCH_RETURN: 0


CPU 1 cumulative IPC: 3.157 instructions: 100000001 cycles: 31674539
CPU 1 Branch Prediction Accuracy: 100% MPKI: 0 Average ROB Occupancy at Mispredict: -
Branch type MPKI
BRANCH_DIRECT_JUMP: 0
BRANCH_INDIRECT: 0
BRANCH_CONDITIONAL: 0
BRANCH_DIRECT_CALL: 0
BRANCH_INDIRECT_CALL: 0
BRANCH_RETURN: 0


CPU 0 cumulative IPC: 3.158 instructions: 100041720 cycles: 31674539
CPU 0 Branch Prediction Accuracy: 100% MPKI: 0 Average ROB Occupancy at Mispredict: -
Branch type MPKI
BRANCH_DIRECT_JUMP: 0
BRANCH_INDIRECT: 0
BRANCH_CONDITIONAL: 0
BRANCH_DIRECT_CALL: 0
BRANCH_INDIRECT_CALL: 0
BRANCH_RETURN: 0

cpu7->cpu7_L2C TOTAL        ACCESS:     711717 HIT:     680919 MISS:      30798 MSHR_MERGE:          0
cpu7->cpu7_L2C LOAD         ACCESS:     626764 HIT:     610741 MISS:      16023 MSHR_MERGE:          0
cpu7->cpu7_L2C RFO          ACCESS:      34216 HIT:      19475 MISS:      14741 MSHR_MERGE:          0
cpu7->cpu7_L2C PREFETCH     ACCESS:          0 HIT:          0 MISS:          0 MSHR_MERGE:          0
cpu7->cpu7_L2C WRITE        ACCESS:      50737 HIT:      50703 MISS:         34 MSHR_MERGE:          0
cpu7->cpu7_L2C TRANSLATION  ACCESS:          0 HIT:          0 MISS:          0 MSHR_MERGE:          0
cpu7->cpu7_L2C PREFETCH REQUESTED:          0 ISSUED:          0 USEFUL:          0 USELESS:          0
cpu7->cpu7_L2C AVERAGE MISS LATENCY: 107.6 cycles
cpu7->cpu7_L1I TOTAL        ACCESS:   16217757 HIT:   16217757 MISS:          0 MSHR_MERGE:          0
cpu7->cpu7_L1I LOAD         ACCESS:   16217757 HIT:   16217757 MISS:          0 MSHR_MERGE:          0
cpu7->cpu7_L1I RFO          ACCESS:          0 HIT:          0 MISS:          0 MSHR_MERGE:          0
cpu7->cpu7_L1I PREFETCH     ACCESS:          0 HIT:          0 MISS:          0 MSHR_MERGE:          0
cpu7->cpu7_L1I WRITE        ACCESS:          0 HIT:          0 MISS:          0 MSHR_MERGE:          0
cpu7->cpu7_L1I TRANSLATION  ACCESS:          0 HIT:          0 MISS:          0 MSHR_MERGE:          0
cpu7->cpu7_L1I PREFETCH REQUESTED:          0 ISSUED:          0 USEFUL:          0 USELESS:          0
cpu7->cpu7_L1I AVERAGE MISS LATENCY: - cycles
cpu7->cpu7_L1D TOTAL        ACCESS:   22971786 HIT:   21875650 MISS:    1096136 MSHR_MERGE:     435151
cpu7->cpu7_L1D LOAD         ACCESS:   12628756 HIT:   11806099 MISS:     822657 MSHR_MERGE:     195892
cpu7->cpu7_L1D RFO          ACCESS:          0 HIT:          0 MISS:          0 MSHR_MERGE:          0
cpu7->cpu7_L1D PREFETCH     ACCESS:          0 HIT:          0 MISS:          0 MSHR_MERGE:          0
cpu7->cpu7_L1D WRITE        ACCESS:   10343030 HIT:   10069551 MISS:     273479 MSHR_MERGE:     239259
cpu7->cpu7_L1D TRANSLATION  ACCESS:          0 HIT:          0 MISS:          0 MSHR_MERGE:          0
cpu7->cpu7_L1D PREFETCH REQUESTED:          0 ISSUED:          0 USEFUL:          0 USELESS:          0
cpu7->cpu7_L1D AVERAGE MISS LATENCY: 13.07 cycles
cpu7->cpu7_ITLB TOTAL        ACCESS:   14317824 HIT:   14317824 MISS:          0 MSHR_MERGE:          0
cpu7->cpu7_ITLB LOAD         ACCESS:   14317824 HIT:   14317824 MISS:          0 MSHR_MERGE:          0
cpu7->cpu7_ITLB RFO          ACCESS:          0 HIT:          0 MISS:          0 MSHR_MERGE:          0
cpu7->cpu7_ITLB PREFETCH     ACCESS:          0 HIT:          0 MISS:          0 MSHR_MERGE:          0
cpu7->cpu7_ITLB WRITE        ACCESS:          0 HIT:          0 MISS:          0 MSHR_MERGE:          0
cpu7->cpu7_ITLB TRANSLATION  ACCESS:          0 HIT:          0 MISS:          0 MSHR_MERGE:          0
cpu7->cpu7_ITLB PREFETCH REQUESTED:          0 ISSUED:          0 USEFUL:          0 USELESS:          0
cpu7->cpu7_ITLB AVERAGE MISS LATENCY: - cycles
cpu7->cpu7_DTLB TOTAL        ACCESS:   21127036 HIT:   21127036 MISS:          0 MSHR_MERGE:          0
cpu7->cpu7_DTLB LOAD         ACCESS:   21127036 HIT:   21127036 MISS:          0 MSHR_MERGE:          0
cpu7->cpu7_DTLB RFO          ACCESS:          0 HIT:          0 MISS:          0 MSHR_MERGE:          0
cpu7->cpu7_DTLB PREFETCH     ACCESS:          0 HIT:          0 MISS:          0 MSHR_MERGE:          0
cpu7->cpu7_DTLB WRITE        ACCESS:          0 HIT:          0 MISS:          0 MSHR_MERGE:          0
cpu7->cpu7_DTLB TRANSLATION  ACCESS:          0 HIT:          0 MISS:          0 MSHR_MERGE:          0
cpu7->cpu7_DTLB PREFETCH REQUESTED:          0 ISSUED:          0 USEFUL:          0 USELESS:          0
cpu7->cpu7_DTLB AVERAGE MISS LATENCY: - cycles
cpu6->cpu6_L2C TOTAL        ACCESS:     711995 HIT:     681174 MISS:      30821 MSHR_MERGE:          0
cpu6->cpu6_L2C LOAD         ACCESS:     627049 HIT:     611009 MISS:      16040 MSHR_MERGE:          0
cpu6->cpu6_L2C RFO          ACCESS:      34216 HIT:      19473 MISS:      14743 MSHR_MERGE:          0
cpu6->cpu6_L2C PREFETCH     ACCESS:          0 HIT:          0 MISS:          0 MSHR_MERGE:          0
cpu6->cpu6_L2C WRITE        ACCESS:      50730 HIT:      50692 MISS:         38 MSHR_MERGE:          0
cpu6->cpu6_L2C TRANSLATION  ACCESS:          0 HIT:          0 MISS:          0 MSHR_MERGE:          0
cpu6->cpu6_L2C PREFETCH REQUESTED:          0 ISSUED:          0 USEFUL:          0 USELESS:          0
cpu6->cpu6_L2C AVERAGE MISS LATENCY: 102.4 cycles
cpu6->cpu6_L1I TOTAL        ACCESS:   16216642 HIT:   16216642 MISS:          0 MSHR_MERGE:          0
cpu6->cpu6_L1I LOAD         ACCESS:   16216642 HIT:   16216642 MISS:          0 MSHR_MERGE:          0
cpu6->cpu6_L1I RFO          ACCESS:          0 HIT:          0 MISS:          0 MSHR_MERGE:          0
cpu6->cpu6_L1I PREFETCH     ACCESS:          0 HIT:          0 MISS:          0 MSHR_MERGE:          0
cpu6->cpu6_L1I WRITE        ACCESS:          0 HIT:          0 MISS:          0 MSHR_MERGE:          0
cpu6->cpu6_L1I TRANSLATION  ACCESS:          0 HIT:          0 MISS:          0 MSHR_MERGE:          0
cpu6->cpu6_L1I PREFETCH REQUESTED:          0 ISSUED:          0 USEFUL:          0 USELESS:          0
cpu6->cpu6_L1I AVERAGE MISS LATENCY: - cycles
cpu6->cpu6_L1D TOTAL        ACCESS:   22984887 HIT:   21887384 MISS:    1097503 MSHR_MERGE:     436233
cpu6->cpu6_L1D LOAD         ACCESS:   12638002 HIT:   11814021 MISS:     823981 MSHR_MERGE:     196931
cpu6->cpu6_L1D RFO          ACCESS:          0 HIT:          0 MISS:          0 MSHR_MERGE:          0
cpu6->cpu6_L1D PREFETCH     ACCESS:          0 HIT:          0 MISS:          0 MSHR_MERGE:          0
cpu6->cpu6_L1D WRITE        ACCESS:   10346885 HIT:   10073363 MISS:     273522 MSHR_MERGE:     239302
cpu6->cpu6_L1D TRANSLATION  ACCESS:          0 HIT:          0 MISS:          0 MSHR_MERGE:          0
cpu6->cpu6_L1D PREFETCH REQUESTED:          0 ISSUED:          0 USEFUL:          0 USELESS:          0
cpu6->cpu6_L1D AVERAGE MISS LATENCY: 12.83 cycles
cpu6->cpu6_ITLB TOTAL        ACCESS:   14321906 HIT:   14321906 MISS:          0 MSHR_MERGE:          0
cpu6->cpu6_ITLB LOAD         ACCESS:   14321906 HIT:   14321906 MISS:          0 MSHR_MERGE:          0
cpu6->cpu6_ITLB RFO          ACCESS:          0 HIT:          0 MISS:          0 MSHR_MERGE:          0
cpu6->cpu6_ITLB PREFETCH     ACCESS:          0 HIT:          0 MISS:          0 MSHR_MERGE:          0
cpu6->cpu6_ITLB WRITE        ACCESS:          0 HIT:          0 MISS:          0 MSHR_MERGE:          0
cpu6->cpu6_ITLB TRANSLATION  ACCESS:          0 HIT:          0 MISS:          0 MSHR_MERGE:          0
cpu6->cpu6_ITLB PREFETCH REQUESTED:          0 ISSUED:          0 USEFUL:          0 USELESS:          0
cpu6->cpu6_ITLB AVERAGE MISS LATENCY: - cycles
cpu6->cpu6_DTLB TOTAL        ACCESS:   21163936 HIT:   21163936 MISS:          0 MSHR_MERGE:          0
cpu6->cpu6_DTLB LOAD         ACCESS:   21163936 HIT:   21163936 MISS:          0 MSHR_MERGE:          0
cpu6->cpu6_DTLB RFO          ACCESS:          0 HIT:          0 MISS:          0 MSHR_MERGE:          0
cpu6->cpu6_DTLB PREFETCH     ACCESS:          0 HIT:          0 MISS:          0 MSHR_MERGE:          0
cpu6->cpu6_DTLB WRITE        ACCESS:          0 HIT:          0 MISS:          0 MSHR_MERGE:          0
cpu6->cpu6_DTLB TRANSLATION  ACCESS:          0 HIT:          0 MISS:          0 MSHR_MERGE:          0
cpu6->cpu6_DTLB PREFETCH REQUESTED:          0 ISSUED:          0 USEFUL:          0 USELESS:          0
cpu6->cpu6_DTLB AVERAGE MISS LATENCY: - cycles
cpu5->cpu5_L2C TOTAL        ACCESS:     712289 HIT:     681455 MISS:      30834 MSHR_MERGE:          0
cpu5->cpu5_L2C LOAD         ACCESS:     627304 HIT:     611245 MISS:      16059 MSHR_MERGE:          0
cpu5->cpu5_L2C RFO          ACCESS:      34236 HIT:      19494 MISS:      14742 MSHR_MERGE:          0
cpu5->cpu5_L2C PREFETCH     ACCESS:          0 HIT:          0 MISS:          0 MSHR_MERGE:          0
cpu5->cpu5_L2C WRITE        ACCESS:      50749 HIT:      50716 MISS:         33 MSHR_MERGE:          0
cpu5->cpu5_L2C TRANSLATION  ACCESS:          0 HIT:          0 MISS:          0 MSHR_MERGE:          0
cpu5->cpu5_L2C PREFETCH REQUESTED:          0 ISSUED:          0 USEFUL:          0 USELESS:          0
cpu5->cpu5_L2C AVERAGE MISS LATENCY: 103.6 cycles
cpu5->cpu5_L1I TOTAL        ACCESS:   16227427 HIT:   16227427 MISS:          0 MSHR_MERGE:          0
cpu5->cpu5_L1I LOAD         ACCESS:   16227427 HIT:   16227427 MISS:          0 MSHR_MERGE:          0
cpu5->cpu5_L1I RFO          ACCESS:          0 HIT:          0 MISS:          0 MSHR_MERGE:          0
cpu5->cpu5_L1I PREFETCH     ACCESS:          0 HIT:          0 MISS:          0 MSHR_MERGE:          0
cpu5->cpu5_L1I WRITE        ACCESS:          0 HIT:          0 MISS:          0 MSHR_MERGE:          0
cpu5->cpu5_L1I TRANSLATION  ACCESS:          0 HIT:          0 MISS:          0 MSHR_MERGE:          0
cpu5->cpu5_L1I PREFETCH REQUESTED:          0 ISSUED:          0 USEFUL:          0 USELESS:          0
cpu5->cpu5_L1I AVERAGE MISS LATENCY: - cycles
cpu5->cpu5_L1D TOTAL        ACCESS:   22994352 HIT:   21896753 MISS:    1097599 MSHR_MERGE:     436054
cpu5->cpu5_L1D LOAD         ACCESS:   12643599 HIT:   11819511 MISS:     824088 MSHR_MERGE:     196783
cpu5->cpu5_L1D RFO          ACCESS:          0 HIT:          0 MISS:          0 MSHR_MERGE:          0
cpu5->cpu5_L1D PREFETCH     ACCESS:          0 HIT:          0 MISS:          0 MSHR_MERGE:          0
cpu5->cpu5_L1D WRITE        ACCESS:   10350753 HIT:   10077242 MISS:     273511 MSHR_MERGE:     239271
cpu5->cpu5_L1D TRANSLATION  ACCESS:          0 HIT:          0 MISS:          0 MSHR_MERGE:          0
cpu5->cpu5_L1D PREFETCH REQUESTED:          0 ISSUED:          0 USEFUL:          0 USELESS:          0
cpu5->cpu5_L1D AVERAGE MISS LATENCY: 12.88 cycles
cpu5->cpu5_ITLB TOTAL        ACCESS:   14325707 HIT:   14325707 MISS:          0 MSHR_MERGE:          0
cpu5->cpu5_ITLB LOAD         ACCESS:   14325707 HIT:   14325707 MISS:          0 MSHR_MERGE:          0
cpu5->cpu5_ITLB RFO          ACCESS:          0 HIT:          0 MISS:          0 MSHR_MERGE:          0
cpu5->cpu5_ITLB PREFETCH     ACCESS:          0 HIT:          0 MISS:          0 MSHR_MERGE:          0
cpu5->cpu5_ITLB WRITE        ACCESS:          0 HIT:          0 MISS:          0 MSHR_MERGE:          0
cpu5->cpu5_ITLB TRANSLATION  ACCESS:          0 HIT:          0 MISS:          0 MSHR_MERGE:          0
cpu5->cpu5_ITLB PREFETCH REQUESTED:          0 ISSUED:          0 USEFUL:          0 USELESS:          0
cpu5->cpu5_ITLB AVERAGE MISS LATENCY: - cycles
cpu5->cpu5_DTLB TOTAL        ACCESS:   21129977 HIT:   21129977 MISS:          0 MSHR_MERGE:          0
cpu5->cpu5_DTLB LOAD         ACCESS:   21129977 HIT:   21129977 MISS:          0 MSHR_MERGE:          0
cpu5->cpu5_DTLB RFO          ACCESS:          0 HIT:          0 MISS:          0 MSHR_MERGE:          0
cpu5->cpu5_DTLB PREFETCH     ACCESS:          0 HIT:          0 MISS:          0 MSHR_MERGE:          0
cpu5->cpu5_DTLB WRITE        ACCESS:          0 HIT:          0 MISS:          0 MSHR_MERGE:          0
cpu5->cpu5_DTLB TRANSLATION  ACCESS:          0 HIT:          0 MISS:          0 MSHR_MERGE:          0
cpu5->cpu5_DTLB PREFETCH REQUESTED:          0 ISSUED:          0 USEFUL:          0 USELESS:          0
cpu5->cpu5_DTLB AVERAGE MISS LATENCY: - cycles
cpu4->cpu4_L2C TOTAL        ACCESS:     712345 HIT:     681499 MISS:      30846 MSHR_MERGE:          0
cpu4->cpu4_L2C LOAD         ACCESS:     627345 HIT:     611274 MISS:      16071 MSHR_MERGE:          0
cpu4->cpu4_L2C RFO          ACCESS:      34241 HIT:      19499 MISS:      14742 MSHR_MERGE:          0
cpu4->cpu4_L2C PREFETCH     ACCESS:          0 HIT:          0 MISS:          0 MSHR_MERGE:          0
cpu4->cpu4_L2C WRITE        ACCESS:      50759 HIT:      50726 MISS:         33 MSHR_MERGE:          0
cpu4->cpu4_L2C TRANSLATION  ACCESS:          0 HIT:          0 MISS:          0 MSHR_MERGE:          0
cpu4->cpu4_L2C PREFETCH REQUESTED:          0 ISSUED:          0 USEFUL:          0 USELESS:          0
cpu4->cpu4_L2C AVERAGE MISS LATENCY: 106.2 cycles
cpu4->cpu4_L1I TOTAL        ACCESS:   16227658 HIT:   16227658 MISS:          0 MSHR_MERGE:          0
cpu4->cpu4_L1I LOAD         ACCESS:   16227658 HIT:   16227658 MISS:          0 MSHR_MERGE:          0
cpu4->cpu4_L1I RFO          ACCESS:          0 HIT:          0 MISS:          0 MSHR_MERGE:          0
cpu4->cpu4_L1I PREFETCH     ACCESS:          0 HIT:          0 MISS:          0 MSHR_MERGE:          0
cpu4->cpu4_L1I WRITE        ACCESS:          0 HIT:          0 MISS:          0 MSHR_MERGE:          0
cpu4->cpu4_L1I TRANSLATION  ACCESS:          0 HIT:          0 MISS:          0 MSHR_MERGE:          0
cpu4->cpu4_L1I PREFETCH REQUESTED:          0 ISSUED:          0 USEFUL:          0 USELESS:          0
cpu4->cpu4_L1I AVERAGE MISS LATENCY: - cycles
cpu4->cpu4_L1D TOTAL        ACCESS:   22995644 HIT:   21897991 MISS:    1097653 MSHR_MERGE:     436061
cpu4->cpu4_L1D LOAD         ACCESS:   12644445 HIT:   11820338 MISS:     824107 MSHR_MERGE:     196759
cpu4->cpu4_L1D RFO          ACCESS:          0 HIT:          0 MISS:          0 MSHR_MERGE:          0
cpu4->cpu4_L1D PREFETCH     ACCESS:          0 HIT:          0 MISS:          0 MSHR_MERGE:          0
cpu4->cpu4_L1D WRITE        ACCESS:   10351199 HIT:   10077653 MISS:     273546 MSHR_MERGE:     239302
cpu4->cpu4_L1D TRANSLATION  ACCESS:          0 HIT:          0 MISS:          0 MSHR_MERGE:          0
cpu4->cpu4_L1D PREFETCH REQUESTED:          0 ISSUED:          0 USEFUL:          0 USELESS:          0
cpu4->cpu4_L1D AVERAGE MISS LATENCY: 13 cycles
cpu4->cpu4_ITLB TOTAL        ACCESS:   14326289 HIT:   14326289 MISS:          0 MSHR_MERGE:          0
cpu4->cpu4_ITLB LOAD         ACCESS:   14326289 HIT:   14326289 MISS:          0 MSHR_MERGE:          0
cpu4->cpu4_ITLB RFO          ACCESS:          0 HIT:          0 MISS:          0 MSHR_MERGE:          0
cpu4->cpu4_ITLB PREFETCH     ACCESS:          0 HIT:          0 MISS:          0 MSHR_MERGE:          0
cpu4->cpu4_ITLB WRITE        ACCESS:          0 HIT:          0 MISS:          0 MSHR_MERGE:          0
cpu4->cpu4_ITLB TRANSLATION  ACCESS:          0 HIT:          0 MISS:          0 MSHR_MERGE:          0
cpu4->cpu4_ITLB PREFETCH REQUESTED:          0 ISSUED:          0 USEFUL:          0 USELESS:          0
cpu4->cpu4_ITLB AVERAGE MISS LATENCY: - cycles
cpu4->cpu4_DTLB TOTAL        ACCESS:   21132233 HIT:   21132233 MISS:          0 MSHR_MERGE:          0
cpu4->cpu4_DTLB LOAD         ACCESS:   21132233 HIT:   21132233 MISS:          0 MSHR_MERGE:          0
cpu4->cpu4_DTLB RFO          ACCESS:          0 HIT:          0 MISS:          0 MSHR_MERGE:          0
cpu4->cpu4_DTLB PREFETCH     ACCESS:          0 HIT:          0 MISS:          0 MSHR_MERGE:          0
cpu4->cpu4_DTLB WRITE        ACCESS:          0 HIT:          0 MISS:          0 MSHR_MERGE:          0
cpu4->cpu4_DTLB TRANSLATION  ACCESS:          0 HIT:          0 MISS:          0 MSHR_MERGE:          0
cpu4->cpu4_DTLB PREFETCH REQUESTED:          0 ISSUED:          0 USEFUL:          0 USELESS:          0
cpu4->cpu4_DTLB AVERAGE MISS LATENCY: - cycles
cpu3->cpu3_L2C TOTAL        ACCESS:     712023 HIT:     681214 MISS:      30809 MSHR_MERGE:          0
cpu3->cpu3_L2C LOAD         ACCESS:     627082 HIT:     611048 MISS:      16034 MSHR_MERGE:          0
cpu3->cpu3_L2C RFO          ACCESS:      34217 HIT:      19475 MISS:      14742 MSHR_MERGE:          0
cpu3->cpu3_L2C PREFETCH     ACCESS:          0 HIT:          0 MISS:          0 MSHR_MERGE:          0
cpu3->cpu3_L2C WRITE        ACCESS:      50724 HIT:      50691 MISS:         33 MSHR_MERGE:          0
cpu3->cpu3_L2C TRANSLATION  ACCESS:          0 HIT:          0 MISS:          0 MSHR_MERGE:          0
cpu3->cpu3_L2C PREFETCH REQUESTED:          0 ISSUED:          0 USEFUL:          0 USELESS:          0
cpu3->cpu3_L2C AVERAGE MISS LATENCY: 104.4 cycles
cpu3->cpu3_L1I TOTAL        ACCESS:   16224156 HIT:   16224156 MISS:          0 MSHR_MERGE:          0
cpu3->cpu3_L1I LOAD         ACCESS:   16224156 HIT:   16224156 MISS:          0 MSHR_MERGE:          0
cpu3->cpu3_L1I RFO          ACCESS:          0 HIT:          0 MISS:          0 MSHR_MERGE:          0
cpu3->cpu3_L1I PREFETCH     ACCESS:          0 HIT:          0 MISS:          0 MSHR_MERGE:          0
cpu3->cpu3_L1I WRITE        ACCESS:          0 HIT:          0 MISS:          0 MSHR_MERGE:          0
cpu3->cpu3_L1I TRANSLATION  ACCESS:          0 HIT:          0 MISS:          0 MSHR_MERGE:          0
cpu3->cpu3_L1I PREFETCH REQUESTED:          0 ISSUED:          0 USEFUL:          0 USELESS:          0
cpu3->cpu3_L1I AVERAGE MISS LATENCY: - cycles
cpu3->cpu3_L1D TOTAL        ACCESS:   22991682 HIT:   21893618 MISS:    1098064 MSHR_MERGE:     436761
cpu3->cpu3_L1D LOAD         ACCESS:   12643957 HIT:   11819384 MISS:     824573 MSHR_MERGE:     197491
cpu3->cpu3_L1D RFO          ACCESS:          0 HIT:          0 MISS:          0 MSHR_MERGE:          0
cpu3->cpu3_L1D PREFETCH     ACCESS:          0 HIT:          0 MISS:          0 MSHR_MERGE:          0
cpu3->cpu3_L1D WRITE        ACCESS:   10347725 HIT:   10074234 MISS:     273491 MSHR_MERGE:     239270
cpu3->cpu3_L1D TRANSLATION  ACCESS:          0 HIT:          0 MISS:          0 MSHR_MERGE:          0
cpu3->cpu3_L1D PREFETCH REQUESTED:          0 ISSUED:          0 USEFUL:          0 USELESS:          0
cpu3->cpu3_L1D AVERAGE MISS LATENCY: 12.92 cycles
cpu3->cpu3_ITLB TOTAL        ACCESS:   14337416 HIT:   14337416 MISS:          0 MSHR_MERGE:          0
cpu3->cpu3_ITLB LOAD         ACCESS:   14337416 HIT:   14337416 MISS:          0 MSHR_MERGE:          0
cpu3->cpu3_ITLB RFO          ACCESS:          0 HIT:          0 MISS:          0 MSHR_MERGE:          0
cpu3->cpu3_ITLB PREFETCH     ACCESS:          0 HIT:          0 MISS:          0 MSHR_MERGE:          0
cpu3->cpu3_ITLB WRITE        ACCESS:          0 HIT:          0 MISS:          0 MSHR_MERGE:          0
cpu3->cpu3_ITLB TRANSLATION  ACCESS:          0 HIT:          0 MISS:          0 MSHR_MERGE:          0
cpu3->cpu3_ITLB PREFETCH REQUESTED:          0 ISSUED:          0 USEFUL:          0 USELESS:          0
cpu3->cpu3_ITLB AVERAGE MISS LATENCY: - cycles
cpu3->cpu3_DTLB TOTAL        ACCESS:   21178999 HIT:   21178999 MISS:          0 MSHR_MERGE:          0
cpu3->cpu3_DTLB LOAD         ACCESS:   21178999 HIT:   21178999 MISS:          0 MSHR_MERGE:          0
cpu3->cpu3_DTLB RFO          ACCESS:          0 HIT:          0 MISS:          0 MSHR_MERGE:          0
cpu3->cpu3_DTLB PREFETCH     ACCESS:          0 HIT:          0 MISS:          0 MSHR_MERGE:          0
cpu3->cpu3_DTLB WRITE        ACCESS:          0 HIT:          0 MISS:          0 MSHR_MERGE:          0
cpu3->cpu3_DTLB TRANSLATION  ACCESS:          0 HIT:          0 MISS:          0 MSHR_MERGE:          0
cpu3->cpu3_DTLB PREFETCH REQUESTED:          0 ISSUED:          0 USEFUL:          0 USELESS:          0
cpu3->cpu3_DTLB AVERAGE MISS LATENCY: - cycles
cpu2->cpu2_L2C TOTAL        ACCESS:     712318 HIT:     681472 MISS:      30846 MSHR_MERGE:          0
cpu2->cpu2_L2C LOAD         ACCESS:     627296 HIT:     611226 MISS:      16070 MSHR_MERGE:          0
cpu2->cpu2_L2C RFO          ACCESS:      34252 HIT:      19509 MISS:      14743 MSHR_MERGE:          0
cpu2->cpu2_L2C PREFETCH     ACCESS:          0 HIT:          0 MISS:          0 MSHR_MERGE:          0
cpu2->cpu2_L2C WRITE        ACCESS:      50770 HIT:      50737 MISS:         33 MSHR_MERGE:          0
cpu2->cpu2_L2C TRANSLATION  ACCESS:          0 HIT:          0 MISS:          0 MSHR_MERGE:          0
cpu2->cpu2_L2C PREFETCH REQUESTED:          0 ISSUED:          0 USEFUL:          0 USELESS:          0
cpu2->cpu2_L2C AVERAGE MISS LATENCY: 109.9 cycles
cpu2->cpu2_L1I TOTAL        ACCESS:   16226124 HIT:   16226124 MISS:          0 MSHR_MERGE:          0
cpu2->cpu2_L1I LOAD         ACCESS:   16226124 HIT:   16226124 MISS:          0 MSHR_MERGE:          0
cpu2->cpu2_L1I RFO          ACCESS:          0 HIT:          0 MISS:          0 MSHR_MERGE:          0
cpu2->cpu2_L1I PREFETCH     ACCESS:          0 HIT:          0 MISS:          0 MSHR_MERGE:          0
cpu2->cpu2_L1I WRITE        ACCESS:          0 HIT:          0 MISS:          0 MSHR_MERGE:          0
cpu2->cpu2_L1I TRANSLATION  ACCESS:          0 HIT:          0 MISS:          0 MSHR_MERGE:          0
cpu2->cpu2_L1I PREFETCH REQUESTED:          0 ISSUED:          0 USEFUL:          0 USELESS:          0
cpu2->cpu2_L1I AVERAGE MISS LATENCY: - cycles
cpu2->cpu2_L1D TOTAL        ACCESS:   22994692 HIT:   21896882 MISS:    1097810 MSHR_MERGE:     436256
cpu2->cpu2_L1D LOAD         ACCESS:   12644197 HIT:   11819982 MISS:     824215 MSHR_MERGE:     196918
cpu2->cpu2_L1D RFO          ACCESS:          0 HIT:          0 MISS:          0 MSHR_MERGE:          0
cpu2->cpu2_L1D PREFETCH     ACCESS:          0 HIT:          0 MISS:          0 MSHR_MERGE:          0
cpu2->cpu2_L1D WRITE        ACCESS:   10350495 HIT:   10076900 MISS:     273595 MSHR_MERGE:     239338
cpu2->cpu2_L1D TRANSLATION  ACCESS:          0 HIT:          0 MISS:          0 MSHR_MERGE:          0
cpu2->cpu2_L1D PREFETCH REQUESTED:          0 ISSUED:          0 USEFUL:          0 USELESS:          0
cpu2->cpu2_L1D AVERAGE MISS LATENCY: 13.18 cycles
cpu2->cpu2_ITLB TOTAL        ACCESS:   14326786 HIT:   14326786 MISS:          0 MSHR_MERGE:          0
cpu2->cpu2_ITLB LOAD         ACCESS:   14326786 HIT:   14326786 MISS:          0 MSHR_MERGE:          0
cpu2->cpu2_ITLB RFO          ACCESS:          0 HIT:          0 MISS:          0 MSHR_MERGE:          0
cpu2->cpu2_ITLB PREFETCH     ACCESS:          0 HIT:          0 MISS:          0 MSHR_MERGE:          0
cpu2->cpu2_ITLB WRITE        ACCESS:          0 HIT:          0 MISS:          0 MSHR_MERGE:          0
cpu2->cpu2_ITLB TRANSLATION  ACCESS:          0 HIT:          0 MISS:          0 MSHR_MERGE:          0
cpu2->cpu2_ITLB PREFETCH REQUESTED:          0 ISSUED:          0 USEFUL:          0 USELESS:          0
cpu2->cpu2_ITLB AVERAGE MISS LATENCY: - cycles
cpu2->cpu2_DTLB TOTAL        ACCESS:   21131873 HIT:   21131873 MISS:          0 MSHR_MERGE:          0
cpu2->cpu2_DTLB LOAD         ACCESS:   21131873 HIT:   21131873 MISS:          0 MSHR_MERGE:          0
cpu2->cpu2_DTLB RFO          ACCESS:          0 HIT:          0 MISS:          0 MSHR_MERGE:          0
cpu2->cpu2_DTLB PREFETCH     ACCESS:          0 HIT:          0 MISS:          0 MSHR_MERGE:          0
cpu2->cpu2_DTLB WRITE        ACCESS:          0 HIT:          0 MISS:          0 MSHR_MERGE:          0
cpu2->cpu2_DTLB TRANSLATION  ACCESS:          0 HIT:          0 MISS:          0 MSHR_MERGE:          0
cpu2->cpu2_DTLB PREFETCH REQUESTED:          0 ISSUED:          0 USEFUL:          0 USELESS:          0
cpu2->cpu2_DTLB AVERAGE MISS LATENCY: - cycles
cpu1->cpu1_L2C TOTAL        ACCESS:     711493 HIT:     680632 MISS:      30861 MSHR_MERGE:          0
cpu1->cpu1_L2C LOAD         ACCESS:     626659 HIT:     610574 MISS:      16085 MSHR_MERGE:          0
cpu1->cpu1_L2C RFO          ACCESS:      34206 HIT:      19463 MISS:      14743 MSHR_MERGE:          0
cpu1->cpu1_L2C PREFETCH     ACCESS:          0 HIT:          0 MISS:          0 MSHR_MERGE:          0
cpu1->cpu1_L2C WRITE        ACCESS:      50628 HIT:      50595 MISS:         33 MSHR_MERGE:          0
cpu1->cpu1_L2C TRANSLATION  ACCESS:          0 HIT:          0 MISS:          0 MSHR_MERGE:          0
cpu1->cpu1_L2C PREFETCH REQUESTED:          0 ISSUED:          0 USEFUL:          0 USELESS:          0
cpu1->cpu1_L2C AVERAGE MISS LATENCY: 99.4 cycles
cpu1->cpu1_L1I TOTAL        ACCESS:   16218285 HIT:   16218285 MISS:          0 MSHR_MERGE:          0
cpu1->cpu1_L1I LOAD         ACCESS:   16218285 HIT:   16218285 MISS:          0 MSHR_MERGE:          0
cpu1->cpu1_L1I RFO          ACCESS:          0 HIT:          0 MISS:          0 MSHR_MERGE:          0
cpu1->cpu1_L1I PREFETCH     ACCESS:          0 HIT:          0 MISS:          0 MSHR_MERGE:          0
cpu1->cpu1_L1I WRITE        ACCESS:          0 HIT:          0 MISS:          0 MSHR_MERGE:          0
cpu1->cpu1_L1I TRANSLATION  ACCESS:          0 HIT:          0 MISS:          0 MSHR_MERGE:          0
cpu1->cpu1_L1I PREFETCH REQUESTED:          0 ISSUED:          0 USEFUL:          0 USELESS:          0
cpu1->cpu1_L1I AVERAGE MISS LATENCY: - cycles
cpu1->cpu1_L1D TOTAL        ACCESS:   22976660 HIT:   21880423 MISS:    1096237 MSHR_MERGE:     435364
cpu1->cpu1_L1D LOAD         ACCESS:   12633577 HIT:   11810777 MISS:     822800 MSHR_MERGE:     196140
cpu1->cpu1_L1D RFO          ACCESS:          0 HIT:          0 MISS:          0 MSHR_MERGE:          0
cpu1->cpu1_L1D PREFETCH     ACCESS:          0 HIT:          0 MISS:          0 MSHR_MERGE:          0
cpu1->cpu1_L1D WRITE        ACCESS:   10343083 HIT:   10069646 MISS:     273437 MSHR_MERGE:     239224
cpu1->cpu1_L1D TRANSLATION  ACCESS:          0 HIT:          0 MISS:          0 MSHR_MERGE:          0
cpu1->cpu1_L1D PREFETCH REQUESTED:          0 ISSUED:          0 USEFUL:          0 USELESS:          0
cpu1->cpu1_L1D AVERAGE MISS LATENCY: 12.7 cycles
cpu1->cpu1_ITLB TOTAL        ACCESS:   14333147 HIT:   14333147 MISS:          0 MSHR_MERGE:          0
cpu1->cpu1_ITLB LOAD         ACCESS:   14333147 HIT:   14333147 MISS:          0 MSHR_MERGE:          0
cpu1->cpu1_ITLB RFO          ACCESS:          0 HIT:          0 MISS:          0 MSHR_MERGE:          0
cpu1->cpu1_ITLB PREFETCH     ACCESS:          0 HIT:          0 MISS:          0 MSHR_MERGE:          0
cpu1->cpu1_ITLB WRITE        ACCESS:          0 HIT:          0 MISS:          0 MSHR_MERGE:          0
cpu1->cpu1_ITLB TRANSLATION  ACCESS:          0 HIT:          0 MISS:          0 MSHR_MERGE:          0
cpu1->cpu1_ITLB PREFETCH REQUESTED:          0 ISSUED:          0 USEFUL:          0 USELESS:          0
cpu1->cpu1_ITLB AVERAGE MISS LATENCY: - cycles
cpu1->cpu1_DTLB TOTAL        ACCESS:   21120430 HIT:   21120430 MISS:          0 MSHR_MERGE:          0
cpu1->cpu1_DTLB LOAD         ACCESS:   21120430 HIT:   21120430 MISS:          0 MSHR_MERGE:          0
cpu1->cpu1_DTLB RFO          ACCESS:          0 HIT:          0 MISS:          0 MSHR_MERGE:          0
cpu1->cpu1_DTLB PREFETCH     ACCESS:          0 HIT:          0 MISS:          0 MSHR_MERGE:          0
cpu1->cpu1_DTLB WRITE        ACCESS:          0 HIT:          0 MISS:          0 MSHR_MERGE:          0
cpu1->cpu1_DTLB TRANSLATION  ACCESS:          0 HIT:          0 MISS:          0 MSHR_MERGE:          0
cpu1->cpu1_DTLB PREFETCH REQUESTED:          0 ISSUED:          0 USEFUL:          0 USELESS:          0
cpu1->cpu1_DTLB AVERAGE MISS LATENCY: - cycles
cpu0->cpu0_L2C TOTAL        ACCESS:     712095 HIT:     681287 MISS:      30808 MSHR_MERGE:          0
cpu0->cpu0_L2C LOAD         ACCESS:     627128 HIT:     611098 MISS:      16030 MSHR_MERGE:          0
cpu0->cpu0_L2C RFO          ACCESS:      34233 HIT:      19490 MISS:      14743 MSHR_MERGE:          0
cpu0->cpu0_L2C PREFETCH     ACCESS:          0 HIT:          0 MISS:          0 MSHR_MERGE:          0
cpu0->cpu0_L2C WRITE        ACCESS:      50734 HIT:      50699 MISS:         35 MSHR_MERGE:          0
cpu0->cpu0_L2C TRANSLATION  ACCESS:          0 HIT:          0 MISS:          0 MSHR_MERGE:          0
cpu0->cpu0_L2C PREFETCH REQUESTED:          0 ISSUED:          0 USEFUL:          0 USELESS:          0
cpu0->cpu0_L2C AVERAGE MISS LATENCY: 101.4 cycles
cpu0->cpu0_L1I TOTAL        ACCESS:   16224502 HIT:   16224502 MISS:          0 MSHR_MERGE:          0
cpu0->cpu0_L1I LOAD         ACCESS:   16224502 HIT:   16224502 MISS:          0 MSHR_MERGE:          0
cpu0->cpu0_L1I RFO          ACCESS:          0 HIT:          0 MISS:          0 MSHR_MERGE:          0
cpu0->cpu0_L1I PREFETCH     ACCESS:          0 HIT:          0 MISS:          0 MSHR_MERGE:          0
cpu0->cpu0_L1I WRITE        ACCESS:          0 HIT:          0 MISS:          0 MSHR_MERGE:          0
cpu0->cpu0_L1I TRANSLATION  ACCESS:          0 HIT:          0 MISS:          0 MSHR_MERGE:          0
cpu0->cpu0_L1I PREFETCH REQUESTED:          0 ISSUED:          0 USEFUL:          0 USELESS:          0
cpu0->cpu0_L1I AVERAGE MISS LATENCY: - cycles
cpu0->cpu0_L1D TOTAL        ACCESS:   22992167 HIT:   21893885 MISS:    1098282 MSHR_MERGE:     436912
cpu0->cpu0_L1D LOAD         ACCESS:   12643744 HIT:   11818995 MISS:     824749 MSHR_MERGE:     197617
cpu0->cpu0_L1D RFO          ACCESS:          0 HIT:          0 MISS:          0 MSHR_MERGE:          0
cpu0->cpu0_L1D PREFETCH     ACCESS:          0 HIT:          0 MISS:          0 MSHR_MERGE:          0
cpu0->cpu0_L1D WRITE        ACCESS:   10348423 HIT:   10074890 MISS:     273533 MSHR_MERGE:     239295
cpu0->cpu0_L1D TRANSLATION  ACCESS:          0 HIT:          0 MISS:          0 MSHR_MERGE:          0
cpu0->cpu0_L1D PREFETCH REQUESTED:          0 ISSUED:          0 USEFUL:          0 USELESS:          0
cpu0->cpu0_L1D AVERAGE MISS LATENCY: 12.78 cycles
cpu0->cpu0_ITLB TOTAL        ACCESS:   14337063 HIT:   14337063 MISS:          0 MSHR_MERGE:          0
cpu0->cpu0_ITLB LOAD         ACCESS:   14337063 HIT:   14337063 MISS:          0 MSHR_MERGE:          0
cpu0->cpu0_ITLB RFO          ACCESS:          0 HIT:          0 MISS:          0 MSHR_MERGE:          0
cpu0->cpu0_ITLB PREFETCH     ACCESS:          0 HIT:          0 MISS:          0 MSHR_MERGE:          0
cpu0->cpu0_ITLB WRITE        ACCESS:          0 HIT:          0 MISS:          0 MSHR_MERGE:          0
cpu0->cpu0_ITLB TRANSLATION  ACCESS:          0 HIT:          0 MISS:          0 MSHR_MERGE:          0
cpu0->cpu0_ITLB PREFETCH REQUESTED:          0 ISSUED:          0 USEFUL:          0 USELESS:          0
cpu0->cpu0_ITLB AVERAGE MISS LATENCY: - cycles
cpu0->cpu0_DTLB TOTAL        ACCESS:   21179122 HIT:   21179122 MISS:          0 MSHR_MERGE:          0
cpu0->cpu0_DTLB LOAD         ACCESS:   21179122 HIT:   21179122 MISS:          0 MSHR_MERGE:          0
cpu0->cpu0_DTLB RFO          ACCESS:          0 HIT:          0 MISS:          0 MSHR_MERGE:          0
cpu0->cpu0_DTLB PREFETCH     ACCESS:          0 HIT:          0 MISS:          0 MSHR_MERGE:          0
cpu0->cpu0_DTLB WRITE        ACCESS:          0 HIT:          0 MISS:          0 MSHR_MERGE:          0
cpu0->cpu0_DTLB TRANSLATION  ACCESS:          0 HIT:          0 MISS:          0 MSHR_MERGE:          0
cpu0->cpu0_DTLB PREFETCH REQUESTED:          0 ISSUED:          0 USEFUL:          0 USELESS:          0
cpu0->cpu0_DTLB AVERAGE MISS LATENCY: - cycles
cpu0->LLC TOTAL        ACCESS:      44467 HIT:      28141 MISS:      16326 MSHR_MERGE:          0
cpu0->LLC LOAD         ACCESS:      16030 HIT:      14327 MISS:       1703 MSHR_MERGE:          0
cpu0->LLC RFO          ACCESS:      14743 HIT:        205 MISS:      14538 MSHR_MERGE:          0
cpu0->LLC PREFETCH     ACCESS:          0 HIT:          0 MISS:          0 MSHR_MERGE:          0
cpu0->LLC WRITE        ACCESS:      13694 HIT:      13609 MISS:         85 MSHR_MERGE:          0
cpu0->LLC TRANSLATION  ACCESS:          0 HIT:          0 MISS:          0 MSHR_MERGE:          0
cpu0->LLC PREFETCH REQUESTED:          0 ISSUED:          0 USEFUL:          0 USELESS:          0
cpu0->LLC AVERAGE MISS LATENCY: 1342 cycles
cpu1->LLC TOTAL        ACCESS:      44516 HIT:      28177 MISS:      16339 MSHR_MERGE:          0
cpu1->LLC LOAD         ACCESS:      16085 HIT:      14367 MISS:       1718 MSHR_MERGE:          0
cpu1->LLC RFO          ACCESS:      14743 HIT:        205 MISS:      14538 MSHR_MERGE:          0
cpu1->LLC PREFETCH     ACCESS:          0 HIT:          0 MISS:          0 MSHR_MERGE:          0
cpu1->LLC WRITE        ACCESS:      13688 HIT:      13605 MISS:         83 MSHR_MERGE:          0
cpu1->LLC TRANSLATION  ACCESS:          0 HIT:          0 MISS:          0 MSHR_MERGE:          0
cpu1->LLC PREFETCH REQUESTED:          0 ISSUED:          0 USEFUL:          0 USELESS:          0
cpu1->LLC AVERAGE MISS LATENCY: 1341 cycles
cpu2->LLC TOTAL        ACCESS:      44501 HIT:      28180 MISS:      16321 MSHR_MERGE:          0
cpu2->LLC LOAD         ACCESS:      16070 HIT:      14368 MISS:       1702 MSHR_MERGE:          0
cpu2->LLC RFO          ACCESS:      14743 HIT:        205 MISS:      14538 MSHR_MERGE:          0
cpu2->LLC PREFETCH     ACCESS:          0 HIT:          0 MISS:          0 MSHR_MERGE:          0
cpu2->LLC WRITE        ACCESS:      13688 HIT:      13607 MISS:         81 MSHR_MERGE:          0
cpu2->LLC TRANSLATION  ACCESS:          0 HIT:          0 MISS:          0 MSHR_MERGE:          0
cpu2->LLC PREFETCH REQUESTED:          0 ISSUED:          0 USEFUL:          0 USELESS:          0
cpu2->LLC AVERAGE MISS LATENCY: 1342 cycles
cpu3->LLC TOTAL        ACCESS:      44467 HIT:      28145 MISS:      16322 MSHR_MERGE:          0
cpu3->LLC LOAD         ACCESS:      16034 HIT:      14332 MISS:       1702 MSHR_MERGE:          0
cpu3->LLC RFO          ACCESS:      14742 HIT:        204 MISS:      14538 MSHR_MERGE:          0
cpu3->LLC PREFETCH     ACCESS:          0 HIT:          0 MISS:          0 MSHR_MERGE:          0
cpu3->LLC WRITE        ACCESS:      13691 HIT:      13609 MISS:         82 MSHR_MERGE:          0
cpu3->LLC TRANSLATION  ACCESS:          0 HIT:          0 MISS:          0 MSHR_MERGE:          0
cpu3->LLC PREFETCH REQUESTED:          0 ISSUED:          0 USEFUL:          0 USELESS:          0
cpu3->LLC AVERAGE MISS LATENCY: 1342 cycles
cpu4->LLC TOTAL        ACCESS:      44500 HIT:      28163 MISS:      16337 MSHR_MERGE:          0
cpu4->LLC LOAD         ACCESS:      16071 HIT:      14354 MISS:       1717 MSHR_MERGE:          0
cpu4->LLC RFO          ACCESS:      14742 HIT:        204 MISS:      14538 MSHR_MERGE:          0
cpu4->LLC PREFETCH     ACCESS:          0 HIT:          0 MISS:          0 MSHR_MERGE:          0
cpu4->LLC WRITE        ACCESS:      13687 HIT:      13605 MISS:         82 MSHR_MERGE:          0
cpu4->LLC TRANSLATION  ACCESS:          0 HIT:          0 MISS:          0 MSHR_MERGE:          0
cpu4->LLC PREFETCH REQUESTED:          0 ISSUED:          0 USEFUL:          0 USELESS:          0
cpu4->LLC AVERAGE MISS LATENCY: 1341 cycles
cpu5->LLC TOTAL        ACCESS:      44488 HIT:      28153 MISS:      16335 MSHR_MERGE:          0
cpu5->LLC LOAD         ACCESS:      16059 HIT:      14347 MISS:       1712 MSHR_MERGE:          0
cpu5->LLC RFO          ACCESS:      14742 HIT:        204 MISS:      14538 MSHR_MERGE:          0
cpu5->LLC PREFETCH     ACCESS:          0 HIT:          0 MISS:          0 MSHR_MERGE:          0
cpu5->LLC WRITE        ACCESS:      13687 HIT:      13602 MISS:         85 MSHR_MERGE:          0
cpu5->LLC TRANSLATION  ACCESS:          0 HIT:          0 MISS:          0 MSHR_MERGE:          0
cpu5->LLC PREFETCH REQUESTED:          0 ISSUED:          0 USEFUL:          0 USELESS:          0
cpu5->LLC AVERAGE MISS LATENCY: 1341 cycles
cpu6->LLC TOTAL        ACCESS:      44473 HIT:      28149 MISS:      16324 MSHR_MERGE:          0
cpu6->LLC LOAD         ACCESS:      16040 HIT:      14339 MISS:       1701 MSHR_MERGE:          0
cpu6->LLC RFO          ACCESS:      14743 HIT:        205 MISS:      14538 MSHR_MERGE:          0
cpu6->LLC PREFETCH     ACCESS:          0 HIT:          0 MISS:          0 MSHR_MERGE:          0
cpu6->LLC WRITE        ACCESS:      13690 HIT:      13605 MISS:         85 MSHR_MERGE:          0
cpu6->LLC TRANSLATION  ACCESS:          0 HIT:          0 MISS:          0 MSHR_MERGE:          0
cpu6->LLC PREFETCH REQUESTED:          0 ISSUED:          0 USEFUL:          0 USELESS:          0
cpu6->LLC AVERAGE MISS LATENCY: 1342 cycles
cpu7->LLC TOTAL        ACCESS:      44448 HIT:      28127 MISS:      16321 MSHR_MERGE:          0
cpu7->LLC LOAD         ACCESS:      16023 HIT:      14323 MISS:       1700 MSHR_MERGE:          0
cpu7->LLC RFO          ACCESS:      14741 HIT:        203 MISS:      14538 MSHR_MERGE:          0
cpu7->LLC PREFETCH     ACCESS:          0 HIT:          0 MISS:          0 MSHR_MERGE:          0
cpu7->LLC WRITE        ACCESS:      13684 HIT:      13601 MISS:         83 MSHR_MERGE:          0
cpu7->LLC TRANSLATION  ACCESS:          0 HIT:          0 MISS:          0 MSHR_MERGE:          0
cpu7->LLC PREFETCH REQUESTED:          0 ISSUED:          0 USEFUL:          0 USELESS:          0
cpu7->LLC AVERAGE MISS LATENCY: 1342 cycles

Region of Interest Statistics

CPU 7 cumulative IPC: 3.157 instructions: 100000000 cycles: 31673968
CPU 7 Branch Prediction Accuracy: 100% MPKI: 0 Average ROB Occupancy at Mispredict: -
Branch type MPKI
BRANCH_DIRECT_JUMP: 0
BRANCH_INDIRECT: 0
BRANCH_CONDITIONAL: 0
BRANCH_DIRECT_CALL: 0
BRANCH_INDIRECT_CALL: 0
BRANCH_RETURN: 0


CPU 6 cumulative IPC: 3.158 instructions: 100000000 cycles: 31664602
CPU 6 Branch Prediction Accuracy: 100% MPKI: 0 Average ROB Occupancy at Mispredict: -
Branch type MPKI
BRANCH_DIRECT_JUMP: 0
BRANCH_INDIRECT: 0
BRANCH_CONDITIONAL: 0
BRANCH_DIRECT_CALL: 0
BRANCH_INDIRECT_CALL: 0
BRANCH_RETURN: 0


CPU 5 cumulative IPC: 3.159 instructions: 100000004 cycles: 31654799
CPU 5 Branch Prediction Accuracy: 100% MPKI: 0 Average ROB Occupancy at Mispredict: -
Branch type MPKI
BRANCH_DIRECT_JUMP: 0
BRANCH_INDIRECT: 0
BRANCH_CONDITIONAL: 0
BRANCH_DIRECT_CALL: 0
BRANCH_INDIRECT_CALL: 0
BRANCH_RETURN: 0


CPU 4 cumulative IPC: 3.159 instructions: 100000000 cycles: 31653506
CPU 4 Branch Prediction Accuracy: 100% MPKI: 0 Average ROB Occupancy at Mispredict: -
Branch type MPKI
BRANCH_DIRECT_JUMP: 0
BRANCH_INDIRECT: 0
BRANCH_CONDITIONAL: 0
BRANCH_DIRECT_CALL: 0
BRANCH_INDIRECT_CALL: 0
BRANCH_RETURN: 0


CPU 3 cumulative IPC: 3.158 instructions: 100000004 cycles: 31662438
CPU 3 Branch Prediction Accuracy: 100% MPKI: 0 Average ROB Occupancy at Mispredict: -
Branch type MPKI
BRANCH_DIRECT_JUMP: 0
BRANCH_INDIRECT: 0
BRANCH_CONDITIONAL: 0
BRANCH_DIRECT_CALL: 0
BRANCH_INDIRECT_CALL: 0
BRANCH_RETURN: 0


CPU 2 cumulative IPC: 3.159 instructions: 100000001 cycles: 31655396
CPU 2 Branch Prediction Accuracy: 100% MPKI: 0 Average ROB Occupancy at Mispredict: -
Branch type MPKI
BRANCH_DIRECT_JUMP: 0
BRANCH_INDIRECT: 0
BRANCH_CONDITIONAL: 0
BRANCH_DIRECT_CALL: 0
BRANCH_INDIRECT_CALL: 0
BRANCH_RETURN: 0


CPU 1 cumulative IPC: 3.157 instructions: 100000001 cycles: 31674539
CPU 1 Branch Prediction Accuracy: 100% MPKI: 0 Average ROB Occupancy at Mispredict: -
Branch type MPKI
BRANCH_DIRECT_JUMP: 0
BRANCH_INDIRECT: 0
BRANCH_CONDITIONAL: 0
BRANCH_DIRECT_CALL: 0
BRANCH_INDIRECT_CALL: 0
BRANCH_RETURN: 0


CPU 0 cumulative IPC: 3.158 instructions: 100000001 cycles: 31660791
CPU 0 Branch Prediction Accuracy: 100% MPKI: 0 Average ROB Occupancy at Mispredict: -
Branch type MPKI
BRANCH_DIRECT_JUMP: 0
BRANCH_INDIRECT: 0
BRANCH_CONDITIONAL: 0
BRANCH_DIRECT_CALL: 0
BRANCH_INDIRECT_CALL: 0
BRANCH_RETURN: 0

cpu7->cpu7_L2C TOTAL        ACCESS:     711717 HIT:     680919 MISS:      30798 MSHR_MERGE:          0
cpu7->cpu7_L2C LOAD         ACCESS:     626764 HIT:     610741 MISS:      16023 MSHR_MERGE:          0
cpu7->cpu7_L2C RFO          ACCESS:      34216 HIT:      19475 MISS:      14741 MSHR_MERGE:          0
cpu7->cpu7_L2C PREFETCH     ACCESS:          0 HIT:          0 MISS:          0 MSHR_MERGE:          0
cpu7->cpu7_L2C WRITE        ACCESS:      50737 HIT:      50703 MISS:         34 MSHR_MERGE:          0
cpu7->cpu7_L2C TRANSLATION  ACCESS:          0 HIT:          0 MISS:          0 MSHR_MERGE:          0
cpu7->cpu7_L2C PREFETCH REQUESTED:          0 ISSUED:          0 USEFUL:          0 USELESS:          0
cpu7->cpu7_L2C AVERAGE MISS LATENCY: 107.6 cycles
cpu7->cpu7_L1I TOTAL        ACCESS:   16217757 HIT:   16217757 MISS:          0 MSHR_MERGE:          0
cpu7->cpu7_L1I LOAD         ACCESS:   16217757 HIT:   16217757 MISS:          0 MSHR_MERGE:          0
cpu7->cpu7_L1I RFO          ACCESS:          0 HIT:          0 MISS:          0 MSHR_MERGE:          0
cpu7->cpu7_L1I PREFETCH     ACCESS:          0 HIT:          0 MISS:          0 MSHR_MERGE:          0
cpu7->cpu7_L1I WRITE        ACCESS:          0 HIT:          0 MISS:          0 MSHR_MERGE:          0
cpu7->cpu7_L1I TRANSLATION  ACCESS:          0 HIT:          0 MISS:          0 MSHR_MERGE:          0
cpu7->cpu7_L1I PREFETCH REQUESTED:          0 ISSUED:          0 USEFUL:          0 USELESS:          0
cpu7->cpu7_L1I AVERAGE MISS LATENCY: - cycles
cpu7->cpu7_L1D TOTAL        ACCESS:   22971786 HIT:   21875650 MISS:    1096136 MSHR_MERGE:     435151
cpu7->cpu7_L1D LOAD         ACCESS:   12628756 HIT:   11806099 MISS:     822657 MSHR_MERGE:     195892
cpu7->cpu7_L1D RFO          ACCESS:          0 HIT:          0 MISS:          0 MSHR_MERGE:          0
cpu7->cpu7_L1D PREFETCH     ACCESS:          0 HIT:          0 MISS:          0 MSHR_MERGE:          0
cpu7->cpu7_L1D WRITE        ACCESS:   10343030 HIT:   10069551 MISS:     273479 MSHR_MERGE:     239259
cpu7->cpu7_L1D TRANSLATION  ACCESS:          0 HIT:          0 MISS:          0 MSHR_MERGE:          0
cpu7->cpu7_L1D PREFETCH REQUESTED:          0 ISSUED:          0 USEFUL:          0 USELESS:          0
cpu7->cpu7_L1D AVERAGE MISS LATENCY: 13.07 cycles
cpu7->cpu7_ITLB TOTAL        ACCESS:   14317824 HIT:   14317824 MISS:          0 MSHR_MERGE:          0
cpu7->cpu7_ITLB LOAD         ACCESS:   14317824 HIT:   14317824 MISS:          0 MSHR_MERGE:          0
cpu7->cpu7_ITLB RFO          ACCESS:          0 HIT:          0 MISS:          0 MSHR_MERGE:          0
cpu7->cpu7_ITLB PREFETCH     ACCESS:          0 HIT:          0 MISS:          0 MSHR_MERGE:          0
cpu7->cpu7_ITLB WRITE        ACCESS:          0 HIT:          0 MISS:          0 MSHR_MERGE:          0
cpu7->cpu7_ITLB TRANSLATION  ACCESS:          0 HIT:          0 MISS:          0 MSHR_MERGE:          0
cpu7->cpu7_ITLB PREFETCH REQUESTED:          0 ISSUED:          0 USEFUL:          0 USELESS:          0
cpu7->cpu7_ITLB AVERAGE MISS LATENCY: - cycles
cpu7->cpu7_DTLB TOTAL        ACCESS:   21127036 HIT:   21127036 MISS:          0 MSHR_MERGE:          0
cpu7->cpu7_DTLB LOAD         ACCESS:   21127036 HIT:   21127036 MISS:          0 MSHR_MERGE:          0
cpu7->cpu7_DTLB RFO          ACCESS:          0 HIT:          0 MISS:          0 MSHR_MERGE:          0
cpu7->cpu7_DTLB PREFETCH     ACCESS:          0 HIT:          0 MISS:          0 MSHR_MERGE:          0
cpu7->cpu7_DTLB WRITE        ACCESS:          0 HIT:          0 MISS:          0 MSHR_MERGE:          0
cpu7->cpu7_DTLB TRANSLATION  ACCESS:          0 HIT:          0 MISS:          0 MSHR_MERGE:          0
cpu7->cpu7_DTLB PREFETCH REQUESTED:          0 ISSUED:          0 USEFUL:          0 USELESS:          0
cpu7->cpu7_DTLB AVERAGE MISS LATENCY: - cycles
cpu6->cpu6_L2C TOTAL        ACCESS:     711995 HIT:     681174 MISS:      30821 MSHR_MERGE:          0
cpu6->cpu6_L2C LOAD         ACCESS:     627049 HIT:     611009 MISS:      16040 MSHR_MERGE:          0
cpu6->cpu6_L2C RFO          ACCESS:      34216 HIT:      19473 MISS:      14743 MSHR_MERGE:          0
cpu6->cpu6_L2C PREFETCH     ACCESS:          0 HIT:          0 MISS:          0 MSHR_MERGE:          0
cpu6->cpu6_L2C WRITE        ACCESS:      50730 HIT:      50692 MISS:         38 MSHR_MERGE:          0
cpu6->cpu6_L2C TRANSLATION  ACCESS:          0 HIT:          0 MISS:          0 MSHR_MERGE:          0
cpu6->cpu6_L2C PREFETCH REQUESTED:          0 ISSUED:          0 USEFUL:          0 USELESS:          0
cpu6->cpu6_L2C AVERAGE MISS LATENCY: 102.4 cycles
cpu6->cpu6_L1I TOTAL        ACCESS:   16216642 HIT:   16216642 MISS:          0 MSHR_MERGE:          0
cpu6->cpu6_L1I LOAD         ACCESS:   16216642 HIT:   16216642 MISS:          0 MSHR_MERGE:          0
cpu6->cpu6_L1I RFO          ACCESS:          0 HIT:          0 MISS:          0 MSHR_MERGE:          0
cpu6->cpu6_L1I PREFETCH     ACCESS:          0 HIT:          0 MISS:          0 MSHR_MERGE:          0
cpu6->cpu6_L1I WRITE        ACCESS:          0 HIT:          0 MISS:          0 MSHR_MERGE:          0
cpu6->cpu6_L1I TRANSLATION  ACCESS:          0 HIT:          0 MISS:          0 MSHR_MERGE:          0
cpu6->cpu6_L1I PREFETCH REQUESTED:          0 ISSUED:          0 USEFUL:          0 USELESS:          0
cpu6->cpu6_L1I AVERAGE MISS LATENCY: - cycles
cpu6->cpu6_L1D TOTAL        ACCESS:   22984887 HIT:   21887384 MISS:    1097503 MSHR_MERGE:     436233
cpu6->cpu6_L1D LOAD         ACCESS:   12638002 HIT:   11814021 MISS:     823981 MSHR_MERGE:     196931
cpu6->cpu6_L1D RFO          ACCESS:          0 HIT:          0 MISS:          0 MSHR_MERGE:          0
cpu6->cpu6_L1D PREFETCH     ACCESS:          0 HIT:          0 MISS:          0 MSHR_MERGE:          0
cpu6->cpu6_L1D WRITE        ACCESS:   10346885 HIT:   10073363 MISS:     273522 MSHR_MERGE:     239302
cpu6->cpu6_L1D TRANSLATION  ACCESS:          0 HIT:          0 MISS:          0 MSHR_MERGE:          0
cpu6->cpu6_L1D PREFETCH REQUESTED:          0 ISSUED:          0 USEFUL:          0 USELESS:          0
cpu6->cpu6_L1D AVERAGE MISS LATENCY: 12.83 cycles
cpu6->cpu6_ITLB TOTAL        ACCESS:   14321906 HIT:   14321906 MISS:          0 MSHR_MERGE:          0
cpu6->cpu6_ITLB LOAD         ACCESS:   14321906 HIT:   14321906 MISS:          0 MSHR_MERGE:          0
cpu6->cpu6_ITLB RFO          ACCESS:          0 HIT:          0 MISS:          0 MSHR_MERGE:          0
cpu6->cpu6_ITLB PREFETCH     ACCESS:          0 HIT:          0 MISS:          0 MSHR_MERGE:          0
cpu6->cpu6_ITLB WRITE        ACCESS:          0 HIT:          0 MISS:          0 MSHR_MERGE:          0
cpu6->cpu6_ITLB TRANSLATION  ACCESS:          0 HIT:          0 MISS:          0 MSHR_MERGE:          0
cpu6->cpu6_ITLB PREFETCH REQUESTED:          0 ISSUED:          0 USEFUL:          0 USELESS:          0
cpu6->cpu6_ITLB AVERAGE MISS LATENCY: - cycles
cpu6->cpu6_DTLB TOTAL        ACCESS:   21163936 HIT:   21163936 MISS:          0 MSHR_MERGE:          0
cpu6->cpu6_DTLB LOAD         ACCESS:   21163936 HIT:   21163936 MISS:          0 MSHR_MERGE:          0
cpu6->cpu6_DTLB RFO          ACCESS:          0 HIT:          0 MISS:          0 MSHR_MERGE:          0
cpu6->cpu6_DTLB PREFETCH     ACCESS:          0 HIT:          0 MISS:          0 MSHR_MERGE:          0
cpu6->cpu6_DTLB WRITE        ACCESS:          0 HIT:          0 MISS:          0 MSHR_MERGE:          0
cpu6->cpu6_DTLB TRANSLATION  ACCESS:          0 HIT:          0 MISS:          0 MSHR_MERGE:          0
cpu6->cpu6_DTLB PREFETCH REQUESTED:          0 ISSUED:          0 USEFUL:          0 USELESS:          0
cpu6->cpu6_DTLB AVERAGE MISS LATENCY: - cycles
cpu5->cpu5_L2C TOTAL        ACCESS:     712289 HIT:     681455 MISS:      30834 MSHR_MERGE:          0
cpu5->cpu5_L2C LOAD         ACCESS:     627304 HIT:     611245 MISS:      16059 MSHR_MERGE:          0
cpu5->cpu5_L2C RFO          ACCESS:      34236 HIT:      19494 MISS:      14742 MSHR_MERGE:          0
cpu5->cpu5_L2C PREFETCH     ACCESS:          0 HIT:          0 MISS:          0 MSHR_MERGE:          0
cpu5->cpu5_L2C WRITE        ACCESS:      50749 HIT:      50716 MISS:         33 MSHR_MERGE:          0
cpu5->cpu5_L2C TRANSLATION  ACCESS:          0 HIT:          0 MISS:          0 MSHR_MERGE:          0
cpu5->cpu5_L2C PREFETCH REQUESTED:          0 ISSUED:          0 USEFUL:          0 USELESS:          0
cpu5->cpu5_L2C AVERAGE MISS LATENCY: 103.6 cycles
cpu5->cpu5_L1I TOTAL        ACCESS:   16227427 HIT:   16227427 MISS:          0 MSHR_MERGE:          0
cpu5->cpu5_L1I LOAD         ACCESS:   16227427 HIT:   16227427 MISS:          0 MSHR_MERGE:          0
cpu5->cpu5_L1I RFO          ACCESS:          0 HIT:          0 MISS:          0 MSHR_MERGE:          0
cpu5->cpu5_L1I PREFETCH     ACCESS:          0 HIT:          0 MISS:          0 MSHR_MERGE:          0
cpu5->cpu5_L1I WRITE        ACCESS:          0 HIT:          0 MISS:          0 MSHR_MERGE:          0
cpu5->cpu5_L1I TRANSLATION  ACCESS:          0 HIT:          0 MISS:          0 MSHR_MERGE:          0
cpu5->cpu5_L1I PREFETCH REQUESTED:          0 ISSUED:          0 USEFUL:          0 USELESS:          0
cpu5->cpu5_L1I AVERAGE MISS LATENCY: - cycles
cpu5->cpu5_L1D TOTAL        ACCESS:   22994352 HIT:   21896753 MISS:    1097599 MSHR_MERGE:     436054
cpu5->cpu5_L1D LOAD         ACCESS:   12643599 HIT:   11819511 MISS:     824088 MSHR_MERGE:     196783
cpu5->cpu5_L1D RFO          ACCESS:          0 HIT:          0 MISS:          0 MSHR_MERGE:          0
cpu5->cpu5_L1D PREFETCH     ACCESS:          0 HIT:          0 MISS:          0 MSHR_MERGE:          0
cpu5->cpu5_L1D WRITE        ACCESS:   10350753 HIT:   10077242 MISS:     273511 MSHR_MERGE:     239271
cpu5->cpu5_L1D TRANSLATION  ACCESS:          0 HIT:          0 MISS:          0 MSHR_MERGE:          0
cpu5->cpu5_L1D PREFETCH REQUESTED:          0 ISSUED:          0 USEFUL:          0 USELESS:          0
cpu5->cpu5_L1D AVERAGE MISS LATENCY: 12.88 cycles
cpu5->cpu5_ITLB TOTAL        ACCESS:   14325707 HIT:   14325707 MISS:          0 MSHR_MERGE:          0
cpu5->cpu5_ITLB LOAD         ACCESS:   14325707 HIT:   14325707 MISS:          0 MSHR_MERGE:          0
cpu5->cpu5_ITLB RFO          ACCESS:          0 HIT:          0 MISS:          0 MSHR_MERGE:          0
cpu5->cpu5_ITLB PREFETCH     ACCESS:          0 HIT:          0 MISS:          0 MSHR_MERGE:          0
cpu5->cpu5_ITLB WRITE        ACCESS:          0 HIT:          0 MISS:          0 MSHR_MERGE:          0
cpu5->cpu5_ITLB TRANSLATION  ACCESS:          0 HIT:          0 MISS:          0 MSHR_MERGE:          0
cpu5->cpu5_ITLB PREFETCH REQUESTED:          0 ISSUED:          0 USEFUL:          0 USELESS:          0
cpu5->cpu5_ITLB AVERAGE MISS LATENCY: - cycles
cpu5->cpu5_DTLB TOTAL        ACCESS:   21129977 HIT:   21129977 MISS:          0 MSHR_MERGE:          0
cpu5->cpu5_DTLB LOAD         ACCESS:   21129977 HIT:   21129977 MISS:          0 MSHR_MERGE:          0
cpu5->cpu5_DTLB RFO          ACCESS:          0 HIT:          0 MISS:          0 MSHR_MERGE:          0
cpu5->cpu5_DTLB PREFETCH     ACCESS:          0 HIT:          0 MISS:          0 MSHR_MERGE:          0
cpu5->cpu5_DTLB WRITE        ACCESS:          0 HIT:          0 MISS:          0 MSHR_MERGE:          0
cpu5->cpu5_DTLB TRANSLATION  ACCESS:          0 HIT:          0 MISS:          0 MSHR_MERGE:          0
cpu5->cpu5_DTLB PREFETCH REQUESTED:          0 ISSUED:          0 USEFUL:          0 USELESS:          0
cpu5->cpu5_DTLB AVERAGE MISS LATENCY: - cycles
cpu4->cpu4_L2C TOTAL        ACCESS:     712345 HIT:     681499 MISS:      30846 MSHR_MERGE:          0
cpu4->cpu4_L2C LOAD         ACCESS:     627345 HIT:     611274 MISS:      16071 MSHR_MERGE:          0
cpu4->cpu4_L2C RFO          ACCESS:      34241 HIT:      19499 MISS:      14742 MSHR_MERGE:          0
cpu4->cpu4_L2C PREFETCH     ACCESS:          0 HIT:          0 MISS:          0 MSHR_MERGE:          0
cpu4->cpu4_L2C WRITE        ACCESS:      50759 HIT:      50726 MISS:         33 MSHR_MERGE:          0
cpu4->cpu4_L2C TRANSLATION  ACCESS:          0 HIT:          0 MISS:          0 MSHR_MERGE:          0
cpu4->cpu4_L2C PREFETCH REQUESTED:          0 ISSUED:          0 USEFUL:          0 USELESS:          0
cpu4->cpu4_L2C AVERAGE MISS LATENCY: 106.2 cycles
cpu4->cpu4_L1I TOTAL        ACCESS:   16227658 HIT:   16227658 MISS:          0 MSHR_MERGE:          0
cpu4->cpu4_L1I LOAD         ACCESS:   16227658 HIT:   16227658 MISS:          0 MSHR_MERGE:          0
cpu4->cpu4_L1I RFO          ACCESS:          0 HIT:          0 MISS:          0 MSHR_MERGE:          0
cpu4->cpu4_L1I PREFETCH     ACCESS:          0 HIT:          0 MISS:          0 MSHR_MERGE:          0
cpu4->cpu4_L1I WRITE        ACCESS:          0 HIT:          0 MISS:          0 MSHR_MERGE:          0
cpu4->cpu4_L1I TRANSLATION  ACCESS:          0 HIT:          0 MISS:          0 MSHR_MERGE:          0
cpu4->cpu4_L1I PREFETCH REQUESTED:          0 ISSUED:          0 USEFUL:          0 USELESS:          0
cpu4->cpu4_L1I AVERAGE MISS LATENCY: - cycles
cpu4->cpu4_L1D TOTAL        ACCESS:   22995644 HIT:   21897991 MISS:    1097653 MSHR_MERGE:     436061
cpu4->cpu4_L1D LOAD         ACCESS:   12644445 HIT:   11820338 MISS:     824107 MSHR_MERGE:     196759
cpu4->cpu4_L1D RFO          ACCESS:          0 HIT:          0 MISS:          0 MSHR_MERGE:          0
cpu4->cpu4_L1D PREFETCH     ACCESS:          0 HIT:          0 MISS:          0 MSHR_MERGE:          0
cpu4->cpu4_L1D WRITE        ACCESS:   10351199 HIT:   10077653 MISS:     273546 MSHR_MERGE:     239302
cpu4->cpu4_L1D TRANSLATION  ACCESS:          0 HIT:          0 MISS:          0 MSHR_MERGE:          0
cpu4->cpu4_L1D PREFETCH REQUESTED:          0 ISSUED:          0 USEFUL:          0 USELESS:          0
cpu4->cpu4_L1D AVERAGE MISS LATENCY: 13 cycles
cpu4->cpu4_ITLB TOTAL        ACCESS:   14326289 HIT:   14326289 MISS:          0 MSHR_MERGE:          0
cpu4->cpu4_ITLB LOAD         ACCESS:   14326289 HIT:   14326289 MISS:          0 MSHR_MERGE:          0
cpu4->cpu4_ITLB RFO          ACCESS:          0 HIT:          0 MISS:          0 MSHR_MERGE:          0
cpu4->cpu4_ITLB PREFETCH     ACCESS:          0 HIT:          0 MISS:          0 MSHR_MERGE:          0
cpu4->cpu4_ITLB WRITE        ACCESS:          0 HIT:          0 MISS:          0 MSHR_MERGE:          0
cpu4->cpu4_ITLB TRANSLATION  ACCESS:          0 HIT:          0 MISS:          0 MSHR_MERGE:          0
cpu4->cpu4_ITLB PREFETCH REQUESTED:          0 ISSUED:          0 USEFUL:          0 USELESS:          0
cpu4->cpu4_ITLB AVERAGE MISS LATENCY: - cycles
cpu4->cpu4_DTLB TOTAL        ACCESS:   21132233 HIT:   21132233 MISS:          0 MSHR_MERGE:          0
cpu4->cpu4_DTLB LOAD         ACCESS:   21132233 HIT:   21132233 MISS:          0 MSHR_MERGE:          0
cpu4->cpu4_DTLB RFO          ACCESS:          0 HIT:          0 MISS:          0 MSHR_MERGE:          0
cpu4->cpu4_DTLB PREFETCH     ACCESS:          0 HIT:          0 MISS:          0 MSHR_MERGE:          0
cpu4->cpu4_DTLB WRITE        ACCESS:          0 HIT:          0 MISS:          0 MSHR_MERGE:          0
cpu4->cpu4_DTLB TRANSLATION  ACCESS:          0 HIT:          0 MISS:          0 MSHR_MERGE:          0
cpu4->cpu4_DTLB PREFETCH REQUESTED:          0 ISSUED:          0 USEFUL:          0 USELESS:          0
cpu4->cpu4_DTLB AVERAGE MISS LATENCY: - cycles
cpu3->cpu3_L2C TOTAL        ACCESS:     712023 HIT:     681214 MISS:      30809 MSHR_MERGE:          0
cpu3->cpu3_L2C LOAD         ACCESS:     627082 HIT:     611048 MISS:      16034 MSHR_MERGE:          0
cpu3->cpu3_L2C RFO          ACCESS:      34217 HIT:      19475 MISS:      14742 MSHR_MERGE:          0
cpu3->cpu3_L2C PREFETCH     ACCESS:          0 HIT:          0 MISS:          0 MSHR_MERGE:          0
cpu3->cpu3_L2C WRITE        ACCESS:      50724 HIT:      50691 MISS:         33 MSHR_MERGE:          0
cpu3->cpu3_L2C TRANSLATION  ACCESS:          0 HIT:          0 MISS:          0 MSHR_MERGE:          0
cpu3->cpu3_L2C PREFETCH REQUESTED:          0 ISSUED:          0 USEFUL:          0 USELESS:          0
cpu3->cpu3_L2C AVERAGE MISS LATENCY: 104.4 cycles
cpu3->cpu3_L1I TOTAL        ACCESS:   16224156 HIT:   16224156 MISS:          0 MSHR_MERGE:          0
cpu3->cpu3_L1I LOAD         ACCESS:   16224156 HIT:   16224156 MISS:          0 MSHR_MERGE:          0
cpu3->cpu3_L1I RFO          ACCESS:          0 HIT:          0 MISS:          0 MSHR_MERGE:          0
cpu3->cpu3_L1I PREFETCH     ACCESS:          0 HIT:          0 MISS:          0 MSHR_MERGE:          0
cpu3->cpu3_L1I WRITE        ACCESS:          0 HIT:          0 MISS:          0 MSHR_MERGE:          0
cpu3->cpu3_L1I TRANSLATION  ACCESS:          0 HIT:          0 MISS:          0 MSHR_MERGE:          0
cpu3->cpu3_L1I PREFETCH REQUESTED:          0 ISSUED:          0 USEFUL:          0 USELESS:          0
cpu3->cpu3_L1I AVERAGE MISS LATENCY: - cycles
cpu3->cpu3_L1D TOTAL        ACCESS:   22991682 HIT:   21893618 MISS:    1098064 MSHR_MERGE:     436761
cpu3->cpu3_L1D LOAD         ACCESS:   12643957 HIT:   11819384 MISS:     824573 MSHR_MERGE:     197491
cpu3->cpu3_L1D RFO          ACCESS:          0 HIT:          0 MISS:          0 MSHR_MERGE:          0
cpu3->cpu3_L1D PREFETCH     ACCESS:          0 HIT:          0 MISS:          0 MSHR_MERGE:          0
cpu3->cpu3_L1D WRITE        ACCESS:   10347725 HIT:   10074234 MISS:     273491 MSHR_MERGE:     239270
cpu3->cpu3_L1D TRANSLATION  ACCESS:          0 HIT:          0 MISS:          0 MSHR_MERGE:          0
cpu3->cpu3_L1D PREFETCH REQUESTED:          0 ISSUED:          0 USEFUL:          0 USELESS:          0
cpu3->cpu3_L1D AVERAGE MISS LATENCY: 12.92 cycles
cpu3->cpu3_ITLB TOTAL        ACCESS:   14337416 HIT:   14337416 MISS:          0 MSHR_MERGE:          0
cpu3->cpu3_ITLB LOAD         ACCESS:   14337416 HIT:   14337416 MISS:          0 MSHR_MERGE:          0
cpu3->cpu3_ITLB RFO          ACCESS:          0 HIT:          0 MISS:          0 MSHR_MERGE:          0
cpu3->cpu3_ITLB PREFETCH     ACCESS:          0 HIT:          0 MISS:          0 MSHR_MERGE:          0
cpu3->cpu3_ITLB WRITE        ACCESS:          0 HIT:          0 MISS:          0 MSHR_MERGE:          0
cpu3->cpu3_ITLB TRANSLATION  ACCESS:          0 HIT:          0 MISS:          0 MSHR_MERGE:          0
cpu3->cpu3_ITLB PREFETCH REQUESTED:          0 ISSUED:          0 USEFUL:          0 USELESS:          0
cpu3->cpu3_ITLB AVERAGE MISS LATENCY: - cycles
cpu3->cpu3_DTLB TOTAL        ACCESS:   21178999 HIT:   21178999 MISS:          0 MSHR_MERGE:          0
cpu3->cpu3_DTLB LOAD         ACCESS:   21178999 HIT:   21178999 MISS:          0 MSHR_MERGE:          0
cpu3->cpu3_DTLB RFO          ACCESS:          0 HIT:          0 MISS:          0 MSHR_MERGE:          0
cpu3->cpu3_DTLB PREFETCH     ACCESS:          0 HIT:          0 MISS:          0 MSHR_MERGE:          0
cpu3->cpu3_DTLB WRITE        ACCESS:          0 HIT:          0 MISS:          0 MSHR_MERGE:          0
cpu3->cpu3_DTLB TRANSLATION  ACCESS:          0 HIT:          0 MISS:          0 MSHR_MERGE:          0
cpu3->cpu3_DTLB PREFETCH REQUESTED:          0 ISSUED:          0 USEFUL:          0 USELESS:          0
cpu3->cpu3_DTLB AVERAGE MISS LATENCY: - cycles
cpu2->cpu2_L2C TOTAL        ACCESS:     712318 HIT:     681472 MISS:      30846 MSHR_MERGE:          0
cpu2->cpu2_L2C LOAD         ACCESS:     627296 HIT:     611226 MISS:      16070 MSHR_MERGE:          0
cpu2->cpu2_L2C RFO          ACCESS:      34252 HIT:      19509 MISS:      14743 MSHR_MERGE:          0
cpu2->cpu2_L2C PREFETCH     ACCESS:          0 HIT:          0 MISS:          0 MSHR_MERGE:          0
cpu2->cpu2_L2C WRITE        ACCESS:      50770 HIT:      50737 MISS:         33 MSHR_MERGE:          0
cpu2->cpu2_L2C TRANSLATION  ACCESS:          0 HIT:          0 MISS:          0 MSHR_MERGE:          0
cpu2->cpu2_L2C PREFETCH REQUESTED:          0 ISSUED:          0 USEFUL:          0 USELESS:          0
cpu2->cpu2_L2C AVERAGE MISS LATENCY: 109.9 cycles
cpu2->cpu2_L1I TOTAL        ACCESS:   16226124 HIT:   16226124 MISS:          0 MSHR_MERGE:          0
cpu2->cpu2_L1I LOAD         ACCESS:   16226124 HIT:   16226124 MISS:          0 MSHR_MERGE:          0
cpu2->cpu2_L1I RFO          ACCESS:          0 HIT:          0 MISS:          0 MSHR_MERGE:          0
cpu2->cpu2_L1I PREFETCH     ACCESS:          0 HIT:          0 MISS:          0 MSHR_MERGE:          0
cpu2->cpu2_L1I WRITE        ACCESS:          0 HIT:          0 MISS:          0 MSHR_MERGE:          0
cpu2->cpu2_L1I TRANSLATION  ACCESS:          0 HIT:          0 MISS:          0 MSHR_MERGE:          0
cpu2->cpu2_L1I PREFETCH REQUESTED:          0 ISSUED:          0 USEFUL:          0 USELESS:          0
cpu2->cpu2_L1I AVERAGE MISS LATENCY: - cycles
cpu2->cpu2_L1D TOTAL        ACCESS:   22994692 HIT:   21896882 MISS:    1097810 MSHR_MERGE:     436256
cpu2->cpu2_L1D LOAD         ACCESS:   12644197 HIT:   11819982 MISS:     824215 MSHR_MERGE:     196918
cpu2->cpu2_L1D RFO          ACCESS:          0 HIT:          0 MISS:          0 MSHR_MERGE:          0
cpu2->cpu2_L1D PREFETCH     ACCESS:          0 HIT:          0 MISS:          0 MSHR_MERGE:          0
cpu2->cpu2_L1D WRITE        ACCESS:   10350495 HIT:   10076900 MISS:     273595 MSHR_MERGE:     239338
cpu2->cpu2_L1D TRANSLATION  ACCESS:          0 HIT:          0 MISS:          0 MSHR_MERGE:          0
cpu2->cpu2_L1D PREFETCH REQUESTED:          0 ISSUED:          0 USEFUL:          0 USELESS:          0
cpu2->cpu2_L1D AVERAGE MISS LATENCY: 13.18 cycles
cpu2->cpu2_ITLB TOTAL        ACCESS:   14326786 HIT:   14326786 MISS:          0 MSHR_MERGE:          0
cpu2->cpu2_ITLB LOAD         ACCESS:   14326786 HIT:   14326786 MISS:          0 MSHR_MERGE:          0
cpu2->cpu2_ITLB RFO          ACCESS:          0 HIT:          0 MISS:          0 MSHR_MERGE:          0
cpu2->cpu2_ITLB PREFETCH     ACCESS:          0 HIT:          0 MISS:          0 MSHR_MERGE:          0
cpu2->cpu2_ITLB WRITE        ACCESS:          0 HIT:          0 MISS:          0 MSHR_MERGE:          0
cpu2->cpu2_ITLB TRANSLATION  ACCESS:          0 HIT:          0 MISS:          0 MSHR_MERGE:          0
cpu2->cpu2_ITLB PREFETCH REQUESTED:          0 ISSUED:          0 USEFUL:          0 USELESS:          0
cpu2->cpu2_ITLB AVERAGE MISS LATENCY: - cycles
cpu2->cpu2_DTLB TOTAL        ACCESS:   21131873 HIT:   21131873 MISS:          0 MSHR_MERGE:          0
cpu2->cpu2_DTLB LOAD         ACCESS:   21131873 HIT:   21131873 MISS:          0 MSHR_MERGE:          0
cpu2->cpu2_DTLB RFO          ACCESS:          0 HIT:          0 MISS:          0 MSHR_MERGE:          0
cpu2->cpu2_DTLB PREFETCH     ACCESS:          0 HIT:          0 MISS:          0 MSHR_MERGE:          0
cpu2->cpu2_DTLB WRITE        ACCESS:          0 HIT:          0 MISS:          0 MSHR_MERGE:          0
cpu2->cpu2_DTLB TRANSLATION  ACCESS:          0 HIT:          0 MISS:          0 MSHR_MERGE:          0
cpu2->cpu2_DTLB PREFETCH REQUESTED:          0 ISSUED:          0 USEFUL:          0 USELESS:          0
cpu2->cpu2_DTLB AVERAGE MISS LATENCY: - cycles
cpu1->cpu1_L2C TOTAL        ACCESS:     711493 HIT:     680632 MISS:      30861 MSHR_MERGE:          0
cpu1->cpu1_L2C LOAD         ACCESS:     626659 HIT:     610574 MISS:      16085 MSHR_MERGE:          0
cpu1->cpu1_L2C RFO          ACCESS:      34206 HIT:      19463 MISS:      14743 MSHR_MERGE:          0
cpu1->cpu1_L2C PREFETCH     ACCESS:          0 HIT:          0 MISS:          0 MSHR_MERGE:          0
cpu1->cpu1_L2C WRITE        ACCESS:      50628 HIT:      50595 MISS:         33 MSHR_MERGE:          0
cpu1->cpu1_L2C TRANSLATION  ACCESS:          0 HIT:          0 MISS:          0 MSHR_MERGE:          0
cpu1->cpu1_L2C PREFETCH REQUESTED:          0 ISSUED:          0 USEFUL:          0 USELESS:          0
cpu1->cpu1_L2C AVERAGE MISS LATENCY: 99.4 cycles
cpu1->cpu1_L1I TOTAL        ACCESS:   16218285 HIT:   16218285 MISS:          0 MSHR_MERGE:          0
cpu1->cpu1_L1I LOAD         ACCESS:   16218285 HIT:   16218285 MISS:          0 MSHR_MERGE:          0
cpu1->cpu1_L1I RFO          ACCESS:          0 HIT:          0 MISS:          0 MSHR_MERGE:          0
cpu1->cpu1_L1I PREFETCH     ACCESS:          0 HIT:          0 MISS:          0 MSHR_MERGE:          0
cpu1->cpu1_L1I WRITE        ACCESS:          0 HIT:          0 MISS:          0 MSHR_MERGE:          0
cpu1->cpu1_L1I TRANSLATION  ACCESS:          0 HIT:          0 MISS:          0 MSHR_MERGE:          0
cpu1->cpu1_L1I PREFETCH REQUESTED:          0 ISSUED:          0 USEFUL:          0 USELESS:          0
cpu1->cpu1_L1I AVERAGE MISS LATENCY: - cycles
cpu1->cpu1_L1D TOTAL        ACCESS:   22976660 HIT:   21880423 MISS:    1096237 MSHR_MERGE:     435364
cpu1->cpu1_L1D LOAD         ACCESS:   12633577 HIT:   11810777 MISS:     822800 MSHR_MERGE:     196140
cpu1->cpu1_L1D RFO          ACCESS:          0 HIT:          0 MISS:          0 MSHR_MERGE:          0
cpu1->cpu1_L1D PREFETCH     ACCESS:          0 HIT:          0 MISS:          0 MSHR_MERGE:          0
cpu1->cpu1_L1D WRITE        ACCESS:   10343083 HIT:   10069646 MISS:     273437 MSHR_MERGE:     239224
cpu1->cpu1_L1D TRANSLATION  ACCESS:          0 HIT:          0 MISS:          0 MSHR_MERGE:          0
cpu1->cpu1_L1D PREFETCH REQUESTED:          0 ISSUED:          0 USEFUL:          0 USELESS:          0
cpu1->cpu1_L1D AVERAGE MISS LATENCY: 12.7 cycles
cpu1->cpu1_ITLB TOTAL        ACCESS:   14333147 HIT:   14333147 MISS:          0 MSHR_MERGE:          0
cpu1->cpu1_ITLB LOAD         ACCESS:   14333147 HIT:   14333147 MISS:          0 MSHR_MERGE:          0
cpu1->cpu1_ITLB RFO          ACCESS:          0 HIT:          0 MISS:          0 MSHR_MERGE:          0
cpu1->cpu1_ITLB PREFETCH     ACCESS:          0 HIT:          0 MISS:          0 MSHR_MERGE:          0
cpu1->cpu1_ITLB WRITE        ACCESS:          0 HIT:          0 MISS:          0 MSHR_MERGE:          0
cpu1->cpu1_ITLB TRANSLATION  ACCESS:          0 HIT:          0 MISS:          0 MSHR_MERGE:          0
cpu1->cpu1_ITLB PREFETCH REQUESTED:          0 ISSUED:          0 USEFUL:          0 USELESS:          0
cpu1->cpu1_ITLB AVERAGE MISS LATENCY: - cycles
cpu1->cpu1_DTLB TOTAL        ACCESS:   21120430 HIT:   21120430 MISS:          0 MSHR_MERGE:          0
cpu1->cpu1_DTLB LOAD         ACCESS:   21120430 HIT:   21120430 MISS:          0 MSHR_MERGE:          0
cpu1->cpu1_DTLB RFO          ACCESS:          0 HIT:          0 MISS:          0 MSHR_MERGE:          0
cpu1->cpu1_DTLB PREFETCH     ACCESS:          0 HIT:          0 MISS:          0 MSHR_MERGE:          0
cpu1->cpu1_DTLB WRITE        ACCESS:          0 HIT:          0 MISS:          0 MSHR_MERGE:          0
cpu1->cpu1_DTLB TRANSLATION  ACCESS:          0 HIT:          0 MISS:          0 MSHR_MERGE:          0
cpu1->cpu1_DTLB PREFETCH REQUESTED:          0 ISSUED:          0 USEFUL:          0 USELESS:          0
cpu1->cpu1_DTLB AVERAGE MISS LATENCY: - cycles
cpu0->cpu0_L2C TOTAL        ACCESS:     712095 HIT:     681287 MISS:      30808 MSHR_MERGE:          0
cpu0->cpu0_L2C LOAD         ACCESS:     627128 HIT:     611098 MISS:      16030 MSHR_MERGE:          0
cpu0->cpu0_L2C RFO          ACCESS:      34233 HIT:      19490 MISS:      14743 MSHR_MERGE:          0
cpu0->cpu0_L2C PREFETCH     ACCESS:          0 HIT:          0 MISS:          0 MSHR_MERGE:          0
cpu0->cpu0_L2C WRITE        ACCESS:      50734 HIT:      50699 MISS:         35 MSHR_MERGE:          0
cpu0->cpu0_L2C TRANSLATION  ACCESS:          0 HIT:          0 MISS:          0 MSHR_MERGE:          0
cpu0->cpu0_L2C PREFETCH REQUESTED:          0 ISSUED:          0 USEFUL:          0 USELESS:          0
cpu0->cpu0_L2C AVERAGE MISS LATENCY: 101.4 cycles
cpu0->cpu0_L1I TOTAL        ACCESS:   16224502 HIT:   16224502 MISS:          0 MSHR_MERGE:          0
cpu0->cpu0_L1I LOAD         ACCESS:   16224502 HIT:   16224502 MISS:          0 MSHR_MERGE:          0
cpu0->cpu0_L1I RFO          ACCESS:          0 HIT:          0 MISS:          0 MSHR_MERGE:          0
cpu0->cpu0_L1I PREFETCH     ACCESS:          0 HIT:          0 MISS:          0 MSHR_MERGE:          0
cpu0->cpu0_L1I WRITE        ACCESS:          0 HIT:          0 MISS:          0 MSHR_MERGE:          0
cpu0->cpu0_L1I TRANSLATION  ACCESS:          0 HIT:          0 MISS:          0 MSHR_MERGE:          0
cpu0->cpu0_L1I PREFETCH REQUESTED:          0 ISSUED:          0 USEFUL:          0 USELESS:          0
cpu0->cpu0_L1I AVERAGE MISS LATENCY: - cycles
cpu0->cpu0_L1D TOTAL        ACCESS:   22992167 HIT:   21893885 MISS:    1098282 MSHR_MERGE:     436912
cpu0->cpu0_L1D LOAD         ACCESS:   12643744 HIT:   11818995 MISS:     824749 MSHR_MERGE:     197617
cpu0->cpu0_L1D RFO          ACCESS:          0 HIT:          0 MISS:          0 MSHR_MERGE:          0
cpu0->cpu0_L1D PREFETCH     ACCESS:          0 HIT:          0 MISS:          0 MSHR_MERGE:          0
cpu0->cpu0_L1D WRITE        ACCESS:   10348423 HIT:   10074890 MISS:     273533 MSHR_MERGE:     239295
cpu0->cpu0_L1D TRANSLATION  ACCESS:          0 HIT:          0 MISS:          0 MSHR_MERGE:          0
cpu0->cpu0_L1D PREFETCH REQUESTED:          0 ISSUED:          0 USEFUL:          0 USELESS:          0
cpu0->cpu0_L1D AVERAGE MISS LATENCY: 12.78 cycles
cpu0->cpu0_ITLB TOTAL        ACCESS:   14337063 HIT:   14337063 MISS:          0 MSHR_MERGE:          0
cpu0->cpu0_ITLB LOAD         ACCESS:   14337063 HIT:   14337063 MISS:          0 MSHR_MERGE:          0
cpu0->cpu0_ITLB RFO          ACCESS:          0 HIT:          0 MISS:          0 MSHR_MERGE:          0
cpu0->cpu0_ITLB PREFETCH     ACCESS:          0 HIT:          0 MISS:          0 MSHR_MERGE:          0
cpu0->cpu0_ITLB WRITE        ACCESS:          0 HIT:          0 MISS:          0 MSHR_MERGE:          0
cpu0->cpu0_ITLB TRANSLATION  ACCESS:          0 HIT:          0 MISS:          0 MSHR_MERGE:          0
cpu0->cpu0_ITLB PREFETCH REQUESTED:          0 ISSUED:          0 USEFUL:          0 USELESS:          0
cpu0->cpu0_ITLB AVERAGE MISS LATENCY: - cycles
cpu0->cpu0_DTLB TOTAL        ACCESS:   21179122 HIT:   21179122 MISS:          0 MSHR_MERGE:          0
cpu0->cpu0_DTLB LOAD         ACCESS:   21179122 HIT:   21179122 MISS:          0 MSHR_MERGE:          0
cpu0->cpu0_DTLB RFO          ACCESS:          0 HIT:          0 MISS:          0 MSHR_MERGE:          0
cpu0->cpu0_DTLB PREFETCH     ACCESS:          0 HIT:          0 MISS:          0 MSHR_MERGE:          0
cpu0->cpu0_DTLB WRITE        ACCESS:          0 HIT:          0 MISS:          0 MSHR_MERGE:          0
cpu0->cpu0_DTLB TRANSLATION  ACCESS:          0 HIT:          0 MISS:          0 MSHR_MERGE:          0
cpu0->cpu0_DTLB PREFETCH REQUESTED:          0 ISSUED:          0 USEFUL:          0 USELESS:          0
cpu0->cpu0_DTLB AVERAGE MISS LATENCY: - cycles
cpu0->LLC TOTAL        ACCESS:      44467 HIT:      28141 MISS:      16326 MSHR_MERGE:          0
cpu0->LLC LOAD         ACCESS:      16030 HIT:      14327 MISS:       1703 MSHR_MERGE:          0
cpu0->LLC RFO          ACCESS:      14743 HIT:        205 MISS:      14538 MSHR_MERGE:          0
cpu0->LLC PREFETCH     ACCESS:          0 HIT:          0 MISS:          0 MSHR_MERGE:          0
cpu0->LLC WRITE        ACCESS:      13694 HIT:      13609 MISS:         85 MSHR_MERGE:          0
cpu0->LLC TRANSLATION  ACCESS:          0 HIT:          0 MISS:          0 MSHR_MERGE:          0
cpu0->LLC PREFETCH REQUESTED:          0 ISSUED:          0 USEFUL:          0 USELESS:          0
cpu0->LLC AVERAGE MISS LATENCY: 1342 cycles
cpu1->LLC TOTAL        ACCESS:      44516 HIT:      28177 MISS:      16339 MSHR_MERGE:          0
cpu1->LLC LOAD         ACCESS:      16085 HIT:      14367 MISS:       1718 MSHR_MERGE:          0
cpu1->LLC RFO          ACCESS:      14743 HIT:        205 MISS:      14538 MSHR_MERGE:          0
cpu1->LLC PREFETCH     ACCESS:          0 HIT:          0 MISS:          0 MSHR_MERGE:          0
cpu1->LLC WRITE        ACCESS:      13688 HIT:      13605 MISS:         83 MSHR_MERGE:          0
cpu1->LLC TRANSLATION  ACCESS:          0 HIT:          0 MISS:          0 MSHR_MERGE:          0
cpu1->LLC PREFETCH REQUESTED:          0 ISSUED:          0 USEFUL:          0 USELESS:          0
cpu1->LLC AVERAGE MISS LATENCY: 1341 cycles
cpu2->LLC TOTAL        ACCESS:      44501 HIT:      28180 MISS:      16321 MSHR_MERGE:          0
cpu2->LLC LOAD         ACCESS:      16070 HIT:      14368 MISS:       1702 MSHR_MERGE:          0
cpu2->LLC RFO          ACCESS:      14743 HIT:        205 MISS:      14538 MSHR_MERGE:          0
cpu2->LLC PREFETCH     ACCESS:          0 HIT:          0 MISS:          0 MSHR_MERGE:          0
cpu2->LLC WRITE        ACCESS:      13688 HIT:      13607 MISS:         81 MSHR_MERGE:          0
cpu2->LLC TRANSLATION  ACCESS:          0 HIT:          0 MISS:          0 MSHR_MERGE:          0
cpu2->LLC PREFETCH REQUESTED:          0 ISSUED:          0 USEFUL:          0 USELESS:          0
cpu2->LLC AVERAGE MISS LATENCY: 1342 cycles
cpu3->LLC TOTAL        ACCESS:      44467 HIT:      28145 MISS:      16322 MSHR_MERGE:          0
cpu3->LLC LOAD         ACCESS:      16034 HIT:      14332 MISS:       1702 MSHR_MERGE:          0
cpu3->LLC RFO          ACCESS:      14742 HIT:        204 MISS:      14538 MSHR_MERGE:          0
cpu3->LLC PREFETCH     ACCESS:          0 HIT:          0 MISS:          0 MSHR_MERGE:          0
cpu3->LLC WRITE        ACCESS:      13691 HIT:      13609 MISS:         82 MSHR_MERGE:          0
cpu3->LLC TRANSLATION  ACCESS:          0 HIT:          0 MISS:          0 MSHR_MERGE:          0
cpu3->LLC PREFETCH REQUESTED:          0 ISSUED:          0 USEFUL:          0 USELESS:          0
cpu3->LLC AVERAGE MISS LATENCY: 1342 cycles
cpu4->LLC TOTAL        ACCESS:      44500 HIT:      28163 MISS:      16337 MSHR_MERGE:          0
cpu4->LLC LOAD         ACCESS:      16071 HIT:      14354 MISS:       1717 MSHR_MERGE:          0
cpu4->LLC RFO          ACCESS:      14742 HIT:        204 MISS:      14538 MSHR_MERGE:          0
cpu4->LLC PREFETCH     ACCESS:          0 HIT:          0 MISS:          0 MSHR_MERGE:          0
cpu4->LLC WRITE        ACCESS:      13687 HIT:      13605 MISS:         82 MSHR_MERGE:          0
cpu4->LLC TRANSLATION  ACCESS:          0 HIT:          0 MISS:          0 MSHR_MERGE:          0
cpu4->LLC PREFETCH REQUESTED:          0 ISSUED:          0 USEFUL:          0 USELESS:          0
cpu4->LLC AVERAGE MISS LATENCY: 1341 cycles
cpu5->LLC TOTAL        ACCESS:      44488 HIT:      28153 MISS:      16335 MSHR_MERGE:          0
cpu5->LLC LOAD         ACCESS:      16059 HIT:      14347 MISS:       1712 MSHR_MERGE:          0
cpu5->LLC RFO          ACCESS:      14742 HIT:        204 MISS:      14538 MSHR_MERGE:          0
cpu5->LLC PREFETCH     ACCESS:          0 HIT:          0 MISS:          0 MSHR_MERGE:          0
cpu5->LLC WRITE        ACCESS:      13687 HIT:      13602 MISS:         85 MSHR_MERGE:          0
cpu5->LLC TRANSLATION  ACCESS:          0 HIT:          0 MISS:          0 MSHR_MERGE:          0
cpu5->LLC PREFETCH REQUESTED:          0 ISSUED:          0 USEFUL:          0 USELESS:          0
cpu5->LLC AVERAGE MISS LATENCY: 1341 cycles
cpu6->LLC TOTAL        ACCESS:      44473 HIT:      28149 MISS:      16324 MSHR_MERGE:          0
cpu6->LLC LOAD         ACCESS:      16040 HIT:      14339 MISS:       1701 MSHR_MERGE:          0
cpu6->LLC RFO          ACCESS:      14743 HIT:        205 MISS:      14538 MSHR_MERGE:          0
cpu6->LLC PREFETCH     ACCESS:          0 HIT:          0 MISS:          0 MSHR_MERGE:          0
cpu6->LLC WRITE        ACCESS:      13690 HIT:      13605 MISS:         85 MSHR_MERGE:          0
cpu6->LLC TRANSLATION  ACCESS:          0 HIT:          0 MISS:          0 MSHR_MERGE:          0
cpu6->LLC PREFETCH REQUESTED:          0 ISSUED:          0 USEFUL:          0 USELESS:          0
cpu6->LLC AVERAGE MISS LATENCY: 1342 cycles
cpu7->LLC TOTAL        ACCESS:      44448 HIT:      28127 MISS:      16321 MSHR_MERGE:          0
cpu7->LLC LOAD         ACCESS:      16023 HIT:      14323 MISS:       1700 MSHR_MERGE:          0
cpu7->LLC RFO          ACCESS:      14741 HIT:        203 MISS:      14538 MSHR_MERGE:          0
cpu7->LLC PREFETCH     ACCESS:          0 HIT:          0 MISS:          0 MSHR_MERGE:          0
cpu7->LLC WRITE        ACCESS:      13684 HIT:      13601 MISS:         83 MSHR_MERGE:          0
cpu7->LLC TRANSLATION  ACCESS:          0 HIT:          0 MISS:          0 MSHR_MERGE:          0
cpu7->LLC PREFETCH REQUESTED:          0 ISSUED:          0 USEFUL:          0 USELESS:          0
cpu7->LLC AVERAGE MISS LATENCY: 1342 cycles

DRAM Statistics

Channel 0 READ REQS:      64725	WRITE REQS:       5697
  READS:      64725	READ_HITS:      22305
  WRITES:       5695	WRITE HITS:        854
  ACTIVATES:      47261	PRECHARGES:      47261
  RQ FULL:          0	WQ FULL:          0
  WRITE DRAINS:       1197	FORCED:         36
  MEAN WRITE IMBALANCE: 1.1720969089390143
  READ OCCU PRE DRAIN: 0.13951545530492898	POST DRAIN: 1.3968253968253967
  MEAN WLP: 3.1862990810359233
  READ LATENCY: 39.1926921591348

Channel 1 READ REQS:      65234	WRITE REQS:       5757
  READS:      65234	READ_HITS:      22273
  WRITES:       5757	WRITE HITS:        852
  ACTIVATES:      47866	PRECHARGES:      47866
  RQ FULL:          0	WQ FULL:          0
  WRITE DRAINS:       1180	FORCED:         37
  MEAN WRITE IMBALANCE: 1.1779661016949152
  READ OCCU PRE DRAIN: 0.13220338983050847	POST DRAIN: 1.3966101694915254
  MEAN WLP: 3.272033898305085
  READ LATENCY: 39.172946622926695
WCACHE NON LRU EVICTS: 1610	TOTAL EVICTS: 44485	EAGER WB: 6246
