[VMEM] WARNING: physical memory size is smaller than virtual memory size.
dram page policy: is open = 0	is close = 0	is soft close = 1	cmd arg = 2

*** ChampSim Multicore Out-of-Order Simulator ***
Warmup Instructions: 25000000
Simulation Instructions: 100000000
Number of CPUs: 8
Page size: 2097152

CL :	 16.64 ns
CWL :	 15.808 ns
tRP :	 16.224 ns
tRCD :	 16.224 ns
tRAS :	 32.032000000000004 ns
tRTP :	 7.904 ns
tWR :	 30.368000000000002 ns

tCCD_S :	 3.3280000000000003 ns
tCCD_S_WR :	 3.3280000000000003 ns
tCCD_S_WTR :	 22.048000000000002 ns
tCCD_L :	 5.408 ns
tCCD_L_WR :	 20.384 ns
tCCD_L_WTR :	 29.536 ns
tRRD_S :	 3.3280000000000003 ns
tRRD_L :	 5.408 ns
tFAW :	 13.728 ns
Address mapping (perm = 1) 	ch co bg bg bg ba ba co co co co co co ro ro ro ro ro ro ro ro ro ro ro ro ro ro ro 
dram queue size: R = 64 W = 64 (low:high is 12:52)
Heartbeat CPU 5 instructions: 10000004 cycles: 2823033 heartbeat IPC: 3.542 cumulative IPC: 3.542 (Simulation time: 00 hr 09 min 28 sec)
Heartbeat CPU 1 instructions: 10000004 cycles: 2823033 heartbeat IPC: 3.542 cumulative IPC: 3.542 (Simulation time: 00 hr 09 min 28 sec)
Heartbeat CPU 2 instructions: 10000004 cycles: 2823240 heartbeat IPC: 3.542 cumulative IPC: 3.542 (Simulation time: 00 hr 09 min 28 sec)
Heartbeat CPU 4 instructions: 10000004 cycles: 2823449 heartbeat IPC: 3.542 cumulative IPC: 3.542 (Simulation time: 00 hr 09 min 28 sec)
Heartbeat CPU 7 instructions: 10000003 cycles: 2824130 heartbeat IPC: 3.541 cumulative IPC: 3.541 (Simulation time: 00 hr 09 min 29 sec)
Heartbeat CPU 0 instructions: 10000000 cycles: 2832168 heartbeat IPC: 3.531 cumulative IPC: 3.531 (Simulation time: 00 hr 09 min 30 sec)
Heartbeat CPU 3 instructions: 10000000 cycles: 2832350 heartbeat IPC: 3.531 cumulative IPC: 3.531 (Simulation time: 00 hr 09 min 30 sec)
Heartbeat CPU 6 instructions: 10000000 cycles: 2832415 heartbeat IPC: 3.531 cumulative IPC: 3.531 (Simulation time: 00 hr 09 min 30 sec)
max lookup for evict 0 = 16
lookup_sel: 128 128 128 128 128 128 128 128 128 128 128 128 128 128 128 128
Heartbeat CPU 5 instructions: 20000008 cycles: 5611915 heartbeat IPC: 3.586 cumulative IPC: 3.564 (Simulation time: 00 hr 18 min 53 sec)
Heartbeat CPU 4 instructions: 20000008 cycles: 5611915 heartbeat IPC: 3.586 cumulative IPC: 3.564 (Simulation time: 00 hr 18 min 53 sec)
Heartbeat CPU 1 instructions: 20000008 cycles: 5612123 heartbeat IPC: 3.585 cumulative IPC: 3.564 (Simulation time: 00 hr 18 min 53 sec)
Heartbeat CPU 2 instructions: 20000008 cycles: 5612538 heartbeat IPC: 3.585 cumulative IPC: 3.563 (Simulation time: 00 hr 18 min 53 sec)
Heartbeat CPU 7 instructions: 20000003 cycles: 5614451 heartbeat IPC: 3.584 cumulative IPC: 3.562 (Simulation time: 00 hr 18 min 54 sec)
Heartbeat CPU 0 instructions: 20000003 cycles: 5630213 heartbeat IPC: 3.574 cumulative IPC: 3.552 (Simulation time: 00 hr 18 min 57 sec)
Heartbeat CPU 6 instructions: 20000001 cycles: 5630266 heartbeat IPC: 3.574 cumulative IPC: 3.552 (Simulation time: 00 hr 18 min 57 sec)
Heartbeat CPU 3 instructions: 20000003 cycles: 5630407 heartbeat IPC: 3.574 cumulative IPC: 3.552 (Simulation time: 00 hr 18 min 57 sec)
Warmup finished CPU 5 instructions: 25000000 cycles: 7046963 cumulative IPC: 3.548 (Simulation time: 00 hr 23 min 42 sec)
Warmup finished CPU 4 instructions: 25000000 cycles: 7047171 cumulative IPC: 3.548 (Simulation time: 00 hr 23 min 42 sec)
Warmup finished CPU 1 instructions: 25000000 cycles: 7047379 cumulative IPC: 3.547 (Simulation time: 00 hr 23 min 42 sec)
Warmup finished CPU 2 instructions: 25000000 cycles: 7048002 cumulative IPC: 3.547 (Simulation time: 00 hr 23 min 42 sec)
Warmup finished CPU 7 instructions: 25000001 cycles: 7049062 cumulative IPC: 3.547 (Simulation time: 00 hr 23 min 42 sec)
Warmup finished CPU 6 instructions: 25000000 cycles: 7066445 cumulative IPC: 3.538 (Simulation time: 00 hr 23 min 46 sec)
Warmup finished CPU 0 instructions: 25000000 cycles: 7067498 cumulative IPC: 3.537 (Simulation time: 00 hr 23 min 46 sec)
Warmup finished CPU 3 instructions: 25000000 cycles: 7067704 cumulative IPC: 3.537 (Simulation time: 00 hr 23 min 46 sec)
Warmup complete CPU 7 instructions: 25064932 cycles: 7067704 cumulative IPC: 3.546 (Simulation time: 00 hr 23 min 46 sec)
Warmup complete CPU 6 instructions: 25004348 cycles: 7067704 cumulative IPC: 3.538 (Simulation time: 00 hr 23 min 46 sec)
Warmup complete CPU 5 instructions: 25072244 cycles: 7067704 cumulative IPC: 3.547 (Simulation time: 00 hr 23 min 46 sec)
Warmup complete CPU 4 instructions: 25071521 cycles: 7067704 cumulative IPC: 3.547 (Simulation time: 00 hr 23 min 46 sec)
Warmup complete CPU 3 instructions: 25000000 cycles: 7067704 cumulative IPC: 3.537 (Simulation time: 00 hr 23 min 46 sec)
Warmup complete CPU 2 instructions: 25068644 cycles: 7067704 cumulative IPC: 3.547 (Simulation time: 00 hr 23 min 46 sec)
Warmup complete CPU 1 instructions: 25070819 cycles: 7067704 cumulative IPC: 3.547 (Simulation time: 00 hr 23 min 46 sec)
Warmup complete CPU 0 instructions: 25000672 cycles: 7067704 cumulative IPC: 3.537 (Simulation time: 00 hr 23 min 46 sec)
Heartbeat CPU 4 instructions: 30000010 cycles: 8814089 heartbeat IPC: 3.123 cumulative IPC: 2.822 (Simulation time: 00 hr 28 min 59 sec)
Heartbeat CPU 5 instructions: 30000009 cycles: 8814291 heartbeat IPC: 3.123 cumulative IPC: 2.821 (Simulation time: 00 hr 28 min 59 sec)
Heartbeat CPU 2 instructions: 30000010 cycles: 8814409 heartbeat IPC: 3.123 cumulative IPC: 2.823 (Simulation time: 00 hr 28 min 59 sec)
Heartbeat CPU 1 instructions: 30000009 cycles: 8819340 heartbeat IPC: 3.118 cumulative IPC: 2.814 (Simulation time: 00 hr 29 min 00 sec)
Heartbeat CPU 7 instructions: 30000006 cycles: 8822466 heartbeat IPC: 3.117 cumulative IPC: 2.812 (Simulation time: 00 hr 29 min 00 sec)
Heartbeat CPU 3 instructions: 30000006 cycles: 8831651 heartbeat IPC: 3.124 cumulative IPC: 2.835 (Simulation time: 00 hr 29 min 02 sec)
Heartbeat CPU 0 instructions: 30000004 cycles: 8832057 heartbeat IPC: 3.123 cumulative IPC: 2.834 (Simulation time: 00 hr 29 min 02 sec)
Heartbeat CPU 6 instructions: 30000004 cycles: 8834388 heartbeat IPC: 3.121 cumulative IPC: 2.828 (Simulation time: 00 hr 29 min 02 sec)
Heartbeat CPU 2 instructions: 40000011 cycles: 12590653 heartbeat IPC: 2.648 cumulative IPC: 2.704 (Simulation time: 00 hr 39 min 31 sec)
Heartbeat CPU 4 instructions: 40000011 cycles: 12591637 heartbeat IPC: 2.647 cumulative IPC: 2.703 (Simulation time: 00 hr 39 min 32 sec)
Heartbeat CPU 5 instructions: 40000011 cycles: 12591709 heartbeat IPC: 2.647 cumulative IPC: 2.702 (Simulation time: 00 hr 39 min 32 sec)
Heartbeat CPU 3 instructions: 40000007 cycles: 12602124 heartbeat IPC: 2.652 cumulative IPC: 2.71 (Simulation time: 00 hr 39 min 33 sec)
Heartbeat CPU 0 instructions: 40000007 cycles: 12603203 heartbeat IPC: 2.652 cumulative IPC: 2.71 (Simulation time: 00 hr 39 min 33 sec)
Heartbeat CPU 1 instructions: 40000011 cycles: 12604413 heartbeat IPC: 2.642 cumulative IPC: 2.696 (Simulation time: 00 hr 39 min 34 sec)
Heartbeat CPU 7 instructions: 40000007 cycles: 12605762 heartbeat IPC: 2.643 cumulative IPC: 2.697 (Simulation time: 00 hr 39 min 34 sec)
Heartbeat CPU 6 instructions: 40000007 cycles: 12607713 heartbeat IPC: 2.65 cumulative IPC: 2.707 (Simulation time: 00 hr 39 min 34 sec)
Heartbeat CPU 2 instructions: 50000013 cycles: 16369355 heartbeat IPC: 2.646 cumulative IPC: 2.68 (Simulation time: 00 hr 49 min 46 sec)
Heartbeat CPU 4 instructions: 50000014 cycles: 16371268 heartbeat IPC: 2.646 cumulative IPC: 2.679 (Simulation time: 00 hr 49 min 46 sec)
Heartbeat CPU 5 instructions: 50000014 cycles: 16371388 heartbeat IPC: 2.646 cumulative IPC: 2.679 (Simulation time: 00 hr 49 min 46 sec)
Heartbeat CPU 3 instructions: 50000009 cycles: 16384511 heartbeat IPC: 2.644 cumulative IPC: 2.683 (Simulation time: 00 hr 49 min 48 sec)
Heartbeat CPU 0 instructions: 50000009 cycles: 16385537 heartbeat IPC: 2.644 cumulative IPC: 2.683 (Simulation time: 00 hr 49 min 48 sec)
Heartbeat CPU 6 instructions: 50000009 cycles: 16388412 heartbeat IPC: 2.645 cumulative IPC: 2.682 (Simulation time: 00 hr 49 min 49 sec)
Heartbeat CPU 7 instructions: 50000009 cycles: 16389438 heartbeat IPC: 2.