[VMEM] WARNING: physical memory size is smaller than virtual memory size.

*** ChampSim Multicore Out-of-Order Simulator ***
Warmup Instructions: 25000000
Simulation Instructions: 25000000
Number of CPUs: 8
Page size: 2097152

initializing BARD -- num sampled sets: 64, modulus = 256
CL :	 16.64 ns
CWL :	 15.808 ns
tRP :	 16.224 ns
tRCD :	 16.224 ns
tRAS :	 32.032000000000004 ns
tRTP :	 7.904 ns
tWR :	 30.368000000000002 ns

tCCD_S :	 3.3280000000000003 ns
tCCD_S_WR :	 3.3280000000000003 ns
tCCD_S_WTR :	 22.048000000000002 ns
tCCD_L :	 5.408 ns
tCCD_L_WR :	 20.384 ns
tCCD_L_WTR :	 29.536 ns
tRRD_S :	 3.3280000000000003 ns
tRRD_L :	 5.408 ns
tFAW :	 13.728 ns
Address mapping (perm = 1) 	ch co bg bg bg ba ba co co co co co co ro ro ro ro ro ro ro ro ro ro ro ro ro ro ro 
dram queue size: R = 64 W = 48 (low:high is 9:39)
num evicts: 0, p: 0, s: 0 	 max proactive lookup: 16, max shadow lookup: 16
	evict counters: 128 128 128 128 128 128 128 128 128 128 128 128 128 128 128 128
	eager counters: 128 128 128 128 128 128 128 128 128 128 128 128 128 128 128 128
num evicts: 100000, p: 18037, s: 0 	 max proactive lookup: 6, max shadow lookup: 16
	evict counters: 146 144 140 140 133 131 125 112 117 114 114 118 118 115 116 115
	eager counters: 138 138 137 135 133 134 130 128 131 128 129 128 128 128 128 128
num evicts: 200000, p: 39036, s: 0 	 max proactive lookup: 6, max shadow lookup: 16
	evict counters: 168 160 156 149 144 138 127 108 108 106 103 108 109 107 109 109
	eager counters: 157 146 148 143 143 141 133 130 131 128 129 128 128 129 128 128
num evicts: 300000, p: 60807, s: 0 	 max proactive lookup: 7, max shadow lookup: 16
	evict counters: 192 173 192 160 150 153 137 115 114 111 103 102 108 102 105 103
	eager counters: 177 156 176 150 152 151 139 133 136 134 131 128 130 132 128 128
num evicts: 400000, p: 83101, s: 0 	 max proactive lookup: 7, max shadow lookup: 16
	evict counters: 224 193 213 175 162 170 141 118 114 119 107 99 114 105 99 99
	eager counters: 206 170 187 160 161 164 143 136 143 137 135 134 132 134 129 128
num evicts: 500000, p: 105809, s: 0 	 max proactive lookup: 8, max shadow lookup: 16
	evict counters: 249 212 233 192 177 185 147 130 124 121 112 106 117 103 101 100
	eager counters: 228 187 199 171 173 173 148 146 147 140 136 136 134 134 129 129
num evicts: 600000, p: 128836, s: 0 	 max proactive lookup: 9, max shadow lookup: 16
	evict counters: 255 235 250 209 188 202 153 132 129 120 113 109 119 114 101 90
	eager counters: 244 207 210 180 184 184 155 153 152 143 140 139 136 135 129 130
num evicts: 700000, p: 152588, s: 0 	 max proactive lookup: 10, max shadow lookup: 16
	evict counters: 255 249 255 239 201 209 167 146 134 131 116 115 114 108 93 31
	eager counters: 255 219 221 199 194 188 169 156 156 149 143 140 137 136 129 130
num evicts: 800000, p: 175498, s: 0 	 max proactive lookup: 10, max shadow lookup: 16
	evict counters: 255 255 255 250 220 217 173 155 134 137 119 115 116 110 93 28
	eager counters: 255 237 239 208 204 198 175 164 157 150 146 142 138 140 129 130
num evicts: 900000, p: 199462, s: 0 	 max proactive lookup: 10, max shadow lookup: 16
	evict counters: 255 255 254 255 238 232 186 172 139 143 119 112 116 106 103 25
	eager counters: 255 255 255 217 219 210 183 175 161 154 148 147 142 141 129 130
num evicts: 1000000, p: 223902, s: 0 	 max proactive lookup: 10, max shadow lookup: 16
	evict counters: 255 255 255 255 251 246 195 172 148 135 122 115 120 101 109 17
	eager counters: 255 255 255 231 237 221 194 176 166 156 151 148 144 142 132 130
num evicts: 1100000, p: 248321, s: 0 	 max proactive lookup: 10, max shadow lookup: 16
	evict counters: 255 254 255 254 255 255 206 185 155 146 116 116 124 98 105 27
	eager counters: 255 255 255 243 250 234 203 182 172 159 152 150 146 142 132 130
num evicts: 1200000, p: 272534, s: 0 	 max proactive lookup: 10, max shadow lookup: 16
	evict counters: 255 255 255 252 255 255 221 187 169 151 123 113 121 97 103 22
	eager counters: 255 255 255 252 255 244 211 186 183 164 157 150 146 142 132 130
num evicts: 1300000, p: 295752, s: 0 	 max proactive lookup: 10, max shadow lookup: 16
	evict counters: 255 255 255 254 255 255 227 195 180 162 124 118 117 100 102 25
	eager counters: 255 255 255 255 255 252 218 189 191 166 157 156 149 142 133 132
num evicts: 1400000, p: 319071, s: 0 	 max proactive lookup: 11, max shadow lookup: 16
	evict counters: 255 255 255 254 255 255 235 207 181 160 130 121 112 107 102 16
	eager counters: 255 255 255 255 255 255 223 200 194 167 159 158 150 144 134 133
num evicts: 1500000, p: 344017, s: 0 	 max proactive lookup: 11, max shadow lookup: 16
	evict counters: 255 255 255 255 254 255 244 212 183 161 131 124 117 111 99 10
	eager counters: 255 255 255 255 255 255 232 209 200 171 161 162 154 145 134 134
num evicts: 1600000, p: 369024, s: 0 	 max proactive lookup: 12, max shadow lookup: 16
	evict counters: 255 255 255 255 255 255 255 217 200 169 135 129 115 118 105 4
	eager counters: 255 255 255 255 255 255 241 212 203 173 161 165 154 147 136 134
num evicts: 1700000, p: 394007, s: 0 	 max proactive lookup: 12, max shadow lookup: 16
	evict counters: 255 255 255 254 252 255 253 218 210 171 141 129 111 120 102 2
	eager counters: 255 255 255 255 255 255 249 214 212 176 165 167 155 149 140 134
num evicts: 1800000, p: 417840, s: 0 	 max proactive lookup: 12, max shadow lookup: 16
	evict counters: 255 255 255 255 254 255 252 226 209 176 142 130 117 122 101 3
	eager counters: 255 255 255 255 255 255 251 217 214 181 168 168 158 150 140 135
num evicts: 1900000, p: 440597, s: 0 	 max proactive lookup: 12, max shadow lookup: 16
	evict counters: 255 255 255 255 255 255 254 228 213 181 143 134 117 123 107 5
	eager counters: 255 255 255 255 255 255 255 220 218 186 170 170 159 150 141 135
num evicts: 2000000, p: 464819, s: 0 	 max proactive lookup: 12, max shadow lookup: 16
	evict counters: 255 255 254 255 255 255 253 228 221 184 148 137 117 121 105 1
	eager counters: 255 255 255 255 255 255 255 222 226 189 173 173 161 151 143 135
num evicts: 2100000, p: 488867, s: 0 	 max proactive lookup: 12, max shadow lookup: 16
	evict counters: 255 255 255 255 255 255 255 233 229 193 153 135 126 115 107 1
	eager counters: 255 255 255 255 255 255 255 226 231 192 176 178 163 152 143 135
num evicts: 2200000, p: 513136, s: 0 	 max proactive lookup: 12, max shadow lookup: 16
	evict counters: 255 255 255 255 255 255 255 237 233 196 155 139 117 117 107 4
	eager counters: 255 255 255 255 255 255 255 230 237 196 180 178 164 153 145 135
num evicts: 2300000, p: 537236, s: 0 	 max proactive lookup: 12, max shadow lookup: 16
	evict counters: 255 255 255 255 255 254 255 249 237 200 153 147 119 115 100 5
	eager counters: 255 255 255 255 255 255 255 235 241 201 184 183 166 153 145 136
num evicts: 2400000, p: 559705, s: 0 	 max proactive lookup: 12, max shadow lookup: 16
	evict counters: 255 255 255 255 255 254 255 255 243 203 155 143 116 120 103 10
	eager counters: 255 255 255 255 255 255 255 238 245 205 185 184 170 154 145 136
num evicts: 2500000, p: 584295, s: 0 	 max proactive lookup: 12, max shadow lookup: 16
	evict counters: 255 255 255 255 255 253 254 253 244 203 162 145 120 115 99 15
	eager counters: 255 255 255 255 255 255 255 243 247 205 188 188 175 154 145 140
num evicts: 2600000, p: 608882, s: 0 	 max proactive lookup: 12, max shadow lookup: 16
	evict counters: 255 255 255 255 254 255 255 255 254 209 164 148 121 109 100 2
	eager counters: 255 255 255 255 255 255 255 247 254 208 192 190 177 155 145 140
num evicts: 2700000, p: 633241, s: 0 	 max proactive lookup: 12, max shadow lookup: 16
	evict counters: 255 255 255 255 255 255 255 255 255 214 166 154 123 104 107 4
	eager counters: 255 255 255 255 255 255 255 253 255 210 194 192 178 155 146 140
num evicts: 2800000, p: 657939, s: 0 	 max proactive lookup: 12, max shadow lookup: 16
	evict counters: 255 255 255 255 255 254 255 254 251 212 167 158 124 102 103 9
	eager counters: 255 255 255 255 255 255 255 255 255 214 198 194 180 157 147 142
num evicts: 2900000, p: 681132, s: 0 	 max proactive lookup: 12, max shadow lookup: 16
	evict counters: 255 255 254 255 255 255 255 255 252 218 171 152 120 101 99 13
	eager counters: 255 255 255 255 255 255 255 255 255 218 201 195 180 158 148 142
num evicts: 3000000, p: 705321, s: 0 	 max proactive lookup: 13, max shadow lookup: 16
	evict counters: 255 255 255 255 255 255 253 254 255 222 184 147 130 103 101 13
	eager counters: 255 255 255 255 255 255 255 255 255 222 202 197 183 159 148 143
num evicts: 3100000, p: 730154, s: 0 	 max proactive lookup: 12, max shadow lookup: 16
	evict counters: 255 255 254 255 254 255 255 253 252 228 189 152 127 102 100 12
	eager counters: 255 255 255 255 255 255 255 255 255 226 205 200 183 159 149 143
num evicts: 3200000, p: 754917, s: 0 	 max proactive lookup: 12, max shadow lookup: 16
	evict counters: 255 255 255 255 255 255 255 255 252 230 185 161 120 101 100 12
	eager counters: 255 255 255 255 255 255 255 255 255 228 208 201 183 160 149 144
num evicts: 3300000, p: 779452, s: 0 	 max proactive lookup: 12, max shadow lookup: 16
	evict counters: 255 255 255 255 255 255 255 252 255 231 192 161 125 97 101 9
	eager counters: 255 255 255 255 255 255 255 255 255 231 210 202 187 162 152 144
Heartbeat CPU 0 instructions: 10000003 cycles: 6236063 heartbeat IPC: 1.604 cumulative IPC: 1.604 (Simulation time: 00 hr 21 min 51 sec)
Heartbeat CPU 1 instructions: 10000003 cycles: 6237491 heartbeat IPC: 1.603 cumulative IPC: 1.603 (Simulation time: 00 hr 21 min 51 sec)
Heartbeat CPU 2 instructions: 10000003 cycles: 6237626 heartbeat IPC: 1.603 cumulative IPC: 1.603 (Simulation time: 00 hr 21 min 51 sec)
Heartbeat CPU 3 instructions: 10000003 cycles: 6238108 heartbeat IPC: 1.603 cumulative IPC: 1.603 (Simulation time: 00 hr 21 min 51 sec)
Heartbeat CPU 4 instructions: 10000003 cycles: 6239229 heartbeat IPC: 1.603 cumulative IPC: 1.603 (Simulation time: 00 hr 21 min 51 sec)
Heartbeat CPU 5 instructions: 10000003 cycles: 6239678 heartbeat IPC: 1.603 cumulative IPC: 1.603 (Simulation time: 00 hr 21 min 51 sec)
Heartbeat CPU 6 instructions: 10000003 cycles: 6240302 heartbeat IPC: 1.602 cumulative IPC: 1.602 (Simulation time: 00 hr 21 min 51 sec)
Heartbeat CPU 7 instructions: 10000003 cycles: 6240783 heartbeat IPC: 1.602 cumulative IPC: 1.602 (Simulation time: 00 hr 21 min 52 sec)
num evicts: 3400000, p: 803028, s: 0 	 max proactive lookup: 12, max shadow lookup: 16
	evict counters: 255 255 255 255 254 253 255 255 253 244 187 164 127 96 96 9
	eager counters: 255 255 255 255 255 255 255 255 255 239 211 204 190 163 155 144
num evicts: 3500000, p: 826207, s: 0 	 max proactive lookup: 13, max shadow lookup: 16
	evict counters: 255 255 255 254 255 254 255 249 255 238 193 163 129 91 94 11
	eager counters: 255 255 255 255 255 255 255 255 255 242 212 205 193 166 155 144
num evicts: 3600000, p: 850035, s: 0 	 max proactive lookup: 13, max shadow lookup: 16
	evict counters: 255 255 255 255 255 255 255 254 255 241 196 169 133 97 97 7
	eager counters: 255 255 255 255 255 255 255 255 255 244 218 207 195 169 155 144
num evicts: 3700000, p: 873799, s: 0 	 max proactive lookup: 13, max shadow lookup: 16
	evict counters: 255 255 254 255 255 254 255 255 255 248 196 167 136 93 90 2
	eager counters: 255 255 255 255 255 255 255 255 255 246 224 209 199 169 158 144
num evicts: 3800000, p: 897688, s: 0 	 max proactive lookup: 13, max shadow lookup: 16
	evict counters: 255 255 255 255 255 255 255 255 255 248 204 173 139 91 99 1
	eager counters: 255 255 255 255 255 255 255 255 255 250 226 211 202 171 160 144
num evicts: 3900000, p: 921383, s: 0 	 max proactive lookup: 13, max shadow lookup: 16
	evict counters: 255 255 255 255 255 254 254 254 252 253 202 166 141 92 98 0
	eager counters: 255 255 255 255 255 255 255 255 255 253 229 213 206 174 161 145
num evicts: 4000000, p: 944164, s: 0 	 max proactive lookup: 13, max shadow lookup: 16
	evict counters: 255 255 255 254 255 255 255 254 255 253 210 168 141 88 95 0
	eager counters: 255 255 255 255 255 255 255 255 255 255 230 213 211 174 161 146
num evicts: 4100000, p: 968517, s: 0 	 max proactive lookup: 13, max shadow lookup: 16
	evict counters: 255 255 255 255 254 255 255 253 255 254 212 165 141 96 94 3
	eager counters: 255 255 255 255 255 255 255 255 255 255 231 215 212 176 161 146
num evicts: 4200000, p: 993020, s: 0 	 max proactive lookup: 13, max shadow lookup: 16
	evict counters: 255 255 254 255 253 254 254 253 255 254 219 155 138 91 99 8
	eager counters: 255 255 255 255 255 255 255 255 255 255 234 216 212 176 164 147
num evicts: 4300000, p: 1017416, s: 0 	 max proactive lookup: 13, max shadow lookup: 16
	evict counters: 255 255 255 255 255 255 255 255 254 255 224 160 141 87 93 8
	eager counters: 255 255 255 255 255 255 255 255 255 255 237 216 213 176 165 147
num evicts: 4400000, p: 1041499, s: 0 	 max proactive lookup: 13, max shadow lookup: 16
	evict counters: 255 255 255 255 255 252 255 255 255 253 224 158 144 89 87 0
	eager counters: 255 255 255 255 255 255 255 255 255 255 239 217 213 179 165 147
num evicts: 4500000, p: 1064076, s: 0 	 max proactive lookup: 13, max shadow lookup: 16
	evict counters: 255 255 255 254 255 254 255 253 252 252 230 160 141 85 91 0
	eager counters: 255 255 255 255 255 255 255 255 255 255 242 219 215 180 166 151
num evicts: 4600000, p: 1089610, s: 0 	 max proactive lookup: 13, max shadow lookup: 16
	evict counters: 255 255 255 255 255 253 255 254 252 255 232 159 143 84 87 3
	eager counters: 255 255 255 255 255 255 255 255 255 255 246 220 215 181 167 151
num evicts: 4700000, p: 1115176, s: 0 	 max proactive lookup: 13, max shadow lookup: 16
	evict counters: 255 255 255 255 255 255 255 255 255 255 242 159 141 86 87 5
	eager counters: 255 255 255 255 255 255 255 255 255 255 251 222 216 182 167 153
num evicts: 4800000, p: 1140828, s: 0 	 max proactive lookup: 13, max shadow lookup: 16
	evict counters: 255 255 255 255 255 252 255 253 241 255 242 160 132 97 82 4
	eager counters: 255 255 255 255 255 255 255 255 255 255 254 223 216 182 169 153
num evicts: 4900000, p: 1165999, s: 0 	 max proactive lookup: 13, max shadow lookup: 16
	evict counters: 255 255 255 255 254 254 255 253 241 253 252 165 139 105 91 0
	eager counters: 255 255 255 255 255 255 255 255 255 255 255 226 219 184 169 153
num evicts: 5000000, p: 1189772, s: 0 	 max proactive lookup: 13, max shadow lookup: 16
	evict counters: 255 255 255 255 255 255 254 254 249 253 250 160 144 111 91 0
	eager counters: 255 255 255 255 255 255 255 255 255 255 255 229 223 184 173 153
num evicts: 5100000, p: 1213469, s: 0 	 max proactive lookup: 13, max shadow lookup: 16
	evict counters: 255 255 255 254 255 255 254 254 255 250 251 161 148 108 94 2
	eager counters: 255 255 255 255 255 255 255 255 255 255 255 229 226 184 173 153
num evicts: 5200000, p: 1237747, s: 0 	 max proactive lookup: 13, max shadow lookup: 16
	evict counters: 255 255 255 255 255 255 255 255 255 255 255 157 152 104 92 1
	eager counters: 255 255 255 255 255 255 255 255 255 255 255 231 227 186 174 153
num evicts: 5300000, p: 1261786, s: 0 	 max proactive lookup: 13, max shadow lookup: 16
	evict counters: 255 255 255 255 255 255 255 255 254 253 255 156 147 104 83 0
	eager counters: 255 255 255 255 255 255 255 255 255 255 255 233 229 189 174 153
num evicts: 5400000, p: 1285957, s: 0 	 max proactive lookup: 13, max shadow lookup: 16
	evict counters: 255 255 255 254 255 255 254 255 255 251 255 152 150 108 86 7
	eager counters: 255 255 255 255 255 255 255 255 255 255 255 234 231 191 174 153
num evicts: 5500000, p: 1309134, s: 0 	 max proactive lookup: 13, max shadow lookup: 16
	evict counters: 255 255 255 255 255 255 254 254 255 252 255 158 155 106 88 1
	eager counters: 255 255 255 255 255 255 255 255 255 255 255 238 233 192 174 153
num evicts: 5600000, p: 1332055, s: 0 	 max proactive lookup: 13, max shadow lookup: 16
	evict counters: 255 254 255 254 254 254 254 253 252 255 252 158 160 106 86 0
	eager counters: 255 255 255 255 255 255 255 255 255 255 255 240 237 192 175 154
num evicts: 5700000, p: 1355550, s: 0 	 max proactive lookup: 13, max shadow lookup: 16
	evict counters: 255 255 255 255 255 255 255 254 253 254 251 160 163 113 90 4
	eager counters: 255 255 255 255 255 255 255 255 255 255 255 242 239 192 177 154
num evicts: 5800000, p: 1378538, s: 0 	 max proactive lookup: 13, max shadow lookup: 16
	evict counters: 255 255 255 255 253 255 255 253 255 255 253 152 160 111 86 5
	eager counters: 255 255 255 255 255 255 255 255 255 255 255 244 240 193 177 154
num evicts: 5900000, p: 1402376, s: 0 	 max proactive lookup: 13, max shadow lookup: 16
	evict counters: 255 255 255 255 255 255 255 255 254 251 248 159 162 112 83 10
	eager counters: 255 255 255 255 255 255 255 255 255 255 255 247 241 195 177 154
num evicts: 6000000, p: 1426772, s: 0 	 max proactive lookup: 13, max shadow lookup: 16
	evict counters: 255 255 255 254 255 255 253 254 254 249 253 163 163 108 83 5
	eager counters: 255 255 255 255 255 255 255 255 255 255 255 250 241 196 177 154
num evicts: 6100000, p: 1451146, s: 0 	 max proactive lookup: 13, max shadow lookup: 16
	evict counters: 255 255 255 255 255 255 255 255 255 250 254 171 167 108 91 8
	eager counters: 255 255 255 255 255 255 255 255 255 255 255 253 242 197 178 155
num evicts: 6200000, p: 1476212, s: 0 	 max proactive lookup: 13, max shadow lookup: 16
	evict counters: 255 255 255 255 255 255 254 255 251 255 255 170 164 107 89 9
	eager counters: 255 255 255 255 255 255 255 255 255 255 255 254 243 198 179 155
num evicts: 6300000, p: 1501838, s: 0 	 max proactive lookup: 13, max shadow lookup: 16
	evict counters: 255 255 255 253 254 255 255 255 254 254 254 165 167 110 82 3
	eager counters: 255 255 255 255 255 255 255 255 255 255 255 255 245 199 180 155
num evicts: 6400000, p: 1527383, s: 0 	 max proactive lookup: 13, max shadow lookup: 16
	evict counters: 255 255 255 255 255 255 252 253 253 252 255 162 164 111 81 2
	eager counters: 255 255 255 255 255 255 255 255 255 255 255 255 250 200 181 155
num evicts: 6500000, p: 1551967, s: 0 	 max proactive lookup: 13, max shadow lookup: 16
	evict counters: 255 255 255 255 255 255 255 255 255 254 253 160 166 104 84 1
	eager counters: 255 255 255 255 255 255 255 255 255 255 255 255 252 200 181 155
num evicts: 6600000, p: 1575349, s: 0 	 max proactive lookup: 13, max shadow lookup: 16
	evict counters: 255 255 255 255 255 254 255 252 255 253 251 168 166 100 82 4
	eager counters: 255 255 255 255 255 255 255 255 255 255 255 255 253 200 182 155
num evicts: 6700000, p: 1599589, s: 0 	 max proactive lookup: 13, max shadow lookup: 16
	evict counters: 255 255 255 255 255 255 255 253 254 254 254 173 161 93 75 7
	eager counters: 255 255 255 255 255 255 255 255 255 255 255 255 253 204 183 155
num evicts: 6800000, p: 1624084, s: 0 	 max proactive lookup: 13, max shadow lookup: 16
	evict counters: 255 255 255 255 255 255 254 251 254 255 254 172 173 97 76 3
	eager counters: 255 255 255 255 255 255 255 255 255 255 255 255 254 205 183 155
Heartbeat CPU 0 instructions: 20000007 cycles: 12382216 heartbeat IPC: 1.627 cumulative IPC: 1.615 (Simulation time: 00 hr 43 min 03 sec)
Heartbeat CPU 1 instructions: 20000007 cycles: 12383457 heartbeat IPC: 1.627 cumulative IPC: 1.615 (Simulation time: 00 hr 43 min 04 sec)
Heartbeat CPU 2 instructions: 20000007 cycles: 12384002 heartbeat IPC: 1.627 cumulative IPC: 1.615 (Simulation time: 00 hr 43 min 04 sec)
Heartbeat CPU 3 instructions: 20000007 cycles: 12384372 heartbeat IPC: 1.627 cumulative IPC: 1.615 (Simulation time: 00 hr 43 min 04 sec)
Heartbeat CPU 4 instructions: 20000007 cycles: 12385508 heartbeat IPC: 1.627 cumulative IPC: 1.615 (Simulation time: 00 hr 43 min 04 sec)
Heartbeat CPU 5 instructions: 20000007 cycles: 12385893 heartbeat IPC: 1.627 cumulative IPC: 1.615 (Simulation time: 00 hr 43 min 04 sec)
Heartbeat CPU 6 instructions: 20000007 cycles: 12386190 heartbeat IPC: 1.627 cumulative IPC: 1.615 (Simulation time: 00 hr 43 min 04 sec)
Heartbeat CPU 7 instructions: 20000007 cycles: 12387326 heartbeat IPC: 1.627 cumulative IPC: 1.615 (Simulation time: 00 hr 43 min 04 sec)
num evicts: 6900000, p: 1648619, s: 0 	 max proactive lookup: 13, max shadow lookup: 16
	evict counters: 255 254 255 253 255 254 255 252 251 252 254 169 175 91 72 3
	eager counters: 255 255 255 255 255 255 255 255 255 255 255 255 255 205 183 155
num evicts: 7000000, p: 1672951, s: 0 	 max proactive lookup: 13, max shadow lookup: 16
	evict counters: 255 255 255 255 255 255 255 254 251 255 255 175 180 92 74 4
	eager counters: 255 255 255 255 255 255 255 255 255 255 255 255 255 207 183 156
num evicts: 7100000, p: 1695583, s: 0 	 max proactive lookup: 13, max shadow lookup: 16
	evict counters: 255 255 255 255 255 253 255 255 255 254 253 181 182 90 70 0
	eager counters: 255 255 255 255 255 255 255 255 255 255 255 255 255 208 183 157
num evicts: 7200000, p: 1719703, s: 0 	 max proactive lookup: 13, max shadow lookup: 16
	evict counters: 255 255 255 255 254 255 255 252 254 252 255 176 180 95 84 0
	eager counters: 255 255 255 255 255 255 255 255 255 255 255 255 255 209 186 157
num evicts: 7300000, p: 1744433, s: 0 	 max proactive lookup: 13, max shadow lookup: 16
	evict counters: 255 255 255 255 255 255 254 255 252 253 255 169 175 102 81 2
	eager counters: 255 255 255 255 255 255 255 255 255 255 255 255 255 210 186 158
num evicts: 7400000, p: 1769048, s: 0 	 max proactive lookup: 13, max shadow lookup: 16
	evict counters: 255 255 255 255 254 255 254 254 251 253 251 175 180 101 77 2
	eager counters: 255 255 255 255 255 255 255 255 255 255 255 255 255 210 186 160
num evicts: 7500000, p: 1793651, s: 0 	 max proactive lookup: 13, max shadow lookup: 16
	evict counters: 255 255 254 255 255 255 255 255 251 255 251 180 190 95 75 1
	eager counters: 255 255 255 255 255 255 255 255 255 255 255 255 255 212 186 160
num evicts: 7600000, p: 1816524, s: 0 	 max proactive lookup: 13, max shadow lookup: 16
	evict counters: 255 255 255 255 255 255 255 255 253 255 249 182 195 90 79 0
	eager counters: 255 255 255 255 255 255 255 255 255 255 255 255 255 213 187 160
num evicts: 7700000, p: 1840414, s: 0 	 max proactive lookup: 13, max shadow lookup: 16
	evict counters: 255 253 255 255 254 254 253 254 254 255 253 180 199 84 79 4
	eager counters: 255 255 255 255 255 255 255 255 255 255 255 255 255 216 187 162
num evicts: 7800000, p: 1865494, s: 0 	 max proactive lookup: 13, max shadow lookup: 16
	evict counters: 255 255 255 255 255 255 254 253 254 255 253 171 198 81 73 0
	eager counters: 255 255 255 255 255 255 255 255 255 255 255 255 255 216 187 162
num evicts: 7900000, p: 1890729, s: 0 	 max proactive lookup: 13, max shadow lookup: 16
	evict counters: 255 255 255 255 255 255 255 255 254 255 252 177 194 84 69 2
	eager counters: 255 255 255 255 255 255 255 255 255 255 255 255 255 218 187 162
num evicts: 8000000, p: 1915622, s: 0 	 max proactive lookup: 13, max shadow lookup: 16
	evict counters: 255 255 255 255 255 255 254 253 249 255 252 180 192 83 67 1
	eager counters: 255 255 255 255 255 255 255 255 255 255 255 255 255 219 188 162
num evicts: 8100000, p: 1939430, s: 0 	 max proactive lookup: 13, max shadow lookup: 16
	evict counters: 255 255 255 255 255 255 255 254 255 255 255 187 188 85 72 6
	eager counters: 255 255 255 255 255 255 255 255 255 255 255 255 255 221 188 163
num evicts: 8200000, p: 1962191, s: 0 	 max proactive lookup: 13, max shadow lookup: 16
	evict counters: 255 255 255 255 254 255 253 255 253 255 255 186 196 84 74 0
	eager counters: 255 255 255 255 255 255 255 255 255 255 255 255 255 222 188 163
num evicts: 8300000, p: 1986850, s: 0 	 max proactive lookup: 13, max shadow lookup: 16
	evict counters: 255 255 253 255 255 254 254 254 254 254 252 186 199 81 75 1
	eager counters: 255 255 255 255 255 255 255 255 255 255 255 255 255 224 190 163
num evicts: 8400000, p: 2011502, s: 0 	 max proactive lookup: 13, max shadow lookup: 16
	evict counters: 255 255 255 255 255 255 254 254 255 254 244 191 200 78 72 2
	eager counters: 255 255 255 255 255 255 255 255 255 255 255 255 255 224 191 163
num evicts: 8500000, p: 2036149, s: 0 	 max proactive lookup: 13, max shadow lookup: 16
	evict counters: 255 255 255 255 253 255 252 254 252 255 249 198 198 81 71 5
	eager counters: 255 255 255 255 255 255 255 255 255 255 255 255 255 225 192 163
num evicts: 8600000, p: 2060334, s: 0 	 max proactive lookup: 13, max shadow lookup: 16
	evict counters: 255 255 255 255 255 255 252 254 253 252 252 200 196 83 66 7
	eager counters: 255 255 255 255 255 255 255 255 255 255 255 255 255 228 192 163
Warmup finished CPU 0 instructions: 25000002 cycles: 15503511 cumulative IPC: 1.613 (Simulation time: 00 hr 53 min 40 sec)
Warmup finished CPU 1 instructions: 25000002 cycles: 15504881 cumulative IPC: 1.612 (Simulation time: 00 hr 53 min 40 sec)
Warmup finished CPU 2 instructions: 25000002 cycles: 15505178 cumulative IPC: 1.612 (Simulation time: 00 hr 53 min 40 sec)
Warmup finished CPU 3 instructions: 25000002 cycles: 15505722 cumulative IPC: 1.612 (Simulation time: 00 hr 53 min 40 sec)
Warmup finished CPU 4 instructions: 25000002 cycles: 15506924 cumulative IPC: 1.612 (Simulation time: 00 hr 53 min 41 sec)
Warmup finished CPU 5 instructions: 25000002 cycles: 15507365 cumulative IPC: 1.612 (Simulation time: 00 hr 53 min 41 sec)
Warmup finished CPU 6 instructions: 25000002 cycles: 15507477 cumulative IPC: 1.612 (Simulation time: 00 hr 53 min 41 sec)
Warmup finished CPU 7 instructions: 25000002 cycles: 15508630 cumulative IPC: 1.612 (Simulation time: 00 hr 53 min 41 sec)
Warmup complete CPU 7 instructions: 25000002 cycles: 15508630 cumulative IPC: 1.612 (Simulation time: 00 hr 53 min 41 sec)
Warmup complete CPU 6 instructions: 25003577 cycles: 15508630 cumulative IPC: 1.612 (Simulation time: 00 hr 53 min 41 sec)
Warmup complete CPU 5 instructions: 25003948 cycles: 15508630 cumulative IPC: 1.612 (Simulation time: 00 hr 53 min 41 sec)
Warmup complete CPU 4 instructions: 25004229 cycles: 15508630 cumulative IPC: 1.612 (Simulation time: 00 hr 53 min 41 sec)
Warmup complete CPU 3 instructions: 25004657 cycles: 15508630 cumulative IPC: 1.612 (Simulation time: 00 hr 53 min 41 sec)
Warmup complete CPU 2 instructions: 25004830 cycles: 15508630 cumulative IPC: 1.612 (Simulation time: 00 hr 53 min 41 sec)
Warmup complete CPU 1 instructions: 25005854 cycles: 15508630 cumulative IPC: 1.612 (Simulation time: 00 hr 53 min 41 sec)
Warmup complete CPU 0 instructions: 25010414 cycles: 15508630 cumulative IPC: 1.613 (Simulation time: 00 hr 53 min 41 sec)
num evicts: 8700000, p: 2082889, s: 0 	 max proactive lookup: 13, max shadow lookup: 16
	evict counters: 255 255 255 255 255 255 255 255 255 253 252 196 197 84 66 4
	eager counters: 255 255 255 255 255 255 255 255 255 255 255 255 255 228 192 163
num evicts: 8800000, p: 2105783, s: 0 	 max proactive lookup: 13, max shadow lookup: 16
	evict counters: 255 255 255 255 255 254 255 255 255 255 255 197 201 80 65 3
	eager counters: 255 255 255 255 255 255 255 255 255 255 255 255 255 228 193 163
num evicts: 8900000, p: 2129315, s: 0 	 max proactive lookup: 13, max shadow lookup: 16
	evict counters: 255 255 254 255 255 255 254 254 252 253 255 207 201 82 57 0
	eager counters: 255 255 255 255 255 255 255 255 255 255 255 255 255 228 194 163
num evicts: 9000000, p: 2152787, s: 0 	 max proactive lookup: 13, max shadow lookup: 16
	evict counters: 255 255 255 255 254 255 255 255 253 254 253 213 202 88 53 2
	eager counters: 255 255 255 255 255 255 255 255 255 255 255 255 255 229 194 163
num evicts: 9100000, p: 2176798, s: 0 	 max proactive lookup: 13, max shadow lookup: 16
	evict counters: 255 255 254 254 255 255 254 255 253 254 254 218 200 90 45 2
	eager counters: 255 255 255 255 255 255 255 255 255 255 255 255 255 233 194 163
num evicts: 9200000, p: 2200143, s: 0 	 max proactive lookup: 13, max shadow lookup: 16
	evict counters: 255 255 255 255 255 254 255 254 255 255 251 218 202 88 46 1
	eager counters: 255 255 255 255 255 255 255 255 255 255 255 255 255 233 194 163
num evicts: 9300000, p: 2224033, s: 0 	 max proactive lookup: 13, max shadow lookup: 16
	evict counters: 255 255 255 254 255 255 255 254 251 254 246 222 206 87 56 10
	eager counters: 255 255 255 255 255 255 255 255 255 255 255 255 255 233 195 163
num evicts: 9400000, p: 2248323, s: 0 	 max proactive lookup: 13, max shadow lookup: 16
	evict counters: 255 255 255 255 255 255 255 254 254 254 243 229 207 86 61 5
	eager counters: 255 255 255 255 255 255 255 255 255 255 255 255 255 234 197 163
num evicts: 9500000, p: 2272608, s: 0 	 max proactive lookup: 13, max shadow lookup: 16
	evict counters: 255 255 255 255 255 255 255 255 254 255 249 232 210 78 60 6
	eager counters: 255 255 255 255 255 255 255 255 255 255 255 255 255 234 199 164
num evicts: 9600000, p: 2296744, s: 0 	 max proactive lookup: 13, max shadow lookup: 16
	evict counters: 255 255 255 255 253 255 254 255 253 255 253 231 208 68 57 3
	eager counters: 255 255 255 255 255 255 255 255 255 255 255 255 255 234 200 164
num evicts: 9700000, p: 2319816, s: 0 	 max proactive lookup: 13, max shadow lookup: 16
	evict counters: 255 255 254 255 255 255 255 255 255 253 254 232 210 75 55 2
	eager counters: 255 255 255 255 255 255 255 255 255 255 255 255 255 235 200 164
num evicts: 9800000, p: 2343211, s: 0 	 max proactive lookup: 13, max shadow lookup: 16
	evict counters: 255 255 255 255 255 255 255 255 252 252 250 232 209 77 62 0
	eager counters: 255 255 255 255 255 255 255 255 255 255 255 255 255 236 200 164
num evicts: 9900000, p: 2367261, s: 0 	 max proactive lookup: 13, max shadow lookup: 16
	evict counters: 255 255 255 255 253 255 255 255 253 255 255 237 207 72 55 2
	eager counters: 255 255 255 255 255 255 255 255 255 255 255 255 255 237 200 165
num evicts: 10000000, p: 2391317, s: 0 	 max proactive lookup: 13, max shadow lookup: 16
	evict counters: 255 255 255 255 255 255 255 255 253 254 246 246 200 71 53 4
	eager counters: 255 255 255 255 255 255 255 255 255 255 255 255 255 237 201 165
num evicts: 10100000, p: 2414788, s: 0 	 max proactive lookup: 13, max shadow lookup: 16
	evict counters: 255 255 255 255 255 254 255 255 254 254 248 246 211 69 55 1
	eager counters: 255 255 255 255 255 255 255 255 255 255 255 255 255 239 202 165
num evicts: 10200000, p: 2437123, s: 0 	 max proactive lookup: 13, max shadow lookup: 16
	evict counters: 255 255 255 254 255 254 255 253 252 253 253 244 209 69 57 3
	eager counters: 255 255 255 255 255 255 255 255 255 255 255 255 255 241 203 165
Heartbeat CPU 1 instructions: 30000008 cycles: 37770482 heartbeat IPC: 0.3939 cumulative IPC: 0.2243 (Simulation time: 01 hr 37 min 48 sec)
Heartbeat CPU 2 instructions: 30000008 cycles: 37852860 heartbeat IPC: 0.3926 cumulative IPC: 0.2236 (Simulation time: 01 hr 37 min 57 sec)
Heartbeat CPU 0 instructions: 30000008 cycles: 37871710 heartbeat IPC: 0.3923 cumulative IPC: 0.2231 (Simulation time: 01 hr 37 min 59 sec)
Heartbeat CPU 7 instructions: 30000008 cycles: 37928257 heartbeat IPC: 0.3915 cumulative IPC: 0.223 (Simulation time: 01 hr 38 min 06 sec)
Heartbeat CPU 5 instructions: 30000008 cycles: 37938280 heartbeat IPC: 0.3914 cumulative IPC: 0.2227 (Simulation time: 01 hr 38 min 07 sec)
Heartbeat CPU 3 instructions: 30000008 cycles: 37943841 heartbeat IPC: 0.3912 cumulative IPC: 0.2227 (Simulation time: 01 hr 38 min 07 sec)
Heartbeat CPU 4 instructions: 30000008 cycles: 38150693 heartbeat IPC: 0.3881 cumulative IPC: 0.2206 (Simulation time: 01 hr 38 min 30 sec)
Heartbeat CPU 6 instructions: 30000008 cycles: 38288860 heartbeat IPC: 0.3861 cumulative IPC: 0.2193 (Simulation time: 01 hr 38 min 46 sec)
num evicts: 10300000, p: 2458599, s: 0 	 max proactive lookup: 13, max shadow lookup: 16
	evict counters: 255 255 255 255 255 255 255 255 254 254 255 242 210 71 54 3
	eager counters: 255 255 255 255 255 255 255 255 255 255 255 255 255 242 203 165
num evicts: 10400000, p: 2481287, s: 0 	 max proactive lookup: 13, max shadow lookup: 16
	evict counters: 255 255 255 255 255 255 255 255 255 254 252 245 211 70 51 2
	eager counters: 255 255 255 255 255 255 255 255 255 255 255 255 255 243 203 165
num evicts: 10500000, p: 2503749, s: 0 	 max proactive lookup: 13, max shadow lookup: 16
	evict counters: 255 255 255 255 254 255 255 254 251 254 253 244 212 69 50 0
	eager counters: 255 255 255 255 255 255 255 255 255 255 255 255 255 243 204 165
num evicts: 10600000, p: 2526522, s: 0 	 max proactive lookup: 13, max shadow lookup: 16
	evict counters: 255 255 255 255 255 255 254 255 252 255 252 246 221 75 43 7
	eager counters: 255 255 255 255 255 255 255 255 255 255 255 255 255 245 204 167
num evicts: 10700000, p: 2548899, s: 0 	 max proactive lookup: 13, max shadow lookup: 16
	evict counters: 255 255 255 254 255 255 255 252 248 254 253 244 219 68 37 4
	eager counters: 255 255 255 255 255 255 255 255 255 255 255 255 255 245 205 167
num evicts: 10800000, p: 2570439, s: 0 	 max proactive lookup: 13, max shadow lookup: 16
	evict counters: 255 255 255 254 254 255 253 255 252 255 253 248 218 68 34 2
	eager counters: 255 255 255 255 255 255 255 255 255 255 255 255 255 245 206 167
num evicts: 10900000, p: 2593481, s: 0 	 max proactive lookup: 13, max shadow lookup: 16
	evict counters: 255 255 255 255 255 255 253 255 255 253 254 253 219 61 30 0
	eager counters: 255 255 255 255 255 255 255 255 255 255 255 255 255 248 206 168
num evicts: 11000000, p: 2616772, s: 0 	 max proactive lookup: 13, max shadow lookup: 16
	evict counters: 255 255 255 255 255 255 255 255 255 249 253 248 220 55 35 0
	eager counters: 255 255 255 255 255 255 255 255 255 255 255 255 255 248 207 168
num evicts: 11100000, p: 2640264, s: 0 	 max proactive lookup: 13, max shadow lookup: 16
	evict counters: 255 255 255 255 254 255 255 255 254 252 254 251 217 57 29 0
	eager counters: 255 255 255 255 255 255 255 255 255 255 255 255 255 249 207 168
num evicts: 11200000, p: 2663902, s: 0 	 max proactive lookup: 13, max shadow lookup: 16
	evict counters: 255 255 255 255 255 255 255 255 252 254 249 252 223 52 25 4
	eager counters: 255 255 255 255 255 255 255 255 255 255 255 255 255 250 207 168
num evicts: 11300000, p: 2686871, s: 0 	 max proactive lookup: 13, max shadow lookup: 16
	evict counters: 255 255 254 255 255 255 255 254 253 255 252 255 213 56 30 0
	eager counters: 255 255 255 255 255 255 255 255 255 255 255 255 255 251 208 169
num evicts: 11400000, p: 2710447, s: 0 	 max proactive lookup: 13, max shadow lookup: 16
	evict counters: 255 255 255 255 255 255 255 254 253 254 246 254 214 61 29 1
	eager counters: 255 255 255 255 255 255 255 255 255 255 255 255 255 251 209 169
num evicts: 11500000, p: 2734033, s: 0 	 max proactive lookup: 13, max shadow lookup: 16
	evict counters: 255 255 255 255 255 255 255 255 254 253 247 255 214 57 27 2
	eager counters: 255 255 255 255 255 255 255 255 255 255 255 255 255 251 210 169
num evicts: 11600000, p: 2757732, s: 0 	 max proactive lookup: 13, max shadow lookup: 16
	evict counters: 255 255 255 255 255 255 255 255 252 255 249 254 214 55 21 0
	eager counters: 255 255 255 255 255 255 255 255 255 255 255 255 255 253 210 169
num evicts: 11700000, p: 2781470, s: 0 	 max proactive lookup: 13, max shadow lookup: 16
	evict counters: 255 255 255 255 255 255 255 255 254 254 253 253 223 60 16 0
	eager counters: 255 255 255 255 255 255 255 255 255 255 255 255 255 255 212 169
num evicts: 11800000, p: 2804909, s: 0 	 max proactive lookup: 13, max shadow lookup: 16
	evict counters: 255 255 255 255 255 255 255 255 254 255 254 249 224 55 15 0
	eager counters: 255 255 255 255 255 255 255 255 255 255 255 255 255 255 213 169
num evicts: 11900000, p: 2828102, s: 0 	 max proactive lookup: 13, max shadow lookup: 16
	evict counters: 255 255 255 255 255 253 255 255 255 251 252 244 219 62 22 2
	eager counters: 255 255 255 255 255 255 255 255 255 255 255 255 255 255 213 169
num evicts: 12000000, p: 2851583, s: 0 	 max proactive lookup: 13, max shadow lookup: 16
	evict counters: 255 255 254 255 255 255 255 254 255 253 255 246 221 62 15 3
	eager counters: 255 255 255 255 255 255 255 255 255 255 255 255 255 255 213 169
num evicts: 12100000, p: 2875224, s: 0 	 max proactive lookup: 13, max shadow lookup: 16
	evict counters: 255 255 255 254 255 254 253 255 253 255 254 247 213 64 12 2
	eager counters: 255 255 255 255 255 255 255 255 255 255 255 255 255 255 213 170
num evicts: 12200000, p: 2898076, s: 0 	 max proactive lookup: 13, max shadow lookup: 16
	evict counters: 255 255 255 255 254 255 255 254 251 254 254 252 213 60 12 6
	eager counters: 255 255 255 255 255 255 255 255 255 255 255 255 255 255 213 170
num evicts: 12300000, p: 2920354, s: 0 	 max proactive lookup: 13, max shadow lookup: 16
	evict counters: 255 255 255 255 255 254 255 255 250 254 252 252 213 62 16 8
	eager counters: 255 255 255 255 255 255 255 255 255 255 255 255 255 255 213 170
num evicts: 12400000, p: 2942282, s: 0 	 max proactive lookup: 13, max shadow lookup: 16
	evict counters: 255 255 255 255 255 254 255 255 253 252 247 255 214 62 16 5
	eager counters: 255 255 255 255 255 255 255 255 255 255 255 255 255 255 214 171
num evicts: 12500000, p: 2965165, s: 0 	 max proactive lookup: 13, max shadow lookup: 16
	evict counters: 255 255 255 255 255 255 255 255 253 253 255 249 220 57 11 2
	eager counters: 255 255 255 255 255 255 255 255 255 255 255 255 255 255 214 171
num evicts: 12600000, p: 2988134, s: 0 	 max proactive lookup: 13, max shadow lookup: 16
	evict counters: 255 255 255 255 251 255 255 255 255 247 254 254 220 56 6 1
	eager counters: 255 255 255 255 255 255 255 255 255 255 255 255 255 255 214 171
num evicts: 12700000, p: 3010975, s: 0 	 max proactive lookup: 13, max shadow lookup: 16
	evict counters: 255 255 255 255 254 255 255 255 255 248 251 254 223 53 5 1
	eager counters: 255 255 255 255 255 255 255 255 255 255 255 255 255 255 216 171
num evicts: 12800000, p: 3033494, s: 0 	 max proactive lookup: 13, max shadow lookup: 16
	evict counters: 255 255 255 255 255 255 254 255 255 254 255 250 219 56 3 5
	eager counters: 255 255 255 255 255 255 255 255 255 255 255 255 255 255 217 173
num evicts: 12900000, p: 3054912, s: 0 	 max proactive lookup: 13, max shadow lookup: 16
	evict counters: 255 255 255 255 255 255 255 255 254 255 248 251 213 67 6 9
	eager counters: 255 255 255 255 255 255 255 255 255 255 255 255 255 255 219 174
num evicts: 13000000, p: 3078100, s: 0 	 max proactive lookup: 13, max shadow lookup: 16
	evict counters: 255 255 255 255 255 255 254 255 255 250 244 249 214 70 8 7
	eager counters: 255 255 255 255 255 255 255 255 255 255 255 255 255 255 219 175
num evicts: 13100000, p: 3101773, s: 0 	 max proactive lookup: 13, max shadow lookup: 16
	evict counters: 255 255 255 255 255 254 255 255 255 254 247 255 216 67 11 8
	eager counters: 255 255 255 255 255 255 255 255 255 255 255 255 255 255 219 175
num evicts: 13200000, p: 3125392, s: 0 	 max proactive lookup: 13, max shadow lookup: 16
	evict counters: 255 255 255 255 255 254 254 254 255 251 251 249 212 67 4 1
	eager counters: 255 255 255 255 255 255 255 255 255 255 255 255 255 255 219 175
num evicts: 13300000, p: 3148715, s: 0 	 max proactive lookup: 13, max shadow lookup: 16
	evict counters: 255 255 255 255 255 255 255 254 255 255 252 254 212 63 3 0
	eager counters: 255 255 255 255 255 255 255 255 255 255 255 255 255 255 219 176
num evicts: 13400000, p: 3170506, s: 0 	 max proactive lookup: 13, max shadow lookup: 16
	evict counters: 255 255 255 255 255 255 255 255 255 253 251 251 213 63 5 2
	eager counters: 255 255 255 255 255 255 255 255 255 255 255 255 255 255 221 176
num evicts: 13500000, p: 3193507, s: 0 	 max proactive lookup: 13, max shadow lookup: 16
	evict counters: 255 255 254 254 253 255 255 255 252 254 247 251 208 57 6 7
	eager counters: 255 255 255 255 255 255 255 255 255 255 255 255 255 255 222 177
Heartbeat CPU 1 instructions: 40000010 cycles: 82214802 heartbeat IPC: 0.225 cumulative IPC: 0.2248 (Simulation time: 02 hr 54 min 31 sec)
Heartbeat CPU 0 instructions: 40000010 cycles: 82334252 heartbeat IPC: 0.2249 cumulative IPC: 0.2243 (Simulation time: 02 hr 54 min 43 sec)
Heartbeat CPU 2 instructions: 40000010 cycles: 82335665 heartbeat IPC: 0.2248 cumulative IPC: 0.2244 (Simulation time: 02 hr 54 min 43 sec)
Heartbeat CPU 3 instructions: 40000010 cycles: 82405858 heartbeat IPC: 0.2249 cumulative IPC: 0.2242 (Simulation time: 02 hr 54 min 50 sec)
Heartbeat CPU 5 instructions: 40000010 cycles: 82419241 heartbeat IPC: 0.2248 cumulative IPC: 0.2241 (Simulation time: 02 hr 54 min 51 sec)
Heartbeat CPU 4 instructions: 40000010 cycles: 82484878 heartbeat IPC: 0.2256 cumulative IPC: 0.2239 (Simulation time: 02 hr 54 min 58 sec)
Heartbeat CPU 7 instructions: 40000010 cycles: 82528141 heartbeat IPC: 0.2242 cumulative IPC: 0.2238 (Simulation time: 02 hr 55 min 02 sec)
Heartbeat CPU 6 instructions: 40000010 cycles: 82929992 heartbeat IPC: 0.224 cumulative IPC: 0.2224 (Simulation time: 02 hr 55 min 42 sec)
num evicts: 13600000, p: 3216588, s: 0 	 max proactive lookup: 13, max shadow lookup: 16
	evict counters: 255 255 255 255 255 255 254 255 255 255 252 248 206 62 8 14
	eager counters: 255 255 255 255 255 255 2