[VMEM] WARNING: physical memory size is smaller than virtual memory size.

*** ChampSim Multicore Out-of-Order Simulator ***
Warmup Instructions: 25000000
Simulation Instructions: 25000000
Number of CPUs: 8
Page size: 2097152

initializing BARD -- num sampled sets: 64, modulus = 256
CL :	 16.64 ns
CWL :	 15.808 ns
tRP :	 16.224 ns
tRCD :	 16.224 ns
tRAS :	 32.032000000000004 ns
tRTP :	 7.904 ns
tWR :	 30.368000000000002 ns

tCCD_S :	 3.3280000000000003 ns
tCCD_S_WR :	 3.3280000000000003 ns
tCCD_S_WTR :	 22.048000000000002 ns
tCCD_L :	 5.408 ns
tCCD_L_WR :	 20.384 ns
tCCD_L_WTR :	 29.536 ns
tRRD_S :	 3.3280000000000003 ns
tRRD_L :	 5.408 ns
tFAW :	 13.728 ns
Address mapping (perm = 1) 	ch co bg bg bg ba ba co co co co co co ro ro ro ro ro ro ro ro ro ro ro ro ro ro ro 
dram queue size: R = 64 W = 48 (low:high is 9:39)
num evicts: 0, p: 0, s: 0 	 max proactive lookup: 15, max shadow lookup: 16
current cycle = 37494, last update cycle = 0, delta = 37494
	load umon |	misses = 74, hits= 1 0 0 0 0 0 0 0 0 0 0 0 0 0 0 5
	write umon |	misses = 0, hits= 0 0 0 0 0 0 0 0 0 0 0 0 0 0 0 0
num evicts: 100000, p: 0, s: 7446 	 max proactive lookup: 16, max shadow lookup: 16
current cycle = 692761, last update cycle = 0, delta = 692761
	load umon |	misses = 1236, hits= 9 0 0 0 0 0 0 0 0 0 0 0 0 0 0 5
	write umon |	misses = 32, hits= 0 0 0 0 0 0 0 0 0 0 0 0 0 0 0 0
num evicts: 200000, p: 0, s: 23386 	 max proactive lookup: 16, max shadow lookup: 16
current cycle = 1007580, last update cycle = 0, delta = 1007580
	load umon |	misses = 1762, hits= 9 0 0 0 0 0 0 0 8 0 0 0 0 0 0 5
	write umon |	misses = 160, hits= 0 0 0 0 0 0 0 0 0 0 0 0 0 0 0 0
num evicts: 300000, p: 0, s: 41389 	 max proactive lookup: 16, max shadow lookup: 16
current cycle = 1174786, last update cycle = 0, delta = 1174786
	load umon |	misses = 2201, hits= 9 0 0 0 0 0 0 0 8 0 0 0 0 0 7 5
	write umon |	misses = 273, hits= 0 0 0 0 0 0 0 0 0 0 0 0 0 0 0 0
num evicts: 400000, p: 0, s: 57302 	 max proactive lookup: 16, max shadow lookup: 16
current cycle = 1378309, last update cycle = 0, delta = 1378309
	load umon |	misses = 2629, hits= 17 0 0 0 0 0 0 0 8 0 0 0 0 0 7 5
	write umon |	misses = 336, hits= 0 0 0 0 0 0 0 0 0 0 0 0 0 0 0 0
num evicts: 500000, p: 0, s: 74963 	 max proactive lookup: 16, max shadow lookup: 16
current cycle = 1634212, last update cycle = 0, delta = 1634212
	load umon |	misses = 3003, hits= 17 0 0 0 0 0 0 0 8 0 0 0 0 0 7 5
	write umon |	misses = 416, hits= 0 0 0 0 0 0 0 0 0 0 0 0 0 0 0 0
num evicts: 600000, p: 0, s: 95415 	 max proactive lookup: 16, max shadow lookup: 16
current cycle = 1784854, last update cycle = 0, delta = 1784854
	load umon |	misses = 3411, hits= 25 0 0 0 0 0 0 0 8 0 0 0 0 0 7 5
	write umon |	misses = 560, hits= 0 0 0 0 0 0 0 0 0 0 0 0 0 0 0 0
num evicts: 700000, p: 0, s: 113696 	 max proactive lookup: 16, max shadow lookup: 16
current cycle = 1962767, last update cycle = 0, delta = 1962767
	load umon |	misses = 3795, hits= 25 0 0 0 0 0 0 0 8 0 0 0 0 0 7 5
	write umon |	misses = 667, hits= 0 0 0 0 0 0 0 0 0 0 0 0 0 0 0 0
num evicts: 800000, p: 0, s: 128064 	 max proactive lookup: 16, max shadow lookup: 16
current cycle = 2124168, last update cycle = 0, delta = 2124168
	load umon |	misses = 4230, hits= 33 0 0 0 0 0 0 0 8 0 0 0 0 0 7 5
	write umon |	misses = 736, hits= 0 0 0 0 0 0 0 0 0 0 0 0 0 0 0 0
num evicts: 900000, p: 0, s: 141202 	 max proactive lookup: 16, max shadow lookup: 16
current cycle = 2306119, last update cycle = 0, delta = 2306119
	load umon |	misses = 4598, hits= 33 0 0 0 0 0 0 0 8 0 0 0 0 0 7 5
	write umon |	misses = 836, hits= 0 0 0 0 0 0 0 0 0 0 0 0 0 0 0 0
num evicts: 1000000, p: 0, s: 155824 	 max proactive lookup: 16, max shadow lookup: 16
current cycle = 2483216, last update cycle = 0, delta = 2483216
	load umon |	misses = 4993, hits= 41 0 0 0 0 0 0 0 8 0 0 0 0 0 7 5
	write umon |	misses = 912, hits= 0 0 0 0 0 0 0 0 0 0 0 0 0 0 0 0
Heartbeat CPU 0 instructions: 10000001 cycles: 2555154 heartbeat IPC: 3.914 cumulative IPC: 3.914 (Simulation time: 00 hr 13 min 16 sec)
Heartbeat CPU 1 instructions: 10000000 cycles: 2555754 heartbeat IPC: 3.913 cumulative IPC: 3.913 (Simulation time: 00 hr 13 min 16 sec)
Heartbeat CPU 2 instructions: 10000003 cycles: 2556909 heartbeat IPC: 3.911 cumulative IPC: 3.911 (Simulation time: 00 hr 13 min 17 sec)
Heartbeat CPU 3 instructions: 10000002 cycles: 2557683 heartbeat IPC: 3.91 cumulative IPC: 3.91 (Simulation time: 00 hr 13 min 17 sec)
Heartbeat CPU 4 instructions: 10000001 cycles: 2558635 heartbeat IPC: 3.908 cumulative IPC: 3.908 (Simulation time: 00 hr 13 min 17 sec)
Heartbeat CPU 5 instructions: 10000000 cycles: 2559464 heartbeat IPC: 3.907 cumulative IPC: 3.907 (Simulation time: 00 hr 13 min 17 sec)
Heartbeat CPU 6 instructions: 10000002 cycles: 2560381 heartbeat IPC: 3.906 cumulative IPC: 3.906 (Simulation time: 00 hr 13 min 18 sec)
Heartbeat CPU 7 instructions: 10000002 cycles: 2560975 heartbeat IPC: 3.905 cumulative IPC: 3.905 (Simulation time: 00 hr 13 min 18 sec)
num evicts: 1100000, p: 0, s: 173494 	 max proactive lookup: 16, max shadow lookup: 16
current cycle = 2667097, last update cycle = 0, delta = 2667097
	load umon |	misses = 5345, hits= 41 0 0 0 0 0 0 0 8 0 0 0 0 0 14 5
	write umon |	misses = 1024, hits= 0 0 0 0 0 0 0 0 0 0 0 0 0 0 0 0
num evicts: 1200000, p: 0, s: 190564 	 max proactive lookup: 16, max shadow lookup: 16
current cycle = 2895006, last update cycle = 0, delta = 2895006
	load umon |	misses = 5797, hits= 49 0 0 0 0 0 0 0 8 0 0 0 0 0 14 5
	write umon |	misses = 1120, hits= 0 0 0 0 0 0 0 0 0 0 0 0 0 0 0 0
num evicts: 1300000, p: 0, s: 207294 	 max proactive lookup: 16, max shadow lookup: 16
current cycle = 3079681, last update cycle = 0, delta = 3079681
	load umon |	misses = 6174, hits= 55 0 0 0 0 0 0 0 24 0 0 0 0 0 14 5
	write umon |	misses = 1208, hits= 0 0 0 0 0 0 0 0 0 0 0 0 0 0 0 0
num evicts: 1400000, p: 0, s: 222629 	 max proactive lookup: 16, max shadow lookup: 16
current cycle = 3271658, last update cycle = 0, delta = 3271658
	load umon |	misses = 6544, hits= 63 0 0 0 0 0 0 0 40 0 0 0 0 0 14 5
	write umon |	misses = 1280, hits= 0 0 0 0 0 0 0 0 0 0 0 0 0 0 0 0
num evicts: 1500000, p: 0, s: 241483 	 max proactive lookup: 16, max shadow lookup: 16
current cycle = 3431239, last update cycle = 0, delta = 3431239
	load umon |	misses = 6967, hits= 64 0 0 0 0 0 0 0 48 0 0 0 0 0 14 5
	write umon |	misses = 1430, hits= 0 0 0 0 0 0 0 0 0 0 0 0 0 0 0 0
num evicts: 1600000, p: 0, s: 262091 	 max proactive lookup: 16, max shadow lookup: 16
current cycle = 3633976, last update cycle = 0, delta = 3633976
	load umon |	misses = 7365, hits= 64 0 0 0 0 0 0 0 48 0 0 0 0 0 14 5
	write umon |	misses = 1539, hits= 0 0 0 0 0 0 0 0 0 0 0 0 0 0 0 0
num evicts: 1700000, p: 0, s: 275887 	 max proactive lookup: 16, max shadow lookup: 16
current cycle = 3833099, last update cycle = 0, delta = 3833099
	load umon |	misses = 7748, hits= 64 0 0 0 0 0 0 0 56 0 0 0 0 0 14 5
	write umon |	misses = 1658, hits= 0 0 0 0 0 0 0 0 0 0 0 0 0 0 0 0
num evicts: 1800000, p: 0, s: 300306 	 max proactive lookup: 16, max shadow lookup: 16
current cycle = 4034492, last update cycle = 0, delta = 4034492
	load umon |	misses = 8145, hits= 64 0 0 0 0 0 0 0 56 0 0 0 0 1 19 6
	write umon |	misses = 1800, hits= 0 0 0 0 0 0 0 0 0 0 0 0 0 0 0 0
num evicts: 1900000, p: 0, s: 311369 	 max proactive lookup: 16, max shadow lookup: 16
current cycle = 4234657, last update cycle = 0, delta = 4234657
	load umon |	misses = 8541, hits= 64 0 0 0 0 0 0 0 56 0 0 0 0 1 19 6
	write umon |	misses = 2095, hits= 0 0 0 0 0 0 0 0 0 0 0 0 0 0 0 0
num evicts: 2000000, p: 0, s: 311574 	 max proactive lookup: 16, max shadow lookup: 16
current cycle = 4433635, last update cycle = 0, delta = 4433635
	load umon |	misses = 8928, hits= 64 0 0 0 0 0 0 0 56 0 0 0 0 1 19 6
	write umon |	misses = 2482, hits= 0 0 0 0 0 0 0 0 0 0 0 0 0 0 0 0
num evicts: 2100000, p: 0, s: 311574 	 max proactive lookup: 16, max shadow lookup: 16
current cycle = 4633315, last update cycle = 0, delta = 4633315
	load umon |	misses = 9321, hits= 64 0 0 0 0 0 0 0 56 0 0 0 0 1 19 6
	write umon |	misses = 2875, hits= 0 0 0 0 0 0 0 0 0 0 0 0 0 0 0 0
num evicts: 2200000, p: 0, s: 311826 	 max proactive lookup: 16, max shadow lookup: 16
current cycle = 4832574, last update cycle = 0, delta = 4832574
	load umon |	misses = 9707, hits= 64 0 0 0 0 0 0 0 56 0 0 0 0 1 19 6
	write umon |	misses = 3261, hits= 0 0 0 0 0 0 0 0 0 0 0 0 0 0 0 0
num evicts: 2300000, p: 0, s: 311941 	 max proactive lookup: 16, max shadow lookup: 16
current cycle = 5031957, last update cycle = 0, delta = 5031957
	load umon |	misses = 10098, hits= 64 0 0 0 0 0 0 0 56 0 0 0 0 2 24 7
	write umon |	misses = 3651, hits= 0 0 0 0 0 0 0 0 0 0 0 0 0 0 0 0
Heartbeat CPU 0 instructions: 20000001 cycles: 5093293 heartbeat IPC: 3.94 cumulative IPC: 3.927 (Simulation time: 00 hr 28 min 46 sec)
Heartbeat CPU 1 instructions: 20000001 cycles: 5094327 heartbeat IPC: 3.939 cumulative IPC: 3.926 (Simulation time: 00 hr 28 min 46 sec)
Heartbeat CPU 2 instructions: 20000006 cycles: 5094872 heartbeat IPC: 3.94 cumulative IPC: 3.926 (Simulation time: 00 hr 28 min 46 sec)
Heartbeat CPU 3 instructions: 20000006 cycles: 5095698 heartbeat IPC: 3.94 cumulative IPC: 3.925 (Simulation time: 00 hr 28 min 47 sec)
Heartbeat CPU 4 instructions: 20000001 cycles: 5097153 heartbeat IPC: 3.939 cumulative IPC: 3.924 (Simulation time: 00 hr 28 min 47 sec)
Heartbeat CPU 5 instructions: 20000001 cycles: 5098339 heartbeat IPC: 3.939 cumulative IPC: 3.923 (Simulation time: 00 hr 28 min 48 sec)
Heartbeat CPU 6 instructions: 20000006 cycles: 5098459 heartbeat IPC: 3.94 cumulative IPC: 3.923 (Simulation time: 00 hr 28 min 48 sec)
Heartbeat CPU 7 instructions: 20000006 cycles: 5099805 heartbeat IPC: 3.939 cumulative IPC: 3.922 (Simulation time: 00 hr 28 min 48 sec)
num evicts: 2400000, p: 0, s: 312026 	 max proactive lookup: 16, max shadow lookup: 16
current cycle = 5231599, last update cycle = 5217378, delta = 14221
	load umon |	misses = 5256, hits= 32 0 0 0 0 0 0 0 28 0 0 0 0 1 12 3
	write umon |	misses = 2033, hits= 0 0 0 0 0 0 0 0 0 0 0 0 0 0 0 0
num evicts: 2500000, p: 0, s: 312298 	 max proactive lookup: 16, max shadow lookup: 16
current cycle = 5430554, last update cycle = 5217378, delta = 213176
	load umon |	misses = 5644, hits= 32 0 0 0 0 0 0 0 28 0 0 0 0 1 12 3
	write umon |	misses = 2421, hits= 0 0 0 0 0 0 0 0 0 0 0 0 0 0 0 0
num evicts: 2600000, p: 0, s: 312298 	 max proactive lookup: 16, max shadow lookup: 16
current cycle = 5630242, last update cycle = 5217378, delta = 412864
	load umon |	misses = 6043, hits= 32 0 0 0 0 0 0 0 28 0 0 0 0 1 12 3
	write umon |	misses = 2820, hits= 0 0 0 0 0 0 0 0 0 0 0 0 0 0 0 0
num evicts: 2700000, p: 0, s: 312415 	 max proactive lookup: 16, max shadow lookup: 16
current cycle = 5829937, last update cycle = 5217378, delta = 612559
	load umon |	misses = 6430, hits= 32 0 0 0 0 0 0 0 28 0 0 0 0 1 12 3
	write umon |	misses = 3199, hits= 0 0 0 0 0 0 0 0 0 0 0 0 0 0 0 0
num evicts: 2800000, p: 0, s: 312644 	 max proactive lookup: 16, max shadow lookup: 16
current cycle = 6028890, last update cycle = 5217378, delta = 811512
	load umon |	misses = 6817, hits= 32 0 0 0 0 0 0 0 28 0 0 0 0 1 12 3
	write umon |	misses = 3586, hits= 0 0 0 0 0 0 0 0 0 0 0 0 0 0 0 0
num evicts: 2900000, p: 0, s: 312644 	 max proactive lookup: 16, max shadow lookup: 16
current cycle = 6228553, last update cycle = 5217378, delta = 1011175
	load umon |	misses = 7210, hits= 32 0 0 0 0 0 0 0 28 0 0 0 0 2 17 4
	write umon |	misses = 3978, hits= 0 0 0 0 0 0 0 0 0 0 0 0 0 0 0 0
Warmup finished CPU 0 instructions: 25000002 cycles: 6377401 cumulative IPC: 3.92 (Simulation time: 00 hr 37 min 29 sec)
Warmup finished CPU 1 instructions: 25000002 cycles: 6378387 cumulative IPC: 3.919 (Simulation time: 00 hr 37 min 29 sec)
Warmup finished CPU 2 instructions: 25000002 cycles: 6378893 cumulative IPC: 3.919 (Simulation time: 00 hr 37 min 29 sec)
Warmup finished CPU 3 instructions: 25000002 cycles: 6379782 cumulative IPC: 3.919 (Simulation time: 00 hr 37 min 30 sec)
Warmup finished CPU 4 instructions: 25000002 cycles: 6381238 cumulative IPC: 3.918 (Simulation time: 00 hr 37 min 30 sec)
Warmup finished CPU 5 instructions: 25000002 cycles: 6382439 cumulative IPC: 3.917 (Simulation time: 00 hr 37 min 31 sec)
Warmup finished CPU 6 instructions: 25000002 cycles: 6382543 cumulative IPC: 3.917 (Simulation time: 00 hr 37 min 31 sec)
Warmup finished CPU 7 instructions: 25000002 cycles: 6383872 cumulative IPC: 3.916 (Simulation time: 00 hr 37 min 31 sec)
Warmup complete CPU 7 instructions: 25000002 cycles: 6383872 cumulative IPC: 3.916 (Simulation time: 00 hr 37 min 31 sec)
Warmup complete CPU 6 instructions: 25005131 cycles: 6383872 cumulative IPC: 3.917 (Simulation time: 00 hr 37 min 31 sec)
Warmup complete CPU 5 instructions: 25005543 cycles: 6383872 cumulative IPC: 3.917 (Simulation time: 00 hr 37 min 31 sec)
Warmup complete CPU 4 instructions: 25010208 cycles: 6383872 cumulative IPC: 3.918 (Simulation time: 00 hr 37 min 31 sec)
Warmup complete CPU 3 instructions: 25016069 cycles: 6383872 cumulative IPC: 3.919 (Simulation time: 00 hr 37 min 31 sec)
Warmup complete CPU 2 instructions: 25019538 cycles: 6383872 cumulative IPC: 3.919 (Simulation time: 00 hr 37 min 31 sec)
Warmup complete CPU 1 instructions: 25021440 cycles: 6383872 cumulative IPC: 3.919 (Simulation time: 00 hr 37 min 31 sec)
Warmup complete CPU 0 instructions: 25025284 cycles: 6383872 cumulative IPC: 3.92 (Simulation time: 00 hr 37 min 31 sec)
num evicts: 3000000, p: 0, s: 312894 	 max proactive lookup: 16, max shadow lookup: 16
current cycle = 6977723, last update cycle = 5217378, delta = 1760345
	load umon |	misses = 7596, hits= 32 0 0 0 0 0 0 0 28 0 0 0 0 2 17 4
	write umon |	misses = 4364, hits= 0 0 0 0 0 0 0 0 0 0 0 0 0 0 0 0
num evicts: 3100000, p: 0, s: 312988 	 max proactive lookup: 16, max shadow lookup: 16
current cycle = 9630553, last update cycle = 5217378, delta = 4413175
	load umon |	misses = 7989, hits= 32 0 0 0 0 0 0 0 28 0 0 0 0 2 17 4
	write umon |	misses = 4757, hits= 0 0 0 0 0 0 0 0 0 0 0 0 0 0 0 0
num evicts: 3200000, p: 0, s: 313084 	 max proactive lookup: 16, max shadow lookup: 16
current cycle = 12272715, last update cycle = 11943395, delta = 329320
	load umon |	misses = 4216, hits= 16 0 0 0 0 0 0 0 14 0 0 0 0 1 8 2
	write umon |	misses = 2600, hits= 0 0 0 0 0 0 0 0 0 0 0 0 0 0 0 0
num evicts: 3300000, p: 0, s: 313335 	 max proactive lookup: 16, max shadow lookup: 16
current cycle = 14912327, last update cycle = 11943395, delta = 2968932
	load umon |	misses = 4602, hits= 16 0 0 0 0 0 0 0 14 0 0 0 0 1 8 2
	write umon |	misses = 2978, hits= 0 0 0 0 0 0 0 0 0 0 0 0 0 0 0 0
num evicts: 3400000, p: 0, s: 313335 	 max proactive lookup: 16, max shadow lookup: 16
current cycle = 17580145, last update cycle = 11943395, delta = 5636750
	load umon |	misses = 4996, hits= 16 0 0 0 0 0 0 0 14 0 0 0 0 1 15 2
	write umon |	misses = 3371, hits= 0 0 0 0 0 0 0 0 0 0 0 0 0 0 0 0
num evicts: 3500000, p: 0, s: 313457 	 max proactive lookup: 16, max shadow lookup: 16
current cycle = 20171094, last update cycle = 18942601, delta = 1228493
	load umon |	misses = 2783, hits= 8 0 0 0 0 0 0 0 7 0 0 0 0 0 7 1
	write umon |	misses = 1971, hits= 0 0 0 0 0 0 0 0 0 0 0 0 0 0 0 0
num evicts: 3600000, p: 0, s: 313673 	 max proactive lookup: 16, max shadow lookup: 16
current cycle = 22829103, last update cycle = 18942601, delta = 3886502
	load umon |	misses = 3171, hits= 8 0 0 0 0 0 0 0 7 0 0 0 0 0 7 1
	write umon |	misses = 2358, hits= 0 0 0 0 0 0 0 0 0 0 0 0 0 0 0 0
Heartbeat CPU 0 instructions: 30000005 cycles: 23301262 heartbeat IPC: 0.5492 cumulative IPC: 0.2941 (Simulation time: 01 hr 06 min 23 sec)
Heartbeat CPU 1 instructions: 30000005 cycles: 23311297 heartbeat IPC: 0.5489 cumulative IPC: 0.2941 (Simulation time: 01 hr 06 min 24 sec)
Heartbeat CPU 4 instructions: 30000005 cycles: 23327469 heartbeat IPC: 0.5485 cumulative IPC: 0.2945 (Simulation time: 01 hr 06 min 26 sec)
Heartbeat CPU 3 instructions: 30000010 cycles: 23345801 heartbeat IPC: 0.5479 cumulative IPC: 0.2938 (Simulation time: 01 hr 06 min 28 sec)
Heartbeat CPU 6 instructions: 30000010 cycles: 23368308 heartbeat IPC: 0.5474 cumulative IPC: 0.2941 (Simulation time: 01 hr 06 min 30 sec)
Heartbeat CPU 5 instructions: 30000005 cycles: 23387759 heartbeat IPC: 0.5468 cumulative IPC: 0.2937 (S