[VMEM] WARNING: physical memory size is smaller than virtual memory size.

*** ChampSim Multicore Out-of-Order Simulator ***
Warmup Instructions: 25000000
Simulation Instructions: 25000000
Number of CPUs: 8
Page size: 2097152

initializing BARD -- num sampled sets: 64, modulus = 256
CL :	 16.64 ns
CWL :	 15.808 ns
tRP :	 16.224 ns
tRCD :	 16.224 ns
tRAS :	 32.032000000000004 ns
tRTP :	 7.904 ns
tWR :	 30.368000000000002 ns

tCCD_S :	 3.3280000000000003 ns
tCCD_S_WR :	 3.3280000000000003 ns
tCCD_S_WTR :	 22.048000000000002 ns
tCCD_L :	 5.408 ns
tCCD_L_WR :	 20.384 ns
tCCD_L_WTR :	 29.536 ns
tRRD_S :	 3.3280000000000003 ns
tRRD_L :	 5.408 ns
tFAW :	 13.728 ns
Address mapping (perm = 1) 	ch co bg bg bg ba ba co co co co co co ro ro ro ro ro ro ro ro ro ro ro ro ro ro ro 
dram queue size: R = 64 W = 48 (low:high is 9:39)
num evicts: 0, p: 0, s: 0 	 max proactive lookup: 15, max shadow lookup: 16
current cycle = 9979, last update cycle = 0, delta = 9979
	load umon |	misses = 34, hits= 1 0 0 0 0 0 0 0 0 0 0 0 0 0 0 5
	write umon |	misses = 0, hits= 0 0 0 0 0 0 0 0 0 0 0 0 0 0 0 0
num evicts: 100000, p: 0, s: 5420 	 max proactive lookup: 16, max shadow lookup: 16
current cycle = 377787, last update cycle = 0, delta = 377787
	load umon |	misses = 1122, hits= 1 0 0 0 0 0 0 1 0 0 0 0 0 0 1 11
	write umon |	misses = 72, hits= 0 0 0 0 0 0 0 0 0 0 0 0 0 0 0 0
num evicts: 200000, p: 0, s: 13462 	 max proactive lookup: 16, max shadow lookup: 16
current cycle = 553260, last update cycle = 0, delta = 553260
	load umon |	misses = 1660, hits= 1 0 0 0 0 0 0 1 8 0 0 0 0 0 1 11
	write umon |	misses = 160, hits= 0 0 0 0 0 0 0 0 0 0 0 0 0 0 0 0
num evicts: 300000, p: 0, s: 22064 	 max proactive lookup: 16, max shadow lookup: 16
current cycle = 699999, last update cycle = 0, delta = 699999
	load umon |	misses = 2138, hits= 1 0 0 0 0 0 0 1 8 0 0 0 0 0 1 11
	write umon |	misses = 272, hits= 0 0 0 0 0 0 0 0 0 0 0 0 0 0 0 0
num evicts: 400000, p: 0, s: 34827 	 max proactive lookup: 16, max shadow lookup: 16
current cycle = 833219, last update cycle = 0, delta = 833219
	load umon |	misses = 2507, hits= 1 0 0 0 0 0 0 1 8 0 0 0 0 0 1 11
	write umon |	misses = 400, hits= 0 0 0 0 0 0 0 0 0 0 0 0 0 0 0 0
num evicts: 500000, p: 0, s: 45218 	 max proactive lookup: 16, max shadow lookup: 16
current cycle = 963518, last update cycle = 0, delta = 963518
	load umon |	misses = 2858, hits= 9 0 0 0 0 0 0 1 16 0 0 0 0 0 1 11
	write umon |	misses = 496, hits= 0 0 0 0 0 0 0 0 0 0 0 0 0 0 0 0
num evicts: 600000, p: 0, s: 55876 	 max proactive lookup: 16, max shadow lookup: 16
current cycle = 1096230, last update cycle = 0, delta = 1096230
	load umon |	misses = 3186, hits= 9 0 0 0 0 0 0 1 16 0 0 0 0 0 1 11
	write umon |	misses = 624, hits= 0 0 0 0 0 0 0 0 0 0 0 0 0 0 0 0
num evicts: 700000, p: 0, s: 69078 	 max proactive lookup: 16, max shadow lookup: 16
current cycle = 1229443, last update cycle = 0, delta = 1229443
	load umon |	misses = 3554, hits= 9 0 0 0 0 0 0 1 24 0 0 0 0 0 1 11
	write umon |	misses = 720, hits= 0 0 0 0 0 0 0 0 0 0 0 0 0 0 0 0
num evicts: 800000, p: 0, s: 98312 	 max proactive lookup: 16, max shadow lookup: 16
current cycle = 1353379, last update cycle = 0, delta = 1353379
	load umon |	misses = 3938, hits= 9 0 0 0 0 0 0 1 24 0 0 0 0 0 1 11
	write umon |	misses = 824, hits= 0 0 0 0 0 0 0 0 0 0 0 0 0 0 0 0
num evicts: 900000, p: 0, s: 129387 	 max proactive lookup: 8, max shadow lookup: 16
current cycle = 2329859, last update cycle = 0, delta = 2329859
	load umon |	misses = 4309, hits= 161 10 15 16 7 0 0 1 678 72 98 87 41 0 1 20
	write umon |	misses = 1029, hits= 0 0 0 0 0 0 1 1 5 4 3 3 3 3 2 2
num evicts: 1000000, p: 0, s: 167894 	 max proactive lookup: 8, max shadow lookup: 16
current cycle = 2459088, last update cycle = 0, delta = 2459088
	load umon |	misses = 4684, hits= 161 10 15 16 7 0 0 1 678 72 98 87 41 0 1 26
	write umon |	misses = 1232, hits= 0 0 1 1 1 1 2 3 5 5 5 5 5 5 6 3
num evicts: 1100000, p: 0, s: 196510 	 max proactive lookup: 8, max shadow lookup: 16
current cycle = 2586122, last update cycle = 0, delta = 2586122
	load umon |	misses = 5079, hits= 161 10 19 16 7 0 0 1 682 72 99 88 41 0 1 26
	write umon |	misses = 1491, hits= 0 0 1 1 1 1 2 3 5 5 5 5 5 5 6 3
num evicts: 1200000, p: 0, s: 219394 	 max proactive lookup: 8, max shadow lookup: 16
current cycle = 2712884, last update cycle = 0, delta = 2712884
	load umon |	misses = 5441, hits= 167 10 19 16 7 0 7 2 682 72 99 88 41 0 1 26
	write umon |	misses = 1665, hits= 0 0 1 1 1 1 2 3 5 5 5 5 5 5 6 3
num evicts: 1300000, p: 0, s: 239965 	 max proactive lookup: 8, max shadow lookup: 16
current cycle = 2842236, last update cycle = 0, delta = 2842236
	load umon |	misses = 5823, hits= 169 10 19 16 7 0 7 2 682 72 99 88 41 0 1 26
	write umon |	misses = 1822, hits= 0 0 1 1 1 1 2 3 5 5 5 5 5 5 6 3
num evicts: 1400000, p: 0, s: 259368 	 max proactive lookup: 8, max shadow lookup: 16
current cycle = 2972729, last update cycle = 0, delta = 2972729
	load umon |	misses = 6243, hits= 169 10 25 18 7 0 7 2 684 72 99 88 41 0 1 26
	write umon |	misses = 1980, hits= 0 0 1 1 1 1 2 3 5 5 5 5 5 5 6 3
num evicts: 1500000, p: 0, s: 277896 	 max proactive lookup: 8, max shadow lookup: 16
current cycle = 3101033, last update cycle = 0, delta = 3101033
	load umon |	misses = 6701, hits= 174 11 25 18 7 0 12 2 692 73 99 88 41 0 1 26
	write umon |	misses = 2088, hits= 0 0 1 1 1 1 2 3 5 5 5 5 5 5 6 3
num evicts: 1600000, p: 0, s: 296202 	 max proactive lookup: 8, max shadow lookup: 16
current cycle = 3228309, last update cycle = 0, delta = 3228309
	load umon |	misses = 7143, hits= 181 13 25 19 7 0 16 4 700 74 99 88 41 0 2 26
	write umon |	misses = 2185, hits= 0 0 1 1 1 1 2 3 5 5 5 5 5 5 6 3
num evicts: 1700000, p: 0, s: 314451 	 max proactive lookup: 8, max shadow lookup: 16
current cycle = 3356364, last update cycle = 0, delta = 3356364
	load umon |	misses = 7573, hits= 190 15 27 19 7 0 20 4 700 74 99 88 41 1 6 27
	write umon |	misses = 2352, hits= 0 0 1 1 1 1 2 3 5 5 5 5 5 5 6 3
num evicts: 1800000, p: 0, s: 331584 	 max proactive lookup: 8, max shadow lookup: 16
current cycle = 3482750, last update cycle = 0, delta = 3482750
	load umon |	misses = 7924, hits= 195 16 27 19 7 0 20 4 700 74 99 88 41 1 6 27
	write umon |	misses = 2441, hits= 0 0 1 1 1 1 2 3 5 5 5 5 5 5 6 3
num evicts: 1900000, p: 0, s: 348743 	 max proactive lookup: 8, max shadow lookup: 16
current cycle = 3608156, last update cycle = 0, delta = 3608156
	load umon |	misses = 8243, hits= 197 16 31 21 7 0 20 4 700 74 99 88 41 1 6 27
	write umon |	misses = 2517, hits= 0 0 1 1 1 1 2 3 5 5 5 5 5 5 6 3
num evicts: 2000000, p: 0, s: 366102 	 max proactive lookup: 8, max shadow lookup: 16
current cycle = 3733830, last update cycle = 0, delta = 3733830
	load umon |	misses = 8725, hits= 197 16 31 21 7 0 20 4 700 74 99 88 41 1 6 27
	write umon |	misses = 2611, hits= 0 0 1 1 1 1 2 3 5 5 5 5 5 5 6 3
num evicts: 2100000, p: 0, s: 384400 	 max proactive lookup: 8, max shadow lookup: 16
current cycle = 3861337, last update cycle = 0, delta = 3861337
	load umon |	misses = 9205, hits= 197 16 32 21 7 0 22 4 702 74 99 88 41 1 6 27
	write umon |	misses = 2760, hits= 0 0 1 1 1 1 2 3 5 5 5 5 5 5 6 3
num evicts: 2200000, p: 0, s: 402003 	 max proactive lookup: 8, max shadow lookup: 16
current cycle = 3988791, last update cycle = 0, delta = 3988791
	load umon |	misses = 9605, hits= 197 16 34 22 10 1 23 5 716 76 100 88 41 1 6 27
	write umon |	misses = 2913, hits= 0 0 1 1 1 1 2 3 5 5 5 5 5 5 6 3
num evicts: 2300000, p: 0, s: 422545 	 max proactive lookup: 8, max shadow lookup: 16
current cycle = 4121563, last update cycle = 0, delta = 4121563
	load umon |	misses = 9933, hits= 199 16 36 24 12 1 24 6 718 78 100 88 41 1 6 27
	write umon |	misses = 2975, hits= 0 0 1 1 1 1 2 3 5 5 5 5 5 5 6 3
num evicts: 2400000, p: 0, s: 444947 	 max proactive lookup: 8, max shadow lookup: 16
current cycle = 4255325, last update cycle = 0, delta = 4255325
	load umon |	misses = 10315, hits= 203 19 37 24 12 1 24 6 720 78 100 88 41 1 6 27
	write umon |	misses = 3080, hits= 0 0 1 1 1 1 2 3 5 5 5 5 5 5 6 3
num evicts: 2500000, p: 0, s: 467142 	 max proactive lookup: 8, max shadow lookup: 16
current cycle = 4386918, last update cycle = 0, delta = 4386918
	load umon |	misses = 10694, hits= 203 19 37 24 16 2 27 6 726 78 100 88 41 1 6 27
	write umon |	misses = 3208, hits= 0 0 1 1 1 1 2 3 5 5 5 5 5 5 6 3
num evicts: 2600000, p: 0, s: 489943 	 max proactive lookup: 8, max shadow lookup: 16
current cycle = 4521297, last update cycle = 0, delta = 4521297
	load umon |	misses = 11047, hits= 207 19 37 24 16 2 27 6 726 78 100 88 41 1 6 27
	write umon |	misses = 3286, hits= 0 0 1 1 1 1 2 3 5 5 5 5 5 5 6 3
Heartbeat CPU 0 instructions: 10000001 cycles: 4551482 heartbeat IPC: 2.197 cumulative IPC: 2.197 (Simulation time: 00 hr 20 min 26 sec)
Heartbeat CPU 3 instructions: 10000000 cycles: 4567799 heartbeat IPC: 2.189 cumulative IPC: 2.189 (Simulation time: 00 hr 20 min 32 sec)
Heartbeat CPU 1 instructions: 10000000 cycles: 4607773 heartbeat IPC: 2.17 cumulative IPC: 2.17 (Simulation time: 00 hr 20 min 44 sec)
Heartbeat CPU 4 instructions: 10000000 cycles: 4619591 heartbeat IPC: 2.165 cumulative IPC: 2.165 (Simulation time: 00 hr 20 min 48 sec)
Heartbeat CPU 2 instructions: 10000003 cycles: 4640510 heartbeat IPC: 2.155 cumulative IPC: 2.155 (Simulation time: 00 hr 20 min 55 sec)
Heartbeat CPU 5 instructions: 10000003 cycles: 4645482 heartbeat IPC: 2.153 cumulative IPC: 2.153 (Simulation time: 00 hr 20 min 56 sec)
num evicts: 2700000, p: 0, s: 512861 	 max proactive lookup: 8, max shadow lookup: 16
current cycle = 4655452, last update cycle = 0, delta = 4655452
	load umon |	misses = 11375, hits= 218 20 38 24 17 2 27 6 728 79 100 88 41 1 6 27
	write umon |	misses = 3373, hits= 0 0 1 1 1 1 2 3 5 5 6 6 6 6 8 3
Heartbeat CPU 6 instructions: 10000000 cycles: 4657537 heartbeat IPC: 2.147 cumulative IPC: 2.147 (Simulation time: 00 hr 21 min 00 sec)
Heartbeat CPU 7 instructions: 10000000 cycles: 4659291 heartbeat IPC: 2.146 cumulative IPC: 2.146 (Simulation time: 00 hr 21 min 01 sec)
num evicts: 2800000, p: 0, s: 536929 	 max proactive lookup: 8, max shadow lookup: 16
current cycle = 4789444, last update cycle = 0, delta = 4789444
	load umon |	misses = 11770, hits= 226 21 40 25 21 2 30 9 731 79 101 88 41 1 6 27
	write umon |	misses = 3469, hits= 0 0 1 1 1 1 2 4 5 5 6 6 7 6 9 3
num evicts: 2900000, p: 0, s: 561805 	 max proactive lookup: 8, max shadow lookup: 16
current cycle = 4924889, last update cycle = 0, delta = 4924889
	load umon |	misses = 12207, hits= 226 23 44 26 22 4 30 9 731 79 101 88 41 1 6 27
	write umon |	misses = 3600, hits= 0 1 1 2 2 3 2 5 5 5 6 6 7 6 9 3
num evicts: 3000000, p: 0, s: 586964 	 max proactive lookup: 8, max shadow lookup: 16
current cycle = 5062459, last update cycle = 5000000, delta = 62459
	load umon |	misses = 6364, hits= 113 11 23 13 11 2 15 5 365 40 50 44 20 0 5 13
	write umon |	misses = 1883, hits= 0 0 0 1 1 1 1 2 3 2 3 3 3 3 4 1
num evicts: 3100000, p: 0, s: 612425 	 max proactive lookup: 8, max shadow lookup: 16
current cycle = 5199755, last update cycle = 5000000, delta = 199755
	load umon |	misses = 6717, hits= 115 11 23 15 15 4 15 6 365 40 50 44 20 0 10 13
	write umon |	misses = 2009, hits= 0 0 0 1 1 1 1 2 3 2 3 3 3 3 4 1
num evicts: 3200000, p: 0, s: 637916 	 max proactive lookup: 8, max shadow lookup: 16
current cycle = 5337000, last update cycle = 5000000, delta = 337000
	load umon |	misses = 7131, hits= 118 13 26 15 17 5 17 11 368 41 51 44 20 0 10 13
	write umon |	misses = 2177, hits= 0 0 0 1 1 1 2 3 3 4 3 4 3 3 4 1
num evicts: 3300000, p: 0, s: 663829 	 max proactive lookup: 8, max shadow lookup: 16
current cycle = 5474229, last update cycle = 5000000, delta = 474229
	load umon |	misses = 7607, hits= 120 15 30 18 22 8 20 14 370 41 51 44 20 0 10 13
	write umon |	misses = 2334, hits= 0 0 0 1 1 1 2 3 3 4 3 5 4 5 5 2
num evicts: 3400000, p: 0, s: 689742 	 max proactive lookup: 8, max shadow lookup: 16
current cycle = 5611171, last update cycle = 5000000, delta = 611171
	load umon |	misses = 7957, hits= 121 15 32 20 22 9 20 18 373 41 51 44 20 0 10 13
	write umon |	misses = 2445, hits= 0 0 0 1 1 1 2 3 3 4 3 5 4 5 5 2
num evicts: 3500000, p: 0, s: 714532 	 max proactive lookup: 8, max shadow lookup: 16
current cycle = 5746512, last update cycle = 5000000, delta = 746512
	load umon |	misses = 8351, hits= 121 17 33 20 22 10 20 18 378 41 51 44 20 0 10 13
	write umon |	misses = 2570, hits= 0 0 0 1 1 1 2 3 3 4 3 5 4 5 5 2
num evicts: 3600000, p: 0, s: 739975 	 max proactive lookup: 8, max shadow lookup: 16
current cycle = 5882784, last update cycle = 5000000, delta = 882784
	load umon |	misses = 8683, hits= 126 18 35 20 22 10 20 18 378 41 51 44 20 0 10 13
	write umon |	misses = 2684, hits= 0 0 0 1 1 1 2 3 3 4 3 5 4 5 5 2
num evicts: 3700000, p: 0, s: 765599 	 max proactive lookup: 8, max shadow lookup: 16
current cycle = 6018661, last update cycle = 5000000, delta = 1018661
	load umon |	misses = 9098, hits= 131 19 36 21 23 11 21 22 382 41 51 44 20 1 10 13
	write umon |	misses = 2818, hits= 0 0 0 1 1 1 2 3 3 4 3 5 4 5 5 3
num evicts: 3800000, p: 0, s: 791114 	 max proactive lookup: 8, max shadow lookup: 16
current cycle = 6155207, last update cycle = 5000000, delta = 1155207
	load umon |	misses = 9438, hits= 136 19 38 22 26 11 22 24 393 42 51 45 20 1 10 13
	write umon |	misses = 2921, hits= 0 0 0 1 1 1 2 3 3 4 3 5 4 5 5 3
num evicts: 3900000, p: 0, s: 817137 	 max proactive lookup: 8, max shadow lookup: 16
current cycle = 6293350, last update cycle = 5000000, delta = 1293350
	load umon |	misses = 9691, hits= 137 20 38 22 27 12 23 27 396 45 52 45 20 1 10 13
	write umon |	misses = 3008, hits= 0 0 0 1 1 1 2 3 3 4 3 5 5 6 6 4
num evicts: 4000000, p: 0, s: 843183 	 max proactive lookup: 8, max shadow lookup: 16
current cycle = 6429866, last update cycle = 5000000, delta = 1429866
	load umon |	misses = 9981, hits= 140 21 42 22 27 12 23 27 396 45 52 45 20 1 10 13
	write umon |	misses = 3096, hits= 0 0 0 1 1 1 2 3 3 4 3 5 5 6 6 4
num evicts: 4100000, p: 0, s: 868742 	 max proactive lookup: 8, max shadow lookup: 16
current cycle = 6565214, last update cycle = 5000000, delta = 1565214
	load umon |	misses = 10297, hits= 142 26 42 22 27 12 24 27 396 45 52 45 20 1 10 13
	write umon |	misses = 3174, hits= 0 0 0 1 1 1 2 3 3 4 3 6 6 8 6 4
num evicts: 4200000, p: 0, s: 894174 	 max proactive lookup: 8, max shadow lookup: 16
current cycle = 6700640, last update cycle = 5000000, delta = 1700640
	load umon |	misses = 10705, hits= 142 26 43 23 27 12 24 28 402 45 52 45 21 1 11 13
	write umon |	misses = 3329, hits= 0 0 0 1 1 1 2 3 3 4 3 6 6 9 6 4
num evicts: 4300000, p: 0, s: 919466 	 max proactive lookup: 8, max shadow lookup: 16
current cycle = 6836078, last update cycle = 5000000, delta = 1836078
	load umon |	misses = 11163, hits= 142 26 43 23 27 12 24 28 408 46 52 45 22 1 11 13
	write umon |	misses = 3487, hits= 0 0 0 1 1 1 2 3 3 4 4 8 7 10 7 5
num evicts: 4400000, p: 0, s: 945015 	 max proactive lookup: 8, max shadow lookup: 16
current cycle = 6971857, last update cycle = 5000000, delta = 1971857
	load umon |	misses = 11557, hits= 142 26 43 23 27 12 24 28 410 50 52 45 22 1 11 13
	write umon |	misses = 3655, hits= 0 0 0 1 1 1 2 3 3 4 5 10 7 10 8 5
num evicts: 4500000, p: 0, s: 970114 	 max proactive lookup: 9, max shadow lookup: 16
current cycle = 7108431, last update cycle = 5000000, delta = 2108431
	load umon |	misses = 11853, hits= 145 26 43 23 27 13 24 28 410 50 52 45 22 1 12 13
	write umon |	misses = 3785, hits= 0 0 0 1 1 1 2 3 3 4 5 10 8 11 9 6
num evicts: 4600000, p: 0, s: 995941 	 max proactive lookup: 9, max shadow lookup: 16
current cycle = 7244207, last update cycle = 5000000, delta = 2244207
	load umon |	misses = 12221, hits= 146 28 44 24 28 14 25 30 412 50 53 45 23 1 12 13
	write umon |	misses = 3888, hits= 0 0 0 1 1 1 2 3 3 4 5 10 8 11 9 6
num evicts: 4700000, p: 0, s: 1021920 	 max proactive lookup: 9, max shadow lookup: 16
current cycle = 7379462, last update cycle = 5000000, delta = 2379462
	load umon |	misses = 12536, hits= 146 28 44 26 29 15 27 35 413 51 56 45 23 1 12 13
	write umon |	misses = 3994, hits= 0 0 0 1 2 1 2 3 3 5 6 11 8 11 9 6
num evicts: 4800000, p: 0, s: 1048090 	 max proactive lookup: 9, max shadow lookup: 16
current cycle = 7516448, last update cycle = 5000000, delta = 2516448
	load umon |	misses = 12866, hits= 149 28 44 28 30 15 28 36 416 51 56 45 23 2 13 13
	write umon |	misses = 4103, hits= 0 0 0 1 2 1 2 3 3 5 6 11 9 12 10 7
num evicts: 4900000, p: 0, s: 1073980 	 max proactive lookup: 9, max shadow lookup: 16
current cycle = 7653888, last update cycle = 5000000, delta = 2653888
	load umon |	misses = 13155, hits= 149 28 44 28 30 15 28 36 417 51 61 46 23 2 13 13
	write umon |	misses = 4204, hits= 0 0 0 1 2 1 2 3 3 5 6 11 9 12 10 7
num evicts: 5000000, p: 0, s: 1099887 	 max proactive lookup: 10, max shadow lookup: 16
current cycle = 7790436, last update cycle = 5000000, delta = 2790436
	load umon |	misses = 13506, hits= 149 29 44 28 30 15 28 36 424 51 61 46 23 2 13 13
	write umon |	misses = 4306, hits= 0 0 0 1 2 1 2 3 3 5 6 11 9 12 10 7
num evicts: 5100000, p: 0, s: 1126039 	 max proactive lookup: 10, max shadow lookup: 16
current cycle = 7926493, last update cycle = 5000000, delta = 2926493
	load umon |	misses = 13840, hits= 149 29 48 28 30 15 28 36 424 51 61 46 23 2 13 13
	write umon |	misses = 4431, hits= 0 0 0 1 2 1 2 3 3 5 6 11 9 12 10 7
num evicts: 5200000, p: 0, s: 1151684 	 max proactive lookup: 10, max shadow lookup: 16
current cycle = 8061847, last update cycle = 5000000, delta = 3061847
	load umon |	misses = 14204, hits= 150 29 48 28 30 15 28 36 424 51 61 46 23 2 13 13
	write umon |	misses = 4518, hits= 0 0 0 1 2 1 2 3 3 5 6 11 9 12 10 7
num evicts: 5300000, p: 0, s: 1177045 	 max proactive lookup: 11, max shadow lookup: 16
current cycle = 8198332, last update cycle = 5000000, delta = 3198332
	load umon |	misses = 14524, hits= 152 29 49 29 30 15 28 36 424 51 61 46 23 2 13 13
	write umon |	misses = 4637, hits= 0 0 0 1 2 1 2 3 3 5 6 11 9 12 10 7
num evicts: 5400000, p: 0, s: 1202638 	 max proactive lookup: 11, max shadow lookup: 16
current cycle = 8334743, last update cycle = 5000000, delta = 3334743
	load umon |	misses = 14977, hits= 152 30 50 30 32 15 29 36 424 51 61 46 23 2 13 13
	write umon |	misses = 4815, hits= 0 0 0 1 2 1 2 3 3 5 6 11 9 12 10 7
num evicts: 5500000, p: 0, s: 1228173 	 max proactive lookup: 12, max shadow lookup: 16
current cycle = 8471204, last update cycle = 5000000, delta = 3471204
	load umon |	misses = 15427, hits= 155 30 50 30 32 15 30 36 424 51 61 46 24 2 13 13
	write umon |	misses = 4963, hits= 0 0 0 1 2 1 2 3 3 5 6 11 9 12 10 7
num evicts: 5600000, p: 0, s: 1253450 	 max proactive lookup: 12, max shadow lookup: 16
current cycle = 8607398, last update cycle = 5000000, delta = 3607398
	load umon |	misses = 15803, hits= 165 30 51 31 32 15 30 36 425 51 61 46 24 2 13 13
	write umon |	misses = 5072, hits= 0 0 0 1 2 1 2 3 3 5 6 11 9 12 10 7
num evicts: 5700000, p: 0, s: 1278823 	 max proactive lookup: 14, max shadow lookup: 16
current cycle = 8743723, last update cycle = 5000000, delta = 3743723
	load umon |	misses = 16195, hits= 165 30 52 31 32 15 31 36 427 51 61 46 24 2 14 13
	write umon |	misses = 5184, hits= 0 0 0 1 2 1 2 3 3 5 6 11 9 12 10 7
num evicts: 5800000, p: 0, s: 1305475 	 max proactive lookup: 15, max shadow lookup: 16
current cycle = 8880458, last update cycle = 5000000, delta = 3880458
	load umon |	misses = 16584, hits= 167 31 52 32 33 15 31 36 433 51 62 48 24 3 15 13
	write umon |	misses = 5306, hits= 0 0 0 1 2 1 2 3 3 5 6 11 9 12 10 7
num evicts: 5900000, p: 0, s: 1331244 	 max proactive lookup: 16, max shadow lookup: 16
current cycle = 9016001, last update cycle = 5000000, delta = 4016001
	load umon |	misses = 16968, hits= 167 33 52 32 33 15 33 36 435 51 62 49 25 3 15 13
	write umon |	misses = 5444, hits= 0 0 0 1 2 1 2 3 3 5 6 11 9 12 10 7
num evicts: 6000000, p: 0, s: 1355991 	 max proactive lookup: 16, max shadow lookup: 16
current cycle = 9150984, last update cycle = 5000000, delta = 4150984
	load umon |	misses = 17327, hits= 167 34 53 34 34 16 35 37 435 51 62 49 25 3 15 13
	write umon |	misses = 5578, hits= 0 0 0 1 2 1 2 3 3 5 6 11 9 12 10 7
num evicts: 6100000, p: 0, s: 1380230 	 max proactive lookup: 16, max shadow lookup: 16
current cycle = 9285269, last update cycle = 5000000, delta = 4285269
	load umon |	misses = 17714, hits= 172 35 54 34 35 17 36 37 436 51 62 49 25 3 15 13
	write umon |	misses = 5729, hits= 0 0 0 2 2 1 2 3 3 6 6 11 10 12 10 7
num evicts: 6200000, p: 0, s: 1405766 	 max proactive lookup: 16, max shadow lookup: 16
current cycle = 9420579, last update cycle = 5000000, delta = 4420579
	load umon |	misses = 18129, hits= 176 35 56 38 42 19 41 40 438 51 62 49 25 3 15 13
	write umon |	misses = 5874, hits= 0 0 0 2 3 2 3 3 3 6 6 11 10 12 10 7
num evicts: 6300000, p: 0, s: 1431686 	 max proactive lookup: 16, max shadow lookup: 16
current cycle = 9556086, last update cycle = 5000000, delta = 4556086
	load umon |	misses = 18545, hits= 187 35 56 39 42 22 51 45 439 51 62 49 25 3 15 13
	write umon |	misses = 6039, hits= 0 0 0 2 3 2 3 3 3 6 6 13 11 13 12 7
Heartbeat CPU 0 instructions: 20000003 cycles: 9576005 heartbeat IPC: 1.99 cumulative IPC: 2.089 (Simulation time: 00 hr 45 min 44 sec)
Heartbeat CPU 3 instructions: 20000003 cycles: 9618970 heartbeat IPC: 1.98 cumulative IPC: 2.079 (Simulation time: 00 hr 45 min 57 sec)
Heartbeat CPU 1 instructions: 20000003 cycles: 9664031 heartbeat IPC: 1.978 cumulative IPC: 2.07 (Simulation time: 00 hr 46 min 11 sec)
Heartbeat CPU 4 instructions: 20000003 cycles: 9684922 heartbeat IPC: 1.974 cumulative IPC: 2.065 (Simulation time: 00 hr 46 min 17 sec)
num evicts: 6400000, p: 0, s: 1458137 	 max proactive lookup: 16, max shadow lookup: 16
current cycle = 9691448, last update cycle = 5000000, delta = 4691448
	load umon |	misses = 19013, hits= 193 36 57 40 43 23 52 45 442 54 62 49 25 3 16 13
	write umon |	misses = 6231, hits= 0 0 0 2 3 2 3 3 3 6 7 14 11 14 12 7
Heartbeat CPU 2 instructions: 20000003 cycles: 9703385 heartbeat IPC: 1.975 cumulative IPC: 2.061 (Simulation time: 00 hr 46 min 23 sec)
Heartbeat CPU 5 instructions: 20000003 cycles: 9709866 heartbeat IPC: 1.975 cumulative IPC: 2.06 (Simulation time: 00 hr 46 min 25 sec)
Heartbeat CPU 6 instructions: 20000003 cycles: 9722562 heartbeat IPC: 1.974 cumulative IPC: 2.057 (Simulation time: 00 hr 46 min 29 sec)
Heartbeat CPU 7 instructions: 20000003 cycles: 9729956 heartbeat IPC: 1.972 cumulative IPC: 2.056 (Simulation time: 00 hr 46 min 31 sec)
num evicts: 6500000, p: 0, s: 1484222 	 max proactive lookup: 16, max shadow lookup: 16
current cycle = 9827687, last update cycle = 5000000, delta = 4827687
	load umon |	misses = 19393, hits= 193 37 58 40 43 24 52 46 442 59 65 49 26 3 16 13
	write umon |	misses = 6362, hits= 0 0 0 2 3 2 3 3 5 9 9 17 14 15 12 7
num evicts: 6600000, p: 0, s: 1510244 	 max proactive lookup: 16, max shadow lookup: 16
current cycle = 9964466, last update cycle = 5000000, delta = 4964466
	load umon |	misses = 19716, hits= 194 37 58 40 43 24 52 46 442 59 66 49 26 3 16 13
	write umon |	misses = 6461, hits= 0 0 0 2 3 2 3 3 5 14 10 18 14 16 13 8
num evicts: 6700000, p: 0, s: 1535015 	 max proactive lookup: 16, max shadow lookup: 16
current cycle = 10101387, last update cycle = 10000001, delta = 101386
	load umon |	misses = 10185, hits= 97 18 29 20 21 12 26 23 221 29 33 24 13 1 8 6
	write umon |	misses = 3313, hits= 0 0 0 1 1 1 1 1 2 7 5 9 7 8 6 4
num evicts: 6800000, p: 0, s: 1561236 	 max proactive lookup: 16, max shadow lookup: 16
current cycle = 10236497, last update cycle = 10000001, delta = 236496
	load umon |	misses = 10562, hits= 97 18 31 20 21 12 27 23 225 29 34 24 13 1 8 6
	write umon |	misses = 3423, hits= 0 0 0 1 1 1 1 1 2 7 5 9 7 8 6 4
num evicts: 6900000, p: 0, s: 1587468 	 max proactive lookup: 16, max shadow lookup: 16
current cycle = 10372486, last update cycle = 10000001, delta = 372485
	load umon |	misses = 10970, hits= 97 18 31 21 21 15 27 25 226 31 34 24 13 1 8 6
	write umon |	misses = 3591, hits= 0 0 0 1 1 1 1 1 2 7 5 9 7 8 6 4
num evicts: 7000000, p: 0, s: 1613746 	 max proactive lookup: 16, max shadow lookup: 16
current cycle = 10509349, last update cycle = 10000001, delta = 509348
	load umon |	misses = 11361, hits= 97 18 31 21 21 16 29 28 229 31 35 25 13 2 8 6
	write umon |	misses = 3726, hits= 0 0 0 1 1 1 1 1 2 7 5 9 7 8 6 4
num evicts: 7100000, p: 0, s: 1639278 	 max proactive lookup: 16, max shadow lookup: 16
current cycle = 10645077, last update cycle = 10000001, delta = 645076
	load umon |	misses = 11790, hits= 97 19 33 21 22 17 30 29 231 33 35 25 13 2 8 6
	write umon |	misses = 3879, hits= 0 0 0 1 1 1 1 1 2 7 5 9 7 8 6 4
num evicts: 7200000, p: 0, s: 1665972 	 max proactive lookup: 16, max shadow lookup: 16
current cycle = 10798257, last update cycle = 10000001, delta = 798256
	load umon |	misses = 12206, hits= 98 19 35 22 22 17 31 30 232 33 35 25 13 2 8 6
	write umon |	misses = 4022, hits= 0 0 0 1 1 1 1 1 2 7 5 9 7 8 6 4
num evicts: 7300000, p: 0, s: 1692648 	 max proactive lookup: 16, max shadow lookup: 16
current cycle = 10935888, last update cycle = 10000001, delta = 935887
	load umon |	misses = 12596, hits= 102 20 35 24 22 17 31 31 232 33 35 25 13 2 8 6
	write umon |	misses = 4174, hits= 0 0 0 1 1 1 1 1 2 7 5 10 7 9 9 5
num evicts: 7400000, p: 0, s: 1719816 	 max proactive lookup: 16, max shadow lookup: 16
current cycle = 11072492, last update cycle = 10000001, delta = 1072491
	load umon |	misses = 13004, hits= 111 25 35 24 22 17 31 31 233 33 35 25 13 2 8 6
	write umon |	misses = 4313, hits= 0 0 0 1 1 1 1 1 3 8 6 11 8 9 9 5
num evicts: 7500000, p: 0, s: 1747000 	 max proactive lookup: 16, max shadow lookup: 16
current cycle = 11209216, last update cycle = 10000001, delta = 1209215
	load umon |	misses = 13391, hits= 111 25 35 24 22 18 33 33 235 33 35 25 13 2 8 6
	write umon |	misses = 4458, hits= 0 0 0 2 3 2 1 1 3 8 6 11 8 9 9 5
num evicts: 7600000, p: 0, s: 1771611 	 max proactive lookup: 16, max shadow lookup: 16
current cycle = 11361491, last update cycle = 10000001, delta = 1361490
	load umon |	misses = 13798, hits= 111 25 35 24 24 19 33 35 235 33 35 25 13 2 8 6
	write umon |	misses = 4566, hits= 0 0 0 2 3 2 1 1 3 8 6 11 8 9 9 5
Warmup finished CPU 0 instructions: 25000001 cycles: 11418326 cumulative IPC: 2.189 (Simulation time: 00 hr 55 min 04 sec)
Warmup finished CPU 1 instructions: 25000003 cycles: 11512470 cumulative IPC: 2.172 (Simulation time: 00 hr 55 min 31 sec)
Warmup finished CPU 3 instructions: 25000002 cycles: 11556255 cumulative IPC: 2.163 (Simulation time: 00 hr 55 min 44 sec)
Warmup finished CPU 2 instructions: 25000000 cycles: 11571129 cumulative IPC: 2.161 (Simulation time: 00 hr 55 min 48 sec)
num evicts: 7700000, p: 0, s: 1797572 	 max proactive lookup: 16, max shadow lookup: 16
current cycle = 11587531, last update cycle = 10000001, delta = 1587530
	load umon |	misses = 14172, hits= 111 25 35 24 24 19 33 35 235 33 35 26 13 2 8 6
	write umon |	misses = 4685, hits= 0 0 0 2 3 2 1 1 3 8 6 11 8 9 9 5
Warmup finished CPU 4 instructions: 25000000 cycles: 11601165 cumulative IPC: 2.155 (Simulation time: 00 hr 55 min 58 sec)
Warmup finished CPU 5 instructions: 25000001 cycles: 11618279 cumulative IPC: 2.152 (Simulation time: 00 hr 56 min 03 sec)
Warmup finished CPU 6 instructions: 25000002 cycles: 11635131 cumulative IPC: 2.149 (Simulation time: 00 hr 56 min 08 sec)
Warmup finished CPU 7 instructions: 25000002 cycles: 11648078 cumulative IPC: 2.146 (Simulation time: 00 hr 56 min 12 sec)
Warmup complete CPU 7 instructions: 25000002 cycles: 11648078 cumulative IPC: 2.146 (Simulation time: 00 hr 56 min 12 sec)
Warmup complete CPU 6 instructions: 25034742 cycles: 11648078 cumulative IPC: 2.149 (Simulation time: 00 hr 56 min 12 sec)
Warmup complete CPU 5 instructions: 25071019 cycles: 11648078 cumulative IPC: 2.152 (Simulation time: 00 hr 56 min 12 sec)
Warmup complete CPU 4 instructions: 25108004 cycles: 11648078 cumulative IPC: 2.156 (Simulation time: 00 hr 56 min 12 sec)
Warmup complete CPU 3 instructions: 25224088 cycles: 11648078 cumulative IPC: 2.166 (Simulation time: 00 hr 56 min 12 sec)
Warmup complete CPU 2 instructions: 25183730 cycles: 11648078 cumulative IPC: 2.162 (Simulation time: 00 hr 56 min 12 sec)
Warmup complete CPU 1 instructions: 25485509 cycles: 11648078 cumulative IPC: 2.188 (Simulation time: 00 hr 56 min 12 sec)
Warmup complete CPU 0 instructions: 25907062 cycles: 11648078 cumulative IPC: 2.224 (Simulation time: 00 hr 56 min 12 sec)
num evicts: 7800000, p: 0, s: 1827456 	 max proactive lookup: 16, max shadow lookup: 16
current cycle = 12344856, last update cycle = 10000001, delta = 2344855
	load umon |	misses = 14566, hits= 111 25 35 25 24 19 33 36 235 34 35 26 15 2 8 6
	write umon |	misses = 4836, hits= 0 0 0 2 3 2 1 1 3 8 6 11 8 9 9 5
num evicts: 7900000, p: 0, s: 1856709 	 max proactive lookup: 16, max shadow lookup: 16
current cycle = 13593840, last update cycle = 10000001, delta = 3593839
	load umon |	misses = 14999, hits= 111 26 36 25 25 19 33 36 235 34 35 26 15 2 8 6
	write umon |	misses = 5006, hits= 0 0 0 2 3 2 1 1 3 8 6 11 8 9 9 5
num evicts: 8000000, p: 0, s: 1885382 	 max proactive lookup: 16, max shadow lookup: 16
current cycle = 14837119, last update cycle = 10000001, delta = 4837118
	load umon |	misses = 15462, hits= 113 30 36 29 25 19 33 36 235 34 35 26 15 2 8 6
	write umon |	misses = 5190, hits= 0 0 0 2 3 2 1 1 3 8 6 11 8 9 9 5
num evicts: 8100000, p: 0, s: 1913974 	 max proactive lookup: 16, max shadow lookup: 16
current cycle = 16083785, last update cycle = 15000015, delta = 1083770
	load umon |	misses = 8095, hits= 56 15 18 15 15 9 16 18 117 17 18 13 7 1 4 3
	write umon |	misses = 2740, hits= 0 0 0 1 1 1 0 0 1 4 3 5 4 4 4 2
num evicts: 8200000, p: 0, s: 1942226 	 max proactive lookup: 16, max shadow lookup: 16
current cycle = 17349365, last update cycle = 15000015, delta = 2349350
	load umon |	misses = 8534, hits= 56 15 18 15 15 9 16 18 117 17 18 13 7 1 4 3
	write umon |	misses = 2893, hits= 0 0 0 1 1 1 0 0 1 4 3 5 4 4 4 2
num evicts: 8300000, p: 0, s: 1970103 	 max proactive lookup: 16, max shadow lookup: 16
current cycle = 18600636, last update cycle = 15000015, delta = 3600621
	load umon |	misses = 8950, hits= 56 15 18 16 17 9 16 19 117 18 19 13 8 1 4 3
	write umon |	misses = 3033, hits= 0 0 0 1 1 1 0 0 1 4 3 5 4 4 4 2
num evicts: 8400000, p: 0, s: 1997970 	 max proactive lookup: 16, max shadow lookup: 16
current cycle = 19855700, last update cycle = 15000015, delta = 4855685
	load umon |	misses = 9332, hits= 56 16 20 19 19 10 16 23 117 18 20 15 8 1 4 4
	write umon |	misses = 3173, hits= 0 0 0 1 1 1 0 1 1 4 3 5 4 4 4 2
num evicts: 8500000, p: 0, s: 2025437 	 max proactive lookup: 16, max shadow lookup: 16
current cycle = 21140319, last update cycle = 20000030, delta = 1140289
	load umon |	misses = 5072, hits= 28 8 10 11 10 7 9 12 60 9 11 7 4 1 2 2
	write umon |	misses = 1717, hits= 0 0 0 0 0 0 0 0 0 2 1 2 3 2 2 1
num evicts: 8600000, p: 0, s: 2052458 	 max proactive lookup: 16, max shadow lookup: 16
current cycle = 22373938, last update cycle = 20000030, delta = 2373908
	load umon |	misses = 5485, hits= 32 8 12 11 11 10 13 13 61 10 11 7 4 1 2 2
	write umon |	misses = 1849, hits= 0 0 0 0 0 1 0 0 0 2 1 2 3 2 2 1
num evicts: 8700000, p: 0, s: 2078482 	 max proactive lookup: 16, max shadow lookup: 16
current cycle = 23636408, last update cycle = 20000030, delta = 3636378
	load umon |	misses = 5864, hits= 33 10 12 12 12 13 14 15 63 10 11 8 4 1 2 2
	write umon |	misses = 1976, hits= 0 0 0 0 0 1 0 0 2 4 1 2 4 4 2 1
num evicts: 8800000, p: 0, s: 2105119 	 max proactive lookup: 16, max shadow lookup: 16
current cycle = 24904632, last update cycle = 20000030, delta = 4904602
	load umon |	misses = 6276, hits= 35 14 14 16 12 14 15 16 64 10 11 8 4 1 2 2
	write umon |	misses = 2130, hits= 0 0 1 1 1 1 0 1 2 4 1 3 4 4 4 1
num evicts: 8900000, p: 0, s: 2130287 	 max proactive lookup: 16, max shadow lookup: 16
current cycle = 26136779, last update cycle = 25000032, delta = 1136747
	load umon |	misses = 3485, hits= 19 9 13 8 6 7 8 11 33 5 5 5 2 0 1 1
	write umon |	misses = 1177, hits= 0 0 0 0 0 0 0 0 1 2 0 2 8 6 2 0
Heartbeat CPU 0 instructions: 30000007 cycles: 26586063 heartbeat IPC: 0.5879 cumulative IPC: 0.274 (Simulation time: 01 hr 24 min 58 sec)
num evicts: 9000000, p: 0, s: 2154632 	 max proactive lookup: 16, max shadow lookup: 16
current cycle = 27365908, last update cycle = 25000032, delta = 2365876
	load umon |	misses = 3868, hits= 20 12 16 9 6 7 9 14 33 8 5 5 2 0 1 1
	write umon |	misses = 1255, hits= 0 0 0 0 0 0 0 0 1 2 0 3 10 7 2 0
Heartbeat CPU 1 instructions: 30000007 cycles: 28346816 heartbeat IPC: 0.5353 cumulative IPC: 0.2703 (Simulation time: 01 hr 28 min 24 sec)
num evicts: 9100000, p: 0, s: 2179472 	 max proactive lookup: 16, max shadow lookup: 16
current cycle = 28621885, last update cycle = 25000032, delta = 3621853
	load umon |	misses = 4338, hits= 22 13 18 9 6 9 11 14 36 8 5 5 2 0 1 1
	write umon |	misses = 1380, hits= 0 0 0 0 0 0 0 0 1 4 0 4 10 8 2 0
Heartbeat CPU 3 instructions: 30000007 cycles: 29375214 heartbeat IPC: 0.5062 cumulative IPC: 0.2694 (Simulation time: 01 hr 30 min 25 sec)
Heartbeat CPU 2 instructions: 30000007 cycles: 29506820 heartbeat IPC: 0.505 cumulative IPC: 0.2697 (Simulation time: 01 hr 30 min 40 sec)
Heartbeat CPU 4 instructions: 30000004 cycles: 29826292 heartbeat IPC: 0.4965 cumulative IPC: 0.2691 (Simulation time: 01 hr 31 min 18 sec)
num evicts: 9200000, p: 0, s: 2205181 	 max proactive lookup: 16, max shadow lookup: 16
current cycle = 29890700, last update cycle = 25000032, delta = 4890668
	load umon |	misses = 4740, hits= 22 13 18 10 6 9 11 14 36 8 6 5 3 0 1 1
	write umon |	misses = 1512, hits= 0 0 0 0 0 0 0 0 1 4 0 5 10 8 2 0
Heartbeat CPU 5 instructions: 30000004 cycles: 29938748 heartbeat IPC: 0.4943 cumulative IPC: 0.2695 (Simulation time: 01 hr 31 min 31 sec)
Heartbeat CPU 6 instructions: 30000004 cycles: 30085845 heartbeat IPC: 0.4911 cumulative IPC: 0.2693 (Simulation time: 01 hr 31 min 49 sec)
Heartbeat CPU 7 instructions: 30000007 cycles: 30173214 heartbeat IPC: 0.4892 cumulative IPC: 0.2699 (Simulation time: 01 hr 31 min 59 sec)
num evicts: 9300000, p: 0, s: 2229222 	 max proactive lookup: 16, max shadow lookup: 16
current cycle = 31158105, last update cycle = 30000033, delta = 1158072
	load umon |	misses = 2787, hits= 12 8 10 5 3 5 6 8 18 4 3 3 1 1 0 0
	write umon |	misses = 905, hits= 0 0 0 0 0 0 0 0 0 2 1 2 5 4 1 0
num evicts: 9400000, p: 0, s: 2253635 	 max proactive lookup: 16, max shadow lookup: 16
current cycle = 32458686, last update cycle = 30000033, delta = 2458653
	load umon |	misses = 3208, hits= 13 9 11 8 5 10 7 9 18 4 3 3 1 2 0 0
	write umon |	misses = 1061, hits= 0 0 0 0 0 0 2 1 0 2 1 2 5 4 1 0
num evicts: 9500000, p: 0, s: 2277690 	 max proactive lookup: 16, max shadow lookup: 16
current cycle = 33757698, last update cycle = 30000033, delta = 3757665
	load umon |	misses = 3631, hits= 16 12 13 13 7 11 10 9 18 4 4 3 1 2 0 0
	write umon |	misses = 1188, hits= 0 0 0 1 2 1 2 1 0 2 1 2 5 4 1 0
num evicts: 9600000, p: 0, s: 2302029 	 max proactive lookup: 16, max shadow lookup: 16
current cycle = 35146846, last update cycle = 35000043, delta = 146803
	load umon |	misses = 2038, hits= 9 7 8 6 3 9 7 4 9 2 2 1 0 1 0 0
	write umon |	misses = 648, hits= 0 0 0 0 1 0 1 0 0 1 0 1 2 2 0 0
num evicts: 9700000, p: 0, s: 2326667 	 max proactive lookup: 16, max shadow lookup: 16
current cycle = 36546478, last update cycle = 35000043, delta = 1546435
	load umon |	misses = 2429, hits= 9 7 8 8 3 11 8 5 12 2 2 1 0 1 0 0
	write umon |	misses = 781, hits= 0 0 0 0 1 0 1 0 0 1 0 1 2 2 0 0
num evicts: 9800000, p: 0, s: 2350104 	 max proactive lookup: 16, max shadow lookup: 16
current cycle = 38000555, last update cycle = 35000043, delta = 3000512
	load umon |	misses = 2823, hits= 10 7 8 8 3 16 9 6 12 2 2 1 0 1 0 0
	write umon |	misses = 883, hits= 0 0 1 0 1 0 1 1 0 1 0 1 2 2 0 0
num evicts: 9900000, p: 0, s: 2370042 	 max proactive lookup: 16, max shadow lookup: 16
current cycle = 40037509, last update cycle = 40000044, delta = 37465
	load umon |	misses = 1602, hits= 7 5 7 4 3 8 4 3 6 1 1 0 0 0 0 0
	write umon |	misses = 483, hits= 0 0 1 0 0 0 0 0 2 3 1 1 1 1 0 0
num evicts: 10000000, p: 0, s: 2388907 	 max proactive lookup: 16, max shadow lookup: 16
current cycle = 42897995, last update cycle = 40000044, delta = 2897951
	load umon |	misses = 1993, hits= 7 5 7 4 3 8 4 3 6 1 1 0 0 0 0 0
	write umon |	misses = 571, hits= 0 0 1 0 0 0 0 0 2 3 1 2 3 2 1 0
num evicts: 10100000, p: 0, s: 2402895 	 max proactive lookup: 16, max shadow lookup: 16
current cycle = 45706105, last update cycle = 45000053, delta = 706052
	load umon |	misses = 1241, hits= 3 2 3 2 1 4 2 1 3 0 0 0 0 0 0 0
	write umon |	misses = 347, hits= 0 0 0 0 0 0 0 0 1 1 0 1 1 1 0 0
num evicts: 10200000, p: 0, s: 2418472 	 max proactive lookup: 16, max shadow lookup: 16
current cycle = 48524396, last update cycle = 45000053, delta = 3524343
	load umon |	misses = 1632, hits= 3 2 3 2 1 4 2 1 3 0 0 0 0 0 0 0
	write umon |	misses = 365, hits= 0 0 0 0 0 0 0 0 1 1 0 1 1 1 0 0
num evicts: 10300000, p: 0, s: 2438637 	 max proactive lookup: 16, max shadow lookup: 16
current cycle = 51377426, last update cycle = 50000075, delta = 1377351
	load umon |	misses = 1103, hits= 2 1 1 1 0 2 1 0 1 0 0 0 0 0 0 0
	write umon |	misses = 182, hits= 0 0 0 0 0 0 0 0 0 0 0 0 0 0 0 0
Heartbeat CPU 0 instructions: 40000008 cycles: 51848666 heartbeat IPC: 0.3958 cumulative IPC: 0.3506 (Simulation time: 02 hr 11 min 11 sec)
num evicts: 10400000, p: 0, s: 2462448 	 max proactive lookup: 16, max shadow lookup: 16
current cycle = 53001377, last update cycle = 50000075, delta = 3001302
	load umon |	misses = 1488, hits= 2 1 1 1 0 2 8 13 1 4 0 5 3 5 1 3
	write umon |	misses = 253, hits= 0 0 0 0 0 0 0 0 0 0 0 0 0 0 0 1
Heartbeat CPU 1 instructions: 40000008 cycles: 53492667 heartbeat IPC: 0.3977 cumulative IPC: 0.3469 (Simulation time: 02 hr 13 min 47 sec)
num evicts: 10500000, p: 0, s: 2493300 	 max proactive lookup: 16, max shadow lookup: 16
current cycle = 54264106, last update cycle = 50000075, delta = 4264031
	load umon |	misses = 1811, hits= 9 9 3 4 4 6 9 13 2 6 3 7 6 7 7 5
	write umon |	misses = 348, hits= 0 0 0 0 0 0 0 0 0 0 0 0 0 1 1 4
Heartbeat CPU 3 instructions: 40000008 cycles: 54845304 heartbeat IPC: 0.3926 cumulative IPC: 0.3421 (Simulation time: 02 hr 15 min 49 sec)
Heartbeat CPU 2 instructions: 40000008 cycles: 55085453 heartbeat IPC: 0.391 cumulative IPC: 0.3411 (Simulation time: 02 hr 16 min 11 sec)
num evicts: 10600000, p: 0, s: 2527550 	 max proactive lookup: 16, max shadow lookup: 16
current cycle = 55344162, last update cycle = 55000085, delta = 344077
	load umon |	misses = 1116, hits= 4 5 1 3 2 3 6 6 3 3 2 3 4 4 4 2
	write umon |	misses = 265, hits= 0 0 0 0 0 0 0 0 0 0 0 0 0 2 0 3
Heartbeat CPU 4 instructions: 40000008 cycles: 55888656 heartbeat IPC: 0.3837 cumulative IPC: 0.3366 (Simulation time: 02 hr 17 min 21 sec)
Heartbeat CPU 5 instructions: 40000008 cycles: 55982151 heartbeat IPC: 0.384 cumulative IPC: 0.3367 (Simulation time: 02 hr 17 min 30 sec)
num evicts: 10700000, p: 0, s: 2563110 	 max proactive lookup: 16, max shadow lookup: 16
current cycle = 56431067, last update cycle = 55000085, delta = 1430982
	load umon |	misses = 1460, hits= 9 9 4 6 2 3 9 8 3 3 2 4 7 6 5 3
	write umon |	misses = 446, hits= 0 0 0 0 0 0 0 0 0 0 0 0 0 2 1 4
Heartbeat CPU 6 instructions: 40000008 cycles: 56517366 heartbeat IPC: 0.3783 cumulative IPC: 0.3335 (Simulation time: 02 hr 18 min 17 sec)
Heartbeat CPU 7 instructions: 40000009 cycles: 56565481 heartbeat IPC: 0.3789 cumulative IPC: 0.3339 (Simulation time: 02 hr 18 min 21 sec)
num evicts: 10800000, p: 0, s: 2604561 	 max proactive lookup: 16, max shadow lookup: 16
current cycle = 57564073, last update cycle = 55000085, delta = 2563988
	load umon |	misses = 1882, hits= 11 9 8 8 3 3 11 8 3 5 3 4 7 6 7 3
	write umon |	misses = 707, hits= 0 0 0 0 0 0 0 0 0 0 0 1 1 5 1 5
num evicts: 10900000, p: 0, s: 2646826 	 max proactive lookup: 16, max shadow lookup: 16
current cycle = 58696675, last update cycle = 55000085, delta = 3696590
	load umon |	misses = 2311, hits= 11 9 8 9 3 5 13 9 5 7 4 4 7 7 7 3
	write umon |	misses = 936, hits= 0 0 0 0 0 0 0 0 0 1 0 3 1 5 1 5
num evicts: 11000000, p: 0, s: 2688993 	 max proactive lookup: 16, max shadow lookup: 16
current cycle = 59822875, last update cycle = 55000085, delta = 4822790
	load umon |	misses = 2742, hits= 12 10 8 10 4 6 14 9 6 9 5 5 7 7 7 3
	write umon |	misses = 1159, hits= 0 0 0 0 0 0 0 1 0 1 2 5 2 6 1 5
num evicts: 11100000, p: 0, s: 2731574 	 max proactive lookup: 16, max shadow lookup: 16
current cycle = 60947491, last update cycle = 60000101, delta = 947390
	load umon |	misses = 1747, hits= 8 6 5 5 2 3 8 6 4 7 3 2 3 3 3 1
	write umon |	misses = 763, hits= 0 0 0 0 0 0 0 1 0 1 2 3 3 3 1 3
num evicts: 11200000,