---------------------------------------
Begin Slurm Prolog: Apr-07-2025 19:23:52
Job ID:    3599721
User ID:   svittal8
Account:   gts-mqureshi4-rg
Job name:  wrap
Partition: cpu-small
QOS:       inferno
---------------------------------------
[VMEM] WARNING: physical memory size is smaller than virtual memory size.

*** ChampSim Multicore Out-of-Order Simulator ***
Warmup Instructions: 25000000
Simulation Instructions: 100000000
Number of CPUs: 8
Page size: 2097152

CL :	 16.64 ns
CWL :	 15.808 ns
tRP :	 16.224 ns
tRCD :	 16.224 ns
tRAS :	 32.032000000000004 ns
tRTP :	 7.904 ns
tWR :	 30.368000000000002 ns

tCCD_S :	 3.3280000000000003 ns
tCCD_S_WR :	 3.3280000000000003 ns
tCCD_S_WTR :	 22.048000000000002 ns
tCCD_L :	 5.408 ns
tCCD_L_WR :	 20.384 ns
tCCD_L_WTR :	 29.536 ns
tRRD_S :	 3.3280000000000003 ns
tRRD_L :	 5.408 ns
tFAW :	 13.728 ns
Address mapping (perm = 1) 	ch co bg bg bg ba ba co co co co co co ro ro ro ro ro ro ro ro ro ro ro ro ro ro ro 
dram queue size: R = 64 W = 48 (low:high is 9:39)
Heartbeat CPU 0 instructions: 10000004 cycles: 4280063 heartbeat IPC: 2.336 cumulative IPC: 2.336 (Simulation time: 00 hr 09 min 34 sec)
Heartbeat CPU 1 instructions: 10000004 cycles: 4280633 heartbeat IPC: 2.336 cumulative IPC: 2.336 (Simulation time: 00 hr 09 min 34 sec)
Heartbeat CPU 2 instructions: 10000004 cycles: 4280961 heartbeat IPC: 2.336 cumulative IPC: 2.336 (Simulation time: 00 hr 09 min 34 sec)
Heartbeat CPU 3 instructions: 10000004 cycles: 4281170 heartbeat IPC: 2.336 cumulative IPC: 2.336 (Simulation time: 00 hr 09 min 34 sec)
Heartbeat CPU 4 instructions: 10000004 cycles: 4281492 heartbeat IPC: 2.336 cumulative IPC: 2.336 (Simulation time: 00 hr 09 min 34 sec)
Heartbeat CPU 5 instructions: 10000004 cycles: 4281613 heartbeat IPC: 2.336 cumulative IPC: 2.336 (Simulation time: 00 hr 09 min 34 sec)
Heartbeat CPU 6 instructions: 10000004 cycles: 4281725 heartbeat IPC: 2.336 cumulative IPC: 2.336 (Simulation time: 00 hr 09 min 34 sec)
Heartbeat CPU 7 instructions: 10000004 cycles: 4281822 heartbeat IPC: 2.335 cumulative IPC: 2.335 (Simulation time: 00 hr 09 min 34 sec)
Heartbeat CPU 0 instructions: 20000004 cycles: 8613472 heartbeat IPC: 2.308 cumulative IPC: 2.322 (Simulation time: 00 hr 18 min 56 sec)
Heartbeat CPU 1 instructions: 20000004 cycles: 8614753 heartbeat IPC: 2.307 cumulative IPC: 2.322 (Simulation time: 00 hr 18 min 56 sec)
Heartbeat CPU 2 instructions: 20000004 cycles: 8615225 heartbeat IPC: 2.307 cumulative IPC: 2.321 (Simulation time: 00 hr 18 min 56 sec)
Heartbeat CPU 3 instructions: 20000004 cycles: 8615442 heartbeat IPC: 2.307 cumulative IPC: 2.321 (Simulation time: 00 hr 18 min 56 sec)
Heartbeat CPU 4 instructions: 20000004 cycles: 8615684 heartbeat IPC: 2.307 cumulative IPC: 2.321 (Simulation time: 00 hr 18 min 56 sec)
Heartbeat CPU 5 instructions: 20000004 cycles: 8615877 heartbeat IPC: 2.307 cumulative IPC: 2.321 (Simulation time: 00 hr 18 min 56 sec)
Heartbeat CPU 6 instructions: 20000004 cycles: 8616060 heartbeat IPC: 2.307 cumulative IPC: 2.321 (Simulation time: 00 hr 18 min 56 sec)
Heartbeat CPU 7 instructions: 20000004 cycles: 8616246 heartbeat IPC: 2.307 cumulative IPC: 2.321 (Simulation time: 00 hr 18 min 56 sec)
Warmup finished CPU 0 instructions: 25000004 cycles: 10779311 cumulative IPC: 2.319 (Simulation time: 00 hr 23 min 40 sec)
Warmup finished CPU 1 instructions: 25000004 cycles: 10780969 cumulative IPC: 2.319 (Simulation time: 00 hr 23 min 40 sec)
Warmup finished CPU 2 instructions: 25000004 cycles: 10781465 cumulative IPC: 2.319 (Simulation time: 00 hr 23 min 40 sec)
Warmup finished CPU 3 instructions: 25000004 cycles: 10781763 cumulative IPC: 2.319 (Simulation time: 00 hr 23 min 41 sec)
Warmup finished CPU 4 instructions: 25000004 cycles: 10781964 cumulative IPC: 2.319 (Simulation time: 00 hr 23 min 41 sec)
Warmup finished CPU 5 instructions: 25000004 cycles: 10782189 cumulative IPC: 2.319 (Simulation time: 00 hr 23 min 41 sec)
Warmup finished CPU 6 instructions: 25000004 cycles: 10782381 cumulative IPC: 2.319 (Simulation time: 00 hr 23 min 41 sec)
Warmup finished CPU 7 instructions: 25000004 cycles: 10782541 cumulative IPC: 2.319 (Simulation time: 00 hr 23 min 41 sec)
Warmup complete CPU 7 instructions: 25000004 cycles: 10782541 cumulative IPC: 2.319 (Simulation time: 00 hr 23 min 41 sec)
Warmup complete CPU 6 instructions: 25000309 cycles: 10782541 cumulative IPC: 2.319 (Simulation time: 00 hr 23 min 41 sec)
Warmup complete CPU 5 instructions: 25000789 cycles: 10782541 cumulative IPC: 2.319 (Simulation time: 00 hr 23 min 41 sec)
Warmup complete CPU 4 instructions: 25001269 cycles: 10782541 cumulative IPC: 2.319 (Simulation time: 00 hr 23 min 41 sec)
Warmup complete CPU 3 instructions: 25001654 cycles: 10782541 cumulative IPC: 2.319 (Simulation time: 00 hr 23 min 41 sec)
Warmup complete CPU 2 instructions: 25002229 cycles: 10782541 cumulative IPC: 2.319 (Simulation time: 00 hr 23 min 41 sec)
Warmup complete CPU 1 instructions: 25003384 cycles: 10782541 cumulative IPC: 2.319 (Simulation time: 00 hr 23 min 41 sec)
Warmup complete CPU 0 instructions: 25006874 cycles: 10782541 cumulative IPC: 2.319 (Simulation time: 00 hr 23 min 41 sec)
Heartbeat CPU 2 instructions: 30000008 cycles: 30186169 heartbeat IPC: 0.4636 cumulative IPC: 0.2576 (Simulation time: 00 hr 43 min 37 sec)
Heartbeat CPU 3 instructions: 30000008 cycles: 30199557 heartbeat IPC: 0.4633 cumulative IPC: 0.2574 (Simulation time: 00 hr 43 min 38 sec)
Heartbeat CPU 0 instructions: 30000008 cycles: 30210105 heartbeat IPC: 0.463 cumulative IPC: 0.257 (Simulation time: 00 hr 43 min 39 sec)
Heartbeat CPU 6 instructions: 30000008 cycles: 30217133 heartbeat IPC: 0.4629 cumulative IPC: 0.2573 (Simulation time: 00 hr 43 min 39 sec)
Heartbeat CPU 4 instructions: 30000008 cycles: 30253185 heartbeat IPC: 0.4622 cumulative IPC: 0.2567 (Simulation time: 00 hr 43 min 41 sec)
Heartbeat CPU 1 instructions: 30000008 cycles: 30307183 heartbeat IPC: 0.461 cumulative IPC: 0.2559 (Simulation time: 00 hr 43 min 45 sec)
Heartbeat CPU 5 instructions: 30000008 cycles: 30309230 heartbeat IPC: 0.461 cumulative IPC: 0.256 (Simulation time: 00 hr 43 min 45 sec)
Heartbeat CPU 7 instructions: 30000008 cycles: 30368003 heartbeat IPC: 0.4597 cumulative IPC: 0.2553 (Simulation time: 00 hr 43 min 48 sec)
Heartbeat CPU 2 instructions: 40000008 cycles: 69431659 heartbeat IPC: 0.2548 cumulative IPC: 0.2557 (Simulation time: 01 hr 23 min 56 sec)
Heartbeat CPU 6 instructions: 40000008 cycles: 69438504 heartbeat IPC: 0.255 cumulative IPC: 0.2557 (Simulation time: 01 hr 23 min 56 sec)
Heartbeat CPU 1 instructions: 40000008 cycles: 69473281 heartbeat IPC: 0.2553 cumulative IPC: 0.2555 (Simulation time: 01 hr 23 min 58 sec)
Heartbeat CPU 5 instructions: 40000008 cycles: 69486751 heartbeat IPC: 0.2552 cumulative IPC: 0.2555 (Simulation time: 01 hr 23 min 59 sec)
Heartbeat CPU 0 instructions: 40000008 cycles: 69493123 heartbeat IPC: 0.2546 cumulative IPC: 0.2554 (Simulation time: 01 hr 24 min 00 sec)
Heartbeat CPU 3 instructions: 40000008 cycles: 69529852 heartbeat IPC: 0.2543 cumulative IPC: 0.2553 (Simulation time: 01 hr 24 min 02 sec)
Heartbeat CPU 7 instructions: 40000008 cycles: 69549336 heartbeat IPC: 0.2552 cumulative IPC: 0.2552 (Simulation time: 01 hr 24 min 03 sec)
Heartbeat CPU 4 instructions: 40000008 cycles: 69584508 heartbeat IPC: 0.2543 cumulative IPC: 0.2551 (Simulation time: 01 hr 24 min 05 sec)
Heartbeat CPU 5 instructions: 50000008 cycles: 108623138 heartbeat IPC: 0.2555 cumulative IPC: 0.2555 (Simulation time: 02 hr 04 min 16 sec)
Heartbeat CPU 7 instructions: 50000008 cycles: 108643326 heartbeat IPC: 0.2558 cumulative IPC: 0.2555 (Simulation time: 02 hr 04 min 17 sec)
Heartbeat CPU 0 instructions: 50000008 cycles: 108681570 heartbeat IPC: 0.2552 cumulative IPC: 0.2553 (Simulation time: 02 hr 04 min 19 sec)
Heartbeat CPU 3 instructions: 50000008 cycles: 108704786 heartbeat IPC: 0.2553 cumulative IPC: 0.2553 (Simulation time: 02 hr 04 min 21 sec)
Heartbeat CPU 6 instructions: 50000008 cycles: 108746967 heartbeat IPC: 0.2544 cumulative IPC: 0.2552 (Simulation time: 02 hr 04 min 23 sec)
Heartbeat CPU 1 instructions: 50000008 cycles: 108765473 heartbeat IPC: 0.2545 cumulative IPC: 0.2551 (Simulation time: 02 hr 04 min 24 sec)
Heartbeat CPU 4 instructions: 50000008 cycles: 108769903 heartbeat IPC: 0.2552 cumulative IPC: 0.2551 (Simulation time: 02 hr 04 min 25 sec)
Heartbeat CPU 2 instructions: 50000008slurmstepd: error: *** JOB 3599721 ON atl1-1-02-002-28-2 CANCELLED AT 2025-04-07T23:59:07 ***
---------------------------------------
Begin Slurm Epilog: Apr-07-2025 23:59:09
Job ID:        3599721
User ID:       svittal8
Account:       gts-mqureshi4-rg
Job name:      wrap
Resources:     cpu=1,mem=4G,node=1
Rsrc Used:     cput=04:35:15,vmem=0,walltime=04:35:15,mem=175192K,energy_used=0
Partition:     cpu-small
QOS:           inferno
Nodes:         atl1-1-02-002-28-2
---------------------------------------
