---------------------------------------
Begin Slurm Prolog: Apr-07-2025 19:23:52
Job ID:    3599722
User ID:   svittal8
Account:   gts-mqureshi4-rg
Job name:  wrap
Partition: cpu-small
QOS:       inferno
---------------------------------------
[VMEM] WARNING: physical memory size is smaller than virtual memory size.

*** ChampSim Multicore Out-of-Order Simulator ***
Warmup Instructions: 25000000
Simulation Instructions: 100000000
Number of CPUs: 8
Page size: 2097152

CL :	 16.64 ns
CWL :	 15.808 ns
tRP :	 16.224 ns
tRCD :	 16.224 ns
tRAS :	 32.032000000000004 ns
tRTP :	 7.904 ns
tWR :	 30.368000000000002 ns

tCCD_S :	 3.3280000000000003 ns
tCCD_S_WR :	 3.3280000000000003 ns
tCCD_S_WTR :	 22.048000000000002 ns
tCCD_L :	 5.408 ns
tCCD_L_WR :	 20.384 ns
tCCD_L_WTR :	 29.536 ns
tRRD_S :	 3.3280000000000003 ns
tRRD_L :	 5.408 ns
tFAW :	 13.728 ns
Address mapping (perm = 1) 	ch co bg bg bg ba ba co co co co co co ro ro ro ro ro ro ro ro ro ro ro ro ro ro ro 
dram queue size: R = 64 W = 48 (low:high is 9:39)
Heartbeat CPU 0 instructions: 10000003 cycles: 3116013 heartbeat IPC: 3.209 cumulative IPC: 3.209 (Simulation time: 00 hr 08 min 19 sec)
Heartbeat CPU 1 instructions: 10000003 cycles: 3132415 heartbeat IPC: 3.192 cumulative IPC: 3.192 (Simulation time: 00 hr 08 min 22 sec)
Heartbeat CPU 2 instructions: 10000003 cycles: 3152168 heartbeat IPC: 3.172 cumulative IPC: 3.172 (Simulation time: 00 hr 08 min 25 sec)
Heartbeat CPU 3 instructions: 10000003 cycles: 3162521 heartbeat IPC: 3.162 cumulative IPC: 3.162 (Simulation time: 00 hr 08 min 26 sec)
Heartbeat CPU 4 instructions: 10000003 cycles: 3170090 heartbeat IPC: 3.154 cumulative IPC: 3.154 (Simulation time: 00 hr 08 min 27 sec)
Heartbeat CPU 5 instructions: 10000003 cycles: 3175195 heartbeat IPC: 3.149 cumulative IPC: 3.149 (Simulation time: 00 hr 08 min 28 sec)
Heartbeat CPU 6 instructions: 10000003 cycles: 3179419 heartbeat IPC: 3.145 cumulative IPC: 3.145 (Simulation time: 00 hr 08 min 29 sec)
Heartbeat CPU 7 instructions: 10000003 cycles: 3182748 heartbeat IPC: 3.142 cumulative IPC: 3.142 (Simulation time: 00 hr 08 min 29 sec)
Heartbeat CPU 0 instructions: 20000004 cycles: 6200111 heartbeat IPC: 3.242 cumulative IPC: 3.226 (Simulation time: 00 hr 16 min 23 sec)
Heartbeat CPU 1 instructions: 20000004 cycles: 6205088 heartbeat IPC: 3.254 cumulative IPC: 3.223 (Simulation time: 00 hr 16 min 24 sec)
Heartbeat CPU 2 instructions: 20000004 cycles: 6234857 heartbeat IPC: 3.244 cumulative IPC: 3.208 (Simulation time: 00 hr 16 min 29 sec)
Heartbeat CPU 3 instructions: 20000003 cycles: 6251229 heartbeat IPC: 3.238 cumulative IPC: 3.199 (Simulation time: 00 hr 16 min 32 sec)
Heartbeat CPU 4 instructions: 20000003 cycles: 6270526 heartbeat IPC: 3.225 cumulative IPC: 3.19 (Simulation time: 00 hr 16 min 35 sec)
Heartbeat CPU 5 instructions: 20000004 cycles: 6285923 heartbeat IPC: 3.215 cumulative IPC: 3.182 (Simulation time: 00 hr 16 min 37 sec)
Heartbeat CPU 6 instructions: 20000003 cycles: 6292815 heartbeat IPC: 3.212 cumulative IPC: 3.178 (Simulation time: 00 hr 16 min 38 sec)
Heartbeat CPU 7 instructions: 20000004 cycles: 6302219 heartbeat IPC: 3.206 cumulative IPC: 3.173 (Simulation time: 00 hr 16 min 40 sec)
Warmup finished CPU 0 instructions: 25000001 cycles: 7683568 cumulative IPC: 3.254 (Simulation time: 00 hr 20 min 20 sec)
Warmup finished CPU 1 instructions: 25000000 cycles: 7695108 cumulative IPC: 3.249 (Simulation time: 00 hr 20 min 22 sec)
Warmup finished CPU 2 instructions: 25000000 cycles: 7717497 cumulative IPC: 3.239 (Simulation time: 00 hr 20 min 25 sec)
Warmup finished CPU 3 instructions: 25000001 cycles: 7736956 cumulative IPC: 3.231 (Simulation time: 00 hr 20 min 28 sec)
Warmup finished CPU 4 instructions: 25000002 cycles: 7752266 cumulative IPC: 3.225 (Simulation time: 00 hr 20 min 30 sec)
Warmup finished CPU 5 instructions: 25000003 cycles: 7765435 cumulative IPC: 3.219 (Simulation time: 00 hr 20 min 32 sec)
Warmup finished CPU 6 instructions: 25000003 cycles: 7774478 cumulative IPC: 3.216 (Simulation time: 00 hr 20 min 34 sec)
Warmup finished CPU 7 instructions: 25000002 cycles: 7782659 cumulative IPC: 3.212 (Simulation time: 00 hr 20 min 35 sec)
Warmup complete CPU 7 instructions: 25000002 cycles: 7782659 cumulative IPC: 3.212 (Simulation time: 00 hr 20 min 35 sec)
Warmup complete CPU 6 instructions: 25032727 cycles: 7782659 cumulative IPC: 3.216 (Simulation time: 00 hr 20 min 35 sec)
Warmup complete CPU 5 instructions: 25068899 cycles: 7782659 cumulative IPC: 3.221 (Simulation time: 00 hr 20 min 35 sec)
Warmup complete CPU 4 instructions: 25121547 cycles: 7782659 cumulative IPC: 3.228 (Simulation time: 00 hr 20 min 35 sec)
Warmup complete CPU 3 instructions: 25182771 cycles: 7782659 cumulative IPC: 3.236 (Simulation time: 00 hr 20 min 35 sec)
Warmup complete CPU 2 instructions: 25260648 cycles: 7782659 cumulative IPC: 3.246 (Simulation time: 00 hr 20 min 35 sec)
Warmup complete CPU 1 instructions: 25350192 cycles: 7782659 cumulative IPC: 3.257 (Simulation time: 00 hr 20 min 35 sec)
Warmup complete CPU 0 instructions: 25396365 cycles: 7782659 cumulative IPC: 3.263 (Simulation time: 00 hr 20 min 35 sec)
Heartbeat CPU 0 instructions: 30000007 cycles: 20919382 heartbeat IPC: 0.6794 cumulative IPC: 0.3504 (Simulation time: 00 hr 35 min 07 sec)
Heartbeat CPU 1 instructions: 30000004 cycles: 20936101 heartbeat IPC: 0.6788 cumulative IPC: 0.3535 (Simulation time: 00 hr 35 min 08 sec)
Heartbeat CPU 2 instructions: 30000004 cycles: 21177830 heartbeat IPC: 0.6692 cumulative IPC: 0.3538 (Simulation time: 00 hr 35 min 24 sec)
Heartbeat CPU 3 instructions: 30000004 cycles: 21383584 heartbeat IPC: 0.6608 cumulative IPC: 0.3542 (Simulation time: 00 hr 35 min 38 sec)
Heartbeat CPU 4 instructions: 30000003 cycles: 21547412 heartbeat IPC: 0.6546 cumulative IPC: 0.3544 (Simulation time: 00 hr 35 min 48 sec)
Heartbeat CPU 5 instructions: 30000007 cycles: 21686345 heartbeat IPC: 0.6493 cumulative IPC: 0.3547 (Simulation time: 00 hr 35 min 58 sec)
Heartbeat CPU 6 instructions: 30000004 cycles: 21769633 heartbeat IPC: 0.6461 cumulative IPC: 0.3551 (Simulation time: 00 hr 36 min 03 sec)
Heartbeat CPU 7 instructions: 30000007 cycles: 21854619 heartbeat IPC: 0.643 cumulative IPC: 0.3553 (Simulation time: 00 hr 36 min 09 sec)
Heartbeat CPU 1 instructions: 40000007 cycles: 48718042 heartbeat IPC: 0.3599 cumulative IPC: 0.3579 (Simulation time: 01 hr 05 min 44 sec)
Heartbeat CPU 0 instructions: 40000007 cycles: 48910817 heartbeat IPC: 0.3573 cumulative IPC: 0.3551 (Simulation time: 01 hr 05 min 56 sec)
Heartbeat CPU 2 instructions: 40000006 cycles: 48979555 heartbeat IPC: 0.3597 cumulative IPC: 0.3578 (Simulation time: 01 hr 06 min 01 sec)
Heartbeat CPU 3 instructions: 40000007 cycles: 49168573 heartbeat IPC: 0.3599 cumulative IPC: 0.358 (Simulation time: 01 hr 06 min 13 sec)
Heartbeat CPU 4 instructions: 40000003 cycles: 49361708 heartbeat IPC: 0.3595 cumulative IPC: 0.3578 (Simulation time: 01 hr 06 min 26 sec)
Heartbeat CPU 5 instructions: 40000007 cycles: 49551433 heartbeat IPC: 0.3589 cumulative IPC: 0.3575 (Simulation time: 01 hr 06 min 38 sec)
Heartbeat CPU 6 instructions: 40000007 cycles: 49598240 heartbeat IPC: 0.3593 cumulative IPC: 0.3579 (Simulation time: 01 hr 06 min 41 sec)
Heartbeat CPU 7 instructions: 40000007 cycles: 49713045 heartbeat IPC: 0.359 cumulative IPC: 0.3577 (Simulation time: 01 hr 06 min 49 sec)
Heartbeat CPU 1 instructions: 50000010 cycles: 76535947 heartbeat IPC: 0.3595 cumulative IPC: 0.3585 (Simulation time: 01 hr 36 min 25 sec)
Heartbeat CPU 2 instructions: 50000006 cycles: 76767841 heartbeat IPC: 0.3599 cumulative IPC: 0.3586 (Simulation time: 01 hr 36 min 40 sec)
Heartbeat CPU 0 instructions: 50000010 cycles: 76837220 heartbeat IPC: 0.3581 cumulative IPC: 0.3563 (Simulation time: 01 hr 36 min 45 sec)
Heartbeat CPU 3 instructions: 50000010 cycles: 76934432 heartbeat IPC: 0.3602 cumulative IPC: 0.3589 (Simulation time: 01 hr 36 min 51 sec)
Heartbeat CPU 4 instructions: 50000004 cycles: 77119117 heartbeat IPC: 0.3603 cumulative IPC: 0.3588 (Simulation time: 01 hr 37 min 04 sec)
Heartbeat CPU 5 instructions: 50000010 cycles: 77249723 heartbeat IPC: 0.361 cumulative IPC: 0.3589 (Simulation time: 01 hr 37 min 12 sec)
Heartbeat CPU 6 instructions: 50000010 cycles: 77351860 heartbeat IPC: 0.3603 cumulative IPC: 0.3589 (Simulation time: 01 hr 37 min 19 sec)
Heartbeat CPU 7 instructions: 50000010 cycles: 77465261 hearslurmstepd: error: *** JOB 3599722 ON atl1-1-02-002-28-2 CANCELLED AT 2025-04-07T23:59:07 ***
---------------------------------------
Begin Slurm Epilog: Apr-07-2025 23:59:09
Job ID:        3599722
User ID:       svittal8
Account:       gts-mqureshi4-rg
Job name:      wrap
Resources:     cpu=1,mem=4G,node=1
Rsrc Used:     cput=04:35:15,vmem=0,walltime=04:35:15,mem=175420K,energy_used=0
Partition:     cpu-small
QOS:           inferno
Nodes:         atl1-1-02-002-28-2
---------------------------------------
