---------------------------------------
Begin Slurm Prolog: Apr-07-2025 19:23:52
Job ID:    3599718
User ID:   svittal8
Account:   gts-mqureshi4-rg
Job name:  wrap
Partition: cpu-small
QOS:       inferno
---------------------------------------
[VMEM] WARNING: physical memory size is smaller than virtual memory size.

*** ChampSim Multicore Out-of-Order Simulator ***
Warmup Instructions: 25000000
Simulation Instructions: 100000000
Number of CPUs: 8
Page size: 2097152

CL :	 16.64 ns
CWL :	 15.808 ns
tRP :	 16.224 ns
tRCD :	 16.224 ns
tRAS :	 32.032000000000004 ns
tRTP :	 7.904 ns
tWR :	 30.368000000000002 ns

tCCD_S :	 3.3280000000000003 ns
tCCD_S_WR :	 3.3280000000000003 ns
tCCD_S_WTR :	 22.048000000000002 ns
tCCD_L :	 5.408 ns
tCCD_L_WR :	 20.384 ns
tCCD_L_WTR :	 29.536 ns
tRRD_S :	 3.3280000000000003 ns
tRRD_L :	 5.408 ns
tFAW :	 13.728 ns
Address mapping (perm = 1) 	ch co bg bg bg ba ba co co co co co co ro ro ro ro ro ro ro ro ro ro ro ro ro ro ro 
dram queue size: R = 64 W = 48 (low:high is 9:39)
Heartbeat CPU 7 instructions: 10000000 cycles: 2801096 heartbeat IPC: 3.57 cumulative IPC: 3.57 (Simulation time: 00 hr 07 min 20 sec)
Heartbeat CPU 0 instructions: 10000003 cycles: 2808746 heartbeat IPC: 3.56 cumulative IPC: 3.56 (Simulation time: 00 hr 07 min 22 sec)
Heartbeat CPU 1 instructions: 10000004 cycles: 2814593 heartbeat IPC: 3.553 cumulative IPC: 3.553 (Simulation time: 00 hr 07 min 23 sec)
Heartbeat CPU 2 instructions: 10000002 cycles: 2820202 heartbeat IPC: 3.546 cumulative IPC: 3.546 (Simulation time: 00 hr 07 min 24 sec)
Heartbeat CPU 3 instructions: 10000004 cycles: 2829529 heartbeat IPC: 3.534 cumulative IPC: 3.534 (Simulation time: 00 hr 07 min 25 sec)
Heartbeat CPU 4 instructions: 10000002 cycles: 2832138 heartbeat IPC: 3.531 cumulative IPC: 3.531 (Simulation time: 00 hr 07 min 25 sec)
Heartbeat CPU 5 instructions: 10000001 cycles: 2835427 heartbeat IPC: 3.527 cumulative IPC: 3.527 (Simulation time: 00 hr 07 min 26 sec)
Heartbeat CPU 6 instructions: 10000000 cycles: 2837380 heartbeat IPC: 3.524 cumulative IPC: 3.524 (Simulation time: 00 hr 07 min 26 sec)
Heartbeat CPU 7 instructions: 20000000 cycles: 5560574 heartbeat IPC: 3.624 cumulative IPC: 3.597 (Simulation time: 00 hr 14 min 40 sec)
Heartbeat CPU 0 instructions: 20000003 cycles: 5569939 heartbeat IPC: 3.622 cumulative IPC: 3.591 (Simulation time: 00 hr 14 min 42 sec)
Heartbeat CPU 1 instructions: 20000008 cycles: 5581716 heartbeat IPC: 3.614 cumulative IPC: 3.583 (Simulation time: 00 hr 14 min 43 sec)
Heartbeat CPU 2 instructions: 20000003 cycles: 5589981 heartbeat IPC: 3.61 cumulative IPC: 3.578 (Simulation time: 00 hr 14 min 45 sec)
Heartbeat CPU 3 instructions: 20000008 cycles: 5598684 heartbeat IPC: 3.611 cumulative IPC: 3.572 (Simulation time: 00 hr 14 min 46 sec)
Heartbeat CPU 4 instructions: 20000003 cycles: 5607172 heartbeat IPC: 3.604 cumulative IPC: 3.567 (Simulation time: 00 hr 14 min 48 sec)
Heartbeat CPU 5 instructions: 20000003 cycles: 5613591 heartbeat IPC: 3.6 cumulative IPC: 3.563 (Simulation time: 00 hr 14 min 49 sec)
Heartbeat CPU 6 instructions: 20000002 cycles: 5617151 heartbeat IPC: 3.597 cumulative IPC: 3.561 (Simulation time: 00 hr 14 min 49 sec)
Warmup finished CPU 7 instructions: 25000004 cycles: 6877551 cumulative IPC: 3.635 (Simulation time: 00 hr 18 min 07 sec)
Warmup finished CPU 0 instructions: 25000004 cycles: 6890585 cumulative IPC: 3.628 (Simulation time: 00 hr 18 min 10 sec)
Warmup finished CPU 1 instructions: 25000003 cycles: 6901823 cumulative IPC: 3.622 (Simulation time: 00 hr 18 min 11 sec)
Warmup finished CPU 2 instructions: 25000003 cycles: 6911384 cumulative IPC: 3.617 (Simulation time: 00 hr 18 min 13 sec)
Warmup finished CPU 3 instructions: 25000004 cycles: 6921774 cumulative IPC: 3.612 (Simulation time: 00 hr 18 min 15 sec)
Warmup finished CPU 4 instructions: 25000004 cycles: 6936318 cumulative IPC: 3.604 (Simulation time: 00 hr 18 min 17 sec)
Warmup finished CPU 5 instructions: 25000004 cycles: 6944040 cumulative IPC: 3.6 (Simulation time: 00 hr 18 min 18 sec)
Warmup finished CPU 6 instructions: 25000004 cycles: 6951384 cumulative IPC: 3.596 (Simulation time: 00 hr 18 min 20 sec)
Warmup complete CPU 7 instructions: 25266426 cycles: 6951384 cumulative IPC: 3.635 (Simulation time: 00 hr 18 min 20 sec)
Warmup complete CPU 6 instructions: 25000004 cycles: 6951384 cumulative IPC: 3.596 (Simulation time: 00 hr 18 min 20 sec)
Warmup complete CPU 5 instructions: 25023846 cycles: 6951384 cumulative IPC: 3.6 (Simulation time: 00 hr 18 min 20 sec)
Warmup complete CPU 4 instructions: 25047130 cycles: 6951384 cumulative IPC: 3.603 (Simulation time: 00 hr 18 min 20 sec)
Warmup complete CPU 3 instructions: 25091024 cycles: 6951384 cumulative IPC: 3.61 (Simulation time: 00 hr 18 min 20 sec)
Warmup complete CPU 2 instructions: 25126573 cycles: 6951384 cumulative IPC: 3.615 (Simulation time: 00 hr 18 min 20 sec)
Warmup complete CPU 1 instructions: 25159904 cycles: 6951384 cumulative IPC: 3.619 (Simulation time: 00 hr 18 min 20 sec)
Warmup complete CPU 0 instructions: 25210383 cycles: 6951384 cumulative IPC: 3.627 (Simulation time: 00 hr 18 min 20 sec)
Heartbeat CPU 7 instructions: 30000000 cycles: 20652164 heartbeat IPC: 0.6626 cumulative IPC: 0.3455 (Simulation time: 00 hr 34 min 00 sec)
Heartbeat CPU 0 instructions: 30000005 cycles: 20802892 heartbeat IPC: 0.6565 cumulative IPC: 0.3458 (Simulation time: 00 hr 34 min 11 sec)
Heartbeat CPU 1 instructions: 30000008 cycles: 20991653 heartbeat IPC: 0.6489 cumulative IPC: 0.3447 (Simulation time: 00 hr 34 min 23 sec)
Heartbeat CPU 2 instructions: 30000005 cycles: 21074822 heartbeat IPC: 0.6458 cumulative IPC: 0.3451 (Simulation time: 00 hr 34 min 29 sec)
Heartbeat CPU 3 instructions: 30000008 cycles: 21199715 heartbeat IPC: 0.641 cumulative IPC: 0.3445 (Simulation time: 00 hr 34 min 37 sec)
Heartbeat CPU 4 instructions: 30000003 cycles: 21338362 heartbeat IPC: 0.6357 cumulative IPC: 0.3443 (Simulation time: 00 hr 34 min 47 sec)
Heartbeat CPU 5 instructions: 30000003 cycles: 21426539 heartbeat IPC: 0.6324 cumulative IPC: 0.3438 (Simulation time: 00 hr 34 min 53 sec)
Heartbeat CPU 6 instructions: 30000003 cycles: 21502705 heartbeat IPC: 0.6295 cumulative IPC: 0.3436 (Simulation time: 00 hr 34 min 58 sec)
Heartbeat CPU 7 instructions: 40000002 cycles: 50188803 heartbeat IPC: 0.3386 cumulative IPC: 0.3408 (Simulation time: 01 hr 07 min 40 sec)
Heartbeat CPU 0 instructions: 40000005 cycles: 50231738 heartbeat IPC: 0.3398 cumulative IPC: 0.3417 (Simulation time: 01 hr 07 min 44 sec)
Heartbeat CPU 1 instructions: 40000009 cycles: 50395504 heartbeat IPC: 0.3401 cumulative IPC: 0.3416 (Simulation time: 01 hr 07 min 57 sec)
Heartbeat CPU 2 instructions: 40000005 cycles: 50413403 heartbeat IPC: 0.3408 cumulative IPC: 0.3422 (Simulation time: 01 hr 07 min 58 sec)
Heartbeat CPU 3 instructions: 40000009 cycles: 50635466 heartbeat IPC: 0.3397 cumulative IPC: 0.3413 (Simulation time: 01 hr 08 min 14 sec)
Heartbeat CPU 4 instructions: 40000003 cycles: 50683048 heartbeat IPC: 0.3408 cumulative IPC: 0.3419 (Simulation time: 01 hr 08 min 17 sec)
Heartbeat CPU 5 instructions: 40000003 cycles: 50819830 heartbeat IPC: 0.3402 cumulative IPC: 0.3414 (Simulation time: 01 hr 08 min 26 sec)
Heartbeat CPU 6 instructions: 40000003 cycles: 50923011 heartbeat IPC: 0.3399 cumulative IPC: 0.3411 (Simulation time: 01 hr 08 min 33 sec)
Heartbeat CPU 7 instructions: 50000003 cycles: 75327688 heartbeat IPC: 0.3978 cumulative IPC: 0.3617 (Simulation time: 01 hr 37 min 14 sec)
Heartbeat CPU 0 instructions: 50000008 cycles: 75350808 heartbeat IPC: 0.3981 cumulative IPC: 0.3624 (Simulation time: 01 hr 37 min 15 sec)
Heartbeat CPU 1 instructions: 50000013 cycles: 75420003 heartbeat IPC: 0.3996 cumulative IPC: 0.3628 (Simulation time: 01 hr 37 min 20 sec)
Heartbeat CPU 2 instructions: 50000008 cycles: 75536737 heartbeat IPC: 0.398 cumulative IPC: 0.3627 (Simulation time: 01 hr 37 min 28 sec)
Heartbeat CPU 4 instructions: 50000003 cycles: 75817041 heartbeat IPC: 0.3979 cumulative IPC: 0.3623 (Simulation time: 01 hr 37 min 47 sec)
Heartbeat CPU 3 instructions: 50000013 cycles: 75818341 heartbeat IPC: 0.3971 cumulative IPC: 0.3617 (Simulation time: 01 hr 37 min 47 sec)
Heartbeat CPU 5 instructions: 50000003 cycles: 75930456 heartbeat IPC: 0.3982 cumulative IPC: 0.3621 (Simulation time: 01 hr 37 min 55 sec)
Heartbeat CPU 6 instructions: 50000003 cycles: 76068308 heartbeat IPCslurmstepd: error: *** JOB 3599718 ON atl1-1-02-002-27-2 CANCELLED AT 2025-04-07T23:59:07 ***
---------------------------------------
Begin Slurm Epilog: Apr-07-2025 23:59:09
Job ID:        3599718
User ID:       svittal8
Account:       gts-mqureshi4-rg
Job name:      wrap
Resources:     cpu=1,mem=4G,node=1
Rsrc Used:     cput=04:35:15,vmem=0,walltime=04:35:15,mem=175128K,energy_used=0
Partition:     cpu-small
QOS:           inferno
Nodes:         atl1-1-02-002-27-2
---------------------------------------
