---------------------------------------
Begin Slurm Prolog: Apr-07-2025 19:23:52
Job ID:    3599717
User ID:   svittal8
Account:   gts-mqureshi4-rg
Job name:  wrap
Partition: cpu-small
QOS:       inferno
---------------------------------------
[VMEM] WARNING: physical memory size is smaller than virtual memory size.

*** ChampSim Multicore Out-of-Order Simulator ***
Warmup Instructions: 25000000
Simulation Instructions: 100000000
Number of CPUs: 8
Page size: 2097152

CL :	 16.64 ns
CWL :	 15.808 ns
tRP :	 16.224 ns
tRCD :	 16.224 ns
tRAS :	 32.032000000000004 ns
tRTP :	 7.904 ns
tWR :	 30.368000000000002 ns

tCCD_S :	 3.3280000000000003 ns
tCCD_S_WR :	 3.3280000000000003 ns
tCCD_S_WTR :	 22.048000000000002 ns
tCCD_L :	 5.408 ns
tCCD_L_WR :	 20.384 ns
tCCD_L_WTR :	 29.536 ns
tRRD_S :	 3.3280000000000003 ns
tRRD_L :	 5.408 ns
tFAW :	 13.728 ns
Address mapping (perm = 1) 	ch co bg bg bg ba ba co co co co co co ro ro ro ro ro ro ro ro ro ro ro ro ro ro ro 
dram queue size: R = 64 W = 48 (low:high is 9:39)
Heartbeat CPU 6 instructions: 10000000 cycles: 3010385 heartbeat IPC: 3.322 cumulative IPC: 3.322 (Simulation time: 00 hr 06 min 53 sec)
Heartbeat CPU 0 instructions: 10000001 cycles: 3117752 heartbeat IPC: 3.207 cumulative IPC: 3.207 (Simulation time: 00 hr 07 min 08 sec)
Heartbeat CPU 3 instructions: 10000001 cycles: 3171060 heartbeat IPC: 3.154 cumulative IPC: 3.154 (Simulation time: 00 hr 07 min 16 sec)
Heartbeat CPU 7 instructions: 10000000 cycles: 3661882 heartbeat IPC: 2.731 cumulative IPC: 2.731 (Simulation time: 00 hr 08 min 25 sec)
Heartbeat CPU 1 instructions: 10000000 cycles: 3705595 heartbeat IPC: 2.699 cumulative IPC: 2.699 (Simulation time: 00 hr 08 min 31 sec)
Heartbeat CPU 4 instructions: 10000000 cycles: 3746217 heartbeat IPC: 2.669 cumulative IPC: 2.669 (Simulation time: 00 hr 08 min 37 sec)
Heartbeat CPU 2 instructions: 10000000 cycles: 3799992 heartbeat IPC: 2.632 cumulative IPC: 2.632 (Simulation time: 00 hr 08 min 45 sec)
Heartbeat CPU 5 instructions: 10000000 cycles: 3840843 heartbeat IPC: 2.604 cumulative IPC: 2.604 (Simulation time: 00 hr 08 min 51 sec)
Heartbeat CPU 6 instructions: 20000003 cycles: 5919489 heartbeat IPC: 3.437 cumulative IPC: 3.379 (Simulation time: 00 hr 13 min 43 sec)
Heartbeat CPU 0 instructions: 20000001 cycles: 6003661 heartbeat IPC: 3.465 cumulative IPC: 3.331 (Simulation time: 00 hr 13 min 55 sec)
Heartbeat CPU 3 instructions: 20000003 cycles: 6052325 heartbeat IPC: 3.471 cumulative IPC: 3.305 (Simulation time: 00 hr 14 min 02 sec)
Heartbeat CPU 7 instructions: 20000001 cycles: 7258494 heartbeat IPC: 2.78 cumulative IPC: 2.755 (Simulation time: 00 hr 16 min 48 sec)
Warmup finished CPU 6 instructions: 25000003 cycles: 7319058 cumulative IPC: 3.416 (Simulation time: 00 hr 16 min 56 sec)
Heartbeat CPU 1 instructions: 20000001 cycles: 7381537 heartbeat IPC: 2.72 cumulative IPC: 2.709 (Simulation time: 00 hr 17 min 05 sec)
Heartbeat CPU 4 instructions: 20000001 cycles: 7396849 heartbeat IPC: 2.739 cumulative IPC: 2.704 (Simulation time: 00 hr 17 min 07 sec)
Heartbeat CPU 2 instructions: 20000001 cycles: 7433748 heartbeat IPC: 2.752 cumulative IPC: 2.69 (Simulation time: 00 hr 17 min 12 sec)
Heartbeat CPU 5 instructions: 20000001 cycles: 7494993 heartbeat IPC: 2.737 cumulative IPC: 2.668 (Simulation time: 00 hr 17 min 21 sec)
Warmup finished CPU 0 instructions: 25000003 cycles: 7680997 cumulative IPC: 3.255 (Simulation time: 00 hr 17 min 47 sec)
Warmup finished CPU 3 instructions: 25000003 cycles: 7798897 cumulative IPC: 3.206 (Simulation time: 00 hr 18 min 04 sec)
Heartbeat CPU 6 instructions: 30000003 cycles: 8649701 heartbeat IPC: 3.663 cumulative IPC: 3.468 (Simulation time: 00 hr 20 min 08 sec)
Warmup finished CPU 7 instructions: 25000002 cycles: 8894486 cumulative IPC: 2.811 (Simulation time: 00 hr 20 min 43 sec)
Warmup finished CPU 1 instructions: 25000003 cycles: 9035846 cumulative IPC: 2.767 (Simulation time: 00 hr 21 min 04 sec)
Heartbeat CPU 0 instructions: 30000003 cycles: 9124806 heartbeat IPC: 3.204 cumulative IPC: 3.288 (Simulation time: 00 hr 21 min 16 sec)
Warmup finished CPU 2 instructions: 25000004 cycles: 9161214 cumulative IPC: 2.729 (Simulation time: 00 hr 21 min 21 sec)
Warmup finished CPU 4 instructions: 25000001 cycles: 9213248 cumulative IPC: 2.713 (Simulation time: 00 hr 21 min 28 sec)
Heartbeat CPU 3 instructions: 30000003 cycles: 9224975 heartbeat IPC: 3.152 cumulative IPC: 3.252 (Simulation time: 00 hr 21 min 30 sec)
Warmup finished CPU 5 instructions: 25000002 cycles: 9290308 cumulative IPC: 2.691 (Simulation time: 00 hr 21 min 39 sec)
Warmup complete CPU 7 instructions: 26107462 cycles: 9290308 cumulative IPC: 2.81 (Simulation time: 00 hr 21 min 39 sec)
Warmup complete CPU 6 instructions: 32150375 cycles: 9290308 cumulative IPC: 3.461 (Simulation time: 00 hr 21 min 39 sec)
Warmup complete CPU 5 instructions: 25000002 cycles: 9290308 cumulative IPC: 2.691 (Simulation time: 00 hr 21 min 39 sec)
Warmup complete CPU 4 instructions: 25222797 cycles: 9290308 cumulative IPC: 2.715 (Simulation time: 00 hr 21 min 39 sec)
Warmup complete CPU 3 instructions: 30252999 cycles: 9290308 cumulative IPC: 3.256 (Simulation time: 00 hr 21 min 39 sec)
Warmup complete CPU 2 instructions: 25369185 cycles: 9290308 cumulative IPC: 2.731 (Simulation time: 00 hr 21 min 39 sec)
Warmup complete CPU 1 instructions: 25728303 cycles: 9290308 cumulative IPC: 2.769 (Simulation time: 00 hr 21 min 39 sec)
Warmup complete CPU 0 instructions: 30587704 cycles: 9290308 cumulative IPC: 3.292 (Simulation time: 00 hr 21 min 39 sec)
Heartbeat CPU 7 instructions: 30000005 cycles: 18764545 heartbeat IPC: 0.8691 cumulative IPC: 0.4109 (Simulation time: 00 hr 32 min 21 sec)
Heartbeat CPU 1 instructions: 30000005 cycles: 19144419 heartbeat IPC: 0.8501 cumulative IPC: 0.4335 (Simulation time: 00 hr 32 min 47 sec)
Heartbeat CPU 2 instructions: 30000005 cycles: 19812901 heartbeat IPC: 0.8078 cumulative IPC: 0.4401 (Simulation time: 00 hr 33 min 33 sec)
Heartbeat CPU 4 instructions: 30000005 cycles: 19970222 heartbeat IPC: 0.7953 cumulative IPC: 0.4473 (Simulation time: 00 hr 33 min 43 sec)
Heartbeat CPU 5 instructions: 30000005 cycles: 20292184 heartbeat IPC: 0.7814 cumulative IPC: 0.4545 (Simulation time: 00 hr 34 min 04 sec)
Heartbeat CPU 6 instructions: 40000004 cycles: 28525349 heartbeat IPC: 0.5031 cumulative IPC: 0.4081 (Simulation time: 00 hr 43 min 05 sec)
Heartbeat CPU 0 instructions: 40000004 cycles: 33996632 heartbeat IPC: 0.4021 cumulative IPC: 0.381 (Simulation time: 00 hr 49 min 02 sec)
Heartbeat CPU 3 instructions: 40000003 cycles: 34147012 heartbeat IPC: 0.4013 cumulative IPC: 0.3921 (Simulation time: 00 hr 49 min 13 sec)
Heartbeat CPU 7 instructions: 40000005 cycles: 44743222 heartbeat IPC: 0.3849 cumulative IPC: 0.3919 (Simulation time: 01 hr 00 min 59 sec)
Heartbeat CPU 1 instructions: 40000008 cycles: 45125401 heartbeat IPC: 0.3849 cumulative IPC: 0.3983 (Simulation time: 01 hr 01 min 26 sec)
Heartbeat CPU 2 instructions: 40000005 cycles: 46120965 heartbeat IPC: 0.3801 cumulative IPC: 0.3972 (Simulation time: 01 hr 02 min 35 sec)
Heartbeat CPU 4 instructions: 40000006 cycles: 46302395 heartbeat IPC: 0.3798 cumulative IPC: 0.3993 (Simulation time: 01 hr 02 min 47 sec)
Heartbeat CPU 5 instructions: 40000005 cycles: 46481912 heartbeat IPC: 0.3818 cumulative IPC: 0.4033 (Simulation time: 01 hr 02 min 59 sec)
Heartbeat CPU 6 instructions: 50000004 cycles: 55206203 heartbeat IPC: 0.3748 cumulative IPC: 0.3887 (Simulation time: 01 hr 12 min 30 sec)
Heartbeat CPU 0 instructions: 50000004 cycles: 61401736 heartbeat IPC: 0.3649 cumulative IPC: 0.3725 (Simulation time: 01 hr 19 min 12 sec)
Heartbeat CPU 3 instructions: 50000004 cycles: 61597131 heartbeat IPC: 0.3643 cumulative IPC: 0.3775 (Simulation time: 01 hr 19 min 24 sec)
Heartbeat CPU 7 instructions: 50000009 cycles: 72270854 heartbeat IPC: 0.3633 cumulative IPC: 0.3794 (Simulation time: 01 hr 31 min 06 sec)
Heartbeat CPU 1 instructions: 50000009 cycles: 72575486 heartbeat IPC: 0.3643 cumulative IPC: 0.3835 (Simulation time: 01 hr 31 min 26 sec)
Heartbeat CPU 2 instructions: 50000009 cycles: 73952054 heartbeat IPC: 0.3593 cumulative IPC: 0.3809 (Simulation time: 01 hr 33 min 00 sec)
Heartbeat CPU 4 instructions: 50000009 cycles: 74043475 heartbeat IPC: 0.3605 cumulative IPC: 0.3826 (Simulation time: 01 hr 33 min 06 sec)
Heartbeat CPU 5 instructions: 50000009 cycles: 74284726 heartbeat IPCslurmstepd: error: *** JOB 3599717 ON atl1-1-02-002-27-2 CANCELLED AT 2025-04-07T23:59:07 ***
---------------------------------------
Begin Slurm Epilog: Apr-07-2025 23:59:09
Job ID:        3599717
User ID:       svittal8
Account:       gts-mqureshi4-rg
Job name:      wrap
Resources:     cpu=1,mem=4G,node=1
Rsrc Used:     cput=04:35:15,vmem=0,walltime=04:35:15,mem=176300K,energy_used=0
Partition:     cpu-small
QOS:           inferno
Nodes:         atl1-1-02-002-27-2
---------------------------------------
